02-20 15:30:51.337  8263  8298 I TestRunner: started: testExplore(fr.free.nrw.commons.MainActivityTest)
02-20 15:30:51.346  8263  8295 D LeakCanary: LeakCanary is currently disabled: test class org.junit.Test was found in classpath.
02-20 15:30:51.370  8263  8298 W ActivityTestRule: getActivityIntent() returned null using default: Intent(Intent.ACTION_MAIN)
02-20 15:30:51.390   933   962 E ANDR-PERF-UTIL: Failed to update node /sys/class/mmc_host/mmc0/clk_scaling/enable with value 0
02-20 15:30:51.390   933   962 E ANDR-PERF-RESOURCEQS: Failed to apply optimization [11, 4]
02-20 15:30:51.393  8263  8263 W ActivityThread: handleWindowVisibility: no activity for token android.os.BinderProxy@e064cc
02-20 15:30:51.397  1465  1553 E system_server: Invalid ID 0x00000000.
02-20 15:30:51.413  8263  8263 D LifecycleMonitor: Lifecycle status change: fr.free.nrw.commons.auth.LoginActivity@94315 in: PRE_ON_CREATE
02-20 15:30:51.427  2701  2701 D ImageWallpaper: wallpaper visibility changes to: false
02-20 15:30:51.560  8263  8263 D LifecycleMonitor: Lifecycle status change: fr.free.nrw.commons.auth.LoginActivity@94315 in: CREATED
02-20 15:30:51.564  8263  8263 D LifecycleMonitor: Lifecycle status change: fr.free.nrw.commons.auth.LoginActivity@94315 in: STARTED
02-20 15:30:51.573  8263  8263 D LifecycleMonitor: Lifecycle status change: fr.free.nrw.commons.auth.LoginActivity@94315 in: RESUMED
02-20 15:30:51.606  8263  8318 I AdrenoGLES: QUALCOMM build                   : 033a5b0, I0e419467bc
02-20 15:30:51.606  8263  8318 I AdrenoGLES: Build Date                       : 03/11/20
02-20 15:30:51.606  8263  8318 I AdrenoGLES: OpenGL ES Shader Compiler Version: EV031.27.05.01
02-20 15:30:51.606  8263  8318 I AdrenoGLES: Local Branch                     :
02-20 15:30:51.606  8263  8318 I AdrenoGLES: Remote Branch                    : refs/tags/AU_LINUX_ANDROID_LA.UM.8.3.R1.10.00.00.520.058
02-20 15:30:51.606  8263  8318 I AdrenoGLES: Remote Branch                    : NONE
02-20 15:30:51.606  8263  8318 I AdrenoGLES: Reconstruct Branch               : NOTHING
02-20 15:30:51.606  8263  8318 I AdrenoGLES: Build Config                     : S P 8.0.11 AArch64
02-20 15:30:51.609  8263  8318 I AdrenoGLES: PFP: 0x016ee187, ME: 0x00000000
02-20 15:30:51.623   549   549 I hwservicemanager: getTransport: Cannot find entry android.hardware.graphics.mapper@3.0::IMapper/default in either framework or device manifest.
02-20 15:30:51.623  8263  8318 W Gralloc3: mapper 3.x is not supported
02-20 15:30:51.696  1465  1619 I ActivityTaskManager: Displayed fr.free.nrw.commons.beta/fr.free.nrw.commons.auth.LoginActivity: +321ms
02-20 15:30:51.746  8263  8298 I GrantPermissionCallable: Permission: android.permission.ACCESS_FINE_LOCATION is already granted!
02-20 15:30:52.219  8263  8298 D UITestHelper$Companion: Sleeping for 3000
02-20 15:30:52.840  8263  8296 D LeakCanary: Setting up flushing for Thread[LeakCanary-Heap-Dump,5,main]
02-20 15:30:52.845  8263  8296 D LeakCanary: Setting up flushing for Thread[queued-work-looper,5,main]
02-20 15:30:52.845  8263  8296 D LeakCanary: Setting up flushing for Thread[InstrumentationConnectionThread,5,main]
02-20 15:30:52.846  8263  8296 D LeakCanary: Setting up flushing for Thread[UiAutomation,5,main]
02-20 15:30:52.846  8263  8296 D LeakCanary: Setting up flushing for Thread[magnifier pixel copy result handler,5,main]
02-20 15:30:54.405 31976 31976 D BoundBrokerSvc: onUnbind: Intent { act=com.google.android.gms.people.contactssync.service.START dat=chimera-action: cmp=com.google.android.gms/.chimera.GmsBoundBrokerService }
02-20 15:30:55.274  8263  8298 W FileTestStorage: Output properties is not supported.
02-20 15:30:55.276  8263  8298 I Tracing : Tracer added: class androidx.test.platform.tracing.AndroidXTracer
02-20 15:30:55.290  8263  8298 D EventInjectionStrategy: Creating injection strategy with input manager.
02-20 15:30:55.333  8263  8298 W FileTestStorage: Test input args is not supported.
02-20 15:30:55.378  8263  8263 I ViewInteraction: Performing 'replace text(Eulerhm1980)' action on view view.getId() is <2131296724/fr.free.nrw.commons.beta:id/login_username>
02-20 15:30:55.399  8263  8263 I ViewInteraction: Performing 'close keyboard' action on view view.getId() is <2131296724/fr.free.nrw.commons.beta:id/login_username>
02-20 15:30:55.400  8263  8263 D IdlingRegistry: Registering idling resources: [androidx.test.espresso.action.CloseKeyboardAction$CloseKeyboardIdlingResult@f04ba3f]
02-20 15:30:55.401  8263  8263 W CloseKeyboardAction: Attempting to close soft keyboard, while it is not shown.
02-20 15:30:55.401  8263  8263 D IdlingRegistry: Unregistering idling resources: [androidx.test.espresso.action.CloseKeyboardAction$CloseKeyboardIdlingResult@f04ba3f]
02-20 15:30:55.403  8263  8298 D UITestHelper$Companion: Sleeping for 2000
02-20 15:30:57.073  8263  8334 D ProfileInstaller: Installing profile for fr.free.nrw.commons.beta
02-20 15:30:57.171 27189 27189 I Finsky  : [2] abor.onStartJob(128): SCH: job service start with id 9590.
02-20 15:30:57.184 27189  8098 I Finsky  : [465] aagn.a(351): SCH: Satisfied jobs for 9590 are: 12-1
02-20 15:30:57.189 27189  8335 I Finsky  : [470] abmz.accept(518): SCH: Job 12-1 starting
02-20 15:30:57.190 27189 27189 I Finsky  : [2] ContentSyncJob.w(14): [ContentSync] job started
02-20 15:30:57.284 31976 31976 D BoundBrokerSvc: onUnbind: Intent { act=com.google.android.gms.feedback.internal.IFeedbackService dat=chimera-action: cmp=com.google.android.gms/.chimera.GmsBoundBrokerService }
02-20 15:30:57.398 27189  8338 I Finsky  : [473] ktk.f(41): Completed 0 account content syncs with 0 successful.
02-20 15:30:57.399 27189 27189 I Finsky  : [2] ContentSyncJob.a(14): [ContentSync] Installation state replication succeeded.
02-20 15:30:57.399 27189 27189 I Finsky  : [2] abna.r(83): SCH: jobFinished: 12-1. TimeElapsed: 210ms.
02-20 15:30:57.412  8263  8263 I ViewInteraction: Performing 'replace text($snorks$)' action on view view.getId() is <2131296722/fr.free.nrw.commons.beta:id/login_password>
02-20 15:30:57.421 27189 27676 I Finsky  : [219] ota.accept(61): SCH: Scheduling phonesky job Id: 1-1337, CT: 1708448378409, Constraints: [{ L: 30848348, D: 74048348, C: 1, I: 1, N: 1 }]
02-20 15:30:57.421 27189 27676 I Finsky  : [219] ota.accept(61): SCH: Scheduling phonesky job Id: 34-1371, CT: 1708448408904, Constraints: [{ L: 79199884, D: 1375199884, C: 1, I: 1, N: 1 }]
02-20 15:30:57.430 27189 27663 I Finsky  : [207] kmr.apply(332): SCH: Scheduling 1 system job(s)
02-20 15:30:57.431 27189 27663 I Finsky  : [207] abmv.d(263): SCH: Scheduling system job Id: 9594, L: 25369327, D: 68569327, C: false, I: false, N: 1
02-20 15:30:57.440 27189  8335 I Finsky  : [470] abor.a(26): SCH: job service finished with id 9590.
02-20 15:30:57.460  8263  8263 I ViewInteraction: Performing 'close keyboard' action on view view.getId() is <2131296722/fr.free.nrw.commons.beta:id/login_password>
02-20 15:30:57.460  8263  8263 D IdlingRegistry: Registering idling resources: [androidx.test.espresso.action.CloseKeyboardAction$CloseKeyboardIdlingResult@6a9450d]
02-20 15:30:57.461  8263  8263 W CloseKeyboardAction: Attempting to close soft keyboard, while it is not shown.
02-20 15:30:57.461  8263  8263 D IdlingRegistry: Unregistering idling resources: [androidx.test.espresso.action.CloseKeyboardAction$CloseKeyboardIdlingResult@6a9450d]
02-20 15:30:57.463  8263  8298 D UITestHelper$Companion: Sleeping for 2000
02-20 15:30:58.275   759  3741 I netd    : trafficSwapActiveStatsMap() <1.67ms>
02-20 15:30:58.280   759  3741 I netd    : tetherGetStats() <1.97ms>
02-20 15:30:59.505  8263  8263 I ViewInteraction: Performing 'single click' action on view view.getId() is <2131296720/fr.free.nrw.commons.beta:id/login_button>
02-20 15:30:59.528  1465  2569 E LightsService: Light requested not available on this device. 2
02-20 15:30:59.590  8263  8263 D LoginActivity: Login to start!
02-20 15:30:59.682  8263  8343 I okhttp.OkHttpClient: --> GET https://commons.wikimedia.beta.wmflabs.org/w/api.php?format=json&formatversion=2&errorformat=plaintext&action=query&meta=tokens&type=login
02-20 15:30:59.719   759  8344 E ResolverController: No valid NAT64 prefix (104, <unspecified>/0)
02-20 15:30:59.956  8263  8298 D UITestHelper$Companion: Sleeping for 10000
02-20 15:31:02.644  8263  8343 I okhttp.OkHttpClient: <-- 200 https://commons.wikimedia.beta.wmflabs.org/w/api.php?format=json&formatversion=2&errorformat=plaintext&action=query&meta=tokens&type=login (2962ms, 102-byte body)
02-20 15:31:02.658  8263  8343 I okhttp.OkHttpClient: --> POST https://commons.wikimedia.beta.wmflabs.org/w/api.php?format=json&formatversion=2&errorformat=plaintext&action=clientlogin&rememberMe= (157-byte body)
02-20 15:31:03.138  8263  8343 I okhttp.OkHttpClient: <-- 200 https://commons.wikimedia.beta.wmflabs.org/w/api.php?format=json&formatversion=2&errorformat=plaintext&action=clientlogin&rememberMe= (479ms, 159-byte body)
02-20 15:31:03.144  8263  8263 E LoginActivity: fr.free.nrw.commons.auth.login.LoginFailedException: Incorrect username or password entered.
02-20 15:31:03.144  8263  8263 E LoginActivity: Please try again.
02-20 15:31:03.144  8263  8263 E LoginActivity: 	at fr.free.nrw.commons.auth.login.LoginClient$login$1.onResponse(LoginClient.kt:93)
02-20 15:31:03.144  8263  8263 E LoginActivity: 	at retrofit2.DefaultCallAdapterFactory$ExecutorCallbackCall$1.lambda$onResponse$0$retrofit2-DefaultCallAdapterFactory$ExecutorCallbackCall$1(DefaultCallAdapterFactory.java:82)
02-20 15:31:03.144  8263  8263 E LoginActivity: 	at retrofit2.DefaultCallAdapterFactory$ExecutorCallbackCall$1$$ExternalSyntheticLambda0.run(Unknown Source:6)
02-20 15:31:03.144  8263  8263 E LoginActivity: 	at android.os.Handler.handleCallback(Handler.java:883)
02-20 15:31:03.144  8263  8263 E LoginActivity: 	at android.os.Handler.dispatchMessage(Handler.java:100)
02-20 15:31:03.144  8263  8263 E LoginActivity: 	at android.os.Looper.loop(Looper.java:214)
02-20 15:31:03.144  8263  8263 E LoginActivity: 	at android.app.ActivityThread.main(ActivityThread.java:7356)
02-20 15:31:03.144  8263  8263 E LoginActivity: 	at java.lang.reflect.Method.invoke(Native Method)
02-20 15:31:03.144  8263  8263 E LoginActivity: 	at com.android.internal.os.RuntimeInit$MethodAndArgsCaller.run(RuntimeInit.java:491)
02-20 15:31:03.144  8263  8263 E LoginActivity: 	at com.android.internal.os.ZygoteInit.main(ZygoteInit.java:940)
02-20 15:31:03.160  1465  2723 E InputDispatcher: Window handle Window{711e7d7 u0 Logging in} has no registered input channel
02-20 15:31:05.020  1465  1637 E LightsService: Light requested not available on this device. 2
02-20 15:31:05.236  3181  3181 W adbd    : timeout expired while flushing socket, closing
02-20 15:31:10.011  8263  8263 D takeScreenshot: Found 1 global views to redraw
02-20 15:31:10.055   549   549 I hwservicemanager: getTransport: Cannot find entry android.hardware.graphics.mapper@3.0::IMapper/default in either framework or device manifest.
02-20 15:31:10.055  8250  8262 W Gralloc3: mapper 3.x is not supported
02-20 15:31:10.113  8250  8352 D libEGL  : loaded /vendor/lib64/egl/libEGL_adreno.so
02-20 15:31:10.129  8250  8352 D libEGL  : loaded /vendor/lib64/egl/libGLESv1_CM_adreno.so
02-20 15:31:10.136  8250  8352 D libEGL  : loaded /vendor/lib64/egl/libGLESv2_adreno.so
02-20 15:31:10.164  8250  8352 I AdrenoGLES: QUALCOMM build                   : 033a5b0, I0e419467bc
02-20 15:31:10.164  8250  8352 I AdrenoGLES: Build Date                       : 03/11/20
02-20 15:31:10.164  8250  8352 I AdrenoGLES: OpenGL ES Shader Compiler Version: EV031.27.05.01
02-20 15:31:10.164  8250  8352 I AdrenoGLES: Local Branch                     :
02-20 15:31:10.164  8250  8352 I AdrenoGLES: Remote Branch                    : refs/tags/AU_LINUX_ANDROID_LA.UM.8.3.R1.10.00.00.520.058
02-20 15:31:10.164  8250  8352 I AdrenoGLES: Remote Branch                    : NONE
02-20 15:31:10.164  8250  8352 I AdrenoGLES: Reconstruct Branch               : NOTHING
02-20 15:31:10.164  8250  8352 I AdrenoGLES: Build Config                     : S P 8.0.11 AArch64
02-20 15:31:10.168  8250  8352 I AdrenoGLES: PFP: 0x016ee187, ME: 0x00000000
02-20 15:31:10.283  8263  8298 W DefaultFailureHandler: Failed to take screenshot
02-20 15:31:10.283  8263  8298 W DefaultFailureHandler: java.io.FileNotFoundException: view-op-error-1.png: open failed: EROFS (Read-only file system)
02-20 15:31:10.283  8263  8298 W DefaultFailureHandler: 	at libcore.io.IoBridge.open(IoBridge.java:496)
02-20 15:31:10.283  8263  8298 W DefaultFailureHandler: 	at java.io.FileOutputStream.<init>(FileOutputStream.java:235)
02-20 15:31:10.283  8263  8298 W DefaultFailureHandler: 	at java.io.FileOutputStream.<init>(FileOutputStream.java:125)
02-20 15:31:10.283  8263  8298 W DefaultFailureHandler: 	at androidx.test.platform.io.FileTestStorage.openOutputFile(FileTestStorage.java:60)
02-20 15:31:10.283  8263  8298 W DefaultFailureHandler: 	at androidx.test.core.graphics.BitmapStorage.writeToTestStorage(BitmapStorageExt.kt:49)
02-20 15:31:10.283  8263  8298 W DefaultFailureHandler: 	at androidx.test.espresso.base.DefaultFailureHandler.takeScreenshot(DefaultFailureHandler.java:3)
02-20 15:31:10.283  8263  8298 W DefaultFailureHandler: 	at androidx.test.espresso.base.DefaultFailureHandler.handle(DefaultFailureHandler.java:3)
02-20 15:31:10.283  8263  8298 W DefaultFailureHandler: 	at androidx.test.espresso.ViewInteraction.waitForAndHandleInteractionResults(ViewInteraction.java:8)
02-20 15:31:10.283  8263  8298 W DefaultFailureHandler: 	at androidx.test.espresso.ViewInteraction.desugaredPerform(ViewInteraction.java:11)
02-20 15:31:10.283  8263  8298 W DefaultFailureHandler: 	at androidx.test.espresso.ViewInteraction.perform(ViewInteraction.java:8)
02-20 15:31:10.283  8263  8298 W DefaultFailureHandler: 	at fr.free.nrw.commons.UITestHelper$Companion.skipWelcome(UITestHelper.kt:22)
02-20 15:31:10.283  8263  8298 W DefaultFailureHandler: 	at fr.free.nrw.commons.MainActivityTest.setup(MainActivityTest.kt:49)
02-20 15:31:10.283  8263  8298 W DefaultFailureHandler: 	at java.lang.reflect.Method.invoke(Native Method)
02-20 15:31:10.283  8263  8298 W DefaultFailureHandler: 	at org.junit.runners.model.FrameworkMethod$1.runReflectiveCall(FrameworkMethod.java:59)
02-20 15:31:10.283  8263  8298 W DefaultFailureHandler: 	at org.junit.internal.runners.model.ReflectiveCallable.run(ReflectiveCallable.java:12)
02-20 15:31:10.283  8263  8298 W DefaultFailureHandler: 	at org.junit.runners.model.FrameworkMethod.invokeExplosively(FrameworkMethod.java:56)
02-20 15:31:10.283  8263  8298 W DefaultFailureHandler: 	at androidx.test.internal.runner.junit4.statement.RunBefores.evaluate(RunBefores.java:76)
02-20 15:31:10.283  8263  8298 W DefaultFailureHandler: 	at androidx.test.internal.runner.junit4.statement.RunAfters.evaluate(RunAfters.java:61)
02-20 15:31:10.283  8263  8298 W DefaultFailureHandler: 	at androidx.test.rule.GrantPermissionRule$RequestPermissionStatement.evaluate(GrantPermissionRule.java:140)
02-20 15:31:10.283  8263  8298 W DefaultFailureHandler: 	at androidx.test.rule.ActivityTestRule$ActivityStatement.evaluate(ActivityTestRule.java:543)
02-20 15:31:10.283  8263  8298 W DefaultFailureHandler: 	at org.junit.runners.ParentRunner$3.evaluate(ParentRunner.java:306)
02-20 15:31:10.283  8263  8298 W DefaultFailureHandler: 	at org.junit.runners.BlockJUnit4ClassRunner$1.evaluate(BlockJUnit4ClassRunner.java:100)
02-20 15:31:10.283  8263  8298 W DefaultFailureHandler: 	at org.junit.runners.ParentRunner.runLeaf(ParentRunner.java:366)
02-20 15:31:10.283  8263  8298 W DefaultFailureHandler: 	at org.junit.runners.BlockJUnit4ClassRunner.runChild(BlockJUnit4ClassRunner.java:103)
02-20 15:31:10.283  8263  8298 W DefaultFailureHandler: 	at org.junit.runners.BlockJUnit4ClassRunner.runChild(BlockJUnit4ClassRunner.java:63)
02-20 15:31:10.283  8263  8298 W DefaultFailureHandler: 	at org.junit.runners.ParentRunner$4.run(ParentRunner.java:331)
02-20 15:31:10.283  8263  8298 W DefaultFailureHandler: 	at org.junit.runners.ParentRunner$1.schedule(ParentRunner.java:79)
02-20 15:31:10.283  8263  8298 W DefaultFailureHandler: 	at org.junit.runners.ParentRunner.runChildren(ParentRunner.java:329)
02-20 15:31:10.283  8263  8298 W DefaultFailureHandler: 	at org.junit.runners.ParentRunner.access$100(ParentRunner.java:66)
02-20 15:31:10.283  8263  8298 W DefaultFailureHandler: 	at org.junit.runners.ParentRunner$2.evaluate(ParentRunner.java:293)
02-20 15:31:10.283  8263  8298 W DefaultFailureHandler: 	at org.junit.runners.ParentRunner$3.evaluate(ParentRunner.java:306)
02-20 15:31:10.283  8263  8298 W DefaultFailureHandler: 	at org.junit.runners.ParentRunner.run(ParentRunner.java:413)
02-20 15:31:10.283  8263  8298 W DefaultFailureHandler: 	at androidx.test.ext.junit.runners.AndroidJUnit4.run(AndroidJUnit4.java:162)
02-20 15:31:10.283  8263  8298 W DefaultFailureHandler: 	at org.junit.runners.Suite.runChild(Suite.java:128)
02-20 15:31:10.283  8263  8298 W DefaultFailureHandler: 	at org.junit.runners.Suite.runChild(Suite.java:27)
02-20 15:31:10.283  8263  8298 W DefaultFailureHandler: 	at org.junit.runners.ParentRunner$4.run(ParentRunner.java:331)
02-20 15:31:10.283  8263  8298 W DefaultFailureHandler: 	at org.junit.runners.ParentRunner$1.schedule(ParentRunner.java:79)
02-20 15:31:10.283  8263  8298 W DefaultFailureHandler: 	at org.junit.runners.ParentRunner.runChildren(ParentRunner.java:329)
02-20 15:31:10.283  8263  8298 W DefaultFailureHandler: 	at org.junit.runners.ParentRunner.access$100(ParentRunner.java:66)
02-20 15:31:10.283  8263  8298 W DefaultFailureHandler: 	at org.junit.runners.ParentRunner$2.evaluate(ParentRunner.java:293)
02-20 15:31:10.283  8263  8298 W DefaultFailureHandler: 	at org.junit.runners.ParentRunner$3.evaluate(ParentRunner.java:306)
02-20 15:31:10.283  8263  8298 W DefaultFailureHandler: 	at org.junit.runners.ParentRunner.run(ParentRunner.java:413)
02-20 15:31:10.283  8263  8298 W DefaultFailureHandler: 	at org.junit.runner.JUnitCore.run(JUnitCore.java:137)
02-20 15:31:10.283  8263  8298 W DefaultFailureHandler: 	at org.junit.runner.JUnitCore.run(JUnitCore.java:115)
02-20 15:31:10.283  8263  8298 W DefaultFailureHandler: 	at androidx.test.internal.runner.TestExecutor.execute(TestExecutor.java:67)
02-20 15:31:10.283  8263  8298 W DefaultFailureHandler: 	at androidx.test.internal.runner.TestExecutor.execute(TestExecutor.java:58)
02-20 15:31:10.283  8263  8298 W DefaultFailureHandler: 	at androidx.test.runner.AndroidJUnitRunner.onStart(AndroidJUnitRunner.java:438)
02-20 15:31:10.283  8263  8298 W DefaultFailureHandler: 	at android.app.Instrumentation$InstrumentationThread.run(Instrumentation.java:2196)
02-20 15:31:10.283  8263  8298 W DefaultFailureHandler: Caused by: android.system.ErrnoException: open failed: EROFS (Read-only file system)
02-20 15:31:10.283  8263  8298 W DefaultFailureHandler: 	at libcore.io.Linux.open(Native Method)
02-20 15:31:10.283  8263  8298 W DefaultFailureHandler: 	at libcore.io.ForwardingOs.open(ForwardingOs.java:167)
02-20 15:31:10.283  8263  8298 W DefaultFailureHandler: 	at libcore.io.BlockGuardOs.open(BlockGuardOs.java:252)
02-20 15:31:10.283  8263  8298 W DefaultFailureHandler: 	at libcore.io.ForwardingOs.open(ForwardingOs.java:167)
02-20 15:31:10.283  8263  8298 W DefaultFailureHandler: 	at android.app.ActivityThread$AndroidOs.open(ActivityThread.java:7255)
02-20 15:31:10.283  8263  8298 W DefaultFailureHandler: 	at libcore.io.IoBridge.open(IoBridge.java:482)
02-20 15:31:10.283  8263  8298 W DefaultFailureHandler: 	... 47 more
02-20 15:31:10.307  8263  8298 W ViewHierarchyExceptionHandler: Failed to save the view hierarchy to file view-hierarchy-1.txt
02-20 15:31:10.307  8263  8298 W ViewHierarchyExceptionHandler: java.io.FileNotFoundException: view-hierarchy-1.txt: open failed: EROFS (Read-only file system)
02-20 15:31:10.307  8263  8298 W ViewHierarchyExceptionHandler: 	at libcore.io.IoBridge.open(IoBridge.java:496)
02-20 15:31:10.307  8263  8298 W ViewHierarchyExceptionHandler: 	at java.io.FileOutputStream.<init>(FileOutputStream.java:235)
02-20 15:31:10.307  8263  8298 W ViewHierarchyExceptionHandler: 	at java.io.FileOutputStream.<init>(FileOutputStream.java:125)
02-20 15:31:10.307  8263  8298 W ViewHierarchyExceptionHandler: 	at androidx.test.platform.io.FileTestStorage.openOutputFile(FileTestStorage.java:60)
02-20 15:31:10.307  8263  8298 W ViewHierarchyExceptionHandler: 	at androidx.test.espresso.base.ViewHierarchyExceptionHandler.addOutputFile(ViewHierarchyExceptionHandler.java:1)
02-20 15:31:10.307  8263  8298 W ViewHierarchyExceptionHandler: 	at androidx.test.espresso.base.ViewHierarchyExceptionHandler.dumpFullViewHierarchyToFile(ViewHierarchyExceptionHandler.java:5)
02-20 15:31:10.307  8263  8298 W ViewHierarchyExceptionHandler: 	at androidx.test.espresso.base.ViewHierarchyExceptionHandler.handleSafely(ViewHierarchyExceptionHandler.java:2)
02-20 15:31:10.307  8263  8298 W ViewHierarchyExceptionHandler: 	at androidx.test.espresso.base.ViewHierarchyExceptionHandler.handleSafely(ViewHierarchyExceptionHandler.java:1)
02-20 15:31:10.307  8263  8298 W ViewHierarchyExceptionHandler: 	at androidx.test.espresso.base.DefaultFailureHandler$TypedFailureHandler.handle(DefaultFailureHandler.java:4)
02-20 15:31:10.307  8263  8298 W ViewHierarchyExceptionHandler: 	at androidx.test.espresso.base.DefaultFailureHandler.handle(DefaultFailureHandler.java:5)
02-20 15:31:10.307  8263  8298 W ViewHierarchyExceptionHandler: 	at androidx.test.espresso.ViewInteraction.waitForAndHandleInteractionResults(ViewInteraction.java:8)
02-20 15:31:10.307  8263  8298 W ViewHierarchyExceptionHandler: 	at androidx.test.espresso.ViewInteraction.desugaredPerform(ViewInteraction.java:11)
02-20 15:31:10.307  8263  8298 W ViewHierarchyExceptionHandler: 	at androidx.test.espresso.ViewInteraction.perform(ViewInteraction.java:8)
02-20 15:31:10.307  8263  8298 W ViewHierarchyExceptionHandler: 	at fr.free.nrw.commons.UITestHelper$Companion.skipWelcome(UITestHelper.kt:22)
02-20 15:31:10.307  8263  8298 W ViewHierarchyExceptionHandler: 	at fr.free.nrw.commons.MainActivityTest.setup(MainActivityTest.kt:49)
02-20 15:31:10.307  8263  8298 W ViewHierarchyExceptionHandler: 	at java.lang.reflect.Method.invoke(Native Method)
02-20 15:31:10.307  8263  8298 W ViewHierarchyExceptionHandler: 	at org.junit.runners.model.FrameworkMethod$1.runReflectiveCall(FrameworkMethod.java:59)
02-20 15:31:10.307  8263  8298 W ViewHierarchyExceptionHandler: 	at org.junit.internal.runners.model.ReflectiveCallable.run(ReflectiveCallable.java:12)
02-20 15:31:10.307  8263  8298 W ViewHierarchyExceptionHandler: 	at org.junit.runners.model.FrameworkMethod.invokeExplosively(FrameworkMethod.java:56)
02-20 15:31:10.307  8263  8298 W ViewHierarchyExceptionHandler: 	at androidx.test.internal.runner.junit4.statement.RunBefores.evaluate(RunBefores.java:76)
02-20 15:31:10.307  8263  8298 W ViewHierarchyExceptionHandler: 	at androidx.test.internal.runner.junit4.statement.RunAfters.evaluate(RunAfters.java:61)
02-20 15:31:10.307  8263  8298 W ViewHierarchyExceptionHandler: 	at androidx.test.rule.GrantPermissionRule$RequestPermissionStatement.evaluate(GrantPermissionRule.java:140)
02-20 15:31:10.307  8263  8298 W ViewHierarchyExceptionHandler: 	at androidx.test.rule.ActivityTestRule$ActivityStatement.evaluate(ActivityTestRule.java:543)
02-20 15:31:10.307  8263  8298 W ViewHierarchyExceptionHandler: 	at org.junit.runners.ParentRunner$3.evaluate(ParentRunner.java:306)
02-20 15:31:10.307  8263  8298 W ViewHierarchyExceptionHandler: 	at org.junit.runners.BlockJUnit4ClassRunner$1.evaluate(BlockJUnit4ClassRunner.java:100)
02-20 15:31:10.307  8263  8298 W ViewHierarchyExceptionHandler: 	at org.junit.runners.ParentRunner.runLeaf(ParentRunner.java:366)
02-20 15:31:10.307  8263  8298 W ViewHierarchyExceptionHandler: 	at org.junit.runners.BlockJUnit4ClassRunner.runChild(BlockJUnit4ClassRunner.java:103)
02-20 15:31:10.307  8263  8298 W ViewHierarchyExceptionHandler: 	at org.junit.runners.BlockJUnit4ClassRunner.runChild(BlockJUnit4ClassRunner.java:63)
02-20 15:31:10.307  8263  8298 W ViewHierarchyExceptionHandler: 	at org.junit.runners.ParentRunner$4.run(ParentRunner.java:331)
02-20 15:31:10.307  8263  8298 W ViewHierarchyExceptionHandler: 	at org.junit.runners.ParentRunner$1.schedule(ParentRunner.java:79)
02-20 15:31:10.307  8263  8298 W ViewHierarchyExceptionHandler: 	at org.junit.runners.ParentRunner.runChildren(ParentRunner.java:329)
02-20 15:31:10.307  8263  8298 W ViewHierarchyExceptionHandler: 	at org.junit.runners.ParentRunner.access$100(ParentRunner.java:66)
02-20 15:31:10.307  8263  8298 W ViewHierarchyExceptionHandler: 	at org.junit.runners.ParentRunner$2.evaluate(ParentRunner.java:293)
02-20 15:31:10.307  8263  8298 W ViewHierarchyExceptionHandler: 	at org.junit.runners.ParentRunner$3.evaluate(ParentRunner.java:306)
02-20 15:31:10.307  8263  8298 W ViewHierarchyExceptionHandler: 	at org.junit.runners.ParentRunner.run(ParentRunner.java:413)
02-20 15:31:10.307  8263  8298 W ViewHierarchyExceptionHandler: 	at androidx.test.ext.junit.runners.AndroidJUnit4.run(AndroidJUnit4.java:162)
02-20 15:31:10.307  8263  8298 W ViewHierarchyExceptionHandler: 	at org.junit.runners.Suite.runChild(Suite.java:128)
02-20 15:31:10.307  8263  8298 W ViewHierarchyExceptionHandler: 	at org.junit.runners.Suite.runChild(Suite.java:27)
02-20 15:31:10.307  8263  8298 W ViewHierarchyExceptionHandler: 	at org.junit.runners.ParentRunner$4.run(ParentRunner.java:331)
02-20 15:31:10.307  8263  8298 W ViewHierarchyExceptionHandler: 	at org.junit.runners.ParentRunner$1.schedule(ParentRunner.java:79)
02-20 15:31:10.307  8263  8298 W ViewHierarchyExceptionHandler: 	at org.junit.runners.ParentRunner.runChildren(ParentRunner.java:329)
02-20 15:31:10.307  8263  8298 W ViewHierarchyExceptionHandler: 	at org.junit.runners.ParentRunner.access$100(ParentRunner.java:66)
02-20 15:31:10.307  8263  8298 W ViewHierarchyExceptionHandler: 	at org.junit.runners.ParentRunner$2.evaluate(ParentRunner.java:293)
02-20 15:31:10.307  8263  8298 W ViewHierarchyExceptionHandler: 	at org.junit.runners.ParentRunner$3.evaluate(ParentRunner.java:306)
02-20 15:31:10.307  8263  8298 W ViewHierarchyExceptionHandler: 	at org.junit.runners.ParentRunner.run(ParentRunner.java:413)
02-20 15:31:10.307  8263  8298 W ViewHierarchyExceptionHandler: 	at org.junit.runner.JUnitCore.run(JUnitCore.java:137)
02-20 15:31:10.307  8263  8298 W ViewHierarchyExceptionHandler: 	at org.junit.runner.JUnitCore.run(JUnitCore.java:115)
02-20 15:31:10.307  8263  8298 W ViewHierarchyExceptionHandler: 	at androidx.test.internal.runner.TestExecutor.execute(TestExecutor.java:67)
02-20 15:31:10.307  8263  8298 W ViewHierarchyExceptionHandler: 	at androidx.test.internal.runner.TestExecutor.execute(TestExecutor.java:58)
02-20 15:31:10.308  8263  8298 W ViewHierarchyExceptionHandler: 	at androidx.test.runner.AndroidJUnitRunner.onStart(AndroidJUnitRunner.java:438)
02-20 15:31:10.308  8263  8298 W ViewHierarchyExceptionHandler: 	at android.app.Instrumentation$InstrumentationThread.run(Instrumentation.java:2196)
02-20 15:31:10.308  8263  8298 W ViewHierarchyExceptionHandler: Caused by: android.system.ErrnoException: open failed: EROFS (Read-only file system)
02-20 15:31:10.308  8263  8298 W ViewHierarchyExceptionHandler: 	at libcore.io.Linux.open(Native Method)
02-20 15:31:10.308  8263  8298 W ViewHierarchyExceptionHandler: 	at libcore.io.ForwardingOs.open(ForwardingOs.java:167)
02-20 15:31:10.308  8263  8298 W ViewHierarchyExceptionHandler: 	at libcore.io.BlockGuardOs.open(BlockGuardOs.java:252)
02-20 15:31:10.308  8263  8298 W ViewHierarchyExceptionHandler: 	at libcore.io.ForwardingOs.open(ForwardingOs.java:167)
02-20 15:31:10.308  8263  8298 W ViewHierarchyExceptionHandler: 	at android.app.ActivityThread$AndroidOs.open(ActivityThread.java:7255)
02-20 15:31:10.308  8263  8298 W ViewHierarchyExceptionHandler: 	at libcore.io.IoBridge.open(IoBridge.java:482)
02-20 15:31:10.308  8263  8298 W ViewHierarchyExceptionHandler: 	... 50 more
02-20 15:31:10.308  8263  8298 W FileTestStorage: Test input args is not supported.
02-20 15:31:10.358  8263  8263 D takeScreenshot: Found 1 global views to redraw
02-20 15:31:10.464  8263  8298 W DefaultFailureHandler: Failed to take screenshot
02-20 15:31:10.464  8263  8298 W DefaultFailureHandler: java.io.FileNotFoundException: view-op-error-2.png: open failed: EROFS (Read-only file system)
02-20 15:31:10.464  8263  8298 W DefaultFailureHandler: 	at libcore.io.IoBridge.open(IoBridge.java:496)
02-20 15:31:10.464  8263  8298 W DefaultFailureHandler: 	at java.io.FileOutputStream.<init>(FileOutputStream.java:235)
02-20 15:31:10.464  8263  8298 W DefaultFailureHandler: 	at java.io.FileOutputStream.<init>(FileOutputStream.java:125)
02-20 15:31:10.464  8263  8298 W DefaultFailureHandler: 	at androidx.test.platform.io.FileTestStorage.openOutputFile(FileTestStorage.java:60)
02-20 15:31:10.464  8263  8298 W DefaultFailureHandler: 	at androidx.test.core.graphics.BitmapStorage.writeToTestStorage(BitmapStorageExt.kt:49)
02-20 15:31:10.464  8263  8298 W DefaultFailureHandler: 	at androidx.test.espresso.base.DefaultFailureHandler.takeScreenshot(DefaultFailureHandler.java:3)
02-20 15:31:10.464  8263  8298 W DefaultFailureHandler: 	at androidx.test.espresso.base.DefaultFailureHandler.handle(DefaultFailureHandler.java:3)
02-20 15:31:10.464  8263  8298 W DefaultFailureHandler: 	at androidx.test.espresso.ViewInteraction.waitForAndHandleInteractionResults(ViewInteraction.java:8)
02-20 15:31:10.464  8263  8298 W DefaultFailureHandler: 	at androidx.test.espresso.ViewInteraction.desugaredPerform(ViewInteraction.java:11)
02-20 15:31:10.464  8263  8298 W DefaultFailureHandler: 	at androidx.test.espresso.ViewInteraction.perform(ViewInteraction.java:8)
02-20 15:31:10.464  8263  8298 W DefaultFailureHandler: 	at fr.free.nrw.commons.MainActivityTest.testExplore(MainActivityTest.kt:110)
02-20 15:31:10.464  8263  8298 W DefaultFailureHandler: 	at java.lang.reflect.Method.invoke(Native Method)
02-20 15:31:10.464  8263  8298 W DefaultFailureHandler: 	at org.junit.runners.model.FrameworkMethod$1.runReflectiveCall(FrameworkMethod.java:59)
02-20 15:31:10.464  8263  8298 W DefaultFailureHandler: 	at org.junit.internal.runners.model.ReflectiveCallable.run(ReflectiveCallable.java:12)
02-20 15:31:10.464  8263  8298 W DefaultFailureHandler: 	at org.junit.runners.model.FrameworkMethod.invokeExplosively(FrameworkMethod.java:56)
02-20 15:31:10.464  8263  8298 W DefaultFailureHandler: 	at org.junit.internal.runners.statements.InvokeMethod.evaluate(InvokeMethod.java:17)
02-20 15:31:10.464  8263  8298 W DefaultFailureHandler: 	at androidx.test.internal.runner.junit4.statement.RunBefores.evaluate(RunBefores.java:80)
02-20 15:31:10.464  8263  8298 W DefaultFailureHandler: 	at androidx.test.internal.runner.junit4.statement.RunAfters.evaluate(RunAfters.java:61)
02-20 15:31:10.464  8263  8298 W DefaultFailureHandler: 	at androidx.test.rule.GrantPermissionRule$RequestPermissionStatement.evaluate(GrantPermissionRule.java:140)
02-20 15:31:10.464  8263  8298 W DefaultFailureHandler: 	at androidx.test.rule.ActivityTestRule$ActivityStatement.evaluate(ActivityTestRule.java:543)
02-20 15:31:10.464  8263  8298 W DefaultFailureHandler: 	at org.junit.runners.ParentRunner$3.evaluate(ParentRunner.java:306)
02-20 15:31:10.464  8263  8298 W DefaultFailureHandler: 	at org.junit.runners.BlockJUnit4ClassRunner$1.evaluate(BlockJUnit4ClassRunner.java:100)
02-20 15:31:10.464  8263  8298 W DefaultFailureHandler: 	at org.junit.runners.ParentRunner.runLeaf(ParentRunner.java:366)
02-20 15:31:10.464  8263  8298 W DefaultFailureHandler: 	at org.junit.runners.BlockJUnit4ClassRunner.runChild(BlockJUnit4ClassRunner.java:103)
02-20 15:31:10.464  8263  8298 W DefaultFailureHandler: 	at org.junit.runners.BlockJUnit4ClassRunner.runChild(BlockJUnit4ClassRunner.java:63)
02-20 15:31:10.464  8263  8298 W DefaultFailureHandler: 	at org.junit.runners.ParentRunner$4.run(ParentRunner.java:331)
02-20 15:31:10.464  8263  8298 W DefaultFailureHandler: 	at org.junit.runners.ParentRunner$1.schedule(ParentRunner.java:79)
02-20 15:31:10.464  8263  8298 W DefaultFailureHandler: 	at org.junit.runners.ParentRunner.runChildren(ParentRunner.java:329)
02-20 15:31:10.464  8263  8298 W DefaultFailureHandler: 	at org.junit.runners.ParentRunner.access$100(ParentRunner.java:66)
02-20 15:31:10.464  8263  8298 W DefaultFailureHandler: 	at org.junit.runners.ParentRunner$2.evaluate(ParentRunner.java:293)
02-20 15:31:10.464  8263  8298 W DefaultFailureHandler: 	at org.junit.runners.ParentRunner$3.evaluate(ParentRunner.java:306)
02-20 15:31:10.464  8263  8298 W DefaultFailureHandler: 	at org.junit.runners.ParentRunner.run(ParentRunner.java:413)
02-20 15:31:10.464  8263  8298 W DefaultFailureHandler: 	at androidx.test.ext.junit.runners.AndroidJUnit4.run(AndroidJUnit4.java:162)
02-20 15:31:10.464  8263  8298 W DefaultFailureHandler: 	at org.junit.runners.Suite.runChild(Suite.java:128)
02-20 15:31:10.464  8263  8298 W DefaultFailureHandler: 	at org.junit.runners.Suite.runChild(Suite.java:27)
02-20 15:31:10.464  8263  8298 W DefaultFailureHandler: 	at org.junit.runners.ParentRunner$4.run(ParentRunner.java:331)
02-20 15:31:10.464  8263  8298 W DefaultFailureHandler: 	at org.junit.runners.ParentRunner$1.schedule(ParentRunner.java:79)
02-20 15:31:10.464  8263  8298 W DefaultFailureHandler: 	at org.junit.runners.ParentRunner.runChildren(ParentRunner.java:329)
02-20 15:31:10.464  8263  8298 W DefaultFailureHandler: 	at org.junit.runners.ParentRunner.access$100(ParentRunner.java:66)
02-20 15:31:10.464  8263  8298 W DefaultFailureHandler: 	at org.junit.runners.ParentRunner$2.evaluate(ParentRunner.java:293)
02-20 15:31:10.464  8263  8298 W DefaultFailureHandler: 	at org.junit.runners.ParentRunner$3.evaluate(ParentRunner.java:306)
02-20 15:31:10.464  8263  8298 W DefaultFailureHandler: 	at org.junit.runners.ParentRunner.run(ParentRunner.java:413)
02-20 15:31:10.464  8263  8298 W DefaultFailureHandler: 	at org.junit.runner.JUnitCore.run(JUnitCore.java:137)
02-20 15:31:10.464  8263  8298 W DefaultFailureHandler: 	at org.junit.runner.JUnitCore.run(JUnitCore.java:115)
02-20 15:31:10.464  8263  8298 W DefaultFailureHandler: 	at androidx.test.internal.runner.TestExecutor.execute(TestExecutor.java:67)
02-20 15:31:10.464  8263  8298 W DefaultFailureHandler: 	at androidx.test.internal.runner.TestExecutor.execute(TestExecutor.java:58)
02-20 15:31:10.464  8263  8298 W DefaultFailureHandler: 	at androidx.test.runner.AndroidJUnitRunner.onStart(AndroidJUnitRunner.java:438)
02-20 15:31:10.464  8263  8298 W DefaultFailureHandler: 	at android.app.Instrumentation$InstrumentationThread.run(Instrumentation.java:2196)
02-20 15:31:10.464  8263  8298 W DefaultFailureHandler: Caused by: android.system.ErrnoException: open failed: EROFS (Read-only file system)
02-20 15:31:10.464  8263  8298 W DefaultFailureHandler: 	at libcore.io.Linux.open(Native Method)
02-20 15:31:10.464  8263  8298 W DefaultFailureHandler: 	at libcore.io.ForwardingOs.open(ForwardingOs.java:167)
02-20 15:31:10.464  8263  8298 W DefaultFailureHandler: 	at libcore.io.BlockGuardOs.open(BlockGuardOs.java:252)
02-20 15:31:10.464  8263  8298 W DefaultFailureHandler: 	at libcore.io.ForwardingOs.open(ForwardingOs.java:167)
02-20 15:31:10.464  8263  8298 W DefaultFailureHandler: 	at android.app.ActivityThread$AndroidOs.open(ActivityThread.java:7255)
02-20 15:31:10.464  8263  8298 W DefaultFailureHandler: 	at libcore.io.IoBridge.open(IoBridge.java:482)
02-20 15:31:10.464  8263  8298 W DefaultFailureHandler: 	... 47 more
02-20 15:31:10.488  8263  8298 W ViewHierarchyExceptionHandler: Failed to save the view hierarchy to file view-hierarchy-2.txt
02-20 15:31:10.488  8263  8298 W ViewHierarchyExceptionHandler: java.io.FileNotFoundException: view-hierarchy-2.txt: open failed: EROFS (Read-only file system)
02-20 15:31:10.488  8263  8298 W ViewHierarchyExceptionHandler: 	at libcore.io.IoBridge.open(IoBridge.java:496)
02-20 15:31:10.488  8263  8298 W ViewHierarchyExceptionHandler: 	at java.io.FileOutputStream.<init>(FileOutputStream.java:235)
02-20 15:31:10.488  8263  8298 W ViewHierarchyExceptionHandler: 	at java.io.FileOutputStream.<init>(FileOutputStream.java:125)
02-20 15:31:10.488  8263  8298 W ViewHierarchyExceptionHandler: 	at androidx.test.platform.io.FileTestStorage.openOutputFile(FileTestStorage.java:60)
02-20 15:31:10.488  8263  8298 W ViewHierarchyExceptionHandler: 	at androidx.test.espresso.base.ViewHierarchyExceptionHandler.addOutputFile(ViewHierarchyExceptionHandler.java:1)
02-20 15:31:10.488  8263  8298 W ViewHierarchyExceptionHandler: 	at androidx.test.espresso.base.ViewHierarchyExceptionHandler.dumpFullViewHierarchyToFile(ViewHierarchyExceptionHandler.java:5)
02-20 15:31:10.488  8263  8298 W ViewHierarchyExceptionHandler: 	at androidx.test.espresso.base.ViewHierarchyExceptionHandler.handleSafely(ViewHierarchyExceptionHandler.java:2)
02-20 15:31:10.488  8263  8298 W ViewHierarchyExceptionHandler: 	at androidx.test.espresso.base.ViewHierarchyExceptionHandler.handleSafely(ViewHierarchyExceptionHandler.java:1)
02-20 15:31:10.488  8263  8298 W ViewHierarchyExceptionHandler: 	at androidx.test.espresso.base.DefaultFailureHandler$TypedFailureHandler.handle(DefaultFailureHandler.java:4)
02-20 15:31:10.488  8263  8298 W ViewHierarchyExceptionHandler: 	at androidx.test.espresso.base.DefaultFailureHandler.handle(DefaultFailureHandler.java:5)
02-20 15:31:10.488  8263  8298 W ViewHierarchyExceptionHandler: 	at androidx.test.espresso.ViewInteraction.waitForAndHandleInteractionResults(ViewInteraction.java:8)
02-20 15:31:10.488  8263  8298 W ViewHierarchyExceptionHandler: 	at androidx.test.espresso.ViewInteraction.desugaredPerform(ViewInteraction.java:11)
02-20 15:31:10.488  8263  8298 W ViewHierarchyExceptionHandler: 	at androidx.test.espresso.ViewInteraction.perform(ViewInteraction.java:8)
02-20 15:31:10.488  8263  8298 W ViewHierarchyExceptionHandler: 	at fr.free.nrw.commons.MainActivityTest.testExplore(MainActivityTest.kt:110)
02-20 15:31:10.488  8263  8298 W ViewHierarchyExceptionHandler: 	at java.lang.reflect.Method.invoke(Native Method)
02-20 15:31:10.488  8263  8298 W ViewHierarchyExceptionHandler: 	at org.junit.runners.model.FrameworkMethod$1.runReflectiveCall(FrameworkMethod.java:59)
02-20 15:31:10.488  8263  8298 W ViewHierarchyExceptionHandler: 	at org.junit.internal.runners.model.ReflectiveCallable.run(ReflectiveCallable.java:12)
02-20 15:31:10.488  8263  8298 W ViewHierarchyExceptionHandler: 	at org.junit.runners.model.FrameworkMethod.invokeExplosively(FrameworkMethod.java:56)
02-20 15:31:10.488  8263  8298 W ViewHierarchyExceptionHandler: 	at org.junit.internal.runners.statements.InvokeMethod.evaluate(InvokeMethod.java:17)
02-20 15:31:10.488  8263  8298 W ViewHierarchyExceptionHandler: 	at androidx.test.internal.runner.junit4.statement.RunBefores.evaluate(RunBefores.java:80)
02-20 15:31:10.488  8263  8298 W ViewHierarchyExceptionHandler: 	at androidx.test.internal.runner.junit4.statement.RunAfters.evaluate(RunAfters.java:61)
02-20 15:31:10.488  8263  8298 W ViewHierarchyExceptionHandler: 	at androidx.test.rule.GrantPermissionRule$RequestPermissionStatement.evaluate(GrantPermissionRule.java:140)
02-20 15:31:10.488  8263  8298 W ViewHierarchyExceptionHandler: 	at androidx.test.rule.ActivityTestRule$ActivityStatement.evaluate(ActivityTestRule.java:543)
02-20 15:31:10.488  8263  8298 W ViewHierarchyExceptionHandler: 	at org.junit.runners.ParentRunner$3.evaluate(ParentRunner.java:306)
02-20 15:31:10.488  8263  8298 W ViewHierarchyExceptionHandler: 	at org.junit.runners.BlockJUnit4ClassRunner$1.evaluate(BlockJUnit4ClassRunner.java:100)
02-20 15:31:10.488  8263  8298 W ViewHierarchyExceptionHandler: 	at org.junit.runners.ParentRunner.runLeaf(ParentRunner.java:366)
02-20 15:31:10.488  8263  8298 W ViewHierarchyExceptionHandler: 	at org.junit.runners.BlockJUnit4ClassRunner.runChild(BlockJUnit4ClassRunner.java:103)
02-20 15:31:10.488  8263  8298 W ViewHierarchyExceptionHandler: 	at org.junit.runners.BlockJUnit4ClassRunner.runChild(BlockJUnit4ClassRunner.java:63)
02-20 15:31:10.488  8263  8298 W ViewHierarchyExceptionHandler: 	at org.junit.runners.ParentRunner$4.run(ParentRunner.java:331)
02-20 15:31:10.488  8263  8298 W ViewHierarchyExceptionHandler: 	at org.junit.runners.ParentRunner$1.schedule(ParentRunner.java:79)
02-20 15:31:10.488  8263  8298 W ViewHierarchyExceptionHandler: 	at org.junit.runners.ParentRunner.runChildren(ParentRunner.java:329)
02-20 15:31:10.488  8263  8298 W ViewHierarchyExceptionHandler: 	at org.junit.runners.ParentRunner.access$100(ParentRunner.java:66)
02-20 15:31:10.488  8263  8298 W ViewHierarchyExceptionHandler: 	at org.junit.runners.ParentRunner$2.evaluate(ParentRunner.java:293)
02-20 15:31:10.488  8263  8298 W ViewHierarchyExceptionHandler: 	at org.junit.runners.ParentRunner$3.evaluate(ParentRunner.java:306)
02-20 15:31:10.488  8263  8298 W ViewHierarchyExceptionHandler: 	at org.junit.runners.ParentRunner.run(ParentRunner.java:413)
02-20 15:31:10.488  8263  8298 W ViewHierarchyExceptionHandler: 	at androidx.test.ext.junit.runners.AndroidJUnit4.run(AndroidJUnit4.java:162)
02-20 15:31:10.488  8263  8298 W ViewHierarchyExceptionHandler: 	at org.junit.runners.Suite.runChild(Suite.java:128)
02-20 15:31:10.488  8263  8298 W ViewHierarchyExceptionHandler: 	at org.junit.runners.Suite.runChild(Suite.java:27)
02-20 15:31:10.488  8263  8298 W ViewHierarchyExceptionHandler: 	at org.junit.runners.ParentRunner$4.run(ParentRunner.java:331)
02-20 15:31:10.488  8263  8298 W ViewHierarchyExceptionHandler: 	at org.junit.runners.ParentRunner$1.schedule(ParentRunner.java:79)
02-20 15:31:10.488  8263  8298 W ViewHierarchyExceptionHandler: 	at org.junit.runners.ParentRunner.runChildren(ParentRunner.java:329)
02-20 15:31:10.488  8263  8298 W ViewHierarchyExceptionHandler: 	at org.junit.runners.ParentRunner.access$100(ParentRunner.java:66)
02-20 15:31:10.488  8263  8298 W ViewHierarchyExceptionHandler: 	at org.junit.runners.ParentRunner$2.evaluate(ParentRunner.java:293)
02-20 15:31:10.488  8263  8298 W ViewHierarchyExceptionHandler: 	at org.junit.runners.ParentRunner$3.evaluate(ParentRunner.java:306)
02-20 15:31:10.488  8263  8298 W ViewHierarchyExceptionHandler: 	at org.junit.runners.ParentRunner.run(ParentRunner.java:413)
02-20 15:31:10.488  8263  8298 W ViewHierarchyExceptionHandler: 	at org.junit.runner.JUnitCore.run(JUnitCore.java:137)
02-20 15:31:10.488  8263  8298 W ViewHierarchyExceptionHandler: 	at org.junit.runner.JUnitCore.run(JUnitCore.java:115)
02-20 15:31:10.488  8263  8298 W ViewHierarchyExceptionHandler: 	at androidx.test.internal.runner.TestExecutor.execute(TestExecutor.java:67)
02-20 15:31:10.488  8263  8298 W ViewHierarchyExceptionHandler: 	at androidx.test.internal.runner.TestExecutor.execute(TestExecutor.java:58)
02-20 15:31:10.488  8263  8298 W ViewHierarchyExceptionHandler: 	at androidx.test.runner.AndroidJUnitRunner.onStart(AndroidJUnitRunner.java:438)
02-20 15:31:10.488  8263  8298 W ViewHierarchyExceptionHandler: 	at android.app.Instrumentation$InstrumentationThread.run(Instrumentation.java:2196)
02-20 15:31:10.488  8263  8298 W ViewHierarchyExceptionHandler: Caused by: android.system.ErrnoException: open failed: EROFS (Read-only file system)
02-20 15:31:10.488  8263  8298 W ViewHierarchyExceptionHandler: 	at libcore.io.Linux.open(Native Method)
02-20 15:31:10.488  8263  8298 W ViewHierarchyExceptionHandler: 	at libcore.io.ForwardingOs.open(ForwardingOs.java:167)
02-20 15:31:10.488  8263  8298 W ViewHierarchyExceptionHandler: 	at libcore.io.BlockGuardOs.open(BlockGuardOs.java:252)
02-20 15:31:10.488  8263  8298 W ViewHierarchyExceptionHandler: 	at libcore.io.ForwardingOs.open(ForwardingOs.java:167)
02-20 15:31:10.488  8263  8298 W ViewHierarchyExceptionHandler: 	at android.app.ActivityThread$AndroidOs.open(ActivityThread.java:7255)
02-20 15:31:10.488  8263  8298 W ViewHierarchyExceptionHandler: 	at libcore.io.IoBridge.open(IoBridge.java:482)
02-20 15:31:10.488  8263  8298 W ViewHierarchyExceptionHandler: 	... 50 more
02-20 15:31:10.488  8263  8298 W FileTestStorage: Test input args is not supported.
02-20 15:31:10.521  8263  8263 D LifecycleMonitor: Lifecycle status change: fr.free.nrw.commons.auth.LoginActivity@94315 in: PAUSED
02-20 15:31:10.558  8263  8298 E TestRunner: failed: testExplore(fr.free.nrw.commons.MainActivityTest)
02-20 15:31:10.558  8263  8298 E TestRunner: ----- begin exception -----
02-20 15:31:10.559  8263  8298 E TestRunner: androidx.test.espresso.NoMatchingViewException: No views in hierarchy found matching: (Child at position 2 in parent Child at position 0 in parent view.getId() is <2131296568/fr.free.nrw.commons.beta:id/fragment_main_nav_tab_layout> and (view has effective visibility <VISIBLE> and view.getGlobalVisibleRect() to return non-empty rectangle))
02-20 15:31:10.559  8263  8298 E TestRunner:
02-20 15:31:10.559  8263  8298 E TestRunner: View Hierarchy:
02-20 15:31:10.559  8263  8298 E TestRunner: +>DecorView{id=-1, visibility=VISIBLE, width=1080, height=2246, has-focus=false, has-focusable=true, has-window-focus=true, is-clickable=false, is-enabled=true, is-focused=false, is-focusable=false, is-layout-requested=false, is-selected=false, layout-params={(0,0)(fillxfill) ty=BASE_APPLICATION wanim=0x10302fe
02-20 15:31:10.559  8263  8298 E TestRunner:   fl=LAYOUT_IN_SCREEN LAYOUT_INSET_DECOR HARDWARE_ACCELERATED DRAWS_SYSTEM_BAR_BACKGROUNDS
02-20 15:31:10.559  8263  8298 E TestRunner:   pfl=FORCE_DRAW_STATUS_BAR_BACKGROUND}, tag=null, root-is-layout-requested=false, has-input-connection=false, x=0.0, y=0.0, child-count=3}
02-20 15:31:10.559  8263  8298 E TestRunner: |
02-20 15:31:10.559  8263  8298 E TestRunner: +->LinearLayout{id=-1, visibility=VISIBLE, width=1080, height=2114, has-focus=false, has-focusable=true, has-window-focus=true, is-clickable=false, is-enabled=true, is-focused=false, is-focusable=false, is-layout-requested=false, is-selected=false, layout-params=android.widget.FrameLayout$LayoutParams@YYYYYY, tag=null, root-is-layout-requested=false, has-input-connection=false, x=0.0, y=0.0, child-count=2}
02-20 15:31:10.559  8263  8298 E TestRunner: |
02-20 15:31:10.559  8263  8298 E TestRunner: +-->ViewStub{id=16908692, res-name=action_mode_bar_stub, visibility=GONE, width=0, height=0, has-focus=false, has-focusable=false, has-window-focus=true, is-clickable=false, is-enabled=true, is-focused=false, is-focusable=false, is-layout-requested=true, is-selected=false, layout-params=android.widget.LinearLayout$LayoutParams@YYYYYY, tag=null, root-is-layout-requested=false, has-input-connection=false, x=0.0, y=0.0}
02-20 15:31:10.559  8263  8298 E TestRunner: |
02-20 15:31:10.559  8263  8298 E TestRunner: +-->FrameLayout{id=-1, visibility=VISIBLE, width=1080, height=2028, has-focus=false, has-focusable=true, has-window-focus=true, is-clickable=false, is-enabled=true, is-focused=false, is-focusable=false, is-layout-requested=false, is-selected=false, layout-params=android.widget.LinearLayout$LayoutParams@YYYYYY, tag=null, root-is-layout-requested=false, has-input-connection=false, x=0.0, y=86.0, child-count=1}
02-20 15:31:10.559  8263  8298 E TestRunner: |
02-20 15:31:10.559  8263  8298 E TestRunner: +--->FitWindowsLinearLayout{id=2131296311, res-name=action_bar_root, visibility=VISIBLE, width=1080, height=2028, has-focus=false, has-focusable=true, has-window-focus=true, is-clickable=false, is-enabled=true, is-focused=false, is-focusable=false, is-layout-requested=false, is-selected=false, layout-params=android.widget.FrameLayout$LayoutParams@YYYYYY, tag=null, root-is-layout-requested=false, has-input-connection=false, x=0.0, y=0.0, child-count=2}
02-20 15:31:10.559  8263  8298 E TestRunner: |
02-20 15:31:10.559  8263  8298 E TestRunner: +---->ViewStubCompat{id=2131296323, res-name=action_mode_bar_stub, visibility=GONE, width=0, height=0, has-focus=false, has-focusable=false, has-window-focus=true, is-clickable=false, is-enabled=true, is-focused=false, is-focusable=false, is-layout-requested=true, is-selected=false, layout-params=android.widget.LinearLayout$LayoutParams@YYYYYY, tag=null, root-is-layout-requested=false, has-input-connection=false, x=0.0, y=0.0}
02-20 15:31:10.559  8263  8298 E TestRunner: |
02-20 15:31:10.559  8263  8298 E TestRunner: +---->ContentFrameLayout{id=16908290, res-name=content, visibility=VISIBLE, width=1080, height=2028, has-focus=false, has-focusable=true, has-window-focus=true, is-clickable=false, is-enabled=true, is-focused=false, is-focusable=false, is-layout-requested=false, is-selected=false, layout-params=android.widget.LinearLayout$LayoutParams@YYYYYY, tag=null, root-is-layout-requested=false, has-input-connection=false, x=0.0, y=0.0, child-count=1}
02-20 15:31:10.559  8263  8298 E TestRunner: |
02-20 15:31:10.559  8263  8298 E TestRunner: +----->ScrollView{id=-1, visibility=VISIBLE, width=1080, height=2028, has-focus=false, has-focusable=true, has-window-focus=true, is-clickable=false, is-enabled=true, is-focused=false, is-focusable=true, is-layout-requested=false, is-selected=false, layout-params=android.widget.FrameLayout$LayoutParams@YYYYYY, tag=null, root-is-layout-requested=false, has-input-connection=false, x=0.0, y=0.0, child-count=1}
02-20 15:31:10.559  8263  8298 E TestRunner: |
02-20 15:31:10.559  8263  8298 E TestRunner: +------>LinearLayout{id=-1, visibility=VISIBLE, width=1080, height=1573, has-focus=false, has-focusable=true, has-window-focus=true, is-clickab
02-20 15:31:10.559  8263  8298 E TestRunner: ----- end exception -----
02-20 15:31:10.561  8263  8298 I TestRunner: finished: testExplore(fr.free.nrw.commons.MainActivityTest)
