02-28 09:09:48.394 13511 13544 I TestRunner: started: testTrip27(org.onebusaway.android.nav.test.NavigationTest)
02-28 09:09:48.395 13511 13511 I MonitoringInstr: Activities that are still in CREATED to STOPPED: 0
02-28 09:09:48.404 13579 13612 W EventProcessor: callback.start() returned error code: -1
02-28 09:09:48.411 13511 13544 D NavServiceProvider: Creating NavigationServiceProvider...
02-28 09:09:48.411 13511 13544 D NavServiceProvider: Starting navigation for service
02-28 09:09:48.411 13511 13544 D NavServiceProvider: ProximityCalculator initializing...
02-28 09:09:48.411 13511 13544 D NavServiceProvider: Initializing ProximityCalculator
02-28 09:09:48.411 13511 13544 D NavServiceProvider: Number of path links: 1
02-28 09:09:48.411 13511 13544 D NavServiceProvider: Second to last stop coordinates: 28.068962, -82.417036
02-28 09:09:48.412 13511 13544 D NavServiceProvider: Setting units automatically
02-28 09:09:48.414 13511 13544 D NavServiceProvider: Detecting stop. distance_d=1300.5166. stop_type=1 speed=0.0
02-28 09:09:48.414 13511 13544 D NavigationTest: 0: (28.066217, -82.429899, 0.000000)	R:false  F:false
02-28 09:09:48.414 13511 13544 D NavigationTest: 1: (28.066217, -82.429899, 0.000000)	R:false  F:false
02-28 09:09:48.414 13511 13544 D NavigationTest: 2: (28.066217, -82.429899, 0.000000)	R:false  F:false
02-28 09:09:48.414 13511 13544 D NavServiceProvider: Second to last stop coordinates: 28.068962, -82.417036
02-28 09:09:48.414 13511 13544 D NavServiceProvider: Setting units automatically
02-28 09:09:48.416 13511 13544 D NavServiceProvider: Detecting stop. distance_d=1292.7849. stop_type=1 speed=0.0
02-28 09:09:48.416 13511 13544 D NavigationTest: 3: (28.066148, -82.429799, 0.000000)	R:false  F:false
02-28 09:09:48.416 13511 13544 D NavigationTest: 4: (28.066148, -82.429799, 0.000000)	R:false  F:false
02-28 09:09:48.416 13511 13544 D NavigationTest: 5: (28.066148, -82.429799, 0.000000)	R:false  F:false
02-28 09:09:48.416 13511 13544 D NavServiceProvider: Second to last stop coordinates: 28.068962, -82.417036
02-28 09:09:48.416 13511 13544 D NavServiceProvider: Setting units automatically
02-28 09:09:48.418 13511 13544 D NavServiceProvider: Detecting stop. distance_d=1292.5941. stop_type=1 speed=0.0
02-28 09:09:48.418 13511 13544 D NavigationTest: 6: (28.066148, -82.429797, 0.000000)	R:false  F:false
02-28 09:09:48.418 13511 13544 D NavigationTest: 7: (28.066148, -82.429797, 0.000000)	R:false  F:false
02-28 09:09:48.418 13511 13544 D NavigationTest: 8: (28.066148, -82.429797, 0.000000)	R:false  F:false
02-28 09:09:48.418 13511 13544 D NavServiceProvider: Second to last stop coordinates: 28.068962, -82.417036
02-28 09:09:48.419 13511 13544 D NavServiceProvider: Setting units automatically
02-28 09:09:48.420 13579 13612 I GoogleTTSServiceImpl: Synthesis request for locale eng-USA and name en-US-language
02-28 09:09:48.420 13511 13544 D NavServiceProvider: Detecting stop. distance_d=1292.4988. stop_type=1 speed=0.0
02-28 09:09:48.420 13511 13544 D NavigationTest: 9: (28.066148, -82.429796, 0.000000)	R:false  F:false
02-28 09:09:48.420 13511 13544 D NavigationTest: 10: (28.066148, -82.429796, 0.000000)	R:false  F:false
02-28 09:09:48.420 13511 13544 D NavServiceProvider: Second to last stop coordinates: 28.068962, -82.417036
02-28 09:09:48.421 13579 13612 I GoogleTTSServiceImpl: TTS dispatch: en-us-x-iog-seanet-embedded
02-28 09:09:48.421 13511 13544 D NavServiceProvider: Setting units automatically
02-28 09:09:48.422 13511 13544 D NavServiceProvider: Detecting stop. distance_d=1292.5255. stop_type=1 speed=0.0
02-28 09:09:48.422 13511 13544 D NavigationTest: 11: (28.066147, -82.429796, 0.000000)	R:false  F:false
02-28 09:09:48.422 13511 13544 D NavigationTest: 12: (28.066147, -82.429796, 0.000000)	R:false  F:false
02-28 09:09:48.422 13511 13544 D NavigationTest: 13: (28.066147, -82.429796, 0.000000)	R:false  F:false
02-28 09:09:48.422 13511 13544 D NavServiceProvider: Second to last stop coordinates: 28.068962, -82.417036
02-28 09:09:48.423 13511 13544 D NavServiceProvider: Setting units automatically
02-28 09:09:48.424 13511 13544 D NavServiceProvider: Detecting stop. distance_d=1292.5522. stop_type=1 speed=0.0
02-28 09:09:48.424 13511 13544 D NavigationTest: 14: (28.066146, -82.429796, 0.000000)	R:false  F:false
02-28 09:09:48.424 13511 13544 D NavigationTest: 15: (28.066146, -82.429796, 0.000000)	R:false  F:false
02-28 09:09:48.424 13511 13544 D NavServiceProvider: Second to last stop coordinates: 28.068962, -82.417036
02-28 09:09:48.424 13511 13544 D NavServiceProvider: Setting units automatically
02-28 09:09:48.425 13511 13544 D NavServiceProvider: Detecting stop. distance_d=1292.4836. stop_type=1 speed=0.0
02-28 09:09:48.425 13511 13544 D NavigationTest: 16: (28.066145, -82.429795, 0.000000)	R:false  F:false
02-28 09:09:48.425 13511 13544 D NavigationTest: 17: (28.066145, -82.429795, 0.000000)	R:false  F:false
02-28 09:09:48.425 13511 13544 D NavigationTest: 18: (28.066145, -82.429795, 0.000000)	R:false  F:false
02-28 09:09:48.425 13511 13544 D NavServiceProvider: Second to last stop coordinates: 28.068962, -82.417036
02-28 09:09:48.425   871   911 D audio_hw_primary: adev_get_parameters:vr_audio_mode_on
02-28 09:09:48.426   871   911 I audio_hw_primary: getting vr mode to 0
02-28 09:09:48.426   871   911 D audio_hw_primary: adev_get_parameters: exit: returns - vr_audio_mode_on=false
02-28 09:09:48.426   959  1210 I hash_map_utils: key: 'vr_audio_mode_on' value: ''
02-28 09:09:48.426 13511 13544 D NavServiceProvider: Setting units automatically
02-28 09:09:48.426   959  1210 I AudioPolicyManagerCustom: VR mode is 0, switch to primary output if request is for fast|raw
02-28 09:09:48.426   959  1210 I AudioPolicyManagerCustom: setting force DEEP buffer now
02-28 09:09:48.426   959  1210 D AudioFlinger: Client defaulted notificationFrames to 2048 for frameCount 4096
02-28 09:09:48.427 13511 13544 D NavServiceProvider: Detecting stop. distance_d=1292.3464. stop_type=1 speed=0.0
02-28 09:09:48.427 13511 13544 D NavigationTest: 19: (28.066143, -82.429793, 0.000000)	R:false  F:false
02-28 09:09:48.427 13511 13544 D NavigationTest: 20: (28.066143, -82.429793, 0.000000)	R:false  F:false
02-28 09:09:48.427 13511 13544 D NavigationTest: 21: (28.066143, -82.429793, 0.000000)	R:false  F:false
02-28 09:09:48.427 13511 13544 D NavServiceProvider: Second to last stop coordinates: 28.068962, -82.417036
02-28 09:09:48.427   959  1210 D AF::TrackHandle: OpPlayAudio: track:216 usage:1 not muted
02-28 09:09:48.427 13511 13544 D NavServiceProvider: Setting units automatically
02-28 09:09:48.429 13511 13544 D NavServiceProvider: Detecting stop. distance_d=1292.564. stop_type=1 speed=0.0
02-28 09:09:48.429 13511 13544 D NavigationTest: 22: (28.066142, -82.429795, 0.000000)	R:false  F:false
02-28 09:09:48.429 13511 13544 D NavigationTest: 23: (28.066142, -82.429795, 0.000000)	R:false  F:false
02-28 09:09:48.429 13511 13544 D NavigationTest: 24: (28.066142, -82.429795, 0.000000)	R:false  F:false
02-28 09:09:48.429 13511 13544 D NavServiceProvider: Second to last stop coordinates: 28.068962, -82.417036
02-28 09:09:48.429 13511 13544 D NavServiceProvider: Setting units automatically
02-28 09:09:48.430 13511 13544 D NavServiceProvider: Detecting stop. distance_d=1292.7548. stop_type=1 speed=0.0
02-28 09:09:48.430 13511 13544 D NavigationTest: 25: (28.066142, -82.429797, 0.000000)	R:false  F:false
02-28 09:09:48.431 13511 13544 D NavigationTest: 26: (28.066142, -82.429797, 0.000000)	R:false  F:false
02-28 09:09:48.431 13511 13544 D NavigationTest: 27: (28.066142, -82.429797, 0.000000)	R:false  F:false
02-28 09:09:48.431 13511 13544 D NavServiceProvider: Second to last stop coordinates: 28.068962, -82.417036
02-28 09:09:48.431 13511 13544 D NavServiceProvider: Setting units automatically
02-28 09:09:48.432  2666  3413 D Avrcp_ext: AudioManager Player: ID:23 -- type:android.media.SoundPool -- u/pid:10126/2688 -- state:idle -- attr:AudioAttributes: usage=USAGE_ASSISTANCE_SONIFICATION content=CONTENT_TYPE_SONIFICATION flags=0x800 tags= bundle=null
02-28 09:09:48.432  2666  3413 D Avrcp_ext: AudioManager Player: ID:1319 -- type:android.media.AudioTrack -- u/pid:10088/13579 -- state:started -- attr:AudioAttributes: usage=USAGE_MEDIA content=CONTENT_TYPE_SPEECH flags=0x800 tags= bundle=null
02-28 09:09:48.432  2666  3413 D Avrcp_ext: AudioManager isPlaying: true
02-28 09:09:48.432  2666  3413 V Avrcp_ext: updateCurrentMediaState: mMediaController: null
02-28 09:09:48.432 13511 13544 D NavServiceProvider: Detecting stop. distance_d=1292.877. stop_type=1 speed=0.0
02-28 09:09:48.432 13511 13544 D NavigationTest: 28: (28.066141, -82.429798, 0.000000)	R:false  F:false
02-28 09:09:48.432 13511 13544 D NavigationTest: 29: (28.066141, -82.429798, 0.000000)	R:false  F:false
02-28 09:09:48.432 13511 13544 D NavigationTest: 30: (28.066141, -82.429798, 0.000000)	R:false  F:false
02-28 09:09:48.432 13511 13544 D NavServiceProvider: Second to last stop coordinates: 28.068962, -82.417036
02-28 09:09:48.433 13511 13544 D NavServiceProvider: Setting units automatically
02-28 09:09:48.433  2666  3413 V Avrcp_ext: isMusicActive: true getBluetoothPlayState: 2
02-28 09:09:48.433  2666  3413 V Avrcp_ext: updateCurrentMediaState: isPlaying = false
02-28 09:09:48.433  2666  3413 V Avrcp_ext: Media update: id -1➡-1? [MediaAttributes: none] : [MediaAttributes: none]
02-28 09:09:48.433  2666  3413 V Avrcp_ext: newPlayStatus:2mReportedPlayStatus:-1
02-28 09:09:48.433  2666  3413 V Avrcp_ext: updatePlaybackState, state: PlaybackState {state=2, position=-1, buffered position=0, speed=0.0, updated=1791763, actions=0, custom actions=[], active item id=-1, error=null} device: null
02-28 09:09:48.433  2666  3413 V Avrcp_ext: Device: no name:
02-28 09:09:48.433  2666  3413 I chatty  : uid=1002(bluetooth) BluetoothAvrcpH identical 3 lines
02-28 09:09:48.433  2666  3413 V Avrcp_ext: Device: no name:
02-28 09:09:48.433  2666  3413 V Avrcp_ext: updatePlayerStateAndPosition, old=PlaybackState {state=2, position=-1, buffered position=0, speed=0.0, updated=1791640, actions=0, custom actions=[], active item id=-1, error=null}, state=PlaybackState {state=2, position=-1, buffered position=0, speed=0.0, updated=1791763, actions=0, custom actions=[], active item id=-1, error=null}
02-28 09:09:48.433  2666  3413 V Avrcp_ext: old state = PlaybackState {state=2, position=-1, buffered position=0, speed=0.0, updated=1791640, actions=0, custom actions=[], active item id=-1, error=null}, new state= PlaybackState {state=2, position=-1, buffered position=0, speed=0.0, updated=1791763, actions=0, custom actions=[], active item id=-1, error=null}
02-28 09:09:48.433  2666  3413 D HeadsetService: getHeadsetService(): returning com.android.bluetooth.hfp.HeadsetService@8a04d28
02-28 09:09:48.433  2666  3413 D HeadsetService:  isAudioOn: The number of audio connected devices 0
02-28 09:09:48.433  2666  3413 D HeadsetService: isScoOrCallActive(): Call Active:falseCall is Ringing:falseSCO is Active:false
02-28 09:09:48.434  2666  3413 D HeadsetService:  isAudioOn: The number of audio connected devices 0
02-28 09:09:48.434  2666  3413 I Avrcp_ext: updatePlayStatusForDevice: device: null
02-28 09:09:48.434  2666  3413 V Avrcp_ext: updatePlaybackState (1): old=PlaybackState {state=2, position=-1, buffered position=0, speed=0.0, updated=1791640, actions=0, custom actions=[], active item id=-1, error=null}(2), new=PlaybackState {state=2, position=-1, buffered position=0, speed=0.0, updated=1791763, actions=0, custom actions=[], active item id=-1, error=null}(2)
02-28 09:09:48.434  2666  3413 I Avrcp_ext: Exit updatePlayStatusForDevice
02-28 09:09:48.434 13511 13544 D NavServiceProvider: Detecting stop. distance_d=1292.877. stop_type=1 speed=0.0
02-28 09:09:48.434 13511 13544 D NavigationTest: 31: (28.066141, -82.429798, 0.000000)	R:false  F:false
02-28 09:09:48.434 13511 13544 D NavigationTest: 32: (28.066141, -82.429798, 0.000000)	R:false  F:false
02-28 09:09:48.434 13511 13544 D NavServiceProvider: Second to last stop coordinates: 28.068962, -82.417036
02-28 09:09:48.434  2666  3413 D HeadsetService:  isAudioOn: The number of audio connected devices 0
02-28 09:09:48.434  2666  3413 D HeadsetService: isScoOrCallActive(): Call Active:falseCall is Ringing:falseSCO is Active:false
02-28 09:09:48.434  2666  3413 D HeadsetService:  isAudioOn: The number of audio connected devices 0
02-28 09:09:48.434  2666  3413 I Avrcp_ext: updatePlayStatusForDevice: device: null
02-28 09:09:48.434  2666  3413 V Avrcp_ext: updatePlaybackState (1): old=PlaybackState {state=2, position=-1, buffered position=0, speed=0.0, updated=1791640, actions=0, custom actions=[], active item id=-1, error=null}(2), new=PlaybackState {state=2, position=-1, buffered position=0, speed=0.0, updated=1791763, actions=0, custom actions=[], active item id=-1, error=null}(2)
02-28 09:09:48.434 13511 13544 D NavServiceProvider: Setting units automatically
02-28 09:09:48.434  2666  3413 I Avrcp_ext: Exit updatePlayStatusForDevice
02-28 09:09:48.435  2666  3413 D HeadsetService:  isAudioOn: The number of audio connected devices 0
02-28 09:09:48.435  2666  3413 D HeadsetService: isScoOrCallActive(): Call Active:falseCall is Ringing:falseSCO is Active:false
02-28 09:09:48.435  2666  3413 D HeadsetService:  isAudioOn: The number of audio connected devices 0
02-28 09:09:48.435  2666  3413 I Avrcp_ext: updatePlayStatusForDevice: device: null
02-28 09:09:48.435  2666  3413 V Avrcp_ext: updatePlaybackState (1): old=PlaybackState {state=2, position=-1, buffered position=0, speed=0.0, updated=1791640, actions=0, custom actions=[], active item id=-1, error=null}(2), new=PlaybackState {state=2, position=-1, buffered position=0, speed=0.0, updated=1791763, actions=0, custom actions=[], active item id=-1, error=null}(2)
02-28 09:09:48.435  2666  3413 I Avrcp_ext: Exit updatePlayStatusForDevice
02-28 09:09:48.436 13511 13544 D NavServiceProvider: Detecting stop. distance_d=1292.9037. stop_type=1 speed=0.0
02-28 09:09:48.436 13511 13544 D NavigationTest: 33: (28.066140, -82.429798, 0.000000)	R:false  F:false
02-28 09:09:48.436 13511 13544 D NavigationTest: 34: (28.066140, -82.429798, 0.000000)	R:false  F:false
02-28 09:09:48.436 13511 13544 D NavigationTest: 35: (28.066140, -82.429798, 0.000000)	R:false  F:false
02-28 09:09:48.436 13511 13544 D NavServiceProvider: Second to last stop coordinates: 28.068962, -82.417036
02-28 09:09:48.436 13511 13544 D NavServiceProvider: Setting units automatically
02-28 09:09:48.437 13511 13544 D NavServiceProvider: Detecting stop. distance_d=1292.9037. stop_type=1 speed=0.0
02-28 09:09:48.437 13511 13544 D NavigationTest: 36: (28.066140, -82.429798, 0.000000)	R:false  F:false
02-28 09:09:48.437 13511 13544 D NavigationTest: 37: (28.066140, -82.429798, 0.000000)	R:false  F:false
02-28 09:09:48.437 13511 13544 D NavServiceProvider: Second to last stop coordinates: 28.068962, -82.417036
02-28 09:09:48.438 13511 13544 D NavServiceProvider: Setting units automatically
02-28 09:09:48.439  2666  3413 D HeadsetService:  isAudioOn: The number of audio connected devices 0
02-28 09:09:48.439  2666  3413 D HeadsetService: isScoOrCallActive(): Call Active:falseCall is Ringing:falseSCO is Active:false
02-28 09:09:48.439  2666  3413 D HeadsetService:  isAudioOn: The number of audio connected devices 0
02-28 09:09:48.439  2666  3413 I Avrcp_ext: updatePlayStatusForDevice: device: null
02-28 09:09:48.439  2666  3413 V Avrcp_ext: updatePlaybackState (1): old=PlaybackState {state=2, position=-1, buffered position=0, speed=0.0, updated=1791640, actions=0, custom actions=[], active item id=-1, error=null}(2), new=PlaybackState {state=2, position=-1, buffered position=0, speed=0.0, updated=1791763, actions=0, custom actions=[], active item id=-1, error=null}(2)
02-28 09:09:48.439  2666  3413 I Avrcp_ext: Exit updatePlayStatusForDevice
02-28 09:09:48.439 13511 13544 D NavServiceProvider: Detecting stop. distance_d=1292.9037. stop_type=1 speed=0.0
02-28 09:09:48.439  2666  3413 D HeadsetService:  isAudioOn: The number of audio connected devices 0
02-28 09:09:48.439  2666  3413 D HeadsetService: isScoOrCallActive(): Call Active:falseCall is Ringing:falseSCO is Active:false
02-28 09:09:48.440 13511 13544 D NavigationTest: 38: (28.066140, -82.429798, 0.000000)	R:false  F:false
02-28 09:09:48.440  2666  3413 D HeadsetService:  isAudioOn: The number of audio connected devices 0
02-28 09:09:48.440 13511 13544 D NavigationTest: 39: (28.066140, -82.429798, 0.000000)	R:false  F:false
02-28 09:09:48.440  2666  3413 I Avrcp_ext: updatePlayStatusForDevice: device: null
02-28 09:09:48.440  2666  3413 V Avrcp_ext: updatePlaybackState (1): old=PlaybackState {state=2, position=-1, buffered position=0, speed=0.0, updated=1791640, actions=0, custom actions=[], active item id=-1, error=null}(2), new=PlaybackState {state=2, position=-1, buffered position=0, speed=0.0, updated=1791763, actions=0, custom actions=[], active item id=-1, error=null}(2)
02-28 09:09:48.440 13511 13544 D NavigationTest: 40: (28.066140, -82.429798, 0.000000)	R:false  F:false
02-28 09:09:48.440  2666  3413 I Avrcp_ext: Exit updatePlayStatusForDevice
02-28 09:09:48.440  2666  3413 D Avrcp_ext: Enter sendPlayPosNotificationRsp
02-28 09:09:48.440  2666  3413 D Avrcp_ext: sendPlayPosNotificationRsp: Not registered or requesting.
02-28 09:09:48.440 13511 13544 D NavServiceProvider: Second to last stop coordinates: 28.068962, -82.417036
02-28 09:09:48.440  2666  3413 D Avrcp_ext: Enter sendPlayPosNotificationRsp
02-28 09:09:48.440  2666  3413 D Avrcp_ext: sendPlayPosNotificationRsp: Not registered or requesting.
02-28 09:09:48.440  2666  3413 D Avrcp_ext: Enter sendPlayPosNotificationRsp
02-28 09:09:48.440  2666  3413 D Avrcp_ext: sendPlayPosNotificationRsp: Not registered or requesting.
02-28 09:09:48.440  2666  3413 D Avrcp_ext: Enter sendPlayPosNotificationRsp
02-28 09:09:48.440  2666  3413 D Avrcp_ext: sendPlayPosNotificationRsp: Not registered or requesting.
02-28 09:09:48.440  2666  3413 D Avrcp_ext: Enter sendPlayPosNotificationRsp
02-28 09:09:48.440  2666  3413 D Avrcp_ext: sendPlayPosNotificationRsp: Not registered or requesting.
02-28 09:09:48.440  2666  3413 V Avrcp_ext: Exit updatePlayerStateAndPosition
02-28 09:09:48.441 13511 13544 D NavServiceProvider: Setting units automatically
02-28 09:09:48.443 13511 13544 D NavServiceProvider: Detecting stop. distance_d=1292.9037. stop_type=1 speed=0.0
02-28 09:09:48.443 13511 13544 D NavigationTest: 41: (28.066140, -82.429798, 0.000000)	R:false  F:false
02-28 09:09:48.443 13511 13544 D NavigationTest: 42: (28.066140, -82.429798, 0.000000)	R:false  F:false
02-28 09:09:48.443 13511 13544 D NavigationTest: 43: (28.066140, -82.429798, 0.000000)	R:false  F:false
02-28 09:09:48.443 13511 13544 D NavServiceProvider: Second to last stop coordinates: 28.068962, -82.417036
02-28 09:09:48.443 13511 13544 D NavServiceProvider: Setting units automatically
02-28 09:09:48.444 13511 13544 D NavServiceProvider: Detecting stop. distance_d=1292.9037. stop_type=1 speed=0.0
02-28 09:09:48.444 13511 13544 D NavigationTest: 44: (28.066140, -82.429798, 0.000000)	R:false  F:false
02-28 09:09:48.444 13511 13544 D NavigationTest: 45: (28.066140, -82.429798, 0.000000)	R:false  F:false
02-28 09:09:48.445 13511 13544 D NavigationTest: 46: (28.066140, -82.429798, 0.000000)	R:false  F:false
02-28 09:09:48.445 13511 13544 D NavServiceProvider: Second to last stop coordinates: 28.068962, -82.417036
02-28 09:09:48.445 13511 13544 D NavServiceProvider: Setting units automatically
02-28 09:09:48.446 13511 13544 D NavServiceProvider: Detecting stop. distance_d=1292.9037. stop_type=1 speed=0.0
02-28 09:09:48.446 13511 13544 D NavigationTest: 47: (28.066140, -82.429798, 0.000000)	R:false  F:false
02-28 09:09:48.446 13511 13544 D NavigationTest: 48: (28.066140, -82.429798, 0.000000)	R:false  F:false
02-28 09:09:48.446 13511 13544 D NavServiceProvider: Second to last stop coordinates: 28.068962, -82.417036
02-28 09:09:48.446 13511 13544 D NavServiceProvider: Setting units automatically
02-28 09:09:48.447 13511 13544 D NavServiceProvider: Detecting stop. distance_d=1292.9037. stop_type=1 speed=0.0
02-28 09:09:48.447 13511 13544 D NavigationTest: 49: (28.066140, -82.429798, 0.000000)	R:false  F:false
02-28 09:09:48.448 13511 13544 D NavigationTest: 50: (28.066140, -82.429798, 0.000000)	R:false  F:false
02-28 09:09:48.448 13511 13544 D NavigationTest: 51: (28.066140, -82.429798, 0.000000)	R:false  F:false
02-28 09:09:48.448 13511 13544 D NavServiceProvider: Second to last stop coordinates: 28.068962, -82.417036
02-28 09:09:48.448 13511 13544 D NavServiceProvider: Setting units automatically
02-28 09:09:48.449 13511 13544 D NavServiceProvider: Detecting stop. distance_d=1292.8083. stop_type=1 speed=0.0
02-28 09:09:48.449 13511 13544 D NavigationTest: 52: (28.066140, -82.429797, 0.000000)	R:false  F:false
02-28 09:09:48.449 13511 13544 D NavigationTest: 53: (28.066140, -82.429797, 0.000000)	R:false  F:false
02-28 09:09:48.449 13511 13544 D NavigationTest: 54: (28.066140, -82.429797, 0.000000)	R:false  F:false
02-28 09:09:48.449 13511 13544 D NavServiceProvider: Second to last stop coordinates: 28.068962, -82.417036
02-28 09:09:48.450 13511 13544 D NavServiceProvider: Setting units automatically
02-28 09:09:48.451 13511 13544 D NavServiceProvider: Detecting stop. distance_d=1292.8083. stop_type=1 speed=0.0
02-28 09:09:48.451 13511 13544 D NavigationTest: 55: (28.066140, -82.429797, 0.000000)	R:false  F:false
02-28 09:09:48.451 13511 13544 D NavigationTest: 56: (28.066140, -82.429797, 0.000000)	R:false  F:false
02-28 09:09:48.451 13511 13544 D NavServiceProvider: Second to last stop coordinates: 28.068962, -82.417036
02-28 09:09:48.451 13511 13544 D NavServiceProvider: Setting units automatically
02-28 09:09:48.452 13511 13544 D NavServiceProvider: Detecting stop. distance_d=1292.8083. stop_type=1 speed=0.0
02-28 09:09:48.452 13511 13544 D NavigationTest: 57: (28.066140, -82.429797, 0.000000)	R:false  F:false
02-28 09:09:48.452 13511 13544 D NavigationTest: 58: (28.066140, -82.429797, 0.000000)	R:false  F:false
02-28 09:09:48.452 13511 13544 D NavigationTest: 59: (28.066140, -82.429797, 0.000000)	R:false  F:false
02-28 09:09:48.452 13511 13544 D NavServiceProvider: Second to last stop coordinates: 28.068962, -82.417036
02-28 09:09:48.453 13511 13544 D NavServiceProvider: Setting units automatically
02-28 09:09:48.453   871   911 D msm8974_platform: platform_split_snd_device: snd_device(2) num devices(1) new_snd_devices(0)
02-28 09:09:48.455 13511 13544 D NavServiceProvider: Detecting stop. distance_d=1292.8083. stop_type=1 speed=0.0
02-28 09:09:48.455 13511 13544 D NavigationTest: 60: (28.066140, -82.429797, 0.000000)	R:false  F:false
02-28 09:09:48.455 13511 13544 D NavigationTest: 61: (28.066140, -82.429797, 0.000000)	R:false  F:false
02-28 09:09:48.455 13511 13544 D NavServiceProvider: Second to last stop coordinates: 28.068962, -82.417036
02-28 09:09:48.455 13511 13544 D NavServiceProvider: Setting units automatically
02-28 09:09:48.457 13511 13544 D NavServiceProvider: Detecting stop. distance_d=1292.8083. stop_type=1 speed=0.0
02-28 09:09:48.457 13511 13544 D NavigationTest: 62: (28.066140, -82.429797, 0.000000)	R:false  F:false
02-28 09:09:48.457 13511 13544 D NavigationTest: 63: (28.066140, -82.429797, 0.000000)	R:false  F:false
02-28 09:09:48.457 13511 13544 D NavigationTest: 64: (28.066140, -82.429797, 0.000000)	R:false  F:false
02-28 09:09:48.457 13511 13544 D NavServiceProvider: Second to last stop coordinates: 28.068962, -82.417036
02-28 09:09:48.457 13511 13544 D NavServiceProvider: Setting units automatically
02-28 09:09:48.458 13511 13544 D NavServiceProvider: Detecting stop. distance_d=1292.8352. stop_type=1 speed=0.0
02-28 09:09:48.458 13511 13544 D NavigationTest: 65: (28.066139, -82.429797, 0.000000)	R:false  F:false
02-28 09:09:48.458 13511 13544 D NavigationTest: 66: (28.066139, -82.429797, 0.000000)	R:false  F:false
02-28 09:09:48.458 13511 13544 D NavServiceProvider: Second to last stop coordinates: 28.068962, -82.417036
02-28 09:09:48.459 13511 13544 D NavServiceProvider: Setting units automatically
02-28 09:09:48.460 13511 13544 D NavServiceProvider: Detecting stop. distance_d=1292.8352. stop_type=1 speed=0.0
02-28 09:09:48.460 13511 13544 D NavigationTest: 67: (28.066139, -82.429797, 0.000000)	R:false  F:false
02-28 09:09:48.460 13511 13544 D NavigationTest: 68: (28.066139, -82.429797, 0.000000)	R:false  F:false
02-28 09:09:48.460 13511 13544 D NavigationTest: 69: (28.066139, -82.429797, 0.000000)	R:false  F:false
02-28 09:09:48.460 13511 13544 D NavServiceProvider: Second to last stop coordinates: 28.068962, -82.417036
02-28 09:09:48.460 13511 13544 D NavServiceProvider: Setting units automatically
02-28 09:09:48.461 13511 13544 D NavServiceProvider: Detecting stop. distance_d=1292.7397. stop_type=1 speed=0.0
02-28 09:09:48.461 13511 13544 D NavigationTest: 70: (28.066139, -82.429796, 0.000000)	R:false  F:false
02-28 09:09:48.461 13511 13544 D NavigationTest: 71: (28.066139, -82.429796, 0.000000)	R:false  F:false
02-28 09:09:48.461 13511 13544 D NavServiceProvider: Second to last stop coordinates: 28.068962, -82.417036
02-28 09:09:48.462 13511 13544 D NavServiceProvider: Setting units automatically
02-28 09:09:48.463 13511 13544 D NavServiceProvider: Detecting stop. distance_d=1292.7397. stop_type=1 speed=0.0
02-28 09:09:48.463 13511 13544 D NavigationTest: 72: (28.066139, -82.429796, 0.000000)	R:false  F:false
02-28 09:09:48.463 13511 13544 D NavigationTest: 73: (28.066139, -82.429796, 0.000000)	R:false  F:false
02-28 09:09:48.463 13511 13544 D NavigationTest: 74: (28.066139, -82.429796, 0.000000)	R:false  F:false
02-28 09:09:48.463 13511 13544 D NavServiceProvider: Second to last stop coordinates: 28.068962, -82.417036
02-28 09:09:48.463 13511 13544 D NavServiceProvider: Setting units automatically
02-28 09:09:48.464 13511 13544 D NavServiceProvider: Detecting stop. distance_d=1292.7397. stop_type=1 speed=0.0
02-28 09:09:48.464 13511 13544 D NavigationTest: 75: (28.066139, -82.429796, 0.000000)	R:false  F:false
02-28 09:09:48.464 13511 13544 D NavigationTest: 76: (28.066139, -82.429796, 0.000000)	R:false  F:false
02-28 09:09:48.464 13511 13544 D NavigationTest: 77: (28.066139, -82.429796, 0.000000)	R:false  F:false
02-28 09:09:48.464 13511 13544 D NavServiceProvider: Second to last stop coordinates: 28.068962, -82.417036
02-28 09:09:48.465 13511 13544 D NavServiceProvider: Setting units automatically
02-28 09:09:48.466 13511 13544 D NavServiceProvider: Detecting stop. distance_d=1292.7397. stop_type=1 speed=0.0
02-28 09:09:48.466 13511 13544 D NavigationTest: 78: (28.066139, -82.429796, 0.000000)	R:false  F:false
02-28 09:09:48.466 13511 13544 D NavigationTest: 79: (28.066139, -82.429796, 0.000000)	R:false  F:false
02-28 09:09:48.466 13511 13544 D NavigationTest: 80: (28.066139, -82.429796, 0.000000)	R:false  F:false
02-28 09:09:48.466 13511 13544 D NavServiceProvider: Second to last stop coordinates: 28.068962, -82.417036
02-28 09:09:48.466 13511 13544 D NavServiceProvider: Setting units automatically
02-28 09:09:48.467 13511 13544 D NavServiceProvider: Detecting stop. distance_d=1292.7397. stop_type=1 speed=0.0
02-28 09:09:48.467 13511 13544 D NavigationTest: 81: (28.066139, -82.429796, 0.000000)	R:false  F:false
02-28 09:09:48.467 13511 13544 D NavigationTest: 82: (28.066139, -82.429796, 0.000000)	R:false  F:false
02-28 09:09:48.467 13511 13544 D NavigationTest: 83: (28.066139, -82.429796, 0.000000)	R:false  F:false
02-28 09:09:48.467 13511 13544 D NavigationTest: 84: (28.066139, -82.429796, 0.000000)	R:false  F:false
02-28 09:09:48.467 13511 13544 D NavServiceProvider: Second to last stop coordinates: 28.068962, -82.417036
02-28 09:09:48.468 13511 13544 D NavServiceProvider: Setting units automatically
02-28 09:09:48.469 13511 13544 D NavServiceProvider: Detecting stop. distance_d=1292.7397. stop_type=1 speed=0.0
02-28 09:09:48.469 13511 13544 D NavigationTest: 85: (28.066139, -82.429796, 0.000000)	R:false  F:false
02-28 09:09:48.469 13511 13544 D NavigationTest: 86: (28.066139, -82.429796, 0.000000)	R:false  F:false
02-28 09:09:48.469 13511 13544 D NavigationTest: 87: (28.066139, -82.429796, 0.000000)	R:false  F:false
02-28 09:09:48.469 13511 13544 D NavServiceProvider: Second to last stop coordinates: 28.068962, -82.417036
02-28 09:09:48.469 13511 13544 D NavServiceProvider: Setting units automatically
02-28 09:09:48.470 13511 13544 D NavServiceProvider: Detecting stop. distance_d=1292.7397. stop_type=1 speed=0.0
02-28 09:09:48.470 13511 13544 D NavigationTest: 88: (28.066139, -82.429796, 0.000000)	R:false  F:false
02-28 09:09:48.470 13511 13544 D NavigationTest: 89: (28.066139, -82.429796, 0.000000)	R:false  F:false
02-28 09:09:48.470 13511 13544 D NavigationTest: 90: (28.066139, -82.429796, 0.000000)	R:false  F:false
02-28 09:09:48.470 13511 13544 D NavServiceProvider: Second to last stop coordinates: 28.068962, -82.417036
02-28 09:09:48.471 13511 13544 D NavServiceProvider: Setting units automatically
02-28 09:09:48.472 13511 13544 D NavServiceProvider: Detecting stop. distance_d=1292.7397. stop_type=1 speed=0.0
02-28 09:09:48.472 13511 13544 D NavigationTest: 91: (28.066139, -82.429796, 0.000000)	R:false  F:false
02-28 09:09:48.472 13511 13544 D NavigationTest: 92: (28.066139, -82.429796, 0.000000)	R:false  F:false
02-28 09:09:48.472 13511 13544 D NavServiceProvider: Second to last stop coordinates: 28.068962, -82.417036
02-28 09:09:48.472 13511 13544 D NavServiceProvider: Setting units automatically
02-28 09:09:48.473 13511 13544 D NavServiceProvider: Detecting stop. distance_d=1292.7397. stop_type=1 speed=0.0
02-28 09:09:48.473 13511 13544 D NavigationTest: 93: (28.066139, -82.429796, 0.000000)	R:false  F:false
02-28 09:09:48.473 13511 13544 D NavigationTest: 94: (28.066139, -82.429796, 0.000000)	R:false  F:false
02-28 09:09:48.473 13511 13544 D NavigationTest: 95: (28.066139, -82.429796, 0.000000)	R:false  F:false
02-28 09:09:48.473 13511 13544 D NavServiceProvider: Second to last stop coordinates: 28.068962, -82.417036
02-28 09:09:48.474 13511 13544 D NavServiceProvider: Setting units automatically
02-28 09:09:48.474 13511 13544 D NavServiceProvider: Detecting stop. distance_d=1292.7397. stop_type=1 speed=0.0
02-28 09:09:48.475 13511 13544 D NavigationTest: 96: (28.066139, -82.429796, 0.000000)	R:false  F:false
02-28 09:09:48.475 13511 13544 D NavigationTest: 97: (28.066139, -82.429796, 0.000000)	R:false  F:false
02-28 09:09:48.475 13511 13544 D NavigationTest: 98: (28.066139, -82.429796, 0.000000)	R:false  F:false
02-28 09:09:48.475 13511 13544 D NavServiceProvider: Second to last stop coordinates: 28.068962, -82.417036
02-28 09:09:48.475 13511 13544 D NavServiceProvider: Setting units automatically
02-28 09:09:48.476 13511 13544 D NavServiceProvider: Detecting stop. distance_d=1292.7397. stop_type=1 speed=0.0
02-28 09:09:48.476 13511 13544 D NavigationTest: 99: (28.066139, -82.429796, 0.000000)	R:false  F:false
02-28 09:09:48.476 13511 13544 D NavigationTest: 100: (28.066139, -82.429796, 0.000000)	R:false  F:false
02-28 09:09:48.476 13511 13544 D NavServiceProvider: Second to last stop coordinates: 28.068962, -82.417036
02-28 09:09:48.476 13511 13544 D NavServiceProvider: Setting units automatically
02-28 09:09:48.477 13511 13544 D NavServiceProvider: Detecting stop. distance_d=1292.7397. stop_type=1 speed=0.0
02-28 09:09:48.477 13511 13544 D NavigationTest: 101: (28.066139, -82.429796, 0.000000)	R:false  F:false
02-28 09:09:48.477 13511 13544 D NavigationTest: 102: (28.066139, -82.429796, 0.000000)	R:false  F:false
02-28 09:09:48.477 13511 13544 D NavigationTest: 103: (28.066139, -82.429796, 0.000000)	R:false  F:false
02-28 09:09:48.477 13511 13544 D NavServiceProvider: Second to last stop coordinates: 28.068962, -82.417036
02-28 09:09:48.478 13511 13544 D NavServiceProvider: Setting units automatically
02-28 09:09:48.479 13511 13544 D NavServiceProvider: Detecting stop. distance_d=1292.7397. stop_type=1 speed=0.0
02-28 09:09:48.479 13511 13544 D NavigationTest: 104: (28.066139, -82.429796, 0.000000)	R:false  F:false
02-28 09:09:48.479 13511 13544 D NavigationTest: 105: (28.066139, -82.429796, 0.000000)	R:false  F:false
02-28 09:09:48.479 13511 13544 D NavigationTest: 106: (28.066139, -82.429796, 0.000000)	R:false  F:false
02-28 09:09:48.479 13511 13544 D NavServiceProvider: Second to last stop coordinates: 28.068962, -82.417036
02-28 09:09:48.479 13511 13544 D NavServiceProvider: Setting units automatically
02-28 09:09:48.480 13511 13544 D NavServiceProvider: Detecting stop. distance_d=1292.7397. stop_type=1 speed=0.0
02-28 09:09:48.480 13511 13544 D NavigationTest: 107: (28.066139, -82.429796, 0.000000)	R:false  F:false
02-28 09:09:48.480 13511 13544 D NavigationTest: 108: (28.066139, -82.429796, 0.000000)	R:false  F:false
02-28 09:09:48.480 13511 13544 D NavigationTest: 109: (28.066139, -82.429796, 0.000000)	R:false  F:false
02-28 09:09:48.480 13511 13544 D NavServiceProvider: Second to last stop coordinates: 28.068962, -82.417036
02-28 09:09:48.481 13511 13544 D NavServiceProvider: Setting units automatically
02-28 09:09:48.482 13511 13544 D NavServiceProvider: Detecting stop. distance_d=1292.7397. stop_type=1 speed=0.0
02-28 09:09:48.482 13511 13544 D NavigationTest: 110: (28.066139, -82.429796, 0.000000)	R:false  F:false
02-28 09:09:48.482 13511 13544 D NavigationTest: 111: (28.066139, -82.429796, 0.000000)	R:false  F:false
02-28 09:09:48.482 13511 13544 D NavigationTest: 112: (28.066139, -82.429796, 0.000000)	R:false  F:false
02-28 09:09:48.482 13511 13544 D NavServiceProvider: Second to last stop coordinates: 28.068962, -82.417036
02-28 09:09:48.482 13511 13544 D NavServiceProvider: Setting units automatically
02-28 09:09:48.483 13511 13544 D NavServiceProvider: Detecting stop. distance_d=1292.7397. stop_type=1 speed=0.0
02-28 09:09:48.483 13511 13544 D NavigationTest: 113: (28.066139, -82.429796, 0.000000)	R:false  F:false
02-28 09:09:48.483 13511 13544 D NavigationTest: 114: (28.066139, -82.429796, 0.000000)	R:false  F:false
02-28 09:09:48.483 13511 13544 D NavServiceProvider: Second to last stop coordinates: 28.068962, -82.417036
02-28 09:09:48.484 13511 13544 D NavServiceProvider: Setting units automatically
02-28 09:09:48.484 13511 13544 D NavServiceProvider: Detecting stop. distance_d=1292.7397. stop_type=1 speed=0.0
02-28 09:09:48.485 13511 13544 D NavigationTest: 115: (28.066139, -82.429796, 0.000000)	R:false  F:false
02-28 09:09:48.485 13511 13544 D NavigationTest: 116: (28.066139, -82.429796, 0.000000)	R:false  F:false
02-28 09:09:48.485 13511 13544 D NavigationTest: 117: (28.066139, -82.429796, 0.000000)	R:false  F:false
02-28 09:09:48.485 13511 13544 D NavServiceProvider: Second to last stop coordinates: 28.068962, -82.417036
02-28 09:09:48.485 13511 13544 D NavServiceProvider: Setting units automatically
02-28 09:09:48.486 13511 13544 D NavServiceProvider: Detecting stop. distance_d=1292.7397. stop_type=1 speed=0.0
02-28 09:09:48.486 13511 13544 D NavigationTest: 118: (28.066139, -82.429796, 0.000000)	R:false  F:false
02-28 09:09:48.486 13511 13544 D NavigationTest: 119: (28.066139, -82.429796, 0.000000)	R:false  F:false
02-28 09:09:48.486 13511 13544 D NavServiceProvider: Second to last stop coordinates: 28.068962, -82.417036
02-28 09:09:48.486 13511 13544 D NavServiceProvider: Setting units automatically
02-28 09:09:48.487 13511 13544 D NavServiceProvider: Detecting stop. distance_d=1292.7397. stop_type=1 speed=0.0
02-28 09:09:48.487 13511 13544 D NavigationTest: 120: (28.066139, -82.429796, 0.000000)	R:false  F:false
02-28 09:09:48.488 13511 13544 D NavigationTest: 121: (28.066139, -82.429796, 0.000000)	R:false  F:false
02-28 09:09:48.488 13511 13544 D NavigationTest: 122: (28.066139, -82.429796, 0.000000)	R:false  F:false
02-28 09:09:48.488 13511 13544 D NavServiceProvider: Second to last stop coordinates: 28.068962, -82.417036
02-28 09:09:48.488 13511 13544 D NavServiceProvider: Setting units automatically
02-28 09:09:48.489 13511 13544 D NavServiceProvider: Detecting stop. distance_d=1292.7397. stop_type=1 speed=0.0
02-28 09:09:48.489 13511 13544 D NavigationTest: 123: (28.066139, -82.429796, 0.000000)	R:false  F:false
02-28 09:09:48.489 13511 13544 D NavigationTest: 124: (28.066139, -82.429796, 0.000000)	R:false  F:false
02-28 09:09:48.489 13511 13544 D NavigationTest: 125: (28.066139, -82.429796, 0.000000)	R:false  F:false
02-28 09:09:48.489 13511 13544 D NavServiceProvider: Second to last stop coordinates: 28.068962, -82.417036
02-28 09:09:48.489 13511 13544 D NavServiceProvider: Setting units automatically
02-28 09:09:48.490 13511 13544 D NavServiceProvider: Detecting stop. distance_d=1292.7397. stop_type=1 speed=0.0
02-28 09:09:48.491 13511 13544 D NavigationTest: 126: (28.066139, -82.429796, 0.000000)	R:false  F:false
02-28 09:09:48.491 13511 13544 D NavigationTest: 127: (28.066139, -82.429796, 0.000000)	R:false  F:false
02-28 09:09:48.491 13511 13544 D NavigationTest: 128: (28.066139, -82.429796, 0.000000)	R:false  F:false
02-28 09:09:48.491 13511 13544 D NavServiceProvider: Second to last stop coordinates: 28.068962, -82.417036
02-28 09:09:48.491 13511 13544 D NavServiceProvider: Setting units automatically
02-28 09:09:48.492 13511 13544 D NavServiceProvider: Detecting stop. distance_d=1292.7397. stop_type=1 speed=0.0
02-28 09:09:48.492 13511 13544 D NavigationTest: 129: (28.066139, -82.429796, 0.000000)	R:false  F:false
02-28 09:09:48.492 13511 13544 D NavigationTest: 130: (28.066139, -82.429796, 0.000000)	R:false  F:false
02-28 09:09:48.492 13511 13544 D NavigationTest: 131: (28.066139, -82.429796, 0.000000)	R:false  F:false
02-28 09:09:48.492 13511 13544 D NavServiceProvider: Second to last stop coordinates: 28.068962, -82.417036
02-28 09:09:48.493 13511 13544 D NavServiceProvider: Setting units automatically
02-28 09:09:48.494 13511 13544 D NavServiceProvider: Detecting stop. distance_d=1292.7397. stop_type=1 speed=0.0
02-28 09:09:48.494 13511 13544 D NavigationTest: 132: (28.066139, -82.429796, 0.000000)	R:false  F:false
02-28 09:09:48.494 13511 13544 D NavigationTest: 133: (28.066139, -82.429796, 0.000000)	R:false  F:false
02-28 09:09:48.494 13511 13544 D NavServiceProvider: Second to last stop coordinates: 28.068962, -82.417036
02-28 09:09:48.494 13511 13544 D NavServiceProvider: Setting units automatically
02-28 09:09:48.495 13511 13544 D NavServiceProvider: Detecting stop. distance_d=1292.7397. stop_type=1 speed=0.0
02-28 09:09:48.495 13511 13544 D NavigationTest: 134: (28.066139, -82.429796, 0.000000)	R:false  F:false
02-28 09:09:48.495 13511 13544 D NavigationTest: 135: (28.066139, -82.429796, 0.000000)	R:false  F:false
02-28 09:09:48.495 13511 13544 D NavigationTest: 136: (28.066139, -82.429796, 0.000000)	R:false  F:false
02-28 09:09:48.495 13511 13544 D NavServiceProvider: Second to last stop coordinates: 28.068962, -82.417036
02-28 09:09:48.496 13511 13544 D NavServiceProvider: Setting units automatically
02-28 09:09:48.497 13511 13544 D NavServiceProvider: Detecting stop. distance_d=1292.7397. stop_type=1 speed=0.0
02-28 09:09:48.497 13511 13544 D NavigationTest: 137: (28.066139, -82.429796, 0.000000)	R:false  F:false
02-28 09:09:48.497 13511 13544 D NavigationTest: 138: (28.066139, -82.429796, 0.000000)	R:false  F:false
02-28 09:09:48.497 13511 13544 D NavServiceProvider: Second to last stop coordinates: 28.068962, -82.417036
02-28 09:09:48.497 13511 13544 D NavServiceProvider: Setting units automatically
02-28 09:09:48.498 13511 13544 D NavServiceProvider: Detecting stop. distance_d=1292.7397. stop_type=1 speed=0.0
02-28 09:09:48.498 13511 13544 D NavigationTest: 139: (28.066139, -82.429796, 0.000000)	R:false  F:false
02-28 09:09:48.498 13511 13544 D NavigationTest: 140: (28.066139, -82.429796, 0.000000)	R:false  F:false
02-28 09:09:48.498 13511 13544 D NavigationTest: 141: (28.066139, -82.429796, 0.000000)	R:false  F:false
02-28 09:09:48.498 13511 13544 D NavServiceProvider: Second to last stop coordinates: 28.068962, -82.417036
02-28 09:09:48.498 13511 13544 D NavServiceProvider: Setting units automatically
02-28 09:09:48.499 13511 13544 D NavServiceProvider: Detecting stop. distance_d=1292.7397. stop_type=1 speed=0.0
02-28 09:09:48.500 13511 13544 D NavigationTest: 142: (28.066139, -82.429796, 0.000000)	R:false  F:false
02-28 09:09:48.500 13511 13544 D NavigationTest: 143: (28.066139, -82.429796, 0.000000)	R:false  F:false
02-28 09:09:48.500 13511 13544 D NavigationTest: 144: (28.066139, -82.429796, 0.000000)	R:false  F:false
02-28 09:09:48.500 13511 13544 D NavServiceProvider: Second to last stop coordinates: 28.068962, -82.417036
02-28 09:09:48.500 13511 13544 D NavServiceProvider: Setting units automatically
02-28 09:09:48.501 13511 13544 D NavServiceProvider: Detecting stop. distance_d=1292.7397. stop_type=1 speed=0.0
02-28 09:09:48.501 13511 13544 D NavigationTest: 145: (28.066139, -82.429796, 0.000000)	R:false  F:false
02-28 09:09:48.501 13511 13544 D NavigationTest: 146: (28.066139, -82.429796, 0.000000)	R:false  F:false
02-28 09:09:48.501 13511 13544 D NavServiceProvider: Second to last stop coordinates: 28.068962, -82.417036
02-28 09:09:48.501 13511 13544 D NavServiceProvider: Setting units automatically
02-28 09:09:48.502 13511 13544 D NavServiceProvider: Detecting stop. distance_d=1292.7397. stop_type=1 speed=0.0
02-28 09:09:48.502 13511 13544 D NavigationTest: 147: (28.066139, -82.429796, 0.000000)	R:false  F:false
02-28 09:09:48.502 13511 13544 D NavigationTest: 148: (28.066139, -82.429796, 0.000000)	R:false  F:false
02-28 09:09:48.503 13511 13544 D NavigationTest: 149: (28.066139, -82.429796, 0.000000)	R:false  F:false
02-28 09:09:48.503 13511 13544 D NavServiceProvider: Second to last stop coordinates: 28.068962, -82.417036
02-28 09:09:48.503 13511 13544 D NavServiceProvider: Setting units automatically
02-28 09:09:48.504 13511 13544 D NavServiceProvider: Detecting stop. distance_d=1292.7397. stop_type=1 speed=0.0
02-28 09:09:48.504 13511 13544 D NavigationTest: 150: (28.066139, -82.429796, 0.000000)	R:false  F:false
02-28 09:09:48.504 13511 13544 D NavigationTest: 151: (28.066139, -82.429796, 0.000000)	R:false  F:false
02-28 09:09:48.504 13511 13544 D NavServiceProvider: Second to last stop coordinates: 28.068962, -82.417036
02-28 09:09:48.504 13511 13544 D NavServiceProvider: Setting units automatically
02-28 09:09:48.505 13511 13544 D NavServiceProvider: Detecting stop. distance_d=1292.7397. stop_type=1 speed=0.0
02-28 09:09:48.505 13511 13544 D NavigationTest: 152: (28.066139, -82.429796, 0.000000)	R:false  F:false
02-28 09:09:48.505 13511 13544 D NavigationTest: 153: (28.066139, -82.429796, 0.000000)	R:false  F:false
02-28 09:09:48.505 13511 13544 D NavigationTest: 154: (28.066139, -82.429796, 0.000000)	R:false  F:false
02-28 09:09:48.505 13511 13544 D NavServiceProvider: Second to last stop coordinates: 28.068962, -82.417036
02-28 09:09:48.506 13511 13544 D NavServiceProvider: Setting units automatically
02-28 09:09:48.507 13511 13544 D NavServiceProvider: Detecting stop. distance_d=1292.6444. stop_type=1 speed=0.0
02-28 09:09:48.507 13511 13544 D NavigationTest: 155: (28.066139, -82.429795, 0.000000)	R:false  F:false
02-28 09:09:48.507 13511 13544 D NavigationTest: 156: (28.066139, -82.429795, 0.000000)	R:false  F:false
02-28 09:09:48.507 13511 13544 D NavigationTest: 157: (28.066139, -82.429795, 0.000000)	R:false  F:false
02-28 09:09:48.507 13511 13544 D NavServiceProvider: Second to last stop coordinates: 28.068962, -82.417036
02-28 09:09:48.507 13511 13544 D NavServiceProvider: Setting units automatically
02-28 09:09:48.508 13511 13544 D NavServiceProvider: Detecting stop. distance_d=1292.6444. stop_type=1 speed=0.0
02-28 09:09:48.508 13511 13544 D NavigationTest: 158: (28.066139, -82.429795, 0.000000)	R:false  F:false
02-28 09:09:48.508 13511 13544 D NavigationTest: 159: (28.066139, -82.429795, 0.000000)	R:false  F:false
02-28 09:09:48.508 13511 13544 D NavigationTest: 160: (28.066139, -82.429795, 0.000000)	R:false  F:false
02-28 09:09:48.508 13511 13544 D NavServiceProvider: Second to last stop coordinates: 28.068962, -82.417036
02-28 09:09:48.509 13511 13544 D NavServiceProvider: Setting units automatically
02-28 09:09:48.510 13511 13544 D NavServiceProvider: Detecting stop. distance_d=1292.6444. stop_type=1 speed=0.0
02-28 09:09:48.510 13511 13544 D NavigationTest: 161: (28.066139, -82.429795, 0.000000)	R:false  F:false
02-28 09:09:48.510 13511 13544 D NavigationTest: 162: (28.066139, -82.429795, 0.000000)	R:false  F:false
02-28 09:09:48.510 13511 13544 D NavServiceProvider: Second to last stop coordinates: 28.068962, -82.417036
02-28 09:09:48.510 13511 13544 D NavServiceProvider: Setting units automatically
02-28 09:09:48.511 13511 13544 D NavServiceProvider: Detecting stop. distance_d=1292.6444. stop_type=1 speed=0.0
02-28 09:09:48.511 13511 13544 D NavigationTest: 163: (28.066139, -82.429795, 0.000000)	R:false  F:false
02-28 09:09:48.512 13511 13544 D NavigationTest: 164: (28.066139, -82.429795, 0.000000)	R:false  F:false
02-28 09:09:48.512 13511 13544 D NavigationTest: 165: (28.066139, -82.429795, 0.000000)	R:false  F:false
02-28 09:09:48.512 13511 13544 D NavServiceProvider: Second to last stop coordinates: 28.068962, -82.417036
02-28 09:09:48.512 13511 13544 D NavServiceProvider: Setting units automatically
02-28 09:09:48.513 13511 13544 D NavServiceProvider: Detecting stop. distance_d=1292.6444. stop_type=1 speed=0.0
02-28 09:09:48.513 13511 13544 D NavigationTest: 166: (28.066139, -82.429795, 0.000000)	R:false  F:false
02-28 09:09:48.513 13511 13544 D NavigationTest: 167: (28.066139, -82.429795, 0.000000)	R:false  F:false
02-28 09:09:48.513 13511 13544 D NavServiceProvider: Second to last stop coordinates: 28.068962, -82.417036
02-28 09:09:48.513 13511 13544 D NavServiceProvider: Setting units automatically
02-28 09:09:48.514 13511 13544 D NavServiceProvider: Detecting stop. distance_d=1292.6444. stop_type=1 speed=0.0
02-28 09:09:48.514 13511 13544 D NavigationTest: 168: (28.066139, -82.429795, 0.000000)	R:false  F:false
02-28 09:09:48.514 13511 13544 D NavigationTest: 169: (28.066139, -82.429795, 0.000000)	R:false  F:false
02-28 09:09:48.514 13511 13544 D NavigationTest: 170: (28.066139, -82.429795, 0.000000)	R:false  F:false
02-28 09:09:48.514 13511 13544 D NavServiceProvider: Second to last stop coordinates: 28.068962, -82.417036
02-28 09:09:48.515 13511 13544 D NavServiceProvider: Setting units automatically
02-28 09:09:48.516 13511 13544 D NavServiceProvider: Detecting stop. distance_d=1292.9907. stop_type=1 speed=4.09
02-28 09:09:48.516 13511 13544 D NavigationTest: 171: (28.066112, -82.429791, 4.090000)	R:false  F:false
02-28 09:09:48.516 13511 13544 D NavigationTest: 172: (28.066112, -82.429791, 4.090000)	R:false  F:false
02-28 09:09:48.516 13511 13544 D NavigationTest: 173: (28.066112, -82.429791, 4.090000)	R:false  F:false
02-28 09:09:48.516 13511 13544 D NavServiceProvider: Second to last stop coordinates: 28.068962, -82.417036
02-28 09:09:48.516 13511 13544 D NavServiceProvider: Setting units automatically
02-28 09:09:48.517 13511 13544 D NavServiceProvider: Detecting stop. distance_d=1293.7808. stop_type=1 speed=2.93
02-28 09:09:48.517 13511 13544 D NavigationTest: 174: (28.066076, -82.429789, 2.930000)	R:false  F:false
02-28 09:09:48.517 13511 13544 D NavigationTest: 175: (28.066076, -82.429789, 2.930000)	R:false  F:false
02-28 09:09:48.517 13511 13544 D NavigationTest: 176: (28.066076, -82.429789, 2.930000)	R:false  F:false
02-28 09:09:48.517 13511 13544 D NavServiceProvider: Second to last stop coordinates: 28.068962, -82.417036
02-28 09:09:48.518 13511 13544 D NavServiceProvider: Setting units automatically
02-28 09:09:48.519 13511 13544 D NavServiceProvider: Detecting stop. distance_d=1295.0187. stop_type=1 speed=4.22
02-28 09:09:48.519 13511 13544 D NavigationTest: 177: (28.066038, -82.429791, 4.220000)	R:false  F:false
02-28 09:09:48.519 13511 13544 D NavigationTest: 178: (28.066038, -82.429791, 4.220000)	R:false  F:false
02-28 09:09:48.519 13511 13544 D NavServiceProvider: Second to last stop coordinates: 28.068962, -82.417036
02-28 09:09:48.519 13511 13544 D NavServiceProvider: Setting units automatically
02-28 09:09:48.520 13511 13544 D NavServiceProvider: Detecting stop. distance_d=1296.7339. stop_type=1 speed=3.88
02-28 09:09:48.520 13511 13544 D NavigationTest: 179: (28.065997, -82.429797, 3.880000)	R:false  F:false
02-28 09:09:48.520 13511 13544 D NavigationTest: 180: (28.065997, -82.429797, 3.880000)	R:false  F:false
02-28 09:09:48.520 13511 13544 D NavigationTest: 181: (28.065997, -82.429797, 3.880000)	R:false  F:false
02-28 09:09:48.520 13511 13544 D NavServiceProvider: Second to last stop coordinates: 28.068962, -82.417036
02-28 09:09:48.521 13511 13544 D NavServiceProvider: Setting units automatically
02-28 09:09:48.522 13511 13544 D NavServiceProvider: Detecting stop. distance_d=1298.8528. stop_type=1 speed=3.87
02-28 09:09:48.522 13511 13544 D NavigationTest: 182: (28.065959, -82.429808, 3.870000)	R:false  F:false
02-28 09:09:48.522 13511 13544 D NavigationTest: 183: (28.065959, -82.429808, 3.870000)	R:false  F:false
02-28 09:09:48.522 13511 13544 D NavServiceProvider: Second to last stop coordinates: 28.068962, -82.417036
02-28 09:09:48.522 13511 13544 D NavServiceProvider: Setting units automatically
02-28 09:09:48.523 13511 13544 D NavServiceProvider: Detecting stop. distance_d=1301.4287. stop_type=1 speed=4.02
02-28 09:09:48.523 13511 13544 D NavigationTest: 184: (28.065922, -82.429824, 4.020000)	R:false  F:false
02-28 09:09:48.523 13511 13544 D NavigationTest: 185: (28.065922, -82.429824, 4.020000)	R:false  F:false
02-28 09:09:48.523 13511 13544 D NavigationTest: 186: (28.065922, -82.429824, 4.020000)	R:false  F:false
02-28 09:09:48.523 13511 13544 D NavServiceProvider: Second to last stop coordinates: 28.068962, -82.417036
