02-28 09:09:55.185 13511 13544 D NavigationTest: 127: (28.036126, -82.498492, 18.750000)	R:false  F:false
02-28 09:09:55.185 13511 13544 D NavigationTest: 128: (28.036126, -82.498492, 18.750000)	R:false  F:false
02-28 09:09:55.185 13511 13544 D NavServiceProvider: Second to last stop coordinates: 28.035864, -82.491983
02-28 09:09:55.185 13511 13544 D NavServiceProvider: Setting units automatically
02-28 09:09:55.186 13511 13544 D NavServiceProvider: Detecting stop. distance_d=631.2468. stop_type=1 speed=16.75
02-28 09:09:55.186 13511 13544 D NavigationTest: 129: (28.036161, -82.498394, 16.750000)	R:false  F:false
02-28 09:09:55.186 13511 13544 D NavServiceProvider: Second to last stop coordinates: 28.035864, -82.491983
02-28 09:09:55.186 13511 13544 D NavServiceProvider: Setting units automatically
02-28 09:09:55.187 13511 13544 D NavServiceProvider: Detecting stop. distance_d=610.05664. stop_type=1 speed=18.0
02-28 09:09:55.187 13511 13544 D NavigationTest: 130: (28.036180, -82.498177, 18.000000)	R:false  F:false
02-28 09:09:55.188 13511 13544 D NavigationTest: 131: (28.036180, -82.498177, 18.000000)	R:false  F:false
02-28 09:09:55.188 13511 13544 D NavServiceProvider: Second to last stop coordinates: 28.035864, -82.491983
02-28 09:09:55.188 13511 13544 D NavServiceProvider: Setting units automatically
02-28 09:09:55.189 13511 13544 D NavServiceProvider: Detecting stop. distance_d=586.8547. stop_type=1 speed=19.25
02-28 09:09:55.189 13511 13544 D NavigationTest: 132: (28.036159, -82.497942, 19.250000)	R:false  F:false
02-28 09:09:55.189 13511 13544 D NavServiceProvider: Second to last stop coordinates: 28.035864, -82.491983
02-28 09:09:55.189 13511 13544 D NavServiceProvider: Setting units automatically
02-28 09:09:55.190 13511 13544 D NavServiceProvider: Detecting stop. distance_d=569.364. stop_type=1 speed=19.25
02-28 09:09:55.190 13511 13544 D NavigationTest: 133: (28.036226, -82.497759, 19.250000)	R:false  F:false
02-28 09:09:55.190 13511 13544 D NavigationTest: 134: (28.036226, -82.497759, 19.250000)	R:false  F:false
02-28 09:09:55.190 13511 13544 D NavServiceProvider: Second to last stop coordinates: 28.035864, -82.491983
02-28 09:09:55.191 13511 13544 D NavServiceProvider: Setting units automatically
02-28 09:09:55.192 13511 13544 D NavServiceProvider: Detecting stop. distance_d=547.7052. stop_type=1 speed=19.5
02-28 09:09:55.192 13511 13544 D NavigationTest: 135: (28.036054, -82.497549, 19.500000)	R:false  F:false
02-28 09:09:55.192 13511 13544 D NavServiceProvider: Second to last stop coordinates: 28.035864, -82.491983
02-28 09:09:55.192 13511 13544 D NavServiceProvider: Setting units automatically
02-28 09:09:55.193 13511 13544 D NavServiceProvider: Detecting stop. distance_d=530.9952. stop_type=1 speed=18.75
02-28 09:09:55.193 13511 13544 D NavigationTest: 136: (28.036111, -82.497376, 18.750000)	R:false  F:false
02-28 09:09:55.193 13511 13544 D NavigationTest: 137: (28.036111, -82.497376, 18.750000)	R:false  F:false
02-28 09:09:55.193 13511 13544 D NavServiceProvider: Second to last stop coordinates: 28.035864, -82.491983
02-28 09:09:55.194 13511 13544 D NavServiceProvider: Setting units automatically
02-28 09:09:55.195 13511 13544 D NavServiceProvider: Detecting stop. distance_d=508.02414. stop_type=1 speed=19.75
02-28 09:09:55.195 13511 13544 D NavigationTest: 138: (28.036112, -82.497142, 19.750000)	R:false  F:false
02-28 09:09:55.195 13511 13544 D NavServiceProvider: Second to last stop coordinates: 28.035864, -82.491983
02-28 09:09:55.195 13511 13544 D NavServiceProvider: Setting units automatically
02-28 09:09:55.196 13511 13544 D NavServiceProvider: Detecting stop. distance_d=488.5863. stop_type=1 speed=19.75
02-28 09:09:55.196 13511 13544 D NavigationTest: 139: (28.036096, -82.496945, 19.750000)	R:false  F:false
02-28 09:09:55.196 13511 13544 D NavigationTest: 140: (28.036096, -82.496945, 19.750000)	R:false  F:false
02-28 09:09:55.196 13511 13544 D NavServiceProvider: Second to last stop coordinates: 28.035864, -82.491983
02-28 09:09:55.196 13511 13544 D NavServiceProvider: Setting units automatically
02-28 09:09:55.197 13511 13544 D NavServiceProvider: Detecting stop. distance_d=467.48224. stop_type=1 speed=20.0
02-28 09:09:55.197 13511 13544 D NavigationTest: 141: (28.036097, -82.496730, 20.000000)	R:false  F:false
02-28 09:09:55.197 13511 13544 D NavigationTest: 142: (28.036097, -82.496730, 20.000000)	R:false  F:false
02-28 09:09:55.197 13511 13544 D NavServiceProvider: Second to last stop coordinates: 28.035864, -82.491983
02-28 09:09:55.198 13511 13544 D NavServiceProvider: Setting units automatically
02-28 09:09:55.199 13511 13544 D NavServiceProvider: Detecting stop. distance_d=442.49796. stop_type=1 speed=21.0
02-28 09:09:55.199 13511 13544 D NavigationTest: 143: (28.036073, -82.496477, 21.000000)	R:false  F:false
02-28 09:09:55.199 13511 13544 D NavigationTest: 144: (28.036073, -82.496477, 21.000000)	R:false  F:false
02-28 09:09:55.199 13511 13544 D NavigationTest: 145: (28.036073, -82.496477, 21.000000)	R:false  F:false
02-28 09:09:55.199 13511 13544 D NavServiceProvider: Second to last stop coordinates: 28.035864, -82.491983
02-28 09:09:55.199 13511 13544 D NavServiceProvider: Setting units automatically
02-28 09:09:55.200 13511 13544 D NavServiceProvider: Detecting stop. distance_d=402.17627. stop_type=1 speed=24.75
02-28 09:09:55.200 13511 13544 D NavigationTest: 146: (28.035889, -82.496073, 24.750000)	R:false  F:false
02-28 09:09:55.200 13511 13544 D NavigationTest: 147: (28.035889, -82.496073, 24.750000)	R:false  F:false
02-28 09:09:55.200 13511 13544 D NavServiceProvider: Second to last stop coordinates: 28.035864, -82.491983
02-28 09:09:55.201 13511 13544 D NavServiceProvider: Setting units automatically
02-28 09:09:55.202 13511 13544 D NavServiceProvider: Detecting stop. distance_d=385.10757. stop_type=1 speed=23.5
02-28 09:09:55.202 13511 13544 D NavigationTest: 148: (28.035808, -82.495899, 23.500000)	R:false  F:false
02-28 09:09:55.202 13511 13544 D NavigationTest: 149: (28.035808, -82.495899, 23.500000)	R:false  F:false
02-28 09:09:55.202 13511 13544 D NavServiceProvider: Second to last stop coordinates: 28.035864, -82.491983
02-28 09:09:55.202 13511 13544 D NavServiceProvider: Setting units automatically
02-28 09:09:55.203 13511 13544 D NavServiceProvider: Detecting stop. distance_d=376.42697. stop_type=1 speed=20.25
02-28 09:09:55.203 13511 13544 D NavigationTest: 150: (28.035778, -82.495810, 20.250000)	R:false  F:false
02-28 09:09:55.203 13511 13544 D NavServiceProvider: Second to last stop coordinates: 28.035864, -82.491983
02-28 09:09:55.203 13511 13544 D NavServiceProvider: Setting units automatically
02-28 09:09:55.204 13511 13544 D NavServiceProvider: Detecting stop. distance_d=365.93982. stop_type=1 speed=18.0
02-28 09:09:55.205 13511 13544 D NavigationTest: 151: (28.035806, -82.495704, 18.000000)	R:false  F:false
02-28 09:09:55.205 13511 13544 D NavigationTest: 152: (28.035806, -82.495704, 18.000000)	R:false  F:false
02-28 09:09:55.205 13511 13544 D NavServiceProvider: Second to last stop coordinates: 28.035864, -82.491983
02-28 09:09:55.205 13511 13544 D NavServiceProvider: Setting units automatically
02-28 09:09:55.206 13511 13544 D NavServiceProvider: Detecting stop. distance_d=344.38596. stop_type=1 speed=19.0
02-28 09:09:55.206 13511 13544 D NavigationTest: 153: (28.035777, -82.495484, 19.000000)	R:false  F:false
02-28 09:09:55.206 13511 13544 D NavigationTest: 154: (28.035777, -82.495484, 19.000000)	R:false  F:false
02-28 09:09:55.206 13511 13544 D NavServiceProvider: Second to last stop coordinates: 28.035864, -82.491983
02-28 09:09:55.206 13511 13544 D NavServiceProvider: Setting units automatically
02-28 09:09:55.207 13511 13544 D NavServiceProvider: Detecting stop. distance_d=328.08676. stop_type=1 speed=18.25
02-28 09:09:55.207 13511 13544 D NavigationTest: 155: (28.035772, -82.495318, 18.250000)	R:false  F:false
02-28 09:09:55.207 13511 13544 D NavigationTest: 156: (28.035772, -82.495318, 18.250000)	R:false  F:false
02-28 09:09:55.207 13511 13544 D NavServiceProvider: Second to last stop coordinates: 28.035864, -82.491983
02-28 09:09:55.208 13511 13544 D NavServiceProvider: Setting units automatically
02-28 09:09:55.209 13511 13544 D NavServiceProvider: Detecting stop. distance_d=312.44135. stop_type=1 speed=17.25
02-28 09:09:55.209 13511 13544 D NavigationTest: 157: (28.035814, -82.495160, 17.250000)	R:false  F:false
02-28 09:09:55.209 13511 13544 D NavigationTest: 158: (28.035814, -82.495160, 17.250000)	R:false  F:false
02-28 09:09:55.209 13511 13544 D NavServiceProvider: Second to last stop coordinates: 28.035864, -82.491983
02-28 09:09:55.209 13511 13544 D NavServiceProvider: Setting units automatically
02-28 09:09:55.210 13511 13544 D NavServiceProvider: Detecting stop. distance_d=290.39374. stop_type=1 speed=18.25
02-28 09:09:55.210 13511 13544 D NavigationTest: 159: (28.035900, -82.494936, 18.250000)	R:false  F:false
02-28 09:09:55.210 13511 13544 D NavigationTest: 160: (28.035900, -82.494936, 18.250000)	R:false  F:false
02-28 09:09:55.210 13511 13544 D NavServiceProvider: Second to last stop coordinates: 28.035864, -82.491983
02-28 09:09:55.211 13511 13544 D NavServiceProvider: Setting units automatically
02-28 09:09:55.212 13511 13544 D NavServiceProvider: Detecting stop. distance_d=284.95535. stop_type=1 speed=15.5
02-28 09:09:55.212 13511 13544 D NavigationTest: 161: (28.036029, -82.494875, 15.500000)	R:false  F:false
02-28 09:09:55.212 13511 13544 D NavServiceProvider: Second to last stop coordinates: 28.035864, -82.491983
02-28 09:09:55.212 13511 13544 D NavServiceProvider: Setting units automatically
02-28 09:09:55.213 13511 13544 D NavServiceProvider: Detecting stop. distance_d=281.13776. stop_type=1 speed=12.5
02-28 09:09:55.213 13511 13544 D NavigationTest: 162: (28.035983, -82.494839, 12.500000)	R:false  F:false
02-28 09:09:55.213 13511 13544 D NavigationTest: 163: (28.035983, -82.494839, 12.500000)	R:false  F:false
02-28 09:09:55.213 13511 13544 D NavServiceProvider: Second to last stop coordinates: 28.035864, -82.491983
02-28 09:09:55.214 13511 13544 D NavServiceProvider: Setting units automatically
02-28 09:09:55.215 13511 13544 D NavServiceProvider: Detecting stop. distance_d=267.584. stop_type=1 speed=12.75
02-28 09:09:55.215 13511 13544 D NavigationTest: 164: (28.035983, -82.494701, 12.750000)	R:false  F:false
02-28 09:09:55.215 13511 13544 D NavServiceProvider: Second to last stop coordinates: 28.035864, -82.491983
02-28 09:09:55.215 13511 13544 D NavServiceProvider: Setting units automatically
02-28 09:09:55.216 13511 13544 D NavServiceProvider: Detecting stop. distance_d=256.03427. stop_type=1 speed=12.25
02-28 09:09:55.216 13511 13544 D NavigationTest: 165: (28.035951, -82.494585, 12.250000)	R:false  F:false
02-28 09:09:55.216 13511 13544 D NavigationTest: 166: (28.035951, -82.494585, 12.250000)	R:false  F:false
02-28 09:09:55.216 13511 13544 D NavServiceProvider: Second to last stop coordinates: 28.035864, -82.491983
02-28 09:09:55.216 13511 13544 D NavServiceProvider: Setting units automatically
02-28 09:09:55.217 13511 13544 D NavServiceProvider: Detecting stop. distance_d=239.89429. stop_type=1 speed=13.0
02-28 09:09:55.217 13511 13544 D NavigationTest: 167: (28.035916, -82.494422, 13.000000)	R:false  F:false
02-28 09:09:55.217 13511 13544 D NavigationTest: 168: (28.035916, -82.494422, 13.000000)	R:false  F:false
02-28 09:09:55.217 13511 13544 D NavServiceProvider: Second to last stop coordinates: 28.035864, -82.491983
02-28 09:09:55.218 13511 13544 D NavServiceProvider: Setting units automatically
02-28 09:09:55.219 13511 13544 D NavServiceProvider: Detecting stop. distance_d=218.74812. stop_type=1 speed=14.75
02-28 09:09:55.219 13511 13544 D NavigationTest: 169: (28.035940, -82.494206, 14.750000)	R:false  F:false
02-28 09:09:55.219 13511 13544 D NavigationTest: 170: (28.035940, -82.494206, 14.750000)	R:false  F:false
02-28 09:09:55.219 13511 13544 D NavServiceProvider: Second to last stop coordinates: 28.035864, -82.491983
02-28 09:09:55.219 13511 13544 D NavServiceProvider: Setting units automatically
02-28 09:09:55.220 13511 13544 D NavServiceProvider: Detecting stop. distance_d=208.28793. stop_type=1 speed=13.75
02-28 09:09:55.220 13511 13544 D NavigationTest: 171: (28.035951, -82.494099, 13.750000)	R:false  F:false
02-28 09:09:55.220 13511 13544 D NavServiceProvider: Second to last stop coordinates: 28.035864, -82.491983
02-28 09:09:55.221 13511 13544 D NavServiceProvider: Setting units automatically
02-28 09:09:55.223 13579 13616 D AudioTrack: stop(196): called with 4096 frames delivered
02-28 09:09:55.223 13579 13612 I SynthesisCache: streamCachedRequest call to callback.audioAvailable failed: -1
02-28 09:09:55.224 13579 13612 I GoogleTTSServiceImpl: Synthesis request for locale eng-USA and name en-US-language
02-28 09:09:55.224 13511 13544 D NavServiceProvider: -----Get ready!
02-28 09:09:55.225 13511 13544 D NavigationTest: 172: (28.035964, -82.494005, 12.500000)	R:true  F:false
02-28 09:09:55.225 13511 13544 D NavServiceProvider: Second to last stop coordinates: 28.035864, -82.491983
02-28 09:09:55.225 13511 13544 D NavServiceProvider: Setting units automatically
02-28 09:09:55.225 13579 13612 I GoogleTTSServiceImpl: TTS dispatch: en-us-x-iog-seanet-embedded
02-28 09:09:55.226  2666  3413 D Avrcp_ext: AudioManager Player: ID:23 -- type:android.media.SoundPool -- u/pid:10126/2688 -- state:idle -- attr:AudioAttributes: usage=USAGE_ASSISTANCE_SONIFICATION content=CONTENT_TYPE_SONIFICATION flags=0x800 tags= bundle=null
02-28 09:09:55.226  2666  3413 D Avrcp_ext: AudioManager Player: ID:1415 -- type:android.media.AudioTrack -- u/pid:10088/13579 -- state:stopped -- attr:AudioAttributes: usage=USAGE_MEDIA content=CONTENT_TYPE_SPEECH flags=0x800 tags= bundle=null
02-28 09:09:55.226 13511 13544 D NavServiceProvider: Detecting stop. distance_d=199.13033. stop_type=1 speed=12.5
02-28 09:09:55.226  2666  3413 D Avrcp_ext: AudioManager Player: ID:15 -- type:android.media.SoundPool -- u/pid:1000/1493 -- state:idle -- attr:AudioAttributes: usage=USAGE_ASSISTANCE_SONIFICATION content=CONTENT_TYPE_SONIFICATION flags=0x800 tags= bundle=null
02-28 09:09:55.226  2666  3413 D Avrcp_ext: AudioManager isPlaying: false
02-28 09:09:55.226 13511 13544 D NavigationTest: 172: (28.035964, -82.494005, 12.500000)	R:true  F:false
02-28 09:09:55.226  2666  3413 V Avrcp_ext: updateCurrentMediaState: mMediaController: null
02-28 09:09:55.226 13511 13544 D NavigationTest: 173: (28.035964, -82.494005, 12.500000)	R:true  F:false
02-28 09:09:55.226 13511 13544 D NavServiceProvider: Second to last stop coordinates: 28.035864, -82.491983
02-28 09:09:55.227 13511 13544 D NavServiceProvider: Setting units automatically
02-28 09:09:55.227  2666  3413 V Avrcp_ext: isMusicActive: true getBluetoothPlayState: 2
02-28 09:09:55.227  2666  3413 V Avrcp_ext: updateCurrentMediaState: isPlaying = false
02-28 09:09:55.227  2666  3413 V Avrcp_ext: Media update: id -1➡-1? [MediaAttributes: none] : [MediaAttributes: none]
02-28 09:09:55.227  2666  3413 V Avrcp_ext: newPlayStatus:2mReportedPlayStatus:-1
02-28 09:09:55.227  2666  3413 V Avrcp_ext: updatePlaybackState, state: PlaybackState {state=2, position=-1, buffered position=0, speed=0.0, updated=1798558, actions=0, custom actions=[], active item id=-1, error=null} device: null
02-28 09:09:55.227  2666  3413 V Avrcp_ext: Device: no name:
02-28 09:09:55.227  2666  3413 I chatty  : uid=1002(bluetooth) BluetoothAvrcpH identical 3 lines
02-28 09:09:55.227  2666  3413 V Avrcp_ext: Device: no name:
02-28 09:09:55.227  2666  3413 V Avrcp_ext: updatePlayerStateAndPosition, old=PlaybackState {state=2, position=-1, buffered position=0, speed=0.0, updated=1798473, actions=0, custom actions=[], active item id=-1, error=null}, state=PlaybackState {state=2, position=-1, buffered position=0, speed=0.0, updated=1798558, actions=0, custom actions=[], active item id=-1, error=null}
02-28 09:09:55.227  2666  3413 V Avrcp_ext: old state = PlaybackState {state=2, position=-1, buffered position=0, speed=0.0, updated=1798473, actions=0, custom actions=[], active item id=-1, error=null}, new state= PlaybackState {state=2, position=-1, buffered position=0, speed=0.0, updated=1798558, actions=0, custom actions=[], active item id=-1, error=null}
02-28 09:09:55.228  2666  3413 D HeadsetService: getHeadsetService(): returning com.android.bluetooth.hfp.HeadsetService@8a04d28
02-28 09:09:55.228 13511 13544 D NavServiceProvider: Detecting stop. distance_d=186.93234. stop_type=1 speed=12.25
02-28 09:09:55.228 13511 13544 D NavigationTest: 174: (28.035921, -82.493883, 12.250000)	R:true  F:false
02-28 09:09:55.228 13511 13544 D NavServiceProvider: Second to last stop coordinates: 28.035864, -82.491983
02-28 09:09:55.228 13511 13544 D NavServiceProvider: Setting units automatically
02-28 09:09:55.230 13511 13544 D NavServiceProvider: Detecting stop. distance_d=174.26282. stop_type=1 speed=12.25
02-28 09:09:55.230 13511 13544 D NavigationTest: 175: (28.035943, -82.493753, 12.250000)	R:true  F:false
02-28 09:09:55.230 13511 13544 D NavigationTest: 176: (28.035943, -82.493753, 12.250000)	R:true  F:false
02-28 09:09:55.230 13511 13544 D NavServiceProvider: Second to last stop coordinates: 28.035864, -82.491983
02-28 09:09:55.230 13511 13544 D NavServiceProvider: Setting units automatically
02-28 09:09:55.231 13511 13544 D NavServiceProvider: Detecting stop. distance_d=154.69481. stop_type=1 speed=13.75
02-28 09:09:55.231 13511 13544 D NavigationTest: 177: (28.035888, -82.493556, 13.750000)	R:true  F:false
02-28 09:09:55.231 13511 13544 D NavServiceProvider: Second to last stop coordinates: 28.035864, -82.491983
02-28 09:09:55.232 13511 13544 D NavServiceProvider: Setting units automatically
02-28 09:09:55.232  2666  3413 D HeadsetService:  isAudioOn: The number of audio connected devices 0
02-28 09:09:55.232  2666  3413 D HeadsetService: isScoOrCallActive(): Call Active:falseCall is Ringing:falseSCO is Active:false
02-28 09:09:55.233 13511 13544 D NavServiceProvider: Detecting stop. distance_d=136.45279. stop_type=1 speed=15.25
02-28 09:09:55.233 13511 13544 D NavigationTest: 178: (28.035774, -82.493367, 15.250000)	R:true  F:false
02-28 09:09:55.233 13511 13544 D NavigationTest: 179: (28.035774, -82.493367, 15.250000)	R:true  F:false
02-28 09:09:55.233 13511 13544 D NavigationTest: 180: (28.035774, -82.493367, 15.250000)	R:true  F:false
02-28 09:09:55.233 13511 13544 D NavServiceProvider: Second to last stop coordinates: 28.035864, -82.491983
02-28 09:09:55.233 13511 13544 D NavServiceProvider: Setting units automatically
02-28 09:09:55.234  2666  3413 D HeadsetService:  isAudioOn: The number of audio connected devices 0
02-28 09:09:55.234  2666  3413 I Avrcp_ext: updatePlayStatusForDevice: device: null
02-28 09:09:55.234  2666  3413 V Avrcp_ext: updatePlaybackState (1): old=PlaybackState {state=2, position=-1, buffered position=0, speed=0.0, updated=1798473, actions=0, custom actions=[], active item id=-1, error=null}(2), new=PlaybackState {state=2, position=-1, buffered position=0, speed=0.0, updated=1798558, actions=0, custom actions=[], active item id=-1, error=null}(2)
02-28 09:09:55.234  2666  3413 I Avrcp_ext: Exit updatePlayStatusForDevice
02-28 09:09:55.234  2666  3413 D HeadsetService:  isAudioOn: The number of audio connected devices 0
02-28 09:09:55.234  2666  3413 D HeadsetService: isScoOrCallActive(): Call Active:falseCall is Ringing:falseSCO is Active:false
02-28 09:09:55.235 13511 13544 D NavServiceProvider: Detecting stop. distance_d=130.18951. stop_type=1 speed=12.75
02-28 09:09:55.235 13511 13544 D NavigationTest: 181: (28.035818, -82.493306, 12.750000)	R:true  F:false
02-28 09:09:55.235 13511 13544 D NavServiceProvider: Second to last stop coordinates: 28.035864, -82.491983
02-28 09:09:55.235 13511 13544 D NavServiceProvider: Setting units automatically
02-28 09:09:55.235  2666  3413 D HeadsetService:  isAudioOn: The number of audio connected devices 0
02-28 09:09:55.235  2666  3413 I Avrcp_ext: updatePlayStatusForDevice: device: null
02-28 09:09:55.235  2666  3413 V Avrcp_ext: updatePlaybackState (1): old=PlaybackState {state=2, position=-1, buffered position=0, speed=0.0, updated=1798473, actions=0, custom actions=[], active item id=-1, error=null}(2), new=PlaybackState {state=2, position=-1, buffered position=0, speed=0.0, updated=1798558, actions=0, custom actions=[], active item id=-1, error=null}(2)
02-28 09:09:55.235  2666  3413 I Avrcp_ext: Exit updatePlayStatusForDevice
02-28 09:09:55.235  2666  3413 D HeadsetService:  isAudioOn: The number of audio connected devices 0
02-28 09:09:55.235  2666  3413 D HeadsetService: isScoOrCallActive(): Call Active:falseCall is Ringing:falseSCO is Active:false
02-28 09:09:55.236  2666  3413 D HeadsetService:  isAudioOn: The number of audio connected devices 0
02-28 09:09:55.236  2666  3413 I Avrcp_ext: updatePlayStatusForDevice: device: null
02-28 09:09:55.236  2666  3413 V Avrcp_ext: updatePlaybackState (1): old=PlaybackState {state=2, position=-1, buffered position=0, speed=0.0, updated=1798473, actions=0, custom actions=[], active item id=-1, error=null}(2), new=PlaybackState {state=2, position=-1, buffered position=0, speed=0.0, updated=1798558, actions=0, custom actions=[], active item id=-1, error=null}(2)
02-28 09:09:55.236  2666  3413 I Avrcp_ext: Exit updatePlayStatusForDevice
02-28 09:09:55.236 13511 13544 D NavServiceProvider: Detecting stop. distance_d=126.97564. stop_type=1 speed=10.75
02-28 09:09:55.236 13511 13544 D NavigationTest: 182: (28.035812, -82.493273, 10.750000)	R:true  F:false
02-28 09:09:55.236  2666  3413 D HeadsetService:  isAudioOn: The number of audio connected devices 0
02-28 09:09:55.236  2666  3413 D HeadsetService: isScoOrCallActive(): Call Active:falseCall is Ringing:falseSCO is Active:false
02-28 09:09:55.236 13511 13544 D NavigationTest: 183: (28.035812, -82.493273, 10.750000)	R:true  F:false
02-28 09:09:55.236 13511 13544 D NavServiceProvider: Second to last stop coordinates: 28.035864, -82.491983
02-28 09:09:55.236  2666  3413 D HeadsetService:  isAudioOn: The number of audio connected devices 0
02-28 09:09:55.236  2666  3413 I Avrcp_ext: updatePlayStatusForDevice: device: null
02-28 09:09:55.236  2666  3413 V Avrcp_ext: updatePlaybackState (1): old=PlaybackState {state=2, position=-1, buffered position=0, speed=0.0, updated=1798473, actions=0, custom actions=[], active item id=-1, error=null}(2), new=PlaybackState {state=2, position=-1, buffered position=0, speed=0.0, updated=1798558, actions=0, custom actions=[], active item id=-1, error=null}(2)
02-28 09:09:55.236  2666  3413 I Avrcp_ext: Exit updatePlayStatusForDevice
02-28 09:09:55.237 13511 13544 D NavServiceProvider: Setting units automatically
02-28 09:09:55.237  2666  3413 D HeadsetService:  isAudioOn: The number of audio connected devices 0
02-28 09:09:55.237  2666  3413 D HeadsetService: isScoOrCallActive(): Call Active:falseCall is Ringing:falseSCO is Active:false
02-28 09:09:55.237  2666  3413 D HeadsetService:  isAudioOn: The number of audio connected devices 0
02-28 09:09:55.237  2666  3413 I Avrcp_ext: updatePlayStatusForDevice: device: null
02-28 09:09:55.237  2666  3413 V Avrcp_ext: updatePlaybackState (1): old=PlaybackState {state=2, position=-1, buffered position=0, speed=0.0, updated=1798473, actions=0, custom actions=[], active item id=-1, error=null}(2), new=PlaybackState {state=2, position=-1, buffered position=0, speed=0.0, updated=1798558, actions=0, custom actions=[], active item id=-1, error=null}(2)
02-28 09:09:55.237  2666  3413 I Avrcp_ext: Exit updatePlayStatusForDevice
02-28 09:09:55.237  2666  3413 D Avrcp_ext: Enter sendPlayPosNotificationRsp
02-28 09:09:55.237  2666  3413 D Avrcp_ext: sendPlayPosNotificationRsp: Not registered or requesting.
02-28 09:09:55.237  2666  3413 D Avrcp_ext: Enter sendPlayPosNotificationRsp
02-28 09:09:55.237  2666  3413 D Avrcp_ext: sendPlayPosNotificationRsp: Not registered or requesting.
02-28 09:09:55.237  2666  3413 D Avrcp_ext: Enter sendPlayPosNotificationRsp
02-28 09:09:55.237  2666  3413 D Avrcp_ext: sendPlayPosNotificationRsp: Not registered or requesting.
02-28 09:09:55.237  2666  3413 D Avrcp_ext: Enter sendPlayPosNotificationRsp
02-28 09:09:55.237  2666  3413 D Avrcp_ext: sendPlayPosNotificationRsp: Not registered or requesting.
02-28 09:09:55.237  2666  3413 D Avrcp_ext: Enter sendPlayPosNotificationRsp
02-28 09:09:55.237  2666  3413 D Avrcp_ext: sendPlayPosNotificationRsp: Not registered or requesting.
02-28 09:09:55.237  2666  3413 V Avrcp_ext: Exit updatePlayerStateAndPosition
02-28 09:09:55.237  2666  3413 D Avrcp_ext: AudioManager Player: ID:23 -- type:android.media.SoundPool -- u/pid:10126/2688 -- state:idle -- attr:AudioAttributes: usage=USAGE_ASSISTANCE_SONIFICATION content=CONTENT_TYPE_SONIFICATION flags=0x800 tags= bundle=null
02-28 09:09:55.237  2666  3413 D Avrcp_ext: AudioManager Player: ID:15 -- type:android.media.SoundPool -- u/pid:1000/1493 -- state:idle -- attr:AudioAttributes: usage=USAGE_ASSISTANCE_SONIFICATION content=CONTENT_TYPE_SONIFICATION flags=0x800 tags= bundle=null
02-28 09:09:55.237  2666  3413 D Avrcp_ext: AudioManager isPlaying: false
02-28 09:09:55.238 13511 13544 D NavServiceProvider: Detecting stop. distance_d=124.37977. stop_type=1 speed=9.25
02-28 09:09:55.238 13511 13544 D NavigationTest: 184: (28.035765, -82.493243, 9.250000)	R:true  F:false
02-28 09:09:55.238 13511 13544 D NavServiceProvider: Second to last stop coordinates: 28.035864, -82.491983
02-28 09:09:55.238 13511 13544 D NavServiceProvider: Setting units automatically
02-28 09:09:55.239 13511 13544 D NavServiceProvider: Detecting stop. distance_d=125.705925. stop_type=1 speed=6.5
02-28 09:09:55.239 13511 13544 D NavigationTest: 185: (28.035835, -82.493261, 6.500000)	R:true  F:false
02-28 09:09:55.239 13511 13544 D NavigationTest: 186: (28.035835, -82.493261, 6.500000)	R:true  F:false
02-28 09:09:55.239 13511 13544 D NavServiceProvider: Second to last stop coordinates: 28.035864, -82.491983
02-28 09:09:55.240 13511 13544 D NavServiceProvider: Setting units automatically
02-28 09:09:55.241 13511 13544 D NavServiceProvider: Detecting stop. distance_d=133.15955. stop_type=1 speed=3.5
02-28 09:09:55.241 13511 13544 D NavigationTest: 187: (28.035813, -82.493336, 3.500000)	R:true  F:false
02-28 09:09:55.241 13511 13544 D NavServiceProvider: Second to last stop coordinates: 28.035864, -82.491983
02-28 09:09:55.241 13511 13544 D NavServiceProvider: Setting units automatically
02-28 09:09:55.243 13511 13544 D NavServiceProvider: Detecting stop. distance_d=149.59338. stop_type=1 speed=0.25
02-28 09:09:55.243 13511 13544 D NavigationTest: 188: (28.035835, -82.493504, 0.250000)	R:true  F:false
02-28 09:09:55.243 13511 13544 D NavigationTest: 189: (28.035835, -82.493504, 0.250000)	R:true  F:false
02-28 09:09:55.243 13511 13544 D NavServiceProvider: Second to last stop coordinates: 28.035864, -82.491983
02-28 09:09:55.243 13511 13544 D NavServiceProvider: Setting units automatically
02-28 09:09:55.245 13511 13544 D NavServiceProvider: Detecting stop. distance_d=147.9215. stop_type=1 speed=1.0
02-28 09:09:55.245 13511 13544 D NavigationTest: 190: (28.035775, -82.493484, 1.000000)	R:true  F:false
02-28 09:09:55.245 13511 13544 D NavServiceProvider: Second to last stop coordinates: 28.035864, -82.491983
02-28 09:09:55.245 13511 13544 D NavServiceProvider: Setting units automatically
02-28 09:09:55.246 13511 13544 D NavServiceProvider: Detecting stop. distance_d=152.5403. stop_type=1 speed=0.25
02-28 09:09:55.247 13511 13544 D NavigationTest: 191: (28.035836, -82.493534, 0.250000)	R:true  F:false
02-28 09:09:55.247 13511 13544 D NavigationTest: 192: (28.035836, -82.493534, 0.250000)	R:true  F:false
02-28 09:09:55.247 13511 13544 D NavServiceProvider: Second to last stop coordinates: 28.035864, -82.491983
02-28 09:09:55.247 13511 13544 D NavServiceProvider: Setting units automatically
02-28 09:09:55.248 13511 13544 D NavServiceProvider: Detecting stop. distance_d=160.3889. stop_type=1 speed=1.25
02-28 09:09:55.248 13511 13544 D NavigationTest: 193: (28.035845, -82.493614, 1.250000)	R:true  F:false
02-28 09:09:55.248 13511 13544 D NavServiceProvider: Second to last stop coordinates: 28.035864, -82.491983
02-28 09:09:55.249 13511 13544 D NavServiceProvider: Setting units automatically
02-28 09:09:55.250 13511 13544 D NavServiceProvider: Detecting stop. distance_d=162.96455. stop_type=1 speed=1.0
02-28 09:09:55.250 13511 13544 D NavigationTest: 194: (28.035805, -82.493639, 1.000000)	R:true  F:false
02-28 09:09:55.250 13511 13544 D NavigationTest: 195: (28.035805, -82.493639, 1.000000)	R:true  F:false
02-28 09:09:55.250 13511 13544 D NavServiceProvider: Second to last stop coordinates: 28.035864, -82.491983
02-28 09:09:55.251 13511 13544 D NavServiceProvider: Setting units automatically
02-28 09:09:55.252 13511 13544 D NavServiceProvider: Detecting stop. distance_d=166.41287. stop_type=1 speed=1.5
02-28 09:09:55.252 13511 13544 D NavigationTest: 196: (28.035784, -82.493673, 1.500000)	R:true  F:false
02-28 09:09:55.252 13511 13544 D NavigationTest: 197: (28.035784, -82.493673, 1.500000)	R:true  F:false
02-28 09:09:55.253 13511 13544 D NavServiceProvider: Second to last stop coordinates: 28.035864, -82.491983
02-28 09:09:55.253 13511 13544 D NavServiceProvider: Setting units automatically
02-28 09:09:55.254 13511 13544 D NavServiceProvider: Detecting stop. distance_d=164.21385. stop_type=1 speed=0.75
02-28 09:09:55.254 13511 13544 D NavigationTest: 198: (28.035761, -82.493649, 0.750000)	R:true  F:false
02-28 09:09:55.254 13511 13544 D NavServiceProvider: Second to last stop coordinates: 28.035864, -82.491983
02-28 09:09:55.255 13511 13544 D NavServiceProvider: Setting units automatically
02-28 09:09:55.257 13511 13544 D NavServiceProvider: Detecting stop. distance_d=166.07816. stop_type=1 speed=1.5
02-28 09:09:55.257 13511 13544 D NavigationTest: 199: (28.035864, -82.493672, 1.500000)	R:true  F:false
02-28 09:09:55.257 13511 13544 D NavigationTest: 200: (28.035864, -82.493672, 1.500000)	R:true  F:false
02-28 09:09:55.257 13511 13544 D NavServiceProvider: Second to last stop coordinates: 28.035864, -82.491983
02-28 09:09:55.257 13511 13544 D NavServiceProvider: Setting units automatically
02-28 09:09:55.259 13511 13544 D NavServiceProvider: Detecting stop. distance_d=164.06728. stop_type=1 speed=1.75
02-28 09:09:55.259 13511 13544 D NavigationTest: 201: (28.035902, -82.493651, 1.750000)	R:true  F:false
02-28 09:09:55.259 13511 13544 D NavServiceProvider: Second to last stop coordinates: 28.035864, -82.491983
02-28 09:09:55.260 13511 13544 D NavServiceProvider: Setting units automatically
02-28 09:09:55.261 13511 13544 D NavServiceProvider: Detecting stop. distance_d=161.77933. stop_type=1 speed=1.25
02-28 09:09:55.261 13511 13544 D NavigationTest: 202: (28.035891, -82.493628, 1.250000)	R:true  F:false
02-28 09:09:55.261 13511 13544 D NavigationTest: 203: (28.035891, -82.493628, 1.250000)	R:true  F:false
02-28 09:09:55.261 13511 13544 D NavServiceProvider: Second to last stop coordinates: 28.035864, -82.491983
02-28 09:09:55.261 13511 13544 D NavServiceProvider: Setting units automatically
02-28 09:09:55.262 13511 13544 D NavServiceProvider: Detecting stop. distance_d=160.28534. stop_type=1 speed=1.0
02-28 09:09:55.263 13511 13544 D NavigationTest: 204: (28.035879, -82.493613, 1.000000)	R:true  F:false
02-28 09:09:55.263 13511 13544 D NavigationTest: 205: (28.035879, -82.493613, 1.000000)	R:true  F:false
02-28 09:09:55.263 13511 13544 D NavServiceProvider: Second to last stop coordinates: 28.035864, -82.491983
02-28 09:09:55.263 13511 13544 D NavServiceProvider: Setting units automatically
02-28 09:09:55.264 13511 13544 D NavServiceProvider: Detecting stop. distance_d=159.40045. stop_type=1 speed=1.0
02-28 09:09:55.264 13511 13544 D NavigationTest: 206: (28.035849, -82.493604, 1.000000)	R:true  F:false
02-28 09:09:55.264 13511 13544 D NavServiceProvider: Second to last stop coordinates: 28.035864, -82.491983
02-28 09:09:55.265 13511 13544 D NavServiceProvider: Setting units automatically
02-28 09:09:55.266 13511 13544 D NavServiceProvider: Detecting stop. distance_d=159.53204. stop_type=1 speed=0.75
02-28 09:09:55.266 13511 13544 D NavigationTest: 207: (28.035831, -82.493605, 0.750000)	R:true  F:false
02-28 09:09:55.266 13511 13544 D NavigationTest: 208: (28.035831, -82.493605, 0.750000)	R:true  F:false
02-28 09:09:55.266 13511 13544 D NavServiceProvider: Second to last stop coordinates: 28.035864, -82.491983
02-28 09:09:55.266 13511 13544 D NavServiceProvider: Setting units automatically
02-28 09:09:55.267 13511 13544 D NavServiceProvider: Detecting stop. distance_d=161.31503. stop_type=1 speed=0.75
02-28 09:09:55.267 13511 13544 D NavigationTest: 209: (28.035826, -82.493623, 0.750000)	R:true  F:false
02-28 09:09:55.267 13511 13544 D NavServiceProvider: Second to last stop coordinates: 28.035864, -82.491983
02-28 09:09:55.268 13511 13544 D NavServiceProvider: Setting units automatically
02-28 09:09:55.269 13511 13544 D NavServiceProvider: Detecting stop. distance_d=163.05351. stop_type=1 speed=0.75
02-28 09:09:55.269 13511 13544 D NavigationTest: 210: (28.035839, -82.493641, 0.750000)	R:true  F:false
02-28 09:09:55.269 13511 13544 D NavigationTest: 211: (28.035839, -82.493641, 0.750000)	R:true  F:false
02-28 09:09:55.269 13511 13544 D NavigationTest: 212: (28.035839, -82.493641, 0.750000)	R:true  F:false
02-28 09:09:55.269 13511 13544 D NavServiceProvider: Second to last stop coordinates: 28.035864, -82.491983
02-28 09:09:55.270 13511 13544 D NavServiceProvider: Setting units automatically
02-28 09:09:55.271 13511 13544 D NavServiceProvider: Detecting stop. distance_d=163.82034. stop_type=1 speed=0.75
02-28 09:09:55.271 13511 13544 D NavigationTest: 213: (28.035854, -82.493649, 0.750000)	R:true  F:false
02-28 09:09:55.271 13511 13544 D NavServiceProvider: Second to last stop coordinates: 28.035864, -82.491983
02-28 09:09:55.272 13511 13544 D NavServiceProvider: Setting units automatically
02-28 09:09:55.273 13511 13544 D NavServiceProvider: Detecting stop. distance_d=162.73872. stop_type=1 speed=0.75
02-28 09:09:55.273 13511 13544 D NavigationTest: 214: (28.035874, -82.493638, 0.750000)	R:true  F:false
02-28 09:09:55.273 13511 13544 D NavigationTest: 215: (28.035874, -82.493638, 0.750000)	R:true  F:false
02-28 09:09:55.273 13511 13544 D NavServiceProvider: Second to last stop coordinates: 28.035864, -82.491983
02-28 09:09:55.274 13511 13544 D NavServiceProvider: Setting units automatically
02-28 09:09:55.275 13511 13544 D NavServiceProvider: Detecting stop. distance_d=160.48718. stop_type=1 speed=1.0
02-28 09:09:55.275 13511 13544 D NavigationTest: 216: (28.035883, -82.493615, 1.000000)	R:true  F:false
02-28 09:09:55.275 13511 13544 D NavServiceProvider: Second to last stop coordinates: 28.035864, -82.491983
02-28 09:09:55.276 13511 13544 D NavServiceProvider: Setting units automatically
02-28 09:09:55.277 13511 13544 D NavServiceProvider: Detecting stop. distance_d=159.4104. stop_type=1 speed=0.75
02-28 09:09:55.277 13511 13544 D NavigationTest: 217: (28.035886, -82.493604, 0.750000)	R:true  F:false
02-28 09:09:55.277 13511 13544 D NavigationTest: 218: (28.035886, -82.493604, 0.750000)	R:true  F:false
02-28 09:09:55.277 13511 13544 D NavServiceProvider: Second to last stop coordinates: 28.035864, -82.491983
02-28 09:09:55.277 13511 13544 D NavServiceProvider: Setting units automatically
02-28 09:09:55.278 13511 13544 D NavServiceProvider: Detecting stop. distance_d=157.64616. stop_type=1 speed=0.75
02-28 09:09:55.278 13511 13544 D NavigationTest: 219: (28.035889, -82.493586, 0.750000)	R:true  F:false
02-28 09:09:55.278 13511 13544 D NavigationTest: 220: (28.035889, -82.493586, 0.750000)	R:true  F:false
02-28 09:09:55.278 13511 13544 D NavServiceProvider: Second to last stop coordinates: 28.035864, -82.491983
02-28 09:09:55.279 13511 13544 D NavServiceProvider: Setting units automatically
02-28 09:09:55.280 13511 13544 D NavServiceProvider: Detecting stop. distance_d=155.99573. stop_type=1 speed=0.75
02-28 09:09:55.280 13511 13544 D NavigationTest: 221: (28.035898, -82.493569, 0.750000)	R:true  F:false
02-28 09:09:55.280 13511 13544 D NavServiceProvider: Second to last stop coordinates: 28.035864, -82.491983
02-28 09:09:55.280 13511 13544 D NavServiceProvider: Setting units automatically
02-28 09:09:55.281 13511 13544 D NavServiceProvider: Detecting stop. distance_d=154.72057. stop_type=1 speed=0.75
02-28 09:09:55.282 13511 13544 D NavigationTest: 222: (28.035899, -82.493556, 0.750000)	R:true  F:false
02-28 09:09:55.282 13511 13544 D NavigationTest: 223: (28.035899, -82.493556, 0.750000)	R:true  F:false
02-28 09:09:55.282 13511 13544 D NavServiceProvider: Second to last stop coordinates: 28.035864, -82.491983
02-28 09:09:55.282 13511 13544 D NavServiceProvider: Setting units automatically
02-28 09:09:55.283 13511 13544 D NavServiceProvider: Detecting stop. distance_d=153.24065. stop_type=1 speed=0.75
02-28 09:09:55.283 13511 13544 D NavigationTest: 224: (28.035897, -82.493541, 0.750000)	R:true  F:false
02-28 09:09:55.283 13511 13544 D NavigationTest: 225: (28.035897, -82.493541, 0.750000)	R:true  F:false
02-28 09:09:55.283 13511 13544 D NavServiceProvider: Second to last stop coordinates: 28.035864, -82.491983
02-28 09:09:55.283 13511 13544 D NavServiceProvider: Setting units automatically
02-28 09:09:55.284 13511 13544 D NavServiceProvider: Detecting stop. distance_d=152.27505. stop_type=1 speed=0.75
02-28 09:09:55.285 13511 13544 D NavigationTest: 226: (28.035903, -82.493531, 0.750000)	R:true  F:false
02-28 09:09:55.285 13511 13544 D NavServiceProvider: Second to last stop coordinates: 28.035864, -82.491983
02-28 09:09:55.285 13511 13544 D NavServiceProvider: Setting units automatically
02-28 09:09:55.286 13511 13544 D NavServiceProvider: Detecting stop. distance_d=151.3163. stop_type=1 speed=0.75
02-28 09:09:55.286 13511 13544 D NavigationTest: 227: (28.035910, -82.493521, 0.750000)	R:true  F:false
02-28 09:09:55.286 13511 13544 D NavigationTest: 228: (28.035910, -82.493521, 0.750000)	R:true  F:false
02-28 09:09:55.286 13511 13544 D NavServiceProvider: Second to last stop coordinates: 28.035864, -82.491983
02-28 09:09:55.286 13511 13544 D NavServiceProvider: Setting units automatically
02-28 09:09:55.288 13511 13544 D NavServiceProvider: Detecting stop. distance_d=151.33188. stop_type=1 speed=0.75
02-28 09:09:55.288 13511 13544 D NavigationTest: 229: (28.035914, -82.493521, 0.750000)	R:true  F:false
02-28 09:09:55.288 13511 13544 D NavServiceProvider: Second to last stop coordinates: 28.035864, -82.491983
02-28 09:09:55.288 13511 13544 D NavServiceProvider: Setting units automatically
02-28 09:09:55.289 13511 13544 D NavServiceProvider: Detecting stop. distance_d=152.61734. stop_type=1 speed=1.0
02-28 09:09:55.289 13511 13544 D NavigationTest: 230: (28.035880, -82.493535, 1.000000)	R:true  F:false
02-28 09:09:55.289 13511 13544 D NavigationTest: 231: (28.035880, -82.493535, 1.000000)	R:true  F:false
02-28 09:09:55.289 13511 13544 D NavServiceProvider: Second to last stop coordinates: 28.035864, -82.491983
02-28 09:09:55.290 13511 13544 D NavServiceProvider: Setting units automatically
02-28 09:09:55.291 13511 13544 D NavServiceProvider: Detecting stop. distance_d=153.88857. stop_type=1 speed=1.0
02-28 09:09:55.291 13511 13544 D NavigationTest: 232: (28.035855, -82.493548, 1.000000)	R:true  F:false
02-28 09:09:55.291 13511 13544 D NavigationTest: 233: (28.035855, -82.493548, 1.000000)	R:true  F:false
02-28 09:09:55.291 13511 13544 D NavServiceProvider: Second to last stop coordinates: 28.035864, -82.491983
02-28 09:09:55.291 13511 13544 D NavServiceProvider: Setting units automatically
02-28 09:09:55.292 13511 13544 D NavServiceProvider: Detecting stop. distance_d=155.26764. stop_type=1 speed=1.0
02-28 09:09:55.292 13511 13544 D NavigationTest: 234: (28.035852, -82.493562, 1.000000)	R:true  F:false
02-28 09:09:55.292 13511 13544 D NavigationTest: 235: (28.035852, -82.493562, 1.000000)	R:true  F:false
02-28 09:09:55.292 13511 13544 D NavServiceProvider: Second to last stop coordinates: 28.035864, -82.491983
02-28 09:09:55.293 13511 13544 D NavServiceProvider: Setting units automatically
02-28 09:09:55.294 13511 13544 D NavServiceProvider: Detecting stop. distance_d=157.62282. stop_type=1 speed=1.0
02-28 09:09:55.294 13511 13544 D NavigationTest: 236: (28.035859, -82.493586, 1.000000)	R:true  F:false
02-28 09:09:55.294 13511 13544 D NavigationTest: 237: (28.035859, -82.493586, 1.000000)	R:true  F:false
02-28 09:09:55.294 13511 13544 D NavServiceProvider: Second to last stop coordinates: 28.035864, -82.491983
02-28 09:09:55.294 13511 13544 D NavServiceProvider: Setting units automatically
02-28 09:09:55.295 13511 13544 D NavServiceProvider: Detecting stop. distance_d=159.59953. stop_type=1 speed=1.25
02-28 09:09:55.295 13511 13544 D NavigationTest: 238: (28.035881, -82.493606, 1.250000)	R:true  F:false
02-28 09:09:55.295 13511 13544 D NavServiceProvider: Second to last stop coordinates: 28.035864, -82.491983
02-28 09:09:55.296 13511 13544 D NavServiceProvider: Setting units automatically
02-28 09:09:55.297 13511 13544 D NavServiceProvider: Detecting stop. distance_d=160.82646. stop_type=1 speed=2.75
02-28 09:09:55.297 13511 13544 D NavigationTest: 239: (28.035928, -82.493617, 2.750000)	R:true  F:false
02-28 09:09:55.297 13511 13544 D NavigationTest: 240: (28.035928, -82.493617, 2.750000)	R:true  F:false
02-28 09:09:55.297 13511 13544 D NavServiceProvider: Second to last stop coordinates: 28.035864, -82.491983
02-28 09:09:55.297 13511 13544 D NavServiceProvider: Setting units automatically
02-28 09:09:55.298 13511 13544 D NavServiceProvider: Detecting stop. distance_d=162.52972. stop_type=1 speed=3.25
02-28 09:09:55.298 13511 13544 D NavigationTest: 241: (28.035977, -82.493631, 3.250000)	R:true  F:false
02-28 09:09:55.298 13511 13544 D NavServiceProvider: Second to last stop coordinates: 28.035864, -82.491983
02-28 09:09:55.299 13511 13544 D NavServiceProvider: Setting units automatically
02-28 09:09:55.300 13511 13544 D NavServiceProvider: Detecting stop. distance_d=161.98346. stop_type=1 speed=2.5
02-28 09:09:55.300 13511 13544 D NavigationTest: 242: (28.036002, -82.493623, 2.500000)	R:true  F:false
02-28 09:09:55.300 13511 13544 D NavigationTest: 243: (28.036002, -82.493623, 2.500000)	R:true  F:false
02-28 09:09:55.300 13511 13544 D NavServiceProvider: Second to last stop coordinates: 28.035864, -82.491983
02-28 09:09:55.300 13511 13544 D NavServiceProvider: Setting units automatically
02-28 09:09:55.301 13511 13544 D NavServiceProvider: Detecting stop. distance_d=162.86711. stop_type=1 speed=2.25
02-28 09:09:55.301 13511 13544 D NavigationTest: 244: (28.036028, -82.493629, 2.250000)	R:true  F:false
02-28 09:09:55.301 13511 13544 D NavigationTest: 245: (28.036028, -82.493629, 2.250000)	R:true  F:false
02-28 09:09:55.301 13511 13544 D NavServiceProvider: Second to last stop coordinates: 28.035864, -82.491983
02-28 09:09:55.302 13511 13544 D NavServiceProvider: Setting units automatically
02-28 09:09:55.303 13511 13544 D NavServiceProvider: Detecting stop. distance_d=161.8472. stop_type=1 speed=2.0
02-28 09:09:55.303 13511 13544 D NavigationTest: 246: (28.036047, -82.493616, 2.000000)	R:true  F:false
02-28 09:09:55.303 13511 13544 D NavigationTest: 247: (28.036047, -82.493616, 2.000000)	R:true  F:false
02-28 09:09:55.303 13511 13544 D NavServiceProvider: Second to last stop coordinates: 28.035864, -82.491983
02-28 09:09:55.303 13511 13544 D NavServiceProvider: Setting units automatically
02-28 09:09:55.304 13511 13544 D NavServiceProvider: Detecting stop. distance_d=160.77576. stop_type=1 speed=1.5
02-28 09:09:55.304 13511 13544 D NavigationTest: 248: (28.036040, -82.493606, 1.500000)	R:true  F:false
02-28 09:09:55.304 13511 13544 D NavigationTest: 249: (28.036040, -82.493606, 1.500000)	R:true  F:false
02-28 09:09:55.304 13511 13544 D NavServiceProvider: Second to last stop coordinates: 28.035864, -82.491983
02-28 09:09:55.304 13511 13544 D NavServiceProvider: Setting units automatically
02-28 09:09:55.305 13511 13544 D NavServiceProvider: Detecting stop. distance_d=160.48486. stop_type=1 speed=0.5
02-28 09:09:55.306 13511 13544 D NavigationTest: 250: (28.036025, -82.493605, 0.500000)	R:true  F:false
02-28 09:09:55.306 13511 13544 D NavServiceProvider: Second to last stop coordinates: 28.035864, -82.491983
02-28 09:09:55.306 13511 13544 D NavServiceProvider: Setting units automatically
02-28 09:09:55.307 13511 13544 D NavServiceProvider: Detecting stop. distance_d=159.7329. stop_type=1 speed=0.5
02-28 09:09:55.307 13511 13544 D NavigationTest: 251: (28.036011, -82.493599, 0.500000)	R:true  F:false
02-28 09:09:55.307 13511 13544 D NavigationTest: 252: (28.036011, -82.493599, 0.500000)	R:true  F:false
02-28 09:09:55.307 13511 13544 D NavServiceProvider: Second to last stop coordinates: 28.035864, -82.491983
02-28 09:09:55.307 13511 13544 D NavServiceProvider: Setting units automatically
02-28 09:09:55.309 13511 13544 D NavServiceProvider: Detecting stop. distance_d=157.69849. stop_type=1 speed=0.75
02-28 09:09:55.309 13511 13544 D NavigationTest: 253: (28.036004, -82.493579, 0.750000)	R:true  F:false
02-28 09:09:55.309 13511 13544 D NavigationTest: 254: (28.036004, -82.493579, 0.750000)	R:true  F:false
02-28 09:09:55.309 13511 13544 D NavServiceProvider: Second to last stop coordinates: 28.035864, -82.491983
02-28 09:09:55.310 13511 13544 D NavServiceProvider: Setting units automatically
02-28 09:09:55.311 13511 13544 D NavServiceProvider: Detecting stop. distance_d=155.57886. stop_type=1 speed=1.25
02-28 09:09:55.311 13511 13544 D NavigationTest: 255: (28.035998, -82.493558, 1.250000)	R:true  F:false
02-28 09:09:55.311 13511 13544 D NavigationTest: 256: (28.035998, -82.493558, 1.250000)	R:true  F:false
02-28 09:09:55.311 13511 13544 D NavServiceProvider: Second to last stop coordinates: 28.035864, -82.491983
02-28 09:09:55.312 13511 13544 D NavServiceProvider: Setting units automatically
02-28 09:09:55.313 13511 13544 D NavServiceProvider: Detecting stop. distance_d=152.2845. stop_type=1 speed=1.75
02-28 09:09:55.313 13511 13544 D NavigationTest: 257: (28.035982, -82.493526, 1.750000)	R:true  F:false
02-28 09:09:55.313 13511 13544 D NavServiceProvider: Second to last stop coordinates: 28.035864, -82.491983
02-28 09:09:55.313 13511 13544 D NavServiceProvider: Setting units automatically
02-28 09:09:55.315 13511 13544 D NavServiceProvider: Detecting stop. distance_d=144.91357. stop_type=1 speed=5.25
02-28 09:09:55.315 13511 13544 D NavigationTest: 258: (28.035969, -82.493452, 5.250000)	R:true  F:false
02-28 09:09:55.315 13511 13544 D NavigationTest: 259: (28.035969, -82.493452, 5.250000)	R:true  F:false
02-28 09:09:55.315 13511 13544 D NavServiceProvider: Second to last stop coordinates: 28.035864, -82.491983
02-28 09:09:55.315 13511 13544 D NavServiceProvider: Setting units automatically
02-28 09:09:55.316 13511 13544 D NavServiceProvider: Detecting stop. distance_d=133.8379. stop_type=1 speed=5.75
02-28 09:09:55.316 13511 13544 D NavigationTest: 260: (28.035848, -82.493344, 5.750000)	R:true  F:false
02-28 09:09:55.316 13511 13544 D NavServiceProvider: Second to last stop coordinates: 28.035864, -82.491983
02-28 09:09:55.317 13511 13544 D NavServiceProvider: Setting units automatically
02-28 09:09:55.318 13511 13544 D NavServiceProvider: Detecting stop. distance_d=129.30685. stop_type=1 speed=5.5
02-28 09:09:55.318 13511 13544 D NavigationTest: 261: (28.035855, -82.493298, 5.500000)	R:true  F:false
02-28 09:09:55.318 13511 13544 D NavigationTest: 262: (28.035855, -82.493298, 5.500000)	R:true  F:false
02-28 09:09:55.318 13511 13544 D NavServiceProvider: Second to last stop coordinates: 28.035864, -82.491983
02-28 09:09:55.318 13511 13544 D NavServiceProvider: Setting units automatically
02-28 09:09:55.319 13511 13544 D NavServiceProvider: Detecting stop. distance_d=126.66752. stop_type=1 speed=4.75
02-28 09:09:55.319 13511 13544 D NavigationTest: 263: (28.035844, -82.493271, 4.750000)	R:true  F:false
02-28 09:09:55.319 13511 13544 D NavServiceProvider: Second to last stop coordinates: 28.035864, -82.491983
02-28 09:09:55.320 13511 13544 D NavServiceProvider: Setting units automatically
02-28 09:09:55.321 13511 13544 D NavServiceProvider: Detecting stop. distance_d=122.79906. stop_type=1 speed=4.75
02-28 09:09:55.321 13511 13544 D NavigationTest: 264: (28.035823, -82.493231, 4.750000)	R:true  F:false
02-28 09:09:55.321 13511 13544 D NavigationTest: 265: (28.035823, -82.493231, 4.750000)	R:true  F:false
02-28 09:09:55.321 13511 13544 D NavServiceProvider: Second to last stop coordinates: 28.035864, -82.491983
02-28 09:09:55.321 13511 13544 D NavServiceProvider: Setting units automatically
02-28 09:09:55.322 13511 13544 D NavServiceProvider: Detecting stop. distance_d=114.01214. stop_type=1 speed=5.75
02-28 09:09:55.322 13511 13544 D NavigationTest: 266: (28.035834, -82.493142, 5.750000)	R:true  F:false
02-28 09:09:55.323 13511 13544 D NavServiceProvider: Second to last stop coordinates: 28.035864, -82.491983
02-28 09:09:55.323 13511 13544 D NavServiceProvider: Setting units automatically
02-28 09:09:55.324 13511 13544 D NavServiceProvider: Detecting stop. distance_d=106.25117. stop_type=1 speed=6.0
02-28 09:09:55.324 13511 13544 D NavigationTest: 267: (28.035895, -82.493063, 6.000000)	R:true  F:false
02-28 09:09:55.324 13511 13544 D NavigationTest: 268: (28.035895, -82.493063, 6.000000)	R:true  F:false
02-28 09:09:55.324 13511 13544 D NavServiceProvider: Second to last stop coordinates: 28.035864, -82.491983
02-28 09:09:55.325 13511 13544 D NavServiceProvider: Setting units automatically
02-28 09:09:55.326 13511 13544 D NavServiceProvider: Detecting stop. distance_d=89.291306. stop_type=1 speed=8.25
02-28 09:09:55.326 13511 13544 D NavServiceProvider: Case 1: false
