02-28 09:09:30.834 13511 13544 I TestRunner: started: testTrip16C(org.onebusaway.android.nav.test.NavigationTest)
02-28 09:09:30.835 13511 13511 I MonitoringInstr: Activities that are still in CREATED to STOPPED: 0
02-28 09:09:30.842 13511 13544 D NavServiceProvider: Creating NavigationServiceProvider...
02-28 09:09:30.842 13511 13544 D NavServiceProvider: Starting navigation for service
02-28 09:09:30.842 13511 13544 D NavServiceProvider: ProximityCalculator initializing...
02-28 09:09:30.842 13511 13544 D NavServiceProvider: Initializing ProximityCalculator
02-28 09:09:30.842 13511 13544 D NavServiceProvider: Number of path links: 1
02-28 09:09:30.842 13511 13544 D NavServiceProvider: Second to last stop coordinates: 28.058073, -82.416129
02-28 09:09:30.843 13511 13544 D NavServiceProvider: Setting units automatically
02-28 09:09:30.845 13511 13544 D NavServiceProvider: Detecting stop. distance_d=331.29025. stop_type=1 speed=0.0
02-28 09:09:30.845 13511 13544 D NavigationTest: 0: (28.059194, -82.413005, 0.000000)	R:false  F:false
02-28 09:09:30.845 13511 13544 D NavServiceProvider: Second to last stop coordinates: 28.058073, -82.416129
02-28 09:09:30.846 13511 13544 D NavServiceProvider: Setting units automatically
02-28 09:09:30.847 13579 13612 I GoogleTTSServiceImpl: Synthesis request for locale eng-USA and name en-US-language
02-28 09:09:30.847 13511 13544 D NavServiceProvider: Detecting stop. distance_d=331.29025. stop_type=1 speed=0.0
02-28 09:09:30.847 13511 13544 D NavigationTest: 1: (28.059194, -82.413005, 0.000000)	R:false  F:false
02-28 09:09:30.847 13511 13544 D NavigationTest: 2: (28.059194, -82.413005, 0.000000)	R:false  F:false
02-28 09:09:30.847 13511 13544 D NavServiceProvider: Second to last stop coordinates: 28.058073, -82.416129
02-28 09:09:30.847 13511 13544 D NavServiceProvider: Setting units automatically
02-28 09:09:30.847 13579 13612 I GoogleTTSServiceImpl: TTS dispatch: en-us-x-iog-seanet-embedded
02-28 09:09:30.848 13511 13544 D NavServiceProvider: Detecting stop. distance_d=331.29025. stop_type=1 speed=0.0
02-28 09:09:30.849 13511 13544 D NavigationTest: 3: (28.059194, -82.413005, 0.000000)	R:false  F:false
02-28 09:09:30.849 13511 13544 D NavigationTest: 4: (28.059194, -82.413005, 0.000000)	R:false  F:false
02-28 09:09:30.849 13511 13544 D NavServiceProvider: Second to last stop coordinates: 28.058073, -82.416129
02-28 09:09:30.849 13511 13544 D NavServiceProvider: Setting units automatically
02-28 09:09:30.850 13511 13544 D NavServiceProvider: Detecting stop. distance_d=331.29025. stop_type=1 speed=0.0
02-28 09:09:30.851 13511 13544 D NavigationTest: 5: (28.059194, -82.413005, 0.000000)	R:false  F:false
02-28 09:09:30.851 13511 13544 D NavigationTest: 6: (28.059194, -82.413005, 0.000000)	R:false  F:false
02-28 09:09:30.851 13511 13544 D NavServiceProvider: Second to last stop coordinates: 28.058073, -82.416129
02-28 09:09:30.851 13511 13544 D NavServiceProvider: Setting units automatically
02-28 09:09:30.852 13511 13544 D NavServiceProvider: Detecting stop. distance_d=331.29025. stop_type=1 speed=0.0
02-28 09:09:30.852 13511 13544 D NavigationTest: 7: (28.059194, -82.413005, 0.000000)	R:false  F:false
02-28 09:09:30.853 13511 13544 D NavigationTest: 8: (28.059194, -82.413005, 0.000000)	R:false  F:false
02-28 09:09:30.853 13511 13544 D NavServiceProvider: Second to last stop coordinates: 28.058073, -82.416129
02-28 09:09:30.853 13511 13544 D NavServiceProvider: Setting units automatically
02-28 09:09:30.854 13511 13544 D NavServiceProvider: Detecting stop. distance_d=331.29025. stop_type=1 speed=0.0
02-28 09:09:30.854 13511 13544 D NavigationTest: 9: (28.059194, -82.413005, 0.000000)	R:false  F:false
02-28 09:09:30.854 13511 13544 D NavigationTest: 10: (28.059194, -82.413005, 0.000000)	R:false  F:false
02-28 09:09:30.854 13511 13544 D NavServiceProvider: Second to last stop coordinates: 28.058073, -82.416129
02-28 09:09:30.855 13511 13544 D NavServiceProvider: Setting units automatically
02-28 09:09:30.856 13511 13544 D NavServiceProvider: Detecting stop. distance_d=331.29025. stop_type=1 speed=0.0
02-28 09:09:30.856 13511 13544 D NavigationTest: 11: (28.059194, -82.413005, 0.000000)	R:false  F:false
02-28 09:09:30.856 13511 13544 D NavigationTest: 12: (28.059194, -82.413005, 0.000000)	R:false  F:false
02-28 09:09:30.856 13511 13544 D NavServiceProvider: Second to last stop coordinates: 28.058073, -82.416129
02-28 09:09:30.856 13511 13544 D NavServiceProvider: Setting units automatically
02-28 09:09:30.858 13511 13544 D NavServiceProvider: Detecting stop. distance_d=331.29025. stop_type=1 speed=0.0
02-28 09:09:30.858 13511 13544 D NavigationTest: 13: (28.059194, -82.413005, 0.000000)	R:false  F:false
02-28 09:09:30.858 13511 13544 D NavigationTest: 14: (28.059194, -82.413005, 0.000000)	R:false  F:false
02-28 09:09:30.858 13511 13544 D NavServiceProvider: Second to last stop coordinates: 28.058073, -82.416129
02-28 09:09:30.859 13511 13544 D NavServiceProvider: Setting units automatically
02-28 09:09:30.860 13511 13544 D NavServiceProvider: Detecting stop. distance_d=331.29025. stop_type=1 speed=0.0
02-28 09:09:30.860 13511 13544 D NavigationTest: 15: (28.059194, -82.413005, 0.000000)	R:false  F:false
02-28 09:09:30.860 13511 13544 D NavigationTest: 16: (28.059194, -82.413005, 0.000000)	R:false  F:false
02-28 09:09:30.860 13511 13544 D NavServiceProvider: Second to last stop coordinates: 28.058073, -82.416129
02-28 09:09:30.861 13511 13544 D NavServiceProvider: Setting units automatically
02-28 09:09:30.862 13511 13544 D NavServiceProvider: Detecting stop. distance_d=331.29025. stop_type=1 speed=0.0
02-28 09:09:30.862 13511 13544 D NavigationTest: 17: (28.059194, -82.413005, 0.000000)	R:false  F:false
02-28 09:09:30.862 13511 13544 D NavigationTest: 18: (28.059194, -82.413005, 0.000000)	R:false  F:false
02-28 09:09:30.862 13511 13544 D NavServiceProvider: Second to last stop coordinates: 28.058073, -82.416129
02-28 09:09:30.863 13511 13544 D NavServiceProvider: Setting units automatically
02-28 09:09:30.864 13511 13544 D NavServiceProvider: Detecting stop. distance_d=331.16135. stop_type=1 speed=1.140702
02-28 09:09:30.864 13511 13544 D NavigationTest: 19: (28.059204, -82.413011, 1.140702)	R:false  F:false
02-28 09:09:30.864 13511 13544 D NavigationTest: 20: (28.059204, -82.413011, 1.140702)	R:false  F:false
02-28 09:09:30.864 13511 13544 D NavServiceProvider: Second to last stop coordinates: 28.058073, -82.416129
02-28 09:09:30.864 13511 13544 D NavServiceProvider: Setting units automatically
02-28 09:09:30.865 13511 13544 D NavServiceProvider: Detecting stop. distance_d=334.0722. stop_type=1 speed=2.060607
02-28 09:09:30.865 13511 13544 D NavigationTest: 21: (28.059251, -82.413001, 2.060607)	R:false  F:false
02-28 09:09:30.865 13511 13544 D NavigationTest: 22: (28.059251, -82.413001, 2.060607)	R:false  F:false
02-28 09:09:30.865 13511 13544 D NavServiceProvider: Second to last stop coordinates: 28.058073, -82.416129
02-28 09:09:30.866 13511 13544 D NavServiceProvider: Setting units automatically
02-28 09:09:30.867 13511 13544 D NavServiceProvider: Detecting stop. distance_d=330.7168. stop_type=1 speed=2.430021
02-28 09:09:30.867 13511 13544 D NavigationTest: 23: (28.059232, -82.413029, 2.430021)	R:false  F:false
02-28 09:09:30.867 13511 13544 D NavServiceProvider: Second to last stop coordinates: 28.058073, -82.416129
02-28 09:09:30.868 13511 13544 D NavServiceProvider: Setting units automatically
02-28 09:09:30.870 13511 13544 D NavServiceProvider: Detecting stop. distance_d=331.33792. stop_type=1 speed=2.800446
02-28 09:09:30.870 13511 13544 D NavigationTest: 24: (28.059271, -82.413041, 2.800446)	R:false  F:false
02-28 09:09:30.870 13511 13544 D NavigationTest: 25: (28.059271, -82.413041, 2.800446)	R:false  F:false
02-28 09:09:30.870 13511 13544 D NavServiceProvider: Second to last stop coordinates: 28.058073, -82.416129
02-28 09:09:30.870 13511 13544 D NavServiceProvider: Setting units automatically
02-28 09:09:30.872 13511 13544 D NavServiceProvider: Detecting stop. distance_d=330.84265. stop_type=1 speed=4.230579
02-28 09:09:30.872 13511 13544 D NavigationTest: 26: (28.059296, -82.413059, 4.230579)	R:false  F:false
02-28 09:09:30.872 13511 13544 D NavServiceProvider: Second to last stop coordinates: 28.058073, -82.416129
02-28 09:09:30.872 13511 13544 D NavServiceProvider: Setting units automatically
02-28 09:09:30.874 13511 13544 D NavServiceProvider: Detecting stop. distance_d=330.96494. stop_type=1 speed=4.020448
02-28 09:09:30.874 13511 13544 D NavigationTest: 27: (28.059324, -82.413072, 4.020448)	R:false  F:false
02-28 09:09:30.874 13511 13544 D NavigationTest: 28: (28.059324, -82.413072, 4.020448)	R:false  F:false
02-28 09:09:30.874 13511 13544 D NavServiceProvider: Second to last stop coordinates: 28.058073, -82.416129
02-28 09:09:30.874 13511 13544 D NavServiceProvider: Setting units automatically
02-28 09:09:30.876 13511 13544 D NavServiceProvider: Detecting stop. distance_d=332.02792. stop_type=1 speed=5.021434
02-28 09:09:30.876 13511 13544 D NavigationTest: 29: (28.059371, -82.413085, 5.021434)	R:false  F:false
02-28 09:09:30.876 13511 13544 D NavigationTest: 30: (28.059371, -82.413085, 5.021434)	R:false  F:false
02-28 09:09:30.876 13511 13544 D NavServiceProvider: Second to last stop coordinates: 28.058073, -82.416129
02-28 09:09:30.876 13511 13544 D NavServiceProvider: Setting units automatically
02-28 09:09:30.877 13511 13544 D NavServiceProvider: Detecting stop. distance_d=335.413. stop_type=1 speed=5.410037
02-28 09:09:30.877 13511 13544 D NavigationTest: 31: (28.059433, -82.413081, 5.410037)	R:false  F:false
02-28 09:09:30.877 13511 13544 D NavigationTest: 32: (28.059433, -82.413081, 5.410037)	R:false  F:false
02-28 09:09:30.877 13511 13544 D NavServiceProvider: Second to last stop coordinates: 28.058073, -82.416129
02-28 09:09:30.878 13511 13544 D NavServiceProvider: Setting units automatically
02-28 09:09:30.879 13511 13544 D NavServiceProvider: Detecting stop. distance_d=336.25732. stop_type=1 speed=5.320762
02-28 09:09:30.879 13511 13544 D NavigationTest: 33: (28.059462, -82.413088, 5.320762)	R:false  F:false
02-28 09:09:30.879 13511 13544 D NavigationTest: 34: (28.059462, -82.413088, 5.320762)	R:false  F:false
02-28 09:09:30.879 13511 13544 D NavServiceProvider: Second to last stop coordinates: 28.058073, -82.416129
02-28 09:09:30.879 13511 13544 D NavServiceProvider: Setting units automatically
02-28 09:09:30.880 13511 13544 D NavServiceProvider: Detecting stop. distance_d=338.2768. stop_type=1 speed=5.130088
02-28 09:09:30.880 13511 13544 D NavigationTest: 35: (28.059518, -82.413098, 5.130088)	R:false  F:false
02-28 09:09:30.880 13511 13544 D NavServiceProvider: Second to last stop coordinates: 28.058073, -82.416129
02-28 09:09:30.881 13511 13544 D NavServiceProvider: Setting units automatically
02-28 09:09:30.882 13511 13544 D NavServiceProvider: Detecting stop. distance_d=340.1573. stop_type=1 speed=4.731279
02-28 09:09:30.882 13511 13544 D NavigationTest: 36: (28.059579, -82.413114, 4.731279)	R:false  F:false
02-28 09:09:30.882 13511 13544 D NavigationTest: 37: (28.059579, -82.413114, 4.731279)	R:false  F:false
02-28 09:09:30.882 13511 13544 D NavigationTest: 38: (28.059579, -82.413114, 4.731279)	R:false  F:false
02-28 09:09:30.882 13511 13544 D NavServiceProvider: Second to last stop coordinates: 28.058073, -82.416129
02-28 09:09:30.882 13511 13544 D NavServiceProvider: Setting units automatically
02-28 09:09:30.883 13511 13544 D NavServiceProvider: Detecting stop. distance_d=338.61105. stop_type=1 speed=4.16346
02-28 09:09:30.883 13511 13544 D NavigationTest: 39: (28.059596, -82.413143, 4.163460)	R:false  F:false
02-28 09:09:30.883 13511 13544 D NavigationTest: 40: (28.059596, -82.413143, 4.163460)	R:false  F:false
02-28 09:09:30.883 13511 13544 D NavServiceProvider: Second to last stop coordinates: 28.058073, -82.416129
02-28 09:09:30.884 13511 13544 D NavServiceProvider: Setting units automatically
02-28 09:09:30.885 13511 13544 D NavServiceProvider: Detecting stop. distance_d=337.06247. stop_type=1 speed=4.414703
02-28 09:09:30.885 13511 13544 D NavigationTest: 41: (28.059620, -82.413177, 4.414703)	R:false  F:false
02-28 09:09:30.885 13511 13544 D NavServiceProvider: Second to last stop coordinates: 28.058073, -82.416129
02-28 09:09:30.885 13511 13544 D NavServiceProvider: Setting units automatically
02-28 09:09:30.886 13511 13544 D NavServiceProvider: Detecting stop. distance_d=334.16623. stop_type=1 speed=3.775725
02-28 09:09:30.886 13511 13544 D NavigationTest: 42: (28.059627, -82.413216, 3.775725)	R:false  F:false
02-28 09:09:30.886 13511 13544 D NavigationTest: 43: (28.059627, -82.413216, 3.775725)	R:false  F:false
02-28 09:09:30.886 13511 13544 D NavServiceProvider: Second to last stop coordinates: 28.058073, -82.416129
02-28 09:09:30.887 13511 13544 D NavServiceProvider: Setting units automatically
02-28 09:09:30.888 13511 13544 D NavServiceProvider: Detecting stop. distance_d=330.56744. stop_type=1 speed=3.44093
02-28 09:09:30.888 13511 13544 D NavigationTest: 44: (28.059620, -82.413254, 3.440930)	R:false  F:false
02-28 09:09:30.888 13511 13544 D NavServiceProvider: Second to last stop coordinates: 28.058073, -82.416129
02-28 09:09:30.888 13511 13544 D NavServiceProvider: Setting units automatically
02-28 09:09:30.889 13511 13544 D NavServiceProvider: Detecting stop. distance_d=327.57742. stop_type=1 speed=2.835719
02-28 09:09:30.889 13511 13544 D NavigationTest: 45: (28.059606, -82.413280, 2.835719)	R:false  F:false
02-28 09:09:30.889 13511 13544 D NavigationTest: 46: (28.059606, -82.413280, 2.835719)	R:false  F:false
02-28 09:09:30.889 13511 13544 D NavServiceProvider: Second to last stop coordinates: 28.058073, -82.416129
02-28 09:09:30.889 13511 13544 D NavServiceProvider: Setting units automatically
02-28 09:09:30.891 13511 13544 D NavServiceProvider: Detecting stop. distance_d=325.23334. stop_type=1 speed=2.814551
02-28 09:09:30.891 13511 13544 D NavigationTest: 47: (28.059593, -82.413299, 2.814551)	R:false  F:false
02-28 09:09:30.891 13511 13544 D NavigationTest: 48: (28.059593, -82.413299, 2.814551)	R:false  F:false
02-28 09:09:30.891 13511 13544 D NavServiceProvider: Second to last stop coordinates: 28.058073, -82.416129
02-28 09:09:30.891 13511 13544 D NavServiceProvider: Setting units automatically
02-28 09:09:30.892   871   911 D msm8974_platform: platform_split_snd_device: snd_device(2) num devices(1) new_snd_devices(0)
02-28 09:09:30.892   871   911 D ACDB-LOADER: ACDB -> send_audvoltable
02-28 09:09:30.892   871   911 D ACDB-LOADER: ACDB -> ACDB_CMD_GET_AUDPROC_VOL_STEP_TABLE_SIZE
02-28 09:09:30.892   871   911 D ACDB-LOADER: ACDB -> ACDB_CMD_GET_AUDPROC_GAIN_DEP_STEP_TABLE, vol index 0
02-28 09:09:30.892   871   911 D         : Failed to fetch the lookup information of the device 0000000F
02-28 09:09:30.892   871   911 E ACDB-LOADER: Error: ACDB AudProc vol returned = -19
02-28 09:09:30.892   871   911 D ACDB-LOADER: ACDB -> AUDIO_SET_VOL_CAL cal type = 40
02-28 09:09:30.892 13511 13544 D NavServiceProvider: Detecting stop. distance_d=321.63855. stop_type=1 speed=3.391784
02-28 09:09:30.892 13511 13544 D NavigationTest: 49: (28.059564, -82.413322, 3.391784)	R:false  F:false
02-28 09:09:30.892 13511 13544 D NavServiceProvider: Second to last stop coordinates: 28.058073, -82.416129
02-28 09:09:30.893 13511 13544 D NavServiceProvider: Setting units automatically
02-28 09:09:30.893   871   911 D msm8974_platform: platform_split_snd_device: snd_device(2) num devices(1) new_snd_devices(0)
02-28 09:09:30.894 13511 13544 D NavServiceProvider: Detecting stop. distance_d=317.07657. stop_type=1 speed=5.640886
02-28 09:09:30.894 13511 13544 D NavigationTest: 50: (28.059490, -82.413327, 5.640886)	R:false  F:false
02-28 09:09:30.894 13511 13544 D NavigationTest: 51: (28.059490, -82.413327, 5.640886)	R:false  F:false
02-28 09:09:30.894 13511 13544 D NavServiceProvider: Second to last stop coordinates: 28.058073, -82.416129
02-28 09:09:30.895 13511 13544 D NavServiceProvider: Setting units automatically
02-28 09:09:30.895   871  6793 V EffectDiracSound: DiracSound_command() start, cmdCode=20
02-28 09:09:30.895   871  6793 V EffectDiracSound: DiracSound_Command EFFECT_CMD_OFFLOAD
02-28 09:09:30.895   871   911 V EffectDiracSound: DiracSound_command() start, cmdCode=1
02-28 09:09:30.895   871   911 V EffectDiracSound: DiracSound_setConfig start
02-28 09:09:30.895   871   911 I EffectDiracSound: DiracSound_updateState(), enable=0, hifi=0, device=0x2, headset=5, samplingRate=48000
02-28 09:09:30.895   871   911 I EffectDiracSound: DiracSound_updateState(), mode=0, music=0, movie=0, reset=0
02-28 09:09:30.895   871   911 I EffectDiracSound: DiracSound_updateState(), Speaker Movie/Stereo Mode is not supported. Stop update state.
02-28 09:09:30.895   871   911 W EffectHAL: Effect 0xe4b38cd0 command SET_CONFIG returned status: Invalid argument
02-28 09:09:30.895   871   911 V EffectDiracSound: DiracSound_command() start, cmdCode=1
02-28 09:09:30.895   871   911 V EffectDiracSound: DiracSound_setConfig start
02-28 09:09:30.895   871   911 I EffectDiracSound: DiracSound_updateState(), enable=0, hifi=0, device=0x2, headset=5, samplingRate=48000
02-28 09:09:30.895   871   911 I EffectDiracSound: DiracSound_updateState(), mode=0, music=0, movie=0, reset=0
02-28 09:09:30.895   871   911 I EffectDiracSound: DiracSound_updateState(), Speaker Movie/Stereo Mode is not supported. Stop update state.
02-28 09:09:30.896   871   871 V EffectDiracSound: DiracSound_command() start, cmdCode=9
02-28 09:09:30.896   871   871 V EffectDiracSound: DiracSound_Command EFFECT_CMD_SET_DEVICE: 0x00000002
02-28 09:09:30.896   871  7501 V EffectDiracSound: DiracSound_command() start, cmdCode=11
02-28 09:09:30.896   871  7501 V EffectDiracSound: DiracSound_Command EFFECT_CMD_SET_AUDIO_MODE: 0
02-28 09:09:30.896 13511 13544 D NavServiceProvider: Detecting stop. distance_d=313.10135. stop_type=1 speed=6.46007
02-28 09:09:30.896 13511 13544 D NavigationTest: 52: (28.059434, -82.413338, 6.460070)	R:false  F:false
02-28 09:09:30.896 13511 13544 D NavServiceProvider: Second to last stop coordinates: 28.058073, -82.416129
02-28 09:09:30.897 13511 13544 D NavServiceProvider: Setting units automatically
02-28 09:09:30.898 13511 13544 D NavServiceProvider: Detecting stop. distance_d=308.13242. stop_type=1 speed=7.310028
02-28 09:09:30.898 13511 13544 D NavigationTest: 53: (28.059364, -82.413353, 7.310028)	R:false  F:false
02-28 09:09:30.898 13511 13544 D NavigationTest: 54: (28.059364, -82.413353, 7.310028)	R:false  F:false
02-28 09:09:30.898 13511 13544 D NavServiceProvider: Second to last stop coordinates: 28.058073, -82.416129
02-28 09:09:30.898 13511 13544 D NavServiceProvider: Setting units automatically
02-28 09:09:30.899 13511 13544 D NavServiceProvider: Detecting stop. distance_d=302.83508. stop_type=1 speed=8.470095
02-28 09:09:30.899 13511 13544 D NavigationTest: 55: (28.059274, -82.413362, 8.470095)	R:false  F:false
02-28 09:09:30.899 13511 13544 D NavigationTest: 56: (28.059274, -82.413362, 8.470095)	R:false  F:false
02-28 09:09:30.899 13511 13544 D NavServiceProvider: Second to last stop coordinates: 28.058073, -82.416129
02-28 09:09:30.900 13511 13544 D NavServiceProvider: Setting units automatically
02-28 09:09:30.901 13511 13544 D NavServiceProvider: Detecting stop. distance_d=298.265. stop_type=1 speed=8.860023
02-28 09:09:30.901 13511 13544 D NavigationTest: 57: (28.059173, -82.413360, 8.860023)	R:false  F:false
02-28 09:09:30.901 13511 13544 D NavServiceProvider: Second to last stop coordinates: 28.058073, -82.416129
02-28 09:09:30.901 13511 13544 D NavServiceProvider: Setting units automatically
02-28 09:09:30.902 13511 13544 D NavServiceProvider: Detecting stop. distance_d=293.36588. stop_type=1 speed=9.020006
02-28 09:09:30.902 13511 13544 D NavigationTest: 58: (28.059086, -82.413372, 9.020006)	R:false  F:false
02-28 09:09:30.902 13511 13544 D NavigationTest: 59: (28.059086, -82.413372, 9.020006)	R:false  F:false
02-28 09:09:30.902 13511 13544 D NavServiceProvider: Second to last stop coordinates: 28.058073, -82.416129
02-28 09:09:30.903 13511 13544 D NavServiceProvider: Setting units automatically
02-28 09:09:30.903 13511 13544 D NavServiceProvider: Detecting stop. distance_d=291.78595. stop_type=1 speed=8.420024
02-28 09:09:30.904 13511 13544 D NavigationTest: 60: (28.059021, -82.413360, 8.420024)	R:false  F:false
02-28 09:09:30.904 13511 13544 D NavigationTest: 61: (28.059021, -82.413360, 8.420024)	R:false  F:false
02-28 09:09:30.904 13511 13544 D NavServiceProvider: Second to last stop coordinates: 28.058073, -82.416129
02-28 09:09:30.904 13511 13544 D NavServiceProvider: Setting units automatically
02-28 09:09:30.905 13511 13544 D NavServiceProvider: Detecting stop. distance_d=291.78864. stop_type=1 speed=8.330006
02-28 09:09:30.905 13511 13544 D NavigationTest: 62: (28.058949, -82.413330, 8.330006)	R:false  F:false
02-28 09:09:30.905 13511 13544 D NavigationTest: 63: (28.058949, -82.413330, 8.330006)	R:false  F:false
02-28 09:09:30.905 13511 13544 D NavServiceProvider: Second to last stop coordinates: 28.058073, -82.416129
02-28 09:09:30.905 13511 13544 D NavServiceProvider: Setting units automatically
02-28 09:09:30.906 13511 13544 D NavServiceProvider: Detecting stop. distance_d=286.8274. stop_type=1 speed=9.480047
02-28 09:09:30.906 13511 13544 D NavigationTest: 64: (28.058833, -82.413340, 9.480047)	R:false  F:false
02-28 09:09:30.906 13511 13544 D NavigationTest: 65: (28.058833, -82.413340, 9.480047)	R:false  F:false
02-28 09:09:30.906 13511 13544 D NavServiceProvider: Second to last stop coordinates: 28.058073, -82.416129
02-28 09:09:30.907 13511 13544 D NavServiceProvider: Setting units automatically
02-28 09:09:30.908 13511 13544 D NavServiceProvider: Detecting stop. distance_d=286.0056. stop_type=1 speed=8.510054
02-28 09:09:30.908 13511 13544 D NavigationTest: 66: (28.058783, -82.413332, 8.510054)	R:false  F:false
02-28 09:09:30.908 13511 13544 D NavigationTest: 67: (28.058783, -82.413332, 8.510054)	R:false  F:false
02-28 09:09:30.908 13511 13544 D NavServiceProvider: Second to last stop coordinates: 28.058073, -82.416129
02-28 09:09:30.908 13511 13544 D NavServiceProvider: Setting units automatically
02-28 09:09:30.909 13511 13544 D NavServiceProvider: Detecting stop. distance_d=282.7713. stop_type=1 speed=8.950089
02-28 09:09:30.909 13511 13544 D NavigationTest: 68: (28.058690, -82.413338, 8.950089)	R:false  F:false
02-28 09:09:30.909 13511 13544 D NavServiceProvider: Second to last stop coordinates: 28.058073, -82.416129
02-28 09:09:30.909 13511 13544 D NavServiceProvider: Setting units automatically
02-28 09:09:30.910 13511 13544 D NavServiceProvider: Detecting stop. distance_d=274.75363. stop_type=1 speed=11.230018
02-28 09:09:30.910 13511 13544 D NavigationTest: 69: (28.058520, -82.413380, 11.230018)	R:false  F:false
02-28 09:09:30.910 13511 13544 D NavigationTest: 70: (28.058520, -82.413380, 11.230018)	R:false  F:false
02-28 09:09:30.910 13511 13544 D NavServiceProvider: Second to last stop coordinates: 28.058073, -82.416129
02-28 09:09:30.911 13511 13544 D NavServiceProvider: Setting units automatically
02-28 09:09:30.912 13511 13544 D NavServiceProvider: Detecting stop. distance_d=260.1969. stop_type=1 speed=9.440021
02-28 09:09:30.912 13511 13544 D NavigationTest: 71: (28.058548, -82.413537, 9.440021)	R:false  F:false
02-28 09:09:30.912 13511 13544 D NavigationTest: 72: (28.058548, -82.413537, 9.440021)	R:false  F:false
02-28 09:09:30.912 13511 13544 D NavigationTest: 73: (28.058548, -82.413537, 9.440021)	R:false  F:false
02-28 09:09:30.912 13511 13544 D NavServiceProvider: Second to last stop coordinates: 28.058073, -82.416129
02-28 09:09:30.912 13511 13544 D NavServiceProvider: Setting units automatically
02-28 09:09:30.913 13511 13544 D NavServiceProvider: Detecting stop. distance_d=259.87695. stop_type=1 speed=9.310006
02-28 09:09:30.913 13511 13544 D NavigationTest: 74: (28.058445, -82.413519, 9.310006)	R:false  F:false
02-28 09:09:30.913 13511 13544 D NavServiceProvider: Second to last stop coordinates: 28.058073, -82.416129
02-28 09:09:30.914 13511 13544 D NavServiceProvider: Setting units automatically
02-28 09:09:30.914 13511 13544 D NavServiceProvider: Detecting stop. distance_d=258.78433. stop_type=1 speed=10.490076
02-28 09:09:30.915 13511 13544 D NavigationTest: 75: (28.058299, -82.413509, 10.490076)	R:false  F:false
02-28 09:09:30.915 13511 13544 D NavigationTest: 76: (28.058299, -82.413509, 10.490076)	R:false  F:false
02-28 09:09:30.915 13511 13544 D NavServiceProvider: Second to last stop coordinates: 28.058073, -82.416129
02-28 09:09:30.915 13511 13544 D NavServiceProvider: Setting units automatically
02-28 09:09:30.916 13511 13544 D NavServiceProvider: Detecting stop. distance_d=259.90326. stop_type=1 speed=11.260112
02-28 09:09:30.916 13511 13544 D NavigationTest: 77: (28.058158, -82.413487, 11.260112)	R:false  F:false
02-28 09:09:30.916 13511 13544 D NavigationTest: 78: (28.058158, -82.413487, 11.260112)	R:false  F:false
02-28 09:09:30.916 13511 13544 D NavServiceProvider: Second to last stop coordinates: 28.058073, -82.416129
02-28 09:09:30.916 13511 13544 D NavServiceProvider: Setting units automatically
02-28 09:09:30.917 13511 13544 D NavServiceProvider: Detecting stop. distance_d=257.78333. stop_type=1 speed=14.100015
02-28 09:09:30.917 13511 13544 D NavigationTest: 79: (28.057927, -82.413512, 14.100015)	R:false  F:false
02-28 09:09:30.918 13511 13544 D NavigationTest: 80: (28.057927, -82.413512, 14.100015)	R:false  F:false
02-28 09:09:30.918 13511 13544 D NavServiceProvider: Second to last stop coordinates: 28.058073, -82.416129
02-28 09:09:30.918 13511 13544 D NavServiceProvider: Setting units automatically
02-28 09:09:30.919 13511 13544 D NavServiceProvider: Detecting stop. distance_d=257.95203. stop_type=1 speed=14.650084
02-28 09:09:30.919 13511 13544 D NavigationTest: 81: (28.057773, -82.413527, 14.650084)	R:false  F:false
02-28 09:09:30.919 13511 13544 D NavServiceProvider: Second to last stop coordinates: 28.058073, -82.416129
02-28 09:09:30.919 13511 13544 D NavServiceProvider: Setting units automatically
02-28 09:09:30.920 13511 13544 D NavServiceProvider: Detecting stop. distance_d=263.03668. stop_type=1 speed=13.02
02-28 09:09:30.920 13511 13544 D NavigationTest: 82: (28.057698, -82.413487, 13.020000)	R:false  F:false
02-28 09:09:30.920 13511 13544 D NavigationTest: 83: (28.057698, -82.413487, 13.020000)	R:false  F:false
02-28 09:09:30.920 13511 13544 D NavServiceProvider: Second to last stop coordinates: 28.058073, -82.416129
02-28 09:09:30.921 13511 13544 D NavServiceProvider: Setting units automatically
02-28 09:09:30.922 13511 13544 D NavServiceProvider: Detecting stop. distance_d=265.01544. stop_type=1 speed=11.590017
02-28 09:09:30.922 13511 13544 D NavigationTest: 84: (28.057644, -82.413477, 11.590017)	R:false  F:false
02-28 09:09:30.922 13511 13544 D NavServiceProvider: Second to last stop coordinates: 28.058073, -82.416129
02-28 09:09:30.922 13511 13544 D NavServiceProvider: Setting units automatically
02-28 09:09:30.923 13511 13544 D NavServiceProvider: Detecting stop. distance_d=265.97726. stop_type=1 speed=10.380077
02-28 09:09:30.923 13511 13544 D NavigationTest: 85: (28.057598, -82.413477, 10.380077)	R:false  F:false
02-28 09:09:30.923 13511 13544 D NavigationTest: 86: (28.057598, -82.413477, 10.380077)	R:false  F:false
02-28 09:09:30.923 13511 13544 D NavServiceProvider: Second to last stop coordinates: 28.058073, -82.416129
02-28 09:09:30.924 13511 13544 D NavServiceProvider: Setting units automatically
02-28 09:09:30.925 13511 13544 D NavServiceProvider: Detecting stop. distance_d=272.10486. stop_type=1 speed=9.200195
02-28 09:09:30.925 13511 13544 D NavigationTest: 87: (28.057561, -82.413422, 9.200195)	R:false  F:false
02-28 09:09:30.925 13511 13544 D NavServiceProvider: Second to last stop coordinates: 28.058073, -82.416129
02-28 09:09:30.925 13511 13544 D NavServiceProvider: Setting units automatically
02-28 09:09:30.926 13511 13544 D NavServiceProvider: Detecting stop. distance_d=278.53943. stop_type=1 speed=8.750051
02-28 09:09:30.926 13511 13544 D NavigationTest: 88: (28.057505, -82.413369, 8.750051)	R:false  F:false
02-28 09:09:30.926 13511 13544 D NavigationTest: 89: (28.057505, -82.413369, 8.750051)	R:false  F:false
02-28 09:09:30.926 13511 13544 D NavServiceProvider: Second to last stop coordinates: 28.058073, -82.416129
02-28 09:09:30.926 13511 13544 D NavServiceProvider: Setting units automatically
02-28 09:09:30.927 13511 13544 D NavServiceProvider: Detecting stop. distance_d=283.0181. stop_type=1 speed=8.040056
02-28 09:09:30.928 13511 13544 D NavigationTest: 90: (28.057472, -82.413331, 8.040056)	R:false  F:false
02-28 09:09:30.928 13511 13544 D NavigationTest: 91: (28.057472, -82.413331, 8.040056)	R:false  F:false
02-28 09:09:30.928 13511 13544 D NavServiceProvider: Second to last stop coordinates: 28.058073, -82.416129
02-28 09:09:30.928 13511 13544 D NavServiceProvider: Setting units automatically
02-28 09:09:30.929 13511 13544 D NavServiceProvider: Detecting stop. distance_d=275.5207. stop_type=1 speed=5.500445
02-28 09:09:30.929 13511 13544 D NavigationTest: 92: (28.057446, -82.413417, 5.500445)	R:false  F:false
02-28 09:09:30.929 13511 13544 D NavServiceProvider: Second to last stop coordinates: 28.058073, -82.416129
02-28 09:09:30.929 13511 13544 D NavServiceProvider: Setting units automatically
02-28 09:09:30.930 13511 13544 D NavServiceProvider: Detecting stop. distance_d=280.59317. stop_type=1 speed=6.330505
02-28 09:09:30.930 13511 13544 D NavigationTest: 93: (28.057346, -82.413395, 6.330505)	R:false  F:false
02-28 09:09:30.930 13511 13544 D NavigationTest: 94: (28.057346, -82.413395, 6.330505)	R:false  F:false
02-28 09:09:30.930 13511 13544 D NavServiceProvider: Second to last stop coordinates: 28.058073, -82.416129
02-28 09:09:30.931 13511 13544 D NavServiceProvider: Setting units automatically
02-28 09:09:30.932 13511 13544 D NavServiceProvider: Detecting stop. distance_d=281.48294. stop_type=1 speed=6.610068
02-28 09:09:30.932 13511 13544 D NavigationTest: 95: (28.057277, -82.413410, 6.610068)	R:false  F:false
02-28 09:09:30.932 13511 13544 D NavigationTest: 96: (28.057277, -82.413410, 6.610068)	R:false  F:false
02-28 09:09:30.932 13511 13544 D NavServiceProvider: Second to last stop coordinates: 28.058073, -82.416129
02-28 09:09:30.932 13511 13544 D NavServiceProvider: Setting units automatically
02-28 09:09:30.933 13511 13544 D NavServiceProvider: Detecting stop. distance_d=280.20914. stop_type=1 speed=5.48
02-28 09:09:30.933 13511 13544 D NavigationTest: 97: (28.057255, -82.413432, 5.480000)	R:false  F:false
02-28 09:09:30.933 13511 13544 D NavServiceProvider: Second to last stop coordinates: 28.058073, -82.416129
02-28 09:09:30.933 13511 13544 D NavServiceProvider: Setting units automatically
02-28 09:09:30.934 13511 13544 D NavServiceProvider: Detecting stop. distance_d=285.2307. stop_type=1 speed=5.120351
02-28 09:09:30.934 13511 13544 D NavigationTest: 98: (28.057214, -82.413394, 5.120351)	R:false  F:false
02-28 09:09:30.935 13511 13544 D NavigationTest: 99: (28.057214, -82.413394, 5.120351)	R:false  F:false
02-28 09:09:30.935 13511 13544 D NavServiceProvider: Second to last stop coordinates: 28.058073, -82.416129
02-28 09:09:30.935 13511 13544 D NavServiceProvider: Setting units automatically
02-28 09:09:30.936 13511 13544 D NavServiceProvider: Detecting stop. distance_d=288.79282. stop_type=1 speed=5.215669
02-28 09:09:30.936 13511 13544 D NavigationTest: 100: (28.057188, -82.413366, 5.215669)	R:false  F:false
02-28 09:09:30.936 13511 13544 D NavigationTest: 101: (28.057188, -82.413366, 5.215669)	R:false  F:false
02-28 09:09:30.936 13511 13544 D NavServiceProvider: Second to last stop coordinates: 28.058073, -82.416129
02-28 09:09:30.937 13511 13544 D NavServiceProvider: Setting units automatically
02-28 09:09:30.938 13511 13544 D NavServiceProvider: Detecting stop. distance_d=283.00766. stop_type=1 speed=3.346595
02-28 09:09:30.938 13511 13544 D NavigationTest: 102: (28.057214, -82.413418, 3.346595)	R:false  F:false
02-28 09:09:30.938 13511 13544 D NavigationTest: 103: (28.057214, -82.413418, 3.346595)	R:false  F:false
02-28 09:09:30.938 13511 13544 D NavServiceProvider: Second to last stop coordinates: 28.058073, -82.416129
02-28 09:09:30.938 13511 13544 D NavServiceProvider: Setting units automatically
02-28 09:09:30.939 13511 13544 D NavServiceProvider: Detecting stop. distance_d=281.05484. stop_type=1 speed=2.170208
02-28 09:09:30.939 13511 13544 D NavigationTest: 104: (28.057247, -82.413426, 2.170208)	R:false  F:false
02-28 09:09:30.939 13511 13544 D NavigationTest: 105: (28.057247, -82.413426, 2.170208)	R:false  F:false
02-28 09:09:30.939 13511 13544 D NavigationTest: 106: (28.057247, -82.413426, 2.170208)	R:false  F:false
02-28 09:09:30.939 13511 13544 D NavServiceProvider: Second to last stop coordinates: 28.058073, -82.416129
02-28 09:09:30.940 13511 13544 D NavServiceProvider: Setting units automatically
02-28 09:09:30.941 13511 13544 D NavServiceProvider: Detecting stop. distance_d=271.726. stop_type=1 speed=5.015277
02-28 09:09:30.941 13511 13544 D NavigationTest: 107: (28.057241, -82.413529, 5.015277)	R:false  F:false
02-28 09:09:30.941 13511 13544 D NavigationTest: 108: (28.057241, -82.413529, 5.015277)	R:false  F:false
02-28 09:09:30.941 13511 13544 D NavServiceProvider: Second to last stop coordinates: 28.058073, -82.416129
02-28 09:09:30.941 13511 13544 D NavServiceProvider: Setting units automatically
02-28 09:09:30.942 13511 13544 D NavServiceProvider: Detecting stop. distance_d=263.06573. stop_type=1 speed=6.490493
02-28 09:09:30.942 13511 13544 D NavigationTest: 109: (28.057255, -82.413617, 6.490493)	R:false  F:false
02-28 09:09:30.942 13511 13544 D NavServiceProvider: Second to last stop coordinates: 28.058073, -82.416129
02-28 09:09:30.942 13511 13544 D NavServiceProvider: Setting units automatically
02-28 09:09:30.943 13511 13544 D NavServiceProvider: Detecting stop. distance_d=254.94304. stop_type=1 speed=7.0
02-28 09:09:30.943 13511 13544 D NavigationTest: 110: (28.057272, -82.413698, 7.000000)	R:false  F:false
02-28 09:09:30.943 13511 13544 D NavigationTest: 111: (28.057272, -82.413698, 7.000000)	R:false  F:false
02-28 09:09:30.944 13511 13544 D NavServiceProvider: Second to last stop coordinates: 28.058073, -82.416129
02-28 09:09:30.944 13511 13544 D NavServiceProvider: Setting units automatically
02-28 09:09:30.945 13511 13544 D NavServiceProvider: Detecting stop. distance_d=246.22142. stop_type=1 speed=7.480027
02-28 09:09:30.945 13511 13544 D NavigationTest: 112: (28.057274, -82.413792, 7.480027)	R:false  F:false
02-28 09:09:30.945 13511 13544 D NavServiceProvider: Second to last stop coordinates: 28.058073, -82.416129
02-28 09:09:30.945 13511 13544 D NavServiceProvider: Setting units automatically
02-28 09:09:30.946 13511 13544 D NavServiceProvider: Detecting stop. distance_d=240.01018. stop_type=1 speed=7.550801
02-28 09:09:30.946 13511 13544 D NavigationTest: 113: (28.057308, -82.413845, 7.550801)	R:false  F:false
02-28 09:09:30.946 13511 13544 D NavigationTest: 114: (28.057308, -82.413845, 7.550801)	R:false  F:false
02-28 09:09:30.946 13511 13544 D NavServiceProvider: Second to last stop coordinates: 28.058073, -82.416129
02-28 09:09:30.946 13511 13544 D NavServiceProvider: Setting units automatically
02-28 09:09:30.947 13511 13544 D NavServiceProvider: Detecting stop. distance_d=229.8636. stop_type=1 speed=9.210006
02-28 09:09:30.947 13511 13544 D NavigationTest: 115: (28.057314, -82.413953, 9.210006)	R:false  F:false
02-28 09:09:30.947 13511 13544 D NavigationTest: 116: (28.057314, -82.413953, 9.210006)	R:false  F:false
02-28 09:09:30.947 13511 13544 D NavServiceProvider: Second to last stop coordinates: 28.058073, -82.416129
02-28 09:09:30.948 13511 13544 D NavServiceProvider: Setting units automatically
02-28 09:09:30.949 13511 13544 D NavServiceProvider: Detecting stop. distance_d=219.43622. stop_type=1 speed=9.530084
02-28 09:09:30.949 13511 13544 D NavigationTest: 117: (28.057330, -82.414060, 9.530084)	R:false  F:false
02-28 09:09:30.949 13511 13544 D NavigationTest: 118: (28.057330, -82.414060, 9.530084)	R:false  F:false
02-28 09:09:30.949 13511 13544 D NavServiceProvider: Second to last stop coordinates: 28.058073, -82.416129
02-28 09:09:30.949 13511 13544 D NavServiceProvider: Setting units automatically
02-28 09:09:30.950 13511 13544 D NavServiceProvider: Detecting stop. distance_d=211.43413. stop_type=1 speed=9.440084
02-28 09:09:30.950 13511 13544 D NavigationTest: 119: (28.057326, -82.414150, 9.440084)	R:false  F:false
02-28 09:09:30.950 13511 13544 D NavigationTest: 120: (28.057326, -82.414150, 9.440084)	R:false  F:false
02-28 09:09:30.950 13511 13544 D NavServiceProvider: Second to last stop coordinates: 28.058073, -82.416129
02-28 09:09:30.951 13511 13544 D NavServiceProvider: Setting units automatically
02-28 09:09:30.954 13511 13544 D NavServiceProvider: -----Get ready!
02-28 09:09:30.954 13511 13544 D NavigationTest: 121: (28.057356, -82.414306, 11.930037)	R:true  F:false
02-28 09:09:30.954 13511 13544 D NavServiceProvider: Second to last stop coordinates: 28.058073, -82.416129
02-28 09:09:30.954 13511 13544 D NavServiceProvider: Setting units automatically
02-28 09:09:30.956 13511 13544 D NavServiceProvider: Detecting stop. distance_d=196.04265. stop_type=1 speed=11.930037
02-28 09:09:30.956 13511 13544 D NavigationTest: 121: (28.057356, -82.414306, 11.930037)	R:true  F:false
02-28 09:09:30.956 13511 13544 D NavigationTest: 122: (28.057356, -82.414306, 11.930037)	R:true  F:false
02-28 09:09:30.956 13511 13544 D NavServiceProvider: Second to last stop coordinates: 28.058073, -82.416129
02-28 09:09:30.956 13511 13544 D NavServiceProvider: Setting units automatically
02-28 09:09:30.957 13511 13544 D NavServiceProvider: Detecting stop. distance_d=183.038. stop_type=1 speed=12.210332
02-28 09:09:30.957 13511 13544 D NavigationTest: 123: (28.057378, -82.414440, 12.210332)	R:true  F:false
02-28 09:09:30.957 13511 13544 D NavServiceProvider: Second to last stop coordinates: 28.058073, -82.416129
02-28 09:09:30.958 13511 13544 D NavServiceProvider: Setting units automatically
02-28 09:09:30.959 13511 13544 D NavServiceProvider: Detecting stop. distance_d=172.01764. stop_type=1 speed=12.641013
02-28 09:09:30.959 13511 13544 D NavigationTest: 124: (28.057377, -82.414565, 12.641013)	R:true  F:false
02-28 09:09:30.959 13511 13544 D NavigationTest: 125: (28.057377, -82.414565, 12.641013)	R:true  F:false
02-28 09:09:30.959 13511 13544 D NavServiceProvider: Second to last stop coordinates: 28.058073, -82.416129
02-28 09:09:30.959 13511 13544 D NavServiceProvider: Setting units automatically
02-28 09:09:30.960 13511 13544 D NavServiceProvider: Detecting stop. distance_d=163.1331. stop_type=1 speed=10.670075
02-28 09:09:30.960 13511 13544 D NavigationTest: 126: (28.057380, -82.414665, 10.670075)	R:true  F:false
02-28 09:09:30.960 13511 13544 D NavigationTest: 127: (28.057380, -82.414665, 10.670075)	R:true  F:false
02-28 09:09:30.960 13511 13544 D NavServiceProvider: Second to last stop coordinates: 28.058073, -82.416129
02-28 09:09:30.961 13511 13544 D NavServiceProvider: Setting units automatically
02-28 09:09:30.962 13511 13544 D NavServiceProvider: Detecting stop. distance_d=152.92433. stop_type=1 speed=10.261248
02-28 09:09:30.962 13511 13544 D NavigationTest: 128: (28.057400, -82.414771, 10.261248)	R:true  F:false
02-28 09:09:30.962 13511 13544 D NavigationTest: 129: (28.057400, -82.414771, 10.261248)	R:true  F:false
02-28 09:09:30.962 13511 13544 D NavServiceProvider: Second to last stop coordinates: 28.058073, -82.416129
02-28 09:09:30.962 13511 13544 D NavServiceProvider: Setting units automatically
02-28 09:09:30.964 13511 13544 D NavServiceProvider: Detecting stop. distance_d=140.2699. stop_type=1 speed=11.30004
02-28 09:09:30.964 13511 13544 D NavigationTest: 130: (28.057430, -82.414900, 11.300040)	R:true  F:false
02-28 09:09:30.964 13511 13544 D NavServiceProvider: Second to last stop coordinates: 28.058073, -82.416129
02-28 09:09:30.964 13511 13544 D NavServiceProvider: Setting units automatically
02-28 09:09:30.966 13511 13544 D NavServiceProvider: Detecting stop. distance_d=131.38556. stop_type=1 speed=10.310587
02-28 09:09:30.966 13511 13544 D NavigationTest: 131: (28.057466, -82.414981, 10.310587)	R:true  F:false
02-28 09:09:30.966 13511 13544 D NavigationTest: 132: (28.057466, -82.414981, 10.310587)	R:true  F:false
02-28 09:09:30.966 13511 13544 D NavigationTest: 133: (28.057466, -82.414981, 10.310587)	R:true  F:false
02-28 09:09:30.966 13511 13544 D NavServiceProvider: Second to last stop coordinates: 28.058073, -82.416129
02-28 09:09:30.967 13511 13544 D NavServiceProvider: Setting units automatically
02-28 09:09:30.968 13511 13544 D NavServiceProvider: Detecting stop. distance_d=124.820366. stop_type=1 speed=8.960051
02-28 09:09:30.968 13511 13544 D NavigationTest: 134: (28.057531, -82.415016, 8.960051)	R:true  F:false
02-28 09:09:30.968 13511 13544 D NavServiceProvider: Second to last stop coordinates: 28.058073, -82.416129
02-28 09:09:30.969 13511 13544 D NavServiceProvider: Setting units automatically
02-28 09:09:30.970 13511 13544 D NavServiceProvider: Detecting stop. distance_d=115.90996. stop_type=1 speed=8.780688
02-28 09:09:30.970 13511 13544 D NavigationTest: 135: (28.057564, -82.415099, 8.780688)	R:true  F:false
02-28 09:09:30.970 13511 13544 D NavigationTest: 136: (28.057564, -82.415099, 8.780688)	R:true  F:false
02-28 09:09:30.970 13511 13544 D NavServiceProvider: Second to last stop coordinates: 28.058073, -82.416129
02-28 09:09:30.971 13511 13544 D NavServiceProvider: Setting units automatically
02-28 09:09:30.972 13511 13544 D NavServiceProvider: Detecting stop. distance_d=107.45618. stop_type=1 speed=9.393067
02-28 09:09:30.972 13511 13544 D NavigationTest: 137: (28.057595, -82.415178, 9.393067)	R:true  F:false
02-28 09:09:30.972 13511 13544 D NavServiceProvider: Second to last stop coordinates: 28.058073, -82.416129
02-28 09:09:30.973 13511 13544 D NavServiceProvider: Setting units automatically
02-28 09:09:30.974 13511 13544 D NavServiceProvider: Detecting stop. distance_d=101.07852. stop_type=1 speed=8.860812
02-28 09:09:30.974 13511 13544 D NavigationTest: 138: (28.057657, -82.415214, 8.860812)	R:true  F:false
02-28 09:09:30.974 13511 13544 D NavigationTest: 139: (28.057657, -82.415214, 8.860812)	R:true  F:false
02-28 09:09:30.974 13511 13544 D NavServiceProvider: Second to last stop coordinates: 28.058073, -82.416129
02-28 09:09:30.975 13511 13544 D NavServiceProvider: Setting units automatically
02-28 09:09:30.977 13511 13544 D NavServiceProvider: Detecting stop. distance_d=98.95053. stop_type=1 speed=4.86
02-28 09:09:30.977 13511 13544 D NavServiceProvider: Case 1: false
02-28 09:09:30.977 13511 13544 D NavigationTest: 140: (28.057675, -82.415228, 4.860000)	R:true  F:false
02-28 09:09:30.977 13511 13544 D NavServiceProvider: Second to last stop coordinates: 28.058073, -82.416129
02-28 09:09:30.977 13511 13544 D NavServiceProvider: Setting units automatically
02-28 09:09:30.978 13579 13612 W EventProcessor: callback.start() returned error code: -1
02-28 09:09:30.979 13511 13544 D NavServiceProvider: Detecting stop. distance_d=95.25618. stop_type=1 speed=4.800375
02-28 09:09:30.979 13511 13544 D NavigationTest: 141: (28.057691, -82.415261, 4.800375)	R:true  F:false
02-28 09:09:30.979 13511 13544 D NavigationTest: 142: (28.057691, -82.415261, 4.800375)	R:true  F:false
02-28 09:09:30.979 13511 13544 D NavServiceProvider: Second to last stop coordinates: 28.058073, -82.416129
02-28 09:09:30.980 13511 13544 D NavServiceProvider: Setting units automatically
02-28 09:09:30.981 13511 13544 D NavServiceProvider: Detecting stop. distance_d=89.330505. stop_type=1 speed=5.023226
02-28 09:09:30.981 13511 13544 D NavigationTest: 143: (28.057722, -82.415311, 5.023226)	R:true  F:false
02-28 09:09:30.981 13511 13544 D NavServiceProvider: Second to last stop coordinates: 28.058073, -82.416129
02-28 09:09:30.982 13511 13544 D NavServiceProvider: Setting units automatically
02-28 09:09:30.983 13511 13544 D NavServiceProvider: Detecting stop. distance_d=86.54543. stop_type=1 speed=5.280038
02-28 09:09:30.983 13511 13544 D NavigationTest: 144: (28.057749, -82.415328, 5.280038)	R:true  F:false
02-28 09:09:30.983 13511 13544 D NavigationTest: 145: (28.057749, -82.415328, 5.280038)	R:true  F:false
02-28 09:09:30.983 13511 13544 D NavServiceProvider: Second to last stop coordinates: 28.058073, -82.416129
02-28 09:09:30.984 13511 13544 D NavServiceProvider: Setting units automatically
02-28 09:09:30.985 13511 13544 D NavServiceProvider: Detecting stop. distance_d=78.37497. stop_type=1 speed=6.070008
02-28 09:09:30.985 13511 13544 D NavigationTest: 146: (28.057775, -82.415406, 6.070008)	R:true  F:false
02-28 09:09:30.985 13511 13544 D NavigationTest: 147: (28.057775, -82.415406, 6.070008)	R:true  F:false
02-28 09:09:30.985 13511 13544 D NavServiceProvider: Second to last stop coordinates: 28.058073, -82.416129
02-28 09:09:30.986 13511 13544 D NavServiceProvider: Setting units automatically
02-28 09:09:30.987 13511 13544 D NavServiceProvider: Detecting stop. distance_d=73.1965. stop_type=1 speed=6.120523
02-28 09:09:30.987 13511 13544 D NavigationTest: 148: (28.057808, -82.415447, 6.120523)	R:true  F:false
02-28 09:09:30.987 13511 13544 D NavServiceProvider: Second to last stop coordinates: 28.058073, -82.416129
02-28 09:09:30.987 13511 13544 D NavServiceProvider: Setting units automatically
02-28 09:09:30.988 13511 13544 D NavServiceProvider: Detecting stop. distance_d=65.16998. stop_type=1 speed=7.041023
02-28 09:09:30.989 13511 13544 D NavigationTest: 149: (28.057847, -82.415517, 7.041023)	R:true  F:false
02-28 09:09:30.989 13511 13544 D NavigationTest: 150: (28.057847, -82.415517, 7.041023)	R:true  F:false
02-28 09:09:30.989 13511 13544 D NavServiceProvider: Second to last stop coordinates: 28.058073, -82.416129
02-28 09:09:30.989 13511 13544 D NavServiceProvider: Setting units automatically
02-28 09:09:30.991 13511 13544 D NavServiceProvider: Detecting stop. distance_d=56.674156. stop_type=1 speed=7.510107
02-28 09:09:30.991 13511 13544 D NavigationTest: 151: (28.057876, -82.415597, 7.510107)	R:true  F:false
02-28 09:09:30.991 13511 13544 D NavServiceProvider: Second to last stop coordinates: 28.058073, -82.416129
02-28 09:09:30.991 13511 13544 D NavServiceProvider: Setting units automatically
02-28 09:09:30.993 13511 13544 D NavServiceProvider: Detecting stop. distance_d=41.29957. stop_type=1 speed=9.240087
02-28 09:09:30.993 13511 13544 D NavServiceProvider: Case 2: false
02-28 09:09:30.993 13511 13544 D NavigationTest: 152: (28.057916, -82.415748, 9.240087)	R:true  F:false
02-28 09:09:30.993 13511 13544 D NavigationTest: 153: (28.057916, -82.415748, 9.240087)	R:true  F:false
02-28 09:09:30.993 13511 13544 D NavServiceProvider: Second to last stop coordinates: 28.058073, -82.416129
02-28 09:09:30.994 13511 13544 D NavServiceProvider: Setting units automatically
02-28 09:09:30.995 13511 13544 D NavServiceProvider: Detecting stop. distance_d=32.49501. stop_type=1 speed=8.090055
02-28 09:09:30.995 13511 13544 D NavigationTest: 154: (28.057948, -82.415830, 8.090055)	R:true  F:false
02-28 09:09:30.995 13511 13544 D NavServiceProvider: Second to last stop coordinates: 28.058073, -82.416129
02-28 09:09:30.996 13511 13544 D NavServiceProvider: Setting units automatically
02-28 09:09:30.997 13511 13544 D NavServiceProvider: Detecting stop. distance_d=25.055225. stop_type=1 speed=6.960007
02-28 09:09:30.998 13511 13544 D NavigationTest: 155: (28.057953, -82.415913, 6.960007)	R:true  F:false
02-28 09:09:30.998 13511 13544 D NavigationTest: 156: (28.057953, -82.415913, 6.960007)	R:true  F:false
02-28 09:09:30.998 13511 13544 D NavigationTest: 157: (28.057953, -82.415913, 6.960007)	R:true  F:false
02-28 09:09:30.998 13511 13544 D NavServiceProvider: Second to last stop coordinates: 28.058073, -82.416129
02-28 09:09:30.998 13511 13544 D NavServiceProvider: Setting units automatically
02-28 09:09:31.000 13511 13544 D NavServiceProvider: Detecting stop. distance_d=18.533062. stop_type=1 speed=6.980029
02-28 09:09:31.000 13511 13544 D NavServiceProvider: Case 3: false
02-28 09:09:31.000 13511 13544 D NavigationTest: 158: (28.057986, -82.415968, 6.980029)	R:true  F:false
02-28 09:09:31.000 13511 13544 D NavigationTest: 159: (28.057986, -82.415968, 6.980029)	R:true  F:false
02-28 09:09:31.000 13511 13544 D NavServiceProvider: Second to last stop coordinates: 28.058073, -82.416129
02-28 09:09:31.001 13511 13544 D NavServiceProvider: Setting units automatically
02-28 09:09:31.002 13511 13544 D NavServiceProvider: Detecting stop. distance_d=10.6643915. stop_type=1 speed=7.160028
02-28 09:09:31.002 13511 13544 D NavServiceProvider: Case 4: false
02-28 09:09:31.002 13511 13544 D NavigationTest: 160: (28.058010, -82.416047, 7.160028)	R:true  F:false
02-28 09:09:31.002 13511 13544 D NavigationTest: 161: (28.058010, -82.416047, 7.160028)	R:true  F:false
02-28 09:09:31.002 13511 13544 D NavServiceProvider: Second to last stop coordinates: 28.058073, -82.416129
02-28 09:09:31.003 13511 13544 D NavServiceProvider: Setting units automatically
02-28 09:09:31.004 13511 13544 D NavServiceProvider: Detecting stop. distance_d=8.119104. stop_type=1 speed=7.160063
02-28 09:09:31.004 13511 13544 D NavigationTest: 162: (28.058000, -82.416122, 7.160063)	R:true  F:false
02-28 09:09:31.004 13511 13544 D NavServiceProvider: Second to last stop coordinates: 28.058073, -82.416129
02-28 09:09:31.004 13511 13544 D NavServiceProvider: Setting units automatically
02-28 09:09:31.006 13511 13544 D NavServiceProvider: Detecting stop. distance_d=10.222432. stop_type=1 speed=7.560027
