02-28 09:09:32.657 13511 13544 I TestRunner: started: testTrip24C(org.onebusaway.android.nav.test.NavigationTest)
02-28 09:09:32.658 13511 13511 I MonitoringInstr: Activities that are still in CREATED to STOPPED: 0
02-28 09:09:32.666 13511 13544 D NavServiceProvider: Creating NavigationServiceProvider...
02-28 09:09:32.666 13511 13544 D NavServiceProvider: Starting navigation for service
02-28 09:09:32.666 13511 13544 D NavServiceProvider: ProximityCalculator initializing...
02-28 09:09:32.666 13511 13544 D NavServiceProvider: Initializing ProximityCalculator
02-28 09:09:32.666 13511 13544 D NavServiceProvider: Number of path links: 1
02-28 09:09:32.666 13511 13544 D NavServiceProvider: Second to last stop coordinates: 28.05652, -82.410132
02-28 09:09:32.666 13511 13544 D NavServiceProvider: Setting units automatically
02-28 09:09:32.668 13511 13544 D NavServiceProvider: Detecting stop. distance_d=410.54648. stop_type=1 speed=0.0
02-28 09:09:32.668 13511 13544 D NavigationTest: 0: (28.059201, -82.413014, 0.000000)	R:false  F:false
02-28 09:09:32.668 13511 13544 D NavigationTest: 1: (28.059201, -82.413014, 0.000000)	R:false  F:false
02-28 09:09:32.668 13511 13544 D NavigationTest: 2: (28.059201, -82.413014, 0.000000)	R:false  F:false
02-28 09:09:32.668 13511 13544 D NavigationTest: 3: (28.059201, -82.413014, 0.000000)	R:false  F:false
02-28 09:09:32.668 13511 13544 D NavigationTest: 4: (28.059201, -82.413014, 0.000000)	R:false  F:false
02-28 09:09:32.668 13511 13544 D NavServiceProvider: Second to last stop coordinates: 28.05652, -82.410132
02-28 09:09:32.669 13511 13544 D NavServiceProvider: Setting units automatically
02-28 09:09:32.670 13511 13544 D NavServiceProvider: Detecting stop. distance_d=410.54648. stop_type=1 speed=0.0
02-28 09:09:32.670 13511 13544 D NavigationTest: 5: (28.059201, -82.413014, 0.000000)	R:false  F:false
02-28 09:09:32.670 13511 13544 D NavServiceProvider: Second to last stop coordinates: 28.05652, -82.410132
02-28 09:09:32.671 13511 13544 D NavServiceProvider: Setting units automatically
02-28 09:09:32.672 13511 13544 D NavServiceProvider: Detecting stop. distance_d=410.54648. stop_type=1 speed=0.0
02-28 09:09:32.672 13511 13544 D NavigationTest: 6: (28.059201, -82.413014, 0.000000)	R:false  F:false
02-28 09:09:32.672 13511 13544 D NavigationTest: 7: (28.059201, -82.413014, 0.000000)	R:false  F:false
02-28 09:09:32.672 13511 13544 D NavServiceProvider: Second to last stop coordinates: 28.05652, -82.410132
02-28 09:09:32.672 13511 13544 D NavServiceProvider: Setting units automatically
02-28 09:09:32.674 13511 13544 D NavServiceProvider: Detecting stop. distance_d=410.78714. stop_type=1 speed=0.5
02-28 09:09:32.674 13511 13544 D NavigationTest: 8: (28.059204, -82.413014, 0.500000)	R:false  F:false
02-28 09:09:32.674 13511 13544 D NavigationTest: 9: (28.059204, -82.413014, 0.500000)	R:false  F:false
02-28 09:09:32.674 13511 13544 D NavServiceProvider: Second to last stop coordinates: 28.05652, -82.410132
02-28 09:09:32.675 13511 13544 D NavServiceProvider: Setting units automatically
02-28 09:09:32.676 13511 13544 D NavServiceProvider: Detecting stop. distance_d=413.17685. stop_type=1 speed=1.75
02-28 09:09:32.676 13511 13544 D NavigationTest: 10: (28.059227, -82.413022, 1.750000)	R:false  F:false
02-28 09:09:32.676 13511 13544 D NavigationTest: 11: (28.059227, -82.413022, 1.750000)	R:false  F:false
02-28 09:09:32.676 13511 13544 D NavServiceProvider: Second to last stop coordinates: 28.05652, -82.410132
02-28 09:09:32.677 13511 13544 D NavServiceProvider: Setting units automatically
02-28 09:09:32.678 13511 13544 D NavServiceProvider: Detecting stop. distance_d=416.09485. stop_type=1 speed=2.75
02-28 09:09:32.678 13511 13544 D NavigationTest: 12: (28.059254, -82.413033, 2.750000)	R:false  F:false
02-28 09:09:32.678 13511 13544 D NavServiceProvider: Second to last stop coordinates: 28.05652, -82.410132
02-28 09:09:32.678 13511 13544 D NavServiceProvider: Setting units automatically
02-28 09:09:32.680 13511 13544 D NavServiceProvider: Detecting stop. distance_d=418.9221. stop_type=1 speed=3.75
02-28 09:09:32.680 13511 13544 D NavigationTest: 13: (28.059279, -82.413045, 3.750000)	R:false  F:false
02-28 09:09:32.680 13511 13544 D NavigationTest: 14: (28.059279, -82.413045, 3.750000)	R:false  F:false
02-28 09:09:32.680 13511 13544 D NavServiceProvider: Second to last stop coordinates: 28.05652, -82.410132
02-28 09:09:32.680 13511 13544 D NavServiceProvider: Setting units automatically
02-28 09:09:32.681 13511 13544 D NavServiceProvider: Detecting stop. distance_d=422.267. stop_type=1 speed=4.75
02-28 09:09:32.681 13511 13544 D NavigationTest: 15: (28.059312, -82.413055, 4.750000)	R:false  F:false
02-28 09:09:32.681 13511 13544 D NavigationTest: 16: (28.059312, -82.413055, 4.750000)	R:false  F:false
02-28 09:09:32.681 13511 13544 D NavServiceProvider: Second to last stop coordinates: 28.05652, -82.410132
02-28 09:09:32.682 13511 13544 D NavServiceProvider: Setting units automatically
02-28 09:09:32.683 13511 13544 D NavServiceProvider: Detecting stop. distance_d=426.87085. stop_type=1 speed=5.0
02-28 09:09:32.683 13511 13544 D NavigationTest: 17: (28.059353, -82.413074, 5.000000)	R:false  F:false
02-28 09:09:32.683 13511 13544 D NavServiceProvider: Second to last stop coordinates: 28.05652, -82.410132
02-28 09:09:32.683 13511 13544 D NavServiceProvider: Setting units automatically
02-28 09:09:32.685 13511 13544 D NavServiceProvider: Detecting stop. distance_d=431.18134. stop_type=1 speed=5.25
02-28 09:09:32.685 13511 13544 D NavigationTest: 18: (28.059396, -82.413086, 5.250000)	R:false  F:false
02-28 09:09:32.685 13511 13544 D NavigationTest: 19: (28.059396, -82.413086, 5.250000)	R:false  F:false
02-28 09:09:32.685 13511 13544 D NavServiceProvider: Second to last stop coordinates: 28.05652, -82.410132
02-28 09:09:32.685 13511 13544 D NavServiceProvider: Setting units automatically
02-28 09:09:32.686 13511 13544 D NavServiceProvider: Detecting stop. distance_d=436.0977. stop_type=1 speed=5.5
02-28 09:09:32.686 13511 13544 D NavigationTest: 20: (28.059447, -82.413097, 5.500000)	R:false  F:false
02-28 09:09:32.687 13511 13544 D NavigationTest: 21: (28.059447, -82.413097, 5.500000)	R:false  F:false
02-28 09:09:32.687 13511 13544 D NavServiceProvider: Second to last stop coordinates: 28.05652, -82.410132
02-28 09:09:32.687 13511 13544 D NavServiceProvider: Setting units automatically
02-28 09:09:32.688 13511 13544 D NavServiceProvider: Detecting stop. distance_d=440.21072. stop_type=1 speed=5.5
02-28 09:09:32.689 13511 13544 D NavigationTest: 22: (28.059492, -82.413103, 5.500000)	R:false  F:false
02-28 09:09:32.689 13511 13544 D NavServiceProvider: Second to last stop coordinates: 28.05652, -82.410132
02-28 09:09:32.689 13511 13544 D NavServiceProvider: Setting units automatically
02-28 09:09:32.691 13511 13544 D NavServiceProvider: Detecting stop. distance_d=444.50085. stop_type=1 speed=5.5
02-28 09:09:32.691 13511 13544 D NavigationTest: 23: (28.059542, -82.413105, 5.500000)	R:false  F:false
02-28 09:09:32.691 13511 13544 D NavigationTest: 24: (28.059542, -82.413105, 5.500000)	R:false  F:false
02-28 09:09:32.691 13511 13544 D NavServiceProvider: Second to last stop coordinates: 28.05652, -82.410132
02-28 09:09:32.692 13511 13544 D NavServiceProvider: Setting units automatically
02-28 09:09:32.692   871  6793 D msm8974_platform: platform_split_snd_device: snd_device(2) num devices(1) new_snd_devices(0)
02-28 09:09:32.692   871  6793 D ACDB-LOADER: ACDB -> send_audvoltable
02-28 09:09:32.692   871  6793 D ACDB-LOADER: ACDB -> ACDB_CMD_GET_AUDPROC_VOL_STEP_TABLE_SIZE
02-28 09:09:32.692   871  6793 D ACDB-LOADER: ACDB -> ACDB_CMD_GET_AUDPROC_GAIN_DEP_STEP_TABLE, vol index 0
02-28 09:09:32.692   871  6793 D         : Failed to fetch the lookup information of the device 0000000F
02-28 09:09:32.692   871  6793 E ACDB-LOADER: Error: ACDB AudProc vol returned = -19
02-28 09:09:32.692   871  6793 D ACDB-LOADER: ACDB -> AUDIO_SET_VOL_CAL cal type = 40
02-28 09:09:32.693 13511 13544 D NavServiceProvider: Detecting stop. distance_d=448.86258. stop_type=1 speed=5.0
02-28 09:09:32.693 13511 13544 D NavigationTest: 25: (28.059591, -82.413109, 5.000000)	R:false  F:false
02-28 09:09:32.693 13511 13544 D NavigationTest: 26: (28.059591, -82.413109, 5.000000)	R:false  F:false
02-28 09:09:32.693 13511 13544 D NavServiceProvider: Second to last stop coordinates: 28.05652, -82.410132
02-28 09:09:32.694 13511 13544 D NavServiceProvider: Setting units automatically
02-28 09:09:32.694   871  6793 D msm8974_platform: platform_split_snd_device: snd_device(2) num devices(1) new_snd_devices(0)
02-28 09:09:32.695 13511 13544 D NavServiceProvider: Detecting stop. distance_d=453.40308. stop_type=1 speed=4.5
02-28 09:09:32.695 13511 13544 D NavigationTest: 27: (28.059629, -82.413130, 4.500000)	R:false  F:false
02-28 09:09:32.695 13511 13544 D NavServiceProvider: Second to last stop coordinates: 28.05652, -82.410132
02-28 09:09:32.695 13511 13544 D NavServiceProvider: Setting units automatically
02-28 09:09:32.696   871  6793 V EffectDiracSound: DiracSound_command() start, cmdCode=20
02-28 09:09:32.696   871  6793 V EffectDiracSound: DiracSound_Command EFFECT_CMD_OFFLOAD
02-28 09:09:32.696   871  6793 V EffectDiracSound: DiracSound_command() start, cmdCode=1
02-28 09:09:32.696   871  6793 V EffectDiracSound: DiracSound_setConfig start
02-28 09:09:32.696   871  6793 I EffectDiracSound: DiracSound_updateState(), enable=0, hifi=0, device=0x2, headset=5, samplingRate=48000
02-28 09:09:32.696   871  6793 I EffectDiracSound: DiracSound_updateState(), mode=0, music=0, movie=0, reset=0
02-28 09:09:32.696   871  6793 I EffectDiracSound: DiracSound_updateState(), Speaker Movie/Stereo Mode is not supported. Stop update state.
02-28 09:09:32.696   871  6793 W EffectHAL: Effect 0xe4b38cd0 command SET_CONFIG returned status: Invalid argument
02-28 09:09:32.696   871   911 V EffectDiracSound: DiracSound_command() start, cmdCode=1
02-28 09:09:32.696 13511 13544 D NavServiceProvider: Detecting stop. distance_d=458.02637. stop_type=1 speed=4.0
02-28 09:09:32.696   871   911 V EffectDiracSound: DiracSound_setConfig start
02-28 09:09:32.696   871   911 I EffectDiracSound: DiracSound_updateState(), enable=0, hifi=0, device=0x2, headset=5, samplingRate=48000
02-28 09:09:32.696   871   911 I EffectDiracSound: DiracSound_updateState(), mode=0, music=0, movie=0, reset=0
02-28 09:09:32.696   871   911 I EffectDiracSound: DiracSound_updateState(), Speaker Movie/Stereo Mode is not supported. Stop update state.
02-28 09:09:32.696 13511 13544 D NavigationTest: 28: (28.059652, -82.413172, 4.000000)	R:false  F:false
02-28 09:09:32.696 13511 13544 D NavigationTest: 29: (28.059652, -82.413172, 4.000000)	R:false  F:false
02-28 09:09:32.696 13511 13544 D NavServiceProvider: Second to last stop coordinates: 28.05652, -82.410132
02-28 09:09:32.696   871   911 V EffectDiracSound: DiracSound_command() start, cmdCode=9
02-28 09:09:32.696   871   911 V EffectDiracSound: DiracSound_Command EFFECT_CMD_SET_DEVICE: 0x00000002
02-28 09:09:32.697   871   871 V EffectDiracSound: DiracSound_command() start, cmdCode=11
02-28 09:09:32.697   871   871 V EffectDiracSound: DiracSound_Command EFFECT_CMD_SET_AUDIO_MODE: 0
02-28 09:09:32.697 13511 13544 D NavServiceProvider: Setting units automatically
02-28 09:09:32.698 13511 13544 D NavServiceProvider: Detecting stop. distance_d=461.4375. stop_type=1 speed=4.25
02-28 09:09:32.698 13511 13544 D NavigationTest: 30: (28.059662, -82.413212, 4.250000)	R:false  F:false
02-28 09:09:32.698 13511 13544 D NavigationTest: 31: (28.059662, -82.413212, 4.250000)	R:false  F:false
02-28 09:09:32.698 13511 13544 D NavServiceProvider: Second to last stop coordinates: 28.05652, -82.410132
02-28 09:09:32.699 13511 13544 D NavServiceProvider: Setting units automatically
02-28 09:09:32.700 13511 13544 D NavServiceProvider: Detecting stop. distance_d=462.95914. stop_type=1 speed=4.0
02-28 09:09:32.700 13511 13544 D NavigationTest: 32: (28.059646, -82.413256, 4.000000)	R:false  F:false
02-28 09:09:32.700 13511 13544 D NavServiceProvider: Second to last stop coordinates: 28.05652, -82.410132
02-28 09:09:32.701 13511 13544 D NavServiceProvider: Setting units automatically
02-28 09:09:32.702 13511 13544 D NavServiceProvider: Detecting stop. distance_d=462.4841. stop_type=1 speed=4.75
02-28 09:09:32.702 13511 13544 D NavigationTest: 33: (28.059610, -82.413294, 4.750000)	R:false  F:false
02-28 09:09:32.702 13511 13544 D NavigationTest: 34: (28.059610, -82.413294, 4.750000)	R:false  F:false
02-28 09:09:32.702 13511 13544 D NavServiceProvider: Second to last stop coordinates: 28.05652, -82.410132
02-28 09:09:32.703 13511 13544 D NavServiceProvider: Setting units automatically
02-28 09:09:32.704 13511 13544 D NavServiceProvider: Detecting stop. distance_d=460.21487. stop_type=1 speed=5.5
02-28 09:09:32.704 13511 13544 D NavigationTest: 35: (28.059561, -82.413320, 5.500000)	R:false  F:false
02-28 09:09:32.704 13511 13544 D NavServiceProvider: Second to last stop coordinates: 28.05652, -82.410132
02-28 09:09:32.704 13511 13544 D NavServiceProvider: Setting units automatically
02-28 09:09:32.706 13511 13544 D NavServiceProvider: Detecting stop. distance_d=455.54617. stop_type=1 speed=6.5
02-28 09:09:32.706 13511 13544 D NavigationTest: 36: (28.059499, -82.413325, 6.500000)	R:false  F:false
02-28 09:09:32.706 13511 13544 D NavigationTest: 37: (28.059499, -82.413325, 6.500000)	R:false  F:false
02-28 09:09:32.706 13511 13544 D NavServiceProvider: Second to last stop coordinates: 28.05652, -82.410132
02-28 09:09:32.706 13511 13544 D NavServiceProvider: Setting units automatically
02-28 09:09:32.707 13511 13544 D NavServiceProvider: Detecting stop. distance_d=451.436. stop_type=1 speed=6.75
02-28 09:09:32.707 13511 13544 D NavigationTest: 38: (28.059439, -82.413335, 6.750000)	R:false  F:false
02-28 09:09:32.707 13511 13544 D NavigationTest: 39: (28.059439, -82.413335, 6.750000)	R:false  F:false
02-28 09:09:32.707 13511 13544 D NavigationTest: 40: (28.059439, -82.413335, 6.750000)	R:false  F:false
02-28 09:09:32.708 13511 13544 D NavigationTest: 41: (28.059439, -82.413335, 6.750000)	R:false  F:false
02-28 09:09:32.708 13511 13544 D NavServiceProvider: Second to last stop coordinates: 28.05652, -82.410132
02-28 09:09:32.708 13511 13544 D NavServiceProvider: Setting units automatically
02-28 09:09:32.709 13511 13544 D NavServiceProvider: Detecting stop. distance_d=446.5802. stop_type=1 speed=7.25
02-28 09:09:32.709 13511 13544 D NavigationTest: 42: (28.059374, -82.413339, 7.250000)	R:false  F:false
02-28 09:09:32.709 13511 13544 D NavServiceProvider: Second to last stop coordinates: 28.05652, -82.410132
02-28 09:09:32.710 13511 13544 D NavServiceProvider: Setting units automatically
02-28 09:09:32.711 13511 13544 D NavServiceProvider: Detecting stop. distance_d=440.59943. stop_type=1 speed=8.25
02-28 09:09:32.711 13511 13544 D NavigationTest: 43: (28.059300, -82.413336, 8.250000)	R:false  F:false
02-28 09:09:32.711 13511 13544 D NavigationTest: 44: (28.059300, -82.413336, 8.250000)	R:false  F:false
02-28 09:09:32.711 13511 13544 D NavServiceProvider: Second to last stop coordinates: 28.05652, -82.410132
02-28 09:09:32.712 13511 13544 D NavServiceProvider: Setting units automatically
02-28 09:09:32.713 13511 13544 D NavServiceProvider: Detecting stop. distance_d=434.90485. stop_type=1 speed=9.0
02-28 09:09:32.713 13511 13544 D NavigationTest: 45: (28.059226, -82.413336, 9.000000)	R:false  F:false
02-28 09:09:32.713 13511 13544 D NavServiceProvider: Second to last stop coordinates: 28.05652, -82.410132
02-28 09:09:32.713 13511 13544 D NavServiceProvider: Setting units automatically
02-28 09:09:32.715 13511 13544 D NavServiceProvider: Detecting stop. distance_d=428.4612. stop_type=1 speed=9.5
02-28 09:09:32.715 13511 13544 D NavigationTest: 46: (28.059140, -82.413337, 9.500000)	R:false  F:false
02-28 09:09:32.715 13511 13544 D NavigationTest: 47: (28.059140, -82.413337, 9.500000)	R:false  F:false
02-28 09:09:32.715 13511 13544 D NavServiceProvider: Second to last stop coordinates: 28.05652, -82.410132
02-28 09:09:32.716 13511 13544 D NavServiceProvider: Setting units automatically
02-28 09:09:32.717 13511 13544 D NavServiceProvider: Detecting stop. distance_d=421.69424. stop_type=1 speed=9.75
02-28 09:09:32.717 13511 13544 D NavigationTest: 48: (28.059054, -82.413332, 9.750000)	R:false  F:false
02-28 09:09:32.717 13511 13544 D NavServiceProvider: Second to last stop coordinates: 28.05652, -82.410132
02-28 09:09:32.718 13511 13544 D NavServiceProvider: Setting units automatically
02-28 09:09:32.719 13511 13544 D NavServiceProvider: Detecting stop. distance_d=415.34045. stop_type=1 speed=10.0
02-28 09:09:32.719 13511 13544 D NavigationTest: 49: (28.058965, -82.413334, 10.000000)	R:false  F:false
02-28 09:09:32.719 13511 13544 D NavigationTest: 50: (28.058965, -82.413334, 10.000000)	R:false  F:false
02-28 09:09:32.719 13511 13544 D NavServiceProvider: Second to last stop coordinates: 28.05652, -82.410132
02-28 09:09:32.719 13511 13544 D NavServiceProvider: Setting units automatically
02-28 09:09:32.720 13511 13544 D NavServiceProvider: Detecting stop. distance_d=408.7019. stop_type=1 speed=10.5
02-28 09:09:32.721 13511 13544 D NavigationTest: 51: (28.058870, -82.413336, 10.500000)	R:false  F:false
02-28 09:09:32.721 13511 13544 D NavServiceProvider: Second to last stop coordinates: 28.05652, -82.410132
02-28 09:09:32.721 13511 13544 D NavServiceProvider: Setting units automatically
02-28 09:09:32.722 13511 13544 D NavServiceProvider: Detecting stop. distance_d=398.9517. stop_type=1 speed=11.25
02-28 09:09:32.722 13511 13544 D NavigationTest: 52: (28.058752, -82.413316, 11.250000)	R:false  F:false
02-28 09:09:32.722 13511 13544 D NavigationTest: 53: (28.058752, -82.413316, 11.250000)	R:false  F:false
02-28 09:09:32.722 13511 13544 D NavServiceProvider: Second to last stop coordinates: 28.05652, -82.410132
02-28 09:09:32.723 13511 13544 D NavServiceProvider: Setting units automatically
02-28 09:09:32.724 13511 13544 D NavServiceProvider: Detecting stop. distance_d=393.84546. stop_type=1 speed=11.25
02-28 09:09:32.724 13511 13544 D NavigationTest: 54: (28.058657, -82.413333, 11.250000)	R:false  F:false
02-28 09:09:32.724 13511 13544 D NavigationTest: 55: (28.058657, -82.413333, 11.250000)	R:false  F:false
02-28 09:09:32.724 13511 13544 D NavServiceProvider: Second to last stop coordinates: 28.05652, -82.410132
02-28 09:09:32.724 13511 13544 D NavServiceProvider: Setting units automatically
02-28 09:09:32.725 13511 13544 D NavServiceProvider: Detecting stop. distance_d=387.02487. stop_type=1 speed=11.5
02-28 09:09:32.725 13511 13544 D NavigationTest: 56: (28.058553, -82.413333, 11.500000)	R:false  F:false
02-28 09:09:32.725 13511 13544 D NavigationTest: 57: (28.058553, -82.413333, 11.500000)	R:false  F:false
02-28 09:09:32.725 13511 13544 D NavServiceProvider: Second to last stop coordinates: 28.05652, -82.410132
02-28 09:09:32.726 13511 13544 D NavServiceProvider: Setting units automatically
02-28 09:09:32.727 13511 13544 D NavServiceProvider: Detecting stop. distance_d=382.96756. stop_type=1 speed=11.0
02-28 09:09:32.727 13511 13544 D NavigationTest: 58: (28.058461, -82.413355, 11.000000)	R:false  F:false
02-28 09:09:32.727 13511 13544 D NavServiceProvider: Second to last stop coordinates: 28.05652, -82.410132
02-28 09:09:32.727 13511 13544 D NavServiceProvider: Setting units automatically
02-28 09:09:32.728 13511 13544 D NavServiceProvider: Detecting stop. distance_d=377.9813. stop_type=1 speed=10.75
02-28 09:09:32.728 13511 13544 D NavigationTest: 59: (28.058366, -82.413365, 10.750000)	R:false  F:false
02-28 09:09:32.728 13511 13544 D NavigationTest: 60: (28.058366, -82.413365, 10.750000)	R:false  F:false
02-28 09:09:32.728 13511 13544 D NavServiceProvider: Second to last stop coordinates: 28.05652, -82.410132
02-28 09:09:32.728 13511 13544 D NavServiceProvider: Setting units automatically
02-28 09:09:32.730 13511 13544 D NavServiceProvider: Detecting stop. distance_d=370.46866. stop_type=1 speed=11.0
02-28 09:09:32.730 13511 13544 D NavigationTest: 61: (28.058261, -82.413349, 11.000000)	R:false  F:false
02-28 09:09:32.730 13511 13544 D NavServiceProvider: Second to last stop coordinates: 28.05652, -82.410132
02-28 09:09:32.730 13511 13544 D NavServiceProvider: Setting units automatically
02-28 09:09:32.731 13511 13544 D NavServiceProvider: Detecting stop. distance_d=368.0819. stop_type=1 speed=11.0
02-28 09:09:32.731 13511 13544 D NavigationTest: 62: (28.058183, -82.413373, 11.000000)	R:false  F:false
02-28 09:09:32.731 13511 13544 D NavigationTest: 63: (28.058183, -82.413373, 11.000000)	R:false  F:false
02-28 09:09:32.731 13511 13544 D NavServiceProvider: Second to last stop coordinates: 28.05652, -82.410132
02-28 09:09:32.731 13511 13544 D NavServiceProvider: Setting units automatically
02-28 09:09:32.732 13511 13544 D NavServiceProvider: Detecting stop. distance_d=362.588. stop_type=1 speed=10.75
02-28 09:09:32.732 13511 13544 D NavigationTest: 64: (28.058080, -82.413374, 10.750000)	R:false  F:false
02-28 09:09:32.732 13511 13544 D NavServiceProvider: Second to last stop coordinates: 28.05652, -82.410132
02-28 09:09:32.733 13511 13544 D NavServiceProvider: Setting units automatically
02-28 09:09:32.734 13511 13544 D NavServiceProvider: Detecting stop. distance_d=357.03625. stop_type=1 speed=10.5
02-28 09:09:32.734 13511 13544 D NavigationTest: 65: (28.057979, -82.413370, 10.500000)	R:false  F:false
02-28 09:09:32.734 13511 13544 D NavigationTest: 66: (28.057979, -82.413370, 10.500000)	R:false  F:false
02-28 09:09:32.734 13511 13544 D NavServiceProvider: Second to last stop coordinates: 28.05652, -82.410132
02-28 09:09:32.734 13511 13544 D NavServiceProvider: Setting units automatically
02-28 09:09:32.735 13511 13544 D NavServiceProvider: Detecting stop. distance_d=350.59262. stop_type=1 speed=10.25
02-28 09:09:32.735 13511 13544 D NavigationTest: 67: (28.057876, -82.413354, 10.250000)	R:false  F:false
02-28 09:09:32.735 13511 13544 D NavServiceProvider: Second to last stop coordinates: 28.05652, -82.410132
02-28 09:09:32.735 13511 13544 D NavServiceProvider: Setting units automatically
02-28 09:09:32.736 13511 13544 D NavServiceProvider: Detecting stop. distance_d=346.34503. stop_type=1 speed=10.0
02-28 09:09:32.736 13511 13544 D NavigationTest: 68: (28.057786, -82.413353, 10.000000)	R:false  F:false
02-28 09:09:32.736 13511 13544 D NavigationTest: 69: (28.057786, -82.413353, 10.000000)	R:false  F:false
02-28 09:09:32.736 13511 13544 D NavServiceProvider: Second to last stop coordinates: 28.05652, -82.410132
02-28 09:09:32.737 13511 13544 D NavServiceProvider: Setting units automatically
02-28 09:09:32.738 13511 13544 D NavServiceProvider: Detecting stop. distance_d=341.1479. stop_type=1 speed=9.5
02-28 09:09:32.738 13511 13544 D NavigationTest: 70: (28.057698, -82.413338, 9.500000)	R:false  F:false
02-28 09:09:32.738 13511 13544 D NavigationTest: 71: (28.057698, -82.413338, 9.500000)	R:false  F:false
02-28 09:09:32.738 13511 13544 D NavServiceProvider: Second to last stop coordinates: 28.05652, -82.410132
02-28 09:09:32.738 13511 13544 D NavServiceProvider: Setting units automatically
02-28 09:09:32.739 13511 13544 D NavServiceProvider: Detecting stop. distance_d=337.18976. stop_type=1 speed=8.5
02-28 09:09:32.739 13511 13544 D NavigationTest: 72: (28.057622, -82.413329, 8.500000)	R:false  F:false
02-28 09:09:32.739 13511 13544 D NavigationTest: 73: (28.057622, -82.413329, 8.500000)	R:false  F:false
02-28 09:09:32.739 13511 13544 D NavigationTest: 74: (28.057622, -82.413329, 8.500000)	R:false  F:false
02-28 09:09:32.739 13511 13544 D NavServiceProvider: Second to last stop coordinates: 28.05652, -82.410132
02-28 09:09:32.739 13511 13544 D NavServiceProvider: Setting units automatically
02-28 09:09:32.741 13511 13544 D NavServiceProvider: Detecting stop. distance_d=334.57224. stop_type=1 speed=7.5
02-28 09:09:32.741 13511 13544 D NavigationTest: 75: (28.057555, -82.413329, 7.500000)	R:false  F:false
02-28 09:09:32.741 13511 13544 D NavServiceProvider: Second to last stop coordinates: 28.05652, -82.410132
02-28 09:09:32.741 13511 13544 D NavServiceProvider: Setting units automatically
02-28 09:09:32.742 13511 13544 D NavServiceProvider: Detecting stop. distance_d=332.088. stop_type=1 speed=6.75
02-28 09:09:32.742 13511 13544 D NavigationTest: 76: (28.057498, -82.413325, 6.750000)	R:false  F:false
02-28 09:09:32.742 13511 13544 D NavigationTest: 77: (28.057498, -82.413325, 6.750000)	R:false  F:false
02-28 09:09:32.742 13511 13544 D NavServiceProvider: Second to last stop coordinates: 28.05652, -82.410132
02-28 09:09:32.742 13511 13544 D NavServiceProvider: Setting units automatically
02-28 09:09:32.743 13511 13544 D NavServiceProvider: Detecting stop. distance_d=330.108. stop_type=1 speed=5.5
02-28 09:09:32.743 13511 13544 D NavigationTest: 78: (28.057458, -82.413319, 5.500000)	R:false  F:false
02-28 09:09:32.743 13511 13544 D NavServiceProvider: Second to last stop coordinates: 28.05652, -82.410132
02-28 09:09:32.744 13511 13544 D NavServiceProvider: Setting units automatically
02-28 09:09:32.744 13511 13544 D NavServiceProvider: Detecting stop. distance_d=332.07855. stop_type=1 speed=3.75
02-28 09:09:32.745 13511 13544 D NavigationTest: 79: (28.057442, -82.413346, 3.750000)	R:false  F:false
02-28 09:09:32.745 13511 13544 D NavigationTest: 80: (28.057442, -82.413346, 3.750000)	R:false  F:false
02-28 09:09:32.745 13511 13544 D NavServiceProvider: Second to last stop coordinates: 28.05652, -82.410132
02-28 09:09:32.745 13511 13544 D NavServiceProvider: Setting units automatically
02-28 09:09:32.746 13511 13544 D NavServiceProvider: Detecting stop. distance_d=330.7692. stop_type=1 speed=2.5
02-28 09:09:32.746 13511 13544 D NavigationTest: 81: (28.057431, -82.413336, 2.500000)	R:false  F:false
02-28 09:09:32.746 13511 13544 D NavigationTest: 82: (28.057431, -82.413336, 2.500000)	R:false  F:false
02-28 09:09:32.746 13511 13544 D NavServiceProvider: Second to last stop coordinates: 28.05652, -82.410132
02-28 09:09:32.746 13511 13544 D NavServiceProvider: Setting units automatically
02-28 09:09:32.747 13511 13544 D NavServiceProvider: Detecting stop. distance_d=330.52222. stop_type=1 speed=1.5
02-28 09:09:32.747 13511 13544 D NavigationTest: 83: (28.057432, -82.413333, 1.500000)	R:false  F:false
02-28 09:09:32.747 13511 13544 D NavigationTest: 84: (28.057432, -82.413333, 1.500000)	R:false  F:false
02-28 09:09:32.747 13511 13544 D NavServiceProvider: Second to last stop coordinates: 28.05652, -82.410132
02-28 09:09:32.747 13511 13544 D NavServiceProvider: Setting units automatically
02-28 09:09:32.748 13511 13544 D NavServiceProvider: Detecting stop. distance_d=330.2926. stop_type=1 speed=0.0
02-28 09:09:32.748 13511 13544 D NavigationTest: 85: (28.057439, -82.413328, 0.000000)	R:false  F:false
02-28 09:09:32.748 13511 13544 D NavigationTest: 86: (28.057439, -82.413328, 0.000000)	R:false  F:false
02-28 09:09:32.748 13511 13544 D NavServiceProvider: Second to last stop coordinates: 28.05652, -82.410132
02-28 09:09:32.749 13511 13544 D NavServiceProvider: Setting units automatically
02-28 09:09:32.750 13511 13544 D NavServiceProvider: Detecting stop. distance_d=329.95276. stop_type=1 speed=0.0
02-28 09:09:32.750 13511 13544 D NavigationTest: 87: (28.057440, -82.413324, 0.000000)	R:false  F:false
02-28 09:09:32.750 13511 13544 D NavServiceProvider: Second to last stop coordinates: 28.05652, -82.410132
02-28 09:09:32.750 13511 13544 D NavServiceProvider: Setting units automatically
02-28 09:09:32.751 13511 13544 D NavServiceProvider: Detecting stop. distance_d=328.5661. stop_type=1 speed=0.0
02-28 09:09:32.751 13511 13544 D NavigationTest: 88: (28.057435, -82.413311, 0.000000)	R:false  F:false
02-28 09:09:32.751 13511 13544 D NavigationTest: 89: (28.057435, -82.413311, 0.000000)	R:false  F:false
02-28 09:09:32.751 13511 13544 D NavServiceProvider: Second to last stop coordinates: 28.05652, -82.410132
02-28 09:09:32.751 13511 13544 D NavServiceProvider: Setting units automatically
02-28 09:09:32.752 13511 13544 D NavServiceProvider: Detecting stop. distance_d=328.43842. stop_type=1 speed=0.0
02-28 09:09:32.752 13511 13544 D NavigationTest: 90: (28.057434, -82.413310, 0.000000)	R:false  F:false
02-28 09:09:32.752 13511 13544 D NavServiceProvider: Second to last stop coordinates: 28.05652, -82.410132
02-28 09:09:32.753 13511 13544 D NavServiceProvider: Setting units automatically
02-28 09:09:32.753 13511 13544 D NavServiceProvider: Detecting stop. distance_d=328.69382. stop_type=1 speed=0.0
02-28 09:09:32.754 13511 13544 D NavigationTest: 91: (28.057436, -82.413312, 0.000000)	R:false  F:false
02-28 09:09:32.754 13511 13544 D NavigationTest: 92: (28.057436, -82.413312, 0.000000)	R:false  F:false
02-28 09:09:32.754 13511 13544 D NavServiceProvider: Second to last stop coordinates: 28.05652, -82.410132
02-28 09:09:32.754 13511 13544 D NavServiceProvider: Setting units automatically
02-28 09:09:32.755 13511 13544 D NavServiceProvider: Detecting stop. distance_d=329.3233. stop_type=1 speed=0.0
02-28 09:09:32.755 13511 13544 D NavigationTest: 93: (28.057438, -82.413318, 0.000000)	R:false  F:false
02-28 09:09:32.755 13511 13544 D NavigationTest: 94: (28.057438, -82.413318, 0.000000)	R:false  F:false
02-28 09:09:32.755 13511 13544 D NavServiceProvider: Second to last stop coordinates: 28.05652, -82.410132
02-28 09:09:32.755 13511 13544 D NavServiceProvider: Setting units automatically
02-28 09:09:32.756 13511 13544 D NavServiceProvider: Detecting stop. distance_d=328.6596. stop_type=1 speed=0.0
02-28 09:09:32.756 13511 13544 D NavigationTest: 95: (28.057435, -82.413312, 0.000000)	R:false  F:false
02-28 09:09:32.756 13511 13544 D NavServiceProvider: Second to last stop coordinates: 28.05652, -82.410132
02-28 09:09:32.756 13511 13544 D NavServiceProvider: Setting units automatically
02-28 09:09:32.757 13511 13544 D NavServiceProvider: Detecting stop. distance_d=329.1363. stop_type=1 speed=0.0
02-28 09:09:32.757 13511 13544 D NavigationTest: 96: (28.057438, -82.413316, 0.000000)	R:false  F:false
02-28 09:09:32.757 13511 13544 D NavigationTest: 97: (28.057438, -82.413316, 0.000000)	R:false  F:false
02-28 09:09:32.757 13511 13544 D NavServiceProvider: Second to last stop coordinates: 28.05652, -82.410132
02-28 09:09:32.758 13511 13544 D NavServiceProvider: Setting units automatically
02-28 09:09:32.759 13511 13544 D NavServiceProvider: Detecting stop. distance_d=328.63458. stop_type=1 speed=0.0
02-28 09:09:32.759 13511 13544 D NavigationTest: 98: (28.057437, -82.413311, 0.000000)	R:false  F:false
02-28 09:09:32.759 13511 13544 D NavigationTest: 99: (28.057437, -82.413311, 0.000000)	R:false  F:false
02-28 09:09:32.759 13511 13544 D NavServiceProvider: Second to last stop coordinates: 28.05652, -82.410132
02-28 09:09:32.759 13511 13544 D NavServiceProvider: Setting units automatically
02-28 09:09:32.760 13511 13544 D NavServiceProvider: Detecting stop. distance_d=328.5661. stop_type=1 speed=0.0
02-28 09:09:32.760 13511 13544 D NavigationTest: 100: (28.057435, -82.413311, 0.000000)	R:false  F:false
02-28 09:09:32.760 13511 13544 D NavServiceProvider: Second to last stop coordinates: 28.05652, -82.410132
02-28 09:09:32.760 13511 13544 D NavServiceProvider: Setting units automatically
02-28 09:09:32.761 13511 13544 D NavServiceProvider: Detecting stop. distance_d=328.43842. stop_type=1 speed=0.0
02-28 09:09:32.761 13511 13544 D NavigationTest: 101: (28.057434, -82.413310, 0.000000)	R:false  F:false
02-28 09:09:32.761 13511 13544 D NavigationTest: 102: (28.057434, -82.413310, 0.000000)	R:false  F:false
02-28 09:09:32.761 13511 13544 D NavServiceProvider: Second to last stop coordinates: 28.05652, -82.410132
02-28 09:09:32.762 13511 13544 D NavServiceProvider: Setting units automatically
02-28 09:09:32.763 13511 13544 D NavServiceProvider: Detecting stop. distance_d=328.31073. stop_type=1 speed=0.0
02-28 09:09:32.763 13511 13544 D NavigationTest: 103: (28.057433, -82.413309, 0.000000)	R:false  F:false
02-28 09:09:32.763 13511 13544 D NavigationTest: 104: (28.057433, -82.413309, 0.000000)	R:false  F:false
02-28 09:09:32.763 13511 13544 D NavServiceProvider: Second to last stop coordinates: 28.05652, -82.410132
02-28 09:09:32.763 13511 13544 D NavServiceProvider: Setting units automatically
02-28 09:09:32.764 13511 13544 D NavServiceProvider: Detecting stop. distance_d=328.18304. stop_type=1 speed=0.0
02-28 09:09:32.765 13511 13544 D NavigationTest: 105: (28.057432, -82.413308, 0.000000)	R:false  F:false
02-28 09:09:32.765 13511 13544 D NavigationTest: 106: (28.057432, -82.413308, 0.000000)	R:false  F:false
02-28 09:09:32.765 13511 13544 D NavServiceProvider: Second to last stop coordinates: 28.05652, -82.410132
02-28 09:09:32.765 13511 13544 D NavServiceProvider: Setting units automatically
02-28 09:09:32.766 13511 13544 D NavServiceProvider: Detecting stop. distance_d=328.27658. stop_type=1 speed=0.0
02-28 09:09:32.766 13511 13544 D NavigationTest: 107: (28.057432, -82.413309, 0.000000)	R:false  F:false
02-28 09:09:32.766 13511 13544 D NavigationTest: 108: (28.057432, -82.413309, 0.000000)	R:false  F:false
02-28 09:09:32.766 13511 13544 D NavigationTest: 109: (28.057432, -82.413309, 0.000000)	R:false  F:false
02-28 09:09:32.766 13511 13544 D NavServiceProvider: Second to last stop coordinates: 28.05652, -82.410132
02-28 09:09:32.767 13511 13544 D NavServiceProvider: Setting units automatically
02-28 09:09:32.768 13511 13544 D NavServiceProvider: Detecting stop. distance_d=328.27658. stop_type=1 speed=0.0
02-28 09:09:32.768 13511 13544 D NavigationTest: 110: (28.057432, -82.413309, 0.000000)	R:false  F:false
02-28 09:09:32.768 13511 13544 D NavServiceProvider: Second to last stop coordinates: 28.05652, -82.410132
02-28 09:09:32.768 13511 13544 D NavServiceProvider: Setting units automatically
02-28 09:09:32.770 13511 13544 D NavServiceProvider: Detecting stop. distance_d=328.27658. stop_type=1 speed=0.0
02-28 09:09:32.770 13511 13544 D NavigationTest: 111: (28.057432, -82.413309, 0.000000)	R:false  F:false
02-28 09:09:32.770 13511 13544 D NavigationTest: 112: (28.057432, -82.413309, 0.000000)	R:false  F:false
02-28 09:09:32.770 13511 13544 D NavServiceProvider: Second to last stop coordinates: 28.05652, -82.410132
02-28 09:09:32.770 13511 13544 D NavServiceProvider: Setting units automatically
02-28 09:09:32.771 13511 13544 D NavServiceProvider: Detecting stop. distance_d=328.27658. stop_type=1 speed=0.0
02-28 09:09:32.771 13511 13544 D NavigationTest: 113: (28.057432, -82.413309, 0.000000)	R:false  F:false
02-28 09:09:32.771 13511 13544 D NavServiceProvider: Second to last stop coordinates: 28.05652, -82.410132
02-28 09:09:32.772 13511 13544 D NavServiceProvider: Setting units automatically
02-28 09:09:32.773 13511 13544 D NavServiceProvider: Detecting stop. distance_d=328.27658. stop_type=1 speed=0.0
02-28 09:09:32.773 13511 13544 D NavigationTest: 114: (28.057432, -82.413309, 0.000000)	R:false  F:false
02-28 09:09:32.773 13511 13544 D NavigationTest: 115: (28.057432, -82.413309, 0.000000)	R:false  F:false
02-28 09:09:32.773 13511 13544 D NavServiceProvider: Second to last stop coordinates: 28.05652, -82.410132
02-28 09:09:32.773 13511 13544 D NavServiceProvider: Setting units automatically
02-28 09:09:32.774 13511 13544 D NavServiceProvider: Detecting stop. distance_d=328.27658. stop_type=1 speed=0.0
02-28 09:09:32.774 13511 13544 D NavigationTest: 116: (28.057432, -82.413309, 0.000000)	R:false  F:false
02-28 09:09:32.774 13511 13544 D NavServiceProvider: Second to last stop coordinates: 28.05652, -82.410132
02-28 09:09:32.775 13511 13544 D NavServiceProvider: Setting units automatically
02-28 09:09:32.776 13511 13544 D NavServiceProvider: Detecting stop. distance_d=328.27658. stop_type=1 speed=0.0
02-28 09:09:32.776 13511 13544 D NavigationTest: 117: (28.057432, -82.413309, 0.000000)	R:false  F:false
02-28 09:09:32.776 13511 13544 D NavigationTest: 118: (28.057432, -82.413309, 0.000000)	R:false  F:false
02-28 09:09:32.776 13511 13544 D NavServiceProvider: Second to last stop coordinates: 28.05652, -82.410132
02-28 09:09:32.776 13511 13544 D NavServiceProvider: Setting units automatically
02-28 09:09:32.777 13511 13544 D NavServiceProvider: Detecting stop. distance_d=328.27658. stop_type=1 speed=0.0
02-28 09:09:32.777 13511 13544 D NavigationTest: 119: (28.057432, -82.413309, 0.000000)	R:false  F:false
02-28 09:09:32.777 13511 13544 D NavServiceProvider: Second to last stop coordinates: 28.05652, -82.410132
02-28 09:09:32.778 13511 13544 D NavServiceProvider: Setting units automatically
02-28 09:09:32.779 13511 13544 D NavServiceProvider: Detecting stop. distance_d=328.27658. stop_type=1 speed=0.0
02-28 09:09:32.779 13511 13544 D NavigationTest: 120: (28.057432, -82.413309, 0.000000)	R:false  F:false
02-28 09:09:32.779 13511 13544 D NavigationTest: 121: (28.057432, -82.413309, 0.000000)	R:false  F:false
02-28 09:09:32.779 13511 13544 D NavServiceProvider: Second to last stop coordinates: 28.05652, -82.410132
02-28 09:09:32.779 13511 13544 D NavServiceProvider: Setting units automatically
02-28 09:09:32.781 13511 13544 D NavServiceProvider: Detecting stop. distance_d=328.27658. stop_type=1 speed=0.0
02-28 09:09:32.781 13511 13544 D NavigationTest: 122: (28.057432, -82.413309, 0.000000)	R:false  F:false
02-28 09:09:32.781 13511 13544 D NavServiceProvider: Second to last stop coordinates: 28.05652, -82.410132
02-28 09:09:32.781 13511 13544 D NavServiceProvider: Setting units automatically
02-28 09:09:32.783 13511 13544 D NavServiceProvider: Detecting stop. distance_d=328.27658. stop_type=1 speed=0.0
02-28 09:09:32.783 13511 13544 D NavigationTest: 123: (28.057432, -82.413309, 0.000000)	R:false  F:false
02-28 09:09:32.783 13511 13544 D NavigationTest: 124: (28.057432, -82.413309, 0.000000)	R:false  F:false
02-28 09:09:32.783 13511 13544 D NavServiceProvider: Second to last stop coordinates: 28.05652, -82.410132
02-28 09:09:32.784 13511 13544 D NavServiceProvider: Setting units automatically
02-28 09:09:32.785 13511 13544 D NavServiceProvider: Detecting stop. distance_d=328.18304. stop_type=1 speed=0.0
02-28 09:09:32.786 13511 13544 D NavigationTest: 125: (28.057432, -82.413308, 0.000000)	R:false  F:false
02-28 09:09:32.786 13511 13544 D NavigationTest: 126: (28.057432, -82.413308, 0.000000)	R:false  F:false
02-28 09:09:32.786 13511 13544 D NavServiceProvider: Second to last stop coordinates: 28.05652, -82.410132
02-28 09:09:32.786 13511 13544 D NavServiceProvider: Setting units automatically
02-28 09:09:32.787   871  6793 D audio_hw_primary: adev_get_parameters:vr_audio_mode_on
02-28 09:09:32.787   871  6793 I audio_hw_primary: getting vr mode to 0
02-28 09:09:32.787   871  6793 D audio_hw_primary: adev_get_parameters: exit: returns - vr_audio_mode_on=false
02-28 09:09:32.788   959  2592 I hash_map_utils: key: 'vr_audio_mode_on' value: ''
02-28 09:09:32.788 13511 13544 D NavServiceProvider: Detecting stop. distance_d=328.18304. stop_type=1 speed=0.0
02-28 09:09:32.788 13511 13544 D NavigationTest: 127: (28.057432, -82.413308, 0.000000)	R:false  F:false
02-28 09:09:32.788 13511 13544 D NavServiceProvider: Second to last stop coordinates: 28.05652, -82.410132
02-28 09:09:32.788   959  2592 I AudioPolicyManagerCustom: VR mode is 0, switch to primary output if request is for fast|raw
02-28 09:09:32.788   959  2592 I AudioPolicyManagerCustom: setting force DEEP buffer now
02-28 09:09:32.788 13511 13544 D NavServiceProvider: Setting units automatically
02-28 09:09:32.789   959  2592 D AudioFlinger: Client defaulted notificationFrames to 2048 for frameCount 4096
02-28 09:09:32.789 13511 13544 D NavServiceProvider: Detecting stop. distance_d=328.18304. stop_type=1 speed=0.0
02-28 09:09:32.790 13511 13544 D NavigationTest: 128: (28.057432, -82.413308, 0.000000)	R:false  F:false
02-28 09:09:32.790 13511 13544 D NavigationTest: 129: (28.057432, -82.413308, 0.000000)	R:false  F:false
02-28 09:09:32.790 13511 13544 D NavServiceProvider: Second to last stop coordinates: 28.05652, -82.410132
02-28 09:09:32.790   959  2592 D AF::TrackHandle: OpPlayAudio: track:183 usage:1 not muted
02-28 09:09:32.790 13511 13544 D NavServiceProvider: Setting units automatically
02-28 09:09:32.791 13511 13544 D NavServiceProvider: Detecting stop. distance_d=328.27658. stop_type=1 speed=0.0
02-28 09:09:32.791 13511 13544 D NavigationTest: 130: (28.057432, -82.413309, 0.000000)	R:false  F:false
02-28 09:09:32.791 13511 13544 D NavServiceProvider: Second to last stop coordinates: 28.05652, -82.410132
02-28 09:09:32.792 13511 13544 D NavServiceProvider: Setting units automatically
02-28 09:09:32.793 13511 13544 D NavServiceProvider: Detecting stop. distance_d=328.27658. stop_type=1 speed=0.0
02-28 09:09:32.793 13511 13544 D NavigationTest: 131: (28.057432, -82.413309, 0.000000)	R:false  F:false
02-28 09:09:32.793 13511 13544 D NavigationTest: 132: (28.057432, -82.413309, 0.000000)	R:false  F:false
02-28 09:09:32.793 13511 13544 D NavServiceProvider: Second to last stop coordinates: 28.05652, -82.410132
02-28 09:09:32.794 13511 13544 D NavServiceProvider: Setting units automatically
02-28 09:09:32.795 13511 13544 D NavServiceProvider: Detecting stop. distance_d=328.27658. stop_type=1 speed=0.0
02-28 09:09:32.795 13511 13544 D NavigationTest: 133: (28.057432, -82.413309, 0.000000)	R:false  F:false
02-28 09:09:32.795 13511 13544 D NavigationTest: 134: (28.057432, -82.413309, 0.000000)	R:false  F:false
02-28 09:09:32.795 13511 13544 D NavServiceProvider: Second to last stop coordinates: 28.05652, -82.410132
02-28 09:09:32.796 13511 13544 D NavServiceProvider: Setting units automatically
02-28 09:09:32.797  2666  3413 D Avrcp_ext: AudioManager Player: ID:23 -- type:android.media.SoundPool -- u/pid:10126/2688 -- state:idle -- attr:AudioAttributes: usage=USAGE_ASSISTANCE_SONIFICATION content=CONTENT_TYPE_SONIFICATION flags=0x800 tags= bundle=null
02-28 09:09:32.797  2666  3413 D Avrcp_ext: AudioManager Player: ID:15 -- type:android.media.SoundPool -- u/pid:1000/1493 -- state:idle -- attr:AudioAttributes: usage=USAGE_ASSISTANCE_SONIFICATION content=CONTENT_TYPE_SONIFICATION flags=0x800 tags= bundle=null
02-28 09:09:32.797  2666  3413 D Avrcp_ext: AudioManager Player: ID:1055 -- type:android.media.AudioTrack -- u/pid:10088/13579 -- state:started -- attr:AudioAttributes: usage=USAGE_MEDIA content=CONTENT_TYPE_SPEECH flags=0x800 tags= bundle=null
02-28 09:09:32.797  2666  3413 D Avrcp_ext: AudioManager isPlaying: true
02-28 09:09:32.797  2666  3413 V Avrcp_ext: updateCurrentMediaState: mMediaController: null
02-28 09:09:32.797 13511 13544 D NavServiceProvider: Detecting stop. distance_d=328.27658. stop_type=1 speed=0.0
02-28 09:09:32.797 13511 13544 D NavigationTest: 135: (28.057432, -82.413309, 0.000000)	R:false  F:false
02-28 09:09:32.797 13511 13544 D NavigationTest: 136: (28.057432, -82.413309, 0.000000)	R:false  F:false
02-28 09:09:32.797 13511 13544 D NavServiceProvider: Second to last stop coordinates: 28.05652, -82.410132
02-28 09:09:32.798  2666  3413 V Avrcp_ext: isMusicActive: false getBluetoothPlayState: 2
02-28 09:09:32.798  2666  3413 V Avrcp_ext: updateCurrentMediaState: isPlaying = false
02-28 09:09:32.798  2666  3413 V Avrcp_ext: Media update: id -1➡-1? [MediaAttributes: none] : [MediaAttributes: none]
02-28 09:09:32.798  2666  3413 V Avrcp_ext: newPlayStatus:2mReportedPlayStatus:-1
02-28 09:09:32.798  2666  3413 V Avrcp_ext: updatePlaybackState, state: PlaybackState {state=2, position=-1, buffered position=0, speed=0.0, updated=1776128, actions=0, custom actions=[], active item id=-1, error=null} device: null
02-28 09:09:32.798  2666  3413 V Avrcp_ext: Device: no name:
02-28 09:09:32.798  2666  3413 I chatty  : uid=1002(bluetooth) BluetoothAvrcpH identical 2 lines
02-28 09:09:32.798  2666  3413 V Avrcp_ext: Device: no name:
02-28 09:09:32.798 13511 13544 D NavServiceProvider: Setting units automatically
02-28 09:09:32.798  2666  3413 V Avrcp_ext: Device: no name:
02-28 09:09:32.798  2666  3413 V Avrcp_ext: updatePlayerStateAndPosition, old=PlaybackState {state=2, position=-1, buffered position=0, speed=0.0, updated=1775869, actions=0, custom actions=[], active item id=-1, error=null}, state=PlaybackState {state=2, position=-1, buffered position=0, speed=0.0, updated=1776128, actions=0, custom actions=[], active item id=-1, error=null}
02-28 09:09:32.798  2666  3413 V Avrcp_ext: old state = PlaybackState {state=2, position=-1, buffered position=0, speed=0.0, updated=1775869, actions=0, custom actions=[], active item id=-1, error=null}, new state= PlaybackState {state=2, position=-1, buffered position=0, speed=0.0, updated=1776128, actions=0, custom actions=[], active item id=-1, error=null}
02-28 09:09:32.798  2666  3413 D HeadsetService: getHeadsetService(): returning com.android.bluetooth.hfp.HeadsetService@8a04d28
02-28 09:09:32.798  2666  3413 D HeadsetService:  isAudioOn: The number of audio connected devices 0
02-28 09:09:32.798  2666  3413 D HeadsetService: isScoOrCallActive(): Call Active:falseCall is Ringing:falseSCO is Active:false
02-28 09:09:32.799  2666  3413 D HeadsetService:  isAudioOn: The number of audio connected devices 0
02-28 09:09:32.799  2666  3413 I Avrcp_ext: updatePlayStatusForDevice: device: null
02-28 09:09:32.799  2666  3413 V Avrcp_ext: updatePlaybackState (1): old=PlaybackState {state=2, position=-1, buffered position=0, speed=0.0, updated=1775869, actions=0, custom actions=[], active item id=-1, error=null}(2), new=PlaybackState {state=2, position=-1, buffered position=0, speed=0.0, updated=1776128, actions=0, custom actions=[], active item id=-1, error=null}(2)
02-28 09:09:32.799  2666  3413 I Avrcp_ext: Exit updatePlayStatusForDevice
02-28 09:09:32.800  2666  3413 D HeadsetService:  isAudioOn: The number of audio connected devices 0
02-28 09:09:32.800  2666  3413 D HeadsetService: isScoOrCallActive(): Call Active:falseCall is Ringing:falseSCO is Active:false
02-28 09:09:32.800 13511 13544 D NavServiceProvider: Detecting stop. distance_d=328.27658. stop_type=1 speed=0.0
02-28 09:09:32.800  2666  3413 D HeadsetService:  isAudioOn: The number of audio connected devices 0
02-28 09:09:32.800  2666  3413 I Avrcp_ext: updatePlayStatusForDevice: device: null
02-28 09:09:32.800  2666  3413 V Avrcp_ext: updatePlaybackState (1): old=PlaybackState {state=2, position=-1, buffered position=0, speed=0.0, updated=1775869, actions=0, custom actions=[], active item id=-1, error=null}(2), new=PlaybackState {state=2, position=-1, buffered position=0, speed=0.0, updated=1776128, actions=0, custom actions=[], active item id=-1, error=null}(2)
02-28 09:09:32.800  2666  3413 I Avrcp_ext: Exit updatePlayStatusForDevice
02-28 09:09:32.800 13511 13544 D NavigationTest: 137: (28.057432, -82.413309, 0.000000)	R:false  F:false
02-28 09:09:32.800 13511 13544 D NavServiceProvider: Second to last stop coordinates: 28.05652, -82.410132
02-28 09:09:32.800  2666  3413 D HeadsetService:  isAudioOn: The number of audio connected devices 0
02-28 09:09:32.800  2666  3413 D HeadsetService: isScoOrCallActive(): Call Active:falseCall is Ringing:falseSCO is Active:false
02-28 09:09:32.800  2666  3413 D HeadsetService:  isAudioOn: The number of audio connected devices 0
02-28 09:09:32.800  2666  3413 I Avrcp_ext: updatePlayStatusForDevice: device: null
02-28 09:09:32.800  2666  3413 V Avrcp_ext: updatePlaybackState (1): old=PlaybackState {state=2, position=-1, buffered position=0, speed=0.0, updated=1775869, actions=0, custom actions=[], active item id=-1, error=null}(2), new=PlaybackState {state=2, position=-1, buffered position=0, speed=0.0, updated=1776128, actions=0, custom actions=[], active item id=-1, error=null}(2)
02-28 09:09:32.800  2666  3413 I Avrcp_ext: Exit updatePlayStatusForDevice
02-28 09:09:32.800  2666  3413 D HeadsetService:  isAudioOn: The number of audio connected devices 0
02-28 09:09:32.800  2666  3413 D HeadsetService: isScoOrCallActive(): Call Active:falseCall is Ringing:falseSCO is Active:false
02-28 09:09:32.800 13511 13544 D NavServiceProvider: Setting units automatically
02-28 09:09:32.800  2666  3413 D HeadsetService:  isAudioOn: The number of audio connected devices 0
02-28 09:09:32.800  2666  3413 I Avrcp_ext: updatePlayStatusForDevice: device: null
02-28 09:09:32.800  2666  3413 V Avrcp_ext: updatePlaybackState (1): old=PlaybackState {state=2, position=-1, buffered position=0, speed=0.0, updated=1775869, actions=0, custom actions=[], active item id=-1, error=null}(2), new=PlaybackState {state=2, position=-1, buffered position=0, speed=0.0, updated=1776128, actions=0, custom actions=[], active item id=-1, error=null}(2)
02-28 09:09:32.800  2666  3413 I Avrcp_ext: Exit updatePlayStatusForDevice
02-28 09:09:32.800  2666  3413 D HeadsetService:  isAudioOn: The number of audio connected devices 0
02-28 09:09:32.800  2666  3413 D HeadsetService: isScoOrCallActive(): Call Active:falseCall is Ringing:falseSCO is Active:false
02-28 09:09:32.801  2666  3413 D HeadsetService:  isAudioOn: The number of audio connected devices 0
02-28 09:09:32.801  2666  3413 I Avrcp_ext: updatePlayStatusForDevice: device: null
02-28 09:09:32.801  2666  3413 V Avrcp_ext: updatePlaybackState (1): old=PlaybackState {state=2, position=-1, buffered position=0, speed=0.0, updated=1775869, actions=0, custom actions=[], active item id=-1, error=null}(2), new=PlaybackState {state=2, position=-1, buffered position=0, speed=0.0, updated=1776128, actions=0, custom actions=[], active item id=-1, error=null}(2)
02-28 09:09:32.801  2666  3413 I Avrcp_ext: Exit updatePlayStatusForDevice
02-28 09:09:32.801  2666  3413 D Avrcp_ext: Enter sendPlayPosNotificationRsp
02-28 09:09:32.801  2666  3413 D Avrcp_ext: sendPlayPosNotificationRsp: Not registered or requesting.
02-28 09:09:32.801  2666  3413 D Avrcp_ext: Enter sendPlayPosNotificationRsp
