02-28 09:09:55.326 13511 13544 D NavigationTest: 269: (28.035875, -82.492891, 8.250000)	R:true  F:false
02-28 09:09:55.326 13511 13544 D NavigationTest: 270: (28.035875, -82.492891, 8.250000)	R:true  F:false
02-28 09:09:55.326 13511 13544 D NavServiceProvider: Second to last stop coordinates: 28.035864, -82.491983
02-28 09:09:55.327 13511 13544 D NavServiceProvider: Setting units automatically
02-28 09:09:55.328 13511 13544 D NavServiceProvider: Detecting stop. distance_d=77.25964. stop_type=1 speed=10.0
02-28 09:09:55.328 13511 13544 D NavigationTest: 271: (28.035922, -82.492766, 10.000000)	R:true  F:false
02-28 09:09:55.328 13511 13544 D NavServiceProvider: Second to last stop coordinates: 28.035864, -82.491983
02-28 09:09:55.329 13511 13544 D NavServiceProvider: Setting units automatically
02-28 09:09:55.330 13511 13544 D NavServiceProvider: Detecting stop. distance_d=64.59542. stop_type=1 speed=10.25
02-28 09:09:55.330 13511 13544 D NavigationTest: 272: (28.035895, -82.492639, 10.250000)	R:true  F:false
02-28 09:09:55.330 13511 13544 D NavigationTest: 273: (28.035895, -82.492639, 10.250000)	R:true  F:false
02-28 09:09:55.330 13511 13544 D NavServiceProvider: Second to last stop coordinates: 28.035864, -82.491983
02-28 09:09:55.331 13511 13544 D NavServiceProvider: Setting units automatically
02-28 09:09:55.332 13511 13544 D NavServiceProvider: Detecting stop. distance_d=51.776794. stop_type=1 speed=10.5
02-28 09:09:55.332 13511 13544 D NavigationTest: 274: (28.035900, -82.492508, 10.500000)	R:true  F:false
02-28 09:09:55.332 13511 13544 D NavigationTest: 275: (28.035900, -82.492508, 10.500000)	R:true  F:false
02-28 09:09:55.332 13511 13544 D NavServiceProvider: Second to last stop coordinates: 28.035864, -82.491983
02-28 09:09:55.333 13511 13544 D NavServiceProvider: Setting units automatically
02-28 09:09:55.335 13511 13544 D NavServiceProvider: Detecting stop. distance_d=42.657673. stop_type=1 speed=10.5
02-28 09:09:55.335 13511 13544 D NavServiceProvider: Case 2: false
02-28 09:09:55.335 13511 13544 D NavigationTest: 276: (28.035813, -82.492413, 10.500000)	R:true  F:false
02-28 09:09:55.335 13511 13544 D NavigationTest: 277: (28.035813, -82.492413, 10.500000)	R:true  F:false
02-28 09:09:55.335 13511 13544 D NavServiceProvider: Second to last stop coordinates: 28.035864, -82.491983
02-28 09:09:55.335 13511 13544 D NavServiceProvider: Setting units automatically
02-28 09:09:55.336   871   871 D audio_hw_primary: adev_get_parameters:vr_audio_mode_on
02-28 09:09:55.336   871   871 I audio_hw_primary: getting vr mode to 0
02-28 09:09:55.336   871   871 D audio_hw_primary: adev_get_parameters: exit: returns - vr_audio_mode_on=false
02-28 09:09:55.336   959  1210 I hash_map_utils: key: 'vr_audio_mode_on' value: ''
02-28 09:09:55.337 13511 13544 D NavServiceProvider: Detecting stop. distance_d=31.293406. stop_type=1 speed=10.75
02-28 09:09:55.337 13511 13544 D NavigationTest: 278: (28.035818, -82.492297, 10.750000)	R:true  F:false
02-28 09:09:55.337 13511 13544 D NavigationTest: 279: (28.035818, -82.492297, 10.750000)	R:true  F:false
02-28 09:09:55.337 13511 13544 D NavServiceProvider: Second to last stop coordinates: 28.035864, -82.491983
02-28 09:09:55.337   959  1210 I AudioPolicyManagerCustom: VR mode is 0, switch to primary output if request is for fast|raw
02-28 09:09:55.337   959  1210 I AudioPolicyManagerCustom: setting force DEEP buffer now
02-28 09:09:55.337 13511 13544 D NavServiceProvider: Setting units automatically
02-28 09:09:55.338   959  1210 D AudioFlinger: Client defaulted notificationFrames to 2048 for frameCount 4096
02-28 09:09:55.338 13511 13544 D NavServiceProvider: Detecting stop. distance_d=20.176989. stop_type=1 speed=11.25
02-28 09:09:55.338 13511 13544 D NavigationTest: 280: (28.035872, -82.492188, 11.250000)	R:true  F:false
02-28 09:09:55.338 13511 13544 D NavigationTest: 281: (28.035872, -82.492188, 11.250000)	R:true  F:false
02-28 09:09:55.338 13511 13544 D NavServiceProvider: Second to last stop coordinates: 28.035864, -82.491983
02-28 09:09:55.339 13511 13544 D NavServiceProvider: Setting units automatically
02-28 09:09:55.340   959  1210 D AF::TrackHandle: OpPlayAudio: track:229 usage:1 not muted
02-28 09:09:55.341 13511 13544 D NavServiceProvider: Detecting stop. distance_d=10.475723. stop_type=1 speed=11.25
02-28 09:09:55.341 13511 13544 D NavServiceProvider: Case 3: false
02-28 09:09:55.341 13511 13544 D NavigationTest: 282: (28.035880, -82.492088, 11.250000)	R:true  F:false
02-28 09:09:55.341 13511 13544 D NavigationTest: 283: (28.035880, -82.492088, 11.250000)	R:true  F:false
02-28 09:09:55.341 13511 13544 D NavServiceProvider: Second to last stop coordinates: 28.035864, -82.491983
02-28 09:09:55.341 13511 13544 D NavServiceProvider: Setting units automatically
02-28 09:09:55.343 13511 13544 D NavServiceProvider: Detecting stop. distance_d=4.8611655. stop_type=1 speed=11.75
02-28 09:09:55.343 13511 13544 D NavigationTest: 284: (28.035884, -82.491939, 11.750000)	R:true  F:false
02-28 09:09:55.343 13511 13544 D NavServiceProvider: Second to last stop coordinates: 28.035864, -82.491983
02-28 09:09:55.344 13511 13544 D NavServiceProvider: Setting units automatically
02-28 09:09:55.344  2666  3413 D Avrcp_ext: AudioManager Player: ID:23 -- type:android.media.SoundPool -- u/pid:10126/2688 -- state:idle -- attr:AudioAttributes: usage=USAGE_ASSISTANCE_SONIFICATION content=CONTENT_TYPE_SONIFICATION flags=0x800 tags= bundle=null
02-28 09:09:55.344  2666  3413 D Avrcp_ext: AudioManager Player: ID:15 -- type:android.media.SoundPool -- u/pid:1000/1493 -- state:idle -- attr:AudioAttributes: usage=USAGE_ASSISTANCE_SONIFICATION content=CONTENT_TYPE_SONIFICATION flags=0x800 tags= bundle=null
02-28 09:09:55.344  2666  3413 D Avrcp_ext: AudioManager Player: ID:1423 -- type:android.media.AudioTrack -- u/pid:10088/13579 -- state:started -- attr:AudioAttributes: usage=USAGE_MEDIA content=CONTENT_TYPE_SPEECH flags=0x800 tags= bundle=null
02-28 09:09:55.344  2666  3413 D Avrcp_ext: AudioManager isPlaying: true
02-28 09:09:55.344  2666  3413 V Avrcp_ext: updateCurrentMediaState: mMediaController: null
02-28 09:09:55.345  2666  3413 V Avrcp_ext: isMusicActive: true getBluetoothPlayState: 2
02-28 09:09:55.345  2666  3413 V Avrcp_ext: updateCurrentMediaState: isPlaying = false
02-28 09:09:55.345  2666  3413 V Avrcp_ext: Media update: id -1➡-1? [MediaAttributes: none] : [MediaAttributes: none]
02-28 09:09:55.345  2666  3413 V Avrcp_ext: newPlayStatus:2mReportedPlayStatus:-1
02-28 09:09:55.345  2666  3413 V Avrcp_ext: updatePlaybackState, state: PlaybackState {state=2, position=-1, buffered position=0, speed=0.0, updated=1798676, actions=0, custom actions=[], active item id=-1, error=null} device: null
02-28 09:09:55.345  2666  3413 V Avrcp_ext: Device: no name:
02-28 09:09:55.345  2666  3413 I chatty  : uid=1002(bluetooth) BluetoothAvrcpH identical 3 lines
02-28 09:09:55.345  2666  3413 V Avrcp_ext: Device: no name:
02-28 09:09:55.345  2666  3413 V Avrcp_ext: updatePlayerStateAndPosition, old=PlaybackState {state=2, position=-1, buffered position=0, speed=0.0, updated=1798558, actions=0, custom actions=[], active item id=-1, error=null}, state=PlaybackState {state=2, position=-1, buffered position=0, speed=0.0, updated=1798676, actions=0, custom actions=[], active item id=-1, error=null}
02-28 09:09:55.345 13511 13544 D NavServiceProvider: Detecting stop. distance_d=24.607286. stop_type=1 speed=13.5
02-28 09:09:55.345  2666  3413 V Avrcp_ext: old state = PlaybackState {state=2, position=-1, buffered position=0, speed=0.0, updated=1798558, actions=0, custom actions=[], active item id=-1, error=null}, new state= PlaybackState {state=2, position=-1, buffered position=0, speed=0.0, updated=1798676, actions=0, custom actions=[], active item id=-1, error=null}
02-28 09:09:55.345 13511 13544 D NavServiceProvider: Case 5: true
02-28 09:09:55.345 13511 13544 D NavServiceProvider: Proximity Event fired
02-28 09:09:55.345 13511 13544 D NavServiceProvider: Checking if path has more path links left to be navigated
02-28 09:09:55.345  2666  3413 D HeadsetService: getHeadsetService(): returning com.android.bluetooth.hfp.HeadsetService@8a04d28
02-28 09:09:55.345 13511 13544 D NavServiceProvider: PathLink index: 0 Number of PathLinks: 1
02-28 09:09:55.345 13511 13544 D NavServiceProvider: %%%%%%N%%%%%%%%% No more PathLinks left in Path %%%%%%%%%%%%%%%%%%%%%
02-28 09:09:55.345 13511 13544 D NavServiceProvider: Got to last stop
02-28 09:09:55.345 13511 13544 D NavServiceProvider: Alert 1 screen before last stop
02-28 09:09:55.345 13511 13544 D NavServiceProvider: Calling destination reached...
02-28 09:09:55.346  2666  3413 D HeadsetService:  isAudioOn: The number of audio connected devices 0
02-28 09:09:55.346  2666  3413 D HeadsetService: isScoOrCallActive(): Call Active:falseCall is Ringing:falseSCO is Active:false
02-28 09:09:55.346  2666  3413 D HeadsetService:  isAudioOn: The number of audio connected devices 0
02-28 09:09:55.346  2666  3413 I Avrcp_ext: updatePlayStatusForDevice: device: null
02-28 09:09:55.346  2666  3413 V Avrcp_ext: updatePlaybackState (1): old=PlaybackState {state=2, position=-1, buffered position=0, speed=0.0, updated=1798558, actions=0, custom actions=[], active item id=-1, error=null}(2), new=PlaybackState {state=2, position=-1, buffered position=0, speed=0.0, updated=1798676, actions=0, custom actions=[], active item id=-1, error=null}(2)
02-28 09:09:55.346  2666  3413 I Avrcp_ext: Exit updatePlayStatusForDevice
02-28 09:09:55.346  2666  3413 D HeadsetService:  isAudioOn: The number of audio connected devices 0
02-28 09:09:55.346  2666  3413 D HeadsetService: isScoOrCallActive(): Call Active:falseCall is Ringing:falseSCO is Active:false
02-28 09:09:55.347  2666  3413 D HeadsetService:  isAudioOn: The number of audio connected devices 0
02-28 09:09:55.347  2666  3413 I Avrcp_ext: updatePlayStatusForDevice: device: null
02-28 09:09:55.347  2666  3413 V Avrcp_ext: updatePlaybackState (1): old=PlaybackState {state=2, position=-1, buffered position=0, speed=0.0, updated=1798558, actions=0, custom actions=[], active item id=-1, error=null}(2), new=PlaybackState {state=2, position=-1, buffered position=0, speed=0.0, updated=1798676, actions=0, custom actions=[], active item id=-1, error=null}(2)
02-28 09:09:55.347  2666  3413 I Avrcp_ext: Exit updatePlayStatusForDevice
02-28 09:09:55.347 13579 13612 I EventProcessor: synthesizeMarkup call to callback.audioAvailable failed: -1
02-28 09:09:55.347  2666  3413 D HeadsetService:  isAudioOn: The number of audio connected devices 0
02-28 09:09:55.347  2666  3413 D HeadsetService: isScoOrCallActive(): Call Active:falseCall is Ringing:falseSCO is Active:false
02-28 09:09:55.347  2666  3413 D HeadsetService:  isAudioOn: The number of audio connected devices 0
02-28 09:09:55.347  2666  3413 I Avrcp_ext: updatePlayStatusForDevice: device: null
02-28 09:09:55.347  2666  3413 V Avrcp_ext: updatePlaybackState (1): old=PlaybackState {state=2, position=-1, buffered position=0, speed=0.0, updated=1798558, actions=0, custom actions=[], active item id=-1, error=null}(2), new=PlaybackState {state=2, position=-1, buffered position=0, speed=0.0, updated=1798676, actions=0, custom actions=[], active item id=-1, error=null}(2)
02-28 09:09:55.347  2666  3413 I Avrcp_ext: Exit updatePlayStatusForDevice
02-28 09:09:55.347  2666  3413 D HeadsetService:  isAudioOn: The number of audio connected devices 0
02-28 09:09:55.347  2666  3413 D HeadsetService: isScoOrCallActive(): Call Active:falseCall is Ringing:falseSCO is Active:false
02-28 09:09:55.348  2666  3413 D HeadsetService:  isAudioOn: The number of audio connected devices 0
02-28 09:09:55.348  2666  3413 I Avrcp_ext: updatePlayStatusForDevice: device: null
02-28 09:09:55.348  2666  3413 V Avrcp_ext: updatePlaybackState (1): old=PlaybackState {state=2, position=-1, buffered position=0, speed=0.0, updated=1798558, actions=0, custom actions=[], active item id=-1, error=null}(2), new=PlaybackState {state=2, position=-1, buffered position=0, speed=0.0, updated=1798676, actions=0, custom actions=[], active item id=-1, error=null}(2)
02-28 09:09:55.348  2666  3413 I Avrcp_ext: Exit updatePlayStatusForDevice
02-28 09:09:55.348  2666  3413 D HeadsetService:  isAudioOn: The number of audio connected devices 0
02-28 09:09:55.348  2666  3413 D HeadsetService: isScoOrCallActive(): Call Active:falseCall is Ringing:falseSCO is Active:false
02-28 09:09:55.348  2666  3413 D HeadsetService:  isAudioOn: The number of audio connected devices 0
02-28 09:09:55.348  2666  3413 I Avrcp_ext: updatePlayStatusForDevice: device: null
02-28 09:09:55.348  2666  3413 V Avrcp_ext: updatePlaybackState (1): old=PlaybackState {state=2, position=-1, buffered position=0, speed=0.0, updated=1798558, actions=0, custom actions=[], active item id=-1, error=null}(2), new=PlaybackState {state=2, position=-1, buffered position=0, speed=0.0, updated=1798676, actions=0, custom actions=[], active item id=-1, error=null}(2)
02-28 09:09:55.348  2666  3413 I Avrcp_ext: Exit updatePlayStatusForDevice
02-28 09:09:55.348  2666  3413 D Avrcp_ext: Enter sendPlayPosNotificationRsp
02-28 09:09:55.348  2666  3413 D Avrcp_ext: sendPlayPosNotificationRsp: Not registered or requesting.
02-28 09:09:55.348  2666  3413 D Avrcp_ext: Enter sendPlayPosNotificationRsp
02-28 09:09:55.348  2666  3413 D Avrcp_ext: sendPlayPosNotificationRsp: Not registered or requesting.
02-28 09:09:55.348  2666  3413 D Avrcp_ext: Enter sendPlayPosNotificationRsp
02-28 09:09:55.348  2666  3413 D Avrcp_ext: sendPlayPosNotificationRsp: Not registered or requesting.
02-28 09:09:55.348  2666  3413 D Avrcp_ext: Enter sendPlayPosNotificationRsp
02-28 09:09:55.348  2666  3413 D Avrcp_ext: sendPlayPosNotificationRsp: Not registered or requesting.
02-28 09:09:55.348  2666  3413 D Avrcp_ext: Enter sendPlayPosNotificationRsp
02-28 09:09:55.348  2666  3413 D Avrcp_ext: sendPlayPosNotificationRsp: Not registered or requesting.
02-28 09:09:55.348  2666  3413 V Avrcp_ext: Exit updatePlayerStateAndPosition
02-28 09:09:55.349 13579 13612 E LocalSynthesizer: synthesizeWithoutLoadingVoice() failed
02-28 09:09:55.354 13579 13616 D AudioTrack: stop(197): called with 512 frames delivered
02-28 09:09:55.356  2666  3413 D Avrcp_ext: AudioManager Player: ID:23 -- type:android.media.SoundPool -- u/pid:10126/2688 -- state:idle -- attr:AudioAttributes: usage=USAGE_ASSISTANCE_SONIFICATION content=CONTENT_TYPE_SONIFICATION flags=0x800 tags= bundle=null
02-28 09:09:55.356  2666  3413 D Avrcp_ext: AudioManager Player: ID:15 -- type:android.media.SoundPool -- u/pid:1000/1493 -- state:idle -- attr:AudioAttributes: usage=USAGE_ASSISTANCE_SONIFICATION content=CONTENT_TYPE_SONIFICATION flags=0x800 tags= bundle=null
02-28 09:09:55.356  2666  3413 D Avrcp_ext: AudioManager Player: ID:1423 -- type:android.media.AudioTrack -- u/pid:10088/13579 -- state:stopped -- attr:AudioAttributes: usage=USAGE_MEDIA content=CONTENT_TYPE_SPEECH flags=0x800 tags= bundle=null
02-28 09:09:55.356  2666  3413 D Avrcp_ext: AudioManager isPlaying: false
02-28 09:09:55.356  2666  3413 V Avrcp_ext: updateCurrentMediaState: mMediaController: null
02-28 09:09:55.356 13579 13612 I GoogleTTSServiceImpl: Synthesis request for locale eng-USA and name en-US-language
02-28 09:09:55.356  2666  3413 V Avrcp_ext: isMusicActive: true getBluetoothPlayState: 2
02-28 09:09:55.356  2666  3413 V Avrcp_ext: updateCurrentMediaState: isPlaying = false
02-28 09:09:55.356  2666  3413 V Avrcp_ext: Media update: id -1➡-1? [MediaAttributes: none] : [MediaAttributes: none]
02-28 09:09:55.356  2666  3413 V Avrcp_ext: newPlayStatus:2mReportedPlayStatus:-1
02-28 09:09:55.356  2666  3413 V Avrcp_ext: updatePlaybackState, state: PlaybackState {state=2, position=-1, buffered position=0, speed=0.0, updated=1798687, actions=0, custom actions=[], active item id=-1, error=null} device: null
02-28 09:09:55.356  2666  3413 V Avrcp_ext: Device: no name:
02-28 09:09:55.356  2666  3413 I chatty  : uid=1002(bluetooth) BluetoothAvrcpH identical 3 lines
02-28 09:09:55.356  2666  3413 V Avrcp_ext: Device: no name:
02-28 09:09:55.356  2666  3413 V Avrcp_ext: updatePlayerStateAndPosition, old=PlaybackState {state=2, position=-1, buffered position=0, speed=0.0, updated=1798676, actions=0, custom actions=[], active item id=-1, error=null}, state=PlaybackState {state=2, position=-1, buffered position=0, speed=0.0, updated=1798687, actions=0, custom actions=[], active item id=-1, error=null}
02-28 09:09:55.356  2666  3413 V Avrcp_ext: old state = PlaybackState {state=2, position=-1, buffered position=0, speed=0.0, updated=1798676, actions=0, custom actions=[], active item id=-1, error=null}, new state= PlaybackState {state=2, position=-1, buffered position=0, speed=0.0, updated=1798687, actions=0, custom actions=[], active item id=-1, error=null}
02-28 09:09:55.356  2666  3413 D HeadsetService: getHeadsetService(): returning com.android.bluetooth.hfp.HeadsetService@8a04d28
02-28 09:09:55.357  2666  3413 D HeadsetService:  isAudioOn: The number of audio connected devices 0
02-28 09:09:55.357 13579 13612 I GoogleTTSServiceImpl: TTS dispatch: en-us-x-iog-seanet-embedded
02-28 09:09:55.357  2666  3413 D HeadsetService: isScoOrCallActive(): Call Active:falseCall is Ringing:falseSCO is Active:false
02-28 09:09:55.357  2666  3413 D HeadsetService:  isAudioOn: The number of audio connected devices 0
02-28 09:09:55.357  2666  3413 I Avrcp_ext: updatePlayStatusForDevice: device: null
02-28 09:09:55.357  2666  3413 V Avrcp_ext: updatePlaybackState (1): old=PlaybackState {state=2, position=-1, buffered position=0, speed=0.0, updated=1798676, actions=0, custom actions=[], active item id=-1, error=null}(2), new=PlaybackState {state=2, position=-1, buffered position=0, speed=0.0, updated=1798687, actions=0, custom actions=[], active item id=-1, error=null}(2)
02-28 09:09:55.357  2666  3413 I Avrcp_ext: Exit updatePlayStatusForDevice
02-28 09:09:55.357  2666  3413 D HeadsetService:  isAudioOn: The number of audio connected devices 0
02-28 09:09:55.357  2666  3413 D HeadsetService: isScoOrCallActive(): Call Active:falseCall is Ringing:falseSCO is Active:false
02-28 09:09:55.358  2666  3413 D HeadsetService:  isAudioOn: The number of audio connected devices 0
02-28 09:09:55.358  2666  3413 I Avrcp_ext: updatePlayStatusForDevice: device: null
02-28 09:09:55.358  2666  3413 V Avrcp_ext: updatePlaybackState (1): old=PlaybackState {state=2, position=-1, buffered position=0, speed=0.0, updated=1798676, actions=0, custom actions=[], active item id=-1, error=null}(2), new=PlaybackState {state=2, position=-1, buffered position=0, speed=0.0, updated=1798687, actions=0, custom actions=[], active item id=-1, error=null}(2)
02-28 09:09:55.358  2666  3413 I Avrcp_ext: Exit updatePlayStatusForDevice
02-28 09:09:55.358  2666  3413 D HeadsetService:  isAudioOn: The number of audio connected devices 0
02-28 09:09:55.358  2666  3413 D HeadsetService: isScoOrCallActive(): Call Active:falseCall is Ringing:falseSCO is Active:false
02-28 09:09:55.359   871   871 D audio_hw_primary: adev_get_parameters:vr_audio_mode_on
02-28 09:09:55.359   871   871 I audio_hw_primary: getting vr mode to 0
02-28 09:09:55.359  2666  3413 D HeadsetService:  isAudioOn: The number of audio connected devices 0
02-28 09:09:55.359   871   871 D audio_hw_primary: adev_get_parameters: exit: returns - vr_audio_mode_on=false
02-28 09:09:55.359  2666  3413 I Avrcp_ext: updatePlayStatusForDevice: device: null
02-28 09:09:55.359  2666  3413 V Avrcp_ext: updatePlaybackState (1): old=PlaybackState {state=2, position=-1, buffered position=0, speed=0.0, updated=1798676, actions=0, custom actions=[], active item id=-1, error=null}(2), new=PlaybackState {state=2, position=-1, buffered position=0, speed=0.0, updated=1798687, actions=0, custom actions=[], active item id=-1, error=null}(2)
02-28 09:09:55.359  2666  3413 I Avrcp_ext: Exit updatePlayStatusForDevice
02-28 09:09:55.359   959   959 I hash_map_utils: key: 'vr_audio_mode_on' value: ''
02-28 09:09:55.359  2666  3413 D HeadsetService:  isAudioOn: The number of audio connected devices 0
02-28 09:09:55.359  2666  3413 D HeadsetService: isScoOrCallActive(): Call Active:falseCall is Ringing:falseSCO is Active:false
02-28 09:09:55.359   959   959 I AudioPolicyManagerCustom: VR mode is 0, switch to primary output if request is for fast|raw
02-28 09:09:55.359   959   959 I AudioPolicyManagerCustom: setting force DEEP buffer now
02-28 09:09:55.360  2666  3413 D HeadsetService:  isAudioOn: The number of audio connected devices 0
02-28 09:09:55.360   959   959 D AudioFlinger: Client defaulted notificationFrames to 2048 for frameCount 4096
02-28 09:09:55.360  2666  3413 I Avrcp_ext: updatePlayStatusForDevice: device: null
02-28 09:09:55.360  2666  3413 V Avrcp_ext: updatePlaybackState (1): old=PlaybackState {state=2, position=-1, buffered position=0, speed=0.0, updated=1798676, actions=0, custom actions=[], active item id=-1, error=null}(2), new=PlaybackState {state=2, position=-1, buffered position=0, speed=0.0, updated=1798687, actions=0, custom actions=[], active item id=-1, error=null}(2)
02-28 09:09:55.360  2666  3413 I Avrcp_ext: Exit updatePlayStatusForDevice
02-28 09:09:55.360  2666  3413 D HeadsetService:  isAudioOn: The number of audio connected devices 0
02-28 09:09:55.360  2666  3413 D HeadsetService: isScoOrCallActive(): Call Active:falseCall is Ringing:falseSCO is Active:false
02-28 09:09:55.360  2666  3413 D HeadsetService:  isAudioOn: The number of audio connected devices 0
02-28 09:09:55.360  2666  3413 I Avrcp_ext: updatePlayStatusForDevice: device: null
02-28 09:09:55.360  2666  3413 V Avrcp_ext: updatePlaybackState (1): old=PlaybackState {state=2, position=-1, buffered position=0, speed=0.0, updated=1798676, actions=0, custom actions=[], active item id=-1, error=null}(2), new=PlaybackState {state=2, position=-1, buffered position=0, speed=0.0, updated=1798687, actions=0, custom actions=[], active item id=-1, error=null}(2)
02-28 09:09:55.360  2666  3413 I Avrcp_ext: Exit updatePlayStatusForDevice
02-28 09:09:55.360  2666  3413 D Avrcp_ext: Enter sendPlayPosNotificationRsp
02-28 09:09:55.360  2666  3413 D Avrcp_ext: sendPlayPosNotificationRsp: Not registered or requesting.
02-28 09:09:55.360  2666  3413 D Avrcp_ext: Enter sendPlayPosNotificationRsp
02-28 09:09:55.360  2666  3413 D Avrcp_ext: sendPlayPosNotificationRsp: Not registered or requesting.
02-28 09:09:55.360  2666  3413 D Avrcp_ext: Enter sendPlayPosNotificationRsp
02-28 09:09:55.361  2666  3413 D Avrcp_ext: sendPlayPosNotificationRsp: Not registered or requesting.
02-28 09:09:55.361  2666  3413 D Avrcp_ext: Enter sendPlayPosNotificationRsp
02-28 09:09:55.361  2666  3413 D Avrcp_ext: sendPlayPosNotificationRsp: Not registered or requesting.
02-28 09:09:55.361  2666  3413 D Avrcp_ext: Enter sendPlayPosNotificationRsp
02-28 09:09:55.361  2666  3413 D Avrcp_ext: sendPlayPosNotificationRsp: Not registered or requesting.
02-28 09:09:55.361  2666  3413 V Avrcp_ext: Exit updatePlayerStateAndPosition
02-28 09:09:55.361  2666  3413 D Avrcp_ext: AudioManager Player: ID:23 -- type:android.media.SoundPool -- u/pid:10126/2688 -- state:idle -- attr:AudioAttributes: usage=USAGE_ASSISTANCE_SONIFICATION content=CONTENT_TYPE_SONIFICATION flags=0x800 tags= bundle=null
02-28 09:09:55.361  2666  3413 D Avrcp_ext: AudioManager Player: ID:15 -- type:android.media.SoundPool -- u/pid:1000/1493 -- state:idle -- attr:AudioAttributes: usage=USAGE_ASSISTANCE_SONIFICATION content=CONTENT_TYPE_SONIFICATION flags=0x800 tags= bundle=null
02-28 09:09:55.361  2666  3413 D Avrcp_ext: AudioManager isPlaying: false
02-28 09:09:55.362 13511 13544 D NavServiceProvider: -----Get off the bus!
02-28 09:09:55.362   959   959 D AF::TrackHandle: OpPlayAudio: track:230 usage:1 not muted
02-28 09:09:55.363 13511 13544 D NavigationTest: 285: (28.035874, -82.491733, 13.500000)	R:true  F:true
02-28 09:09:55.364 13511 13544 I System.out: O311C: INFO Log level changed: DEBUG
02-28 09:09:55.364 13511 13544 I System.out: O311C: INFO Dry run mode changed: true
02-28 09:09:55.364 13511 13544 W Application: Open311 issue reporting is in debug/dry run mode - no issues will be submitted.
02-28 09:09:55.364 13511 13544 I System.out: O311C: INFO clearOpen311
02-28 09:09:55.364 13511 13544 I TestRunner: finished: testTrip7C(org.onebusaway.android.nav.test.NavigationTest)
