02-28 09:09:55.051 13511 13544 I TestRunner: started: testTrip7C(org.onebusaway.android.nav.test.NavigationTest)
02-28 09:09:55.052 13511 13511 I MonitoringInstr: Activities that are still in CREATED to STOPPED: 0
02-28 09:09:55.062 13511 13544 D NavServiceProvider: Creating NavigationServiceProvider...
02-28 09:09:55.063 13511 13544 D NavServiceProvider: Starting navigation for service
02-28 09:09:55.063 13511 13544 D NavServiceProvider: ProximityCalculator initializing...
02-28 09:09:55.063 13511 13544 D NavServiceProvider: Initializing ProximityCalculator
02-28 09:09:55.063 13511 13544 D NavServiceProvider: Number of path links: 1
02-28 09:09:55.063 13511 13544 D NavServiceProvider: Second to last stop coordinates: 28.035864, -82.491983
02-28 09:09:55.063 13511 13544 D NavServiceProvider: Setting units automatically
02-28 09:09:55.065 13511 13544 D NavServiceProvider: Detecting stop. distance_d=1716.7705. stop_type=1 speed=8.25
02-28 09:09:55.065 13511 13544 D NavigationTest: 0: (28.039932, -82.508830, 8.250000)	R:false  F:false
02-28 09:09:55.065 13511 13544 D NavigationTest: 1: (28.039932, -82.508830, 8.250000)	R:false  F:false
02-28 09:09:55.065 13511 13544 D NavigationTest: 2: (28.039932, -82.508830, 8.250000)	R:false  F:false
02-28 09:09:55.065 13511 13544 D NavigationTest: 3: (28.039932, -82.508830, 8.250000)	R:false  F:false
02-28 09:09:55.066 13511 13544 D NavigationTest: 4: (28.039932, -82.508830, 8.250000)	R:false  F:false
02-28 09:09:55.066 13511 13544 D NavServiceProvider: Second to last stop coordinates: 28.035864, -82.491983
02-28 09:09:55.066 13511 13544 D NavServiceProvider: Setting units automatically
02-28 09:09:55.067 13511 13544 D NavServiceProvider: Detecting stop. distance_d=1710.5515. stop_type=1 speed=9.25
02-28 09:09:55.067 13511 13544 D NavigationTest: 5: (28.039858, -82.508787, 9.250000)	R:false  F:false
02-28 09:09:55.067 13511 13544 D NavServiceProvider: Second to last stop coordinates: 28.035864, -82.491983
02-28 09:09:55.067 13511 13544 D NavServiceProvider: Setting units automatically
02-28 09:09:55.068 13511 13544 D NavServiceProvider: Detecting stop. distance_d=1704.62. stop_type=1 speed=10.25
02-28 09:09:55.068 13511 13544 D NavigationTest: 6: (28.039773, -82.508750, 10.250000)	R:false  F:false
02-28 09:09:55.068 13511 13544 D NavigationTest: 7: (28.039773, -82.508750, 10.250000)	R:false  F:false
02-28 09:09:55.069 13511 13544 D NavServiceProvider: Second to last stop coordinates: 28.035864, -82.491983
02-28 09:09:55.069 13511 13544 D NavServiceProvider: Setting units automatically
02-28 09:09:55.070 13511 13544 D NavServiceProvider: Detecting stop. distance_d=1698.4518. stop_type=1 speed=11.25
02-28 09:09:55.070 13511 13544 D NavigationTest: 8: (28.039678, -82.508713, 11.250000)	R:false  F:false
02-28 09:09:55.070 13511 13544 D NavServiceProvider: Second to last stop coordinates: 28.035864, -82.491983
02-28 09:09:55.071 13511 13544 D NavServiceProvider: Setting units automatically
02-28 09:09:55.072 13511 13544 D NavServiceProvider: Detecting stop. distance_d=1692.5234. stop_type=1 speed=12.0
02-28 09:09:55.072 13511 13544 D NavigationTest: 9: (28.039590, -82.508676, 12.000000)	R:false  F:false
02-28 09:09:55.072 13511 13544 D NavigationTest: 10: (28.039590, -82.508676, 12.000000)	R:false  F:false
02-28 09:09:55.072 13511 13544 D NavServiceProvider: Second to last stop coordinates: 28.035864, -82.491983
02-28 09:09:55.072 13511 13544 D NavServiceProvider: Setting units automatically
02-28 09:09:55.073 13511 13544 D NavServiceProvider: Detecting stop. distance_d=1685.2408. stop_type=1 speed=12.75
02-28 09:09:55.073 13511 13544 D NavigationTest: 11: (28.039478, -82.508631, 12.750000)	R:false  F:false
02-28 09:09:55.074 13511 13544 D NavigationTest: 12: (28.039478, -82.508631, 12.750000)	R:false  F:false
02-28 09:09:55.074 13511 13544 D NavServiceProvider: Second to last stop coordinates: 28.035864, -82.491983
02-28 09:09:55.074 13511 13544 D NavServiceProvider: Setting units automatically
02-28 09:09:55.075 13511 13544 D NavServiceProvider: Detecting stop. distance_d=1676.9265. stop_type=1 speed=13.25
02-28 09:09:55.075 13511 13544 D NavigationTest: 13: (28.039364, -82.508575, 13.250000)	R:false  F:false
02-28 09:09:55.075 13511 13544 D NavServiceProvider: Second to last stop coordinates: 28.035864, -82.491983
02-28 09:09:55.075 13511 13544 D NavServiceProvider: Setting units automatically
02-28 09:09:55.076 13511 13544 D NavServiceProvider: Detecting stop. distance_d=1668.0737. stop_type=1 speed=14.0
02-28 09:09:55.077 13511 13544 D NavigationTest: 14: (28.039237, -82.508516, 14.000000)	R:false  F:false
02-28 09:09:55.077 13511 13544 D NavigationTest: 15: (28.039237, -82.508516, 14.000000)	R:false  F:false
02-28 09:09:55.077 13511 13544 D NavServiceProvider: Second to last stop coordinates: 28.035864, -82.491983
02-28 09:09:55.077 13511 13544 D NavServiceProvider: Setting units automatically
02-28 09:09:55.078 13511 13544 D NavServiceProvider: Detecting stop. distance_d=1659.2177. stop_type=1 speed=14.5
02-28 09:09:55.078 13511 13544 D NavigationTest: 16: (28.039114, -82.508455, 14.500000)	R:false  F:false
02-28 09:09:55.078 13511 13544 D NavigationTest: 17: (28.039114, -82.508455, 14.500000)	R:false  F:false
02-28 09:09:55.078 13511 13544 D NavServiceProvider: Second to last stop coordinates: 28.035864, -82.491983
02-28 09:09:55.078 13511 13544 D NavServiceProvider: Setting units automatically
02-28 09:09:55.080 13511 13544 D NavServiceProvider: Detecting stop. distance_d=1650.6438. stop_type=1 speed=14.75
02-28 09:09:55.080 13511 13544 D NavigationTest: 18: (28.038987, -82.508397, 14.750000)	R:false  F:false
02-28 09:09:55.080 13511 13544 D NavServiceProvider: Second to last stop coordinates: 28.035864, -82.491983
02-28 09:09:55.080 13511 13544 D NavServiceProvider: Setting units automatically
02-28 09:09:55.081 13511 13544 D NavServiceProvider: Detecting stop. distance_d=1642.5508. stop_type=1 speed=15.0
02-28 09:09:55.081 13511 13544 D NavigationTest: 19: (28.038860, -82.508343, 15.000000)	R:false  F:false
02-28 09:09:55.081 13511 13544 D NavigationTest: 20: (28.038860, -82.508343, 15.000000)	R:false  F:false
02-28 09:09:55.081 13511 13544 D NavServiceProvider: Second to last stop coordinates: 28.035864, -82.491983
02-28 09:09:55.081 13511 13544 D NavServiceProvider: Setting units automatically
02-28 09:09:55.083 13511 13544 D NavServiceProvider: Detecting stop. distance_d=1634.6305. stop_type=1 speed=15.25
02-28 09:09:55.083 13511 13544 D NavigationTest: 21: (28.038723, -82.508292, 15.250000)	R:false  F:false
02-28 09:09:55.083 13511 13544 D NavigationTest: 22: (28.038723, -82.508292, 15.250000)	R:false  F:false
02-28 09:09:55.083 13511 13544 D NavServiceProvider: Second to last stop coordinates: 28.035864, -82.491983
02-28 09:09:55.083 13511 13544 D NavServiceProvider: Setting units automatically
02-28 09:09:55.084 13511 13544 D NavServiceProvider: Detecting stop. distance_d=1626.7859. stop_type=1 speed=15.25
02-28 09:09:55.084 13511 13544 D NavigationTest: 23: (28.038598, -82.508238, 15.250000)	R:false  F:false
02-28 09:09:55.084 13511 13544 D NavigationTest: 24: (28.038598, -82.508238, 15.250000)	R:false  F:false
02-28 09:09:55.084 13511 13544 D NavServiceProvider: Second to last stop coordinates: 28.035864, -82.491983
02-28 09:09:55.085 13511 13544 D NavServiceProvider: Setting units automatically
02-28 09:09:55.086 13511 13544 D NavServiceProvider: Detecting stop. distance_d=1618.1708. stop_type=1 speed=14.75
02-28 09:09:55.086 13511 13544 D NavigationTest: 25: (28.038478, -82.508174, 14.750000)	R:false  F:false
02-28 09:09:55.086 13511 13544 D NavigationTest: 26: (28.038478, -82.508174, 14.750000)	R:false  F:false
02-28 09:09:55.086 13511 13544 D NavServiceProvider: Second to last stop coordinates: 28.035864, -82.491983
02-28 09:09:55.087 13511 13544 D NavServiceProvider: Setting units automatically
02-28 09:09:55.088 13511 13544 D NavServiceProvider: Detecting stop. distance_d=1610.6526. stop_type=1 speed=14.75
02-28 09:09:55.088 13511 13544 D NavigationTest: 27: (28.038355, -82.508121, 14.750000)	R:false  F:false
02-28 09:09:55.088 13511 13544 D NavServiceProvider: Second to last stop coordinates: 28.035864, -82.491983
02-28 09:09:55.089 13511 13544 D NavServiceProvider: Setting units automatically
02-28 09:09:55.090 13511 13544 D NavServiceProvider: Detecting stop. distance_d=1603.6382. stop_type=1 speed=14.75
02-28 09:09:55.090 13511 13544 D NavigationTest: 28: (28.038233, -82.508072, 14.750000)	R:false  F:false
02-28 09:09:55.090 13511 13544 D NavigationTest: 29: (28.038233, -82.508072, 14.750000)	R:false  F:false
02-28 09:09:55.090 13511 13544 D NavServiceProvider: Second to last stop coordinates: 28.035864, -82.491983
02-28 09:09:55.091 13511 13544 D NavServiceProvider: Setting units automatically
02-28 09:09:55.092 13511 13544 D NavServiceProvider: Detecting stop. distance_d=1595.904. stop_type=1 speed=14.75
02-28 09:09:55.092 13511 13544 D NavigationTest: 30: (28.038103, -82.508016, 14.750000)	R:false  F:false
02-28 09:09:55.092 13511 13544 D NavigationTest: 31: (28.038103, -82.508016, 14.750000)	R:false  F:false
02-28 09:09:55.092 13511 13544 D NavServiceProvider: Second to last stop coordinates: 28.035864, -82.491983
02-28 09:09:55.092 13511 13544 D NavServiceProvider: Setting units automatically
02-28 09:09:55.094 13511 13544 D NavServiceProvider: Detecting stop. distance_d=1588.559. stop_type=1 speed=15.0
02-28 09:09:55.094 13511 13544 D NavigationTest: 32: (28.037984, -82.507961, 15.000000)	R:false  F:false
02-28 09:09:55.094 13511 13544 D NavigationTest: 33: (28.037984, -82.507961, 15.000000)	R:false  F:false
02-28 09:09:55.094 13511 13544 D NavServiceProvider: Second to last stop coordinates: 28.035864, -82.491983
02-28 09:09:55.095 13511 13544 D NavServiceProvider: Setting units automatically
02-28 09:09:55.097 13511 13544 D NavServiceProvider: Detecting stop. distance_d=1580.1049. stop_type=1 speed=14.5
02-28 09:09:55.097 13511 13544 D NavigationTest: 34: (28.037869, -82.507893, 14.500000)	R:false  F:false
02-28 09:09:55.097 13511 13544 D NavServiceProvider: Second to last stop coordinates: 28.035864, -82.491983
02-28 09:09:55.097 13511 13544 D NavServiceProvider: Setting units automatically
02-28 09:09:55.099 13511 13544 D NavServiceProvider: Detecting stop. distance_d=1570.4786. stop_type=1 speed=14.75
02-28 09:09:55.099 13511 13544 D NavigationTest: 35: (28.037728, -82.507816, 14.750000)	R:false  F:false
02-28 09:09:55.099 13511 13544 D NavigationTest: 36: (28.037728, -82.507816, 14.750000)	R:false  F:false
02-28 09:09:55.099 13511 13544 D NavServiceProvider: Second to last stop coordinates: 28.035864, -82.491983
02-28 09:09:55.099 13511 13544 D NavServiceProvider: Setting units automatically
02-28 09:09:55.100 13511 13544 D NavServiceProvider: Detecting stop. distance_d=1559.4448. stop_type=1 speed=16.0
02-28 09:09:55.101 13511 13544 D NavigationTest: 37: (28.037617, -82.507719, 16.000000)	R:false  F:false
02-28 09:09:55.101 13511 13544 D NavServiceProvider: Second to last stop coordinates: 28.035864, -82.491983
02-28 09:09:55.101 13511 13544 D NavServiceProvider: Setting units automatically
02-28 09:09:55.102 13511 13544 D NavServiceProvider: Detecting stop. distance_d=1546.9042. stop_type=1 speed=16.75
02-28 09:09:55.102 13511 13544 D NavigationTest: 38: (28.037474, -82.507610, 16.750000)	R:false  F:false
02-28 09:09:55.102 13511 13544 D NavigationTest: 39: (28.037474, -82.507610, 16.750000)	R:false  F:false
02-28 09:09:55.102 13511 13544 D NavigationTest: 40: (28.037474, -82.507610, 16.750000)	R:false  F:false
02-28 09:09:55.102 13511 13544 D NavServiceProvider: Second to last stop coordinates: 28.035864, -82.491983
02-28 09:09:55.103 13511 13544 D NavServiceProvider: Setting units automatically
02-28 09:09:55.104 13511 13544 D NavServiceProvider: Detecting stop. distance_d=1533.9635. stop_type=1 speed=17.5
02-28 09:09:55.104 13511 13544 D NavigationTest: 41: (28.037360, -82.507492, 17.500000)	R:false  F:false
02-28 09:09:55.104 13511 13544 D NavServiceProvider: Second to last stop coordinates: 28.035864, -82.491983
02-28 09:09:55.105 13511 13544 D NavServiceProvider: Setting units automatically
02-28 09:09:55.106 13511 13544 D NavServiceProvider: Detecting stop. distance_d=1523.287. stop_type=1 speed=16.75
02-28 09:09:55.106 13511 13544 D NavigationTest: 42: (28.037266, -82.507394, 16.750000)	R:false  F:false
02-28 09:09:55.106 13511 13544 D NavigationTest: 43: (28.037266, -82.507394, 16.750000)	R:false  F:false
02-28 09:09:55.106 13511 13544 D NavServiceProvider: Second to last stop coordinates: 28.035864, -82.491983
02-28 09:09:55.107 13511 13544 D NavServiceProvider: Setting units automatically
02-28 09:09:55.108 13511 13544 D NavServiceProvider: Detecting stop. distance_d=1509.724. stop_type=1 speed=17.0
02-28 09:09:55.108 13511 13544 D NavigationTest: 44: (28.037162, -82.507267, 17.000000)	R:false  F:false
02-28 09:09:55.108 13511 13544 D NavigationTest: 45: (28.037162, -82.507267, 17.000000)	R:false  F:false
02-28 09:09:55.108 13511 13544 D NavServiceProvider: Second to last stop coordinates: 28.035864, -82.491983
02-28 09:09:55.108 13511 13544 D NavServiceProvider: Setting units automatically
02-28 09:09:55.110 13511 13544 D NavServiceProvider: Detecting stop. distance_d=1496.5648. stop_type=1 speed=16.5
02-28 09:09:55.110 13511 13544 D NavigationTest: 46: (28.037072, -82.507142, 16.500000)	R:false  F:false
02-28 09:09:55.110 13511 13544 D NavigationTest: 47: (28.037072, -82.507142, 16.500000)	R:false  F:false
02-28 09:09:55.110 13511 13544 D NavServiceProvider: Second to last stop coordinates: 28.035864, -82.491983
02-28 09:09:55.110 13579 13612 W EventProcessor: callback.start() returned error code: -1
02-28 09:09:55.111 13511 13544 D NavServiceProvider: Setting units automatically
02-28 09:09:55.113 13511 13544 D NavServiceProvider: Detecting stop. distance_d=1481.8291. stop_type=1 speed=17.0
02-28 09:09:55.113 13511 13544 D NavigationTest: 48: (28.036986, -82.507000, 17.000000)	R:false  F:false
02-28 09:09:55.113 13511 13544 D NavigationTest: 49: (28.036986, -82.507000, 17.000000)	R:false  F:false
02-28 09:09:55.113 13511 13544 D NavServiceProvider: Second to last stop coordinates: 28.035864, -82.491983
02-28 09:09:55.113 13511 13544 D NavServiceProvider: Setting units automatically
02-28 09:09:55.114 13511 13544 D NavServiceProvider: Detecting stop. distance_d=1467.3052. stop_type=1 speed=17.25
02-28 09:09:55.115 13511 13544 D NavigationTest: 50: (28.036885, -82.506861, 17.250000)	R:false  F:false
02-28 09:09:55.115 13511 13544 D NavServiceProvider: Second to last stop coordinates: 28.035864, -82.491983
02-28 09:09:55.115 13511 13544 D NavServiceProvider: Setting units automatically
02-28 09:09:55.116 13511 13544 D NavServiceProvider: Detecting stop. distance_d=1451.8868. stop_type=1 speed=17.5
02-28 09:09:55.116 13511 13544 D NavigationTest: 51: (28.036811, -82.506710, 17.500000)	R:false  F:false
02-28 09:09:55.116 13511 13544 D NavigationTest: 52: (28.036811, -82.506710, 17.500000)	R:false  F:false
02-28 09:09:55.116 13511 13544 D NavServiceProvider: Second to last stop coordinates: 28.035864, -82.491983
02-28 09:09:55.117 13511 13544 D NavServiceProvider: Setting units automatically
02-28 09:09:55.118 13511 13544 D NavServiceProvider: Detecting stop. distance_d=1436.9847. stop_type=1 speed=17.75
02-28 09:09:55.118 13511 13544 D NavigationTest: 53: (28.036709, -82.506566, 17.750000)	R:false  F:false
02-28 09:09:55.118 13511 13544 D NavigationTest: 54: (28.036709, -82.506566, 17.750000)	R:false  F:false
02-28 09:09:55.118 13511 13544 D NavServiceProvider: Second to last stop coordinates: 28.035864, -82.491983
02-28 09:09:55.118 13511 13544 D NavServiceProvider: Setting units automatically
02-28 09:09:55.119 13511 13544 D NavServiceProvider: Detecting stop. distance_d=1421.0365. stop_type=1 speed=17.25
02-28 09:09:55.119 13511 13544 D NavigationTest: 55: (28.036688, -82.506405, 17.250000)	R:false  F:false
02-28 09:09:55.120 13511 13544 D NavigationTest: 56: (28.036688, -82.506405, 17.250000)	R:false  F:false
02-28 09:09:55.120 13511 13544 D NavServiceProvider: Second to last stop coordinates: 28.035864, -82.491983
02-28 09:09:55.120 13511 13544 D NavServiceProvider: Setting units automatically
02-28 09:09:55.121 13511 13544 D NavServiceProvider: Detecting stop. distance_d=1402.5392. stop_type=1 speed=17.5
02-28 09:09:55.121 13511 13544 D NavigationTest: 57: (28.036681, -82.506217, 17.500000)	R:false  F:false
02-28 09:09:55.121 13511 13544 D NavServiceProvider: Second to last stop coordinates: 28.035864, -82.491983
02-28 09:09:55.122 13511 13544 D NavServiceProvider: Setting units automatically
02-28 09:09:55.124 13511 13544 D NavServiceProvider: Detecting stop. distance_d=1384.7202. stop_type=1 speed=18.0
02-28 09:09:55.124 13511 13544 D NavigationTest: 58: (28.036659, -82.506037, 18.000000)	R:false  F:false
02-28 09:09:55.124 13511 13544 D NavigationTest: 59: (28.036659, -82.506037, 18.000000)	R:false  F:false
02-28 09:09:55.124 13511 13544 D NavServiceProvider: Second to last stop coordinates: 28.035864, -82.491983
02-28 09:09:55.124 13511 13544 D NavServiceProvider: Setting units automatically
02-28 09:09:55.125 13579 13612 I GoogleTTSServiceImpl: Synthesis request for locale eng-USA and name en-US-language
02-28 09:09:55.125 13511 13544 D NavServiceProvider: Detecting stop. distance_d=1368.3857. stop_type=1 speed=17.5
02-28 09:09:55.125 13511 13544 D NavigationTest: 60: (28.036595, -82.505875, 17.500000)	R:false  F:false
02-28 09:09:55.125 13511 13544 D NavServiceProvider: Second to last stop coordinates: 28.035864, -82.491983
02-28 09:09:55.126 13579 13612 I GoogleTTSServiceImpl: TTS dispatch: en-us-x-iog-seanet-embedded
02-28 09:09:55.126 13511 13544 D NavServiceProvider: Setting units automatically
02-28 09:09:55.127 13511 13544 D NavServiceProvider: Detecting stop. distance_d=1351.5669. stop_type=1 speed=18.75
02-28 09:09:55.127 13511 13544 D NavigationTest: 61: (28.036511, -82.505709, 18.750000)	R:false  F:false
02-28 09:09:55.127 13511 13544 D NavigationTest: 62: (28.036511, -82.505709, 18.750000)	R:false  F:false
02-28 09:09:55.127 13511 13544 D NavServiceProvider: Second to last stop coordinates: 28.035864, -82.491983
02-28 09:09:55.127 13511 13544 D NavServiceProvider: Setting units automatically
02-28 09:09:55.129 13511 13544 D NavServiceProvider: Detecting stop. distance_d=1332.8812. stop_type=1 speed=18.75
02-28 09:09:55.129 13511 13544 D NavigationTest: 63: (28.036454, -82.505522, 18.750000)	R:false  F:false
02-28 09:09:55.129 13511 13544 D NavigationTest: 64: (28.036454, -82.505522, 18.750000)	R:false  F:false
02-28 09:09:55.129 13511 13544 D NavServiceProvider: Second to last stop coordinates: 28.035864, -82.491983
02-28 09:09:55.129 13511 13544 D NavServiceProvider: Setting units automatically
02-28 09:09:55.129   871  1408 D audio_hw_primary: adev_get_parameters:vr_audio_mode_on
02-28 09:09:55.130   871  1408 I audio_hw_primary: getting vr mode to 0
02-28 09:09:55.130   871  1408 D audio_hw_primary: adev_get_parameters: exit: returns - vr_audio_mode_on=false
02-28 09:09:55.130   959  2592 I hash_map_utils: key: 'vr_audio_mode_on' value: ''
02-28 09:09:55.130   959  2592 I AudioPolicyManagerCustom: VR mode is 0, switch to primary output if request is for fast|raw
02-28 09:09:55.130   959  2592 I AudioPolicyManagerCustom: setting force DEEP buffer now
02-28 09:09:55.130 13511 13544 D NavServiceProvider: Detecting stop. distance_d=1313.9984. stop_type=1 speed=19.0
02-28 09:09:55.131 13511 13544 D NavigationTest: 65: (28.036412, -82.505332, 19.000000)	R:false  F:false
02-28 09:09:55.131   959  2592 D AudioFlinger: Client defaulted notificationFrames to 2048 for frameCount 4096
02-28 09:09:55.131 13511 13544 D NavServiceProvider: Second to last stop coordinates: 28.035864, -82.491983
02-28 09:09:55.131 13511 13544 D NavServiceProvider: Setting units automatically
02-28 09:09:55.132 13511 13544 D NavServiceProvider: Detecting stop. distance_d=1293.8329. stop_type=1 speed=18.75
02-28 09:09:55.132 13511 13544 D NavigationTest: 66: (28.036425, -82.505126, 18.750000)	R:false  F:false
02-28 09:09:55.132 13511 13544 D NavigationTest: 67: (28.036425, -82.505126, 18.750000)	R:false  F:false
02-28 09:09:55.132 13511 13544 D NavServiceProvider: Second to last stop coordinates: 28.035864, -82.491983
02-28 09:09:55.132 13511 13544 D NavServiceProvider: Setting units automatically
02-28 09:09:55.133   959  2592 D AF::TrackHandle: OpPlayAudio: track:228 usage:1 not muted
02-28 09:09:55.134 13511 13544 D NavServiceProvider: Detecting stop. distance_d=1274.9321. stop_type=1 speed=19.75
02-28 09:09:55.134 13511 13544 D NavigationTest: 68: (28.036435, -82.504933, 19.750000)	R:false  F:false
02-28 09:09:55.134 13511 13544 D NavServiceProvider: Second to last stop coordinates: 28.035864, -82.491983
02-28 09:09:55.134 13511 13544 D NavServiceProvider: Setting units automatically
02-28 09:09:55.134   871  1408 D msm8974_platform: platform_split_snd_device: snd_device(2) num devices(1) new_snd_devices(0)
02-28 09:09:55.134   871  1408 D ACDB-LOADER: ACDB -> send_audvoltable
02-28 09:09:55.134   871  1408 D ACDB-LOADER: ACDB -> ACDB_CMD_GET_AUDPROC_VOL_STEP_TABLE_SIZE
02-28 09:09:55.134   871  1408 D ACDB-LOADER: ACDB -> ACDB_CMD_GET_AUDPROC_GAIN_DEP_STEP_TABLE, vol index 0
02-28 09:09:55.134   871  1408 D         : Failed to fetch the lookup information of the device 0000000F
02-28 09:09:55.134   871  1408 E ACDB-LOADER: Error: ACDB AudProc vol returned = -19
02-28 09:09:55.134   871  1408 D ACDB-LOADER: ACDB -> AUDIO_SET_VOL_CAL cal type = 40
02-28 09:09:55.135 13511 13544 D NavServiceProvider: Detecting stop. distance_d=1255.2411. stop_type=1 speed=19.75
02-28 09:09:55.135 13511 13544 D NavigationTest: 69: (28.036426, -82.504733, 19.750000)	R:false  F:false
02-28 09:09:55.135 13511 13544 D NavigationTest: 70: (28.036426, -82.504733, 19.750000)	R:false  F:false
02-28 09:09:55.135 13511 13544 D NavServiceProvider: Second to last stop coordinates: 28.035864, -82.491983
02-28 09:09:55.135 13511 13544 D NavServiceProvider: Setting units automatically
02-28 09:09:55.136   871  1408 D msm8974_platform: platform_split_snd_device: snd_device(2) num devices(1) new_snd_devices(0)
02-28 09:09:55.136 13511 13544 D NavServiceProvider: Detecting stop. distance_d=1236.0576. stop_type=1 speed=19.5
02-28 09:09:55.136 13511 13544 D NavigationTest: 71: (28.036420, -82.504538, 19.500000)	R:false  F:false
02-28 09:09:55.136 13511 13544 D NavServiceProvider: Second to last stop coordinates: 28.035864, -82.491983
02-28 09:09:55.137 13511 13544 D NavServiceProvider: Setting units automatically
02-28 09:09:55.137   871   871 V EffectDiracSound: DiracSound_command() start, cmdCode=20
02-28 09:09:55.137   871   871 V EffectDiracSound: DiracSound_Command EFFECT_CMD_OFFLOAD
02-28 09:09:55.138   871   871 V EffectDiracSound: DiracSound_command() start, cmdCode=1
02-28 09:09:55.138   871   871 V EffectDiracSound: DiracSound_setConfig start
02-28 09:09:55.138   871   871 I EffectDiracSound: DiracSound_updateState(), enable=0, hifi=0, device=0x2, headset=5, samplingRate=48000
02-28 09:09:55.138   871   871 I EffectDiracSound: DiracSound_updateState(), mode=0, music=0, movie=0, reset=0
02-28 09:09:55.138   871   871 I EffectDiracSound: DiracSound_updateState(), Speaker Movie/Stereo Mode is not supported. Stop update state.
02-28 09:09:55.138   871   871 W EffectHAL: Effect 0xe4b38cd0 command SET_CONFIG returned status: Invalid argument
02-28 09:09:55.138   871   871 V EffectDiracSound: DiracSound_command() start, cmdCode=1
02-28 09:09:55.138 13511 13544 D NavServiceProvider: Detecting stop. distance_d=1219.0127. stop_type=1 speed=19.0
02-28 09:09:55.138   871   871 V EffectDiracSound: DiracSound_setConfig start
02-28 09:09:55.138   871   871 I EffectDiracSound: DiracSound_updateState(), enable=0, hifi=0, device=0x2, headset=5, samplingRate=48000
02-28 09:09:55.138   871   871 I EffectDiracSound: DiracSound_updateState(), mode=0, music=0, movie=0, reset=0
02-28 09:09:55.138   871   871 I EffectDiracSound: DiracSound_updateState(), Speaker Movie/Stereo Mode is not supported. Stop update state.
02-28 09:09:55.138 13511 13544 D NavigationTest: 72: (28.036410, -82.504365, 19.000000)	R:false  F:false
02-28 09:09:55.138 13511 13544 D NavigationTest: 73: (28.036410, -82.504365, 19.000000)	R:false  F:false
02-28 09:09:55.138 13511 13544 D NavServiceProvider: Second to last stop coordinates: 28.035864, -82.491983
02-28 09:09:55.138   871   871 V EffectDiracSound: DiracSound_command() start, cmdCode=9
02-28 09:09:55.138   871   871 V EffectDiracSound: DiracSound_Command EFFECT_CMD_SET_DEVICE: 0x00000002
02-28 09:09:55.138   871  1408 V EffectDiracSound: DiracSound_command() start, cmdCode=11
02-28 09:09:55.138   871  1408 V EffectDiracSound: DiracSound_Command EFFECT_CMD_SET_AUDIO_MODE: 0
02-28 09:09:55.138 13511 13544 D NavServiceProvider: Setting units automatically
02-28 09:09:55.140 13511 13544 D NavServiceProvider: Detecting stop. distance_d=1195.7157. stop_type=1 speed=20.0
02-28 09:09:55.140 13511 13544 D NavigationTest: 74: (28.036309, -82.504133, 20.000000)	R:false  F:false
02-28 09:09:55.140 13511 13544 D NavigationTest: 75: (28.036309, -82.504133, 20.000000)	R:false  F:false
02-28 09:09:55.140 13511 13544 D NavigationTest: 76: (28.036309, -82.504133, 20.000000)	R:false  F:false
02-28 09:09:55.140 13511 13544 D NavServiceProvider: Second to last stop coordinates: 28.035864, -82.491983
02-28 09:09:55.140 13511 13544 D NavServiceProvider: Setting units automatically
02-28 09:09:55.141 13511 13544 D NavServiceProvider: Detecting stop. distance_d=1180.1519. stop_type=1 speed=19.0
02-28 09:09:55.141 13511 13544 D NavigationTest: 77: (28.036300, -82.503975, 19.000000)	R:false  F:false
02-28 09:09:55.141 13511 13544 D NavigationTest: 78: (28.036300, -82.503975, 19.000000)	R:false  F:false
02-28 09:09:55.141 13511 13544 D NavServiceProvider: Second to last stop coordinates: 28.035864, -82.491983
02-28 09:09:55.142 13511 13544 D NavServiceProvider: Setting units automatically
02-28 09:09:55.142  2666  3413 D Avrcp_ext: AudioManager Player: ID:23 -- type:android.media.SoundPool -- u/pid:10126/2688 -- state:idle -- attr:AudioAttributes: usage=USAGE_ASSISTANCE_SONIFICATION content=CONTENT_TYPE_SONIFICATION flags=0x800 tags= bundle=null
02-28 09:09:55.142  2666  3413 D Avrcp_ext: AudioManager Player: ID:1415 -- type:android.media.AudioTrack -- u/pid:10088/13579 -- state:started -- attr:AudioAttributes: usage=USAGE_MEDIA content=CONTENT_TYPE_SPEECH flags=0x800 tags= bundle=null
02-28 09:09:55.142  2666  3413 D Avrcp_ext: AudioManager isPlaying: true
02-28 09:09:55.142  2666  3413 V Avrcp_ext: updateCurrentMediaState: mMediaController: null
02-28 09:09:55.142  2666  3413 V Avrcp_ext: isMusicActive: false getBluetoothPlayState: 2
02-28 09:09:55.142  2666  3413 V Avrcp_ext: updateCurrentMediaState: isPlaying = false
02-28 09:09:55.142  2666  3413 V Avrcp_ext: Media update: id -1➡-1? [MediaAttributes: none] : [MediaAttributes: none]
02-28 09:09:55.142  2666  3413 V Avrcp_ext: newPlayStatus:2mReportedPlayStatus:-1
02-28 09:09:55.142  2666  3413 V Avrcp_ext: updatePlaybackState, state: PlaybackState {state=2, position=-1, buffered position=0, speed=0.0, updated=1798473, actions=0, custom actions=[], active item id=-1, error=null} device: null
02-28 09:09:55.142  2666  3413 V Avrcp_ext: Device: no name:
02-28 09:09:55.143  2666  3413 I chatty  : uid=1002(bluetooth) BluetoothAvrcpH identical 3 lines
02-28 09:09:55.143  2666  3413 V Avrcp_ext: Device: no name:
02-28 09:09:55.143  2666  3413 V Avrcp_ext: updatePlayerStateAndPosition, old=PlaybackState {state=2, position=-1, buffered position=0, speed=0.0, updated=1798334, actions=0, custom actions=[], active item id=-1, error=null}, state=PlaybackState {state=2, position=-1, buffered position=0, speed=0.0, updated=1798473, actions=0, custom actions=[], active item id=-1, error=null}
02-28 09:09:55.143  2666  3413 V Avrcp_ext: old state = PlaybackState {state=2, position=-1, buffered position=0, speed=0.0, updated=1798334, actions=0, custom actions=[], active item id=-1, error=null}, new state= PlaybackState {state=2, position=-1, buffered position=0, speed=0.0, updated=1798473, actions=0, custom actions=[], active item id=-1, error=null}
02-28 09:09:55.143  2666  3413 D HeadsetService: getHeadsetService(): returning com.android.bluetooth.hfp.HeadsetService@8a04d28
02-28 09:09:55.143 13511 13544 D NavServiceProvider: Detecting stop. distance_d=1159.8325. stop_type=1 speed=19.5
02-28 09:09:55.143 13511 13544 D NavigationTest: 79: (28.036235, -82.503771, 19.500000)	R:false  F:false
02-28 09:09:55.143 13511 13544 D NavServiceProvider: Second to last stop coordinates: 28.035864, -82.491983
02-28 09:09:55.143  2666  3413 D HeadsetService:  isAudioOn: The number of audio connected devices 0
02-28 09:09:55.143  2666  3413 D HeadsetService: isScoOrCallActive(): Call Active:falseCall is Ringing:falseSCO is Active:false
02-28 09:09:55.143 13511 13544 D NavServiceProvider: Setting units automatically
02-28 09:09:55.144  2666  3413 D HeadsetService:  isAudioOn: The number of audio connected devices 0
02-28 09:09:55.144  2666  3413 I Avrcp_ext: updatePlayStatusForDevice: device: null
02-28 09:09:55.144  2666  3413 V Avrcp_ext: updatePlaybackState (1): old=PlaybackState {state=2, position=-1, buffered position=0, speed=0.0, updated=1798334, actions=0, custom actions=[], active item id=-1, error=null}(2), new=PlaybackState {state=2, position=-1, buffered position=0, speed=0.0, updated=1798473, actions=0, custom actions=[], active item id=-1, error=null}(2)
02-28 09:09:55.144  2666  3413 I Avrcp_ext: Exit updatePlayStatusForDevice
02-28 09:09:55.144  2666  3413 D HeadsetService:  isAudioOn: The number of audio connected devices 0
02-28 09:09:55.144  2666  3413 D HeadsetService: isScoOrCallActive(): Call Active:falseCall is Ringing:falseSCO is Active:false
02-28 09:09:55.144  2666  3413 D HeadsetService:  isAudioOn: The number of audio connected devices 0
02-28 09:09:55.144 13511 13544 D NavServiceProvider: Detecting stop. distance_d=1135.341. stop_type=1 speed=20.75
02-28 09:09:55.144  2666  3413 I Avrcp_ext: updatePlayStatusForDevice: device: null
02-28 09:09:55.144  2666  3413 V Avrcp_ext: updatePlaybackState (1): old=PlaybackState {state=2, position=-1, buffered position=0, speed=0.0, updated=1798334, actions=0, custom actions=[], active item id=-1, error=null}(2), new=PlaybackState {state=2, position=-1, buffered position=0, speed=0.0, updated=1798473, actions=0, custom actions=[], active item id=-1, error=null}(2)
02-28 09:09:55.144 13511 13544 D NavigationTest: 80: (28.036110, -82.503526, 20.750000)	R:false  F:false
02-28 09:09:55.144  2666  3413 I Avrcp_ext: Exit updatePlayStatusForDevice
02-28 09:09:55.144 13511 13544 D NavigationTest: 81: (28.036110, -82.503526, 20.750000)	R:false  F:false
02-28 09:09:55.144 13511 13544 D NavServiceProvider: Second to last stop coordinates: 28.035864, -82.491983
02-28 09:09:55.145  2666  3413 D HeadsetService:  isAudioOn: The number of audio connected devices 0
02-28 09:09:55.145  2666  3413 D HeadsetService: isScoOrCallActive(): Call Active:falseCall is Ringing:falseSCO is Active:false
02-28 09:09:55.145  2666  3413 D HeadsetService:  isAudioOn: The number of audio connected devices 0
02-28 09:09:55.145 13511 13544 D NavServiceProvider: Setting units automatically
02-28 09:09:55.145  2666  3413 I Avrcp_ext: updatePlayStatusForDevice: device: null
02-28 09:09:55.145  2666  3413 V Avrcp_ext: updatePlaybackState (1): old=PlaybackState {state=2, position=-1, buffered position=0, speed=0.0, updated=1798334, actions=0, custom actions=[], active item id=-1, error=null}(2), new=PlaybackState {state=2, position=-1, buffered position=0, speed=0.0, updated=1798473, actions=0, custom actions=[], active item id=-1, error=null}(2)
02-28 09:09:55.145  2666  3413 I Avrcp_ext: Exit updatePlayStatusForDevice
02-28 09:09:55.145  2666  3413 D HeadsetService:  isAudioOn: The number of audio connected devices 0
02-28 09:09:55.145  2666  3413 D HeadsetService: isScoOrCallActive(): Call Active:falseCall is Ringing:falseSCO is Active:false
02-28 09:09:55.145  2666  3413 D HeadsetService:  isAudioOn: The number of audio connected devices 0
02-28 09:09:55.145  2666  3413 I Avrcp_ext: updatePlayStatusForDevice: device: null
02-28 09:09:55.145  2666  3413 V Avrcp_ext: updatePlaybackState (1): old=PlaybackState {state=2, position=-1, buffered position=0, speed=0.0, updated=1798334, actions=0, custom actions=[], active item id=-1, error=null}(2), new=PlaybackState {state=2, position=-1, buffered position=0, speed=0.0, updated=1798473, actions=0, custom actions=[], active item id=-1, error=null}(2)
02-28 09:09:55.145  2666  3413 I Avrcp_ext: Exit updatePlayStatusForDevice
02-28 09:09:55.146  2666  3413 D HeadsetService:  isAudioOn: The number of audio connected devices 0
02-28 09:09:55.146  2666  3413 D HeadsetService: isScoOrCallActive(): Call Active:falseCall is Ringing:falseSCO is Active:false
02-28 09:09:55.146  2666  3413 D HeadsetService:  isAudioOn: The number of audio connected devices 0
02-28 09:09:55.146  2666  3413 I Avrcp_ext: updatePlayStatusForDevice: device: null
02-28 09:09:55.146  2666  3413 V Avrcp_ext: updatePlaybackState (1): old=PlaybackState {state=2, position=-1, buffered position=0, speed=0.0, updated=1798334, actions=0, custom actions=[], active item id=-1, error=null}(2), new=PlaybackState {state=2, position=-1, buffered position=0, speed=0.0, updated=1798473, actions=0, custom actions=[], active item id=-1, error=null}(2)
02-28 09:09:55.146  2666  3413 I Avrcp_ext: Exit updatePlayStatusForDevice
02-28 09:09:55.146  2666  3413 D Avrcp_ext: Enter sendPlayPosNotificationRsp
02-28 09:09:55.146  2666  3413 D Avrcp_ext: sendPlayPosNotificationRsp: Not registered or requesting.
02-28 09:09:55.146  2666  3413 D Avrcp_ext: Enter sendPlayPosNotificationRsp
02-28 09:09:55.146  2666  3413 D Avrcp_ext: sendPlayPosNotificationRsp: Not registered or requesting.
02-28 09:09:55.146  2666  3413 D Avrcp_ext: Enter sendPlayPosNotificationRsp
02-28 09:09:55.146  2666  3413 D Avrcp_ext: sendPlayPosNotificationRsp: Not registered or requesting.
02-28 09:09:55.146  2666  3413 D Avrcp_ext: Enter sendPlayPosNotificationRsp
02-28 09:09:55.146  2666  3413 D Avrcp_ext: sendPlayPosNotificationRsp: Not registered or requesting.
02-28 09:09:55.146  2666  3413 D Avrcp_ext: Enter sendPlayPosNotificationRsp
02-28 09:09:55.146  2666  3413 D Avrcp_ext: sendPlayPosNotificationRsp: Not registered or requesting.
02-28 09:09:55.146  2666  3413 V Avrcp_ext: Exit updatePlayerStateAndPosition
02-28 09:09:55.146 13511 13544 D NavServiceProvider: Detecting stop. distance_d=1112.1609. stop_type=1 speed=21.75
02-28 09:09:55.146 13511 13544 D NavigationTest: 82: (28.036032, -82.503292, 21.750000)	R:false  F:false
02-28 09:09:55.146 13511 13544 D NavigationTest: 83: (28.036032, -82.503292, 21.750000)	R:false  F:false
02-28 09:09:55.146 13511 13544 D NavServiceProvider: Second to last stop coordinates: 28.035864, -82.491983
02-28 09:09:55.147 13511 13544 D NavServiceProvider: Setting units automatically
02-28 09:09:55.148 13511 13544 D NavServiceProvider: Detecting stop. distance_d=1102.0613. stop_type=1 speed=19.25
02-28 09:09:55.148 13511 13544 D NavigationTest: 84: (28.035988, -82.503190, 19.250000)	R:false  F:false
02-28 09:09:55.148 13511 13544 D NavServiceProvider: Second to last stop coordinates: 28.035864, -82.491983
02-28 09:09:55.148 13511 13544 D NavServiceProvider: Setting units automatically
02-28 09:09:55.149 13511 13544 D NavServiceProvider: Detecting stop. distance_d=1090.3243. stop_type=1 speed=17.75
02-28 09:09:55.150 13511 13544 D NavigationTest: 85: (28.035958, -82.503071, 17.750000)	R:false  F:false
02-28 09:09:55.150 13511 13544 D NavigationTest: 86: (28.035958, -82.503071, 17.750000)	R:false  F:false
02-28 09:09:55.150 13511 13544 D NavServiceProvider: Second to last stop coordinates: 28.035864, -82.491983
02-28 09:09:55.150 13511 13544 D NavServiceProvider: Setting units automatically
02-28 09:09:55.151 13511 13544 D NavServiceProvider: Detecting stop. distance_d=1060.9076. stop_type=1 speed=20.25
02-28 09:09:55.151 13511 13544 D NavigationTest: 87: (28.036015, -82.502771, 20.250000)	R:false  F:false
02-28 09:09:55.151 13511 13544 D NavServiceProvider: Second to last stop coordinates: 28.035864, -82.491983
02-28 09:09:55.152 13511 13544 D NavServiceProvider: Setting units automatically
02-28 09:09:55.153 13511 13544 D NavServiceProvider: Detecting stop. distance_d=1041.7439. stop_type=1 speed=19.75
02-28 09:09:55.153 13511 13544 D NavigationTest: 88: (28.036104, -82.502574, 19.750000)	R:false  F:false
02-28 09:09:55.153 13511 13544 D NavigationTest: 89: (28.036104, -82.502574, 19.750000)	R:false  F:false
02-28 09:09:55.153 13511 13544 D NavServiceProvider: Second to last stop coordinates: 28.035864, -82.491983
02-28 09:09:55.153 13511 13544 D NavServiceProvider: Setting units automatically
02-28 09:09:55.154   871   871 V EffectDiracSound: DiracSound_command() start, cmdCode=20
02-28 09:09:55.154   871   871 V EffectDiracSound: DiracSound_Command EFFECT_CMD_OFFLOAD
02-28 09:09:55.154 13511 13544 D NavServiceProvider: Detecting stop. distance_d=1020.6177. stop_type=1 speed=20.5
02-28 09:09:55.154 13511 13544 D NavigationTest: 90: (28.036239, -82.502354, 20.500000)	R:false  F:false
02-28 09:09:55.155   871   871 V EffectDiracSound: DiracSound_command() start, cmdCode=1
02-28 09:09:55.155 13511 13544 D NavigationTest: 91: (28.036239, -82.502354, 20.500000)	R:false  F:false
02-28 09:09:55.155 13511 13544 D NavServiceProvider: Second to last stop coordinates: 28.035864, -82.491983
02-28 09:09:55.155   871   871 V EffectDiracSound: DiracSound_setConfig start
02-28 09:09:55.155 13511 13544 D NavServiceProvider: Setting units automatically
02-28 09:09:55.155   871   871 I EffectDiracSound: DiracSound_updateState(), enable=0, hifi=0, device=0x2, headset=5, samplingRate=48000
02-28 09:09:55.155   871   871 I EffectDiracSound: DiracSound_updateState(), mode=0, music=0, movie=0, reset=0
02-28 09:09:55.155   871   871 I EffectDiracSound: DiracSound_updateState(), Speaker Movie/Stereo Mode is not supported. Stop update state.
02-28 09:09:55.155   871   871 W EffectHAL: Effect 0xe4b38cd0 command SET_CONFIG returned status: Invalid argument
02-28 09:09:55.155   871   871 V EffectDiracSound: DiracSound_command() start, cmdCode=1
02-28 09:09:55.155   871   871 V EffectDiracSound: DiracSound_setConfig start
02-28 09:09:55.155   871   871 I EffectDiracSound: DiracSound_updateState(), enable=0, hifi=0, device=0x2, headset=5, samplingRate=48000
02-28 09:09:55.155   871   871 I EffectDiracSound: DiracSound_updateState(), mode=0, music=0, movie=0, reset=0
02-28 09:09:55.155   871   871 I EffectDiracSound: DiracSound_updateState(), Speaker Movie/Stereo Mode is not supported. Stop update state.
02-28 09:09:55.155   871   871 V EffectDiracSound: DiracSound_command() start, cmdCode=9
02-28 09:09:55.155   871   871 V EffectDiracSound: DiracSound_Command EFFECT_CMD_SET_DEVICE: 0x00000002
02-28 09:09:55.156   871   871 V EffectDiracSound: DiracSound_command() start, cmdCode=11
02-28 09:09:55.156   871   871 V EffectDiracSound: DiracSound_Command EFFECT_CMD_SET_AUDIO_MODE: 0
02-28 09:09:55.156 13511 13544 D NavServiceProvider: Detecting stop. distance_d=1007.75867. stop_type=1 speed=19.25
02-28 09:09:55.156 13511 13544 D NavigationTest: 92: (28.036319, -82.502219, 19.250000)	R:false  F:false
02-28 09:09:55.156 13511 13544 D NavServiceProvider: Second to last stop coordinates: 28.035864, -82.491983
02-28 09:09:55.156   871   871 D msm8974_platform: platform_split_snd_device: snd_device(2) num devices(1) new_snd_devices(0)
02-28 09:09:55.156   871   871 D ACDB-LOADER: ACDB -> send_audvoltable
02-28 09:09:55.156   871   871 D ACDB-LOADER: ACDB -> ACDB_CMD_GET_AUDPROC_VOL_STEP_TABLE_SIZE
02-28 09:09:55.156   871   871 D ACDB-LOADER: ACDB -> ACDB_CMD_GET_AUDPROC_GAIN_DEP_STEP_TABLE, vol index 5
02-28 09:09:55.156   871   871 D         : Failed to fetch the lookup information of the device 0000000F
02-28 09:09:55.156   871   871 E ACDB-LOADER: Error: ACDB AudProc vol returned = -19
02-28 09:09:55.156   871   871 D ACDB-LOADER: ACDB -> AUDIO_SET_VOL_CAL cal type = 40
02-28 09:09:55.156 13511 13544 D NavServiceProvider: Setting units automatically
02-28 09:09:55.157 13511 13544 D NavServiceProvider: Detecting stop. distance_d=997.95483. stop_type=1 speed=17.75
02-28 09:09:55.157 13511 13544 D NavigationTest: 93: (28.036431, -82.502112, 17.750000)	R:false  F:false
02-28 09:09:55.158 13511 13544 D NavigationTest: 94: (28.036431, -82.502112, 17.750000)	R:false  F:false
02-28 09:09:55.158 13511 13544 D NavServiceProvider: Second to last stop coordinates: 28.035864, -82.491983
02-28 09:09:55.158 13511 13544 D NavServiceProvider: Setting units automatically
02-28 09:09:55.159 13511 13544 D NavServiceProvider: Detecting stop. distance_d=985.9059. stop_type=1 speed=16.25
02-28 09:09:55.159 13511 13544 D NavigationTest: 95: (28.036420, -82.501990, 16.250000)	R:false  F:false
02-28 09:09:55.159 13511 13544 D NavigationTest: 96: (28.036420, -82.501990, 16.250000)	R:false  F:false
02-28 09:09:55.159 13511 13544 D NavServiceProvider: Second to last stop coordinates: 28.035864, -82.491983
02-28 09:09:55.160 13511 13544 D NavServiceProvider: Setting units automatically
02-28 09:09:55.161 13511 13544 D NavServiceProvider: Detecting stop. distance_d=965.2573. stop_type=1 speed=17.0
02-28 09:09:55.161 13511 13544 D NavigationTest: 97: (28.036400, -82.501781, 17.000000)	R:false  F:false
02-28 09:09:55.161 13511 13544 D NavigationTest: 98: (28.036400, -82.501781, 17.000000)	R:false  F:false
02-28 09:09:55.161 13511 13544 D NavServiceProvider: Second to last stop coordinates: 28.035864, -82.491983
02-28 09:09:55.161 13511 13544 D NavServiceProvider: Setting units automatically
02-28 09:09:55.162 13511 13544 D NavServiceProvider: Detecting stop. distance_d=940.5387. stop_type=1 speed=19.0
02-28 09:09:55.162 13511 13544 D NavigationTest: 99: (28.036429, -82.501527, 19.000000)	R:false  F:false
02-28 09:09:55.162 13511 13544 D NavigationTest: 100: (28.036429, -82.501527, 19.000000)	R:false  F:false
02-28 09:09:55.162 13511 13544 D NavServiceProvider: Second to last stop coordinates: 28.035864, -82.491983
02-28 09:09:55.162 13511 13544 D NavServiceProvider: Setting units automatically
02-28 09:09:55.163 13511 13544 D NavServiceProvider: Detecting stop. distance_d=920.4772. stop_type=1 speed=18.75
02-28 09:09:55.163 13511 13544 D NavigationTest: 101: (28.036337, -82.501329, 18.750000)	R:false  F:false
02-28 09:09:55.164 13511 13544 D NavigationTest: 102: (28.036337, -82.501329, 18.750000)	R:false  F:false
02-28 09:09:55.164 13511 13544 D NavServiceProvider: Second to last stop coordinates: 28.035864, -82.491983
02-28 09:09:55.164 13511 13544 D NavServiceProvider: Setting units automatically
02-28 09:09:55.165 13511 13544 D NavServiceProvider: Detecting stop. distance_d=899.90717. stop_type=1 speed=19.25
02-28 09:09:55.165 13511 13544 D NavigationTest: 103: (28.036373, -82.501117, 19.250000)	R:false  F:false
02-28 09:09:55.165 13511 13544 D NavServiceProvider: Second to last stop coordinates: 28.035864, -82.491983
02-28 09:09:55.165 13511 13544 D NavServiceProvider: Setting units automatically
02-28 09:09:55.166 13511 13544 D NavServiceProvider: Detecting stop. distance_d=889.4053. stop_type=1 speed=17.0
02-28 09:09:55.166 13511 13544 D NavigationTest: 104: (28.036344, -82.501012, 17.000000)	R:false  F:false
02-28 09:09:55.166 13511 13544 D NavigationTest: 105: (28.036344, -82.501012, 17.000000)	R:false  F:false
02-28 09:09:55.166 13511 13544 D NavServiceProvider: Second to last stop coordinates: 28.035864, -82.491983
02-28 09:09:55.167 13511 13544 D NavServiceProvider: Setting units automatically
02-28 09:09:55.168 13511 13544 D NavServiceProvider: Detecting stop. distance_d=863.02747. stop_type=1 speed=19.25
02-28 09:09:55.168 13511 13544 D NavigationTest: 106: (28.036333, -82.500744, 19.250000)	R:false  F:false
02-28 09:09:55.168 13511 13544 D NavServiceProvider: Second to last stop coordinates: 28.035864, -82.491983
02-28 09:09:55.168 13511 13544 D NavServiceProvider: Setting units automatically
02-28 09:09:55.169 13511 13544 D NavServiceProvider: Detecting stop. distance_d=843.9666. stop_type=1 speed=19.0
02-28 09:09:55.169 13511 13544 D NavigationTest: 107: (28.036330, -82.500550, 19.000000)	R:false  F:false
02-28 09:09:55.169 13511 13544 D NavigationTest: 108: (28.036330, -82.500550, 19.000000)	R:false  F:false
02-28 09:09:55.169 13511 13544 D NavigationTest: 109: (28.036330, -82.500550, 19.000000)	R:false  F:false
02-28 09:09:55.169 13511 13544 D NavigationTest: 110: (28.036330, -82.500550, 19.000000)	R:false  F:false
02-28 09:09:55.169 13511 13544 D NavServiceProvider: Second to last stop coordinates: 28.035864, -82.491983
02-28 09:09:55.170 13511 13544 D NavServiceProvider: Setting units automatically
02-28 09:09:55.171 13511 13544 D NavServiceProvider: Detecting stop. distance_d=824.1897. stop_type=1 speed=19.0
02-28 09:09:55.171 13511 13544 D NavigationTest: 111: (28.036261, -82.500353, 19.000000)	R:false  F:false
02-28 09:09:55.171 13511 13544 D NavServiceProvider: Second to last stop coordinates: 28.035864, -82.491983
02-28 09:09:55.171 13511 13544 D NavServiceProvider: Setting units automatically
02-28 09:09:55.172 13511 13544 D NavServiceProvider: Detecting stop. distance_d=814.5855. stop_type=1 speed=16.75
02-28 09:09:55.172 13511 13544 D NavigationTest: 112: (28.036230, -82.500257, 16.750000)	R:false  F:false
02-28 09:09:55.172 13511 13544 D NavigationTest: 113: (28.036230, -82.500257, 16.750000)	R:false  F:false
02-28 09:09:55.172 13511 13544 D NavServiceProvider: Second to last stop coordinates: 28.035864, -82.491983
02-28 09:09:55.173 13511 13544 D NavServiceProvider: Setting units automatically
02-28 09:09:55.174 13511 13544 D NavServiceProvider: Detecting stop. distance_d=794.458. stop_type=1 speed=17.75
02-28 09:09:55.174 13511 13544 D NavigationTest: 114: (28.036213, -82.500053, 17.750000)	R:false  F:false
02-28 09:09:55.174 13511 13544 D NavigationTest: 115: (28.036213, -82.500053, 17.750000)	R:false  F:false
02-28 09:09:55.174 13511 13544 D NavServiceProvider: Second to last stop coordinates: 28.035864, -82.491983
02-28 09:09:55.174 13511 13544 D NavServiceProvider: Setting units automatically
02-28 09:09:55.175 13511 13544 D NavServiceProvider: Detecting stop. distance_d=773.85297. stop_type=1 speed=18.5
02-28 09:09:55.175 13511 13544 D NavigationTest: 116: (28.036159, -82.499846, 18.500000)	R:false  F:false
02-28 09:09:55.175 13511 13544 D NavigationTest: 117: (28.036159, -82.499846, 18.500000)	R:false  F:false
02-28 09:09:55.175 13511 13544 D NavServiceProvider: Second to last stop coordinates: 28.035864, -82.491983
02-28 09:09:55.175 13511 13544 D NavServiceProvider: Setting units automatically
02-28 09:09:55.176 13511 13544 D NavServiceProvider: Detecting stop. distance_d=751.59515. stop_type=1 speed=19.25
02-28 09:09:55.176 13511 13544 D NavigationTest: 118: (28.036205, -82.499617, 19.250000)	R:false  F:false
02-28 09:09:55.176 13511 13544 D NavServiceProvider: Second to last stop coordinates: 28.035864, -82.491983
02-28 09:09:55.177 13511 13544 D NavServiceProvider: Setting units automatically
02-28 09:09:55.178 13511 13544 D NavServiceProvider: Detecting stop. distance_d=735.44476. stop_type=1 speed=18.75
02-28 09:09:55.178 13511 13544 D NavigationTest: 119: (28.036092, -82.499458, 18.750000)	R:false  F:false
02-28 09:09:55.178 13511 13544 D NavigationTest: 120: (28.036092, -82.499458, 18.750000)	R:false  F:false
02-28 09:09:55.178 13511 13544 D NavServiceProvider: Second to last stop coordinates: 28.035864, -82.491983
02-28 09:09:55.178 13511 13544 D NavServiceProvider: Setting units automatically
02-28 09:09:55.179 13511 13544 D NavServiceProvider: Detecting stop. distance_d=713.47. stop_type=1 speed=19.75
02-28 09:09:55.179 13511 13544 D NavigationTest: 121: (28.036047, -82.499236, 19.750000)	R:false  F:false
02-28 09:09:55.179 13511 13544 D NavigationTest: 122: (28.036047, -82.499236, 19.750000)	R:false  F:false
02-28 09:09:55.179 13511 13544 D NavServiceProvider: Second to last stop coordinates: 28.035864, -82.491983
02-28 09:09:55.180 13511 13544 D NavServiceProvider: Setting units automatically
02-28 09:09:55.181 13511 13544 D NavServiceProvider: Detecting stop. distance_d=692.51465. stop_type=1 speed=19.75
02-28 09:09:55.181 13511 13544 D NavigationTest: 123: (28.036118, -82.499020, 19.750000)	R:false  F:false
02-28 09:09:55.181 13511 13544 D NavServiceProvider: Second to last stop coordinates: 28.035864, -82.491983
02-28 09:09:55.181 13511 13544 D NavServiceProvider: Setting units automatically
02-28 09:09:55.182 13511 13544 D NavServiceProvider: Detecting stop. distance_d=679.04596. stop_type=1 speed=18.25
02-28 09:09:55.182 13511 13544 D NavigationTest: 124: (28.036156, -82.498881, 18.250000)	R:false  F:false
02-28 09:09:55.182 13511 13544 D NavigationTest: 125: (28.036156, -82.498881, 18.250000)	R:false  F:false
02-28 09:09:55.182 13511 13544 D NavServiceProvider: Second to last stop coordinates: 28.035864, -82.491983
02-28 09:09:55.182 13511 13544 D NavServiceProvider: Setting units automatically
02-28 09:09:55.183 13511 13544 D NavServiceProvider: Detecting stop. distance_d=663.77734. stop_type=1 speed=17.75
02-28 09:09:55.183 13511 13544 D NavigationTest: 126: (28.036199, -82.498723, 17.750000)	R:false  F:false
02-28 09:09:55.183 13511 13544 D NavServiceProvider: Second to last stop coordinates: 28.035864, -82.491983
02-28 09:09:55.184 13511 13544 D NavServiceProvider: Setting units automatically
02-28 09:09:55.185 13511 13544 D NavServiceProvider: Detecting stop. distance_d=640.6828. stop_type=1 speed=18.75
