02-28 09:09:30.389 13511 13544 D NavServiceProvider: Setting units automatically
02-28 09:09:30.390 13511 13544 D NavServiceProvider: Detecting stop. distance_d=850.87085. stop_type=1 speed=17.280106
02-28 09:09:30.390 13511 13544 D NavigationTest: 320: (28.032699, -82.423740, 17.280106)	R:false  F:false
02-28 09:09:30.390 13511 13544 D NavigationTest: 321: (28.032699, -82.423740, 17.280106)	R:false  F:false
02-28 09:09:30.390 13511 13544 D NavServiceProvider: Second to last stop coordinates: 28.03268, -82.432393
02-28 09:09:30.391 13511 13544 D NavServiceProvider: Setting units automatically
02-28 09:09:30.391 13511 13544 D NavServiceProvider: Detecting stop. distance_d=833.46515. stop_type=1 speed=17.67
02-28 09:09:30.392 13511 13544 D NavigationTest: 322: (28.032695, -82.423917, 17.670000)	R:false  F:false
02-28 09:09:30.392 13511 13544 D NavigationTest: 323: (28.032695, -82.423917, 17.670000)	R:false  F:false
02-28 09:09:30.392 13511 13544 D NavServiceProvider: Second to last stop coordinates: 28.03268, -82.432393
02-28 09:09:30.392 13511 13544 D NavServiceProvider: Setting units automatically
02-28 09:09:30.393 13511 13544 D NavServiceProvider: Detecting stop. distance_d=814.7854. stop_type=1 speed=17.98
02-28 09:09:30.393 13511 13544 D NavigationTest: 324: (28.032706, -82.424107, 17.980000)	R:false  F:false
02-28 09:09:30.393 13511 13544 D NavServiceProvider: Second to last stop coordinates: 28.03268, -82.432393
02-28 09:09:30.393 13511 13544 D NavServiceProvider: Setting units automatically
02-28 09:09:30.394 13511 13544 D NavServiceProvider: Detecting stop. distance_d=795.0364. stop_type=1 speed=18.21001
02-28 09:09:30.394 13511 13544 D NavigationTest: 325: (28.032732, -82.424308, 18.210011)	R:false  F:false
02-28 09:09:30.394 13511 13544 D NavigationTest: 326: (28.032732, -82.424308, 18.210011)	R:false  F:false
02-28 09:09:30.394 13511 13544 D NavServiceProvider: Second to last stop coordinates: 28.03268, -82.432393
02-28 09:09:30.395 13511 13544 D NavServiceProvider: Setting units automatically
02-28 09:09:30.396 13511 13544 D NavServiceProvider: Detecting stop. distance_d=776.7397. stop_type=1 speed=18.000002
02-28 09:09:30.396 13511 13544 D NavigationTest: 327: (28.032722, -82.424494, 18.000002)	R:false  F:false
02-28 09:09:30.396 13511 13544 D NavigationTest: 328: (28.032722, -82.424494, 18.000002)	R:false  F:false
02-28 09:09:30.396 13511 13544 D NavigationTest: 329: (28.032722, -82.424494, 18.000002)	R:false  F:false
02-28 09:09:30.396 13511 13544 D NavigationTest: 330: (28.032722, -82.424494, 18.000002)	R:false  F:false
02-28 09:09:30.396 13511 13544 D NavServiceProvider: Second to last stop coordinates: 28.03268, -82.432393
02-28 09:09:30.396 13511 13544 D NavServiceProvider: Setting units automatically
02-28 09:09:30.397 13511 13544 D NavServiceProvider: Detecting stop. distance_d=760.2158. stop_type=1 speed=17.450348
02-28 09:09:30.397 13511 13544 D NavigationTest: 331: (28.032715, -82.424662, 17.450348)	R:false  F:false
02-28 09:09:30.397 13511 13544 D NavServiceProvider: Second to last stop coordinates: 28.03268, -82.432393
02-28 09:09:30.397 13511 13544 D NavServiceProvider: Setting units automatically
02-28 09:09:30.398 13511 13544 D NavServiceProvider: Detecting stop. distance_d=742.33264. stop_type=1 speed=17.900278
02-28 09:09:30.398 13511 13544 D NavigationTest: 332: (28.032733, -82.424844, 17.900278)	R:false  F:false
02-28 09:09:30.398 13511 13544 D NavigationTest: 333: (28.032733, -82.424844, 17.900278)	R:false  F:false
02-28 09:09:30.398 13511 13544 D NavServiceProvider: Second to last stop coordinates: 28.03268, -82.432393
02-28 09:09:30.399 13511 13544 D NavServiceProvider: Setting units automatically
02-28 09:09:30.400 13511 13544 D NavServiceProvider: Detecting stop. distance_d=724.8173. stop_type=1 speed=17.38001
02-28 09:09:30.400 13511 13544 D NavigationTest: 334: (28.032716, -82.425022, 17.380011)	R:false  F:false
02-28 09:09:30.400 13511 13544 D NavigationTest: 335: (28.032716, -82.425022, 17.380011)	R:false  F:false
02-28 09:09:30.400 13511 13544 D NavServiceProvider: Second to last stop coordinates: 28.03268, -82.432393
02-28 09:09:30.400 13511 13544 D NavServiceProvider: Setting units automatically
02-28 09:09:30.401 13511 13544 D NavServiceProvider: Detecting stop. distance_d=710.1612. stop_type=1 speed=16.860668
02-28 09:09:30.401 13511 13544 D NavigationTest: 336: (28.032707, -82.425171, 16.860668)	R:false  F:false
02-28 09:09:30.401 13511 13544 D NavigationTest: 337: (28.032707, -82.425171, 16.860668)	R:false  F:false
02-28 09:09:30.401 13511 13544 D NavServiceProvider: Second to last stop coordinates: 28.03268, -82.432393
02-28 09:09:30.402 13511 13544 D NavServiceProvider: Setting units automatically
02-28 09:09:30.402 13511 13544 D NavServiceProvider: Detecting stop. distance_d=696.97876. stop_type=1 speed=16.440306
02-28 09:09:30.403 13511 13544 D NavigationTest: 338: (28.032686, -82.425305, 16.440306)	R:false  F:false
02-28 09:09:30.403 13511 13544 D NavigationTest: 339: (28.032686, -82.425305, 16.440306)	R:false  F:false
02-28 09:09:30.403 13511 13544 D NavServiceProvider: Second to last stop coordinates: 28.03268, -82.432393
02-28 09:09:30.403 13511 13544 D NavServiceProvider: Setting units automatically
02-28 09:09:30.404 13511 13544 D NavServiceProvider: Detecting stop. distance_d=678.78705. stop_type=1 speed=16.95024
02-28 09:09:30.404 13511 13544 D NavigationTest: 340: (28.032678, -82.425490, 16.950239)	R:false  F:false
02-28 09:09:30.404 13511 13544 D NavServiceProvider: Second to last stop coordinates: 28.03268, -82.432393
02-28 09:09:30.404 13511 13544 D NavServiceProvider: Setting units automatically
02-28 09:09:30.405 13511 13544 D NavServiceProvider: Detecting stop. distance_d=663.4487. stop_type=1 speed=16.97231
02-28 09:09:30.405 13511 13544 D NavigationTest: 341: (28.032693, -82.425646, 16.972309)	R:false  F:false
02-28 09:09:30.405 13511 13544 D NavigationTest: 342: (28.032693, -82.425646, 16.972309)	R:false  F:false
02-28 09:09:30.405 13511 13544 D NavServiceProvider: Second to last stop coordinates: 28.03268, -82.432393
02-28 09:09:30.406 13511 13544 D NavServiceProvider: Setting units automatically
02-28 09:09:30.407 13511 13544 D NavServiceProvider: Detecting stop. distance_d=646.04254. stop_type=1 speed=16.950357
02-28 09:09:30.407 13511 13544 D NavigationTest: 343: (28.032684, -82.425823, 16.950357)	R:false  F:false
02-28 09:09:30.407 13511 13544 D NavigationTest: 344: (28.032684, -82.425823, 16.950357)	R:false  F:false
02-28 09:09:30.407 13511 13544 D NavServiceProvider: Second to last stop coordinates: 28.03268, -82.432393
02-28 09:09:30.407 13511 13544 D NavServiceProvider: Setting units automatically
02-28 09:09:30.408 13511 13544 D NavServiceProvider: Detecting stop. distance_d=628.3451. stop_type=1 speed=17.020027
02-28 09:09:30.408 13511 13544 D NavigationTest: 345: (28.032696, -82.426003, 17.020027)	R:false  F:false
02-28 09:09:30.408 13511 13544 D NavigationTest: 346: (28.032696, -82.426003, 17.020027)	R:false  F:false
02-28 09:09:30.408 13511 13544 D NavServiceProvider: Second to last stop coordinates: 28.03268, -82.432393
02-28 09:09:30.408 13511 13544 D NavServiceProvider: Setting units automatically
02-28 09:09:30.409 13511 13544 D NavServiceProvider: Detecting stop. distance_d=610.74255. stop_type=1 speed=17.070045
02-28 09:09:30.409 13511 13544 D NavigationTest: 347: (28.032692, -82.426182, 17.070045)	R:false  F:false
02-28 09:09:30.410 13511 13544 D NavServiceProvider: Second to last stop coordinates: 28.03268, -82.432393
02-28 09:09:30.410 13511 13544 D NavServiceProvider: Setting units automatically
02-28 09:09:30.411 13511 13544 D NavServiceProvider: Detecting stop. distance_d=593.63153. stop_type=1 speed=17.210142
02-28 09:09:30.411 13511 13544 D NavigationTest: 348: (28.032676, -82.426356, 17.210142)	R:false  F:false
02-28 09:09:30.411 13511 13544 D NavigationTest: 349: (28.032676, -82.426356, 17.210142)	R:false  F:false
02-28 09:09:30.411 13511 13544 D NavServiceProvider: Second to last stop coordinates: 28.03268, -82.432393
02-28 09:09:30.411 13511 13544 D NavServiceProvider: Setting units automatically
02-28 09:09:30.412 13511 13544 D NavServiceProvider: Detecting stop. distance_d=574.851. stop_type=1 speed=17.510286
02-28 09:09:30.412 13511 13544 D NavigationTest: 350: (28.032670, -82.426547, 17.510286)	R:false  F:false
02-28 09:09:30.412 13511 13544 D NavigationTest: 351: (28.032670, -82.426547, 17.510286)	R:false  F:false
02-28 09:09:30.412 13511 13544 D NavServiceProvider: Second to last stop coordinates: 28.03268, -82.432393
02-28 09:09:30.413 13511 13544 D NavServiceProvider: Setting units automatically
02-28 09:09:30.414 13511 13544 D NavServiceProvider: Detecting stop. distance_d=557.5467. stop_type=1 speed=17.540232
02-28 09:09:30.414 13511 13544 D NavigationTest: 352: (28.032663, -82.426723, 17.540232)	R:false  F:false
02-28 09:09:30.414 13511 13544 D NavigationTest: 353: (28.032663, -82.426723, 17.540232)	R:false  F:false
02-28 09:09:30.414 13511 13544 D NavServiceProvider: Second to last stop coordinates: 28.03268, -82.432393
02-28 09:09:30.414 13511 13544 D NavServiceProvider: Setting units automatically
02-28 09:09:30.415 13511 13544 D NavServiceProvider: Detecting stop. distance_d=539.05817. stop_type=1 speed=17.450073
02-28 09:09:30.415 13511 13544 D NavigationTest: 354: (28.032670, -82.426911, 17.450073)	R:false  F:false
02-28 09:09:30.415 13511 13544 D NavigationTest: 355: (28.032670, -82.426911, 17.450073)	R:false  F:false
02-28 09:09:30.415 13511 13544 D NavServiceProvider: Second to last stop coordinates: 28.03268, -82.432393
02-28 09:09:30.416 13511 13544 D NavServiceProvider: Setting units automatically
02-28 09:09:30.417 13511 13544 D NavServiceProvider: Detecting stop. distance_d=523.22723. stop_type=1 speed=17.13
02-28 09:09:30.417 13511 13544 D NavigationTest: 356: (28.032668, -82.427072, 17.129999)	R:false  F:false
02-28 09:09:30.417 13511 13544 D NavigationTest: 357: (28.032668, -82.427072, 17.129999)	R:false  F:false
02-28 09:09:30.417 13511 13544 D NavServiceProvider: Second to last stop coordinates: 28.03268, -82.432393
02-28 09:09:30.417 13511 13544 D NavServiceProvider: Setting units automatically
02-28 09:09:30.418 13511 13544 D NavServiceProvider: Detecting stop. distance_d=504.44556. stop_type=1 speed=17.450104
02-28 09:09:30.418 13511 13544 D NavigationTest: 358: (28.032669, -82.427263, 17.450104)	R:false  F:false
02-28 09:09:30.418 13511 13544 D NavigationTest: 359: (28.032669, -82.427263, 17.450104)	R:false  F:false
02-28 09:09:30.418 13511 13544 D NavServiceProvider: Second to last stop coordinates: 28.03268, -82.432393
02-28 09:09:30.418 13511 13544 D NavServiceProvider: Setting units automatically
02-28 09:09:30.419 13511 13544 D NavServiceProvider: Detecting stop. distance_d=486.35556. stop_type=1 speed=17.461386
02-28 09:09:30.420 13511 13544 D NavigationTest: 360: (28.032661, -82.427447, 17.461386)	R:false  F:false
02-28 09:09:30.420 13511 13544 D NavServiceProvider: Second to last stop coordinates: 28.03268, -82.432393
02-28 09:09:30.420 13511 13544 D NavServiceProvider: Setting units automatically
02-28 09:09:30.421 13511 13544 D NavServiceProvider: Detecting stop. distance_d=468.65814. stop_type=1 speed=17.550138
02-28 09:09:30.421 13511 13544 D NavigationTest: 361: (28.032657, -82.427627, 17.550138)	R:false  F:false
02-28 09:09:30.421 13511 13544 D NavigationTest: 362: (28.032657, -82.427627, 17.550138)	R:false  F:false
02-28 09:09:30.421 13511 13544 D NavServiceProvider: Second to last stop coordinates: 28.03268, -82.432393
02-28 09:09:30.421 13511 13544 D NavServiceProvider: Setting units automatically
02-28 09:09:30.422 13511 13544 D NavServiceProvider: Detecting stop. distance_d=450.36337. stop_type=1 speed=17.84
02-28 09:09:30.422 13511 13544 D NavigationTest: 363: (28.032668, -82.427813, 17.840000)	R:false  F:false
02-28 09:09:30.422 13511 13544 D NavServiceProvider: Second to last stop coordinates: 28.03268, -82.432393
02-28 09:09:30.423 13511 13544 D NavServiceProvider: Setting units automatically
02-28 09:09:30.423 13511 13544 D NavServiceProvider: Detecting stop. distance_d=431.58. stop_type=1 speed=18.250025
02-28 09:09:30.424 13511 13544 D NavigationTest: 364: (28.032678, -82.428004, 18.250025)	R:false  F:false
02-28 09:09:30.424 13511 13544 D NavigationTest: 365: (28.032678, -82.428004, 18.250025)	R:false  F:false
02-28 09:09:30.424 13511 13544 D NavigationTest: 366: (28.032678, -82.428004, 18.250025)	R:false  F:false
02-28 09:09:30.424 13511 13544 D NavServiceProvider: Second to last stop coordinates: 28.03268, -82.432393
02-28 09:09:30.424 13511 13544 D NavServiceProvider: Setting units automatically
02-28 09:09:30.425 13511 13544 D NavServiceProvider: Detecting stop. distance_d=411.81516. stop_type=1 speed=18.460024
02-28 09:09:30.425 13511 13544 D NavigationTest: 367: (28.032680, -82.428205, 18.460024)	R:false  F:false
02-28 09:09:30.425 13511 13544 D NavServiceProvider: Second to last stop coordinates: 28.03268, -82.432393
02-28 09:09:30.425 13511 13544 D NavServiceProvider: Setting units automatically
02-28 09:09:30.426 13511 13544 D NavServiceProvider: Detecting stop. distance_d=394.90326. stop_type=1 speed=18.200045
02-28 09:09:30.426 13511 13544 D NavigationTest: 368: (28.032689, -82.428377, 18.200045)	R:false  F:false
02-28 09:09:30.426 13511 13544 D NavigationTest: 369: (28.032689, -82.428377, 18.200045)	R:false  F:false
02-28 09:09:30.426 13511 13544 D NavServiceProvider: Second to last stop coordinates: 28.03268, -82.432393
02-28 09:09:30.427 13511 13544 D NavServiceProvider: Setting units automatically
02-28 09:09:30.427 13511 13544 D NavServiceProvider: Detecting stop. distance_d=378.0878. stop_type=1 speed=17.740633
02-28 09:09:30.428 13511 13544 D NavigationTest: 370: (28.032686, -82.428548, 17.740633)	R:false  F:false
02-28 09:09:30.428 13511 13544 D NavServiceProvider: Second to last stop coordinates: 28.03268, -82.432393
02-28 09:09:30.428 13511 13544 D NavServiceProvider: Setting units automatically
02-28 09:09:30.429 13511 13544 D NavServiceProvider: Detecting stop. distance_d=359.6992. stop_type=1 speed=17.910011
02-28 09:09:30.429 13511 13544 D NavigationTest: 371: (28.032678, -82.428735, 17.910011)	R:false  F:false
02-28 09:09:30.429 13511 13544 D NavigationTest: 372: (28.032678, -82.428735, 17.910011)	R:false  F:false
02-28 09:09:30.429 13511 13544 D NavServiceProvider: Second to last stop coordinates: 28.03268, -82.432393
02-28 09:09:30.429 13511 13544 D NavServiceProvider: Setting units automatically
02-28 09:09:30.430 13511 13544 D NavServiceProvider: Detecting stop. distance_d=343.671. stop_type=1 speed=17.81001
02-28 09:09:30.431 13511 13544 D NavigationTest: 373: (28.032679, -82.428898, 17.810011)	R:false  F:false
02-28 09:09:30.431 13511 13544 D NavigationTest: 374: (28.032679, -82.428898, 17.810011)	R:false  F:false
02-28 09:09:30.431 13511 13544 D NavServiceProvider: Second to last stop coordinates: 28.03268, -82.432393
02-28 09:09:30.431 13511 13544 D NavServiceProvider: Setting units automatically
02-28 09:09:30.432 13511 13544 D NavServiceProvider: Detecting stop. distance_d=323.91165. stop_type=1 speed=18.200003
02-28 09:09:30.432 13511 13544 D NavigationTest: 375: (28.032697, -82.429099, 18.200003)	R:false  F:false
02-28 09:09:30.432 13511 13544 D NavServiceProvider: Second to last stop coordinates: 28.03268, -82.432393
02-28 09:09:30.432 13511 13544 D NavServiceProvider: Setting units automatically
02-28 09:09:30.433 13511 13544 D NavServiceProvider: Detecting stop. distance_d=305.61642. stop_type=1 speed=17.92018
02-28 09:09:30.433 13511 13544 D NavigationTest: 376: (28.032681, -82.429285, 17.920179)	R:false  F:false
02-28 09:09:30.433 13511 13544 D NavigationTest: 377: (28.032681, -82.429285, 17.920179)	R:false  F:false
02-28 09:09:30.433 13511 13544 D NavServiceProvider: Second to last stop coordinates: 28.03268, -82.432393
02-28 09:09:30.434 13511 13544 D NavServiceProvider: Setting units automatically
02-28 09:09:30.435 13511 13544 D NavServiceProvider: Detecting stop. distance_d=287.13254. stop_type=1 speed=17.600002
02-28 09:09:30.435 13511 13544 D NavigationTest: 378: (28.032691, -82.429473, 17.600002)	R:false  F:false
02-28 09:09:30.435 13511 13544 D NavigationTest: 379: (28.032691, -82.429473, 17.600002)	R:false  F:false
02-28 09:09:30.435 13511 13544 D NavServiceProvider: Second to last stop coordinates: 28.03268, -82.432393
02-28 09:09:30.435 13511 13544 D NavServiceProvider: Setting units automatically
02-28 09:09:30.436 13511 13544 D NavServiceProvider: Detecting stop. distance_d=270.3166. stop_type=1 speed=17.35
02-28 09:09:30.436 13511 13544 D NavigationTest: 380: (28.032688, -82.429644, 17.350000)	R:false  F:false
02-28 09:09:30.436 13511 13544 D NavServiceProvider: Second to last stop coordinates: 28.03268, -82.432393
02-28 09:09:30.437 13511 13544 D NavServiceProvider: Setting units automatically
02-28 09:09:30.438 13511 13544 D NavServiceProvider: Detecting stop. distance_d=252.44678. stop_type=1 speed=17.500103
02-28 09:09:30.438 13511 13544 D NavigationTest: 381: (28.032714, -82.429826, 17.500103)	R:false  F:false
02-28 09:09:30.438 13511 13544 D NavigationTest: 382: (28.032714, -82.429826, 17.500103)	R:false  F:false
02-28 09:09:30.438 13511 13544 D NavServiceProvider: Second to last stop coordinates: 28.03268, -82.432393
02-28 09:09:30.438 13511 13544 D NavServiceProvider: Setting units automatically
02-28 09:09:30.439 13511 13544 D NavServiceProvider: Detecting stop. distance_d=234.15248. stop_type=1 speed=17.580046
02-28 09:09:30.439 13511 13544 D NavigationTest: 383: (28.032710, -82.430012, 17.580046)	R:false  F:false
02-28 09:09:30.439 13511 13544 D NavServiceProvider: Second to last stop coordinates: 28.03268, -82.432393
02-28 09:09:30.440 13511 13544 D NavServiceProvider: Setting units automatically
02-28 09:09:30.441 13511 13544 D NavServiceProvider: Detecting stop. distance_d=217.03822. stop_type=1 speed=17.590002
02-28 09:09:30.441 13511 13544 D NavigationTest: 384: (28.032706, -82.430186, 17.590002)	R:false  F:false
02-28 09:09:30.441 13511 13544 D NavigationTest: 385: (28.032706, -82.430186, 17.590002)	R:false  F:false
02-28 09:09:30.441 13511 13544 D NavServiceProvider: Second to last stop coordinates: 28.03268, -82.432393
02-28 09:09:30.441 13511 13544 D NavServiceProvider: Setting units automatically
02-28 09:09:30.442 13511 13544 D NavServiceProvider: Detecting stop. distance_d=200.41579. stop_type=1 speed=17.380072
02-28 09:09:30.442 13511 13544 D NavigationTest: 386: (28.032702, -82.430355, 17.380072)	R:false  F:false
02-28 09:09:30.442 13511 13544 D NavServiceProvider: Second to last stop coordinates: 28.03268, -82.432393
02-28 09:09:30.442 13511 13544 D NavServiceProvider: Setting units automatically
02-28 09:09:30.444 13579 13616 D AudioTrack: stop(147): called with 9856 frames delivered
02-28 09:09:30.445 13579 13612 I EventProcessor: synthesizeMarkup call to callback.audioAvailable failed: -1
02-28 09:09:30.446 13511 13544 D NavServiceProvider: -----Get ready!
02-28 09:09:30.446  2666  3413 D Avrcp_ext: AudioManager Player: ID:23 -- type:android.media.SoundPool -- u/pid:10126/2688 -- state:idle -- attr:AudioAttributes: usage=USAGE_ASSISTANCE_SONIFICATION content=CONTENT_TYPE_SONIFICATION flags=0x800 tags= bundle=null
02-28 09:09:30.446  2666  3413 D Avrcp_ext: AudioManager Player: ID:15 -- type:android.media.SoundPool -- u/pid:1000/1493 -- state:idle -- attr:AudioAttributes: usage=USAGE_ASSISTANCE_SONIFICATION content=CONTENT_TYPE_SONIFICATION flags=0x800 tags= bundle=null
02-28 09:09:30.446  2666  3413 D Avrcp_ext: AudioManager Player: ID:1023 -- type:android.media.AudioTrack -- u/pid:10088/13579 -- state:stopped -- attr:AudioAttributes: usage=USAGE_MEDIA content=CONTENT_TYPE_SPEECH flags=0x800 tags= bundle=null
02-28 09:09:30.446  2666  3413 D Avrcp_ext: AudioManager isPlaying: false
02-28 09:09:30.446  2666  3413 V Avrcp_ext: updateCurrentMediaState: mMediaController: null
02-28 09:09:30.446 13511 13544 D NavigationTest: 387: (28.032709, -82.430523, 17.160105)	R:true  F:false
02-28 09:09:30.446 13511 13544 D NavServiceProvider: Second to last stop coordinates: 28.03268, -82.432393
02-28 09:09:30.447 13511 13544 D NavServiceProvider: Setting units automatically
02-28 09:09:30.448 13511 13544 D NavServiceProvider: Detecting stop. distance_d=183.90923. stop_type=1 speed=17.160105
02-28 09:09:30.448 13511 13544 D NavigationTest: 387: (28.032709, -82.430523, 17.160105)	R:true  F:false
02-28 09:09:30.448 13511 13544 D NavigationTest: 388: (28.032709, -82.430523, 17.160105)	R:true  F:false
02-28 09:09:30.448 13511 13544 D NavServiceProvider: Second to last stop coordinates: 28.03268, -82.432393
02-28 09:09:30.448 13511 13544 D NavServiceProvider: Setting units automatically
02-28 09:09:30.450 13511 13544 D NavServiceProvider: Detecting stop. distance_d=167.19145. stop_type=1 speed=16.900002
02-28 09:09:30.450 13511 13544 D NavigationTest: 389: (28.032707, -82.430693, 16.900002)	R:true  F:false
02-28 09:09:30.450 13511 13544 D NavServiceProvider: Second to last stop coordinates: 28.03268, -82.432393
02-28 09:09:30.450 13579 13612 I GoogleTTSServiceImpl: Synthesis request for locale eng-USA and name en-US-language
02-28 09:09:30.450 13511 13544 D NavServiceProvider: Setting units automatically
02-28 09:09:30.451 13511 13544 D NavServiceProvider: Detecting stop. distance_d=150.64897. stop_type=1 speed=16.840668
02-28 09:09:30.452 13511 13544 D NavigationTest: 390: (28.032670, -82.430861, 16.840668)	R:true  F:false
02-28 09:09:30.452 13511 13544 D NavigationTest: 391: (28.032670, -82.430861, 16.840668)	R:true  F:false
02-28 09:09:30.452 13511 13544 D NavServiceProvider: Second to last stop coordinates: 28.03268, -82.432393
02-28 09:09:30.452 13579 13612 I GoogleTTSServiceImpl: TTS dispatch: en-us-x-iog-seanet-embedded
02-28 09:09:30.452 13511 13544 D NavServiceProvider: Setting units automatically
02-28 09:09:30.453 13511 13544 D NavServiceProvider: Detecting stop. distance_d=132.45642. stop_type=1 speed=16.84024
02-28 09:09:30.453 13511 13544 D NavigationTest: 392: (28.032672, -82.431046, 16.840240)	R:true  F:false
02-28 09:09:30.453 13511 13544 D NavServiceProvider: Second to last stop coordinates: 28.03268, -82.432393
02-28 09:09:30.454 13511 13544 D NavServiceProvider: Setting units automatically
02-28 09:09:30.455 13511 13544 D NavServiceProvider: Detecting stop. distance_d=115.84569. stop_type=1 speed=16.640026
02-28 09:09:30.455 13511 13544 D NavigationTest: 393: (28.032694, -82.431215, 16.640026)	R:true  F:false
02-28 09:09:30.455 13511 13544 D NavigationTest: 394: (28.032694, -82.431215, 16.640026)	R:true  F:false
02-28 09:09:30.455 13511 13544 D NavServiceProvider: Second to last stop coordinates: 28.03268, -82.432393
02-28 09:09:30.455 13511 13544 D NavServiceProvider: Setting units automatically
02-28 09:09:30.456 13511 13544 D NavServiceProvider: Detecting stop. distance_d=99.62436. stop_type=1 speed=15.810114
02-28 09:09:30.457 13511 13544 D NavServiceProvider: Case 1: false
02-28 09:09:30.457 13511 13544 D NavigationTest: 395: (28.032695, -82.431380, 15.810114)	R:true  F:false
02-28 09:09:30.457 13511 13544 D NavServiceProvider: Second to last stop coordinates: 28.03268, -82.432393
02-28 09:09:30.457 13511 13544 D NavServiceProvider: Setting units automatically
02-28 09:09:30.458 13511 13544 D NavServiceProvider: Detecting stop. distance_d=84.91339. stop_type=1 speed=14.740216
02-28 09:09:30.458 13511 13544 D NavigationTest: 396: (28.032707, -82.431530, 14.740216)	R:true  F:false
02-28 09:09:30.458 13511 13544 D NavigationTest: 397: (28.032707, -82.431530, 14.740216)	R:true  F:false
02-28 09:09:30.459 13511 13544 D NavigationTest: 398: (28.032707, -82.431530, 14.740216)	R:true  F:false
02-28 09:09:30.459 13511 13544 D NavServiceProvider: Second to last stop coordinates: 28.03268, -82.432393
02-28 09:09:30.459  2666  3413 V Avrcp_ext: isMusicActive: true getBluetoothPlayState: 2
02-28 09:09:30.459  2666  3413 V Avrcp_ext: updateCurrentMediaState: isPlaying = false
02-28 09:09:30.459  2666  3413 V Avrcp_ext: Media update: id -1➡-1? [MediaAttributes: none] : [MediaAttributes: none]
02-28 09:09:30.459  2666  3413 V Avrcp_ext: newPlayStatus:2mReportedPlayStatus:-1
02-28 09:09:30.459  2666  3413 V Avrcp_ext: updatePlaybackState, state: PlaybackState {state=2, position=-1, buffered position=0, speed=0.0, updated=1773789, actions=0, custom actions=[], active item id=-1, error=null} device: null
02-28 09:09:30.459  2666  3413 V Avrcp_ext: Device: no name:
02-28 09:09:30.459  2666  3413 I chatty  : uid=1002(bluetooth) BluetoothAvrcpH identical 3 lines
02-28 09:09:30.459  2666  3413 V Avrcp_ext: Device: no name:
02-28 09:09:30.459 13511 13544 D NavServiceProvider: Setting units automatically
02-28 09:09:30.459  2666  3413 V Avrcp_ext: updatePlayerStateAndPosition, old=PlaybackState {state=2, position=-1, buffered position=0, speed=0.0, updated=1773529, actions=0, custom actions=[], active item id=-1, error=null}, state=PlaybackState {state=2, position=-1, buffered position=0, speed=0.0, updated=1773789, actions=0, custom actions=[], active item id=-1, error=null}
02-28 09:09:30.459  2666  3413 V Avrcp_ext: old state = PlaybackState {state=2, position=-1, buffered position=0, speed=0.0, updated=1773529, actions=0, custom actions=[], active item id=-1, error=null}, new state= PlaybackState {state=2, position=-1, buffered position=0, speed=0.0, updated=1773789, actions=0, custom actions=[], active item id=-1, error=null}
02-28 09:09:30.459  2666  3413 D HeadsetService: getHeadsetService(): returning com.android.bluetooth.hfp.HeadsetService@8a04d28
02-28 09:09:30.459  2666  3413 D HeadsetService:  isAudioOn: The number of audio connected devices 0
02-28 09:09:30.459  2666  3413 D HeadsetService: isScoOrCallActive(): Call Active:falseCall is Ringing:falseSCO is Active:false
02-28 09:09:30.460  2666  3413 D HeadsetService:  isAudioOn: The number of audio connected devices 0
02-28 09:09:30.460  2666  3413 I Avrcp_ext: updatePlayStatusForDevice: device: null
02-28 09:09:30.460  2666  3413 V Avrcp_ext: updatePlaybackState (1): old=PlaybackState {state=2, position=-1, buffered position=0, speed=0.0, updated=1773529, actions=0, custom actions=[], active item id=-1, error=null}(2), new=PlaybackState {state=2, position=-1, buffered position=0, speed=0.0, updated=1773789, actions=0, custom actions=[], active item id=-1, error=null}(2)
02-28 09:09:30.460  2666  3413 I Avrcp_ext: Exit updatePlayStatusForDevice
02-28 09:09:30.460  2666  3413 D HeadsetService:  isAudioOn: The number of audio connected devices 0
02-28 09:09:30.460  2666  3413 D HeadsetService: isScoOrCallActive(): Call Active:falseCall is Ringing:falseSCO is Active:false
02-28 09:09:30.461  2666  3413 D HeadsetService:  isAudioOn: The number of audio connected devices 0
02-28 09:09:30.461  2666  3413 I Avrcp_ext: updatePlayStatusForDevice: device: null
02-28 09:09:30.461  2666  3413 V Avrcp_ext: updatePlaybackState (1): old=PlaybackState {state=2, position=-1, buffered position=0, speed=0.0, updated=1773529, actions=0, custom actions=[], active item id=-1, error=null}(2), new=PlaybackState {state=2, position=-1, buffered position=0, speed=0.0, updated=1773789, actions=0, custom actions=[], active item id=-1, error=null}(2)
02-28 09:09:30.461 13511 13544 D NavServiceProvider: Detecting stop. distance_d=71.39927. stop_type=1 speed=14.231405
02-28 09:09:30.461  2666  3413 I Avrcp_ext: Exit updatePlayStatusForDevice
02-28 09:09:30.461 13511 13544 D NavigationTest: 399: (28.032729, -82.431669, 14.231405)	R:true  F:false
02-28 09:09:30.461 13511 13544 D NavServiceProvider: Second to last stop coordinates: 28.03268, -82.432393
02-28 09:09:30.461  2666  3413 D HeadsetService:  isAudioOn: The number of audio connected devices 0
02-28 09:09:30.461  2666  3413 D HeadsetService: isScoOrCallActive(): Call Active:falseCall is Ringing:falseSCO is Active:false
02-28 09:09:30.461  2666  3413 D HeadsetService:  isAudioOn: The number of audio connected devices 0
02-28 09:09:30.461  2666  3413 I Avrcp_ext: updatePlayStatusForDevice: device: null
02-28 09:09:30.461 13511 13544 D NavServiceProvider: Setting units automatically
02-28 09:09:30.461  2666  3413 V Avrcp_ext: updatePlaybackState (1): old=PlaybackState {state=2, position=-1, buffered position=0, speed=0.0, updated=1773529, actions=0, custom actions=[], active item id=-1, error=null}(2), new=PlaybackState {state=2, position=-1, buffered position=0, speed=0.0, updated=1773789, actions=0, custom actions=[], active item id=-1, error=null}(2)
02-28 09:09:30.461  2666  3413 I Avrcp_ext: Exit updatePlayStatusForDevice
02-28 09:09:30.461  2666  3413 D HeadsetService:  isAudioOn: The number of audio connected devices 0
02-28 09:09:30.461  2666  3413 D HeadsetService: isScoOrCallActive(): Call Active:falseCall is Ringing:falseSCO is Active:false
02-28 09:09:30.462  2666  3413 D HeadsetService:  isAudioOn: The number of audio connected devices 0
02-28 09:09:30.462  2666  3413 I Avrcp_ext: updatePlayStatusForDevice: device: null
02-28 09:09:30.462  2666  3413 V Avrcp_ext: updatePlaybackState (1): old=PlaybackState {state=2, position=-1, buffered position=0, speed=0.0, updated=1773529, actions=0, custom actions=[], active item id=-1, error=null}(2), new=PlaybackState {state=2, position=-1, buffered position=0, speed=0.0, updated=1773789, actions=0, custom actions=[], active item id=-1, error=null}(2)
02-28 09:09:30.462  2666  3413 I Avrcp_ext: Exit updatePlayStatusForDevice
02-28 09:09:30.462  2666  3413 D HeadsetService:  isAudioOn: The number of audio connected devices 0
02-28 09:09:30.462  2666  3413 D HeadsetService: isScoOrCallActive(): Call Active:falseCall is Ringing:falseSCO is Active:false
02-28 09:09:30.462  2666  3413 D HeadsetService:  isAudioOn: The number of audio connected devices 0
02-28 09:09:30.462  2666  3413 I Avrcp_ext: updatePlayStatusForDevice: device: null
02-28 09:09:30.462  2666  3413 V Avrcp_ext: updatePlaybackState (1): old=PlaybackState {state=2, position=-1, buffered position=0, speed=0.0, updated=1773529, actions=0, custom actions=[], active item id=-1, error=null}(2), new=PlaybackState {state=2, position=-1, buffered position=0, speed=0.0, updated=1773789, actions=0, custom actions=[], active item id=-1, error=null}(2)
02-28 09:09:30.462  2666  3413 I Avrcp_ext: Exit updatePlayStatusForDevice
02-28 09:09:30.462  2666  3413 D Avrcp_ext: Enter sendPlayPosNotificationRsp
02-28 09:09:30.462  2666  3413 D Avrcp_ext: sendPlayPosNotificationRsp: Not registered or requesting.
02-28 09:09:30.462  2666  3413 D Avrcp_ext: Enter sendPlayPosNotificationRsp
02-28 09:09:30.462  2666  3413 D Avrcp_ext: sendPlayPosNotificationRsp: Not registered or requesting.
02-28 09:09:30.462  2666  3413 D Avrcp_ext: Enter sendPlayPosNotificationRsp
02-28 09:09:30.462  2666  3413 D Avrcp_ext: sendPlayPosNotificationRsp: Not registered or requesting.
02-28 09:09:30.462  2666  3413 D Avrcp_ext: Enter sendPlayPosNotificationRsp
02-28 09:09:30.462 13511 13544 D NavServiceProvider: Detecting stop. distance_d=59.45721. stop_type=1 speed=13.160243
02-28 09:09:30.462  2666  3413 D Avrcp_ext: sendPlayPosNotificationRsp: Not registered or requesting.
02-28 09:09:30.462  2666  3413 D Avrcp_ext: Enter sendPlayPosNotificationRsp
02-28 09:09:30.462  2666  3413 D Avrcp_ext: sendPlayPosNotificationRsp: Not registered or requesting.
02-28 09:09:30.462  2666  3413 V Avrcp_ext: Exit updatePlayerStateAndPosition
02-28 09:09:30.462 13511 13544 D NavigationTest: 400: (28.032705, -82.431789, 13.160243)	R:true  F:false
02-28 09:09:30.462 13511 13544 D NavigationTest: 401: (28.032705, -82.431789, 13.160243)	R:true  F:false
02-28 09:09:30.462 13511 13544 D NavServiceProvider: Second to last stop coordinates: 28.03268, -82.432393
02-28 09:09:30.462  2666  3413 D Avrcp_ext: AudioManager Player: ID:23 -- type:android.media.SoundPool -- u/pid:10126/2688 -- state:idle -- attr:AudioAttributes: usage=USAGE_ASSISTANCE_SONIFICATION content=CONTENT_TYPE_SONIFICATION flags=0x800 tags= bundle=null
02-28 09:09:30.462  2666  3413 D Avrcp_ext: AudioManager Player: ID:15 -- type:android.media.SoundPool -- u/pid:1000/1493 -- state:idle -- attr:AudioAttributes: usage=USAGE_ASSISTANCE_SONIFICATION content=CONTENT_TYPE_SONIFICATION flags=0x800 tags= bundle=null
02-28 09:09:30.462  2666  3413 D Avrcp_ext: AudioManager isPlaying: false
02-28 09:09:30.463 13511 13544 D NavServiceProvider: Setting units automatically
02-28 09:09:30.464 13511 13544 D NavServiceProvider: Detecting stop. distance_d=48.85138. stop_type=1 speed=12.51
02-28 09:09:30.464 13511 13544 D NavServiceProvider: Case 2: false
02-28 09:09:30.464 13511 13544 D NavigationTest: 402: (28.032705, -82.431897, 12.510000)	R:true  F:false
02-28 09:09:30.464 13511 13544 D NavServiceProvider: Second to last stop coordinates: 28.03268, -82.432393
02-28 09:09:30.464 13511 13544 D NavServiceProvider: Setting units automatically
02-28 09:09:30.465 13511 13544 D NavServiceProvider: Detecting stop. distance_d=38.94774. stop_type=1 speed=11.35
02-28 09:09:30.465 13511 13544 D NavigationTest: 403: (28.032716, -82.431999, 11.350000)	R:true  F:false
02-28 09:09:30.465 13511 13544 D NavigationTest: 404: (28.032716, -82.431999, 11.350000)	R:true  F:false
02-28 09:09:30.465 13511 13544 D NavServiceProvider: Second to last stop coordinates: 28.03268, -82.432393
02-28 09:09:30.466 13511 13544 D NavServiceProvider: Setting units automatically
02-28 09:09:30.467 13511 13544 D NavServiceProvider: Detecting stop. distance_d=31.161825. stop_type=1 speed=9.420021
02-28 09:09:30.467 13511 13544 D NavigationTest: 405: (28.032724, -82.432080, 9.420021)	R:true  F:false
02-28 09:09:30.467 13511 13544 D NavigationTest: 406: (28.032724, -82.432080, 9.420021)	R:true  F:false
02-28 09:09:30.467 13511 13544 D NavServiceProvider: Second to last stop coordinates: 28.03268, -82.432393
02-28 09:09:30.468 13511 13544 D NavServiceProvider: Setting units automatically
02-28 09:09:30.469 13511 13544 D NavServiceProvider: Detecting stop. distance_d=25.199772. stop_type=1 speed=7.18
02-28 09:09:30.469 13511 13544 D NavigationTest: 407: (28.032730, -82.432143, 7.180000)	R:true  F:false
02-28 09:09:30.469 13511 13544 D NavigationTest: 408: (28.032730, -82.432143, 7.180000)	R:true  F:false
02-28 09:09:30.469 13511 13544 D NavServiceProvider: Second to last stop coordinates: 28.03268, -82.432393
02-28 09:09:30.470 13511 13544 D NavServiceProvider: Setting units automatically
02-28 09:09:30.471 13511 13544 D NavServiceProvider: Detecting stop. distance_d=19.899248. stop_type=1 speed=5.351831
02-28 09:09:30.471 13511 13544 D NavServiceProvider: Case 3: false
02-28 09:09:30.471 13511 13544 D NavigationTest: 409: (28.032734, -82.432200, 5.351831)	R:true  F:false
02-28 09:09:30.471 13511 13544 D NavServiceProvider: Second to last stop coordinates: 28.03268, -82.432393
02-28 09:09:30.472 13511 13544 D NavServiceProvider: Setting units automatically
02-28 09:09:30.473 13511 13544 D NavServiceProvider: Detecting stop. distance_d=17.331108. stop_type=1 speed=2.936154
02-28 09:09:30.473 13511 13544 D NavServiceProvider: Case 4: false
02-28 09:09:30.473 13511 13544 D NavigationTest: 410: (28.032730, -82.432226, 2.936154)	R:true  F:false
02-28 09:09:30.473 13511 13544 D NavigationTest: 411: (28.032730, -82.432226, 2.936154)	R:true  F:false
02-28 09:09:30.473 13511 13544 D NavServiceProvider: Second to last stop coordinates: 28.03268, -82.432393
02-28 09:09:30.474 13511 13544 D NavServiceProvider: Setting units automatically
02-28 09:09:30.475 13511 13544 D NavServiceProvider: Detecting stop. distance_d=14.25157. stop_type=1 speed=1.994918
02-28 09:09:30.475 13511 13544 D NavigationTest: 412: (28.032729, -82.432259, 1.994918)	R:true  F:false
02-28 09:09:30.475 13511 13544 D NavigationTest: 413: (28.032729, -82.432259, 1.994918)	R:true  F:false
02-28 09:09:30.475 13511 13544 D NavServiceProvider: Second to last stop coordinates: 28.03268, -82.432393
02-28 09:09:30.476 13511 13544 D NavServiceProvider: Setting units automatically
02-28 09:09:30.477 13511 13544 D NavServiceProvider: Detecting stop. distance_d=11.460845. stop_type=1 speed=2.172786
02-28 09:09:30.478 13511 13544 D NavigationTest: 414: (28.032723, -82.432287, 2.172786)	R:true  F:false
02-28 09:09:30.478 13511 13544 D NavigationTest: 415: (28.032723, -82.432287, 2.172786)	R:true  F:false
02-28 09:09:30.478 13511 13544 D NavServiceProvider: Second to last stop coordinates: 28.03268, -82.432393
02-28 09:09:30.478 13511 13544 D NavServiceProvider: Setting units automatically
02-28 09:09:30.480 13511 13544 D NavServiceProvider: Detecting stop. distance_d=8.680102. stop_type=1 speed=2.081538
02-28 09:09:30.480 13511 13544 D NavigationTest: 416: (28.032709, -82.432311, 2.081538)	R:true  F:false
02-28 09:09:30.480 13511 13544 D NavigationTest: 417: (28.032709, -82.432311, 2.081538)	R:true  F:false
02-28 09:09:30.480 13511 13544 D NavServiceProvider: Second to last stop coordinates: 28.03268, -82.432393
02-28 09:09:30.480 13511 13544 D NavServiceProvider: Setting units automatically
02-28 09:09:30.481 13511 13544 D NavServiceProvider: Detecting stop. distance_d=5.626408. stop_type=1 speed=1.86172
02-28 09:09:30.482 13511 13544 D NavigationTest: 418: (28.032694, -82.432338, 1.861720)	R:true  F:false
02-28 09:09:30.482 13511 13544 D NavigationTest: 419: (28.032694, -82.432338, 1.861720)	R:true  F:false
02-28 09:09:30.482 13511 13544 D NavServiceProvider: Second to last stop coordinates: 28.03268, -82.432393
02-28 09:09:30.482 13511 13544 D NavServiceProvider: Setting units automatically
02-28 09:09:30.483 13511 13544 D NavServiceProvider: Detecting stop. distance_d=3.1199737. stop_type=1 speed=1.820687
02-28 09:09:30.484 13511 13544 D NavigationTest: 420: (28.032686, -82.432362, 1.820687)	R:true  F:false
02-28 09:09:30.484 13511 13544 D NavigationTest: 421: (28.032686, -82.432362, 1.820687)	R:true  F:false
02-28 09:09:30.484 13511 13544 D NavServiceProvider: Second to last stop coordinates: 28.03268, -82.432393
02-28 09:09:30.484 13511 13544 D NavServiceProvider: Setting units automatically
02-28 09:09:30.486 13511 13544 D NavServiceProvider: Detecting stop. distance_d=2.7088637. stop_type=1 speed=2.280789
02-28 09:09:30.486 13511 13544 D NavigationTest: 422: (28.032692, -82.432369, 2.280789)	R:true  F:false
02-28 09:09:30.486 13511 13544 D NavigationTest: 423: (28.032692, -82.432369, 2.280789)	R:true  F:false
02-28 09:09:30.486 13511 13544 D NavServiceProvider: Second to last stop coordinates: 28.03268, -82.432393
02-28 09:09:30.486 13511 13544 D NavServiceProvider: Setting units automatically
02-28 09:09:30.488 13511 13544 D NavServiceProvider: Detecting stop. distance_d=2.4281816. stop_type=1 speed=3.731086
02-28 09:09:30.488 13511 13544 D NavigationTest: 424: (28.032695, -82.432411, 3.731086)	R:true  F:false
02-28 09:09:30.488 13511 13544 D NavServiceProvider: Second to last stop coordinates: 28.03268, -82.432393
02-28 09:09:30.488 13511 13544 D NavServiceProvider: Setting units automatically
02-28 09:09:30.490 13511 13544 D NavServiceProvider: Detecting stop. distance_d=8.600506. stop_type=1 speed=5.540442
02-28 09:09:30.490 13511 13544 D NavigationTest: 425: (28.032707, -82.432475, 5.540442)	R:true  F:false
02-28 09:09:30.490 13511 13544 D NavigationTest: 426: (28.032707, -82.432475, 5.540442)	R:true  F:false
02-28 09:09:30.490 13511 13544 D NavServiceProvider: Second to last stop coordinates: 28.03268, -82.432393
02-28 09:09:30.490 13511 13544 D NavServiceProvider: Setting units automatically
02-28 09:09:30.491 13511 13544 D NavServiceProvider: Detecting stop. distance_d=14.807783. stop_type=1 speed=6.99035
02-28 09:09:30.491 13511 13544 D NavigationTest: 427: (28.032709, -82.432540, 6.990350)	R:true  F:false
02-28 09:09:30.492 13511 13544 D NavigationTest: 428: (28.032709, -82.432540, 6.990350)	R:true  F:false
02-28 09:09:30.492 13511 13544 D NavServiceProvider: Second to last stop coordinates: 28.03268, -82.432393
02-28 09:09:30.492 13511 13544 D NavServiceProvider: Setting units automatically
02-28 09:09:30.493 13511 13544 D NavServiceProvider: Detecting stop. distance_d=25.631926. stop_type=1 speed=8.620023
02-28 09:09:30.493 13511 13544 D NavServiceProvider: Case 5: true
02-28 09:09:30.493 13511 13544 D NavServiceProvider: Proximity Event fired
02-28 09:09:30.493 13511 13544 D NavServiceProvider: Checking if path has more path links left to be navigated
02-28 09:09:30.493 13511 13544 D NavServiceProvider: PathLink index: 0 Number of PathLinks: 1
02-28 09:09:30.493 13511 13544 D NavServiceProvider: %%%%%%N%%%%%%%%% No more PathLinks left in Path %%%%%%%%%%%%%%%%%%%%%
02-28 09:09:30.493 13511 13544 D NavServiceProvider: Got to last stop
02-28 09:09:30.493 13511 13544 D NavServiceProvider: Alert 1 screen before last stop
02-28 09:09:30.493 13511 13544 D NavServiceProvider: Calling destination reached...
02-28 09:09:30.500 13511 13544 D NavServiceProvider: -----Get off the bus!
02-28 09:09:30.500 13511 13544 D NavigationTest: 429: (28.032713, -82.432651, 8.620023)	R:true  F:true
02-28 09:09:30.501 13511 13544 I System.out: O311C: INFO Log level changed: DEBUG
02-28 09:09:30.501 13511 13544 I System.out: O311C: INFO Dry run mode changed: true
02-28 09:09:30.501 13511 13544 W Application: Open311 issue reporting is in debug/dry run mode - no issues will be submitted.
02-28 09:09:30.501 13511 13544 I System.out: O311C: INFO clearOpen311
02-28 09:09:30.501 13511 13544 I TestRunner: finished: testTrip14C(org.onebusaway.android.nav.test.NavigationTest)
