02-28 09:09:33.088  2666  3413 I chatty  : uid=1002(bluetooth) BluetoothAvrcpH identical 3 lines
02-28 09:09:33.088  2666  3413 V Avrcp_ext: Device: no name:
02-28 09:09:33.088  2666  3413 V Avrcp_ext: updatePlayerStateAndPosition, old=PlaybackState {state=2, position=-1, buffered position=0, speed=0.0, updated=1776188, actions=0, custom actions=[], active item id=-1, error=null}, state=PlaybackState {state=2, position=-1, buffered position=0, speed=0.0, updated=1776418, actions=0, custom actions=[], active item id=-1, error=null}
02-28 09:09:33.088  2666  3413 V Avrcp_ext: old state = PlaybackState {state=2, position=-1, buffered position=0, speed=0.0, updated=1776188, actions=0, custom actions=[], active item id=-1, error=null}, new state= PlaybackState {state=2, position=-1, buffered position=0, speed=0.0, updated=1776418, actions=0, custom actions=[], active item id=-1, error=null}
02-28 09:09:33.088  2666  3413 D HeadsetService: getHeadsetService(): returning com.android.bluetooth.hfp.HeadsetService@8a04d28
02-28 09:09:33.088 13511 13544 D NavServiceProvider: Detecting stop. distance_d=460.53098. stop_type=1 speed=10.25
02-28 09:09:33.088 13511 13544 D NavigationTest: 156: (28.065881, -82.402707, 10.250000)	R:false  F:false
02-28 09:09:33.088 13511 13544 D NavigationTest: 157: (28.065881, -82.402707, 10.250000)	R:false  F:false
02-28 09:09:33.088  2666  3413 D HeadsetService:  isAudioOn: The number of audio connected devices 0
02-28 09:09:33.088  2666  3413 D HeadsetService: isScoOrCallActive(): Call Active:falseCall is Ringing:falseSCO is Active:false
02-28 09:09:33.088 13511 13544 D NavServiceProvider: Second to last stop coordinates: 28.065764, -82.40739
02-28 09:09:33.088  2666  3413 D HeadsetService:  isAudioOn: The number of audio connected devices 0
02-28 09:09:33.088  2666  3413 I Avrcp_ext: updatePlayStatusForDevice: device: null
02-28 09:09:33.088  2666  3413 V Avrcp_ext: updatePlaybackState (1): old=PlaybackState {state=2, position=-1, buffered position=0, speed=0.0, updated=1776188, actions=0, custom actions=[], active item id=-1, error=null}(2), new=PlaybackState {state=2, position=-1, buffered position=0, speed=0.0, updated=1776418, actions=0, custom actions=[], active item id=-1, error=null}(2)
02-28 09:09:33.088  2666  3413 I Avrcp_ext: Exit updatePlayStatusForDevice
02-28 09:09:33.089 13511 13544 D NavServiceProvider: Setting units automatically
02-28 09:09:33.089  2666  3413 D HeadsetService:  isAudioOn: The number of audio connected devices 0
02-28 09:09:33.089  2666  3413 D HeadsetService: isScoOrCallActive(): Call Active:falseCall is Ringing:falseSCO is Active:false
02-28 09:09:33.089  2666  3413 D HeadsetService:  isAudioOn: The number of audio connected devices 0
02-28 09:09:33.089  2666  3413 I Avrcp_ext: updatePlayStatusForDevice: device: null
02-28 09:09:33.089  2666  3413 V Avrcp_ext: updatePlaybackState (1): old=PlaybackState {state=2, position=-1, buffered position=0, speed=0.0, updated=1776188, actions=0, custom actions=[], active item id=-1, error=null}(2), new=PlaybackState {state=2, position=-1, buffered position=0, speed=0.0, updated=1776418, actions=0, custom actions=[], active item id=-1, error=null}(2)
02-28 09:09:33.089  2666  3413 I Avrcp_ext: Exit updatePlayStatusForDevice
02-28 09:09:33.089  2666  3413 D HeadsetService:  isAudioOn: The number of audio connected devices 0
02-28 09:09:33.089  2666  3413 D HeadsetService: isScoOrCallActive(): Call Active:falseCall is Ringing:falseSCO is Active:false
02-28 09:09:33.090  2666  3413 D HeadsetService:  isAudioOn: The number of audio connected devices 0
02-28 09:09:33.090  2666  3413 I Avrcp_ext: updatePlayStatusForDevice: device: null
02-28 09:09:33.090  2666  3413 V Avrcp_ext: updatePlaybackState (1): old=PlaybackState {state=2, position=-1, buffered position=0, speed=0.0, updated=1776188, actions=0, custom actions=[], active item id=-1, error=null}(2), new=PlaybackState {state=2, position=-1, buffered position=0, speed=0.0, updated=1776418, actions=0, custom actions=[], active item id=-1, error=null}(2)
02-28 09:09:33.090  2666  3413 I Avrcp_ext: Exit updatePlayStatusForDevice
02-28 09:09:33.090 13511 13544 D NavServiceProvider: Detecting stop. distance_d=461.88486. stop_type=1 speed=9.5
02-28 09:09:33.090  2666  3413 D HeadsetService:  isAudioOn: The number of audio connected devices 0
02-28 09:09:33.090  2666  3413 D HeadsetService: isScoOrCallActive(): Call Active:falseCall is Ringing:falseSCO is Active:false
02-28 09:09:33.090 13511 13544 D NavigationTest: 158: (28.065968, -82.402697, 9.500000)	R:false  F:false
02-28 09:09:33.090 13511 13544 D NavServiceProvider: Second to last stop coordinates: 28.065764, -82.40739
02-28 09:09:33.090  2666  3413 D HeadsetService:  isAudioOn: The number of audio connected devices 0
02-28 09:09:33.090  2666  3413 I Avrcp_ext: updatePlayStatusForDevice: device: null
02-28 09:09:33.090  2666  3413 V Avrcp_ext: updatePlaybackState (1): old=PlaybackState {state=2, position=-1, buffered position=0, speed=0.0, updated=1776188, actions=0, custom actions=[], active item id=-1, error=null}(2), new=PlaybackState {state=2, position=-1, buffered position=0, speed=0.0, updated=1776418, actions=0, custom actions=[], active item id=-1, error=null}(2)
02-28 09:09:33.090  2666  3413 I Avrcp_ext: Exit updatePlayStatusForDevice
02-28 09:09:33.090 13511 13544 D NavServiceProvider: Setting units automatically
02-28 09:09:33.091  2666  3413 D HeadsetService:  isAudioOn: The number of audio connected devices 0
02-28 09:09:33.091  2666  3413 D HeadsetService: isScoOrCallActive(): Call Active:falseCall is Ringing:falseSCO is Active:false
02-28 09:09:33.091  2666  3413 D HeadsetService:  isAudioOn: The number of audio connected devices 0
02-28 09:09:33.091  2666  3413 I Avrcp_ext: updatePlayStatusForDevice: device: null
02-28 09:09:33.091  2666  3413 V Avrcp_ext: updatePlaybackState (1): old=PlaybackState {state=2, position=-1, buffered position=0, speed=0.0, updated=1776188, actions=0, custom actions=[], active item id=-1, error=null}(2), new=PlaybackState {state=2, position=-1, buffered position=0, speed=0.0, updated=1776418, actions=0, custom actions=[], active item id=-1, error=null}(2)
02-28 09:09:33.091  2666  3413 I Avrcp_ext: Exit updatePlayStatusForDevice
02-28 09:09:33.091  2666  3413 D Avrcp_ext: Enter sendPlayPosNotificationRsp
02-28 09:09:33.091  2666  3413 D Avrcp_ext: sendPlayPosNotificationRsp: Not registered or requesting.
02-28 09:09:33.091  2666  3413 D Avrcp_ext: Enter sendPlayPosNotificationRsp
02-28 09:09:33.091  2666  3413 D Avrcp_ext: sendPlayPosNotificationRsp: Not registered or requesting.
02-28 09:09:33.091  2666  3413 D Avrcp_ext: Enter sendPlayPosNotificationRsp
02-28 09:09:33.091  2666  3413 D Avrcp_ext: sendPlayPosNotificationRsp: Not registered or requesting.
02-28 09:09:33.091  2666  3413 D Avrcp_ext: Enter sendPlayPosNotificationRsp
02-28 09:09:33.091  2666  3413 D Avrcp_ext: sendPlayPosNotificationRsp: Not registered or requesting.
02-28 09:09:33.091  2666  3413 D Avrcp_ext: Enter sendPlayPosNotificationRsp
02-28 09:09:33.091  2666  3413 D Avrcp_ext: sendPlayPosNotificationRsp: Not registered or requesting.
02-28 09:09:33.091  2666  3413 V Avrcp_ext: Exit updatePlayerStateAndPosition
02-28 09:09:33.092 13511 13544 D NavServiceProvider: Detecting stop. distance_d=462.6223. stop_type=1 speed=8.25
02-28 09:09:33.092 13511 13544 D NavigationTest: 159: (28.066051, -82.402695, 8.250000)	R:false  F:false
02-28 09:09:33.092 13511 13544 D NavigationTest: 160: (28.066051, -82.402695, 8.250000)	R:false  F:false
02-28 09:09:33.092 13511 13544 D NavServiceProvider: Second to last stop coordinates: 28.065764, -82.40739
02-28 09:09:33.093 13511 13544 D NavServiceProvider: Setting units automatically
02-28 09:09:33.094 13511 13544 D NavServiceProvider: Detecting stop. distance_d=463.66898. stop_type=1 speed=6.75
02-28 09:09:33.094 13511 13544 D NavigationTest: 161: (28.066106, -82.402689, 6.750000)	R:false  F:false
02-28 09:09:33.095 13511 13544 D NavigationTest: 162: (28.066106, -82.402689, 6.750000)	R:false  F:false
02-28 09:09:33.095 13511 13544 D NavServiceProvider: Second to last stop coordinates: 28.065764, -82.40739
02-28 09:09:33.095 13511 13544 D NavServiceProvider: Setting units automatically
02-28 09:09:33.097 13511 13544 D NavServiceProvider: Detecting stop. distance_d=463.56412. stop_type=1 speed=5.75
02-28 09:09:33.097 13511 13544 D NavigationTest: 163: (28.066165, -82.402696, 5.750000)	R:false  F:false
02-28 09:09:33.097 13511 13544 D NavServiceProvider: Second to last stop coordinates: 28.065764, -82.40739
02-28 09:09:33.097 13511 13544 D NavServiceProvider: Setting units automatically
02-28 09:09:33.099 13511 13544 D NavServiceProvider: Detecting stop. distance_d=463.01718. stop_type=1 speed=4.75
02-28 09:09:33.099 13511 13544 D NavigationTest: 164: (28.066212, -82.402707, 4.750000)	R:false  F:false
02-28 09:09:33.099 13511 13544 D NavigationTest: 165: (28.066212, -82.402707, 4.750000)	R:false  F:false
02-28 09:09:33.099 13511 13544 D NavServiceProvider: Second to last stop coordinates: 28.065764, -82.40739
02-28 09:09:33.099 13511 13544 D NavServiceProvider: Setting units automatically
02-28 09:09:33.101 13511 13544 D NavServiceProvider: Detecting stop. distance_d=463.38992. stop_type=1 speed=4.0
02-28 09:09:33.101 13511 13544 D NavigationTest: 166: (28.066250, -82.402708, 4.000000)	R:false  F:false
02-28 09:09:33.101 13511 13544 D NavigationTest: 167: (28.066250, -82.402708, 4.000000)	R:false  F:false
02-28 09:09:33.101 13511 13544 D NavServiceProvider: Second to last stop coordinates: 28.065764, -82.40739
02-28 09:09:33.101 13511 13544 D NavServiceProvider: Setting units automatically
02-28 09:09:33.102 13511 13544 D NavServiceProvider: Detecting stop. distance_d=463.12958. stop_type=1 speed=1.75
02-28 09:09:33.102 13511 13544 D NavigationTest: 168: (28.066260, -82.402712, 1.750000)	R:false  F:false
02-28 09:09:33.102 13511 13544 D NavigationTest: 169: (28.066260, -82.402712, 1.750000)	R:false  F:false
02-28 09:09:33.102 13511 13544 D NavServiceProvider: Second to last stop coordinates: 28.065764, -82.40739
02-28 09:09:33.103 13511 13544 D NavServiceProvider: Setting units automatically
02-28 09:09:33.104 13511 13544 D NavServiceProvider: Detecting stop. distance_d=464.73077. stop_type=1 speed=1.0
02-28 09:09:33.104 13511 13544 D NavigationTest: 170: (28.066263, -82.402696, 1.000000)	R:false  F:false
02-28 09:09:33.104 13511 13544 D NavServiceProvider: Second to last stop coordinates: 28.065764, -82.40739
02-28 09:09:33.105   871  6793 V EffectDiracSound: DiracSound_command() start, cmdCode=20
02-28 09:09:33.105   871  6793 V EffectDiracSound: DiracSound_Command EFFECT_CMD_OFFLOAD
02-28 09:09:33.105 13511 13544 D NavServiceProvider: Setting units automatically
02-28 09:09:33.105   871  6793 V EffectDiracSound: DiracSound_command() start, cmdCode=1
02-28 09:09:33.105   871  6793 V EffectDiracSound: DiracSound_setConfig start
02-28 09:09:33.105   871  6793 I EffectDiracSound: DiracSound_updateState(), enable=0, hifi=0, device=0x2, headset=5, samplingRate=48000
02-28 09:09:33.105   871  6793 I EffectDiracSound: DiracSound_updateState(), mode=0, music=0, movie=0, reset=0
02-28 09:09:33.105   871  6793 I EffectDiracSound: DiracSound_updateState(), Speaker Movie/Stereo Mode is not supported. Stop update state.
02-28 09:09:33.105   871  6793 W EffectHAL: Effect 0xe4b38cd0 command SET_CONFIG returned status: Invalid argument
02-28 09:09:33.105   871  6793 V EffectDiracSound: DiracSound_command() start, cmdCode=1
02-28 09:09:33.105   871  6793 V EffectDiracSound: DiracSound_setConfig start
02-28 09:09:33.105   871  6793 I EffectDiracSound: DiracSound_updateState(), enable=0, hifi=0, device=0x2, headset=5, samplingRate=48000
02-28 09:09:33.105   871  6793 I EffectDiracSound: DiracSound_updateState(), mode=0, music=0, movie=0, reset=0
02-28 09:09:33.105   871  6793 I EffectDiracSound: DiracSound_updateState(), Speaker Movie/Stereo Mode is not supported. Stop update state.
02-28 09:09:33.105   871  6793 V EffectDiracSound: DiracSound_command() start, cmdCode=9
02-28 09:09:33.105   871  6793 V EffectDiracSound: DiracSound_Command EFFECT_CMD_SET_DEVICE: 0x00000002
02-28 09:09:33.105   871  6793 V EffectDiracSound: DiracSound_command() start, cmdCode=11
02-28 09:09:33.105   871  6793 V EffectDiracSound: DiracSound_Command EFFECT_CMD_SET_AUDIO_MODE: 0
02-28 09:09:33.106 13511 13544 D NavServiceProvider: Detecting stop. distance_d=464.28946. stop_type=1 speed=1.5
02-28 09:09:33.107 13511 13544 D NavigationTest: 171: (28.066281, -82.402703, 1.500000)	R:false  F:false
02-28 09:09:33.107 13511 13544 D NavigationTest: 172: (28.066281, -82.402703, 1.500000)	R:false  F:false
02-28 09:09:33.107 13511 13544 D NavServiceProvider: Second to last stop coordinates: 28.065764, -82.40739
02-28 09:09:33.107 13511 13544 D NavServiceProvider: Setting units automatically
02-28 09:09:33.107   871  6793 D msm8974_platform: platform_split_snd_device: snd_device(2) num devices(1) new_snd_devices(0)
02-28 09:09:33.107   871  6793 D ACDB-LOADER: ACDB -> send_audvoltable
02-28 09:09:33.107   871  6793 D ACDB-LOADER: ACDB -> ACDB_CMD_GET_AUDPROC_VOL_STEP_TABLE_SIZE
02-28 09:09:33.107   871  6793 D ACDB-LOADER: ACDB -> ACDB_CMD_GET_AUDPROC_GAIN_DEP_STEP_TABLE, vol index 5
02-28 09:09:33.107   871  6793 D         : Failed to fetch the lookup information of the device 0000000F
02-28 09:09:33.107   871  6793 E ACDB-LOADER: Error: ACDB AudProc vol returned = -19
02-28 09:09:33.107   871  6793 D ACDB-LOADER: ACDB -> AUDIO_SET_VOL_CAL cal type = 40
02-28 09:09:33.108 13511 13544 D NavServiceProvider: Detecting stop. distance_d=464.326. stop_type=1 speed=3.25
02-28 09:09:33.108 13511 13544 D NavigationTest: 173: (28.066318, -82.402708, 3.250000)	R:false  F:false
02-28 09:09:33.109 13511 13544 D NavigationTest: 174: (28.066318, -82.402708, 3.250000)	R:false  F:false
02-28 09:09:33.109 13511 13544 D NavigationTest: 175: (28.066318, -82.402708, 3.250000)	R:false  F:false
02-28 09:09:33.109 13511 13544 D NavigationTest: 176: (28.066318, -82.402708, 3.250000)	R:false  F:false
02-28 09:09:33.109 13511 13544 D NavServiceProvider: Second to last stop coordinates: 28.065764, -82.40739
02-28 09:09:33.109 13511 13544 D NavServiceProvider: Setting units automatically
02-28 09:09:33.110 13511 13544 D NavServiceProvider: Detecting stop. distance_d=463.5583. stop_type=1 speed=4.25
02-28 09:09:33.110 13511 13544 D NavigationTest: 177: (28.066351, -82.402721, 4.250000)	R:false  F:false
02-28 09:09:33.110 13511 13544 D NavServiceProvider: Second to last stop coordinates: 28.065764, -82.40739
02-28 09:09:33.111 13511 13544 D NavServiceProvider: Setting units automatically
02-28 09:09:33.112 13511 13544 D NavServiceProvider: Detecting stop. distance_d=457.84503. stop_type=1 speed=5.0
02-28 09:09:33.112 13511 13544 D NavigationTest: 178: (28.066371, -82.402783, 5.000000)	R:false  F:false
02-28 09:09:33.112 13511 13544 D NavigationTest: 179: (28.066371, -82.402783, 5.000000)	R:false  F:false
02-28 09:09:33.112 13511 13544 D NavServiceProvider: Second to last stop coordinates: 28.065764, -82.40739
02-28 09:09:33.112 13511 13544 D NavServiceProvider: Setting units automatically
02-28 09:09:33.113 13511 13544 D NavServiceProvider: Detecting stop. distance_d=451.85037. stop_type=1 speed=6.25
02-28 09:09:33.113 13511 13544 D NavigationTest: 180: (28.066373, -82.402845, 6.250000)	R:false  F:false
02-28 09:09:33.113 13511 13544 D NavServiceProvider: Second to last stop coordinates: 28.065764, -82.40739
02-28 09:09:33.114 13511 13544 D NavServiceProvider: Setting units automatically
02-28 09:09:33.114 13511 13544 D NavServiceProvider: Detecting stop. distance_d=444.15634. stop_type=1 speed=7.25
02-28 09:09:33.115 13511 13544 D NavigationTest: 181: (28.066372, -82.402924, 7.250000)	R:false  F:false
02-28 09:09:33.115 13511 13544 D NavigationTest: 182: (28.066372, -82.402924, 7.250000)	R:false  F:false
02-28 09:09:33.115 13511 13544 D NavServiceProvider: Second to last stop coordinates: 28.065764, -82.40739
02-28 09:09:33.115 13511 13544 D NavServiceProvider: Setting units automatically
02-28 09:09:33.116 13511 13544 D NavServiceProvider: Detecting stop. distance_d=435.74258. stop_type=1 speed=7.5
02-28 09:09:33.116 13511 13544 D NavigationTest: 183: (28.066357, -82.403008, 7.500000)	R:false  F:false
02-28 09:09:33.116 13511 13544 D NavServiceProvider: Second to last stop coordinates: 28.065764, -82.40739
02-28 09:09:33.116 13511 13544 D NavServiceProvider: Setting units automatically
02-28 09:09:33.117 13511 13544 D NavServiceProvider: Detecting stop. distance_d=425.57748. stop_type=1 speed=9.0
02-28 09:09:33.117 13511 13544 D NavigationTest: 184: (28.066336, -82.403109, 9.000000)	R:false  F:false
02-28 09:09:33.117 13511 13544 D NavigationTest: 185: (28.066336, -82.403109, 9.000000)	R:false  F:false
02-28 09:09:33.117 13511 13544 D NavServiceProvider: Second to last stop coordinates: 28.065764, -82.40739
02-28 09:09:33.118 13511 13544 D NavServiceProvider: Setting units automatically
02-28 09:09:33.119 13511 13544 D NavServiceProvider: Detecting stop. distance_d=415.1877. stop_type=1 speed=9.75
02-28 09:09:33.119 13511 13544 D NavigationTest: 186: (28.066319, -82.403213, 9.750000)	R:false  F:false
02-28 09:09:33.119 13511 13544 D NavServiceProvider: Second to last stop coordinates: 28.065764, -82.40739
02-28 09:09:33.120 13511 13544 D NavServiceProvider: Setting units automatically
02-28 09:09:33.121 13511 13544 D NavServiceProvider: Detecting stop. distance_d=404.29565. stop_type=1 speed=10.25
02-28 09:09:33.121 13511 13544 D NavigationTest: 187: (28.066295, -82.403321, 10.250000)	R:false  F:false
02-28 09:09:33.121 13511 13544 D NavigationTest: 188: (28.066295, -82.403321, 10.250000)	R:false  F:false
02-28 09:09:33.121 13511 13544 D NavServiceProvider: Second to last stop coordinates: 28.065764, -82.40739
02-28 09:09:33.121 13511 13544 D NavServiceProvider: Setting units automatically
02-28 09:09:33.122 13511 13544 D NavServiceProvider: Detecting stop. distance_d=393.05157. stop_type=1 speed=10.75
02-28 09:09:33.122 13511 13544 D NavigationTest: 189: (28.066267, -82.403432, 10.750000)	R:false  F:false
02-28 09:09:33.122 13511 13544 D NavigationTest: 190: (28.066267, -82.403432, 10.750000)	R:false  F:false
02-28 09:09:33.122 13511 13544 D NavServiceProvider: Second to last stop coordinates: 28.065764, -82.40739
02-28 09:09:33.122 13511 13544 D NavServiceProvider: Setting units automatically
02-28 09:09:33.123 13511 13544 D NavServiceProvider: Detecting stop. distance_d=381.44522. stop_type=1 speed=11.5
02-28 09:09:33.124 13511 13544 D NavigationTest: 191: (28.066234, -82.403546, 11.500000)	R:false  F:false
02-28 09:09:33.124 13511 13544 D NavServiceProvider: Second to last stop coordinates: 28.065764, -82.40739
02-28 09:09:33.124 13511 13544 D NavServiceProvider: Setting units automatically
02-28 09:09:33.126 13511 13544 D NavServiceProvider: Detecting stop. distance_d=370.5724. stop_type=1 speed=11.75
02-28 09:09:33.126 13511 13544 D NavigationTest: 192: (28.066197, -82.403652, 11.750000)	R:false  F:false
02-28 09:09:33.126 13511 13544 D NavigationTest: 193: (28.066197, -82.403652, 11.750000)	R:false  F:false
02-28 09:09:33.126 13511 13544 D NavServiceProvider: Second to last stop coordinates: 28.065764, -82.40739
02-28 09:09:33.126 13511 13544 D NavServiceProvider: Setting units automatically
02-28 09:09:33.128 13511 13544 D NavServiceProvider: Detecting stop. distance_d=358.27277. stop_type=1 speed=12.0
02-28 09:09:33.128 13511 13544 D NavigationTest: 194: (28.066154, -82.403772, 12.000000)	R:false  F:false
02-28 09:09:33.128 13511 13544 D NavServiceProvider: Second to last stop coordinates: 28.065764, -82.40739
02-28 09:09:33.129 13511 13544 D NavServiceProvider: Setting units automatically
02-28 09:09:33.130 13511 13544 D NavServiceProvider: Detecting stop. distance_d=345.73535. stop_type=1 speed=12.25
02-28 09:09:33.130 13511 13544 D NavigationTest: 195: (28.066113, -82.403895, 12.250000)	R:false  F:false
02-28 09:09:33.130 13511 13544 D NavigationTest: 196: (28.066113, -82.403895, 12.250000)	R:false  F:false
02-28 09:09:33.130 13511 13544 D NavServiceProvider: Second to last stop coordinates: 28.065764, -82.40739
02-28 09:09:33.130 13511 13544 D NavServiceProvider: Setting units automatically
02-28 09:09:33.131 13511 13544 D NavServiceProvider: Detecting stop. distance_d=335.5179. stop_type=1 speed=12.25
02-28 09:09:33.132 13511 13544 D NavigationTest: 197: (28.066067, -82.403994, 12.250000)	R:false  F:false
02-28 09:09:33.132 13511 13544 D NavServiceProvider: Second to last stop coordinates: 28.065764, -82.40739
02-28 09:09:33.132 13511 13544 D NavServiceProvider: Setting units automatically
02-28 09:09:33.133 13511 13544 D NavServiceProvider: Detecting stop. distance_d=324.36255. stop_type=1 speed=12.25
02-28 09:09:33.133 13511 13544 D NavigationTest: 198: (28.066030, -82.404104, 12.250000)	R:false  F:false
02-28 09:09:33.133 13511 13544 D NavigationTest: 199: (28.066030, -82.404104, 12.250000)	R:false  F:false
02-28 09:09:33.133 13511 13544 D NavServiceProvider: Second to last stop coordinates: 28.065764, -82.40739
02-28 09:09:33.133 13511 13544 D NavServiceProvider: Setting units automatically
02-28 09:09:33.134 13511 13544 D NavServiceProvider: Detecting stop. distance_d=312.89954. stop_type=1 speed=12.25
02-28 09:09:33.134 13511 13544 D NavigationTest: 200: (28.065999, -82.404218, 12.250000)	R:false  F:false
02-28 09:09:33.134 13511 13544 D NavServiceProvider: Second to last stop coordinates: 28.065764, -82.40739
02-28 09:09:33.135 13511 13544 D NavServiceProvider: Setting units automatically
02-28 09:09:33.136 13511 13544 D NavServiceProvider: Detecting stop. distance_d=300.00262. stop_type=1 speed=12.5
02-28 09:09:33.136 13511 13544 D NavigationTest: 201: (28.065958, -82.404346, 12.500000)	R:false  F:false
02-28 09:09:33.136 13511 13544 D NavigationTest: 202: (28.065958, -82.404346, 12.500000)	R:false  F:false
02-28 09:09:33.136 13511 13544 D NavServiceProvider: Second to last stop coordinates: 28.065764, -82.40739
02-28 09:09:33.136 13511 13544 D NavServiceProvider: Setting units automatically
02-28 09:09:33.137 13511 13544 D NavServiceProvider: Detecting stop. distance_d=287.32236. stop_type=1 speed=12.75
02-28 09:09:33.137 13511 13544 D NavigationTest: 203: (28.065928, -82.404473, 12.750000)	R:false  F:false
02-28 09:09:33.137 13511 13544 D NavigationTest: 204: (28.065928, -82.404473, 12.750000)	R:false  F:false
02-28 09:09:33.137 13511 13544 D NavServiceProvider: Second to last stop coordinates: 28.065764, -82.40739
02-28 09:09:33.138 13511 13544 D NavServiceProvider: Setting units automatically
02-28 09:09:33.139 13511 13544 D NavServiceProvider: Detecting stop. distance_d=274.947. stop_type=1 speed=12.75
02-28 09:09:33.139 13511 13544 D NavigationTest: 205: (28.065896, -82.404597, 12.750000)	R:false  F:false
02-28 09:09:33.139 13511 13544 D NavigationTest: 206: (28.065896, -82.404597, 12.750000)	R:false  F:false
02-28 09:09:33.139 13511 13544 D NavServiceProvider: Second to last stop coordinates: 28.065764, -82.40739
02-28 09:09:33.139 13511 13544 D NavServiceProvider: Setting units automatically
02-28 09:09:33.140 13511 13544 D NavServiceProvider: Detecting stop. distance_d=262.69104. stop_type=1 speed=12.75
02-28 09:09:33.140 13511 13544 D NavigationTest: 207: (28.065862, -82.404720, 12.750000)	R:false  F:false
02-28 09:09:33.140 13511 13544 D NavigationTest: 208: (28.065862, -82.404720, 12.750000)	R:false  F:false
02-28 09:09:33.140 13511 13544 D NavigationTest: 209: (28.065862, -82.404720, 12.750000)	R:false  F:false
02-28 09:09:33.140 13511 13544 D NavigationTest: 210: (28.065862, -82.404720, 12.750000)	R:false  F:false
02-28 09:09:33.140 13511 13544 D NavServiceProvider: Second to last stop coordinates: 28.065764, -82.40739
02-28 09:09:33.141 13511 13544 D NavServiceProvider: Setting units automatically
02-28 09:09:33.142 13511 13544 D NavServiceProvider: Detecting stop. distance_d=249.69608. stop_type=1 speed=12.75
02-28 09:09:33.142 13511 13544 D NavigationTest: 211: (28.065830, -82.404851, 12.750000)	R:false  F:false
02-28 09:09:33.142 13511 13544 D NavServiceProvider: Second to last stop coordinates: 28.065764, -82.40739
02-28 09:09:33.142 13511 13544 D NavServiceProvider: Setting units automatically
02-28 09:09:33.143 13511 13544 D NavServiceProvider: Detecting stop. distance_d=236.75714. stop_type=1 speed=13.0
02-28 09:09:33.143 13511 13544 D NavigationTest: 212: (28.065806, -82.404982, 13.000000)	R:false  F:false
02-28 09:09:33.143 13511 13544 D NavigationTest: 213: (28.065806, -82.404982, 13.000000)	R:false  F:false
02-28 09:09:33.143 13511 13544 D NavServiceProvider: Second to last stop coordinates: 28.065764, -82.40739
02-28 09:09:33.144 13511 13544 D NavServiceProvider: Setting units automatically
02-28 09:09:33.145 13511 13544 D NavServiceProvider: Detecting stop. distance_d=224.2324. stop_type=1 speed=13.0
02-28 09:09:33.145 13511 13544 D NavigationTest: 214: (28.065778, -82.405109, 13.000000)	R:false  F:false
02-28 09:09:33.145 13511 13544 D NavServiceProvider: Second to last stop coordinates: 28.065764, -82.40739
02-28 09:09:33.145 13511 13544 D NavServiceProvider: Setting units automatically
02-28 09:09:33.146 13511 13544 D NavServiceProvider: Detecting stop. distance_d=210.46477. stop_type=1 speed=13.25
02-28 09:09:33.146 13511 13544 D NavigationTest: 215: (28.065764, -82.405249, 13.250000)	R:false  F:false
02-28 09:09:33.146 13511 13544 D NavigationTest: 216: (28.065764, -82.405249, 13.250000)	R:false  F:false
02-28 09:09:33.146 13511 13544 D NavServiceProvider: Second to last stop coordinates: 28.065764, -82.40739
02-28 09:09:33.146 13511 13544 D NavServiceProvider: Setting units automatically
02-28 09:09:33.148 13579 13668 D AudioTrack: stop(152): called with 4096 frames delivered
02-28 09:09:33.149 13579 13612 I EventProcessor: synthesizeMarkup call to callback.audioAvailable failed: -1
02-28 09:09:33.150  2666  3413 D Avrcp_ext: AudioManager Player: ID:23 -- type:android.media.SoundPool -- u/pid:10126/2688 -- state:idle -- attr:AudioAttributes: usage=USAGE_ASSISTANCE_SONIFICATION content=CONTENT_TYPE_SONIFICATION flags=0x800 tags= bundle=null
02-28 09:09:33.150  2666  3413 D Avrcp_ext: AudioManager Player: ID:1063 -- type:android.media.AudioTrack -- u/pid:10088/13579 -- state:stopped -- attr:AudioAttributes: usage=USAGE_MEDIA content=CONTENT_TYPE_SPEECH flags=0x800 tags= bundle=null
02-28 09:09:33.150 13511 13544 D NavServiceProvider: -----Get ready!
02-28 09:09:33.150  2666  3413 D Avrcp_ext: AudioManager Player: ID:15 -- type:android.media.SoundPool -- u/pid:1000/1493 -- state:idle -- attr:AudioAttributes: usage=USAGE_ASSISTANCE_SONIFICATION content=CONTENT_TYPE_SONIFICATION flags=0x800 tags= bundle=null
02-28 09:09:33.150  2666  3413 D Avrcp_ext: AudioManager isPlaying: false
02-28 09:09:33.150  2666  3413 V Avrcp_ext: updateCurrentMediaState: mMediaController: null
02-28 09:09:33.150  2666  3413 V Avrcp_ext: isMusicActive: true getBluetoothPlayState: 2
02-28 09:09:33.150  2666  3413 V Avrcp_ext: updateCurrentMediaState: isPlaying = false
02-28 09:09:33.150  2666  3413 V Avrcp_ext: Media update: id -1➡-1? [MediaAttributes: none] : [MediaAttributes: none]
02-28 09:09:33.150 13511 13544 D NavigationTest: 217: (28.065762, -82.405380, 13.000000)	R:true  F:false
02-28 09:09:33.150  2666  3413 V Avrcp_ext: newPlayStatus:2mReportedPlayStatus:-1
02-28 09:09:33.150  2666  3413 V Avrcp_ext: updatePlaybackState, state: PlaybackState {state=2, position=-1, buffered position=0, speed=0.0, updated=1776481, actions=0, custom actions=[], active item id=-1, error=null} device: null
02-28 09:09:33.150 13511 13544 D NavServiceProvider: Second to last stop coordinates: 28.065764, -82.40739
02-28 09:09:33.150  2666  3413 V Avrcp_ext: Device: no name:
02-28 09:09:33.150  2666  3413 I chatty  : uid=1002(bluetooth) BluetoothAvrcpH identical 3 lines
02-28 09:09:33.150  2666  3413 V Avrcp_ext: Device: no name:
02-28 09:09:33.150  2666  3413 V Avrcp_ext: updatePlayerStateAndPosition, old=PlaybackState {state=2, position=-1, buffered position=0, speed=0.0, updated=1776418, actions=0, custom actions=[], active item id=-1, error=null}, state=PlaybackState {state=2, position=-1, buffered position=0, speed=0.0, updated=1776481, actions=0, custom actions=[], active item id=-1, error=null}
02-28 09:09:33.150  2666  3413 V Avrcp_ext: old state = PlaybackState {state=2, position=-1, buffered position=0, speed=0.0, updated=1776418, actions=0, custom actions=[], active item id=-1, error=null}, new state= PlaybackState {state=2, position=-1, buffered position=0, speed=0.0, updated=1776481, actions=0, custom actions=[], active item id=-1, error=null}
02-28 09:09:33.150  2666  3413 D HeadsetService: getHeadsetService(): returning com.android.bluetooth.hfp.HeadsetService@8a04d28
02-28 09:09:33.151  2666  3413 D HeadsetService:  isAudioOn: The number of audio connected devices 0
02-28 09:09:33.151  2666  3413 D HeadsetService: isScoOrCallActive(): Call Active:falseCall is Ringing:falseSCO is Active:false
02-28 09:09:33.151  2666  3413 D HeadsetService:  isAudioOn: The number of audio connected devices 0
02-28 09:09:33.151  2666  3413 I Avrcp_ext: updatePlayStatusForDevice: device: null
02-28 09:09:33.151 13511 13544 D NavServiceProvider: Setting units automatically
02-28 09:09:33.151  2666  3413 V Avrcp_ext: updatePlaybackState (1): old=PlaybackState {state=2, position=-1, buffered position=0, speed=0.0, updated=1776418, actions=0, custom actions=[], active item id=-1, error=null}(2), new=PlaybackState {state=2, position=-1, buffered position=0, speed=0.0, updated=1776481, actions=0, custom actions=[], active item id=-1, error=null}(2)
02-28 09:09:33.151  2666  3413 I Avrcp_ext: Exit updatePlayStatusForDevice
02-28 09:09:33.151  2666  3413 D HeadsetService:  isAudioOn: The number of audio connected devices 0
02-28 09:09:33.151  2666  3413 D HeadsetService: isScoOrCallActive(): Call Active:falseCall is Ringing:falseSCO is Active:false
02-28 09:09:33.151  2666  3413 D HeadsetService:  isAudioOn: The number of audio connected devices 0
02-28 09:09:33.151  2666  3413 I Avrcp_ext: updatePlayStatusForDevice: device: null
02-28 09:09:33.151  2666  3413 V Avrcp_ext: updatePlaybackState (1): old=PlaybackState {state=2, position=-1, buffered position=0, speed=0.0, updated=1776418, actions=0, custom actions=[], active item id=-1, error=null}(2), new=PlaybackState {state=2, position=-1, buffered position=0, speed=0.0, updated=1776481, actions=0, custom actions=[], active item id=-1, error=null}(2)
02-28 09:09:33.151  2666  3413 I Avrcp_ext: Exit updatePlayStatusForDevice
02-28 09:09:33.151  2666  3413 D HeadsetService:  isAudioOn: The number of audio connected devices 0
02-28 09:09:33.151  2666  3413 D HeadsetService: isScoOrCallActive(): Call Active:falseCall is Ringing:falseSCO is Active:false
02-28 09:09:33.151  2666  3413 D HeadsetService:  isAudioOn: The number of audio connected devices 0
02-28 09:09:33.151  2666  3413 I Avrcp_ext: updatePlayStatusForDevice: device: null
02-28 09:09:33.151  2666  3413 V Avrcp_ext: updatePlaybackState (1): old=PlaybackState {state=2, position=-1, buffered position=0, speed=0.0, updated=1776418, actions=0, custom actions=[], active item id=-1, error=null}(2), new=PlaybackState {state=2, position=-1, buffered position=0, speed=0.0, updated=1776481, actions=0, custom actions=[], active item id=-1, error=null}(2)
02-28 09:09:33.151  2666  3413 I Avrcp_ext: Exit updatePlayStatusForDevice
02-28 09:09:33.151  2666  3413 D HeadsetService:  isAudioOn: The number of audio connected devices 0
02-28 09:09:33.151  2666  3413 D HeadsetService: isScoOrCallActive(): Call Active:falseCall is Ringing:falseSCO is Active:false
02-28 09:09:33.151  2666  3413 D HeadsetService:  isAudioOn: The number of audio connected devices 0
02-28 09:09:33.151  2666  3413 I Avrcp_ext: updatePlayStatusForDevice: device: null
02-28 09:09:33.151  2666  3413 V Avrcp_ext: updatePlaybackState (1): old=PlaybackState {state=2, position=-1, buffered position=0, speed=0.0, updated=1776418, actions=0, custom actions=[], active item id=-1, error=null}(2), new=PlaybackState {state=2, position=-1, buffered position=0, speed=0.0, updated=1776481, actions=0, custom actions=[], active item id=-1, error=null}(2)
02-28 09:09:33.152  2666  3413 I Avrcp_ext: Exit updatePlayStatusForDevice
02-28 09:09:33.152  2666  3413 D HeadsetService:  isAudioOn: The number of audio connected devices 0
02-28 09:09:33.152  2666  3413 D HeadsetService: isScoOrCallActive(): Call Active:falseCall is Ringing:falseSCO is Active:false
02-28 09:09:33.152  2666  3413 D HeadsetService:  isAudioOn: The number of audio connected devices 0
02-28 09:09:33.152  2666  3413 I Avrcp_ext: updatePlayStatusForDevice: device: null
02-28 09:09:33.152  2666  3413 V Avrcp_ext: updatePlaybackState (1): old=PlaybackState {state=2, position=-1, buffered position=0, speed=0.0, updated=1776418, actions=0, custom actions=[], active item id=-1, error=null}(2), new=PlaybackState {state=2, position=-1, buffered position=0, speed=0.0, updated=1776481, actions=0, custom actions=[], active item id=-1, error=null}(2)
02-28 09:09:33.152  2666  3413 I Avrcp_ext: Exit updatePlayStatusForDevice
02-28 09:09:33.152  2666  3413 D Avrcp_ext: Enter sendPlayPosNotificationRsp
02-28 09:09:33.152  2666  3413 D Avrcp_ext: sendPlayPosNotificationRsp: Not registered or requesting.
02-28 09:09:33.152  2666  3413 D Avrcp_ext: Enter sendPlayPosNotificationRsp
02-28 09:09:33.152  2666  3413 D Avrcp_ext: sendPlayPosNotificationRsp: Not registered or requesting.
02-28 09:09:33.152  2666  3413 D Avrcp_ext: Enter sendPlayPosNotificationRsp
02-28 09:09:33.152  2666  3413 D Avrcp_ext: sendPlayPosNotificationRsp: Not registered or requesting.
02-28 09:09:33.152  2666  3413 D Avrcp_ext: Enter sendPlayPosNotificationRsp
02-28 09:09:33.152  2666  3413 D Avrcp_ext: sendPlayPosNotificationRsp: Not registered or requesting.
02-28 09:09:33.152  2666  3413 D Avrcp_ext: Enter sendPlayPosNotificationRsp
02-28 09:09:33.152  2666  3413 D Avrcp_ext: sendPlayPosNotificationRsp: Not registered or requesting.
02-28 09:09:33.152  2666  3413 V Avrcp_ext: Exit updatePlayerStateAndPosition
02-28 09:09:33.152  2666  3413 D Avrcp_ext: AudioManager Player: ID:23 -- type:android.media.SoundPool -- u/pid:10126/2688 -- state:idle -- attr:AudioAttributes: usage=USAGE_ASSISTANCE_SONIFICATION content=CONTENT_TYPE_SONIFICATION flags=0x800 tags= bundle=null
02-28 09:09:33.152  2666  3413 D Avrcp_ext: AudioManager Player: ID:15 -- type:android.media.SoundPool -- u/pid:1000/1493 -- state:idle -- attr:AudioAttributes: usage=USAGE_ASSISTANCE_SONIFICATION content=CONTENT_TYPE_SONIFICATION flags=0x800 tags= bundle=null
02-28 09:09:33.152  2666  3413 D Avrcp_ext: AudioManager isPlaying: false
02-28 09:09:33.154 13579 13612 I GoogleTTSServiceImpl: Synthesis request for locale eng-USA and name en-US-language
02-28 09:09:33.155 13579 13612 I GoogleTTSServiceImpl: TTS dispatch: en-us-x-iog-seanet-embedded
02-28 09:09:33.160 13511 13544 D NavServiceProvider: Detecting stop. distance_d=197.58733. stop_type=1 speed=13.0
02-28 09:09:33.160 13511 13544 D NavigationTest: 217: (28.065762, -82.405380, 13.000000)	R:true  F:false
02-28 09:09:33.160 13511 13544 D NavServiceProvider: Second to last stop coordinates: 28.065764, -82.40739
02-28 09:09:33.161 13511 13544 D NavServiceProvider: Setting units automatically
02-28 09:09:33.163 13511 13544 D NavServiceProvider: Detecting stop. distance_d=184.71924. stop_type=1 speed=13.25
02-28 09:09:33.163 13511 13544 D NavigationTest: 218: (28.065747, -82.405511, 13.250000)	R:true  F:false
02-28 09:09:33.163 13511 13544 D NavigationTest: 219: (28.065747, -82.405511, 13.250000)	R:true  F:false
02-28 09:09:33.163 13511 13544 D NavServiceProvider: Second to last stop coordinates: 28.065764, -82.40739
02-28 09:09:33.163 13511 13544 D NavServiceProvider: Setting units automatically
02-28 09:09:33.164 13511 13544 D NavServiceProvider: Detecting stop. distance_d=172.03899. stop_type=1 speed=13.25
02-28 09:09:33.164 13511 13544 D NavigationTest: 220: (28.065747, -82.405640, 13.250000)	R:true  F:false
02-28 09:09:33.164 13511 13544 D NavServiceProvider: Second to last stop coordinates: 28.065764, -82.40739
02-28 09:09:33.165 13511 13544 D NavServiceProvider: Setting units automatically
02-28 09:09:33.166 13511 13544 D NavServiceProvider: Detecting stop. distance_d=158.28348. stop_type=1 speed=13.5
02-28 09:09:33.166 13511 13544 D NavigationTest: 221: (28.065743, -82.405780, 13.500000)	R:true  F:false
02-28 09:09:33.166 13511 13544 D NavigationTest: 222: (28.065743, -82.405780, 13.500000)	R:true  F:false
02-28 09:09:33.166 13511 13544 D NavServiceProvider: Second to last stop coordinates: 28.065764, -82.40739
02-28 09:09:33.166 13511 13544 D NavServiceProvider: Setting units automatically
02-28 09:09:33.167 13511 13544 D NavServiceProvider: Detecting stop. distance_d=144.33199. stop_type=1 speed=13.75
02-28 09:09:33.167 13511 13544 D NavigationTest: 223: (28.065740, -82.405922, 13.750000)	R:true  F:false
02-28 09:09:33.167 13511 13544 D NavServiceProvider: Second to last stop coordinates: 28.065764, -82.40739
02-28 09:09:33.168 13511 13544 D NavServiceProvider: Setting units automatically
02-28 09:09:33.169 13511 13544 D NavServiceProvider: Detecting stop. distance_d=130.08559. stop_type=1 speed=13.75
02-28 09:09:33.169 13511 13544 D NavigationTest: 224: (28.065738, -82.406067, 13.750000)	R:true  F:false
02-28 09:09:33.169 13511 13544 D NavigationTest: 225: (28.065738, -82.406067, 13.750000)	R:true  F:false
02-28 09:09:33.169 13511 13544 D NavServiceProvider: Second to last stop coordinates: 28.065764, -82.40739
02-28 09:09:33.169 13511 13544 D NavServiceProvider: Setting units automatically
02-28 09:09:33.171 13511 13544 D NavServiceProvider: Detecting stop. distance_d=116.24386. stop_type=1 speed=13.5
02-28 09:09:33.171 13511 13544 D NavigationTest: 226: (28.065733, -82.406208, 13.500000)	R:true  F:false
02-28 09:09:33.171 13511 13544 D NavServiceProvider: Second to last stop coordinates: 28.065764, -82.40739
02-28 09:09:33.171 13511 13544 D NavServiceProvider: Setting units automatically
02-28 09:09:33.173 13511 13544 D NavServiceProvider: Detecting stop. distance_d=102.263245. stop_type=1 speed=13.25
02-28 09:09:33.173 13511 13544 D NavigationTest: 227: (28.065742, -82.406350, 13.250000)	R:true  F:false
02-28 09:09:33.173 13511 13544 D NavigationTest: 228: (28.065742, -82.406350, 13.250000)	R:true  F:false
02-28 09:09:33.173 13511 13544 D NavServiceProvider: Second to last stop coordinates: 28.065764, -82.40739
02-28 09:09:33.173 13511 13544 D NavServiceProvider: Setting units automatically
02-28 09:09:33.175 13511 13544 D NavServiceProvider: Detecting stop. distance_d=88.817215. stop_type=1 speed=13.0
02-28 09:09:33.175 13511 13544 D NavServiceProvider: Case 1: false
02-28 09:09:33.175 13511 13544 D NavigationTest: 229: (28.065737, -82.406487, 13.000000)	R:true  F:false
02-28 09:09:33.175 13511 13544 D NavigationTest: 230: (28.065737, -82.406487, 13.000000)	R:true  F:false
02-28 09:09:33.175 13511 13544 D NavServiceProvider: Second to last stop coordinates: 28.065764, -82.40739
02-28 09:09:33.175 13511 13544 D NavServiceProvider: Setting units automatically
02-28 09:09:33.176 13511 13544 D NavServiceProvider: Detecting stop. distance_d=75.07815. stop_type=1 speed=13.0
02-28 09:09:33.177 13511 13544 D NavigationTest: 231: (28.065734, -82.406627, 13.000000)	R:true  F:false
02-28 09:09:33.177 13511 13544 D NavServiceProvider: Second to last stop coordinates: 28.065764, -82.40739
02-28 09:09:33.177 13511 13544 D NavServiceProvider: Setting units automatically
02-28 09:09:33.178 13511 13544 D NavServiceProvider: Detecting stop. distance_d=62.633575. stop_type=1 speed=13.0
02-28 09:09:33.178 13511 13544 D NavigationTest: 232: (28.065730, -82.406754, 13.000000)	R:true  F:false
02-28 09:09:33.178 13511 13544 D NavigationTest: 233: (28.065730, -82.406754, 13.000000)	R:true  F:false
02-28 09:09:33.178 13511 13544 D NavServiceProvider: Second to last stop coordinates: 28.065764, -82.40739
02-28 09:09:33.179 13511 13544 D NavServiceProvider: Setting units automatically
02-28 09:09:33.180 13511 13544 D NavServiceProvider: Detecting stop. distance_d=49.517715. stop_type=1 speed=12.75
02-28 09:09:33.181 13511 13544 D NavServiceProvider: Case 2: false
02-28 09:09:33.181 13511 13544 D NavigationTest: 234: (28.065727, -82.406888, 12.750000)	R:true  F:false
02-28 09:09:33.181 13511 13544 D NavServiceProvider: Second to last stop coordinates: 28.065764, -82.40739
02-28 09:09:33.181 13511 13544 D NavServiceProvider: Setting units automatically
02-28 09:09:33.182 13511 13544 D NavServiceProvider: Detecting stop. distance_d=37.502453. stop_type=1 speed=12.25
02-28 09:09:33.182 13511 13544 D NavigationTest: 235: (28.065734, -82.407010, 12.250000)	R:true  F:false
02-28 09:09:33.182 13511 13544 D NavigationTest: 236: (28.065734, -82.407010, 12.250000)	R:true  F:false
02-28 09:09:33.182 13511 13544 D NavServiceProvider: Second to last stop coordinates: 28.065764, -82.40739
02-28 09:09:33.183 13511 13544 D NavServiceProvider: Setting units automatically
02-28 09:09:33.184 13511 13544 D NavServiceProvider: Detecting stop. distance_d=26.412237. stop_type=1 speed=11.5
02-28 09:09:33.184 13511 13544 D NavigationTest: 237: (28.065747, -82.407122, 11.500000)	R:true  F:false
02-28 09:09:33.184 13511 13544 D NavServiceProvider: Second to last stop coordinates: 28.065764, -82.40739
02-28 09:09:33.184 13511 13544 D NavServiceProvider: Setting units automatically
02-28 09:09:33.186 13511 13544 D NavServiceProvider: Detecting stop. distance_d=15.840764. stop_type=1 speed=11.0
02-28 09:09:33.186 13511 13544 D NavServiceProvider: Case 3: false
02-28 09:09:33.186 13511 13544 D NavigationTest: 238: (28.065747, -82.407230, 11.000000)	R:true  F:false
02-28 09:09:33.186 13511 13544 D NavigationTest: 239: (28.065747, -82.407230, 11.000000)	R:true  F:false
02-28 09:09:33.186 13511 13544 D NavigationTest: 240: (28.065747, -82.407230, 11.000000)	R:true  F:false
02-28 09:09:33.186 13511 13544 D NavigationTest: 241: (28.065747, -82.407230, 11.000000)	R:true  F:false
02-28 09:09:33.186 13511 13544 D NavServiceProvider: Second to last stop coordinates: 28.065764, -82.40739
02-28 09:09:33.188 13511 13544 D NavServiceProvider: Setting units automatically
02-28 09:09:33.190 13511 13544 D NavServiceProvider: Detecting stop. distance_d=5.947703. stop_type=1 speed=10.25
02-28 09:09:33.190 13511 13544 D NavigationTest: 242: (28.065746, -82.407333, 10.250000)	R:true  F:false
02-28 09:09:33.190 13511 13544 D NavServiceProvider: Second to last stop coordinates: 28.065764, -82.40739
02-28 09:09:33.190 13511 13544 D NavServiceProvider: Setting units automatically
02-28 09:09:33.192 13511 13544 D NavServiceProvider: Detecting stop. distance_d=4.745847. stop_type=1 speed=9.75
02-28 09:09:33.192 13511 13544 D NavigationTest: 243: (28.065751, -82.407436, 9.750000)	R:true  F:false
02-28 09:09:33.192 13511 13544 D NavigationTest: 244: (28.065751, -82.407436, 9.750000)	R:true  F:false
02-28 09:09:33.192 13511 13544 D NavServiceProvider: Second to last stop coordinates: 28.065764, -82.40739
02-28 09:09:33.192 13511 13544 D NavServiceProvider: Setting units automatically
02-28 09:09:33.193 13511 13544 D NavServiceProvider: Detecting stop. distance_d=13.708858. stop_type=1 speed=9.25
02-28 09:09:33.193 13511 13544 D NavigationTest: 245: (28.065754, -82.407529, 9.250000)	R:true  F:false
02-28 09:09:33.193 13511 13544 D NavigationTest: 246: (28.065754, -82.407529, 9.250000)	R:true  F:false
02-28 09:09:33.193 13511 13544 D NavServiceProvider: Second to last stop coordinates: 28.065764, -82.40739
02-28 09:09:33.194 13511 13544 D NavServiceProvider: Setting units automatically
02-28 09:09:33.195 13511 13544 D NavServiceProvider: Detecting stop. distance_d=21.345654. stop_type=1 speed=8.5
02-28 09:09:33.195 13511 13544 D NavServiceProvider: Case 5: true
02-28 09:09:33.195 13511 13544 D NavServiceProvider: Proximity Event fired
02-28 09:09:33.195 13511 13544 D NavServiceProvider: Checking if path has more path links left to be navigated
02-28 09:09:33.195 13511 13544 D NavServiceProvider: PathLink index: 0 Number of PathLinks: 1
02-28 09:09:33.195 13511 13544 D NavServiceProvider: %%%%%%N%%%%%%%%% No more PathLinks left in Path %%%%%%%%%%%%%%%%%%%%%
02-28 09:09:33.195 13511 13544 D NavServiceProvider: Got to last stop
02-28 09:09:33.195 13511 13544 D NavServiceProvider: Alert 1 screen before last stop
02-28 09:09:33.195 13511 13544 D NavServiceProvider: Calling destination reached...
02-28 09:09:33.201 13511 13544 D NavServiceProvider: -----Get off the bus!
02-28 09:09:33.201 13511 13544 D NavigationTest: 247: (28.065757, -82.407607, 8.500000)	R:true  F:true
02-28 09:09:33.202 13511 13544 I System.out: O311C: INFO Log level changed: DEBUG
02-28 09:09:33.202 13511 13544 I System.out: O311C: INFO Dry run mode changed: true
02-28 09:09:33.202 13511 13544 W Application: Open311 issue reporting is in debug/dry run mode - no issues will be submitted.
02-28 09:09:33.202 13511 13544 I System.out: O311C: INFO clearOpen311
02-28 09:09:33.202 13511 13544 I TestRunner: finished: testTrip25C(org.onebusaway.android.nav.test.NavigationTest)
