02-28 09:09:32.801  2666  3413 D Avrcp_ext: sendPlayPosNotificationRsp: Not registered or requesting.
02-28 09:09:32.801  2666  3413 D Avrcp_ext: Enter sendPlayPosNotificationRsp
02-28 09:09:32.801  2666  3413 D Avrcp_ext: sendPlayPosNotificationRsp: Not registered or requesting.
02-28 09:09:32.801  2666  3413 D Avrcp_ext: Enter sendPlayPosNotificationRsp
02-28 09:09:32.801  2666  3413 D Avrcp_ext: sendPlayPosNotificationRsp: Not registered or requesting.
02-28 09:09:32.801  2666  3413 D Avrcp_ext: Enter sendPlayPosNotificationRsp
02-28 09:09:32.801  2666  3413 D Avrcp_ext: sendPlayPosNotificationRsp: Not registered or requesting.
02-28 09:09:32.801  2666  3413 V Avrcp_ext: Exit updatePlayerStateAndPosition
02-28 09:09:32.802 13511 13544 D NavServiceProvider: Detecting stop. distance_d=328.27658. stop_type=1 speed=0.0
02-28 09:09:32.802 13511 13544 D NavigationTest: 138: (28.057432, -82.413309, 0.000000)	R:false  F:false
02-28 09:09:32.802 13511 13544 D NavigationTest: 139: (28.057432, -82.413309, 0.000000)	R:false  F:false
02-28 09:09:32.802 13511 13544 D NavServiceProvider: Second to last stop coordinates: 28.05652, -82.410132
02-28 09:09:32.802 13511 13544 D NavServiceProvider: Setting units automatically
02-28 09:09:32.803   871  6793 V EffectDiracSound: DiracSound_command() start, cmdCode=20
02-28 09:09:32.803   871  6793 V EffectDiracSound: DiracSound_Command EFFECT_CMD_OFFLOAD
02-28 09:09:32.804 13511 13544 D NavServiceProvider: Detecting stop. distance_d=328.27658. stop_type=1 speed=0.0
02-28 09:09:32.804 13511 13544 D NavigationTest: 140: (28.057432, -82.413309, 0.000000)	R:false  F:false
02-28 09:09:32.804   871  6793 V EffectDiracSound: DiracSound_command() start, cmdCode=1
02-28 09:09:32.804 13511 13544 D NavigationTest: 141: (28.057432, -82.413309, 0.000000)	R:false  F:false
02-28 09:09:32.804   871  6793 V EffectDiracSound: DiracSound_setConfig start
02-28 09:09:32.804   871  6793 I EffectDiracSound: DiracSound_updateState(), enable=0, hifi=0, device=0x2, headset=5, samplingRate=48000
02-28 09:09:32.804 13511 13544 D NavigationTest: 142: (28.057432, -82.413309, 0.000000)	R:false  F:false
02-28 09:09:32.804   871  6793 I EffectDiracSound: DiracSound_updateState(), mode=0, music=0, movie=0, reset=0
02-28 09:09:32.804   871  6793 I EffectDiracSound: DiracSound_updateState(), Speaker Movie/Stereo Mode is not supported. Stop update state.
02-28 09:09:32.804 13511 13544 D NavServiceProvider: Second to last stop coordinates: 28.05652, -82.410132
02-28 09:09:32.804   871  6793 W EffectHAL: Effect 0xe4b38cd0 command SET_CONFIG returned status: Invalid argument
02-28 09:09:32.804   871  6793 V EffectDiracSound: DiracSound_command() start, cmdCode=1
02-28 09:09:32.804   871  6793 V EffectDiracSound: DiracSound_setConfig start
02-28 09:09:32.804   871  6793 I EffectDiracSound: DiracSound_updateState(), enable=0, hifi=0, device=0x2, headset=5, samplingRate=48000
02-28 09:09:32.804   871  6793 I EffectDiracSound: DiracSound_updateState(), mode=0, music=0, movie=0, reset=0
02-28 09:09:32.804   871  6793 I EffectDiracSound: DiracSound_updateState(), Speaker Movie/Stereo Mode is not supported. Stop update state.
02-28 09:09:32.804   871  6793 V EffectDiracSound: DiracSound_command() start, cmdCode=9
02-28 09:09:32.804   871  6793 V EffectDiracSound: DiracSound_Command EFFECT_CMD_SET_DEVICE: 0x00000002
02-28 09:09:32.804 13511 13544 D NavServiceProvider: Setting units automatically
02-28 09:09:32.804   871  6793 V EffectDiracSound: DiracSound_command() start, cmdCode=11
02-28 09:09:32.804   871  6793 V EffectDiracSound: DiracSound_Command EFFECT_CMD_SET_AUDIO_MODE: 0
02-28 09:09:32.805 13511 13544 D NavServiceProvider: Detecting stop. distance_d=328.27658. stop_type=1 speed=0.0
02-28 09:09:32.805 13511 13544 D NavigationTest: 143: (28.057432, -82.413309, 0.000000)	R:false  F:false
02-28 09:09:32.805 13511 13544 D NavServiceProvider: Second to last stop coordinates: 28.05652, -82.410132
02-28 09:09:32.806 13511 13544 D NavServiceProvider: Setting units automatically
02-28 09:09:32.807 13511 13544 D NavServiceProvider: Detecting stop. distance_d=328.27658. stop_type=1 speed=0.0
02-28 09:09:32.807 13511 13544 D NavigationTest: 144: (28.057432, -82.413309, 0.000000)	R:false  F:false
02-28 09:09:32.807 13511 13544 D NavigationTest: 145: (28.057432, -82.413309, 0.000000)	R:false  F:false
02-28 09:09:32.807 13511 13544 D NavServiceProvider: Second to last stop coordinates: 28.05652, -82.410132
02-28 09:09:32.808 13511 13544 D NavServiceProvider: Setting units automatically
02-28 09:09:32.809 13511 13544 D NavServiceProvider: Detecting stop. distance_d=328.27658. stop_type=1 speed=0.0
02-28 09:09:32.810 13511 13544 D NavigationTest: 146: (28.057432, -82.413309, 0.000000)	R:false  F:false
02-28 09:09:32.810 13511 13544 D NavServiceProvider: Second to last stop coordinates: 28.05652, -82.410132
02-28 09:09:32.810 13511 13544 D NavServiceProvider: Setting units automatically
02-28 09:09:32.811 13511 13544 D NavServiceProvider: Detecting stop. distance_d=328.27658. stop_type=1 speed=0.0
02-28 09:09:32.811 13511 13544 D NavigationTest: 147: (28.057432, -82.413309, 0.000000)	R:false  F:false
02-28 09:09:32.811 13511 13544 D NavigationTest: 148: (28.057432, -82.413309, 0.000000)	R:false  F:false
02-28 09:09:32.811 13511 13544 D NavServiceProvider: Second to last stop coordinates: 28.05652, -82.410132
02-28 09:09:32.811   871  6793 D msm8974_platform: platform_split_snd_device: snd_device(2) num devices(1) new_snd_devices(0)
02-28 09:09:32.811   871  6793 D ACDB-LOADER: ACDB -> send_audvoltable
02-28 09:09:32.811   871  6793 D ACDB-LOADER: ACDB -> ACDB_CMD_GET_AUDPROC_VOL_STEP_TABLE_SIZE
02-28 09:09:32.811   871  6793 D ACDB-LOADER: ACDB -> ACDB_CMD_GET_AUDPROC_GAIN_DEP_STEP_TABLE, vol index 5
02-28 09:09:32.812   871  6793 D         : Failed to fetch the lookup information of the device 0000000F
02-28 09:09:32.812   871  6793 E ACDB-LOADER: Error: ACDB AudProc vol returned = -19
02-28 09:09:32.812   871  6793 D ACDB-LOADER: ACDB -> AUDIO_SET_VOL_CAL cal type = 40
02-28 09:09:32.812 13511 13544 D NavServiceProvider: Setting units automatically
02-28 09:09:32.813 13511 13544 D NavServiceProvider: Detecting stop. distance_d=328.27658. stop_type=1 speed=0.0
02-28 09:09:32.813 13511 13544 D NavigationTest: 149: (28.057432, -82.413309, 0.000000)	R:false  F:false
02-28 09:09:32.813 13511 13544 D NavServiceProvider: Second to last stop coordinates: 28.05652, -82.410132
02-28 09:09:32.813 13511 13544 D NavServiceProvider: Setting units automatically
02-28 09:09:32.814 13511 13544 D NavServiceProvider: Detecting stop. distance_d=328.27658. stop_type=1 speed=0.0
02-28 09:09:32.814 13511 13544 D NavigationTest: 150: (28.057432, -82.413309, 0.000000)	R:false  F:false
02-28 09:09:32.814 13511 13544 D NavigationTest: 151: (28.057432, -82.413309, 0.000000)	R:false  F:false
02-28 09:09:32.814 13511 13544 D NavServiceProvider: Second to last stop coordinates: 28.05652, -82.410132
02-28 09:09:32.814 13511 13544 D NavServiceProvider: Setting units automatically
02-28 09:09:32.815 13511 13544 D NavServiceProvider: Detecting stop. distance_d=328.27658. stop_type=1 speed=0.0
02-28 09:09:32.815 13511 13544 D NavigationTest: 152: (28.057432, -82.413309, 0.000000)	R:false  F:false
02-28 09:09:32.815 13511 13544 D NavigationTest: 153: (28.057432, -82.413309, 0.000000)	R:false  F:false
02-28 09:09:32.815 13511 13544 D NavServiceProvider: Second to last stop coordinates: 28.05652, -82.410132
02-28 09:09:32.816 13511 13544 D NavServiceProvider: Setting units automatically
02-28 09:09:32.817 13511 13544 D NavServiceProvider: Detecting stop. distance_d=328.27658. stop_type=1 speed=0.0
02-28 09:09:32.817 13511 13544 D NavigationTest: 154: (28.057432, -82.413309, 0.000000)	R:false  F:false
02-28 09:09:32.817 13511 13544 D NavServiceProvider: Second to last stop coordinates: 28.05652, -82.410132
02-28 09:09:32.817 13511 13544 D NavServiceProvider: Setting units automatically
02-28 09:09:32.818 13511 13544 D NavServiceProvider: Detecting stop. distance_d=328.27658. stop_type=1 speed=0.0
02-28 09:09:32.818 13511 13544 D NavigationTest: 155: (28.057432, -82.413309, 0.000000)	R:false  F:false
02-28 09:09:32.818 13511 13544 D NavigationTest: 156: (28.057432, -82.413309, 0.000000)	R:false  F:false
02-28 09:09:32.818 13511 13544 D NavServiceProvider: Second to last stop coordinates: 28.05652, -82.410132
02-28 09:09:32.818 13511 13544 D NavServiceProvider: Setting units automatically
02-28 09:09:32.819 13511 13544 D NavServiceProvider: Detecting stop. distance_d=328.27658. stop_type=1 speed=0.0
02-28 09:09:32.819 13511 13544 D NavigationTest: 157: (28.057432, -82.413309, 0.000000)	R:false  F:false
02-28 09:09:32.820 13511 13544 D NavigationTest: 158: (28.057432, -82.413309, 0.000000)	R:false  F:false
02-28 09:09:32.820 13511 13544 D NavServiceProvider: Second to last stop coordinates: 28.05652, -82.410132
02-28 09:09:32.820 13511 13544 D NavServiceProvider: Setting units automatically
02-28 09:09:32.821 13511 13544 D NavServiceProvider: Detecting stop. distance_d=328.27658. stop_type=1 speed=0.0
02-28 09:09:32.821 13511 13544 D NavigationTest: 159: (28.057432, -82.413309, 0.000000)	R:false  F:false
02-28 09:09:32.821 13511 13544 D NavigationTest: 160: (28.057432, -82.413309, 0.000000)	R:false  F:false
02-28 09:09:32.821 13511 13544 D NavServiceProvider: Second to last stop coordinates: 28.05652, -82.410132
02-28 09:09:32.821 13511 13544 D NavServiceProvider: Setting units automatically
02-28 09:09:32.822 13511 13544 D NavServiceProvider: Detecting stop. distance_d=328.27658. stop_type=1 speed=0.0
02-28 09:09:32.822 13511 13544 D NavigationTest: 161: (28.057432, -82.413309, 0.000000)	R:false  F:false
02-28 09:09:32.822 13511 13544 D NavServiceProvider: Second to last stop coordinates: 28.05652, -82.410132
02-28 09:09:32.822 13511 13544 D NavServiceProvider: Setting units automatically
02-28 09:09:32.823 13511 13544 D NavServiceProvider: Detecting stop. distance_d=328.27658. stop_type=1 speed=0.0
02-28 09:09:32.823 13511 13544 D NavigationTest: 162: (28.057432, -82.413309, 0.000000)	R:false  F:false
02-28 09:09:32.823 13511 13544 D NavigationTest: 163: (28.057432, -82.413309, 0.000000)	R:false  F:false
02-28 09:09:32.824 13511 13544 D NavServiceProvider: Second to last stop coordinates: 28.05652, -82.410132
02-28 09:09:32.824 13511 13544 D NavServiceProvider: Setting units automatically
02-28 09:09:32.825 13511 13544 D NavServiceProvider: Detecting stop. distance_d=328.27658. stop_type=1 speed=0.0
02-28 09:09:32.825 13511 13544 D NavigationTest: 164: (28.057432, -82.413309, 0.000000)	R:false  F:false
02-28 09:09:32.825 13511 13544 D NavServiceProvider: Second to last stop coordinates: 28.05652, -82.410132
02-28 09:09:32.825 13511 13544 D NavServiceProvider: Setting units automatically
02-28 09:09:32.826 13511 13544 D NavServiceProvider: Detecting stop. distance_d=328.27658. stop_type=1 speed=0.0
02-28 09:09:32.826 13511 13544 D NavigationTest: 165: (28.057432, -82.413309, 0.000000)	R:false  F:false
02-28 09:09:32.826 13511 13544 D NavigationTest: 166: (28.057432, -82.413309, 0.000000)	R:false  F:false
02-28 09:09:32.826 13511 13544 D NavServiceProvider: Second to last stop coordinates: 28.05652, -82.410132
02-28 09:09:32.826 13511 13544 D NavServiceProvider: Setting units automatically
02-28 09:09:32.827 13511 13544 D NavServiceProvider: Detecting stop. distance_d=328.27658. stop_type=1 speed=0.0
02-28 09:09:32.827 13511 13544 D NavigationTest: 167: (28.057432, -82.413309, 0.000000)	R:false  F:false
02-28 09:09:32.827 13511 13544 D NavigationTest: 168: (28.057432, -82.413309, 0.000000)	R:false  F:false
02-28 09:09:32.827 13511 13544 D NavServiceProvider: Second to last stop coordinates: 28.05652, -82.410132
02-28 09:09:32.828 13511 13544 D NavServiceProvider: Setting units automatically
02-28 09:09:32.829 13511 13544 D NavServiceProvider: Detecting stop. distance_d=328.27658. stop_type=1 speed=0.0
02-28 09:09:32.829 13511 13544 D NavigationTest: 169: (28.057432, -82.413309, 0.000000)	R:false  F:false
02-28 09:09:32.829 13511 13544 D NavServiceProvider: Second to last stop coordinates: 28.05652, -82.410132
02-28 09:09:32.829 13511 13544 D NavServiceProvider: Setting units automatically
02-28 09:09:32.830 13511 13544 D NavServiceProvider: Detecting stop. distance_d=328.27658. stop_type=1 speed=0.0
02-28 09:09:32.830 13511 13544 D NavigationTest: 170: (28.057432, -82.413309, 0.000000)	R:false  F:false
02-28 09:09:32.830 13511 13544 D NavigationTest: 171: (28.057432, -82.413309, 0.000000)	R:false  F:false
02-28 09:09:32.830 13511 13544 D NavServiceProvider: Second to last stop coordinates: 28.05652, -82.410132
02-28 09:09:32.830 13511 13544 D NavServiceProvider: Setting units automatically
02-28 09:09:32.831 13511 13544 D NavServiceProvider: Detecting stop. distance_d=328.27658. stop_type=1 speed=0.0
02-28 09:09:32.831 13511 13544 D NavigationTest: 172: (28.057432, -82.413309, 0.000000)	R:false  F:false
02-28 09:09:32.831 13511 13544 D NavServiceProvider: Second to last stop coordinates: 28.05652, -82.410132
02-28 09:09:32.832 13511 13544 D NavServiceProvider: Setting units automatically
02-28 09:09:32.833 13511 13544 D NavServiceProvider: Detecting stop. distance_d=328.18304. stop_type=1 speed=0.0
02-28 09:09:32.833 13511 13544 D NavigationTest: 173: (28.057432, -82.413308, 0.000000)	R:false  F:false
02-28 09:09:32.833 13511 13544 D NavigationTest: 174: (28.057432, -82.413308, 0.000000)	R:false  F:false
02-28 09:09:32.833 13511 13544 D NavigationTest: 175: (28.057432, -82.413308, 0.000000)	R:false  F:false
02-28 09:09:32.833 13511 13544 D NavServiceProvider: Second to last stop coordinates: 28.05652, -82.410132
02-28 09:09:32.833 13511 13544 D NavServiceProvider: Setting units automatically
02-28 09:09:32.834 13511 13544 D NavServiceProvider: Detecting stop. distance_d=329.1363. stop_type=1 speed=0.75
02-28 09:09:32.834 13511 13544 D NavigationTest: 176: (28.057438, -82.413316, 0.750000)	R:false  F:false
02-28 09:09:32.834 13511 13544 D NavigationTest: 177: (28.057438, -82.413316, 0.750000)	R:false  F:false
02-28 09:09:32.834 13511 13544 D NavServiceProvider: Second to last stop coordinates: 28.05652, -82.410132
02-28 09:09:32.834 13511 13544 D NavServiceProvider: Setting units automatically
02-28 09:09:32.835 13511 13544 D NavServiceProvider: Detecting stop. distance_d=328.15137. stop_type=1 speed=2.5
02-28 09:09:32.835 13511 13544 D NavigationTest: 178: (28.057406, -82.413317, 2.500000)	R:false  F:false
02-28 09:09:32.835 13511 13544 D NavigationTest: 179: (28.057406, -82.413317, 2.500000)	R:false  F:false
02-28 09:09:32.835 13511 13544 D NavServiceProvider: Second to last stop coordinates: 28.05652, -82.410132
02-28 09:09:32.836 13511 13544 D NavServiceProvider: Setting units automatically
02-28 09:09:32.836 13511 13544 D NavServiceProvider: Detecting stop. distance_d=327.11572. stop_type=1 speed=3.5
02-28 09:09:32.836 13511 13544 D NavigationTest: 180: (28.057383, -82.413314, 3.500000)	R:false  F:false
02-28 09:09:32.837 13511 13544 D NavServiceProvider: Second to last stop coordinates: 28.05652, -82.410132
02-28 09:09:32.837 13511 13544 D NavServiceProvider: Setting units automatically
02-28 09:09:32.838 13511 13544 D NavServiceProvider: Detecting stop. distance_d=322.6403. stop_type=1 speed=5.25
02-28 09:09:32.838 13511 13544 D NavigationTest: 181: (28.057340, -82.413281, 5.250000)	R:false  F:false
02-28 09:09:32.838 13511 13544 D NavigationTest: 182: (28.057340, -82.413281, 5.250000)	R:false  F:false
02-28 09:09:32.838 13511 13544 D NavServiceProvider: Second to last stop coordinates: 28.05652, -82.410132
02-28 09:09:32.838 13511 13544 D NavServiceProvider: Setting units automatically
02-28 09:09:32.839 13511 13544 D NavServiceProvider: Detecting stop. distance_d=316.58688. stop_type=1 speed=6.5
02-28 09:09:32.839 13511 13544 D NavigationTest: 183: (28.057306, -82.413228, 6.500000)	R:false  F:false
02-28 09:09:32.839 13511 13544 D NavigationTest: 184: (28.057306, -82.413228, 6.500000)	R:false  F:false
02-28 09:09:32.839 13511 13544 D NavServiceProvider: Second to last stop coordinates: 28.05652, -82.410132
02-28 09:09:32.839 13511 13544 D NavServiceProvider: Setting units automatically
02-28 09:09:32.840 13511 13544 D NavServiceProvider: Detecting stop. distance_d=308.28668. stop_type=1 speed=7.75
02-28 09:09:32.840 13511 13544 D NavigationTest: 185: (28.057266, -82.413153, 7.750000)	R:false  F:false
02-28 09:09:32.841 13511 13544 D NavigationTest: 186: (28.057266, -82.413153, 7.750000)	R:false  F:false
02-28 09:09:32.841 13511 13544 D NavServiceProvider: Second to last stop coordinates: 28.05652, -82.410132
02-28 09:09:32.841 13511 13544 D NavServiceProvider: Setting units automatically
02-28 09:09:32.842 13511 13544 D NavServiceProvider: Detecting stop. distance_d=300.09814. stop_type=1 speed=8.25
02-28 09:09:32.842 13511 13544 D NavigationTest: 187: (28.057239, -82.413075, 8.250000)	R:false  F:false
02-28 09:09:32.842 13511 13544 D NavigationTest: 188: (28.057239, -82.413075, 8.250000)	R:false  F:false
02-28 09:09:32.842 13511 13544 D NavServiceProvider: Second to last stop coordinates: 28.05652, -82.410132
02-28 09:09:32.842 13511 13544 D NavServiceProvider: Setting units automatically
02-28 09:09:32.843 13511 13544 D NavServiceProvider: Detecting stop. distance_d=289.93643. stop_type=1 speed=9.5
02-28 09:09:32.843 13511 13544 D NavigationTest: 189: (28.057241, -82.412967, 9.500000)	R:false  F:false
02-28 09:09:32.843 13511 13544 D NavServiceProvider: Second to last stop coordinates: 28.05652, -82.410132
02-28 09:09:32.843 13511 13544 D NavServiceProvider: Setting units automatically
02-28 09:09:32.844 13511 13544 D NavServiceProvider: Detecting stop. distance_d=281.00195. stop_type=1 speed=9.75
02-28 09:09:32.844 13511 13544 D NavigationTest: 190: (28.057236, -82.412874, 9.750000)	R:false  F:false
02-28 09:09:32.844 13511 13544 D NavigationTest: 191: (28.057236, -82.412874, 9.750000)	R:false  F:false
02-28 09:09:32.844 13511 13544 D NavServiceProvider: Second to last stop coordinates: 28.05652, -82.410132
02-28 09:09:32.845 13511 13544 D NavServiceProvider: Setting units automatically
02-28 09:09:32.846 13511 13544 D NavServiceProvider: Detecting stop. distance_d=270.6419. stop_type=1 speed=10.25
02-28 09:09:32.846 13511 13544 D NavigationTest: 192: (28.057233, -82.412765, 10.250000)	R:false  F:false
02-28 09:09:32.846 13511 13544 D NavServiceProvider: Second to last stop coordinates: 28.05652, -82.410132
02-28 09:09:32.846 13511 13544 D NavServiceProvider: Setting units automatically
02-28 09:09:32.847 13511 13544 D NavServiceProvider: Detecting stop. distance_d=262.1798. stop_type=1 speed=10.0
02-28 09:09:32.847 13511 13544 D NavigationTest: 193: (28.057241, -82.412672, 10.000000)	R:false  F:false
02-28 09:09:32.847 13511 13544 D NavigationTest: 194: (28.057241, -82.412672, 10.000000)	R:false  F:false
02-28 09:09:32.847 13511 13544 D NavServiceProvider: Second to last stop coordinates: 28.05652, -82.410132
02-28 09:09:32.847 13511 13544 D NavServiceProvider: Setting units automatically
02-28 09:09:32.848 13511 13544 D NavServiceProvider: Detecting stop. distance_d=252.28633. stop_type=1 speed=11.0
02-28 09:09:32.848 13511 13544 D NavigationTest: 195: (28.057236, -82.412568, 11.000000)	R:false  F:false
02-28 09:09:32.848 13511 13544 D NavigationTest: 196: (28.057236, -82.412568, 11.000000)	R:false  F:false
02-28 09:09:32.848 13511 13544 D NavServiceProvider: Second to last stop coordinates: 28.05652, -82.410132
02-28 09:09:32.849 13511 13544 D NavServiceProvider: Setting units automatically
02-28 09:09:32.850 13511 13544 D NavServiceProvider: Detecting stop. distance_d=240.22375. stop_type=1 speed=11.5
02-28 09:09:32.850 13511 13544 D NavigationTest: 197: (28.057219, -82.412445, 11.500000)	R:false  F:false
02-28 09:09:32.850 13511 13544 D NavigationTest: 198: (28.057219, -82.412445, 11.500000)	R:false  F:false
02-28 09:09:32.850 13511 13544 D NavServiceProvider: Second to last stop coordinates: 28.05652, -82.410132
02-28 09:09:32.850 13511 13544 D NavServiceProvider: Setting units automatically
02-28 09:09:32.851 13511 13544 D NavServiceProvider: Detecting stop. distance_d=229.43982. stop_type=1 speed=11.75
02-28 09:09:32.851 13511 13544 D NavigationTest: 199: (28.057206, -82.412334, 11.750000)	R:false  F:false
02-28 09:09:32.851 13511 13544 D NavServiceProvider: Second to last stop coordinates: 28.05652, -82.410132
02-28 09:09:32.851 13511 13544 D NavServiceProvider: Setting units automatically
02-28 09:09:32.852 13511 13544 D NavServiceProvider: Detecting stop. distance_d=217.70609. stop_type=1 speed=12.0
02-28 09:09:32.852 13511 13544 D NavigationTest: 200: (28.057199, -82.412210, 12.000000)	R:false  F:false
02-28 09:09:32.852 13511 13544 D NavigationTest: 201: (28.057199, -82.412210, 12.000000)	R:false  F:false
02-28 09:09:32.852 13511 13544 D NavServiceProvider: Second to last stop coordinates: 28.05652, -82.410132
02-28 09:09:32.853 13511 13544 D NavServiceProvider: Setting units automatically
02-28 09:09:32.854 13511 13544 D NavServiceProvider: Detecting stop. distance_d=205.4762. stop_type=1 speed=12.0
02-28 09:09:32.854 13511 13544 D NavigationTest: 202: (28.057201, -82.412076, 12.000000)	R:false  F:false
02-28 09:09:32.854 13511 13544 D NavServiceProvider: Second to last stop coordinates: 28.05652, -82.410132
02-28 09:09:32.854 13511 13544 D NavServiceProvider: Setting units automatically
02-28 09:09:32.856 13579 13668 D AudioTrack: stop(151): called with 4096 frames delivered
02-28 09:09:32.856 13579 13612 I EventProcessor: synthesizeMarkup call to callback.audioAvailable failed: -1
02-28 09:09:32.857  2666  3413 D Avrcp_ext: AudioManager Player: ID:23 -- type:android.media.SoundPool -- u/pid:10126/2688 -- state:idle -- attr:AudioAttributes: usage=USAGE_ASSISTANCE_SONIFICATION content=CONTENT_TYPE_SONIFICATION flags=0x800 tags= bundle=null
02-28 09:09:32.857  2666  3413 D Avrcp_ext: AudioManager Player: ID:15 -- type:android.media.SoundPool -- u/pid:1000/1493 -- state:idle -- attr:AudioAttributes: usage=USAGE_ASSISTANCE_SONIFICATION content=CONTENT_TYPE_SONIFICATION flags=0x800 tags= bundle=null
02-28 09:09:32.857  2666  3413 D Avrcp_ext: AudioManager Player: ID:1055 -- type:android.media.AudioTrack -- u/pid:10088/13579 -- state:stopped -- attr:AudioAttributes: usage=USAGE_MEDIA content=CONTENT_TYPE_SPEECH flags=0x800 tags= bundle=null
02-28 09:09:32.857  2666  3413 D Avrcp_ext: AudioManager isPlaying: false
02-28 09:09:32.857  2666  3413 V Avrcp_ext: updateCurrentMediaState: mMediaController: null
02-28 09:09:32.857  2666  3413 V Avrcp_ext: isMusicActive: true getBluetoothPlayState: 2
02-28 09:09:32.857  2666  3413 V Avrcp_ext: updateCurrentMediaState: isPlaying = false
02-28 09:09:32.857  2666  3413 V Avrcp_ext: Media update: id -1➡-1? [MediaAttributes: none] : [MediaAttributes: none]
02-28 09:09:32.857 13511 13544 D NavServiceProvider: -----Get ready!
02-28 09:09:32.857  2666  3413 V Avrcp_ext: newPlayStatus:2mReportedPlayStatus:-1
02-28 09:09:32.858  2666  3413 V Avrcp_ext: updatePlaybackState, state: PlaybackState {state=2, position=-1, buffered position=0, speed=0.0, updated=1776188, actions=0, custom actions=[], active item id=-1, error=null} device: null
02-28 09:09:32.858  2666  3413 V Avrcp_ext: Device: no name:
02-28 09:09:32.858  2666  3413 I chatty  : uid=1002(bluetooth) BluetoothAvrcpH identical 3 lines
02-28 09:09:32.858  2666  3413 V Avrcp_ext: Device: no name:
02-28 09:09:32.858  2666  3413 V Avrcp_ext: updatePlayerStateAndPosition, old=PlaybackState {state=2, position=-1, buffered position=0, speed=0.0, updated=1776128, actions=0, custom actions=[], active item id=-1, error=null}, state=PlaybackState {state=2, position=-1, buffered position=0, speed=0.0, updated=1776188, actions=0, custom actions=[], active item id=-1, error=null}
02-28 09:09:32.858  2666  3413 V Avrcp_ext: old state = PlaybackState {state=2, position=-1, buffered position=0, speed=0.0, updated=1776128, actions=0, custom actions=[], active item id=-1, error=null}, new state= PlaybackState {state=2, position=-1, buffered position=0, speed=0.0, updated=1776188, actions=0, custom actions=[], active item id=-1, error=null}
02-28 09:09:32.858  2666  3413 D HeadsetService: getHeadsetService(): returning com.android.bluetooth.hfp.HeadsetService@8a04d28
02-28 09:09:32.858 13511 13544 D NavigationTest: 203: (28.057191, -82.411951, 12.000000)	R:true  F:false
02-28 09:09:32.858 13511 13544 D NavServiceProvider: Second to last stop coordinates: 28.05652, -82.410132
02-28 09:09:32.859 13511 13544 D NavServiceProvider: Setting units automatically
02-28 09:09:32.860 13579 13612 I GoogleTTSServiceImpl: Synthesis request for locale eng-USA and name en-US-language
02-28 09:09:32.860  2666  3413 D HeadsetService:  isAudioOn: The number of audio connected devices 0
02-28 09:09:32.860  2666  3413 D HeadsetService: isScoOrCallActive(): Call Active:falseCall is Ringing:falseSCO is Active:false
02-28 09:09:32.860 13579 13612 I GoogleTTSServiceImpl: TTS dispatch: en-us-x-iog-seanet-embedded
02-28 09:09:32.861  2666  3413 D HeadsetService:  isAudioOn: The number of audio connected devices 0
02-28 09:09:32.861  2666  3413 I Avrcp_ext: updatePlayStatusForDevice: device: null
02-28 09:09:32.861 13511 13544 D NavServiceProvider: Detecting stop. distance_d=193.67061. stop_type=1 speed=12.0
02-28 09:09:32.861  2666  3413 V Avrcp_ext: updatePlaybackState (1): old=PlaybackState {state=2, position=-1, buffered position=0, speed=0.0, updated=1776128, actions=0, custom actions=[], active item id=-1, error=null}(2), new=PlaybackState {state=2, position=-1, buffered position=0, speed=0.0, updated=1776188, actions=0, custom actions=[], active item id=-1, error=null}(2)
02-28 09:09:32.861  2666  3413 I Avrcp_ext: Exit updatePlayStatusForDevice
02-28 09:09:32.861 13511 13544 D NavigationTest: 203: (28.057191, -82.411951, 12.000000)	R:true  F:false
02-28 09:09:32.861 13511 13544 D NavigationTest: 204: (28.057191, -82.411951, 12.000000)	R:true  F:false
02-28 09:09:32.861 13511 13544 D NavServiceProvider: Second to last stop coordinates: 28.05652, -82.410132
02-28 09:09:32.861  2666  3413 D HeadsetService:  isAudioOn: The number of audio connected devices 0
02-28 09:09:32.861  2666  3413 D HeadsetService: isScoOrCallActive(): Call Active:falseCall is Ringing:falseSCO is Active:false
02-28 09:09:32.861  2666  3413 D HeadsetService:  isAudioOn: The number of audio connected devices 0
02-28 09:09:32.861 13511 13544 D NavServiceProvider: Setting units automatically
02-28 09:09:32.861  2666  3413 I Avrcp_ext: updatePlayStatusForDevice: device: null
02-28 09:09:32.861  2666  3413 V Avrcp_ext: updatePlaybackState (1): old=PlaybackState {state=2, position=-1, buffered position=0, speed=0.0, updated=1776128, actions=0, custom actions=[], active item id=-1, error=null}(2), new=PlaybackState {state=2, position=-1, buffered position=0, speed=0.0, updated=1776188, actions=0, custom actions=[], active item id=-1, error=null}(2)
02-28 09:09:32.861  2666  3413 I Avrcp_ext: Exit updatePlayStatusForDevice
02-28 09:09:32.862  2666  3413 D HeadsetService:  isAudioOn: The number of audio connected devices 0
02-28 09:09:32.862  2666  3413 D HeadsetService: isScoOrCallActive(): Call Active:falseCall is Ringing:falseSCO is Active:false
02-28 09:09:32.862  2666  3413 D HeadsetService:  isAudioOn: The number of audio connected devices 0
02-28 09:09:32.862  2666  3413 I Avrcp_ext: updatePlayStatusForDevice: device: null
02-28 09:09:32.862  2666  3413 V Avrcp_ext: updatePlaybackState (1): old=PlaybackState {state=2, position=-1, buffered position=0, speed=0.0, updated=1776128, actions=0, custom actions=[], active item id=-1, error=null}(2), new=PlaybackState {state=2, position=-1, buffered position=0, speed=0.0, updated=1776188, actions=0, custom actions=[], active item id=-1, error=null}(2)
02-28 09:09:32.862  2666  3413 I Avrcp_ext: Exit updatePlayStatusForDevice
02-28 09:09:32.862  2666  3413 D HeadsetService:  isAudioOn: The number of audio connected devices 0
02-28 09:09:32.862  2666  3413 D HeadsetService: isScoOrCallActive(): Call Active:falseCall is Ringing:falseSCO is Active:false
02-28 09:09:32.862  2666  3413 D HeadsetService:  isAudioOn: The number of audio connected devices 0
02-28 09:09:32.862  2666  3413 I Avrcp_ext: updatePlayStatusForDevice: device: null
02-28 09:09:32.862  2666  3413 V Avrcp_ext: updatePlaybackState (1): old=PlaybackState {state=2, position=-1, buffered position=0, speed=0.0, updated=1776128, actions=0, custom actions=[], active item id=-1, error=null}(2), new=PlaybackState {state=2, position=-1, buffered position=0, speed=0.0, updated=1776188, actions=0, custom actions=[], active item id=-1, error=null}(2)
02-28 09:09:32.862  2666  3413 I Avrcp_ext: Exit updatePlayStatusForDevice
02-28 09:09:32.863  2666  3413 D HeadsetService:  isAudioOn: The number of audio connected devices 0
02-28 09:09:32.863  2666  3413 D HeadsetService: isScoOrCallActive(): Call Active:falseCall is Ringing:falseSCO is Active:false
02-28 09:09:32.863  2666  3413 D HeadsetService:  isAudioOn: The number of audio connected devices 0
02-28 09:09:32.863  2666  3413 I Avrcp_ext: updatePlayStatusForDevice: device: null
02-28 09:09:32.863  2666  3413 V Avrcp_ext: updatePlaybackState (1): old=PlaybackState {state=2, position=-1, buffered position=0, speed=0.0, updated=1776128, actions=0, custom actions=[], active item id=-1, error=null}(2), new=PlaybackState {state=2, position=-1, buffered position=0, speed=0.0, updated=1776188, actions=0, custom actions=[], active item id=-1, error=null}(2)
02-28 09:09:32.863  2666  3413 I Avrcp_ext: Exit updatePlayStatusForDevice
02-28 09:09:32.863  2666  3413 D Avrcp_ext: Enter sendPlayPosNotificationRsp
02-28 09:09:32.863  2666  3413 D Avrcp_ext: sendPlayPosNotificationRsp: Not registered or requesting.
02-28 09:09:32.863  2666  3413 D Avrcp_ext: Enter sendPlayPosNotificationRsp
02-28 09:09:32.863  2666  3413 D Avrcp_ext: sendPlayPosNotificationRsp: Not registered or requesting.
02-28 09:09:32.863  2666  3413 D Avrcp_ext: Enter sendPlayPosNotificationRsp
02-28 09:09:32.863  2666  3413 D Avrcp_ext: sendPlayPosNotificationRsp: Not registered or requesting.
02-28 09:09:32.863  2666  3413 D Avrcp_ext: Enter sendPlayPosNotificationRsp
02-28 09:09:32.863  2666  3413 D Avrcp_ext: sendPlayPosNotificationRsp: Not registered or requesting.
02-28 09:09:32.863  2666  3413 D Avrcp_ext: Enter sendPlayPosNotificationRsp
02-28 09:09:32.863  2666  3413 D Avrcp_ext: sendPlayPosNotificationRsp: Not registered or requesting.
02-28 09:09:32.863  2666  3413 V Avrcp_ext: Exit updatePlayerStateAndPosition
02-28 09:09:32.863  2666  3413 D Avrcp_ext: AudioManager Player: ID:23 -- type:android.media.SoundPool -- u/pid:10126/2688 -- state:idle -- attr:AudioAttributes: usage=USAGE_ASSISTANCE_SONIFICATION content=CONTENT_TYPE_SONIFICATION flags=0x800 tags= bundle=null
02-28 09:09:32.863  2666  3413 D Avrcp_ext: AudioManager Player: ID:15 -- type:android.media.SoundPool -- u/pid:1000/1493 -- state:idle -- attr:AudioAttributes: usage=USAGE_ASSISTANCE_SONIFICATION content=CONTENT_TYPE_SONIFICATION flags=0x800 tags= bundle=null
02-28 09:09:32.863  2666  3413 D Avrcp_ext: AudioManager isPlaying: false
02-28 09:09:32.863 13511 13544 D NavServiceProvider: Detecting stop. distance_d=183.95692. stop_type=1 speed=11.0
02-28 09:09:32.863 13511 13544 D NavigationTest: 205: (28.057194, -82.411842, 11.000000)	R:true  F:false
02-28 09:09:32.863 13511 13544 D NavigationTest: 206: (28.057194, -82.411842, 11.000000)	R:true  F:false
02-28 09:09:32.863 13511 13544 D NavServiceProvider: Second to last stop coordinates: 28.05652, -82.410132
02-28 09:09:32.864 13511 13544 D NavServiceProvider: Setting units automatically
02-28 09:09:32.865 13511 13544 D NavServiceProvider: Detecting stop. distance_d=176.01352. stop_type=1 speed=9.75
02-28 09:09:32.865 13511 13544 D NavigationTest: 207: (28.057200, -82.411750, 9.750000)	R:true  F:false
02-28 09:09:32.865 13511 13544 D NavServiceProvider: Second to last stop coordinates: 28.05652, -82.410132
02-28 09:09:32.866 13511 13544 D NavServiceProvider: Setting units automatically
02-28 09:09:32.867 13511 13544 D NavServiceProvider: Detecting stop. distance_d=168.29738. stop_type=1 speed=9.0
02-28 09:09:32.867 13511 13544 D NavigationTest: 208: (28.057203, -82.411661, 9.000000)	R:true  F:false
02-28 09:09:32.867 13511 13544 D NavigationTest: 209: (28.057203, -82.411661, 9.000000)	R:true  F:false
02-28 09:09:32.867 13511 13544 D NavigationTest: 210: (28.057203, -82.411661, 9.000000)	R:true  F:false
02-28 09:09:32.868 13511 13544 D NavServiceProvider: Second to last stop coordinates: 28.05652, -82.410132
02-28 09:09:32.868 13511 13544 D NavServiceProvider: Setting units automatically
02-28 09:09:32.870 13511 13544 D NavServiceProvider: Detecting stop. distance_d=161.34875. stop_type=1 speed=6.75
02-28 09:09:32.870 13511 13544 D NavigationTest: 211: (28.057197, -82.411585, 6.750000)	R:true  F:false
02-28 09:09:32.870 13511 13544 D NavServiceProvider: Second to last stop coordinates: 28.05652, -82.410132
02-28 09:09:32.870 13511 13544 D NavServiceProvider: Setting units automatically
02-28 09:09:32.872 13511 13544 D NavServiceProvider: Detecting stop. distance_d=156.3529. stop_type=1 speed=6.0
02-28 09:09:32.872 13511 13544 D NavigationTest: 212: (28.057204, -82.411523, 6.000000)	R:true  F:false
02-28 09:09:32.872 13511 13544 D NavigationTest: 213: (28.057204, -82.411523, 6.000000)	R:true  F:false
02-28 09:09:32.872 13511 13544 D NavServiceProvider: Second to last stop coordinates: 28.05652, -82.410132
02-28 09:09:32.873 13511 13544 D NavServiceProvider: Setting units automatically
02-28 09:09:32.874 13511 13544 D NavServiceProvider: Detecting stop. distance_d=151.88722. stop_type=1 speed=4.25
02-28 09:09:32.874 13511 13544 D NavigationTest: 214: (28.057162, -82.411497, 4.250000)	R:true  F:false
02-28 09:09:32.874 13511 13544 D NavigationTest: 215: (28.057162, -82.411497, 4.250000)	R:true  F:false
02-28 09:09:32.874 13511 13544 D NavServiceProvider: Second to last stop coordinates: 28.05652, -82.410132
02-28 09:09:32.875 13511 13544 D NavServiceProvider: Setting units automatically
02-28 09:09:32.876 13511 13544 D NavServiceProvider: Detecting stop. distance_d=147.26686. stop_type=1 speed=4.5
02-28 09:09:32.876 13511 13544 D NavigationTest: 216: (28.057114, -82.411472, 4.500000)	R:true  F:false
02-28 09:09:32.876 13511 13544 D NavServiceProvider: Second to last stop coordinates: 28.05652, -82.410132
02-28 09:09:32.877 13511 13544 D NavServiceProvider: Setting units automatically
02-28 09:09:32.878 13511 13544 D NavServiceProvider: Detecting stop. distance_d=144.50179. stop_type=1 speed=4.5
02-28 09:09:32.878 13511 13544 D NavigationTest: 217: (28.057077, -82.411461, 4.500000)	R:true  F:false
02-28 09:09:32.878 13511 13544 D NavigationTest: 218: (28.057077, -82.411461, 4.500000)	R:true  F:false
02-28 09:09:32.878 13511 13544 D NavServiceProvider: Second to last stop coordinates: 28.05652, -82.410132
02-28 09:09:32.878 13511 13544 D NavServiceProvider: Setting units automatically
02-28 09:09:32.879 13511 13544 D NavServiceProvider: Detecting stop. distance_d=144.02104. stop_type=1 speed=6.25
02-28 09:09:32.879 13511 13544 D NavigationTest: 219: (28.057014, -82.411487, 6.250000)	R:true  F:false
02-28 09:09:32.880 13511 13544 D NavigationTest: 220: (28.057014, -82.411487, 6.250000)	R:true  F:false
02-28 09:09:32.880 13511 13544 D NavServiceProvider: Second to last stop coordinates: 28.05652, -82.410132
02-28 09:09:32.880 13511 13544 D NavServiceProvider: Setting units automatically
02-28 09:09:32.881 13511 13544 D NavServiceProvider: Detecting stop. distance_d=141.29514. stop_type=1 speed=7.25
02-28 09:09:32.881 13511 13544 D NavigationTest: 221: (28.056955, -82.411483, 7.250000)	R:true  F:false
02-28 09:09:32.881 13511 13544 D NavigationTest: 222: (28.056955, -82.411483, 7.250000)	R:true  F:false
02-28 09:09:32.881 13511 13544 D NavServiceProvider: Second to last stop coordinates: 28.05652, -82.410132
02-28 09:09:32.881 13511 13544 D NavServiceProvider: Setting units automatically
02-28 09:09:32.883 13511 13544 D NavServiceProvider: Detecting stop. distance_d=139.87498. stop_type=1 speed=7.75
02-28 09:09:32.883 13511 13544 D NavigationTest: 223: (28.056885, -82.411494, 7.750000)	R:true  F:false
02-28 09:09:32.883 13511 13544 D NavigationTest: 224: (28.056885, -82.411494, 7.750000)	R:true  F:false
02-28 09:09:32.883 13511 13544 D NavServiceProvider: Second to last stop coordinates: 28.05652, -82.410132
02-28 09:09:32.883 13511 13544 D NavServiceProvider: Setting units automatically
02-28 09:09:32.884 13511 13544 D NavServiceProvider: Detecting stop. distance_d=138.67668. stop_type=1 speed=7.5
02-28 09:09:32.884 13511 13544 D NavigationTest: 225: (28.056807, -82.411505, 7.500000)	R:true  F:false
02-28 09:09:32.884 13511 13544 D NavServiceProvider: Second to last stop coordinates: 28.05652, -82.410132
02-28 09:09:32.885 13511 13544 D NavServiceProvider: Setting units automatically
02-28 09:09:32.886 13511 13544 D NavServiceProvider: Detecting stop. distance_d=137.26392. stop_type=1 speed=6.5
02-28 09:09:32.886 13511 13544 D NavigationTest: 226: (28.056745, -82.411505, 6.500000)	R:true  F:false
02-28 09:09:32.886 13511 13544 D NavigationTest: 227: (28.056745, -82.411505, 6.500000)	R:true  F:false
02-28 09:09:32.886 13511 13544 D NavServiceProvider: Second to last stop coordinates: 28.05652, -82.410132
02-28 09:09:32.887 13511 13544 D NavServiceProvider: Setting units automatically
02-28 09:09:32.888 13511 13544 D NavServiceProvider: Detecting stop. distance_d=135.91191. stop_type=1 speed=5.0
02-28 09:09:32.888 13511 13544 D NavigationTest: 228: (28.056703, -82.411499, 5.000000)	R:true  F:false
02-28 09:09:32.888 13511 13544 D NavServiceProvider: Second to last stop coordinates: 28.05652, -82.410132
02-28 09:09:32.889 13511 13544 D NavServiceProvider: Setting units automatically
02-28 09:09:32.890 13511 13544 D NavServiceProvider: Detecting stop. distance_d=133.36586. stop_type=1 speed=4.5
02-28 09:09:32.890 13511 13544 D NavigationTest: 229: (28.056670, -82.411478, 4.500000)	R:true  F:false
02-28 09:09:32.890 13511 13544 D NavigationTest: 230: (28.056670, -82.411478, 4.500000)	R:true  F:false
02-28 09:09:32.890 13511 13544 D NavServiceProvider: Second to last stop coordinates: 28.05652, -82.410132
02-28 09:09:32.890 13511 13544 D NavServiceProvider: Setting units automatically
02-28 09:09:32.892 13511 13544 D NavServiceProvider: Detecting stop. distance_d=129.1505. stop_type=1 speed=4.5
02-28 09:09:32.892 13511 13544 D NavigationTest: 231: (28.056646, -82.411438, 4.500000)	R:true  F:false
02-28 09:09:32.892 13511 13544 D NavigationTest: 232: (28.056646, -82.411438, 4.500000)	R:true  F:false
02-28 09:09:32.892 13511 13544 D NavServiceProvider: Second to last stop coordinates: 28.05652, -82.410132
02-28 09:09:32.892 13511 13544 D NavServiceProvider: Setting units automatically
02-28 09:09:32.893 13511 13544 D NavServiceProvider: Detecting stop. distance_d=124.33956. stop_type=1 speed=5.75
02-28 09:09:32.894 13511 13544 D NavigationTest: 233: (28.056627, -82.411391, 5.750000)	R:true  F:false
02-28 09:09:32.894 13511 13544 D NavServiceProvider: Second to last stop coordinates: 28.05652, -82.410132
02-28 09:09:32.894 13511 13544 D NavServiceProvider: Setting units automatically
02-28 09:09:32.895 13511 13544 D NavServiceProvider: Detecting stop. distance_d=117.368065. stop_type=1 speed=6.75
02-28 09:09:32.895 13511 13544 D NavigationTest: 234: (28.056605, -82.411322, 6.750000)	R:true  F:false
02-28 09:09:32.895 13511 13544 D NavigationTest: 235: (28.056605, -82.411322, 6.750000)	R:true  F:false
02-28 09:09:32.895 13511 13544 D NavServiceProvider: Second to last stop coordinates: 28.05652, -82.410132
02-28 09:09:32.895 13511 13544 D NavServiceProvider: Setting units automatically
02-28 09:09:32.897 13511 13544 D NavServiceProvider: Detecting stop. distance_d=108.82585. stop_type=1 speed=8.0
02-28 09:09:32.897 13511 13544 D NavigationTest: 236: (28.056603, -82.411235, 8.000000)	R:true  F:false
02-28 09:09:32.897 13511 13544 D NavigationTest: 237: (28.056603, -82.411235, 8.000000)	R:true  F:false
02-28 09:09:32.897 13511 13544 D NavServiceProvider: Second to last stop coordinates: 28.05652, -82.410132
02-28 09:09:32.897 13511 13544 D NavServiceProvider: Setting units automatically
02-28 09:09:32.899 13511 13544 D NavServiceProvider: Detecting stop. distance_d=100.11026. stop_type=1 speed=8.0
02-28 09:09:32.899 13511 13544 D NavigationTest: 238: (28.056603, -82.411146, 8.000000)	R:true  F:false
02-28 09:09:32.899 13511 13544 D NavServiceProvider: Second to last stop coordinates: 28.05652, -82.410132
02-28 09:09:32.899 13511 13544 D NavServiceProvider: Setting units automatically
02-28 09:09:32.900 13511 13544 D NavServiceProvider: Detecting stop. distance_d=91.672646. stop_type=1 speed=8.25
02-28 09:09:32.900 13511 13544 D NavServiceProvider: Case 1: false
02-28 09:09:32.900 13511 13544 D NavigationTest: 239: (28.056601, -82.411060, 8.250000)	R:true  F:false
02-28 09:09:32.900 13511 13544 D NavigationTest: 240: (28.056601, -82.411060, 8.250000)	R:true  F:false
02-28 09:09:32.900 13511 13544 D NavServiceProvider: Second to last stop coordinates: 28.05652, -82.410132
02-28 09:09:32.901 13511 13544 D NavServiceProvider: Setting units automatically
02-28 09:09:32.902 13511 13544 D NavServiceProvider: Detecting stop. distance_d=82.38311. stop_type=1 speed=8.25
02-28 09:09:32.902 13511 13544 D NavigationTest: 241: (28.056601, -82.410965, 8.250000)	R:true  F:false
02-28 09:09:32.902 13511 13544 D NavServiceProvider: Second to last stop coordinates: 28.05652, -82.410132
02-28 09:09:32.902 13511 13544 D NavServiceProvider: Setting units automatically
02-28 09:09:32.903 13511 13544 D NavServiceProvider: Detecting stop. distance_d=74.54367. stop_type=1 speed=8.0
02-28 09:09:32.903 13511 13544 D NavigationTest: 242: (28.056599, -82.410885, 8.000000)	R:true  F:false
02-28 09:09:32.903 13511 13544 D NavigationTest: 243: (28.056599, -82.410885, 8.000000)	R:true  F:false
02-28 09:09:32.903 13511 13544 D NavigationTest: 244: (28.056599, -82.410885, 8.000000)	R:true  F:false
02-28 09:09:32.903 13511 13544 D NavServiceProvider: Second to last stop coordinates: 28.05652, -82.410132
02-28 09:09:32.904 13511 13544 D NavServiceProvider: Setting units automatically
02-28 09:09:32.905 13511 13544 D NavServiceProvider: Detecting stop. distance_d=67.250885. stop_type=1 speed=8.0
02-28 09:09:32.905 13511 13544 D NavigationTest: 245: (28.056607, -82.410809, 8.000000)	R:true  F:false
02-28 09:09:32.905 13511 13544 D NavigationTest: 246: (28.056607, -82.410809, 8.000000)	R:true  F:false
02-28 09:09:32.905 13511 13544 D NavServiceProvider: Second to last stop coordinates: 28.05652, -82.410132
02-28 09:09:32.905 13511 13544 D NavServiceProvider: Setting units automatically
02-28 09:09:32.906 13511 13544 D NavServiceProvider: Detecting stop. distance_d=59.67201. stop_type=1 speed=8.0
02-28 09:09:32.906 13511 13544 D NavigationTest: 247: (28.056607, -82.410731, 8.000000)	R:true  F:false
02-28 09:09:32.906 13511 13544 D NavServiceProvider: Second to last stop coordinates: 28.05652, -82.410132
02-28 09:09:32.906 13511 13544 D NavServiceProvider: Setting units automatically
02-28 09:09:32.907 13511 13544 D NavServiceProvider: Detecting stop. distance_d=51.343945. stop_type=1 speed=8.0
02-28 09:09:32.907 13511 13544 D NavigationTest: 248: (28.056597, -82.410647, 8.000000)	R:true  F:false
02-28 09:09:32.907 13511 13544 D NavigationTest: 249: (28.056597, -82.410647, 8.000000)	R:true  F:false
02-28 09:09:32.907 13511 13544 D NavServiceProvider: Second to last stop coordinates: 28.05652, -82.410132
02-28 09:09:32.908 13511 13544 D NavServiceProvider: Setting units automatically
02-28 09:09:32.909 13511 13544 D NavServiceProvider: Detecting stop. distance_d=42.88178. stop_type=1 speed=8.0
02-28 09:09:32.909 13511 13544 D NavServiceProvider: Case 2: false
02-28 09:09:32.909 13511 13544 D NavigationTest: 250: (28.056599, -82.410559, 8.000000)	R:true  F:false
02-28 09:09:32.909 13511 13544 D NavigationTest: 251: (28.056599, -82.410559, 8.000000)	R:true  F:false
02-28 09:09:32.909 13511 13544 D NavServiceProvider: Second to last stop coordinates: 28.05652, -82.410132
02-28 09:09:32.910 13511 13544 D NavServiceProvider: Setting units automatically
02-28 09:09:32.911 13511 13544 D NavServiceProvider: Detecting stop. distance_d=34.127586. stop_type=1 speed=8.25
02-28 09:09:32.911 13511 13544 D NavigationTest: 252: (28.056607, -82.410465, 8.250000)	R:true  F:false
02-28 09:09:32.911 13511 13544 D NavigationTest: 253: (28.056607, -82.410465, 8.250000)	R:true  F:false
02-28 09:09:32.911 13511 13544 D NavServiceProvider: Second to last stop coordinates: 28.05652, -82.410132
02-28 09:09:32.911 13511 13544 D NavServiceProvider: Setting units automatically
02-28 09:09:32.912 13511 13544 D NavServiceProvider: Detecting stop. distance_d=25.761627. stop_type=1 speed=8.5
02-28 09:09:32.912 13511 13544 D NavigationTest: 254: (28.056607, -82.410375, 8.500000)	R:true  F:false
02-28 09:09:32.912 13511 13544 D NavigationTest: 255: (28.056607, -82.410375, 8.500000)	R:true  F:false
02-28 09:09:32.912 13511 13544 D NavServiceProvider: Second to last stop coordinates: 28.05652, -82.410132
02-28 09:09:32.913 13511 13544 D NavServiceProvider: Setting units automatically
02-28 09:09:32.913 13511 13544 D NavServiceProvider: Detecting stop. distance_d=17.559248. stop_type=1 speed=8.5
02-28 09:09:32.913 13511 13544 D NavServiceProvider: Case 3: false
02-28 09:09:32.914 13511 13544 D NavigationTest: 256: (28.056610, -82.410279, 8.500000)	R:true  F:false
02-28 09:09:32.914 13511 13544 D NavServiceProvider: Second to last stop coordinates: 28.05652, -82.410132
02-28 09:09:32.914 13511 13544 D NavServiceProvider: Setting units automatically
02-28 09:09:32.915 13511 13544 D NavServiceProvider: Detecting stop. distance_d=11.518621. stop_type=1 speed=8.5
02-28 09:09:32.915 13511 13544 D NavServiceProvider: Case 4: false
02-28 09:09:32.915 13511 13544 D NavigationTest: 257: (28.056614, -82.410182, 8.500000)	R:true  F:false
02-28 09:09:32.915 13511 13544 D NavigationTest: 258: (28.056614, -82.410182, 8.500000)	R:true  F:false
02-28 09:09:32.915 13511 13544 D NavServiceProvider: Second to last stop coordinates: 28.05652, -82.410132
02-28 09:09:32.915 13511 13544 D NavServiceProvider: Setting units automatically
02-28 09:09:32.916 13511 13544 D NavServiceProvider: Detecting stop. distance_d=10.478778. stop_type=1 speed=8.5
02-28 09:09:32.916 13511 13544 D NavigationTest: 259: (28.056609, -82.410096, 8.500000)	R:true  F:false
02-28 09:09:32.916 13511 13544 D NavServiceProvider: Second to last stop coordinates: 28.05652, -82.410132
02-28 09:09:32.916 13511 13544 D NavServiceProvider: Setting units automatically
02-28 09:09:32.917 13511 13544 D NavServiceProvider: Detecting stop. distance_d=15.448505. stop_type=1 speed=8.5
02-28 09:09:32.917 13511 13544 D NavigationTest: 260: (28.056615, -82.410017, 8.500000)	R:true  F:false
02-28 09:09:32.917 13511 13544 D NavigationTest: 261: (28.056615, -82.410017, 8.500000)	R:true  F:false
02-28 09:09:32.917 13511 13544 D NavServiceProvider: Second to last stop coordinates: 28.05652, -82.410132
02-28 09:09:32.918 13511 13544 D NavServiceProvider: Setting units automatically
02-28 09:09:32.919 13511 13544 D NavServiceProvider: Detecting stop. distance_d=22.476784. stop_type=1 speed=8.5
02-28 09:09:32.919 13511 13544 D NavServiceProvider: Case 5: true
02-28 09:09:32.919 13511 13544 D NavServiceProvider: Proximity Event fired
02-28 09:09:32.919 13511 13544 D NavServiceProvider: Checking if path has more path links left to be navigated
02-28 09:09:32.919 13511 13544 D NavServiceProvider: PathLink index: 0 Number of PathLinks: 1
02-28 09:09:32.919 13511 13544 D NavServiceProvider: %%%%%%N%%%%%%%%% No more PathLinks left in Path %%%%%%%%%%%%%%%%%%%%%
02-28 09:09:32.919 13511 13544 D NavServiceProvider: Got to last stop
02-28 09:09:32.919 13511 13544 D NavServiceProvider: Alert 1 screen before last stop
02-28 09:09:32.919 13511 13544 D NavServiceProvider: Calling destination reached...
02-28 09:09:32.926 13511 13544 D NavServiceProvider: -----Get off the bus!
02-28 09:09:32.926 13511 13544 D NavigationTest: 262: (28.056615, -82.409930, 8.500000)	R:true  F:true
02-28 09:09:32.927 13511 13544 I System.out: O311C: INFO Log level changed: DEBUG
02-28 09:09:32.927 13511 13544 I System.out: O311C: INFO Dry run mode changed: true
02-28 09:09:32.927 13511 13544 W Application: Open311 issue reporting is in debug/dry run mode - no issues will be submitted.
02-28 09:09:32.927 13511 13544 I System.out: O311C: INFO clearOpen311
02-28 09:09:32.927 13511 13544 I TestRunner: finished: testTrip24C(org.onebusaway.android.nav.test.NavigationTest)
