02-28 09:09:30.084 13511 13544 I TestRunner: started: testTrip14C(org.onebusaway.android.nav.test.NavigationTest)
02-28 09:09:30.085 13511 13511 I MonitoringInstr: Activities that are still in CREATED to STOPPED: 0
02-28 09:09:30.094 13511 13544 D NavServiceProvider: Creating NavigationServiceProvider...
02-28 09:09:30.094 13511 13544 D NavServiceProvider: Starting navigation for service
02-28 09:09:30.094 13511 13544 D NavServiceProvider: ProximityCalculator initializing...
02-28 09:09:30.094 13511 13544 D NavServiceProvider: Initializing ProximityCalculator
02-28 09:09:30.094 13511 13544 D NavServiceProvider: Number of path links: 1
02-28 09:09:30.094 13511 13544 D NavServiceProvider: Second to last stop coordinates: 28.03268, -82.432393
02-28 09:09:30.095 13511 13544 D NavServiceProvider: Setting units automatically
02-28 09:09:30.096 13511 13544 D NavServiceProvider: Detecting stop. distance_d=3420.0935. stop_type=1 speed=9.900004
02-28 09:09:30.097 13511 13544 D NavigationTest: 0: (28.032718, -82.397612, 9.900004)	R:false  F:false
02-28 09:09:30.097 13511 13544 D NavServiceProvider: Second to last stop coordinates: 28.03268, -82.432393
02-28 09:09:30.097 13511 13544 D NavServiceProvider: Setting units automatically
02-28 09:09:30.098 13511 13544 D NavServiceProvider: Detecting stop. distance_d=3409.8684. stop_type=1 speed=9.680005
02-28 09:09:30.098 13511 13544 D NavigationTest: 1: (28.032728, -82.397716, 9.680005)	R:false  F:false
02-28 09:09:30.098 13511 13544 D NavigationTest: 2: (28.032728, -82.397716, 9.680005)	R:false  F:false
02-28 09:09:30.098 13511 13544 D NavServiceProvider: Second to last stop coordinates: 28.03268, -82.432393
02-28 09:09:30.099 13511 13544 D NavServiceProvider: Setting units automatically
02-28 09:09:30.100 13511 13544 D NavServiceProvider: Detecting stop. distance_d=3400.1333. stop_type=1 speed=9.65
02-28 09:09:30.100 13511 13544 D NavigationTest: 3: (28.032727, -82.397815, 9.650000)	R:false  F:false
02-28 09:09:30.100 13511 13544 D NavigationTest: 4: (28.032727, -82.397815, 9.650000)	R:false  F:false
02-28 09:09:30.100 13511 13544 D NavServiceProvider: Second to last stop coordinates: 28.03268, -82.432393
02-28 09:09:30.101 13511 13544 D NavServiceProvider: Setting units automatically
02-28 09:09:30.102 13511 13544 D NavServiceProvider: Detecting stop. distance_d=3391.2825. stop_type=1 speed=9.300135
02-28 09:09:30.102 13511 13544 D NavigationTest: 5: (28.032721, -82.397905, 9.300135)	R:false  F:false
02-28 09:09:30.102 13511 13544 D NavServiceProvider: Second to last stop coordinates: 28.03268, -82.432393
02-28 09:09:30.103 13511 13544 D NavServiceProvider: Setting units automatically
02-28 09:09:30.104 13511 13544 D NavServiceProvider: Detecting stop. distance_d=3382.8271. stop_type=1 speed=9.250195
02-28 09:09:30.104 13511 13544 D NavigationTest: 6: (28.032729, -82.397991, 9.250195)	R:false  F:false
02-28 09:09:30.104 13511 13544 D NavigationTest: 7: (28.032729, -82.397991, 9.250195)	R:false  F:false
02-28 09:09:30.104 13511 13544 D NavServiceProvider: Second to last stop coordinates: 28.03268, -82.432393
02-28 09:09:30.104 13511 13544 D NavServiceProvider: Setting units automatically
02-28 09:09:30.105 13511 13544 D NavServiceProvider: Detecting stop. distance_d=3372.995. stop_type=1 speed=10.340175
02-28 09:09:30.106 13511 13544 D NavigationTest: 8: (28.032736, -82.398091, 10.340175)	R:false  F:false
02-28 09:09:30.106 13511 13544 D NavigationTest: 9: (28.032736, -82.398091, 10.340175)	R:false  F:false
02-28 09:09:30.106 13511 13544 D NavServiceProvider: Second to last stop coordinates: 28.03268, -82.432393
02-28 09:09:30.106 13511 13544 D NavServiceProvider: Setting units automatically
02-28 09:09:30.107 13511 13544 D NavServiceProvider: Detecting stop. distance_d=3360.0154. stop_type=1 speed=11.420039
02-28 09:09:30.107 13511 13544 D NavigationTest: 10: (28.032736, -82.398223, 11.420039)	R:false  F:false
02-28 09:09:30.107 13511 13544 D NavigationTest: 11: (28.032736, -82.398223, 11.420039)	R:false  F:false
02-28 09:09:30.107 13511 13544 D NavServiceProvider: Second to last stop coordinates: 28.03268, -82.432393
02-28 09:09:30.108 13511 13544 D NavServiceProvider: Setting units automatically
02-28 09:09:30.109 13511 13544 D NavServiceProvider: Detecting stop. distance_d=3347.4302. stop_type=1 speed=12.500064
02-28 09:09:30.109 13511 13544 D NavigationTest: 12: (28.032742, -82.398351, 12.500064)	R:false  F:false
02-28 09:09:30.109 13511 13544 D NavServiceProvider: Second to last stop coordinates: 28.03268, -82.432393
02-28 09:09:30.110 13511 13544 D NavServiceProvider: Setting units automatically
02-28 09:09:30.111 13511 13544 D NavServiceProvider: Detecting stop. distance_d=3333.4668. stop_type=1 speed=13.490014
02-28 09:09:30.111 13511 13544 D NavigationTest: 13: (28.032741, -82.398493, 13.490014)	R:false  F:false
02-28 09:09:30.111 13511 13544 D NavigationTest: 14: (28.032741, -82.398493, 13.490014)	R:false  F:false
02-28 09:09:30.111 13511 13544 D NavServiceProvider: Second to last stop coordinates: 28.03268, -82.432393
02-28 09:09:30.111 13511 13544 D NavServiceProvider: Setting units automatically
02-28 09:09:30.113 13511 13544 D NavServiceProvider: Detecting stop. distance_d=3321.4714. stop_type=1 speed=13.000246
02-28 09:09:30.113 13511 13544 D NavigationTest: 15: (28.032746, -82.398615, 13.000246)	R:false  F:false
02-28 09:09:30.113 13511 13544 D NavigationTest: 16: (28.032746, -82.398615, 13.000246)	R:false  F:false
02-28 09:09:30.113 13511 13544 D NavServiceProvider: Second to last stop coordinates: 28.03268, -82.432393
02-28 09:09:30.113 13511 13544 D NavServiceProvider: Setting units automatically
02-28 09:09:30.115 13511 13544 D NavServiceProvider: Detecting stop. distance_d=3306.5264. stop_type=1 speed=14.300004
02-28 09:09:30.115 13511 13544 D NavigationTest: 17: (28.032752, -82.398767, 14.300004)	R:false  F:false
02-28 09:09:30.115 13511 13544 D NavigationTest: 18: (28.032752, -82.398767, 14.300004)	R:false  F:false
02-28 09:09:30.115 13511 13544 D NavServiceProvider: Second to last stop coordinates: 28.03268, -82.432393
02-28 09:09:30.115 13511 13544 D NavServiceProvider: Setting units automatically
02-28 09:09:30.116 13511 13544 D NavServiceProvider: Detecting stop. distance_d=3290.1057. stop_type=1 speed=15.180014
02-28 09:09:30.116 13511 13544 D NavigationTest: 19: (28.032755, -82.398934, 15.180014)	R:false  F:false
02-28 09:09:30.117 13511 13544 D NavServiceProvider: Second to last stop coordinates: 28.03268, -82.432393
02-28 09:09:30.117 13511 13544 D NavServiceProvider: Setting units automatically
02-28 09:09:30.118 13511 13544 D NavServiceProvider: Detecting stop. distance_d=3273.0945. stop_type=1 speed=15.990028
02-28 09:09:30.119 13511 13544 D NavigationTest: 20: (28.032756, -82.399107, 15.990028)	R:false  F:false
02-28 09:09:30.119 13511 13544 D NavigationTest: 21: (28.032756, -82.399107, 15.990028)	R:false  F:false
02-28 09:09:30.119 13511 13544 D NavServiceProvider: Second to last stop coordinates: 28.03268, -82.432393
02-28 09:09:30.119 13511 13544 D NavServiceProvider: Setting units automatically
02-28 09:09:30.121 13511 13544 D NavServiceProvider: Detecting stop. distance_d=3255.5903. stop_type=1 speed=16.75043
02-28 09:09:30.121 13511 13544 D NavigationTest: 22: (28.032752, -82.399285, 16.750429)	R:false  F:false
02-28 09:09:30.121 13511 13544 D NavServiceProvider: Second to last stop coordinates: 28.03268, -82.432393
02-28 09:09:30.121 13511 13544 D NavServiceProvider: Setting units automatically
02-28 09:09:30.122 13511 13544 D NavServiceProvider: Detecting stop. distance_d=3236.9084. stop_type=1 speed=17.35035
02-28 09:09:30.122 13511 13544 D NavigationTest: 23: (28.032756, -82.399475, 17.350349)	R:false  F:false
02-28 09:09:30.122 13511 13544 D NavigationTest: 24: (28.032756, -82.399475, 17.350349)	R:false  F:false
02-28 09:09:30.122 13511 13544 D NavServiceProvider: Second to last stop coordinates: 28.03268, -82.432393
02-28 09:09:30.123 13511 13544 D NavServiceProvider: Setting units automatically
02-28 09:09:30.124 13511 13544 D NavServiceProvider: Detecting stop. distance_d=3221.7705. stop_type=1 speed=16.680002
02-28 09:09:30.124 13511 13544 D NavigationTest: 25: (28.032773, -82.399629, 16.680002)	R:false  F:false
02-28 09:09:30.124 13511 13544 D NavigationTest: 26: (28.032773, -82.399629, 16.680002)	R:false  F:false
02-28 09:09:30.124 13511 13544 D NavServiceProvider: Second to last stop coordinates: 28.03268, -82.432393
02-28 09:09:30.124 13511 13544 D NavServiceProvider: Setting units automatically
02-28 09:09:30.126 13511 13544 D NavServiceProvider: Detecting stop. distance_d=3202.8953. stop_type=1 speed=17.21001
02-28 09:09:30.126 13511 13544 D NavigationTest: 27: (28.032785, -82.399821, 17.210011)	R:false  F:false
02-28 09:09:30.126 13511 13544 D NavServiceProvider: Second to last stop coordinates: 28.03268, -82.432393
02-28 09:09:30.126 13511 13544 D NavServiceProvider: Setting units automatically
02-28 09:09:30.127 13511 13544 D NavServiceProvider: Detecting stop. distance_d=3180.7659. stop_type=1 speed=18.790384
02-28 09:09:30.127 13511 13544 D NavigationTest: 28: (28.032772, -82.400046, 18.790384)	R:false  F:false
02-28 09:09:30.127 13511 13544 D NavigationTest: 29: (28.032772, -82.400046, 18.790384)	R:false  F:false
02-28 09:09:30.127 13511 13544 D NavServiceProvider: Second to last stop coordinates: 28.03268, -82.432393
02-28 09:09:30.128 13511 13544 D NavServiceProvider: Setting units automatically
02-28 09:09:30.130 13511 13544 D NavServiceProvider: Detecting stop. distance_d=3159.8228. stop_type=1 speed=18.870043
02-28 09:09:30.130 13511 13544 D NavigationTest: 30: (28.032776, -82.400259, 18.870043)	R:false  F:false
02-28 09:09:30.130 13511 13544 D NavigationTest: 31: (28.032776, -82.400259, 18.870043)	R:false  F:false
02-28 09:09:30.130 13511 13544 D NavServiceProvider: Second to last stop coordinates: 28.03268, -82.432393
02-28 09:09:30.130 13511 13544 D NavServiceProvider: Setting units automatically
02-28 09:09:30.131 13511 13544 D NavServiceProvider: Detecting stop. distance_d=3141.1416. stop_type=1 speed=19.181044
02-28 09:09:30.131 13511 13544 D NavigationTest: 32: (28.032781, -82.400449, 19.181044)	R:false  F:false
02-28 09:09:30.131 13511 13544 D NavServiceProvider: Second to last stop coordinates: 28.03268, -82.432393
02-28 09:09:30.132 13511 13544 D NavServiceProvider: Setting units automatically
02-28 09:09:30.133 13511 13544 D NavServiceProvider: Detecting stop. distance_d=3122.2651. stop_type=1 speed=19.23001
02-28 09:09:30.133 13511 13544 D NavigationTest: 33: (28.032789, -82.400641, 19.230009)	R:false  F:false
02-28 09:09:30.133 13511 13544 D NavigationTest: 34: (28.032789, -82.400641, 19.230009)	R:false  F:false
02-28 09:09:30.133 13511 13544 D NavigationTest: 35: (28.032789, -82.400641, 19.230009)	R:false  F:false
02-28 09:09:30.133 13511 13544 D NavServiceProvider: Second to last stop coordinates: 28.03268, -82.432393
02-28 09:09:30.133 13511 13544 D NavServiceProvider: Setting units automatically
02-28 09:09:30.134 13511 13544 D NavServiceProvider: Detecting stop. distance_d=3102.7002. stop_type=1 speed=19.180002
02-28 09:09:30.134 13511 13544 D NavigationTest: 36: (28.032796, -82.400840, 19.180002)	R:false  F:false
02-28 09:09:30.134 13511 13544 D NavServiceProvider: Second to last stop coordinates: 28.03268, -82.432393
02-28 09:09:30.135 13511 13544 D NavServiceProvider: Setting units automatically
02-28 09:09:30.136 13511 13544 D NavServiceProvider: Detecting stop. distance_d=3082.2446. stop_type=1 speed=19.090378
02-28 09:09:30.136 13511 13544 D NavigationTest: 37: (28.032790, -82.401048, 19.090378)	R:false  F:false
02-28 09:09:30.136 13511 13544 D NavigationTest: 38: (28.032790, -82.401048, 19.090378)	R:false  F:false
02-28 09:09:30.136 13511 13544 D NavServiceProvider: Second to last stop coordinates: 28.03268, -82.432393
02-28 09:09:30.136 13511 13544 D NavServiceProvider: Setting units automatically
02-28 09:09:30.137 13511 13544 D NavServiceProvider: Detecting stop. distance_d=3061.7947. stop_type=1 speed=19.130127
02-28 09:09:30.138 13511 13544 D NavigationTest: 39: (28.032797, -82.401256, 19.130127)	R:false  F:false
02-28 09:09:30.138 13511 13544 D NavigationTest: 40: (28.032797, -82.401256, 19.130127)	R:false  F:false
02-28 09:09:30.138 13511 13544 D NavServiceProvider: Second to last stop coordinates: 28.03268, -82.432393
02-28 09:09:30.138 13511 13544 D NavServiceProvider: Setting units automatically
02-28 09:09:30.139 13511 13544 D NavServiceProvider: Detecting stop. distance_d=3042.9158. stop_type=1 speed=19.140022
02-28 09:09:30.139 13511 13544 D NavigationTest: 41: (28.032798, -82.401448, 19.140022)	R:false  F:false
02-28 09:09:30.139 13511 13544 D NavServiceProvider: Second to last stop coordinates: 28.03268, -82.432393
02-28 09:09:30.140 13511 13544 D NavServiceProvider: Setting units automatically
02-28 09:09:30.141 13511 13544 D NavServiceProvider: Detecting stop. distance_d=3023.2507. stop_type=1 speed=19.34
02-28 09:09:30.141 13511 13544 D NavigationTest: 42: (28.032801, -82.401648, 19.340000)	R:false  F:false
02-28 09:09:30.141 13511 13544 D NavigationTest: 43: (28.032801, -82.401648, 19.340000)	R:false  F:false
02-28 09:09:30.141 13511 13544 D NavServiceProvider: Second to last stop coordinates: 28.03268, -82.432393
02-28 09:09:30.142 13511 13544 D NavServiceProvider: Setting units automatically
02-28 09:09:30.143 13511 13544 D NavServiceProvider: Detecting stop. distance_d=3004.6702. stop_type=1 speed=19.36001
02-28 09:09:30.143 13511 13544 D NavigationTest: 44: (28.032809, -82.401837, 19.360010)	R:false  F:false
02-28 09:09:30.143 13511 13544 D NavServiceProvider: Second to last stop coordinates: 28.03268, -82.432393
02-28 09:09:30.143 13511 13544 D NavServiceProvider: Setting units automatically
02-28 09:09:30.144 13511 13544 D NavServiceProvider: Detecting stop. distance_d=2988.3489. stop_type=1 speed=19.070513
02-28 09:09:30.145 13511 13544 D NavigationTest: 45: (28.032812, -82.402003, 19.070513)	R:false  F:false
02-28 09:09:30.145 13511 13544 D NavigationTest: 46: (28.032812, -82.402003, 19.070513)	R:false  F:false
02-28 09:09:30.145 13511 13544 D NavServiceProvider: Second to last stop coordinates: 28.03268, -82.432393
02-28 09:09:30.145 13511 13544 D NavServiceProvider: Setting units automatically
02-28 09:09:30.146 13511 13544 D NavServiceProvider: Detecting stop. distance_d=2969.5715. stop_type=1 speed=19.280313
02-28 09:09:30.146 13511 13544 D NavigationTest: 47: (28.032819, -82.402194, 19.280313)	R:false  F:false
02-28 09:09:30.146 13511 13544 D NavigationTest: 48: (28.032819, -82.402194, 19.280313)	R:false  F:false
02-28 09:09:30.146 13511 13544 D NavServiceProvider: Second to last stop coordinates: 28.03268, -82.432393
02-28 09:09:30.147 13511 13544 D NavServiceProvider: Setting units automatically
02-28 09:09:30.148 13511 13544 D NavServiceProvider: Detecting stop. distance_d=2950.4963. stop_type=1 speed=19.280024
02-28 09:09:30.148 13511 13544 D NavigationTest: 49: (28.032821, -82.402388, 19.280024)	R:false  F:false
02-28 09:09:30.148 13511 13544 D NavigationTest: 50: (28.032821, -82.402388, 19.280024)	R:false  F:false
02-28 09:09:30.148 13511 13544 D NavServiceProvider: Second to last stop coordinates: 28.03268, -82.432393
02-28 09:09:30.148 13511 13544 D NavServiceProvider: Setting units automatically
02-28 09:09:30.149 13511 13544 D NavServiceProvider: Detecting stop. distance_d=2931.5251. stop_type=1 speed=19.110003
02-28 09:09:30.149 13511 13544 D NavigationTest: 51: (28.032832, -82.402581, 19.110003)	R:false  F:false
02-28 09:09:30.149 13511 13544 D NavigationTest: 52: (28.032832, -82.402581, 19.110003)	R:false  F:false
02-28 09:09:30.149 13511 13544 D NavServiceProvider: Second to last stop coordinates: 28.03268, -82.432393
02-28 09:09:30.150 13511 13544 D NavServiceProvider: Setting units automatically
02-28 09:09:30.151 13511 13544 D NavServiceProvider: Detecting stop. distance_d=2909.5962. stop_type=1 speed=20.24006
02-28 09:09:30.151 13511 13544 D NavigationTest: 53: (28.032830, -82.402804, 20.240061)	R:false  F:false
02-28 09:09:30.151 13511 13544 D NavServiceProvider: Second to last stop coordinates: 28.03268, -82.432393
02-28 09:09:30.151 13511 13544 D NavServiceProvider: Setting units automatically
02-28 09:09:30.152 13511 13544 D NavServiceProvider: Detecting stop. distance_d=2888.2366. stop_type=1 speed=19.660126
02-28 09:09:30.152 13511 13544 D NavigationTest: 54: (28.032789, -82.403021, 19.660126)	R:false  F:false
02-28 09:09:30.152 13511 13544 D NavigationTest: 55: (28.032789, -82.403021, 19.660126)	R:false  F:false
02-28 09:09:30.152 13511 13544 D NavServiceProvider: Second to last stop coordinates: 28.03268, -82.432393
02-28 09:09:30.153 13511 13544 D NavServiceProvider: Setting units automatically
02-28 09:09:30.154 13511 13544 D NavServiceProvider: Detecting stop. distance_d=2869.5457. stop_type=1 speed=19.390165
02-28 09:09:30.154 13511 13544 D NavigationTest: 56: (28.032770, -82.403211, 19.390165)	R:false  F:false
02-28 09:09:30.154 13511 13544 D NavigationTest: 57: (28.032770, -82.403211, 19.390165)	R:false  F:false
02-28 09:09:30.154 13511 13544 D NavServiceProvider: Second to last stop coordinates: 28.03268, -82.432393
02-28 09:09:30.154 13511 13544 D NavServiceProvider: Setting units automatically
02-28 09:09:30.155 13511 13544 D NavServiceProvider: Detecting stop. distance_d=2849.6792. stop_type=1 speed=19.670206
02-28 09:09:30.155 13511 13544 D NavigationTest: 58: (28.032760, -82.403413, 19.670206)	R:false  F:false
02-28 09:09:30.155 13511 13544 D NavServiceProvider: Second to last stop coordinates: 28.03268, -82.432393
02-28 09:09:30.156 13511 13544 D NavServiceProvider: Setting units automatically
02-28 09:09:30.157 13511 13544 D NavServiceProvider: Detecting stop. distance_d=2830.5032. stop_type=1 speed=19.630022
02-28 09:09:30.157 13511 13544 D NavigationTest: 59: (28.032756, -82.403608, 19.630022)	R:false  F:false
02-28 09:09:30.157 13511 13544 D NavigationTest: 60: (28.032756, -82.403608, 19.630022)	R:false  F:false
02-28 09:09:30.157 13511 13544 D NavServiceProvider: Second to last stop coordinates: 28.03268, -82.432393
02-28 09:09:30.157 13511 13544 D NavServiceProvider: Setting units automatically
02-28 09:09:30.158 13511 13544 D NavServiceProvider: Detecting stop. distance_d=2811.3274. stop_type=1 speed=19.720001
02-28 09:09:30.158 13511 13544 D NavigationTest: 61: (28.032752, -82.403803, 19.720001)	R:false  F:false
02-28 09:09:30.158 13511 13544 D NavServiceProvider: Second to last stop coordinates: 28.03268, -82.432393
02-28 09:09:30.159 13511 13544 D NavServiceProvider: Setting units automatically
02-28 09:09:30.160 13511 13544 D NavServiceProvider: Detecting stop. distance_d=2792.739. stop_type=1 speed=19.750002
02-28 09:09:30.160 13511 13544 D NavigationTest: 62: (28.032739, -82.403992, 19.750002)	R:false  F:false
02-28 09:09:30.160 13511 13544 D NavigationTest: 63: (28.032739, -82.403992, 19.750002)	R:false  F:false
02-28 09:09:30.160 13511 13544 D NavServiceProvider: Second to last stop coordinates: 28.03268, -82.432393
02-28 09:09:30.160 13511 13544 D NavServiceProvider: Setting units automatically
02-28 09:09:30.161 13511 13544 D NavServiceProvider: Detecting stop. distance_d=2771.5981. stop_type=1 speed=20.000023
02-28 09:09:30.162 13511 13544 D NavigationTest: 64: (28.032741, -82.404207, 20.000023)	R:false  F:false
02-28 09:09:30.162 13511 13544 D NavServiceProvider: Second to last stop coordinates: 28.03268, -82.432393
02-28 09:09:30.162 13511 13544 D NavServiceProvider: Setting units automatically
02-28 09:09:30.163 13511 13544 D NavServiceProvider: Detecting stop. distance_d=2753.7046. stop_type=1 speed=19.32
02-28 09:09:30.163 13511 13544 D NavigationTest: 65: (28.032751, -82.404389, 19.320000)	R:false  F:false
02-28 09:09:30.163 13511 13544 D NavigationTest: 66: (28.032751, -82.404389, 19.320000)	R:false  F:false
02-28 09:09:30.163 13511 13544 D NavServiceProvider: Second to last stop coordinates: 28.03268, -82.432393
02-28 09:09:30.163 13511 13544 D NavServiceProvider: Setting units automatically
02-28 09:09:30.164 13511 13544 D NavServiceProvider: Detecting stop. distance_d=2732.2632. stop_type=1 speed=20.060001
02-28 09:09:30.164 13511 13544 D NavigationTest: 67: (28.032731, -82.404607, 20.060001)	R:false  F:false
02-28 09:09:30.164 13511 13544 D NavigationTest: 68: (28.032731, -82.404607, 20.060001)	R:false  F:false
02-28 09:09:30.165 13511 13544 D NavigationTest: 69: (28.032731, -82.404607, 20.060001)	R:false  F:false
02-28 09:09:30.165 13511 13544 D NavServiceProvider: Second to last stop coordinates: 28.03268, -82.432393
02-28 09:09:30.165 13511 13544 D NavServiceProvider: Setting units automatically
02-28 09:09:30.166 13511 13544 D NavServiceProvider: Detecting stop. distance_d=2712.895. stop_type=1 speed=19.98001
02-28 09:09:30.166 13511 13544 D NavigationTest: 70: (28.032744, -82.404804, 19.980009)	R:false  F:false
02-28 09:09:30.166 13511 13544 D NavServiceProvider: Second to last stop coordinates: 28.03268, -82.432393
02-28 09:09:30.166 13511 13544 D NavServiceProvider: Setting units automatically
02-28 09:09:30.167 13511 13544 D NavServiceProvider: Detecting stop. distance_d=2691.8574. stop_type=1 speed=20.140009
02-28 09:09:30.167 13511 13544 D NavigationTest: 71: (28.032761, -82.405018, 20.140009)	R:false  F:false
02-28 09:09:30.167 13511 13544 D NavigationTest: 72: (28.032761, -82.405018, 20.140009)	R:false  F:false
02-28 09:09:30.167 13511 13544 D NavServiceProvider: Second to last stop coordinates: 28.03268, -82.432393
02-28 09:09:30.168 13511 13544 D NavServiceProvider: Setting units automatically
02-28 09:09:30.169 13511 13544 D NavServiceProvider: Detecting stop. distance_d=2674.5464. stop_type=1 speed=19.560091
02-28 09:09:30.169 13511 13544 D NavigationTest: 73: (28.032747, -82.405194, 19.560091)	R:false  F:false
02-28 09:09:30.169 13511 13544 D NavigationTest: 74: (28.032747, -82.405194, 19.560091)	R:false  F:false
02-28 09:09:30.169 13511 13544 D NavServiceProvider: Second to last stop coordinates: 28.03268, -82.432393
02-28 09:09:30.169 13511 13544 D NavServiceProvider: Setting units automatically
02-28 09:09:30.170 13511 13544 D NavServiceProvider: Detecting stop. distance_d=2657.139. stop_type=1 speed=19.170042
02-28 09:09:30.170 13511 13544 D NavigationTest: 75: (28.032737, -82.405371, 19.170042)	R:false  F:false
02-28 09:09:30.170 13511 13544 D NavigationTest: 76: (28.032737, -82.405371, 19.170042)	R:false  F:false
02-28 09:09:30.170 13511 13544 D NavServiceProvider: Second to last stop coordinates: 28.03268, -82.432393
02-28 09:09:30.171 13511 13544 D NavServiceProvider: Setting units automatically
02-28 09:09:30.172 13511 13544 D NavServiceProvider: Detecting stop. distance_d=2637.0789. stop_type=1 speed=19.190042
02-28 09:09:30.173 13511 13544 D NavigationTest: 77: (28.032736, -82.405575, 19.190042)	R:false  F:false
02-28 09:09:30.173 13511 13544 D NavigationTest: 78: (28.032736, -82.405575, 19.190042)	R:false  F:false
02-28 09:09:30.173 13511 13544 D NavServiceProvider: Second to last stop coordinates: 28.03268, -82.432393
02-28 09:09:30.173 13511 13544 D NavServiceProvider: Setting units automatically
02-28 09:09:30.175 13511 13544 D NavServiceProvider: Detecting stop. distance_d=2617.5137. stop_type=1 speed=19.410208
02-28 09:09:30.175 13511 13544 D NavigationTest: 79: (28.032746, -82.405774, 19.410208)	R:false  F:false
02-28 09:09:30.175 13511 13544 D NavigationTest: 80: (28.032746, -82.405774, 19.410208)	R:false  F:false
02-28 09:09:30.175 13511 13544 D NavServiceProvider: Second to last stop coordinates: 28.03268, -82.432393
02-28 09:09:30.175 13511 13544 D NavServiceProvider: Setting units automatically
02-28 09:09:30.176 13511 13544 D NavServiceProvider: Detecting stop. distance_d=2598.1453. stop_type=1 speed=19.120129
02-28 09:09:30.176 13511 13544 D NavigationTest: 81: (28.032755, -82.405971, 19.120129)	R:false  F:false
02-28 09:09:30.176 13511 13544 D NavigationTest: 82: (28.032755, -82.405971, 19.120129)	R:false  F:false
02-28 09:09:30.176 13511 13544 D NavServiceProvider: Second to last stop coordinates: 28.03268, -82.432393
02-28 09:09:30.177 13511 13544 D NavServiceProvider: Setting units automatically
02-28 09:09:30.178 13511 13544 D NavServiceProvider: Detecting stop. distance_d=2582.309. stop_type=1 speed=18.3
02-28 09:09:30.178 13511 13544 D NavigationTest: 83: (28.032740, -82.406132, 18.299999)	R:false  F:false
02-28 09:09:30.178 13511 13544 D NavigationTest: 84: (28.032740, -82.406132, 18.299999)	R:false  F:false
02-28 09:09:30.178 13511 13544 D NavServiceProvider: Second to last stop coordinates: 28.03268, -82.432393
02-28 09:09:30.178 13511 13544 D NavServiceProvider: Setting units automatically
02-28 09:09:30.180 13511 13544 D NavServiceProvider: Detecting stop. distance_d=2562.5498. stop_type=1 speed=18.820002
02-28 09:09:30.180 13511 13544 D NavigationTest: 85: (28.032757, -82.406333, 18.820002)	R:false  F:false
02-28 09:09:30.180 13511 13544 D NavServiceProvider: Second to last stop coordinates: 28.03268, -82.432393
02-28 09:09:30.180 13511 13544 D NavServiceProvider: Setting units automatically
02-28 09:09:30.182 13511 13544 D NavServiceProvider: Detecting stop. distance_d=2543.6682. stop_type=1 speed=18.96
02-28 09:09:30.182 13511 13544 D NavigationTest: 86: (28.032751, -82.406525, 18.959999)	R:false  F:false
02-28 09:09:30.182 13511 13544 D NavigationTest: 87: (28.032751, -82.406525, 18.959999)	R:false  F:false
02-28 09:09:30.182 13511 13544 D NavServiceProvider: Second to last stop coordinates: 28.03268, -82.432393
02-28 09:09:30.183 13511 13544 D NavServiceProvider: Setting units automatically
02-28 09:09:30.185 13511 13544 D NavServiceProvider: Detecting stop. distance_d=2521.7468. stop_type=1 speed=19.710001
02-28 09:09:30.185 13511 13544 D NavigationTest: 88: (28.032769, -82.406748, 19.710001)	R:false  F:false
02-28 09:09:30.185 13511 13544 D NavigationTest: 89: (28.032769, -82.406748, 19.710001)	R:false  F:false
02-28 09:09:30.185 13511 13544 D NavServiceProvider: Second to last stop coordinates: 28.03268, -82.432393
02-28 09:09:30.185 13511 13544 D NavServiceProvider: Setting units automatically
02-28 09:09:30.187 13511 13544 D NavServiceProvider: Detecting stop. distance_d=2501.678. stop_type=1 speed=19.780003
02-28 09:09:30.187 13511 13544 D NavigationTest: 90: (28.032743, -82.406952, 19.780003)	R:false  F:false
02-28 09:09:30.187 13511 13544 D NavigationTest: 91: (28.032743, -82.406952, 19.780003)	R:false  F:false
02-28 09:09:30.187 13511 13544 D NavServiceProvider: Second to last stop coordinates: 28.03268, -82.432393
02-28 09:09:30.188 13511 13544 D NavServiceProvider: Setting units automatically
02-28 09:09:30.189 13511 13544 D NavServiceProvider: Detecting stop. distance_d=2479.5554. stop_type=1 speed=20.49002
02-28 09:09:30.190 13511 13544 D NavigationTest: 92: (28.032750, -82.407177, 20.490021)	R:false  F:false
02-28 09:09:30.190 13511 13544 D NavigationTest: 93: (28.032750, -82.407177, 20.490021)	R:false  F:false
02-28 09:09:30.190 13511 13544 D NavServiceProvider: Second to last stop coordinates: 28.03268, -82.432393
02-28 09:09:30.190 13511 13544 D NavServiceProvider: Setting units automatically
02-28 09:09:30.190   871  6793 D audio_hw_primary: adev_get_parameters:vr_audio_mode_on
02-28 09:09:30.191   871  6793 I audio_hw_primary: getting vr mode to 0
02-28 09:09:30.191   871  6793 D audio_hw_primary: adev_get_parameters: exit: returns - vr_audio_mode_on=false
02-28 09:09:30.191   959  7466 I hash_map_utils: key: 'vr_audio_mode_on' value: ''
02-28 09:09:30.191   959  7466 I AudioPolicyManagerCustom: VR mode is 0, switch to primary output if request is for fast|raw
02-28 09:09:30.191   959  7466 I AudioPolicyManagerCustom: setting force DEEP buffer now
02-28 09:09:30.191 13511 13544 D NavServiceProvider: Detecting stop. distance_d=2457.5256. stop_type=1 speed=20.83001
02-28 09:09:30.191   959  7466 D AudioFlinger: Client defaulted notificationFrames to 2048 for frameCount 4096
02-28 09:09:30.191 13511 13544 D NavigationTest: 94: (28.032738, -82.407401, 20.830009)	R:false  F:false
02-28 09:09:30.191 13511 13544 D NavigationTest: 95: (28.032738, -82.407401, 20.830009)	R:false  F:false
02-28 09:09:30.191 13511 13544 D NavServiceProvider: Second to last stop coordinates: 28.03268, -82.432393
02-28 09:09:30.192 13511 13544 D NavServiceProvider: Setting units automatically
02-28 09:09:30.192   959  7466 D AF::TrackHandle: OpPlayAudio: track:179 usage:1 not muted
02-28 09:09:30.193 13511 13544 D NavServiceProvider: Detecting stop. distance_d=2442.4893. stop_type=1 speed=18.650097
02-28 09:09:30.193 13511 13544 D NavigationTest: 96: (28.032763, -82.407554, 18.650097)	R:false  F:false
02-28 09:09:30.193 13511 13544 D NavServiceProvider: Second to last stop coordinates: 28.03268, -82.432393
02-28 09:09:30.194 13511 13544 D NavServiceProvider: Setting units automatically
02-28 09:09:30.195 13511 13544 D NavServiceProvider: Detecting stop. distance_d=2424.795. stop_type=1 speed=18.480011
02-28 09:09:30.195 13511 13544 D NavigationTest: 97: (28.032775, -82.407734, 18.480011)	R:false  F:false
02-28 09:09:30.195 13511 13544 D NavigationTest: 98: (28.032775, -82.407734, 18.480011)	R:false  F:false
02-28 09:09:30.195 13511 13544 D NavServiceProvider: Second to last stop coordinates: 28.03268, -82.432393
02-28 09:09:30.196 13511 13544 D NavServiceProvider: Setting units automatically
02-28 09:09:30.198  2666  3413 D Avrcp_ext: AudioManager Player: ID:23 -- type:android.media.SoundPool -- u/pid:10126/2688 -- state:idle -- attr:AudioAttributes: usage=USAGE_ASSISTANCE_SONIFICATION content=CONTENT_TYPE_SONIFICATION flags=0x800 tags= bundle=null
02-28 09:09:30.198  2666  3413 D Avrcp_ext: AudioManager Player: ID:15 -- type:android.media.SoundPool -- u/pid:1000/1493 -- state:idle -- attr:AudioAttributes: usage=USAGE_ASSISTANCE_SONIFICATION content=CONTENT_TYPE_SONIFICATION flags=0x800 tags= bundle=null
02-28 09:09:30.198  2666  3413 D Avrcp_ext: AudioManager Player: ID:1023 -- type:android.media.AudioTrack -- u/pid:10088/13579 -- state:started -- attr:AudioAttributes: usage=USAGE_MEDIA content=CONTENT_TYPE_SPEECH flags=0x800 tags= bundle=null
02-28 09:09:30.198  2666  3413 D Avrcp_ext: AudioManager isPlaying: true
02-28 09:09:30.198  2666  3413 V Avrcp_ext: updateCurrentMediaState: mMediaController: null
02-28 09:09:30.198  2666  3413 V Avrcp_ext: isMusicActive: true getBluetoothPlayState: 2
02-28 09:09:30.198  2666  3413 V Avrcp_ext: updateCurrentMediaState: isPlaying = false
02-28 09:09:30.198 13511 13544 D NavServiceProvider: Detecting stop. distance_d=2406.403. stop_type=1 speed=18.26
02-28 09:09:30.198  2666  3413 V Avrcp_ext: Media update: id -1➡-1? [MediaAttributes: none] : [MediaAttributes: none]
02-28 09:09:30.198  2666  3413 V Avrcp_ext: newPlayStatus:2mReportedPlayStatus:-1
02-28 09:09:30.199  2666  3413 V Avrcp_ext: updatePlaybackState, state: PlaybackState {state=2, position=-1, buffered position=0, speed=0.0, updated=1773529, actions=0, custom actions=[], active item id=-1, error=null} device: null
02-28 09:09:30.199 13511 13544 D NavigationTest: 99: (28.032766, -82.407921, 18.260000)	R:false  F:false
02-28 09:09:30.199  2666  3413 V Avrcp_ext: Device: no name:
02-28 09:09:30.199 13511 13544 D NavServiceProvider: Second to last stop coordinates: 28.03268, -82.432393
02-28 09:09:30.199  2666  3413 V Avrcp_ext: Device: no name:
02-28 09:09:30.199  2666  3413 I chatty  : uid=1002(bluetooth) BluetoothAvrcpH identical 2 lines
02-28 09:09:30.199  2666  3413 V Avrcp_ext: Device: no name:
02-28 09:09:30.199  2666  3413 V Avrcp_ext: updatePlayerStateAndPosition, old=PlaybackState {state=2, position=-1, buffered position=0, speed=0.0, updated=1773402, actions=0, custom actions=[], active item id=-1, error=null}, state=PlaybackState {state=2, position=-1, buffered position=0, speed=0.0, updated=1773529, actions=0, custom actions=[], active item id=-1, error=null}
02-28 09:09:30.199  2666  3413 V Avrcp_ext: old state = PlaybackState {state=2, position=-1, buffered position=0, speed=0.0, updated=1773402, actions=0, custom actions=[], active item id=-1, error=null}, new state= PlaybackState {state=2, position=-1, buffered position=0, speed=0.0, updated=1773529, actions=0, custom actions=[], active item id=-1, error=null}
02-28 09:09:30.199  2666  3413 D HeadsetService: getHeadsetService(): returning com.android.bluetooth.hfp.HeadsetService@8a04d28
02-28 09:09:30.199  2666  3413 D HeadsetService:  isAudioOn: The number of audio connected devices 0
02-28 09:09:30.199  2666  3413 D HeadsetService: isScoOrCallActive(): Call Active:falseCall is Ringing:falseSCO is Active:false
02-28 09:09:30.199 13511 13544 D NavServiceProvider: Setting units automatically
02-28 09:09:30.199  2666  3413 D HeadsetService:  isAudioOn: The number of audio connected devices 0
02-28 09:09:30.199  2666  3413 I Avrcp_ext: updatePlayStatusForDevice: device: null
02-28 09:09:30.200  2666  3413 V Avrcp_ext: updatePlaybackState (1): old=PlaybackState {state=2, position=-1, buffered position=0, speed=0.0, updated=1773402, actions=0, custom actions=[], active item id=-1, error=null}(2), new=PlaybackState {state=2, position=-1, buffered position=0, speed=0.0, updated=1773529, actions=0, custom actions=[], active item id=-1, error=null}(2)
02-28 09:09:30.200  2666  3413 I Avrcp_ext: Exit updatePlayStatusForDevice
02-28 09:09:30.200  2666  3413 D HeadsetService:  isAudioOn: The number of audio connected devices 0
02-28 09:09:30.200  2666  3413 D HeadsetService: isScoOrCallActive(): Call Active:falseCall is Ringing:falseSCO is Active:false
02-28 09:09:30.200  2666  3413 D HeadsetService:  isAudioOn: The number of audio connected devices 0
02-28 09:09:30.200  2666  3413 I Avrcp_ext: updatePlayStatusForDevice: device: null
02-28 09:09:30.200  2666  3413 V Avrcp_ext: updatePlaybackState (1): old=PlaybackState {state=2, position=-1, buffered position=0, speed=0.0, updated=1773402, actions=0, custom actions=[], active item id=-1, error=null}(2), new=PlaybackState {state=2, position=-1, buffered position=0, speed=0.0, updated=1773529, actions=0, custom actions=[], active item id=-1, error=null}(2)
02-28 09:09:30.200  2666  3413 I Avrcp_ext: Exit updatePlayStatusForDevice
02-28 09:09:30.200  2666  3413 D HeadsetService:  isAudioOn: The number of audio connected devices 0
02-28 09:09:30.200  2666  3413 D HeadsetService: isScoOrCallActive(): Call Active:falseCall is Ringing:falseSCO is Active:false
02-28 09:09:30.201  2666  3413 D HeadsetService:  isAudioOn: The number of audio connected devices 0
02-28 09:09:30.201  2666  3413 I Avrcp_ext: updatePlayStatusForDevice: device: null
02-28 09:09:30.201  2666  3413 V Avrcp_ext: updatePlaybackState (1): old=PlaybackState {state=2, position=-1, buffered position=0, speed=0.0, updated=1773402, actions=0, custom actions=[], active item id=-1, error=null}(2), new=PlaybackState {state=2, position=-1, buffered position=0, speed=0.0, updated=1773529, actions=0, custom actions=[], active item id=-1, error=null}(2)
02-28 09:09:30.201  2666  3413 I Avrcp_ext: Exit updatePlayStatusForDevice
02-28 09:09:30.201  2666  3413 D HeadsetService:  isAudioOn: The number of audio connected devices 0
02-28 09:09:30.201  2666  3413 D HeadsetService: isScoOrCallActive(): Call Active:falseCall is Ringing:falseSCO is Active:false
02-28 09:09:30.201  2666  3413 D HeadsetService:  isAudioOn: The number of audio connected devices 0
02-28 09:09:30.201  2666  3413 I Avrcp_ext: updatePlayStatusForDevice: device: null
02-28 09:09:30.201  2666  3413 V Avrcp_ext: updatePlaybackState (1): old=PlaybackState {state=2, position=-1, buffered position=0, speed=0.0, updated=1773402, actions=0, custom actions=[], active item id=-1, error=null}(2), new=PlaybackState {state=2, position=-1, buffered position=0, speed=0.0, updated=1773529, actions=0, custom actions=[], active item id=-1, error=null}(2)
02-28 09:09:30.201  2666  3413 I Avrcp_ext: Exit updatePlayStatusForDevice
02-28 09:09:30.201  2666  3413 D HeadsetService:  isAudioOn: The number of audio connected devices 0
02-28 09:09:30.201  2666  3413 D HeadsetService: isScoOrCallActive(): Call Active:falseCall is Ringing:falseSCO is Active:false
02-28 09:09:30.201  2666  3413 D HeadsetService:  isAudioOn: The number of audio connected devices 0
02-28 09:09:30.201  2666  3413 I Avrcp_ext: updatePlayStatusForDevice: device: null
02-28 09:09:30.201  2666  3413 V Avrcp_ext: updatePlaybackState (1): old=PlaybackState {state=2, position=-1, buffered position=0, speed=0.0, updated=1773402, actions=0, custom actions=[], active item id=-1, error=null}(2), new=PlaybackState {state=2, position=-1, buffered position=0, speed=0.0, updated=1773529, actions=0, custom actions=[], active item id=-1, error=null}(2)
02-28 09:09:30.201  2666  3413 I Avrcp_ext: Exit updatePlayStatusForDevice
02-28 09:09:30.201  2666  3413 D Avrcp_ext: Enter sendPlayPosNotificationRsp
02-28 09:09:30.201  2666  3413 D Avrcp_ext: sendPlayPosNotificationRsp: Not registered or requesting.
02-28 09:09:30.201  2666  3413 D Avrcp_ext: Enter sendPlayPosNotificationRsp
02-28 09:09:30.201  2666  3413 D Avrcp_ext: sendPlayPosNotificationRsp: Not registered or requesting.
02-28 09:09:30.201  2666  3413 D Avrcp_ext: Enter sendPlayPosNotificationRsp
02-28 09:09:30.201  2666  3413 D Avrcp_ext: sendPlayPosNotificationRsp: Not registered or requesting.
02-28 09:09:30.201  2666  3413 D Avrcp_ext: Enter sendPlayPosNotificationRsp
02-28 09:09:30.201  2666  3413 D Avrcp_ext: sendPlayPosNotificationRsp: Not registered or requesting.
02-28 09:09:30.201  2666  3413 D Avrcp_ext: Enter sendPlayPosNotificationRsp
02-28 09:09:30.201  2666  3413 D Avrcp_ext: sendPlayPosNotificationRsp: Not registered or requesting.
02-28 09:09:30.201  2666  3413 V Avrcp_ext: Exit updatePlayerStateAndPosition
02-28 09:09:30.202 13511 13544 D NavServiceProvider: Detecting stop. distance_d=2387.2297. stop_type=1 speed=17.98007
02-28 09:09:30.202 13511 13544 D NavigationTest: 100: (28.032769, -82.408116, 17.980070)	R:false  F:false
02-28 09:09:30.202 13511 13544 D NavigationTest: 101: (28.032769, -82.408116, 17.980070)	R:false  F:false
02-28 09:09:30.202 13511 13544 D NavServiceProvider: Second to last stop coordinates: 28.03268, -82.432393
02-28 09:09:30.202 13511 13544 D NavServiceProvider: Setting units automatically
02-28 09:09:30.204 13511 13544 D NavServiceProvider: Detecting stop. distance_d=2372.0881. stop_type=1 speed=16.940048
02-28 09:09:30.204 13511 13544 D NavigationTest: 102: (28.032772, -82.408270, 16.940048)	R:false  F:false
02-28 09:09:30.204 13511 13544 D NavigationTest: 103: (28.032772, -82.408270, 16.940048)	R:false  F:false
02-28 09:09:30.204 13511 13544 D NavServiceProvider: Second to last stop coordinates: 28.03268, -82.432393
02-28 09:09:30.204 13511 13544 D NavServiceProvider: Setting units automatically
02-28 09:09:30.206 13511 13544 D NavServiceProvider: Detecting stop. distance_d=2354.779. stop_type=1 speed=16.140152
02-28 09:09:30.206 13511 13544 D NavigationTest: 104: (28.032766, -82.408446, 16.140152)	R:false  F:false
02-28 09:09:30.206 13511 13544 D NavigationTest: 105: (28.032766, -82.408446, 16.140152)	R:false  F:false
02-28 09:09:30.206 13511 13544 D NavServiceProvider: Second to last stop coordinates: 28.03268, -82.432393
02-28 09:09:30.206 13511 13544 D NavServiceProvider: Setting units automatically
02-28 09:09:30.208 13511 13544 D NavServiceProvider: Detecting stop. distance_d=2339.736. stop_type=1 speed=15.890004
02-28 09:09:30.208 13511 13544 D NavigationTest: 106: (28.032770, -82.408599, 15.890004)	R:false  F:false
02-28 09:09:30.208 13511 13544 D NavigationTest: 107: (28.032770, -82.408599, 15.890004)	R:false  F:false
02-28 09:09:30.208 13511 13544 D NavServiceProvider: Second to last stop coordinates: 28.03268, -82.432393
02-28 09:09:30.208 13511 13544 D NavServiceProvider: Setting units automatically
02-28 09:09:30.210 13511 13544 D NavServiceProvider: Detecting stop. distance_d=2326.0625. stop_type=1 speed=14.240424
02-28 09:09:30.210 13511 13544 D NavigationTest: 108: (28.032757, -82.408738, 14.240424)	R:false  F:false
02-28 09:09:30.210 13511 13544 D NavServiceProvider: Second to last stop coordinates: 28.03268, -82.432393
02-28 09:09:30.211 13511 13544 D NavServiceProvider: Setting units automatically
02-28 09:09:30.213   871  6793 D msm8974_platform: platform_split_snd_device: snd_device(2) num devices(1) new_snd_devices(0)
02-28 09:09:30.213 13511 13544 D NavServiceProvider: Detecting stop. distance_d=2313.4836. stop_type=1 speed=13.090061
02-28 09:09:30.213 13511 13544 D NavigationTest: 109: (28.032774, -82.408866, 13.090061)	R:false  F:false
02-28 09:09:30.213 13511 13544 D NavigationTest: 110: (28.032774, -82.408866, 13.090061)	R:false  F:false
02-28 09:09:30.214 13511 13544 D NavServiceProvider: Second to last stop coordinates: 28.03268, -82.432393
02-28 09:09:30.214 13511 13544 D NavServiceProvider: Setting units automatically
02-28 09:09:30.215 13511 13544 D NavServiceProvider: Detecting stop. distance_d=2301.4854. stop_type=1 speed=11.780424
02-28 09:09:30.215 13511 13544 D NavigationTest: 111: (28.032770, -82.408988, 11.780424)	R:false  F:false
02-28 09:09:30.215 13511 13544 D NavServiceProvider: Second to last stop coordinates: 28.03268, -82.432393
02-28 09:09:30.215 13511 13544 D NavServiceProvider: Setting units automatically
02-28 09:09:30.217 13511 13544 D NavServiceProvider: Detecting stop. distance_d=2292.4365. stop_type=1 speed=10.960005
02-28 09:09:30.217 13511 13544 D NavigationTest: 112: (28.032765, -82.409080, 10.960005)	R:false  F:false
02-28 09:09:30.217 13511 13544 D NavigationTest: 113: (28.032765, -82.409080, 10.960005)	R:false  F:false
02-28 09:09:30.217 13511 13544 D NavServiceProvider: Second to last stop coordinates: 28.03268, -82.432393
02-28 09:09:30.217 13511 13544 D NavServiceProvider: Setting units automatically
02-28 09:09:30.218 13511 13544 D NavServiceProvider: Detecting stop. distance_d=2286.5383. stop_type=1 speed=8.64037
02-28 09:09:30.218 13511 13544 D NavigationTest: 114: (28.032769, -82.409140, 8.640370)	R:false  F:false
02-28 09:09:30.218 13511 13544 D NavServiceProvider: Second to last stop coordinates: 28.03268, -82.432393
02-28 09:09:30.219 13511 13544 D NavServiceProvider: Setting units automatically
02-28 09:09:30.220 13511 13544 D NavServiceProvider: Detecting stop. distance_d=2281.4238. stop_type=1 speed=7.28044
02-28 09:09:30.220 13511 13544 D NavigationTest: 115: (28.032766, -82.409192, 7.280440)	R:false  F:false
02-28 09:09:30.220 13511 13544 D NavigationTest: 116: (28.032766, -82.409192, 7.280440)	R:false  F:false
02-28 09:09:30.220 13511 13544 D NavServiceProvider: Second to last stop coordinates: 28.03268, -82.432393
02-28 09:09:30.220 13511 13544 D NavServiceProvider: Setting units automatically
02-28 09:09:30.221 13511 13544 D NavServiceProvider: Detecting stop. distance_d=2277.6892. stop_type=1 speed=6.030133
02-28 09:09:30.221 13511 13544 D NavigationTest: 117: (28.032770, -82.409230, 6.030133)	R:false  F:false
02-28 09:09:30.221 13511 13544 D NavServiceProvider: Second to last stop coordinates: 28.03268, -82.432393
02-28 09:09:30.222 13511 13544 D NavServiceProvider: Setting units automatically
02-28 09:09:30.223 13511 13544 D NavServiceProvider: Detecting stop. distance_d=2272.1904. stop_type=1 speed=5.780312
02-28 09:09:30.223 13511 13544 D NavigationTest: 118: (28.032785, -82.409286, 5.780312)	R:false  F:false
02-28 09:09:30.223 13511 13544 D NavigationTest: 119: (28.032785, -82.409286, 5.780312)	R:false  F:false
02-28 09:09:30.223 13511 13544 D NavServiceProvider: Second to last stop coordinates: 28.03268, -82.432393
02-28 09:09:30.223 13511 13544 D NavServiceProvider: Setting units automatically
02-28 09:09:30.224 13511 13544 D NavServiceProvider: Detecting stop. distance_d=2266.5896. stop_type=1 speed=5.790138
02-28 09:09:30.224 13511 13544 D NavigationTest: 120: (28.032792, -82.409343, 5.790138)	R:false  F:false
02-28 09:09:30.224 13511 13544 D NavServiceProvider: Second to last stop coordinates: 28.03268, -82.432393
02-28 09:09:30.224 13511 13544 D NavServiceProvider: Setting units automatically
02-28 09:09:30.225 13511 13544 D NavServiceProvider: Detecting stop. distance_d=2263.054. stop_type=1 speed=5.00009
02-28 09:09:30.225 13511 13544 D NavigationTest: 121: (28.032799, -82.409379, 5.000090)	R:false  F:false
02-28 09:09:30.225 13511 13544 D NavigationTest: 122: (28.032799, -82.409379, 5.000090)	R:false  F:false
02-28 09:09:30.225 13511 13544 D NavServiceProvider: Second to last stop coordinates: 28.03268, -82.432393
02-28 09:09:30.226 13511 13544 D NavServiceProvider: Setting units automatically
02-28 09:09:30.227 13511 13544 D NavServiceProvider: Detecting stop. distance_d=2261.5637. stop_type=1 speed=3.670054
02-28 09:09:30.227 13511 13544 D NavigationTest: 123: (28.032772, -82.409394, 3.670054)	R:false  F:false
02-28 09:09:30.227 13511 13544 D NavigationTest: 124: (28.032772, -82.409394, 3.670054)	R:false  F:false
02-28 09:09:30.227 13511 13544 D NavServiceProvider: Second to last stop coordinates: 28.03268, -82.432393
02-28 09:09:30.227 13511 13544 D NavServiceProvider: Setting units automatically
02-28 09:09:30.228 13511 13544 D NavServiceProvider: Detecting stop. distance_d=2260.0771. stop_type=1 speed=2.890277
02-28 09:09:30.228 13511 13544 D NavigationTest: 125: (28.032744, -82.409409, 2.890277)	R:false  F:false
02-28 09:09:30.228 13511 13544 D NavServiceProvider: Second to last stop coordinates: 28.03268, -82.432393
02-28 09:09:30.228 13511 13544 D NavServiceProvider: Setting units automatically
02-28 09:09:30.230 13511 13544 D NavServiceProvider: Detecting stop. distance_d=2265.0962. stop_type=1 speed=0.812711
02-28 09:09:30.230 13511 13544 D NavigationTest: 126: (28.032755, -82.409358, 0.812711)	R:false  F:false
02-28 09:09:30.230 13511 13544 D NavigationTest: 127: (28.032755, -82.409358, 0.812711)	R:false  F:false
02-28 09:09:30.230 13511 13544 D NavServiceProvider: Second to last stop coordinates: 28.03268, -82.432393
02-28 09:09:30.230 13511 13544 D NavServiceProvider: Setting units automatically
02-28 09:09:30.231 13511 13544 D NavServiceProvider: Detecting stop. distance_d=2262.9321. stop_type=1 speed=0.488365
02-28 09:09:30.231 13511 13544 D NavigationTest: 128: (28.032753, -82.409380, 0.488365)	R:false  F:false
02-28 09:09:30.231 13511 13544 D NavServiceProvider: Second to last stop coordinates: 28.03268, -82.432393
02-28 09:09:30.231 13511 13544 D NavServiceProvider: Setting units automatically
02-28 09:09:30.232 13511 13544 D NavServiceProvider: Detecting stop. distance_d=2263.529. stop_type=1 speed=0.0
02-28 09:09:30.232 13511 13544 D NavigationTest: 129: (28.032769, -82.409374, 0.000000)	R:false  F:false
02-28 09:09:30.232 13511 13544 D NavigationTest: 130: (28.032769, -82.409374, 0.000000)	R:false  F:false
02-28 09:09:30.232 13511 13544 D NavServiceProvider: Second to last stop coordinates: 28.03268, -82.432393
02-28 09:09:30.233 13511 13544 D NavServiceProvider: Setting units automatically
02-28 09:09:30.234 13511 13544 D NavServiceProvider: Detecting stop. distance_d=2263.9187. stop_type=1 speed=0.0
02-28 09:09:30.234 13511 13544 D NavigationTest: 131: (28.032761, -82.409370, 0.000000)	R:false  F:false
02-28 09:09:30.234 13511 13544 D NavigationTest: 132: (28.032761, -82.409370, 0.000000)	R:false  F:false
02-28 09:09:30.234 13511 13544 D NavServiceProvider: Second to last stop coordinates: 28.03268, -82.432393
02-28 09:09:30.234 13511 13544 D NavServiceProvider: Setting units automatically
02-28 09:09:30.235 13511 13544 D NavServiceProvider: Detecting stop. distance_d=2263.9187. stop_type=1 speed=0.0
02-28 09:09:30.235 13511 13544 D NavigationTest: 133: (28.032761, -82.409370, 0.000000)	R:false  F:false
02-28 09:09:30.235 13511 13544 D NavigationTest: 134: (28.032761, -82.409370, 0.000000)	R:false  F:false
02-28 09:09:30.235 13511 13544 D NavServiceProvider: Second to last stop coordinates: 28.03268, -82.432393
02-28 09:09:30.236 13511 13544 D NavServiceProvider: Setting units automatically
02-28 09:09:30.237 13511 13544 D NavServiceProvider: Detecting stop. distance_d=2264.3108. stop_type=1 speed=0.0
02-28 09:09:30.237 13511 13544 D NavigationTest: 135: (28.032758, -82.409366, 0.000000)	R:false  F:false
02-28 09:09:30.237 13511 13544 D NavServiceProvider: Second to last stop coordinates: 28.03268, -82.432393
02-28 09:09:30.237 13511 13544 D NavServiceProvider: Setting units automatically
02-28 09:09:30.238 13511 13544 D NavServiceProvider: Detecting stop. distance_d=2264.607. stop_type=1 speed=0.0
02-28 09:09:30.238 13511 13544 D NavigationTest: 136: (28.032761, -82.409363, 0.000000)	R:false  F:false
02-28 09:09:30.238 13511 13544 D NavigationTest: 137: (28.032761, -82.409363, 0.000000)	R:false  F:false
02-28 09:09:30.238 13511 13544 D NavigationTest: 138: (28.032761, -82.409363, 0.000000)	R:false  F:false
02-28 09:09:30.238 13511 13544 D NavServiceProvider: Second to last stop coordinates: 28.03268, -82.432393
02-28 09:09:30.238 13511 13544 D NavServiceProvider: Setting units automatically
02-28 09:09:30.239 13511 13544 D NavServiceProvider: Detecting stop. distance_d=2266.0837. stop_type=1 speed=0.0
02-28 09:09:30.239 13511 13544 D NavigationTest: 139: (28.032765, -82.409348, 0.000000)	R:false  F:false
02-28 09:09:30.239 13511 13544 D NavigationTest: 140: (28.032765, -82.409348, 0.000000)	R:false  F:false
02-28 09:09:30.240 13511 13544 D NavServiceProvider: Second to last stop coordinates: 28.03268, -82.432393
02-28 09:09:30.240 13511 13544 D NavServiceProvider: Setting units automatically
02-28 09:09:30.241 13511 13544 D NavServiceProvider: Detecting stop. distance_d=2266.0837. stop_type=1 speed=0.0
02-28 09:09:30.241 13511 13544 D NavigationTest: 141: (28.032765, -82.409348, 0.000000)	R:false  F:false
02-28 09:09:30.241 13511 13544 D NavServiceProvider: Second to last stop coordinates: 28.03268, -82.432393
