02-28 09:09:32.930 13511 13544 I TestRunner: started: testTrip25C(org.onebusaway.android.nav.test.NavigationTest)
02-28 09:09:32.932 13511 13511 I MonitoringInstr: Activities that are still in CREATED to STOPPED: 0
02-28 09:09:32.936 13579 13612 W EventProcessor: callback.start() returned error code: -1
02-28 09:09:32.939 13511 13544 D NavServiceProvider: Creating NavigationServiceProvider...
02-28 09:09:32.939 13511 13544 D NavServiceProvider: Starting navigation for service
02-28 09:09:32.939 13511 13544 D NavServiceProvider: ProximityCalculator initializing...
02-28 09:09:32.939 13511 13544 D NavServiceProvider: Initializing ProximityCalculator
02-28 09:09:32.939 13511 13544 D NavServiceProvider: Number of path links: 1
02-28 09:09:32.939 13511 13544 D NavServiceProvider: Second to last stop coordinates: 28.065764, -82.40739
02-28 09:09:32.940 13511 13544 D NavServiceProvider: Setting units automatically
02-28 09:09:32.941 13511 13544 D NavServiceProvider: Detecting stop. distance_d=713.3047. stop_type=1 speed=3.0
02-28 09:09:32.941 13511 13544 D NavigationTest: 0: (28.059800, -82.404661, 3.000000)	R:false  F:false
02-28 09:09:32.941 13511 13544 D NavServiceProvider: Second to last stop coordinates: 28.065764, -82.40739
02-28 09:09:32.942 13511 13544 D NavServiceProvider: Setting units automatically
02-28 09:09:32.944 13511 13544 D NavServiceProvider: Detecting stop. distance_d=714.0942. stop_type=1 speed=1.25
02-28 09:09:32.944 13511 13544 D NavigationTest: 1: (28.059797, -82.404648, 1.250000)	R:false  F:false
02-28 09:09:32.944 13511 13544 D NavigationTest: 2: (28.059797, -82.404648, 1.250000)	R:false  F:false
02-28 09:09:32.944 13511 13544 D NavigationTest: 3: (28.059797, -82.404648, 1.250000)	R:false  F:false
02-28 09:09:32.944 13511 13544 D NavServiceProvider: Second to last stop coordinates: 28.065764, -82.40739
02-28 09:09:32.944 13511 13544 D NavServiceProvider: Setting units automatically
02-28 09:09:32.946 13511 13544 D NavServiceProvider: Detecting stop. distance_d=715.1462. stop_type=1 speed=1.25
02-28 09:09:32.946 13511 13544 D NavigationTest: 4: (28.059794, -82.404628, 1.250000)	R:false  F:false
02-28 09:09:32.946 13511 13544 D NavServiceProvider: Second to last stop coordinates: 28.065764, -82.40739
02-28 09:09:32.947 13511 13544 D NavServiceProvider: Setting units automatically
02-28 09:09:32.948 13511 13544 D NavServiceProvider: Detecting stop. distance_d=716.3901. stop_type=1 speed=2.25
02-28 09:09:32.948 13511 13544 D NavigationTest: 5: (28.059791, -82.404603, 2.250000)	R:false  F:false
02-28 09:09:32.948 13511 13544 D NavigationTest: 6: (28.059791, -82.404603, 2.250000)	R:false  F:false
02-28 09:09:32.949 13511 13544 D NavServiceProvider: Second to last stop coordinates: 28.065764, -82.40739
02-28 09:09:32.949 13511 13544 D NavServiceProvider: Setting units automatically
02-28 09:09:32.949 13579 13612 I GoogleTTSServiceImpl: Synthesis request for locale eng-USA and name en-US-language
02-28 09:09:32.950 13579 13612 I GoogleTTSServiceImpl: TTS dispatch: en-us-x-iog-seanet-embedded
02-28 09:09:32.950 13511 13544 D NavServiceProvider: Detecting stop. distance_d=718.987. stop_type=1 speed=4.0
02-28 09:09:32.950 13511 13544 D NavigationTest: 7: (28.059783, -82.404556, 4.000000)	R:false  F:false
02-28 09:09:32.951 13511 13544 D NavigationTest: 8: (28.059783, -82.404556, 4.000000)	R:false  F:false
02-28 09:09:32.951 13511 13544 D NavServiceProvider: Second to last stop coordinates: 28.065764, -82.40739
02-28 09:09:32.951 13511 13544 D NavServiceProvider: Setting units automatically
02-28 09:09:32.952 13511 13544 D NavServiceProvider: Detecting stop. distance_d=721.9815. stop_type=1 speed=5.75
02-28 09:09:32.952 13511 13544 D NavigationTest: 9: (28.059777, -82.404494, 5.750000)	R:false  F:false
02-28 09:09:32.952 13511 13544 D NavigationTest: 10: (28.059777, -82.404494, 5.750000)	R:false  F:false
02-28 09:09:32.953 13511 13544 D NavServiceProvider: Second to last stop coordinates: 28.065764, -82.40739
02-28 09:09:32.953 13511 13544 D NavServiceProvider: Setting units automatically
02-28 09:09:32.954 13511 13544 D NavServiceProvider: Detecting stop. distance_d=725.2866. stop_type=1 speed=7.0
02-28 09:09:32.954 13511 13544 D NavigationTest: 11: (28.059773, -82.404420, 7.000000)	R:false  F:false
02-28 09:09:32.954 13511 13544 D NavigationTest: 12: (28.059773, -82.404420, 7.000000)	R:false  F:false
02-28 09:09:32.954 13511 13544 D NavServiceProvider: Second to last stop coordinates: 28.065764, -82.40739
02-28 09:09:32.955 13511 13544 D NavServiceProvider: Setting units automatically
02-28 09:09:32.956 13511 13544 D NavServiceProvider: Detecting stop. distance_d=728.8319. stop_type=1 speed=8.5
02-28 09:09:32.956 13511 13544 D NavigationTest: 13: (28.059772, -82.404334, 8.500000)	R:false  F:false
02-28 09:09:32.956 13511 13544 D NavServiceProvider: Second to last stop coordinates: 28.065764, -82.40739
02-28 09:09:32.956 13511 13544 D NavServiceProvider: Setting units automatically
02-28 09:09:32.957 13511 13544 D NavServiceProvider: Detecting stop. distance_d=733.6523. stop_type=1 speed=10.0
02-28 09:09:32.957 13511 13544 D NavigationTest: 14: (28.059762, -82.404241, 10.000000)	R:false  F:false
02-28 09:09:32.957 13511 13544 D NavigationTest: 15: (28.059762, -82.404241, 10.000000)	R:false  F:false
02-28 09:09:32.957 13511 13544 D NavServiceProvider: Second to last stop coordinates: 28.065764, -82.40739
02-28 09:09:32.958 13511 13544 D NavServiceProvider: Setting units automatically
02-28 09:09:32.959 13511 13544 D NavServiceProvider: Detecting stop. distance_d=737.76733. stop_type=1 speed=10.5
02-28 09:09:32.959 13511 13544 D NavigationTest: 16: (28.059765, -82.404136, 10.500000)	R:false  F:false
02-28 09:09:32.959 13511 13544 D NavigationTest: 17: (28.059765, -82.404136, 10.500000)	R:false  F:false
02-28 09:09:32.959 13511 13544 D NavServiceProvider: Second to last stop coordinates: 28.065764, -82.40739
02-28 09:09:32.960 13511 13544 D NavServiceProvider: Setting units automatically
02-28 09:09:32.961 13511 13544 D NavServiceProvider: Detecting stop. distance_d=743.6201. stop_type=1 speed=11.0
02-28 09:09:32.961 13511 13544 D NavigationTest: 18: (28.059757, -82.404019, 11.000000)	R:false  F:false
02-28 09:09:32.961 13511 13544 D NavServiceProvider: Second to last stop coordinates: 28.065764, -82.40739
02-28 09:09:32.962 13511 13544 D NavServiceProvider: Setting units automatically
02-28 09:09:32.963 13511 13544 D NavServiceProvider: Detecting stop. distance_d=750.1703. stop_type=1 speed=12.0
02-28 09:09:32.963 13511 13544 D NavigationTest: 19: (28.059746, -82.403896, 12.000000)	R:false  F:false
02-28 09:09:32.963 13511 13544 D NavigationTest: 20: (28.059746, -82.403896, 12.000000)	R:false  F:false
02-28 09:09:32.963 13511 13544 D NavServiceProvider: Second to last stop coordinates: 28.065764, -82.40739
02-28 09:09:32.964 13511 13544 D NavServiceProvider: Setting units automatically
02-28 09:09:32.965 13511 13544 D NavServiceProvider: Detecting stop. distance_d=756.40027. stop_type=1 speed=12.25
02-28 09:09:32.965 13511 13544 D NavigationTest: 21: (28.059743, -82.403766, 12.250000)	R:false  F:false
02-28 09:09:32.965 13511 13544 D NavServiceProvider: Second to last stop coordinates: 28.065764, -82.40739
02-28 09:09:32.965 13511 13544 D NavServiceProvider: Setting units automatically
02-28 09:09:32.966 13511 13544 D NavServiceProvider: Detecting stop. distance_d=762.2118. stop_type=1 speed=12.25
02-28 09:09:32.966 13511 13544 D NavigationTest: 22: (28.059746, -82.403636, 12.250000)	R:false  F:false
02-28 09:09:32.966 13511 13544 D NavigationTest: 23: (28.059746, -82.403636, 12.250000)	R:false  F:false
02-28 09:09:32.966 13511 13544 D NavServiceProvider: Second to last stop coordinates: 28.065764, -82.40739
02-28 09:09:32.966 13511 13544 D NavServiceProvider: Setting units automatically
02-28 09:09:32.968 13511 13544 D NavServiceProvider: Detecting stop. distance_d=768.28394. stop_type=1 speed=12.25
02-28 09:09:32.968 13511 13544 D NavigationTest: 24: (28.059745, -82.403512, 12.250000)	R:false  F:false
02-28 09:09:32.968 13511 13544 D NavServiceProvider: Second to last stop coordinates: 28.065764, -82.40739
02-28 09:09:32.968 13511 13544 D NavServiceProvider: Setting units automatically
02-28 09:09:32.970 13511 13544 D NavServiceProvider: Detecting stop. distance_d=775.04095. stop_type=1 speed=12.75
02-28 09:09:32.970 13511 13544 D NavigationTest: 25: (28.059742, -82.403381, 12.750000)	R:false  F:false
02-28 09:09:32.970 13511 13544 D NavigationTest: 26: (28.059742, -82.403381, 12.750000)	R:false  F:false
02-28 09:09:32.970 13511 13544 D NavServiceProvider: Second to last stop coordinates: 28.065764, -82.40739
02-28 09:09:32.970 13511 13544 D NavServiceProvider: Setting units automatically
02-28 09:09:32.972 13511 13544 D NavServiceProvider: Detecting stop. distance_d=781.59393. stop_type=1 speed=12.0
02-28 09:09:32.972 13511 13544 D NavigationTest: 27: (28.059739, -82.403257, 12.000000)	R:false  F:false
02-28 09:09:32.972 13511 13544 D NavServiceProvider: Second to last stop coordinates: 28.065764, -82.40739
02-28 09:09:32.972 13511 13544 D NavServiceProvider: Setting units automatically
02-28 09:09:32.974 13511 13544 D NavServiceProvider: Detecting stop. distance_d=787.06104. stop_type=1 speed=10.25
02-28 09:09:32.974 13511 13544 D NavigationTest: 28: (28.059739, -82.403151, 10.250000)	R:false  F:false
02-28 09:09:32.974 13511 13544 D NavigationTest: 29: (28.059739, -82.403151, 10.250000)	R:false  F:false
02-28 09:09:32.974 13511 13544 D NavServiceProvider: Second to last stop coordinates: 28.065764, -82.40739
02-28 09:09:32.974 13511 13544 D NavServiceProvider: Setting units automatically
02-28 09:09:32.976 13511 13544 D NavServiceProvider: Detecting stop. distance_d=792.86707. stop_type=1 speed=10.25
02-28 09:09:32.976 13511 13544 D NavigationTest: 30: (28.059737, -82.403044, 10.250000)	R:false  F:false
02-28 09:09:32.976 13511 13544 D NavServiceProvider: Second to last stop coordinates: 28.065764, -82.40739
02-28 09:09:32.976 13511 13544 D NavServiceProvider: Setting units automatically
02-28 09:09:32.977 13511 13544 D NavServiceProvider: Detecting stop. distance_d=796.17786. stop_type=1 speed=6.75
02-28 09:09:32.977 13511 13544 D NavigationTest: 31: (28.059730, -82.402994, 6.750000)	R:false  F:false
02-28 09:09:32.977 13511 13544 D NavigationTest: 32: (28.059730, -82.402994, 6.750000)	R:false  F:false
02-28 09:09:32.977 13511 13544 D NavServiceProvider: Second to last stop coordinates: 28.065764, -82.40739
02-28 09:09:32.977 13511 13544 D NavServiceProvider: Setting units automatically
02-28 09:09:32.979 13511 13544 D NavServiceProvider: Detecting stop. distance_d=799.7719. stop_type=1 speed=6.75
02-28 09:09:32.979 13511 13544 D NavigationTest: 33: (28.059730, -82.402927, 6.750000)	R:false  F:false
02-28 09:09:32.979 13511 13544 D NavServiceProvider: Second to last stop coordinates: 28.065764, -82.40739
02-28 09:09:32.979 13511 13544 D NavServiceProvider: Setting units automatically
02-28 09:09:32.980 13511 13544 D NavServiceProvider: Detecting stop. distance_d=800.23627. stop_type=1 speed=3.5
02-28 09:09:32.980 13511 13544 D NavigationTest: 34: (28.059739, -82.402903, 3.500000)	R:false  F:false
02-28 09:09:32.980 13511 13544 D NavigationTest: 35: (28.059739, -82.402903, 3.500000)	R:false  F:false
02-28 09:09:32.980 13511 13544 D NavServiceProvider: Second to last stop coordinates: 28.065764, -82.40739
02-28 09:09:32.981 13511 13544 D NavServiceProvider: Setting units automatically
02-28 09:09:32.982 13511 13544 D NavServiceProvider: Detecting stop. distance_d=803.08954. stop_type=1 speed=2.0
02-28 09:09:32.982 13511 13544 D NavigationTest: 36: (28.059734, -82.402859, 2.000000)	R:false  F:false
02-28 09:09:32.982 13511 13544 D NavigationTest: 37: (28.059734, -82.402859, 2.000000)	R:false  F:false
02-28 09:09:32.982 13511 13544 D NavServiceProvider: Second to last stop coordinates: 28.065764, -82.40739
02-28 09:09:32.982 13511 13544 D NavServiceProvider: Setting units automatically
02-28 09:09:32.983 13511 13544 D NavServiceProvider: Detecting stop. distance_d=804.63934. stop_type=1 speed=2.25
02-28 09:09:32.983 13511 13544 D NavigationTest: 38: (28.059732, -82.402834, 2.250000)	R:false  F:false
02-28 09:09:32.983 13511 13544 D NavigationTest: 39: (28.059732, -82.402834, 2.250000)	R:false  F:false
02-28 09:09:32.983 13511 13544 D NavServiceProvider: Second to last stop coordinates: 28.065764, -82.40739
02-28 09:09:32.983 13511 13544 D NavServiceProvider: Setting units automatically
02-28 09:09:32.984 13511 13544 D NavServiceProvider: Detecting stop. distance_d=805.9001. stop_type=1 speed=2.25
02-28 09:09:32.984 13511 13544 D NavigationTest: 40: (28.059732, -82.402811, 2.250000)	R:false  F:false
02-28 09:09:32.984 13511 13544 D NavServiceProvider: Second to last stop coordinates: 28.065764, -82.40739
02-28 09:09:32.985 13511 13544 D NavServiceProvider: Setting units automatically
02-28 09:09:32.986 13511 13544 D NavServiceProvider: Detecting stop. distance_d=806.8184. stop_type=1 speed=3.75
02-28 09:09:32.986 13511 13544 D NavigationTest: 41: (28.059743, -82.402776, 3.750000)	R:false  F:false
02-28 09:09:32.986 13511 13544 D NavigationTest: 42: (28.059743, -82.402776, 3.750000)	R:false  F:false
02-28 09:09:32.986 13511 13544 D NavServiceProvider: Second to last stop coordinates: 28.065764, -82.40739
02-28 09:09:32.986 13511 13544 D NavServiceProvider: Setting units automatically
02-28 09:09:32.987 13511 13544 D NavServiceProvider: Detecting stop. distance_d=807.2845. stop_type=1 speed=5.0
02-28 09:09:32.987 13511 13544 D NavigationTest: 43: (28.059764, -82.402733, 5.000000)	R:false  F:false
02-28 09:09:32.987 13511 13544 D NavServiceProvider: Second to last stop coordinates: 28.065764, -82.40739
02-28 09:09:32.988 13511 13544 D NavServiceProvider: Setting units automatically
02-28 09:09:32.989 13511 13544 D NavServiceProvider: Detecting stop. distance_d=803.6331. stop_type=1 speed=6.0
02-28 09:09:32.989 13511 13544 D NavigationTest: 44: (28.059817, -82.402712, 6.000000)	R:false  F:false
02-28 09:09:32.989 13511 13544 D NavigationTest: 45: (28.059817, -82.402712, 6.000000)	R:false  F:false
02-28 09:09:32.989 13511 13544 D NavServiceProvider: Second to last stop coordinates: 28.065764, -82.40739
02-28 09:09:32.989 13511 13544 D NavServiceProvider: Setting units automatically
02-28 09:09:32.990 13511 13544 D NavServiceProvider: Detecting stop. distance_d=800.5121. stop_type=1 speed=6.0
02-28 09:09:32.990 13511 13544 D NavigationTest: 46: (28.059867, -82.402687, 6.000000)	R:false  F:false
02-28 09:09:32.990 13511 13544 D NavServiceProvider: Second to last stop coordinates: 28.065764, -82.40739
02-28 09:09:32.990 13511 13544 D NavServiceProvider: Setting units automatically
02-28 09:09:32.991 13511 13544 D NavServiceProvider: Detecting stop. distance_d=792.5356. stop_type=1 speed=6.5
02-28 09:09:32.992 13511 13544 D NavigationTest: 47: (28.059937, -82.402716, 6.500000)	R:false  F:false
02-28 09:09:32.992 13511 13544 D NavigationTest: 48: (28.059937, -82.402716, 6.500000)	R:false  F:false
02-28 09:09:32.992 13511 13544 D NavServiceProvider: Second to last stop coordinates: 28.065764, -82.40739
02-28 09:09:32.992 13511 13544 D NavServiceProvider: Setting units automatically
02-28 09:09:32.993 13511 13544 D NavServiceProvider: Detecting stop. distance_d=787.47894. stop_type=1 speed=6.75
02-28 09:09:32.993 13511 13544 D NavigationTest: 49: (28.059988, -82.402724, 6.750000)	R:false  F:false
02-28 09:09:32.993 13511 13544 D NavigationTest: 50: (28.059988, -82.402724, 6.750000)	R:false  F:false
02-28 09:09:32.993 13511 13544 D NavServiceProvider: Second to last stop coordinates: 28.065764, -82.40739
02-28 09:09:32.993 13511 13544 D NavServiceProvider: Setting units automatically
02-28 09:09:32.994 13511 13544 D NavServiceProvider: Detecting stop. distance_d=782.16693. stop_type=1 speed=6.5
02-28 09:09:32.994 13511 13544 D NavigationTest: 51: (28.060049, -82.402721, 6.500000)	R:false  F:false
02-28 09:09:32.994 13511 13544 D NavServiceProvider: Second to last stop coordinates: 28.065764, -82.40739
02-28 09:09:32.995 13511 13544 D NavServiceProvider: Setting units automatically
02-28 09:09:32.996 13511 13544 D NavServiceProvider: Detecting stop. distance_d=776.7613. stop_type=1 speed=6.5
02-28 09:09:32.996 13511 13544 D NavigationTest: 52: (28.060110, -82.402720, 6.500000)	R:false  F:false
02-28 09:09:32.996 13511 13544 D NavigationTest: 53: (28.060110, -82.402720, 6.500000)	R:false  F:false
02-28 09:09:32.996 13511 13544 D NavServiceProvider: Second to last stop coordinates: 28.065764, -82.40739
02-28 09:09:32.997 13511 13544 D NavServiceProvider: Setting units automatically
02-28 09:09:32.998 13511 13544 D NavServiceProvider: Detecting stop. distance_d=772.59357. stop_type=1 speed=5.75
02-28 09:09:32.998 13511 13544 D NavigationTest: 54: (28.060158, -82.402718, 5.750000)	R:false  F:false
02-28 09:09:32.998 13511 13544 D NavServiceProvider: Second to last stop coordinates: 28.065764, -82.40739
02-28 09:09:32.998 13511 13544 D NavServiceProvider: Setting units automatically
02-28 09:09:32.999 13511 13544 D NavServiceProvider: Detecting stop. distance_d=768.0575. stop_type=1 speed=5.25
02-28 09:09:32.999 13511 13544 D NavigationTest: 55: (28.060207, -82.402721, 5.250000)	R:false  F:false
02-28 09:09:32.999 13511 13544 D NavigationTest: 56: (28.060207, -82.402721, 5.250000)	R:false  F:false
02-28 09:09:32.999 13511 13544 D NavServiceProvider: Second to last stop coordinates: 28.065764, -82.40739
02-28 09:09:33.000 13511 13544 D NavServiceProvider: Setting units automatically
02-28 09:09:33.001 13511 13544 D NavServiceProvider: Detecting stop. distance_d=765.8961. stop_type=1 speed=4.25
02-28 09:09:33.001 13511 13544 D NavigationTest: 57: (28.060244, -82.402702, 4.250000)	R:false  F:false
02-28 09:09:33.001 13511 13544 D NavigationTest: 58: (28.060244, -82.402702, 4.250000)	R:false  F:false
02-28 09:09:33.001 13511 13544 D NavServiceProvider: Second to last stop coordinates: 28.065764, -82.40739
02-28 09:09:33.001 13511 13544 D NavServiceProvider: Setting units automatically
02-28 09:09:33.002 13511 13544 D NavServiceProvider: Detecting stop. distance_d=763.21436. stop_type=1 speed=3.0
02-28 09:09:33.002 13511 13544 D NavigationTest: 59: (28.060275, -82.402701, 3.000000)	R:false  F:false
02-28 09:09:33.002 13511 13544 D NavServiceProvider: Second to last stop coordinates: 28.065764, -82.40739
02-28 09:09:33.003 13511 13544 D NavServiceProvider: Setting units automatically
02-28 09:09:33.004 13511 13544 D NavServiceProvider: Detecting stop. distance_d=760.177. stop_type=1 speed=2.5
02-28 09:09:33.004 13511 13544 D NavigationTest: 60: (28.060302, -82.402712, 2.500000)	R:false  F:false
02-28 09:09:33.004 13511 13544 D NavigationTest: 61: (28.060302, -82.402712, 2.500000)	R:false  F:false
02-28 09:09:33.004 13511 13544 D NavServiceProvider: Second to last stop coordinates: 28.065764, -82.40739
02-28 09:09:33.004 13511 13544 D NavServiceProvider: Setting units automatically
02-28 09:09:33.005 13511 13544 D NavServiceProvider: Detecting stop. distance_d=757.2148. stop_type=1 speed=3.25
02-28 09:09:33.005 13511 13544 D NavigationTest: 62: (28.060339, -82.402707, 3.250000)	R:false  F:false
02-28 09:09:33.005 13511 13544 D NavigationTest: 63: (28.060339, -82.402707, 3.250000)	R:false  F:false
02-28 09:09:33.005 13511 13544 D NavServiceProvider: Second to last stop coordinates: 28.065764, -82.40739
02-28 09:09:33.005 13511 13544 D NavServiceProvider: Setting units automatically
02-28 09:09:33.006 13511 13544 D NavServiceProvider: Detecting stop. distance_d=753.36774. stop_type=1 speed=4.25
02-28 09:09:33.006 13511 13544 D NavigationTest: 64: (28.060378, -82.402714, 4.250000)	R:false  F:false
02-28 09:09:33.006 13511 13544 D NavServiceProvider: Second to last stop coordinates: 28.065764, -82.40739
02-28 09:09:33.007 13511 13544 D NavServiceProvider: Setting units automatically
02-28 09:09:33.008 13511 13544 D NavServiceProvider: Detecting stop. distance_d=748.1315. stop_type=1 speed=5.75
02-28 09:09:33.008 13511 13544 D NavigationTest: 65: (28.060435, -82.402718, 5.750000)	R:false  F:false
02-28 09:09:33.008 13511 13544 D NavigationTest: 66: (28.060435, -82.402718, 5.750000)	R:false  F:false
02-28 09:09:33.008 13511 13544 D NavServiceProvider: Second to last stop coordinates: 28.065764, -82.40739
02-28 09:09:33.008 13511 13544 D NavServiceProvider: Setting units automatically
02-28 09:09:33.009 13511 13544 D NavServiceProvider: Detecting stop. distance_d=740.8843. stop_type=1 speed=7.25
02-28 09:09:33.009 13511 13544 D NavigationTest: 67: (28.060509, -82.402731, 7.250000)	R:false  F:false
02-28 09:09:33.009 13511 13544 D NavServiceProvider: Second to last stop coordinates: 28.065764, -82.40739
02-28 09:09:33.009 13511 13544 D NavServiceProvider: Setting units automatically
02-28 09:09:33.010 13511 13544 D NavServiceProvider: Detecting stop. distance_d=732.84985. stop_type=1 speed=8.5
02-28 09:09:33.010 13511 13544 D NavigationTest: 68: (28.060598, -82.402736, 8.500000)	R:false  F:false
02-28 09:09:33.010 13511 13544 D NavigationTest: 69: (28.060598, -82.402736, 8.500000)	R:false  F:false
02-28 09:09:33.010 13511 13544 D NavServiceProvider: Second to last stop coordinates: 28.065764, -82.40739
02-28 09:09:33.011 13511 13544 D NavServiceProvider: Setting units automatically
02-28 09:09:33.012 13511 13544 D NavServiceProvider: Detecting stop. distance_d=725.9839. stop_type=1 speed=9.5
02-28 09:09:33.012   871  6793 D msm8974_platform: platform_split_snd_device: snd_device(2) num devices(1) new_snd_devices(0)
02-28 09:09:33.012 13511 13544 D NavigationTest: 70: (28.060692, -82.402716, 9.500000)	R:false  F:false
02-28 09:09:33.012   871  6793 D ACDB-LOADER: ACDB -> send_audvoltable
02-28 09:09:33.012   871  6793 D ACDB-LOADER: ACDB -> ACDB_CMD_GET_AUDPROC_VOL_STEP_TABLE_SIZE
02-28 09:09:33.012 13511 13544 D NavigationTest: 71: (28.060692, -82.402716, 9.500000)	R:false  F:false
02-28 09:09:33.012 13511 13544 D NavServiceProvider: Second to last stop coordinates: 28.065764, -82.40739
02-28 09:09:33.012   871  6793 D ACDB-LOADER: ACDB -> ACDB_CMD_GET_AUDPROC_GAIN_DEP_STEP_TABLE, vol index 0
02-28 09:09:33.012   871  6793 D         : Failed to fetch the lookup information of the device 0000000F
02-28 09:09:33.012   871  6793 E ACDB-LOADER: Error: ACDB AudProc vol returned = -19
02-28 09:09:33.012   871  6793 D ACDB-LOADER: ACDB -> AUDIO_SET_VOL_CAL cal type = 40
02-28 09:09:33.012 13511 13544 D NavServiceProvider: Setting units automatically
02-28 09:09:33.013 13511 13544 D NavServiceProvider: Detecting stop. distance_d=717.26514. stop_type=1 speed=9.75
02-28 09:09:33.013   871  6793 D msm8974_platform: platform_split_snd_device: snd_device(2) num devices(1) new_snd_devices(0)
02-28 09:09:33.013 13511 13544 D NavigationTest: 72: (28.060761, -82.402761, 9.750000)	R:false  F:false
02-28 09:09:33.013 13511 13544 D NavigationTest: 73: (28.060761, -82.402761, 9.750000)	R:false  F:false
02-28 09:09:33.013 13511 13544 D NavServiceProvider: Second to last stop coordinates: 28.065764, -82.40739
02-28 09:09:33.014 13511 13544 D NavServiceProvider: Setting units automatically
02-28 09:09:33.015 13511 13544 D NavServiceProvider: Detecting stop. distance_d=708.7613. stop_type=1 speed=10.5
02-28 09:09:33.015 13511 13544 D NavigationTest: 74: (28.060854, -82.402770, 10.500000)	R:false  F:false
02-28 09:09:33.015 13511 13544 D NavigationTest: 75: (28.060854, -82.402770, 10.500000)	R:false  F:false
02-28 09:09:33.015 13511 13544 D NavServiceProvider: Second to last stop coordinates: 28.065764, -82.40739
02-28 09:09:33.015   871  6793 V EffectDiracSound: DiracSound_command() start, cmdCode=20
02-28 09:09:33.015   871  6793 V EffectDiracSound: DiracSound_Command EFFECT_CMD_OFFLOAD
02-28 09:09:33.015 13511 13544 D NavServiceProvider: Setting units automatically
02-28 09:09:33.015   871  6793 V EffectDiracSound: DiracSound_command() start, cmdCode=1
02-28 09:09:33.015   871  6793 V EffectDiracSound: DiracSound_setConfig start
02-28 09:09:33.015   871  6793 I EffectDiracSound: DiracSound_updateState(), enable=0, hifi=0, device=0x2, headset=5, samplingRate=48000
02-28 09:09:33.015   871  6793 I EffectDiracSound: DiracSound_updateState(), mode=0, music=0, movie=0, reset=0
02-28 09:09:33.015   871  6793 I EffectDiracSound: DiracSound_updateState(), Speaker Movie/Stereo Mode is not supported. Stop update state.
02-28 09:09:33.015   871  6793 W EffectHAL: Effect 0xe4b38cd0 command SET_CONFIG returned status: Invalid argument
02-28 09:09:33.015   871   911 V EffectDiracSound: DiracSound_command() start, cmdCode=1
02-28 09:09:33.015   871   911 V EffectDiracSound: DiracSound_setConfig start
02-28 09:09:33.015   871   911 I EffectDiracSound: DiracSound_updateState(), enable=0, hifi=0, device=0x2, headset=5, samplingRate=48000
02-28 09:09:33.015   871   911 I EffectDiracSound: DiracSound_updateState(), mode=0, music=0, movie=0, reset=0
02-28 09:09:33.015   871   911 I EffectDiracSound: DiracSound_updateState(), Speaker Movie/Stereo Mode is not supported. Stop update state.
02-28 09:09:33.015   871   871 V EffectDiracSound: DiracSound_command() start, cmdCode=9
02-28 09:09:33.015   871   871 V EffectDiracSound: DiracSound_Command EFFECT_CMD_SET_DEVICE: 0x00000002
02-28 09:09:33.015   871   871 V EffectDiracSound: DiracSound_command() start, cmdCode=11
02-28 09:09:33.015   871   871 V EffectDiracSound: DiracSound_Command EFFECT_CMD_SET_AUDIO_MODE: 0
02-28 09:09:33.016 13511 13544 D NavServiceProvider: Detecting stop. distance_d=700.8457. stop_type=1 speed=11.0
02-28 09:09:33.016 13511 13544 D NavigationTest: 76: (28.060958, -82.402756, 11.000000)	R:false  F:false
02-28 09:09:33.016 13511 13544 D NavServiceProvider: Second to last stop coordinates: 28.065764, -82.40739
02-28 09:09:33.016 13511 13544 D NavServiceProvider: Setting units automatically
02-28 09:09:33.017 13511 13544 D NavServiceProvider: Detecting stop. distance_d=692.34033. stop_type=1 speed=11.0
02-28 09:09:33.018 13511 13544 D NavigationTest: 77: (28.061061, -82.402754, 11.000000)	R:false  F:false
02-28 09:09:33.018 13511 13544 D NavigationTest: 78: (28.061061, -82.402754, 11.000000)	R:false  F:false
02-28 09:09:33.018 13511 13544 D NavServiceProvider: Second to last stop coordinates: 28.065764, -82.40739
02-28 09:09:33.018 13511 13544 D NavServiceProvider: Setting units automatically
02-28 09:09:33.019 13511 13544 D NavServiceProvider: Detecting stop. distance_d=684.9254. stop_type=1 speed=10.75
02-28 09:09:33.019 13511 13544 D NavigationTest: 79: (28.061155, -82.402748, 10.750000)	R:false  F:false
02-28 09:09:33.019 13511 13544 D NavigationTest: 80: (28.061155, -82.402748, 10.750000)	R:false  F:false
02-28 09:09:33.019 13511 13544 D NavServiceProvider: Second to last stop coordinates: 28.065764, -82.40739
02-28 09:09:33.019 13511 13544 D NavServiceProvider: Setting units automatically
02-28 09:09:33.020 13511 13544 D NavServiceProvider: Detecting stop. distance_d=677.79364. stop_type=1 speed=10.75
02-28 09:09:33.021 13511 13544 D NavigationTest: 81: (28.061253, -82.402734, 10.750000)	R:false  F:false
02-28 09:09:33.021 13511 13544 D NavServiceProvider: Second to last stop coordinates: 28.065764, -82.40739
02-28 09:09:33.021 13511 13544 D NavServiceProvider: Setting units automatically
02-28 09:09:33.022 13511 13544 D NavServiceProvider: Detecting stop. distance_d=669.6608. stop_type=1 speed=10.75
02-28 09:09:33.022 13511 13544 D NavigationTest: 82: (28.061358, -82.402728, 10.750000)	R:false  F:false
02-28 09:09:33.022 13511 13544 D NavigationTest: 83: (28.061358, -82.402728, 10.750000)	R:false  F:false
02-28 09:09:33.022 13511 13544 D NavServiceProvider: Second to last stop coordinates: 28.065764, -82.40739
02-28 09:09:33.023 13511 13544 D NavServiceProvider: Setting units automatically
02-28 09:09:33.024 13511 13544 D NavServiceProvider: Detecting stop. distance_d=664.49036. stop_type=1 speed=10.75
02-28 09:09:33.024 13511 13544 D NavigationTest: 84: (28.061458, -82.402686, 10.750000)	R:false  F:false
02-28 09:09:33.024 13511 13544 D NavigationTest: 85: (28.061458, -82.402686, 10.750000)	R:false  F:false
02-28 09:09:33.024 13511 13544 D NavServiceProvider: Second to last stop coordinates: 28.065764, -82.40739
02-28 09:09:33.024 13511 13544 D NavServiceProvider: Setting units automatically
02-28 09:09:33.025 13511 13544 D NavServiceProvider: Detecting stop. distance_d=653.59607. stop_type=1 speed=11.0
02-28 09:09:33.025 13511 13544 D NavigationTest: 86: (28.061566, -82.402720, 11.000000)	R:false  F:false
02-28 09:09:33.025 13511 13544 D NavServiceProvider: Second to last stop coordinates: 28.065764, -82.40739
02-28 09:09:33.025 13511 13544 D NavServiceProvider: Setting units automatically
02-28 09:09:33.026 13511 13544 D NavServiceProvider: Detecting stop. distance_d=648.3504. stop_type=1 speed=11.25
02-28 09:09:33.026 13511 13544 D NavigationTest: 87: (28.061639, -82.402713, 11.250000)	R:false  F:false
02-28 09:09:33.027 13511 13544 D NavigationTest: 88: (28.061639, -82.402713, 11.250000)	R:false  F:false
02-28 09:09:33.027 13511 13544 D NavServiceProvider: Second to last stop coordinates: 28.065764, -82.40739
02-28 09:09:33.027 13511 13544 D NavServiceProvider: Setting units automatically
02-28 09:09:33.028 13511 13544 D NavServiceProvider: Detecting stop. distance_d=638.3522. stop_type=1 speed=11.25
02-28 09:09:33.028 13511 13544 D NavigationTest: 89: (28.061746, -82.402737, 11.250000)	R:false  F:false
02-28 09:09:33.028 13511 13544 D NavServiceProvider: Second to last stop coordinates: 28.065764, -82.40739
02-28 09:09:33.028 13511 13544 D NavServiceProvider: Setting units automatically
02-28 09:09:33.029 13511 13544 D NavServiceProvider: Detecting stop. distance_d=628.1271. stop_type=1 speed=11.5
02-28 09:09:33.029 13511 13544 D NavigationTest: 90: (28.061856, -82.402762, 11.500000)	R:false  F:false
02-28 09:09:33.030 13511 13544 D NavigationTest: 91: (28.061856, -82.402762, 11.500000)	R:false  F:false
02-28 09:09:33.030 13511 13544 D NavServiceProvider: Second to last stop coordinates: 28.065764, -82.40739
02-28 09:09:33.030 13511 13544 D NavServiceProvider: Setting units automatically
02-28 09:09:33.031 13511 13544 D NavServiceProvider: Detecting stop. distance_d=619.556. stop_type=1 speed=11.25
02-28 09:09:33.031 13511 13544 D NavigationTest: 92: (28.061970, -82.402761, 11.250000)	R:false  F:false
02-28 09:09:33.031 13511 13544 D NavServiceProvider: Second to last stop coordinates: 28.065764, -82.40739
02-28 09:09:33.031 13511 13544 D NavServiceProvider: Setting units automatically
02-28 09:09:33.032 13511 13544 D NavServiceProvider: Detecting stop. distance_d=613.9999. stop_type=1 speed=11.25
02-28 09:09:33.032 13511 13544 D NavigationTest: 93: (28.062060, -82.402745, 11.250000)	R:false  F:false
02-28 09:09:33.032 13511 13544 D NavigationTest: 94: (28.062060, -82.402745, 11.250000)	R:false  F:false
02-28 09:09:33.032 13511 13544 D NavServiceProvider: Second to last stop coordinates: 28.065764, -82.40739
02-28 09:09:33.033 13511 13544 D NavServiceProvider: Setting units automatically
02-28 09:09:33.034 13511 13544 D NavServiceProvider: Detecting stop. distance_d=607.09845. stop_type=1 speed=11.5
02-28 09:09:33.034 13511 13544 D NavigationTest: 95: (28.062166, -82.402733, 11.500000)	R:false  F:false
02-28 09:09:33.034 13511 13544 D NavigationTest: 96: (28.062166, -82.402733, 11.500000)	R:false  F:false
02-28 09:09:33.034 13511 13544 D NavServiceProvider: Second to last stop coordinates: 28.065764, -82.40739
02-28 09:09:33.034 13511 13544 D NavServiceProvider: Setting units automatically
02-28 09:09:33.035 13511 13544 D NavServiceProvider: Detecting stop. distance_d=600.0315. stop_type=1 speed=11.25
02-28 09:09:33.035 13511 13544 D NavigationTest: 97: (28.062267, -82.402730, 11.250000)	R:false  F:false
02-28 09:09:33.035 13511 13544 D NavServiceProvider: Second to last stop coordinates: 28.065764, -82.40739
02-28 09:09:33.036 13511 13544 D NavServiceProvider: Setting units automatically
02-28 09:09:33.037 13511 13544 D NavServiceProvider: Detecting stop. distance_d=593.3028. stop_type=1 speed=11.25
02-28 09:09:33.037 13511 13544 D NavigationTest: 98: (28.062365, -82.402727, 11.250000)	R:false  F:false
02-28 09:09:33.037 13511 13544 D NavigationTest: 99: (28.062365, -82.402727, 11.250000)	R:false  F:false
02-28 09:09:33.037 13511 13544 D NavServiceProvider: Second to last stop coordinates: 28.065764, -82.40739
02-28 09:09:33.037 13511 13544 D NavServiceProvider: Setting units automatically
02-28 09:09:33.038 13511 13544 D NavServiceProvider: Detecting stop. distance_d=585.73773. stop_type=1 speed=11.25
02-28 09:09:33.038 13511 13544 D NavigationTest: 100: (28.062468, -82.402732, 11.250000)	R:false  F:false
02-28 09:09:33.038 13511 13544 D NavServiceProvider: Second to last stop coordinates: 28.065764, -82.40739
02-28 09:09:33.039 13511 13544 D NavServiceProvider: Setting units automatically
02-28 09:09:33.040 13511 13544 D NavServiceProvider: Detecting stop. distance_d=578.7561. stop_type=1 speed=11.0
02-28 09:09:33.040 13511 13544 D NavigationTest: 101: (28.062570, -82.402732, 11.000000)	R:false  F:false
02-28 09:09:33.040 13511 13544 D NavigationTest: 102: (28.062570, -82.402732, 11.000000)	R:false  F:false
02-28 09:09:33.040 13511 13544 D NavigationTest: 103: (28.062570, -82.402732, 11.000000)	R:false  F:false
02-28 09:09:33.040 13511 13544 D NavServiceProvider: Second to last stop coordinates: 28.065764, -82.40739
02-28 09:09:33.040 13511 13544 D NavServiceProvider: Setting units automatically
02-28 09:09:33.041 13511 13544 D NavServiceProvider: Detecting stop. distance_d=572.6051. stop_type=1 speed=11.25
02-28 09:09:33.041 13511 13544 D NavigationTest: 104: (28.062677, -82.402719, 11.250000)	R:false  F:false
02-28 09:09:33.041 13511 13544 D NavigationTest: 105: (28.062677, -82.402719, 11.250000)	R:false  F:false
02-28 09:09:33.041 13511 13544 D NavServiceProvider: Second to last stop coordinates: 28.065764, -82.40739
02-28 09:09:33.042 13511 13544 D NavServiceProvider: Setting units automatically
02-28 09:09:33.043 13511 13544 D NavServiceProvider: Detecting stop. distance_d=566.33417. stop_type=1 speed=11.5
02-28 09:09:33.043 13511 13544 D NavigationTest: 106: (28.062785, -82.402709, 11.500000)	R:false  F:false
02-28 09:09:33.043 13511 13544 D NavigationTest: 107: (28.062785, -82.402709, 11.500000)	R:false  F:false
02-28 09:09:33.043 13511 13544 D NavServiceProvider: Second to last stop coordinates: 28.065764, -82.40739
02-28 09:09:33.043 13511 13544 D NavServiceProvider: Setting units automatically
02-28 09:09:33.044 13511 13544 D NavServiceProvider: Detecting stop. distance_d=559.3608. stop_type=1 speed=12.0
02-28 09:09:33.044 13511 13544 D NavigationTest: 108: (28.062893, -82.402710, 12.000000)	R:false  F:false
02-28 09:09:33.044 13511 13544 D NavServiceProvider: Second to last stop coordinates: 28.065764, -82.40739
02-28 09:09:33.044 13511 13544 D NavServiceProvider: Setting units automatically
02-28 09:09:33.045 13511 13544 D NavServiceProvider: Detecting stop. distance_d=551.57654. stop_type=1 speed=12.25
02-28 09:09:33.045 13511 13544 D NavigationTest: 109: (28.063009, -82.402717, 12.250000)	R:false  F:false
02-28 09:09:33.045 13511 13544 D NavigationTest: 110: (28.063009, -82.402717, 12.250000)	R:false  F:false
02-28 09:09:33.045 13511 13544 D NavServiceProvider: Second to last stop coordinates: 28.065764, -82.40739
02-28 09:09:33.046 13511 13544 D NavServiceProvider: Setting units automatically
02-28 09:09:33.047 13511 13544 D NavServiceProvider: Detecting stop. distance_d=544.3534. stop_type=1 speed=12.5
02-28 09:09:33.047 13511 13544 D NavigationTest: 111: (28.063123, -82.402721, 12.500000)	R:false  F:false
02-28 09:09:33.047 13511 13544 D NavServiceProvider: Second to last stop coordinates: 28.065764, -82.40739
02-28 09:09:33.047 13511 13544 D NavServiceProvider: Setting units automatically
02-28 09:09:33.048 13511 13544 D NavServiceProvider: Detecting stop. distance_d=537.577. stop_type=1 speed=12.5
02-28 09:09:33.048 13511 13544 D NavigationTest: 112: (28.063240, -82.402720, 12.500000)	R:false  F:false
02-28 09:09:33.048 13511 13544 D NavigationTest: 113: (28.063240, -82.402720, 12.500000)	R:false  F:false
02-28 09:09:33.048 13511 13544 D NavServiceProvider: Second to last stop coordinates: 28.065764, -82.40739
02-28 09:09:33.048 13511 13544 D NavServiceProvider: Setting units automatically
02-28 09:09:33.049 13511 13544 D NavServiceProvider: Detecting stop. distance_d=531.73157. stop_type=1 speed=12.75
02-28 09:09:33.049 13511 13544 D NavigationTest: 114: (28.063349, -82.402716, 12.750000)	R:false  F:false
02-28 09:09:33.049 13511 13544 D NavigationTest: 115: (28.063349, -82.402716, 12.750000)	R:false  F:false
02-28 09:09:33.049 13511 13544 D NavServiceProvider: Second to last stop coordinates: 28.065764, -82.40739
02-28 09:09:33.050 13511 13544 D NavServiceProvider: Setting units automatically
02-28 09:09:33.051 13511 13544 D NavServiceProvider: Detecting stop. distance_d=524.6909. stop_type=1 speed=12.75
02-28 09:09:33.051 13511 13544 D NavigationTest: 116: (28.063465, -82.402724, 12.750000)	R:false  F:false
02-28 09:09:33.051 13511 13544 D NavServiceProvider: Second to last stop coordinates: 28.065764, -82.40739
02-28 09:09:33.051 13511 13544 D NavServiceProvider: Setting units automatically
02-28 09:09:33.052 13511 13544 D NavServiceProvider: Detecting stop. distance_d=518.293. stop_type=1 speed=13.0
02-28 09:09:33.052 13511 13544 D NavigationTest: 117: (28.063583, -82.402726, 13.000000)	R:false  F:false
02-28 09:09:33.052 13511 13544 D NavigationTest: 118: (28.063583, -82.402726, 13.000000)	R:false  F:false
02-28 09:09:33.052 13511 13544 D NavServiceProvider: Second to last stop coordinates: 28.065764, -82.40739
02-28 09:09:33.052 13511 13544 D NavServiceProvider: Setting units automatically
02-28 09:09:33.053 13511 13544 D NavServiceProvider: Detecting stop. distance_d=512.1878. stop_type=1 speed=13.0
02-28 09:09:33.053 13511 13544 D NavigationTest: 119: (28.063702, -82.402727, 13.000000)	R:false  F:false
02-28 09:09:33.053 13511 13544 D NavigationTest: 120: (28.063702, -82.402727, 13.000000)	R:false  F:false
02-28 09:09:33.053 13511 13544 D NavServiceProvider: Second to last stop coordinates: 28.065764, -82.40739
02-28 09:09:33.054 13511 13544 D NavServiceProvider: Setting units automatically
02-28 09:09:33.055 13511 13544 D NavServiceProvider: Detecting stop. distance_d=507.67215. stop_type=1 speed=12.75
02-28 09:09:33.055 13511 13544 D NavigationTest: 121: (28.063810, -82.402719, 12.750000)	R:false  F:false
02-28 09:09:33.055 13511 13544 D NavigationTest: 122: (28.063810, -82.402719, 12.750000)	R:false  F:false
02-28 09:09:33.055 13511 13544 D NavServiceProvider: Second to last stop coordinates: 28.065764, -82.40739
02-28 09:09:33.055 13511 13544 D NavServiceProvider: Setting units automatically
02-28 09:09:33.056 13511 13544 D NavServiceProvider: Detecting stop. distance_d=502.81757. stop_type=1 speed=12.75
02-28 09:09:33.056 13511 13544 D NavigationTest: 123: (28.063927, -82.402713, 12.750000)	R:false  F:false
02-28 09:09:33.056 13511 13544 D NavigationTest: 124: (28.063927, -82.402713, 12.750000)	R:false  F:false
02-28 09:09:33.056 13511 13544 D NavServiceProvider: Second to last stop coordinates: 28.065764, -82.40739
02-28 09:09:33.056 13511 13544 D NavServiceProvider: Setting units automatically
02-28 09:09:33.057 13511 13544 D NavServiceProvider: Detecting stop. distance_d=498.17532. stop_type=1 speed=12.75
02-28 09:09:33.057 13511 13544 D NavigationTest: 125: (28.064048, -82.402706, 12.750000)	R:false  F:false
02-28 09:09:33.057 13511 13544 D NavServiceProvider: Second to last stop coordinates: 28.065764, -82.40739
02-28 09:09:33.057 13511 13544 D NavServiceProvider: Setting units automatically
02-28 09:09:33.058 13511 13544 D NavServiceProvider: Detecting stop. distance_d=493.48743. stop_type=1 speed=12.75
02-28 09:09:33.058 13511 13544 D NavigationTest: 126: (28.064169, -82.402703, 12.750000)	R:false  F:false
02-28 09:09:33.059 13511 13544 D NavigationTest: 127: (28.064169, -82.402703, 12.750000)	R:false  F:false
02-28 09:09:33.059 13511 13544 D NavServiceProvider: Second to last stop coordinates: 28.065764, -82.40739
02-28 09:09:33.059 13511 13544 D NavServiceProvider: Setting units automatically
02-28 09:09:33.060 13511 13544 D NavServiceProvider: Detecting stop. distance_d=488.99503. stop_type=1 speed=12.5
02-28 09:09:33.060 13511 13544 D NavigationTest: 128: (28.064276, -82.402707, 12.500000)	R:false  F:false
02-28 09:09:33.060 13511 13544 D NavigationTest: 129: (28.064276, -82.402707, 12.500000)	R:false  F:false
02-28 09:09:33.060 13511 13544 D NavServiceProvider: Second to last stop coordinates: 28.065764, -82.40739
02-28 09:09:33.061 13511 13544 D NavServiceProvider: Setting units automatically
02-28 09:09:33.062 13511 13544 D NavServiceProvider: Detecting stop. distance_d=485.19513. stop_type=1 speed=12.5
02-28 09:09:33.062 13511 13544 D NavigationTest: 130: (28.064389, -82.402704, 12.500000)	R:false  F:false
02-28 09:09:33.062 13511 13544 D NavigationTest: 131: (28.064389, -82.402704, 12.500000)	R:false  F:false
02-28 09:09:33.062 13511 13544 D NavServiceProvider: Second to last stop coordinates: 28.065764, -82.40739
02-28 09:09:33.062 13511 13544 D NavServiceProvider: Setting units automatically
02-28 09:09:33.064 13511 13544 D NavServiceProvider: Detecting stop. distance_d=481.60898. stop_type=1 speed=12.0
02-28 09:09:33.064 13511 13544 D NavigationTest: 132: (28.064490, -82.402706, 12.000000)	R:false  F:false
02-28 09:09:33.064 13511 13544 D NavServiceProvider: Second to last stop coordinates: 28.065764, -82.40739
02-28 09:09:33.064 13511 13544 D NavServiceProvider: Setting units automatically
02-28 09:09:33.065 13511 13544 D NavServiceProvider: Detecting stop. distance_d=477.63922. stop_type=1 speed=12.0
02-28 09:09:33.065 13511 13544 D NavigationTest: 133: (28.064599, -82.402712, 12.000000)	R:false  F:false
02-28 09:09:33.065 13511 13544 D NavigationTest: 134: (28.064599, -82.402712, 12.000000)	R:false  F:false
02-28 09:09:33.065 13511 13544 D NavServiceProvider: Second to last stop coordinates: 28.065764, -82.40739
02-28 09:09:33.066 13511 13544 D NavServiceProvider: Setting units automatically
02-28 09:09:33.067 13511 13544 D NavServiceProvider: Detecting stop. distance_d=476.88492. stop_type=1 speed=12.0
02-28 09:09:33.067 13511 13544 D NavigationTest: 135: (28.064705, -82.402688, 12.000000)	R:false  F:false
02-28 09:09:33.067 13511 13544 D NavigationTest: 136: (28.064705, -82.402688, 12.000000)	R:false  F:false
02-28 09:09:33.067 13511 13544 D NavServiceProvider: Second to last stop coordinates: 28.065764, -82.40739
02-28 09:09:33.067 13511 13544 D NavServiceProvider: Setting units automatically
02-28 09:09:33.068 13511 13544 D NavServiceProvider: Detecting stop. distance_d=474.848. stop_type=1 speed=12.0
02-28 09:09:33.068 13511 13544 D NavigationTest: 137: (28.064813, -82.402680, 12.000000)	R:false  F:false
02-28 09:09:33.068 13511 13544 D NavigationTest: 138: (28.064813, -82.402680, 12.000000)	R:false  F:false
02-28 09:09:33.068 13511 13544 D NavigationTest: 139: (28.064813, -82.402680, 12.000000)	R:false  F:false
02-28 09:09:33.068 13511 13544 D NavigationTest: 140: (28.064813, -82.402680, 12.000000)	R:false  F:false
02-28 09:09:33.068 13511 13544 D NavServiceProvider: Second to last stop coordinates: 28.065764, -82.40739
02-28 09:09:33.069 13511 13544 D NavServiceProvider: Setting units automatically
02-28 09:09:33.070 13511 13544 D NavServiceProvider: Detecting stop. distance_d=472.7518. stop_type=1 speed=12.0
02-28 09:09:33.070 13511 13544 D NavigationTest: 141: (28.064924, -82.402675, 12.000000)	R:false  F:false
02-28 09:09:33.070 13511 13544 D NavServiceProvider: Second to last stop coordinates: 28.065764, -82.40739
02-28 09:09:33.070 13511 13544 D NavServiceProvider: Setting units automatically
02-28 09:09:33.072 13511 13544 D NavServiceProvider: Detecting stop. distance_d=467.67725. stop_type=1 speed=12.25
02-28 09:09:33.072 13511 13544 D NavigationTest: 142: (28.065040, -82.402703, 12.250000)	R:false  F:false
02-28 09:09:33.072 13511 13544 D NavigationTest: 143: (28.065040, -82.402703, 12.250000)	R:false  F:false
02-28 09:09:33.072 13511 13544 D NavServiceProvider: Second to last stop coordinates: 28.065764, -82.40739
02-28 09:09:33.073 13511 13544 D NavServiceProvider: Setting units automatically
02-28 09:09:33.075 13511 13544 D NavServiceProvider: Detecting stop. distance_d=463.87833. stop_type=1 speed=12.25
02-28 09:09:33.075 13511 13544 D NavigationTest: 144: (28.065163, -82.402720, 12.250000)	R:false  F:false
02-28 09:09:33.075 13511 13544 D NavigationTest: 145: (28.065163, -82.402720, 12.250000)	R:false  F:false
02-28 09:09:33.075 13511 13544 D NavServiceProvider: Second to last stop coordinates: 28.065764, -82.40739
02-28 09:09:33.076 13511 13544 D NavServiceProvider: Setting units automatically
02-28 09:09:33.077 13511 13544 D NavServiceProvider: Detecting stop. distance_d=461.14642. stop_type=1 speed=12.5
02-28 09:09:33.077 13511 13544 D NavigationTest: 146: (28.065278, -82.402731, 12.500000)	R:false  F:false
02-28 09:09:33.077 13511 13544 D NavServiceProvider: Second to last stop coordinates: 28.065764, -82.40739
02-28 09:09:33.078 13511 13544 D NavServiceProvider: Setting units automatically
02-28 09:09:33.079 13511 13544 D NavServiceProvider: Detecting stop. distance_d=458.80356. stop_type=1 speed=12.5
02-28 09:09:33.079 13511 13544 D NavigationTest: 147: (28.065398, -82.402741, 12.500000)	R:false  F:false
02-28 09:09:33.079 13511 13544 D NavigationTest: 148: (28.065398, -82.402741, 12.500000)	R:false  F:false
02-28 09:09:33.079 13511 13544 D NavServiceProvider: Second to last stop coordinates: 28.065764, -82.40739
02-28 09:09:33.080 13511 13544 D NavServiceProvider: Setting units automatically
02-28 09:09:33.081   871  6793 D audio_hw_primary: adev_get_parameters:vr_audio_mode_on
02-28 09:09:33.081 13511 13544 D NavServiceProvider: Detecting stop. distance_d=459.9258. stop_type=1 speed=12.25
02-28 09:09:33.081   871  6793 I audio_hw_primary: getting vr mode to 0
02-28 09:09:33.081   871  6793 D audio_hw_primary: adev_get_parameters: exit: returns - vr_audio_mode_on=false
02-28 09:09:33.081 13511 13544 D NavigationTest: 149: (28.065497, -82.402721, 12.250000)	R:false  F:false
02-28 09:09:33.081 13511 13544 D NavigationTest: 150: (28.065497, -82.402721, 12.250000)	R:false  F:false
02-28 09:09:33.082 13511 13544 D NavServiceProvider: Second to last stop coordinates: 28.065764, -82.40739
02-28 09:09:33.082   959  7905 I hash_map_utils: key: 'vr_audio_mode_on' value: ''
02-28 09:09:33.082   959  7905 I AudioPolicyManagerCustom: VR mode is 0, switch to primary output if request is for fast|raw
02-28 09:09:33.082   959  7905 I AudioPolicyManagerCustom: setting force DEEP buffer now
02-28 09:09:33.082 13511 13544 D NavServiceProvider: Setting units automatically
02-28 09:09:33.082   959  7905 D AudioFlinger: Client defaulted notificationFrames to 2048 for frameCount 4096
02-28 09:09:33.083 13511 13544 D NavServiceProvider: Detecting stop. distance_d=461.23917. stop_type=1 speed=11.75
02-28 09:09:33.083 13511 13544 D NavigationTest: 151: (28.065591, -82.402702, 11.750000)	R:false  F:false
02-28 09:09:33.083 13511 13544 D NavServiceProvider: Second to last stop coordinates: 28.065764, -82.40739
02-28 09:09:33.083   959  7905 D AF::TrackHandle: OpPlayAudio: track:184 usage:1 not muted
02-28 09:09:33.084 13511 13544 D NavServiceProvider: Setting units automatically
02-28 09:09:33.085 13511 13544 D NavServiceProvider: Detecting stop. distance_d=460.50003. stop_type=1 speed=11.75
02-28 09:09:33.085 13511 13544 D NavigationTest: 152: (28.065701, -82.402706, 11.750000)	R:false  F:false
02-28 09:09:33.085 13511 13544 D NavigationTest: 153: (28.065701, -82.402706, 11.750000)	R:false  F:false
02-28 09:09:33.085 13511 13544 D NavServiceProvider: Second to last stop coordinates: 28.065764, -82.40739
02-28 09:09:33.085 13511 13544 D NavServiceProvider: Setting units automatically
02-28 09:09:33.086 13511 13544 D NavServiceProvider: Detecting stop. distance_d=460.75464. stop_type=1 speed=11.0
02-28 09:09:33.086 13511 13544 D NavigationTest: 154: (28.065795, -82.402703, 11.000000)	R:false  F:false
02-28 09:09:33.086 13511 13544 D NavigationTest: 155: (28.065795, -82.402703, 11.000000)	R:false  F:false
02-28 09:09:33.086 13511 13544 D NavServiceProvider: Second to last stop coordinates: 28.065764, -82.40739
02-28 09:09:33.087 13511 13544 D NavServiceProvider: Setting units automatically
02-28 09:09:33.087  2666  3413 D Avrcp_ext: AudioManager Player: ID:23 -- type:android.media.SoundPool -- u/pid:10126/2688 -- state:idle -- attr:AudioAttributes: usage=USAGE_ASSISTANCE_SONIFICATION content=CONTENT_TYPE_SONIFICATION flags=0x800 tags= bundle=null
02-28 09:09:33.087  2666  3413 D Avrcp_ext: AudioManager Player: ID:1063 -- type:android.media.AudioTrack -- u/pid:10088/13579 -- state:started -- attr:AudioAttributes: usage=USAGE_MEDIA content=CONTENT_TYPE_SPEECH flags=0x800 tags= bundle=null
02-28 09:09:33.087  2666  3413 D Avrcp_ext: AudioManager isPlaying: true
02-28 09:09:33.087  2666  3413 V Avrcp_ext: updateCurrentMediaState: mMediaController: null
02-28 09:09:33.087  2666  3413 V Avrcp_ext: isMusicActive: false getBluetoothPlayState: 2
02-28 09:09:33.087  2666  3413 V Avrcp_ext: updateCurrentMediaState: isPlaying = false
02-28 09:09:33.087  2666  3413 V Avrcp_ext: Media update: id -1➡-1? [MediaAttributes: none] : [MediaAttributes: none]
02-28 09:09:33.088  2666  3413 V Avrcp_ext: newPlayStatus:2mReportedPlayStatus:-1
02-28 09:09:33.088  2666  3413 V Avrcp_ext: updatePlaybackState, state: PlaybackState {state=2, position=-1, buffered position=0, speed=0.0, updated=1776418, actions=0, custom actions=[], active item id=-1, error=null} device: null
02-28 09:09:33.088  2666  3413 V Avrcp_ext: Device: no name:
