02-28 09:09:36.095 13511 13544 I TestRunner: started: testTrip7(org.onebusaway.android.nav.test.NavigationTest)
02-28 09:09:36.096 13511 13511 I MonitoringInstr: Activities that are still in CREATED to STOPPED: 0
02-28 09:09:36.102 13511 13544 D NavServiceProvider: Creating NavigationServiceProvider...
02-28 09:09:36.102 13511 13544 D NavServiceProvider: Starting navigation for service
02-28 09:09:36.102 13511 13544 D NavServiceProvider: ProximityCalculator initializing...
02-28 09:09:36.102 13511 13544 D NavServiceProvider: Initializing ProximityCalculator
02-28 09:09:36.102 13511 13544 D NavServiceProvider: Number of path links: 1
02-28 09:09:36.102 13511 13544 D NavServiceProvider: Second to last stop coordinates: 28.035864, -82.491983
02-28 09:09:36.103 13579 13612 I GoogleTTSServiceImpl: Synthesis request for locale eng-USA and name en-US-language
02-28 09:09:36.103 13511 13544 D NavServiceProvider: Setting units automatically
02-28 09:09:36.103 13579 13612 I GoogleTTSServiceImpl: TTS dispatch: en-us-x-iog-seanet-embedded
02-28 09:09:36.104 13511 13544 D NavServiceProvider: Detecting stop. distance_d=1530.6116. stop_type=1 speed=0.0
02-28 09:09:36.105 13511 13544 D NavigationTest: 0: (28.036881, -82.507507, 0.000000)	R:false  F:false
02-28 09:09:36.105 13511 13544 D NavServiceProvider: Second to last stop coordinates: 28.035864, -82.491983
02-28 09:09:36.105 13511 13544 D NavServiceProvider: Setting units automatically
02-28 09:09:36.107 13511 13544 D NavServiceProvider: Detecting stop. distance_d=1631.4452. stop_type=1 speed=0.0
02-28 09:09:36.107 13511 13544 D NavigationTest: 1: (28.038566, -82.508293, 0.000000)	R:false  F:false
02-28 09:09:36.107 13511 13544 D NavServiceProvider: Second to last stop coordinates: 28.035864, -82.491983
02-28 09:09:36.108 13511 13544 D NavServiceProvider: Setting units automatically
02-28 09:09:36.109 13511 13544 D NavServiceProvider: Detecting stop. distance_d=1713.8745. stop_type=1 speed=0.0
02-28 09:09:36.109 13511 13544 D NavigationTest: 2: (28.038292, -82.509197, 0.000000)	R:false  F:false
02-28 09:09:36.109 13511 13544 D NavServiceProvider: Second to last stop coordinates: 28.035864, -82.491983
02-28 09:09:36.110 13511 13544 D NavServiceProvider: Setting units automatically
02-28 09:09:36.111 13511 13544 D NavServiceProvider: Detecting stop. distance_d=1631.3485. stop_type=1 speed=0.0
02-28 09:09:36.111 13511 13544 D NavigationTest: 3: (28.038566, -82.508292, 0.000000)	R:false  F:false
02-28 09:09:36.111 13511 13544 D NavServiceProvider: Second to last stop coordinates: 28.035864, -82.491983
02-28 09:09:36.111 13511 13544 D NavServiceProvider: Setting units automatically
02-28 09:09:36.113 13511 13544 D NavServiceProvider: Detecting stop. distance_d=1631.3079. stop_type=1 speed=0.0
02-28 09:09:36.113 13511 13544 D NavigationTest: 4: (28.038564, -82.508292, 0.000000)	R:false  F:false
02-28 09:09:36.113 13511 13544 D NavServiceProvider: Second to last stop coordinates: 28.035864, -82.491983
02-28 09:09:36.114 13511 13544 D NavServiceProvider: Setting units automatically
02-28 09:09:36.115 13511 13544 D NavServiceProvider: Detecting stop. distance_d=1631.1146. stop_type=1 speed=0.0
02-28 09:09:36.115 13511 13544 D NavigationTest: 5: (28.038564, -82.508290, 0.000000)	R:false  F:false
02-28 09:09:36.115 13511 13544 D NavigationTest: 6: (28.038564, -82.508290, 0.000000)	R:false  F:false
02-28 09:09:36.115 13511 13544 D NavServiceProvider: Second to last stop coordinates: 28.035864, -82.491983
02-28 09:09:36.116 13511 13544 D NavServiceProvider: Setting units automatically
02-28 09:09:36.117 13511 13544 D NavServiceProvider: Detecting stop. distance_d=1631.3282. stop_type=1 speed=0.0
02-28 09:09:36.117 13511 13544 D NavigationTest: 7: (28.038565, -82.508292, 0.000000)	R:false  F:false
02-28 09:09:36.117 13511 13544 D NavServiceProvider: Second to last stop coordinates: 28.035864, -82.491983
02-28 09:09:36.118 13511 13544 D NavServiceProvider: Setting units automatically
02-28 09:09:36.119 13511 13544 D NavServiceProvider: Detecting stop. distance_d=1630.6771. stop_type=1 speed=0.206155
02-28 09:09:36.119 13511 13544 D NavigationTest: 8: (28.038571, -82.508284, 0.206155)	R:false  F:false
02-28 09:09:36.119 13511 13544 D NavServiceProvider: Second to last stop coordinates: 28.035864, -82.491983
02-28 09:09:36.120 13511 13544 D NavServiceProvider: Setting units automatically
02-28 09:09:36.121 13511 13544 D NavServiceProvider: Detecting stop. distance_d=1629.8798. stop_type=1 speed=0.610573
02-28 09:09:36.121 13511 13544 D NavigationTest: 9: (28.038584, -82.508273, 0.610573)	R:false  F:false
02-28 09:09:36.121 13511 13544 D NavServiceProvider: Second to last stop coordinates: 28.035864, -82.491983
02-28 09:09:36.121 13511 13544 D NavServiceProvider: Setting units automatically
02-28 09:09:36.123 13511 13544 D NavServiceProvider: Detecting stop. distance_d=1629.754. stop_type=1 speed=0.787147
02-28 09:09:36.123 13511 13544 D NavigationTest: 10: (28.038592, -82.508270, 0.787147)	R:false  F:false
02-28 09:09:36.123 13511 13544 D NavServiceProvider: Second to last stop coordinates: 28.035864, -82.491983
02-28 09:09:36.124 13511 13544 D NavServiceProvider: Setting units automatically
02-28 09:09:36.125 13511 13544 D NavServiceProvider: Detecting stop. distance_d=1629.8633. stop_type=1 speed=0.688767
02-28 09:09:36.125 13511 13544 D NavigationTest: 11: (28.038602, -82.508269, 0.688767)	R:false  F:false
02-28 09:09:36.125 13511 13544 D NavServiceProvider: Second to last stop coordinates: 28.035864, -82.491983
02-28 09:09:36.126 13511 13544 D NavServiceProvider: Setting units automatically
02-28 09:09:36.127 13511 13544 D NavServiceProvider: Detecting stop. distance_d=1629.794. stop_type=1 speed=0.587282
02-28 09:09:36.127 13511 13544 D NavigationTest: 12: (28.038608, -82.508267, 0.587282)	R:false  F:false
02-28 09:09:36.127 13511 13544 D NavServiceProvider: Second to last stop coordinates: 28.035864, -82.491983
02-28 09:09:36.127 13511 13544 D NavServiceProvider: Setting units automatically
02-28 09:09:36.128 13511 13544 D NavServiceProvider: Detecting stop. distance_d=1629.7249. stop_type=1 speed=0.570088
02-28 09:09:36.128 13511 13544 D NavigationTest: 13: (28.038614, -82.508265, 0.570088)	R:false  F:false
02-28 09:09:36.128 13511 13544 D NavServiceProvider: Second to last stop coordinates: 28.035864, -82.491983
02-28 09:09:36.129 13511 13544 D NavServiceProvider: Setting units automatically
02-28 09:09:36.130 13511 13544 D NavServiceProvider: Detecting stop. distance_d=1629.6976. stop_type=1 speed=0.684471
02-28 09:09:36.130 13511 13544 D NavigationTest: 14: (28.038622, -82.508263, 0.684471)	R:false  F:false
02-28 09:09:36.130 13511 13544 D NavServiceProvider: Second to last stop coordinates: 28.035864, -82.491983
02-28 09:09:36.130 13511 13544 D NavServiceProvider: Setting units automatically
02-28 09:09:36.132 13511 13544 D NavServiceProvider: Detecting stop. distance_d=1629.1182. stop_type=1 speed=0.314006
02-28 09:09:36.132 13511 13544 D NavigationTest: 15: (28.038622, -82.508257, 0.314006)	R:false  F:false
02-28 09:09:36.132 13511 13544 D NavServiceProvider: Second to last stop coordinates: 28.035864, -82.491983
02-28 09:09:36.133 13511 13544 D NavServiceProvider: Setting units automatically
02-28 09:09:36.134 13511 13544 D NavServiceProvider: Detecting stop. distance_d=1628.6696. stop_type=1 speed=0.0
02-28 09:09:36.134 13511 13544 D NavigationTest: 16: (28.038619, -82.508253, 0.000000)	R:false  F:false
02-28 09:09:36.134 13511 13544 D NavServiceProvider: Second to last stop coordinates: 28.035864, -82.491983
02-28 09:09:36.134 13511 13544 D NavServiceProvider: Setting units automatically
02-28 09:09:36.135 13511 13544 D NavServiceProvider: Detecting stop. distance_d=1628.8627. stop_type=1 speed=0.205183
02-28 09:09:36.135 13511 13544 D NavigationTest: 17: (28.038619, -82.508255, 0.205183)	R:false  F:false
02-28 09:09:36.135 13511 13544 D NavServiceProvider: Second to last stop coordinates: 28.035864, -82.491983
02-28 09:09:36.135 13511 13544 D NavServiceProvider: Setting units automatically
02-28 09:09:36.136 13511 13544 D NavServiceProvider: Detecting stop. distance_d=1627.786. stop_type=1 speed=1.205031
02-28 09:09:36.137 13511 13544 D NavigationTest: 18: (28.038609, -82.508246, 1.205031)	R:false  F:false
02-28 09:09:36.137 13511 13544 D NavServiceProvider: Second to last stop coordinates: 28.035864, -82.491983
02-28 09:09:36.137 13511 13544 D NavServiceProvider: Setting units automatically
02-28 09:09:36.138 13511 13544 D NavServiceProvider: Detecting stop. distance_d=1626.9048. stop_type=1 speed=2.728883
02-28 09:09:36.138 13511 13544 D NavigationTest: 19: (28.038585, -82.508242, 2.728883)	R:false  F:false
02-28 09:09:36.138 13511 13544 D NavServiceProvider: Second to last stop coordinates: 28.035864, -82.491983
02-28 09:09:36.139 13511 13544 D NavServiceProvider: Setting units automatically
02-28 09:09:36.140 13511 13544 D NavServiceProvider: Detecting stop. distance_d=1624.8778. stop_type=1 speed=3.830209
02-28 09:09:36.140 13511 13544 D NavigationTest: 20: (28.038552, -82.508228, 3.830209)	R:false  F:false
02-28 09:09:36.140 13511 13544 D NavServiceProvider: Second to last stop coordinates: 28.035864, -82.491983
02-28 09:09:36.140 13511 13544 D NavServiceProvider: Setting units automatically
02-28 09:09:36.141 13511 13544 D NavServiceProvider: Detecting stop. distance_d=1622.4072. stop_type=1 speed=5.123524
02-28 09:09:36.141 13511 13544 D NavigationTest: 21: (28.038511, -82.508211, 5.123524)	R:false  F:false
02-28 09:09:36.141 13511 13544 D NavServiceProvider: Second to last stop coordinates: 28.035864, -82.491983
02-28 09:09:36.142 13511 13544 D NavServiceProvider: Setting units automatically
02-28 09:09:36.143 13511 13544 D NavServiceProvider: Detecting stop. distance_d=1619.3435. stop_type=1 speed=6.65012
02-28 09:09:36.143 13511 13544 D NavigationTest: 22: (28.038459, -82.508190, 6.650120)	R:false  F:false
02-28 09:09:36.143 13511 13544 D NavigationTest: 23: (28.038459, -82.508190, 6.650120)	R:false  F:false
02-28 09:09:36.143 13511 13544 D NavServiceProvider: Second to last stop coordinates: 28.035864, -82.491983
02-28 09:09:36.143 13511 13544 D NavServiceProvider: Setting units automatically
02-28 09:09:36.144 13511 13544 D NavServiceProvider: Detecting stop. distance_d=1615.5433. stop_type=1 speed=7.840919
02-28 09:09:36.144 13511 13544 D NavigationTest: 24: (28.038393, -82.508164, 7.840919)	R:false  F:false
02-28 09:09:36.144 13511 13544 D NavServiceProvider: Second to last stop coordinates: 28.035864, -82.491983
02-28 09:09:36.144 13511 13544 D NavServiceProvider: Setting units automatically
02-28 09:09:36.145 13511 13544 D NavServiceProvider: Detecting stop. distance_d=1611.4276. stop_type=1 speed=8.800204
02-28 09:09:36.145 13511 13544 D NavigationTest: 25: (28.038319, -82.508136, 8.800204)	R:false  F:false
02-28 09:09:36.145 13511 13544 D NavServiceProvider: Second to last stop coordinates: 28.035864, -82.491983
02-28 09:09:36.146 13511 13544 D NavServiceProvider: Setting units automatically
02-28 09:09:36.147 13511 13544 D NavServiceProvider: Detecting stop. distance_d=1607.0328. stop_type=1 speed=9.350134
02-28 09:09:36.147 13511 13544 D NavigationTest: 26: (28.038249, -82.508104, 9.350134)	R:false  F:false
02-28 09:09:36.147 13511 13544 D NavServiceProvider: Second to last stop coordinates: 28.035864, -82.491983
02-28 09:09:36.147 13511 13544 D NavServiceProvider: Setting units automatically
02-28 09:09:36.148 13511 13544 D NavServiceProvider: Detecting stop. distance_d=1601.8927. stop_type=1 speed=9.820127
02-28 09:09:36.148 13511 13544 D NavigationTest: 27: (28.038168, -82.508066, 9.820127)	R:false  F:false
02-28 09:09:36.148 13511 13544 D NavServiceProvider: Second to last stop coordinates: 28.035864, -82.491983
02-28 09:09:36.148 13511 13544 D NavServiceProvider: Setting units automatically
02-28 09:09:36.150 13511 13544 D NavServiceProvider: Detecting stop. distance_d=1595.8696. stop_type=1 speed=10.190176
02-28 09:09:36.150 13511 13544 D NavigationTest: 28: (28.038084, -82.508019, 10.190176)	R:false  F:false
02-28 09:09:36.150 13511 13544 D NavServiceProvider: Second to last stop coordinates: 28.035864, -82.491983
02-28 09:09:36.150 13511 13544 D NavServiceProvider: Setting units automatically
02-28 09:09:36.151 13511 13544 D NavServiceProvider: Detecting stop. distance_d=1589.5669. stop_type=1 speed=10.55
02-28 09:09:36.151 13511 13544 D NavigationTest: 29: (28.037998, -82.507969, 10.550000)	R:false  F:false
02-28 09:09:36.151 13511 13544 D NavServiceProvider: Second to last stop coordinates: 28.035864, -82.491983
02-28 09:09:36.152 13511 13544 D NavServiceProvider: Setting units automatically
02-28 09:09:36.153 13511 13544 D NavServiceProvider: Detecting stop. distance_d=1582.9564. stop_type=1 speed=10.990114
02-28 09:09:36.153 13511 13544 D NavigationTest: 30: (28.037908, -82.507916, 10.990114)	R:false  F:false
02-28 09:09:36.153 13511 13544 D NavServiceProvider: Second to last stop coordinates: 28.035864, -82.491983
02-28 09:09:36.153 13511 13544 D NavServiceProvider: Setting units automatically
02-28 09:09:36.154 13511 13544 D NavServiceProvider: Detecting stop. distance_d=1577.6128. stop_type=1 speed=10.811041
02-28 09:09:36.154 13511 13544 D NavigationTest: 31: (28.037821, -82.507875, 10.811041)	R:false  F:false
02-28 09:09:36.154 13511 13544 D NavServiceProvider: Second to last stop coordinates: 28.035864, -82.491983
02-28 09:09:36.155 13511 13544 D NavServiceProvider: Setting units automatically
02-28 09:09:36.156 13511 13544 D NavServiceProvider: Detecting stop. distance_d=1571.3605. stop_type=1 speed=10.810116
02-28 09:09:36.156 13511 13544 D NavigationTest: 32: (28.037735, -82.507824, 10.810116)	R:false  F:false
02-28 09:09:36.156 13511 13544 D NavServiceProvider: Second to last stop coordinates: 28.035864, -82.491983
02-28 09:09:36.156 13511 13544 D NavServiceProvider: Setting units automatically
02-28 09:09:36.157 13511 13544 D NavServiceProvider: Detecting stop. distance_d=1564.3496. stop_type=1 speed=10.62
02-28 09:09:36.157 13511 13544 D NavigationTest: 33: (28.037654, -82.507764, 10.620000)	R:false  F:false
02-28 09:09:36.157 13511 13544 D NavigationTest: 34: (28.037654, -82.507764, 10.620000)	R:false  F:false
02-28 09:09:36.157 13511 13544 D NavServiceProvider: Second to last stop coordinates: 28.035864, -82.491983
02-28 09:09:36.157 13511 13544 D NavServiceProvider: Setting units automatically
02-28 09:09:36.158 13511 13544 D NavServiceProvider: Detecting stop. distance_d=1556.9308. stop_type=1 speed=10.750298
02-28 09:09:36.158 13511 13544 D NavigationTest: 35: (28.037583, -82.507698, 10.750298)	R:false  F:false
02-28 09:09:36.158 13511 13544 D NavigationTest: 36: (28.037583, -82.507698, 10.750298)	R:false  F:false
02-28 09:09:36.158 13511 13544 D NavServiceProvider: Second to last stop coordinates: 28.035864, -82.491983
02-28 09:09:36.159 13511 13544 D NavServiceProvider: Setting units automatically
02-28 09:09:36.160 13511 13544 D NavServiceProvider: Detecting stop. distance_d=1549.589. stop_type=1 speed=10.870073
02-28 09:09:36.160 13511 13544 D NavigationTest: 37: (28.037508, -82.507633, 10.870073)	R:false  F:false
02-28 09:09:36.160 13511 13544 D NavServiceProvider: Second to last stop coordinates: 28.035864, -82.491983
02-28 09:09:36.160 13511 13544 D NavServiceProvider: Setting units automatically
02-28 09:09:36.161 13511 13544 D NavServiceProvider: Detecting stop. distance_d=1541.9032. stop_type=1 speed=10.86046
02-28 09:09:36.161 13511 13544 D NavigationTest: 38: (28.037426, -82.507565, 10.860460)	R:false  F:false
02-28 09:09:36.161 13511 13544 D NavServiceProvider: Second to last stop coordinates: 28.035864, -82.491983
02-28 09:09:36.161 13511 13544 D NavServiceProvider: Setting units automatically
02-28 09:09:36.162 13511 13544 D NavServiceProvider: Detecting stop. distance_d=1535.1486. stop_type=1 speed=10.90066
02-28 09:09:36.162 13511 13544 D NavigationTest: 39: (28.037361, -82.507504, 10.900660)	R:false  F:false
02-28 09:09:36.162 13511 13544 D NavServiceProvider: Second to last stop coordinates: 28.035864, -82.491983
02-28 09:09:36.163 13511 13544 D NavServiceProvider: Setting units automatically
02-28 09:09:36.163 13511 13544 D NavServiceProvider: Detecting stop. distance_d=1529.9764. stop_type=1 speed=10.830074
02-28 09:09:36.164 13511 13544 D NavigationTest: 40: (28.037278, -82.507461, 10.830074)	R:false  F:false
02-28 09:09:36.164 13511 13544 D NavServiceProvider: Second to last stop coordinates: 28.035864, -82.491983
02-28 09:09:36.164 13511 13544 D NavServiceProvider: Setting units automatically
02-28 09:09:36.165 13511 13544 D NavServiceProvider: Detecting stop. distance_d=1519.8856. stop_type=1 speed=12.208669
02-28 09:09:36.165 13511 13544 D NavigationTest: 41: (28.037188, -82.507368, 12.208669)	R:false  F:false
02-28 09:09:36.165 13511 13544 D NavServiceProvider: Second to last stop coordinates: 28.035864, -82.491983
02-28 09:09:36.165 13511 13544 D NavServiceProvider: Setting units automatically
02-28 09:09:36.166 13511 13544 D NavServiceProvider: Detecting stop. distance_d=1510.2937. stop_type=1 speed=12.201807
02-28 09:09:36.166 13511 13544 D NavigationTest: 42: (28.037113, -82.507278, 12.201807)	R:false  F:false
02-28 09:09:36.166 13511 13544 D NavServiceProvider: Second to last stop coordinates: 28.035864, -82.491983
02-28 09:09:36.166 13511 13544 D NavServiceProvider: Setting units automatically
02-28 09:09:36.167 13511 13544 D NavServiceProvider: Detecting stop. distance_d=1500.3469. stop_type=1 speed=11.520851
02-28 09:09:36.167 13511 13544 D NavigationTest: 43: (28.037038, -82.507184, 11.520851)	R:false  F:false
02-28 09:09:36.167 13511 13544 D NavServiceProvider: Second to last stop coordinates: 28.035864, -82.491983
02-28 09:09:36.168 13511 13544 D NavServiceProvider: Setting units automatically
02-28 09:09:36.169 13511 13544 D NavServiceProvider: Detecting stop. distance_d=1489.6464. stop_type=1 speed=12.501156
02-28 09:09:36.169 13511 13544 D NavigationTest: 44: (28.036973, -82.507081, 12.501156)	R:false  F:false
02-28 09:09:36.169 13511 13544 D NavServiceProvider: Second to last stop coordinates: 28.035864, -82.491983
02-28 09:09:36.169 13511 13544 D NavServiceProvider: Setting units automatically
02-28 09:09:36.170 13511 13544 D NavServiceProvider: Detecting stop. distance_d=1478.7941. stop_type=1 speed=12.420326
02-28 09:09:36.170 13511 13544 D NavigationTest: 45: (28.036910, -82.506976, 12.420326)	R:false  F:false
02-28 09:09:36.170 13511 13544 D NavigationTest: 46: (28.036910, -82.506976, 12.420326)	R:false  F:false
02-28 09:09:36.170 13511 13544 D NavServiceProvider: Second to last stop coordinates: 28.035864, -82.491983
02-28 09:09:36.170 13511 13544 D NavServiceProvider: Setting units automatically
02-28 09:09:36.171 13511 13544 D NavServiceProvider: Detecting stop. distance_d=1467.8119. stop_type=1 speed=12.653556
02-28 09:09:36.172 13511 13544 D NavigationTest: 47: (28.036840, -82.506870, 12.653556)	R:false  F:false
02-28 09:09:36.172 13511 13544 D NavServiceProvider: Second to last stop coordinates: 28.035864, -82.491983
02-28 09:09:36.172   871   911 D msm8974_platform: platform_split_snd_device: snd_device(2) num devices(1) new_snd_devices(0)
02-28 09:09:36.172   871   911 D ACDB-LOADER: ACDB -> send_audvoltable
02-28 09:09:36.172   871   911 D ACDB-LOADER: ACDB -> ACDB_CMD_GET_AUDPROC_VOL_STEP_TABLE_SIZE
02-28 09:09:36.172   871   911 D ACDB-LOADER: ACDB -> ACDB_CMD_GET_AUDPROC_GAIN_DEP_STEP_TABLE, vol index 0
02-28 09:09:36.172   871   911 D         : Failed to fetch the lookup information of the device 0000000F
02-28 09:09:36.172   871   911 E ACDB-LOADER: Error: ACDB AudProc vol returned = -19
02-28 09:09:36.172   871   911 D ACDB-LOADER: ACDB -> AUDIO_SET_VOL_CAL cal type = 40
02-28 09:09:36.172 13511 13544 D NavServiceProvider: Setting units automatically
02-28 09:09:36.173 13511 13544 D NavServiceProvider: Detecting stop. distance_d=1456.555. stop_type=1 speed=12.64089
02-28 09:09:36.173 13511 13544 D NavigationTest: 48: (28.036781, -82.506760, 12.640890)	R:false  F:false
02-28 09:09:36.173 13511 13544 D NavServiceProvider: Second to last stop coordinates: 28.035864, -82.491983
02-28 09:09:36.173 13511 13544 D NavServiceProvider: Setting units automatically
02-28 09:09:36.173   871   911 D msm8974_platform: platform_split_snd_device: snd_device(2) num devices(1) new_snd_devices(0)
02-28 09:09:36.174 13511 13544 D NavServiceProvider: Detecting stop. distance_d=1441.865. stop_type=1 speed=13.240241
02-28 09:09:36.174 13511 13544 D NavigationTest: 49: (28.036719, -82.506615, 13.240241)	R:false  F:false
02-28 09:09:36.174 13511 13544 D NavServiceProvider: Second to last stop coordinates: 28.035864, -82.491983
02-28 09:09:36.175 13511 13544 D NavServiceProvider: Setting units automatically
02-28 09:09:36.175   871   911 V EffectDiracSound: DiracSound_command() start, cmdCode=20
02-28 09:09:36.175   871   911 V EffectDiracSound: DiracSound_Command EFFECT_CMD_OFFLOAD
02-28 09:09:36.176 13511 13544 D NavServiceProvider: Detecting stop. distance_d=1430.8009. stop_type=1 speed=13.466552
02-28 09:09:36.176 13511 13544 D NavigationTest: 50: (28.036667, -82.506506, 13.466552)	R:false  F:false
02-28 09:09:36.176   871  6793 V EffectDiracSound: DiracSound_command() start, cmdCode=1
02-28 09:09:36.176 13511 13544 D NavServiceProvider: Second to last stop coordinates: 28.035864, -82.491983
02-28 09:09:36.176   871  6793 V EffectDiracSound: DiracSound_setConfig start
02-28 09:09:36.176   871  6793 I EffectDiracSound: DiracSound_updateState(), enable=0, hifi=0, device=0x2, headset=5, samplingRate=48000
02-28 09:09:36.176   871  6793 I EffectDiracSound: DiracSound_updateState(), mode=0, music=0, movie=0, reset=0
02-28 09:09:36.176   871  6793 I EffectDiracSound: DiracSound_updateState(), Speaker Movie/Stereo Mode is not supported. Stop update state.
02-28 09:09:36.176   871  6793 W EffectHAL: Effect 0xe4b38cd0 command SET_CONFIG returned status: Invalid argument
02-28 09:09:36.176   871  6793 V EffectDiracSound: DiracSound_command() start, cmdCode=1
02-28 09:09:36.176   871  6793 V EffectDiracSound: DiracSound_setConfig start
02-28 09:09:36.176   871  6793 I EffectDiracSound: DiracSound_updateState(), enable=0, hifi=0, device=0x2, headset=5, samplingRate=48000
02-28 09:09:36.176   871  6793 I EffectDiracSound: DiracSound_updateState(), mode=0, music=0, movie=0, reset=0
02-28 09:09:36.176 13511 13544 D NavServiceProvider: Setting units automatically
02-28 09:09:36.176   871  6793 I EffectDiracSound: DiracSound_updateState(), Speaker Movie/Stereo Mode is not supported. Stop update state.
02-28 09:09:36.176   871  6793 V EffectDiracSound: DiracSound_command() start, cmdCode=9
02-28 09:09:36.176   871  6793 V EffectDiracSound: DiracSound_Command EFFECT_CMD_SET_DEVICE: 0x00000002
02-28 09:09:36.176   871  6793 V EffectDiracSound: DiracSound_command() start, cmdCode=11
02-28 09:09:36.176   871  6793 V EffectDiracSound: DiracSound_Command EFFECT_CMD_SET_AUDIO_MODE: 0
02-28 09:09:36.178 13511 13544 D NavServiceProvider: Detecting stop. distance_d=1418.8805. stop_type=1 speed=12.96781
02-28 09:09:36.178 13511 13544 D NavigationTest: 51: (28.036646, -82.506386, 12.967810)	R:false  F:false
02-28 09:09:36.178 13511 13544 D NavServiceProvider: Second to last stop coordinates: 28.035864, -82.491983
02-28 09:09:36.178 13511 13544 D NavServiceProvider: Setting units automatically
02-28 09:09:36.179 13511 13544 D NavServiceProvider: Detecting stop. distance_d=1406.281. stop_type=1 speed=12.961701
02-28 09:09:36.180 13511 13544 D NavigationTest: 52: (28.036611, -82.506260, 12.961701)	R:false  F:false
02-28 09:09:36.180 13511 13544 D NavServiceProvider: Second to last stop coordinates: 28.035864, -82.491983
02-28 09:09:36.180 13511 13544 D NavServiceProvider: Setting units automatically
02-28 09:09:36.181 13511 13544 D NavServiceProvider: Detecting stop. distance_d=1393.6327. stop_type=1 speed=12.991539
02-28 09:09:36.181 13511 13544 D NavigationTest: 53: (28.036551, -82.506135, 12.991539)	R:false  F:false
02-28 09:09:36.181 13511 13544 D NavServiceProvider: Second to last stop coordinates: 28.035864, -82.491983
02-28 09:09:36.181 13511 13544 D NavServiceProvider: Setting units automatically
02-28 09:09:36.182 13511 13544 D NavServiceProvider: Detecting stop. distance_d=1376.9646. stop_type=1 speed=14.78003
02-28 09:09:36.182 13511 13544 D NavigationTest: 54: (28.036522, -82.505967, 14.780030)	R:false  F:false
02-28 09:09:36.182 13511 13544 D NavServiceProvider: Second to last stop coordinates: 28.035864, -82.491983
02-28 09:09:36.183 13511 13544 D NavServiceProvider: Setting units automatically
02-28 09:09:36.184 13511 13544 D NavServiceProvider: Detecting stop. distance_d=1361.9869. stop_type=1 speed=14.900121
02-28 09:09:36.184 13511 13544 D NavigationTest: 55: (28.036496, -82.505816, 14.900121)	R:false  F:false
02-28 09:09:36.184 13511 13544 D NavServiceProvider: Second to last stop coordinates: 28.035864, -82.491983
02-28 09:09:36.184 13511 13544 D NavServiceProvider: Setting units automatically
02-28 09:09:36.185 13511 13544 D NavServiceProvider: Detecting stop. distance_d=1345.8563. stop_type=1 speed=14.750763
02-28 09:09:36.185 13511 13544 D NavigationTest: 56: (28.036474, -82.505653, 14.750763)	R:false  F:false
02-28 09:09:36.185 13511 13544 D NavServiceProvider: Second to last stop coordinates: 28.035864, -82.491983
02-28 09:09:36.185 13511 13544 D NavServiceProvider: Setting units automatically
02-28 09:09:36.186 13511 13544 D NavServiceProvider: Detecting stop. distance_d=1330.1862. stop_type=1 speed=14.773253
02-28 09:09:36.186 13511 13544 D NavigationTest: 57: (28.036464, -82.505494, 14.773253)	R:false  F:false
02-28 09:09:36.186 13511 13544 D NavServiceProvider: Second to last stop coordinates: 28.035864, -82.491983
02-28 09:09:36.187 13511 13544 D NavServiceProvider: Setting units automatically
02-28 09:09:36.188 13511 13544 D NavServiceProvider: Detecting stop. distance_d=1315.3184. stop_type=1 speed=15.145064
02-28 09:09:36.188 13511 13544 D NavigationTest: 58: (28.036457, -82.505343, 15.145064)	R:false  F:false
02-28 09:09:36.188 13511 13544 D NavServiceProvider: Second to last stop coordinates: 28.035864, -82.491983
02-28 09:09:36.188 13511 13544 D NavServiceProvider: Setting units automatically
02-28 09:09:36.189 13511 13544 D NavServiceProvider: Detecting stop. distance_d=1300.8544. stop_type=1 speed=15.185009
02-28 09:09:36.189 13511 13544 D NavigationTest: 59: (28.036452, -82.505196, 15.185009)	R:false  F:false
02-28 09:09:36.189 13511 13544 D NavServiceProvider: Second to last stop coordinates: 28.035864, -82.491983
02-28 09:09:36.189 13511 13544 D NavServiceProvider: Setting units automatically
02-28 09:09:36.190 13511 13544 D NavServiceProvider: Detecting stop. distance_d=1283.3018. stop_type=1 speed=15.800383
02-28 09:09:36.190 13511 13544 D NavigationTest: 60: (28.036439, -82.505018, 15.800383)	R:false  F:false
02-28 09:09:36.190 13511 13544 D NavServiceProvider: Second to last stop coordinates: 28.035864, -82.491983
02-28 09:09:36.191 13511 13544 D NavServiceProvider: Setting units automatically
02-28 09:09:36.192 13511 13544 D NavServiceProvider: Detecting stop. distance_d=1267.2118. stop_type=1 speed=15.540463
02-28 09:09:36.192 13511 13544 D NavigationTest: 61: (28.036424, -82.504855, 15.540463)	R:false  F:false
02-28 09:09:36.192 13511 13544 D NavServiceProvider: Second to last stop coordinates: 28.035864, -82.491983
02-28 09:09:36.192 13511 13544 D NavServiceProvider: Setting units automatically
02-28 09:09:36.193 13511 13544 D NavServiceProvider: Detecting stop. distance_d=1251.842. stop_type=1 speed=15.720258
02-28 09:09:36.193 13511 13544 D NavigationTest: 62: (28.036415, -82.504699, 15.720258)	R:false  F:false
02-28 09:09:36.193 13511 13544 D NavServiceProvider: Second to last stop coordinates: 28.035864, -82.491983
02-28 09:09:36.194 13511 13544 D NavServiceProvider: Setting units automatically
02-28 09:09:36.194 13511 13544 D NavServiceProvider: Detecting stop. distance_d=1236.0632. stop_type=1 speed=15.830079
02-28 09:09:36.195 13511 13544 D NavigationTest: 63: (28.036421, -82.504538, 15.830079)	R:false  F:false
02-28 09:09:36.195 13511 13544 D NavServiceProvider: Second to last stop coordinates: 28.035864, -82.491983
02-28 09:09:36.195 13511 13544 D NavServiceProvider: Setting units automatically
02-28 09:09:36.196 13511 13544 D NavServiceProvider: Detecting stop. distance_d=1217.584. stop_type=1 speed=15.716444
02-28 09:09:36.196 13511 13544 D NavigationTest: 64: (28.036418, -82.504350, 15.716444)	R:false  F:false
02-28 09:09:36.196 13511 13544 D NavServiceProvider: Second to last stop coordinates: 28.035864, -82.491983
02-28 09:09:36.196 13511 13544 D NavServiceProvider: Setting units automatically
02-28 09:09:36.197 13511 13544 D NavServiceProvider: Detecting stop. distance_d=1201.8323. stop_type=1 speed=15.71154
02-28 09:09:36.197 13511 13544 D NavigationTest: 65: (28.036411, -82.504190, 15.711540)	R:false  F:false
02-28 09:09:36.197 13511 13544 D NavServiceProvider: Second to last stop coordinates: 28.035864, -82.491983
02-28 09:09:36.197 13511 13544 D NavServiceProvider: Setting units automatically
02-28 09:09:36.198 13511 13544 D NavServiceProvider: Detecting stop. distance_d=1185.6119. stop_type=1 speed=15.540205
02-28 09:09:36.198 13511 13544 D NavigationTest: 66: (28.036408, -82.504025, 15.540205)	R:false  F:false
02-28 09:09:36.198 13511 13544 D NavigationTest: 67: (28.036408, -82.504025, 15.540205)	R:false  F:false
02-28 09:09:36.199 13511 13544 D NavServiceProvider: Second to last stop coordinates: 28.035864, -82.491983
02-28 09:09:36.199 13511 13544 D NavServiceProvider: Setting units automatically
02-28 09:09:36.200 13511 13544 D NavServiceProvider: Detecting stop. distance_d=1170.1212. stop_type=1 speed=14.970084
02-28 09:09:36.200 13511 13544 D NavigationTest: 68: (28.036395, -82.503868, 14.970084)	R:false  F:false
02-28 09:09:36.200 13511 13544 D NavServiceProvider: Second to last stop coordinates: 28.035864, -82.491983
02-28 09:09:36.200 13511 13544 D NavServiceProvider: Setting units automatically
02-28 09:09:36.201 13511 13544 D NavServiceProvider: Detecting stop. distance_d=1156.3768. stop_type=1 speed=13.981033
02-28 09:09:36.201 13511 13544 D NavigationTest: 69: (28.036378, -82.503729, 13.981033)	R:false  F:false
02-28 09:09:36.201 13511 13544 D NavServiceProvider: Second to last stop coordinates: 28.035864, -82.491983
02-28 09:09:36.201 13511 13544 D NavServiceProvider: Setting units automatically
02-28 09:09:36.202 13511 13544 D NavServiceProvider: Detecting stop. distance_d=1138.4326. stop_type=1 speed=15.830455
02-28 09:09:36.202 13511 13544 D NavigationTest: 70: (28.036383, -82.503546, 15.830455)	R:false  F:false
02-28 09:09:36.202 13511 13544 D NavServiceProvider: Second to last stop coordinates: 28.035864, -82.491983
02-28 09:09:36.203 13511 13544 D NavServiceProvider: Setting units automatically
02-28 09:09:36.204 13511 13544 D NavServiceProvider: Detecting stop. distance_d=1124.3115. stop_type=1 speed=15.48
02-28 09:09:36.204 13511 13544 D NavigationTest: 71: (28.036369, -82.503403, 15.480000)	R:false  F:false
02-28 09:09:36.204 13511 13544 D NavServiceProvider: Second to last stop coordinates: 28.035864, -82.491983
02-28 09:09:36.205 13511 13544 D NavServiceProvider: Setting units automatically
02-28 09:09:36.206 13511 13544 D NavServiceProvider: Detecting stop. distance_d=1109.1545. stop_type=1 speed=15.660028
02-28 09:09:36.206 13511 13544 D NavigationTest: 72: (28.036363, -82.503249, 15.660028)	R:false  F:false
02-28 09:09:36.206 13511 13544 D NavServiceProvider: Second to last stop coordinates: 28.035864, -82.491983
02-28 09:09:36.206 13511 13544 D NavServiceProvider: Setting units automatically
02-28 09:09:36.207 13511 13544 D NavServiceProvider: Detecting stop. distance_d=1094.2374. stop_type=1 speed=15.300209
02-28 09:09:36.207 13511 13544 D NavigationTest: 73: (28.036347, -82.503098, 15.300209)	R:false  F:false
02-28 09:09:36.207 13511 13544 D NavServiceProvider: Second to last stop coordinates: 28.035864, -82.491983
02-28 09:09:36.208 13511 13544 D NavServiceProvider: Setting units automatically
02-28 09:09:36.209 13511 13544 D NavServiceProvider: Detecting stop. distance_d=1078.7534. stop_type=1 speed=14.401253
02-28 09:09:36.209 13511 13544 D NavigationTest: 74: (28.036335, -82.502941, 14.401253)	R:false  F:false
02-28 09:09:36.209 13511 13544 D NavServiceProvider: Second to last stop coordinates: 28.035864, -82.491983
02-28 09:09:36.210 13511 13544 D NavServiceProvider: Setting units automatically
02-28 09:09:36.212 13511 13544 D NavServiceProvider: Detecting stop. distance_d=1062.2106. stop_type=1 speed=14.811489
02-28 09:09:36.212 13511 13544 D NavigationTest: 75: (28.036345, -82.502772, 14.811489)	R:false  F:false
02-28 09:09:36.212 13511 13544 D NavServiceProvider: Second to last stop coordinates: 28.035864, -82.491983
02-28 09:09:36.213 13511 13544 D NavServiceProvider: Setting units automatically
02-28 09:09:36.216 13511 13544 D NavServiceProvider: Detecting stop. distance_d=1046.7203. stop_type=1 speed=15.921134
02-28 09:09:36.217 13511 13544 D NavigationTest: 76: (28.036332, -82.502615, 15.921134)	R:false  F:false
02-28 09:09:36.217 13511 13544 D NavServiceProvider: Second to last stop coordinates: 28.035864, -82.491983
02-28 09:09:36.217 13511 13544 D NavServiceProvider: Setting units automatically
02-28 09:09:36.219 13511 13544 D NavServiceProvider: Detecting stop. distance_d=1030.407. stop_type=1 speed=16.17031
02-28 09:09:36.219 13511 13544 D NavigationTest: 77: (28.036330, -82.502449, 16.170309)	R:false  F:false
02-28 09:09:36.219 13511 13544 D NavServiceProvider: Second to last stop coordinates: 28.035864, -82.491983
02-28 09:09:36.219 13511 13544 D NavServiceProvider: Setting units automatically
02-28 09:09:36.220 13511 13544 D NavServiceProvider: Detecting stop. distance_d=1014.5781. stop_type=1 speed=16.130896
02-28 09:09:36.220 13511 13544 D NavigationTest: 78: (28.036344, -82.502287, 16.130896)	R:false  F:false
02-28 09:09:36.220 13511 13544 D NavServiceProvider: Second to last stop coordinates: 28.035864, -82.491983
02-28 09:09:36.221 13511 13544 D NavServiceProvider: Setting units automatically
02-28 09:09:36.222 13511 13544 D NavServiceProvider: Detecting stop. distance_d=996.79926. stop_type=1 speed=16.611328
02-28 09:09:36.222 13511 13544 D NavigationTest: 79: (28.036326, -82.502107, 16.611328)	R:false  F:false
02-28 09:09:36.222 13511 13544 D NavServiceProvider: Second to last stop coordinates: 28.035864, -82.491983
02-28 09:09:36.222 13511 13544 D NavServiceProvider: Setting units automatically
02-28 09:09:36.223 13511 13544 D NavServiceProvider: Detecting stop. distance_d=979.3274. stop_type=1 speed=16.920074
02-28 09:09:36.223 13511 13544 D NavigationTest: 80: (28.036310, -82.501930, 16.920074)	R:false  F:false
02-28 09:09:36.223 13511 13544 D NavServiceProvider: Second to last stop coordinates: 28.035864, -82.491983
02-28 09:09:36.224 13511 13544 D NavServiceProvider: Setting units automatically
02-28 09:09:36.225 13511 13544 D NavServiceProvider: Detecting stop. distance_d=963.59247. stop_type=1 speed=17.39115
02-28 09:09:36.225 13511 13544 D NavigationTest: 81: (28.036306, -82.501770, 17.391150)	R:false  F:false
02-28 09:09:36.225 13511 13544 D NavServiceProvider: Second to last stop coordinates: 28.035864, -82.491983
02-28 09:09:36.225 13511 13544 D NavServiceProvider: Setting units automatically
02-28 09:09:36.226 13511 13544 D NavServiceProvider: Detecting stop. distance_d=945.91656. stop_type=1 speed=16.500776
02-28 09:09:36.226 13511 13544 D NavigationTest: 82: (28.036306, -82.501590, 16.500776)	R:false  F:false
02-28 09:09:36.226 13511 13544 D NavServiceProvider: Second to last stop coordinates: 28.035864, -82.491983
02-28 09:09:36.227 13511 13544 D NavServiceProvider: Setting units automatically
02-28 09:09:36.228 13511 13544 D NavServiceProvider: Detecting stop. distance_d=929.1078. stop_type=1 speed=16.64001
02-28 09:09:36.228 13511 13544 D NavigationTest: 83: (28.036303, -82.501419, 16.640011)	R:false  F:false
02-28 09:09:36.228 13511 13544 D NavServiceProvider: Second to last stop coordinates: 28.035864, -82.491983
02-28 09:09:36.228 13511 13544 D NavServiceProvider: Setting units automatically
02-28 09:09:36.230 13511 13544 D NavServiceProvider: Detecting stop. distance_d=912.698. stop_type=1 speed=16.320196
02-28 09:09:36.230 13511 13544 D NavigationTest: 84: (28.036301, -82.501252, 16.320196)	R:false  F:false
02-28 09:09:36.230 13511 13544 D NavServiceProvider: Second to last stop coordinates: 28.035864, -82.491983
02-28 09:09:36.230 13511 13544 D NavServiceProvider: Setting units automatically
02-28 09:09:36.232 13511 13544 D NavServiceProvider: Detecting stop. distance_d=898.13055. stop_type=1 speed=15.303559
02-28 09:09:36.232 13511 13544 D NavigationTest: 85: (28.036295, -82.501104, 15.303559)	R:false  F:false
02-28 09:09:36.232 13511 13544 D NavServiceProvider: Second to last stop coordinates: 28.035864, -82.491983
02-28 09:09:36.232 13511 13544 D NavServiceProvider: Setting units automatically
02-28 09:09:36.234 13511 13544 D NavServiceProvider: Detecting stop. distance_d=880.3858. stop_type=1 speed=15.245249
02-28 09:09:36.234 13511 13544 D NavigationTest: 86: (28.036283, -82.500924, 15.245249)	R:false  F:false
02-28 09:09:36.234 13511 13544 D NavServiceProvider: Second to last stop coordinates: 28.035864, -82.491983
02-28 09:09:36.235 13511 13544 D NavServiceProvider: Setting units automatically
02-28 09:09:36.238 13511 13544 D NavServiceProvider: Detecting stop. distance_d=865.92236. stop_type=1 speed=14.551516
02-28 09:09:36.238 13511 13544 D NavigationTest: 87: (28.036278, -82.500777, 14.551516)	R:false  F:false
02-28 09:09:36.238 13511 13544 D NavigationTest: 88: (28.036278, -82.500777, 14.551516)	R:false  F:false
02-28 09:09:36.238 13511 13544 D NavigationTest: 89: (28.036278, -82.500777, 14.551516)	R:false  F:false
02-28 09:09:36.238 13511 13544 D NavServiceProvider: Second to last stop coordinates: 28.035864, -82.491983
02-28 09:09:36.238 13511 13544 D NavServiceProvider: Setting units automatically
02-28 09:09:36.240 13511 13544 D NavServiceProvider: Detecting stop. distance_d=856.14294. stop_type=1 speed=13.0
02-28 09:09:36.240 13511 13544 D NavigationTest: 90: (28.036268, -82.500678, 13.000000)	R:false  F:false
02-28 09:09:36.240 13511 13544 D NavServiceProvider: Second to last stop coordinates: 28.035864, -82.491983
02-28 09:09:36.241 13511 13544 D NavServiceProvider: Setting units automatically
02-28 09:09:36.242 13511 13544 D NavServiceProvider: Detecting stop. distance_d=843.1292. stop_type=1 speed=13.0
02-28 09:09:36.242 13511 13544 D NavigationTest: 91: (28.036259, -82.500546, 13.000000)	R:false  F:false
02-28 09:09:36.242 13511 13544 D NavServiceProvider: Second to last stop coordinates: 28.035864, -82.491983
02-28 09:09:36.242 13511 13544 D NavServiceProvider: Setting units automatically
02-28 09:09:36.243 13511 13544 D NavServiceProvider: Detecting stop. distance_d=834.9674. stop_type=1 speed=9.720329
02-28 09:09:36.244 13511 13544 D NavigationTest: 92: (28.036257, -82.500463, 9.720329)	R:false  F:false
02-28 09:09:36.244 13511 13544 D NavServiceProvider: Second to last stop coordinates: 28.035864, -82.491983
02-28 09:09:36.244 13511 13544 D NavServiceProvider: Setting units automatically
02-28 09:09:36.245 13511 13544 D NavServiceProvider: Detecting stop. distance_d=826.0553. stop_type=1 speed=8.863137
02-28 09:09:36.245 13511 13544 D NavigationTest: 93: (28.036261, -82.500372, 8.863137)	R:false  F:false
02-28 09:09:36.245 13511 13544 D NavServiceProvider: Second to last stop coordinates: 28.035864, -82.491983
02-28 09:09:36.246 13511 13544 D NavServiceProvider: Setting units automatically
02-28 09:09:36.247   871   911 D audio_hw_primary: adev_get_parameters:vr_audio_mode_on
02-28 09:09:36.247   871   911 I audio_hw_primary: getting vr mode to 0
02-28 09:09:36.247 13511 13544 D NavServiceProvider: Detecting stop. distance_d=819.9322. stop_type=1 speed=7.129095
02-28 09:09:36.247   871   911 D audio_hw_primary: adev_get_parameters: exit: returns - vr_audio_mode_on=false
02-28 09:09:36.248 13511 13544 D NavigationTest: 94: (28.036255, -82.500310, 7.129095)	R:false  F:false
02-28 09:09:36.248 13511 13544 D NavServiceProvider: Second to last stop coordinates: 28.035864, -82.491983
02-28 09:09:36.248   959  2592 I hash_map_utils: key: 'vr_audio_mode_on' value: ''
02-28 09:09:36.248   959  2592 I AudioPolicyManagerCustom: VR mode is 0, switch to primary output if request is for fast|raw
02-28 09:09:36.248   959  2592 I AudioPolicyManagerCustom: setting force DEEP buffer now
02-28 09:09:36.248 13511 13544 D NavServiceProvider: Setting units automatically
02-28 09:09:36.249   959  2592 D AudioFlinger: Client defaulted notificationFrames to 2048 for frameCount 4096
02-28 09:09:36.250 13511 13544 D NavServiceProvider: Detecting stop. distance_d=815.08. stop_type=1 speed=5.110773
02-28 09:09:36.250 13511 13544 D NavigationTest: 95: (28.036248, -82.500261, 5.110773)	R:false  F:false
02-28 09:09:36.250 13511 13544 D NavServiceProvider: Second to last stop coordinates: 28.035864, -82.491983
02-28 09:09:36.250   959  2592 D AF::TrackHandle: OpPlayAudio: track:191 usage:1 not muted
02-28 09:09:36.251 13511 13544 D NavServiceProvider: Setting units automatically
02-28 09:09:36.252 13511 13544 D NavServiceProvider: Detecting stop. distance_d=811.9844. stop_type=1 speed=2.756556
02-28 09:09:36.252 13511 13544 D NavigationTest: 96: (28.036239, -82.500230, 2.756556)	R:false  F:false
02-28 09:09:36.252 13511 13544 D NavServiceProvider: Second to last stop coordinates: 28.035864, -82.491983
02-28 09:09:36.253 13511 13544 D NavServiceProvider: Setting units automatically
02-28 09:09:36.254  2666  3413 D Avrcp_ext: AudioManager Player: ID:23 -- type:android.media.SoundPool -- u/pid:10126/2688 -- state:idle -- attr:AudioAttributes: usage=USAGE_ASSISTANCE_SONIFICATION content=CONTENT_TYPE_SONIFICATION flags=0x800 tags= bundle=null
02-28 09:09:36.254  2666  3413 D Avrcp_ext: AudioManager Player: ID:15 -- type:android.media.SoundPool -- u/pid:1000/1493 -- state:idle -- attr:AudioAttributes: usage=USAGE_ASSISTANCE_SONIFICATION content=CONTENT_TYPE_SONIFICATION flags=0x800 tags= bundle=null
02-28 09:09:36.254  2666  3413 D Avrcp_ext: AudioManager Player: ID:1119 -- type:android.media.AudioTrack -- u/pid:10088/13579 -- state:started -- attr:AudioAttributes: usage=USAGE_MEDIA content=CONTENT_TYPE_SPEECH flags=0x800 tags= bundle=null
02-28 09:09:36.254  2666  3413 D Avrcp_ext: AudioManager isPlaying: true
02-28 09:09:36.254  2666  3413 V Avrcp_ext: updateCurrentMediaState: mMediaController: null
02-28 09:09:36.255 13511 13544 D NavServiceProvider: Detecting stop. distance_d=810.9798. stop_type=1 speed=1.484082
02-28 09:09:36.255 13511 13544 D NavigationTest: 97: (28.036235, -82.500220, 1.484082)	R:false  F:false
02-28 09:09:36.255 13511 13544 D NavServiceProvider: Second to last stop coordinates: 28.035864, -82.491983
02-28 09:09:36.255 13511 13544 D NavServiceProvider: Setting units automatically
02-28 09:09:36.256  2666  3413 V Avrcp_ext: isMusicActive: false getBluetoothPlayState: 2
02-28 09:09:36.256  2666  3413 V Avrcp_ext: updateCurrentMediaState: isPlaying = false
02-28 09:09:36.256  2666  3413 V Avrcp_ext: Media update: id -1➡-1? [MediaAttributes: none] : [MediaAttributes: none]
02-28 09:09:36.256  2666  3413 V Avrcp_ext: newPlayStatus:2mReportedPlayStatus:-1
02-28 09:09:36.256  2666  3413 V Avrcp_ext: updatePlaybackState, state: PlaybackState {state=2, position=-1, buffered position=0, speed=0.0, updated=1779587, actions=0, custom actions=[], active item id=-1, error=null} device: null
02-28 09:09:36.256  2666  3413 V Avrcp_ext: Device: no name:
02-28 09:09:36.256  2666  3413 I chatty  : uid=1002(bluetooth) BluetoothAvrcpH identical 3 lines
02-28 09:09:36.256  2666  3413 V Avrcp_ext: Device: no name:
02-28 09:09:36.256  2666  3413 V Avrcp_ext: updatePlayerStateAndPosition, old=PlaybackState {state=2, position=-1, buffered position=0, speed=0.0, updated=1779348, actions=0, custom actions=[], active item id=-1, error=null}, state=PlaybackState {state=2, position=-1, buffered position=0, speed=0.0, updated=1779587, actions=0, custom actions=[], active item id=-1, error=null}
02-28 09:09:36.256  2666  3413 V Avrcp_ext: old state = PlaybackState {state=2, position=-1, buffered position=0, speed=0.0, updated=1779348, actions=0, custom actions=[], active item id=-1, error=null}, new state= PlaybackState {state=2, position=-1, buffered position=0, speed=0.0, updated=1779587, actions=0, custom actions=[], active item id=-1, error=null}
02-28 09:09:36.256  2666  3413 D HeadsetService: getHeadsetService(): returning com.android.bluetooth.hfp.HeadsetService@8a04d28
02-28 09:09:36.257 13511 13544 D NavServiceProvider: Detecting stop. distance_d=810.6908. stop_type=1 speed=0.445533
02-28 09:09:36.257 13511 13544 D NavigationTest: 98: (28.036236, -82.500217, 0.445533)	R:false  F:false
02-28 09:09:36.257  2666  3413 D HeadsetService:  isAudioOn: The number of audio connected devices 0
02-28 09:09:36.257 13511 13544 D NavServiceProvider: Second to last stop coordinates: 28.035864, -82.491983
02-28 09:09:36.257  2666  3413 D HeadsetService: isScoOrCallActive(): Call Active:falseCall is Ringing:falseSCO is Active:false
02-28 09:09:36.257  2666  3413 D HeadsetService:  isAudioOn: The number of audio connected devices 0
02-28 09:09:36.257  2666  3413 I Avrcp_ext: updatePlayStatusForDevice: device: null
02-28 09:09:36.257  2666  3413 V Avrcp_ext: updatePlaybackState (1): old=PlaybackState {state=2, position=-1, buffered position=0, speed=0.0, updated=1779348, actions=0, custom actions=[], active item id=-1, error=null}(2), new=PlaybackState {state=2, position=-1, buffered position=0, speed=0.0, updated=1779587, actions=0, custom actions=[], active item id=-1, error=null}(2)
02-28 09:09:36.257  2666  3413 I Avrcp_ext: Exit updatePlayStatusForDevice
02-28 09:09:36.257 13511 13544 D NavServiceProvider: Setting units automatically
02-28 09:09:36.257  2666  3413 D HeadsetService:  isAudioOn: The number of audio connected devices 0
02-28 09:09:36.257  2666  3413 D HeadsetService: isScoOrCallActive(): Call Active:falseCall is Ringing:falseSCO is Active:false
02-28 09:09:36.257  2666  3413 D HeadsetService:  isAudioOn: The number of audio connected devices 0
02-28 09:09:36.258  2666  3413 I Avrcp_ext: updatePlayStatusForDevice: device: null
02-28 09:09:36.258  2666  3413 V Avrcp_ext: updatePlaybackState (1): old=PlaybackState {state=2, position=-1, buffered position=0, speed=0.0, updated=1779348, actions=0, custom actions=[], active item id=-1, error=null}(2), new=PlaybackState {state=2, position=-1, buffered position=0, speed=0.0, updated=1779587, actions=0, custom actions=[], active item id=-1, error=null}(2)
02-28 09:09:36.258  2666  3413 I Avrcp_ext: Exit updatePlayStatusForDevice
02-28 09:09:36.258  2666  3413 D HeadsetService:  isAudioOn: The number of audio connected devices 0
02-28 09:09:36.258  2666  3413 D HeadsetService: isScoOrCallActive(): Call Active:falseCall is Ringing:falseSCO is Active:false
02-28 09:09:36.258  2666  3413 D HeadsetService:  isAudioOn: The number of audio connected devices 0
02-28 09:09:36.258  2666  3413 I Avrcp_ext: updatePlayStatusForDevice: device: null
02-28 09:09:36.258  2666  3413 V Avrcp_ext: updatePlaybackState (1): old=PlaybackState {state=2, position=-1, buffered position=0, speed=0.0, updated=1779348, actions=0, custom actions=[], active item id=-1, error=null}(2), new=PlaybackState {state=2, position=-1, buffered position=0, speed=0.0, updated=1779587, actions=0, custom actions=[], active item id=-1, error=null}(2)
02-28 09:09:36.258  2666  3413 I Avrcp_ext: Exit updatePlayStatusForDevice
02-28 09:09:36.258  2666  3413 D HeadsetService:  isAudioOn: The number of audio connected devices 0
02-28 09:09:36.258  2666  3413 D HeadsetService: isScoOrCallActive(): Call Active:falseCall is Ringing:falseSCO is Active:false
02-28 09:09:36.258  2666  3413 D HeadsetService:  isAudioOn: The number of audio connected devices 0
02-28 09:09:36.259  2666  3413 I Avrcp_ext: updatePlayStatusForDevice: device: null
02-28 09:09:36.259  2666  3413 V Avrcp_ext: updatePlaybackState (1): old=PlaybackState {state=2, position=-1, buffered position=0, speed=0.0, updated=1779348, actions=0, custom actions=[], active item id=-1, error=null}(2), new=PlaybackState {state=2, position=-1, buffered position=0, speed=0.0, updated=1779587, actions=0, custom actions=[], active item id=-1, error=null}(2)
02-28 09:09:36.259  2666  3413 I Avrcp_ext: Exit updatePlayStatusForDevice
02-28 09:09:36.259  2666  3413 D HeadsetService:  isAudioOn: The number of audio connected devices 0
02-28 09:09:36.259  2666  3413 D HeadsetService: isScoOrCallActive(): Call Active:falseCall is Ringing:falseSCO is Active:false
02-28 09:09:36.259 13511 13544 D NavServiceProvider: Detecting stop. distance_d=814.3525. stop_type=1 speed=0.28
02-28 09:09:36.259  2666  3413 D HeadsetService:  isAudioOn: The number of audio connected devices 0
02-28 09:09:36.259  2666  3413 I Avrcp_ext: updatePlayStatusForDevice: device: null
02-28 09:09:36.259  2666  3413 V Avrcp_ext: updatePlaybackState (1): old=PlaybackState {state=2, position=-1, buffered position=0, speed=0.0, updated=1779348, actions=0, custom actions=[], active item id=-1, error=null}(2), new=PlaybackState {state=2, position=-1, buffered position=0, speed=0.0, updated=1779587, actions=0, custom actions=[], active item id=-1, error=null}(2)
02-28 09:09:36.259 13511 13544 D NavigationTest: 99: (28.036241, -82.500254, 0.280000)	R:false  F:false
02-28 09:09:36.259  2666  3413 I Avrcp_ext: Exit updatePlayStatusForDevice
02-28 09:09:36.259  2666  3413 D Avrcp_ext: Enter sendPlayPosNotificationRsp
