02-28 09:09:51.998 13511 13544 I TestRunner: started: testTrip32(org.onebusaway.android.nav.test.NavigationTest)
02-28 09:09:51.999 13511 13511 I MonitoringInstr: Activities that are still in CREATED to STOPPED: 0
02-28 09:09:52.006 13579 13612 I GoogleTTSServiceImpl: Synthesis request for locale eng-USA and name en-US-language
02-28 09:09:52.007 13579 13612 I GoogleTTSServiceImpl: TTS dispatch: en-us-x-iog-seanet-embedded
02-28 09:09:52.009   871   871 D audio_hw_primary: adev_get_parameters:vr_audio_mode_on
02-28 09:09:52.009   871   871 I audio_hw_primary: getting vr mode to 0
02-28 09:09:52.009   871   871 D audio_hw_primary: adev_get_parameters: exit: returns - vr_audio_mode_on=false
02-28 09:09:52.009   959  7905 I hash_map_utils: key: 'vr_audio_mode_on' value: ''
02-28 09:09:52.009   959  7905 I AudioPolicyManagerCustom: VR mode is 0, switch to primary output if request is for fast|raw
02-28 09:09:52.009   959  7905 I AudioPolicyManagerCustom: setting force DEEP buffer now
02-28 09:09:52.010   959  7905 D AudioFlinger: Client defaulted notificationFrames to 2048 for frameCount 4096
02-28 09:09:52.011   959  7905 D AF::TrackHandle: OpPlayAudio: track:221 usage:1 not muted
02-28 09:09:52.014   871   911 D msm8974_platform: platform_split_snd_device: snd_device(2) num devices(1) new_snd_devices(0)
02-28 09:09:52.014   871   911 D ACDB-LOADER: ACDB -> send_audvoltable
02-28 09:09:52.014   871   911 D ACDB-LOADER: ACDB -> ACDB_CMD_GET_AUDPROC_VOL_STEP_TABLE_SIZE
02-28 09:09:52.014   871   911 D ACDB-LOADER: ACDB -> ACDB_CMD_GET_AUDPROC_GAIN_DEP_STEP_TABLE, vol index 0
02-28 09:09:52.014   871   911 D         : Failed to fetch the lookup information of the device 0000000F
02-28 09:09:52.014   871   911 E ACDB-LOADER: Error: ACDB AudProc vol returned = -19
02-28 09:09:52.014   871   911 D ACDB-LOADER: ACDB -> AUDIO_SET_VOL_CAL cal type = 40
02-28 09:09:52.015   871   871 D msm8974_platform: platform_split_snd_device: snd_device(2) num devices(1) new_snd_devices(0)
02-28 09:09:52.017   871   871 V EffectDiracSound: DiracSound_command() start, cmdCode=20
02-28 09:09:52.017   871   871 V EffectDiracSound: DiracSound_Command EFFECT_CMD_OFFLOAD
02-28 09:09:52.018   871   871 V EffectDiracSound: DiracSound_command() start, cmdCode=1
02-28 09:09:52.018   871   871 V EffectDiracSound: DiracSound_setConfig start
02-28 09:09:52.018   871   871 I EffectDiracSound: DiracSound_updateState(), enable=0, hifi=0, device=0x2, headset=5, samplingRate=48000
02-28 09:09:52.018   871   871 I EffectDiracSound: DiracSound_updateState(), mode=0, music=0, movie=0, reset=0
02-28 09:09:52.018   871   871 I EffectDiracSound: DiracSound_updateState(), Speaker Movie/Stereo Mode is not supported. Stop update state.
02-28 09:09:52.018   871   871 W EffectHAL: Effect 0xe4b38cd0 command SET_CONFIG returned status: Invalid argument
02-28 09:09:52.018   871  1408 V EffectDiracSound: DiracSound_command() start, cmdCode=1
02-28 09:09:52.018   871  1408 V EffectDiracSound: DiracSound_setConfig start
02-28 09:09:52.018   871  1408 I EffectDiracSound: DiracSound_updateState(), enable=0, hifi=0, device=0x2, headset=5, samplingRate=48000
02-28 09:09:52.018   871  1408 I EffectDiracSound: DiracSound_updateState(), mode=0, music=0, movie=0, reset=0
02-28 09:09:52.018   871  1408 I EffectDiracSound: DiracSound_updateState(), Speaker Movie/Stereo Mode is not supported. Stop update state.
02-28 09:09:52.018   871  6793 V EffectDiracSound: DiracSound_command() start, cmdCode=9
02-28 09:09:52.018   871  6793 V EffectDiracSound: DiracSound_Command EFFECT_CMD_SET_DEVICE: 0x00000002
02-28 09:09:52.018   871   911 V EffectDiracSound: DiracSound_command() start, cmdCode=11
02-28 09:09:52.018   871   911 V EffectDiracSound: DiracSound_Command EFFECT_CMD_SET_AUDIO_MODE: 0
02-28 09:09:52.023  2666  3413 D Avrcp_ext: AudioManager Player: ID:23 -- type:android.media.SoundPool -- u/pid:10126/2688 -- state:idle -- attr:AudioAttributes: usage=USAGE_ASSISTANCE_SONIFICATION content=CONTENT_TYPE_SONIFICATION flags=0x800 tags= bundle=null
02-28 09:09:52.023  2666  3413 D Avrcp_ext: AudioManager Player: ID:15 -- type:android.media.SoundPool -- u/pid:1000/1493 -- state:idle -- attr:AudioAttributes: usage=USAGE_ASSISTANCE_SONIFICATION content=CONTENT_TYPE_SONIFICATION flags=0x800 tags= bundle=null
02-28 09:09:52.023  2666  3413 D Avrcp_ext: AudioManager Player: ID:1359 -- type:android.media.AudioTrack -- u/pid:10088/13579 -- state:started -- attr:AudioAttributes: usage=USAGE_MEDIA content=CONTENT_TYPE_SPEECH flags=0x800 tags= bundle=null
02-28 09:09:52.023  2666  3413 D Avrcp_ext: AudioManager isPlaying: true
02-28 09:09:52.023  2666  3413 V Avrcp_ext: updateCurrentMediaState: mMediaController: null
02-28 09:09:52.023  2666  3413 V Avrcp_ext: isMusicActive: false getBluetoothPlayState: 2
02-28 09:09:52.023  2666  3413 V Avrcp_ext: updateCurrentMediaState: isPlaying = false
02-28 09:09:52.023  2666  3413 V Avrcp_ext: Media update: id -1➡-1? [MediaAttributes: none] : [MediaAttributes: none]
02-28 09:09:52.023  2666  3413 V Avrcp_ext: newPlayStatus:2mReportedPlayStatus:-1
02-28 09:09:52.023  2666  3413 V Avrcp_ext: updatePlaybackState, state: PlaybackState {state=2, position=-1, buffered position=0, speed=0.0, updated=1795354, actions=0, custom actions=[], active item id=-1, error=null} device: null
02-28 09:09:52.024  2666  3413 V Avrcp_ext: Device: no name:
02-28 09:09:52.024  2666  3413 I chatty  : uid=1002(bluetooth) BluetoothAvrcpH identical 3 lines
02-28 09:09:52.024  2666  3413 V Avrcp_ext: Device: no name:
02-28 09:09:52.024  2666  3413 V Avrcp_ext: updatePlayerStateAndPosition, old=PlaybackState {state=2, position=-1, buffered position=0, speed=0.0, updated=1795219, actions=0, custom actions=[], active item id=-1, error=null}, state=PlaybackState {state=2, position=-1, buffered position=0, speed=0.0, updated=1795354, actions=0, custom actions=[], active item id=-1, error=null}
02-28 09:09:52.024  2666  3413 V Avrcp_ext: old state = PlaybackState {state=2, position=-1, buffered position=0, speed=0.0, updated=1795219, actions=0, custom actions=[], active item id=-1, error=null}, new state= PlaybackState {state=2, position=-1, buffered position=0, speed=0.0, updated=1795354, actions=0, custom actions=[], active item id=-1, error=null}
02-28 09:09:52.024  2666  3413 D HeadsetService: getHeadsetService(): returning com.android.bluetooth.hfp.HeadsetService@8a04d28
02-28 09:09:52.024  2666  3413 D HeadsetService:  isAudioOn: The number of audio connected devices 0
02-28 09:09:52.024  2666  3413 D HeadsetService: isScoOrCallActive(): Call Active:falseCall is Ringing:falseSCO is Active:false
02-28 09:09:52.024  2666  3413 D HeadsetService:  isAudioOn: The number of audio connected devices 0
02-28 09:09:52.024  2666  3413 I Avrcp_ext: updatePlayStatusForDevice: device: null
02-28 09:09:52.024  2666  3413 V Avrcp_ext: updatePlaybackState (1): old=PlaybackState {state=2, position=-1, buffered position=0, speed=0.0, updated=1795219, actions=0, custom actions=[], active item id=-1, error=null}(2), new=PlaybackState {state=2, position=-1, buffered position=0, speed=0.0, updated=1795354, actions=0, custom actions=[], active item id=-1, error=null}(2)
02-28 09:09:52.024  2666  3413 I Avrcp_ext: Exit updatePlayStatusForDevice
02-28 09:09:52.025  2666  3413 D HeadsetService:  isAudioOn: The number of audio connected devices 0
02-28 09:09:52.025  2666  3413 D HeadsetService: isScoOrCallActive(): Call Active:falseCall is Ringing:falseSCO is Active:false
02-28 09:09:52.025  2666  3413 D HeadsetService:  isAudioOn: The number of audio connected devices 0
02-28 09:09:52.025  2666  3413 I Avrcp_ext: updatePlayStatusForDevice: device: null
02-28 09:09:52.025  2666  3413 V Avrcp_ext: updatePlaybackState (1): old=PlaybackState {state=2, position=-1, buffered position=0, speed=0.0, updated=1795219, actions=0, custom actions=[], active item id=-1, error=null}(2), new=PlaybackState {state=2, position=-1, buffered position=0, speed=0.0, updated=1795354, actions=0, custom actions=[], active item id=-1, error=null}(2)
02-28 09:09:52.025  2666  3413 I Avrcp_ext: Exit updatePlayStatusForDevice
02-28 09:09:52.025  2666  3413 D HeadsetService:  isAudioOn: The number of audio connected devices 0
02-28 09:09:52.025  2666  3413 D HeadsetService: isScoOrCallActive(): Call Active:falseCall is Ringing:falseSCO is Active:false
02-28 09:09:52.025  2666  3413 D HeadsetService:  isAudioOn: The number of audio connected devices 0
02-28 09:09:52.025  2666  3413 I Avrcp_ext: updatePlayStatusForDevice: device: null
02-28 09:09:52.025  2666  3413 V Avrcp_ext: updatePlaybackState (1): old=PlaybackState {state=2, position=-1, buffered position=0, speed=0.0, updated=1795219, actions=0, custom actions=[], active item id=-1, error=null}(2), new=PlaybackState {state=2, position=-1, buffered position=0, speed=0.0, updated=1795354, actions=0, custom actions=[], active item id=-1, error=null}(2)
02-28 09:09:52.025  2666  3413 I Avrcp_ext: Exit updatePlayStatusForDevice
02-28 09:09:52.026  2666  3413 D HeadsetService:  isAudioOn: The number of audio connected devices 0
02-28 09:09:52.026  2666  3413 D HeadsetService: isScoOrCallActive(): Call Active:falseCall is Ringing:falseSCO is Active:false
02-28 09:09:52.026  2666  3413 D HeadsetService:  isAudioOn: The number of audio connected devices 0
02-28 09:09:52.026  2666  3413 I Avrcp_ext: updatePlayStatusForDevice: device: null
02-28 09:09:52.026  2666  3413 V Avrcp_ext: updatePlaybackState (1): old=PlaybackState {state=2, position=-1, buffered position=0, speed=0.0, updated=1795219, actions=0, custom actions=[], active item id=-1, error=null}(2), new=PlaybackState {state=2, position=-1, buffered position=0, speed=0.0, updated=1795354, actions=0, custom actions=[], active item id=-1, error=null}(2)
02-28 09:09:52.026  2666  3413 I Avrcp_ext: Exit updatePlayStatusForDevice
02-28 09:09:52.026  2666  3413 D HeadsetService:  isAudioOn: The number of audio connected devices 0
02-28 09:09:52.026  2666  3413 D HeadsetService: isScoOrCallActive(): Call Active:falseCall is Ringing:falseSCO is Active:false
02-28 09:09:52.026  2666  3413 D HeadsetService:  isAudioOn: The number of audio connected devices 0
02-28 09:09:52.026  2666  3413 I Avrcp_ext: updatePlayStatusForDevice: device: null
02-28 09:09:52.026  2666  3413 V Avrcp_ext: updatePlaybackState (1): old=PlaybackState {state=2, position=-1, buffered position=0, speed=0.0, updated=1795219, actions=0, custom actions=[], active item id=-1, error=null}(2), new=PlaybackState {state=2, position=-1, buffered position=0, speed=0.0, updated=1795354, actions=0, custom actions=[], active item id=-1, error=null}(2)
02-28 09:09:52.026  2666  3413 I Avrcp_ext: Exit updatePlayStatusForDevice
02-28 09:09:52.026  2666  3413 D Avrcp_ext: Enter sendPlayPosNotificationRsp
02-28 09:09:52.026  2666  3413 D Avrcp_ext: sendPlayPosNotificationRsp: Not registered or requesting.
02-28 09:09:52.026  2666  3413 D Avrcp_ext: Enter sendPlayPosNotificationRsp
02-28 09:09:52.026  2666  3413 D Avrcp_ext: sendPlayPosNotificationRsp: Not registered or requesting.
02-28 09:09:52.026  2666  3413 D Avrcp_ext: Enter sendPlayPosNotificationRsp
02-28 09:09:52.026  2666  3413 D Avrcp_ext: sendPlayPosNotificationRsp: Not registered or requesting.
02-28 09:09:52.026  2666  3413 D Avrcp_ext: Enter sendPlayPosNotificationRsp
02-28 09:09:52.026  2666  3413 D Avrcp_ext: sendPlayPosNotificationRsp: Not registered or requesting.
02-28 09:09:52.026  2666  3413 D Avrcp_ext: Enter sendPlayPosNotificationRsp
02-28 09:09:52.026  2666  3413 D Avrcp_ext: sendPlayPosNotificationRsp: Not registered or requesting.
02-28 09:09:52.026  2666  3413 V Avrcp_ext: Exit updatePlayerStateAndPosition
02-28 09:09:52.027 13511 13544 D NavServiceProvider: Creating NavigationServiceProvider...
02-28 09:09:52.027 13511 13544 D NavServiceProvider: Starting navigation for service
02-28 09:09:52.027 13511 13544 D NavServiceProvider: ProximityCalculator initializing...
02-28 09:09:52.027 13511 13544 D NavServiceProvider: Initializing ProximityCalculator
02-28 09:09:52.027 13511 13544 D NavServiceProvider: Number of path links: 1
02-28 09:09:52.027 13511 13544 D NavServiceProvider: Second to last stop coordinates: 28.080254, -82.429241
02-28 09:09:52.028 13511 13544 D NavServiceProvider: Setting units automatically
02-28 09:09:52.030 13511 13544 D NavServiceProvider: Detecting stop. distance_d=2121.941. stop_type=1 speed=0.0
02-28 09:09:52.030 13511 13544 D NavigationTest: 0: (28.065364, -82.442813, 0.000000)	R:false  F:false
02-28 09:09:52.030 13511 13544 D NavigationTest: 1: (28.065364, -82.442813, 0.000000)	R:false  F:false
02-28 09:09:52.030 13511 13544 D NavigationTest: 2: (28.065364, -82.442813, 0.000000)	R:false  F:false
02-28 09:09:52.030   871   911 V EffectDiracSound: DiracSound_command() start, cmdCode=20
02-28 09:09:52.030 13511 13544 D NavigationTest: 3: (28.065364, -82.442813, 0.000000)	R:false  F:false
02-28 09:09:52.030   871   911 V EffectDiracSound: DiracSound_Command EFFECT_CMD_OFFLOAD
02-28 09:09:52.030 13511 13544 D NavigationTest: 4: (28.065364, -82.442813, 0.000000)	R:false  F:false
02-28 09:09:52.030 13511 13544 D NavServiceProvider: Second to last stop coordinates: 28.080254, -82.429241
02-28 09:09:52.030   871   911 V EffectDiracSound: DiracSound_command() start, cmdCode=1
02-28 09:09:52.030   871   911 V EffectDiracSound: DiracSound_setConfig start
02-28 09:09:52.030   871   911 I EffectDiracSound: DiracSound_updateState(), enable=0, hifi=0, device=0x2, headset=5, samplingRate=48000
02-28 09:09:52.030   871   911 I EffectDiracSound: DiracSound_updateState(), mode=0, music=0, movie=0, reset=0
02-28 09:09:52.030   871   911 I EffectDiracSound: DiracSound_updateState(), Speaker Movie/Stereo Mode is not supported. Stop update state.
02-28 09:09:52.030   871   911 W EffectHAL: Effect 0xe4b38cd0 command SET_CONFIG returned status: Invalid argument
02-28 09:09:52.031   871   911 V EffectDiracSound: DiracSound_command() start, cmdCode=1
02-28 09:09:52.031   871   911 V EffectDiracSound: DiracSound_setConfig start
02-28 09:09:52.031   871   911 I EffectDiracSound: DiracSound_updateState(), enable=0, hifi=0, device=0x2, headset=5, samplingRate=48000
02-28 09:09:52.031   871   911 I EffectDiracSound: DiracSound_updateState(), mode=0, music=0, movie=0, reset=0
02-28 09:09:52.031   871   911 I EffectDiracSound: DiracSound_updateState(), Speaker Movie/Stereo Mode is not supported. Stop update state.
02-28 09:09:52.031   871   911 V EffectDiracSound: DiracSound_command() start, cmdCode=9
02-28 09:09:52.031   871   911 V EffectDiracSound: DiracSound_Command EFFECT_CMD_SET_DEVICE: 0x00000002
02-28 09:09:52.031 13511 13544 D NavServiceProvider: Setting units automatically
02-28 09:09:52.031   871   911 V EffectDiracSound: DiracSound_command() start, cmdCode=11
02-28 09:09:52.031   871   911 V EffectDiracSound: DiracSound_Command EFFECT_CMD_SET_AUDIO_MODE: 0
02-28 09:09:52.032 13511 13544 D NavServiceProvider: Detecting stop. distance_d=1945.8628. stop_type=1 speed=12.46
02-28 09:09:52.032 13511 13544 D NavigationTest: 5: (28.067489, -82.442834, 12.460000)	R:false  F:false
02-28 09:09:52.032 13511 13544 D NavigationTest: 6: (28.067489, -82.442834, 12.460000)	R:false  F:false
02-28 09:09:52.032 13511 13544 D NavigationTest: 7: (28.067489, -82.442834, 12.460000)	R:false  F:false
02-28 09:09:52.032 13511 13544 D NavServiceProvider: Second to last stop coordinates: 28.080254, -82.429241
02-28 09:09:52.033 13511 13544 D NavServiceProvider: Setting units automatically
02-28 09:09:52.034 13511 13544 D NavServiceProvider: Detecting stop. distance_d=1928.6083. stop_type=1 speed=12.83
02-28 09:09:52.034 13511 13544 D NavigationTest: 8: (28.067687, -82.442814, 12.830000)	R:false  F:false
02-28 09:09:52.034 13511 13544 D NavigationTest: 9: (28.067687, -82.442814, 12.830000)	R:false  F:false
02-28 09:09:52.034 13511 13544 D NavigationTest: 10: (28.067687, -82.442814, 12.830000)	R:false  F:false
02-28 09:09:52.034 13511 13544 D NavServiceProvider: Second to last stop coordinates: 28.080254, -82.429241
02-28 09:09:52.034 13511 13544 D NavServiceProvider: Setting units automatically
02-28 09:09:52.035 13511 13544 D NavServiceProvider: Detecting stop. distance_d=1919.8467. stop_type=1 speed=12.73
02-28 09:09:52.035 13511 13544 D NavigationTest: 11: (28.067789, -82.442805, 12.730000)	R:false  F:false
02-28 09:09:52.036 13511 13544 D NavigationTest: 12: (28.067789, -82.442805, 12.730000)	R:false  F:false
02-28 09:09:52.036 13511 13544 D NavigationTest: 13: (28.067789, -82.442805, 12.730000)	R:false  F:false
02-28 09:09:52.036 13511 13544 D NavServiceProvider: Second to last stop coordinates: 28.080254, -82.429241
02-28 09:09:52.036 13511 13544 D NavServiceProvider: Setting units automatically
02-28 09:09:52.037   871   871 D msm8974_platform: platform_split_snd_device: snd_device(2) num devices(1) new_snd_devices(0)
02-28 09:09:52.037   871   871 D ACDB-LOADER: ACDB -> send_audvoltable
02-28 09:09:52.037   871   871 D ACDB-LOADER: ACDB -> ACDB_CMD_GET_AUDPROC_VOL_STEP_TABLE_SIZE
02-28 09:09:52.037   871   871 D ACDB-LOADER: ACDB -> ACDB_CMD_GET_AUDPROC_GAIN_DEP_STEP_TABLE, vol index 5
02-28 09:09:52.037   871   871 D         : Failed to fetch the lookup information of the device 0000000F
02-28 09:09:52.037   871   871 E ACDB-LOADER: Error: ACDB AudProc vol returned = -19
02-28 09:09:52.037   871   871 D ACDB-LOADER: ACDB -> AUDIO_SET_VOL_CAL cal type = 40
02-28 09:09:52.037 13511 13544 D NavServiceProvider: Detecting stop. distance_d=1910.7041. stop_type=1 speed=12.72
02-28 09:09:52.037 13511 13544 D NavigationTest: 14: (28.067897, -82.442797, 12.720000)	R:false  F:false
02-28 09:09:52.037 13511 13544 D NavigationTest: 15: (28.067897, -82.442797, 12.720000)	R:false  F:false
02-28 09:09:52.037 13511 13544 D NavigationTest: 16: (28.067897, -82.442797, 12.720000)	R:false  F:false
02-28 09:09:52.037 13511 13544 D NavigationTest: 17: (28.067897, -82.442797, 12.720000)	R:false  F:false
02-28 09:09:52.037 13511 13544 D NavServiceProvider: Second to last stop coordinates: 28.080254, -82.429241
02-28 09:09:52.038 13511 13544 D NavServiceProvider: Setting units automatically
02-28 09:09:52.039 13511 13544 D NavServiceProvider: Detecting stop. distance_d=1910.7041. stop_type=1 speed=0.0
02-28 09:09:52.039 13511 13544 D NavigationTest: 18: (28.067897, -82.442797, 0.000000)	R:false  F:false
02-28 09:09:52.039 13511 13544 D NavServiceProvider: Second to last stop coordinates: 28.080254, -82.429241
02-28 09:09:52.039 13511 13544 D NavServiceProvider: Setting units automatically
02-28 09:09:52.040 13511 13544 D NavServiceProvider: Detecting stop. distance_d=1901.5599. stop_type=1 speed=12.41
02-28 09:09:52.040 13511 13544 D NavigationTest: 19: (28.068015, -82.442800, 12.410000)	R:false  F:false
02-28 09:09:52.040 13511 13544 D NavigationTest: 20: (28.068015, -82.442800, 12.410000)	R:false  F:false
02-28 09:09:52.040 13511 13544 D NavServiceProvider: Second to last stop coordinates: 28.080254, -82.429241
02-28 09:09:52.041 13511 13544 D NavServiceProvider: Setting units automatically
02-28 09:09:52.042 13511 13544 D NavServiceProvider: Detecting stop. distance_d=1892.6603. stop_type=1 speed=12.15
02-28 09:09:52.042 13511 13544 D NavigationTest: 21: (28.068134, -82.442807, 12.150000)	R:false  F:false
02-28 09:09:52.042 13511 13544 D NavigationTest: 22: (28.068134, -82.442807, 12.150000)	R:false  F:false
02-28 09:09:52.042 13511 13544 D NavigationTest: 23: (28.068134, -82.442807, 12.150000)	R:false  F:false
02-28 09:09:52.042 13511 13544 D NavServiceProvider: Second to last stop coordinates: 28.080254, -82.429241
02-28 09:09:52.042 13511 13544 D NavServiceProvider: Setting units automatically
02-28 09:09:52.043 13511 13544 D NavServiceProvider: Detecting stop. distance_d=1884.098. stop_type=1 speed=11.82
02-28 09:09:52.043 13511 13544 D NavigationTest: 24: (28.068244, -82.442808, 11.820000)	R:false  F:false
02-28 09:09:52.043 13511 13544 D NavigationTest: 25: (28.068244, -82.442808, 11.820000)	R:false  F:false
02-28 09:09:52.043 13511 13544 D NavigationTest: 26: (28.068244, -82.442808, 11.820000)	R:false  F:false
02-28 09:09:52.044 13511 13544 D NavigationTest: 27: (28.068244, -82.442808, 11.820000)	R:false  F:false
02-28 09:09:52.044 13511 13544 D NavigationTest: 28: (28.068244, -82.442808, 11.820000)	R:false  F:false
02-28 09:09:52.044 13511 13544 D NavigationTest: 29: (28.068244, -82.442808, 11.820000)	R:false  F:false
02-28 09:09:52.044 13511 13544 D NavigationTest: 30: (28.068244, -82.442808, 11.820000)	R:false  F:false
02-28 09:09:52.044 13511 13544 D NavigationTest: 31: (28.068244, -82.442808, 11.820000)	R:false  F:false
02-28 09:09:52.044 13511 13544 D NavigationTest: 32: (28.068244, -82.442808, 11.820000)	R:false  F:false
02-28 09:09:52.044 13511 13544 D NavigationTest: 33: (28.068244, -82.442808, 11.820000)	R:false  F:false
02-28 09:09:52.044 13511 13544 D NavServiceProvider: Second to last stop coordinates: 28.080254, -82.429241
02-28 09:09:52.044 13511 13544 D NavServiceProvider: Setting units automatically
02-28 09:09:52.045 13511 13544 D NavServiceProvider: Detecting stop. distance_d=1841.146. stop_type=1 speed=0.0
02-28 09:09:52.045 13511 13544 D NavigationTest: 34: (28.068895, -82.442910, 0.000000)	R:false  F:false
02-28 09:09:52.045 13511 13544 D NavigationTest: 35: (28.068895, -82.442910, 0.000000)	R:false  F:false
02-28 09:09:52.045 13511 13544 D NavigationTest: 36: (28.068895, -82.442910, 0.000000)	R:false  F:false
02-28 09:09:52.045 13511 13544 D NavServiceProvider: Second to last stop coordinates: 28.080254, -82.429241
02-28 09:09:52.046 13511 13544 D NavServiceProvider: Setting units automatically
02-28 09:09:52.047 13511 13544 D NavServiceProvider: Detecting stop. distance_d=1836.8169. stop_type=1 speed=0.0
02-28 09:09:52.047 13511 13544 D NavigationTest: 37: (28.068919, -82.442875, 0.000000)	R:false  F:false
02-28 09:09:52.047 13511 13544 D NavigationTest: 38: (28.068919, -82.442875, 0.000000)	R:false  F:false
02-28 09:09:52.047 13511 13544 D NavServiceProvider: Second to last stop coordinates: 28.080254, -82.429241
02-28 09:09:52.047 13511 13544 D NavServiceProvider: Setting units automatically
02-28 09:09:52.048 13511 13544 D NavServiceProvider: Detecting stop. distance_d=1834.9034. stop_type=1 speed=0.0
02-28 09:09:52.048 13511 13544 D NavigationTest: 39: (28.068931, -82.442861, 0.000000)	R:false  F:false
02-28 09:09:52.048 13511 13544 D NavigationTest: 40: (28.068931, -82.442861, 0.000000)	R:false  F:false
02-28 09:09:52.048 13511 13544 D NavigationTest: 41: (28.068931, -82.442861, 0.000000)	R:false  F:false
02-28 09:09:52.048 13511 13544 D NavigationTest: 42: (28.068931, -82.442861, 0.000000)	R:false  F:false
02-28 09:09:52.048 13511 13544 D NavigationTest: 43: (28.068931, -82.442861, 0.000000)	R:false  F:false
02-28 09:09:52.048 13511 13544 D NavServiceProvider: Second to last stop coordinates: 28.080254, -82.429241
02-28 09:09:52.049 13511 13544 D NavServiceProvider: Setting units automatically
02-28 09:09:52.050 13511 13544 D NavServiceProvider: Detecting stop. distance_d=1836.3744. stop_type=1 speed=0.0
02-28 09:09:52.050 13511 13544 D NavigationTest: 44: (28.068922, -82.442872, 0.000000)	R:false  F:false
02-28 09:09:52.050 13511 13544 D NavServiceProvider: Second to last stop coordinates: 28.080254, -82.429241
02-28 09:09:52.050 13511 13544 D NavServiceProvider: Setting units automatically
02-28 09:09:52.051 13511 13544 D NavServiceProvider: Detecting stop. distance_d=1832.3677. stop_type=1 speed=0.0
02-28 09:09:52.051 13511 13544 D NavigationTest: 45: (28.068955, -82.442851, 0.000000)	R:false  F:false
02-28 09:09:52.051 13511 13544 D NavigationTest: 46: (28.068955, -82.442851, 0.000000)	R:false  F:false
02-28 09:09:52.051 13511 13544 D NavServiceProvider: Second to last stop coordinates: 28.080254, -82.429241
02-28 09:09:52.051 13511 13544 D NavServiceProvider: Setting units automatically
02-28 09:09:52.052 13511 13544 D NavServiceProvider: Detecting stop. distance_d=1831.4031. stop_type=1 speed=0.0
02-28 09:09:52.053 13511 13544 D NavigationTest: 47: (28.068963, -82.442846, 0.000000)	R:false  F:false
02-28 09:09:52.053 13511 13544 D NavigationTest: 48: (28.068963, -82.442846, 0.000000)	R:false  F:false
02-28 09:09:52.053 13511 13544 D NavigationTest: 49: (28.068963, -82.442846, 0.000000)	R:false  F:false
02-28 09:09:52.053 13511 13544 D NavServiceProvider: Second to last stop coordinates: 28.080254, -82.429241
02-28 09:09:52.053 13511 13544 D NavServiceProvider: Setting units automatically
02-28 09:09:52.054 13511 13544 D NavServiceProvider: Detecting stop. distance_d=1831.0089. stop_type=1 speed=0.0
02-28 09:09:52.054 13511 13544 D NavigationTest: 50: (28.068972, -82.442850, 0.000000)	R:false  F:false
02-28 09:09:52.054 13511 13544 D NavigationTest: 51: (28.068972, -82.442850, 0.000000)	R:false  F:false
02-28 09:09:52.054 13511 13544 D NavigationTest: 52: (28.068972, -82.442850, 0.000000)	R:false  F:false
02-28 09:09:52.054 13511 13544 D NavServiceProvider: Second to last stop coordinates: 28.080254, -82.429241
02-28 09:09:52.054 13511 13544 D NavServiceProvider: Setting units automatically
02-28 09:09:52.055 13511 13544 D NavServiceProvider: Detecting stop. distance_d=1830.941. stop_type=1 speed=0.0
02-28 09:09:52.055 13511 13544 D NavigationTest: 53: (28.068971, -82.442848, 0.000000)	R:false  F:false
02-28 09:09:52.055 13511 13544 D NavigationTest: 54: (28.068971, -82.442848, 0.000000)	R:false  F:false
02-28 09:09:52.056 13511 13544 D NavigationTest: 55: (28.068971, -82.442848, 0.000000)	R:false  F:false
02-28 09:09:52.056 13511 13544 D NavServiceProvider: Second to last stop coordinates: 28.080254, -82.429241
02-28 09:09:52.056 13511 13544 D NavServiceProvider: Setting units automatically
02-28 09:09:52.057 13511 13544 D NavServiceProvider: Detecting stop. distance_d=1830.1279. stop_type=1 speed=0.0
02-28 09:09:52.057 13511 13544 D NavigationTest: 56: (28.068977, -82.442843, 0.000000)	R:false  F:false
02-28 09:09:52.057 13511 13544 D NavigationTest: 57: (28.068977, -82.442843, 0.000000)	R:false  F:false
02-28 09:09:52.057 13511 13544 D NavServiceProvider: Second to last stop coordinates: 28.080254, -82.429241
02-28 09:09:52.057 13511 13544 D NavServiceProvider: Setting units automatically
02-28 09:09:52.058 13511 13544 D NavServiceProvider: Detecting stop. distance_d=1830.0522. stop_type=1 speed=0.0
02-28 09:09:52.058 13511 13544 D NavigationTest: 58: (28.068978, -82.442843, 0.000000)	R:false  F:false
02-28 09:09:52.058 13511 13544 D NavigationTest: 59: (28.068978, -82.442843, 0.000000)	R:false  F:false
02-28 09:09:52.058 13511 13544 D NavigationTest: 60: (28.068978, -82.442843, 0.000000)	R:false  F:false
02-28 09:09:52.058 13511 13544 D NavigationTest: 61: (28.068978, -82.442843, 0.000000)	R:false  F:false
02-28 09:09:52.058 13511 13544 D NavigationTest: 62: (28.068978, -82.442843, 0.000000)	R:false  F:false
02-28 09:09:52.058 13511 13544 D NavServiceProvider: Second to last stop coordinates: 28.080254, -82.429241
02-28 09:09:52.059 13511 13544 D NavServiceProvider: Setting units automatically
02-28 09:09:52.060 13511 13544 D NavServiceProvider: Detecting stop. distance_d=1829.8291. stop_type=1 speed=0.0
02-28 09:09:52.060 13511 13544 D NavigationTest: 63: (28.068980, -82.442842, 0.000000)	R:false  F:false
02-28 09:09:52.060 13511 13544 D NavigationTest: 64: (28.068980, -82.442842, 0.000000)	R:false  F:false
02-28 09:09:52.060 13511 13544 D NavigationTest: 65: (28.068980, -82.442842, 0.000000)	R:false  F:false
02-28 09:09:52.060 13511 13544 D NavServiceProvider: Second to last stop coordinates: 28.080254, -82.429241
02-28 09:09:52.060 13511 13544 D NavServiceProvider: Setting units automatically
02-28 09:09:52.061 13511 13544 D NavServiceProvider: Detecting stop. distance_d=1829.8291. stop_type=1 speed=0.0
02-28 09:09:52.061 13511 13544 D NavigationTest: 66: (28.068980, -82.442842, 0.000000)	R:false  F:false
02-28 09:09:52.061 13511 13544 D NavigationTest: 67: (28.068980, -82.442842, 0.000000)	R:false  F:false
02-28 09:09:52.061 13511 13544 D NavServiceProvider: Second to last stop coordinates: 28.080254, -82.429241
02-28 09:09:52.062 13511 13544 D NavServiceProvider: Setting units automatically
02-28 09:09:52.063 13511 13544 D NavServiceProvider: Detecting stop. distance_d=1829.8291. stop_type=1 speed=0.0
02-28 09:09:52.063 13511 13544 D NavigationTest: 68: (28.068980, -82.442842, 0.000000)	R:false  F:false
02-28 09:09:52.063 13511 13544 D NavigationTest: 69: (28.068980, -82.442842, 0.000000)	R:false  F:false
02-28 09:09:52.063 13511 13544 D NavigationTest: 70: (28.068980, -82.442842, 0.000000)	R:false  F:false
02-28 09:09:52.063 13511 13544 D NavServiceProvider: Second to last stop coordinates: 28.080254, -82.429241
02-28 09:09:52.063 13511 13544 D NavServiceProvider: Setting units automatically
02-28 09:09:52.064 13511 13544 D NavServiceProvider: Detecting stop. distance_d=1829.8291. stop_type=1 speed=0.0
02-28 09:09:52.064 13511 13544 D NavigationTest: 71: (28.068980, -82.442842, 0.000000)	R:false  F:false
02-28 09:09:52.064 13511 13544 D NavigationTest: 72: (28.068980, -82.442842, 0.000000)	R:false  F:false
02-28 09:09:52.064 13511 13544 D NavigationTest: 73: (28.068980, -82.442842, 0.000000)	R:false  F:false
02-28 09:09:52.064 13511 13544 D NavServiceProvider: Second to last stop coordinates: 28.080254, -82.429241
02-28 09:09:52.065 13511 13544 D NavServiceProvider: Setting units automatically
02-28 09:09:52.065 13511 13544 D NavServiceProvider: Detecting stop. distance_d=1829.8291. stop_type=1 speed=0.0
02-28 09:09:52.066 13511 13544 D NavigationTest: 74: (28.068980, -82.442842, 0.000000)	R:false  F:false
02-28 09:09:52.066 13511 13544 D NavigationTest: 75: (28.068980, -82.442842, 0.000000)	R:false  F:false
02-28 09:09:52.066 13511 13544 D NavServiceProvider: Second to last stop coordinates: 28.080254, -82.429241
02-28 09:09:52.066 13511 13544 D NavServiceProvider: Setting units automatically
02-28 09:09:52.067 13511 13544 D NavServiceProvider: Detecting stop. distance_d=1829.8291. stop_type=1 speed=0.0
02-28 09:09:52.067 13511 13544 D NavigationTest: 76: (28.068980, -82.442842, 0.000000)	R:false  F:false
02-28 09:09:52.067 13511 13544 D NavigationTest: 77: (28.068980, -82.442842, 0.000000)	R:false  F:false
02-28 09:09:52.067 13511 13544 D NavigationTest: 78: (28.068980, -82.442842, 0.000000)	R:false  F:false
02-28 09:09:52.067 13511 13544 D NavServiceProvider: Second to last stop coordinates: 28.080254, -82.429241
02-28 09:09:52.067 13511 13544 D NavServiceProvider: Setting units automatically
02-28 09:09:52.068 13511 13544 D NavServiceProvider: Detecting stop. distance_d=1829.8291. stop_type=1 speed=0.0
02-28 09:09:52.068 13511 13544 D NavigationTest: 79: (28.068980, -82.442842, 0.000000)	R:false  F:false
02-28 09:09:52.068 13511 13544 D NavigationTest: 80: (28.068980, -82.442842, 0.000000)	R:false  F:false
02-28 09:09:52.068 13511 13544 D NavServiceProvider: Second to last stop coordinates: 28.080254, -82.429241
02-28 09:09:52.069 13511 13544 D NavServiceProvider: Setting units automatically
02-28 09:09:52.070 13511 13544 D NavServiceProvider: Detecting stop. distance_d=1829.8291. stop_type=1 speed=0.0
02-28 09:09:52.070 13511 13544 D NavigationTest: 81: (28.068980, -82.442842, 0.000000)	R:false  F:false
02-28 09:09:52.070 13511 13544 D NavigationTest: 82: (28.068980, -82.442842, 0.000000)	R:false  F:false
02-28 09:09:52.070 13511 13544 D NavigationTest: 83: (28.068980, -82.442842, 0.000000)	R:false  F:false
02-28 09:09:52.070 13511 13544 D NavServiceProvider: Second to last stop coordinates: 28.080254, -82.429241
02-28 09:09:52.070 13511 13544 D NavServiceProvider: Setting units automatically
02-28 09:09:52.071 13511 13544 D NavServiceProvider: Detecting stop. distance_d=1829.8291. stop_type=1 speed=0.0
02-28 09:09:52.071 13511 13544 D NavigationTest: 84: (28.068980, -82.442842, 0.000000)	R:false  F:false
02-28 09:09:52.071 13511 13544 D NavigationTest: 85: (28.068980, -82.442842, 0.000000)	R:false  F:false
02-28 09:09:52.071 13511 13544 D NavigationTest: 86: (28.068980, -82.442842, 0.000000)	R:false  F:false
02-28 09:09:52.071 13511 13544 D NavServiceProvider: Second to last stop coordinates: 28.080254, -82.429241
02-28 09:09:52.072 13511 13544 D NavServiceProvider: Setting units automatically
02-28 09:09:52.073 13511 13544 D NavServiceProvider: Detecting stop. distance_d=1829.8291. stop_type=1 speed=0.0
02-28 09:09:52.073 13511 13544 D NavigationTest: 87: (28.068980, -82.442842, 0.000000)	R:false  F:false
02-28 09:09:52.073 13511 13544 D NavigationTest: 88: (28.068980, -82.442842, 0.000000)	R:false  F:false
02-28 09:09:52.073 13511 13544 D NavigationTest: 89: (28.068980, -82.442842, 0.000000)	R:false  F:false
02-28 09:09:52.073 13511 13544 D NavServiceProvider: Second to last stop coordinates: 28.080254, -82.429241
02-28 09:09:52.073 13511 13544 D NavServiceProvider: Setting units automatically
02-28 09:09:52.074 13511 13544 D NavServiceProvider: Detecting stop. distance_d=1829.8291. stop_type=1 speed=0.0
02-28 09:09:52.074 13511 13544 D NavigationTest: 90: (28.068980, -82.442842, 0.000000)	R:false  F:false
02-28 09:09:52.074 13511 13544 D NavigationTest: 91: (28.068980, -82.442842, 0.000000)	R:false  F:false
02-28 09:09:52.074 13511 13544 D NavigationTest: 92: (28.068980, -82.442842, 0.000000)	R:false  F:false
02-28 09:09:52.074 13511 13544 D NavServiceProvider: Second to last stop coordinates: 28.080254, -82.429241
02-28 09:09:52.075 13511 13544 D NavServiceProvider: Setting units automatically
02-28 09:09:52.076 13511 13544 D NavServiceProvider: Detecting stop. distance_d=1829.8291. stop_type=1 speed=0.0
02-28 09:09:52.076 13511 13544 D NavigationTest: 93: (28.068980, -82.442842, 0.000000)	R:false  F:false
02-28 09:09:52.076 13511 13544 D NavigationTest: 94: (28.068980, -82.442842, 0.000000)	R:false  F:false
02-28 09:09:52.076 13511 13544 D NavServiceProvider: Second to last stop coordinates: 28.080254, -82.429241
02-28 09:09:52.076 13511 13544 D NavServiceProvider: Setting units automatically
02-28 09:09:52.077 13511 13544 D NavServiceProvider: Detecting stop. distance_d=1829.8291. stop_type=1 speed=0.0
02-28 09:09:52.077 13511 13544 D NavigationTest: 95: (28.068980, -82.442842, 0.000000)	R:false  F:false
02-28 09:09:52.077 13511 13544 D NavigationTest: 96: (28.068980, -82.442842, 0.000000)	R:false  F:false
02-28 09:09:52.077 13511 13544 D NavigationTest: 97: (28.068980, -82.442842, 0.000000)	R:false  F:false
02-28 09:09:52.077 13511 13544 D NavServiceProvider: Second to last stop coordinates: 28.080254, -82.429241
02-28 09:09:52.077 13511 13544 D NavServiceProvider: Setting units automatically
02-28 09:09:52.078 13511 13544 D NavServiceProvider: Detecting stop. distance_d=1829.8291. stop_type=1 speed=0.0
02-28 09:09:52.079 13511 13544 D NavigationTest: 98: (28.068980, -82.442842, 0.000000)	R:false  F:false
02-28 09:09:52.079 13511 13544 D NavigationTest: 99: (28.068980, -82.442842, 0.000000)	R:false  F:false
02-28 09:09:52.079 13511 13544 D NavigationTest: 100: (28.068980, -82.442842, 0.000000)	R:false  F:false
02-28 09:09:52.079 13511 13544 D NavServiceProvider: Second to last stop coordinates: 28.080254, -82.429241
02-28 09:09:52.079 13511 13544 D NavServiceProvider: Setting units automatically
02-28 09:09:52.080 13511 13544 D NavServiceProvider: Detecting stop. distance_d=1829.8291. stop_type=1 speed=0.0
02-28 09:09:52.080 13511 13544 D NavigationTest: 101: (28.068980, -82.442842, 0.000000)	R:false  F:false
02-28 09:09:52.080 13511 13544 D NavigationTest: 102: (28.068980, -82.442842, 0.000000)	R:false  F:false
02-28 09:09:52.080 13511 13544 D NavServiceProvider: Second to last stop coordinates: 28.080254, -82.429241
02-28 09:09:52.080 13511 13544 D NavServiceProvider: Setting units automatically
02-28 09:09:52.081 13511 13544 D NavServiceProvider: Detecting stop. distance_d=1829.8291. stop_type=1 speed=0.0
02-28 09:09:52.081 13511 13544 D NavigationTest: 103: (28.068980, -82.442842, 0.000000)	R:false  F:false
02-28 09:09:52.082 13511 13544 D NavigationTest: 104: (28.068980, -82.442842, 0.000000)	R:false  F:false
02-28 09:09:52.082 13511 13544 D NavigationTest: 105: (28.068980, -82.442842, 0.000000)	R:false  F:false
02-28 09:09:52.082 13511 13544 D NavServiceProvider: Second to last stop coordinates: 28.080254, -82.429241
02-28 09:09:52.082 13511 13544 D NavServiceProvider: Setting units automatically
02-28 09:09:52.083 13511 13544 D NavServiceProvider: Detecting stop. distance_d=1829.8291. stop_type=1 speed=0.0
02-28 09:09:52.083 13511 13544 D NavigationTest: 106: (28.068980, -82.442842, 0.000000)	R:false  F:false
02-28 09:09:52.083 13511 13544 D NavigationTest: 107: (28.068980, -82.442842, 0.000000)	R:false  F:false
02-28 09:09:52.083 13511 13544 D NavigationTest: 108: (28.068980, -82.442842, 0.000000)	R:false  F:false
02-28 09:09:52.083 13511 13544 D NavServiceProvider: Second to last stop coordinates: 28.080254, -82.429241
02-28 09:09:52.083 13511 13544 D NavServiceProvider: Setting units automatically
02-28 09:09:52.084 13511 13544 D NavServiceProvider: Detecting stop. distance_d=1829.8291. stop_type=1 speed=0.0
02-28 09:09:52.084 13511 13544 D NavigationTest: 109: (28.068980, -82.442842, 0.000000)	R:false  F:false
02-28 09:09:52.084 13511 13544 D NavigationTest: 110: (28.068980, -82.442842, 0.000000)	R:false  F:false
02-28 09:09:52.084 13511 13544 D NavServiceProvider: Second to last stop coordinates: 28.080254, -82.429241
02-28 09:09:52.085 13511 13544 D NavServiceProvider: Setting units automatically
02-28 09:09:52.086 13511 13544 D NavServiceProvider: Detecting stop. distance_d=1829.7572. stop_type=1 speed=0.0
02-28 09:09:52.086 13511 13544 D NavigationTest: 111: (28.068980, -82.442841, 0.000000)	R:false  F:false
02-28 09:09:52.086 13511 13544 D NavigationTest: 112: (28.068980, -82.442841, 0.000000)	R:false  F:false
02-28 09:09:52.086 13511 13544 D NavigationTest: 113: (28.068980, -82.442841, 0.000000)	R:false  F:false
02-28 09:09:52.086 13511 13544 D NavServiceProvider: Second to last stop coordinates: 28.080254, -82.429241
02-28 09:09:52.086 13511 13544 D NavServiceProvider: Setting units automatically
02-28 09:09:52.087 13511 13544 D NavServiceProvider: Detecting stop. distance_d=1829.8291. stop_type=1 speed=0.0
02-28 09:09:52.087 13511 13544 D NavigationTest: 114: (28.068980, -82.442842, 0.000000)	R:false  F:false
02-28 09:09:52.087 13511 13544 D NavigationTest: 115: (28.068980, -82.442842, 0.000000)	R:false  F:false
02-28 09:09:52.087 13511 13544 D NavServiceProvider: Second to last stop coordinates: 28.080254, -82.429241
02-28 09:09:52.088 13511 13544 D NavServiceProvider: Setting units automatically
02-28 09:09:52.088 13511 13544 D NavServiceProvider: Detecting stop. distance_d=1829.7534. stop_type=1 speed=0.0
02-28 09:09:52.089 13511 13544 D NavigationTest: 116: (28.068981, -82.442842, 0.000000)	R:false  F:false
02-28 09:09:52.089 13511 13544 D NavigationTest: 117: (28.068981, -82.442842, 0.000000)	R:false  F:false
02-28 09:09:52.089 13511 13544 D NavigationTest: 118: (28.068981, -82.442842, 0.000000)	R:false  F:false
02-28 09:09:52.089 13511 13544 D NavServiceProvider: Second to last stop coordinates: 28.080254, -82.429241
02-28 09:09:52.089 13511 13544 D NavServiceProvider: Setting units automatically
02-28 09:09:52.090 13511 13544 D NavServiceProvider: Detecting stop. distance_d=1829.7534. stop_type=1 speed=0.0
02-28 09:09:52.090 13511 13544 D NavigationTest: 119: (28.068981, -82.442842, 0.000000)	R:false  F:false
02-28 09:09:52.090 13511 13544 D NavigationTest: 120: (28.068981, -82.442842, 0.000000)	R:false  F:false
02-28 09:09:52.090 13511 13544 D NavigationTest: 121: (28.068981, -82.442842, 0.000000)	R:false  F:false
02-28 09:09:52.090 13511 13544 D NavServiceProvider: Second to last stop coordinates: 28.080254, -82.429241
02-28 09:09:52.091 13511 13544 D NavServiceProvider: Setting units automatically
02-28 09:09:52.092 13511 13544 D NavServiceProvider: Detecting stop. distance_d=1829.7534. stop_type=1 speed=0.0
02-28 09:09:52.092 13511 13544 D NavigationTest: 122: (28.068981, -82.442842, 0.000000)	R:false  F:false
02-28 09:09:52.092 13511 13544 D NavigationTest: 123: (28.068981, -82.442842, 0.000000)	R:false  F:false
02-28 09:09:52.092 13511 13544 D NavigationTest: 124: (28.068981, -82.442842, 0.000000)	R:false  F:false
02-28 09:09:52.092 13511 13544 D NavServiceProvider: Second to last stop coordinates: 28.080254, -82.429241
02-28 09:09:52.092 13511 13544 D NavServiceProvider: Setting units automatically
02-28 09:09:52.093 13511 13544 D NavServiceProvider: Detecting stop. distance_d=1829.7534. stop_type=1 speed=0.0
02-28 09:09:52.093 13511 13544 D NavigationTest: 125: (28.068981, -82.442842, 0.000000)	R:false  F:false
02-28 09:09:52.093 13511 13544 D NavigationTest: 126: (28.068981, -82.442842, 0.000000)	R:false  F:false
02-28 09:09:52.093 13511 13544 D NavigationTest: 127: (28.068981, -82.442842, 0.000000)	R:false  F:false
02-28 09:09:52.093 13511 13544 D NavServiceProvider: Second to last stop coordinates: 28.080254, -82.429241
02-28 09:09:52.094 13511 13544 D NavServiceProvider: Setting units automatically
02-28 09:09:52.095 13511 13544 D NavServiceProvider: Detecting stop. distance_d=1829.7534. stop_type=1 speed=0.0
02-28 09:09:52.095 13511 13544 D NavigationTest: 128: (28.068981, -82.442842, 0.000000)	R:false  F:false
02-28 09:09:52.095 13511 13544 D NavigationTest: 129: (28.068981, -82.442842, 0.000000)	R:false  F:false
02-28 09:09:52.095 13511 13544 D NavServiceProvider: Second to last stop coordinates: 28.080254, -82.429241
02-28 09:09:52.095 13511 13544 D NavServiceProvider: Setting units automatically
02-28 09:09:52.096 13511 13544 D NavServiceProvider: Detecting stop. distance_d=1829.7534. stop_type=1 speed=0.0
02-28 09:09:52.096 13511 13544 D NavigationTest: 130: (28.068981, -82.442842, 0.000000)	R:false  F:false
02-28 09:09:52.096 13511 13544 D NavigationTest: 131: (28.068981, -82.442842, 0.000000)	R:false  F:false
02-28 09:09:52.096 13511 13544 D NavigationTest: 132: (28.068981, -82.442842, 0.000000)	R:false  F:false
02-28 09:09:52.096 13511 13544 D NavServiceProvider: Second to last stop coordinates: 28.080254, -82.429241
02-28 09:09:52.097 13511 13544 D NavServiceProvider: Setting units automatically
02-28 09:09:52.098 13511 13544 D NavServiceProvider: Detecting stop. distance_d=1829.7534. stop_type=1 speed=0.0
02-28 09:09:52.098 13511 13544 D NavigationTest: 133: (28.068981, -82.442842, 0.000000)	R:false  F:false
02-28 09:09:52.098 13511 13544 D NavigationTest: 134: (28.068981, -82.442842, 0.000000)	R:false  F:false
02-28 09:09:52.098 13511 13544 D NavigationTest: 135: (28.068981, -82.442842, 0.000000)	R:false  F:false
02-28 09:09:52.098 13511 13544 D NavServiceProvider: Second to last stop coordinates: 28.080254, -82.429241
02-28 09:09:52.098 13511 13544 D NavServiceProvider: Setting units automatically
02-28 09:09:52.099 13511 13544 D NavServiceProvider: Detecting stop. distance_d=1829.7534. stop_type=1 speed=0.0
02-28 09:09:52.099 13511 13544 D NavigationTest: 136: (28.068981, -82.442842, 0.000000)	R:false  F:false
02-28 09:09:52.100 13511 13544 D NavigationTest: 137: (28.068981, -82.442842, 0.000000)	R:false  F:false
02-28 09:09:52.100 13511 13544 D NavigationTest: 138: (28.068981, -82.442842, 0.000000)	R:false  F:false
02-28 09:09:52.100 13511 13544 D NavServiceProvider: Second to last stop coordinates: 28.080254, -82.429241
02-28 09:09:52.100 13511 13544 D NavServiceProvider: Setting units automatically
02-28 09:09:52.101 13511 13544 D NavServiceProvider: Detecting stop. distance_d=1829.7534. stop_type=1 speed=0.0
02-28 09:09:52.101 13511 13544 D NavigationTest: 139: (28.068981, -82.442842, 0.000000)	R:false  F:false
02-28 09:09:52.101 13511 13544 D NavigationTest: 140: (28.068981, -82.442842, 0.000000)	R:false  F:false
02-28 09:09:52.101 13511 13544 D NavServiceProvider: Second to last stop coordinates: 28.080254, -82.429241
02-28 09:09:52.101 13511 13544 D NavServiceProvider: Setting units automatically
02-28 09:09:52.102 13511 13544 D NavServiceProvider: Detecting stop. distance_d=1829.7534. stop_type=1 speed=0.0
02-28 09:09:52.102 13511 13544 D NavigationTest: 141: (28.068981, -82.442842, 0.000000)	R:false  F:false
02-28 09:09:52.102 13511 13544 D NavigationTest: 142: (28.068981, -82.442842, 0.000000)	R:false  F:false
02-28 09:09:52.103 13511 13544 D NavigationTest: 143: (28.068981, -82.442842, 0.000000)	R:false  F:false
02-28 09:09:52.103 13511 13544 D NavServiceProvider: Second to last stop coordinates: 28.080254, -82.429241
02-28 09:09:52.103 13511 13544 D NavServiceProvider: Setting units automatically
02-28 09:09:52.104 13511 13544 D NavServiceProvider: Detecting stop. distance_d=1829.7534. stop_type=1 speed=0.0
02-28 09:09:52.104 13511 13544 D NavigationTest: 144: (28.068981, -82.442842, 0.000000)	R:false  F:false
02-28 09:09:52.104 13511 13544 D NavigationTest: 145: (28.068981, -82.442842, 0.000000)	R:false  F:false
02-28 09:09:52.104 13511 13544 D NavServiceProvider: Second to last stop coordinates: 28.080254, -82.429241
02-28 09:09:52.104 13511 13544 D NavServiceProvider: Setting units automatically
02-28 09:09:52.105 13511 13544 D NavServiceProvider: Detecting stop. distance_d=1829.7534. stop_type=1 speed=0.0
02-28 09:09:52.105 13511 13544 D NavigationTest: 146: (28.068981, -82.442842, 0.000000)	R:false  F:false
02-28 09:09:52.105 13511 13544 D NavigationTest: 147: (28.068981, -82.442842, 0.000000)	R:false  F:false
02-28 09:09:52.105 13511 13544 D NavigationTest: 148: (28.068981, -82.442842, 0.000000)	R:false  F:false
02-28 09:09:52.105 13511 13544 D NavServiceProvider: Second to last stop coordinates: 28.080254, -82.429241
02-28 09:09:52.106 13511 13544 D NavServiceProvider: Setting units automatically
02-28 09:09:52.107 13511 13544 D NavServiceProvider: Detecting stop. distance_d=1829.7534. stop_type=1 speed=0.0
02-28 09:09:52.107 13511 13544 D NavigationTest: 149: (28.068981, -82.442842, 0.000000)	R:false  F:false
02-28 09:09:52.107 13511 13544 D NavigationTest: 150: (28.068981, -82.442842, 0.000000)	R:false  F:false
02-28 09:09:52.107 13511 13544 D NavigationTest: 151: (28.068981, -82.442842, 0.000000)	R:false  F:false
02-28 09:09:52.107 13511 13544 D NavServiceProvider: Second to last stop coordinates: 28.080254, -82.429241
02-28 09:09:52.107 13511 13544 D NavServiceProvider: Setting units automatically
02-28 09:09:52.108 13511 13544 D NavServiceProvider: Detecting stop. distance_d=1829.7534. stop_type=1 speed=0.0
02-28 09:09:52.108 13511 13544 D NavigationTest: 152: (28.068981, -82.442842, 0.000000)	R:false  F:false
02-28 09:09:52.108 13511 13544 D NavigationTest: 153: (28.068981, -82.442842, 0.000000)	R:false  F:false
02-28 09:09:52.108 13511 13544 D NavServiceProvider: Second to last stop coordinates: 28.080254, -82.429241
02-28 09:09:52.109 13511 13544 D NavServiceProvider: Setting units automatically
02-28 09:09:52.110 13511 13544 D NavServiceProvider: Detecting stop. distance_d=1829.7534. stop_type=1 speed=0.0
02-28 09:09:52.110 13511 13544 D NavigationTest: 154: (28.068981, -82.442842, 0.000000)	R:false  F:false
02-28 09:09:52.110 13511 13544 D NavigationTest: 155: (28.068981, -82.442842, 0.000000)	R:false  F:false
02-28 09:09:52.110 13511 13544 D NavigationTest: 156: (28.068981, -82.442842, 0.000000)	R:false  F:false
02-28 09:09:52.110 13511 13544 D NavServiceProvider: Second to last stop coordinates: 28.080254, -82.429241
02-28 09:09:52.110 13511 13544 D NavServiceProvider: Setting units automatically
02-28 09:09:52.111 13511 13544 D NavServiceProvider: Detecting stop. distance_d=1829.6777. stop_type=1 speed=0.0
02-28 09:09:52.111 13511 13544 D NavigationTest: 157: (28.068982, -82.442842, 0.000000)	R:false  F:false
02-28 09:09:52.111 13511 13544 D NavigationTest: 158: (28.068982, -82.442842, 0.000000)	R:false  F:false
02-28 09:09:52.111 13511 13544 D NavServiceProvider: Second to last stop coordinates: 28.080254, -82.429241
02-28 09:09:52.112 13511 13544 D NavServiceProvider: Setting units automatically
02-28 09:09:52.113 13511 13544 D NavServiceProvider: Detecting stop. distance_d=1829.6777. stop_type=1 speed=0.0
02-28 09:09:52.113 13511 13544 D NavigationTest: 159: (28.068982, -82.442842, 0.000000)	R:false  F:false
02-28 09:09:52.113 13511 13544 D NavigationTest: 160: (28.068982, -82.442842, 0.000000)	R:false  F:false
02-28 09:09:52.113 13511 13544 D NavigationTest: 161: (28.068982, -82.442842, 0.000000)	R:false  F:false
02-28 09:09:52.113 13511 13544 D NavServiceProvider: Second to last stop coordinates: 28.080254, -82.429241
02-28 09:09:52.113 13511 13544 D NavServiceProvider: Setting units automatically
02-28 09:09:52.114 13511 13544 D NavServiceProvider: Detecting stop. distance_d=1829.6777. stop_type=1 speed=0.0
02-28 09:09:52.114 13511 13544 D NavigationTest: 162: (28.068982, -82.442842, 0.000000)	R:false  F:false
02-28 09:09:52.114 13511 13544 D NavigationTest: 163: (28.068982, -82.442842, 0.000000)	R:false  F:false
02-28 09:09:52.114 13511 13544 D NavigationTest: 164: (28.068982, -82.442842, 0.000000)	R:false  F:false
02-28 09:09:52.114 13511 13544 D NavServiceProvider: Second to last stop coordinates: 28.080254, -82.429241
02-28 09:09:52.115 13511 13544 D NavServiceProvider: Setting units automatically
02-28 09:09:52.116 13511 13544 D NavServiceProvider: Detecting stop. distance_d=1829.0612. stop_type=1 speed=0.88
02-28 09:09:52.116 13511 13544 D NavigationTest: 165: (28.068993, -82.442845, 0.880000)	R:false  F:false
02-28 09:09:52.116 13511 13544 D NavigationTest: 166: (28.068993, -82.442845, 0.880000)	R:false  F:false
02-28 09:09:52.116 13511 13544 D NavServiceProvider: Second to last stop coordinates: 28.080254, -82.429241
02-28 09:09:52.116 13511 13544 D NavServiceProvider: Setting units automatically
02-28 09:09:52.117 13511 13544 D NavServiceProvider: Detecting stop. distance_d=1828.3126. stop_type=1 speed=1.25
