02-28 09:09:53.052 13511 13544 D NavigationTest: 1769: (28.080318, -82.434973, 3.330000)	R:false  F:false
02-28 09:09:53.052 13511 13544 D NavServiceProvider: Second to last stop coordinates: 28.080254, -82.429241
02-28 09:09:53.052 13511 13544 D NavServiceProvider: Setting units automatically
02-28 09:09:53.053 13511 13544 D NavServiceProvider: Detecting stop. distance_d=559.6063. stop_type=1 speed=4.24
02-28 09:09:53.053 13511 13544 D NavigationTest: 1770: (28.080320, -82.434934, 4.240000)	R:false  F:false
02-28 09:09:53.053 13511 13544 D NavigationTest: 1771: (28.080320, -82.434934, 4.240000)	R:false  F:false
02-28 09:09:53.053 13511 13544 D NavServiceProvider: Second to last stop coordinates: 28.080254, -82.429241
02-28 09:09:53.054 13511 13544 D NavServiceProvider: Setting units automatically
02-28 09:09:53.055 13511 13544 D NavServiceProvider: Detecting stop. distance_d=554.79205. stop_type=1 speed=5.01
02-28 09:09:53.055 13511 13544 D NavigationTest: 1772: (28.080321, -82.434885, 5.010000)	R:false  F:false
02-28 09:09:53.055 13511 13544 D NavigationTest: 1773: (28.080321, -82.434885, 5.010000)	R:false  F:false
02-28 09:09:53.055 13511 13544 D NavigationTest: 1774: (28.080321, -82.434885, 5.010000)	R:false  F:false
02-28 09:09:53.055 13511 13544 D NavServiceProvider: Second to last stop coordinates: 28.080254, -82.429241
02-28 09:09:53.056 13511 13544 D NavServiceProvider: Setting units automatically
02-28 09:09:53.057 13511 13544 D NavServiceProvider: Detecting stop. distance_d=549.29297. stop_type=1 speed=6.01
02-28 09:09:53.057 13511 13544 D NavigationTest: 1775: (28.080324, -82.434829, 6.010000)	R:false  F:false
02-28 09:09:53.057 13511 13544 D NavigationTest: 1776: (28.080324, -82.434829, 6.010000)	R:false  F:false
02-28 09:09:53.057 13511 13544 D NavServiceProvider: Second to last stop coordinates: 28.080254, -82.429241
02-28 09:09:53.057 13511 13544 D NavServiceProvider: Setting units automatically
02-28 09:09:53.058 13511 13544 D NavServiceProvider: Detecting stop. distance_d=542.312. stop_type=1 speed=7.06
02-28 09:09:53.058 13511 13544 D NavigationTest: 1777: (28.080322, -82.434758, 7.060000)	R:false  F:false
02-28 09:09:53.058 13511 13544 D NavigationTest: 1778: (28.080322, -82.434758, 7.060000)	R:false  F:false
02-28 09:09:53.058 13511 13544 D NavigationTest: 1779: (28.080322, -82.434758, 7.060000)	R:false  F:false
02-28 09:09:53.058 13511 13544 D NavServiceProvider: Second to last stop coordinates: 28.080254, -82.429241
02-28 09:09:53.059 13511 13544 D NavServiceProvider: Setting units automatically
02-28 09:09:53.060 13511 13544 D NavServiceProvider: Detecting stop. distance_d=534.1533. stop_type=1 speed=8.12
02-28 09:09:53.060 13511 13544 D NavigationTest: 1780: (28.080321, -82.434675, 8.120000)	R:false  F:false
02-28 09:09:53.060 13511 13544 D NavigationTest: 1781: (28.080321, -82.434675, 8.120000)	R:false  F:false
02-28 09:09:53.060 13511 13544 D NavServiceProvider: Second to last stop coordinates: 28.080254, -82.429241
02-28 09:09:53.060 13511 13544 D NavServiceProvider: Setting units automatically
02-28 09:09:53.061 13511 13544 D NavServiceProvider: Detecting stop. distance_d=526.1943. stop_type=1 speed=8.63
02-28 09:09:53.062 13511 13544 D NavigationTest: 1782: (28.080322, -82.434594, 8.630000)	R:false  F:false
02-28 09:09:53.062 13511 13544 D NavigationTest: 1783: (28.080322, -82.434594, 8.630000)	R:false  F:false
02-28 09:09:53.062 13511 13544 D NavigationTest: 1784: (28.080322, -82.434594, 8.630000)	R:false  F:false
02-28 09:09:53.062 13511 13544 D NavServiceProvider: Second to last stop coordinates: 28.080254, -82.429241
02-28 09:09:53.062 13511 13544 D NavServiceProvider: Setting units automatically
02-28 09:09:53.063 13511 13544 D NavServiceProvider: Detecting stop. distance_d=517.25757. stop_type=1 speed=9.29
02-28 09:09:53.063 13511 13544 D NavigationTest: 1785: (28.080326, -82.434503, 9.290000)	R:false  F:false
02-28 09:09:53.063 13511 13544 D NavigationTest: 1786: (28.080326, -82.434503, 9.290000)	R:false  F:false
02-28 09:09:53.063 13511 13544 D NavServiceProvider: Second to last stop coordinates: 28.080254, -82.429241
02-28 09:09:53.063 13511 13544 D NavServiceProvider: Setting units automatically
02-28 09:09:53.064 13511 13544 D NavServiceProvider: Detecting stop. distance_d=507.6264. stop_type=1 speed=9.98
02-28 09:09:53.064 13511 13544 D NavigationTest: 1787: (28.080326, -82.434405, 9.980000)	R:false  F:false
02-28 09:09:53.064 13511 13544 D NavigationTest: 1788: (28.080326, -82.434405, 9.980000)	R:false  F:false
02-28 09:09:53.065 13511 13544 D NavigationTest: 1789: (28.080326, -82.434405, 9.980000)	R:false  F:false
02-28 09:09:53.065 13511 13544 D NavServiceProvider: Second to last stop coordinates: 28.080254, -82.429241
02-28 09:09:53.065 13511 13544 D NavServiceProvider: Setting units automatically
02-28 09:09:53.066 13511 13544 D NavServiceProvider: Detecting stop. distance_d=497.2127. stop_type=1 speed=10.54
02-28 09:09:53.066 13511 13544 D NavigationTest: 1790: (28.080328, -82.434299, 10.540000)	R:false  F:false
02-28 09:09:53.066 13511 13544 D NavigationTest: 1791: (28.080328, -82.434299, 10.540000)	R:false  F:false
02-28 09:09:53.066 13511 13544 D NavigationTest: 1792: (28.080328, -82.434299, 10.540000)	R:false  F:false
02-28 09:09:53.066 13511 13544 D NavServiceProvider: Second to last stop coordinates: 28.080254, -82.429241
02-28 09:09:53.066 13511 13544 D NavServiceProvider: Setting units automatically
02-28 09:09:53.067 13511 13544 D NavServiceProvider: Detecting stop. distance_d=486.10577. stop_type=1 speed=11.02
02-28 09:09:53.067 13511 13544 D NavigationTest: 1793: (28.080327, -82.434186, 11.020000)	R:false  F:false
02-28 09:09:53.067 13511 13544 D NavigationTest: 1794: (28.080327, -82.434186, 11.020000)	R:false  F:false
02-28 09:09:53.067 13511 13544 D NavServiceProvider: Second to last stop coordinates: 28.080254, -82.429241
02-28 09:09:53.068 13511 13544 D NavServiceProvider: Setting units automatically
02-28 09:09:53.069 13511 13544 D NavServiceProvider: Detecting stop. distance_d=474.7097. stop_type=1 speed=11.61
02-28 09:09:53.069 13511 13544 D NavigationTest: 1795: (28.080329, -82.434070, 11.610000)	R:false  F:false
02-28 09:09:53.069 13511 13544 D NavigationTest: 1796: (28.080329, -82.434070, 11.610000)	R:false  F:false
02-28 09:09:53.069 13511 13544 D NavigationTest: 1797: (28.080329, -82.434070, 11.610000)	R:false  F:false
02-28 09:09:53.069 13511 13544 D NavServiceProvider: Second to last stop coordinates: 28.080254, -82.429241
02-28 09:09:53.069 13511 13544 D NavServiceProvider: Setting units automatically
02-28 09:09:53.070 13511 13544 D NavServiceProvider: Detecting stop. distance_d=462.91888. stop_type=1 speed=12.06
02-28 09:09:53.071 13511 13544 D NavigationTest: 1798: (28.080330, -82.433950, 12.060000)	R:false  F:false
02-28 09:09:53.071 13511 13544 D NavigationTest: 1799: (28.080330, -82.433950, 12.060000)	R:false  F:false
02-28 09:09:53.071 13511 13544 D NavigationTest: 1800: (28.080330, -82.433950, 12.060000)	R:false  F:false
02-28 09:09:53.071 13511 13544 D NavServiceProvider: Second to last stop coordinates: 28.080254, -82.429241
02-28 09:09:53.071 13511 13544 D NavServiceProvider: Setting units automatically
02-28 09:09:53.072 13511 13544 D NavServiceProvider: Detecting stop. distance_d=450.43628. stop_type=1 speed=12.5
02-28 09:09:53.072 13511 13544 D NavigationTest: 1801: (28.080329, -82.433823, 12.500000)	R:false  F:false
02-28 09:09:53.072 13511 13544 D NavigationTest: 1802: (28.080329, -82.433823, 12.500000)	R:false  F:false
02-28 09:09:53.072 13511 13544 D NavigationTest: 1803: (28.080329, -82.433823, 12.500000)	R:false  F:false
02-28 09:09:53.072 13511 13544 D NavServiceProvider: Second to last stop coordinates: 28.080254, -82.429241
02-28 09:09:53.073 13511 13544 D NavServiceProvider: Setting units automatically
02-28 09:09:53.074 13511 13544 D NavServiceProvider: Detecting stop. distance_d=437.76135. stop_type=1 speed=12.9
02-28 09:09:53.074 13511 13544 D NavigationTest: 1804: (28.080330, -82.433694, 12.900000)	R:false  F:false
02-28 09:09:53.074 13511 13544 D NavigationTest: 1805: (28.080330, -82.433694, 12.900000)	R:false  F:false
02-28 09:09:53.074 13511 13544 D NavServiceProvider: Second to last stop coordinates: 28.080254, -82.429241
02-28 09:09:53.074 13511 13544 D NavServiceProvider: Setting units automatically
02-28 09:09:53.075 13511 13544 D NavServiceProvider: Detecting stop. distance_d=424.5888. stop_type=1 speed=13.22
02-28 09:09:53.075 13511 13544 D NavigationTest: 1806: (28.080328, -82.433560, 13.220000)	R:false  F:false
02-28 09:09:53.075 13511 13544 D NavigationTest: 1807: (28.080328, -82.433560, 13.220000)	R:false  F:false
02-28 09:09:53.075 13511 13544 D NavigationTest: 1808: (28.080328, -82.433560, 13.220000)	R:false  F:false
02-28 09:09:53.075 13511 13544 D NavServiceProvider: Second to last stop coordinates: 28.080254, -82.429241
02-28 09:09:53.076 13511 13544 D NavServiceProvider: Setting units automatically
02-28 09:09:53.077 13511 13544 D NavServiceProvider: Detecting stop. distance_d=410.63672. stop_type=1 speed=13.55
02-28 09:09:53.077 13511 13544 D NavigationTest: 1809: (28.080329, -82.433418, 13.550000)	R:false  F:false
02-28 09:09:53.077 13511 13544 D NavigationTest: 1810: (28.080329, -82.433418, 13.550000)	R:false  F:false
02-28 09:09:53.077 13511 13544 D NavigationTest: 1811: (28.080329, -82.433418, 13.550000)	R:false  F:false
02-28 09:09:53.077 13511 13544 D NavServiceProvider: Second to last stop coordinates: 28.080254, -82.429241
02-28 09:09:53.077 13511 13544 D NavServiceProvider: Setting units automatically
02-28 09:09:53.078 13511 13544 D NavServiceProvider: Detecting stop. distance_d=396.8746. stop_type=1 speed=13.84
02-28 09:09:53.078 13511 13544 D NavigationTest: 1812: (28.080327, -82.433278, 13.840000)	R:false  F:false
02-28 09:09:53.079 13511 13544 D NavigationTest: 1813: (28.080327, -82.433278, 13.840000)	R:false  F:false
02-28 09:09:53.079 13511 13544 D NavigationTest: 1814: (28.080327, -82.433278, 13.840000)	R:false  F:false
02-28 09:09:53.079 13511 13544 D NavServiceProvider: Second to last stop coordinates: 28.080254, -82.429241
02-28 09:09:53.079 13511 13544 D NavServiceProvider: Setting units automatically
02-28 09:09:53.080 13511 13544 D NavServiceProvider: Detecting stop. distance_d=382.8295. stop_type=1 speed=14.16
02-28 09:09:53.080 13511 13544 D NavigationTest: 1815: (28.080330, -82.433135, 14.160000)	R:false  F:false
02-28 09:09:53.080 13511 13544 D NavigationTest: 1816: (28.080330, -82.433135, 14.160000)	R:false  F:false
02-28 09:09:53.080 13511 13544 D NavServiceProvider: Second to last stop coordinates: 28.080254, -82.429241
02-28 09:09:53.081 13511 13544 D NavServiceProvider: Setting units automatically
02-28 09:09:53.082 13511 13544 D NavServiceProvider: Detecting stop. distance_d=368.98196. stop_type=1 speed=14.38
02-28 09:09:53.082 13511 13544 D NavigationTest: 1817: (28.080333, -82.432994, 14.380000)	R:false  F:false
02-28 09:09:53.082 13511 13544 D NavigationTest: 1818: (28.080333, -82.432994, 14.380000)	R:false  F:false
02-28 09:09:53.082 13511 13544 D NavigationTest: 1819: (28.080333, -82.432994, 14.380000)	R:false  F:false
02-28 09:09:53.082 13511 13544 D NavServiceProvider: Second to last stop coordinates: 28.080254, -82.429241
02-28 09:09:53.082 13511 13544 D NavServiceProvider: Setting units automatically
02-28 09:09:53.083 13511 13544 D NavServiceProvider: Detecting stop. distance_d=354.5461. stop_type=1 speed=14.6
02-28 09:09:53.083 13511 13544 D NavigationTest: 1820: (28.080336, -82.432847, 14.600000)	R:false  F:false
02-28 09:09:53.083 13511 13544 D NavigationTest: 1821: (28.080336, -82.432847, 14.600000)	R:false  F:false
02-28 09:09:53.083 13511 13544 D NavServiceProvider: Second to last stop coordinates: 28.080254, -82.429241
02-28 09:09:53.083 13511 13544 D NavServiceProvider: Setting units automatically
02-28 09:09:53.084 13511 13544 D NavServiceProvider: Detecting stop. distance_d=339.32562. stop_type=1 speed=14.81
02-28 09:09:53.084 13511 13544 D NavigationTest: 1822: (28.080339, -82.432692, 14.810000)	R:false  F:false
02-28 09:09:53.085 13511 13544 D NavigationTest: 1823: (28.080339, -82.432692, 14.810000)	R:false  F:false
02-28 09:09:53.085 13511 13544 D NavigationTest: 1824: (28.080339, -82.432692, 14.810000)	R:false  F:false
02-28 09:09:53.085 13511 13544 D NavServiceProvider: Second to last stop coordinates: 28.080254, -82.429241
02-28 09:09:53.085 13511 13544 D NavServiceProvider: Setting units automatically
02-28 09:09:53.086 13511 13544 D NavServiceProvider: Detecting stop. distance_d=324.4965. stop_type=1 speed=14.96
02-28 09:09:53.086 13511 13544 D NavigationTest: 1825: (28.080341, -82.432541, 14.960000)	R:false  F:false
02-28 09:09:53.086 13511 13544 D NavigationTest: 1826: (28.080341, -82.432541, 14.960000)	R:false  F:false
02-28 09:09:53.086 13511 13544 D NavigationTest: 1827: (28.080341, -82.432541, 14.960000)	R:false  F:false
02-28 09:09:53.086 13511 13544 D NavServiceProvider: Second to last stop coordinates: 28.080254, -82.429241
02-28 09:09:53.086 13511 13544 D NavServiceProvider: Setting units automatically
02-28 09:09:53.087 13511 13544 D NavServiceProvider: Detecting stop. distance_d=309.8548. stop_type=1 speed=15.15
02-28 09:09:53.087 13511 13544 D NavigationTest: 1828: (28.080340, -82.432392, 15.150000)	R:false  F:false
02-28 09:09:53.087 13511 13544 D NavigationTest: 1829: (28.080340, -82.432392, 15.150000)	R:false  F:false
02-28 09:09:53.088 13511 13544 D NavigationTest: 1830: (28.080340, -82.432392, 15.150000)	R:false  F:false
02-28 09:09:53.088 13511 13544 D NavServiceProvider: Second to last stop coordinates: 28.080254, -82.429241
02-28 09:09:53.088 13511 13544 D NavServiceProvider: Setting units automatically
02-28 09:09:53.089 13511 13544 D NavServiceProvider: Detecting stop. distance_d=293.92935. stop_type=1 speed=15.49
02-28 09:09:53.089 13511 13544 D NavigationTest: 1831: (28.080337, -82.432230, 15.490000)	R:false  F:false
02-28 09:09:53.089 13511 13544 D NavigationTest: 1832: (28.080337, -82.432230, 15.490000)	R:false  F:false
02-28 09:09:53.089 13511 13544 D NavServiceProvider: Second to last stop coordinates: 28.080254, -82.429241
02-28 09:09:53.090 13511 13544 D NavServiceProvider: Setting units automatically
02-28 09:09:53.091 13511 13544 D NavServiceProvider: Detecting stop. distance_d=278.3095. stop_type=1 speed=15.68
02-28 09:09:53.091 13511 13544 D NavigationTest: 1833: (28.080337, -82.432071, 15.680000)	R:false  F:false
02-28 09:09:53.091 13511 13544 D NavigationTest: 1834: (28.080337, -82.432071, 15.680000)	R:false  F:false
02-28 09:09:53.091 13511 13544 D NavigationTest: 1835: (28.080337, -82.432071, 15.680000)	R:false  F:false
02-28 09:09:53.091 13511 13544 D NavServiceProvider: Second to last stop coordinates: 28.080254, -82.429241
02-28 09:09:53.091 13511 13544 D NavServiceProvider: Setting units automatically
02-28 09:09:53.092 13511 13544 D NavServiceProvider: Detecting stop. distance_d=262.4865. stop_type=1 speed=15.85
02-28 09:09:53.092 13511 13544 D NavigationTest: 1836: (28.080335, -82.431910, 15.850000)	R:false  F:false
02-28 09:09:53.092 13511 13544 D NavigationTest: 1837: (28.080335, -82.431910, 15.850000)	R:false  F:false
02-28 09:09:53.092 13511 13544 D NavigationTest: 1838: (28.080335, -82.431910, 15.850000)	R:false  F:false
02-28 09:09:53.092 13511 13544 D NavServiceProvider: Second to last stop coordinates: 28.080254, -82.429241
02-28 09:09:53.093 13511 13544 D NavServiceProvider: Setting units automatically
02-28 09:09:53.094 13511 13544 D NavServiceProvider: Detecting stop. distance_d=246.47946. stop_type=1 speed=16.09
02-28 09:09:53.094 13511 13544 D NavigationTest: 1839: (28.080336, -82.431747, 16.090000)	R:false  F:false
02-28 09:09:53.094 13511 13544 D NavigationTest: 1840: (28.080336, -82.431747, 16.090000)	R:false  F:false
02-28 09:09:53.094 13511 13544 D NavigationTest: 1841: (28.080336, -82.431747, 16.090000)	R:false  F:false
02-28 09:09:53.094 13511 13544 D NavServiceProvider: Second to last stop coordinates: 28.080254, -82.429241
02-28 09:09:53.094 13511 13544 D NavServiceProvider: Setting units automatically
02-28 09:09:53.095 13511 13544 D NavServiceProvider: Detecting stop. distance_d=230.2736. stop_type=1 speed=16.29
02-28 09:09:53.095 13511 13544 D NavigationTest: 1842: (28.080336, -82.431582, 16.290001)	R:false  F:false
02-28 09:09:53.096 13511 13544 D NavigationTest: 1843: (28.080336, -82.431582, 16.290001)	R:false  F:false
02-28 09:09:53.096 13511 13544 D NavServiceProvider: Second to last stop coordinates: 28.080254, -82.429241
02-28 09:09:53.096 13511 13544 D NavServiceProvider: Setting units automatically
02-28 09:09:53.097 13511 13544 D NavServiceProvider: Detecting stop. distance_d=213.49474. stop_type=1 speed=16.48
02-28 09:09:53.097 13511 13544 D NavigationTest: 1844: (28.080339, -82.431411, 16.480000)	R:false  F:false
02-28 09:09:53.097 13511 13544 D NavigationTest: 1845: (28.080339, -82.431411, 16.480000)	R:false  F:false
02-28 09:09:53.097 13511 13544 D NavigationTest: 1846: (28.080339, -82.431411, 16.480000)	R:false  F:false
02-28 09:09:53.097 13511 13544 D NavServiceProvider: Second to last stop coordinates: 28.080254, -82.429241
02-28 09:09:53.097 13511 13544 D NavServiceProvider: Setting units automatically
02-28 09:09:53.099 13579 13766 D AudioTrack: stop(189): called with 30016 frames delivered
02-28 09:09:53.099 13579 13612 I SynthesisCache: streamCachedRequest call to callback.audioAvailable failed: -1
02-28 09:09:53.101 13579 13612 I GoogleTTSServiceImpl: Synthesis request for locale eng-USA and name en-US-language
02-28 09:09:53.101  2666  3413 D Avrcp_ext: AudioManager Player: ID:23 -- type:android.media.SoundPool -- u/pid:10126/2688 -- state:idle -- attr:AudioAttributes: usage=USAGE_ASSISTANCE_SONIFICATION content=CONTENT_TYPE_SONIFICATION flags=0x800 tags= bundle=null
02-28 09:09:53.101  2666  3413 D Avrcp_ext: AudioManager Player: ID:15 -- type:android.media.SoundPool -- u/pid:1000/1493 -- state:idle -- attr:AudioAttributes: usage=USAGE_ASSISTANCE_SONIFICATION content=CONTENT_TYPE_SONIFICATION flags=0x800 tags= bundle=null
02-28 09:09:53.101  2666  3413 D Avrcp_ext: AudioManager Player: ID:1359 -- type:android.media.AudioTrack -- u/pid:10088/13579 -- state:stopped -- attr:AudioAttributes: usage=USAGE_MEDIA content=CONTENT_TYPE_SPEECH flags=0x800 tags= bundle=null
02-28 09:09:53.101  2666  3413 D Avrcp_ext: AudioManager isPlaying: false
02-28 09:09:53.101  2666  3413 V Avrcp_ext: updateCurrentMediaState: mMediaController: null
02-28 09:09:53.101 13511 13544 D NavServiceProvider: -----Get ready!
02-28 09:09:53.101  2666  3413 V Avrcp_ext: isMusicActive: true getBluetoothPlayState: 2
02-28 09:09:53.101  2666  3413 V Avrcp_ext: updateCurrentMediaState: isPlaying = false
02-28 09:09:53.101  2666  3413 V Avrcp_ext: Media update: id -1➡-1? [MediaAttributes: none] : [MediaAttributes: none]
02-28 09:09:53.101  2666  3413 V Avrcp_ext: newPlayStatus:2mReportedPlayStatus:-1
02-28 09:09:53.101  2666  3413 V Avrcp_ext: updatePlaybackState, state: PlaybackState {state=2, position=-1, buffered position=0, speed=0.0, updated=1796432, actions=0, custom actions=[], active item id=-1, error=null} device: null
02-28 09:09:53.101  2666  3413 V Avrcp_ext: Device: no name:
02-28 09:09:53.101 13511 13544 D NavigationTest: 1847: (28.080340, -82.431248, 16.510000)	R:true  F:false
02-28 09:09:53.101  2666  3413 V Avrcp_ext: Device: no name:
02-28 09:09:53.101  2666  3413 I chatty  : uid=1002(bluetooth) BluetoothAvrcpH identical 1 line
02-28 09:09:53.101  2666  3413 V Avrcp_ext: Device: no name:
02-28 09:09:53.101 13511 13544 D NavServiceProvider: Second to last stop coordinates: 28.080254, -82.429241
02-28 09:09:53.101  2666  3413 V Avrcp_ext: Device: no name:
02-28 09:09:53.101  2666  3413 V Avrcp_ext: updatePlayerStateAndPosition, old=PlaybackState {state=2, position=-1, buffered position=0, speed=0.0, updated=1795354, actions=0, custom actions=[], active item id=-1, error=null}, state=PlaybackState {state=2, position=-1, buffered position=0, speed=0.0, updated=1796432, actions=0, custom actions=[], active item id=-1, error=null}
02-28 09:09:53.101  2666  3413 V Avrcp_ext: old state = PlaybackState {state=2, position=-1, buffered position=0, speed=0.0, updated=1795354, actions=0, custom actions=[], active item id=-1, error=null}, new state= PlaybackState {state=2, position=-1, buffered position=0, speed=0.0, updated=1796432, actions=0, custom actions=[], active item id=-1, error=null}
02-28 09:09:53.101  2666  3413 D HeadsetService: getHeadsetService(): returning com.android.bluetooth.hfp.HeadsetService@8a04d28
02-28 09:09:53.102 13511 13544 D NavServiceProvider: Setting units automatically
02-28 09:09:53.102  2666  3413 D HeadsetService:  isAudioOn: The number of audio connected devices 0
02-28 09:09:53.102  2666  3413 D HeadsetService: isScoOrCallActive(): Call Active:falseCall is Ringing:falseSCO is Active:false
02-28 09:09:53.102  2666  3413 D HeadsetService:  isAudioOn: The number of audio connected devices 0
02-28 09:09:53.102  2666  3413 I Avrcp_ext: updatePlayStatusForDevice: device: null
02-28 09:09:53.102  2666  3413 V Avrcp_ext: updatePlaybackState (1): old=PlaybackState {state=2, position=-1, buffered position=0, speed=0.0, updated=1795354, actions=0, custom actions=[], active item id=-1, error=null}(2), new=PlaybackState {state=2, position=-1, buffered position=0, speed=0.0, updated=1796432, actions=0, custom actions=[], active item id=-1, error=null}(2)
02-28 09:09:53.102  2666  3413 I Avrcp_ext: Exit updatePlayStatusForDevice
02-28 09:09:53.102  2666  3413 D HeadsetService:  isAudioOn: The number of audio connected devices 0
02-28 09:09:53.102  2666  3413 D HeadsetService: isScoOrCallActive(): Call Active:falseCall is Ringing:falseSCO is Active:false
02-28 09:09:53.102 13579 13612 I GoogleTTSServiceImpl: TTS dispatch: en-us-x-iog-seanet-embedded
02-28 09:09:53.102  2666  3413 D HeadsetService:  isAudioOn: The number of audio connected devices 0
02-28 09:09:53.102  2666  3413 I Avrcp_ext: updatePlayStatusForDevice: device: null
02-28 09:09:53.103  2666  3413 V Avrcp_ext: updatePlaybackState (1): old=PlaybackState {state=2, position=-1, buffered position=0, speed=0.0, updated=1795354, actions=0, custom actions=[], active item id=-1, error=null}(2), new=PlaybackState {state=2, position=-1, buffered position=0, speed=0.0, updated=1796432, actions=0, custom actions=[], active item id=-1, error=null}(2)
02-28 09:09:53.103  2666  3413 I Avrcp_ext: Exit updatePlayStatusForDevice
02-28 09:09:53.103  2666  3413 D HeadsetService:  isAudioOn: The number of audio connected devices 0
02-28 09:09:53.103  2666  3413 D HeadsetService: isScoOrCallActive(): Call Active:falseCall is Ringing:falseSCO is Active:false
02-28 09:09:53.104  2666  3413 D HeadsetService:  isAudioOn: The number of audio connected devices 0
02-28 09:09:53.104  2666  3413 I Avrcp_ext: updatePlayStatusForDevice: device: null
02-28 09:09:53.104  2666  3413 V Avrcp_ext: updatePlaybackState (1): old=PlaybackState {state=2, position=-1, buffered position=0, speed=0.0, updated=1795354, actions=0, custom actions=[], active item id=-1, error=null}(2), new=PlaybackState {state=2, position=-1, buffered position=0, speed=0.0, updated=1796432, actions=0, custom actions=[], active item id=-1, error=null}(2)
02-28 09:09:53.104  2666  3413 I Avrcp_ext: Exit updatePlayStatusForDevice
02-28 09:09:53.104  2666  3413 D HeadsetService:  isAudioOn: The number of audio connected devices 0
02-28 09:09:53.104  2666  3413 D HeadsetService: isScoOrCallActive(): Call Active:falseCall is Ringing:falseSCO is Active:false
02-28 09:09:53.104  2666  3413 D HeadsetService:  isAudioOn: The number of audio connected devices 0
02-28 09:09:53.104  2666  3413 I Avrcp_ext: updatePlayStatusForDevice: device: null
02-28 09:09:53.105  2666  3413 V Avrcp_ext: updatePlaybackState (1): old=PlaybackState {state=2, position=-1, buffered position=0, speed=0.0, updated=1795354, actions=0, custom actions=[], active item id=-1, error=null}(2), new=PlaybackState {state=2, position=-1, buffered position=0, speed=0.0, updated=1796432, actions=0, custom actions=[], active item id=-1, error=null}(2)
02-28 09:09:53.105  2666  3413 I Avrcp_ext: Exit updatePlayStatusForDevice
02-28 09:09:53.105  2666  3413 D HeadsetService:  isAudioOn: The number of audio connected devices 0
02-28 09:09:53.105  2666  3413 D HeadsetService: isScoOrCallActive(): Call Active:falseCall is Ringing:falseSCO is Active:false
02-28 09:09:53.105 13511 13544 D NavServiceProvider: Detecting stop. distance_d=197.49583. stop_type=1 speed=16.51
02-28 09:09:53.105 13511 13544 D NavigationTest: 1847: (28.080340, -82.431248, 16.510000)	R:true  F:false
02-28 09:09:53.105  2666  3413 D HeadsetService:  isAudioOn: The number of audio connected devices 0
02-28 09:09:53.105 13511 13544 D NavigationTest: 1848: (28.080340, -82.431248, 16.510000)	R:true  F:false
02-28 09:09:53.105  2666  3413 I Avrcp_ext: updatePlayStatusForDevice: device: null
02-28 09:09:53.105 13511 13544 D NavServiceProvider: Second to last stop coordinates: 28.080254, -82.429241
02-28 09:09:53.105  2666  3413 V Avrcp_ext: updatePlaybackState (1): old=PlaybackState {state=2, position=-1, buffered position=0, speed=0.0, updated=1795354, actions=0, custom actions=[], active item id=-1, error=null}(2), new=PlaybackState {state=2, position=-1, buffered position=0, speed=0.0, updated=1796432, actions=0, custom actions=[], active item id=-1, error=null}(2)
02-28 09:09:53.105  2666  3413 I Avrcp_ext: Exit updatePlayStatusForDevice
02-28 09:09:53.105  2666  3413 D Avrcp_ext: Enter sendPlayPosNotificationRsp
02-28 09:09:53.105  2666  3413 D Avrcp_ext: sendPlayPosNotificationRsp: Not registered or requesting.
02-28 09:09:53.105  2666  3413 D Avrcp_ext: Enter sendPlayPosNotificationRsp
02-28 09:09:53.105  2666  3413 D Avrcp_ext: sendPlayPosNotificationRsp: Not registered or requesting.
02-28 09:09:53.105  2666  3413 D Avrcp_ext: Enter sendPlayPosNotificationRsp
02-28 09:09:53.105  2666  3413 D Avrcp_ext: sendPlayPosNotificationRsp: Not registered or requesting.
02-28 09:09:53.105  2666  3413 D Avrcp_ext: Enter sendPlayPosNotificationRsp
02-28 09:09:53.105  2666  3413 D Avrcp_ext: sendPlayPosNotificationRsp: Not registered or requesting.
02-28 09:09:53.105  2666  3413 D Avrcp_ext: Enter sendPlayPosNotificationRsp
02-28 09:09:53.105  2666  3413 D Avrcp_ext: sendPlayPosNotificationRsp: Not registered or requesting.
02-28 09:09:53.105  2666  3413 V Avrcp_ext: Exit updatePlayerStateAndPosition
02-28 09:09:53.105 13511 13544 D NavServiceProvider: Setting units automatically
02-28 09:09:53.107  2666  3413 D Avrcp_ext: AudioManager Player: ID:23 -- type:android.media.SoundPool -- u/pid:10126/2688 -- state:idle -- attr:AudioAttributes: usage=USAGE_ASSISTANCE_SONIFICATION content=CONTENT_TYPE_SONIFICATION flags=0x800 tags= bundle=null
02-28 09:09:53.108  2666  3413 D Avrcp_ext: AudioManager Player: ID:15 -- type:android.media.SoundPool -- u/pid:1000/1493 -- state:idle -- attr:AudioAttributes: usage=USAGE_ASSISTANCE_SONIFICATION content=CONTENT_TYPE_SONIFICATION flags=0x800 tags= bundle=null
02-28 09:09:53.108  2666  3413 D Avrcp_ext: AudioManager isPlaying: false
02-28 09:09:53.109 13511 13544 D NavServiceProvider: Detecting stop. distance_d=180.8946. stop_type=1 speed=16.59
02-28 09:09:53.109 13511 13544 D NavigationTest: 1849: (28.080338, -82.431079, 16.590000)	R:true  F:false
02-28 09:09:53.109 13511 13544 D NavigationTest: 1850: (28.080338, -82.431079, 16.590000)	R:true  F:false
02-28 09:09:53.109 13511 13544 D NavigationTest: 1851: (28.080338, -82.431079, 16.590000)	R:true  F:false
02-28 09:09:53.109 13511 13544 D NavServiceProvider: Second to last stop coordinates: 28.080254, -82.429241
02-28 09:09:53.110 13511 13544 D NavServiceProvider: Setting units automatically
02-28 09:09:53.112 13511 13544 D NavServiceProvider: Detecting stop. distance_d=163.62746. stop_type=1 speed=16.67
02-28 09:09:53.112 13511 13544 D NavigationTest: 1852: (28.080339, -82.430903, 16.670000)	R:true  F:false
02-28 09:09:53.112 13511 13544 D NavigationTest: 1853: (28.080339, -82.430903, 16.670000)	R:true  F:false
02-28 09:09:53.112 13511 13544 D NavServiceProvider: Second to last stop coordinates: 28.080254, -82.429241
02-28 09:09:53.112 13511 13544 D NavServiceProvider: Setting units automatically
02-28 09:09:53.113 13511 13544 D NavServiceProvider: Detecting stop. distance_d=147.25781. stop_type=1 speed=16.54
02-28 09:09:53.113 13511 13544 D NavigationTest: 1854: (28.080341, -82.430736, 16.540001)	R:true  F:false
02-28 09:09:53.113 13511 13544 D NavigationTest: 1855: (28.080341, -82.430736, 16.540001)	R:true  F:false
02-28 09:09:53.114 13511 13544 D NavigationTest: 1856: (28.080341, -82.430736, 16.540001)	R:true  F:false
02-28 09:09:53.114 13511 13544 D NavServiceProvider: Second to last stop coordinates: 28.080254, -82.429241
02-28 09:09:53.114 13511 13544 D NavServiceProvider: Setting units automatically
02-28 09:09:53.115 13511 13544 D NavServiceProvider: Detecting stop. distance_d=130.89972. stop_type=1 speed=16.37
02-28 09:09:53.115 13511 13544 D NavigationTest: 1857: (28.080343, -82.430569, 16.370001)	R:true  F:false
02-28 09:09:53.115 13511 13544 D NavigationTest: 1858: (28.080343, -82.430569, 16.370001)	R:true  F:false
02-28 09:09:53.115 13511 13544 D NavServiceProvider: Second to last stop coordinates: 28.080254, -82.429241
02-28 09:09:53.116 13511 13544 D NavServiceProvider: Setting units automatically
02-28 09:09:53.117 13511 13544 D NavServiceProvider: Detecting stop. distance_d=114.65601. stop_type=1 speed=16.0
02-28 09:09:53.117 13511 13544 D NavigationTest: 1859: (28.080345, -82.430403, 16.000000)	R:true  F:false
02-28 09:09:53.117 13511 13544 D NavigationTest: 1860: (28.080345, -82.430403, 16.000000)	R:true  F:false
02-28 09:09:53.117 13511 13544 D NavigationTest: 1861: (28.080345, -82.430403, 16.000000)	R:true  F:false
02-28 09:09:53.117 13511 13544 D NavServiceProvider: Second to last stop coordinates: 28.080254, -82.429241
02-28 09:09:53.118 13511 13544 D NavServiceProvider: Setting units automatically
02-28 09:09:53.119 13511 13544 D NavServiceProvider: Detecting stop. distance_d=99.2073. stop_type=1 speed=15.56
02-28 09:09:53.119 13511 13544 D NavServiceProvider: Case 1: false
02-28 09:09:53.119 13511 13544 D NavigationTest: 1862: (28.080346, -82.430245, 15.560000)	R:true  F:false
02-28 09:09:53.119 13511 13544 D NavigationTest: 1863: (28.080346, -82.430245, 15.560000)	R:true  F:false
02-28 09:09:53.119 13511 13544 D NavigationTest: 1864: (28.080346, -82.430245, 15.560000)	R:true  F:false
02-28 09:09:53.119 13511 13544 D NavServiceProvider: Second to last stop coordinates: 28.080254, -82.429241
02-28 09:09:53.120 13511 13544 D NavServiceProvider: Setting units automatically
02-28 09:09:53.121 13511 13544 D NavServiceProvider: Detecting stop. distance_d=83.48242. stop_type=1 speed=15.2
02-28 09:09:53.121 13511 13544 D NavigationTest: 1865: (28.080346, -82.430084, 15.200000)	R:true  F:false
02-28 09:09:53.121 13511 13544 D NavigationTest: 1866: (28.080346, -82.430084, 15.200000)	R:true  F:false
02-28 09:09:53.121 13511 13544 D NavServiceProvider: Second to last stop coordinates: 28.080254, -82.429241
02-28 09:09:53.122 13511 13544 D NavServiceProvider: Setting units automatically
02-28 09:09:53.123 13511 13544 D NavServiceProvider: Detecting stop. distance_d=68.58139. stop_type=1 speed=14.84
02-28 09:09:53.123 13511 13544 D NavigationTest: 1867: (28.080346, -82.429931, 14.840000)	R:true  F:false
02-28 09:09:53.123 13511 13544 D NavigationTest: 1868: (28.080346, -82.429931, 14.840000)	R:true  F:false
02-28 09:09:53.123 13511 13544 D NavigationTest: 1869: (28.080346, -82.429931, 14.840000)	R:true  F:false
02-28 09:09:53.123 13511 13544 D NavServiceProvider: Second to last stop coordinates: 28.080254, -82.429241
02-28 09:09:53.124 13511 13544 D NavServiceProvider: Setting units automatically
02-28 09:09:53.125 13511 13544 D NavServiceProvider: Detecting stop. distance_d=54.08126. stop_type=1 speed=14.51
02-28 09:09:53.125 13511 13544 D NavigationTest: 1870: (28.080343, -82.429782, 14.510000)	R:true  F:false
02-28 09:09:53.125 13511 13544 D NavigationTest: 1871: (28.080343, -82.429782, 14.510000)	R:true  F:false
02-28 09:09:53.125 13511 13544 D NavigationTest: 1872: (28.080343, -82.429782, 14.510000)	R:true  F:false
02-28 09:09:53.125 13511 13544 D NavServiceProvider: Second to last stop coordinates: 28.080254, -82.429241
02-28 09:09:53.126 13511 13544 D NavServiceProvider: Setting units automatically
02-28 09:09:53.127 13511 13544 D NavServiceProvider: Detecting stop. distance_d=40.207626. stop_type=1 speed=13.6
02-28 09:09:53.127 13511 13544 D NavServiceProvider: Case 2: false
02-28 09:09:53.127 13511 13544 D NavigationTest: 1873: (28.080345, -82.429637, 13.600000)	R:true  F:false
02-28 09:09:53.127 13511 13544 D NavigationTest: 1874: (28.080345, -82.429637, 13.600000)	R:true  F:false
02-28 09:09:53.127 13511 13544 D NavServiceProvider: Second to last stop coordinates: 28.080254, -82.429241
02-28 09:09:53.127 13511 13544 D NavServiceProvider: Setting units automatically
02-28 09:09:53.129 13511 13544 D NavServiceProvider: Detecting stop. distance_d=28.350363. stop_type=1 speed=12.63
02-28 09:09:53.129 13511 13544 D NavigationTest: 1875: (28.080344, -82.429511, 12.630000)	R:true  F:false
02-28 09:09:53.129 13511 13544 D NavigationTest: 1876: (28.080344, -82.429511, 12.630000)	R:true  F:false
02-28 09:09:53.129 13511 13544 D NavigationTest: 1877: (28.080344, -82.429511, 12.630000)	R:true  F:false
02-28 09:09:53.129 13511 13544 D NavServiceProvider: Second to last stop coordinates: 28.080254, -82.429241
02-28 09:09:53.130 13511 13544 D NavServiceProvider: Setting units automatically
02-28 09:09:53.131 13511 13544 D NavServiceProvider: Detecting stop. distance_d=17.556654. stop_type=1 speed=11.44
02-28 09:09:53.131 13511 13544 D NavServiceProvider: Case 3: false
02-28 09:09:53.131 13511 13544 D NavigationTest: 1878: (28.080344, -82.429388, 11.440000)	R:true  F:false
02-28 09:09:53.131 13511 13544 D NavigationTest: 1879: (28.080344, -82.429388, 11.440000)	R:true  F:false
02-28 09:09:53.131 13511 13544 D NavServiceProvider: Second to last stop coordinates: 28.080254, -82.429241
02-28 09:09:53.132 13511 13544 D NavServiceProvider: Setting units automatically
02-28 09:09:53.133 13511 13544 D NavServiceProvider: Detecting stop. distance_d=10.720781. stop_type=1 speed=10.3
02-28 09:09:53.133 13511 13544 D NavigationTest: 1880: (28.080344, -82.429281, 10.300000)	R:true  F:false
02-28 09:09:53.133 13511 13544 D NavigationTest: 1881: (28.080344, -82.429281, 10.300000)	R:true  F:false
02-28 09:09:53.133 13511 13544 D NavigationTest: 1882: (28.080344, -82.429281, 10.300000)	R:true  F:false
02-28 09:09:53.133 13511 13544 D NavServiceProvider: Second to last stop coordinates: 28.080254, -82.429241
02-28 09:09:53.134 13511 13544 D NavServiceProvider: Setting units automatically
02-28 09:09:53.135 13511 13544 D NavServiceProvider: Detecting stop. distance_d=10.965098. stop_type=1 speed=9.13
02-28 09:09:53.135 13511 13544 D NavigationTest: 1883: (28.080342, -82.429190, 9.130000)	R:true  F:false
02-28 09:09:53.135 13511 13544 D NavigationTest: 1884: (28.080342, -82.429190, 9.130000)	R:true  F:false
02-28 09:09:53.135 13511 13544 D NavServiceProvider: Second to last stop coordinates: 28.080254, -82.429241
02-28 09:09:53.136 13511 13544 D NavServiceProvider: Setting units automatically
02-28 09:09:53.138 13511 13544 D NavServiceProvider: Detecting stop. distance_d=16.865812. stop_type=1 speed=7.77
02-28 09:09:53.138 13511 13544 D NavigationTest: 1885: (28.080342, -82.429101, 7.770000)	R:true  F:false
02-28 09:09:53.138 13511 13544 D NavigationTest: 1886: (28.080342, -82.429101, 7.770000)	R:true  F:false
02-28 09:09:53.138 13511 13544 D NavigationTest: 1887: (28.080342, -82.429101, 7.770000)	R:true  F:false
02-28 09:09:53.138 13511 13544 D NavServiceProvider: Second to last stop coordinates: 28.080254, -82.429241
02-28 09:09:53.138 13511 13544 D NavServiceProvider: Setting units automatically
02-28 09:09:53.140 13511 13544 D NavServiceProvider: Detecting stop. distance_d=23.006443. stop_type=1 speed=6.57
02-28 09:09:53.140 13511 13544 D NavServiceProvider: Case 5: true
02-28 09:09:53.140 13511 13544 D NavServiceProvider: Proximity Event fired
02-28 09:09:53.140 13511 13544 D NavServiceProvider: Checking if path has more path links left to be navigated
02-28 09:09:53.140 13511 13544 D NavServiceProvider: PathLink index: 0 Number of PathLinks: 1
02-28 09:09:53.140 13511 13544 D NavServiceProvider: %%%%%%N%%%%%%%%% No more PathLinks left in Path %%%%%%%%%%%%%%%%%%%%%
02-28 09:09:53.140 13511 13544 D NavServiceProvider: Got to last stop
02-28 09:09:53.140 13511 13544 D NavServiceProvider: Alert 1 screen before last stop
02-28 09:09:53.140 13511 13544 D NavServiceProvider: Calling destination reached...
02-28 09:09:53.146 13511 13544 D NavServiceProvider: -----Get off the bus!
02-28 09:09:53.146 13511 13544 D NavigationTest: 1888: (28.080342, -82.429029, 6.570000)	R:true  F:true
02-28 09:09:53.147 13511 13544 I System.out: O311C: INFO Log level changed: DEBUG
02-28 09:09:53.147 13511 13544 I System.out: O311C: INFO Dry run mode changed: true
02-28 09:09:53.147 13511 13544 W Application: Open311 issue reporting is in debug/dry run mode - no issues will be submitted.
02-28 09:09:53.147 13511 13544 I System.out: O311C: INFO clearOpen311
02-28 09:09:53.147 13511 13544 I TestRunner: finished: testTrip32(org.onebusaway.android.nav.test.NavigationTest)
