02-28 09:09:37.674 13511 13544 I TestRunner: started: testTrip10(org.onebusaway.android.nav.test.NavigationTest)
02-28 09:09:37.675 13511 13511 I MonitoringInstr: Activities that are still in CREATED to STOPPED: 0
02-28 09:09:37.685 13511 13544 D NavServiceProvider: Creating NavigationServiceProvider...
02-28 09:09:37.685 13511 13544 D NavServiceProvider: Starting navigation for service
02-28 09:09:37.685 13511 13544 D NavServiceProvider: ProximityCalculator initializing...
02-28 09:09:37.685 13511 13544 D NavServiceProvider: Initializing ProximityCalculator
02-28 09:09:37.685 13511 13544 D NavServiceProvider: Number of path links: 1
02-28 09:09:37.685 13511 13544 D NavServiceProvider: Second to last stop coordinates: 28.02499, -82.4165
02-28 09:09:37.686 13511 13544 D NavServiceProvider: Setting units automatically
02-28 09:09:37.688 13511 13544 D NavServiceProvider: Detecting stop. distance_d=2314.589. stop_type=1 speed=6.730067
02-28 09:09:37.688 13511 13544 D NavigationTest: 0: (28.045871, -82.415984, 6.730067)	R:false  F:false
02-28 09:09:37.688 13511 13544 D NavigationTest: 1: (28.045871, -82.415984, 6.730067)	R:false  F:false
02-28 09:09:37.688 13511 13544 D NavigationTest: 2: (28.045871, -82.415984, 6.730067)	R:false  F:false
02-28 09:09:37.688 13511 13544 D NavigationTest: 3: (28.045871, -82.415984, 6.730067)	R:false  F:false
02-28 09:09:37.688 13511 13544 D NavigationTest: 4: (28.045871, -82.415984, 6.730067)	R:false  F:false
02-28 09:09:37.688 13511 13544 D NavigationTest: 5: (28.045871, -82.415984, 6.730067)	R:false  F:false
02-28 09:09:37.688 13511 13544 D NavServiceProvider: Second to last stop coordinates: 28.02499, -82.4165
02-28 09:09:37.688 13511 13544 D NavServiceProvider: Setting units automatically
02-28 09:09:37.690 13511 13544 D NavServiceProvider: Detecting stop. distance_d=2123.8936. stop_type=1 speed=0.722496
02-28 09:09:37.690 13511 13544 D NavigationTest: 6: (28.044155, -82.416389, 0.722496)	R:false  F:false
02-28 09:09:37.690 13511 13544 D NavServiceProvider: Second to last stop coordinates: 28.02499, -82.4165
02-28 09:09:37.691 13511 13544 D NavServiceProvider: Setting units automatically
02-28 09:09:37.692 13511 13544 D NavServiceProvider: Detecting stop. distance_d=2126.2275. stop_type=1 speed=0.90824
02-28 09:09:37.692 13511 13544 D NavigationTest: 7: (28.044176, -82.416376, 0.908240)	R:false  F:false
02-28 09:09:37.692 13511 13544 D NavServiceProvider: Second to last stop coordinates: 28.02499, -82.4165
02-28 09:09:37.693 13511 13544 D NavServiceProvider: Setting units automatically
02-28 09:09:37.694 13511 13544 D NavServiceProvider: Detecting stop. distance_d=2124.695. stop_type=1 speed=0.68
02-28 09:09:37.694 13511 13544 D NavigationTest: 8: (28.044162, -82.416346, 0.680000)	R:false  F:false
02-28 09:09:37.694 13511 13544 D NavServiceProvider: Second to last stop coordinates: 28.02499, -82.4165
02-28 09:09:37.695 13511 13544 D NavServiceProvider: Setting units automatically
02-28 09:09:37.696 13511 13544 D NavServiceProvider: Detecting stop. distance_d=2124.9014. stop_type=1 speed=0.660984
02-28 09:09:37.696 13511 13544 D NavigationTest: 9: (28.044164, -82.416370, 0.660984)	R:false  F:false
02-28 09:09:37.696 13511 13544 D NavigationTest: 10: (28.044164, -82.416370, 0.660984)	R:false  F:false
02-28 09:09:37.696 13511 13544 D NavServiceProvider: Second to last stop coordinates: 28.02499, -82.4165
02-28 09:09:37.697 13511 13544 D NavServiceProvider: Setting units automatically
02-28 09:09:37.698 13511 13544 D NavServiceProvider: Detecting stop. distance_d=2126.4429. stop_type=1 speed=0.0
02-28 09:09:37.698 13511 13544 D NavigationTest: 11: (28.044178, -82.416388, 0.000000)	R:false  F:false
02-28 09:09:37.698 13511 13544 D NavServiceProvider: Second to last stop coordinates: 28.02499, -82.4165
02-28 09:09:37.698 13511 13544 D NavServiceProvider: Setting units automatically
02-28 09:09:37.700 13511 13544 D NavServiceProvider: Detecting stop. distance_d=2127.1025. stop_type=1 speed=0.0
02-28 09:09:37.700 13511 13544 D NavigationTest: 12: (28.044184, -82.416399, 0.000000)	R:false  F:false
02-28 09:09:37.700 13511 13544 D NavServiceProvider: Second to last stop coordinates: 28.02499, -82.4165
02-28 09:09:37.700 13511 13544 D NavServiceProvider: Setting units automatically
02-28 09:09:37.701 13511 13544 D NavServiceProvider: Detecting stop. distance_d=2127.875. stop_type=1 speed=0.0
02-28 09:09:37.701 13511 13544 D NavigationTest: 13: (28.044191, -82.416406, 0.000000)	R:false  F:false
02-28 09:09:37.701 13511 13544 D NavServiceProvider: Second to last stop coordinates: 28.02499, -82.4165
02-28 09:09:37.702 13511 13544 D NavServiceProvider: Setting units automatically
02-28 09:09:37.703 13511 13544 D NavServiceProvider: Detecting stop. distance_d=2127.875. stop_type=1 speed=0.0
02-28 09:09:37.703 13511 13544 D NavigationTest: 14: (28.044191, -82.416406, 0.000000)	R:false  F:false
02-28 09:09:37.703 13511 13544 D NavServiceProvider: Second to last stop coordinates: 28.02499, -82.4165
02-28 09:09:37.703 13511 13544 D NavServiceProvider: Setting units automatically
02-28 09:09:37.705 13511 13544 D NavServiceProvider: Detecting stop. distance_d=2128.2058. stop_type=1 speed=0.0
02-28 09:09:37.705 13511 13544 D NavigationTest: 15: (28.044194, -82.416410, 0.000000)	R:false  F:false
02-28 09:09:37.705 13511 13544 D NavServiceProvider: Second to last stop coordinates: 28.02499, -82.4165
02-28 09:09:37.706 13511 13544 D NavServiceProvider: Setting units automatically
02-28 09:09:37.707 13511 13544 D NavServiceProvider: Detecting stop. distance_d=2128.0938. stop_type=1 speed=0.215407
02-28 09:09:37.707 13511 13544 D NavigationTest: 16: (28.044193, -82.416413, 0.215407)	R:false  F:false
02-28 09:09:37.707 13511 13544 D NavServiceProvider: Second to last stop coordinates: 28.02499, -82.4165
02-28 09:09:37.707 13511 13544 D NavServiceProvider: Setting units automatically
02-28 09:09:37.709 13511 13544 D NavServiceProvider: Detecting stop. distance_d=2128.645. stop_type=1 speed=0.0
02-28 09:09:37.709 13511 13544 D NavigationTest: 17: (28.044198, -82.416421, 0.000000)	R:false  F:false
02-28 09:09:37.709 13511 13544 D NavServiceProvider: Second to last stop coordinates: 28.02499, -82.4165
02-28 09:09:37.709 13511 13544 D NavServiceProvider: Setting units automatically
02-28 09:09:37.711 13511 13544 D NavServiceProvider: Detecting stop. distance_d=2128.6453. stop_type=1 speed=0.0
02-28 09:09:37.711 13511 13544 D NavigationTest: 18: (28.044198, -82.416420, 0.000000)	R:false  F:false
02-28 09:09:37.711 13511 13544 D NavServiceProvider: Second to last stop coordinates: 28.02499, -82.4165
02-28 09:09:37.712 13511 13544 D NavServiceProvider: Setting units automatically
02-28 09:09:37.714 13511 13544 D NavServiceProvider: Detecting stop. distance_d=2128.6475. stop_type=1 speed=0.0
02-28 09:09:37.714 13511 13544 D NavigationTest: 19: (28.044198, -82.416414, 0.000000)	R:false  F:false
02-28 09:09:37.714 13511 13544 D NavServiceProvider: Second to last stop coordinates: 28.02499, -82.4165
02-28 09:09:37.714 13579 13612 W EventProcessor: callback.start() returned error code: -1
02-28 09:09:37.715 13511 13544 D NavServiceProvider: Setting units automatically
02-28 09:09:37.716 13511 13544 D NavServiceProvider: Detecting stop. distance_d=2128.5378. stop_type=1 speed=0.04
02-28 09:09:37.717 13511 13544 D NavigationTest: 20: (28.044197, -82.416411, 0.040000)	R:false  F:false
02-28 09:09:37.717 13511 13544 D NavServiceProvider: Second to last stop coordinates: 28.02499, -82.4165
02-28 09:09:37.717 13511 13544 D NavServiceProvider: Setting units automatically
02-28 09:09:37.719 13511 13544 D NavServiceProvider: Detecting stop. distance_d=2128.428. stop_type=1 speed=0.243516
02-28 09:09:37.719 13511 13544 D NavigationTest: 21: (28.044196, -82.416409, 0.243516)	R:false  F:false
02-28 09:09:37.719 13511 13544 D NavServiceProvider: Second to last stop coordinates: 28.02499, -82.4165
02-28 09:09:37.719 13511 13544 D NavServiceProvider: Setting units automatically
02-28 09:09:37.721 13511 13544 D NavServiceProvider: Detecting stop. distance_d=2128.3154. stop_type=1 speed=0.632851
02-28 09:09:37.721 13511 13544 D NavigationTest: 22: (28.044195, -82.416413, 0.632851)	R:false  F:false
02-28 09:09:37.721 13511 13544 D NavServiceProvider: Second to last stop coordinates: 28.02499, -82.4165
02-28 09:09:37.721 13511 13544 D NavServiceProvider: Setting units automatically
02-28 09:09:37.722 13511 13544 D NavServiceProvider: Detecting stop. distance_d=2127.7603. stop_type=1 speed=0.518941
02-28 09:09:37.722 13511 13544 D NavigationTest: 23: (28.044190, -82.416416, 0.518941)	R:false  F:false
02-28 09:09:37.722 13511 13544 D NavServiceProvider: Second to last stop coordinates: 28.02499, -82.4165
02-28 09:09:37.723 13511 13544 D NavServiceProvider: Setting units automatically
02-28 09:09:37.724 13511 13544 D NavServiceProvider: Detecting stop. distance_d=2126.6523. stop_type=1 speed=0.784474
02-28 09:09:37.724 13511 13544 D NavigationTest: 24: (28.044180, -82.416415, 0.784474)	R:false  F:false
02-28 09:09:37.724 13511 13544 D NavServiceProvider: Second to last stop coordinates: 28.02499, -82.4165
02-28 09:09:37.725 13511 13544 D NavServiceProvider: Setting units automatically
02-28 09:09:37.727 13511 13544 D NavServiceProvider: Detecting stop. distance_d=2125.1013. stop_type=1 speed=1.013903
02-28 09:09:37.727 13511 13544 D NavigationTest: 25: (28.044166, -82.416414, 1.013903)	R:false  F:false
02-28 09:09:37.727 13511 13544 D NavServiceProvider: Second to last stop coordinates: 28.02499, -82.4165
02-28 09:09:37.727 13511 13544 D NavServiceProvider: Setting units automatically
02-28 09:09:37.729 13579 13612 I GoogleTTSServiceImpl: Synthesis request for locale eng-USA and name en-US-language
02-28 09:09:37.729 13511 13544 D NavServiceProvider: Detecting stop. distance_d=2123.5498. stop_type=1 speed=0.987623
02-28 09:09:37.729 13511 13544 D NavigationTest: 26: (28.044152, -82.416414, 0.987623)	R:false  F:false
02-28 09:09:37.729 13511 13544 D NavServiceProvider: Second to last stop coordinates: 28.02499, -82.4165
02-28 09:09:37.729 13511 13544 D NavServiceProvider: Setting units automatically
02-28 09:09:37.729 13579 13612 I GoogleTTSServiceImpl: TTS dispatch: en-us-x-iog-seanet-embedded
02-28 09:09:37.730 13511 13544 D NavServiceProvider: Detecting stop. distance_d=2123.3271. stop_type=1 speed=0.784347
02-28 09:09:37.730 13511 13544 D NavigationTest: 27: (28.044150, -82.416417, 0.784347)	R:false  F:false
02-28 09:09:37.730 13511 13544 D NavServiceProvider: Second to last stop coordinates: 28.02499, -82.4165
02-28 09:09:37.731 13511 13544 D NavServiceProvider: Setting units automatically
02-28 09:09:37.732 13511 13544 D NavServiceProvider: Detecting stop. distance_d=2123.4343. stop_type=1 speed=0.348855
02-28 09:09:37.732 13511 13544 D NavigationTest: 28: (28.044151, -82.416427, 0.348855)	R:false  F:false
02-28 09:09:37.732 13511 13544 D NavServiceProvider: Second to last stop coordinates: 28.02499, -82.4165
02-28 09:09:37.732 13511 13544 D NavServiceProvider: Setting units automatically
02-28 09:09:37.733 13511 13544 D NavServiceProvider: Detecting stop. distance_d=2123.3237. stop_type=1 speed=0.0
02-28 09:09:37.734 13511 13544 D NavigationTest: 29: (28.044150, -82.416426, 0.000000)	R:false  F:false
02-28 09:09:37.734 13511 13544 D NavServiceProvider: Second to last stop coordinates: 28.02499, -82.4165
02-28 09:09:37.734 13511 13544 D NavServiceProvider: Setting units automatically
02-28 09:09:37.735 13511 13544 D NavServiceProvider: Detecting stop. distance_d=2122.9915. stop_type=1 speed=0.02
02-28 09:09:37.735 13511 13544 D NavigationTest: 30: (28.044147, -82.416426, 0.020000)	R:false  F:false
02-28 09:09:37.735 13511 13544 D NavServiceProvider: Second to last stop coordinates: 28.02499, -82.4165
02-28 09:09:37.735 13511 13544 D NavServiceProvider: Setting units automatically
02-28 09:09:37.736 13511 13544 D NavServiceProvider: Detecting stop. distance_d=2122.8806. stop_type=1 speed=0.0
02-28 09:09:37.736 13511 13544 D NavigationTest: 31: (28.044146, -82.416426, 0.000000)	R:false  F:false
02-28 09:09:37.736 13511 13544 D NavServiceProvider: Second to last stop coordinates: 28.02499, -82.4165
02-28 09:09:37.737 13511 13544 D NavServiceProvider: Setting units automatically
02-28 09:09:37.738 13511 13544 D NavServiceProvider: Detecting stop. distance_d=2122.8806. stop_type=1 speed=0.0
02-28 09:09:37.738 13511 13544 D NavigationTest: 32: (28.044146, -82.416426, 0.000000)	R:false  F:false
02-28 09:09:37.738 13511 13544 D NavigationTest: 33: (28.044146, -82.416426, 0.000000)	R:false  F:false
02-28 09:09:37.738 13511 13544 D NavServiceProvider: Second to last stop coordinates: 28.02499, -82.4165
02-28 09:09:37.738 13511 13544 D NavServiceProvider: Setting units automatically
02-28 09:09:37.740 13511 13544 D NavServiceProvider: Detecting stop. distance_d=2122.771. stop_type=1 speed=0.0
02-28 09:09:37.740 13511 13544 D NavigationTest: 34: (28.044145, -82.416422, 0.000000)	R:false  F:false
02-28 09:09:37.740 13511 13544 D NavServiceProvider: Second to last stop coordinates: 28.02499, -82.4165
02-28 09:09:37.740 13511 13544 D NavServiceProvider: Setting units automatically
02-28 09:09:37.742 13511 13544 D NavServiceProvider: Detecting stop. distance_d=2122.5505. stop_type=1 speed=0.0
02-28 09:09:37.742 13511 13544 D NavigationTest: 35: (28.044143, -82.416419, 0.000000)	R:false  F:false
02-28 09:09:37.742 13511 13544 D NavServiceProvider: Second to last stop coordinates: 28.02499, -82.4165
02-28 09:09:37.742 13511 13544 D NavServiceProvider: Setting units automatically
02-28 09:09:37.743 13511 13544 D NavServiceProvider: Detecting stop. distance_d=2122.33. stop_type=1 speed=0.0
02-28 09:09:37.743 13511 13544 D NavigationTest: 36: (28.044141, -82.416416, 0.000000)	R:false  F:false
02-28 09:09:37.743 13511 13544 D NavServiceProvider: Second to last stop coordinates: 28.02499, -82.4165
02-28 09:09:37.744 13511 13544 D NavServiceProvider: Setting units automatically
02-28 09:09:37.745 13511 13544 D NavServiceProvider: Detecting stop. distance_d=2122.22. stop_type=1 speed=0.0
02-28 09:09:37.745 13511 13544 D NavigationTest: 37: (28.044140, -82.416414, 0.000000)	R:false  F:false
02-28 09:09:37.745 13511 13544 D NavServiceProvider: Second to last stop coordinates: 28.02499, -82.4165
02-28 09:09:37.745 13511 13544 D NavServiceProvider: Setting units automatically
02-28 09:09:37.746 13511 13544 D NavServiceProvider: Detecting stop. distance_d=2122.2207. stop_type=1 speed=0.0
02-28 09:09:37.746 13511 13544 D NavigationTest: 38: (28.044140, -82.416412, 0.000000)	R:false  F:false
02-28 09:09:37.746 13511 13544 D NavServiceProvider: Second to last stop coordinates: 28.02499, -82.4165
02-28 09:09:37.747 13511 13544 D NavServiceProvider: Setting units automatically
02-28 09:09:37.747 13511 13544 D NavServiceProvider: Detecting stop. distance_d=2122.4424. stop_type=1 speed=0.0
02-28 09:09:37.748 13511 13544 D NavigationTest: 39: (28.044142, -82.416412, 0.000000)	R:false  F:false
02-28 09:09:37.748 13511 13544 D NavServiceProvider: Second to last stop coordinates: 28.02499, -82.4165
02-28 09:09:37.748 13511 13544 D NavServiceProvider: Setting units automatically
02-28 09:09:37.749 13511 13544 D NavServiceProvider: Detecting stop. distance_d=2122.4424. stop_type=1 speed=0.0
02-28 09:09:37.749 13511 13544 D NavigationTest: 40: (28.044142, -82.416412, 0.000000)	R:false  F:false
02-28 09:09:37.749 13511 13544 D NavServiceProvider: Second to last stop coordinates: 28.02499, -82.4165
02-28 09:09:37.750 13511 13544 D NavServiceProvider: Setting units automatically
02-28 09:09:37.751 13511 13544 D NavServiceProvider: Detecting stop. distance_d=2122.4421. stop_type=1 speed=0.0
02-28 09:09:37.751 13511 13544 D NavigationTest: 41: (28.044142, -82.416413, 0.000000)	R:false  F:false
02-28 09:09:37.751 13511 13544 D NavServiceProvider: Second to last stop coordinates: 28.02499, -82.4165
02-28 09:09:37.752 13511 13544 D NavServiceProvider: Setting units automatically
02-28 09:09:37.753 13511 13544 D NavServiceProvider: Detecting stop. distance_d=2122.4424. stop_type=1 speed=0.0
02-28 09:09:37.753 13511 13544 D NavigationTest: 42: (28.044142, -82.416412, 0.000000)	R:false  F:false
02-28 09:09:37.753 13511 13544 D NavServiceProvider: Second to last stop coordinates: 28.02499, -82.4165
02-28 09:09:37.754 13511 13544 D NavServiceProvider: Setting units automatically
02-28 09:09:37.755 13511 13544 D NavServiceProvider: Detecting stop. distance_d=2122.5532. stop_type=1 speed=0.0
02-28 09:09:37.755 13511 13544 D NavigationTest: 43: (28.044143, -82.416412, 0.000000)	R:false  F:false
02-28 09:09:37.755 13511 13544 D NavServiceProvider: Second to last stop coordinates: 28.02499, -82.4165
02-28 09:09:37.755 13511 13544 D NavServiceProvider: Setting units automatically
02-28 09:09:37.756 13511 13544 D NavServiceProvider: Detecting stop. distance_d=2122.553. stop_type=1 speed=0.0
02-28 09:09:37.756 13511 13544 D NavigationTest: 44: (28.044143, -82.416413, 0.000000)	R:false  F:false
02-28 09:09:37.756 13511 13544 D NavServiceProvider: Second to last stop coordinates: 28.02499, -82.4165
02-28 09:09:37.756 13511 13544 D NavServiceProvider: Setting units automatically
02-28 09:09:37.757 13511 13544 D NavServiceProvider: Detecting stop. distance_d=2122.5537. stop_type=1 speed=0.0
02-28 09:09:37.758 13511 13544 D NavigationTest: 45: (28.044143, -82.416411, 0.000000)	R:false  F:false
02-28 09:09:37.758 13511 13544 D NavServiceProvider: Second to last stop coordinates: 28.02499, -82.4165
02-28 09:09:37.758 13511 13544 D NavServiceProvider: Setting units automatically
02-28 09:09:37.759 13511 13544 D NavServiceProvider: Detecting stop. distance_d=2122.5532. stop_type=1 speed=0.0
02-28 09:09:37.759 13511 13544 D NavigationTest: 46: (28.044143, -82.416412, 0.000000)	R:false  F:false
02-28 09:09:37.759 13511 13544 D NavServiceProvider: Second to last stop coordinates: 28.02499, -82.4165
02-28 09:09:37.759 13511 13544 D NavServiceProvider: Setting units automatically
02-28 09:09:37.760 13511 13544 D NavServiceProvider: Detecting stop. distance_d=2122.5532. stop_type=1 speed=0.0
02-28 09:09:37.760 13511 13544 D NavigationTest: 47: (28.044143, -82.416412, 0.000000)	R:false  F:false
02-28 09:09:37.760 13511 13544 D NavServiceProvider: Second to last stop coordinates: 28.02499, -82.4165
02-28 09:09:37.761 13511 13544 D NavServiceProvider: Setting units automatically
02-28 09:09:37.762 13511 13544 D NavServiceProvider: Detecting stop. distance_d=2122.5532. stop_type=1 speed=0.0
02-28 09:09:37.762 13511 13544 D NavigationTest: 48: (28.044143, -82.416412, 0.000000)	R:false  F:false
02-28 09:09:37.762 13511 13544 D NavServiceProvider: Second to last stop coordinates: 28.02499, -82.4165
02-28 09:09:37.762 13511 13544 D NavServiceProvider: Setting units automatically
02-28 09:09:37.763 13511 13544 D NavServiceProvider: Detecting stop. distance_d=2122.5532. stop_type=1 speed=0.0
02-28 09:09:37.763 13511 13544 D NavigationTest: 49: (28.044143, -82.416412, 0.000000)	R:false  F:false
02-28 09:09:37.763 13511 13544 D NavServiceProvider: Second to last stop coordinates: 28.02499, -82.4165
02-28 09:09:37.763 13511 13544 D NavServiceProvider: Setting units automatically
02-28 09:09:37.764 13511 13544 D NavServiceProvider: Detecting stop. distance_d=2122.5537. stop_type=1 speed=0.0
02-28 09:09:37.765 13511 13544 D NavigationTest: 50: (28.044143, -82.416411, 0.000000)	R:false  F:false
02-28 09:09:37.765 13511 13544 D NavServiceProvider: Second to last stop coordinates: 28.02499, -82.4165
02-28 09:09:37.765 13511 13544 D NavServiceProvider: Setting units automatically
02-28 09:09:37.766 13511 13544 D NavServiceProvider: Detecting stop. distance_d=2122.6636. stop_type=1 speed=0.23
02-28 09:09:37.766 13511 13544 D NavigationTest: 51: (28.044144, -82.416413, 0.230000)	R:false  F:false
02-28 09:09:37.766 13511 13544 D NavServiceProvider: Second to last stop coordinates: 28.02499, -82.4165
02-28 09:09:37.766 13511 13544 D NavServiceProvider: Setting units automatically
02-28 09:09:37.767 13511 13544 D NavServiceProvider: Detecting stop. distance_d=2122.1099. stop_type=1 speed=0.0
02-28 09:09:37.767 13511 13544 D NavigationTest: 52: (28.044139, -82.416412, 0.000000)	R:false  F:false
02-28 09:09:37.767 13511 13544 D NavigationTest: 53: (28.044139, -82.416412, 0.000000)	R:false  F:false
02-28 09:09:37.767 13511 13544 D NavServiceProvider: Second to last stop coordinates: 28.02499, -82.4165
02-28 09:09:37.768 13511 13544 D NavServiceProvider: Setting units automatically
02-28 09:09:37.769 13511 13544 D NavServiceProvider: Detecting stop. distance_d=2122.3315. stop_type=1 speed=0.0
02-28 09:09:37.769 13511 13544 D NavigationTest: 54: (28.044141, -82.416412, 0.000000)	R:false  F:false
02-28 09:09:37.769 13511 13544 D NavServiceProvider: Second to last stop coordinates: 28.02499, -82.4165
02-28 09:09:37.769 13511 13544 D NavServiceProvider: Setting units automatically
02-28 09:09:37.770 13511 13544 D NavServiceProvider: Detecting stop. distance_d=2122.4421. stop_type=1 speed=0.0
02-28 09:09:37.770 13511 13544 D NavigationTest: 55: (28.044142, -82.416413, 0.000000)	R:false  F:false
02-28 09:09:37.770 13511 13544 D NavServiceProvider: Second to last stop coordinates: 28.02499, -82.4165
02-28 09:09:37.770 13511 13544 D NavServiceProvider: Setting units automatically
02-28 09:09:37.772 13511 13544 D NavServiceProvider: Detecting stop. distance_d=2122.2217. stop_type=1 speed=0.0
02-28 09:09:37.772 13511 13544 D NavigationTest: 56: (28.044140, -82.416410, 0.000000)	R:false  F:false
02-28 09:09:37.772 13511 13544 D NavServiceProvider: Second to last stop coordinates: 28.02499, -82.4165
02-28 09:09:37.772   871   871 D msm8974_platform: platform_split_snd_device: snd_device(2) num devices(1) new_snd_devices(0)
02-28 09:09:37.772   871   871 D ACDB-LOADER: ACDB -> send_audvoltable
02-28 09:09:37.772   871   871 D ACDB-LOADER: ACDB -> ACDB_CMD_GET_AUDPROC_VOL_STEP_TABLE_SIZE
02-28 09:09:37.772   871   871 D ACDB-LOADER: ACDB -> ACDB_CMD_GET_AUDPROC_GAIN_DEP_STEP_TABLE, vol index 0
02-28 09:09:37.772   871   871 D         : Failed to fetch the lookup information of the device 0000000F
02-28 09:09:37.772   871   871 E ACDB-LOADER: Error: ACDB AudProc vol returned = -19
02-28 09:09:37.772   871   871 D ACDB-LOADER: ACDB -> AUDIO_SET_VOL_CAL cal type = 40
02-28 09:09:37.772 13511 13544 D NavServiceProvider: Setting units automatically
02-28 09:09:37.773 13511 13544 D NavServiceProvider: Detecting stop. distance_d=2122.2207. stop_type=1 speed=0.0
02-28 09:09:37.773 13511 13544 D NavigationTest: 57: (28.044140, -82.416412, 0.000000)	R:false  F:false
02-28 09:09:37.773 13511 13544 D NavServiceProvider: Second to last stop coordinates: 28.02499, -82.4165
02-28 09:09:37.773   871  6793 D msm8974_platform: platform_split_snd_device: snd_device(2) num devices(1) new_snd_devices(0)
02-28 09:09:37.773 13511 13544 D NavServiceProvider: Setting units automatically
02-28 09:09:37.774 13511 13544 D NavServiceProvider: Detecting stop. distance_d=2122.2207. stop_type=1 speed=0.0
02-28 09:09:37.775 13511 13544 D NavigationTest: 58: (28.044140, -82.416412, 0.000000)	R:false  F:false
02-28 09:09:37.775 13511 13544 D NavServiceProvider: Second to last stop coordinates: 28.02499, -82.4165
02-28 09:09:37.775 13511 13544 D NavServiceProvider: Setting units automatically
02-28 09:09:37.775   871   871 V EffectDiracSound: DiracSound_command() start, cmdCode=20
02-28 09:09:37.775   871   871 V EffectDiracSound: DiracSound_Command EFFECT_CMD_OFFLOAD
02-28 09:09:37.775   871   871 V EffectDiracSound: DiracSound_command() start, cmdCode=1
02-28 09:09:37.775   871   871 V EffectDiracSound: DiracSound_setConfig start
02-28 09:09:37.775   871   871 I EffectDiracSound: DiracSound_updateState(), enable=0, hifi=0, device=0x2, headset=5, samplingRate=48000
02-28 09:09:37.775   871   871 I EffectDiracSound: DiracSound_updateState(), mode=0, music=0, movie=0, reset=0
02-28 09:09:37.775   871   871 I EffectDiracSound: DiracSound_updateState(), Speaker Movie/Stereo Mode is not supported. Stop update state.
02-28 09:09:37.775   871   871 W EffectHAL: Effect 0xe4b38cd0 command SET_CONFIG returned status: Invalid argument
02-28 09:09:37.775   871   911 V EffectDiracSound: DiracSound_command() start, cmdCode=1
02-28 09:09:37.775   871   911 V EffectDiracSound: DiracSound_setConfig start
02-28 09:09:37.775   871   911 I EffectDiracSound: DiracSound_updateState(), enable=0, hifi=0, device=0x2, headset=5, samplingRate=48000
02-28 09:09:37.775   871   911 I EffectDiracSound: DiracSound_updateState(), mode=0, music=0, movie=0, reset=0
02-28 09:09:37.775   871   911 I EffectDiracSound: DiracSound_updateState(), Speaker Movie/Stereo Mode is not supported. Stop update state.
02-28 09:09:37.776   871   911 V EffectDiracSound: DiracSound_command() start, cmdCode=9
02-28 09:09:37.776   871   911 V EffectDiracSound: DiracSound_Command EFFECT_CMD_SET_DEVICE: 0x00000002
02-28 09:09:37.776   871  6793 V EffectDiracSound: DiracSound_command() start, cmdCode=11
02-28 09:09:37.776   871  6793 V EffectDiracSound: DiracSound_Command EFFECT_CMD_SET_AUDIO_MODE: 0
02-28 09:09:37.776 13511 13544 D NavServiceProvider: Detecting stop. distance_d=2122.2207. stop_type=1 speed=0.0
02-28 09:09:37.776 13511 13544 D NavigationTest: 59: (28.044140, -82.416412, 0.000000)	R:false  F:false
02-28 09:09:37.776 13511 13544 D NavServiceProvider: Second to last stop coordinates: 28.02499, -82.4165
02-28 09:09:37.777 13511 13544 D NavServiceProvider: Setting units automatically
02-28 09:09:37.778 13511 13544 D NavServiceProvider: Detecting stop. distance_d=2122.1104. stop_type=1 speed=0.0
02-28 09:09:37.778 13511 13544 D NavigationTest: 60: (28.044139, -82.416411, 0.000000)	R:false  F:false
02-28 09:09:37.778 13511 13544 D NavServiceProvider: Second to last stop coordinates: 28.02499, -82.4165
02-28 09:09:37.778 13511 13544 D NavServiceProvider: Setting units automatically
02-28 09:09:37.780 13511 13544 D NavServiceProvider: Detecting stop. distance_d=2122.6636. stop_type=1 speed=0.196469
02-28 09:09:37.780 13511 13544 D NavigationTest: 61: (28.044144, -82.416413, 0.196469)	R:false  F:false
02-28 09:09:37.780 13511 13544 D NavServiceProvider: Second to last stop coordinates: 28.02499, -82.4165
02-28 09:09:37.780 13511 13544 D NavServiceProvider: Setting units automatically
02-28 09:09:37.781 13511 13544 D NavServiceProvider: Detecting stop. distance_d=2122.662. stop_type=1 speed=0.0
02-28 09:09:37.781 13511 13544 D NavigationTest: 62: (28.044144, -82.416417, 0.000000)	R:false  F:false
02-28 09:09:37.781 13511 13544 D NavServiceProvider: Second to last stop coordinates: 28.02499, -82.4165
02-28 09:09:37.782 13511 13544 D NavServiceProvider: Setting units automatically
02-28 09:09:37.783 13511 13544 D NavServiceProvider: Detecting stop. distance_d=2122.773. stop_type=1 speed=0.0
02-28 09:09:37.783 13511 13544 D NavigationTest: 63: (28.044145, -82.416417, 0.000000)	R:false  F:false
02-28 09:09:37.783 13511 13544 D NavServiceProvider: Second to last stop coordinates: 28.02499, -82.4165
02-28 09:09:37.783 13511 13544 D NavServiceProvider: Setting units automatically
02-28 09:09:37.784 13511 13544 D NavServiceProvider: Detecting stop. distance_d=2123.1074. stop_type=1 speed=0.0
02-28 09:09:37.784 13511 13544 D NavigationTest: 64: (28.044148, -82.416412, 0.000000)	R:false  F:false
02-28 09:09:37.784 13511 13544 D NavServiceProvider: Second to last stop coordinates: 28.02499, -82.4165
02-28 09:09:37.785 13511 13544 D NavServiceProvider: Setting units automatically
02-28 09:09:37.786 13511 13544 D NavServiceProvider: Detecting stop. distance_d=2123.107. stop_type=1 speed=0.0
02-28 09:09:37.786 13511 13544 D NavigationTest: 65: (28.044148, -82.416413, 0.000000)	R:false  F:false
02-28 09:09:37.786 13511 13544 D NavServiceProvider: Second to last stop coordinates: 28.02499, -82.4165
02-28 09:09:37.786 13511 13544 D NavServiceProvider: Setting units automatically
02-28 09:09:37.787 13511 13544 D NavServiceProvider: Detecting stop. distance_d=2122.9983. stop_type=1 speed=0.0
02-28 09:09:37.787 13511 13544 D NavigationTest: 66: (28.044147, -82.416408, 0.000000)	R:false  F:false
02-28 09:09:37.787 13511 13544 D NavServiceProvider: Second to last stop coordinates: 28.02499, -82.4165
02-28 09:09:37.788 13511 13544 D NavServiceProvider: Setting units automatically
02-28 09:09:37.789 13511 13544 D NavServiceProvider: Detecting stop. distance_d=2122.6636. stop_type=1 speed=0.0
02-28 09:09:37.789 13511 13544 D NavigationTest: 67: (28.044144, -82.416413, 0.000000)	R:false  F:false
02-28 09:09:37.789 13511 13544 D NavServiceProvider: Second to last stop coordinates: 28.02499, -82.4165
02-28 09:09:37.789 13511 13544 D NavServiceProvider: Setting units automatically
02-28 09:09:37.790 13511 13544 D NavServiceProvider: Detecting stop. distance_d=2122.6628. stop_type=1 speed=0.0
02-28 09:09:37.790 13511 13544 D NavigationTest: 68: (28.044144, -82.416415, 0.000000)	R:false  F:false
02-28 09:09:37.790 13511 13544 D NavServiceProvider: Second to last stop coordinates: 28.02499, -82.4165
02-28 09:09:37.791 13511 13544 D NavServiceProvider: Setting units automatically
02-28 09:09:37.792 13511 13544 D NavServiceProvider: Detecting stop. distance_d=2122.3286. stop_type=1 speed=0.0
02-28 09:09:37.792 13511 13544 D NavigationTest: 69: (28.044141, -82.416420, 0.000000)	R:false  F:false
02-28 09:09:37.792 13511 13544 D NavServiceProvider: Second to last stop coordinates: 28.02499, -82.4165
02-28 09:09:37.792 13511 13544 D NavServiceProvider: Setting units automatically
02-28 09:09:37.793 13511 13544 D NavServiceProvider: Detecting stop. distance_d=2121.9946. stop_type=1 speed=0.0
02-28 09:09:37.793 13511 13544 D NavigationTest: 70: (28.044138, -82.416424, 0.000000)	R:false  F:false
02-28 09:09:37.793 13511 13544 D NavServiceProvider: Second to last stop coordinates: 28.02499, -82.4165
02-28 09:09:37.794 13511 13544 D NavServiceProvider: Setting units automatically
02-28 09:09:37.795 13511 13544 D NavServiceProvider: Detecting stop. distance_d=2121.773. stop_type=1 speed=0.0
02-28 09:09:37.795 13511 13544 D NavigationTest: 71: (28.044136, -82.416424, 0.000000)	R:false  F:false
02-28 09:09:37.795 13511 13544 D NavServiceProvider: Second to last stop coordinates: 28.02499, -82.4165
02-28 09:09:37.795 13511 13544 D NavServiceProvider: Setting units automatically
02-28 09:09:37.796 13511 13544 D NavServiceProvider: Detecting stop. distance_d=2121.773. stop_type=1 speed=0.0
02-28 09:09:37.796 13511 13544 D NavigationTest: 72: (28.044136, -82.416424, 0.000000)	R:false  F:false
02-28 09:09:37.796 13511 13544 D NavServiceProvider: Second to last stop coordinates: 28.02499, -82.4165
02-28 09:09:37.797 13511 13544 D NavServiceProvider: Setting units automatically
02-28 09:09:37.797 13511 13544 D NavServiceProvider: Detecting stop. distance_d=2121.773. stop_type=1 speed=0.0
02-28 09:09:37.798 13511 13544 D NavigationTest: 73: (28.044136, -82.416424, 0.000000)	R:false  F:false
02-28 09:09:37.798 13511 13544 D NavServiceProvider: Second to last stop coordinates: 28.02499, -82.4165
02-28 09:09:37.798 13511 13544 D NavServiceProvider: Setting units automatically
02-28 09:09:37.799 13511 13544 D NavServiceProvider: Detecting stop. distance_d=2121.5547. stop_type=1 speed=0.424264
02-28 09:09:37.799 13511 13544 D NavigationTest: 74: (28.044134, -82.416415, 0.424264)	R:false  F:false
02-28 09:09:37.799 13511 13544 D NavigationTest: 75: (28.044134, -82.416415, 0.424264)	R:false  F:false
02-28 09:09:37.799 13511 13544 D NavigationTest: 76: (28.044134, -82.416415, 0.424264)	R:false  F:false
02-28 09:09:37.799 13511 13544 D NavServiceProvider: Second to last stop coordinates: 28.02499, -82.4165
02-28 09:09:37.800 13511 13544 D NavServiceProvider: Setting units automatically
02-28 09:09:37.801 13511 13544 D NavServiceProvider: Detecting stop. distance_d=2121.8872. stop_type=1 speed=0.202485
02-28 09:09:37.801 13511 13544 D NavigationTest: 77: (28.044137, -82.416415, 0.202485)	R:false  F:false
02-28 09:09:37.801 13511 13544 D NavServiceProvider: Second to last stop coordinates: 28.02499, -82.4165
02-28 09:09:37.801 13511 13544 D NavServiceProvider: Setting units automatically
02-28 09:09:37.802 13511 13544 D NavServiceProvider: Detecting stop. distance_d=2121.9983. stop_type=1 speed=0.0
02-28 09:09:37.802 13511 13544 D NavigationTest: 78: (28.044138, -82.416414, 0.000000)	R:false  F:false
02-28 09:09:37.802 13511 13544 D NavServiceProvider: Second to last stop coordinates: 28.02499, -82.4165
02-28 09:09:37.802 13511 13544 D NavServiceProvider: Setting units automatically
02-28 09:09:37.803 13511 13544 D NavServiceProvider: Detecting stop. distance_d=2122.109. stop_type=1 speed=0.0
02-28 09:09:37.803 13511 13544 D NavigationTest: 79: (28.044139, -82.416415, 0.000000)	R:false  F:false
02-28 09:09:37.804 13511 13544 D NavServiceProvider: Second to last stop coordinates: 28.02499, -82.4165
02-28 09:09:37.804 13511 13544 D NavServiceProvider: Setting units automatically
02-28 09:09:37.805 13511 13544 D NavServiceProvider: Detecting stop. distance_d=2122.4395. stop_type=1 speed=0.0
02-28 09:09:37.805 13511 13544 D NavigationTest: 80: (28.044142, -82.416420, 0.000000)	R:false  F:false
02-28 09:09:37.805 13511 13544 D NavServiceProvider: Second to last stop coordinates: 28.02499, -82.4165
02-28 09:09:37.805 13511 13544 D NavServiceProvider: Setting units automatically
02-28 09:09:37.806 13511 13544 D NavServiceProvider: Detecting stop. distance_d=2122.771. stop_type=1 speed=0.0
02-28 09:09:37.806 13511 13544 D NavigationTest: 81: (28.044145, -82.416422, 0.000000)	R:false  F:false
02-28 09:09:37.806 13511 13544 D NavServiceProvider: Second to last stop coordinates: 28.02499, -82.4165
02-28 09:09:37.806 13511 13544 D NavServiceProvider: Setting units automatically
02-28 09:09:37.807 13511 13544 D NavServiceProvider: Detecting stop. distance_d=2123.214. stop_type=1 speed=0.0
02-28 09:09:37.807 13511 13544 D NavigationTest: 82: (28.044149, -82.416423, 0.000000)	R:false  F:false
02-28 09:09:37.807 13511 13544 D NavServiceProvider: Second to last stop coordinates: 28.02499, -82.4165
02-28 09:09:37.808 13511 13544 D NavServiceProvider: Setting units automatically
02-28 09:09:37.809 13511 13544 D NavServiceProvider: Detecting stop. distance_d=2122.9907. stop_type=1 speed=0.0
02-28 09:09:37.809 13511 13544 D NavigationTest: 83: (28.044147, -82.416428, 0.000000)	R:false  F:false
02-28 09:09:37.809 13511 13544 D NavServiceProvider: Second to last stop coordinates: 28.02499, -82.4165
02-28 09:09:37.809 13511 13544 D NavServiceProvider: Setting units automatically
02-28 09:09:37.810 13511 13544 D NavServiceProvider: Detecting stop. distance_d=2122.9907. stop_type=1 speed=0.0
02-28 09:09:37.810 13511 13544 D NavigationTest: 84: (28.044147, -82.416428, 0.000000)	R:false  F:false
02-28 09:09:37.810 13511 13544 D NavServiceProvider: Second to last stop coordinates: 28.02499, -82.4165
02-28 09:09:37.811 13511 13544 D NavServiceProvider: Setting units automatically
02-28 09:09:37.811 13511 13544 D NavServiceProvider: Detecting stop. distance_d=2123.1008. stop_type=1 speed=0.0
02-28 09:09:37.812 13511 13544 D NavigationTest: 85: (28.044148, -82.416430, 0.000000)	R:false  F:false
02-28 09:09:37.812 13511 13544 D NavServiceProvider: Second to last stop coordinates: 28.02499, -82.4165
02-28 09:09:37.812 13511 13544 D NavServiceProvider: Setting units automatically
02-28 09:09:37.813 13511 13544 D NavServiceProvider: Detecting stop. distance_d=2123.1008. stop_type=1 speed=0.0
02-28 09:09:37.813 13511 13544 D NavigationTest: 86: (28.044148, -82.416430, 0.000000)	R:false  F:false
02-28 09:09:37.813 13511 13544 D NavServiceProvider: Second to last stop coordinates: 28.02499, -82.4165
02-28 09:09:37.813 13511 13544 D NavServiceProvider: Setting units automatically
02-28 09:09:37.814 13511 13544 D NavServiceProvider: Detecting stop. distance_d=2123.1016. stop_type=1 speed=0.0
02-28 09:09:37.814 13511 13544 D NavigationTest: 87: (28.044148, -82.416428, 0.000000)	R:false  F:false
02-28 09:09:37.814 13511 13544 D NavServiceProvider: Second to last stop coordinates: 28.02499, -82.4165
02-28 09:09:37.815 13511 13544 D NavServiceProvider: Setting units automatically
02-28 09:09:37.816 13511 13544 D NavServiceProvider: Detecting stop. distance_d=2123.2124. stop_type=1 speed=0.0
02-28 09:09:37.816 13511 13544 D NavigationTest: 88: (28.044149, -82.416428, 0.000000)	R:false  F:false
02-28 09:09:37.816 13511 13544 D NavServiceProvider: Second to last stop coordinates: 28.02499, -82.4165
02-28 09:09:37.816 13511 13544 D NavServiceProvider: Setting units automatically
02-28 09:09:37.817 13511 13544 D NavServiceProvider: Detecting stop. distance_d=2123.4324. stop_type=1 speed=0.0
02-28 09:09:37.817 13511 13544 D NavigationTest: 89: (28.044151, -82.416433, 0.000000)	R:false  F:false
02-28 09:09:37.817 13511 13544 D NavServiceProvider: Second to last stop coordinates: 28.02499, -82.4165
02-28 09:09:37.817 13511 13544 D NavServiceProvider: Setting units automatically
02-28 09:09:37.818 13511 13544 D NavServiceProvider: Detecting stop. distance_d=2123.4312. stop_type=1 speed=0.0
02-28 09:09:37.818 13511 13544 D NavigationTest: 90: (28.044151, -82.416437, 0.000000)	R:false  F:false
02-28 09:09:37.818 13511 13544 D NavServiceProvider: Second to last stop coordinates: 28.02499, -82.4165
02-28 09:09:37.819 13511 13544 D NavServiceProvider: Setting units automatically
02-28 09:09:37.820 13511 13544 D NavServiceProvider: Detecting stop. distance_d=2123.4312. stop_type=1 speed=0.0
02-28 09:09:37.820 13511 13544 D NavigationTest: 91: (28.044151, -82.416437, 0.000000)	R:false  F:false
02-28 09:09:37.820 13511 13544 D NavServiceProvider: Second to last stop coordinates: 28.02499, -82.4165
02-28 09:09:37.820 13511 13544 D NavServiceProvider: Setting units automatically
02-28 09:09:37.821 13511 13544 D NavServiceProvider: Detecting stop. distance_d=2123.545. stop_type=1 speed=0.0
02-28 09:09:37.821 13511 13544 D NavigationTest: 92: (28.044152, -82.416428, 0.000000)	R:false  F:false
02-28 09:09:37.821 13511 13544 D NavServiceProvider: Second to last stop coordinates: 28.02499, -82.4165
02-28 09:09:37.822 13511 13544 D NavServiceProvider: Setting units automatically
02-28 09:09:37.823 13511 13544 D NavServiceProvider: Detecting stop. distance_d=2123.545. stop_type=1 speed=0.0
02-28 09:09:37.823 13511 13544 D NavigationTest: 93: (28.044152, -82.416428, 0.000000)	R:false  F:false
02-28 09:09:37.823 13511 13544 D NavServiceProvider: Second to last stop coordinates: 28.02499, -82.4165
02-28 09:09:37.823 13511 13544 D NavServiceProvider: Setting units automatically
02-28 09:09:37.824 13511 13544 D NavServiceProvider: Detecting stop. distance_d=2123.3228. stop_type=1 speed=0.0
02-28 09:09:37.824 13511 13544 D NavigationTest: 94: (28.044150, -82.416429, 0.000000)	R:false  F:false
02-28 09:09:37.824 13511 13544 D NavServiceProvider: Second to last stop coordinates: 28.02499, -82.4165
02-28 09:09:37.824 13511 13544 D NavServiceProvider: Setting units automatically
02-28 09:09:37.825 13511 13544 D NavServiceProvider: Detecting stop. distance_d=2123.2124. stop_type=1 speed=0.0
02-28 09:09:37.825 13511 13544 D NavigationTest: 95: (28.044149, -82.416428, 0.000000)	R:false  F:false
02-28 09:09:37.825 13511 13544 D NavServiceProvider: Second to last stop coordinates: 28.02499, -82.4165
02-28 09:09:37.826 13511 13544 D NavServiceProvider: Setting units automatically
02-28 09:09:37.827 13511 13544 D NavServiceProvider: Detecting stop. distance_d=2123.2124. stop_type=1 speed=0.386005
02-28 09:09:37.827 13511 13544 D NavigationTest: 96: (28.044149, -82.416428, 0.386005)	R:false  F:false
02-28 09:09:37.827 13511 13544 D NavigationTest: 97: (28.044149, -82.416428, 0.386005)	R:false  F:false
02-28 09:09:37.827 13511 13544 D NavigationTest: 98: (28.044149, -82.416428, 0.386005)	R:false  F:false
02-28 09:09:37.827 13511 13544 D NavServiceProvider: Second to last stop coordinates: 28.02499, -82.4165
02-28 09:09:37.827 13511 13544 D NavServiceProvider: Setting units automatically
02-28 09:09:37.828 13511 13544 D NavServiceProvider: Detecting stop. distance_d=2123.0952. stop_type=1 speed=0.619112
02-28 09:09:37.828 13511 13544 D NavigationTest: 99: (28.044148, -82.416451, 0.619112)	R:false  F:false
02-28 09:09:37.828 13511 13544 D NavServiceProvider: Second to last stop coordinates: 28.02499, -82.4165
02-28 09:09:37.828 13511 13544 D NavServiceProvider: Setting units automatically
02-28 09:09:37.829 13511 13544 D NavServiceProvider: Detecting stop. distance_d=2123.5383. stop_type=1 speed=0.428019
02-28 09:09:37.829 13511 13544 D NavigationTest: 100: (28.044152, -82.416452, 0.428019)	R:false  F:false
02-28 09:09:37.830 13511 13544 D NavServiceProvider: Second to last stop coordinates: 28.02499, -82.4165
02-28 09:09:37.830 13511 13544 D NavServiceProvider: Setting units automatically
02-28 09:09:37.831 13511 13544 D NavServiceProvider: Detecting stop. distance_d=2123.093. stop_type=1 speed=0.0
02-28 09:09:37.831 13511 13544 D NavigationTest: 101: (28.044148, -82.416462, 0.000000)	R:false  F:false
02-28 09:09:37.831 13511 13544 D NavServiceProvider: Second to last stop coordinates: 28.02499, -82.4165
02-28 09:09:37.831 13511 13544 D NavServiceProvider: Setting units automatically
02-28 09:09:37.833 13511 13544 D NavServiceProvider: Detecting stop. distance_d=2122.8728. stop_type=1 speed=0.0
02-28 09:09:37.833 13511 13544 D NavigationTest: 102: (28.044146, -82.416455, 0.000000)	R:false  F:false
02-28 09:09:37.833 13511 13544 D NavServiceProvider: Second to last stop coordinates: 28.02499, -82.4165
02-28 09:09:37.833 13511 13544 D NavServiceProvider: Setting units automatically
02-28 09:09:37.834 13511 13544 D NavServiceProvider: Detecting stop. distance_d=2121.5452. stop_type=1 speed=0.510882
02-28 09:09:37.835 13511 13544 D NavigationTest: 103: (28.044134, -82.416445, 0.510882)	R:false  F:false
02-28 09:09:37.835 13511 13544 D NavServiceProvider: Second to last stop coordinates: 28.02499, -82.4165
02-28 09:09:37.835 13511 13544 D NavServiceProvider: Setting units automatically
02-28 09:09:37.836 13511 13544 D NavServiceProvider: Detecting stop. distance_d=2121.4353. stop_type=1 speed=0.438292
02-28 09:09:37.836 13511 13544 D NavigationTest: 104: (28.044133, -82.416441, 0.438292)	R:false  F:false
02-28 09:09:37.836 13511 13544 D NavServiceProvider: Second to last stop coordinates: 28.02499, -82.4165
02-28 09:09:37.837 13511 13544 D NavServiceProvider: Setting units automatically
02-28 09:09:37.838 13511 13544 D NavServiceProvider: Detecting stop. distance_d=2121.3293. stop_type=1 speed=0.537587
02-28 09:09:37.838 13511 13544 D NavigationTest: 105: (28.044132, -82.416425, 0.537587)	R:false  F:false
02-28 09:09:37.838 13511 13544 D NavServiceProvider: Second to last stop coordinates: 28.02499, -82.4165
02-28 09:09:37.838 13511 13544 D NavServiceProvider: Setting units automatically
02-28 09:09:37.839 13511 13544 D NavServiceProvider: Detecting stop. distance_d=2121.7705. stop_type=1 speed=0.0
02-28 09:09:37.839 13511 13544 D NavigationTest: 106: (28.044136, -82.416432, 0.000000)	R:false  F:false
02-28 09:09:37.839 13511 13544 D NavServiceProvider: Second to last stop coordinates: 28.02499, -82.4165
02-28 09:09:37.840 13511 13544 D NavServiceProvider: Setting units automatically
02-28 09:09:37.841 13511 13544 D NavServiceProvider: Detecting stop. distance_d=2122.1028. stop_type=1 speed=0.0
02-28 09:09:37.841 13511 13544 D NavigationTest: 107: (28.044139, -82.416432, 0.000000)	R:false  F:false
02-28 09:09:37.841 13511 13544 D NavServiceProvider: Second to last stop coordinates: 28.02499, -82.4165
02-28 09:09:37.841 13511 13544 D NavServiceProvider: Setting units automatically
02-28 09:09:37.843 13511 13544 D NavServiceProvider: Detecting stop. distance_d=2122.3232. stop_type=1 speed=0.0
02-28 09:09:37.843 13511 13544 D NavigationTest: 108: (28.044141, -82.416436, 0.000000)	R:false  F:false
02-28 09:09:37.843 13511 13544 D NavServiceProvider: Second to last stop coordinates: 28.02499, -82.4165
02-28 09:09:37.843 13511 13544 D NavServiceProvider: Setting units automatically
02-28 09:09:37.845 13511 13544 D NavServiceProvider: Detecting stop. distance_d=2122.3242. stop_type=1 speed=0.0
02-28 09:09:37.845 13511 13544 D NavigationTest: 109: (28.044141, -82.416433, 0.000000)	R:false  F:false
02-28 09:09:37.845 13511 13544 D NavServiceProvider: Second to last stop coordinates: 28.02499, -82.4165
02-28 09:09:37.846 13511 13544 D NavServiceProvider: Setting units automatically
02-28 09:09:37.848 13511 13544 D NavServiceProvider: Detecting stop. distance_d=2122.2122. stop_type=1 speed=0.02
02-28 09:09:37.848 13511 13544 D NavigationTest: 110: (28.044140, -82.416437, 0.020000)	R:false  F:false
02-28 09:09:37.848 13511 13544 D NavServiceProvider: Second to last stop coordinates: 28.02499, -82.4165
02-28 09:09:37.849 13511 13544 D NavServiceProvider: Setting units automatically
02-28 09:09:37.851   871   871 D audio_hw_primary: adev_get_parameters:vr_audio_mode_on
02-28 09:09:37.851   871   871 I audio_hw_primary: getting vr mode to 0
02-28 09:09:37.851   871   871 D audio_hw_primary: adev_get_parameters: exit: returns - vr_audio_mode_on=false
02-28 09:09:37.851 13511 13544 D NavServiceProvider: Detecting stop. distance_d=2121.8784. stop_type=1 speed=0.0
02-28 09:09:37.851   959  2593 I hash_map_utils: key: 'vr_audio_mode_on' value: ''
02-28 09:09:37.851 13511 13544 D NavigationTest: 111: (28.044137, -82.416442, 0.000000)	R:false  F:false
02-28 09:09:37.851 13511 13544 D NavServiceProvider: Second to last stop coordinates: 28.02499, -82.4165
02-28 09:09:37.852   959  2593 I AudioPolicyManagerCustom: VR mode is 0, switch to primary output if request is for fast|raw
02-28 09:09:37.852   959  2593 I AudioPolicyManagerCustom: setting force DEEP buffer now
02-28 09:09:37.852 13511 13544 D NavServiceProvider: Setting units automatically
02-28 09:09:37.853   959  2593 D AudioFlinger: Client defaulted notificationFrames to 2048 for frameCount 4096
02-28 09:09:37.854 13511 13544 D NavServiceProvider: Detecting stop. distance_d=2121.9893. stop_type=1 speed=0.0
02-28 09:09:37.854 13511 13544 D NavigationTest: 112: (28.044138, -82.416442, 0.000000)	R:false  F:false
02-28 09:09:37.854 13511 13544 D NavServiceProvider: Second to last stop coordinates: 28.02499, -82.4165
02-28 09:09:37.854   959  2593 D AF::TrackHandle: OpPlayAudio: track:193 usage:1 not muted
02-28 09:09:37.854 13511 13544 D NavServiceProvider: Setting units automatically
02-28 09:09:37.856 13511 13544 D NavServiceProvider: Detecting stop. distance_d=2123.2092. stop_type=1 speed=0.616604
02-28 09:09:37.856 13511 13544 D NavigationTest: 113: (28.044149, -82.416438, 0.616604)	R:false  F:false
02-28 09:09:37.856 13511 13544 D NavServiceProvider: Second to last stop coordinates: 28.02499, -82.4165
02-28 09:09:37.856 13511 13544 D NavServiceProvider: Setting units automatically
02-28 09:09:37.857 13511 13544 D NavServiceProvider: Detecting stop. distance_d=2124.4255. stop_type=1 speed=0.01
02-28 09:09:37.857 13511 13544 D NavigationTest: 114: (28.044160, -82.416449, 0.010000)	R:false  F:false
02-28 09:09:37.858 13511 13544 D NavServiceProvider: Second to last stop coordinates: 28.02499, -82.4165
02-28 09:09:37.858 13511 13544 D NavServiceProvider: Setting units automatically
02-28 09:09:37.858  2666  3413 D Avrcp_ext: AudioManager Player: ID:23 -- type:android.media.SoundPool -- u/pid:10126/2688 -- state:idle -- attr:AudioAttributes: usage=USAGE_ASSISTANCE_SONIFICATION content=CONTENT_TYPE_SONIFICATION flags=0x800 tags= bundle=null
02-28 09:09:37.858  2666  3413 D Avrcp_ext: AudioManager Player: ID:15 -- type:android.media.SoundPool -- u/pid:1000/1493 -- state:idle -- attr:AudioAttributes: usage=USAGE_ASSISTANCE_SONIFICATION content=CONTENT_TYPE_SONIFICATION flags=0x800 tags= bundle=null
02-28 09:09:37.858  2666  3413 D Avrcp_ext: AudioManager Player: ID:1135 -- type:android.media.AudioTrack -- u/pid:10088/13579 -- state:started -- attr:AudioAttributes: usage=USAGE_MEDIA content=CONTENT_TYPE_SPEECH flags=0x800 tags= bundle=null
02-28 09:09:37.859  2666  3413 D Avrcp_ext: AudioManager isPlaying: true
02-28 09:09:37.859  2666  3413 V Avrcp_ext: updateCurrentMediaState: mMediaController: null
02-28 09:09:37.859  2666  3413 V Avrcp_ext: isMusicActive: false getBluetoothPlayState: 2
02-28 09:09:37.859  2666  3413 V Avrcp_ext: updateCurrentMediaState: isPlaying = false
02-28 09:09:37.859  2666  3413 V Avrcp_ext: Media update: id -1➡-1? [MediaAttributes: none] : [MediaAttributes: none]
02-28 09:09:37.859  2666  3413 V Avrcp_ext: newPlayStatus:2mReportedPlayStatus:-1
02-28 09:09:37.859  2666  3413 V Avrcp_ext: updatePlaybackState, state: PlaybackState {state=2, position=-1, buffered position=0, speed=0.0, updated=1781189, actions=0, custom actions=[], active item id=-1, error=null} device: null
02-28 09:09:37.859  2666  3413 V Avrcp_ext: Device: no name:
02-28 09:09:37.859  2666  3413 I chatty  : uid=1002(bluetooth) BluetoothAvrcpH identical 3 lines
02-28 09:09:37.859  2666  3413 V Avrcp_ext: Device: no name:
02-28 09:09:37.859  2666  3413 V Avrcp_ext: updatePlayerStateAndPosition, old=PlaybackState {state=2, position=-1, buffered position=0, speed=0.0, updated=1780955, actions=0, custom actions=[], active item id=-1, error=null}, state=PlaybackState {state=2, position=-1, buffered position=0, speed=0.0, updated=1781189, actions=0, custom actions=[], active item id=-1, error=null}
02-28 09:09:37.859  2666  3413 V Avrcp_ext: old state = PlaybackState {state=2, position=-1, buffered position=0, speed=0.0, updated=1780955, actions=0, custom actions=[], active item id=-1, error=null}, new state= PlaybackState {state=2, position=-1, buffered position=0, speed=0.0, updated=1781189, actions=0, custom actions=[], active item id=-1, error=null}
02-28 09:09:37.859  2666  3413 D HeadsetService: getHeadsetService(): returning com.android.bluetooth.hfp.HeadsetService@8a04d28
