02-28 09:09:36.259  2666  3413 D Avrcp_ext: sendPlayPosNotificationRsp: Not registered or requesting.
02-28 09:09:36.259  2666  3413 D Avrcp_ext: Enter sendPlayPosNotificationRsp
02-28 09:09:36.259 13511 13544 D NavServiceProvider: Second to last stop coordinates: 28.035864, -82.491983
02-28 09:09:36.259  2666  3413 D Avrcp_ext: sendPlayPosNotificationRsp: Not registered or requesting.
02-28 09:09:36.259  2666  3413 D Avrcp_ext: Enter sendPlayPosNotificationRsp
02-28 09:09:36.259  2666  3413 D Avrcp_ext: sendPlayPosNotificationRsp: Not registered or requesting.
02-28 09:09:36.259  2666  3413 D Avrcp_ext: Enter sendPlayPosNotificationRsp
02-28 09:09:36.259  2666  3413 D Avrcp_ext: sendPlayPosNotificationRsp: Not registered or requesting.
02-28 09:09:36.259  2666  3413 D Avrcp_ext: Enter sendPlayPosNotificationRsp
02-28 09:09:36.259  2666  3413 D Avrcp_ext: sendPlayPosNotificationRsp: Not registered or requesting.
02-28 09:09:36.259  2666  3413 V Avrcp_ext: Exit updatePlayerStateAndPosition
02-28 09:09:36.260 13511 13544 D NavServiceProvider: Setting units automatically
02-28 09:09:36.261 13511 13544 D NavServiceProvider: Detecting stop. distance_d=815.02856. stop_type=1 speed=0.373363
02-28 09:09:36.262 13511 13544 D NavigationTest: 100: (28.036239, -82.500261, 0.373363)	R:false  F:false
02-28 09:09:36.262 13511 13544 D NavServiceProvider: Second to last stop coordinates: 28.035864, -82.491983
02-28 09:09:36.262 13511 13544 D NavServiceProvider: Setting units automatically
02-28 09:09:36.263   871   911 V EffectDiracSound: DiracSound_command() start, cmdCode=20
02-28 09:09:36.263   871   911 V EffectDiracSound: DiracSound_Command EFFECT_CMD_OFFLOAD
02-28 09:09:36.263   871   911 V EffectDiracSound: DiracSound_command() start, cmdCode=1
02-28 09:09:36.263   871   911 V EffectDiracSound: DiracSound_setConfig start
02-28 09:09:36.263   871   911 I EffectDiracSound: DiracSound_updateState(), enable=0, hifi=0, device=0x2, headset=5, samplingRate=48000
02-28 09:09:36.263   871   911 I EffectDiracSound: DiracSound_updateState(), mode=0, music=0, movie=0, reset=0
02-28 09:09:36.263   871   911 I EffectDiracSound: DiracSound_updateState(), Speaker Movie/Stereo Mode is not supported. Stop update state.
02-28 09:09:36.263   871   911 W EffectHAL: Effect 0xe4b38cd0 command SET_CONFIG returned status: Invalid argument
02-28 09:09:36.263   871   911 V EffectDiracSound: DiracSound_command() start, cmdCode=1
02-28 09:09:36.263   871   911 V EffectDiracSound: DiracSound_setConfig start
02-28 09:09:36.263   871   911 I EffectDiracSound: DiracSound_updateState(), enable=0, hifi=0, device=0x2, headset=5, samplingRate=48000
02-28 09:09:36.263   871   911 I EffectDiracSound: DiracSound_updateState(), mode=0, music=0, movie=0, reset=0
02-28 09:09:36.263   871   911 I EffectDiracSound: DiracSound_updateState(), Speaker Movie/Stereo Mode is not supported. Stop update state.
02-28 09:09:36.264   871   911 V EffectDiracSound: DiracSound_command() start, cmdCode=9
02-28 09:09:36.264   871   911 V EffectDiracSound: DiracSound_Command EFFECT_CMD_SET_DEVICE: 0x00000002
02-28 09:09:36.264   871   911 V EffectDiracSound: DiracSound_command() start, cmdCode=11
02-28 09:09:36.264   871   911 V EffectDiracSound: DiracSound_Command EFFECT_CMD_SET_AUDIO_MODE: 0
02-28 09:09:36.264 13511 13544 D NavServiceProvider: Detecting stop. distance_d=813.7889. stop_type=1 speed=0.0
02-28 09:09:36.264 13511 13544 D NavigationTest: 101: (28.036228, -82.500249, 0.000000)	R:false  F:false
02-28 09:09:36.264 13511 13544 D NavServiceProvider: Second to last stop coordinates: 28.035864, -82.491983
02-28 09:09:36.264 13511 13544 D NavServiceProvider: Setting units automatically
02-28 09:09:36.265 13511 13544 D NavServiceProvider: Detecting stop. distance_d=814.29645. stop_type=1 speed=0.0
02-28 09:09:36.265 13511 13544 D NavigationTest: 102: (28.036231, -82.500254, 0.000000)	R:false  F:false
02-28 09:09:36.265 13511 13544 D NavServiceProvider: Second to last stop coordinates: 28.035864, -82.491983
02-28 09:09:36.266 13511 13544 D NavServiceProvider: Setting units automatically
02-28 09:09:36.266   871  6793 D msm8974_platform: platform_split_snd_device: snd_device(2) num devices(1) new_snd_devices(0)
02-28 09:09:36.266   871  6793 D ACDB-LOADER: ACDB -> send_audvoltable
02-28 09:09:36.266   871  6793 D ACDB-LOADER: ACDB -> ACDB_CMD_GET_AUDPROC_VOL_STEP_TABLE_SIZE
02-28 09:09:36.266   871  6793 D ACDB-LOADER: ACDB -> ACDB_CMD_GET_AUDPROC_GAIN_DEP_STEP_TABLE, vol index 5
02-28 09:09:36.266   871  6793 D         : Failed to fetch the lookup information of the device 0000000F
02-28 09:09:36.267   871  6793 E ACDB-LOADER: Error: ACDB AudProc vol returned = -19
02-28 09:09:36.267   871  6793 D ACDB-LOADER: ACDB -> AUDIO_SET_VOL_CAL cal type = 40
02-28 09:09:36.267 13511 13544 D NavServiceProvider: Detecting stop. distance_d=814.39465. stop_type=1 speed=0.0
02-28 09:09:36.267 13511 13544 D NavigationTest: 103: (28.036231, -82.500255, 0.000000)	R:false  F:false
02-28 09:09:36.267 13511 13544 D NavServiceProvider: Second to last stop coordinates: 28.035864, -82.491983
02-28 09:09:36.267 13511 13544 D NavServiceProvider: Setting units automatically
02-28 09:09:36.268 13511 13544 D NavServiceProvider: Detecting stop. distance_d=814.0835. stop_type=1 speed=0.0
02-28 09:09:36.268 13511 13544 D NavigationTest: 104: (28.036228, -82.500252, 0.000000)	R:false  F:false
02-28 09:09:36.268 13511 13544 D NavServiceProvider: Second to last stop coordinates: 28.035864, -82.491983
02-28 09:09:36.269 13511 13544 D NavServiceProvider: Setting units automatically
02-28 09:09:36.270 13511 13544 D NavServiceProvider: Detecting stop. distance_d=814.6893. stop_type=1 speed=0.0
02-28 09:09:36.270 13511 13544 D NavigationTest: 105: (28.036231, -82.500258, 0.000000)	R:false  F:false
02-28 09:09:36.270 13511 13544 D NavServiceProvider: Second to last stop coordinates: 28.035864, -82.491983
02-28 09:09:36.270 13511 13544 D NavServiceProvider: Setting units automatically
02-28 09:09:36.271 13511 13544 D NavServiceProvider: Detecting stop. distance_d=814.3781. stop_type=1 speed=0.0
02-28 09:09:36.271 13511 13544 D NavigationTest: 106: (28.036228, -82.500255, 0.000000)	R:false  F:false
02-28 09:09:36.271 13511 13544 D NavigationTest: 107: (28.036228, -82.500255, 0.000000)	R:false  F:false
02-28 09:09:36.271 13511 13544 D NavServiceProvider: Second to last stop coordinates: 28.035864, -82.491983
02-28 09:09:36.271 13511 13544 D NavServiceProvider: Setting units automatically
02-28 09:09:36.272 13511 13544 D NavServiceProvider: Detecting stop. distance_d=813.2273. stop_type=1 speed=1.392839
02-28 09:09:36.273 13511 13544 D NavigationTest: 108: (28.036233, -82.500243, 1.392839)	R:false  F:false
02-28 09:09:36.273 13511 13544 D NavServiceProvider: Second to last stop coordinates: 28.035864, -82.491983
02-28 09:09:36.273 13511 13544 D NavServiceProvider: Setting units automatically
02-28 09:09:36.274 13511 13544 D NavServiceProvider: Detecting stop. distance_d=810.94086. stop_type=1 speed=0.246982
02-28 09:09:36.274 13511 13544 D NavigationTest: 109: (28.036228, -82.500220, 0.246982)	R:false  F:false
02-28 09:09:36.274 13511 13544 D NavigationTest: 110: (28.036228, -82.500220, 0.246982)	R:false  F:false
02-28 09:09:36.274 13511 13544 D NavServiceProvider: Second to last stop coordinates: 28.035864, -82.491983
02-28 09:09:36.274 13511 13544 D NavServiceProvider: Setting units automatically
02-28 09:09:36.275 13511 13544 D NavServiceProvider: Detecting stop. distance_d=811.5191. stop_type=1 speed=0.483735
02-28 09:09:36.275 13511 13544 D NavigationTest: 111: (28.036226, -82.500226, 0.483735)	R:false  F:false
02-28 09:09:36.275 13511 13544 D NavServiceProvider: Second to last stop coordinates: 28.035864, -82.491983
02-28 09:09:36.276 13511 13544 D NavServiceProvider: Setting units automatically
02-28 09:09:36.277 13511 13544 D NavServiceProvider: Detecting stop. distance_d=812.11383. stop_type=1 speed=0.0
02-28 09:09:36.277 13511 13544 D NavigationTest: 112: (28.036227, -82.500232, 0.000000)	R:false  F:false
02-28 09:09:36.277 13511 13544 D NavServiceProvider: Second to last stop coordinates: 28.035864, -82.491983
02-28 09:09:36.277 13511 13544 D NavServiceProvider: Setting units automatically
02-28 09:09:36.278 13511 13544 D NavServiceProvider: Detecting stop. distance_d=812.19025. stop_type=1 speed=0.0
02-28 09:09:36.278 13511 13544 D NavigationTest: 113: (28.036223, -82.500233, 0.000000)	R:false  F:false
02-28 09:09:36.278 13511 13544 D NavServiceProvider: Second to last stop coordinates: 28.035864, -82.491983
02-28 09:09:36.278 13511 13544 D NavServiceProvider: Setting units automatically
02-28 09:09:36.279 13511 13544 D NavServiceProvider: Detecting stop. distance_d=812.80676. stop_type=1 speed=0.0
02-28 09:09:36.279 13511 13544 D NavigationTest: 114: (28.036228, -82.500239, 0.000000)	R:false  F:false
02-28 09:09:36.279 13511 13544 D NavServiceProvider: Second to last stop coordinates: 28.035864, -82.491983
02-28 09:09:36.280 13511 13544 D NavServiceProvider: Setting units automatically
02-28 09:09:36.280 13511 13544 D NavServiceProvider: Detecting stop. distance_d=813.30884. stop_type=1 speed=0.0
02-28 09:09:36.281 13511 13544 D NavigationTest: 115: (28.036230, -82.500244, 0.000000)	R:false  F:false
02-28 09:09:36.281 13511 13544 D NavServiceProvider: Second to last stop coordinates: 28.035864, -82.491983
02-28 09:09:36.281 13511 13544 D NavServiceProvider: Setting units automatically
02-28 09:09:36.282 13511 13544 D NavServiceProvider: Detecting stop. distance_d=814.1111. stop_type=1 speed=0.0
02-28 09:09:36.282 13511 13544 D NavigationTest: 116: (28.036233, -82.500252, 0.000000)	R:false  F:false
02-28 09:09:36.282 13511 13544 D NavServiceProvider: Second to last stop coordinates: 28.035864, -82.491983
02-28 09:09:36.282 13511 13544 D NavServiceProvider: Setting units automatically
02-28 09:09:36.283 13511 13544 D NavServiceProvider: Detecting stop. distance_d=814.5263. stop_type=1 speed=0.0
02-28 09:09:36.283 13511 13544 D NavigationTest: 117: (28.036237, -82.500256, 0.000000)	R:false  F:false
02-28 09:09:36.283 13511 13544 D NavServiceProvider: Second to last stop coordinates: 28.035864, -82.491983
02-28 09:09:36.283 13511 13544 D NavServiceProvider: Setting units automatically
02-28 09:09:36.284 13511 13544 D NavServiceProvider: Detecting stop. distance_d=814.6301. stop_type=1 speed=0.0
02-28 09:09:36.284 13511 13544 D NavigationTest: 118: (28.036238, -82.500257, 0.000000)	R:false  F:false
02-28 09:09:36.284 13511 13544 D NavServiceProvider: Second to last stop coordinates: 28.035864, -82.491983
02-28 09:09:36.285 13511 13544 D NavServiceProvider: Setting units automatically
02-28 09:09:36.285 13511 13544 D NavServiceProvider: Detecting stop. distance_d=814.6245. stop_type=1 speed=0.0
02-28 09:09:36.286 13511 13544 D NavigationTest: 119: (28.036237, -82.500257, 0.000000)	R:false  F:false
02-28 09:09:36.286 13511 13544 D NavServiceProvider: Second to last stop coordinates: 28.035864, -82.491983
02-28 09:09:36.286 13511 13544 D NavServiceProvider: Setting units automatically
02-28 09:09:36.287 13511 13544 D NavServiceProvider: Detecting stop. distance_d=814.9191. stop_type=1 speed=0.0
02-28 09:09:36.287 13511 13544 D NavigationTest: 120: (28.036237, -82.500260, 0.000000)	R:false  F:false
02-28 09:09:36.287 13511 13544 D NavServiceProvider: Second to last stop coordinates: 28.035864, -82.491983
02-28 09:09:36.287 13511 13544 D NavServiceProvider: Setting units automatically
02-28 09:09:36.288 13511 13544 D NavServiceProvider: Detecting stop. distance_d=815.0117. stop_type=1 speed=0.0
02-28 09:09:36.288 13511 13544 D NavigationTest: 121: (28.036236, -82.500261, 0.000000)	R:false  F:false
02-28 09:09:36.288 13511 13544 D NavServiceProvider: Second to last stop coordinates: 28.035864, -82.491983
02-28 09:09:36.288 13511 13544 D NavServiceProvider: Setting units automatically
02-28 09:09:36.289 13511 13544 D NavServiceProvider: Detecting stop. distance_d=814.9191. stop_type=1 speed=0.0
02-28 09:09:36.290 13511 13544 D NavigationTest: 122: (28.036237, -82.500260, 0.000000)	R:false  F:false
02-28 09:09:36.290 13511 13544 D NavServiceProvider: Second to last stop coordinates: 28.035864, -82.491983
02-28 09:09:36.290 13511 13544 D NavServiceProvider: Setting units automatically
02-28 09:09:36.291 13511 13544 D NavServiceProvider: Detecting stop. distance_d=814.9135. stop_type=1 speed=0.0
02-28 09:09:36.291 13511 13544 D NavigationTest: 123: (28.036236, -82.500260, 0.000000)	R:false  F:false
02-28 09:09:36.291 13511 13544 D NavServiceProvider: Second to last stop coordinates: 28.035864, -82.491983
02-28 09:09:36.291 13511 13544 D NavServiceProvider: Setting units automatically
02-28 09:09:36.292 13511 13544 D NavServiceProvider: Detecting stop. distance_d=814.9191. stop_type=1 speed=0.0
02-28 09:09:36.292 13511 13544 D NavigationTest: 124: (28.036237, -82.500260, 0.000000)	R:false  F:false
02-28 09:09:36.292 13511 13544 D NavServiceProvider: Second to last stop coordinates: 28.035864, -82.491983
02-28 09:09:36.292 13511 13544 D NavServiceProvider: Setting units automatically
02-28 09:09:36.293 13511 13544 D NavServiceProvider: Detecting stop. distance_d=814.7171. stop_type=1 speed=1.026255
02-28 09:09:36.293 13511 13544 D NavigationTest: 125: (28.036236, -82.500258, 1.026255)	R:false  F:false
02-28 09:09:36.293 13511 13544 D NavServiceProvider: Second to last stop coordinates: 28.035864, -82.491983
02-28 09:09:36.294 13511 13544 D NavServiceProvider: Setting units automatically
02-28 09:09:36.295 13511 13544 D NavServiceProvider: Detecting stop. distance_d=814.4873. stop_type=1 speed=0.483011
02-28 09:09:36.295 13511 13544 D NavigationTest: 126: (28.036230, -82.500256, 0.483011)	R:false  F:false
02-28 09:09:36.295 13511 13544 D NavServiceProvider: Second to last stop coordinates: 28.035864, -82.491983
02-28 09:09:36.295 13511 13544 D NavServiceProvider: Setting units automatically
02-28 09:09:36.296 13511 13544 D NavServiceProvider: Detecting stop. distance_d=814.1055. stop_type=1 speed=0.478017
02-28 09:09:36.296 13511 13544 D NavigationTest: 127: (28.036232, -82.500252, 0.478017)	R:false  F:false
02-28 09:09:36.296 13511 13544 D NavServiceProvider: Second to last stop coordinates: 28.035864, -82.491983
02-28 09:09:36.296 13511 13544 D NavServiceProvider: Setting units automatically
02-28 09:09:36.297 13511 13544 D NavServiceProvider: Detecting stop. distance_d=813.7127. stop_type=1 speed=0.416293
02-28 09:09:36.297 13511 13544 D NavigationTest: 128: (28.036232, -82.500248, 0.416293)	R:false  F:false
02-28 09:09:36.297 13511 13544 D NavServiceProvider: Second to last stop coordinates: 28.035864, -82.491983
02-28 09:09:36.298 13511 13544 D NavServiceProvider: Setting units automatically
02-28 09:09:36.298 13511 13544 D NavServiceProvider: Detecting stop. distance_d=812.69214. stop_type=1 speed=0.228035
02-28 09:09:36.299 13511 13544 D NavigationTest: 129: (28.036225, -82.500238, 0.228035)	R:false  F:false
02-28 09:09:36.299 13511 13544 D NavServiceProvider: Second to last stop coordinates: 28.035864, -82.491983
02-28 09:09:36.299 13511 13544 D NavServiceProvider: Setting units automatically
02-28 09:09:36.300 13511 13544 D NavServiceProvider: Detecting stop. distance_d=811.4973. stop_type=1 speed=0.735527
02-28 09:09:36.300 13511 13544 D NavigationTest: 130: (28.036222, -82.500226, 0.735527)	R:false  F:false
02-28 09:09:36.300 13511 13544 D NavigationTest: 131: (28.036222, -82.500226, 0.735527)	R:false  F:false
02-28 09:09:36.300 13511 13544 D NavServiceProvider: Second to last stop coordinates: 28.035864, -82.491983
02-28 09:09:36.300 13511 13544 D NavServiceProvider: Setting units automatically
02-28 09:09:36.301 13511 13544 D NavServiceProvider: Detecting stop. distance_d=810.9794. stop_type=1 speed=0.721734
02-28 09:09:36.301 13511 13544 D NavigationTest: 132: (28.036217, -82.500221, 0.721734)	R:false  F:false
02-28 09:09:36.301 13511 13544 D NavServiceProvider: Second to last stop coordinates: 28.035864, -82.491983
02-28 09:09:36.302 13511 13544 D NavServiceProvider: Setting units automatically
02-28 09:09:36.302 13511 13544 D NavServiceProvider: Detecting stop. distance_d=809.58813. stop_type=1 speed=1.130177
02-28 09:09:36.302 13511 13544 D NavigationTest: 133: (28.036232, -82.500206, 1.130177)	R:false  F:false
02-28 09:09:36.303 13511 13544 D NavServiceProvider: Second to last stop coordinates: 28.035864, -82.491983
02-28 09:09:36.303 13511 13544 D NavServiceProvider: Setting units automatically
02-28 09:09:36.304 13511 13544 D NavServiceProvider: Detecting stop. distance_d=809.0045. stop_type=1 speed=1.49
02-28 09:09:36.304 13511 13544 D NavigationTest: 134: (28.036233, -82.500200, 1.490000)	R:false  F:false
02-28 09:09:36.304 13511 13544 D NavServiceProvider: Second to last stop coordinates: 28.035864, -82.491983
02-28 09:09:36.304 13511 13544 D NavServiceProvider: Setting units automatically
02-28 09:09:36.305 13511 13544 D NavServiceProvider: Detecting stop. distance_d=806.76276. stop_type=1 speed=1.911675
02-28 09:09:36.305 13511 13544 D NavigationTest: 135: (28.036236, -82.500177, 1.911675)	R:false  F:false
02-28 09:09:36.305 13511 13544 D NavServiceProvider: Second to last stop coordinates: 28.035864, -82.491983
02-28 09:09:36.305 13511 13544 D NavServiceProvider: Setting units automatically
02-28 09:09:36.306 13511 13544 D NavServiceProvider: Detecting stop. distance_d=804.7818. stop_type=1 speed=1.910419
02-28 09:09:36.306 13511 13544 D NavigationTest: 136: (28.036233, -82.500157, 1.910419)	R:false  F:false
02-28 09:09:36.306 13511 13544 D NavServiceProvider: Second to last stop coordinates: 28.035864, -82.491983
02-28 09:09:36.307 13511 13544 D NavServiceProvider: Setting units automatically
02-28 09:09:36.307 13511 13544 D NavServiceProvider: Detecting stop. distance_d=802.7139. stop_type=1 speed=2.009602
02-28 09:09:36.308 13511 13544 D NavigationTest: 137: (28.036232, -82.500136, 2.009602)	R:false  F:false
02-28 09:09:36.308 13511 13544 D NavServiceProvider: Second to last stop coordinates: 28.035864, -82.491983
02-28 09:09:36.308 13511 13544 D NavServiceProvider: Setting units automatically
02-28 09:09:36.309 13511 13544 D NavServiceProvider: Detecting stop. distance_d=799.1843. stop_type=1 speed=2.735855
02-28 09:09:36.309 13511 13544 D NavigationTest: 138: (28.036233, -82.500100, 2.735855)	R:false  F:false
02-28 09:09:36.309 13511 13544 D NavServiceProvider: Second to last stop coordinates: 28.035864, -82.491983
02-28 09:09:36.309 13511 13544 D NavServiceProvider: Setting units automatically
02-28 09:09:36.310 13511 13544 D NavServiceProvider: Detecting stop. distance_d=794.66144. stop_type=1 speed=3.781071
02-28 09:09:36.310 13511 13544 D NavigationTest: 139: (28.036232, -82.500054, 3.781071)	R:false  F:false
02-28 09:09:36.310 13511 13544 D NavServiceProvider: Second to last stop coordinates: 28.035864, -82.491983
02-28 09:09:36.310 13511 13544 D NavServiceProvider: Setting units automatically
02-28 09:09:36.311 13511 13544 D NavServiceProvider: Detecting stop. distance_d=790.1635. stop_type=1 speed=5.60729
02-28 09:09:36.311 13511 13544 D NavigationTest: 140: (28.036252, -82.500007, 5.607290)	R:false  F:false
02-28 09:09:36.311 13511 13544 D NavServiceProvider: Second to last stop coordinates: 28.035864, -82.491983
02-28 09:09:36.312 13511 13544 D NavServiceProvider: Setting units automatically
02-28 09:09:36.313 13511 13544 D NavServiceProvider: Detecting stop. distance_d=784.2245. stop_type=1 speed=6.106423
02-28 09:09:36.313 13511 13544 D NavigationTest: 141: (28.036244, -82.499947, 6.106423)	R:false  F:false
02-28 09:09:36.313 13511 13544 D NavServiceProvider: Second to last stop coordinates: 28.035864, -82.491983
02-28 09:09:36.313 13511 13544 D NavServiceProvider: Setting units automatically
02-28 09:09:36.314 13511 13544 D NavServiceProvider: Detecting stop. distance_d=775.733. stop_type=1 speed=8.042015
02-28 09:09:36.314 13511 13544 D NavigationTest: 142: (28.036236, -82.499861, 8.042015)	R:false  F:false
02-28 09:09:36.314 13511 13544 D NavServiceProvider: Second to last stop coordinates: 28.035864, -82.491983
02-28 09:09:36.314 13511 13544 D NavServiceProvider: Setting units automatically
02-28 09:09:36.315 13511 13544 D NavServiceProvider: Detecting stop. distance_d=765.272. stop_type=1 speed=8.810051
02-28 09:09:36.315 13511 13544 D NavigationTest: 143: (28.036227, -82.499755, 8.810051)	R:false  F:false
02-28 09:09:36.315 13511 13544 D NavServiceProvider: Second to last stop coordinates: 28.035864, -82.491983
02-28 09:09:36.315 13511 13544 D NavServiceProvider: Setting units automatically
02-28 09:09:36.316 13511 13544 D NavServiceProvider: Detecting stop. distance_d=756.50946. stop_type=1 speed=8.810006
02-28 09:09:36.316 13511 13544 D NavigationTest: 144: (28.036223, -82.499666, 8.810006)	R:false  F:false
02-28 09:09:36.316 13511 13544 D NavServiceProvider: Second to last stop coordinates: 28.035864, -82.491983
02-28 09:09:36.317 13511 13544 D NavServiceProvider: Setting units automatically
02-28 09:09:36.318 13511 13544 D NavServiceProvider: Detecting stop. distance_d=745.1823. stop_type=1 speed=9.903958
02-28 09:09:36.318 13511 13544 D NavigationTest: 145: (28.036217, -82.499551, 9.903958)	R:false  F:false
02-28 09:09:36.318 13511 13544 D NavServiceProvider: Second to last stop coordinates: 28.035864, -82.491983
02-28 09:09:36.318 13511 13544 D NavServiceProvider: Setting units automatically
02-28 09:09:36.319 13511 13544 D NavServiceProvider: Detecting stop. distance_d=734.13245. stop_type=1 speed=11.140364
02-28 09:09:36.319 13511 13544 D NavigationTest: 146: (28.036208, -82.499439, 11.140364)	R:false  F:false
02-28 09:09:36.319 13511 13544 D NavServiceProvider: Second to last stop coordinates: 28.035864, -82.491983
02-28 09:09:36.319 13511 13544 D NavServiceProvider: Setting units automatically
02-28 09:09:36.320 13511 13544 D NavServiceProvider: Detecting stop. distance_d=722.9903. stop_type=1 speed=11.140113
02-28 09:09:36.320 13511 13544 D NavigationTest: 147: (28.036200, -82.499326, 11.140113)	R:false  F:false
02-28 09:09:36.320 13511 13544 D NavServiceProvider: Second to last stop coordinates: 28.035864, -82.491983
02-28 09:09:36.321 13511 13544 D NavServiceProvider: Setting units automatically
02-28 09:09:36.322 13511 13544 D NavServiceProvider: Detecting stop. distance_d=710.0168. stop_type=1 speed=12.161188
02-28 09:09:36.322 13511 13544 D NavigationTest: 148: (28.036198, -82.499194, 12.161188)	R:false  F:false
02-28 09:09:36.322 13511 13544 D NavServiceProvider: Second to last stop coordinates: 28.035864, -82.491983
02-28 09:09:36.322 13511 13544 D NavServiceProvider: Setting units automatically
02-28 09:09:36.323 13511 13544 D NavServiceProvider: Detecting stop. distance_d=694.907. stop_type=1 speed=12.526712
02-28 09:09:36.323 13511 13544 D NavigationTest: 149: (28.036200, -82.499040, 12.526712)	R:false  F:false
02-28 09:09:36.323 13511 13544 D NavServiceProvider: Second to last stop coordinates: 28.035864, -82.491983
02-28 09:09:36.323 13511 13544 D NavServiceProvider: Setting units automatically
02-28 09:09:36.324 13511 13544 D NavServiceProvider: Detecting stop. distance_d=681.2352. stop_type=1 speed=13.070861
02-28 09:09:36.324 13511 13544 D NavigationTest: 150: (28.036196, -82.498901, 13.070861)	R:false  F:false
02-28 09:09:36.324 13511 13544 D NavServiceProvider: Second to last stop coordinates: 28.035864, -82.491983
02-28 09:09:36.324 13511 13544 D NavServiceProvider: Setting units automatically
02-28 09:09:36.325 13511 13544 D NavServiceProvider: Detecting stop. distance_d=667.73596. stop_type=1 speed=13.460093
02-28 09:09:36.325 13511 13544 D NavigationTest: 151: (28.036188, -82.498764, 13.460093)	R:false  F:false
02-28 09:09:36.325 13511 13544 D NavServiceProvider: Second to last stop coordinates: 28.035864, -82.491983
02-28 09:09:36.326 13511 13544 D NavServiceProvider: Setting units automatically
02-28 09:09:36.327 13511 13544 D NavServiceProvider: Detecting stop. distance_d=654.3408. stop_type=1 speed=13.7
02-28 09:09:36.327 13511 13544 D NavigationTest: 152: (28.036181, -82.498628, 13.700000)	R:false  F:false
02-28 09:09:36.327 13511 13544 D NavigationTest: 153: (28.036181, -82.498628, 13.700000)	R:false  F:false
02-28 09:09:36.327 13511 13544 D NavServiceProvider: Second to last stop coordinates: 28.035864, -82.491983
02-28 09:09:36.327 13511 13544 D NavServiceProvider: Setting units automatically
02-28 09:09:36.328 13511 13544 D NavServiceProvider: Detecting stop. distance_d=639.8538. stop_type=1 speed=14.242022
02-28 09:09:36.328 13511 13544 D NavigationTest: 154: (28.036172, -82.498481, 14.242022)	R:false  F:false
02-28 09:09:36.328 13511 13544 D NavServiceProvider: Second to last stop coordinates: 28.035864, -82.491983
02-28 09:09:36.328 13511 13544 D NavServiceProvider: Setting units automatically
02-28 09:09:36.329 13511 13544 D NavServiceProvider: Detecting stop. distance_d=624.605. stop_type=1 speed=14.630123
02-28 09:09:36.329 13511 13544 D NavigationTest: 155: (28.036167, -82.498326, 14.630123)	R:false  F:false
02-28 09:09:36.329 13511 13544 D NavServiceProvider: Second to last stop coordinates: 28.035864, -82.491983
02-28 09:09:36.330 13511 13544 D NavServiceProvider: Setting units automatically
02-28 09:09:36.331 13511 13544 D NavServiceProvider: Detecting stop. distance_d=608.8356. stop_type=1 speed=14.930214
02-28 09:09:36.331 13511 13544 D NavigationTest: 156: (28.036157, -82.498166, 14.930214)	R:false  F:false
02-28 09:09:36.331 13511 13544 D NavServiceProvider: Second to last stop coordinates: 28.035864, -82.491983
02-28 09:09:36.331 13511 13544 D NavServiceProvider: Setting units automatically
02-28 09:09:36.332 13511 13544 D NavServiceProvider: Detecting stop. distance_d=593.9736. stop_type=1 speed=14.920053
02-28 09:09:36.332 13511 13544 D NavigationTest: 157: (28.036151, -82.498015, 14.920053)	R:false  F:false
02-28 09:09:36.332 13511 13544 D NavServiceProvider: Second to last stop coordinates: 28.035864, -82.491983
02-28 09:09:36.332 13511 13544 D NavServiceProvider: Setting units automatically
02-28 09:09:36.333 13511 13544 D NavServiceProvider: Detecting stop. distance_d=580.829. stop_type=1 speed=15.580004
02-28 09:09:36.333 13511 13544 D NavigationTest: 158: (28.036153, -82.497881, 15.580004)	R:false  F:false
02-28 09:09:36.333 13511 13544 D NavServiceProvider: Second to last stop coordinates: 28.035864, -82.491983
02-28 09:09:36.333 13511 13544 D NavServiceProvider: Setting units automatically
02-28 09:09:36.334 13511 13544 D NavServiceProvider: Detecting stop. distance_d=564.4275. stop_type=1 speed=15.757385
02-28 09:09:36.334 13511 13544 D NavigationTest: 159: (28.036152, -82.497714, 15.757385)	R:false  F:false
02-28 09:09:36.334 13511 13544 D NavServiceProvider: Second to last stop coordinates: 28.035864, -82.491983
02-28 09:09:36.335 13511 13544 D NavServiceProvider: Setting units automatically
02-28 09:09:36.336 13511 13544 D NavServiceProvider: Detecting stop. distance_d=546.5676. stop_type=1 speed=16.06061
02-28 09:09:36.336 13511 13544 D NavigationTest: 160: (28.036153, -82.497532, 16.060610)	R:false  F:false
02-28 09:09:36.336 13511 13544 D NavServiceProvider: Second to last stop coordinates: 28.035864, -82.491983
02-28 09:09:36.336 13511 13544 D NavServiceProvider: Setting units automatically
02-28 09:09:36.337 13511 13544 D NavServiceProvider: Detecting stop. distance_d=530.81885. stop_type=1 speed=16.74019
02-28 09:09:36.337 13511 13544 D NavigationTest: 161: (28.036161, -82.497371, 16.740191)	R:false  F:false
02-28 09:09:36.337 13511 13544 D NavServiceProvider: Second to last stop coordinates: 28.035864, -82.491983
02-28 09:09:36.337 13511 13544 D NavServiceProvider: Setting units automatically
02-28 09:09:36.338 13511 13544 D NavServiceProvider: Detecting stop. distance_d=513.6033. stop_type=1 speed=16.823435
02-28 09:09:36.338 13511 13544 D NavigationTest: 162: (28.036155, -82.497196, 16.823435)	R:false  F:false
02-28 09:09:36.338 13511 13544 D NavServiceProvider: Second to last stop coordinates: 28.035864, -82.491983
02-28 09:09:36.339 13511 13544 D NavServiceProvider: Setting units automatically
02-28 09:09:36.340 13511 13544 D NavServiceProvider: Detecting stop. distance_d=495.97452. stop_type=1 speed=17.190351
02-28 09:09:36.340 13511 13544 D NavigationTest: 163: (28.036146, -82.497017, 17.190351)	R:false  F:false
02-28 09:09:36.340 13511 13544 D NavServiceProvider: Second to last stop coordinates: 28.035864, -82.491983
02-28 09:09:36.340 13511 13544 D NavServiceProvider: Setting units automatically
02-28 09:09:36.341 13511 13544 D NavServiceProvider: Detecting stop. distance_d=478.82944. stop_type=1 speed=17.190105
02-28 09:09:36.341 13511 13544 D NavigationTest: 164: (28.036136, -82.496843, 17.190105)	R:false  F:false
02-28 09:09:36.341 13511 13544 D NavServiceProvider: Second to last stop coordinates: 28.035864, -82.491983
02-28 09:09:36.341 13511 13544 D NavServiceProvider: Setting units automatically
02-28 09:09:36.342 13511 13544 D NavServiceProvider: Detecting stop. distance_d=460.17773. stop_type=1 speed=17.690636
02-28 09:09:36.342 13511 13544 D NavigationTest: 165: (28.036121, -82.496654, 17.690636)	R:false  F:false
02-28 09:09:36.342 13511 13544 D NavServiceProvider: Second to last stop coordinates: 28.035864, -82.491983
02-28 09:09:36.343 13511 13544 D NavServiceProvider: Setting units automatically
02-28 09:09:36.343 13511 13544 D NavServiceProvider: Detecting stop. distance_d=443.3547. stop_type=1 speed=16.890026
02-28 09:09:36.344 13511 13544 D NavigationTest: 166: (28.036115, -82.496483, 16.890026)	R:false  F:false
02-28 09:09:36.344 13511 13544 D NavServiceProvider: Second to last stop coordinates: 28.035864, -82.491983
02-28 09:09:36.344 13511 13544 D NavServiceProvider: Setting units automatically
02-28 09:09:36.345 13511 13544 D NavServiceProvider: Detecting stop. distance_d=426.44803. stop_type=1 speed=16.89001
02-28 09:09:36.345 13511 13544 D NavigationTest: 167: (28.036111, -82.496311, 16.890011)	R:false  F:false
02-28 09:09:36.345 13511 13544 D NavServiceProvider: Second to last stop coordinates: 28.035864, -82.491983
02-28 09:09:36.345 13511 13544 D NavServiceProvider: Setting units automatically
02-28 09:09:36.346 13511 13544 D NavServiceProvider: Detecting stop. distance_d=408.8752. stop_type=1 speed=17.89
02-28 09:09:36.346 13511 13544 D NavigationTest: 168: (28.036096, -82.496133, 17.889999)	R:false  F:false
02-28 09:09:36.346 13511 13544 D NavServiceProvider: Second to last stop coordinates: 28.035864, -82.491983
02-28 09:09:36.346 13511 13544 D NavServiceProvider: Setting units automatically
02-28 09:09:36.347 13511 13544 D NavServiceProvider: Detecting stop. distance_d=391.9687. stop_type=1 speed=17.572075
02-28 09:09:36.347 13511 13544 D NavigationTest: 169: (28.036092, -82.495961, 17.572075)	R:false  F:false
02-28 09:09:36.347 13511 13544 D NavServiceProvider: Second to last stop coordinates: 28.035864, -82.491983
02-28 09:09:36.348 13511 13544 D NavServiceProvider: Setting units automatically
02-28 09:09:36.348 13511 13544 D NavServiceProvider: Detecting stop. distance_d=374.44547. stop_type=1 speed=17.57048
02-28 09:09:36.349 13511 13544 D NavigationTest: 170: (28.036084, -82.495783, 17.570480)	R:false  F:false
02-28 09:09:36.349 13511 13544 D NavServiceProvider: Second to last stop coordinates: 28.035864, -82.491983
02-28 09:09:36.349 13511 13544 D NavServiceProvider: Setting units automatically
02-28 09:09:36.350 13511 13544 D NavServiceProvider: Detecting stop. distance_d=355.35254. stop_type=1 speed=17.700283
02-28 09:09:36.350 13511 13544 D NavigationTest: 171: (28.036076, -82.495589, 17.700283)	R:false  F:false
02-28 09:09:36.350 13511 13544 D NavServiceProvider: Second to last stop coordinates: 28.035864, -82.491983
02-28 09:09:36.350 13511 13544 D NavServiceProvider: Setting units automatically
02-28 09:09:36.351 13511 13544 D NavServiceProvider: Detecting stop. distance_d=336.91705. stop_type=1 speed=17.9801
02-28 09:09:36.351 13511 13544 D NavigationTest: 172: (28.036077, -82.495401, 17.980101)	R:false  F:false
02-28 09:09:36.351 13511 13544 D NavServiceProvider: Second to last stop coordinates: 28.035864, -82.491983
02-28 09:09:36.352 13511 13544 D NavServiceProvider: Setting units automatically
02-28 09:09:36.352 13511 13544 D NavServiceProvider: Detecting stop. distance_d=318.9532. stop_type=1 speed=17.970024
02-28 09:09:36.353 13511 13544 D NavigationTest: 173: (28.036075, -82.495218, 17.970024)	R:false  F:false
02-28 09:09:36.353 13511 13544 D NavigationTest: 174: (28.036075, -82.495218, 17.970024)	R:false  F:false
02-28 09:09:36.353 13511 13544 D NavServiceProvider: Second to last stop coordinates: 28.035864, -82.491983
02-28 09:09:36.353 13511 13544 D NavServiceProvider: Setting units automatically
02-28 09:09:36.354 13511 13544 D NavServiceProvider: Detecting stop. distance_d=301.99255. stop_type=1 speed=17.450003
02-28 09:09:36.354 13511 13544 D NavigationTest: 175: (28.036051, -82.495047, 17.450003)	R:false  F:false
02-28 09:09:36.354 13511 13544 D NavServiceProvider: Second to last stop coordinates: 28.035864, -82.491983
02-28 09:09:36.354 13511 13544 D NavServiceProvider: Setting units automatically
02-28 09:09:36.355 13511 13544 D NavServiceProvider: Detecting stop. distance_d=284.36475. stop_type=1 speed=17.030224
02-28 09:09:36.355 13511 13544 D NavigationTest: 176: (28.036042, -82.494868, 17.030224)	R:false  F:false
02-28 09:09:36.355 13511 13544 D NavServiceProvider: Second to last stop coordinates: 28.035864, -82.491983
02-28 09:09:36.355 13511 13544 D NavServiceProvider: Setting units automatically
02-28 09:09:36.356 13511 13544 D NavServiceProvider: Detecting stop. distance_d=267.6513. stop_type=1 speed=16.570011
02-28 09:09:36.356 13511 13544 D NavigationTest: 177: (28.036037, -82.494698, 16.570011)	R:false  F:false
02-28 09:09:36.356 13511 13544 D NavServiceProvider: Second to last stop coordinates: 28.035864, -82.491983
02-28 09:09:36.357 13511 13544 D NavServiceProvider: Setting units automatically
02-28 09:09:36.358 13511 13544 D NavServiceProvider: Detecting stop. distance_d=252.2557. stop_type=1 speed=15.126995
02-28 09:09:36.358 13511 13544 D NavigationTest: 178: (28.036037, -82.494541, 15.126995)	R:false  F:false
02-28 09:09:36.358 13511 13544 D NavServiceProvider: Second to last stop coordinates: 28.035864, -82.491983
02-28 09:09:36.358 13511 13544 D NavServiceProvider: Setting units automatically
02-28 09:09:36.359 13511 13544 D NavServiceProvider: Detecting stop. distance_d=237.81909. stop_type=1 speed=14.681962
02-28 09:09:36.359 13511 13544 D NavigationTest: 179: (28.036034, -82.494394, 14.681962)	R:false  F:false
02-28 09:09:36.359 13511 13544 D NavServiceProvider: Second to last stop coordinates: 28.035864, -82.491983
02-28 09:09:36.359 13511 13544 D NavServiceProvider: Setting units automatically
02-28 09:09:36.360 13511 13544 D NavServiceProvider: Detecting stop. distance_d=225.70502. stop_type=1 speed=13.241363
02-28 09:09:36.361 13511 13544 D NavigationTest: 180: (28.036016, -82.494272, 13.241363)	R:false  F:false
02-28 09:09:36.361 13511 13544 D NavServiceProvider: Second to last stop coordinates: 28.035864, -82.491983
02-28 09:09:36.361 13511 13544 D NavServiceProvider: Setting units automatically
02-28 09:09:36.362 13511 13544 D NavServiceProvider: Detecting stop. distance_d=212.41823. stop_type=1 speed=13.230241
02-28 09:09:36.362 13511 13544 D NavigationTest: 181: (28.036010, -82.494137, 13.230241)	R:false  F:false
02-28 09:09:36.362 13511 13544 D NavServiceProvider: Second to last stop coordinates: 28.035864, -82.491983
02-28 09:09:36.362 13511 13544 D NavServiceProvider: Setting units automatically
02-28 09:09:36.363 13511 13544 D NavServiceProvider: Detecting stop. distance_d=204.21014. stop_type=1 speed=9.54679
02-28 09:09:36.363 13511 13544 D NavigationTest: 182: (28.036013, -82.494053, 9.546790)	R:false  F:false
02-28 09:09:36.363 13511 13544 D NavServiceProvider: Second to last stop coordinates: 28.035864, -82.491983
02-28 09:09:36.363 13511 13544 D NavServiceProvider: Setting units automatically
02-28 09:09:36.365 13579 13616 D AudioTrack: stop(159): called with 4096 frames delivered
02-28 09:09:36.366 13579 13612 I EventProcessor: synthesizeMarkup call to callback.audioAvailable failed: -1
02-28 09:09:36.366  2666  3413 D Avrcp_ext: AudioManager Player: ID:23 -- type:android.media.SoundPool -- u/pid:10126/2688 -- state:idle -- attr:AudioAttributes: usage=USAGE_ASSISTANCE_SONIFICATION content=CONTENT_TYPE_SONIFICATION flags=0x800 tags= bundle=null
02-28 09:09:36.366  2666  3413 D Avrcp_ext: AudioManager Player: ID:15 -- type:android.media.SoundPool -- u/pid:1000/1493 -- state:idle -- attr:AudioAttributes: usage=USAGE_ASSISTANCE_SONIFICATION content=CONTENT_TYPE_SONIFICATION flags=0x800 tags= bundle=null
02-28 09:09:36.366  2666  3413 D Avrcp_ext: AudioManager Player: ID:1119 -- type:android.media.AudioTrack -- u/pid:10088/13579 -- state:stopped -- attr:AudioAttributes: usage=USAGE_MEDIA content=CONTENT_TYPE_SPEECH flags=0x800 tags= bundle=null
02-28 09:09:36.366  2666  3413 D Avrcp_ext: AudioManager isPlaying: false
02-28 09:09:36.366  2666  3413 V Avrcp_ext: updateCurrentMediaState: mMediaController: null
02-28 09:09:36.366  2666  3413 V Avrcp_ext: isMusicActive: true getBluetoothPlayState: 2
02-28 09:09:36.366  2666  3413 V Avrcp_ext: updateCurrentMediaState: isPlaying = false
02-28 09:09:36.367  2666  3413 V Avrcp_ext: Media update: id -1➡-1? [MediaAttributes: none] : [MediaAttributes: none]
02-28 09:09:36.367  2666  3413 V Avrcp_ext: newPlayStatus:2mReportedPlayStatus:-1
02-28 09:09:36.367  2666  3413 V Avrcp_ext: updatePlaybackState, state: PlaybackState {state=2, position=-1, buffered position=0, speed=0.0, updated=1779697, actions=0, custom actions=[], active item id=-1, error=null} device: null
02-28 09:09:36.367  2666  3413 V Avrcp_ext: Device: no name:
02-28 09:09:36.367  2666  3413 I chatty  : uid=1002(bluetooth) BluetoothAvrcpH identical 3 lines
02-28 09:09:36.367  2666  3413 V Avrcp_ext: Device: no name:
02-28 09:09:36.367  2666  3413 V Avrcp_ext: updatePlayerStateAndPosition, old=PlaybackState {state=2, position=-1, buffered position=0, speed=0.0, updated=1779587, actions=0, custom actions=[], active item id=-1, error=null}, state=PlaybackState {state=2, position=-1, buffered position=0, speed=0.0, updated=1779697, actions=0, custom actions=[], active item id=-1, error=null}
02-28 09:09:36.367  2666  3413 V Avrcp_ext: old state = PlaybackState {state=2, position=-1, buffered position=0, speed=0.0, updated=1779587, actions=0, custom actions=[], active item id=-1, error=null}, new state= PlaybackState {state=2, position=-1, buffered position=0, speed=0.0, updated=1779697, actions=0, custom actions=[], active item id=-1, error=null}
02-28 09:09:36.367  2666  3413 D HeadsetService: getHeadsetService(): returning com.android.bluetooth.hfp.HeadsetService@8a04d28
02-28 09:09:36.367  2666  3413 D HeadsetService:  isAudioOn: The number of audio connected devices 0
02-28 09:09:36.367  2666  3413 D HeadsetService: isScoOrCallActive(): Call Active:falseCall is Ringing:falseSCO is Active:false
02-28 09:09:36.367 13511 13544 D NavServiceProvider: -----Get ready!
02-28 09:09:36.367  2666  3413 D HeadsetService:  isAudioOn: The number of audio connected devices 0
02-28 09:09:36.367  2666  3413 I Avrcp_ext: updatePlayStatusForDevice: device: null
02-28 09:09:36.367  2666  3413 V Avrcp_ext: updatePlaybackState (1): old=PlaybackState {state=2, position=-1, buffered position=0, speed=0.0, updated=1779587, actions=0, custom actions=[], active item id=-1, error=null}(2), new=PlaybackState {state=2, position=-1, buffered position=0, speed=0.0, updated=1779697, actions=0, custom actions=[], active item id=-1, error=null}(2)
02-28 09:09:36.367  2666  3413 I Avrcp_ext: Exit updatePlayStatusForDevice
02-28 09:09:36.367  2666  3413 D HeadsetService:  isAudioOn: The number of audio connected devices 0
02-28 09:09:36.367  2666  3413 D HeadsetService: isScoOrCallActive(): Call Active:falseCall is Ringing:falseSCO is Active:false
02-28 09:09:36.367  2666  3413 D HeadsetService:  isAudioOn: The number of audio connected devices 0
02-28 09:09:36.367 13511 13544 D NavigationTest: 183: (28.036009, -82.493956, 9.541514)	R:true  F:false
02-28 09:09:36.367  2666  3413 I Avrcp_ext: updatePlayStatusForDevice: device: null
02-28 09:09:36.367  2666  3413 V Avrcp_ext: updatePlaybackState (1): old=PlaybackState {state=2, position=-1, buffered position=0, speed=0.0, updated=1779587, actions=0, custom actions=[], active item id=-1, error=null}(2), new=PlaybackState {state=2, position=-1, buffered position=0, speed=0.0, updated=1779697, actions=0, custom actions=[], active item id=-1, error=null}(2)
02-28 09:09:36.367 13511 13544 D NavServiceProvider: Second to last stop coordinates: 28.035864, -82.491983
02-28 09:09:36.367  2666  3413 I Avrcp_ext: Exit updatePlayStatusForDevice
02-28 09:09:36.367  2666  3413 D HeadsetService:  isAudioOn: The number of audio connected devices 0
02-28 09:09:36.367  2666  3413 D HeadsetService: isScoOrCallActive(): Call Active:falseCall is Ringing:falseSCO is Active:false
02-28 09:09:36.367  2666  3413 D HeadsetService:  isAudioOn: The number of audio connected devices 0
02-28 09:09:36.368  2666  3413 I Avrcp_ext: updatePlayStatusForDevice: device: null
02-28 09:09:36.368  2666  3413 V Avrcp_ext: updatePlaybackState (1): old=PlaybackState {state=2, position=-1, buffered position=0, speed=0.0, updated=1779587, actions=0, custom actions=[], active item id=-1, error=null}(2), new=PlaybackState {state=2, position=-1, buffered position=0, speed=0.0, updated=1779697, actions=0, custom actions=[], active item id=-1, error=null}(2)
02-28 09:09:36.368  2666  3413 I Avrcp_ext: Exit updatePlayStatusForDevice
02-28 09:09:36.368  2666  3413 D HeadsetService:  isAudioOn: The number of audio connected devices 0
02-28 09:09:36.368  2666  3413 D HeadsetService: isScoOrCallActive(): Call Active:falseCall is Ringing:falseSCO is Active:false
02-28 09:09:36.368 13511 13544 D NavServiceProvider: Setting units automatically
02-28 09:09:36.368  2666  3413 D HeadsetService:  isAudioOn: The number of audio connected devices 0
02-28 09:09:36.368  2666  3413 I Avrcp_ext: updatePlayStatusForDevice: device: null
02-28 09:09:36.368  2666  3413 V Avrcp_ext: updatePlaybackState (1): old=PlaybackState {state=2, position=-1, buffered position=0, speed=0.0, updated=1779587, actions=0, custom actions=[], active item id=-1, error=null}(2), new=PlaybackState {state=2, position=-1, buffered position=0, speed=0.0, updated=1779697, actions=0, custom actions=[], active item id=-1, error=null}(2)
02-28 09:09:36.368  2666  3413 I Avrcp_ext: Exit updatePlayStatusForDevice
02-28 09:09:36.368  2666  3413 D HeadsetService:  isAudioOn: The number of audio connected devices 0
02-28 09:09:36.368  2666  3413 D HeadsetService: isScoOrCallActive(): Call Active:falseCall is Ringing:falseSCO is Active:false
02-28 09:09:36.368  2666  3413 D HeadsetService:  isAudioOn: The number of audio connected devices 0
02-28 09:09:36.368  2666  3413 I Avrcp_ext: updatePlayStatusForDevice: device: null
02-28 09:09:36.368  2666  3413 V Avrcp_ext: updatePlaybackState (1): old=PlaybackState {state=2, position=-1, buffered position=0, speed=0.0, updated=1779587, actions=0, custom actions=[], active item id=-1, error=null}(2), new=PlaybackState {state=2, position=-1, buffered position=0, speed=0.0, updated=1779697, actions=0, custom actions=[], active item id=-1, error=null}(2)
02-28 09:09:36.368  2666  3413 I Avrcp_ext: Exit updatePlayStatusForDevice
02-28 09:09:36.368  2666  3413 D Avrcp_ext: Enter sendPlayPosNotificationRsp
02-28 09:09:36.368  2666  3413 D Avrcp_ext: sendPlayPosNotificationRsp: Not registered or requesting.
02-28 09:09:36.368  2666  3413 D Avrcp_ext: Enter sendPlayPosNotificationRsp
02-28 09:09:36.368  2666  3413 D Avrcp_ext: sendPlayPosNotificationRsp: Not registered or requesting.
02-28 09:09:36.368  2666  3413 D Avrcp_ext: Enter sendPlayPosNotificationRsp
02-28 09:09:36.368  2666  3413 D Avrcp_ext: sendPlayPosNotificationRsp: Not registered or requesting.
02-28 09:09:36.368  2666  3413 D Avrcp_ext: Enter sendPlayPosNotificationRsp
02-28 09:09:36.368  2666  3413 D Avrcp_ext: sendPlayPosNotificationRsp: Not registered or requesting.
02-28 09:09:36.368  2666  3413 D Avrcp_ext: Enter sendPlayPosNotificationRsp
02-28 09:09:36.368  2666  3413 D Avrcp_ext: sendPlayPosNotificationRsp: Not registered or requesting.
02-28 09:09:36.368  2666  3413 V Avrcp_ext: Exit updatePlayerStateAndPosition
02-28 09:09:36.368  2666  3413 D Avrcp_ext: AudioManager Player: ID:23 -- type:android.media.SoundPool -- u/pid:10126/2688 -- state:idle -- attr:AudioAttributes: usage=USAGE_ASSISTANCE_SONIFICATION content=CONTENT_TYPE_SONIFICATION flags=0x800 tags= bundle=null
02-28 09:09:36.368  2666  3413 D Avrcp_ext: AudioManager Player: ID:15 -- type:android.media.SoundPool -- u/pid:1000/1493 -- state:idle -- attr:AudioAttributes: usage=USAGE_ASSISTANCE_SONIFICATION content=CONTENT_TYPE_SONIFICATION flags=0x800 tags= bundle=null
02-28 09:09:36.368  2666  3413 D Avrcp_ext: AudioManager isPlaying: false
02-28 09:09:36.368 13579 13612 I GoogleTTSServiceImpl: Synthesis request for locale eng-USA and name en-US-language
02-28 09:09:36.369 13511 13544 D NavServiceProvider: Detecting stop. distance_d=194.66788. stop_type=1 speed=9.541514
02-28 09:09:36.369 13579 13612 I GoogleTTSServiceImpl: TTS dispatch: en-us-x-iog-seanet-embedded
02-28 09:09:36.369 13511 13544 D NavigationTest: 183: (28.036009, -82.493956, 9.541514)	R:true  F:false
02-28 09:09:36.369 13511 13544 D NavServiceProvider: Second to last stop coordinates: 28.035864, -82.491983
02-28 09:09:36.370 13511 13544 D NavServiceProvider: Setting units automatically
02-28 09:09:36.371 13511 13544 D NavServiceProvider: Detecting stop. distance_d=189.53226. stop_type=1 speed=7.6
02-28 09:09:36.371 13511 13544 D NavigationTest: 184: (28.036015, -82.493903, 7.600000)	R:true  F:false
02-28 09:09:36.371 13511 13544 D NavServiceProvider: Second to last stop coordinates: 28.035864, -82.491983
02-28 09:09:36.371 13511 13544 D NavServiceProvider: Setting units automatically
02-28 09:09:36.373 13511 13544 D NavServiceProvider: Detecting stop. distance_d=185.91942. stop_type=1 speed=4.860258
02-28 09:09:36.373 13511 13544 D NavigationTest: 185: (28.036006, -82.493867, 4.860258)	R:true  F:false
02-28 09:09:36.373 13511 13544 D NavServiceProvider: Second to last stop coordinates: 28.035864, -82.491983
02-28 09:09:36.373 13511 13544 D NavServiceProvider: Setting units automatically
02-28 09:09:36.374 13511 13544 D NavServiceProvider: Detecting stop. distance_d=182.95201. stop_type=1 speed=4.832028
02-28 09:09:36.374 13511 13544 D NavigationTest: 186: (28.036003, -82.493837, 4.832028)	R:true  F:false
02-28 09:09:36.374 13511 13544 D NavServiceProvider: Second to last stop coordinates: 28.035864, -82.491983
02-28 09:09:36.375 13511 13544 D NavServiceProvider: Setting units automatically
02-28 09:09:36.376 13511 13544 D NavServiceProvider: Detecting stop. distance_d=178.10228. stop_type=1 speed=4.821494
02-28 09:09:36.376 13511 13544 D NavigationTest: 187: (28.036008, -82.493787, 4.821494)	R:true  F:false
02-28 09:09:36.376 13511 13544 D NavServiceProvider: Second to last stop coordinates: 28.035864, -82.491983
02-28 09:09:36.376 13511 13544 D NavServiceProvider: Setting units automatically
02-28 09:09:36.377 13511 13544 D NavServiceProvider: Detecting stop. distance_d=173.51012. stop_type=1 speed=5.33211
02-28 09:09:36.377 13511 13544 D NavigationTest: 188: (28.036009, -82.493740, 5.332110)	R:true  F:false
02-28 09:09:36.377 13511 13544 D NavServiceProvider: Second to last stop coordinates: 28.035864, -82.491983
02-28 09:09:36.378 13511 13544 D NavServiceProvider: Setting units automatically
02-28 09:09:36.379 13511 13544 D NavServiceProvider: Detecting stop. distance_d=167.93567. stop_type=1 speed=5.378373
02-28 09:09:36.379 13511 13544 D NavigationTest: 189: (28.036000, -82.493684, 5.378373)	R:true  F:false
02-28 09:09:36.379 13511 13544 D NavServiceProvider: Second to last stop coordinates: 28.035864, -82.491983
02-28 09:09:36.379 13511 13544 D NavServiceProvider: Setting units automatically
02-28 09:09:36.380 13511 13544 D NavServiceProvider: Detecting stop. distance_d=164.27695. stop_type=1 speed=6.360786
02-28 09:09:36.380 13511 13544 D NavigationTest: 190: (28.036006, -82.493646, 6.360786)	R:true  F:false
02-28 09:09:36.380 13511 13544 D NavServiceProvider: Second to last stop coordinates: 28.035864, -82.491983
02-28 09:09:36.380 13511 13544 D NavServiceProvider: Setting units automatically
02-28 09:09:36.382 13511 13544 D NavServiceProvider: Detecting stop. distance_d=157.86188. stop_type=1 speed=6.360126
02-28 09:09:36.382 13511 13544 D NavigationTest: 191: (28.036001, -82.493581, 6.360126)	R:true  F:false
02-28 09:09:36.382 13511 13544 D NavServiceProvider: Second to last stop coordinates: 28.035864, -82.491983
02-28 09:09:36.382 13511 13544 D NavServiceProvider: Setting units automatically
02-28 09:09:36.383 13511 13544 D NavServiceProvider: Detecting stop. distance_d=148.86575. stop_type=1 speed=8.537096
02-28 09:09:36.383 13511 13544 D NavigationTest: 192: (28.035983, -82.493491, 8.537096)	R:true  F:false
02-28 09:09:36.383 13511 13544 D NavServiceProvider: Second to last stop coordinates: 28.035864, -82.491983
02-28 09:09:36.384 13511 13544 D NavServiceProvider: Setting units automatically
02-28 09:09:36.385 13511 13544 D NavServiceProvider: Detecting stop. distance_d=139.2389. stop_type=1 speed=8.704832
02-28 09:09:36.385 13511 13544 D NavigationTest: 193: (28.035980, -82.493393, 8.704832)	R:true  F:false
02-28 09:09:36.385 13511 13544 D NavServiceProvider: Second to last stop coordinates: 28.035864, -82.491983
02-28 09:09:36.386 13511 13544 D NavServiceProvider: Setting units automatically
