02-28 09:09:37.860  2666  3413 D HeadsetService:  isAudioOn: The number of audio connected devices 0
02-28 09:09:37.860  2666  3413 D HeadsetService: isScoOrCallActive(): Call Active:falseCall is Ringing:falseSCO is Active:false
02-28 09:09:37.860  2666  3413 D HeadsetService:  isAudioOn: The number of audio connected devices 0
02-28 09:09:37.860  2666  3413 I Avrcp_ext: updatePlayStatusForDevice: device: null
02-28 09:09:37.860  2666  3413 V Avrcp_ext: updatePlaybackState (1): old=PlaybackState {state=2, position=-1, buffered position=0, speed=0.0, updated=1780955, actions=0, custom actions=[], active item id=-1, error=null}(2), new=PlaybackState {state=2, position=-1, buffered position=0, speed=0.0, updated=1781189, actions=0, custom actions=[], active item id=-1, error=null}(2)
02-28 09:09:37.860  2666  3413 I Avrcp_ext: Exit updatePlayStatusForDevice
02-28 09:09:37.861  2666  3413 D HeadsetService:  isAudioOn: The number of audio connected devices 0
02-28 09:09:37.861  2666  3413 D HeadsetService: isScoOrCallActive(): Call Active:falseCall is Ringing:falseSCO is Active:false
02-28 09:09:37.861  2666  3413 D HeadsetService:  isAudioOn: The number of audio connected devices 0
02-28 09:09:37.861 13511 13544 D NavServiceProvider: Detecting stop. distance_d=2124.3145. stop_type=1 speed=0.01
02-28 09:09:37.861  2666  3413 I Avrcp_ext: updatePlayStatusForDevice: device: null
02-28 09:09:37.861  2666  3413 V Avrcp_ext: updatePlaybackState (1): old=PlaybackState {state=2, position=-1, buffered position=0, speed=0.0, updated=1780955, actions=0, custom actions=[], active item id=-1, error=null}(2), new=PlaybackState {state=2, position=-1, buffered position=0, speed=0.0, updated=1781189, actions=0, custom actions=[], active item id=-1, error=null}(2)
02-28 09:09:37.861  2666  3413 I Avrcp_ext: Exit updatePlayStatusForDevice
02-28 09:09:37.861 13511 13544 D NavigationTest: 115: (28.044159, -82.416450, 0.010000)	R:false  F:false
02-28 09:09:37.861 13511 13544 D NavServiceProvider: Second to last stop coordinates: 28.02499, -82.4165
02-28 09:09:37.861  2666  3413 D HeadsetService:  isAudioOn: The number of audio connected devices 0
02-28 09:09:37.861  2666  3413 D HeadsetService: isScoOrCallActive(): Call Active:falseCall is Ringing:falseSCO is Active:false
02-28 09:09:37.861  2666  3413 D HeadsetService:  isAudioOn: The number of audio connected devices 0
02-28 09:09:37.861  2666  3413 I Avrcp_ext: updatePlayStatusForDevice: device: null
02-28 09:09:37.861  2666  3413 V Avrcp_ext: updatePlaybackState (1): old=PlaybackState {state=2, position=-1, buffered position=0, speed=0.0, updated=1780955, actions=0, custom actions=[], active item id=-1, error=null}(2), new=PlaybackState {state=2, position=-1, buffered position=0, speed=0.0, updated=1781189, actions=0, custom actions=[], active item id=-1, error=null}(2)
02-28 09:09:37.861  2666  3413 I Avrcp_ext: Exit updatePlayStatusForDevice
02-28 09:09:37.861  2666  3413 D HeadsetService:  isAudioOn: The number of audio connected devices 0
02-28 09:09:37.861  2666  3413 D HeadsetService: isScoOrCallActive(): Call Active:falseCall is Ringing:falseSCO is Active:false
02-28 09:09:37.861  2666  3413 D HeadsetService:  isAudioOn: The number of audio connected devices 0
02-28 09:09:37.861  2666  3413 I Avrcp_ext: updatePlayStatusForDevice: device: null
02-28 09:09:37.861  2666  3413 V Avrcp_ext: updatePlaybackState (1): old=PlaybackState {state=2, position=-1, buffered position=0, speed=0.0, updated=1780955, actions=0, custom actions=[], active item id=-1, error=null}(2), new=PlaybackState {state=2, position=-1, buffered position=0, speed=0.0, updated=1781189, actions=0, custom actions=[], active item id=-1, error=null}(2)
02-28 09:09:37.861  2666  3413 I Avrcp_ext: Exit updatePlayStatusForDevice
02-28 09:09:37.861 13511 13544 D NavServiceProvider: Setting units automatically
02-28 09:09:37.861  2666  3413 D HeadsetService:  isAudioOn: The number of audio connected devices 0
02-28 09:09:37.861  2666  3413 D HeadsetService: isScoOrCallActive(): Call Active:falseCall is Ringing:falseSCO is Active:false
02-28 09:09:37.862  2666  3413 D HeadsetService:  isAudioOn: The number of audio connected devices 0
02-28 09:09:37.862  2666  3413 I Avrcp_ext: updatePlayStatusForDevice: device: null
02-28 09:09:37.862  2666  3413 V Avrcp_ext: updatePlaybackState (1): old=PlaybackState {state=2, position=-1, buffered position=0, speed=0.0, updated=1780955, actions=0, custom actions=[], active item id=-1, error=null}(2), new=PlaybackState {state=2, position=-1, buffered position=0, speed=0.0, updated=1781189, actions=0, custom actions=[], active item id=-1, error=null}(2)
02-28 09:09:37.862  2666  3413 I Avrcp_ext: Exit updatePlayStatusForDevice
02-28 09:09:37.862  2666  3413 D Avrcp_ext: Enter sendPlayPosNotificationRsp
02-28 09:09:37.862  2666  3413 D Avrcp_ext: sendPlayPosNotificationRsp: Not registered or requesting.
02-28 09:09:37.862  2666  3413 D Avrcp_ext: Enter sendPlayPosNotificationRsp
02-28 09:09:37.862  2666  3413 D Avrcp_ext: sendPlayPosNotificationRsp: Not registered or requesting.
02-28 09:09:37.862  2666  3413 D Avrcp_ext: Enter sendPlayPosNotificationRsp
02-28 09:09:37.862  2666  3413 D Avrcp_ext: sendPlayPosNotificationRsp: Not registered or requesting.
02-28 09:09:37.862  2666  3413 D Avrcp_ext: Enter sendPlayPosNotificationRsp
02-28 09:09:37.862  2666  3413 D Avrcp_ext: sendPlayPosNotificationRsp: Not registered or requesting.
02-28 09:09:37.862  2666  3413 D Avrcp_ext: Enter sendPlayPosNotificationRsp
02-28 09:09:37.862  2666  3413 D Avrcp_ext: sendPlayPosNotificationRsp: Not registered or requesting.
02-28 09:09:37.862  2666  3413 V Avrcp_ext: Exit updatePlayerStateAndPosition
02-28 09:09:37.863 13511 13544 D NavServiceProvider: Detecting stop. distance_d=2120.9885. stop_type=1 speed=0.940851
02-28 09:09:37.863 13511 13544 D NavigationTest: 116: (28.044129, -82.416456, 0.940851)	R:false  F:false
02-28 09:09:37.863 13511 13544 D NavServiceProvider: Second to last stop coordinates: 28.02499, -82.4165
02-28 09:09:37.864 13511 13544 D NavServiceProvider: Setting units automatically
02-28 09:09:37.865 13511 13544 D NavServiceProvider: Detecting stop. distance_d=2122.7622. stop_type=1 speed=0.0
02-28 09:09:37.865 13511 13544 D NavigationTest: 117: (28.044145, -82.416453, 0.000000)	R:false  F:false
02-28 09:09:37.865 13511 13544 D NavServiceProvider: Second to last stop coordinates: 28.02499, -82.4165
02-28 09:09:37.865 13511 13544 D NavServiceProvider: Setting units automatically
02-28 09:09:37.867 13511 13544 D NavServiceProvider: Detecting stop. distance_d=2122.8735. stop_type=1 speed=0.230217
02-28 09:09:37.867 13511 13544 D NavigationTest: 118: (28.044146, -82.416451, 0.230217)	R:false  F:false
02-28 09:09:37.867 13511 13544 D NavigationTest: 119: (28.044146, -82.416451, 0.230217)	R:false  F:false
02-28 09:09:37.867 13511 13544 D NavServiceProvider: Second to last stop coordinates: 28.02499, -82.4165
02-28 09:09:37.867 13511 13544 D NavServiceProvider: Setting units automatically
02-28 09:09:37.868   871   871 V EffectDiracSound: DiracSound_command() start, cmdCode=20
02-28 09:09:37.868   871   871 V EffectDiracSound: DiracSound_Command EFFECT_CMD_OFFLOAD
02-28 09:09:37.868 13511 13544 D NavServiceProvider: Detecting stop. distance_d=2123.5376. stop_type=1 speed=0.0
02-28 09:09:37.868 13511 13544 D NavigationTest: 120: (28.044152, -82.416455, 0.000000)	R:false  F:false
02-28 09:09:37.868 13511 13544 D NavServiceProvider: Second to last stop coordinates: 28.02499, -82.4165
02-28 09:09:37.868   871   871 V EffectDiracSound: DiracSound_command() start, cmdCode=1
02-28 09:09:37.868   871   871 V EffectDiracSound: DiracSound_setConfig start
02-28 09:09:37.868   871   871 I EffectDiracSound: DiracSound_updateState(), enable=0, hifi=0, device=0x2, headset=5, samplingRate=48000
02-28 09:09:37.868   871   871 I EffectDiracSound: DiracSound_updateState(), mode=0, music=0, movie=0, reset=0
02-28 09:09:37.868   871   871 I EffectDiracSound: DiracSound_updateState(), Speaker Movie/Stereo Mode is not supported. Stop update state.
02-28 09:09:37.868   871   871 W EffectHAL: Effect 0xe4b38cd0 command SET_CONFIG returned status: Invalid argument
02-28 09:09:37.869   871   871 V EffectDiracSound: DiracSound_command() start, cmdCode=1
02-28 09:09:37.869   871   871 V EffectDiracSound: DiracSound_setConfig start
02-28 09:09:37.869 13511 13544 D NavServiceProvider: Setting units automatically
02-28 09:09:37.869   871   871 I EffectDiracSound: DiracSound_updateState(), enable=0, hifi=0, device=0x2, headset=5, samplingRate=48000
02-28 09:09:37.869   871   871 I EffectDiracSound: DiracSound_updateState(), mode=0, music=0, movie=0, reset=0
02-28 09:09:37.869   871   871 I EffectDiracSound: DiracSound_updateState(), Speaker Movie/Stereo Mode is not supported. Stop update state.
02-28 09:09:37.869   871   871 V EffectDiracSound: DiracSound_command() start, cmdCode=9
02-28 09:09:37.869   871   871 V EffectDiracSound: DiracSound_Command EFFECT_CMD_SET_DEVICE: 0x00000002
02-28 09:09:37.870   871   871 V EffectDiracSound: DiracSound_command() start, cmdCode=11
02-28 09:09:37.870   871   871 V EffectDiracSound: DiracSound_Command EFFECT_CMD_SET_AUDIO_MODE: 0
02-28 09:09:37.870 13511 13544 D NavServiceProvider: Detecting stop. distance_d=2123.5386. stop_type=1 speed=0.0
02-28 09:09:37.870 13511 13544 D NavigationTest: 121: (28.044152, -82.416451, 0.000000)	R:false  F:false
02-28 09:09:37.870 13511 13544 D NavServiceProvider: Second to last stop coordinates: 28.02499, -82.4165
02-28 09:09:37.871 13511 13544 D NavServiceProvider: Setting units automatically
02-28 09:09:37.872 13511 13544 D NavServiceProvider: Detecting stop. distance_d=2123.3157. stop_type=1 speed=0.468722
02-28 09:09:37.873 13511 13544 D NavigationTest: 122: (28.044150, -82.416456, 0.468722)	R:false  F:false
02-28 09:09:37.873 13511 13544 D NavServiceProvider: Second to last stop coordinates: 28.02499, -82.4165
02-28 09:09:37.874 13511 13544 D NavServiceProvider: Setting units automatically
02-28 09:09:37.874   871   871 D msm8974_platform: platform_split_snd_device: snd_device(2) num devices(1) new_snd_devices(0)
02-28 09:09:37.874   871   871 D ACDB-LOADER: ACDB -> send_audvoltable
02-28 09:09:37.874   871   871 D ACDB-LOADER: ACDB -> ACDB_CMD_GET_AUDPROC_VOL_STEP_TABLE_SIZE
02-28 09:09:37.874   871   871 D ACDB-LOADER: ACDB -> ACDB_CMD_GET_AUDPROC_GAIN_DEP_STEP_TABLE, vol index 5
02-28 09:09:37.874   871   871 D         : Failed to fetch the lookup information of the device 0000000F
02-28 09:09:37.874   871   871 E ACDB-LOADER: Error: ACDB AudProc vol returned = -19
02-28 09:09:37.874   871   871 D ACDB-LOADER: ACDB -> AUDIO_SET_VOL_CAL cal type = 40
02-28 09:09:37.875 13511 13544 D NavServiceProvider: Detecting stop. distance_d=2122.8733. stop_type=1 speed=0.0
02-28 09:09:37.875 13511 13544 D NavigationTest: 123: (28.044146, -82.416452, 0.000000)	R:false  F:false
02-28 09:09:37.875 13511 13544 D NavServiceProvider: Second to last stop coordinates: 28.02499, -82.4165
02-28 09:09:37.876 13511 13544 D NavServiceProvider: Setting units automatically
02-28 09:09:37.877 13511 13544 D NavServiceProvider: Detecting stop. distance_d=2123.3171. stop_type=1 speed=0.325576
02-28 09:09:37.877 13511 13544 D NavigationTest: 124: (28.044150, -82.416450, 0.325576)	R:false  F:false
02-28 09:09:37.877 13511 13544 D NavServiceProvider: Second to last stop coordinates: 28.02499, -82.4165
02-28 09:09:37.877 13511 13544 D NavServiceProvider: Setting units automatically
02-28 09:09:37.878 13511 13544 D NavServiceProvider: Detecting stop. distance_d=2123.981. stop_type=1 speed=0.554437
02-28 09:09:37.878 13511 13544 D NavigationTest: 125: (28.044156, -82.416455, 0.554437)	R:false  F:false
02-28 09:09:37.878 13511 13544 D NavServiceProvider: Second to last stop coordinates: 28.02499, -82.4165
02-28 09:09:37.879 13511 13544 D NavServiceProvider: Setting units automatically
02-28 09:09:37.880 13511 13544 D NavServiceProvider: Detecting stop. distance_d=2124.7573. stop_type=1 speed=0.720069
02-28 09:09:37.880 13511 13544 D NavigationTest: 126: (28.044163, -82.416452, 0.720069)	R:false  F:false
02-28 09:09:37.880 13511 13544 D NavServiceProvider: Second to last stop coordinates: 28.02499, -82.4165
02-28 09:09:37.880 13511 13544 D NavServiceProvider: Setting units automatically
02-28 09:09:37.881 13511 13544 D NavServiceProvider: Detecting stop. distance_d=2124.0952. stop_type=1 speed=0.718053
02-28 09:09:37.881 13511 13544 D NavigationTest: 127: (28.044157, -82.416440, 0.718053)	R:false  F:false
02-28 09:09:37.881 13511 13544 D NavServiceProvider: Second to last stop coordinates: 28.02499, -82.4165
02-28 09:09:37.881 13511 13544 D NavServiceProvider: Setting units automatically
02-28 09:09:37.882 13511 13544 D NavServiceProvider: Detecting stop. distance_d=2124.206. stop_type=1 speed=0.0
02-28 09:09:37.882 13511 13544 D NavigationTest: 128: (28.044158, -82.416440, 0.000000)	R:false  F:false
02-28 09:09:37.882 13511 13544 D NavServiceProvider: Second to last stop coordinates: 28.02499, -82.4165
02-28 09:09:37.883 13511 13544 D NavServiceProvider: Setting units automatically
02-28 09:09:37.884 13511 13544 D NavServiceProvider: Detecting stop. distance_d=2124.429. stop_type=1 speed=0.0
02-28 09:09:37.884 13511 13544 D NavigationTest: 129: (28.044160, -82.416436, 0.000000)	R:false  F:false
02-28 09:09:37.884 13511 13544 D NavServiceProvider: Second to last stop coordinates: 28.02499, -82.4165
02-28 09:09:37.884 13511 13544 D NavServiceProvider: Setting units automatically
02-28 09:09:37.885 13511 13544 D NavServiceProvider: Detecting stop. distance_d=2124.318. stop_type=1 speed=0.0
02-28 09:09:37.885 13511 13544 D NavigationTest: 130: (28.044159, -82.416436, 0.000000)	R:false  F:false
02-28 09:09:37.885 13511 13544 D NavServiceProvider: Second to last stop coordinates: 28.02499, -82.4165
02-28 09:09:37.885 13511 13544 D NavServiceProvider: Setting units automatically
02-28 09:09:37.886 13511 13544 D NavServiceProvider: Detecting stop. distance_d=2124.429. stop_type=1 speed=0.0
02-28 09:09:37.887 13511 13544 D NavigationTest: 131: (28.044160, -82.416436, 0.000000)	R:false  F:false
02-28 09:09:37.887 13511 13544 D NavServiceProvider: Second to last stop coordinates: 28.02499, -82.4165
02-28 09:09:37.887 13511 13544 D NavServiceProvider: Setting units automatically
02-28 09:09:37.888 13511 13544 D NavServiceProvider: Detecting stop. distance_d=2124.5405. stop_type=1 speed=0.0
02-28 09:09:37.888 13511 13544 D NavigationTest: 132: (28.044161, -82.416433, 0.000000)	R:false  F:false
02-28 09:09:37.888 13511 13544 D NavServiceProvider: Second to last stop coordinates: 28.02499, -82.4165
02-28 09:09:37.888 13511 13544 D NavServiceProvider: Setting units automatically
02-28 09:09:37.889 13511 13544 D NavServiceProvider: Detecting stop. distance_d=2124.541. stop_type=1 speed=0.0
02-28 09:09:37.889 13511 13544 D NavigationTest: 133: (28.044161, -82.416432, 0.000000)	R:false  F:false
02-28 09:09:37.889 13511 13544 D NavServiceProvider: Second to last stop coordinates: 28.02499, -82.4165
02-28 09:09:37.890 13511 13544 D NavServiceProvider: Setting units automatically
02-28 09:09:37.891 13511 13544 D NavServiceProvider: Detecting stop. distance_d=2124.541. stop_type=1 speed=0.0
02-28 09:09:37.891 13511 13544 D NavigationTest: 134: (28.044161, -82.416432, 0.000000)	R:false  F:false
02-28 09:09:37.891 13511 13544 D NavServiceProvider: Second to last stop coordinates: 28.02499, -82.4165
02-28 09:09:37.891 13511 13544 D NavServiceProvider: Setting units automatically
02-28 09:09:37.892 13511 13544 D NavServiceProvider: Detecting stop. distance_d=2124.6514. stop_type=1 speed=0.0
02-28 09:09:37.892 13511 13544 D NavigationTest: 135: (28.044162, -82.416433, 0.000000)	R:false  F:false
02-28 09:09:37.892 13511 13544 D NavServiceProvider: Second to last stop coordinates: 28.02499, -82.4165
02-28 09:09:37.892 13511 13544 D NavServiceProvider: Setting units automatically
02-28 09:09:37.893 13511 13544 D NavServiceProvider: Detecting stop. distance_d=2124.7625. stop_type=1 speed=0.0
02-28 09:09:37.894 13511 13544 D NavigationTest: 136: (28.044163, -82.416432, 0.000000)	R:false  F:false
02-28 09:09:37.894 13511 13544 D NavServiceProvider: Second to last stop coordinates: 28.02499, -82.4165
02-28 09:09:37.894 13511 13544 D NavServiceProvider: Setting units automatically
02-28 09:09:37.895 13511 13544 D NavServiceProvider: Detecting stop. distance_d=2125.0952. stop_type=1 speed=0.0
02-28 09:09:37.895 13511 13544 D NavigationTest: 137: (28.044166, -82.416431, 0.000000)	R:false  F:false
02-28 09:09:37.895 13511 13544 D NavServiceProvider: Second to last stop coordinates: 28.02499, -82.4165
02-28 09:09:37.895 13511 13544 D NavServiceProvider: Setting units automatically
02-28 09:09:37.896 13511 13544 D NavServiceProvider: Detecting stop. distance_d=2124.874. stop_type=1 speed=0.0
02-28 09:09:37.896 13511 13544 D NavigationTest: 138: (28.044164, -82.416430, 0.000000)	R:false  F:false
02-28 09:09:37.896 13511 13544 D NavServiceProvider: Second to last stop coordinates: 28.02499, -82.4165
02-28 09:09:37.897 13511 13544 D NavServiceProvider: Setting units automatically
02-28 09:09:37.897 13511 13544 D NavServiceProvider: Detecting stop. distance_d=2125.094. stop_type=1 speed=0.546443
02-28 09:09:37.898 13511 13544 D NavigationTest: 139: (28.044166, -82.416435, 0.546443)	R:false  F:false
02-28 09:09:37.898 13511 13544 D NavServiceProvider: Second to last stop coordinates: 28.02499, -82.4165
02-28 09:09:37.898 13511 13544 D NavServiceProvider: Setting units automatically
02-28 09:09:37.899 13511 13544 D NavServiceProvider: Detecting stop. distance_d=2125.2092. stop_type=1 speed=0.480833
02-28 09:09:37.899 13511 13544 D NavigationTest: 140: (28.044167, -82.416422, 0.480833)	R:false  F:false
02-28 09:09:37.899 13511 13544 D NavServiceProvider: Second to last stop coordinates: 28.02499, -82.4165
02-28 09:09:37.899 13511 13544 D NavServiceProvider: Setting units automatically
02-28 09:09:37.900 13511 13544 D NavServiceProvider: Detecting stop. distance_d=2125.2092. stop_type=1 speed=0.0
02-28 09:09:37.900 13511 13544 D NavigationTest: 141: (28.044167, -82.416422, 0.000000)	R:false  F:false
02-28 09:09:37.900 13511 13544 D NavigationTest: 142: (28.044167, -82.416422, 0.000000)	R:false  F:false
02-28 09:09:37.900 13511 13544 D NavServiceProvider: Second to last stop coordinates: 28.02499, -82.4165
02-28 09:09:37.901 13511 13544 D NavServiceProvider: Setting units automatically
02-28 09:09:37.902 13511 13544 D NavServiceProvider: Detecting stop. distance_d=2125.655. stop_type=1 speed=0.577754
02-28 09:09:37.902 13511 13544 D NavigationTest: 143: (28.044171, -82.416415, 0.577754)	R:false  F:false
02-28 09:09:37.902 13511 13544 D NavServiceProvider: Second to last stop coordinates: 28.02499, -82.4165
02-28 09:09:37.902 13511 13544 D NavServiceProvider: Setting units automatically
02-28 09:09:37.903 13511 13544 D NavServiceProvider: Detecting stop. distance_d=2124.9905. stop_type=1 speed=0.0
02-28 09:09:37.903 13511 13544 D NavigationTest: 144: (28.044165, -82.416414, 0.000000)	R:false  F:false
02-28 09:09:37.903 13511 13544 D NavServiceProvider: Second to last stop coordinates: 28.02499, -82.4165
02-28 09:09:37.903 13511 13544 D NavServiceProvider: Setting units automatically
02-28 09:09:37.904 13511 13544 D NavServiceProvider: Detecting stop. distance_d=2125.1. stop_type=1 speed=0.0
02-28 09:09:37.904 13511 13544 D NavigationTest: 145: (28.044166, -82.416417, 0.000000)	R:false  F:false
02-28 09:09:37.904 13511 13544 D NavServiceProvider: Second to last stop coordinates: 28.02499, -82.4165
02-28 09:09:37.905 13511 13544 D NavServiceProvider: Setting units automatically
02-28 09:09:37.906 13511 13544 D NavServiceProvider: Detecting stop. distance_d=2125.7654. stop_type=1 speed=0.0
02-28 09:09:37.906 13511 13544 D NavigationTest: 146: (28.044172, -82.416416, 0.000000)	R:false  F:false
02-28 09:09:37.906 13511 13544 D NavServiceProvider: Second to last stop coordinates: 28.02499, -82.4165
02-28 09:09:37.906 13511 13544 D NavServiceProvider: Setting units automatically
02-28 09:09:37.907 13511 13544 D NavServiceProvider: Detecting stop. distance_d=2126.0974. stop_type=1 speed=0.0
02-28 09:09:37.907 13511 13544 D NavigationTest: 147: (28.044175, -82.416417, 0.000000)	R:false  F:false
02-28 09:09:37.907 13511 13544 D NavServiceProvider: Second to last stop coordinates: 28.02499, -82.4165
02-28 09:09:37.907 13511 13544 D NavServiceProvider: Setting units automatically
02-28 09:09:37.908 13511 13544 D NavServiceProvider: Detecting stop. distance_d=2125.8767. stop_type=1 speed=0.0
02-28 09:09:37.908 13511 13544 D NavigationTest: 148: (28.044173, -82.416415, 0.000000)	R:false  F:false
02-28 09:09:37.908 13511 13544 D NavServiceProvider: Second to last stop coordinates: 28.02499, -82.4165
02-28 09:09:37.909 13511 13544 D NavServiceProvider: Setting units automatically
02-28 09:09:37.910 13511 13544 D NavServiceProvider: Detecting stop. distance_d=2125.9878. stop_type=1 speed=0.0
02-28 09:09:37.910 13511 13544 D NavigationTest: 149: (28.044174, -82.416414, 0.000000)	R:false  F:false
02-28 09:09:37.910 13511 13544 D NavServiceProvider: Second to last stop coordinates: 28.02499, -82.4165
02-28 09:09:37.910 13511 13544 D NavServiceProvider: Setting units automatically
02-28 09:09:37.911 13511 13544 D NavServiceProvider: Detecting stop. distance_d=2126.1003. stop_type=1 speed=0.0
02-28 09:09:37.911 13511 13544 D NavigationTest: 150: (28.044175, -82.416410, 0.000000)	R:false  F:false
02-28 09:09:37.911 13511 13544 D NavServiceProvider: Second to last stop coordinates: 28.02499, -82.4165
02-28 09:09:37.911 13511 13544 D NavServiceProvider: Setting units automatically
02-28 09:09:37.912 13511 13544 D NavServiceProvider: Detecting stop. distance_d=2126.0999. stop_type=1 speed=0.0
02-28 09:09:37.912 13511 13544 D NavigationTest: 151: (28.044175, -82.416411, 0.000000)	R:false  F:false
02-28 09:09:37.912 13511 13544 D NavServiceProvider: Second to last stop coordinates: 28.02499, -82.4165
02-28 09:09:37.913 13511 13544 D NavServiceProvider: Setting units automatically
02-28 09:09:37.914 13511 13544 D NavServiceProvider: Detecting stop. distance_d=2126.2112. stop_type=1 speed=0.0
02-28 09:09:37.914 13511 13544 D NavigationTest: 152: (28.044176, -82.416410, 0.000000)	R:false  F:false
02-28 09:09:37.914 13511 13544 D NavServiceProvider: Second to last stop coordinates: 28.02499, -82.4165
02-28 09:09:37.914 13511 13544 D NavServiceProvider: Setting units automatically
02-28 09:09:37.915 13511 13544 D NavServiceProvider: Detecting stop. distance_d=2125.4363. stop_type=1 speed=0.661891
02-28 09:09:37.915 13511 13544 D NavigationTest: 153: (28.044169, -82.416408, 0.661891)	R:false  F:false
02-28 09:09:37.915 13511 13544 D NavServiceProvider: Second to last stop coordinates: 28.02499, -82.4165
02-28 09:09:37.915 13511 13544 D NavServiceProvider: Setting units automatically
02-28 09:09:37.916 13511 13544 D NavServiceProvider: Detecting stop. distance_d=2124.2112. stop_type=1 speed=0.857088
02-28 09:09:37.916 13511 13544 D NavigationTest: 154: (28.044158, -82.416424, 0.857088)	R:false  F:false
02-28 09:09:37.916 13511 13544 D NavServiceProvider: Second to last stop coordinates: 28.02499, -82.4165
02-28 09:09:37.917 13511 13544 D NavServiceProvider: Setting units automatically
02-28 09:09:37.918 13511 13544 D NavServiceProvider: Detecting stop. distance_d=2121.6643. stop_type=1 speed=1.547191
02-28 09:09:37.918 13511 13544 D NavigationTest: 155: (28.044135, -82.416418, 1.547191)	R:false  F:false
02-28 09:09:37.918 13511 13544 D NavServiceProvider: Second to last stop coordinates: 28.02499, -82.4165
02-28 09:09:37.918 13511 13544 D NavServiceProvider: Setting units automatically
02-28 09:09:37.919 13511 13544 D NavServiceProvider: Detecting stop. distance_d=2118.7842. stop_type=1 speed=2.405328
02-28 09:09:37.919 13511 13544 D NavigationTest: 156: (28.044109, -82.416415, 2.405328)	R:false  F:false
02-28 09:09:37.919 13511 13544 D NavServiceProvider: Second to last stop coordinates: 28.02499, -82.4165
02-28 09:09:37.919 13511 13544 D NavServiceProvider: Setting units automatically
02-28 09:09:37.920 13511 13544 D NavServiceProvider: Detecting stop. distance_d=2115.904. stop_type=1 speed=3.123604
02-28 09:09:37.920 13511 13544 D NavigationTest: 157: (28.044083, -82.416412, 3.123604)	R:false  F:false
02-28 09:09:37.921 13511 13544 D NavServiceProvider: Second to last stop coordinates: 28.02499, -82.4165
02-28 09:09:37.921 13511 13544 D NavServiceProvider: Setting units automatically
02-28 09:09:37.922 13511 13544 D NavServiceProvider: Detecting stop. distance_d=2112.9148. stop_type=1 speed=3.661366
02-28 09:09:37.922 13511 13544 D NavigationTest: 158: (28.044056, -82.416405, 3.661366)	R:false  F:false
02-28 09:09:37.922 13511 13544 D NavServiceProvider: Second to last stop coordinates: 28.02499, -82.4165
02-28 09:09:37.922 13511 13544 D NavServiceProvider: Setting units automatically
02-28 09:09:37.923 13511 13544 D NavServiceProvider: Detecting stop. distance_d=2109.2634. stop_type=1 speed=4.281414
02-28 09:09:37.923 13511 13544 D NavigationTest: 159: (28.044023, -82.416393, 4.281414)	R:false  F:false
02-28 09:09:37.923 13511 13544 D NavServiceProvider: Second to last stop coordinates: 28.02499, -82.4165
02-28 09:09:37.923 13511 13544 D NavServiceProvider: Setting units automatically
02-28 09:09:37.924 13511 13544 D NavServiceProvider: Detecting stop. distance_d=2105.0554. stop_type=1 speed=4.550704
02-28 09:09:37.924 13511 13544 D NavigationTest: 160: (28.043985, -82.416387, 4.550704)	R:false  F:false
02-28 09:09:37.924 13511 13544 D NavServiceProvider: Second to last stop coordinates: 28.02499, -82.4165
02-28 09:09:37.925 13511 13544 D NavServiceProvider: Setting units automatically
02-28 09:09:37.926 13511 13544 D NavServiceProvider: Detecting stop. distance_d=2100.96. stop_type=1 speed=4.350413
02-28 09:09:37.926 13511 13544 D NavigationTest: 161: (28.043948, -82.416378, 4.350413)	R:false  F:false
02-28 09:09:37.926 13511 13544 D NavServiceProvider: Second to last stop coordinates: 28.02499, -82.4165
02-28 09:09:37.926 13511 13544 D NavServiceProvider: Setting units automatically
02-28 09:09:37.927 13511 13544 D NavServiceProvider: Detecting stop. distance_d=2097.8628. stop_type=1 speed=3.610125
02-28 09:09:37.927 13511 13544 D NavigationTest: 162: (28.043920, -82.416368, 3.610125)	R:false  F:false
02-28 09:09:37.927 13511 13544 D NavServiceProvider: Second to last stop coordinates: 28.02499, -82.4165
02-28 09:09:37.927 13511 13544 D NavServiceProvider: Setting units automatically
02-28 09:09:37.928 13511 13544 D NavServiceProvider: Detecting stop. distance_d=2097.8628. stop_type=1 speed=0.0
02-28 09:09:37.928 13511 13544 D NavigationTest: 163: (28.043920, -82.416368, 0.000000)	R:false  F:false
02-28 09:09:37.928 13511 13544 D NavigationTest: 164: (28.043920, -82.416368, 0.000000)	R:false  F:false
02-28 09:09:37.928 13511 13544 D NavigationTest: 165: (28.043920, -82.416368, 0.000000)	R:false  F:false
02-28 09:09:37.928 13511 13544 D NavigationTest: 166: (28.043920, -82.416368, 0.000000)	R:false  F:false
02-28 09:09:37.929 13511 13544 D NavServiceProvider: Second to last stop coordinates: 28.02499, -82.4165
02-28 09:09:37.929 13511 13544 D NavServiceProvider: Setting units automatically
02-28 09:09:37.930 13511 13544 D NavServiceProvider: Detecting stop. distance_d=2095.4307. stop_type=1 speed=0.852115
02-28 09:09:37.930 13511 13544 D NavigationTest: 167: (28.043898, -82.416359, 0.852115)	R:false  F:false
02-28 09:09:37.930 13511 13544 D NavServiceProvider: Second to last stop coordinates: 28.02499, -82.4165
02-28 09:09:37.930 13511 13544 D NavServiceProvider: Setting units automatically
02-28 09:09:37.931 13511 13544 D NavServiceProvider: Detecting stop. distance_d=2094.9893. stop_type=1 speed=0.60208
02-28 09:09:37.932 13511 13544 D NavigationTest: 168: (28.043894, -82.416356, 0.602080)	R:false  F:false
02-28 09:09:37.932 13511 13544 D NavServiceProvider: Second to last stop coordinates: 28.02499, -82.4165
02-28 09:09:37.932 13511 13544 D NavServiceProvider: Setting units automatically
02-28 09:09:37.933 13511 13544 D NavServiceProvider: Detecting stop. distance_d=2095.213. stop_type=1 speed=0.320156
02-28 09:09:37.933 13511 13544 D NavigationTest: 169: (28.043896, -82.416353, 0.320156)	R:false  F:false
02-28 09:09:37.933 13511 13544 D NavServiceProvider: Second to last stop coordinates: 28.02499, -82.4165
02-28 09:09:37.933 13511 13544 D NavServiceProvider: Setting units automatically
02-28 09:09:37.934 13511 13544 D NavServiceProvider: Detecting stop. distance_d=2095.3257. stop_type=1 speed=0.401995
02-28 09:09:37.934 13511 13544 D NavigationTest: 170: (28.043897, -82.416350, 0.401995)	R:false  F:false
02-28 09:09:37.934 13511 13544 D NavServiceProvider: Second to last stop coordinates: 28.02499, -82.4165
02-28 09:09:37.935 13511 13544 D NavServiceProvider: Setting units automatically
02-28 09:09:37.935 13511 13544 D NavServiceProvider: Detecting stop. distance_d=2095.6575. stop_type=1 speed=0.03
02-28 09:09:37.936 13511 13544 D NavigationTest: 171: (28.043900, -82.416351, 0.030000)	R:false  F:false
02-28 09:09:37.936 13511 13544 D NavServiceProvider: Second to last stop coordinates: 28.02499, -82.4165
02-28 09:09:37.936 13511 13544 D NavServiceProvider: Setting units automatically
02-28 09:09:37.937 13511 13544 D NavServiceProvider: Detecting stop. distance_d=2095.9915. stop_type=1 speed=0.0
02-28 09:09:37.937 13511 13544 D NavigationTest: 172: (28.043903, -82.416349, 0.000000)	R:false  F:false
02-28 09:09:37.937 13511 13544 D NavServiceProvider: Second to last stop coordinates: 28.02499, -82.4165
02-28 09:09:37.937 13511 13544 D NavServiceProvider: Setting units automatically
02-28 09:09:37.938 13511 13544 D NavServiceProvider: Detecting stop. distance_d=2096.213. stop_type=1 speed=0.0
02-28 09:09:37.938 13511 13544 D NavigationTest: 173: (28.043905, -82.416349, 0.000000)	R:false  F:false
02-28 09:09:37.938 13511 13544 D NavServiceProvider: Second to last stop coordinates: 28.02499, -82.4165
02-28 09:09:37.938 13511 13544 D NavServiceProvider: Setting units automatically
02-28 09:09:37.940 13511 13544 D NavServiceProvider: Detecting stop. distance_d=2096.3281. stop_type=1 speed=0.0
02-28 09:09:37.940 13511 13544 D NavigationTest: 174: (28.043906, -82.416343, 0.000000)	R:false  F:false
02-28 09:09:37.940 13511 13544 D NavServiceProvider: Second to last stop coordinates: 28.02499, -82.4165
02-28 09:09:37.940 13511 13544 D NavServiceProvider: Setting units automatically
02-28 09:09:37.941 13511 13544 D NavServiceProvider: Detecting stop. distance_d=2096.5461. stop_type=1 speed=0.0
02-28 09:09:37.941 13511 13544 D NavigationTest: 175: (28.043908, -82.416348, 0.000000)	R:false  F:false
02-28 09:09:37.941 13511 13544 D NavigationTest: 176: (28.043908, -82.416348, 0.000000)	R:false  F:false
02-28 09:09:37.941 13511 13544 D NavServiceProvider: Second to last stop coordinates: 28.02499, -82.4165
02-28 09:09:37.941 13511 13544 D NavServiceProvider: Setting units automatically
02-28 09:09:37.942 13511 13544 D NavServiceProvider: Detecting stop. distance_d=2096.5447. stop_type=1 speed=0.0
02-28 09:09:37.943 13511 13544 D NavigationTest: 177: (28.043908, -82.416350, 0.000000)	R:false  F:false
02-28 09:09:37.943 13511 13544 D NavServiceProvider: Second to last stop coordinates: 28.02499, -82.4165
02-28 09:09:37.943 13511 13544 D NavServiceProvider: Setting units automatically
02-28 09:09:37.944 13511 13544 D NavServiceProvider: Detecting stop. distance_d=2096.6543. stop_type=1 speed=0.0
02-28 09:09:37.944 13511 13544 D NavigationTest: 178: (28.043909, -82.416352, 0.000000)	R:false  F:false
02-28 09:09:37.944 13511 13544 D NavServiceProvider: Second to last stop coordinates: 28.02499, -82.4165
02-28 09:09:37.944 13511 13544 D NavServiceProvider: Setting units automatically
02-28 09:09:37.945 13511 13544 D NavServiceProvider: Detecting stop. distance_d=2096.7656. stop_type=1 speed=0.0
02-28 09:09:37.945 13511 13544 D NavigationTest: 179: (28.043910, -82.416351, 0.000000)	R:false  F:false
02-28 09:09:37.945 13511 13544 D NavServiceProvider: Second to last stop coordinates: 28.02499, -82.4165
02-28 09:09:37.945 13511 13544 D NavServiceProvider: Setting units automatically
02-28 09:09:37.946 13511 13544 D NavServiceProvider: Detecting stop. distance_d=2096.8765. stop_type=1 speed=0.0
02-28 09:09:37.946 13511 13544 D NavigationTest: 180: (28.043911, -82.416351, 0.000000)	R:false  F:false
02-28 09:09:37.947 13511 13544 D NavServiceProvider: Second to last stop coordinates: 28.02499, -82.4165
02-28 09:09:37.947 13511 13544 D NavServiceProvider: Setting units automatically
02-28 09:09:37.948 13511 13544 D NavServiceProvider: Detecting stop. distance_d=2096.542. stop_type=1 speed=0.0
02-28 09:09:37.948 13511 13544 D NavigationTest: 181: (28.043908, -82.416354, 0.000000)	R:false  F:false
02-28 09:09:37.948 13511 13544 D NavServiceProvider: Second to last stop coordinates: 28.02499, -82.4165
02-28 09:09:37.948 13511 13544 D NavServiceProvider: Setting units automatically
02-28 09:09:37.949 13511 13544 D NavServiceProvider: Detecting stop. distance_d=2096.652. stop_type=1 speed=0.0
02-28 09:09:37.949 13511 13544 D NavigationTest: 182: (28.043909, -82.416355, 0.000000)	R:false  F:false
02-28 09:09:37.950 13511 13544 D NavServiceProvider: Second to last stop coordinates: 28.02499, -82.4165
02-28 09:09:37.950 13511 13544 D NavServiceProvider: Setting units automatically
02-28 09:09:37.951 13511 13544 D NavServiceProvider: Detecting stop. distance_d=2096.652. stop_type=1 speed=0.0
02-28 09:09:37.951 13511 13544 D NavigationTest: 183: (28.043909, -82.416355, 0.000000)	R:false  F:false
02-28 09:09:37.951 13511 13544 D NavServiceProvider: Second to last stop coordinates: 28.02499, -82.4165
02-28 09:09:37.951 13511 13544 D NavServiceProvider: Setting units automatically
02-28 09:09:37.954 13511 13544 D NavServiceProvider: Detecting stop. distance_d=2096.7617. stop_type=1 speed=0.0
02-28 09:09:37.954 13511 13544 D NavigationTest: 184: (28.043910, -82.416357, 0.000000)	R:false  F:false
02-28 09:09:37.954 13511 13544 D NavServiceProvider: Second to last stop coordinates: 28.02499, -82.4165
02-28 09:09:37.954 13511 13544 D NavServiceProvider: Setting units automatically
02-28 09:09:37.955 13511 13544 D NavServiceProvider: Detecting stop. distance_d=2096.7617. stop_type=1 speed=0.0
02-28 09:09:37.955 13511 13544 D NavigationTest: 185: (28.043910, -82.416357, 0.000000)	R:false  F:false
02-28 09:09:37.956 13511 13544 D NavigationTest: 186: (28.043910, -82.416357, 0.000000)	R:false  F:false
02-28 09:09:37.956 13511 13544 D NavServiceProvider: Second to last stop coordinates: 28.02499, -82.4165
02-28 09:09:37.956 13511 13544 D NavServiceProvider: Setting units automatically
02-28 09:09:37.957 13511 13544 D NavServiceProvider: Detecting stop. distance_d=2096.7617. stop_type=1 speed=0.0
02-28 09:09:37.957 13511 13544 D NavigationTest: 187: (28.043910, -82.416357, 0.000000)	R:false  F:false
02-28 09:09:37.957 13511 13544 D NavigationTest: 188: (28.043910, -82.416357, 0.000000)	R:false  F:false
02-28 09:09:37.957 13511 13544 D NavServiceProvider: Second to last stop coordinates: 28.02499, -82.4165
02-28 09:09:37.957 13511 13544 D NavServiceProvider: Setting units automatically
02-28 09:09:37.958 13511 13544 D NavServiceProvider: Detecting stop. distance_d=2096.7617. stop_type=1 speed=0.0
02-28 09:09:37.959 13511 13544 D NavigationTest: 189: (28.043910, -82.416357, 0.000000)	R:false  F:false
02-28 09:09:37.959 13511 13544 D NavServiceProvider: Second to last stop coordinates: 28.02499, -82.4165
02-28 09:09:37.959 13511 13544 D NavServiceProvider: Setting units automatically
02-28 09:09:37.960 13511 13544 D NavServiceProvider: Detecting stop. distance_d=2096.7617. stop_type=1 speed=0.0
02-28 09:09:37.960 13511 13544 D NavigationTest: 190: (28.043910, -82.416357, 0.000000)	R:false  F:false
02-28 09:09:37.960 13511 13544 D NavServiceProvider: Second to last stop coordinates: 28.02499, -82.4165
02-28 09:09:37.961 13511 13544 D NavServiceProvider: Setting units automatically
02-28 09:09:37.962 13511 13544 D NavServiceProvider: Detecting stop. distance_d=2096.7617. stop_type=1 speed=0.0
02-28 09:09:37.962 13511 13544 D NavigationTest: 191: (28.043910, -82.416357, 0.000000)	R:false  F:false
02-28 09:09:37.962 13511 13544 D NavServiceProvider: Second to last stop coordinates: 28.02499, -82.4165
02-28 09:09:37.962 13511 13544 D NavServiceProvider: Setting units automatically
02-28 09:09:37.963 13511 13544 D NavServiceProvider: Detecting stop. distance_d=2096.7617. stop_type=1 speed=0.0
02-28 09:09:37.963 13511 13544 D NavigationTest: 192: (28.043910, -82.416357, 0.000000)	R:false  F:false
02-28 09:09:37.963 13511 13544 D NavServiceProvider: Second to last stop coordinates: 28.02499, -82.4165
02-28 09:09:37.964 13511 13544 D NavServiceProvider: Setting units automatically
02-28 09:09:37.965 13511 13544 D NavServiceProvider: Detecting stop. distance_d=2096.7617. stop_type=1 speed=0.0
02-28 09:09:37.965 13511 13544 D NavigationTest: 193: (28.043910, -82.416357, 0.000000)	R:false  F:false
02-28 09:09:37.965 13511 13544 D NavServiceProvider: Second to last stop coordinates: 28.02499, -82.4165
02-28 09:09:37.965 13511 13544 D NavServiceProvider: Setting units automatically
02-28 09:09:37.966 13511 13544 D NavServiceProvider: Detecting stop. distance_d=2096.7617. stop_type=1 speed=0.0
02-28 09:09:37.966 13511 13544 D NavigationTest: 194: (28.043910, -82.416357, 0.000000)	R:false  F:false
02-28 09:09:37.966 13511 13544 D NavServiceProvider: Second to last stop coordinates: 28.02499, -82.4165
02-28 09:09:37.966 13511 13544 D NavServiceProvider: Setting units automatically
02-28 09:09:37.967 13511 13544 D NavServiceProvider: Detecting stop. distance_d=2096.7617. stop_type=1 speed=0.0
02-28 09:09:37.968 13511 13544 D NavigationTest: 195: (28.043910, -82.416357, 0.000000)	R:false  F:false
02-28 09:09:37.968 13511 13544 D NavServiceProvider: Second to last stop coordinates: 28.02499, -82.4165
02-28 09:09:37.968 13511 13544 D NavServiceProvider: Setting units automatically
02-28 09:09:37.969 13511 13544 D NavServiceProvider: Detecting stop. distance_d=2096.7617. stop_type=1 speed=0.0
02-28 09:09:37.970 13511 13544 D NavigationTest: 196: (28.043910, -82.416357, 0.000000)	R:false  F:false
02-28 09:09:37.970 13511 13544 D NavServiceProvider: Second to last stop coordinates: 28.02499, -82.4165
02-28 09:09:37.970 13511 13544 D NavServiceProvider: Setting units automatically
02-28 09:09:37.971 13511 13544 D NavServiceProvider: Detecting stop. distance_d=2096.7617. stop_type=1 speed=0.0
02-28 09:09:37.971 13511 13544 D NavigationTest: 197: (28.043910, -82.416357, 0.000000)	R:false  F:false
02-28 09:09:37.971 13511 13544 D NavServiceProvider: Second to last stop coordinates: 28.02499, -82.4165
02-28 09:09:37.972 13511 13544 D NavServiceProvider: Setting units automatically
02-28 09:09:37.973 13511 13544 D NavServiceProvider: Detecting stop. distance_d=2096.7617. stop_type=1 speed=0.0
02-28 09:09:37.973 13511 13544 D NavigationTest: 198: (28.043910, -82.416357, 0.000000)	R:false  F:false
02-28 09:09:37.973 13511 13544 D NavServiceProvider: Second to last stop coordinates: 28.02499, -82.4165
02-28 09:09:37.973 13511 13544 D NavServiceProvider: Setting units automatically
02-28 09:09:37.974 13511 13544 D NavServiceProvider: Detecting stop. distance_d=2096.7617. stop_type=1 speed=0.0
02-28 09:09:37.974 13511 13544 D NavigationTest: 199: (28.043910, -82.416357, 0.000000)	R:false  F:false
02-28 09:09:37.974 13511 13544 D NavServiceProvider: Second to last stop coordinates: 28.02499, -82.4165
02-28 09:09:37.975 13511 13544 D NavServiceProvider: Setting units automatically
02-28 09:09:37.976 13511 13544 D NavServiceProvider: Detecting stop. distance_d=2096.7617. stop_type=1 speed=0.0
02-28 09:09:37.976 13511 13544 D NavigationTest: 200: (28.043910, -82.416357, 0.000000)	R:false  F:false
02-28 09:09:37.976 13511 13544 D NavServiceProvider: Second to last stop coordinates: 28.02499, -82.4165
02-28 09:09:37.976 13511 13544 D NavServiceProvider: Setting units automatically
02-28 09:09:37.977 13511 13544 D NavServiceProvider: Detecting stop. distance_d=2096.651. stop_type=1 speed=0.0
02-28 09:09:37.978 13511 13544 D NavigationTest: 201: (28.043909, -82.416357, 0.000000)	R:false  F:false
02-28 09:09:37.978 13511 13544 D NavServiceProvider: Second to last stop coordinates: 28.02499, -82.4165
02-28 09:09:37.978 13511 13544 D NavServiceProvider: Setting units automatically
02-28 09:09:37.979 13511 13544 D NavServiceProvider: Detecting stop. distance_d=2096.651. stop_type=1 speed=0.0
02-28 09:09:37.979 13511 13544 D NavigationTest: 202: (28.043909, -82.416357, 0.000000)	R:false  F:false
02-28 09:09:37.979 13511 13544 D NavServiceProvider: Second to last stop coordinates: 28.02499, -82.4165
02-28 09:09:37.979 13511 13544 D NavServiceProvider: Setting units automatically
02-28 09:09:37.980 13511 13544 D NavServiceProvider: Detecting stop. distance_d=2092.1086. stop_type=1 speed=3.065289
02-28 09:09:37.980 13511 13544 D NavigationTest: 203: (28.043868, -82.416355, 3.065289)	R:false  F:false
02-28 09:09:37.980 13511 13544 D NavServiceProvider: Second to last stop coordinates: 28.02499, -82.4165
02-28 09:09:37.981 13511 13544 D NavServiceProvider: Setting units automatically
02-28 09:09:37.982 13511 13544 D NavServiceProvider: Detecting stop. distance_d=2087.232. stop_type=1 speed=4.302976
02-28 09:09:37.982 13511 13544 D NavigationTest: 204: (28.043824, -82.416356, 4.302976)	R:false  F:false
02-28 09:09:37.982 13511 13544 D NavServiceProvider: Second to last stop coordinates: 28.02499, -82.4165
02-28 09:09:37.982 13511 13544 D NavServiceProvider: Setting units automatically
02-28 09:09:37.983 13511 13544 D NavServiceProvider: Detecting stop. distance_d=2080.5784. stop_type=1 speed=5.633915
02-28 09:09:37.983 13511 13544 D NavigationTest: 205: (28.043764, -82.416363, 5.633915)	R:false  F:false
02-28 09:09:37.983 13511 13544 D NavServiceProvider: Second to last stop coordinates: 28.02499, -82.4165
02-28 09:09:37.983 13511 13544 D NavServiceProvider: Setting units automatically
02-28 09:09:37.984 13511 13544 D NavServiceProvider: Detecting stop. distance_d=2072.9392. stop_type=1 speed=6.450775
02-28 09:09:37.984 13511 13544 D NavigationTest: 206: (28.043695, -82.416352, 6.450775)	R:false  F:false
02-28 09:09:37.984 13511 13544 D NavServiceProvider: Second to last stop coordinates: 28.02499, -82.4165
02-28 09:09:37.985 13511 13544 D NavServiceProvider: Setting units automatically
02-28 09:09:37.986 13511 13544 D NavServiceProvider: Detecting stop. distance_d=2064.639. stop_type=1 speed=7.250062
02-28 09:09:37.986 13511 13544 D NavigationTest: 207: (28.043620, -82.416337, 7.250062)	R:false  F:false
02-28 09:09:37.986 13511 13544 D NavigationTest: 208: (28.043620, -82.416337, 7.250062)	R:false  F:false
02-28 09:09:37.986 13511 13544 D NavServiceProvider: Second to last stop coordinates: 28.02499, -82.4165
02-28 09:09:37.986 13511 13544 D NavServiceProvider: Setting units automatically
02-28 09:09:37.987 13511 13544 D NavServiceProvider: Detecting stop. distance_d=2056.4316. stop_type=1 speed=7.97
02-28 09:09:37.987 13511 13544 D NavigationTest: 209: (28.043546, -82.416346, 7.970000)	R:false  F:false
02-28 09:09:37.987 13511 13544 D NavServiceProvider: Second to last stop coordinates: 28.02499, -82.4165
02-28 09:09:37.988 13511 13544 D NavServiceProvider: Setting units automatically
02-28 09:09:37.989 13511 13544 D NavServiceProvider: Detecting stop. distance_d=2048.2312. stop_type=1 speed=8.070223
02-28 09:09:37.989 13511 13544 D NavigationTest: 210: (28.043472, -82.416346, 8.070223)	R:false  F:false
02-28 09:09:37.989 13511 13544 D NavServiceProvider: Second to last stop coordinates: 28.02499, -82.4165
02-28 09:09:37.989 13511 13544 D NavServiceProvider: Setting units automatically
02-28 09:09:37.990 13511 13544 D NavServiceProvider: Detecting stop. distance_d=2039.138. stop_type=1 speed=8.950201
02-28 09:09:37.990 13511 13544 D NavigationTest: 211: (28.043390, -82.416355, 8.950201)	R:false  F:false
02-28 09:09:37.990 13511 13544 D NavServiceProvider: Second to last stop coordinates: 28.02499, -82.4165
02-28 09:09:37.991 13511 13544 D NavServiceProvider: Setting units automatically
02-28 09:09:37.992 13511 13544 D NavServiceProvider: Detecting stop. distance_d=2029.0437. stop_type=1 speed=9.851299
02-28 09:09:37.992 13511 13544 D NavigationTest: 212: (28.043299, -82.416370, 9.851299)	R:false  F:false
02-28 09:09:37.992 13511 13544 D NavServiceProvider: Second to last stop coordinates: 28.02499, -82.4165
02-28 09:09:37.992 13511 13544 D NavServiceProvider: Setting units automatically
02-28 09:09:37.993 13511 13544 D NavServiceProvider: Detecting stop. distance_d=2017.8562. stop_type=1 speed=10.580681
02-28 09:09:37.993 13511 13544 D NavigationTest: 213: (28.043198, -82.416362, 10.580681)	R:false  F:false
02-28 09:09:37.993 13511 13544 D NavServiceProvider: Second to last stop coordinates: 28.02499, -82.4165
02-28 09:09:37.994 13511 13544 D NavServiceProvider: Setting units automatically
02-28 09:09:37.995 13511 13544 D NavServiceProvider: Detecting stop. distance_d=2005.6676. stop_type=1 speed=11.201142
02-28 09:09:37.995 13511 13544 D NavigationTest: 214: (28.043088, -82.416360, 11.201142)	R:false  F:false
02-28 09:09:37.995 13511 13544 D NavServiceProvider: Second to last stop coordinates: 28.02499, -82.4165
02-28 09:09:37.995 13511 13544 D NavServiceProvider: Setting units automatically
02-28 09:09:37.996 13511 13544 D NavServiceProvider: Detecting stop. distance_d=1992.9229. stop_type=1 speed=11.980267
02-28 09:09:37.996 13511 13544 D NavigationTest: 215: (28.042973, -82.416361, 11.980267)	R:false  F:false
02-28 09:09:37.996 13511 13544 D NavServiceProvider: Second to last stop coordinates: 28.02499, -82.4165
02-28 09:09:37.996 13511 13544 D NavServiceProvider: Setting units automatically
02-28 09:09:37.997 13511 13544 D NavServiceProvider: Detecting stop. distance_d=1981.6229. stop_type=1 speed=12.050037
02-28 09:09:37.997 13511 13544 D NavigationTest: 216: (28.042871, -82.416356, 12.050037)	R:false  F:false
02-28 09:09:37.997 13511 13544 D NavServiceProvider: Second to last stop coordinates: 28.02499, -82.4165
02-28 09:09:37.998 13511 13544 D NavServiceProvider: Setting units automatically
02-28 09:09:37.999 13511 13544 D NavServiceProvider: Detecting stop. distance_d=1970.6578. stop_type=1 speed=11.790513
02-28 09:09:37.999 13511 13544 D NavigationTest: 217: (28.042772, -82.416348, 11.790513)	R:false  F:false
02-28 09:09:37.999 13511 13544 D NavServiceProvider: Second to last stop coordinates: 28.02499, -82.4165
02-28 09:09:37.999 13511 13544 D NavServiceProvider: Setting units automatically
02-28 09:09:38.000 13511 13544 D NavServiceProvider: Detecting stop. distance_d=1956.4811. stop_type=1 speed=12.910872
02-28 09:09:38.000 13511 13544 D NavigationTest: 218: (28.042644, -82.416338, 12.910872)	R:false  F:false
02-28 09:09:38.000 13511 13544 D NavServiceProvider: Second to last stop coordinates: 28.02499, -82.4165
02-28 09:09:38.001 13511 13544 D NavServiceProvider: Setting units automatically
02-28 09:09:38.001 13511 13544 D NavServiceProvider: Detecting stop. distance_d=1943.4088. stop_type=1 speed=13.280542
02-28 09:09:38.002 13511 13544 D NavigationTest: 219: (28.042526, -82.416333, 13.280542)	R:false  F:false
02-28 09:09:38.002 13511 13544 D NavServiceProvider: Second to last stop coordinates: 28.02499, -82.4165
02-28 09:09:38.002 13511 13544 D NavServiceProvider: Setting units automatically
02-28 09:09:38.003 13511 13544 D NavServiceProvider: Detecting stop. distance_d=1929.8901. stop_type=1 speed=13.711608
02-28 09:09:38.003 13511 13544 D NavigationTest: 220: (28.042404, -82.416332, 13.711608)	R:false  F:false
02-28 09:09:38.003 13511 13544 D NavServiceProvider: Second to last stop coordinates: 28.02499, -82.4165
02-28 09:09:38.003 13511 13544 D NavServiceProvider: Setting units automatically
02-28 09:09:38.004 13511 13544 D NavServiceProvider: Detecting stop. distance_d=1915.3715. stop_type=1 speed=14.180794
02-28 09:09:38.004 13511 13544 D NavigationTest: 221: (28.042273, -82.416334, 14.180794)	R:false  F:false
02-28 09:09:38.004 13511 13544 D NavServiceProvider: Second to last stop coordinates: 28.02499, -82.4165
02-28 09:09:38.005 13511 13544 D NavServiceProvider: Setting units automatically
02-28 09:09:38.006 13511 13544 D NavServiceProvider: Detecting stop. distance_d=1900.852. stop_type=1 speed=14.520056
02-28 09:09:38.006 13511 13544 D NavigationTest: 222: (28.042142, -82.416337, 14.520056)	R:false  F:false
02-28 09:09:38.006 13511 13544 D NavServiceProvider: Second to last stop coordinates: 28.02499, -82.4165
02-28 09:09:38.006 13511 13544 D NavServiceProvider: Setting units automatically
02-28 09:09:38.007 13511 13544 D NavServiceProvider: Detecting stop. distance_d=1885.4546. stop_type=1 speed=14.830013
02-28 09:09:38.007 13511 13544 D NavigationTest: 223: (28.042003, -82.416330, 14.830013)	R:false  F:false
02-28 09:09:38.007 13511 13544 D NavServiceProvider: Second to last stop coordinates: 28.02499, -82.4165
02-28 09:09:38.007 13511 13544 D NavServiceProvider: Setting units automatically
02-28 09:09:38.008 13511 13544 D NavServiceProvider: Detecting stop. distance_d=1868.6151. stop_type=1 speed=15.160118
02-28 09:09:38.009 13511 13544 D NavigationTest: 224: (28.041851, -82.416325, 15.160118)	R:false  F:false
02-28 09:09:38.009 13511 13544 D NavServiceProvider: Second to last stop coordinates: 28.02499, -82.4165
02-28 09:09:38.009 13511 13544 D NavServiceProvider: Setting units automatically
02-28 09:09:38.010 13511 13544 D NavServiceProvider: Detecting stop. distance_d=1853.5424. stop_type=1 speed=15.390053
02-28 09:09:38.010 13511 13544 D NavigationTest: 225: (28.041715, -82.416327, 15.390053)	R:false  F:false
