02-28 09:09:44.578 13511 13544 I TestRunner: started: testTrip18(org.onebusaway.android.nav.test.NavigationTest)
02-28 09:09:44.579 13511 13511 I MonitoringInstr: Activities that are still in CREATED to STOPPED: 0
02-28 09:09:44.581  2666  3413 D Avrcp_ext: AudioManager Player: ID:23 -- type:android.media.SoundPool -- u/pid:10126/2688 -- state:idle -- attr:AudioAttributes: usage=USAGE_ASSISTANCE_SONIFICATION content=CONTENT_TYPE_SONIFICATION flags=0x800 tags= bundle=null
02-28 09:09:44.582  2666  3413 D Avrcp_ext: AudioManager Player: ID:1223 -- type:android.media.AudioTrack -- u/pid:10088/13579 -- state:started -- attr:AudioAttributes: usage=USAGE_MEDIA content=CONTENT_TYPE_SPEECH flags=0x800 tags= bundle=null
02-28 09:09:44.582  2666  3413 D Avrcp_ext: AudioManager isPlaying: true
02-28 09:09:44.582  2666  3413 V Avrcp_ext: updateCurrentMediaState: mMediaController: null
02-28 09:09:44.582  2666  3413 V Avrcp_ext: isMusicActive: true getBluetoothPlayState: 2
02-28 09:09:44.582  2666  3413 V Avrcp_ext: updateCurrentMediaState: isPlaying = false
02-28 09:09:44.582  2666  3413 V Avrcp_ext: Media update: id -1➡-1? [MediaAttributes: none] : [MediaAttributes: none]
02-28 09:09:44.582  2666  3413 V Avrcp_ext: newPlayStatus:2mReportedPlayStatus:-1
02-28 09:09:44.582  2666  3413 V Avrcp_ext: updatePlaybackState, state: PlaybackState {state=2, position=-1, buffered position=0, speed=0.0, updated=1787912, actions=0, custom actions=[], active item id=-1, error=null} device: null
02-28 09:09:44.582  2666  3413 V Avrcp_ext: Device: no name:
02-28 09:09:44.582  2666  3413 I chatty  : uid=1002(bluetooth) BluetoothAvrcpH identical 3 lines
02-28 09:09:44.582  2666  3413 V Avrcp_ext: Device: no name:
02-28 09:09:44.582  2666  3413 V Avrcp_ext: updatePlayerStateAndPosition, old=PlaybackState {state=2, position=-1, buffered position=0, speed=0.0, updated=1787899, actions=0, custom actions=[], active item id=-1, error=null}, state=PlaybackState {state=2, position=-1, buffered position=0, speed=0.0, updated=1787912, actions=0, custom actions=[], active item id=-1, error=null}
02-28 09:09:44.582  2666  3413 V Avrcp_ext: old state = PlaybackState {state=2, position=-1, buffered position=0, speed=0.0, updated=1787899, actions=0, custom actions=[], active item id=-1, error=null}, new state= PlaybackState {state=2, position=-1, buffered position=0, speed=0.0, updated=1787912, actions=0, custom actions=[], active item id=-1, error=null}
02-28 09:09:44.582  2666  3413 D HeadsetService: getHeadsetService(): returning com.android.bluetooth.hfp.HeadsetService@8a04d28
02-28 09:09:44.582  2666  3413 D HeadsetService:  isAudioOn: The number of audio connected devices 0
02-28 09:09:44.583  2666  3413 D HeadsetService: isScoOrCallActive(): Call Active:falseCall is Ringing:falseSCO is Active:false
02-28 09:09:44.583  2666  3413 D HeadsetService:  isAudioOn: The number of audio connected devices 0
02-28 09:09:44.583  2666  3413 I Avrcp_ext: updatePlayStatusForDevice: device: null
02-28 09:09:44.583  2666  3413 V Avrcp_ext: updatePlaybackState (1): old=PlaybackState {state=2, position=-1, buffered position=0, speed=0.0, updated=1787899, actions=0, custom actions=[], active item id=-1, error=null}(2), new=PlaybackState {state=2, position=-1, buffered position=0, speed=0.0, updated=1787912, actions=0, custom actions=[], active item id=-1, error=null}(2)
02-28 09:09:44.583  2666  3413 I Avrcp_ext: Exit updatePlayStatusForDevice
02-28 09:09:44.583  2666  3413 D HeadsetService:  isAudioOn: The number of audio connected devices 0
02-28 09:09:44.583  2666  3413 D HeadsetService: isScoOrCallActive(): Call Active:falseCall is Ringing:falseSCO is Active:false
02-28 09:09:44.584  2666  3413 D HeadsetService:  isAudioOn: The number of audio connected devices 0
02-28 09:09:44.584  2666  3413 I Avrcp_ext: updatePlayStatusForDevice: device: null
02-28 09:09:44.584  2666  3413 V Avrcp_ext: updatePlaybackState (1): old=PlaybackState {state=2, position=-1, buffered position=0, speed=0.0, updated=1787899, actions=0, custom actions=[], active item id=-1, error=null}(2), new=PlaybackState {state=2, position=-1, buffered position=0, speed=0.0, updated=1787912, actions=0, custom actions=[], active item id=-1, error=null}(2)
02-28 09:09:44.584  2666  3413 I Avrcp_ext: Exit updatePlayStatusForDevice
02-28 09:09:44.584  2666  3413 D HeadsetService:  isAudioOn: The number of audio connected devices 0
02-28 09:09:44.584  2666  3413 D HeadsetService: isScoOrCallActive(): Call Active:falseCall is Ringing:falseSCO is Active:false
02-28 09:09:44.584  2666  3413 D HeadsetService:  isAudioOn: The number of audio connected devices 0
02-28 09:09:44.584  2666  3413 I Avrcp_ext: updatePlayStatusForDevice: device: null
02-28 09:09:44.584  2666  3413 V Avrcp_ext: updatePlaybackState (1): old=PlaybackState {state=2, position=-1, buffered position=0, speed=0.0, updated=1787899, actions=0, custom actions=[], active item id=-1, error=null}(2), new=PlaybackState {state=2, position=-1, buffered position=0, speed=0.0, updated=1787912, actions=0, custom actions=[], active item id=-1, error=null}(2)
02-28 09:09:44.584  2666  3413 I Avrcp_ext: Exit updatePlayStatusForDevice
02-28 09:09:44.584  2666  3413 D HeadsetService:  isAudioOn: The number of audio connected devices 0
02-28 09:09:44.584  2666  3413 D HeadsetService: isScoOrCallActive(): Call Active:falseCall is Ringing:falseSCO is Active:false
02-28 09:09:44.584  2666  3413 D HeadsetService:  isAudioOn: The number of audio connected devices 0
02-28 09:09:44.584  2666  3413 I Avrcp_ext: updatePlayStatusForDevice: device: null
02-28 09:09:44.585  2666  3413 V Avrcp_ext: updatePlaybackState (1): old=PlaybackState {state=2, position=-1, buffered position=0, speed=0.0, updated=1787899, actions=0, custom actions=[], active item id=-1, error=null}(2), new=PlaybackState {state=2, position=-1, buffered position=0, speed=0.0, updated=1787912, actions=0, custom actions=[], active item id=-1, error=null}(2)
02-28 09:09:44.585  2666  3413 I Avrcp_ext: Exit updatePlayStatusForDevice
02-28 09:09:44.585  2666  3413 D HeadsetService:  isAudioOn: The number of audio connected devices 0
02-28 09:09:44.585  2666  3413 D HeadsetService: isScoOrCallActive(): Call Active:falseCall is Ringing:falseSCO is Active:false
02-28 09:09:44.585  2666  3413 D HeadsetService:  isAudioOn: The number of audio connected devices 0
02-28 09:09:44.585  2666  3413 I Avrcp_ext: updatePlayStatusForDevice: device: null
02-28 09:09:44.585  2666  3413 V Avrcp_ext: updatePlaybackState (1): old=PlaybackState {state=2, position=-1, buffered position=0, speed=0.0, updated=1787899, actions=0, custom actions=[], active item id=-1, error=null}(2), new=PlaybackState {state=2, position=-1, buffered position=0, speed=0.0, updated=1787912, actions=0, custom actions=[], active item id=-1, error=null}(2)
02-28 09:09:44.585  2666  3413 I Avrcp_ext: Exit updatePlayStatusForDevice
02-28 09:09:44.585  2666  3413 D Avrcp_ext: Enter sendPlayPosNotificationRsp
02-28 09:09:44.585  2666  3413 D Avrcp_ext: sendPlayPosNotificationRsp: Not registered or requesting.
02-28 09:09:44.585  2666  3413 D Avrcp_ext: Enter sendPlayPosNotificationRsp
02-28 09:09:44.585  2666  3413 D Avrcp_ext: sendPlayPosNotificationRsp: Not registered or requesting.
02-28 09:09:44.585  2666  3413 D Avrcp_ext: Enter sendPlayPosNotificationRsp
02-28 09:09:44.585  2666  3413 D Avrcp_ext: sendPlayPosNotificationRsp: Not registered or requesting.
02-28 09:09:44.585  2666  3413 D Avrcp_ext: Enter sendPlayPosNotificationRsp
02-28 09:09:44.585  2666  3413 D Avrcp_ext: sendPlayPosNotificationRsp: Not registered or requesting.
02-28 09:09:44.585  2666  3413 D Avrcp_ext: Enter sendPlayPosNotificationRsp
02-28 09:09:44.585  2666  3413 D Avrcp_ext: sendPlayPosNotificationRsp: Not registered or requesting.
02-28 09:09:44.585  2666  3413 V Avrcp_ext: Exit updatePlayerStateAndPosition
02-28 09:09:44.587 13511 13544 D NavServiceProvider: Creating NavigationServiceProvider...
02-28 09:09:44.587 13511 13544 D NavServiceProvider: Starting navigation for service
02-28 09:09:44.587 13511 13544 D NavServiceProvider: ProximityCalculator initializing...
02-28 09:09:44.587 13511 13544 D NavServiceProvider: Initializing ProximityCalculator
02-28 09:09:44.587 13511 13544 D NavServiceProvider: Number of path links: 1
02-28 09:09:44.587 13511 13544 D NavServiceProvider: Second to last stop coordinates: 28.053572, -82.416097
02-28 09:09:44.587 13511 13544 D NavServiceProvider: Setting units automatically
02-28 09:09:44.589 13511 13544 D NavServiceProvider: Detecting stop. distance_d=350.0951. stop_type=1 speed=0.0
02-28 09:09:44.589 13511 13544 D NavigationTest: 0: (28.050414, -82.416192, 0.000000)	R:false  F:false
02-28 09:09:44.589 13511 13544 D NavigationTest: 1: (28.050414, -82.416192, 0.000000)	R:false  F:false
02-28 09:09:44.589 13511 13544 D NavigationTest: 2: (28.050414, -82.416192, 0.000000)	R:false  F:false
02-28 09:09:44.589 13511 13544 D NavServiceProvider: Second to last stop coordinates: 28.053572, -82.416097
02-28 09:09:44.590 13511 13544 D NavServiceProvider: Setting units automatically
02-28 09:09:44.591 13511 13544 D NavServiceProvider: Detecting stop. distance_d=345.47028. stop_type=1 speed=0.0
02-28 09:09:44.591 13511 13544 D NavigationTest: 3: (28.050456, -82.416202, 0.000000)	R:false  F:false
02-28 09:09:44.591 13511 13544 D NavigationTest: 4: (28.050456, -82.416202, 0.000000)	R:false  F:false
02-28 09:09:44.591 13511 13544 D NavServiceProvider: Second to last stop coordinates: 28.053572, -82.416097
02-28 09:09:44.592 13511 13544 D NavServiceProvider: Setting units automatically
02-28 09:09:44.593 13511 13544 D NavServiceProvider: Detecting stop. distance_d=344.99393. stop_type=1 speed=0.0
02-28 09:09:44.593 13511 13544 D NavigationTest: 5: (28.050460, -82.416190, 0.000000)	R:false  F:false
02-28 09:09:44.593 13511 13544 D NavigationTest: 6: (28.050460, -82.416190, 0.000000)	R:false  F:false
02-28 09:09:44.593 13511 13544 D NavServiceProvider: Second to last stop coordinates: 28.053572, -82.416097
02-28 09:09:44.593 13511 13544 D NavServiceProvider: Setting units automatically
02-28 09:09:44.595 13511 13544 D NavServiceProvider: Detecting stop. distance_d=347.53934. stop_type=1 speed=0.0
02-28 09:09:44.595 13511 13544 D NavigationTest: 7: (28.050437, -82.416189, 0.000000)	R:false  F:false
02-28 09:09:44.595 13511 13544 D NavigationTest: 8: (28.050437, -82.416189, 0.000000)	R:false  F:false
02-28 09:09:44.595 13511 13544 D NavigationTest: 9: (28.050437, -82.416189, 0.000000)	R:false  F:false
02-28 09:09:44.595 13511 13544 D NavServiceProvider: Second to last stop coordinates: 28.053572, -82.416097
02-28 09:09:44.595 13511 13544 D NavServiceProvider: Setting units automatically
02-28 09:09:44.596 13511 13544 D NavServiceProvider: Detecting stop. distance_d=347.31775. stop_type=1 speed=0.5
02-28 09:09:44.596 13511 13544 D NavigationTest: 10: (28.050439, -82.416189, 0.500000)	R:false  F:false
02-28 09:09:44.596 13511 13544 D NavigationTest: 11: (28.050439, -82.416189, 0.500000)	R:false  F:false
02-28 09:09:44.596 13511 13544 D NavServiceProvider: Second to last stop coordinates: 28.053572, -82.416097
02-28 09:09:44.597 13511 13544 D NavServiceProvider: Setting units automatically
02-28 09:09:44.598 13511 13544 D NavServiceProvider: Detecting stop. distance_d=341.55194. stop_type=1 speed=2.75
02-28 09:09:44.598 13511 13544 D NavigationTest: 12: (28.050491, -82.416187, 2.750000)	R:false  F:false
02-28 09:09:44.598 13511 13544 D NavigationTest: 13: (28.050491, -82.416187, 2.750000)	R:false  F:false
02-28 09:09:44.598 13511 13544 D NavServiceProvider: Second to last stop coordinates: 28.053572, -82.416097
02-28 09:09:44.598 13511 13544 D NavServiceProvider: Setting units automatically
02-28 09:09:44.599 13511 13544 D NavServiceProvider: Detecting stop. distance_d=336.93506. stop_type=1 speed=4.0
02-28 09:09:44.599 13511 13544 D NavigationTest: 14: (28.050533, -82.416200, 4.000000)	R:false  F:false
02-28 09:09:44.599 13511 13544 D NavServiceProvider: Second to last stop coordinates: 28.053572, -82.416097
02-28 09:09:44.600 13511 13544 D NavServiceProvider: Setting units automatically
02-28 09:09:44.601 13511 13544 D NavServiceProvider: Detecting stop. distance_d=329.43445. stop_type=1 speed=6.5
02-28 09:09:44.601 13511 13544 D NavigationTest: 15: (28.050601, -82.416210, 6.500000)	R:false  F:false
02-28 09:09:44.601 13511 13544 D NavigationTest: 16: (28.050601, -82.416210, 6.500000)	R:false  F:false
02-28 09:09:44.601 13511 13544 D NavServiceProvider: Second to last stop coordinates: 28.053572, -82.416097
02-28 09:09:44.601 13511 13544 D NavServiceProvider: Setting units automatically
02-28 09:09:44.603 13511 13544 D NavServiceProvider: Detecting stop. distance_d=324.12842. stop_type=1 speed=6.5
02-28 09:09:44.603 13511 13544 D NavigationTest: 17: (28.050649, -82.416213, 6.500000)	R:false  F:false
02-28 09:09:44.603 13511 13544 D NavServiceProvider: Second to last stop coordinates: 28.053572, -82.416097
02-28 09:09:44.603 13511 13544 D NavServiceProvider: Setting units automatically
02-28 09:09:44.604 13511 13544 D NavServiceProvider: Detecting stop. distance_d=311.3449. stop_type=1 speed=9.75
02-28 09:09:44.604 13511 13544 D NavigationTest: 18: (28.050764, -82.416199, 9.750000)	R:false  F:false
02-28 09:09:44.604 13511 13544 D NavigationTest: 19: (28.050764, -82.416199, 9.750000)	R:false  F:false
02-28 09:09:44.604 13511 13544 D NavServiceProvider: Second to last stop coordinates: 28.053572, -82.416097
02-28 09:09:44.605 13511 13544 D NavServiceProvider: Setting units automatically
02-28 09:09:44.606 13511 13544 D NavServiceProvider: Detecting stop. distance_d=297.72812. stop_type=1 speed=11.25
02-28 09:09:44.606 13511 13544 D NavigationTest: 20: (28.050887, -82.416201, 11.250000)	R:false  F:false
02-28 09:09:44.606 13511 13544 D NavServiceProvider: Second to last stop coordinates: 28.053572, -82.416097
02-28 09:09:44.606 13511 13544 D NavServiceProvider: Setting units automatically
02-28 09:09:44.608 13511 13544 D NavServiceProvider: Detecting stop. distance_d=284.5522. stop_type=1 speed=12.5
02-28 09:09:44.608 13511 13544 D NavigationTest: 21: (28.051006, -82.416202, 12.500000)	R:false  F:false
02-28 09:09:44.608 13511 13544 D NavigationTest: 22: (28.051006, -82.416202, 12.500000)	R:false  F:false
02-28 09:09:44.608 13511 13544 D NavServiceProvider: Second to last stop coordinates: 28.053572, -82.416097
02-28 09:09:44.608 13511 13544 D NavServiceProvider: Setting units automatically
02-28 09:09:44.609 13511 13544 D NavServiceProvider: Detecting stop. distance_d=270.93448. stop_type=1 speed=13.75
02-28 09:09:44.609 13511 13544 D NavigationTest: 23: (28.051129, -82.416203, 13.750000)	R:false  F:false
02-28 09:09:44.609 13511 13544 D NavigationTest: 24: (28.051129, -82.416203, 13.750000)	R:false  F:false
02-28 09:09:44.609 13511 13544 D NavServiceProvider: Second to last stop coordinates: 28.053572, -82.416097
02-28 09:09:44.610 13511 13544 D NavServiceProvider: Setting units automatically
02-28 09:09:44.611 13511 13544 D NavServiceProvider: Detecting stop. distance_d=255.2144. stop_type=1 speed=14.75
02-28 09:09:44.611 13511 13544 D NavigationTest: 25: (28.051271, -82.416204, 14.750000)	R:false  F:false
02-28 09:09:44.611 13511 13544 D NavigationTest: 26: (28.051271, -82.416204, 14.750000)	R:false  F:false
02-28 09:09:44.611 13511 13544 D NavServiceProvider: Second to last stop coordinates: 28.053572, -82.416097
02-28 09:09:44.612 13511 13544 D NavServiceProvider: Setting units automatically
02-28 09:09:44.613 13511 13544 D NavServiceProvider: Detecting stop. distance_d=238.2831. stop_type=1 speed=15.75
02-28 09:09:44.613 13511 13544 D NavigationTest: 27: (28.051424, -82.416206, 15.750000)	R:false  F:false
02-28 09:09:44.613 13511 13544 D NavServiceProvider: Second to last stop coordinates: 28.053572, -82.416097
02-28 09:09:44.613 13511 13544 D NavServiceProvider: Setting units automatically
02-28 09:09:44.614   871   871 D msm8974_platform: platform_split_snd_device: snd_device(2) num devices(1) new_snd_devices(0)
02-28 09:09:44.614 13511 13544 D NavServiceProvider: Detecting stop. distance_d=223.18277. stop_type=1 speed=16.5
02-28 09:09:44.614 13511 13544 D NavigationTest: 28: (28.051560, -82.416196, 16.500000)	R:false  F:false
02-28 09:09:44.614 13511 13544 D NavigationTest: 29: (28.051560, -82.416196, 16.500000)	R:false  F:false
02-28 09:09:44.614 13511 13544 D NavServiceProvider: Second to last stop coordinates: 28.053572, -82.416097
02-28 09:09:44.615 13511 13544 D NavServiceProvider: Setting units automatically
02-28 09:09:44.616 13511 13544 D NavServiceProvider: Detecting stop. distance_d=206.79822. stop_type=1 speed=17.0
02-28 09:09:44.616 13511 13544 D NavigationTest: 30: (28.051708, -82.416196, 17.000000)	R:false  F:false
02-28 09:09:44.616 13511 13544 D NavServiceProvider: Second to last stop coordinates: 28.053572, -82.416097
02-28 09:09:44.616 13511 13544 D NavServiceProvider: Setting units automatically
02-28 09:09:44.618 13579 13596 D AudioTrack: stop(172): called with 4096 frames delivered
02-28 09:09:44.619 13579 13612 I SynthesisCache: streamCachedRequest call to callback.audioAvailable failed: -1
02-28 09:09:44.619 13579 13612 I GoogleTTSServiceImpl: Synthesis request for locale eng-USA and name en-US-language
02-28 09:09:44.620  2666  3413 D Avrcp_ext: AudioManager Player: ID:23 -- type:android.media.SoundPool -- u/pid:10126/2688 -- state:idle -- attr:AudioAttributes: usage=USAGE_ASSISTANCE_SONIFICATION content=CONTENT_TYPE_SONIFICATION flags=0x800 tags= bundle=null
02-28 09:09:44.620  2666  3413 D Avrcp_ext: AudioManager Player: ID:1223 -- type:android.media.AudioTrack -- u/pid:10088/13579 -- state:stopped -- attr:AudioAttributes: usage=USAGE_MEDIA content=CONTENT_TYPE_SPEECH flags=0x800 tags= bundle=null
02-28 09:09:44.620  2666  3413 D Avrcp_ext: AudioManager Player: ID:15 -- type:android.media.SoundPool -- u/pid:1000/1493 -- state:idle -- attr:AudioAttributes: usage=USAGE_ASSISTANCE_SONIFICATION content=CONTENT_TYPE_SONIFICATION flags=0x800 tags= bundle=null
02-28 09:09:44.620  2666  3413 D Avrcp_ext: AudioManager isPlaying: false
02-28 09:09:44.620  2666  3413 V Avrcp_ext: updateCurrentMediaState: mMediaController: null
02-28 09:09:44.620  2666  3413 V Avrcp_ext: isMusicActive: true getBluetoothPlayState: 2
02-28 09:09:44.620  2666  3413 V Avrcp_ext: updateCurrentMediaState: isPlaying = false
02-28 09:09:44.620  2666  3413 V Avrcp_ext: Media update: id -1➡-1? [MediaAttributes: none] : [MediaAttributes: none]
02-28 09:09:44.620  2666  3413 V Avrcp_ext: newPlayStatus:2mReportedPlayStatus:-1
02-28 09:09:44.620  2666  3413 V Avrcp_ext: updatePlaybackState, state: PlaybackState {state=2, position=-1, buffered position=0, speed=0.0, updated=1787951, actions=0, custom actions=[], active item id=-1, error=null} device: null
02-28 09:09:44.620 13579 13612 I GoogleTTSServiceImpl: TTS dispatch: en-us-x-iog-seanet-embedded
02-28 09:09:44.620  2666  3413 V Avrcp_ext: Device: no name:
02-28 09:09:44.620  2666  3413 I chatty  : uid=1002(bluetooth) BluetoothAvrcpH identical 3 lines
02-28 09:09:44.620  2666  3413 V Avrcp_ext: Device: no name:
02-28 09:09:44.620  2666  3413 V Avrcp_ext: updatePlayerStateAndPosition, old=PlaybackState {state=2, position=-1, buffered position=0, speed=0.0, updated=1787912, actions=0, custom actions=[], active item id=-1, error=null}, state=PlaybackState {state=2, position=-1, buffered position=0, speed=0.0, updated=1787951, actions=0, custom actions=[], active item id=-1, error=null}
02-28 09:09:44.620  2666  3413 V Avrcp_ext: old state = PlaybackState {state=2, position=-1, buffered position=0, speed=0.0, updated=1787912, actions=0, custom actions=[], active item id=-1, error=null}, new state= PlaybackState {state=2, position=-1, buffered position=0, speed=0.0, updated=1787951, actions=0, custom actions=[], active item id=-1, error=null}
02-28 09:09:44.620  2666  3413 D HeadsetService: getHeadsetService(): returning com.android.bluetooth.hfp.HeadsetService@8a04d28
02-28 09:09:44.620 13511 13544 D NavServiceProvider: -----Get ready!
02-28 09:09:44.620  2666  3413 D HeadsetService:  isAudioOn: The number of audio connected devices 0
02-28 09:09:44.620  2666  3413 D HeadsetService: isScoOrCallActive(): Call Active:falseCall is Ringing:falseSCO is Active:false
02-28 09:09:44.620  2666  3413 D HeadsetService:  isAudioOn: The number of audio connected devices 0
02-28 09:09:44.620  2666  3413 I Avrcp_ext: updatePlayStatusForDevice: device: null
02-28 09:09:44.621  2666  3413 V Avrcp_ext: updatePlaybackState (1): old=PlaybackState {state=2, position=-1, buffered position=0, speed=0.0, updated=1787912, actions=0, custom actions=[], active item id=-1, error=null}(2), new=PlaybackState {state=2, position=-1, buffered position=0, speed=0.0, updated=1787951, actions=0, custom actions=[], active item id=-1, error=null}(2)
02-28 09:09:44.621  2666  3413 I Avrcp_ext: Exit updatePlayStatusForDevice
02-28 09:09:44.621 13511 13544 D NavigationTest: 31: (28.051871, -82.416191, 17.500000)	R:true  F:false
02-28 09:09:44.621 13511 13544 D NavServiceProvider: Second to last stop coordinates: 28.053572, -82.416097
02-28 09:09:44.621  2666  3413 D HeadsetService:  isAudioOn: The number of audio connected devices 0
02-28 09:09:44.621  2666  3413 D HeadsetService: isScoOrCallActive(): Call Active:falseCall is Ringing:falseSCO is Active:false
02-28 09:09:44.621  2666  3413 D HeadsetService:  isAudioOn: The number of audio connected devices 0
02-28 09:09:44.621  2666  3413 I Avrcp_ext: updatePlayStatusForDevice: device: null
02-28 09:09:44.621  2666  3413 V Avrcp_ext: updatePlaybackState (1): old=PlaybackState {state=2, position=-1, buffered position=0, speed=0.0, updated=1787912, actions=0, custom actions=[], active item id=-1, error=null}(2), new=PlaybackState {state=2, position=-1, buffered position=0, speed=0.0, updated=1787951, actions=0, custom actions=[], active item id=-1, error=null}(2)
02-28 09:09:44.621  2666  3413 I Avrcp_ext: Exit updatePlayStatusForDevice
02-28 09:09:44.621  2666  3413 D HeadsetService:  isAudioOn: The number of audio connected devices 0
02-28 09:09:44.621  2666  3413 D HeadsetService: isScoOrCallActive(): Call Active:falseCall is Ringing:falseSCO is Active:false
02-28 09:09:44.621 13511 13544 D NavServiceProvider: Setting units automatically
02-28 09:09:44.621  2666  3413 D HeadsetService:  isAudioOn: The number of audio connected devices 0
02-28 09:09:44.621  2666  3413 I Avrcp_ext: updatePlayStatusForDevice: device: null
02-28 09:09:44.621  2666  3413 V Avrcp_ext: updatePlaybackState (1): old=PlaybackState {state=2, position=-1, buffered position=0, speed=0.0, updated=1787912, actions=0, custom actions=[], active item id=-1, error=null}(2), new=PlaybackState {state=2, position=-1, buffered position=0, speed=0.0, updated=1787951, actions=0, custom actions=[], active item id=-1, error=null}(2)
02-28 09:09:44.621  2666  3413 I Avrcp_ext: Exit updatePlayStatusForDevice
02-28 09:09:44.621  2666  3413 D HeadsetService:  isAudioOn: The number of audio connected devices 0
02-28 09:09:44.621  2666  3413 D HeadsetService: isScoOrCallActive(): Call Active:falseCall is Ringing:falseSCO is Active:false
02-28 09:09:44.621  2666  3413 D HeadsetService:  isAudioOn: The number of audio connected devices 0
02-28 09:09:44.621  2666  3413 I Avrcp_ext: updatePlayStatusForDevice: device: null
02-28 09:09:44.621  2666  3413 V Avrcp_ext: updatePlaybackState (1): old=PlaybackState {state=2, position=-1, buffered position=0, speed=0.0, updated=1787912, actions=0, custom actions=[], active item id=-1, error=null}(2), new=PlaybackState {state=2, position=-1, buffered position=0, speed=0.0, updated=1787951, actions=0, custom actions=[], active item id=-1, error=null}(2)
02-28 09:09:44.621  2666  3413 I Avrcp_ext: Exit updatePlayStatusForDevice
02-28 09:09:44.622  2666  3413 D HeadsetService:  isAudioOn: The number of audio connected devices 0
02-28 09:09:44.622  2666  3413 D HeadsetService: isScoOrCallActive(): Call Active:falseCall is Ringing:falseSCO is Active:false
02-28 09:09:44.622  2666  3413 D HeadsetService:  isAudioOn: The number of audio connected devices 0
02-28 09:09:44.622  2666  3413 I Avrcp_ext: updatePlayStatusForDevice: device: null
02-28 09:09:44.622  2666  3413 V Avrcp_ext: updatePlaybackState (1): old=PlaybackState {state=2, position=-1, buffered position=0, speed=0.0, updated=1787912, actions=0, custom actions=[], active item id=-1, error=null}(2), new=PlaybackState {state=2, position=-1, buffered position=0, speed=0.0, updated=1787951, actions=0, custom actions=[], active item id=-1, error=null}(2)
02-28 09:09:44.622  2666  3413 I Avrcp_ext: Exit updatePlayStatusForDevice
02-28 09:09:44.622  2666  3413 D Avrcp_ext: Enter sendPlayPosNotificationRsp
02-28 09:09:44.622  2666  3413 D Avrcp_ext: sendPlayPosNotificationRsp: Not registered or requesting.
02-28 09:09:44.622  2666  3413 D Avrcp_ext: Enter sendPlayPosNotificationRsp
02-28 09:09:44.622  2666  3413 D Avrcp_ext: sendPlayPosNotificationRsp: Not registered or requesting.
02-28 09:09:44.622  2666  3413 D Avrcp_ext: Enter sendPlayPosNotificationRsp
02-28 09:09:44.622  2666  3413 D Avrcp_ext: sendPlayPosNotificationRsp: Not registered or requesting.
02-28 09:09:44.622  2666  3413 D Avrcp_ext: Enter sendPlayPosNotificationRsp
02-28 09:09:44.622  2666  3413 D Avrcp_ext: sendPlayPosNotificationRsp: Not registered or requesting.
02-28 09:09:44.622  2666  3413 D Avrcp_ext: Enter sendPlayPosNotificationRsp
02-28 09:09:44.622  2666  3413 D Avrcp_ext: sendPlayPosNotificationRsp: Not registered or requesting.
02-28 09:09:44.622  2666  3413 V Avrcp_ext: Exit updatePlayerStateAndPosition
02-28 09:09:44.622 13511 13544 D NavServiceProvider: Detecting stop. distance_d=188.73174. stop_type=1 speed=17.5
02-28 09:09:44.623 13511 13544 D NavigationTest: 31: (28.051871, -82.416191, 17.500000)	R:true  F:false
02-28 09:09:44.623 13511 13544 D NavigationTest: 32: (28.051871, -82.416191, 17.500000)	R:true  F:false
02-28 09:09:44.623 13511 13544 D NavServiceProvider: Second to last stop coordinates: 28.053572, -82.416097
02-28 09:09:44.623 13511 13544 D NavServiceProvider: Setting units automatically
02-28 09:09:44.624  2666  3413 D Avrcp_ext: AudioManager Player: ID:23 -- type:android.media.SoundPool -- u/pid:10126/2688 -- state:idle -- attr:AudioAttributes: usage=USAGE_ASSISTANCE_SONIFICATION content=CONTENT_TYPE_SONIFICATION flags=0x800 tags= bundle=null
02-28 09:09:44.624  2666  3413 D Avrcp_ext: AudioManager Player: ID:15 -- type:android.media.SoundPool -- u/pid:1000/1493 -- state:idle -- attr:AudioAttributes: usage=USAGE_ASSISTANCE_SONIFICATION content=CONTENT_TYPE_SONIFICATION flags=0x800 tags= bundle=null
02-28 09:09:44.624  2666  3413 D Avrcp_ext: AudioManager isPlaying: false
02-28 09:09:44.624 13511 13544 D NavServiceProvider: Detecting stop. distance_d=170.13339. stop_type=1 speed=18.0
02-28 09:09:44.625 13511 13544 D NavigationTest: 33: (28.052039, -82.416190, 18.000000)	R:true  F:false
02-28 09:09:44.625 13511 13544 D NavigationTest: 34: (28.052039, -82.416190, 18.000000)	R:true  F:false
02-28 09:09:44.625 13511 13544 D NavServiceProvider: Second to last stop coordinates: 28.053572, -82.416097
02-28 09:09:44.625 13511 13544 D NavServiceProvider: Setting units automatically
02-28 09:09:44.627 13511 13544 D NavServiceProvider: Detecting stop. distance_d=152.8502. stop_type=1 speed=18.5
02-28 09:09:44.627 13511 13544 D NavigationTest: 35: (28.052195, -82.416186, 18.500000)	R:true  F:false
02-28 09:09:44.627 13511 13544 D NavServiceProvider: Second to last stop coordinates: 28.053572, -82.416097
02-28 09:09:44.627 13511 13544 D NavServiceProvider: Setting units automatically
02-28 09:09:44.629 13511 13544 D NavServiceProvider: Detecting stop. distance_d=135.49646. stop_type=1 speed=18.75
02-28 09:09:44.629 13511 13544 D NavigationTest: 36: (28.052352, -82.416188, 18.750000)	R:true  F:false
02-28 09:09:44.629 13511 13544 D NavigationTest: 37: (28.052352, -82.416188, 18.750000)	R:true  F:false
02-28 09:09:44.629 13511 13544 D NavServiceProvider: Second to last stop coordinates: 28.053572, -82.416097
02-28 09:09:44.629 13511 13544 D NavServiceProvider: Setting units automatically
02-28 09:09:44.631 13511 13544 D NavServiceProvider: Detecting stop. distance_d=117.00683. stop_type=1 speed=18.75
02-28 09:09:44.631 13511 13544 D NavigationTest: 38: (28.052519, -82.416184, 18.750000)	R:true  F:false
02-28 09:09:44.631 13511 13544 D NavServiceProvider: Second to last stop coordinates: 28.053572, -82.416097
02-28 09:09:44.631 13511 13544 D NavServiceProvider: Setting units automatically
02-28 09:09:44.633 13511 13544 D NavServiceProvider: Detecting stop. distance_d=97.472115. stop_type=1 speed=18.75
02-28 09:09:44.633 13511 13544 D NavServiceProvider: Case 1: false
02-28 09:09:44.633 13511 13544 D NavigationTest: 39: (28.052696, -82.416186, 18.750000)	R:true  F:false
02-28 09:09:44.633 13511 13544 D NavigationTest: 40: (28.052696, -82.416186, 18.750000)	R:true  F:false
02-28 09:09:44.633 13511 13544 D NavServiceProvider: Second to last stop coordinates: 28.053572, -82.416097
02-28 09:09:44.633 13511 13544 D NavServiceProvider: Setting units automatically
02-28 09:09:44.635 13511 13544 D NavServiceProvider: Detecting stop. distance_d=78.5232. stop_type=1 speed=19.0
02-28 09:09:44.635 13511 13544 D NavigationTest: 41: (28.052867, -82.416177, 19.000000)	R:true  F:false
02-28 09:09:44.635 13511 13544 D NavigationTest: 42: (28.052867, -82.416177, 19.000000)	R:true  F:false
02-28 09:09:44.635 13511 13544 D NavigationTest: 43: (28.052867, -82.416177, 19.000000)	R:true  F:false
02-28 09:09:44.635 13511 13544 D NavigationTest: 44: (28.052867, -82.416177, 19.000000)	R:true  F:false
02-28 09:09:44.636 13511 13544 D NavServiceProvider: Second to last stop coordinates: 28.053572, -82.416097
02-28 09:09:44.636 13511 13544 D NavServiceProvider: Setting units automatically
02-28 09:09:44.637 13511 13544 D NavServiceProvider: Detecting stop. distance_d=60.61636. stop_type=1 speed=18.75
02-28 09:09:44.637 13511 13544 D NavigationTest: 45: (28.053030, -82.416180, 18.750000)	R:true  F:false
02-28 09:09:44.637 13511 13544 D NavServiceProvider: Second to last stop coordinates: 28.053572, -82.416097
02-28 09:09:44.638 13511 13544 D NavServiceProvider: Setting units automatically
02-28 09:09:44.639 13511 13544 D NavServiceProvider: Detecting stop. distance_d=41.560715. stop_type=1 speed=18.5
02-28 09:09:44.639 13511 13544 D NavServiceProvider: Case 2: false
02-28 09:09:44.639 13511 13544 D NavigationTest: 46: (28.053205, -82.416184, 18.500000)	R:true  F:false
02-28 09:09:44.639 13511 13544 D NavigationTest: 47: (28.053205, -82.416184, 18.500000)	R:true  F:false
02-28 09:09:44.639 13511 13544 D NavServiceProvider: Second to last stop coordinates: 28.053572, -82.416097
02-28 09:09:44.640 13511 13544 D NavServiceProvider: Setting units automatically
02-28 09:09:44.641 13511 13544 D NavServiceProvider: Detecting stop. distance_d=24.255945. stop_type=1 speed=18.0
02-28 09:09:44.641 13511 13544 D NavigationTest: 48: (28.053370, -82.416192, 18.000000)	R:true  F:false
02-28 09:09:44.641 13511 13544 D NavigationTest: 49: (28.053370, -82.416192, 18.000000)	R:true  F:false
02-28 09:09:44.641 13511 13544 D NavServiceProvider: Second to last stop coordinates: 28.053572, -82.416097
02-28 09:09:44.641 13511 13544 D NavServiceProvider: Setting units automatically
02-28 09:09:44.642 13511 13544 D NavServiceProvider: Detecting stop. distance_d=9.946609. stop_type=1 speed=17.75
02-28 09:09:44.642 13511 13544 D NavServiceProvider: Case 3: false
02-28 09:09:44.642 13511 13544 D NavigationTest: 50: (28.053531, -82.416187, 17.750000)	R:true  F:false
02-28 09:09:44.643 13511 13544 D NavServiceProvider: Second to last stop coordinates: 28.053572, -82.416097
02-28 09:09:44.643 13511 13544 D NavServiceProvider: Setting units automatically
02-28 09:09:44.644 13511 13544 D NavServiceProvider: Detecting stop. distance_d=14.91551. stop_type=1 speed=17.0
02-28 09:09:44.644 13511 13544 D NavServiceProvider: Case 4: true
02-28 09:09:44.644 13511 13544 D NavServiceProvider: Proximity Event fired
02-28 09:09:44.644 13511 13544 D NavServiceProvider: Checking if path has more path links left to be navigated
02-28 09:09:44.644 13511 13544 D NavServiceProvider: PathLink index: 0 Number of PathLinks: 1
02-28 09:09:44.644 13511 13544 D NavServiceProvider: %%%%%%N%%%%%%%%% No more PathLinks left in Path %%%%%%%%%%%%%%%%%%%%%
02-28 09:09:44.644 13511 13544 D NavServiceProvider: Got to last stop
02-28 09:09:44.644 13511 13544 D NavServiceProvider: Alert 1 screen before last stop
02-28 09:09:44.644 13511 13544 D NavServiceProvider: Calling destination reached...
02-28 09:09:44.658 13511 13544 D NavServiceProvider: -----Get off the bus!
02-28 09:09:44.658 13511 13544 D NavigationTest: 51: (28.053681, -82.416186, 17.000000)	R:true  F:true
02-28 09:09:44.659 13511 13544 I System.out: O311C: INFO Log level changed: DEBUG
02-28 09:09:44.659 13511 13544 I System.out: O311C: INFO Dry run mode changed: true
02-28 09:09:44.659 13511 13544 W Application: Open311 issue reporting is in debug/dry run mode - no issues will be submitted.
02-28 09:09:44.659 13511 13544 I System.out: O311C: INFO clearOpen311
02-28 09:09:44.659 13511 13544 I TestRunner: finished: testTrip18(org.onebusaway.android.nav.test.NavigationTest)
