02-28 09:09:38.877 13511 13544 D NavServiceProvider: Setting units automatically
02-28 09:09:38.878 13511 13544 D NavServiceProvider: Detecting stop. distance_d=389.4168. stop_type=1 speed=4.330566
02-28 09:09:38.878 13511 13544 D NavigationTest: 295: (28.043512, -82.434658, 4.330566)	R:false  F:false
02-28 09:09:38.878 13511 13544 D NavServiceProvider: Second to last stop coordinates: 28.047024, -82.434526
02-28 09:09:38.878 13511 13544 D NavServiceProvider: Setting units automatically
02-28 09:09:38.879 13511 13544 D NavServiceProvider: Detecting stop. distance_d=383.9897. stop_type=1 speed=5.480584
02-28 09:09:38.879 13511 13544 D NavigationTest: 296: (28.043561, -82.434658, 5.480584)	R:false  F:false
02-28 09:09:38.879 13511 13544 D NavigationTest: 297: (28.043561, -82.434658, 5.480584)	R:false  F:false
02-28 09:09:38.879 13511 13544 D NavServiceProvider: Second to last stop coordinates: 28.047024, -82.434526
02-28 09:09:38.880 13511 13544 D NavServiceProvider: Setting units automatically
02-28 09:09:38.881 13511 13544 D NavServiceProvider: Detecting stop. distance_d=375.65988. stop_type=1 speed=6.542476
02-28 09:09:38.881 13511 13544 D NavigationTest: 298: (28.043636, -82.434651, 6.542476)	R:false  F:false
02-28 09:09:38.881 13511 13544 D NavigationTest: 299: (28.043636, -82.434651, 6.542476)	R:false  F:false
02-28 09:09:38.881 13511 13544 D NavigationTest: 300: (28.043636, -82.434651, 6.542476)	R:false  F:false
02-28 09:09:38.881 13511 13544 D NavServiceProvider: Second to last stop coordinates: 28.047024, -82.434526
02-28 09:09:38.881 13511 13544 D NavServiceProvider: Setting units automatically
02-28 09:09:38.882 13511 13544 D NavServiceProvider: Detecting stop. distance_d=368.56476. stop_type=1 speed=6.730119
02-28 09:09:38.882 13511 13544 D NavigationTest: 301: (28.043700, -82.434649, 6.730119)	R:false  F:false
02-28 09:09:38.882 13511 13544 D NavServiceProvider: Second to last stop coordinates: 28.047024, -82.434526
02-28 09:09:38.882 13511 13544 D NavServiceProvider: Setting units automatically
02-28 09:09:38.883 13511 13544 D NavServiceProvider: Detecting stop. distance_d=361.50333. stop_type=1 speed=6.930029
02-28 09:09:38.884 13511 13544 D NavigationTest: 302: (28.043764, -82.434657, 6.930029)	R:false  F:false
02-28 09:09:38.884 13511 13544 D NavigationTest: 303: (28.043764, -82.434657, 6.930029)	R:false  F:false
02-28 09:09:38.884 13511 13544 D NavServiceProvider: Second to last stop coordinates: 28.047024, -82.434526
02-28 09:09:38.884 13511 13544 D NavServiceProvider: Setting units automatically
02-28 09:09:38.885 13511 13544 D NavServiceProvider: Detecting stop. distance_d=353.78955. stop_type=1 speed=7.170028
02-28 09:09:38.885 13511 13544 D NavigationTest: 304: (28.043833, -82.434635, 7.170028)	R:false  F:false
02-28 09:09:38.885 13511 13544 D NavigationTest: 305: (28.043833, -82.434635, 7.170028)	R:false  F:false
02-28 09:09:38.885 13511 13544 D NavServiceProvider: Second to last stop coordinates: 28.047024, -82.434526
02-28 09:09:38.885 13511 13544 D NavServiceProvider: Setting units automatically
02-28 09:09:38.886 13511 13544 D NavServiceProvider: Detecting stop. distance_d=341.2081. stop_type=1 speed=9.230086
02-28 09:09:38.886 13511 13544 D NavigationTest: 306: (28.043947, -82.434649, 9.230086)	R:false  F:false
02-28 09:09:38.886 13511 13544 D NavServiceProvider: Second to last stop coordinates: 28.047024, -82.434526
02-28 09:09:38.887 13511 13544 D NavServiceProvider: Setting units automatically
02-28 09:09:38.888 13511 13544 D NavServiceProvider: Detecting stop. distance_d=334.47424. stop_type=1 speed=8.93009
02-28 09:09:38.888 13511 13544 D NavigationTest: 307: (28.044008, -82.434655, 8.930090)	R:false  F:false
02-28 09:09:38.888 13511 13544 D NavigationTest: 308: (28.044008, -82.434655, 8.930090)	R:false  F:false
02-28 09:09:38.888 13511 13544 D NavServiceProvider: Second to last stop coordinates: 28.047024, -82.434526
02-28 09:09:38.888 13511 13544 D NavServiceProvider: Setting units automatically
02-28 09:09:38.889 13511 13544 D NavServiceProvider: Detecting stop. distance_d=323.3298. stop_type=1 speed=9.850127
02-28 09:09:38.889 13511 13544 D NavigationTest: 309: (28.044109, -82.434665, 9.850127)	R:false  F:false
02-28 09:09:38.889 13511 13544 D NavServiceProvider: Second to last stop coordinates: 28.047024, -82.434526
02-28 09:09:38.890 13511 13544 D NavServiceProvider: Setting units automatically
02-28 09:09:38.891 13511 13544 D NavServiceProvider: Detecting stop. distance_d=315.83145. stop_type=1 speed=9.560021
02-28 09:09:38.891 13511 13544 D NavigationTest: 310: (28.044177, -82.434672, 9.560021)	R:false  F:false
02-28 09:09:38.891 13511 13544 D NavigationTest: 311: (28.044177, -82.434672, 9.560021)	R:false  F:false
02-28 09:09:38.891 13511 13544 D NavServiceProvider: Second to last stop coordinates: 28.047024, -82.434526
02-28 09:09:38.891 13511 13544 D NavServiceProvider: Setting units automatically
02-28 09:09:38.892 13511 13544 D NavServiceProvider: Detecting stop. distance_d=306.4843. stop_type=1 speed=9.440084
02-28 09:09:38.892 13511 13544 D NavigationTest: 312: (28.044262, -82.434685, 9.440084)	R:false  F:false
02-28 09:09:38.892 13511 13544 D NavigationTest: 313: (28.044262, -82.434685, 9.440084)	R:false  F:false
02-28 09:09:38.892 13511 13544 D NavServiceProvider: Second to last stop coordinates: 28.047024, -82.434526
02-28 09:09:38.893 13511 13544 D NavServiceProvider: Setting units automatically
02-28 09:09:38.894 13511 13544 D NavServiceProvider: Detecting stop. distance_d=295.43832. stop_type=1 speed=9.82002
02-28 09:09:38.894 13511 13544 D NavigationTest: 314: (28.044362, -82.434689, 9.820020)	R:false  F:false
02-28 09:09:38.894 13511 13544 D NavigationTest: 315: (28.044362, -82.434689, 9.820020)	R:false  F:false
02-28 09:09:38.894 13511 13544 D NavServiceProvider: Second to last stop coordinates: 28.047024, -82.434526
02-28 09:09:38.894 13511 13544 D NavServiceProvider: Setting units automatically
02-28 09:09:38.895 13511 13544 D NavServiceProvider: Detecting stop. distance_d=285.21533. stop_type=1 speed=9.96
02-28 09:09:38.895 13511 13544 D NavigationTest: 316: (28.044454, -82.434681, 9.960000)	R:false  F:false
02-28 09:09:38.895 13511 13544 D NavigationTest: 317: (28.044454, -82.434681, 9.960000)	R:false  F:false
02-28 09:09:38.895 13511 13544 D NavServiceProvider: Second to last stop coordinates: 28.047024, -82.434526
02-28 09:09:38.895 13511 13544 D NavServiceProvider: Setting units automatically
02-28 09:09:38.896 13511 13544 D NavServiceProvider: Detecting stop. distance_d=272.31702. stop_type=1 speed=10.630569
02-28 09:09:38.896 13511 13544 D NavigationTest: 318: (28.044573, -82.434724, 10.630569)	R:false  F:false
02-28 09:09:38.897 13511 13544 D NavigationTest: 319: (28.044573, -82.434724, 10.630569)	R:false  F:false
02-28 09:09:38.897 13511 13544 D NavServiceProvider: Second to last stop coordinates: 28.047024, -82.434526
02-28 09:09:38.897 13511 13544 D NavServiceProvider: Setting units automatically
02-28 09:09:38.898 13511 13544 D NavServiceProvider: Detecting stop. distance_d=259.20776. stop_type=1 speed=11.03
02-28 09:09:38.898 13511 13544 D NavigationTest: 320: (28.044689, -82.434680, 11.030000)	R:false  F:false
02-28 09:09:38.898 13511 13544 D NavServiceProvider: Second to last stop coordinates: 28.047024, -82.434526
02-28 09:09:38.898 13511 13544 D NavServiceProvider: Setting units automatically
02-28 09:09:38.899 13511 13544 D NavServiceProvider: Detecting stop. distance_d=241.90758. stop_type=1 speed=12.200005
02-28 09:09:38.899 13511 13544 D NavigationTest: 321: (28.044842, -82.434596, 12.200005)	R:false  F:false
02-28 09:09:38.900 13511 13544 D NavigationTest: 322: (28.044842, -82.434596, 12.200005)	R:false  F:false
02-28 09:09:38.900 13511 13544 D NavServiceProvider: Second to last stop coordinates: 28.047024, -82.434526
02-28 09:09:38.900 13511 13544 D NavServiceProvider: Setting units automatically
02-28 09:09:38.901 13511 13544 D NavServiceProvider: Detecting stop. distance_d=234.53365. stop_type=1 speed=10.370005
02-28 09:09:38.901 13511 13544 D NavigationTest: 323: (28.044909, -82.434611, 10.370005)	R:false  F:false
02-28 09:09:38.901 13511 13544 D NavigationTest: 324: (28.044909, -82.434611, 10.370005)	R:false  F:false
02-28 09:09:38.901 13511 13544 D NavServiceProvider: Second to last stop coordinates: 28.047024, -82.434526
02-28 09:09:38.901 13511 13544 D NavServiceProvider: Setting units automatically
02-28 09:09:38.902 13511 13544 D NavServiceProvider: Detecting stop. distance_d=232.82707. stop_type=1 speed=9.740005
02-28 09:09:38.902 13511 13544 D NavigationTest: 325: (28.044924, -82.434597, 9.740005)	R:false  F:false
02-28 09:09:38.902 13511 13544 D NavServiceProvider: Second to last stop coordinates: 28.047024, -82.434526
02-28 09:09:38.903 13511 13544 D NavServiceProvider: Setting units automatically
02-28 09:09:38.904 13511 13544 D NavServiceProvider: Detecting stop. distance_d=218.02821. stop_type=1 speed=10.460119
02-28 09:09:38.904 13511 13544 D NavigationTest: 326: (28.045057, -82.434571, 10.460119)	R:false  F:false
02-28 09:09:38.904 13511 13544 D NavigationTest: 327: (28.045057, -82.434571, 10.460119)	R:false  F:false
02-28 09:09:38.904 13511 13544 D NavServiceProvider: Second to last stop coordinates: 28.047024, -82.434526
02-28 09:09:38.904 13511 13544 D NavServiceProvider: Setting units automatically
02-28 09:09:38.905 13511 13544 D NavServiceProvider: Detecting stop. distance_d=209.35617. stop_type=1 speed=10.150177
02-28 09:09:38.905 13511 13544 D NavigationTest: 328: (28.045135, -82.434553, 10.150177)	R:false  F:false
02-28 09:09:38.905 13511 13544 D NavigationTest: 329: (28.045135, -82.434553, 10.150177)	R:false  F:false
02-28 09:09:38.905 13511 13544 D NavServiceProvider: Second to last stop coordinates: 28.047024, -82.434526
02-28 09:09:38.905 13511 13544 D NavServiceProvider: Setting units automatically
02-28 09:09:38.906 13511 13544 D NavServiceProvider: Detecting stop. distance_d=210.8914. stop_type=1 speed=7.52006
02-28 09:09:38.906 13511 13544 D NavigationTest: 330: (28.045121, -82.434521, 7.520060)	R:false  F:false
02-28 09:09:38.907 13511 13544 D NavServiceProvider: Second to last stop coordinates: 28.047024, -82.434526
02-28 09:09:38.907 13511 13544 D NavServiceProvider: Setting units automatically
02-28 09:09:38.909 13579 13616 D AudioTrack: stop(162): called with 6976 frames delivered
02-28 09:09:38.909 13579 13612 I EventProcessor: synthesizeMarkup call to callback.audioAvailable failed: -1
02-28 09:09:38.910  2666  3413 D Avrcp_ext: AudioManager Player: ID:23 -- type:android.media.SoundPool -- u/pid:10126/2688 -- state:idle -- attr:AudioAttributes: usage=USAGE_ASSISTANCE_SONIFICATION content=CONTENT_TYPE_SONIFICATION flags=0x800 tags= bundle=null
02-28 09:09:38.910  2666  3413 D Avrcp_ext: AudioManager Player: ID:1143 -- type:android.media.AudioTrack -- u/pid:10088/13579 -- state:stopped -- attr:AudioAttributes: usage=USAGE_MEDIA content=CONTENT_TYPE_SPEECH flags=0x800 tags= bundle=null
02-28 09:09:38.910  2666  3413 D Avrcp_ext: AudioManager Player: ID:15 -- type:android.media.SoundPool -- u/pid:1000/1493 -- state:idle -- attr:AudioAttributes: usage=USAGE_ASSISTANCE_SONIFICATION content=CONTENT_TYPE_SONIFICATION flags=0x800 tags= bundle=null
02-28 09:09:38.910  2666  3413 D Avrcp_ext: AudioManager isPlaying: false
02-28 09:09:38.910  2666  3413 V Avrcp_ext: updateCurrentMediaState: mMediaController: null
02-28 09:09:38.910  2666  3413 V Avrcp_ext: isMusicActive: true getBluetoothPlayState: 2
02-28 09:09:38.910  2666  3413 V Avrcp_ext: updateCurrentMediaState: isPlaying = false
02-28 09:09:38.910  2666  3413 V Avrcp_ext: Media update: id -1-1? [MediaAttributes: none] : [MediaAttributes: none]
02-28 09:09:38.910  2666  3413 V Avrcp_ext: newPlayStatus:2mReportedPlayStatus:-1
02-28 09:09:38.910  2666  3413 V Avrcp_ext: updatePlaybackState, state: PlaybackState {state=2, position=-1, buffered position=0, speed=0.0, updated=1782241, actions=0, custom actions=[], active item id=-1, error=null} device: null
02-28 09:09:38.911  2666  3413 V Avrcp_ext: Device: no name:
02-28 09:09:38.911  2666  3413 V Avrcp_ext: Device: no name:
02-28 09:09:38.911 13511 13544 D NavServiceProvider: -----Get ready!
02-28 09:09:38.911  2666  3413 V Avrcp_ext: Device: no name:
02-28 09:09:38.911  2666  3413 I chatty  : uid=1002(bluetooth) BluetoothAvrcpH identical 1 line
02-28 09:09:38.911  2666  3413 V Avrcp_ext: Device: no name:
02-28 09:09:38.911  2666  3413 V Avrcp_ext: updatePlayerStateAndPosition, old=PlaybackState {state=2, position=-1, buffered position=0, speed=0.0, updated=1782114, actions=0, custom actions=[], active item id=-1, error=null}, state=PlaybackState {state=2, position=-1, buffered position=0, speed=0.0, updated=1782241, actions=0, custom actions=[], active item id=-1, error=null}
02-28 09:09:38.911  2666  3413 V Avrcp_ext: old state = PlaybackState {state=2, position=-1, buffered position=0, speed=0.0, updated=1782114, actions=0, custom actions=[], active item id=-1, error=null}, new state= PlaybackState {state=2, position=-1, buffered position=0, speed=0.0, updated=1782241, actions=0, custom actions=[], active item id=-1, error=null}
02-28 09:09:38.911  2666  3413 D HeadsetService: getHeadsetService(): returning com.android.bluetooth.hfp.HeadsetService@8a04d28
02-28 09:09:38.911 13511 13544 D NavigationTest: 331: (28.045274, -82.434529, 10.101980)	R:true  F:false
02-28 09:09:38.911 13511 13544 D NavServiceProvider: Second to last stop coordinates: 28.047024, -82.434526
02-28 09:09:38.911  2666  3413 D HeadsetService:  isAudioOn: The number of audio connected devices 0
02-28 09:09:38.911  2666  3413 D HeadsetService: isScoOrCallActive(): Call Active:falseCall is Ringing:falseSCO is Active:false
02-28 09:09:38.911 13511 13544 D NavServiceProvider: Setting units automatically
02-28 09:09:38.912  2666  3413 D HeadsetService:  isAudioOn: The number of audio connected devices 0
02-28 09:09:38.912  2666  3413 I Avrcp_ext: updatePlayStatusForDevice: device: null
02-28 09:09:38.912  2666  3413 V Avrcp_ext: updatePlaybackState (1): old=PlaybackState {state=2, position=-1, buffered position=0, speed=0.0, updated=1782114, actions=0, custom actions=[], active item id=-1, error=null}(2), new=PlaybackState {state=2, position=-1, buffered position=0, speed=0.0, updated=1782241, actions=0, custom actions=[], active item id=-1, error=null}(2)
02-28 09:09:38.912  2666  3413 I Avrcp_ext: Exit updatePlayStatusForDevice
02-28 09:09:38.912 13579 13612 I GoogleTTSServiceImpl: Synthesis request for locale eng-USA and name en-US-language
02-28 09:09:38.912  2666  3413 D HeadsetService:  isAudioOn: The number of audio connected devices 0
02-28 09:09:38.912  2666  3413 D HeadsetService: isScoOrCallActive(): Call Active:falseCall is Ringing:falseSCO is Active:false
02-28 09:09:38.913  2666  3413 D HeadsetService:  isAudioOn: The number of audio connected devices 0
02-28 09:09:38.913  2666  3413 I Avrcp_ext: updatePlayStatusForDevice: device: null
02-28 09:09:38.913  2666  3413 V Avrcp_ext: updatePlaybackState (1): old=PlaybackState {state=2, position=-1, buffered position=0, speed=0.0, updated=1782114, actions=0, custom actions=[], active item id=-1, error=null}(2), new=PlaybackState {state=2, position=-1, buffered position=0, speed=0.0, updated=1782241, actions=0, custom actions=[], active item id=-1, error=null}(2)
02-28 09:09:38.913  2666  3413 I Avrcp_ext: Exit updatePlayStatusForDevice
02-28 09:09:38.913 13579 13612 I GoogleTTSServiceImpl: TTS dispatch: en-us-x-iog-seanet-embedded
02-28 09:09:38.913 13511 13544 D NavServiceProvider: Detecting stop. distance_d=193.93556. stop_type=1 speed=10.10198
02-28 09:09:38.913  2666  3413 D HeadsetService:  isAudioOn: The number of audio connected devices 0
02-28 09:09:38.913 13511 13544 D NavigationTest: 331: (28.045274, -82.434529, 10.101980)	R:true  F:false
02-28 09:09:38.913  2666  3413 D HeadsetService: isScoOrCallActive(): Call Active:falseCall is Ringing:falseSCO is Active:false
02-28 09:09:38.913 13511 13544 D NavigationTest: 332: (28.045274, -82.434529, 10.101980)	R:true  F:false
02-28 09:09:38.913 13511 13544 D NavServiceProvider: Second to last stop coordinates: 28.047024, -82.434526
02-28 09:09:38.913  2666  3413 D HeadsetService:  isAudioOn: The number of audio connected devices 0
02-28 09:09:38.913  2666  3413 I Avrcp_ext: updatePlayStatusForDevice: device: null
02-28 09:09:38.913  2666  3413 V Avrcp_ext: updatePlaybackState (1): old=PlaybackState {state=2, position=-1, buffered position=0, speed=0.0, updated=1782114, actions=0, custom actions=[], active item id=-1, error=null}(2), new=PlaybackState {state=2, position=-1, buffered position=0, speed=0.0, updated=1782241, actions=0, custom actions=[], active item id=-1, error=null}(2)
02-28 09:09:38.913  2666  3413 I Avrcp_ext: Exit updatePlayStatusForDevice
02-28 09:09:38.914  2666  3413 D HeadsetService:  isAudioOn: The number of audio connected devices 0
02-28 09:09:38.914 13511 13544 D NavServiceProvider: Setting units automatically
02-28 09:09:38.914  2666  3413 D HeadsetService: isScoOrCallActive(): Call Active:falseCall is Ringing:falseSCO is Active:false
02-28 09:09:38.914  2666  3413 D HeadsetService:  isAudioOn: The number of audio connected devices 0
02-28 09:09:38.915  2666  3413 I Avrcp_ext: updatePlayStatusForDevice: device: null
02-28 09:09:38.915  2666  3413 V Avrcp_ext: updatePlaybackState (1): old=PlaybackState {state=2, position=-1, buffered position=0, speed=0.0, updated=1782114, actions=0, custom actions=[], active item id=-1, error=null}(2), new=PlaybackState {state=2, position=-1, buffered position=0, speed=0.0, updated=1782241, actions=0, custom actions=[], active item id=-1, error=null}(2)
02-28 09:09:38.915  2666  3413 I Avrcp_ext: Exit updatePlayStatusForDevice
02-28 09:09:38.915 13511 13544 D NavServiceProvider: Detecting stop. distance_d=181.86192. stop_type=1 speed=10.431228
02-28 09:09:38.915 13511 13544 D NavigationTest: 333: (28.045383, -82.434541, 10.431228)	R:true  F:false
02-28 09:09:38.915  2666  3413 D HeadsetService:  isAudioOn: The number of audio connected devices 0
02-28 09:09:38.915 13511 13544 D NavServiceProvider: Second to last stop coordinates: 28.047024, -82.434526
02-28 09:09:38.915  2666  3413 D HeadsetService: isScoOrCallActive(): Call Active:falseCall is Ringing:falseSCO is Active:false
02-28 09:09:38.915  2666  3413 D HeadsetService:  isAudioOn: The number of audio connected devices 0
02-28 09:09:38.915  2666  3413 I Avrcp_ext: updatePlayStatusForDevice: device: null
02-28 09:09:38.915  2666  3413 V Avrcp_ext: updatePlaybackState (1): old=PlaybackState {state=2, position=-1, buffered position=0, speed=0.0, updated=1782114, actions=0, custom actions=[], active item id=-1, error=null}(2), new=PlaybackState {state=2, position=-1, buffered position=0, speed=0.0, updated=1782241, actions=0, custom actions=[], active item id=-1, error=null}(2)
02-28 09:09:38.915  2666  3413 I Avrcp_ext: Exit updatePlayStatusForDevice
02-28 09:09:38.915  2666  3413 D Avrcp_ext: Enter sendPlayPosNotificationRsp
02-28 09:09:38.915  2666  3413 D Avrcp_ext: sendPlayPosNotificationRsp: Not registered or requesting.
02-28 09:09:38.915  2666  3413 D Avrcp_ext: Enter sendPlayPosNotificationRsp
02-28 09:09:38.915  2666  3413 D Avrcp_ext: sendPlayPosNotificationRsp: Not registered or requesting.
02-28 09:09:38.915  2666  3413 D Avrcp_ext: Enter sendPlayPosNotificationRsp
02-28 09:09:38.915  2666  3413 D Avrcp_ext: sendPlayPosNotificationRsp: Not registered or requesting.
02-28 09:09:38.915  2666  3413 D Avrcp_ext: Enter sendPlayPosNotificationRsp
02-28 09:09:38.915  2666  3413 D Avrcp_ext: sendPlayPosNotificationRsp: Not registered or requesting.
02-28 09:09:38.915  2666  3413 D Avrcp_ext: Enter sendPlayPosNotificationRsp
02-28 09:09:38.915  2666  3413 D Avrcp_ext: sendPlayPosNotificationRsp: Not registered or requesting.
02-28 09:09:38.915  2666  3413 V Avrcp_ext: Exit updatePlayerStateAndPosition
02-28 09:09:38.915  2666  3413 D Avrcp_ext: AudioManager Player: ID:23 -- type:android.media.SoundPool -- u/pid:10126/2688 -- state:idle -- attr:AudioAttributes: usage=USAGE_ASSISTANCE_SONIFICATION content=CONTENT_TYPE_SONIFICATION flags=0x800 tags= bundle=null
02-28 09:09:38.915  2666  3413 D Avrcp_ext: AudioManager Player: ID:15 -- type:android.media.SoundPool -- u/pid:1000/1493 -- state:idle -- attr:AudioAttributes: usage=USAGE_ASSISTANCE_SONIFICATION content=CONTENT_TYPE_SONIFICATION flags=0x800 tags= bundle=null
02-28 09:09:38.915  2666  3413 D Avrcp_ext: AudioManager isPlaying: false
02-28 09:09:38.915 13511 13544 D NavServiceProvider: Setting units automatically
02-28 09:09:38.917 13511 13544 D NavServiceProvider: Detecting stop. distance_d=169.22316. stop_type=1 speed=10.850116
02-28 09:09:38.917 13511 13544 D NavigationTest: 334: (28.045497, -82.434521, 10.850116)	R:true  F:false
02-28 09:09:38.917 13511 13544 D NavigationTest: 335: (28.045497, -82.434521, 10.850116)	R:true  F:false
02-28 09:09:38.917 13511 13544 D NavigationTest: 336: (28.045497, -82.434521, 10.850116)	R:true  F:false
02-28 09:09:38.917 13511 13544 D NavServiceProvider: Second to last stop coordinates: 28.047024, -82.434526
02-28 09:09:38.917 13511 13544 D NavServiceProvider: Setting units automatically
02-28 09:09:38.919 13511 13544 D NavServiceProvider: Detecting stop. distance_d=154.84207. stop_type=1 speed=11.921358
02-28 09:09:38.919 13511 13544 D NavigationTest: 337: (28.045627, -82.434497, 11.921358)	R:true  F:false
02-28 09:09:38.919 13511 13544 D NavServiceProvider: Second to last stop coordinates: 28.047024, -82.434526
02-28 09:09:38.919 13511 13544 D NavServiceProvider: Setting units automatically
02-28 09:09:38.921 13511 13544 D NavServiceProvider: Detecting stop. distance_d=142.3217. stop_type=1 speed=11.684383
02-28 09:09:38.921 13511 13544 D NavigationTest: 338: (28.045740, -82.434497, 11.684383)	R:true  F:false
02-28 09:09:38.921 13511 13544 D NavigationTest: 339: (28.045740, -82.434497, 11.684383)	R:true  F:false
02-28 09:09:38.921 13511 13544 D NavServiceProvider: Second to last stop coordinates: 28.047024, -82.434526
02-28 09:09:38.922 13511 13544 D NavServiceProvider: Setting units automatically
02-28 09:09:38.923 13511 13544 D NavServiceProvider: Detecting stop. distance_d=127.7763. stop_type=1 speed=12.560017
02-28 09:09:38.923 13511 13544 D NavigationTest: 340: (28.045871, -82.434530, 12.560017)	R:true  F:false
02-28 09:09:38.923 13511 13544 D NavigationTest: 341: (28.045871, -82.434530, 12.560017)	R:true  F:false
02-28 09:09:38.923 13511 13544 D NavServiceProvider: Second to last stop coordinates: 28.047024, -82.434526
02-28 09:09:38.924 13511 13544 D NavServiceProvider: Setting units automatically
02-28 09:09:38.925 13511 13544 D NavServiceProvider: Detecting stop. distance_d=115.82381. stop_type=1 speed=12.260036
02-28 09:09:38.925 13511 13544 D NavigationTest: 342: (28.045979, -82.434546, 12.260036)	R:true  F:false
02-28 09:09:38.925 13511 13544 D NavServiceProvider: Second to last stop coordinates: 28.047024, -82.434526
02-28 09:09:38.926 13511 13544 D NavServiceProvider: Setting units automatically
02-28 09:09:38.927 13511 13544 D NavServiceProvider: Detecting stop. distance_d=105.670944. stop_type=1 speed=11.050073
02-28 09:09:38.927 13511 13544 D NavigationTest: 343: (28.046071, -82.434562, 11.050073)	R:true  F:false
02-28 09:09:38.927 13511 13544 D NavigationTest: 344: (28.046071, -82.434562, 11.050073)	R:true  F:false
02-28 09:09:38.927 13511 13544 D NavServiceProvider: Second to last stop coordinates: 28.047024, -82.434526
02-28 09:09:38.928 13511 13544 D NavServiceProvider: Setting units automatically
02-28 09:09:38.930 13511 13544 D NavServiceProvider: Detecting stop. distance_d=94.407166. stop_type=1 speed=11.191005
02-28 09:09:38.930 13511 13544 D NavServiceProvider: Case 1: false
02-28 09:09:38.930 13511 13544 D NavigationTest: 345: (28.046173, -82.434570, 11.191005)	R:true  F:false
02-28 09:09:38.930 13511 13544 D NavigationTest: 346: (28.046173, -82.434570, 11.191005)	R:true  F:false
02-28 09:09:38.930 13511 13544 D NavServiceProvider: Second to last stop coordinates: 28.047024, -82.434526
02-28 09:09:38.930 13511 13544 D NavServiceProvider: Setting units automatically
02-28 09:09:38.932 13511 13544 D NavServiceProvider: Detecting stop. distance_d=81.15859. stop_type=1 speed=11.840017
02-28 09:09:38.932 13511 13544 D NavigationTest: 347: (28.046293, -82.434576, 11.840017)	R:true  F:false
02-28 09:09:38.932 13511 13544 D NavigationTest: 348: (28.046293, -82.434576, 11.840017)	R:true  F:false
02-28 09:09:38.932 13511 13544 D NavServiceProvider: Second to last stop coordinates: 28.047024, -82.434526
02-28 09:09:38.932 13511 13544 D NavServiceProvider: Setting units automatically
02-28 09:09:38.933 13511 13544 D NavServiceProvider: Detecting stop. distance_d=69.284836. stop_type=1 speed=11.850068
02-28 09:09:38.933 13511 13544 D NavigationTest: 349: (28.046405, -82.434625, 11.850068)	R:true  F:false
02-28 09:09:38.933 13511 13544 D NavigationTest: 350: (28.046405, -82.434625, 11.850068)	R:true  F:false
02-28 09:09:38.934 13511 13544 D NavServiceProvider: Second to last stop coordinates: 28.047024, -82.434526
02-28 09:09:38.934 13511 13544 D NavServiceProvider: Setting units automatically
02-28 09:09:38.935 13511 13544 D NavServiceProvider: Detecting stop. distance_d=58.496223. stop_type=1 speed=11.56
02-28 09:09:38.935 13511 13544 D NavigationTest: 351: (28.046507, -82.434646, 11.560000)	R:true  F:false
02-28 09:09:38.935 13511 13544 D NavigationTest: 352: (28.046507, -82.434646, 11.560000)	R:true  F:false
02-28 09:09:38.935 13511 13544 D NavServiceProvider: Second to last stop coordinates: 28.047024, -82.434526
02-28 09:09:38.936 13511 13544 D NavServiceProvider: Setting units automatically
02-28 09:09:38.937 13511 13544 D NavServiceProvider: Detecting stop. distance_d=49.23088. stop_type=1 speed=11.390356
02-28 09:09:38.937 13511 13544 D NavServiceProvider: Case 2: false
02-28 09:09:38.937 13511 13544 D NavigationTest: 353: (28.046588, -82.434622, 11.390356)	R:true  F:false
02-28 09:09:38.937 13511 13544 D NavigationTest: 354: (28.046588, -82.434622, 11.390356)	R:true  F:false
02-28 09:09:38.937 13511 13544 D NavServiceProvider: Second to last stop coordinates: 28.047024, -82.434526
02-28 09:09:38.937 13511 13544 D NavServiceProvider: Setting units automatically
02-28 09:09:38.938 13511 13544 D NavServiceProvider: Detecting stop. distance_d=37.90382. stop_type=1 speed=9.860857
02-28 09:09:38.939 13511 13544 D NavigationTest: 355: (28.046691, -82.434614, 9.860857)	R:true  F:false
02-28 09:09:38.939 13511 13544 D NavServiceProvider: Second to last stop coordinates: 28.047024, -82.434526
02-28 09:09:38.939 13511 13544 D NavServiceProvider: Setting units automatically
02-28 09:09:38.940 13511 13544 D NavServiceProvider: Detecting stop. distance_d=27.920652. stop_type=1 speed=9.530189
02-28 09:09:38.940 13511 13544 D NavigationTest: 356: (28.046781, -82.434601, 9.530189)	R:true  F:false
02-28 09:09:38.940 13511 13544 D NavigationTest: 357: (28.046781, -82.434601, 9.530189)	R:true  F:false
02-28 09:09:38.940 13511 13544 D NavServiceProvider: Second to last stop coordinates: 28.047024, -82.434526
02-28 09:09:38.941 13511 13544 D NavServiceProvider: Setting units automatically
02-28 09:09:38.942 13511 13544 D NavServiceProvider: Detecting stop. distance_d=19.518972. stop_type=1 speed=9.360133
02-28 09:09:38.942 13511 13544 D NavServiceProvider: Case 3: false
02-28 09:09:38.942 13511 13544 D NavigationTest: 358: (28.046864, -82.434609, 9.360133)	R:true  F:false
02-28 09:09:38.942 13511 13544 D NavigationTest: 359: (28.046864, -82.434609, 9.360133)	R:true  F:false
02-28 09:09:38.942 13511 13544 D NavServiceProvider: Second to last stop coordinates: 28.047024, -82.434526
02-28 09:09:38.943 13511 13544 D NavServiceProvider: Setting units automatically
02-28 09:09:38.944 13511 13544 D NavServiceProvider: Detecting stop. distance_d=16.243902. stop_type=1 speed=7.830006
02-28 09:09:38.944 13511 13544 D NavServiceProvider: Case 4: false
02-28 09:09:38.944 13511 13544 D NavigationTest: 360: (28.046908, -82.434627, 7.830006)	R:true  F:false
02-28 09:09:38.944 13511 13544 D NavigationTest: 361: (28.046908, -82.434627, 7.830006)	R:true  F:false
02-28 09:09:38.944 13511 13544 D NavServiceProvider: Second to last stop coordinates: 28.047024, -82.434526
02-28 09:09:38.944 13511 13544 D NavServiceProvider: Setting units automatically
02-28 09:09:38.946 13511 13544 D NavServiceProvider: Detecting stop. distance_d=12.97949. stop_type=1 speed=5.971884
02-28 09:09:38.946 13511 13544 D NavigationTest: 362: (28.046962, -82.434638, 5.971884)	R:true  F:false
02-28 09:09:38.946 13511 13544 D NavServiceProvider: Second to last stop coordinates: 28.047024, -82.434526
02-28 09:09:38.946 13511 13544 D NavServiceProvider: Setting units automatically
02-28 09:09:38.947 13511 13544 D NavServiceProvider: Detecting stop. distance_d=11.568682. stop_type=1 speed=3.740214
02-28 09:09:38.947 13511 13544 D NavigationTest: 363: (28.046992, -82.434638, 3.740214)	R:true  F:false
02-28 09:09:38.947 13511 13544 D NavigationTest: 364: (28.046992, -82.434638, 3.740214)	R:true  F:false
02-28 09:09:38.947 13511 13544 D NavServiceProvider: Second to last stop coordinates: 28.047024, -82.434526
02-28 09:09:38.947 13511 13544 D NavServiceProvider: Setting units automatically
02-28 09:09:38.949 13511 13544 D NavServiceProvider: Detecting stop. distance_d=10.632915. stop_type=1 speed=3.610055
02-28 09:09:38.949 13511 13544 D NavigationTest: 365: (28.047019, -82.434634, 3.610055)	R:true  F:false
02-28 09:09:38.949 13511 13544 D NavigationTest: 366: (28.047019, -82.434634, 3.610055)	R:true  F:false
02-28 09:09:38.949 13511 13544 D NavServiceProvider: Second to last stop coordinates: 28.047024, -82.434526
02-28 09:09:38.949 13511 13544 D NavServiceProvider: Setting units automatically
02-28 09:09:38.950 13511 13544 D NavServiceProvider: Detecting stop. distance_d=11.144696. stop_type=1 speed=3.830117
02-28 09:09:38.950 13511 13544 D NavigationTest: 367: (28.047064, -82.434630, 3.830117)	R:true  F:false
02-28 09:09:38.950 13511 13544 D NavigationTest: 368: (28.047064, -82.434630, 3.830117)	R:true  F:false
02-28 09:09:38.950 13511 13544 D NavServiceProvider: Second to last stop coordinates: 28.047024, -82.434526
02-28 09:09:38.951 13511 13544 D NavServiceProvider: Setting units automatically
02-28 09:09:38.952 13511 13544 D NavServiceProvider: Detecting stop. distance_d=14.997389. stop_type=1 speed=4.910041
02-28 09:09:38.952 13511 13544 D NavigationTest: 369: (28.047123, -82.434630, 4.910041)	R:true  F:false
02-28 09:09:38.952 13511 13544 D NavigationTest: 370: (28.047123, -82.434630, 4.910041)	R:true  F:false
02-28 09:09:38.952 13511 13544 D NavServiceProvider: Second to last stop coordinates: 28.047024, -82.434526
02-28 09:09:38.953 13511 13544 D NavServiceProvider: Setting units automatically
02-28 09:09:38.956 13511 13544 D NavServiceProvider: Detecting stop. distance_d=21.4386. stop_type=1 speed=6.14
02-28 09:09:38.956 13511 13544 D NavServiceProvider: Case 5: true
02-28 09:09:38.956 13511 13544 D NavServiceProvider: Proximity Event fired
02-28 09:09:38.956 13511 13544 D NavServiceProvider: Checking if path has more path links left to be navigated
02-28 09:09:38.956 13511 13544 D NavServiceProvider: PathLink index: 0 Number of PathLinks: 1
02-28 09:09:38.956 13511 13544 D NavServiceProvider: %%%%%%N%%%%%%%%% No more PathLinks left in Path %%%%%%%%%%%%%%%%%%%%%
02-28 09:09:38.956 13511 13544 D NavServiceProvider: Got to last stop
02-28 09:09:38.956 13511 13544 D NavServiceProvider: Alert 1 screen before last stop
02-28 09:09:38.956 13511 13544 D NavServiceProvider: Calling destination reached...
02-28 09:09:38.963 13511 13544 D NavServiceProvider: -----Get off the bus!
02-28 09:09:38.963 13511 13544 D NavigationTest: 371: (28.047201, -82.434614, 6.140000)	R:true  F:true
02-28 09:09:38.964 13511 13544 I System.out: O311C: INFO Log level changed: DEBUG
02-28 09:09:38.964 13511 13544 I System.out: O311C: INFO Dry run mode changed: true
02-28 09:09:38.964 13511 13544 W Application: Open311 issue reporting is in debug/dry run mode - no issues will be submitted.
02-28 09:09:38.964 13511 13544 I System.out: O311C: INFO clearOpen311
02-28 09:09:38.964 13511 13544 I TestRunner: finished: testTrip11(org.onebusaway.android.nav.test.NavigationTest)
