02-28 09:09:44.345 13511 13544 I TestRunner: started: testTrip17(org.onebusaway.android.nav.test.NavigationTest)
02-28 09:09:44.347 13511 13511 I MonitoringInstr: Activities that are still in CREATED to STOPPED: 0
02-28 09:09:44.355 13511 13544 D NavServiceProvider: Creating NavigationServiceProvider...
02-28 09:09:44.355 13511 13544 D NavServiceProvider: Starting navigation for service
02-28 09:09:44.355 13511 13544 D NavServiceProvider: ProximityCalculator initializing...
02-28 09:09:44.355 13511 13544 D NavServiceProvider: Initializing ProximityCalculator
02-28 09:09:44.355 13511 13544 D NavServiceProvider: Number of path links: 1
02-28 09:09:44.355 13511 13544 D NavServiceProvider: Second to last stop coordinates: 28.066063, -82.419212
02-28 09:09:44.356 13511 13544 D NavServiceProvider: Setting units automatically
02-28 09:09:44.358 13511 13544 D NavServiceProvider: Detecting stop. distance_d=543.9236. stop_type=1 speed=0.75
02-28 09:09:44.358 13511 13544 D NavigationTest: 0: (28.064758, -82.413878, 0.750000)	R:false  F:false
02-28 09:09:44.358 13511 13544 D NavigationTest: 1: (28.064758, -82.413878, 0.750000)	R:false  F:false
02-28 09:09:44.358 13511 13544 D NavigationTest: 2: (28.064758, -82.413878, 0.750000)	R:false  F:false
02-28 09:09:44.358 13511 13544 D NavigationTest: 3: (28.064758, -82.413878, 0.750000)	R:false  F:false
02-28 09:09:44.358 13511 13544 D NavServiceProvider: Second to last stop coordinates: 28.066063, -82.419212
02-28 09:09:44.358 13511 13544 D NavServiceProvider: Setting units automatically
02-28 09:09:44.360 13511 13544 D NavServiceProvider: Detecting stop. distance_d=543.1922. stop_type=1 speed=1.0
02-28 09:09:44.360 13511 13544 D NavigationTest: 4: (28.064770, -82.413882, 1.000000)	R:false  F:false
02-28 09:09:44.360 13511 13544 D NavigationTest: 5: (28.064770, -82.413882, 1.000000)	R:false  F:false
02-28 09:09:44.360 13511 13544 D NavServiceProvider: Second to last stop coordinates: 28.066063, -82.419212
02-28 09:09:44.361 13511 13544 D NavServiceProvider: Setting units automatically
02-28 09:09:44.362 13511 13544 D NavServiceProvider: Detecting stop. distance_d=542.959. stop_type=1 speed=1.0
02-28 09:09:44.362 13511 13544 D NavigationTest: 6: (28.064778, -82.413882, 1.000000)	R:false  F:false
02-28 09:09:44.362 13511 13544 D NavServiceProvider: Second to last stop coordinates: 28.066063, -82.419212
02-28 09:09:44.363 13511 13544 D NavServiceProvider: Setting units automatically
02-28 09:09:44.365 13511 13544 D NavServiceProvider: Detecting stop. distance_d=542.822. stop_type=1 speed=1.25
02-28 09:09:44.365 13511 13544 D NavigationTest: 7: (28.064786, -82.413881, 1.250000)	R:false  F:false
02-28 09:09:44.365 13511 13544 D NavigationTest: 8: (28.064786, -82.413881, 1.250000)	R:false  F:false
02-28 09:09:44.365 13511 13544 D NavServiceProvider: Second to last stop coordinates: 28.066063, -82.419212
02-28 09:09:44.366 13511 13544 D NavServiceProvider: Setting units automatically
02-28 09:09:44.367 13511 13544 D NavServiceProvider: Detecting stop. distance_d=542.56287. stop_type=1 speed=1.0
02-28 09:09:44.367 13511 13544 D NavigationTest: 9: (28.064795, -82.413881, 1.000000)	R:false  F:false
02-28 09:09:44.368 13511 13544 D NavServiceProvider: Second to last stop coordinates: 28.066063, -82.419212
02-28 09:09:44.368 13511 13544 D NavServiceProvider: Setting units automatically
02-28 09:09:44.370 13511 13544 D NavServiceProvider: Detecting stop. distance_d=542.46686. stop_type=1 speed=1.0
02-28 09:09:44.370 13511 13544 D NavigationTest: 10: (28.064805, -82.413879, 1.000000)	R:false  F:false
02-28 09:09:44.370 13511 13544 D NavigationTest: 11: (28.064805, -82.413879, 1.000000)	R:false  F:false
02-28 09:09:44.370 13511 13544 D NavServiceProvider: Second to last stop coordinates: 28.066063, -82.419212
02-28 09:09:44.371 13511 13544 D NavServiceProvider: Setting units automatically
02-28 09:09:44.372 13511 13544 D NavServiceProvider: Detecting stop. distance_d=542.21136. stop_type=1 speed=1.0
02-28 09:09:44.373 13511 13544 D NavigationTest: 12: (28.064814, -82.413879, 1.000000)	R:false  F:false
02-28 09:09:44.373 13511 13544 D NavigationTest: 13: (28.064814, -82.413879, 1.000000)	R:false  F:false
02-28 09:09:44.373 13511 13544 D NavServiceProvider: Second to last stop coordinates: 28.066063, -82.419212
02-28 09:09:44.373 13511 13544 D NavServiceProvider: Setting units automatically
02-28 09:09:44.375 13511 13544 D NavServiceProvider: Detecting stop. distance_d=542.01886. stop_type=1 speed=1.5
02-28 09:09:44.375 13511 13544 D NavigationTest: 14: (28.064831, -82.413876, 1.500000)	R:false  F:false
02-28 09:09:44.375 13511 13544 D NavServiceProvider: Second to last stop coordinates: 28.066063, -82.419212
02-28 09:09:44.376 13511 13544 D NavServiceProvider: Setting units automatically
02-28 09:09:44.378 13511 13544 D NavServiceProvider: Detecting stop. distance_d=541.5349. stop_type=1 speed=1.5
02-28 09:09:44.378 13511 13544 D NavigationTest: 15: (28.064845, -82.413877, 1.500000)	R:false  F:false
02-28 09:09:44.378 13511 13544 D NavigationTest: 16: (28.064845, -82.413877, 1.500000)	R:false  F:false
02-28 09:09:44.378 13511 13544 D NavServiceProvider: Second to last stop coordinates: 28.066063, -82.419212
02-28 09:09:44.379 13511 13544 D NavServiceProvider: Setting units automatically
02-28 09:09:44.379 13579 13612 W EventProcessor: callback.start() returned error code: -1
02-28 09:09:44.381 13511 13544 D NavServiceProvider: Detecting stop. distance_d=538.82324. stop_type=1 speed=2.75
02-28 09:09:44.381 13511 13544 D NavigationTest: 17: (28.064878, -82.413896, 2.750000)	R:false  F:false
02-28 09:09:44.381 13511 13544 D NavServiceProvider: Second to last stop coordinates: 28.066063, -82.419212
02-28 09:09:44.383 13511 13544 D NavServiceProvider: Setting units automatically
02-28 09:09:44.384 13511 13544 D NavServiceProvider: Detecting stop. distance_d=534.95197. stop_type=1 speed=4.0
02-28 09:09:44.385 13511 13544 D NavigationTest: 18: (28.064905, -82.413929, 4.000000)	R:false  F:false
02-28 09:09:44.385 13511 13544 D NavigationTest: 19: (28.064905, -82.413929, 4.000000)	R:false  F:false
02-28 09:09:44.385 13511 13544 D NavServiceProvider: Second to last stop coordinates: 28.066063, -82.419212
02-28 09:09:44.385 13511 13544 D NavServiceProvider: Setting units automatically
02-28 09:09:44.387 13511 13544 D NavServiceProvider: Detecting stop. distance_d=529.52765. stop_type=1 speed=5.0
02-28 09:09:44.387 13511 13544 D NavigationTest: 20: (28.064926, -82.413980, 5.000000)	R:false  F:false
02-28 09:09:44.387 13511 13544 D NavServiceProvider: Second to last stop coordinates: 28.066063, -82.419212
02-28 09:09:44.388 13511 13544 D NavServiceProvider: Setting units automatically
02-28 09:09:44.389 13511 13544 D NavServiceProvider: Detecting stop. distance_d=519.56036. stop_type=1 speed=5.25
02-28 09:09:44.389 13511 13544 D NavigationTest: 21: (28.064917, -82.414087, 5.250000)	R:false  F:false
02-28 09:09:44.389 13511 13544 D NavigationTest: 22: (28.064917, -82.414087, 5.250000)	R:false  F:false
02-28 09:09:44.389 13511 13544 D NavServiceProvider: Second to last stop coordinates: 28.066063, -82.419212
02-28 09:09:44.390 13511 13544 D NavServiceProvider: Setting units automatically
02-28 09:09:44.391 13511 13544 D NavServiceProvider: Detecting stop. distance_d=513.3254. stop_type=1 speed=5.75
02-28 09:09:44.391 13511 13544 D NavigationTest: 23: (28.064922, -82.414151, 5.750000)	R:false  F:false
02-28 09:09:44.391 13511 13544 D NavServiceProvider: Second to last stop coordinates: 28.066063, -82.419212
02-28 09:09:44.392 13511 13544 D NavServiceProvider: Setting units automatically
02-28 09:09:44.394 13511 13544 D NavServiceProvider: Detecting stop. distance_d=509.09436. stop_type=1 speed=3.75
02-28 09:09:44.394 13511 13544 D NavigationTest: 24: (28.064920, -82.414196, 3.750000)	R:false  F:false
02-28 09:09:44.394 13511 13544 D NavigationTest: 25: (28.064920, -82.414196, 3.750000)	R:false  F:false
02-28 09:09:44.394 13511 13544 D NavServiceProvider: Second to last stop coordinates: 28.066063, -82.419212
02-28 09:09:44.395 13511 13544 D NavServiceProvider: Setting units automatically
02-28 09:09:44.396 13511 13544 D NavServiceProvider: Detecting stop. distance_d=505.44946. stop_type=1 speed=3.75
02-28 09:09:44.396 13511 13544 D NavigationTest: 26: (28.064921, -82.414234, 3.750000)	R:false  F:false
02-28 09:09:44.396 13511 13544 D NavServiceProvider: Second to last stop coordinates: 28.066063, -82.419212
02-28 09:09:44.397 13511 13544 D NavServiceProvider: Setting units automatically
02-28 09:09:44.397 13579 13612 I GoogleTTSServiceImpl: Synthesis request for locale eng-USA and name en-US-language
02-28 09:09:44.397 13579 13612 I GoogleTTSServiceImpl: TTS dispatch: en-us-x-iog-seanet-embedded
02-28 09:09:44.398 13511 13544 D NavServiceProvider: Detecting stop. distance_d=502.8018. stop_type=1 speed=3.25
02-28 09:09:44.398 13511 13544 D NavigationTest: 27: (28.064917, -82.414263, 3.250000)	R:false  F:false
02-28 09:09:44.398 13511 13544 D NavigationTest: 28: (28.064917, -82.414263, 3.250000)	R:false  F:false
02-28 09:09:44.398 13511 13544 D NavServiceProvider: Second to last stop coordinates: 28.066063, -82.419212
02-28 09:09:44.399 13511 13544 D NavServiceProvider: Setting units automatically
02-28 09:09:44.400 13511 13544 D NavServiceProvider: Detecting stop. distance_d=499.55118. stop_type=1 speed=4.0
02-28 09:09:44.400 13511 13544 D NavigationTest: 29: (28.064921, -82.414296, 4.000000)	R:false  F:false
02-28 09:09:44.400 13511 13544 D NavigationTest: 30: (28.064921, -82.414296, 4.000000)	R:false  F:false
02-28 09:09:44.400 13511 13544 D NavServiceProvider: Second to last stop coordinates: 28.066063, -82.419212
02-28 09:09:44.401 13511 13544 D NavServiceProvider: Setting units automatically
02-28 09:09:44.402   871  1408 D audio_hw_primary: adev_get_parameters:vr_audio_mode_on
02-28 09:09:44.402   871  1408 I audio_hw_primary: getting vr mode to 0
02-28 09:09:44.402   871  1408 D audio_hw_primary: adev_get_parameters: exit: returns - vr_audio_mode_on=false
02-28 09:09:44.402 13511 13544 D NavServiceProvider: Detecting stop. distance_d=494.72153. stop_type=1 speed=5.5
02-28 09:09:44.402 13511 13544 D NavigationTest: 31: (28.064917, -82.414348, 5.500000)	R:false  F:false
02-28 09:09:44.402 13511 13544 D NavigationTest: 32: (28.064917, -82.414348, 5.500000)	R:false  F:false
02-28 09:09:44.402 13511 13544 D NavServiceProvider: Second to last stop coordinates: 28.066063, -82.419212
02-28 09:09:44.402   959  2593 I hash_map_utils: key: 'vr_audio_mode_on' value: ''
02-28 09:09:44.402 13511 13544 D NavServiceProvider: Setting units automatically
02-28 09:09:44.402   959  2593 I AudioPolicyManagerCustom: VR mode is 0, switch to primary output if request is for fast|raw
02-28 09:09:44.402   959  2593 I AudioPolicyManagerCustom: setting force DEEP buffer now
02-28 09:09:44.403   959  2593 D AudioFlinger: Client defaulted notificationFrames to 2048 for frameCount 4096
02-28 09:09:44.403 13511 13544 D NavServiceProvider: Detecting stop. distance_d=489.28827. stop_type=1 speed=5.5
02-28 09:09:44.403 13511 13544 D NavigationTest: 33: (28.064921, -82.414404, 5.500000)	R:false  F:false
02-28 09:09:44.403 13511 13544 D NavigationTest: 34: (28.064921, -82.414404, 5.500000)	R:false  F:false
02-28 09:09:44.403 13511 13544 D NavServiceProvider: Second to last stop coordinates: 28.066063, -82.419212
02-28 09:09:44.404 13511 13544 D NavServiceProvider: Setting units automatically
02-28 09:09:44.404   959  2593 D AF::TrackHandle: OpPlayAudio: track:202 usage:1 not muted
02-28 09:09:44.405 13511 13544 D NavServiceProvider: Detecting stop. distance_d=481.2951. stop_type=1 speed=7.5
02-28 09:09:44.405 13511 13544 D NavigationTest: 35: (28.064925, -82.414487, 7.500000)	R:false  F:false
02-28 09:09:44.405 13511 13544 D NavigationTest: 36: (28.064925, -82.414487, 7.500000)	R:false  F:false
02-28 09:09:44.405 13511 13544 D NavServiceProvider: Second to last stop coordinates: 28.066063, -82.419212
02-28 09:09:44.406 13511 13544 D NavServiceProvider: Setting units automatically
02-28 09:09:44.407 13511 13544 D NavServiceProvider: Detecting stop. distance_d=473.93552. stop_type=1 speed=7.5
02-28 09:09:44.407 13511 13544 D NavigationTest: 37: (28.064927, -82.414564, 7.500000)	R:false  F:false
02-28 09:09:44.407 13511 13544 D NavigationTest: 38: (28.064927, -82.414564, 7.500000)	R:false  F:false
02-28 09:09:44.407 13511 13544 D NavServiceProvider: Second to last stop coordinates: 28.066063, -82.419212
02-28 09:09:44.407 13511 13544 D NavServiceProvider: Setting units automatically
02-28 09:09:44.408 13511 13544 D NavServiceProvider: Detecting stop. distance_d=466.73715. stop_type=1 speed=7.5
02-28 09:09:44.408 13511 13544 D NavigationTest: 39: (28.064927, -82.414640, 7.500000)	R:false  F:false
02-28 09:09:44.408 13511 13544 D NavigationTest: 40: (28.064927, -82.414640, 7.500000)	R:false  F:false
02-28 09:09:44.408 13511 13544 D NavServiceProvider: Second to last stop coordinates: 28.066063, -82.419212
02-28 09:09:44.409 13511 13544 D NavServiceProvider: Setting units automatically
02-28 09:09:44.409  2666  3413 D Avrcp_ext: AudioManager Player: ID:23 -- type:android.media.SoundPool -- u/pid:10126/2688 -- state:idle -- attr:AudioAttributes: usage=USAGE_ASSISTANCE_SONIFICATION content=CONTENT_TYPE_SONIFICATION flags=0x800 tags= bundle=null
02-28 09:09:44.409  2666  3413 D Avrcp_ext: AudioManager Player: ID:1207 -- type:android.media.AudioTrack -- u/pid:10088/13579 -- state:started -- attr:AudioAttributes: usage=USAGE_MEDIA content=CONTENT_TYPE_SPEECH flags=0x800 tags= bundle=null
02-28 09:09:44.409  2666  3413 D Avrcp_ext: AudioManager isPlaying: true
02-28 09:09:44.409  2666  3413 V Avrcp_ext: updateCurrentMediaState: mMediaController: null
02-28 09:09:44.410  2666  3413 V Avrcp_ext: isMusicActive: true getBluetoothPlayState: 2
02-28 09:09:44.410  2666  3413 V Avrcp_ext: updateCurrentMediaState: isPlaying = false
02-28 09:09:44.410  2666  3413 V Avrcp_ext: Media update: id -1➡-1? [MediaAttributes: none] : [MediaAttributes: none]
02-28 09:09:44.410  2666  3413 V Avrcp_ext: newPlayStatus:2mReportedPlayStatus:-1
02-28 09:09:44.410  2666  3413 V Avrcp_ext: updatePlaybackState, state: PlaybackState {state=2, position=-1, buffered position=0, speed=0.0, updated=1787740, actions=0, custom actions=[], active item id=-1, error=null} device: null
02-28 09:09:44.410  2666  3413 V Avrcp_ext: Device: no name:
02-28 09:09:44.410  2666  3413 I chatty  : uid=1002(bluetooth) BluetoothAvrcpH identical 3 lines
02-28 09:09:44.410  2666  3413 V Avrcp_ext: Device: no name:
02-28 09:09:44.410  2666  3413 V Avrcp_ext: updatePlayerStateAndPosition, old=PlaybackState {state=2, position=-1, buffered position=0, speed=0.0, updated=1787608, actions=0, custom actions=[], active item id=-1, error=null}, state=PlaybackState {state=2, position=-1, buffered position=0, speed=0.0, updated=1787740, actions=0, custom actions=[], active item id=-1, error=null}
02-28 09:09:44.410  2666  3413 V Avrcp_ext: old state = PlaybackState {state=2, position=-1, buffered position=0, speed=0.0, updated=1787608, actions=0, custom actions=[], active item id=-1, error=null}, new state= PlaybackState {state=2, position=-1, buffered position=0, speed=0.0, updated=1787740, actions=0, custom actions=[], active item id=-1, error=null}
02-28 09:09:44.410  2666  3413 D HeadsetService: getHeadsetService(): returning com.android.bluetooth.hfp.HeadsetService@8a04d28
02-28 09:09:44.410 13511 13544 D NavServiceProvider: Detecting stop. distance_d=459.19366. stop_type=1 speed=8.25
02-28 09:09:44.410 13511 13544 D NavigationTest: 41: (28.064920, -82.414722, 8.250000)	R:false  F:false
02-28 09:09:44.410 13511 13544 D NavServiceProvider: Second to last stop coordinates: 28.066063, -82.419212
02-28 09:09:44.410  2666  3413 D HeadsetService:  isAudioOn: The number of audio connected devices 0
02-28 09:09:44.410  2666  3413 D HeadsetService: isScoOrCallActive(): Call Active:falseCall is Ringing:falseSCO is Active:false
02-28 09:09:44.410 13511 13544 D NavServiceProvider: Setting units automatically
02-28 09:09:44.411  2666  3413 D HeadsetService:  isAudioOn: The number of audio connected devices 0
02-28 09:09:44.411  2666  3413 I Avrcp_ext: updatePlayStatusForDevice: device: null
02-28 09:09:44.411  2666  3413 V Avrcp_ext: updatePlaybackState (1): old=PlaybackState {state=2, position=-1, buffered position=0, speed=0.0, updated=1787608, actions=0, custom actions=[], active item id=-1, error=null}(2), new=PlaybackState {state=2, position=-1, buffered position=0, speed=0.0, updated=1787740, actions=0, custom actions=[], active item id=-1, error=null}(2)
02-28 09:09:44.411  2666  3413 I Avrcp_ext: Exit updatePlayStatusForDevice
02-28 09:09:44.412  2666  3413 D HeadsetService:  isAudioOn: The number of audio connected devices 0
02-28 09:09:44.412  2666  3413 D HeadsetService: isScoOrCallActive(): Call Active:falseCall is Ringing:falseSCO is Active:false
02-28 09:09:44.413  2666  3413 D HeadsetService:  isAudioOn: The number of audio connected devices 0
02-28 09:09:44.413  2666  3413 I Avrcp_ext: updatePlayStatusForDevice: device: null
02-28 09:09:44.413  2666  3413 V Avrcp_ext: updatePlaybackState (1): old=PlaybackState {state=2, position=-1, buffered position=0, speed=0.0, updated=1787608, actions=0, custom actions=[], active item id=-1, error=null}(2), new=PlaybackState {state=2, position=-1, buffered position=0, speed=0.0, updated=1787740, actions=0, custom actions=[], active item id=-1, error=null}(2)
02-28 09:09:44.413  2666  3413 I Avrcp_ext: Exit updatePlayStatusForDevice
02-28 09:09:44.414  2666  3413 D HeadsetService:  isAudioOn: The number of audio connected devices 0
02-28 09:09:44.414  2666  3413 D HeadsetService: isScoOrCallActive(): Call Active:falseCall is Ringing:falseSCO is Active:false
02-28 09:09:44.414  2666  3413 D HeadsetService:  isAudioOn: The number of audio connected devices 0
02-28 09:09:44.414  2666  3413 I Avrcp_ext: updatePlayStatusForDevice: device: null
02-28 09:09:44.414  2666  3413 V Avrcp_ext: updatePlaybackState (1): old=PlaybackState {state=2, position=-1, buffered position=0, speed=0.0, updated=1787608, actions=0, custom actions=[], active item id=-1, error=null}(2), new=PlaybackState {state=2, position=-1, buffered position=0, speed=0.0, updated=1787740, actions=0, custom actions=[], active item id=-1, error=null}(2)
02-28 09:09:44.414  2666  3413 I Avrcp_ext: Exit updatePlayStatusForDevice
02-28 09:09:44.415  2666  3413 D HeadsetService:  isAudioOn: The number of audio connected devices 0
02-28 09:09:44.415  2666  3413 D HeadsetService: isScoOrCallActive(): Call Active:falseCall is Ringing:falseSCO is Active:false
02-28 09:09:44.415 13511 13544 D NavServiceProvider: Detecting stop. distance_d=450.8524. stop_type=1 speed=8.25
02-28 09:09:44.415 13511 13544 D NavigationTest: 42: (28.064915, -82.414812, 8.250000)	R:false  F:false
02-28 09:09:44.415 13511 13544 D NavigationTest: 43: (28.064915, -82.414812, 8.250000)	R:false  F:false
02-28 09:09:44.415 13511 13544 D NavServiceProvider: Second to last stop coordinates: 28.066063, -82.419212
02-28 09:09:44.416 13511 13544 D NavServiceProvider: Setting units automatically
02-28 09:09:44.416  2666  3413 D HeadsetService:  isAudioOn: The number of audio connected devices 0
02-28 09:09:44.416  2666  3413 I Avrcp_ext: updatePlayStatusForDevice: device: null
02-28 09:09:44.416  2666  3413 V Avrcp_ext: updatePlaybackState (1): old=PlaybackState {state=2, position=-1, buffered position=0, speed=0.0, updated=1787608, actions=0, custom actions=[], active item id=-1, error=null}(2), new=PlaybackState {state=2, position=-1, buffered position=0, speed=0.0, updated=1787740, actions=0, custom actions=[], active item id=-1, error=null}(2)
02-28 09:09:44.416  2666  3413 I Avrcp_ext: Exit updatePlayStatusForDevice
02-28 09:09:44.416  2666  3413 D HeadsetService:  isAudioOn: The number of audio connected devices 0
02-28 09:09:44.416  2666  3413 D HeadsetService: isScoOrCallActive(): Call Active:falseCall is Ringing:falseSCO is Active:false
02-28 09:09:44.416  2666  3413 D HeadsetService:  isAudioOn: The number of audio connected devices 0
02-28 09:09:44.416  2666  3413 I Avrcp_ext: updatePlayStatusForDevice: device: null
02-28 09:09:44.416  2666  3413 V Avrcp_ext: updatePlaybackState (1): old=PlaybackState {state=2, position=-1, buffered position=0, speed=0.0, updated=1787608, actions=0, custom actions=[], active item id=-1, error=null}(2), new=PlaybackState {state=2, position=-1, buffered position=0, speed=0.0, updated=1787740, actions=0, custom actions=[], active item id=-1, error=null}(2)
02-28 09:09:44.416  2666  3413 I Avrcp_ext: Exit updatePlayStatusForDevice
02-28 09:09:44.416  2666  3413 D Avrcp_ext: Enter sendPlayPosNotificationRsp
02-28 09:09:44.416  2666  3413 D Avrcp_ext: sendPlayPosNotificationRsp: Not registered or requesting.
02-28 09:09:44.416  2666  3413 D Avrcp_ext: Enter sendPlayPosNotificationRsp
02-28 09:09:44.416  2666  3413 D Avrcp_ext: sendPlayPosNotificationRsp: Not registered or requesting.
02-28 09:09:44.416  2666  3413 D Avrcp_ext: Enter sendPlayPosNotificationRsp
02-28 09:09:44.416  2666  3413 D Avrcp_ext: sendPlayPosNotificationRsp: Not registered or requesting.
02-28 09:09:44.416  2666  3413 D Avrcp_ext: Enter sendPlayPosNotificationRsp
02-28 09:09:44.416  2666  3413 D Avrcp_ext: sendPlayPosNotificationRsp: Not registered or requesting.
02-28 09:09:44.416  2666  3413 D Avrcp_ext: Enter sendPlayPosNotificationRsp
02-28 09:09:44.417  2666  3413 D Avrcp_ext: sendPlayPosNotificationRsp: Not registered or requesting.
02-28 09:09:44.417  2666  3413 V Avrcp_ext: Exit updatePlayerStateAndPosition
02-28 09:09:44.417 13511 13544 D NavServiceProvider: Detecting stop. distance_d=442.93668. stop_type=1 speed=8.25
02-28 09:09:44.417 13511 13544 D NavigationTest: 44: (28.064915, -82.414896, 8.250000)	R:false  F:false
02-28 09:09:44.417 13511 13544 D NavServiceProvider: Second to last stop coordinates: 28.066063, -82.419212
02-28 09:09:44.417 13511 13544 D NavServiceProvider: Setting units automatically
02-28 09:09:44.418   871  1408 D msm8974_platform: platform_split_snd_device: snd_device(2) num devices(1) new_snd_devices(0)
02-28 09:09:44.418   871  1408 D ACDB-LOADER: ACDB -> send_audvoltable
02-28 09:09:44.418   871  1408 D ACDB-LOADER: ACDB -> ACDB_CMD_GET_AUDPROC_VOL_STEP_TABLE_SIZE
02-28 09:09:44.418   871  1408 D ACDB-LOADER: ACDB -> ACDB_CMD_GET_AUDPROC_GAIN_DEP_STEP_TABLE, vol index 0
02-28 09:09:44.418   871  1408 D         : Failed to fetch the lookup information of the device 0000000F
02-28 09:09:44.418   871  1408 E ACDB-LOADER: Error: ACDB AudProc vol returned = -19
02-28 09:09:44.418   871  1408 D ACDB-LOADER: ACDB -> AUDIO_SET_VOL_CAL cal type = 40
02-28 09:09:44.419 13511 13544 D NavServiceProvider: Detecting stop. distance_d=435.6271. stop_type=1 speed=8.75
02-28 09:09:44.419 13511 13544 D NavigationTest: 45: (28.064917, -82.414973, 8.750000)	R:false  F:false
02-28 09:09:44.419 13511 13544 D NavigationTest: 46: (28.064917, -82.414973, 8.750000)	R:false  F:false
02-28 09:09:44.419 13511 13544 D NavServiceProvider: Second to last stop coordinates: 28.066063, -82.419212
02-28 09:09:44.419 13511 13544 D NavServiceProvider: Setting units automatically
02-28 09:09:44.420   871  1408 D msm8974_platform: platform_split_snd_device: snd_device(2) num devices(1) new_snd_devices(0)
02-28 09:09:44.420 13511 13544 D NavServiceProvider: Detecting stop. distance_d=427.39783. stop_type=1 speed=8.5
02-28 09:09:44.421 13511 13544 D NavigationTest: 47: (28.064913, -82.415062, 8.500000)	R:false  F:false
02-28 09:09:44.421 13511 13544 D NavServiceProvider: Second to last stop coordinates: 28.066063, -82.419212
02-28 09:09:44.421 13511 13544 D NavServiceProvider: Setting units automatically
02-28 09:09:44.421   871  1408 D msm8974_platform: platform_split_snd_device: snd_device(2) num devices(1) new_snd_devices(0)
02-28 09:09:44.421   871  1408 D ACDB-LOADER: ACDB -> send_audvoltable
02-28 09:09:44.421   871  1408 D ACDB-LOADER: ACDB -> ACDB_CMD_GET_AUDPROC_VOL_STEP_TABLE_SIZE
02-28 09:09:44.422   871  1408 D ACDB-LOADER: ACDB -> ACDB_CMD_GET_AUDPROC_GAIN_DEP_STEP_TABLE, vol index 5
02-28 09:09:44.422   871  1408 D         : Failed to fetch the lookup information of the device 0000000F
02-28 09:09:44.422   871  1408 E ACDB-LOADER: Error: ACDB AudProc vol returned = -19
02-28 09:09:44.422   871  1408 D ACDB-LOADER: ACDB -> AUDIO_SET_VOL_CAL cal type = 40
02-28 09:09:44.423 13511 13544 D NavServiceProvider: Detecting stop. distance_d=419.75687. stop_type=1 speed=8.75
02-28 09:09:44.423 13511 13544 D NavigationTest: 48: (28.064920, -82.415141, 8.750000)	R:false  F:false
02-28 09:09:44.423 13511 13544 D NavigationTest: 49: (28.064920, -82.415141, 8.750000)	R:false  F:false
02-28 09:09:44.423 13511 13544 D NavServiceProvider: Second to last stop coordinates: 28.066063, -82.419212
02-28 09:09:44.423 13511 13544 D NavServiceProvider: Setting units automatically
02-28 09:09:44.424 13511 13544 D NavServiceProvider: Detecting stop. distance_d=411.2372. stop_type=1 speed=8.75
02-28 09:09:44.424 13511 13544 D NavigationTest: 50: (28.064920, -82.415232, 8.750000)	R:false  F:false
02-28 09:09:44.424 13511 13544 D NavigationTest: 51: (28.064920, -82.415232, 8.750000)	R:false  F:false
02-28 09:09:44.424 13511 13544 D NavServiceProvider: Second to last stop coordinates: 28.066063, -82.419212
02-28 09:09:44.425 13511 13544 D NavServiceProvider: Setting units automatically
02-28 09:09:44.426 13511 13544 D NavServiceProvider: Detecting stop. distance_d=401.70975. stop_type=1 speed=9.25
02-28 09:09:44.426 13511 13544 D NavigationTest: 52: (28.064920, -82.415334, 9.250000)	R:false  F:false
02-28 09:09:44.426 13511 13544 D NavigationTest: 53: (28.064920, -82.415334, 9.250000)	R:false  F:false
02-28 09:09:44.426 13511 13544 D NavServiceProvider: Second to last stop coordinates: 28.066063, -82.419212
02-28 09:09:44.426 13511 13544 D NavServiceProvider: Setting units automatically
02-28 09:09:44.427 13511 13544 D NavServiceProvider: Detecting stop. distance_d=393.51813. stop_type=1 speed=9.0
02-28 09:09:44.427 13511 13544 D NavigationTest: 54: (28.064925, -82.415420, 9.000000)	R:false  F:false
02-28 09:09:44.427 13511 13544 D NavServiceProvider: Second to last stop coordinates: 28.066063, -82.419212
02-28 09:09:44.428 13511 13544 D NavServiceProvider: Setting units automatically
02-28 09:09:44.429 13511 13544 D NavServiceProvider: Detecting stop. distance_d=384.94205. stop_type=1 speed=9.0
02-28 09:09:44.429 13511 13544 D NavigationTest: 55: (28.064923, -82.415513, 9.000000)	R:false  F:false
02-28 09:09:44.429 13511 13544 D NavigationTest: 56: (28.064923, -82.415513, 9.000000)	R:false  F:false
02-28 09:09:44.429 13511 13544 D NavServiceProvider: Second to last stop coordinates: 28.066063, -82.419212
02-28 09:09:44.429 13511 13544 D NavServiceProvider: Setting units automatically
02-28 09:09:44.430 13511 13544 D NavServiceProvider: Detecting stop. distance_d=376.5589. stop_type=1 speed=9.0
02-28 09:09:44.430 13511 13544 D NavigationTest: 57: (28.064924, -82.415603, 9.000000)	R:false  F:false
02-28 09:09:44.430 13511 13544 D NavigationTest: 58: (28.064924, -82.415603, 9.000000)	R:false  F:false
02-28 09:09:44.430 13511 13544 D NavServiceProvider: Second to last stop coordinates: 28.066063, -82.419212
02-28 09:09:44.431 13511 13544 D NavServiceProvider: Setting units automatically
02-28 09:09:44.432 13511 13544 D NavServiceProvider: Detecting stop. distance_d=369.24405. stop_type=1 speed=8.5
02-28 09:09:44.432 13511 13544 D NavigationTest: 59: (28.064934, -82.415678, 8.500000)	R:false  F:false
02-28 09:09:44.432 13511 13544 D NavServiceProvider: Second to last stop coordinates: 28.066063, -82.419212
02-28 09:09:44.432 13511 13544 D NavServiceProvider: Setting units automatically
02-28 09:09:44.433 13511 13544 D NavServiceProvider: Detecting stop. distance_d=361.4633. stop_type=1 speed=8.25
02-28 09:09:44.433 13511 13544 D NavigationTest: 60: (28.064937, -82.415761, 8.250000)	R:false  F:false
02-28 09:09:44.433 13511 13544 D NavigationTest: 61: (28.064937, -82.415761, 8.250000)	R:false  F:false
02-28 09:09:44.433 13511 13544 D NavServiceProvider: Second to last stop coordinates: 28.066063, -82.419212
02-28 09:09:44.433 13511 13544 D NavServiceProvider: Setting units automatically
02-28 09:09:44.434 13511 13544 D NavServiceProvider: Detecting stop. distance_d=353.09494. stop_type=1 speed=8.5
02-28 09:09:44.434 13511 13544 D NavigationTest: 62: (28.064939, -82.415851, 8.500000)	R:false  F:false
02-28 09:09:44.434 13511 13544 D NavServiceProvider: Second to last stop coordinates: 28.066063, -82.419212
02-28 09:09:44.435 13511 13544 D NavServiceProvider: Setting units automatically
02-28 09:09:44.436 13511 13544 D NavServiceProvider: Detecting stop. distance_d=345.3807. stop_type=1 speed=8.0
02-28 09:09:44.436 13511 13544 D NavigationTest: 63: (28.064939, -82.415935, 8.000000)	R:false  F:false
02-28 09:09:44.436 13511 13544 D NavigationTest: 64: (28.064939, -82.415935, 8.000000)	R:false  F:false
02-28 09:09:44.436 13511 13544 D NavServiceProvider: Second to last stop coordinates: 28.066063, -82.419212
02-28 09:09:44.436 13511 13544 D NavServiceProvider: Setting units automatically
02-28 09:09:44.437 13511 13544 D NavServiceProvider: Detecting stop. distance_d=338.94113. stop_type=1 speed=6.5
02-28 09:09:44.437 13511 13544 D NavigationTest: 65: (28.064942, -82.416004, 6.500000)	R:false  F:false
02-28 09:09:44.437 13511 13544 D NavigationTest: 66: (28.064942, -82.416004, 6.500000)	R:false  F:false
02-28 09:09:44.437 13511 13544 D NavServiceProvider: Second to last stop coordinates: 28.066063, -82.419212
02-28 09:09:44.438 13511 13544 D NavServiceProvider: Setting units automatically
02-28 09:09:44.439 13511 13544 D NavServiceProvider: Detecting stop. distance_d=333.0044. stop_type=1 speed=6.5
02-28 09:09:44.439 13511 13544 D NavigationTest: 67: (28.064942, -82.416069, 6.500000)	R:false  F:false
02-28 09:09:44.439 13511 13544 D NavigationTest: 68: (28.064942, -82.416069, 6.500000)	R:false  F:false
02-28 09:09:44.439 13511 13544 D NavServiceProvider: Second to last stop coordinates: 28.066063, -82.419212
02-28 09:09:44.439 13511 13544 D NavServiceProvider: Setting units automatically
02-28 09:09:44.440 13511 13544 D NavServiceProvider: Detecting stop. distance_d=330.27005. stop_type=1 speed=4.25
02-28 09:09:44.440 13511 13544 D NavigationTest: 69: (28.064942, -82.416099, 4.250000)	R:false  F:false
02-28 09:09:44.441 13511 13544 D NavigationTest: 70: (28.064942, -82.416099, 4.250000)	R:false  F:false
02-28 09:09:44.441 13511 13544 D NavServiceProvider: Second to last stop coordinates: 28.066063, -82.419212
02-28 09:09:44.441 13511 13544 D NavServiceProvider: Setting units automatically
02-28 09:09:44.442 13511 13544 D NavServiceProvider: Detecting stop. distance_d=326.2378. stop_type=1 speed=4.25
02-28 09:09:44.442 13511 13544 D NavigationTest: 71: (28.064947, -82.416141, 4.250000)	R:false  F:false
02-28 09:09:44.442 13511 13544 D NavigationTest: 72: (28.064947, -82.416141, 4.250000)	R:false  F:false
02-28 09:09:44.442 13511 13544 D NavServiceProvider: Second to last stop coordinates: 28.066063, -82.419212
02-28 09:09:44.442 13511 13544 D NavServiceProvider: Setting units automatically
02-28 09:09:44.443 13511 13544 D NavServiceProvider: Detecting stop. distance_d=322.37857. stop_type=1 speed=4.25
02-28 09:09:44.443 13511 13544 D NavigationTest: 73: (28.064948, -82.416183, 4.250000)	R:false  F:false
02-28 09:09:44.443 13511 13544 D NavigationTest: 74: (28.064948, -82.416183, 4.250000)	R:false  F:false
02-28 09:09:44.443 13511 13544 D NavServiceProvider: Second to last stop coordinates: 28.066063, -82.419212
02-28 09:09:44.444 13511 13544 D NavServiceProvider: Setting units automatically
02-28 09:09:44.445 13511 13544 D NavServiceProvider: Detecting stop. distance_d=316.3094. stop_type=1 speed=5.25
02-28 09:09:44.445 13511 13544 D NavigationTest: 75: (28.064950, -82.416249, 5.250000)	R:false  F:false
02-28 09:09:44.445 13511 13544 D NavigationTest: 76: (28.064950, -82.416249, 5.250000)	R:false  F:false
02-28 09:09:44.445 13511 13544 D NavServiceProvider: Second to last stop coordinates: 28.066063, -82.419212
02-28 09:09:44.445 13511 13544 D NavServiceProvider: Setting units automatically
02-28 09:09:44.446 13511 13544 D NavServiceProvider: Detecting stop. distance_d=311.38428. stop_type=1 speed=5.25
02-28 09:09:44.446 13511 13544 D NavigationTest: 77: (28.064951, -82.416303, 5.250000)	R:false  F:false
02-28 09:09:44.446 13511 13544 D NavServiceProvider: Second to last stop coordinates: 28.066063, -82.419212
02-28 09:09:44.447 13511 13544 D NavServiceProvider: Setting units automatically
02-28 09:09:44.448 13511 13544 D NavServiceProvider: Detecting stop. distance_d=302.83176. stop_type=1 speed=7.25
02-28 09:09:44.448 13511 13544 D NavigationTest: 78: (28.064947, -82.416400, 7.250000)	R:false  F:false
02-28 09:09:44.448 13511 13544 D NavigationTest: 79: (28.064947, -82.416400, 7.250000)	R:false  F:false
02-28 09:09:44.448 13511 13544 D NavServiceProvider: Second to last stop coordinates: 28.066063, -82.419212
02-28 09:09:44.448 13511 13544 D NavServiceProvider: Setting units automatically
02-28 09:09:44.450 13511 13544 D NavServiceProvider: Detecting stop. distance_d=295.97565. stop_type=1 speed=8.0
02-28 09:09:44.450 13511 13544 D NavigationTest: 80: (28.064952, -82.416474, 8.000000)	R:false  F:false
02-28 09:09:44.450 13511 13544 D NavigationTest: 81: (28.064952, -82.416474, 8.000000)	R:false  F:false
02-28 09:09:44.450 13511 13544 D NavServiceProvider: Second to last stop coordinates: 28.066063, -82.419212
02-28 09:09:44.450 13511 13544 D NavServiceProvider: Setting units automatically
02-28 09:09:44.451 13511 13544 D NavServiceProvider: Detecting stop. distance_d=290.08105. stop_type=1 speed=8.25
02-28 09:09:44.451 13511 13544 D NavigationTest: 82: (28.064939, -82.416547, 8.250000)	R:false  F:false
02-28 09:09:44.451 13511 13544 D NavServiceProvider: Second to last stop coordinates: 28.066063, -82.419212
02-28 09:09:44.452 13511 13544 D NavServiceProvider: Setting units automatically
02-28 09:09:44.453 13511 13544 D NavServiceProvider: Detecting stop. distance_d=282.43015. stop_type=1 speed=8.25
02-28 09:09:44.453 13511 13544 D NavigationTest: 83: (28.064938, -82.416634, 8.250000)	R:false  F:false
02-28 09:09:44.453 13511 13544 D NavigationTest: 84: (28.064938, -82.416634, 8.250000)	R:false  F:false
02-28 09:09:44.453 13511 13544 D NavServiceProvider: Second to last stop coordinates: 28.066063, -82.419212
02-28 09:09:44.453 13511 13544 D NavServiceProvider: Setting units automatically
02-28 09:09:44.454 13511 13544 D NavServiceProvider: Detecting stop. distance_d=273.91757. stop_type=1 speed=8.25
02-28 09:09:44.454 13511 13544 D NavigationTest: 85: (28.064943, -82.416728, 8.250000)	R:false  F:false
02-28 09:09:44.455 13511 13544 D NavServiceProvider: Second to last stop coordinates: 28.066063, -82.419212
02-28 09:09:44.455 13511 13544 D NavServiceProvider: Setting units automatically
02-28 09:09:44.456 13511 13544 D NavServiceProvider: Detecting stop. distance_d=267.14053. stop_type=1 speed=8.5
02-28 09:09:44.456 13511 13544 D NavigationTest: 86: (28.064944, -82.416805, 8.500000)	R:false  F:false
02-28 09:09:44.456 13511 13544 D NavigationTest: 87: (28.064944, -82.416805, 8.500000)	R:false  F:false
02-28 09:09:44.456 13511 13544 D NavServiceProvider: Second to last stop coordinates: 28.066063, -82.419212
02-28 09:09:44.456 13511 13544 D NavServiceProvider: Setting units automatically
02-28 09:09:44.457 13511 13544 D NavServiceProvider: Detecting stop. distance_d=258.7796. stop_type=1 speed=9.0
02-28 09:09:44.457 13511 13544 D NavigationTest: 88: (28.064948, -82.416899, 9.000000)	R:false  F:false
02-28 09:09:44.457 13511 13544 D NavServiceProvider: Second to last stop coordinates: 28.066063, -82.419212
02-28 09:09:44.458 13511 13544 D NavServiceProvider: Setting units automatically
02-28 09:09:44.459 13511 13544 D NavServiceProvider: Detecting stop. distance_d=250.60648. stop_type=1 speed=9.0
02-28 09:09:44.459 13511 13544 D NavigationTest: 89: (28.064956, -82.416989, 9.000000)	R:false  F:false
02-28 09:09:44.459 13511 13544 D NavigationTest: 90: (28.064956, -82.416989, 9.000000)	R:false  F:false
02-28 09:09:44.459 13511 13544 D NavServiceProvider: Second to last stop coordinates: 28.066063, -82.419212
02-28 09:09:44.459 13511 13544 D NavServiceProvider: Setting units automatically
02-28 09:09:44.460 13511 13544 D NavServiceProvider: Detecting stop. distance_d=240.10371. stop_type=1 speed=10.0
02-28 09:09:44.460 13511 13544 D NavigationTest: 91: (28.064987, -82.417092, 10.000000)	R:false  F:false
02-28 09:09:44.460 13511 13544 D NavigationTest: 92: (28.064987, -82.417092, 10.000000)	R:false  F:false
02-28 09:09:44.461 13511 13544 D NavServiceProvider: Second to last stop coordinates: 28.066063, -82.419212
02-28 09:09:44.461 13511 13544 D NavServiceProvider: Setting units automatically
02-28 09:09:44.462 13511 13544 D NavServiceProvider: Detecting stop. distance_d=230.66422. stop_type=1 speed=9.75
02-28 09:09:44.462 13511 13544 D NavigationTest: 93: (28.065016, -82.417184, 9.750000)	R:false  F:false
02-28 09:09:44.462 13511 13544 D NavigationTest: 94: (28.065016, -82.417184, 9.750000)	R:false  F:false
02-28 09:09:44.462 13511 13544 D NavServiceProvider: Second to last stop coordinates: 28.066063, -82.419212
02-28 09:09:44.462 13511 13544 D NavServiceProvider: Setting units automatically
02-28 09:09:44.463 13511 13544 D NavServiceProvider: Detecting stop. distance_d=221.1538. stop_type=1 speed=9.75
02-28 09:09:44.463 13511 13544 D NavigationTest: 95: (28.065045, -82.417277, 9.750000)	R:false  F:false
02-28 09:09:44.463 13511 13544 D NavServiceProvider: Second to last stop coordinates: 28.066063, -82.419212
02-28 09:09:44.464 13511 13544 D NavServiceProvider: Setting units automatically
02-28 09:09:44.465 13511 13544 D NavServiceProvider: Detecting stop. distance_d=210.69168. stop_type=1 speed=9.5
02-28 09:09:44.465 13511 13544 D NavigationTest: 96: (28.065088, -82.417372, 9.500000)	R:false  F:false
02-28 09:09:44.465 13511 13544 D NavigationTest: 97: (28.065088, -82.417372, 9.500000)	R:false  F:false
02-28 09:09:44.465 13511 13544 D NavServiceProvider: Second to last stop coordinates: 28.066063, -82.419212
02-28 09:09:44.465 13511 13544 D NavServiceProvider: Setting units automatically
02-28 09:09:44.466 13511 13544 D NavServiceProvider: Detecting stop. distance_d=202.31277. stop_type=1 speed=9.75
02-28 09:09:44.466 13511 13544 D NavigationTest: 98: (28.065133, -82.417441, 9.750000)	R:false  F:false
02-28 09:09:44.466 13511 13544 D NavigationTest: 99: (28.065133, -82.417441, 9.750000)	R:false  F:false
02-28 09:09:44.466 13511 13544 D NavServiceProvider: Second to last stop coordinates: 28.066063, -82.419212
02-28 09:09:44.466 13511 13544 D NavServiceProvider: Setting units automatically
02-28 09:09:44.468 13579 13596 D AudioTrack: stop(170): called with 4096 frames delivered
02-28 09:09:44.469 13579 13612 I SynthesisCache: streamCachedRequest call to callback.audioAvailable failed: -1
02-28 09:09:44.470  2666  3413 D Avrcp_ext: AudioManager Player: ID:23 -- type:android.media.SoundPool -- u/pid:10126/2688 -- state:idle -- attr:AudioAttributes: usage=USAGE_ASSISTANCE_SONIFICATION content=CONTENT_TYPE_SONIFICATION flags=0x800 tags= bundle=null
02-28 09:09:44.470  2666  3413 D Avrcp_ext: AudioManager Player: ID:1207 -- type:android.media.AudioTrack -- u/pid:10088/13579 -- state:stopped -- attr:AudioAttributes: usage=USAGE_MEDIA content=CONTENT_TYPE_SPEECH flags=0x800 tags= bundle=null
02-28 09:09:44.470  2666  3413 D Avrcp_ext: AudioManager Player: ID:15 -- type:android.media.SoundPool -- u/pid:1000/1493 -- state:idle -- attr:AudioAttributes: usage=USAGE_ASSISTANCE_SONIFICATION content=CONTENT_TYPE_SONIFICATION flags=0x800 tags= bundle=null
02-28 09:09:44.470  2666  3413 D Avrcp_ext: AudioManager isPlaying: false
02-28 09:09:44.470  2666  3413 V Avrcp_ext: updateCurrentMediaState: mMediaController: null
02-28 09:09:44.470 13579 13612 I GoogleTTSServiceImpl: Synthesis request for locale eng-USA and name en-US-language
02-28 09:09:44.471  2666  3413 V Avrcp_ext: isMusicActive: true getBluetoothPlayState: 2
02-28 09:09:44.471  2666  3413 V Avrcp_ext: updateCurrentMediaState: isPlaying = false
02-28 09:09:44.471  2666  3413 V Avrcp_ext: Media update: id -1➡-1? [MediaAttributes: none] : [MediaAttributes: none]
02-28 09:09:44.471  2666  3413 V Avrcp_ext: newPlayStatus:2mReportedPlayStatus:-1
02-28 09:09:44.471  2666  3413 V Avrcp_ext: updatePlaybackState, state: PlaybackState {state=2, position=-1, buffered position=0, speed=0.0, updated=1787801, actions=0, custom actions=[], active item id=-1, error=null} device: null
02-28 09:09:44.471  2666  3413 V Avrcp_ext: Device: no name:
02-28 09:09:44.471  2666  3413 I chatty  : uid=1002(bluetooth) BluetoothAvrcpH identical 3 lines
02-28 09:09:44.471  2666  3413 V Avrcp_ext: Device: no name:
02-28 09:09:44.471  2666  3413 V Avrcp_ext: updatePlayerStateAndPosition, old=PlaybackState {state=2, position=-1, buffered position=0, speed=0.0, updated=1787740, actions=0, custom actions=[], active item id=-1, error=null}, state=PlaybackState {state=2, position=-1, buffered position=0, speed=0.0, updated=1787801, actions=0, custom actions=[], active item id=-1, error=null}
02-28 09:09:44.471  2666  3413 V Avrcp_ext: old state = PlaybackState {state=2, position=-1, buffered position=0, speed=0.0, updated=1787740, actions=0, custom actions=[], active item id=-1, error=null}, new state= PlaybackState {state=2, position=-1, buffered position=0, speed=0.0, updated=1787801, actions=0, custom actions=[], active item id=-1, error=null}
02-28 09:09:44.471 13579 13612 I GoogleTTSServiceImpl: TTS dispatch: en-us-x-iog-seanet-embedded
02-28 09:09:44.471  2666  3413 D HeadsetService: getHeadsetService(): returning com.android.bluetooth.hfp.HeadsetService@8a04d28
02-28 09:09:44.472  2666  3413 D HeadsetService:  isAudioOn: The number of audio connected devices 0
02-28 09:09:44.472  2666  3413 D HeadsetService: isScoOrCallActive(): Call Active:falseCall is Ringing:falseSCO is Active:false
02-28 09:09:44.472 13511 13544 D NavServiceProvider: -----Get ready!
02-28 09:09:44.472  2666  3413 D HeadsetService:  isAudioOn: The number of audio connected devices 0
02-28 09:09:44.472  2666  3413 I Avrcp_ext: updatePlayStatusForDevice: device: null
02-28 09:09:44.472  2666  3413 V Avrcp_ext: updatePlaybackState (1): old=PlaybackState {state=2, position=-1, buffered position=0, speed=0.0, updated=1787740, actions=0, custom actions=[], active item id=-1, error=null}(2), new=PlaybackState {state=2, position=-1, buffered position=0, speed=0.0, updated=1787801, actions=0, custom actions=[], active item id=-1, error=null}(2)
02-28 09:09:44.472  2666  3413 I Avrcp_ext: Exit updatePlayStatusForDevice
02-28 09:09:44.472  2666  3413 D HeadsetService:  isAudioOn: The number of audio connected devices 0
02-28 09:09:44.472  2666  3413 D HeadsetService: isScoOrCallActive(): Call Active:falseCall is Ringing:falseSCO is Active:false
02-28 09:09:44.472 13511 13544 D NavigationTest: 100: (28.065186, -82.417515, 9.500000)	R:true  F:false
02-28 09:09:44.472 13511 13544 D NavServiceProvider: Second to last stop coordinates: 28.066063, -82.419212
02-28 09:09:44.472  2666  3413 D HeadsetService:  isAudioOn: The number of audio connected devices 0
02-28 09:09:44.472  2666  3413 I Avrcp_ext: updatePlayStatusForDevice: device: null
02-28 09:09:44.472  2666  3413 V Avrcp_ext: updatePlaybackState (1): old=PlaybackState {state=2, position=-1, buffered position=0, speed=0.0, updated=1787740, actions=0, custom actions=[], active item id=-1, error=null}(2), new=PlaybackState {state=2, position=-1, buffered position=0, speed=0.0, updated=1787801, actions=0, custom actions=[], active item id=-1, error=null}(2)
02-28 09:09:44.472  2666  3413 I Avrcp_ext: Exit updatePlayStatusForDevice
02-28 09:09:44.473  2666  3413 D HeadsetService:  isAudioOn: The number of audio connected devices 0
02-28 09:09:44.473  2666  3413 D HeadsetService: isScoOrCallActive(): Call Active:falseCall is Ringing:falseSCO is Active:false
02-28 09:09:44.473 13511 13544 D NavServiceProvider: Setting units automatically
02-28 09:09:44.473  2666  3413 D HeadsetService:  isAudioOn: The number of audio connected devices 0
02-28 09:09:44.473  2666  3413 I Avrcp_ext: updatePlayStatusForDevice: device: null
02-28 09:09:44.473  2666  3413 V Avrcp_ext: updatePlaybackState (1): old=PlaybackState {state=2, position=-1, buffered position=0, speed=0.0, updated=1787740, actions=0, custom actions=[], active item id=-1, error=null}(2), new=PlaybackState {state=2, position=-1, buffered position=0, speed=0.0, updated=1787801, actions=0, custom actions=[], active item id=-1, error=null}(2)
02-28 09:09:44.473  2666  3413 I Avrcp_ext: Exit updatePlayStatusForDevice
02-28 09:09:44.473  2666  3413 D HeadsetService:  isAudioOn: The number of audio connected devices 0
02-28 09:09:44.473  2666  3413 D HeadsetService: isScoOrCallActive(): Call Active:falseCall is Ringing:falseSCO is Active:false
02-28 09:09:44.474  2666  3413 D HeadsetService:  isAudioOn: The number of audio connected devices 0
02-28 09:09:44.474  2666  3413 I Avrcp_ext: updatePlayStatusForDevice: device: null
02-28 09:09:44.474  2666  3413 V Avrcp_ext: updatePlaybackState (1): old=PlaybackState {state=2, position=-1, buffered position=0, speed=0.0, updated=1787740, actions=0, custom actions=[], active item id=-1, error=null}(2), new=PlaybackState {state=2, position=-1, buffered position=0, speed=0.0, updated=1787801, actions=0, custom actions=[], active item id=-1, error=null}(2)
02-28 09:09:44.474  2666  3413 I Avrcp_ext: Exit updatePlayStatusForDevice
02-28 09:09:44.474 13511 13544 D NavServiceProvider: Detecting stop. distance_d=193.06566. stop_type=1 speed=9.5
02-28 09:09:44.474 13511 13544 D NavigationTest: 100: (28.065186, -82.417515, 9.500000)	R:true  F:false
02-28 09:09:44.474 13511 13544 D NavServiceProvider: Second to last stop coordinates: 28.066063, -82.419212
02-28 09:09:44.475  2666  3413 D HeadsetService:  isAudioOn: The number of audio connected devices 0
02-28 09:09:44.475  2666  3413 D HeadsetService: isScoOrCallActive(): Call Active:falseCall is Ringing:falseSCO is Active:false
02-28 09:09:44.475 13511 13544 D NavServiceProvider: Setting units automatically
02-28 09:09:44.475  2666  3413 D HeadsetService:  isAudioOn: The number of audio connected devices 0
02-28 09:09:44.475  2666  3413 I Avrcp_ext: updatePlayStatusForDevice: device: null
02-28 09:09:44.475  2666  3413 V Avrcp_ext: updatePlaybackState (1): old=PlaybackState {state=2, position=-1, buffered position=0, speed=0.0, updated=1787740, actions=0, custom actions=[], active item id=-1, error=null}(2), new=PlaybackState {state=2, position=-1, buffered position=0, speed=0.0, updated=1787801, actions=0, custom actions=[], active item id=-1, error=null}(2)
02-28 09:09:44.475  2666  3413 I Avrcp_ext: Exit updatePlayStatusForDevice
02-28 09:09:44.475  2666  3413 D Avrcp_ext: Enter sendPlayPosNotificationRsp
02-28 09:09:44.475  2666  3413 D Avrcp_ext: sendPlayPosNotificationRsp: Not registered or requesting.
02-28 09:09:44.475  2666  3413 D Avrcp_ext: Enter sendPlayPosNotificationRsp
02-28 09:09:44.475  2666  3413 D Avrcp_ext: sendPlayPosNotificationRsp: Not registered or requesting.
02-28 09:09:44.475  2666  3413 D Avrcp_ext: Enter sendPlayPosNotificationRsp
02-28 09:09:44.475  2666  3413 D Avrcp_ext: sendPlayPosNotificationRsp: Not registered or requesting.
02-28 09:09:44.475  2666  3413 D Avrcp_ext: Enter sendPlayPosNotificationRsp
02-28 09:09:44.475  2666  3413 D Avrcp_ext: sendPlayPosNotificationRsp: Not registered or requesting.
02-28 09:09:44.476  2666  3413 D Avrcp_ext: Enter sendPlayPosNotificationRsp
02-28 09:09:44.476  2666  3413 D Avrcp_ext: sendPlayPosNotificationRsp: Not registered or requesting.
02-28 09:09:44.476  2666  3413 V Avrcp_ext: Exit updatePlayerStateAndPosition
02-28 09:09:44.476 13511 13544 D NavServiceProvider: Detecting stop. distance_d=183.29222. stop_type=1 speed=9.5
02-28 09:09:44.476 13511 13544 D NavigationTest: 101: (28.065241, -82.417594, 9.500000)	R:true  F:false
02-28 09:09:44.476  2666  3413 D Avrcp_ext: AudioManager Player: ID:23 -- type:android.media.SoundPool -- u/pid:10126/2688 -- state:idle -- attr:AudioAttributes: usage=USAGE_ASSISTANCE_SONIFICATION content=CONTENT_TYPE_SONIFICATION flags=0x800 tags= bundle=null
02-28 09:09:44.476 13511 13544 D NavigationTest: 102: (28.065241, -82.417594, 9.500000)	R:true  F:false
02-28 09:09:44.476  2666  3413 D Avrcp_ext: AudioManager Player: ID:15 -- type:android.media.SoundPool -- u/pid:1000/1493 -- state:idle -- attr:AudioAttributes: usage=USAGE_ASSISTANCE_SONIFICATION content=CONTENT_TYPE_SONIFICATION flags=0x800 tags= bundle=null
02-28 09:09:44.476  2666  3413 D Avrcp_ext: AudioManager isPlaying: false
02-28 09:09:44.476 13511 13544 D NavServiceProvider: Second to last stop coordinates: 28.066063, -82.419212
02-28 09:09:44.477 13511 13544 D NavServiceProvider: Setting units automatically
02-28 09:09:44.478 13511 13544 D NavServiceProvider: Detecting stop. distance_d=175.60214. stop_type=1 speed=9.25
02-28 09:09:44.478 13511 13544 D NavigationTest: 103: (28.065299, -82.417647, 9.250000)	R:true  F:false
02-28 09:09:44.478 13511 13544 D NavigationTest: 104: (28.065299, -82.417647, 9.250000)	R:true  F:false
02-28 09:09:44.478 13511 13544 D NavigationTest: 105: (28.065299, -82.417647, 9.250000)	R:true  F:false
02-28 09:09:44.478 13511 13544 D NavServiceProvider: Second to last stop coordinates: 28.066063, -82.419212
02-28 09:09:44.479 13511 13544 D NavServiceProvider: Setting units automatically
02-28 09:09:44.480 13511 13544 D NavServiceProvider: Detecting stop. distance_d=166.90776. stop_type=1 speed=8.75
