02-28 09:09:33.367 13511 13544 D NavServiceProvider: Detecting stop. distance_d=1681.6494. stop_type=1 speed=0.0
02-28 09:09:33.367 13511 13544 D NavigationTest: 169: (28.057030, -82.413207, 0.000000)	R:false  F:false
02-28 09:09:33.367 13511 13544 D NavServiceProvider: Second to last stop coordinates: 28.065622, -82.427307
02-28 09:09:33.368 13511 13544 D NavServiceProvider: Setting units automatically
02-28 09:09:33.369 13511 13544 D NavServiceProvider: Detecting stop. distance_d=1681.856. stop_type=1 speed=0.0
02-28 09:09:33.369 13511 13544 D NavigationTest: 170: (28.057028, -82.413206, 0.000000)	R:false  F:false
02-28 09:09:33.369 13511 13544 D NavigationTest: 171: (28.057028, -82.413206, 0.000000)	R:false  F:false
02-28 09:09:33.369 13511 13544 D NavServiceProvider: Second to last stop coordinates: 28.065622, -82.427307
02-28 09:09:33.369 13511 13544 D NavServiceProvider: Setting units automatically
02-28 09:09:33.370 13511 13544 D NavServiceProvider: Detecting stop. distance_d=1682.0443. stop_type=1 speed=0.0
02-28 09:09:33.370 13511 13544 D NavigationTest: 172: (28.057025, -82.413206, 0.000000)	R:false  F:false
02-28 09:09:33.370 13511 13544 D NavServiceProvider: Second to last stop coordinates: 28.065622, -82.427307
02-28 09:09:33.370 13511 13544 D NavServiceProvider: Setting units automatically
02-28 09:09:33.371 13511 13544 D NavServiceProvider: Detecting stop. distance_d=1681.6392. stop_type=1 speed=0.0
02-28 09:09:33.371 13511 13544 D NavigationTest: 173: (28.057025, -82.413211, 0.000000)	R:false  F:false
02-28 09:09:33.371 13511 13544 D NavigationTest: 174: (28.057025, -82.413211, 0.000000)	R:false  F:false
02-28 09:09:33.371 13511 13544 D NavServiceProvider: Second to last stop coordinates: 28.065622, -82.427307
02-28 09:09:33.372 13511 13544 D NavServiceProvider: Setting units automatically
02-28 09:09:33.373 13511 13544 D NavServiceProvider: Detecting stop. distance_d=1681.8013. stop_type=1 speed=0.0
02-28 09:09:33.373 13511 13544 D NavigationTest: 175: (28.057025, -82.413209, 0.000000)	R:false  F:false
02-28 09:09:33.373 13511 13544 D NavServiceProvider: Second to last stop coordinates: 28.065622, -82.427307
02-28 09:09:33.373 13511 13544 D NavServiceProvider: Setting units automatically
02-28 09:09:33.374 13511 13544 D NavServiceProvider: Detecting stop. distance_d=1681.192. stop_type=1 speed=0.0
02-28 09:09:33.374 13511 13544 D NavigationTest: 176: (28.057036, -82.413208, 0.000000)	R:false  F:false
02-28 09:09:33.374 13511 13544 D NavigationTest: 177: (28.057036, -82.413208, 0.000000)	R:false  F:false
02-28 09:09:33.374 13511 13544 D NavServiceProvider: Second to last stop coordinates: 28.065622, -82.427307
02-28 09:09:33.374 13511 13544 D NavServiceProvider: Setting units automatically
02-28 09:09:33.375 13511 13544 D NavServiceProvider: Detecting stop. distance_d=1681.0957. stop_type=1 speed=0.0
02-28 09:09:33.375 13511 13544 D NavigationTest: 178: (28.057044, -82.413203, 0.000000)	R:false  F:false
02-28 09:09:33.375 13511 13544 D NavServiceProvider: Second to last stop coordinates: 28.065622, -82.427307
02-28 09:09:33.375 13511 13544 D NavServiceProvider: Setting units automatically
02-28 09:09:33.376 13511 13544 D NavServiceProvider: Detecting stop. distance_d=1681.3389. stop_type=1 speed=0.0
02-28 09:09:33.376 13511 13544 D NavigationTest: 179: (28.057044, -82.413200, 0.000000)	R:false  F:false
02-28 09:09:33.377 13511 13544 D NavigationTest: 180: (28.057044, -82.413200, 0.000000)	R:false  F:false
02-28 09:09:33.377 13511 13544 D NavServiceProvider: Second to last stop coordinates: 28.065622, -82.427307
02-28 09:09:33.377 13511 13544 D NavServiceProvider: Setting units automatically
02-28 09:09:33.378 13511 13544 D NavServiceProvider: Detecting stop. distance_d=1681.5713. stop_type=1 speed=0.0
02-28 09:09:33.378 13511 13544 D NavigationTest: 181: (28.057039, -82.413201, 0.000000)	R:false  F:false
02-28 09:09:33.378 13511 13544 D NavServiceProvider: Second to last stop coordinates: 28.065622, -82.427307
02-28 09:09:33.378 13511 13544 D NavServiceProvider: Setting units automatically
02-28 09:09:33.379 13511 13544 D NavServiceProvider: Detecting stop. distance_d=1681.4901. stop_type=1 speed=0.0
02-28 09:09:33.379 13511 13544 D NavigationTest: 182: (28.057039, -82.413202, 0.000000)	R:false  F:false
02-28 09:09:33.379 13511 13544 D NavigationTest: 183: (28.057039, -82.413202, 0.000000)	R:false  F:false
02-28 09:09:33.379 13511 13544 D NavigationTest: 184: (28.057039, -82.413202, 0.000000)	R:false  F:false
02-28 09:09:33.379 13511 13544 D NavServiceProvider: Second to last stop coordinates: 28.065622, -82.427307
02-28 09:09:33.379 13511 13544 D NavServiceProvider: Setting units automatically
02-28 09:09:33.380 13511 13544 D NavServiceProvider: Detecting stop. distance_d=1681.9214. stop_type=1 speed=0.0
02-28 09:09:33.380 13511 13544 D NavigationTest: 185: (28.057036, -82.413199, 0.000000)	R:false  F:false
02-28 09:09:33.380 13511 13544 D NavigationTest: 186: (28.057036, -82.413199, 0.000000)	R:false  F:false
02-28 09:09:33.380 13511 13544 D NavServiceProvider: Second to last stop coordinates: 28.065622, -82.427307
02-28 09:09:33.381 13511 13544 D NavServiceProvider: Setting units automatically
02-28 09:09:33.382 13511 13544 D NavServiceProvider: Detecting stop. distance_d=1682.209. stop_type=1 speed=0.0
02-28 09:09:33.382 13511 13544 D NavigationTest: 187: (28.057034, -82.413197, 0.000000)	R:false  F:false
02-28 09:09:33.382 13511 13544 D NavServiceProvider: Second to last stop coordinates: 28.065622, -82.427307
02-28 09:09:33.382 13511 13544 D NavServiceProvider: Setting units automatically
02-28 09:09:33.383 13511 13544 D NavServiceProvider: Detecting stop. distance_d=1682.29. stop_type=1 speed=0.0
02-28 09:09:33.383 13511 13544 D NavigationTest: 188: (28.057034, -82.413196, 0.000000)	R:false  F:false
02-28 09:09:33.383 13511 13544 D NavigationTest: 189: (28.057034, -82.413196, 0.000000)	R:false  F:false
02-28 09:09:33.383 13511 13544 D NavServiceProvider: Second to last stop coordinates: 28.065622, -82.427307
02-28 09:09:33.383 13511 13544 D NavServiceProvider: Setting units automatically
02-28 09:09:33.384 13511 13544 D NavServiceProvider: Detecting stop. distance_d=1682.3083. stop_type=1 speed=0.0
02-28 09:09:33.385 13511 13544 D NavigationTest: 190: (28.057035, -82.413195, 0.000000)	R:false  F:false
02-28 09:09:33.385 13511 13544 D NavServiceProvider: Second to last stop coordinates: 28.065622, -82.427307
02-28 09:09:33.385 13511 13544 D NavServiceProvider: Setting units automatically
02-28 09:09:33.386 13511 13544 D NavServiceProvider: Detecting stop. distance_d=1682.4154. stop_type=1 speed=0.0
02-28 09:09:33.386 13511 13544 D NavigationTest: 191: (28.057032, -82.413196, 0.000000)	R:false  F:false
02-28 09:09:33.387 13511 13544 D NavigationTest: 192: (28.057032, -82.413196, 0.000000)	R:false  F:false
02-28 09:09:33.387 13511 13544 D NavServiceProvider: Second to last stop coordinates: 28.065622, -82.427307
02-28 09:09:33.387 13511 13544 D NavServiceProvider: Setting units automatically
02-28 09:09:33.388 13511 13544 D NavServiceProvider: Detecting stop. distance_d=1682.4154. stop_type=1 speed=0.0
02-28 09:09:33.388 13511 13544 D NavigationTest: 193: (28.057032, -82.413196, 0.000000)	R:false  F:false
02-28 09:09:33.388 13511 13544 D NavigationTest: 194: (28.057032, -82.413196, 0.000000)	R:false  F:false
02-28 09:09:33.388 13511 13544 D NavServiceProvider: Second to last stop coordinates: 28.065622, -82.427307
02-28 09:09:33.389 13511 13544 D NavServiceProvider: Setting units automatically
02-28 09:09:33.390 13511 13544 D NavServiceProvider: Detecting stop. distance_d=1682.4154. stop_type=1 speed=0.0
02-28 09:09:33.390 13511 13544 D NavigationTest: 195: (28.057032, -82.413196, 0.000000)	R:false  F:false
02-28 09:09:33.390 13511 13544 D NavigationTest: 196: (28.057032, -82.413196, 0.000000)	R:false  F:false
02-28 09:09:33.390 13511 13544 D NavServiceProvider: Second to last stop coordinates: 28.065622, -82.427307
02-28 09:09:33.390 13511 13544 D NavServiceProvider: Setting units automatically
02-28 09:09:33.392 13511 13544 D NavServiceProvider: Detecting stop. distance_d=1682.4781. stop_type=1 speed=0.0
02-28 09:09:33.392 13511 13544 D NavigationTest: 197: (28.057031, -82.413196, 0.000000)	R:false  F:false
02-28 09:09:33.392 13511 13544 D NavigationTest: 198: (28.057031, -82.413196, 0.000000)	R:false  F:false
02-28 09:09:33.392 13511 13544 D NavServiceProvider: Second to last stop coordinates: 28.065622, -82.427307
02-28 09:09:33.392 13511 13544 D NavServiceProvider: Setting units automatically
02-28 09:09:33.394 13511 13544 D NavServiceProvider: Detecting stop. distance_d=1682.5592. stop_type=1 speed=0.0
02-28 09:09:33.395 13511 13544 D NavigationTest: 199: (28.057031, -82.413195, 0.000000)	R:false  F:false
02-28 09:09:33.395 13511 13544 D NavServiceProvider: Second to last stop coordinates: 28.065622, -82.427307
02-28 09:09:33.395 13511 13544 D NavServiceProvider: Setting units automatically
02-28 09:09:33.398 13511 13544 D NavServiceProvider: Detecting stop. distance_d=1682.7657. stop_type=1 speed=0.0
02-28 09:09:33.398 13511 13544 D NavigationTest: 200: (28.057029, -82.413194, 0.000000)	R:false  F:false
02-28 09:09:33.398 13511 13544 D NavigationTest: 201: (28.057029, -82.413194, 0.000000)	R:false  F:false
02-28 09:09:33.398 13511 13544 D NavServiceProvider: Second to last stop coordinates: 28.065622, -82.427307
02-28 09:09:33.399 13511 13544 D NavServiceProvider: Setting units automatically
02-28 09:09:33.403 13511 13544 D NavServiceProvider: Detecting stop. distance_d=1682.703. stop_type=1 speed=0.0
02-28 09:09:33.403 13511 13544 D NavigationTest: 202: (28.057030, -82.413194, 0.000000)	R:false  F:false
02-28 09:09:33.403 13511 13544 D NavServiceProvider: Second to last stop coordinates: 28.065622, -82.427307
02-28 09:09:33.404 13511 13544 D NavServiceProvider: Setting units automatically
02-28 09:09:33.407 13511 13544 D NavServiceProvider: Detecting stop. distance_d=1683.3591. stop_type=1 speed=0.0
02-28 09:09:33.408 13511 13544 D NavigationTest: 203: (28.057026, -82.413189, 0.000000)	R:false  F:false
02-28 09:09:33.408 13511 13544 D NavigationTest: 204: (28.057026, -82.413189, 0.000000)	R:false  F:false
02-28 09:09:33.408 13511 13544 D NavServiceProvider: Second to last stop coordinates: 28.065622, -82.427307
02-28 09:09:33.408 13511 13544 D NavServiceProvider: Setting units automatically
02-28 09:09:33.409   871   871 D audio_hw_primary: adev_get_parameters:vr_audio_mode_on
02-28 09:09:33.409   871   871 I audio_hw_primary: getting vr mode to 0
02-28 09:09:33.410   871   871 D audio_hw_primary: adev_get_parameters: exit: returns - vr_audio_mode_on=false
02-28 09:09:33.410   959  1211 I hash_map_utils: key: 'vr_audio_mode_on' value: ''
02-28 09:09:33.410 13511 13544 D NavServiceProvider: Detecting stop. distance_d=1683.827. stop_type=1 speed=0.0
02-28 09:09:33.410 13511 13544 D NavigationTest: 205: (28.057025, -82.413184, 0.000000)	R:false  F:false
02-28 09:09:33.410   959  1211 I AudioPolicyManagerCustom: VR mode is 0, switch to primary output if request is for fast|raw
02-28 09:09:33.410 13511 13544 D NavServiceProvider: Second to last stop coordinates: 28.065622, -82.427307
02-28 09:09:33.410   959  1211 I AudioPolicyManagerCustom: setting force DEEP buffer now
02-28 09:09:33.411 13511 13544 D NavServiceProvider: Setting units automatically
02-28 09:09:33.411   959  1211 D AudioFlinger: Client defaulted notificationFrames to 2048 for frameCount 4096
02-28 09:09:33.412   959  1211 D AF::TrackHandle: OpPlayAudio: track:185 usage:1 not muted
02-28 09:09:33.412 13511 13544 D NavServiceProvider: Detecting stop. distance_d=1683.9708. stop_type=1 speed=0.0
02-28 09:09:33.413 13511 13544 D NavigationTest: 206: (28.057024, -82.413183, 0.000000)	R:false  F:false
02-28 09:09:33.413 13511 13544 D NavigationTest: 207: (28.057024, -82.413183, 0.000000)	R:false  F:false
02-28 09:09:33.413 13511 13544 D NavServiceProvider: Second to last stop coordinates: 28.065622, -82.427307
02-28 09:09:33.413 13511 13544 D NavServiceProvider: Setting units automatically
02-28 09:09:33.415 13511 13544 D NavServiceProvider: Detecting stop. distance_d=1684.4388. stop_type=1 speed=0.0
02-28 09:09:33.415 13511 13544 D NavigationTest: 208: (28.057023, -82.413178, 0.000000)	R:false  F:false
02-28 09:09:33.415 13511 13544 D NavServiceProvider: Second to last stop coordinates: 28.065622, -82.427307
02-28 09:09:33.415 13511 13544 D NavServiceProvider: Setting units automatically
02-28 09:09:33.417 13511 13544 D NavServiceProvider: Detecting stop. distance_d=1684.2767. stop_type=1 speed=0.0
02-28 09:09:33.417 13511 13544 D NavigationTest: 209: (28.057023, -82.413180, 0.000000)	R:false  F:false
02-28 09:09:33.417 13511 13544 D NavigationTest: 210: (28.057023, -82.413180, 0.000000)	R:false  F:false
02-28 09:09:33.417  2666  3413 D Avrcp_ext: AudioManager Player: ID:23 -- type:android.media.SoundPool -- u/pid:10126/2688 -- state:idle -- attr:AudioAttributes: usage=USAGE_ASSISTANCE_SONIFICATION content=CONTENT_TYPE_SONIFICATION flags=0x800 tags= bundle=null
02-28 09:09:33.417 13511 13544 D NavServiceProvider: Second to last stop coordinates: 28.065622, -82.427307
02-28 09:09:33.417  2666  3413 D Avrcp_ext: AudioManager Player: ID:15 -- type:android.media.SoundPool -- u/pid:1000/1493 -- state:idle -- attr:AudioAttributes: usage=USAGE_ASSISTANCE_SONIFICATION content=CONTENT_TYPE_SONIFICATION flags=0x800 tags= bundle=null
02-28 09:09:33.417  2666  3413 D Avrcp_ext: AudioManager Player: ID:1071 -- type:android.media.AudioTrack -- u/pid:10088/13579 -- state:started -- attr:AudioAttributes: usage=USAGE_MEDIA content=CONTENT_TYPE_SPEECH flags=0x800 tags= bundle=null
02-28 09:09:33.417  2666  3413 D Avrcp_ext: AudioManager isPlaying: true
02-28 09:09:33.417  2666  3413 V Avrcp_ext: updateCurrentMediaState: mMediaController: null
02-28 09:09:33.418 13511 13544 D NavServiceProvider: Setting units automatically
02-28 09:09:33.418  2666  3413 V Avrcp_ext: isMusicActive: false getBluetoothPlayState: 2
02-28 09:09:33.418  2666  3413 V Avrcp_ext: updateCurrentMediaState: isPlaying = false
02-28 09:09:33.418  2666  3413 V Avrcp_ext: Media update: id -1-1? [MediaAttributes: none] : [MediaAttributes: none]
02-28 09:09:33.418  2666  3413 V Avrcp_ext: newPlayStatus:2mReportedPlayStatus:-1
02-28 09:09:33.418  2666  3413 V Avrcp_ext: updatePlaybackState, state: PlaybackState {state=2, position=-1, buffered position=0, speed=0.0, updated=1776748, actions=0, custom actions=[], active item id=-1, error=null} device: null
02-28 09:09:33.418  2666  3413 V Avrcp_ext: Device: no name:
02-28 09:09:33.418  2666  3413 I chatty  : uid=1002(bluetooth) BluetoothAvrcpH identical 3 lines
02-28 09:09:33.418  2666  3413 V Avrcp_ext: Device: no name:
02-28 09:09:33.418  2666  3413 V Avrcp_ext: updatePlayerStateAndPosition, old=PlaybackState {state=2, position=-1, buffered position=0, speed=0.0, updated=1776481, actions=0, custom actions=[], active item id=-1, error=null}, state=PlaybackState {state=2, position=-1, buffered position=0, speed=0.0, updated=1776748, actions=0, custom actions=[], active item id=-1, error=null}
02-28 09:09:33.418  2666  3413 V Avrcp_ext: old state = PlaybackState {state=2, position=-1, buffered position=0, speed=0.0, updated=1776481, actions=0, custom actions=[], active item id=-1, error=null}, new state= PlaybackState {state=2, position=-1, buffered position=0, speed=0.0, updated=1776748, actions=0, custom actions=[], active item id=-1, error=null}
02-28 09:09:33.418  2666  3413 D HeadsetService: getHeadsetService(): returning com.android.bluetooth.hfp.HeadsetService@8a04d28
02-28 09:09:33.418  2666  3413 D HeadsetService:  isAudioOn: The number of audio connected devices 0
02-28 09:09:33.418  2666  3413 D HeadsetService: isScoOrCallActive(): Call Active:falseCall is Ringing:falseSCO is Active:false
02-28 09:09:33.419  2666  3413 D HeadsetService:  isAudioOn: The number of audio connected devices 0
02-28 09:09:33.419  2666  3413 I Avrcp_ext: updatePlayStatusForDevice: device: null
02-28 09:09:33.419  2666  3413 V Avrcp_ext: updatePlaybackState (1): old=PlaybackState {state=2, position=-1, buffered position=0, speed=0.0, updated=1776481, actions=0, custom actions=[], active item id=-1, error=null}(2), new=PlaybackState {state=2, position=-1, buffered position=0, speed=0.0, updated=1776748, actions=0, custom actions=[], active item id=-1, error=null}(2)
02-28 09:09:33.419  2666  3413 I Avrcp_ext: Exit updatePlayStatusForDevice
02-28 09:09:33.420 13511 13544 D NavServiceProvider: Detecting stop. distance_d=1684.5199. stop_type=1 speed=0.0
02-28 09:09:33.420 13511 13544 D NavigationTest: 211: (28.057023, -82.413177, 0.000000)	R:false  F:false
02-28 09:09:33.420 13511 13544 D NavServiceProvider: Second to last stop coordinates: 28.065622, -82.427307
02-28 09:09:33.420 13511 13544 D NavServiceProvider: Setting units automatically
02-28 09:09:33.421  2666  3413 D HeadsetService:  isAudioOn: The number of audio connected devices 0
02-28 09:09:33.421  2666  3413 D HeadsetService: isScoOrCallActive(): Call Active:falseCall is Ringing:falseSCO is Active:false
02-28 09:09:33.421  2666  3413 D HeadsetService:  isAudioOn: The number of audio connected devices 0
02-28 09:09:33.421  2666  3413 I Avrcp_ext: updatePlayStatusForDevice: device: null
02-28 09:09:33.421  2666  3413 V Avrcp_ext: updatePlaybackState (1): old=PlaybackState {state=2, position=-1, buffered position=0, speed=0.0, updated=1776481, actions=0, custom actions=[], active item id=-1, error=null}(2), new=PlaybackState {state=2, position=-1, buffered position=0, speed=0.0, updated=1776748, actions=0, custom actions=[], active item id=-1, error=null}(2)
02-28 09:09:33.421  2666  3413 I Avrcp_ext: Exit updatePlayStatusForDevice
02-28 09:09:33.422  2666  3413 D HeadsetService:  isAudioOn: The number of audio connected devices 0
02-28 09:09:33.422  2666  3413 D HeadsetService: isScoOrCallActive(): Call Active:falseCall is Ringing:falseSCO is Active:false
02-28 09:09:33.422  2666  3413 D HeadsetService:  isAudioOn: The number of audio connected devices 0
02-28 09:09:33.422  2666  3413 I Avrcp_ext: updatePlayStatusForDevice: device: null
02-28 09:09:33.422  2666  3413 V Avrcp_ext: updatePlaybackState (1): old=PlaybackState {state=2, position=-1, buffered position=0, speed=0.0, updated=1776481, actions=0, custom actions=[], active item id=-1, error=null}(2), new=PlaybackState {state=2, position=-1, buffered position=0, speed=0.0, updated=1776748, actions=0, custom actions=[], active item id=-1, error=null}(2)
02-28 09:09:33.422  2666  3413 I Avrcp_ext: Exit updatePlayStatusForDevice
02-28 09:09:33.422  2666  3413 D HeadsetService:  isAudioOn: The number of audio connected devices 0
02-28 09:09:33.422  2666  3413 D HeadsetService: isScoOrCallActive(): Call Active:falseCall is Ringing:falseSCO is Active:false
02-28 09:09:33.422 13511 13544 D NavServiceProvider: Detecting stop. distance_d=1684.5199. stop_type=1 speed=0.0
02-28 09:09:33.422 13511 13544 D NavigationTest: 212: (28.057023, -82.413177, 0.000000)	R:false  F:false
02-28 09:09:33.422  2666  3413 D HeadsetService:  isAudioOn: The number of audio connected devices 0
02-28 09:09:33.422  2666  3413 I Avrcp_ext: updatePlayStatusForDevice: device: null
02-28 09:09:33.422 13511 13544 D NavigationTest: 213: (28.057023, -82.413177, 0.000000)	R:false  F:false
02-28 09:09:33.422 13511 13544 D NavServiceProvider: Second to last stop coordinates: 28.065622, -82.427307
02-28 09:09:33.422  2666  3413 V Avrcp_ext: updatePlaybackState (1): old=PlaybackState {state=2, position=-1, buffered position=0, speed=0.0, updated=1776481, actions=0, custom actions=[], active item id=-1, error=null}(2), new=PlaybackState {state=2, position=-1, buffered position=0, speed=0.0, updated=1776748, actions=0, custom actions=[], active item id=-1, error=null}(2)
02-28 09:09:33.422  2666  3413 I Avrcp_ext: Exit updatePlayStatusForDevice
02-28 09:09:33.423  2666  3413 D HeadsetService:  isAudioOn: The number of audio connected devices 0
02-28 09:09:33.423  2666  3413 D HeadsetService: isScoOrCallActive(): Call Active:falseCall is Ringing:falseSCO is Active:false
02-28 09:09:33.423  2666  3413 D HeadsetService:  isAudioOn: The number of audio connected devices 0
02-28 09:09:33.423  2666  3413 I Avrcp_ext: updatePlayStatusForDevice: device: null
02-28 09:09:33.423  2666  3413 V Avrcp_ext: updatePlaybackState (1): old=PlaybackState {state=2, position=-1, buffered position=0, speed=0.0, updated=1776481, actions=0, custom actions=[], active item id=-1, error=null}(2), new=PlaybackState {state=2, position=-1, buffered position=0, speed=0.0, updated=1776748, actions=0, custom actions=[], active item id=-1, error=null}(2)
02-28 09:09:33.423  2666  3413 I Avrcp_ext: Exit updatePlayStatusForDevice
02-28 09:09:33.423  2666  3413 D Avrcp_ext: Enter sendPlayPosNotificationRsp
02-28 09:09:33.423  2666  3413 D Avrcp_ext: sendPlayPosNotificationRsp: Not registered or requesting.
02-28 09:09:33.423  2666  3413 D Avrcp_ext: Enter sendPlayPosNotificationRsp
02-28 09:09:33.423  2666  3413 D Avrcp_ext: sendPlayPosNotificationRsp: Not registered or requesting.
02-28 09:09:33.423  2666  3413 D Avrcp_ext: Enter sendPlayPosNotificationRsp
02-28 09:09:33.423 13511 13544 D NavServiceProvider: Setting units automatically
02-28 09:09:33.423  2666  3413 D Avrcp_ext: sendPlayPosNotificationRsp: Not registered or requesting.
02-28 09:09:33.423  2666  3413 D Avrcp_ext: Enter sendPlayPosNotificationRsp
02-28 09:09:33.423  2666  3413 D Avrcp_ext: sendPlayPosNotificationRsp: Not registered or requesting.
02-28 09:09:33.423  2666  3413 D Avrcp_ext: Enter sendPlayPosNotificationRsp
02-28 09:09:33.423  2666  3413 D Avrcp_ext: sendPlayPosNotificationRsp: Not registered or requesting.
02-28 09:09:33.423  2666  3413 V Avrcp_ext: Exit updatePlayerStateAndPosition
02-28 09:09:33.424 13511 13544 D NavServiceProvider: Detecting stop. distance_d=1684.5199. stop_type=1 speed=0.0
02-28 09:09:33.424 13511 13544 D NavigationTest: 214: (28.057023, -82.413177, 0.000000)	R:false  F:false
02-28 09:09:33.424 13511 13544 D NavServiceProvider: Second to last stop coordinates: 28.065622, -82.427307
02-28 09:09:33.425 13511 13544 D NavServiceProvider: Setting units automatically
02-28 09:09:33.426   871   871 V EffectDiracSound: DiracSound_command() start, cmdCode=20
02-28 09:09:33.426   871   871 V EffectDiracSound: DiracSound_Command EFFECT_CMD_OFFLOAD
02-28 09:09:33.426   871   871 V EffectDiracSound: DiracSound_command() start, cmdCode=1
02-28 09:09:33.426   871   871 V EffectDiracSound: DiracSound_setConfig start
02-28 09:09:33.426   871   871 I EffectDiracSound: DiracSound_updateState(), enable=0, hifi=0, device=0x2, headset=5, samplingRate=48000
02-28 09:09:33.426   871   871 I EffectDiracSound: DiracSound_updateState(), mode=0, music=0, movie=0, reset=0
02-28 09:09:33.426   871   871 I EffectDiracSound: DiracSound_updateState(), Speaker Movie/Stereo Mode is not supported. Stop update state.
02-28 09:09:33.426   871   871 W EffectHAL: Effect 0xe4b38cd0 command SET_CONFIG returned status: Invalid argument
02-28 09:09:33.426   871   871 V EffectDiracSound: DiracSound_command() start, cmdCode=1
02-28 09:09:33.426   871   871 V EffectDiracSound: DiracSound_setConfig start
02-28 09:09:33.426   871   871 I EffectDiracSound: DiracSound_updateState(), enable=0, hifi=0, device=0x2, headset=5, samplingRate=48000
02-28 09:09:33.426   871   871 I EffectDiracSound: DiracSound_updateState(), mode=0, music=0, movie=0, reset=0
02-28 09:09:33.426   871   871 I EffectDiracSound: DiracSound_updateState(), Speaker Movie/Stereo Mode is not supported. Stop update state.
02-28 09:09:33.426 13511 13544 D NavServiceProvider: Detecting stop. distance_d=1684.5199. stop_type=1 speed=0.0
02-28 09:09:33.426   871   871 V EffectDiracSound: DiracSound_command() start, cmdCode=9
02-28 09:09:33.426   871   871 V EffectDiracSound: DiracSound_Command EFFECT_CMD_SET_DEVICE: 0x00000002
02-28 09:09:33.426 13511 13544 D NavigationTest: 215: (28.057023, -82.413177, 0.000000)	R:false  F:false
02-28 09:09:33.426 13511 13544 D NavigationTest: 216: (28.057023, -82.413177, 0.000000)	R:false  F:false
02-28 09:09:33.426   871   871 V EffectDiracSound: DiracSound_command() start, cmdCode=11
02-28 09:09:33.426   871   871 V EffectDiracSound: DiracSound_Command EFFECT_CMD_SET_AUDIO_MODE: 0
02-28 09:09:33.426 13511 13544 D NavigationTest: 217: (28.057023, -82.413177, 0.000000)	R:false  F:false
02-28 09:09:33.426 13511 13544 D NavServiceProvider: Second to last stop coordinates: 28.065622, -82.427307
02-28 09:09:33.427 13511 13544 D NavServiceProvider: Setting units automatically
02-28 09:09:33.429 13511 13544 D NavServiceProvider: Detecting stop. distance_d=1684.5826. stop_type=1 speed=0.0
02-28 09:09:33.429 13511 13544 D NavigationTest: 218: (28.057022, -82.413177, 0.000000)	R:false  F:false
02-28 09:09:33.429 13511 13544 D NavServiceProvider: Second to last stop coordinates: 28.065622, -82.427307
02-28 09:09:33.429   871  6793 D msm8974_platform: platform_split_snd_device: snd_device(2) num devices(1) new_snd_devices(0)
02-28 09:09:33.429   871  6793 D ACDB-LOADER: ACDB -> send_audvoltable
02-28 09:09:33.429   871  6793 D ACDB-LOADER: ACDB -> ACDB_CMD_GET_AUDPROC_VOL_STEP_TABLE_SIZE
02-28 09:09:33.429   871  6793 D ACDB-LOADER: ACDB -> ACDB_CMD_GET_AUDPROC_GAIN_DEP_STEP_TABLE, vol index 5
02-28 09:09:33.429   871  6793 D         : Failed to fetch the lookup information of the device 0000000F
02-28 09:09:33.429   871  6793 E ACDB-LOADER: Error: ACDB AudProc vol returned = -19
02-28 09:09:33.429   871  6793 D ACDB-LOADER: ACDB -> AUDIO_SET_VOL_CAL cal type = 40
02-28 09:09:33.430 13511 13544 D NavServiceProvider: Setting units automatically
02-28 09:09:33.431 13511 13544 D NavServiceProvider: Detecting stop. distance_d=1684.5826. stop_type=1 speed=0.0
02-28 09:09:33.431 13511 13544 D NavigationTest: 219: (28.057022, -82.413177, 0.000000)	R:false  F:false
02-28 09:09:33.431 13511 13544 D NavigationTest: 220: (28.057022, -82.413177, 0.000000)	R:false  F:false
02-28 09:09:33.431 13511 13544 D NavServiceProvider: Second to last stop coordinates: 28.065622, -82.427307
02-28 09:09:33.432 13511 13544 D NavServiceProvider: Setting units automatically
02-28 09:09:33.432 13511 13544 D NavServiceProvider: Detecting stop. distance_d=1684.5826. stop_type=1 speed=0.0
02-28 09:09:33.433 13511 13544 D NavigationTest: 221: (28.057022, -82.413177, 0.000000)	R:false  F:false
02-28 09:09:33.433 13511 13544 D NavServiceProvider: Second to last stop coordinates: 28.065622, -82.427307
02-28 09:09:33.433 13511 13544 D NavServiceProvider: Setting units automatically
02-28 09:09:33.434 13511 13544 D NavServiceProvider: Detecting stop. distance_d=1684.6637. stop_type=1 speed=0.0
02-28 09:09:33.434 13511 13544 D NavigationTest: 222: (28.057022, -82.413176, 0.000000)	R:false  F:false
02-28 09:09:33.434 13511 13544 D NavigationTest: 223: (28.057022, -82.413176, 0.000000)	R:false  F:false
02-28 09:09:33.434 13511 13544 D NavServiceProvider: Second to last stop coordinates: 28.065622, -82.427307
02-28 09:09:33.434 13511 13544 D NavServiceProvider: Setting units automatically
02-28 09:09:33.435 13511 13544 D NavServiceProvider: Detecting stop. distance_d=1684.6637. stop_type=1 speed=0.0
02-28 09:09:33.435 13511 13544 D NavigationTest: 224: (28.057022, -82.413176, 0.000000)	R:false  F:false
02-28 09:09:33.435 13511 13544 D NavigationTest: 225: (28.057022, -82.413176, 0.000000)	R:false  F:false
02-28 09:09:33.435 13511 13544 D NavServiceProvider: Second to last stop coordinates: 28.065622, -82.427307
02-28 09:09:33.435 13511 13544 D NavServiceProvider: Setting units automatically
02-28 09:09:33.436 13511 13544 D NavServiceProvider: Detecting stop. distance_d=1684.7448. stop_type=1 speed=0.0
02-28 09:09:33.436 13511 13544 D NavigationTest: 226: (28.057022, -82.413175, 0.000000)	R:false  F:false
02-28 09:09:33.436 13511 13544 D NavServiceProvider: Second to last stop coordinates: 28.065622, -82.427307
02-28 09:09:33.437 13511 13544 D NavServiceProvider: Setting units automatically
02-28 09:09:33.438 13511 13544 D NavServiceProvider: Detecting stop. distance_d=1684.7448. stop_type=1 speed=0.0
02-28 09:09:33.438 13511 13544 D NavigationTest: 227: (28.057022, -82.413175, 0.000000)	R:false  F:false
02-28 09:09:33.438 13511 13544 D NavigationTest: 228: (28.057022, -82.413175, 0.000000)	R:false  F:false
02-28 09:09:33.438 13511 13544 D NavServiceProvider: Second to last stop coordinates: 28.065622, -82.427307
02-28 09:09:33.438 13511 13544 D NavServiceProvider: Setting units automatically
02-28 09:09:33.439 13511 13544 D NavServiceProvider: Detecting stop. distance_d=1684.7448. stop_type=1 speed=0.0
02-28 09:09:33.439 13511 13544 D NavigationTest: 229: (28.057022, -82.413175, 0.000000)	R:false  F:false
02-28 09:09:33.439 13511 13544 D NavigationTest: 230: (28.057022, -82.413175, 0.000000)	R:false  F:false
02-28 09:09:33.439 13511 13544 D NavServiceProvider: Second to last stop coordinates: 28.065622, -82.427307
02-28 09:09:33.439 13511 13544 D NavServiceProvider: Setting units automatically
02-28 09:09:33.440 13511 13544 D NavServiceProvider: Detecting stop. distance_d=1684.7448. stop_type=1 speed=0.0
02-28 09:09:33.440 13511 13544 D NavigationTest: 231: (28.057022, -82.413175, 0.000000)	R:false  F:false
02-28 09:09:33.440 13511 13544 D NavServiceProvider: Second to last stop coordinates: 28.065622, -82.427307
02-28 09:09:33.441 13511 13544 D NavServiceProvider: Setting units automatically
02-28 09:09:33.442 13511 13544 D NavServiceProvider: Detecting stop. distance_d=1684.7448. stop_type=1 speed=0.0
02-28 09:09:33.442 13511 13544 D NavigationTest: 232: (28.057022, -82.413175, 0.000000)	R:false  F:false
02-28 09:09:33.442 13511 13544 D NavigationTest: 233: (28.057022, -82.413175, 0.000000)	R:false  F:false
02-28 09:09:33.442 13511 13544 D NavServiceProvider: Second to last stop coordinates: 28.065622, -82.427307
02-28 09:09:33.442 13511 13544 D NavServiceProvider: Setting units automatically
02-28 09:09:33.443 13511 13544 D NavServiceProvider: Detecting stop. distance_d=1684.7448. stop_type=1 speed=0.0
02-28 09:09:33.443 13511 13544 D NavigationTest: 234: (28.057022, -82.413175, 0.000000)	R:false  F:false
02-28 09:09:33.443 13511 13544 D NavServiceProvider: Second to last stop coordinates: 28.065622, -82.427307
02-28 09:09:33.443 13511 13544 D NavServiceProvider: Setting units automatically
02-28 09:09:33.444 13511 13544 D NavServiceProvider: Detecting stop. distance_d=1684.7448. stop_type=1 speed=0.0
02-28 09:09:33.444 13511 13544 D NavigationTest: 235: (28.057022, -82.413175, 0.000000)	R:false  F:false
02-28 09:09:33.444 13511 13544 D NavigationTest: 236: (28.057022, -82.413175, 0.000000)	R:false  F:false
02-28 09:09:33.444 13511 13544 D NavServiceProvider: Second to last stop coordinates: 28.065622, -82.427307
02-28 09:09:33.445 13511 13544 D NavServiceProvider: Setting units automatically
02-28 09:09:33.445 13511 13544 D NavServiceProvider: Detecting stop. distance_d=1684.8258. stop_type=1 speed=0.0
02-28 09:09:33.446 13511 13544 D NavigationTest: 237: (28.057022, -82.413174, 0.000000)	R:false  F:false
02-28 09:09:33.446 13511 13544 D NavServiceProvider: Second to last stop coordinates: 28.065622, -82.427307
02-28 09:09:33.446 13511 13544 D NavServiceProvider: Setting units automatically
02-28 09:09:33.447 13511 13544 D NavServiceProvider: Detecting stop. distance_d=1684.8258. stop_type=1 speed=0.0
02-28 09:09:33.447 13511 13544 D NavigationTest: 238: (28.057022, -82.413174, 0.000000)	R:false  F:false
02-28 09:09:33.447 13511 13544 D NavigationTest: 239: (28.057022, -82.413174, 0.000000)	R:false  F:false
02-28 09:09:33.447 13511 13544 D NavServiceProvider: Second to last stop coordinates: 28.065622, -82.427307
02-28 09:09:33.447 13511 13544 D NavServiceProvider: Setting units automatically
02-28 09:09:33.448 13511 13544 D NavServiceProvider: Detecting stop. distance_d=1684.8258. stop_type=1 speed=0.0
02-28 09:09:33.448 13511 13544 D NavigationTest: 240: (28.057022, -82.413174, 0.000000)	R:false  F:false
02-28 09:09:33.448 13511 13544 D NavigationTest: 241: (28.057022, -82.413174, 0.000000)	R:false  F:false
02-28 09:09:33.448 13511 13544 D NavServiceProvider: Second to last stop coordinates: 28.065622, -82.427307
02-28 09:09:33.448 13511 13544 D NavServiceProvider: Setting units automatically
02-28 09:09:33.449 13511 13544 D NavServiceProvider: Detecting stop. distance_d=1684.8258. stop_type=1 speed=0.0
02-28 09:09:33.450 13511 13544 D NavigationTest: 242: (28.057022, -82.413174, 0.000000)	R:false  F:false
02-28 09:09:33.450 13511 13544 D NavigationTest: 243: (28.057022, -82.413174, 0.000000)	R:false  F:false
02-28 09:09:33.450 13511 13544 D NavServiceProvider: Second to last stop coordinates: 28.065622, -82.427307
02-28 09:09:33.450 13511 13544 D NavServiceProvider: Setting units automatically
02-28 09:09:33.451 13511 13544 D NavServiceProvider: Detecting stop. distance_d=1684.8258. stop_type=1 speed=0.0
02-28 09:09:33.451 13511 13544 D NavigationTest: 244: (28.057022, -82.413174, 0.000000)	R:false  F:false
02-28 09:09:33.451 13511 13544 D NavigationTest: 245: (28.057022, -82.413174, 0.000000)	R:false  F:false
02-28 09:09:33.451 13511 13544 D NavServiceProvider: Second to last stop coordinates: 28.065622, -82.427307
02-28 09:09:33.451 13511 13544 D NavServiceProvider: Setting units automatically
02-28 09:09:33.452 13511 13544 D NavServiceProvider: Detecting stop. distance_d=1684.8258. stop_type=1 speed=0.0
02-28 09:09:33.452 13511 13544 D NavigationTest: 246: (28.057022, -82.413174, 0.000000)	R:false  F:false
02-28 09:09:33.452 13511 13544 D NavServiceProvider: Second to last stop coordinates: 28.065622, -82.427307
02-28 09:09:33.453 13511 13544 D NavServiceProvider: Setting units automatically
02-28 09:09:33.454 13511 13544 D NavServiceProvider: Detecting stop. distance_d=1684.7448. stop_type=1 speed=0.0
02-28 09:09:33.454 13511 13544 D NavigationTest: 247: (28.057022, -82.413175, 0.000000)	R:false  F:false
02-28 09:09:33.454 13511 13544 D NavigationTest: 248: (28.057022, -82.413175, 0.000000)	R:false  F:false
02-28 09:09:33.454 13511 13544 D NavServiceProvider: Second to last stop coordinates: 28.065622, -82.427307
02-28 09:09:33.454 13511 13544 D NavServiceProvider: Setting units automatically
02-28 09:09:33.455 13511 13544 D NavServiceProvider: Detecting stop. distance_d=1684.8258. stop_type=1 speed=0.0
02-28 09:09:33.455 13511 13544 D NavigationTest: 249: (28.057022, -82.413174, 0.000000)	R:false  F:false
02-28 09:09:33.455 13511 13544 D NavigationTest: 250: (28.057022, -82.413174, 0.000000)	R:false  F:false
02-28 09:09:33.455 13511 13544 D NavServiceProvider: Second to last stop coordinates: 28.065622, -82.427307
02-28 09:09:33.455 13511 13544 D NavServiceProvider: Setting units automatically
02-28 09:09:33.456 13511 13544 D NavServiceProvider: Detecting stop. distance_d=1684.8258. stop_type=1 speed=0.0
02-28 09:09:33.456 13511 13544 D NavigationTest: 251: (28.057022, -82.413174, 0.000000)	R:false  F:false
02-28 09:09:33.456 13511 13544 D NavigationTest: 252: (28.057022, -82.413174, 0.000000)	R:false  F:false
02-28 09:09:33.456 13511 13544 D NavServiceProvider: Second to last stop coordinates: 28.065622, -82.427307
02-28 09:09:33.457 13511 13544 D NavServiceProvider: Setting units automatically
02-28 09:09:33.458 13511 13544 D NavServiceProvider: Detecting stop. distance_d=1684.8258. stop_type=1 speed=0.0
02-28 09:09:33.458 13511 13544 D NavigationTest: 253: (28.057022, -82.413174, 0.000000)	R:false  F:false
02-28 09:09:33.458 13511 13544 D NavigationTest: 254: (28.057022, -82.413174, 0.000000)	R:false  F:false
02-28 09:09:33.458 13511 13544 D NavServiceProvider: Second to last stop coordinates: 28.065622, -82.427307
02-28 09:09:33.458 13511 13544 D NavServiceProvider: Setting units automatically
02-28 09:09:33.459 13511 13544 D NavServiceProvider: Detecting stop. distance_d=1684.8258. stop_type=1 speed=0.0
02-28 09:09:33.459 13511 13544 D NavigationTest: 255: (28.057022, -82.413174, 0.000000)	R:false  F:false
02-28 09:09:33.459 13511 13544 D NavigationTest: 256: (28.057022, -82.413174, 0.000000)	R:false  F:false
02-28 09:09:33.459 13511 13544 D NavServiceProvider: Second to last stop coordinates: 28.065622, -82.427307
02-28 09:09:33.459 13511 13544 D NavServiceProvider: Setting units automatically
02-28 09:09:33.460 13511 13544 D NavServiceProvider: Detecting stop. distance_d=1684.8258. stop_type=1 speed=0.0
02-28 09:09:33.460 13511 13544 D NavigationTest: 257: (28.057022, -82.413174, 0.000000)	R:false  F:false
02-28 09:09:33.460 13511 13544 D NavServiceProvider: Second to last stop coordinates: 28.065622, -82.427307
02-28 09:09:33.461 13511 13544 D NavServiceProvider: Setting units automatically
02-28 09:09:33.462 13511 13544 D NavServiceProvider: Detecting stop. distance_d=1684.8258. stop_type=1 speed=0.0
02-28 09:09:33.462 13511 13544 D NavigationTest: 258: (28.057022, -82.413174, 0.000000)	R:false  F:false
02-28 09:09:33.462 13511 13544 D NavigationTest: 259: (28.057022, -82.413174, 0.000000)	R:false  F:false
02-28 09:09:33.462 13511 13544 D NavServiceProvider: Second to last stop coordinates: 28.065622, -82.427307
02-28 09:09:33.462 13511 13544 D NavServiceProvider: Setting units automatically
02-28 09:09:33.463 13511 13544 D NavServiceProvider: Detecting stop. distance_d=1684.8258. stop_type=1 speed=0.0
02-28 09:09:33.463 13511 13544 D NavigationTest: 260: (28.057022, -82.413174, 0.000000)	R:false  F:false
02-28 09:09:33.463 13511 13544 D NavigationTest: 261: (28.057022, -82.413174, 0.000000)	R:false  F:false
02-28 09:09:33.463 13511 13544 D NavServiceProvider: Second to last stop coordinates: 28.065622, -82.427307
02-28 09:09:33.463 13511 13544 D NavServiceProvider: Setting units automatically
02-28 09:09:33.464 13511 13544 D NavServiceProvider: Detecting stop. distance_d=1684.8258. stop_type=1 speed=0.0
02-28 09:09:33.464 13511 13544 D NavigationTest: 262: (28.057022, -82.413174, 0.000000)	R:false  F:false
02-28 09:09:33.464 13511 13544 D NavServiceProvider: Second to last stop coordinates: 28.065622, -82.427307
02-28 09:09:33.465 13511 13544 D NavServiceProvider: Setting units automatically
02-28 09:09:33.466 13511 13544 D NavServiceProvider: Detecting stop. distance_d=1684.8258. stop_type=1 speed=0.0
02-28 09:09:33.466 13511 13544 D NavigationTest: 263: (28.057022, -82.413174, 0.000000)	R:false  F:false
02-28 09:09:33.466 13511 13544 D NavigationTest: 264: (28.057022, -82.413174, 0.000000)	R:false  F:false
02-28 09:09:33.466 13511 13544 D NavServiceProvider: Second to last stop coordinates: 28.065622, -82.427307
02-28 09:09:33.466 13511 13544 D NavServiceProvider: Setting units automatically
02-28 09:09:33.467 13511 13544 D NavServiceProvider: Detecting stop. distance_d=1684.8258. stop_type=1 speed=0.0
02-28 09:09:33.467 13511 13544 D NavigationTest: 265: (28.057022, -82.413174, 0.000000)	R:false  F:false
02-28 09:09:33.467 13511 13544 D NavigationTest: 266: (28.057022, -82.413174, 0.000000)	R:false  F:false
02-28 09:09:33.467 13511 13544 D NavServiceProvider: Second to last stop coordinates: 28.065622, -82.427307
02-28 09:09:33.467 13511 13544 D NavServiceProvider: Setting units automatically
02-28 09:09:33.468 13511 13544 D NavServiceProvider: Detecting stop. distance_d=1684.8258. stop_type=1 speed=0.0
02-28 09:09:33.468 13511 13544 D NavigationTest: 267: (28.057022, -82.413174, 0.000000)	R:false  F:false
02-28 09:09:33.468 13511 13544 D NavServiceProvider: Second to last stop coordinates: 28.065622, -82.427307
02-28 09:09:33.468 13511 13544 D NavServiceProvider: Setting units automatically
02-28 09:09:33.469 13511 13544 D NavServiceProvider: Detecting stop. distance_d=1684.8258. stop_type=1 speed=0.0
02-28 09:09:33.470 13511 13544 D NavigationTest: 268: (28.057022, -82.413174, 0.000000)	R:false  F:false
02-28 09:09:33.470 13511 13544 D NavigationTest: 269: (28.057022, -82.413174, 0.000000)	R:false  F:false
02-28 09:09:33.470 13511 13544 D NavServiceProvider: Second to last stop coordinates: 28.065622, -82.427307
02-28 09:09:33.470 13511 13544 D NavServiceProvider: Setting units automatically
02-28 09:09:33.471 13511 13544 D NavServiceProvider: Detecting stop. distance_d=1684.8258. stop_type=1 speed=0.0
02-28 09:09:33.471 13511 13544 D NavigationTest: 270: (28.057022, -82.413174, 0.000000)	R:false  F:false
02-28 09:09:33.471 13511 13544 D NavServiceProvider: Second to last stop coordinates: 28.065622, -82.427307
02-28 09:09:33.471 13511 13544 D NavServiceProvider: Setting units automatically
02-28 09:09:33.472 13511 13544 D NavServiceProvider: Detecting stop. distance_d=1684.8258. stop_type=1 speed=0.0
02-28 09:09:33.472 13511 13544 D NavigationTest: 271: (28.057022, -82.413174, 0.000000)	R:false  F:false
02-28 09:09:33.472 13511 13544 D NavigationTest: 272: (28.057022, -82.413174, 0.000000)	R:false  F:false
02-28 09:09:33.472 13511 13544 D NavServiceProvider: Second to last stop coordinates: 28.065622, -82.427307
02-28 09:09:33.472 13511 13544 D NavServiceProvider: Setting units automatically
02-28 09:09:33.473 13511 13544 D NavServiceProvider: Detecting stop. distance_d=1684.8258. stop_type=1 speed=0.0
02-28 09:09:33.473 13511 13544 D NavigationTest: 273: (28.057022, -82.413174, 0.000000)	R:false  F:false
02-28 09:09:33.473 13511 13544 D NavigationTest: 274: (28.057022, -82.413174, 0.000000)	R:false  F:false
02-28 09:09:33.473 13511 13544 D NavServiceProvider: Second to last stop coordinates: 28.065622, -82.427307
02-28 09:09:33.474 13511 13544 D NavServiceProvider: Setting units automatically
02-28 09:09:33.475 13511 13544 D NavServiceProvider: Detecting stop. distance_d=1684.8258. stop_type=1 speed=0.0
02-28 09:09:33.475 13511 13544 D NavigationTest: 275: (28.057022, -82.413174, 0.000000)	R:false  F:false
02-28 09:09:33.475 13511 13544 D NavServiceProvider: Second to last stop coordinates: 28.065622, -82.427307
02-28 09:09:33.475 13511 13544 D NavServiceProvider: Setting units automatically
02-28 09:09:33.476 13511 13544 D NavServiceProvider: Detecting stop. distance_d=1684.8258. stop_type=1 speed=0.0
02-28 09:09:33.476 13511 13544 D NavigationTest: 276: (28.057022, -82.413174, 0.000000)	R:false  F:false
02-28 09:09:33.476 13511 13544 D NavigationTest: 277: (28.057022, -82.413174, 0.000000)	R:false  F:false
02-28 09:09:33.476 13511 13544 D NavServiceProvider: Second to last stop coordinates: 28.065622, -82.427307
02-28 09:09:33.476 13511 13544 D NavServiceProvider: Setting units automatically
02-28 09:09:33.477 13511 13544 D NavServiceProvider: Detecting stop. distance_d=1684.8258. stop_type=1 speed=0.0
02-28 09:09:33.477 13511 13544 D NavigationTest: 278: (28.057022, -82.413174, 0.000000)	R:false  F:false
02-28 09:09:33.477 13511 13544 D NavigationTest: 279: (28.057022, -82.413174, 0.000000)	R:false  F:false
02-28 09:09:33.477 13511 13544 D NavServiceProvider: Second to last stop coordinates: 28.065622, -82.427307
02-28 09:09:33.478 13511 13544 D NavServiceProvider: Setting units automatically
02-28 09:09:33.478 13511 13544 D NavServiceProvider: Detecting stop. distance_d=1684.8258. stop_type=1 speed=0.0
02-28 09:09:33.478 13511 13544 D NavigationTest: 280: (28.057022, -82.413174, 0.000000)	R:false  F:false
02-28 09:09:33.478 13511 13544 D NavServiceProvider: Second to last stop coordinates: 28.065622, -82.427307
02-28 09:09:33.479 13511 13544 D NavServiceProvider: Setting units automatically
02-28 09:09:33.480 13511 13544 D NavServiceProvider: Detecting stop. distance_d=1684.8258. stop_type=1 speed=0.0
02-28 09:09:33.480 13511 13544 D NavigationTest: 281: (28.057022, -82.413174, 0.000000)	R:false  F:false
02-28 09:09:33.480 13511 13544 D NavigationTest: 282: (28.057022, -82.413174, 0.000000)	R:false  F:false
02-28 09:09:33.480 13511 13544 D NavServiceProvider: Second to last stop coordinates: 28.065622, -82.427307
02-28 09:09:33.480 13511 13544 D NavServiceProvider: Setting units automatically
02-28 09:09:33.481 13511 13544 D NavServiceProvider: Detecting stop. distance_d=1684.8258. stop_type=1 speed=0.0
02-28 09:09:33.481 13511 13544 D NavigationTest: 283: (28.057022, -82.413174, 0.000000)	R:false  F:false
02-28 09:09:33.481 13511 13544 D NavigationTest: 284: (28.057022, -82.413174, 0.000000)	R:false  F:false
02-28 09:09:33.481 13511 13544 D NavigationTest: 285: (28.057022, -82.413174, 0.000000)	R:false  F:false
02-28 09:09:33.481 13511 13544 D NavServiceProvider: Second to last stop coordinates: 28.065622, -82.427307
02-28 09:09:33.481 13511 13544 D NavServiceProvider: Setting units automatically
02-28 09:09:33.482 13511 13544 D NavServiceProvider: Detecting stop. distance_d=1684.8258. stop_type=1 speed=0.0
02-28 09:09:33.482 13511 13544 D NavigationTest: 286: (28.057022, -82.413174, 0.000000)	R:false  F:false
02-28 09:09:33.482 13511 13544 D NavServiceProvider: Second to last stop coordinates: 28.065622, -82.427307
02-28 09:09:33.483 13511 13544 D NavServiceProvider: Setting units automatically
02-28 09:09:33.484 13511 13544 D NavServiceProvider: Detecting stop. distance_d=1683.4989. stop_type=1 speed=3.0
02-28 09:09:33.484 13511 13544 D NavigationTest: 287: (28.057038, -82.413178, 3.000000)	R:false  F:false
02-28 09:09:33.484 13511 13544 D NavigationTest: 288: (28.057038, -82.413178, 3.000000)	R:false  F:false
02-28 09:09:33.484 13511 13544 D NavServiceProvider: Second to last stop coordinates: 28.065622, -82.427307
02-28 09:09:33.484 13511 13544 D NavServiceProvider: Setting units automatically
02-28 09:09:33.486 13511 13544 D NavServiceProvider: Detecting stop. distance_d=1678.9509. stop_type=1 speed=5.25
02-28 09:09:33.486 13511 13544 D NavigationTest: 289: (28.057103, -82.413184, 5.250000)	R:false  F:false
02-28 09:09:33.486 13511 13544 D NavServiceProvider: Second to last stop coordinates: 28.065622, -82.427307
02-28 09:09:33.487 13511 13544 D NavServiceProvider: Setting units automatically
02-28 09:09:33.488 13511 13544 D NavServiceProvider: Detecting stop. distance_d=1673.4777. stop_type=1 speed=5.75
02-28 09:09:33.488 13511 13544 D NavigationTest: 290: (28.057123, -82.413236, 5.750000)	R:false  F:false
02-28 09:09:33.488 13511 13544 D NavigationTest: 291: (28.057123, -82.413236, 5.750000)	R:false  F:false
02-28 09:09:33.488 13511 13544 D NavServiceProvider: Second to last stop coordinates: 28.065622, -82.427307
02-28 09:09:33.488 13511 13544 D NavServiceProvider: Setting units automatically
02-28 09:09:33.489 13511 13544 D NavServiceProvider: Detecting stop. distance_d=1665.2727. stop_type=1 speed=6.75
02-28 09:09:33.490 13511 13544 D NavigationTest: 292: (28.057179, -82.413294, 6.750000)	R:false  F:false
02-28 09:09:33.490 13511 13544 D NavigationTest: 293: (28.057179, -82.413294, 6.750000)	R:false  F:false
02-28 09:09:33.490 13511 13544 D NavServiceProvider: Second to last stop coordinates: 28.065622, -82.427307
02-28 09:09:33.490 13511 13544 D NavServiceProvider: Setting units automatically
02-28 09:09:33.491 13511 13544 D NavServiceProvider: Detecting stop. distance_d=1656.151. stop_type=1 speed=8.25
02-28 09:09:33.491 13511 13544 D NavigationTest: 294: (28.057238, -82.413361, 8.250000)	R:false  F:false
02-28 09:09:33.491 13511 13544 D NavServiceProvider: Second to last stop coordinates: 28.065622, -82.427307
02-28 09:09:33.491 13511 13544 D NavServiceProvider: Setting units automatically
02-28 09:09:33.492 13511 13544 D NavServiceProvider: Detecting stop. distance_d=1647.9495. stop_type=1 speed=9.25
02-28 09:09:33.492 13511 13544 D NavigationTest: 295: (28.057260, -82.413445, 9.250000)	R:false  F:false
02-28 09:09:33.492 13511 13544 D NavigationTest: 296: (28.057260, -82.413445, 9.250000)	R:false  F:false
02-28 09:09:33.492 13511 13544 D NavServiceProvider: Second to last stop coordinates: 28.065622, -82.427307
02-28 09:09:33.493 13511 13544 D NavServiceProvider: Setting units automatically
02-28 09:09:33.494 13511 13544 D NavServiceProvider: Detecting stop. distance_d=1639.185. stop_type=1 speed=10.25
02-28 09:09:33.494 13511 13544 D NavigationTest: 297: (28.057269, -82.413546, 10.250000)	R:false  F:false
02-28 09:09:33.494 13511 13544 D NavServiceProvider: Second to last stop coordinates: 28.065622, -82.427307
02-28 09:09:33.494 13511 13544 D NavServiceProvider: Setting units automatically
02-28 09:09:33.496 13511 13544 D NavServiceProvider: Detecting stop. distance_d=1630.147. stop_type=1 speed=10.75
02-28 09:09:33.496 13511 13544 D NavigationTest: 298: (28.057280, -82.413649, 10.750000)	R:false  F:false
02-28 09:09:33.496 13511 13544 D NavigationTest: 299: (28.057280, -82.413649, 10.750000)	R:false  F:false
02-28 09:09:33.496 13511 13544 D NavServiceProvider: Second to last stop coordinates: 28.065622, -82.427307
02-28 09:09:33.496 13511 13544 D NavServiceProvider: Setting units automatically
02-28 09:09:33.497 13511 13544 D NavServiceProvider: Detecting stop. distance_d=1620.5322. stop_type=1 speed=11.25
02-28 09:09:33.497 13511 13544 D NavigationTest: 300: (28.057285, -82.413764, 11.250000)	R:false  F:false
02-28 09:09:33.497 13511 13544 D NavigationTest: 301: (28.057285, -82.413764, 11.250000)	R:false  F:false
02-28 09:09:33.497 13511 13544 D NavServiceProvider: Second to last stop coordinates: 28.065622, -82.427307
02-28 09:09:33.498 13511 13544 D NavServiceProvider: Setting units automatically
02-28 09:09:33.499 13511 13544 D NavServiceProvider: Detecting stop. distance_d=1611.2324. stop_type=1 speed=12.0
02-28 09:09:33.499 13511 13544 D NavigationTest: 302: (28.057293, -82.413873, 12.000000)	R:false  F:false
02-28 09:09:33.499 13511 13544 D NavServiceProvider: Second to last stop coordinates: 28.065622, -82.427307
02-28 09:09:33.499 13511 13544 D NavServiceProvider: Setting units automatically
02-28 09:09:33.500 13511 13544 D NavServiceProvider: Detecting stop. distance_d=1598.852. stop_type=1 speed=12.75
02-28 09:09:33.500 13511 13544 D NavigationTest: 303: (28.057308, -82.414015, 12.750000)	R:false  F:false
