02-28 09:09:47.806 13511 13544 I TestRunner: started: testTrip25(org.onebusaway.android.nav.test.NavigationTest)
02-28 09:09:47.811 13511 13511 I MonitoringInstr: Activities that are still in CREATED to STOPPED: 0
02-28 09:09:47.818 13511 13544 D NavServiceProvider: Creating NavigationServiceProvider...
02-28 09:09:47.818 13511 13544 D NavServiceProvider: Starting navigation for service
02-28 09:09:47.818 13511 13544 D NavServiceProvider: ProximityCalculator initializing...
02-28 09:09:47.818 13511 13544 D NavServiceProvider: Initializing ProximityCalculator
02-28 09:09:47.818 13511 13544 D NavServiceProvider: Number of path links: 1
02-28 09:09:47.818 13511 13544 D NavServiceProvider: Second to last stop coordinates: 28.065764, -82.40739
02-28 09:09:47.819 13511 13544 D NavServiceProvider: Setting units automatically
02-28 09:09:47.821 13511 13544 D NavServiceProvider: Detecting stop. distance_d=709.587. stop_type=1 speed=4.5
02-28 09:09:47.821 13511 13544 D NavigationTest: 0: (28.059813, -82.404726, 4.500000)	R:false  F:false
02-28 09:09:47.821 13511 13544 D NavigationTest: 1: (28.059813, -82.404726, 4.500000)	R:false  F:false
02-28 09:09:47.821 13511 13544 D NavigationTest: 2: (28.059813, -82.404726, 4.500000)	R:false  F:false
02-28 09:09:47.821 13511 13544 D NavigationTest: 3: (28.059813, -82.404726, 4.500000)	R:false  F:false
02-28 09:09:47.821 13511 13544 D NavServiceProvider: Second to last stop coordinates: 28.065764, -82.40739
02-28 09:09:47.822 13511 13544 D NavServiceProvider: Setting units automatically
02-28 09:09:47.823 13511 13544 D NavServiceProvider: Detecting stop. distance_d=711.93146. stop_type=1 speed=3.25
02-28 09:09:47.823 13511 13544 D NavigationTest: 4: (28.059798, -82.404704, 3.250000)	R:false  F:false
02-28 09:09:47.823 13511 13544 D NavigationTest: 5: (28.059798, -82.404704, 3.250000)	R:false  F:false
02-28 09:09:47.823 13511 13544 D NavServiceProvider: Second to last stop coordinates: 28.065764, -82.40739
02-28 09:09:47.824 13511 13544 D NavServiceProvider: Setting units automatically
02-28 09:09:47.825 13511 13544 D NavServiceProvider: Detecting stop. distance_d=712.987. stop_type=1 speed=1.75
02-28 09:09:47.825 13511 13544 D NavigationTest: 6: (28.059792, -82.404692, 1.750000)	R:false  F:false
02-28 09:09:47.825 13511 13544 D NavigationTest: 7: (28.059792, -82.404692, 1.750000)	R:false  F:false
02-28 09:09:47.825 13511 13544 D NavServiceProvider: Second to last stop coordinates: 28.065764, -82.40739
02-28 09:09:47.826 13511 13544 D NavServiceProvider: Setting units automatically
02-28 09:09:47.828 13511 13544 D NavServiceProvider: Detecting stop. distance_d=714.1318. stop_type=1 speed=1.75
02-28 09:09:47.828 13511 13544 D NavigationTest: 8: (28.059788, -82.404672, 1.750000)	R:false  F:false
02-28 09:09:47.828 13511 13544 D NavigationTest: 9: (28.059788, -82.404672, 1.750000)	R:false  F:false
02-28 09:09:47.828 13511 13544 D NavServiceProvider: Second to last stop coordinates: 28.065764, -82.40739
02-28 09:09:47.828 13511 13544 D NavServiceProvider: Setting units automatically
02-28 09:09:47.830 13511 13544 D NavServiceProvider: Detecting stop. distance_d=716.0158. stop_type=1 speed=3.0
02-28 09:09:47.830 13511 13544 D NavigationTest: 10: (28.059779, -82.404646, 3.000000)	R:false  F:false
02-28 09:09:47.830 13511 13544 D NavServiceProvider: Second to last stop coordinates: 28.065764, -82.40739
02-28 09:09:47.831 13511 13544 D NavServiceProvider: Setting units automatically
02-28 09:09:47.831 13579 13612 W EventProcessor: callback.start() returned error code: -1
02-28 09:09:47.833 13511 13544 D NavServiceProvider: Detecting stop. distance_d=717.9196. stop_type=1 speed=4.5
02-28 09:09:47.834 13511 13544 D NavigationTest: 11: (28.059779, -82.404595, 4.500000)	R:false  F:false
02-28 09:09:47.834 13511 13544 D NavigationTest: 12: (28.059779, -82.404595, 4.500000)	R:false  F:false
02-28 09:09:47.834 13511 13544 D NavServiceProvider: Second to last stop coordinates: 28.065764, -82.40739
02-28 09:09:47.834 13511 13544 D NavServiceProvider: Setting units automatically
02-28 09:09:47.836 13511 13544 D NavServiceProvider: Detecting stop. distance_d=721.1801. stop_type=1 speed=5.5
02-28 09:09:47.836 13511 13544 D NavigationTest: 13: (28.059769, -82.404536, 5.500000)	R:false  F:false
02-28 09:09:47.836 13511 13544 D NavServiceProvider: Second to last stop coordinates: 28.065764, -82.40739
02-28 09:09:47.836 13511 13544 D NavServiceProvider: Setting units automatically
02-28 09:09:47.838 13511 13544 D NavServiceProvider: Detecting stop. distance_d=724.60565. stop_type=1 speed=6.75
02-28 09:09:47.838 13511 13544 D NavigationTest: 14: (28.059760, -82.404471, 6.750000)	R:false  F:false
02-28 09:09:47.838 13511 13544 D NavigationTest: 15: (28.059760, -82.404471, 6.750000)	R:false  F:false
02-28 09:09:47.838 13511 13544 D NavServiceProvider: Second to last stop coordinates: 28.065764, -82.40739
02-28 09:09:47.838 13511 13544 D NavServiceProvider: Setting units automatically
02-28 09:09:47.840 13511 13544 D NavServiceProvider: Detecting stop. distance_d=728.7257. stop_type=1 speed=8.0
02-28 09:09:47.840 13511 13544 D NavigationTest: 16: (28.059752, -82.404387, 8.000000)	R:false  F:false
02-28 09:09:47.840 13511 13544 D NavigationTest: 17: (28.059752, -82.404387, 8.000000)	R:false  F:false
02-28 09:09:47.840 13511 13544 D NavServiceProvider: Second to last stop coordinates: 28.065764, -82.40739
02-28 09:09:47.840 13511 13544 D NavServiceProvider: Setting units automatically
02-28 09:09:47.842 13511 13544 D NavServiceProvider: Detecting stop. distance_d=733.38434. stop_type=1 speed=9.0
02-28 09:09:47.842 13511 13544 D NavigationTest: 18: (28.059743, -82.404294, 9.000000)	R:false  F:false
02-28 09:09:47.842 13511 13544 D NavigationTest: 19: (28.059743, -82.404294, 9.000000)	R:false  F:false
02-28 09:09:47.842 13511 13544 D NavServiceProvider: Second to last stop coordinates: 28.065764, -82.40739
02-28 09:09:47.842 13511 13544 D NavServiceProvider: Setting units automatically
02-28 09:09:47.844 13511 13544 D NavServiceProvider: Detecting stop. distance_d=737.61115. stop_type=1 speed=10.0
02-28 09:09:47.844 13511 13544 D NavigationTest: 20: (28.059745, -82.404187, 10.000000)	R:false  F:false
02-28 09:09:47.844 13511 13544 D NavigationTest: 21: (28.059745, -82.404187, 10.000000)	R:false  F:false
02-28 09:09:47.844 13511 13544 D NavServiceProvider: Second to last stop coordinates: 28.065764, -82.40739
02-28 09:09:47.845 13511 13544 D NavServiceProvider: Setting units automatically
02-28 09:09:47.846 13511 13544 D NavServiceProvider: Detecting stop. distance_d=742.0627. stop_type=1 speed=10.75
02-28 09:09:47.846 13579 13612 I GoogleTTSServiceImpl: Synthesis request for locale eng-USA and name en-US-language
02-28 09:09:47.846 13511 13544 D NavigationTest: 22: (28.059746, -82.404080, 10.750000)	R:false  F:false
02-28 09:09:47.846 13511 13544 D NavServiceProvider: Second to last stop coordinates: 28.065764, -82.40739
02-28 09:09:47.846 13511 13544 D NavServiceProvider: Setting units automatically
02-28 09:09:47.847 13579 13612 I GoogleTTSServiceImpl: TTS dispatch: en-us-x-iog-seanet-embedded
02-28 09:09:47.848 13511 13544 D NavServiceProvider: Detecting stop. distance_d=747.7949. stop_type=1 speed=11.5
02-28 09:09:47.848 13511 13544 D NavigationTest: 23: (28.059742, -82.403958, 11.500000)	R:false  F:false
02-28 09:09:47.848 13511 13544 D NavigationTest: 24: (28.059742, -82.403958, 11.500000)	R:false  F:false
02-28 09:09:47.848 13511 13544 D NavServiceProvider: Second to last stop coordinates: 28.065764, -82.40739
02-28 09:09:47.848 13511 13544 D NavServiceProvider: Setting units automatically
02-28 09:09:47.849 13511 13544 D NavServiceProvider: Detecting stop. distance_d=753.17676. stop_type=1 speed=12.0
02-28 09:09:47.850 13511 13544 D NavigationTest: 25: (28.059744, -82.403834, 12.000000)	R:false  F:false
02-28 09:09:47.850 13511 13544 D NavigationTest: 26: (28.059744, -82.403834, 12.000000)	R:false  F:false
02-28 09:09:47.850 13511 13544 D NavServiceProvider: Second to last stop coordinates: 28.065764, -82.40739
02-28 09:09:47.850 13511 13544 D NavServiceProvider: Setting units automatically
02-28 09:09:47.850   871   871 D audio_hw_primary: adev_get_parameters:vr_audio_mode_on
02-28 09:09:47.850   871   871 I audio_hw_primary: getting vr mode to 0
02-28 09:09:47.850   871   871 D audio_hw_primary: adev_get_parameters: exit: returns - vr_audio_mode_on=false
02-28 09:09:47.851   959 13782 I hash_map_utils: key: 'vr_audio_mode_on' value: ''
02-28 09:09:47.851   959 13782 I AudioPolicyManagerCustom: VR mode is 0, switch to primary output if request is for fast|raw
02-28 09:09:47.851   959 13782 I AudioPolicyManagerCustom: setting force DEEP buffer now
02-28 09:09:47.851 13511 13544 D NavServiceProvider: Detecting stop. distance_d=758.4606. stop_type=1 speed=12.75
02-28 09:09:47.851 13511 13544 D NavigationTest: 27: (28.059752, -82.403703, 12.750000)	R:false  F:false
02-28 09:09:47.851   959 13782 D AudioFlinger: Client defaulted notificationFrames to 2048 for frameCount 4096
02-28 09:09:47.851 13511 13544 D NavServiceProvider: Second to last stop coordinates: 28.065764, -82.40739
02-28 09:09:47.852 13511 13544 D NavServiceProvider: Setting units automatically
02-28 09:09:47.852   959 13782 D AF::TrackHandle: OpPlayAudio: track:214 usage:1 not muted
02-28 09:09:47.853 13511 13544 D NavServiceProvider: Detecting stop. distance_d=764.3604. stop_type=1 speed=13.0
02-28 09:09:47.853 13511 13544 D NavigationTest: 28: (28.059755, -82.403573, 13.000000)	R:false  F:false
02-28 09:09:47.853 13511 13544 D NavigationTest: 29: (28.059755, -82.403573, 13.000000)	R:false  F:false
02-28 09:09:47.853 13511 13544 D NavServiceProvider: Second to last stop coordinates: 28.065764, -82.40739
02-28 09:09:47.853 13511 13544 D NavServiceProvider: Setting units automatically
02-28 09:09:47.854 13511 13544 D NavServiceProvider: Detecting stop. distance_d=770.62195. stop_type=1 speed=13.25
02-28 09:09:47.854 13511 13544 D NavigationTest: 30: (28.059757, -82.403441, 13.250000)	R:false  F:false
02-28 09:09:47.854 13511 13544 D NavServiceProvider: Second to last stop coordinates: 28.065764, -82.40739
02-28 09:09:47.855 13511 13544 D NavServiceProvider: Setting units automatically
02-28 09:09:47.856  2666  3413 D Avrcp_ext: AudioManager Player: ID:23 -- type:android.media.SoundPool -- u/pid:10126/2688 -- state:idle -- attr:AudioAttributes: usage=USAGE_ASSISTANCE_SONIFICATION content=CONTENT_TYPE_SONIFICATION flags=0x800 tags= bundle=null
02-28 09:09:47.856  2666  3413 D Avrcp_ext: AudioManager Player: ID:1303 -- type:android.media.AudioTrack -- u/pid:10088/13579 -- state:started -- attr:AudioAttributes: usage=USAGE_MEDIA content=CONTENT_TYPE_SPEECH flags=0x800 tags= bundle=null
02-28 09:09:47.856  2666  3413 D Avrcp_ext: AudioManager isPlaying: true
02-28 09:09:47.856  2666  3413 V Avrcp_ext: updateCurrentMediaState: mMediaController: null
02-28 09:09:47.856  2666  3413 V Avrcp_ext: isMusicActive: true getBluetoothPlayState: 2
02-28 09:09:47.856  2666  3413 V Avrcp_ext: updateCurrentMediaState: isPlaying = false
02-28 09:09:47.856  2666  3413 V Avrcp_ext: Media update: id -1➡-1? [MediaAttributes: none] : [MediaAttributes: none]
02-28 09:09:47.856  2666  3413 V Avrcp_ext: newPlayStatus:2mReportedPlayStatus:-1
02-28 09:09:47.856  2666  3413 V Avrcp_ext: updatePlaybackState, state: PlaybackState {state=2, position=-1, buffered position=0, speed=0.0, updated=1791187, actions=0, custom actions=[], active item id=-1, error=null} device: null
02-28 09:09:47.856  2666  3413 V Avrcp_ext: Device: no name:
02-28 09:09:47.857  2666  3413 I chatty  : uid=1002(bluetooth) BluetoothAvrcpH identical 3 lines
02-28 09:09:47.857  2666  3413 V Avrcp_ext: Device: no name:
02-28 09:09:47.857  2666  3413 V Avrcp_ext: updatePlayerStateAndPosition, old=PlaybackState {state=2, position=-1, buffered position=0, speed=0.0, updated=1791056, actions=0, custom actions=[], active item id=-1, error=null}, state=PlaybackState {state=2, position=-1, buffered position=0, speed=0.0, updated=1791187, actions=0, custom actions=[], active item id=-1, error=null}
02-28 09:09:47.857  2666  3413 V Avrcp_ext: old state = PlaybackState {state=2, position=-1, buffered position=0, speed=0.0, updated=1791056, actions=0, custom actions=[], active item id=-1, error=null}, new state= PlaybackState {state=2, position=-1, buffered position=0, speed=0.0, updated=1791187, actions=0, custom actions=[], active item id=-1, error=null}
02-28 09:09:47.857  2666  3413 D HeadsetService: getHeadsetService(): returning com.android.bluetooth.hfp.HeadsetService@8a04d28
02-28 09:09:47.857  2666  3413 D HeadsetService:  isAudioOn: The number of audio connected devices 0
02-28 09:09:47.857  2666  3413 D HeadsetService: isScoOrCallActive(): Call Active:falseCall is Ringing:falseSCO is Active:false
02-28 09:09:47.857  2666  3413 D HeadsetService:  isAudioOn: The number of audio connected devices 0
02-28 09:09:47.857  2666  3413 I Avrcp_ext: updatePlayStatusForDevice: device: null
02-28 09:09:47.857  2666  3413 V Avrcp_ext: updatePlaybackState (1): old=PlaybackState {state=2, position=-1, buffered position=0, speed=0.0, updated=1791056, actions=0, custom actions=[], active item id=-1, error=null}(2), new=PlaybackState {state=2, position=-1, buffered position=0, speed=0.0, updated=1791187, actions=0, custom actions=[], active item id=-1, error=null}(2)
02-28 09:09:47.857  2666  3413 I Avrcp_ext: Exit updatePlayStatusForDevice
02-28 09:09:47.858  2666  3413 D HeadsetService:  isAudioOn: The number of audio connected devices 0
02-28 09:09:47.858  2666  3413 D HeadsetService: isScoOrCallActive(): Call Active:falseCall is Ringing:falseSCO is Active:false
02-28 09:09:47.858  2666  3413 D HeadsetService:  isAudioOn: The number of audio connected devices 0
02-28 09:09:47.858  2666  3413 I Avrcp_ext: updatePlayStatusForDevice: device: null
02-28 09:09:47.858  2666  3413 V Avrcp_ext: updatePlaybackState (1): old=PlaybackState {state=2, position=-1, buffered position=0, speed=0.0, updated=1791056, actions=0, custom actions=[], active item id=-1, error=null}(2), new=PlaybackState {state=2, position=-1, buffered position=0, speed=0.0, updated=1791187, actions=0, custom actions=[], active item id=-1, error=null}(2)
02-28 09:09:47.858  2666  3413 I Avrcp_ext: Exit updatePlayStatusForDevice
02-28 09:09:47.858  2666  3413 D HeadsetService:  isAudioOn: The number of audio connected devices 0
02-28 09:09:47.858  2666  3413 D HeadsetService: isScoOrCallActive(): Call Active:falseCall is Ringing:falseSCO is Active:false
02-28 09:09:47.858  2666  3413 D HeadsetService:  isAudioOn: The number of audio connected devices 0
02-28 09:09:47.858  2666  3413 I Avrcp_ext: updatePlayStatusForDevice: device: null
02-28 09:09:47.858  2666  3413 V Avrcp_ext: updatePlaybackState (1): old=PlaybackState {state=2, position=-1, buffered position=0, speed=0.0, updated=1791056, actions=0, custom actions=[], active item id=-1, error=null}(2), new=PlaybackState {state=2, position=-1, buffered position=0, speed=0.0, updated=1791187, actions=0, custom actions=[], active item id=-1, error=null}(2)
02-28 09:09:47.858  2666  3413 I Avrcp_ext: Exit updatePlayStatusForDevice
02-28 09:09:47.859  2666  3413 D HeadsetService:  isAudioOn: The number of audio connected devices 0
02-28 09:09:47.859  2666  3413 D HeadsetService: isScoOrCallActive(): Call Active:falseCall is Ringing:falseSCO is Active:false
02-28 09:09:47.859  2666  3413 D HeadsetService:  isAudioOn: The number of audio connected devices 0
02-28 09:09:47.859  2666  3413 I Avrcp_ext: updatePlayStatusForDevice: device: null
02-28 09:09:47.859  2666  3413 V Avrcp_ext: updatePlaybackState (1): old=PlaybackState {state=2, position=-1, buffered position=0, speed=0.0, updated=1791056, actions=0, custom actions=[], active item id=-1, error=null}(2), new=PlaybackState {state=2, position=-1, buffered position=0, speed=0.0, updated=1791187, actions=0, custom actions=[], active item id=-1, error=null}(2)
02-28 09:09:47.859  2666  3413 I Avrcp_ext: Exit updatePlayStatusForDevice
02-28 09:09:47.859  2666  3413 D HeadsetService:  isAudioOn: The number of audio connected devices 0
02-28 09:09:47.859  2666  3413 D HeadsetService: isScoOrCallActive(): Call Active:falseCall is Ringing:falseSCO is Active:false
02-28 09:09:47.859  2666  3413 D HeadsetService:  isAudioOn: The number of audio connected devices 0
02-28 09:09:47.859  2666  3413 I Avrcp_ext: updatePlayStatusForDevice: device: null
02-28 09:09:47.859  2666  3413 V Avrcp_ext: updatePlaybackState (1): old=PlaybackState {state=2, position=-1, buffered position=0, speed=0.0, updated=1791056, actions=0, custom actions=[], active item id=-1, error=null}(2), new=PlaybackState {state=2, position=-1, buffered position=0, speed=0.0, updated=1791187, actions=0, custom actions=[], active item id=-1, error=null}(2)
02-28 09:09:47.859  2666  3413 I Avrcp_ext: Exit updatePlayStatusForDevice
02-28 09:09:47.859  2666  3413 D Avrcp_ext: Enter sendPlayPosNotificationRsp
02-28 09:09:47.859  2666  3413 D Avrcp_ext: sendPlayPosNotificationRsp: Not registered or requesting.
02-28 09:09:47.859  2666  3413 D Avrcp_ext: Enter sendPlayPosNotificationRsp
02-28 09:09:47.859  2666  3413 D Avrcp_ext: sendPlayPosNotificationRsp: Not registered or requesting.
02-28 09:09:47.859  2666  3413 D Avrcp_ext: Enter sendPlayPosNotificationRsp
02-28 09:09:47.859 13511 13544 D NavServiceProvider: Detecting stop. distance_d=775.6753. stop_type=1 speed=12.75
02-28 09:09:47.860  2666  3413 D Avrcp_ext: sendPlayPosNotificationRsp: Not registered or requesting.
02-28 09:09:47.860  2666  3413 D Avrcp_ext: Enter sendPlayPosNotificationRsp
02-28 09:09:47.860  2666  3413 D Avrcp_ext: sendPlayPosNotificationRsp: Not registered or requesting.
02-28 09:09:47.860  2666  3413 D Avrcp_ext: Enter sendPlayPosNotificationRsp
02-28 09:09:47.860  2666  3413 D Avrcp_ext: sendPlayPosNotificationRsp: Not registered or requesting.
02-28 09:09:47.860  2666  3413 V Avrcp_ext: Exit updatePlayerStateAndPosition
02-28 09:09:47.860 13511 13544 D NavigationTest: 31: (28.059766, -82.403323, 12.750000)	R:false  F:false
02-28 09:09:47.860 13511 13544 D NavigationTest: 32: (28.059766, -82.403323, 12.750000)	R:false  F:false
02-28 09:09:47.860 13511 13544 D NavServiceProvider: Second to last stop coordinates: 28.065764, -82.40739
02-28 09:09:47.860 13511 13544 D NavServiceProvider: Setting units automatically
02-28 09:09:47.861 13511 13544 D NavServiceProvider: Detecting stop. distance_d=782.15063. stop_type=1 speed=12.25
02-28 09:09:47.862 13511 13544 D NavigationTest: 33: (28.059768, -82.403193, 12.250000)	R:false  F:false
02-28 09:09:47.862 13511 13544 D NavigationTest: 34: (28.059768, -82.403193, 12.250000)	R:false  F:false
02-28 09:09:47.862 13511 13544 D NavServiceProvider: Second to last stop coordinates: 28.065764, -82.40739
02-28 09:09:47.862 13511 13544 D NavServiceProvider: Setting units automatically
02-28 09:09:47.863 13511 13544 D NavServiceProvider: Detecting stop. distance_d=786.58795. stop_type=1 speed=11.0
02-28 09:09:47.863 13511 13544 D NavigationTest: 35: (28.059781, -82.403085, 11.000000)	R:false  F:false
02-28 09:09:47.863 13511 13544 D NavigationTest: 36: (28.059781, -82.403085, 11.000000)	R:false  F:false
02-28 09:09:47.863 13511 13544 D NavServiceProvider: Second to last stop coordinates: 28.065764, -82.40739
02-28 09:09:47.864 13511 13544 D NavServiceProvider: Setting units automatically
02-28 09:09:47.865 13511 13544 D NavServiceProvider: Detecting stop. distance_d=792.13544. stop_type=1 speed=9.5
02-28 09:09:47.865 13511 13544 D NavigationTest: 37: (28.059781, -82.402981, 9.500000)	R:false  F:false
02-28 09:09:47.865 13511 13544 D NavigationTest: 38: (28.059781, -82.402981, 9.500000)	R:false  F:false
02-28 09:09:47.865 13511 13544 D NavigationTest: 39: (28.059781, -82.402981, 9.500000)	R:false  F:false
02-28 09:09:47.865 13511 13544 D NavServiceProvider: Second to last stop coordinates: 28.065764, -82.40739
02-28 09:09:47.865 13511 13544 D NavServiceProvider: Setting units automatically
02-28 09:09:47.866 13511 13544 D NavServiceProvider: Detecting stop. distance_d=796.4824. stop_type=1 speed=8.0
02-28 09:09:47.866 13511 13544 D NavigationTest: 40: (28.059782, -82.402899, 8.000000)	R:false  F:false
02-28 09:09:47.866 13511 13544 D NavServiceProvider: Second to last stop coordinates: 28.065764, -82.40739
02-28 09:09:47.867 13511 13544 D NavServiceProvider: Setting units automatically
02-28 09:09:47.868 13511 13544 D NavServiceProvider: Detecting stop. distance_d=800.9598. stop_type=1 speed=7.5
02-28 09:09:47.868 13511 13544 D NavigationTest: 41: (28.059778, -82.402824, 7.500000)	R:false  F:false
02-28 09:09:47.868 13511 13544 D NavigationTest: 42: (28.059778, -82.402824, 7.500000)	R:false  F:false
02-28 09:09:47.868 13511 13544 D NavServiceProvider: Second to last stop coordinates: 28.065764, -82.40739
02-28 09:09:47.868 13511 13544 D NavServiceProvider: Setting units automatically
02-28 09:09:47.869 13511 13544 D NavServiceProvider: Detecting stop. distance_d=800.59735. stop_type=1 speed=6.5
02-28 09:09:47.870 13511 13544 D NavigationTest: 43: (28.059811, -82.402776, 6.500000)	R:false  F:false
02-28 09:09:47.870 13511 13544 D NavServiceProvider: Second to last stop coordinates: 28.065764, -82.40739
02-28 09:09:47.870 13511 13544 D NavServiceProvider: Setting units automatically
02-28 09:09:47.871 13511 13544 D NavServiceProvider: Detecting stop. distance_d=798.6825. stop_type=1 speed=6.0
02-28 09:09:47.871 13511 13544 D NavigationTest: 44: (28.059856, -82.402737, 6.000000)	R:false  F:false
02-28 09:09:47.871 13511 13544 D NavigationTest: 45: (28.059856, -82.402737, 6.000000)	R:false  F:false
02-28 09:09:47.871 13511 13544 D NavServiceProvider: Second to last stop coordinates: 28.065764, -82.40739
02-28 09:09:47.871 13511 13544 D NavServiceProvider: Setting units automatically
02-28 09:09:47.872 13511 13544 D NavServiceProvider: Detecting stop. distance_d=794.7252. stop_type=1 speed=6.5
02-28 09:09:47.873 13511 13544 D NavigationTest: 46: (28.059909, -82.402722, 6.500000)	R:false  F:false
02-28 09:09:47.873 13511 13544 D NavServiceProvider: Second to last stop coordinates: 28.065764, -82.40739
02-28 09:09:47.873 13511 13544 D NavServiceProvider: Setting units automatically
02-28 09:09:47.874 13511 13544 D NavServiceProvider: Detecting stop. distance_d=788.94507. stop_type=1 speed=7.25
02-28 09:09:47.874 13511 13544 D NavigationTest: 47: (28.059973, -82.402722, 7.250000)	R:false  F:false
02-28 09:09:47.874 13511 13544 D NavigationTest: 48: (28.059973, -82.402722, 7.250000)	R:false  F:false
02-28 09:09:47.874 13511 13544 D NavServiceProvider: Second to last stop coordinates: 28.065764, -82.40739
02-28 09:09:47.874 13511 13544 D NavServiceProvider: Setting units automatically
02-28 09:09:47.875 13511 13544 D NavServiceProvider: Detecting stop. distance_d=783.21875. stop_type=1 speed=7.75
02-28 09:09:47.876 13511 13544 D NavigationTest: 49: (28.060036, -82.402723, 7.750000)	R:false  F:false
02-28 09:09:47.876 13511 13544 D NavigationTest: 50: (28.060036, -82.402723, 7.750000)	R:false  F:false
02-28 09:09:47.876 13511 13544 D NavServiceProvider: Second to last stop coordinates: 28.065764, -82.40739
02-28 09:09:47.876 13511 13544 D NavServiceProvider: Setting units automatically
02-28 09:09:47.877 13511 13544 D NavServiceProvider: Detecting stop. distance_d=776.29205. stop_type=1 speed=8.5
02-28 09:09:47.877 13511 13544 D NavigationTest: 51: (28.060112, -82.402725, 8.500000)	R:false  F:false
02-28 09:09:47.877 13511 13544 D NavigationTest: 52: (28.060112, -82.402725, 8.500000)	R:false  F:false
02-28 09:09:47.877 13511 13544 D NavServiceProvider: Second to last stop coordinates: 28.065764, -82.40739
02-28 09:09:47.877 13511 13544 D NavServiceProvider: Setting units automatically
02-28 09:09:47.878 13511 13544 D NavServiceProvider: Detecting stop. distance_d=768.62476. stop_type=1 speed=9.0
02-28 09:09:47.879 13511 13544 D NavigationTest: 53: (28.060196, -82.402728, 9.000000)	R:false  F:false
02-28 09:09:47.879 13511 13544 D NavServiceProvider: Second to last stop coordinates: 28.065764, -82.40739
02-28 09:09:47.879 13511 13544 D NavServiceProvider: Setting units automatically
02-28 09:09:47.880 13511 13544 D NavServiceProvider: Detecting stop. distance_d=761.02405. stop_type=1 speed=9.5
02-28 09:09:47.880 13511 13544 D NavigationTest: 54: (28.060281, -82.402729, 9.500000)	R:false  F:false
02-28 09:09:47.880 13511 13544 D NavigationTest: 55: (28.060281, -82.402729, 9.500000)	R:false  F:false
02-28 09:09:47.880 13511 13544 D NavServiceProvider: Second to last stop coordinates: 28.065764, -82.40739
02-28 09:09:47.880 13511 13544 D NavServiceProvider: Setting units automatically
02-28 09:09:47.881 13511 13544 D NavServiceProvider: Detecting stop. distance_d=753.14075. stop_type=1 speed=9.75
02-28 09:09:47.882 13511 13544 D NavigationTest: 56: (28.060369, -82.402731, 9.750000)	R:false  F:false
02-28 09:09:47.882 13511 13544 D NavServiceProvider: Second to last stop coordinates: 28.065764, -82.40739
02-28 09:09:47.882 13511 13544 D NavServiceProvider: Setting units automatically
02-28 09:09:47.883 13511 13544 D NavServiceProvider: Detecting stop. distance_d=745.0998. stop_type=1 speed=9.75
02-28 09:09:47.883 13511 13544 D NavigationTest: 57: (28.060460, -82.402732, 9.750000)	R:false  F:false
02-28 09:09:47.883 13511 13544 D NavigationTest: 58: (28.060460, -82.402732, 9.750000)	R:false  F:false
02-28 09:09:47.883 13511 13544 D NavServiceProvider: Second to last stop coordinates: 28.065764, -82.40739
02-28 09:09:47.883 13511 13544 D NavServiceProvider: Setting units automatically
02-28 09:09:47.884 13511 13544 D NavServiceProvider: Detecting stop. distance_d=737.13495. stop_type=1 speed=10.0
02-28 09:09:47.884 13511 13544 D NavigationTest: 59: (28.060550, -82.402734, 10.000000)	R:false  F:false
02-28 09:09:47.884 13511 13544 D NavServiceProvider: Second to last stop coordinates: 28.065764, -82.40739
02-28 09:09:47.885 13511 13544 D NavServiceProvider: Setting units automatically
02-28 09:09:47.886 13511 13544 D NavServiceProvider: Detecting stop. distance_d=728.91296. stop_type=1 speed=10.25
02-28 09:09:47.886 13511 13544 D NavigationTest: 60: (28.060650, -82.402727, 10.250000)	R:false  F:false
02-28 09:09:47.886 13511 13544 D NavigationTest: 61: (28.060650, -82.402727, 10.250000)	R:false  F:false
02-28 09:09:47.886 13511 13544 D NavServiceProvider: Second to last stop coordinates: 28.065764, -82.40739
02-28 09:09:47.886 13511 13544 D NavServiceProvider: Setting units automatically
02-28 09:09:47.887 13511 13544 D NavServiceProvider: Detecting stop. distance_d=720.7482. stop_type=1 speed=10.5
02-28 09:09:47.887 13511 13544 D NavigationTest: 62: (28.060740, -82.402734, 10.500000)	R:false  F:false
02-28 09:09:47.887 13511 13544 D NavigationTest: 63: (28.060740, -82.402734, 10.500000)	R:false  F:false
02-28 09:09:47.887 13511 13544 D NavServiceProvider: Second to last stop coordinates: 28.065764, -82.40739
02-28 09:09:47.887 13511 13544 D NavServiceProvider: Setting units automatically
02-28 09:09:47.888 13511 13544 D NavServiceProvider: Detecting stop. distance_d=712.8363. stop_type=1 speed=10.25
02-28 09:09:47.888 13511 13544 D NavigationTest: 64: (28.060835, -82.402731, 10.250000)	R:false  F:false
02-28 09:09:47.888 13511 13544 D NavServiceProvider: Second to last stop coordinates: 28.065764, -82.40739
02-28 09:09:47.889 13511 13544 D NavServiceProvider: Setting units automatically
02-28 09:09:47.890 13511 13544 D NavServiceProvider: Detecting stop. distance_d=704.2118. stop_type=1 speed=10.5
02-28 09:09:47.890 13511 13544 D NavigationTest: 65: (28.060937, -82.402731, 10.500000)	R:false  F:false
02-28 09:09:47.890 13511 13544 D NavigationTest: 66: (28.060937, -82.402731, 10.500000)	R:false  F:false
02-28 09:09:47.890 13511 13544 D NavServiceProvider: Second to last stop coordinates: 28.065764, -82.40739
02-28 09:09:47.890 13511 13544 D NavServiceProvider: Setting units automatically
02-28 09:09:47.892 13511 13544 D NavServiceProvider: Detecting stop. distance_d=698.0987. stop_type=1 speed=10.5
02-28 09:09:47.892 13511 13544 D NavigationTest: 67: (28.061006, -82.402736, 10.500000)	R:false  F:false
02-28 09:09:47.892 13511 13544 D NavServiceProvider: Second to last stop coordinates: 28.065764, -82.40739
02-28 09:09:47.892 13511 13544 D NavServiceProvider: Setting units automatically
02-28 09:09:47.893   871  1408 D msm8974_platform: platform_split_snd_device: snd_device(2) num devices(1) new_snd_devices(0)
02-28 09:09:47.893 13511 13544 D NavServiceProvider: Detecting stop. distance_d=689.1738. stop_type=1 speed=10.75
02-28 09:09:47.893 13511 13544 D NavigationTest: 68: (28.061110, -82.402740, 10.750000)	R:false  F:false
02-28 09:09:47.893 13511 13544 D NavigationTest: 69: (28.061110, -82.402740, 10.750000)	R:false  F:false
02-28 09:09:47.893 13511 13544 D NavServiceProvider: Second to last stop coordinates: 28.065764, -82.40739
02-28 09:09:47.894 13511 13544 D NavServiceProvider: Setting units automatically
02-28 09:09:47.895 13511 13544 D NavServiceProvider: Detecting stop. distance_d=680.7717. stop_type=1 speed=11.0
02-28 09:09:47.895 13511 13544 D NavigationTest: 70: (28.061211, -82.402741, 11.000000)	R:false  F:false
02-28 09:09:47.895 13511 13544 D NavigationTest: 71: (28.061211, -82.402741, 11.000000)	R:false  F:false
02-28 09:09:47.895 13511 13544 D NavServiceProvider: Second to last stop coordinates: 28.065764, -82.40739
02-28 09:09:47.895 13511 13544 D NavServiceProvider: Setting units automatically
02-28 09:09:47.896 13511 13544 D NavServiceProvider: Detecting stop. distance_d=671.92535. stop_type=1 speed=11.25
02-28 09:09:47.896 13511 13544 D NavigationTest: 72: (28.061316, -82.402745, 11.250000)	R:false  F:false
02-28 09:09:47.896 13511 13544 D NavServiceProvider: Second to last stop coordinates: 28.065764, -82.40739
02-28 09:09:47.897 13511 13544 D NavServiceProvider: Setting units automatically
02-28 09:09:47.898 13511 13544 D NavServiceProvider: Detecting stop. distance_d=663.5036. stop_type=1 speed=11.5
02-28 09:09:47.898 13511 13544 D NavigationTest: 73: (28.061421, -82.402744, 11.500000)	R:false  F:false
02-28 09:09:47.898 13511 13544 D NavigationTest: 74: (28.061421, -82.402744, 11.500000)	R:false  F:false
02-28 09:09:47.898 13511 13544 D NavigationTest: 75: (28.061421, -82.402744, 11.500000)	R:false  F:false
02-28 09:09:47.898 13511 13544 D NavServiceProvider: Second to last stop coordinates: 28.065764, -82.40739
02-28 09:09:47.898 13511 13544 D NavServiceProvider: Setting units automatically
02-28 09:09:47.899 13511 13544 D NavServiceProvider: Detecting stop. distance_d=655.4187. stop_type=1 speed=11.75
02-28 09:09:47.899 13511 13544 D NavigationTest: 76: (28.061523, -82.402743, 11.750000)	R:false  F:false
02-28 09:09:47.899 13511 13544 D NavServiceProvider: Second to last stop coordinates: 28.065764, -82.40739
02-28 09:09:47.900 13511 13544 D NavServiceProvider: Setting units automatically
02-28 09:09:47.901 13511 13544 D NavServiceProvider: Detecting stop. distance_d=646.40405. stop_type=1 speed=11.75
02-28 09:09:47.901 13511 13544 D NavigationTest: 77: (28.061631, -82.402750, 11.750000)	R:false  F:false
02-28 09:09:47.901 13511 13544 D NavigationTest: 78: (28.061631, -82.402750, 11.750000)	R:false  F:false
02-28 09:09:47.901 13511 13544 D NavServiceProvider: Second to last stop coordinates: 28.065764, -82.40739
02-28 09:09:47.901 13511 13544 D NavServiceProvider: Setting units automatically
02-28 09:09:47.902 13511 13544 D NavServiceProvider: Detecting stop. distance_d=639.0326. stop_type=1 speed=11.5
02-28 09:09:47.902 13511 13544 D NavigationTest: 79: (28.061720, -82.402756, 11.500000)	R:false  F:false
02-28 09:09:47.902 13511 13544 D NavigationTest: 80: (28.061720, -82.402756, 11.500000)	R:false  F:false
02-28 09:09:47.902 13511 13544 D NavServiceProvider: Second to last stop coordinates: 28.065764, -82.40739
02-28 09:09:47.903 13511 13544 D NavServiceProvider: Setting units automatically
02-28 09:09:47.904 13511 13544 D NavServiceProvider: Detecting stop. distance_d=630.3302. stop_type=1 speed=11.5
02-28 09:09:47.904 13511 13544 D NavigationTest: 81: (28.061830, -82.402759, 11.500000)	R:false  F:false
02-28 09:09:47.904 13511 13544 D NavServiceProvider: Second to last stop coordinates: 28.065764, -82.40739
02-28 09:09:47.904 13511 13544 D NavServiceProvider: Setting units automatically
02-28 09:09:47.905 13511 13544 D NavServiceProvider: Detecting stop. distance_d=622.70184. stop_type=1 speed=11.5
02-28 09:09:47.905 13511 13544 D NavigationTest: 82: (28.061934, -82.402755, 11.500000)	R:false  F:false
02-28 09:09:47.905 13511 13544 D NavigationTest: 83: (28.061934, -82.402755, 11.500000)	R:false  F:false
02-28 09:09:47.905 13511 13544 D NavServiceProvider: Second to last stop coordinates: 28.065764, -82.40739
02-28 09:09:47.905 13511 13544 D NavServiceProvider: Setting units automatically
02-28 09:09:47.906 13511 13544 D NavServiceProvider: Detecting stop. distance_d=614.08856. stop_type=1 speed=11.5
02-28 09:09:47.907 13511 13544 D NavigationTest: 84: (28.062047, -82.402757, 11.500000)	R:false  F:false
02-28 09:09:47.907 13511 13544 D NavigationTest: 85: (28.062047, -82.402757, 11.500000)	R:false  F:false
02-28 09:09:47.907 13511 13544 D NavServiceProvider: Second to last stop coordinates: 28.065764, -82.40739
02-28 09:09:47.907 13511 13544 D NavServiceProvider: Setting units automatically
02-28 09:09:47.908 13511 13544 D NavServiceProvider: Detecting stop. distance_d=605.7587. stop_type=1 speed=11.5
02-28 09:09:47.908 13511 13544 D NavigationTest: 86: (28.062159, -82.402758, 11.500000)	R:false  F:false
02-28 09:09:47.908 13511 13544 D NavServiceProvider: Second to last stop coordinates: 28.065764, -82.40739
02-28 09:09:47.908 13511 13544 D NavServiceProvider: Setting units automatically
02-28 09:09:47.909 13511 13544 D NavServiceProvider: Detecting stop. distance_d=597.93274. stop_type=1 speed=11.5
02-28 09:09:47.910 13511 13544 D NavigationTest: 87: (28.062267, -82.402758, 11.500000)	R:false  F:false
02-28 09:09:47.910 13511 13544 D NavigationTest: 88: (28.062267, -82.402758, 11.500000)	R:false  F:false
02-28 09:09:47.910 13511 13544 D NavServiceProvider: Second to last stop coordinates: 28.065764, -82.40739
02-28 09:09:47.910 13511 13544 D NavServiceProvider: Setting units automatically
02-28 09:09:47.911 13511 13544 D NavServiceProvider: Detecting stop. distance_d=590.4417. stop_type=1 speed=11.5
02-28 09:09:47.911 13511 13544 D NavigationTest: 89: (28.062369, -82.402761, 11.500000)	R:false  F:false
02-28 09:09:47.911 13511 13544 D NavigationTest: 90: (28.062369, -82.402761, 11.500000)	R:false  F:false
02-28 09:09:47.911 13511 13544 D NavServiceProvider: Second to last stop coordinates: 28.065764, -82.40739
02-28 09:09:47.911 13511 13544 D NavServiceProvider: Setting units automatically
02-28 09:09:47.912 13511 13544 D NavServiceProvider: Detecting stop. distance_d=583.28186. stop_type=1 speed=11.25
02-28 09:09:47.912 13511 13544 D NavigationTest: 91: (28.062468, -82.402764, 11.250000)	R:false  F:false
02-28 09:09:47.912 13511 13544 D NavServiceProvider: Second to last stop coordinates: 28.065764, -82.40739
02-28 09:09:47.913 13511 13544 D NavServiceProvider: Setting units automatically
02-28 09:09:47.914 13511 13544 D NavServiceProvider: Detecting stop. distance_d=576.2328. stop_type=1 speed=11.5
02-28 09:09:47.914 13511 13544 D NavigationTest: 92: (28.062566, -82.402768, 11.500000)	R:false  F:false
02-28 09:09:47.914 13511 13544 D NavigationTest: 93: (28.062566, -82.402768, 11.500000)	R:false  F:false
02-28 09:09:47.914 13511 13544 D NavServiceProvider: Second to last stop coordinates: 28.065764, -82.40739
02-28 09:09:47.914 13511 13544 D NavServiceProvider: Setting units automatically
02-28 09:09:47.915 13511 13544 D NavServiceProvider: Detecting stop. distance_d=568.9262. stop_type=1 speed=11.0
02-28 09:09:47.915 13511 13544 D NavigationTest: 94: (28.062672, -82.402770, 11.000000)	R:false  F:false
02-28 09:09:47.915 13511 13544 D NavigationTest: 95: (28.062672, -82.402770, 11.000000)	R:false  F:false
02-28 09:09:47.915 13511 13544 D NavServiceProvider: Second to last stop coordinates: 28.065764, -82.40739
02-28 09:09:47.916 13511 13544 D NavServiceProvider: Setting units automatically
02-28 09:09:47.917 13511 13544 D NavServiceProvider: Detecting stop. distance_d=563.0684. stop_type=1 speed=10.75
02-28 09:09:47.917 13511 13544 D NavigationTest: 96: (28.062763, -82.402768, 10.750000)	R:false  F:false
02-28 09:09:47.917 13511 13544 D NavServiceProvider: Second to last stop coordinates: 28.065764, -82.40739
02-28 09:09:47.917 13511 13544 D NavServiceProvider: Setting units automatically
02-28 09:09:47.918 13511 13544 D NavServiceProvider: Detecting stop. distance_d=557.04297. stop_type=1 speed=10.5
02-28 09:09:47.918 13511 13544 D NavigationTest: 97: (28.062856, -82.402768, 10.500000)	R:false  F:false
02-28 09:09:47.918 13511 13544 D NavigationTest: 98: (28.062856, -82.402768, 10.500000)	R:false  F:false
02-28 09:09:47.918 13511 13544 D NavServiceProvider: Second to last stop coordinates: 28.065764, -82.40739
02-28 09:09:47.918 13511 13544 D NavServiceProvider: Setting units automatically
02-28 09:09:47.919 13511 13544 D NavServiceProvider: Detecting stop. distance_d=551.8816. stop_type=1 speed=10.0
02-28 09:09:47.919 13511 13544 D NavigationTest: 99: (28.062945, -82.402762, 10.000000)	R:false  F:false
02-28 09:09:47.919 13511 13544 D NavServiceProvider: Second to last stop coordinates: 28.065764, -82.40739
02-28 09:09:47.920 13511 13544 D NavServiceProvider: Setting units automatically
02-28 09:09:47.921 13511 13544 D NavServiceProvider: Detecting stop. distance_d=546.31793. stop_type=1 speed=9.75
02-28 09:09:47.921 13511 13544 D NavigationTest: 100: (28.063036, -82.402761, 9.750000)	R:false  F:false
02-28 09:09:47.921 13511 13544 D NavigationTest: 101: (28.063036, -82.402761, 9.750000)	R:false  F:false
02-28 09:09:47.921 13511 13544 D NavServiceProvider: Second to last stop coordinates: 28.065764, -82.40739
02-28 09:09:47.921 13511 13544 D NavServiceProvider: Setting units automatically
02-28 09:09:47.922 13511 13544 D NavServiceProvider: Detecting stop. distance_d=541.515. stop_type=1 speed=9.5
02-28 09:09:47.922 13511 13544 D NavigationTest: 102: (28.063111, -82.402764, 9.500000)	R:false  F:false
02-28 09:09:47.922 13511 13544 D NavServiceProvider: Second to last stop coordinates: 28.065764, -82.40739
02-28 09:09:47.923 13511 13544 D NavServiceProvider: Setting units automatically
02-28 09:09:47.924 13511 13544 D NavServiceProvider: Detecting stop. distance_d=536.28894. stop_type=1 speed=9.5
02-28 09:09:47.924 13511 13544 D NavigationTest: 103: (28.063206, -82.402759, 9.500000)	R:false  F:false
02-28 09:09:47.924 13511 13544 D NavigationTest: 104: (28.063206, -82.402759, 9.500000)	R:false  F:false
02-28 09:09:47.924 13511 13544 D NavServiceProvider: Second to last stop coordinates: 28.065764, -82.40739
02-28 09:09:47.924 13511 13544 D NavServiceProvider: Setting units automatically
02-28 09:09:47.925 13511 13544 D NavServiceProvider: Detecting stop. distance_d=530.8015. stop_type=1 speed=9.75
02-28 09:09:47.925 13511 13544 D NavigationTest: 105: (28.063298, -82.402761, 9.750000)	R:false  F:false
02-28 09:09:47.925 13511 13544 D NavigationTest: 106: (28.063298, -82.402761, 9.750000)	R:false  F:false
02-28 09:09:47.925 13511 13544 D NavigationTest: 107: (28.063298, -82.402761, 9.750000)	R:false  F:false
02-28 09:09:47.925 13511 13544 D NavServiceProvider: Second to last stop coordinates: 28.065764, -82.40739
02-28 09:09:47.926 13511 13544 D NavServiceProvider: Setting units automatically
02-28 09:09:47.927 13511 13544 D NavServiceProvider: Detecting stop. distance_d=525.9285. stop_type=1 speed=9.75
02-28 09:09:47.927 13511 13544 D NavigationTest: 108: (28.063383, -82.402762, 9.750000)	R:false  F:false
02-28 09:09:47.927 13511 13544 D NavServiceProvider: Second to last stop coordinates: 28.065764, -82.40739
02-28 09:09:47.927 13511 13544 D NavServiceProvider: Setting units automatically
02-28 09:09:47.928 13511 13544 D NavServiceProvider: Detecting stop. distance_d=520.9005. stop_type=1 speed=10.25
02-28 09:09:47.928 13511 13544 D NavigationTest: 109: (28.063470, -82.402765, 10.250000)	R:false  F:false
02-28 09:09:47.928 13511 13544 D NavigationTest: 110: (28.063470, -82.402765, 10.250000)	R:false  F:false
02-28 09:09:47.928 13511 13544 D NavServiceProvider: Second to last stop coordinates: 28.065764, -82.40739
02-28 09:09:47.929 13511 13544 D NavServiceProvider: Setting units automatically
02-28 09:09:47.930 13511 13544 D NavServiceProvider: Detecting stop. distance_d=516.0879. stop_type=1 speed=10.5
02-28 09:09:47.930 13511 13544 D NavigationTest: 111: (28.063562, -82.402764, 10.500000)	R:false  F:false
02-28 09:09:47.930 13511 13544 D NavigationTest: 112: (28.063562, -82.402764, 10.500000)	R:false  F:false
02-28 09:09:47.930 13511 13544 D NavServiceProvider: Second to last stop coordinates: 28.065764, -82.40739
02-28 09:09:47.930 13511 13544 D NavServiceProvider: Setting units automatically
02-28 09:09:47.931 13511 13544 D NavServiceProvider: Detecting stop. distance_d=511.22165. stop_type=1 speed=10.5
02-28 09:09:47.932 13511 13544 D NavigationTest: 113: (28.063653, -82.402766, 10.500000)	R:false  F:false
02-28 09:09:47.932 13511 13544 D NavigationTest: 114: (28.063653, -82.402766, 10.500000)	R:false  F:false
02-28 09:09:47.932 13511 13544 D NavServiceProvider: Second to last stop coordinates: 28.065764, -82.40739
02-28 09:09:47.932 13511 13544 D NavServiceProvider: Setting units automatically
02-28 09:09:47.933 13511 13544 D NavServiceProvider: Detecting stop. distance_d=505.83496. stop_type=1 speed=10.75
02-28 09:09:47.933 13511 13544 D NavigationTest: 115: (28.063756, -82.402769, 10.750000)	R:false  F:false
02-28 09:09:47.933 13511 13544 D NavigationTest: 116: (28.063756, -82.402769, 10.750000)	R:false  F:false
02-28 09:09:47.933 13511 13544 D NavServiceProvider: Second to last stop coordinates: 28.065764, -82.40739
02-28 09:09:47.933 13511 13544 D NavServiceProvider: Setting units automatically
02-28 09:09:47.935 13511 13544 D NavServiceProvider: Detecting stop. distance_d=500.65512. stop_type=1 speed=10.75
02-28 09:09:47.935 13511 13544 D NavigationTest: 117: (28.063857, -82.402773, 10.750000)	R:false  F:false
02-28 09:09:47.935 13511 13544 D NavServiceProvider: Second to last stop coordinates: 28.065764, -82.40739
02-28 09:09:47.935 13511 13544 D NavServiceProvider: Setting units automatically
02-28 09:09:47.936 13511 13544 D NavServiceProvider: Detecting stop. distance_d=496.21344. stop_type=1 speed=11.0
02-28 09:09:47.936 13511 13544 D NavigationTest: 118: (28.063956, -82.402772, 11.000000)	R:false  F:false
02-28 09:09:47.936 13511 13544 D NavigationTest: 119: (28.063956, -82.402772, 11.000000)	R:false  F:false
02-28 09:09:47.936 13511 13544 D NavServiceProvider: Second to last stop coordinates: 28.065764, -82.40739
02-28 09:09:47.936 13511 13544 D NavServiceProvider: Setting units automatically
02-28 09:09:47.938 13511 13544 D NavServiceProvider: Detecting stop. distance_d=494.39905. stop_type=1 speed=10.75
02-28 09:09:47.938 13511 13544 D NavigationTest: 120: (28.064045, -82.402749, 10.750000)	R:false  F:false
02-28 09:09:47.938 13511 13544 D NavServiceProvider: Second to last stop coordinates: 28.065764, -82.40739
02-28 09:09:47.938 13511 13544 D NavServiceProvider: Setting units automatically
02-28 09:09:47.939 13511 13544 D NavServiceProvider: Detecting stop. distance_d=490.8551. stop_type=1 speed=11.0
02-28 09:09:47.939 13511 13544 D NavigationTest: 121: (28.064141, -82.402744, 11.000000)	R:false  F:false
02-28 09:09:47.939 13511 13544 D NavigationTest: 122: (28.064141, -82.402744, 11.000000)	R:false  F:false
02-28 09:09:47.939 13511 13544 D NavServiceProvider: Second to last stop coordinates: 28.065764, -82.40739
02-28 09:09:47.940 13511 13544 D NavServiceProvider: Setting units automatically
02-28 09:09:47.941 13511 13544 D NavServiceProvider: Detecting stop. distance_d=486.96503. stop_type=1 speed=11.25
02-28 09:09:47.941 13511 13544 D NavigationTest: 123: (28.064237, -82.402745, 11.250000)	R:false  F:false
02-28 09:09:47.941 13511 13544 D NavigationTest: 124: (28.064237, -82.402745, 11.250000)	R:false  F:false
02-28 09:09:47.941 13511 13544 D NavServiceProvider: Second to last stop coordinates: 28.065764, -82.40739
02-28 09:09:47.941 13511 13544 D NavServiceProvider: Setting units automatically
02-28 09:09:47.942 13511 13544 D NavServiceProvider: Detecting stop. distance_d=483.21808. stop_type=1 speed=11.25
02-28 09:09:47.942 13511 13544 D NavigationTest: 125: (28.064327, -82.402749, 11.250000)	R:false  F:false
02-28 09:09:47.942 13511 13544 D NavigationTest: 126: (28.064327, -82.402749, 11.250000)	R:false  F:false
02-28 09:09:47.942 13511 13544 D NavServiceProvider: Second to last stop coordinates: 28.065764, -82.40739
02-28 09:09:47.942 13511 13544 D NavServiceProvider: Setting units automatically
02-28 09:09:47.943 13511 13544 D NavServiceProvider: Detecting stop. distance_d=479.79822. stop_type=1 speed=11.0
02-28 09:09:47.943 13511 13544 D NavigationTest: 127: (28.064410, -82.402754, 11.000000)	R:false  F:false
02-28 09:09:47.943 13511 13544 D NavServiceProvider: Second to last stop coordinates: 28.065764, -82.40739
02-28 09:09:47.944 13511 13544 D NavServiceProvider: Setting units automatically
02-28 09:09:47.945 13511 13544 D NavServiceProvider: Detecting stop. distance_d=475.96823. stop_type=1 speed=11.0
02-28 09:09:47.945 13511 13544 D NavigationTest: 128: (28.064522, -82.402755, 11.000000)	R:false  F:false
02-28 09:09:47.945 13511 13544 D NavigationTest: 129: (28.064522, -82.402755, 11.000000)	R:false  F:false
02-28 09:09:47.945 13511 13544 D NavServiceProvider: Second to last stop coordinates: 28.065764, -82.40739
02-28 09:09:47.945 13511 13544 D NavServiceProvider: Setting units automatically
02-28 09:09:47.946 13511 13544 D NavServiceProvider: Detecting stop. distance_d=473.8472. stop_type=1 speed=10.75
02-28 09:09:47.946 13511 13544 D NavigationTest: 130: (28.064593, -82.402754, 10.750000)	R:false  F:false
02-28 09:09:47.946 13511 13544 D NavServiceProvider: Second to last stop coordinates: 28.065764, -82.40739
02-28 09:09:47.946 13511 13544 D NavServiceProvider: Setting units automatically
02-28 09:09:47.947 13511 13544 D NavServiceProvider: Detecting stop. distance_d=470.70993. stop_type=1 speed=11.0
02-28 09:09:47.947 13511 13544 D NavigationTest: 131: (28.064701, -82.402754, 11.000000)	R:false  F:false
02-28 09:09:47.948 13511 13544 D NavigationTest: 132: (28.064701, -82.402754, 11.000000)	R:false  F:false
02-28 09:09:47.948 13511 13544 D NavServiceProvider: Second to last stop coordinates: 28.065764, -82.40739
02-28 09:09:47.948 13511 13544 D NavServiceProvider: Setting units automatically
02-28 09:09:47.949 13511 13544 D NavServiceProvider: Detecting stop. distance_d=467.49146. stop_type=1 speed=11.5
02-28 09:09:47.949 13511 13544 D NavigationTest: 133: (28.064816, -82.402756, 11.500000)	R:false  F:false
02-28 09:09:47.949 13511 13544 D NavigationTest: 134: (28.064816, -82.402756, 11.500000)	R:false  F:false
02-28 09:09:47.949 13511 13544 D NavServiceProvider: Second to last stop coordinates: 28.065764, -82.40739
02-28 09:09:47.949 13511 13544 D NavServiceProvider: Setting units automatically
02-28 09:09:47.950 13511 13544 D NavServiceProvider: Detecting stop. distance_d=465.2812. stop_type=1 speed=11.5
02-28 09:09:47.951 13511 13544 D NavigationTest: 135: (28.064922, -82.402753, 11.500000)	R:false  F:false
02-28 09:09:47.951 13511 13544 D NavigationTest: 136: (28.064922, -82.402753, 11.500000)	R:false  F:false
02-28 09:09:47.951 13511 13544 D NavServiceProvider: Second to last stop coordinates: 28.065764, -82.40739
02-28 09:09:47.951 13511 13544 D NavServiceProvider: Setting units automatically
02-28 09:09:47.952 13511 13544 D NavServiceProvider: Detecting stop. distance_d=463.10873. stop_type=1 speed=11.5
02-28 09:09:47.952 13511 13544 D NavigationTest: 137: (28.065021, -82.402754, 11.500000)	R:false  F:false
02-28 09:09:47.952 13511 13544 D NavigationTest: 138: (28.065021, -82.402754, 11.500000)	R:false  F:false
02-28 09:09:47.952 13511 13544 D NavServiceProvider: Second to last stop coordinates: 28.065764, -82.40739
02-28 09:09:47.952 13511 13544 D NavServiceProvider: Setting units automatically
02-28 09:09:47.953 13511 13544 D NavServiceProvider: Detecting stop. distance_d=461.3591. stop_type=1 speed=11.5
02-28 09:09:47.953 13511 13544 D NavigationTest: 139: (28.065127, -82.402752, 11.500000)	R:false  F:false
02-28 09:09:47.953 13511 13544 D NavigationTest: 140: (28.065127, -82.402752, 11.500000)	R:false  F:false
02-28 09:09:47.953 13511 13544 D NavServiceProvider: Second to last stop coordinates: 28.065764, -82.40739
02-28 09:09:47.954 13511 13544 D NavServiceProvider: Setting units automatically
02-28 09:09:47.955 13511 13544 D NavServiceProvider: Detecting stop. distance_d=488.7822. stop_type=1 speed=0.0
02-28 09:09:47.955 13511 13544 D NavigationTest: 141: (28.064765, -82.402547, 0.000000)	R:false  F:false
02-28 09:09:47.955 13511 13544 D NavServiceProvider: Second to last stop coordinates: 28.065764, -82.40739
02-28 09:09:47.955 13511 13544 D NavServiceProvider: Setting units automatically
02-28 09:09:47.956 13511 13544 D NavServiceProvider: Detecting stop. distance_d=460.15314. stop_type=1 speed=11.5
02-28 09:09:47.956 13511 13544 D NavigationTest: 142: (28.065236, -82.402747, 11.500000)	R:false  F:false
02-28 09:09:47.956 13511 13544 D NavServiceProvider: Second to last stop coordinates: 28.065764, -82.40739
02-28 09:09:47.957 13511 13544 D NavServiceProvider: Setting units automatically
02-28 09:09:47.958 13511 13544 D NavServiceProvider: Detecting stop. distance_d=458.66437. stop_type=1 speed=11.25
02-28 09:09:47.958 13511 13544 D NavigationTest: 143: (28.065346, -82.402748, 11.250000)	R:false  F:false
