02-28 09:09:55.871 13511 13544 D NavigationTest: 491: (28.032212, -82.416202, 0.250000)	R:false  F:false
02-28 09:09:55.871 13511 13544 D NavServiceProvider: Second to last stop coordinates: 28.039471, -82.416137
02-28 09:09:55.872 13511 13544 D NavServiceProvider: Setting units automatically
02-28 09:09:55.873 13511 13544 D NavServiceProvider: Detecting stop. distance_d=803.8023. stop_type=1 speed=0.5
02-28 09:09:55.873 13511 13544 D NavigationTest: 492: (28.032218, -82.416201, 0.500000)	R:false  F:false
02-28 09:09:55.873 13511 13544 D NavServiceProvider: Second to last stop coordinates: 28.039471, -82.416137
02-28 09:09:55.874 13511 13544 D NavServiceProvider: Setting units automatically
02-28 09:09:55.875 13511 13544 D NavServiceProvider: Detecting stop. distance_d=802.69415. stop_type=1 speed=0.75
02-28 09:09:55.875 13511 13544 D NavigationTest: 493: (28.032228, -82.416201, 0.750000)	R:false  F:false
02-28 09:09:55.875 13511 13544 D NavigationTest: 494: (28.032228, -82.416201, 0.750000)	R:false  F:false
02-28 09:09:55.875 13511 13544 D NavServiceProvider: Second to last stop coordinates: 28.039471, -82.416137
02-28 09:09:55.876 13511 13544 D NavServiceProvider: Setting units automatically
02-28 09:09:55.877 13511 13544 D NavServiceProvider: Detecting stop. distance_d=799.5905. stop_type=1 speed=2.5
02-28 09:09:55.877 13511 13544 D NavigationTest: 495: (28.032256, -82.416200, 2.500000)	R:false  F:false
02-28 09:09:55.877 13511 13544 D NavServiceProvider: Second to last stop coordinates: 28.039471, -82.416137
02-28 09:09:55.877 13511 13544 D NavServiceProvider: Setting units automatically
02-28 09:09:55.879 13511 13544 D NavServiceProvider: Detecting stop. distance_d=795.04553. stop_type=1 speed=4.0
02-28 09:09:55.879 13511 13544 D NavigationTest: 496: (28.032297, -82.416198, 4.000000)	R:false  F:false
02-28 09:09:55.879 13511 13544 D NavigationTest: 497: (28.032297, -82.416198, 4.000000)	R:false  F:false
02-28 09:09:55.879 13511 13544 D NavServiceProvider: Second to last stop coordinates: 28.039471, -82.416137
02-28 09:09:55.879 13511 13544 D NavServiceProvider: Setting units automatically
02-28 09:09:55.880 13511 13544 D NavServiceProvider: Detecting stop. distance_d=789.7241. stop_type=1 speed=5.0
02-28 09:09:55.880 13511 13544 D NavigationTest: 498: (28.032345, -82.416195, 5.000000)	R:false  F:false
02-28 09:09:55.880 13511 13544 D NavigationTest: 499: (28.032345, -82.416195, 5.000000)	R:false  F:false
02-28 09:09:55.880 13511 13544 D NavServiceProvider: Second to last stop coordinates: 28.039471, -82.416137
02-28 09:09:55.881 13511 13544 D NavServiceProvider: Setting units automatically
02-28 09:09:55.882 13511 13544 D NavServiceProvider: Detecting stop. distance_d=783.29333. stop_type=1 speed=5.5
02-28 09:09:55.882 13511 13544 D NavigationTest: 500: (28.032403, -82.416190, 5.500000)	R:false  F:false
02-28 09:09:55.882 13511 13544 D NavServiceProvider: Second to last stop coordinates: 28.039471, -82.416137
02-28 09:09:55.882 13511 13544 D NavServiceProvider: Setting units automatically
02-28 09:09:55.883 13511 13544 D NavServiceProvider: Detecting stop. distance_d=772.5482. stop_type=1 speed=8.5
02-28 09:09:55.883 13511 13544 D NavigationTest: 501: (28.032500, -82.416196, 8.500000)	R:false  F:false
02-28 09:09:55.883 13511 13544 D NavigationTest: 502: (28.032500, -82.416196, 8.500000)	R:false  F:false
02-28 09:09:55.883 13511 13544 D NavServiceProvider: Second to last stop coordinates: 28.039471, -82.416137
02-28 09:09:55.884 13511 13544 D NavServiceProvider: Setting units automatically
02-28 09:09:55.885 13511 13544 D NavServiceProvider: Detecting stop. distance_d=762.6886. stop_type=1 speed=9.75
02-28 09:09:55.885 13511 13544 D NavigationTest: 503: (28.032589, -82.416200, 9.750000)	R:false  F:false
02-28 09:09:55.885 13511 13544 D NavigationTest: 504: (28.032589, -82.416200, 9.750000)	R:false  F:false
02-28 09:09:55.885 13511 13544 D NavServiceProvider: Second to last stop coordinates: 28.039471, -82.416137
02-28 09:09:55.885 13511 13544 D NavServiceProvider: Setting units automatically
02-28 09:09:55.887 13511 13544 D NavServiceProvider: Detecting stop. distance_d=753.04297. stop_type=1 speed=10.75
02-28 09:09:55.887 13511 13544 D NavigationTest: 505: (28.032676, -82.416194, 10.750000)	R:false  F:false
02-28 09:09:55.887 13511 13544 D NavServiceProvider: Second to last stop coordinates: 28.039471, -82.416137
02-28 09:09:55.887 13511 13544 D NavServiceProvider: Setting units automatically
02-28 09:09:55.888 13511 13544 D NavServiceProvider: Detecting stop. distance_d=741.2987. stop_type=1 speed=12.0
02-28 09:09:55.888 13511 13544 D NavigationTest: 506: (28.032782, -82.416197, 12.000000)	R:false  F:false
02-28 09:09:55.888 13511 13544 D NavigationTest: 507: (28.032782, -82.416197, 12.000000)	R:false  F:false
02-28 09:09:55.888 13511 13544 D NavServiceProvider: Second to last stop coordinates: 28.039471, -82.416137
02-28 09:09:55.888 13511 13544 D NavServiceProvider: Setting units automatically
02-28 09:09:55.890 13511 13544 D NavServiceProvider: Detecting stop. distance_d=727.33826. stop_type=1 speed=12.75
02-28 09:09:55.890 13511 13544 D NavigationTest: 508: (28.032908, -82.416200, 12.750000)	R:false  F:false
02-28 09:09:55.890 13511 13544 D NavigationTest: 509: (28.032908, -82.416200, 12.750000)	R:false  F:false
02-28 09:09:55.890 13511 13544 D NavServiceProvider: Second to last stop coordinates: 28.039471, -82.416137
02-28 09:09:55.890 13511 13544 D NavServiceProvider: Setting units automatically
02-28 09:09:55.891 13511 13544 D NavServiceProvider: Detecting stop. distance_d=712.3799. stop_type=1 speed=13.75
02-28 09:09:55.891 13511 13544 D NavigationTest: 510: (28.033043, -82.416202, 13.750000)	R:false  F:false
02-28 09:09:55.891 13511 13544 D NavigationTest: 511: (28.033043, -82.416202, 13.750000)	R:false  F:false
02-28 09:09:55.891 13511 13544 D NavServiceProvider: Second to last stop coordinates: 28.039471, -82.416137
02-28 09:09:55.892 13511 13544 D NavServiceProvider: Setting units automatically
02-28 09:09:55.893 13511 13544 D NavServiceProvider: Detecting stop. distance_d=698.52795. stop_type=1 speed=14.0
02-28 09:09:55.893 13511 13544 D NavigationTest: 512: (28.033168, -82.416202, 14.000000)	R:false  F:false
02-28 09:09:55.893 13511 13544 D NavigationTest: 513: (28.033168, -82.416202, 14.000000)	R:false  F:false
02-28 09:09:55.893 13511 13544 D NavServiceProvider: Second to last stop coordinates: 28.039471, -82.416137
02-28 09:09:55.893 13511 13544 D NavServiceProvider: Setting units automatically
02-28 09:09:55.894 13511 13544 D NavServiceProvider: Detecting stop. distance_d=684.4526. stop_type=1 speed=14.25
02-28 09:09:55.894 13511 13544 D NavigationTest: 514: (28.033295, -82.416200, 14.250000)	R:false  F:false
02-28 09:09:55.894 13511 13544 D NavigationTest: 515: (28.033295, -82.416200, 14.250000)	R:false  F:false
02-28 09:09:55.894 13511 13544 D NavServiceProvider: Second to last stop coordinates: 28.039471, -82.416137
02-28 09:09:55.895 13511 13544 D NavServiceProvider: Setting units automatically
02-28 09:09:55.896 13511 13544 D NavServiceProvider: Detecting stop. distance_d=668.3881. stop_type=1 speed=14.5
02-28 09:09:55.896 13511 13544 D NavigationTest: 516: (28.033440, -82.416204, 14.500000)	R:false  F:false
02-28 09:09:55.896 13511 13544 D NavServiceProvider: Second to last stop coordinates: 28.039471, -82.416137
02-28 09:09:55.896 13511 13544 D NavServiceProvider: Setting units automatically
02-28 09:09:55.897 13511 13544 D NavServiceProvider: Detecting stop. distance_d=655.08295. stop_type=1 speed=14.5
02-28 09:09:55.897 13511 13544 D NavigationTest: 517: (28.033560, -82.416196, 14.500000)	R:false  F:false
02-28 09:09:55.897 13511 13544 D NavigationTest: 518: (28.033560, -82.416196, 14.500000)	R:false  F:false
02-28 09:09:55.897 13511 13544 D NavServiceProvider: Second to last stop coordinates: 28.039471, -82.416137
02-28 09:09:55.897 13511 13544 D NavServiceProvider: Setting units automatically
02-28 09:09:55.898 13511 13544 D NavServiceProvider: Detecting stop. distance_d=640.5618. stop_type=1 speed=14.25
02-28 09:09:55.898 13511 13544 D NavigationTest: 519: (28.033691, -82.416191, 14.250000)	R:false  F:false
02-28 09:09:55.899 13511 13544 D NavServiceProvider: Second to last stop coordinates: 28.039471, -82.416137
02-28 09:09:55.899 13511 13544 D NavServiceProvider: Setting units automatically
02-28 09:09:55.900 13511 13544 D NavServiceProvider: Detecting stop. distance_d=625.93494. stop_type=1 speed=14.0
02-28 09:09:55.900 13511 13544 D NavigationTest: 520: (28.033823, -82.416192, 14.000000)	R:false  F:false
02-28 09:09:55.900 13511 13544 D NavigationTest: 521: (28.033823, -82.416192, 14.000000)	R:false  F:false
02-28 09:09:55.900 13511 13544 D NavServiceProvider: Second to last stop coordinates: 28.039471, -82.416137
02-28 09:09:55.900 13511 13544 D NavServiceProvider: Setting units automatically
02-28 09:09:55.901 13511 13544 D NavServiceProvider: Detecting stop. distance_d=611.5281. stop_type=1 speed=14.25
02-28 09:09:55.901 13511 13544 D NavigationTest: 522: (28.033953, -82.416191, 14.250000)	R:false  F:false
02-28 09:09:55.901 13511 13544 D NavigationTest: 523: (28.033953, -82.416191, 14.250000)	R:false  F:false
02-28 09:09:55.901 13511 13544 D NavServiceProvider: Second to last stop coordinates: 28.039471, -82.416137
02-28 09:09:55.902 13511 13544 D NavServiceProvider: Setting units automatically
02-28 09:09:55.903 13511 13544 D NavServiceProvider: Detecting stop. distance_d=596.6863. stop_type=1 speed=14.25
02-28 09:09:55.903 13511 13544 D NavigationTest: 524: (28.034087, -82.416199, 14.250000)	R:false  F:false
02-28 09:09:55.903 13511 13544 D NavigationTest: 525: (28.034087, -82.416199, 14.250000)	R:false  F:false
02-28 09:09:55.903 13511 13544 D NavServiceProvider: Second to last stop coordinates: 28.039471, -82.416137
02-28 09:09:55.903 13511 13544 D NavServiceProvider: Setting units automatically
02-28 09:09:55.904 13511 13544 D NavServiceProvider: Detecting stop. distance_d=582.6205. stop_type=1 speed=14.5
02-28 09:09:55.904 13511 13544 D NavigationTest: 526: (28.034214, -82.416206, 14.500000)	R:false  F:false
02-28 09:09:55.904 13511 13544 D NavServiceProvider: Second to last stop coordinates: 28.039471, -82.416137
02-28 09:09:55.905 13511 13544 D NavServiceProvider: Setting units automatically
02-28 09:09:55.906 13511 13544 D NavServiceProvider: Detecting stop. distance_d=568.43536. stop_type=1 speed=14.75
02-28 09:09:55.906 13511 13544 D NavigationTest: 527: (28.034342, -82.416205, 14.750000)	R:false  F:false
02-28 09:09:55.906 13511 13544 D NavigationTest: 528: (28.034342, -82.416205, 14.750000)	R:false  F:false
02-28 09:09:55.906 13511 13544 D NavServiceProvider: Second to last stop coordinates: 28.039471, -82.416137
02-28 09:09:55.906 13511 13544 D NavServiceProvider: Setting units automatically
02-28 09:09:55.907 13511 13544 D NavServiceProvider: Detecting stop. distance_d=552.36523. stop_type=1 speed=15.0
02-28 09:09:55.908 13511 13544 D NavigationTest: 529: (28.034487, -82.416203, 15.000000)	R:false  F:false
02-28 09:09:55.908 13511 13544 D NavServiceProvider: Second to last stop coordinates: 28.039471, -82.416137
02-28 09:09:55.908 13511 13544 D NavServiceProvider: Setting units automatically
02-28 09:09:55.909 13511 13544 D NavServiceProvider: Detecting stop. distance_d=537.1828. stop_type=1 speed=15.25
02-28 09:09:55.909 13511 13544 D NavigationTest: 530: (28.034624, -82.416202, 15.250000)	R:false  F:false
02-28 09:09:55.909 13511 13544 D NavigationTest: 531: (28.034624, -82.416202, 15.250000)	R:false  F:false
02-28 09:09:55.909 13511 13544 D NavServiceProvider: Second to last stop coordinates: 28.039471, -82.416137
02-28 09:09:55.910 13511 13544 D NavServiceProvider: Setting units automatically
02-28 09:09:55.911 13511 13544 D NavServiceProvider: Detecting stop. distance_d=521.3404. stop_type=1 speed=15.25
02-28 09:09:55.911 13511 13544 D NavigationTest: 532: (28.034767, -82.416205, 15.250000)	R:false  F:false
02-28 09:09:55.911 13511 13544 D NavServiceProvider: Second to last stop coordinates: 28.039471, -82.416137
02-28 09:09:55.911 13511 13544 D NavServiceProvider: Setting units automatically
02-28 09:09:55.912 13511 13544 D NavServiceProvider: Detecting stop. distance_d=506.3747. stop_type=1 speed=15.25
02-28 09:09:55.912 13511 13544 D NavigationTest: 533: (28.034902, -82.416200, 15.250000)	R:false  F:false
02-28 09:09:55.912 13511 13544 D NavigationTest: 534: (28.034902, -82.416200, 15.250000)	R:false  F:false
02-28 09:09:55.912 13511 13544 D NavServiceProvider: Second to last stop coordinates: 28.039471, -82.416137
02-28 09:09:55.912 13511 13544 D NavServiceProvider: Setting units automatically
02-28 09:09:55.913 13511 13544 D NavServiceProvider: Detecting stop. distance_d=490.52158. stop_type=1 speed=15.25
02-28 09:09:55.914 13511 13544 D NavigationTest: 535: (28.035045, -82.416194, 15.250000)	R:false  F:false
02-28 09:09:55.914 13511 13544 D NavigationTest: 536: (28.035045, -82.416194, 15.250000)	R:false  F:false
02-28 09:09:55.914 13511 13544 D NavServiceProvider: Second to last stop coordinates: 28.039471, -82.416137
02-28 09:09:55.914 13511 13544 D NavServiceProvider: Setting units automatically
02-28 09:09:55.915 13511 13544 D NavServiceProvider: Detecting stop. distance_d=472.99634. stop_type=1 speed=15.75
02-28 09:09:55.915 13511 13544 D NavigationTest: 537: (28.035203, -82.416177, 15.750000)	R:false  F:false
02-28 09:09:55.915 13511 13544 D NavigationTest: 538: (28.035203, -82.416177, 15.750000)	R:false  F:false
02-28 09:09:55.915 13511 13544 D NavServiceProvider: Second to last stop coordinates: 28.039471, -82.416137
02-28 09:09:55.915 13511 13544 D NavServiceProvider: Setting units automatically
02-28 09:09:55.916 13511 13544 D NavServiceProvider: Detecting stop. distance_d=455.58163. stop_type=1 speed=16.25
02-28 09:09:55.916 13511 13544 D NavigationTest: 539: (28.035360, -82.416143, 16.250000)	R:false  F:false
02-28 09:09:55.916 13511 13544 D NavigationTest: 540: (28.035360, -82.416143, 16.250000)	R:false  F:false
02-28 09:09:55.916 13511 13544 D NavServiceProvider: Second to last stop coordinates: 28.039471, -82.416137
02-28 09:09:55.917 13511 13544 D NavServiceProvider: Setting units automatically
02-28 09:09:55.918 13511 13544 D NavServiceProvider: Detecting stop. distance_d=441.296. stop_type=1 speed=15.5
02-28 09:09:55.918 13511 13544 D NavigationTest: 541: (28.035489, -82.416168, 15.500000)	R:false  F:false
02-28 09:09:55.918 13511 13544 D NavServiceProvider: Second to last stop coordinates: 28.039471, -82.416137
02-28 09:09:55.918 13511 13544 D NavServiceProvider: Setting units automatically
02-28 09:09:55.919 13511 13544 D NavServiceProvider: Detecting stop. distance_d=425.78302. stop_type=1 speed=15.5
02-28 09:09:55.919 13511 13544 D NavigationTest: 542: (28.035629, -82.416170, 15.500000)	R:false  F:false
02-28 09:09:55.919 13511 13544 D NavigationTest: 543: (28.035629, -82.416170, 15.500000)	R:false  F:false
02-28 09:09:55.919 13511 13544 D NavServiceProvider: Second to last stop coordinates: 28.039471, -82.416137
02-28 09:09:55.920 13511 13544 D NavServiceProvider: Setting units automatically
02-28 09:09:55.921 13511 13544 D NavServiceProvider: Detecting stop. distance_d=410.9502. stop_type=1 speed=15.25
02-28 09:09:55.921 13511 13544 D NavigationTest: 544: (28.035763, -82.416187, 15.250000)	R:false  F:false
02-28 09:09:55.921 13511 13544 D NavigationTest: 545: (28.035763, -82.416187, 15.250000)	R:false  F:false
02-28 09:09:55.921 13511 13544 D NavServiceProvider: Second to last stop coordinates: 28.039471, -82.416137
02-28 09:09:55.921 13511 13544 D NavServiceProvider: Setting units automatically
02-28 09:09:55.922 13511 13544 D NavServiceProvider: Detecting stop. distance_d=395.3308. stop_type=1 speed=15.25
02-28 09:09:55.922 13511 13544 D NavigationTest: 546: (28.035904, -82.416191, 15.250000)	R:false  F:false
02-28 09:09:55.922 13511 13544 D NavigationTest: 547: (28.035904, -82.416191, 15.250000)	R:false  F:false
02-28 09:09:55.922 13511 13544 D NavServiceProvider: Second to last stop coordinates: 28.039471, -82.416137
02-28 09:09:55.923 13511 13544 D NavServiceProvider: Setting units automatically
02-28 09:09:55.924 13511 13544 D NavServiceProvider: Detecting stop. distance_d=381.25937. stop_type=1 speed=15.25
02-28 09:09:55.924 13511 13544 D NavigationTest: 548: (28.036031, -82.416192, 15.250000)	R:false  F:false
02-28 09:09:55.924 13511 13544 D NavServiceProvider: Second to last stop coordinates: 28.039471, -82.416137
02-28 09:09:55.924 13511 13544 D NavServiceProvider: Setting units automatically
02-28 09:09:55.925 13511 13544 D NavServiceProvider: Detecting stop. distance_d=365.3001. stop_type=1 speed=15.75
02-28 09:09:55.925 13511 13544 D NavigationTest: 549: (28.036175, -82.416190, 15.750000)	R:false  F:false
02-28 09:09:55.925 13511 13544 D NavigationTest: 550: (28.036175, -82.416190, 15.750000)	R:false  F:false
02-28 09:09:55.925 13511 13544 D NavServiceProvider: Second to last stop coordinates: 28.039471, -82.416137
02-28 09:09:55.926 13511 13544 D NavServiceProvider: Setting units automatically
02-28 09:09:55.927 13511 13544 D NavServiceProvider: Detecting stop. distance_d=349.7214. stop_type=1 speed=16.0
02-28 09:09:55.927 13511 13544 D NavigationTest: 551: (28.036316, -82.416215, 16.000000)	R:false  F:false
02-28 09:09:55.927 13511 13544 D NavServiceProvider: Second to last stop coordinates: 28.039471, -82.416137
02-28 09:09:55.927 13511 13544 D NavServiceProvider: Setting units automatically
02-28 09:09:55.928 13511 13544 D NavServiceProvider: Detecting stop. distance_d=334.1996. stop_type=1 speed=15.75
02-28 09:09:55.928 13511 13544 D NavigationTest: 552: (28.036456, -82.416210, 15.750000)	R:false  F:false
02-28 09:09:55.928 13511 13544 D NavigationTest: 553: (28.036456, -82.416210, 15.750000)	R:false  F:false
02-28 09:09:55.928 13511 13544 D NavServiceProvider: Second to last stop coordinates: 28.039471, -82.416137
02-28 09:09:55.928 13511 13544 D NavServiceProvider: Setting units automatically
02-28 09:09:55.930 13511 13544 D NavServiceProvider: Detecting stop. distance_d=319.6651. stop_type=1 speed=15.25
02-28 09:09:55.930 13511 13544 D NavigationTest: 554: (28.036587, -82.416200, 15.250000)	R:false  F:false
02-28 09:09:55.930 13511 13544 D NavigationTest: 555: (28.036587, -82.416200, 15.250000)	R:false  F:false
02-28 09:09:55.930 13511 13544 D NavServiceProvider: Second to last stop coordinates: 28.039471, -82.416137
02-28 09:09:55.930 13511 13544 D NavServiceProvider: Setting units automatically
02-28 09:09:55.931 13511 13544 D NavServiceProvider: Detecting stop. distance_d=304.71558. stop_type=1 speed=14.75
02-28 09:09:55.931 13511 13544 D NavigationTest: 556: (28.036722, -82.416204, 14.750000)	R:false  F:false
02-28 09:09:55.931 13511 13544 D NavigationTest: 557: (28.036722, -82.416204, 14.750000)	R:false  F:false
02-28 09:09:55.931 13511 13544 D NavServiceProvider: Second to last stop coordinates: 28.039471, -82.416137
02-28 09:09:55.932 13511 13544 D NavServiceProvider: Setting units automatically
02-28 09:09:55.933 13511 13544 D NavServiceProvider: Detecting stop. distance_d=289.84866. stop_type=1 speed=14.5
02-28 09:09:55.933 13511 13544 D NavigationTest: 558: (28.036856, -82.416194, 14.500000)	R:false  F:false
02-28 09:09:55.933 13511 13544 D NavServiceProvider: Second to last stop coordinates: 28.039471, -82.416137
02-28 09:09:55.933 13511 13544 D NavServiceProvider: Setting units automatically
02-28 09:09:55.934 13511 13544 D NavServiceProvider: Detecting stop. distance_d=275.87497. stop_type=1 speed=14.25
02-28 09:09:55.934 13511 13544 D NavigationTest: 559: (28.036982, -82.416187, 14.250000)	R:false  F:false
02-28 09:09:55.934 13511 13544 D NavigationTest: 560: (28.036982, -82.416187, 14.250000)	R:false  F:false
02-28 09:09:55.934 13511 13544 D NavServiceProvider: Second to last stop coordinates: 28.039471, -82.416137
02-28 09:09:55.934 13511 13544 D NavServiceProvider: Setting units automatically
02-28 09:09:55.935 13511 13544 D NavServiceProvider: Detecting stop. distance_d=262.68774. stop_type=1 speed=13.75
02-28 09:09:55.936 13511 13544 D NavigationTest: 561: (28.037101, -82.416186, 13.750000)	R:false  F:false
02-28 09:09:55.936 13511 13544 D NavServiceProvider: Second to last stop coordinates: 28.039471, -82.416137
02-28 09:09:55.936 13511 13544 D NavServiceProvider: Setting units automatically
02-28 09:09:55.937 13511 13544 D NavServiceProvider: Detecting stop. distance_d=249.16821. stop_type=1 speed=13.25
02-28 09:09:55.937 13511 13544 D NavigationTest: 562: (28.037223, -82.416185, 13.250000)	R:false  F:false
02-28 09:09:55.937 13511 13544 D NavigationTest: 563: (28.037223, -82.416185, 13.250000)	R:false  F:false
02-28 09:09:55.937 13511 13544 D NavServiceProvider: Second to last stop coordinates: 28.039471, -82.416137
02-28 09:09:55.937 13511 13544 D NavServiceProvider: Setting units automatically
02-28 09:09:55.938 13511 13544 D NavServiceProvider: Detecting stop. distance_d=235.99567. stop_type=1 speed=12.75
02-28 09:09:55.938 13511 13544 D NavigationTest: 564: (28.037342, -82.416191, 12.750000)	R:false  F:false
02-28 09:09:55.938 13511 13544 D NavServiceProvider: Second to last stop coordinates: 28.039471, -82.416137
02-28 09:09:55.939 13511 13544 D NavServiceProvider: Setting units automatically
02-28 09:09:55.940 13511 13544 D NavServiceProvider: Detecting stop. distance_d=224.365. stop_type=1 speed=11.75
02-28 09:09:55.940 13511 13544 D NavigationTest: 565: (28.037447, -82.416192, 11.750000)	R:false  F:false
02-28 09:09:55.940 13511 13544 D NavigationTest: 566: (28.037447, -82.416192, 11.750000)	R:false  F:false
02-28 09:09:55.940 13511 13544 D NavServiceProvider: Second to last stop coordinates: 28.039471, -82.416137
02-28 09:09:55.940 13511 13544 D NavServiceProvider: Setting units automatically
02-28 09:09:55.941 13511 13544 D NavServiceProvider: Detecting stop. distance_d=216.14647. stop_type=1 speed=10.25
02-28 09:09:55.941 13511 13544 D NavigationTest: 567: (28.037521, -82.416183, 10.250000)	R:false  F:false
02-28 09:09:55.941 13511 13544 D NavServiceProvider: Second to last stop coordinates: 28.039471, -82.416137
02-28 09:09:55.942 13511 13544 D NavServiceProvider: Setting units automatically
02-28 09:09:55.943 13511 13544 D NavServiceProvider: Detecting stop. distance_d=206.06635. stop_type=1 speed=9.0
02-28 09:09:55.943 13511 13544 D NavigationTest: 568: (28.037612, -82.416184, 9.000000)	R:false  F:false
02-28 09:09:55.943 13511 13544 D NavigationTest: 569: (28.037612, -82.416184, 9.000000)	R:false  F:false
02-28 09:09:55.943 13511 13544 D NavServiceProvider: Second to last stop coordinates: 28.039471, -82.416137
02-28 09:09:55.943 13511 13544 D NavServiceProvider: Setting units automatically
02-28 09:09:55.945 13579 13766 D AudioTrack: stop(199): called with 12736 frames delivered
02-28 09:09:55.945 13579 13612 I SynthesisCache: streamCachedRequest call to callback.audioAvailable failed: -1
02-28 09:09:55.946 13579 13612 I GoogleTTSServiceImpl: Synthesis request for locale eng-USA and name en-US-language
02-28 09:09:55.947 13511 13544 D NavServiceProvider: -----Get ready!
02-28 09:09:55.947 13511 13544 D NavigationTest: 570: (28.037678, -82.416190, 7.500000)	R:true  F:false
02-28 09:09:55.947 13511 13544 D NavServiceProvider: Second to last stop coordinates: 28.039471, -82.416137
02-28 09:09:55.947  2666  3413 D Avrcp_ext: AudioManager Player: ID:23 -- type:android.media.SoundPool -- u/pid:10126/2688 -- state:idle -- attr:AudioAttributes: usage=USAGE_ASSISTANCE_SONIFICATION content=CONTENT_TYPE_SONIFICATION flags=0x800 tags= bundle=null
02-28 09:09:55.947  2666  3413 D Avrcp_ext: AudioManager Player: ID:15 -- type:android.media.SoundPool -- u/pid:1000/1493 -- state:idle -- attr:AudioAttributes: usage=USAGE_ASSISTANCE_SONIFICATION content=CONTENT_TYPE_SONIFICATION flags=0x800 tags= bundle=null
02-28 09:09:55.947  2666  3413 D Avrcp_ext: AudioManager Player: ID:1439 -- type:android.media.AudioTrack -- u/pid:10088/13579 -- state:stopped -- attr:AudioAttributes: usage=USAGE_MEDIA content=CONTENT_TYPE_SPEECH flags=0x800 tags= bundle=null
02-28 09:09:55.947  2666  3413 D Avrcp_ext: AudioManager isPlaying: false
02-28 09:09:55.947  2666  3413 V Avrcp_ext: updateCurrentMediaState: mMediaController: null
02-28 09:09:55.947 13511 13544 D NavServiceProvider: Setting units automatically
02-28 09:09:55.948 13579 13612 I GoogleTTSServiceImpl: TTS dispatch: en-us-x-iog-seanet-embedded
02-28 09:09:55.948 13511 13544 D NavServiceProvider: Detecting stop. distance_d=198.76872. stop_type=1 speed=7.5
02-28 09:09:55.948 13511 13544 D NavigationTest: 570: (28.037678, -82.416190, 7.500000)	R:true  F:false
02-28 09:09:55.949 13511 13544 D NavigationTest: 571: (28.037678, -82.416190, 7.500000)	R:true  F:false
02-28 09:09:55.949 13511 13544 D NavServiceProvider: Second to last stop coordinates: 28.039471, -82.416137
02-28 09:09:55.949 13511 13544 D NavServiceProvider: Setting units automatically
02-28 09:09:55.950  2666  3413 V Avrcp_ext: isMusicActive: true getBluetoothPlayState: 2
02-28 09:09:55.950 13511 13544 D NavServiceProvider: Detecting stop. distance_d=193.11116. stop_type=1 speed=5.75
02-28 09:09:55.950  2666  3413 V Avrcp_ext: updateCurrentMediaState: isPlaying = false
02-28 09:09:55.950 13511 13544 D NavigationTest: 572: (28.037729, -82.416187, 5.750000)	R:true  F:false
02-28 09:09:55.950  2666  3413 V Avrcp_ext: Media update: id -1➡-1? [MediaAttributes: none] : [MediaAttributes: none]
02-28 09:09:55.950 13511 13544 D NavServiceProvider: Second to last stop coordinates: 28.039471, -82.416137
02-28 09:09:55.950  2666  3413 V Avrcp_ext: newPlayStatus:2mReportedPlayStatus:-1
02-28 09:09:55.950  2666  3413 V Avrcp_ext: updatePlaybackState, state: PlaybackState {state=2, position=-1, buffered position=0, speed=0.0, updated=1799281, actions=0, custom actions=[], active item id=-1, error=null} device: null
02-28 09:09:55.950  2666  3413 V Avrcp_ext: Device: no name:
02-28 09:09:55.950  2666  3413 I chatty  : uid=1002(bluetooth) BluetoothAvrcpH identical 3 lines
02-28 09:09:55.950  2666  3413 V Avrcp_ext: Device: no name:
02-28 09:09:55.950  2666  3413 V Avrcp_ext: updatePlayerStateAndPosition, old=PlaybackState {state=2, position=-1, buffered position=0, speed=0.0, updated=1798819, actions=0, custom actions=[], active item id=-1, error=null}, state=PlaybackState {state=2, position=-1, buffered position=0, speed=0.0, updated=1799281, actions=0, custom actions=[], active item id=-1, error=null}
02-28 09:09:55.950  2666  3413 V Avrcp_ext: old state = PlaybackState {state=2, position=-1, buffered position=0, speed=0.0, updated=1798819, actions=0, custom actions=[], active item id=-1, error=null}, new state= PlaybackState {state=2, position=-1, buffered position=0, speed=0.0, updated=1799281, actions=0, custom actions=[], active item id=-1, error=null}
02-28 09:09:55.950  2666  3413 D HeadsetService: getHeadsetService(): returning com.android.bluetooth.hfp.HeadsetService@8a04d28
02-28 09:09:55.951 13511 13544 D NavServiceProvider: Setting units automatically
02-28 09:09:55.952 13511 13544 D NavServiceProvider: Detecting stop. distance_d=189.67188. stop_type=1 speed=4.5
02-28 09:09:55.952 13511 13544 D NavigationTest: 573: (28.037760, -82.416185, 4.500000)	R:true  F:false
02-28 09:09:55.952 13511 13544 D NavigationTest: 574: (28.037760, -82.416185, 4.500000)	R:true  F:false
02-28 09:09:55.952 13511 13544 D NavServiceProvider: Second to last stop coordinates: 28.039471, -82.416137
02-28 09:09:55.952  2666  3413 D HeadsetService:  isAudioOn: The number of audio connected devices 0
02-28 09:09:55.952  2666  3413 D HeadsetService: isScoOrCallActive(): Call Active:falseCall is Ringing:falseSCO is Active:false
02-28 09:09:55.952 13511 13544 D NavServiceProvider: Setting units automatically
02-28 09:09:55.953 13511 13544 D NavServiceProvider: Detecting stop. distance_d=185.7944. stop_type=1 speed=3.75
02-28 09:09:55.954 13511 13544 D NavigationTest: 575: (28.037795, -82.416185, 3.750000)	R:true  F:false
02-28 09:09:55.954 13511 13544 D NavigationTest: 576: (28.037795, -82.416185, 3.750000)	R:true  F:false
02-28 09:09:55.954 13511 13544 D NavServiceProvider: Second to last stop coordinates: 28.039471, -82.416137
02-28 09:09:55.954 13511 13544 D NavServiceProvider: Setting units automatically
02-28 09:09:55.955 13511 13544 D NavServiceProvider: Detecting stop. distance_d=183.46059. stop_type=1 speed=2.5
02-28 09:09:55.955 13511 13544 D NavigationTest: 577: (28.037816, -82.416182, 2.500000)	R:true  F:false
02-28 09:09:55.955 13511 13544 D NavigationTest: 578: (28.037816, -82.416182, 2.500000)	R:true  F:false
02-28 09:09:55.955 13511 13544 D NavServiceProvider: Second to last stop coordinates: 28.039471, -82.416137
02-28 09:09:55.956 13511 13544 D NavServiceProvider: Setting units automatically
02-28 09:09:55.957 13511 13544 D NavServiceProvider: Detecting stop. distance_d=181.91446. stop_type=1 speed=1.75
02-28 09:09:55.957 13511 13544 D NavigationTest: 579: (28.037830, -82.416184, 1.750000)	R:true  F:false
02-28 09:09:55.957 13511 13544 D NavServiceProvider: Second to last stop coordinates: 28.039471, -82.416137
02-28 09:09:55.957 13511 13544 D NavServiceProvider: Setting units automatically
02-28 09:09:55.958  2666  3413 D HeadsetService:  isAudioOn: The number of audio connected devices 0
02-28 09:09:55.958  2666  3413 I Avrcp_ext: updatePlayStatusForDevice: device: null
02-28 09:09:55.958  2666  3413 V Avrcp_ext: updatePlaybackState (1): old=PlaybackState {state=2, position=-1, buffered position=0, speed=0.0, updated=1798819, actions=0, custom actions=[], active item id=-1, error=null}(2), new=PlaybackState {state=2, position=-1, buffered position=0, speed=0.0, updated=1799281, actions=0, custom actions=[], active item id=-1, error=null}(2)
02-28 09:09:55.958  2666  3413 I Avrcp_ext: Exit updatePlayStatusForDevice
02-28 09:09:55.958  2666  3413 D HeadsetService:  isAudioOn: The number of audio connected devices 0
02-28 09:09:55.958  2666  3413 D HeadsetService: isScoOrCallActive(): Call Active:falseCall is Ringing:falseSCO is Active:false
02-28 09:09:55.958  2666  3413 D HeadsetService:  isAudioOn: The number of audio connected devices 0
02-28 09:09:55.959  2666  3413 I Avrcp_ext: updatePlayStatusForDevice: device: null
02-28 09:09:55.959  2666  3413 V Avrcp_ext: updatePlaybackState (1): old=PlaybackState {state=2, position=-1, buffered position=0, speed=0.0, updated=1798819, actions=0, custom actions=[], active item id=-1, error=null}(2), new=PlaybackState {state=2, position=-1, buffered position=0, speed=0.0, updated=1799281, actions=0, custom actions=[], active item id=-1, error=null}(2)
02-28 09:09:55.959  2666  3413 I Avrcp_ext: Exit updatePlayStatusForDevice
02-28 09:09:55.959  2666  3413 D HeadsetService:  isAudioOn: The number of audio connected devices 0
02-28 09:09:55.959  2666  3413 D HeadsetService: isScoOrCallActive(): Call Active:falseCall is Ringing:falseSCO is Active:false
02-28 09:09:55.959 13511 13544 D NavServiceProvider: Detecting stop. distance_d=180.8017. stop_type=1 speed=0.75
02-28 09:09:55.959  2666  3413 D HeadsetService:  isAudioOn: The number of audio connected devices 0
02-28 09:09:55.959  2666  3413 I Avrcp_ext: updatePlayStatusForDevice: device: null
02-28 09:09:55.959 13511 13544 D NavigationTest: 580: (28.037840, -82.416182, 0.750000)	R:true  F:false
02-28 09:09:55.959  2666  3413 V Avrcp_ext: updatePlaybackState (1): old=PlaybackState {state=2, position=-1, buffered position=0, speed=0.0, updated=1798819, actions=0, custom actions=[], active item id=-1, error=null}(2), new=PlaybackState {state=2, position=-1, buffered position=0, speed=0.0, updated=1799281, actions=0, custom actions=[], active item id=-1, error=null}(2)
02-28 09:09:55.959  2666  3413 I Avrcp_ext: Exit updatePlayStatusForDevice
02-28 09:09:55.959 13511 13544 D NavigationTest: 581: (28.037840, -82.416182, 0.750000)	R:true  F:false
02-28 09:09:55.959 13511 13544 D NavServiceProvider: Second to last stop coordinates: 28.039471, -82.416137
02-28 09:09:55.959  2666  3413 D HeadsetService:  isAudioOn: The number of audio connected devices 0
02-28 09:09:55.959  2666  3413 D HeadsetService: isScoOrCallActive(): Call Active:falseCall is Ringing:falseSCO is Active:false
02-28 09:09:55.960 13511 13544 D NavServiceProvider: Setting units automatically
02-28 09:09:55.960  2666  3413 D HeadsetService:  isAudioOn: The number of audio connected devices 0
02-28 09:09:55.960  2666  3413 I Avrcp_ext: updatePlayStatusForDevice: device: null
02-28 09:09:55.960  2666  3413 V Avrcp_ext: updatePlaybackState (1): old=PlaybackState {state=2, position=-1, buffered position=0, speed=0.0, updated=1798819, actions=0, custom actions=[], active item id=-1, error=null}(2), new=PlaybackState {state=2, position=-1, buffered position=0, speed=0.0, updated=1799281, actions=0, custom actions=[], active item id=-1, error=null}(2)
02-28 09:09:55.960  2666  3413 I Avrcp_ext: Exit updatePlayStatusForDevice
02-28 09:09:55.960  2666  3413 D HeadsetService:  isAudioOn: The number of audio connected devices 0
02-28 09:09:55.960  2666  3413 D HeadsetService: isScoOrCallActive(): Call Active:falseCall is Ringing:falseSCO is Active:false
02-28 09:09:55.960  2666  3413 D HeadsetService:  isAudioOn: The number of audio connected devices 0
02-28 09:09:55.960  2666  3413 I Avrcp_ext: updatePlayStatusForDevice: device: null
02-28 09:09:55.960  2666  3413 V Avrcp_ext: updatePlaybackState (1): old=PlaybackState {state=2, position=-1, buffered position=0, speed=0.0, updated=1798819, actions=0, custom actions=[], active item id=-1, error=null}(2), new=PlaybackState {state=2, position=-1, buffered position=0, speed=0.0, updated=1799281, actions=0, custom actions=[], active item id=-1, error=null}(2)
02-28 09:09:55.960  2666  3413 I Avrcp_ext: Exit updatePlayStatusForDevice
02-28 09:09:55.960  2666  3413 D Avrcp_ext: Enter sendPlayPosNotificationRsp
02-28 09:09:55.960  2666  3413 D Avrcp_ext: sendPlayPosNotificationRsp: Not registered or requesting.
02-28 09:09:55.960  2666  3413 D Avrcp_ext: Enter sendPlayPosNotificationRsp
02-28 09:09:55.960  2666  3413 D Avrcp_ext: sendPlayPosNotificationRsp: Not registered or requesting.
02-28 09:09:55.960  2666  3413 D Avrcp_ext: Enter sendPlayPosNotificationRsp
02-28 09:09:55.960  2666  3413 D Avrcp_ext: sendPlayPosNotificationRsp: Not registered or requesting.
02-28 09:09:55.960  2666  3413 D Avrcp_ext: Enter sendPlayPosNotificationRsp
02-28 09:09:55.960  2666  3413 D Avrcp_ext: sendPlayPosNotificationRsp: Not registered or requesting.
02-28 09:09:55.960  2666  3413 D Avrcp_ext: Enter sendPlayPosNotificationRsp
02-28 09:09:55.961  2666  3413 D Avrcp_ext: sendPlayPosNotificationRsp: Not registered or requesting.
02-28 09:09:55.961  2666  3413 V Avrcp_ext: Exit updatePlayerStateAndPosition
02-28 09:09:55.961  2666  3413 D Avrcp_ext: AudioManager Player: ID:23 -- type:android.media.SoundPool -- u/pid:10126/2688 -- state:idle -- attr:AudioAttributes: usage=USAGE_ASSISTANCE_SONIFICATION content=CONTENT_TYPE_SONIFICATION flags=0x800 tags= bundle=null
02-28 09:09:55.961  2666  3413 D Avrcp_ext: AudioManager Player: ID:15 -- type:android.media.SoundPool -- u/pid:1000/1493 -- state:idle -- attr:AudioAttributes: usage=USAGE_ASSISTANCE_SONIFICATION content=CONTENT_TYPE_SONIFICATION flags=0x800 tags= bundle=null
02-28 09:09:55.961  2666  3413 D Avrcp_ext: AudioManager isPlaying: false
02-28 09:09:55.961 13511 13544 D NavServiceProvider: Detecting stop. distance_d=180.58012. stop_type=1 speed=0.0
02-28 09:09:55.961 13511 13544 D NavigationTest: 582: (28.037842, -82.416182, 0.000000)	R:true  F:false
02-28 09:09:55.961 13511 13544 D NavServiceProvider: Second to last stop coordinates: 28.039471, -82.416137
02-28 09:09:55.962 13511 13544 D NavServiceProvider: Setting units automatically
02-28 09:09:55.963 13511 13544 D NavServiceProvider: Detecting stop. distance_d=180.60397. stop_type=1 speed=0.0
02-28 09:09:55.963 13511 13544 D NavigationTest: 583: (28.037842, -82.416191, 0.000000)	R:true  F:false
02-28 09:09:55.963 13511 13544 D NavigationTest: 584: (28.037842, -82.416191, 0.000000)	R:true  F:false
02-28 09:09:55.963 13511 13544 D NavServiceProvider: Second to last stop coordinates: 28.039471, -82.416137
02-28 09:09:55.963 13511 13544 D NavServiceProvider: Setting units automatically
02-28 09:09:55.965 13511 13544 D NavServiceProvider: Detecting stop. distance_d=180.38832. stop_type=1 speed=0.0
02-28 09:09:55.965 13511 13544 D NavigationTest: 585: (28.037844, -82.416193, 0.000000)	R:true  F:false
02-28 09:09:55.965 13511 13544 D NavigationTest: 586: (28.037844, -82.416193, 0.000000)	R:true  F:false
02-28 09:09:55.965 13511 13544 D NavServiceProvider: Second to last stop coordinates: 28.039471, -82.416137
02-28 09:09:55.965 13511 13544 D NavServiceProvider: Setting units automatically
02-28 09:09:55.967 13511 13544 D NavServiceProvider: Detecting stop. distance_d=181.04997. stop_type=1 speed=0.0
02-28 09:09:55.967 13511 13544 D NavigationTest: 587: (28.037838, -82.416192, 0.000000)	R:true  F:false
02-28 09:09:55.967 13511 13544 D NavigationTest: 588: (28.037838, -82.416192, 0.000000)	R:true  F:false
02-28 09:09:55.967 13511 13544 D NavServiceProvider: Second to last stop coordinates: 28.039471, -82.416137
02-28 09:09:55.967 13511 13544 D NavServiceProvider: Setting units automatically
02-28 09:09:55.968 13511 13544 D NavServiceProvider: Detecting stop. distance_d=180.83441. stop_type=1 speed=0.0
02-28 09:09:55.969 13511 13544 D NavigationTest: 589: (28.037840, -82.416194, 0.000000)	R:true  F:false
02-28 09:09:55.969 13511 13544 D NavigationTest: 590: (28.037840, -82.416194, 0.000000)	R:true  F:false
02-28 09:09:55.969 13511 13544 D NavServiceProvider: Second to last stop coordinates: 28.039471, -82.416137
02-28 09:09:55.969 13511 13544 D NavServiceProvider: Setting units automatically
02-28 09:09:55.971 13511 13544 D NavServiceProvider: Detecting stop. distance_d=181.27748. stop_type=1 speed=0.0
02-28 09:09:55.971 13511 13544 D NavigationTest: 591: (28.037836, -82.416194, 0.000000)	R:true  F:false
02-28 09:09:55.971 13511 13544 D NavigationTest: 592: (28.037836, -82.416194, 0.000000)	R:true  F:false
02-28 09:09:55.971 13511 13544 D NavServiceProvider: Second to last stop coordinates: 28.039471, -82.416137
02-28 09:09:55.971 13511 13544 D NavServiceProvider: Setting units automatically
02-28 09:09:55.973 13511 13544 D NavServiceProvider: Detecting stop. distance_d=181.81963. stop_type=1 speed=0.0
02-28 09:09:55.973 13511 13544 D NavigationTest: 593: (28.037831, -82.416190, 0.000000)	R:true  F:false
02-28 09:09:55.973 13511 13544 D NavigationTest: 594: (28.037831, -82.416190, 0.000000)	R:true  F:false
02-28 09:09:55.973 13511 13544 D NavServiceProvider: Second to last stop coordinates: 28.039471, -82.416137
02-28 09:09:55.973 13511 13544 D NavServiceProvider: Setting units automatically
02-28 09:09:55.975 13511 13544 D NavServiceProvider: Detecting stop. distance_d=182.04117. stop_type=1 speed=0.0
02-28 09:09:55.975 13511 13544 D NavigationTest: 595: (28.037829, -82.416190, 0.000000)	R:true  F:false
02-28 09:09:55.975 13511 13544 D NavServiceProvider: Second to last stop coordinates: 28.039471, -82.416137
02-28 09:09:55.976 13511 13544 D NavServiceProvider: Setting units automatically
02-28 09:09:55.977 13511 13544 D NavServiceProvider: Detecting stop. distance_d=182.26273. stop_type=1 speed=0.0
02-28 09:09:55.977 13511 13544 D NavigationTest: 596: (28.037827, -82.416190, 0.000000)	R:true  F:false
02-28 09:09:55.977 13511 13544 D NavigationTest: 597: (28.037827, -82.416190, 0.000000)	R:true  F:false
02-28 09:09:55.977 13511 13544 D NavServiceProvider: Second to last stop coordinates: 28.039471, -82.416137
02-28 09:09:55.978 13511 13544 D NavServiceProvider: Setting units automatically
02-28 09:09:55.979 13511 13544 D NavServiceProvider: Detecting stop. distance_d=182.37349. stop_type=1 speed=0.0
02-28 09:09:55.979 13511 13544 D NavigationTest: 598: (28.037826, -82.416190, 0.000000)	R:true  F:false
02-28 09:09:55.979 13511 13544 D NavServiceProvider: Second to last stop coordinates: 28.039471, -82.416137
02-28 09:09:55.980 13511 13544 D NavServiceProvider: Setting units automatically
02-28 09:09:55.981 13511 13544 D NavServiceProvider: Detecting stop. distance_d=182.04117. stop_type=1 speed=0.0
02-28 09:09:55.981 13511 13544 D NavigationTest: 599: (28.037829, -82.416190, 0.000000)	R:true  F:false
02-28 09:09:55.981 13511 13544 D NavigationTest: 600: (28.037829, -82.416190, 0.000000)	R:true  F:false
02-28 09:09:55.981 13511 13544 D NavServiceProvider: Second to last stop coordinates: 28.039471, -82.416137
02-28 09:09:55.981 13511 13544 D NavServiceProvider: Setting units automatically
02-28 09:09:55.983 13511 13544 D NavServiceProvider: Detecting stop. distance_d=182.14642. stop_type=1 speed=0.0
02-28 09:09:55.983 13511 13544 D NavigationTest: 601: (28.037828, -82.416188, 0.000000)	R:true  F:false
02-28 09:09:55.983 13511 13544 D NavServiceProvider: Second to last stop coordinates: 28.039471, -82.416137
02-28 09:09:55.983 13511 13544 D NavServiceProvider: Setting units automatically
02-28 09:09:55.986 13511 13544 D NavServiceProvider: Detecting stop. distance_d=182.2572. stop_type=1 speed=0.0
02-28 09:09:55.986 13511 13544 D NavigationTest: 602: (28.037827, -82.416188, 0.000000)	R:true  F:false
02-28 09:09:55.986 13511 13544 D NavigationTest: 603: (28.037827, -82.416188, 0.000000)	R:true  F:false
02-28 09:09:55.986 13511 13544 D NavServiceProvider: Second to last stop coordinates: 28.039471, -82.416137
02-28 09:09:55.987 13511 13544 D NavServiceProvider: Setting units automatically
02-28 09:09:55.990 13511 13544 D NavServiceProvider: Detecting stop. distance_d=180.81439. stop_type=1 speed=2.25
02-28 09:09:55.990 13511 13544 D NavigationTest: 604: (28.037840, -82.416187, 2.250000)	R:true  F:false
02-28 09:09:55.990 13511 13544 D NavServiceProvider: Second to last stop coordinates: 28.039471, -82.416137
02-28 09:09:55.990 13511 13544 D NavServiceProvider: Setting units automatically
02-28 09:09:55.992 13511 13544 D NavServiceProvider: Detecting stop. distance_d=178.01834. stop_type=1 speed=3.5
02-28 09:09:55.992 13511 13544 D NavigationTest: 605: (28.037865, -82.416176, 3.500000)	R:true  F:false
02-28 09:09:55.992 13511 13544 D NavigationTest: 606: (28.037865, -82.416176, 3.500000)	R:true  F:false
02-28 09:09:55.992 13511 13544 D NavServiceProvider: Second to last stop coordinates: 28.039471, -82.416137
02-28 09:09:55.992 13511 13544 D NavServiceProvider: Setting units automatically
02-28 09:09:55.994 13511 13544 D NavServiceProvider: Detecting stop. distance_d=172.35217. stop_type=1 speed=4.75
02-28 09:09:55.994 13511 13544 D NavigationTest: 607: (28.037916, -82.416168, 4.750000)	R:true  F:false
02-28 09:09:55.994 13511 13544 D NavServiceProvider: Second to last stop coordinates: 28.039471, -82.416137
02-28 09:09:55.994 13511 13544 D NavServiceProvider: Setting units automatically
02-28 09:09:55.995 13511 13544 D NavServiceProvider: Detecting stop. distance_d=166.1405. stop_type=1 speed=6.0
02-28 09:09:55.995 13511 13544 D NavigationTest: 608: (28.037972, -82.416164, 6.000000)	R:true  F:false
02-28 09:09:55.995 13511 13544 D NavigationTest: 609: (28.037972, -82.416164, 6.000000)	R:true  F:false
02-28 09:09:55.996 13511 13544 D NavServiceProvider: Second to last stop coordinates: 28.039471, -82.416137
02-28 09:09:55.996 13511 13544 D NavServiceProvider: Setting units automatically
02-28 09:09:55.997 13511 13544 D NavServiceProvider: Detecting stop. distance_d=158.7119. stop_type=1 speed=7.25
02-28 09:09:55.998 13511 13544 D NavigationTest: 610: (28.038039, -82.416161, 7.250000)	R:true  F:false
02-28 09:09:55.998 13511 13544 D NavServiceProvider: Second to last stop coordinates: 28.039471, -82.416137
02-28 09:09:55.998 13511 13544 D NavServiceProvider: Setting units automatically
02-28 09:09:55.999 13511 13544 D NavServiceProvider: Detecting stop. distance_d=152.04771. stop_type=1 speed=8.25
02-28 09:09:55.999 13511 13544 D NavigationTest: 611: (28.038099, -82.416146, 8.250000)	R:true  F:false
02-28 09:09:55.999 13511 13544 D NavigationTest: 612: (28.038099, -82.416146, 8.250000)	R:true  F:false
02-28 09:09:55.999 13511 13544 D NavServiceProvider: Second to last stop coordinates: 28.039471, -82.416137
02-28 09:09:56.000 13511 13544 D NavServiceProvider: Setting units automatically
02-28 09:09:56.001 13511 13544 D NavServiceProvider: Detecting stop. distance_d=143.29066. stop_type=1 speed=9.5
02-28 09:09:56.001 13511 13544 D NavigationTest: 613: (28.038178, -82.416140, 9.500000)	R:true  F:false
02-28 09:09:56.001 13511 13544 D NavigationTest: 614: (28.038178, -82.416140, 9.500000)	R:true  F:false
02-28 09:09:56.001 13511 13544 D NavServiceProvider: Second to last stop coordinates: 28.039471, -82.416137
02-28 09:09:56.001 13511 13544 D NavServiceProvider: Setting units automatically
02-28 09:09:56.002 13511 13544 D NavServiceProvider: Detecting stop. distance_d=131.98763. stop_type=1 speed=10.5
02-28 09:09:56.002 13511 13544 D NavigationTest: 615: (28.038280, -82.416142, 10.500000)	R:true  F:false
02-28 09:09:56.003 13511 13544 D NavServiceProvider: Second to last stop coordinates: 28.039471, -82.416137
02-28 09:09:56.003 13511 13544 D NavServiceProvider: Setting units automatically
02-28 09:09:56.004 13511 13544 D NavServiceProvider: Detecting stop. distance_d=119.68896. stop_type=1 speed=11.5
02-28 09:09:56.004 13511 13544 D NavigationTest: 616: (28.038391, -82.416146, 11.500000)	R:true  F:false
02-28 09:09:56.004 13511 13544 D NavigationTest: 617: (28.038391, -82.416146, 11.500000)	R:true  F:false
02-28 09:09:56.004 13511 13544 D NavServiceProvider: Second to last stop coordinates: 28.039471, -82.416137
02-28 09:09:56.005 13511 13544 D NavServiceProvider: Setting units automatically
02-28 09:09:56.006 13511 13544 D NavServiceProvider: Detecting stop. distance_d=107.052605. stop_type=1 speed=12.0
02-28 09:09:56.006 13511 13544 D NavigationTest: 618: (28.038505, -82.416140, 12.000000)	R:true  F:false
02-28 09:09:56.006 13511 13544 D NavServiceProvider: Second to last stop coordinates: 28.039471, -82.416137
02-28 09:09:56.006 13511 13544 D NavServiceProvider: Setting units automatically
02-28 09:09:56.007 13511 13544 D NavServiceProvider: Detecting stop. distance_d=95.30608. stop_type=1 speed=12.75
02-28 09:09:56.007 13511 13544 D NavServiceProvider: Case 1: false
02-28 09:09:56.007 13511 13544 D NavigationTest: 619: (28.038611, -82.416141, 12.750000)	R:true  F:false
02-28 09:09:56.007 13511 13544 D NavigationTest: 620: (28.038611, -82.416141, 12.750000)	R:true  F:false
02-28 09:09:56.007 13511 13544 D NavServiceProvider: Second to last stop coordinates: 28.039471, -82.416137
02-28 09:09:56.008 13511 13544 D NavServiceProvider: Setting units automatically
02-28 09:09:56.009 13511 13544 D NavServiceProvider: Detecting stop. distance_d=82.67184. stop_type=1 speed=13.0
02-28 09:09:56.009 13511 13544 D NavigationTest: 621: (28.038725, -82.416136, 13.000000)	R:true  F:false
02-28 09:09:56.009 13511 13544 D NavigationTest: 622: (28.038725, -82.416136, 13.000000)	R:true  F:false
02-28 09:09:56.009 13511 13544 D NavServiceProvider: Second to last stop coordinates: 28.039471, -82.416137
02-28 09:09:56.009 13511 13544 D NavServiceProvider: Setting units automatically
02-28 09:09:56.011 13511 13544 D NavServiceProvider: Detecting stop. distance_d=68.49027. stop_type=1 speed=13.0
02-28 09:09:56.011 13511 13544 D NavigationTest: 623: (28.038853, -82.416144, 13.000000)	R:true  F:false
02-28 09:09:56.011 13511 13544 D NavigationTest: 624: (28.038853, -82.416144, 13.000000)	R:true  F:false
02-28 09:09:56.011 13511 13544 D NavServiceProvider: Second to last stop coordinates: 28.039471, -82.416137
02-28 09:09:56.012 13511 13544 D NavServiceProvider: Setting units automatically
02-28 09:09:56.013 13511 13544 D NavServiceProvider: Detecting stop. distance_d=54.635715. stop_type=1 speed=13.25
02-28 09:09:56.013 13511 13544 D NavigationTest: 625: (28.038978, -82.416141, 13.250000)	R:true  F:false
02-28 09:09:56.013 13511 13544 D NavServiceProvider: Second to last stop coordinates: 28.039471, -82.416137
02-28 09:09:56.013 13511 13544 D NavServiceProvider: Setting units automatically
02-28 09:09:56.015 13511 13544 D NavServiceProvider: Detecting stop. distance_d=40.56444. stop_type=1 speed=13.5
02-28 09:09:56.015 13511 13544 D NavServiceProvider: Case 2: false
02-28 09:09:56.015 13511 13544 D NavigationTest: 626: (28.039105, -82.416143, 13.500000)	R:true  F:false
02-28 09:09:56.015 13511 13544 D NavigationTest: 627: (28.039105, -82.416143, 13.500000)	R:true  F:false
02-28 09:09:56.015 13511 13544 D NavServiceProvider: Second to last stop coordinates: 28.039471, -82.416137
02-28 09:09:56.015 13511 13544 D NavServiceProvider: Setting units automatically
02-28 09:09:56.016 13511 13544 D NavServiceProvider: Detecting stop. distance_d=25.83306. stop_type=1 speed=14.0
02-28 09:09:56.016 13511 13544 D NavigationTest: 628: (28.039238, -82.416145, 14.000000)	R:true  F:false
02-28 09:09:56.016 13511 13544 D NavServiceProvider: Second to last stop coordinates: 28.039471, -82.416137
02-28 09:09:56.017 13511 13544 D NavServiceProvider: Setting units automatically
02-28 09:09:56.018 13511 13544 D NavServiceProvider: Detecting stop. distance_d=10.66097. stop_type=1 speed=14.25
02-28 09:09:56.018 13511 13544 D NavServiceProvider: Case 3: false
02-28 09:09:56.018 13511 13544 D NavigationTest: 629: (28.039375, -82.416144, 14.250000)	R:true  F:false
02-28 09:09:56.018 13511 13544 D NavigationTest: 630: (28.039375, -82.416144, 14.250000)	R:true  F:false
02-28 09:09:56.018 13511 13544 D NavServiceProvider: Second to last stop coordinates: 28.039471, -82.416137
02-28 09:09:56.018 13511 13544 D NavServiceProvider: Setting units automatically
02-28 09:09:56.019 13511 13544 D NavServiceProvider: Detecting stop. distance_d=4.2885084. stop_type=1 speed=14.25
