02-28 09:09:55.417 13511 13544 I TestRunner: started: testTrip9C(org.onebusaway.android.nav.test.NavigationTest)
02-28 09:09:55.418 13511 13511 I MonitoringInstr: Activities that are still in CREATED to STOPPED: 0
02-28 09:09:55.428 13511 13544 D NavServiceProvider: Creating NavigationServiceProvider...
02-28 09:09:55.429 13511 13544 D NavServiceProvider: Starting navigation for service
02-28 09:09:55.429 13511 13544 D NavServiceProvider: ProximityCalculator initializing...
02-28 09:09:55.429 13511 13544 D NavServiceProvider: Initializing ProximityCalculator
02-28 09:09:55.429 13511 13544 D NavServiceProvider: Number of path links: 1
02-28 09:09:55.429 13511 13544 D NavServiceProvider: Second to last stop coordinates: 28.039471, -82.416137
02-28 09:09:55.429 13511 13544 D NavServiceProvider: Setting units automatically
02-28 09:09:55.431 13511 13544 D NavServiceProvider: Detecting stop. distance_d=2817.7031. stop_type=1 speed=0.0
02-28 09:09:55.431 13511 13544 D NavigationTest: 0: (28.014086, -82.414511, 0.000000)	R:false  F:false
02-28 09:09:55.431 13511 13544 D NavigationTest: 1: (28.014086, -82.414511, 0.000000)	R:false  F:false
02-28 09:09:55.431 13511 13544 D NavigationTest: 2: (28.014086, -82.414511, 0.000000)	R:false  F:false
02-28 09:09:55.431 13511 13544 D NavServiceProvider: Second to last stop coordinates: 28.039471, -82.416137
02-28 09:09:55.432 13511 13544 D NavServiceProvider: Setting units automatically
02-28 09:09:55.433 13511 13544 D NavServiceProvider: Detecting stop. distance_d=2777.019. stop_type=1 speed=0.0
02-28 09:09:55.434 13511 13544 D NavigationTest: 3: (28.014442, -82.414759, 0.000000)	R:false  F:false
02-28 09:09:55.434 13511 13544 D NavServiceProvider: Second to last stop coordinates: 28.039471, -82.416137
02-28 09:09:55.434 13511 13544 D NavServiceProvider: Setting units automatically
02-28 09:09:55.435 13511 13544 D NavServiceProvider: Detecting stop. distance_d=2817.6978. stop_type=1 speed=0.0
02-28 09:09:55.436 13511 13544 D NavigationTest: 4: (28.014086, -82.414512, 0.000000)	R:false  F:false
02-28 09:09:55.436 13511 13544 D NavigationTest: 5: (28.014086, -82.414512, 0.000000)	R:false  F:false
02-28 09:09:55.436 13511 13544 D NavServiceProvider: Second to last stop coordinates: 28.039471, -82.416137
02-28 09:09:55.436 13511 13544 D NavServiceProvider: Setting units automatically
02-28 09:09:55.437 13511 13544 D NavServiceProvider: Detecting stop. distance_d=2818.024. stop_type=1 speed=0.0
02-28 09:09:55.438 13511 13544 D NavigationTest: 6: (28.014083, -82.414513, 0.000000)	R:false  F:false
02-28 09:09:55.438 13511 13544 D NavServiceProvider: Second to last stop coordinates: 28.039471, -82.416137
02-28 09:09:55.438 13511 13544 D NavServiceProvider: Setting units automatically
02-28 09:09:55.440 13511 13544 D NavServiceProvider: Detecting stop. distance_d=2818.0183. stop_type=1 speed=0.0
02-28 09:09:55.440 13511 13544 D NavigationTest: 7: (28.014083, -82.414514, 0.000000)	R:false  F:false
02-28 09:09:55.440 13511 13544 D NavigationTest: 8: (28.014083, -82.414514, 0.000000)	R:false  F:false
02-28 09:09:55.440 13511 13544 D NavServiceProvider: Second to last stop coordinates: 28.039471, -82.416137
02-28 09:09:55.440 13511 13544 D NavServiceProvider: Setting units automatically
02-28 09:09:55.441 13511 13544 D NavServiceProvider: Detecting stop. distance_d=2817.6753. stop_type=1 speed=0.0
02-28 09:09:55.441 13511 13544 D NavigationTest: 9: (28.014086, -82.414516, 0.000000)	R:false  F:false
02-28 09:09:55.442 13511 13544 D NavServiceProvider: Second to last stop coordinates: 28.039471, -82.416137
02-28 09:09:55.442 13511 13544 D NavServiceProvider: Setting units automatically
02-28 09:09:55.443 13511 13544 D NavServiceProvider: Detecting stop. distance_d=2817.5537. stop_type=1 speed=0.0
02-28 09:09:55.443 13511 13544 D NavigationTest: 10: (28.014087, -82.414518, 0.000000)	R:false  F:false
02-28 09:09:55.443 13511 13544 D NavigationTest: 11: (28.014087, -82.414518, 0.000000)	R:false  F:false
02-28 09:09:55.443 13511 13544 D NavServiceProvider: Second to last stop coordinates: 28.039471, -82.416137
02-28 09:09:55.443 13511 13544 D NavServiceProvider: Setting units automatically
02-28 09:09:55.445 13511 13544 D NavServiceProvider: Detecting stop. distance_d=2817.5537. stop_type=1 speed=0.0
02-28 09:09:55.445 13511 13544 D NavigationTest: 12: (28.014087, -82.414518, 0.000000)	R:false  F:false
02-28 09:09:55.445 13511 13544 D NavigationTest: 13: (28.014087, -82.414518, 0.000000)	R:false  F:false
02-28 09:09:55.445 13511 13544 D NavServiceProvider: Second to last stop coordinates: 28.039471, -82.416137
02-28 09:09:55.445 13511 13544 D NavServiceProvider: Setting units automatically
02-28 09:09:55.446 13511 13544 D NavServiceProvider: Detecting stop. distance_d=2817.4429. stop_type=1 speed=0.0
02-28 09:09:55.447 13511 13544 D NavigationTest: 14: (28.014088, -82.414518, 0.000000)	R:false  F:false
02-28 09:09:55.447 13511 13544 D NavServiceProvider: Second to last stop coordinates: 28.039471, -82.416137
02-28 09:09:55.447 13511 13544 D NavServiceProvider: Setting units automatically
02-28 09:09:55.449 13511 13544 D NavServiceProvider: Detecting stop. distance_d=2817.2273. stop_type=1 speed=0.0
02-28 09:09:55.449 13511 13544 D NavigationTest: 15: (28.014090, -82.414517, 0.000000)	R:false  F:false
02-28 09:09:55.449 13511 13544 D NavigationTest: 16: (28.014090, -82.414517, 0.000000)	R:false  F:false
02-28 09:09:55.449 13511 13544 D NavServiceProvider: Second to last stop coordinates: 28.039471, -82.416137
02-28 09:09:55.450 13511 13544 D NavServiceProvider: Setting units automatically
02-28 09:09:55.451 13511 13544 D NavServiceProvider: Detecting stop. distance_d=2817.2273. stop_type=1 speed=0.0
02-28 09:09:55.451 13511 13544 D NavigationTest: 17: (28.014090, -82.414517, 0.000000)	R:false  F:false
02-28 09:09:55.451 13511 13544 D NavServiceProvider: Second to last stop coordinates: 28.039471, -82.416137
02-28 09:09:55.452 13511 13544 D NavServiceProvider: Setting units automatically
02-28 09:09:55.453 13511 13544 D NavServiceProvider: Detecting stop. distance_d=2816.912. stop_type=1 speed=0.25
02-28 09:09:55.453 13511 13544 D NavigationTest: 18: (28.014093, -82.414514, 0.250000)	R:false  F:false
02-28 09:09:55.454 13511 13544 D NavigationTest: 19: (28.014093, -82.414514, 0.250000)	R:false  F:false
02-28 09:09:55.454 13511 13544 D NavServiceProvider: Second to last stop coordinates: 28.039471, -82.416137
02-28 09:09:55.454 13511 13544 D NavServiceProvider: Setting units automatically
02-28 09:09:55.454   871   871 D msm8974_platform: platform_split_snd_device: snd_device(2) num devices(1) new_snd_devices(0)
02-28 09:09:55.456 13511 13544 D NavServiceProvider: Detecting stop. distance_d=2816.265. stop_type=1 speed=0.5
02-28 09:09:55.456 13511 13544 D NavigationTest: 20: (28.014099, -82.414511, 0.500000)	R:false  F:false
02-28 09:09:55.456 13511 13544 D NavigationTest: 21: (28.014099, -82.414511, 0.500000)	R:false  F:false
02-28 09:09:55.456 13511 13544 D NavServiceProvider: Second to last stop coordinates: 28.039471, -82.416137
02-28 09:09:55.456 13511 13544 D NavServiceProvider: Setting units automatically
02-28 09:09:55.458 13511 13544 D NavServiceProvider: Detecting stop. distance_d=2814.1138. stop_type=1 speed=2.25
02-28 09:09:55.458 13511 13544 D NavigationTest: 22: (28.014119, -82.414500, 2.250000)	R:false  F:false
02-28 09:09:55.458 13511 13544 D NavServiceProvider: Second to last stop coordinates: 28.039471, -82.416137
02-28 09:09:55.458 13511 13544 D NavServiceProvider: Setting units automatically
02-28 09:09:55.460 13511 13544 D NavServiceProvider: Detecting stop. distance_d=2811.7646. stop_type=1 speed=2.75
02-28 09:09:55.460 13511 13544 D NavigationTest: 23: (28.014141, -82.414485, 2.750000)	R:false  F:false
02-28 09:09:55.460 13511 13544 D NavigationTest: 24: (28.014141, -82.414485, 2.750000)	R:false  F:false
02-28 09:09:55.460 13511 13544 D NavServiceProvider: Second to last stop coordinates: 28.039471, -82.416137
02-28 09:09:55.461 13511 13544 D NavServiceProvider: Setting units automatically
02-28 09:09:55.465 13511 13544 D NavServiceProvider: Detecting stop. distance_d=2809.0312. stop_type=1 speed=3.5
02-28 09:09:55.465 13511 13544 D NavigationTest: 25: (28.014167, -82.414460, 3.500000)	R:false  F:false
02-28 09:09:55.465 13511 13544 D NavigationTest: 26: (28.014167, -82.414460, 3.500000)	R:false  F:false
02-28 09:09:55.465 13511 13544 D NavServiceProvider: Second to last stop coordinates: 28.039471, -82.416137
02-28 09:09:55.465 13579 13612 W EventProcessor: callback.start() returned error code: -1
02-28 09:09:55.466 13511 13544 D NavServiceProvider: Setting units automatically
02-28 09:09:55.467 13511 13544 D NavServiceProvider: Detecting stop. distance_d=2806.563. stop_type=1 speed=3.75
02-28 09:09:55.468 13511 13544 D NavigationTest: 27: (28.014191, -82.414428, 3.750000)	R:false  F:false
02-28 09:09:55.468 13511 13544 D NavServiceProvider: Second to last stop coordinates: 28.039471, -82.416137
02-28 09:09:55.468 13511 13544 D NavServiceProvider: Setting units automatically
02-28 09:09:55.470 13511 13544 D NavServiceProvider: Detecting stop. distance_d=2803.4146. stop_type=1 speed=5.25
02-28 09:09:55.470 13511 13544 D NavigationTest: 28: (28.014222, -82.414381, 5.250000)	R:false  F:false
02-28 09:09:55.470 13511 13544 D NavigationTest: 29: (28.014222, -82.414381, 5.250000)	R:false  F:false
02-28 09:09:55.470 13511 13544 D NavServiceProvider: Second to last stop coordinates: 28.039471, -82.416137
02-28 09:09:55.470 13511 13544 D NavServiceProvider: Setting units automatically
02-28 09:09:55.472 13511 13544 D NavServiceProvider: Detecting stop. distance_d=2799.6633. stop_type=1 speed=6.25
02-28 09:09:55.472 13511 13544 D NavigationTest: 30: (28.014260, -82.414308, 6.250000)	R:false  F:false
02-28 09:09:55.472 13511 13544 D NavigationTest: 31: (28.014260, -82.414308, 6.250000)	R:false  F:false
02-28 09:09:55.472 13511 13544 D NavServiceProvider: Second to last stop coordinates: 28.039471, -82.416137
02-28 09:09:55.472 13511 13544 D NavServiceProvider: Setting units automatically
02-28 09:09:55.473 13511 13544 D NavServiceProvider: Detecting stop. distance_d=2793.9604. stop_type=1 speed=6.75
02-28 09:09:55.473 13511 13544 D NavigationTest: 32: (28.014314, -82.414266, 6.750000)	R:false  F:false
02-28 09:09:55.473 13511 13544 D NavigationTest: 33: (28.014314, -82.414266, 6.750000)	R:false  F:false
02-28 09:09:55.474 13511 13544 D NavServiceProvider: Second to last stop coordinates: 28.039471, -82.416137
02-28 09:09:55.474 13511 13544 D NavServiceProvider: Setting units automatically
02-28 09:09:55.475 13511 13544 D NavServiceProvider: Detecting stop. distance_d=2788.831. stop_type=1 speed=7.0
02-28 09:09:55.475 13511 13544 D NavigationTest: 34: (28.014363, -82.414222, 7.000000)	R:false  F:false
02-28 09:09:55.476 13511 13544 D NavigationTest: 35: (28.014363, -82.414222, 7.000000)	R:false  F:false
02-28 09:09:55.476 13511 13544 D NavServiceProvider: Second to last stop coordinates: 28.039471, -82.416137
02-28 09:09:55.476 13511 13544 D NavServiceProvider: Setting units automatically
02-28 09:09:55.478 13511 13544 D NavServiceProvider: Detecting stop. distance_d=2783.47. stop_type=1 speed=6.75
02-28 09:09:55.478 13511 13544 D NavigationTest: 36: (28.014413, -82.414197, 6.750000)	R:false  F:false
02-28 09:09:55.478 13511 13544 D NavServiceProvider: Second to last stop coordinates: 28.039471, -82.416137
02-28 09:09:55.478 13511 13544 D NavServiceProvider: Setting units automatically
02-28 09:09:55.479 13579 13612 I GoogleTTSServiceImpl: Synthesis request for locale eng-USA and name en-US-language
02-28 09:09:55.480 13511 13544 D NavServiceProvider: Detecting stop. distance_d=2783.47. stop_type=1 speed=0.0
02-28 09:09:55.480 13511 13544 D NavigationTest: 37: (28.014413, -82.414197, 0.000000)	R:false  F:false
02-28 09:09:55.480 13511 13544 D NavigationTest: 38: (28.014413, -82.414197, 0.000000)	R:false  F:false
02-28 09:09:55.480 13511 13544 D NavServiceProvider: Second to last stop coordinates: 28.039471, -82.416137
02-28 09:09:55.480 13579 13612 I GoogleTTSServiceImpl: TTS dispatch: en-us-x-iog-seanet-embedded
02-28 09:09:55.480 13511 13544 D NavServiceProvider: Setting units automatically
02-28 09:09:55.481 13511 13544 D NavServiceProvider: Detecting stop. distance_d=2779.784. stop_type=1 speed=5.75
02-28 09:09:55.482 13511 13544 D NavigationTest: 39: (28.014448, -82.414170, 5.750000)	R:false  F:false
02-28 09:09:55.482 13511 13544 D NavServiceProvider: Second to last stop coordinates: 28.039471, -82.416137
02-28 09:09:55.482 13511 13544 D NavServiceProvider: Setting units automatically
02-28 09:09:55.483 13511 13544 D NavServiceProvider: Detecting stop. distance_d=2776.0178. stop_type=1 speed=4.25
02-28 09:09:55.483   871   871 D audio_hw_primary: adev_get_parameters:vr_audio_mode_on
02-28 09:09:55.483 13511 13544 D NavigationTest: 40: (28.014483, -82.414155, 4.250000)	R:false  F:false
02-28 09:09:55.483   871   871 I audio_hw_primary: getting vr mode to 0
02-28 09:09:55.483   871   871 D audio_hw_primary: adev_get_parameters: exit: returns - vr_audio_mode_on=false
02-28 09:09:55.483 13511 13544 D NavigationTest: 41: (28.014483, -82.414155, 4.250000)	R:false  F:false
02-28 09:09:55.483 13511 13544 D NavServiceProvider: Second to last stop coordinates: 28.039471, -82.416137
02-28 09:09:55.484   959   959 I hash_map_utils: key: 'vr_audio_mode_on' value: ''
02-28 09:09:55.484 13511 13544 D NavServiceProvider: Setting units automatically
02-28 09:09:55.484   959   959 I AudioPolicyManagerCustom: VR mode is 0, switch to primary output if request is for fast|raw
02-28 09:09:55.484   959   959 I AudioPolicyManagerCustom: setting force DEEP buffer now
02-28 09:09:55.484   959   959 D AudioFlinger: Client defaulted notificationFrames to 2048 for frameCount 4096
02-28 09:09:55.485 13511 13544 D NavServiceProvider: Detecting stop. distance_d=2772.978. stop_type=1 speed=3.75
02-28 09:09:55.485 13511 13544 D NavigationTest: 42: (28.014511, -82.414147, 3.750000)	R:false  F:false
02-28 09:09:55.485 13511 13544 D NavServiceProvider: Second to last stop coordinates: 28.039471, -82.416137
02-28 09:09:55.485   959   959 D AF::TrackHandle: OpPlayAudio: track:231 usage:1 not muted
02-28 09:09:55.485 13511 13544 D NavServiceProvider: Setting units automatically
02-28 09:09:55.486 13511 13544 D NavServiceProvider: Detecting stop. distance_d=2770.456. stop_type=1 speed=2.5
02-28 09:09:55.486 13511 13544 D NavigationTest: 43: (28.014533, -82.414160, 2.500000)	R:false  F:false
02-28 09:09:55.486 13511 13544 D NavigationTest: 44: (28.014533, -82.414160, 2.500000)	R:false  F:false
02-28 09:09:55.486 13511 13544 D NavServiceProvider: Second to last stop coordinates: 28.039471, -82.416137
02-28 09:09:55.487 13511 13544 D NavServiceProvider: Setting units automatically
02-28 09:09:55.488 13511 13544 D NavServiceProvider: Detecting stop. distance_d=2767.568. stop_type=1 speed=3.0
02-28 09:09:55.488 13511 13544 D NavigationTest: 45: (28.014559, -82.414162, 3.000000)	R:false  F:false
02-28 09:09:55.488 13511 13544 D NavServiceProvider: Second to last stop coordinates: 28.039471, -82.416137
02-28 09:09:55.488 13511 13544 D NavServiceProvider: Setting units automatically
02-28 09:09:55.488  2666  3413 D Avrcp_ext: AudioManager Player: ID:23 -- type:android.media.SoundPool -- u/pid:10126/2688 -- state:idle -- attr:AudioAttributes: usage=USAGE_ASSISTANCE_SONIFICATION content=CONTENT_TYPE_SONIFICATION flags=0x800 tags= bundle=null
02-28 09:09:55.488  2666  3413 D Avrcp_ext: AudioManager Player: ID:15 -- type:android.media.SoundPool -- u/pid:1000/1493 -- state:idle -- attr:AudioAttributes: usage=USAGE_ASSISTANCE_SONIFICATION content=CONTENT_TYPE_SONIFICATION flags=0x800 tags= bundle=null
02-28 09:09:55.489  2666  3413 D Avrcp_ext: AudioManager Player: ID:1439 -- type:android.media.AudioTrack -- u/pid:10088/13579 -- state:started -- attr:AudioAttributes: usage=USAGE_MEDIA content=CONTENT_TYPE_SPEECH flags=0x800 tags= bundle=null
02-28 09:09:55.489  2666  3413 D Avrcp_ext: AudioManager isPlaying: true
02-28 09:09:55.489  2666  3413 V Avrcp_ext: updateCurrentMediaState: mMediaController: null
02-28 09:09:55.489  2666  3413 V Avrcp_ext: isMusicActive: true getBluetoothPlayState: 2
02-28 09:09:55.489  2666  3413 V Avrcp_ext: updateCurrentMediaState: isPlaying = false
02-28 09:09:55.489  2666  3413 V Avrcp_ext: Media update: id -1➡-1? [MediaAttributes: none] : [MediaAttributes: none]
02-28 09:09:55.489  2666  3413 V Avrcp_ext: newPlayStatus:2mReportedPlayStatus:-1
02-28 09:09:55.489  2666  3413 V Avrcp_ext: updatePlaybackState, state: PlaybackState {state=2, position=-1, buffered position=0, speed=0.0, updated=1798819, actions=0, custom actions=[], active item id=-1, error=null} device: null
02-28 09:09:55.489  2666  3413 V Avrcp_ext: Device: no name:
02-28 09:09:55.489  2666  3413 I chatty  : uid=1002(bluetooth) BluetoothAvrcpH identical 3 lines
02-28 09:09:55.489  2666  3413 V Avrcp_ext: Device: no name:
02-28 09:09:55.489  2666  3413 V Avrcp_ext: updatePlayerStateAndPosition, old=PlaybackState {state=2, position=-1, buffered position=0, speed=0.0, updated=1798716, actions=0, custom actions=[], active item id=-1, error=null}, state=PlaybackState {state=2, position=-1, buffered position=0, speed=0.0, updated=1798819, actions=0, custom actions=[], active item id=-1, error=null}
02-28 09:09:55.489  2666  3413 V Avrcp_ext: old state = PlaybackState {state=2, position=-1, buffered position=0, speed=0.0, updated=1798716, actions=0, custom actions=[], active item id=-1, error=null}, new state= PlaybackState {state=2, position=-1, buffered position=0, speed=0.0, updated=1798819, actions=0, custom actions=[], active item id=-1, error=null}
02-28 09:09:55.489  2666  3413 D HeadsetService: getHeadsetService(): returning com.android.bluetooth.hfp.HeadsetService@8a04d28
02-28 09:09:55.489 13511 13544 D NavServiceProvider: Detecting stop. distance_d=2763.4365. stop_type=1 speed=4.0
02-28 09:09:55.489 13511 13544 D NavigationTest: 46: (28.014596, -82.414168, 4.000000)	R:false  F:false
02-28 09:09:55.489 13511 13544 D NavigationTest: 47: (28.014596, -82.414168, 4.000000)	R:false  F:false
02-28 09:09:55.489 13511 13544 D NavServiceProvider: Second to last stop coordinates: 28.039471, -82.416137
02-28 09:09:55.490  2666  3413 D HeadsetService:  isAudioOn: The number of audio connected devices 0
02-28 09:09:55.490  2666  3413 D HeadsetService: isScoOrCallActive(): Call Active:falseCall is Ringing:falseSCO is Active:false
02-28 09:09:55.490  2666  3413 D HeadsetService:  isAudioOn: The number of audio connected devices 0
02-28 09:09:55.490  2666  3413 I Avrcp_ext: updatePlayStatusForDevice: device: null
02-28 09:09:55.490  2666  3413 V Avrcp_ext: updatePlaybackState (1): old=PlaybackState {state=2, position=-1, buffered position=0, speed=0.0, updated=1798716, actions=0, custom actions=[], active item id=-1, error=null}(2), new=PlaybackState {state=2, position=-1, buffered position=0, speed=0.0, updated=1798819, actions=0, custom actions=[], active item id=-1, error=null}(2)
02-28 09:09:55.490  2666  3413 I Avrcp_ext: Exit updatePlayStatusForDevice
02-28 09:09:55.490 13511 13544 D NavServiceProvider: Setting units automatically
02-28 09:09:55.490  2666  3413 D HeadsetService:  isAudioOn: The number of audio connected devices 0
02-28 09:09:55.490  2666  3413 D HeadsetService: isScoOrCallActive(): Call Active:falseCall is Ringing:falseSCO is Active:false
02-28 09:09:55.490  2666  3413 D HeadsetService:  isAudioOn: The number of audio connected devices 0
02-28 09:09:55.490  2666  3413 I Avrcp_ext: updatePlayStatusForDevice: device: null
02-28 09:09:55.490  2666  3413 V Avrcp_ext: updatePlaybackState (1): old=PlaybackState {state=2, position=-1, buffered position=0, speed=0.0, updated=1798716, actions=0, custom actions=[], active item id=-1, error=null}(2), new=PlaybackState {state=2, position=-1, buffered position=0, speed=0.0, updated=1798819, actions=0, custom actions=[], active item id=-1, error=null}(2)
02-28 09:09:55.490  2666  3413 I Avrcp_ext: Exit updatePlayStatusForDevice
02-28 09:09:55.491  2666  3413 D HeadsetService:  isAudioOn: The number of audio connected devices 0
02-28 09:09:55.491  2666  3413 D HeadsetService: isScoOrCallActive(): Call Active:falseCall is Ringing:falseSCO is Active:false
02-28 09:09:55.491  2666  3413 D HeadsetService:  isAudioOn: The number of audio connected devices 0
02-28 09:09:55.491  2666  3413 I Avrcp_ext: updatePlayStatusForDevice: device: null
02-28 09:09:55.491  2666  3413 V Avrcp_ext: updatePlaybackState (1): old=PlaybackState {state=2, position=-1, buffered position=0, speed=0.0, updated=1798716, actions=0, custom actions=[], active item id=-1, error=null}(2), new=PlaybackState {state=2, position=-1, buffered position=0, speed=0.0, updated=1798819, actions=0, custom actions=[], active item id=-1, error=null}(2)
02-28 09:09:55.491  2666  3413 I Avrcp_ext: Exit updatePlayStatusForDevice
02-28 09:09:55.491 13511 13544 D NavServiceProvider: Detecting stop. distance_d=2759.258. stop_type=1 speed=4.5
02-28 09:09:55.491 13511 13544 D NavigationTest: 48: (28.014632, -82.414197, 4.500000)	R:false  F:false
02-28 09:09:55.491 13511 13544 D NavServiceProvider: Second to last stop coordinates: 28.039471, -82.416137
02-28 09:09:55.491  2666  3413 D HeadsetService:  isAudioOn: The number of audio connected devices 0
02-28 09:09:55.491  2666  3413 D HeadsetService: isScoOrCallActive(): Call Active:falseCall is Ringing:falseSCO is Active:false
02-28 09:09:55.492  2666  3413 D HeadsetService:  isAudioOn: The number of audio connected devices 0
02-28 09:09:55.492  2666  3413 I Avrcp_ext: updatePlayStatusForDevice: device: null
02-28 09:09:55.492  2666  3413 V Avrcp_ext: updatePlaybackState (1): old=PlaybackState {state=2, position=-1, buffered position=0, speed=0.0, updated=1798716, actions=0, custom actions=[], active item id=-1, error=null}(2), new=PlaybackState {state=2, position=-1, buffered position=0, speed=0.0, updated=1798819, actions=0, custom actions=[], active item id=-1, error=null}(2)
02-28 09:09:55.492  2666  3413 I Avrcp_ext: Exit updatePlayStatusForDevice
02-28 09:09:55.492 13511 13544 D NavServiceProvider: Setting units automatically
02-28 09:09:55.492  2666  3413 D HeadsetService:  isAudioOn: The number of audio connected devices 0
02-28 09:09:55.492  2666  3413 D HeadsetService: isScoOrCallActive(): Call Active:falseCall is Ringing:falseSCO is Active:false
02-28 09:09:55.492  2666  3413 D HeadsetService:  isAudioOn: The number of audio connected devices 0
02-28 09:09:55.492  2666  3413 I Avrcp_ext: updatePlayStatusForDevice: device: null
02-28 09:09:55.492  2666  3413 V Avrcp_ext: updatePlaybackState (1): old=PlaybackState {state=2, position=-1, buffered position=0, speed=0.0, updated=1798716, actions=0, custom actions=[], active item id=-1, error=null}(2), new=PlaybackState {state=2, position=-1, buffered position=0, speed=0.0, updated=1798819, actions=0, custom actions=[], active item id=-1, error=null}(2)
02-28 09:09:55.492  2666  3413 I Avrcp_ext: Exit updatePlayStatusForDevice
02-28 09:09:55.492  2666  3413 D Avrcp_ext: Enter sendPlayPosNotificationRsp
02-28 09:09:55.492  2666  3413 D Avrcp_ext: sendPlayPosNotificationRsp: Not registered or requesting.
02-28 09:09:55.492  2666  3413 D Avrcp_ext: Enter sendPlayPosNotificationRsp
02-28 09:09:55.492  2666  3413 D Avrcp_ext: sendPlayPosNotificationRsp: Not registered or requesting.
02-28 09:09:55.492  2666  3413 D Avrcp_ext: Enter sendPlayPosNotificationRsp
02-28 09:09:55.492  2666  3413 D Avrcp_ext: sendPlayPosNotificationRsp: Not registered or requesting.
02-28 09:09:55.492  2666  3413 D Avrcp_ext: Enter sendPlayPosNotificationRsp
02-28 09:09:55.492  2666  3413 D Avrcp_ext: sendPlayPosNotificationRsp: Not registered or requesting.
02-28 09:09:55.492  2666  3413 D Avrcp_ext: Enter sendPlayPosNotificationRsp
02-28 09:09:55.492  2666  3413 D Avrcp_ext: sendPlayPosNotificationRsp: Not registered or requesting.
02-28 09:09:55.492  2666  3413 V Avrcp_ext: Exit updatePlayerStateAndPosition
02-28 09:09:55.493 13511 13544 D NavServiceProvider: Detecting stop. distance_d=2756.0771. stop_type=1 speed=4.5
02-28 09:09:55.493 13511 13544 D NavigationTest: 49: (28.014659, -82.414226, 4.500000)	R:false  F:false
02-28 09:09:55.493 13511 13544 D NavigationTest: 50: (28.014659, -82.414226, 4.500000)	R:false  F:false
02-28 09:09:55.493 13511 13544 D NavServiceProvider: Second to last stop coordinates: 28.039471, -82.416137
02-28 09:09:55.494 13511 13544 D NavServiceProvider: Setting units automatically
02-28 09:09:55.495 13511 13544 D NavServiceProvider: Detecting stop. distance_d=2754.0552. stop_type=1 speed=5.0
02-28 09:09:55.495 13511 13544 D NavigationTest: 51: (28.014674, -82.414281, 5.000000)	R:false  F:false
02-28 09:09:55.495 13511 13544 D NavServiceProvider: Second to last stop coordinates: 28.039471, -82.416137
02-28 09:09:55.495 13511 13544 D NavServiceProvider: Setting units automatically
02-28 09:09:55.496 13511 13544 D NavServiceProvider: Detecting stop. distance_d=2752.1475. stop_type=1 speed=5.25
02-28 09:09:55.496 13511 13544 D NavigationTest: 52: (28.014688, -82.414337, 5.250000)	R:false  F:false
02-28 09:09:55.496 13511 13544 D NavigationTest: 53: (28.014688, -82.414337, 5.250000)	R:false  F:false
02-28 09:09:55.496 13511 13544 D NavServiceProvider: Second to last stop coordinates: 28.039471, -82.416137
02-28 09:09:55.497 13511 13544 D NavServiceProvider: Setting units automatically
02-28 09:09:55.498 13511 13544 D NavServiceProvider: Detecting stop. distance_d=2750.8955. stop_type=1 speed=5.25
02-28 09:09:55.498 13511 13544 D NavigationTest: 54: (28.014696, -82.414396, 5.250000)	R:false  F:false
02-28 09:09:55.498 13511 13544 D NavigationTest: 55: (28.014696, -82.414396, 5.250000)	R:false  F:false
02-28 09:09:55.498 13511 13544 D NavServiceProvider: Second to last stop coordinates: 28.039471, -82.416137
02-28 09:09:55.498 13511 13544 D NavServiceProvider: Setting units automatically
02-28 09:09:55.499 13511 13544 D NavServiceProvider: Detecting stop. distance_d=2748.6445. stop_type=1 speed=4.5
02-28 09:09:55.500 13511 13544 D NavigationTest: 56: (28.014714, -82.414439, 4.500000)	R:false  F:false
02-28 09:09:55.500 13511 13544 D NavigationTest: 57: (28.014714, -82.414439, 4.500000)	R:false  F:false
02-28 09:09:55.500 13511 13544 D NavServiceProvider: Second to last stop coordinates: 28.039471, -82.416137
02-28 09:09:55.500 13511 13544 D NavServiceProvider: Setting units automatically
02-28 09:09:55.501 13511 13544 D NavServiceProvider: Detecting stop. distance_d=2749.1143. stop_type=1 speed=2.25
02-28 09:09:55.501 13511 13544 D NavigationTest: 58: (28.014709, -82.414453, 2.250000)	R:false  F:false
02-28 09:09:55.501 13511 13544 D NavigationTest: 59: (28.014709, -82.414453, 2.250000)	R:false  F:false
02-28 09:09:55.501 13511 13544 D NavServiceProvider: Second to last stop coordinates: 28.039471, -82.416137
02-28 09:09:55.501 13511 13544 D NavServiceProvider: Setting units automatically
02-28 09:09:55.502 13511 13544 D NavServiceProvider: Detecting stop. distance_d=2748.7056. stop_type=1 speed=1.25
02-28 09:09:55.502 13511 13544 D NavigationTest: 60: (28.014712, -82.414466, 1.250000)	R:false  F:false
02-28 09:09:55.502 13511 13544 D NavigationTest: 61: (28.014712, -82.414466, 1.250000)	R:false  F:false
02-28 09:09:55.502 13511 13544 D NavServiceProvider: Second to last stop coordinates: 28.039471, -82.416137
02-28 09:09:55.503 13511 13544 D NavServiceProvider: Setting units automatically
02-28 09:09:55.504 13511 13544 D NavServiceProvider: Detecting stop. distance_d=2748.461. stop_type=1 speed=0.75
02-28 09:09:55.504 13511 13544 D NavigationTest: 62: (28.014714, -82.414470, 0.750000)	R:false  F:false
02-28 09:09:55.504 13511 13544 D NavigationTest: 63: (28.014714, -82.414470, 0.750000)	R:false  F:false
02-28 09:09:55.504 13511 13544 D NavServiceProvider: Second to last stop coordinates: 28.039471, -82.416137
02-28 09:09:55.504 13511 13544 D NavServiceProvider: Setting units automatically
02-28 09:09:55.505 13511 13544 D NavServiceProvider: Detecting stop. distance_d=2748.2163. stop_type=1 speed=0.5
02-28 09:09:55.505 13511 13544 D NavigationTest: 64: (28.014716, -82.414474, 0.500000)	R:false  F:false
02-28 09:09:55.505 13511 13544 D NavServiceProvider: Second to last stop coordinates: 28.039471, -82.416137
02-28 09:09:55.506 13511 13544 D NavServiceProvider: Setting units automatically
02-28 09:09:55.507 13511 13544 D NavServiceProvider: Detecting stop. distance_d=2747.8203. stop_type=1 speed=1.25
02-28 09:09:55.507 13511 13544 D NavigationTest: 65: (28.014719, -82.414485, 1.250000)	R:false  F:false
02-28 09:09:55.507 13511 13544 D NavigationTest: 66: (28.014719, -82.414485, 1.250000)	R:false  F:false
02-28 09:09:55.507 13511 13544 D NavServiceProvider: Second to last stop coordinates: 28.039471, -82.416137
02-28 09:09:55.507 13511 13544 D NavServiceProvider: Setting units automatically
02-28 09:09:55.508 13511 13544 D NavServiceProvider: Detecting stop. distance_d=2745.7249. stop_type=1 speed=2.5
02-28 09:09:55.508 13511 13544 D NavigationTest: 67: (28.014737, -82.414503, 2.500000)	R:false  F:false
02-28 09:09:55.508 13511 13544 D NavigationTest: 68: (28.014737, -82.414503, 2.500000)	R:false  F:false
02-28 09:09:55.508 13511 13544 D NavServiceProvider: Second to last stop coordinates: 28.039471, -82.416137
02-28 09:09:55.508 13511 13544 D NavServiceProvider: Setting units automatically
02-28 09:09:55.509 13511 13544 D NavServiceProvider: Detecting stop. distance_d=2741.557. stop_type=1 speed=4.0
02-28 09:09:55.510 13511 13544 D NavigationTest: 69: (28.014774, -82.414516, 4.000000)	R:false  F:false
02-28 09:09:55.510 13511 13544 D NavigationTest: 70: (28.014774, -82.414516, 4.000000)	R:false  F:false
02-28 09:09:55.510 13511 13544 D NavServiceProvider: Second to last stop coordinates: 28.039471, -82.416137
02-28 09:09:55.510 13511 13544 D NavServiceProvider: Setting units automatically
02-28 09:09:55.511 13511 13544 D NavServiceProvider: Detecting stop. distance_d=2736.409. stop_type=1 speed=6.0
02-28 09:09:55.511 13511 13544 D NavigationTest: 71: (28.014821, -82.414507, 6.000000)	R:false  F:false
02-28 09:09:55.511 13511 13544 D NavigationTest: 72: (28.014821, -82.414507, 6.000000)	R:false  F:false
02-28 09:09:55.511 13511 13544 D NavServiceProvider: Second to last stop coordinates: 28.039471, -82.416137
02-28 09:09:55.511 13511 13544 D NavServiceProvider: Setting units automatically
02-28 09:09:55.512 13511 13544 D NavServiceProvider: Detecting stop. distance_d=2641.3132. stop_type=1 speed=0.0
02-28 09:09:55.512 13511 13544 D NavigationTest: 73: (28.015682, -82.414482, 0.000000)	R:false  F:false
02-28 09:09:55.512 13511 13544 D NavServiceProvider: Second to last stop coordinates: 28.039471, -82.416137
02-28 09:09:55.513 13511 13544 D NavServiceProvider: Setting units automatically
02-28 09:09:55.514 13511 13544 D NavServiceProvider: Detecting stop. distance_d=2728.723. stop_type=1 speed=7.75
02-28 09:09:55.514 13511 13544 D NavigationTest: 74: (28.014891, -82.414497, 7.750000)	R:false  F:false
02-28 09:09:55.514 13511 13544 D NavServiceProvider: Second to last stop coordinates: 28.039471, -82.416137
02-28 09:09:55.514 13511 13544 D NavServiceProvider: Setting units automatically
02-28 09:09:55.515 13511 13544 D NavServiceProvider: Detecting stop. distance_d=2719.6465. stop_type=1 speed=9.25
02-28 09:09:55.515 13511 13544 D NavigationTest: 75: (28.014974, -82.414479, 9.250000)	R:false  F:false
02-28 09:09:55.515 13511 13544 D NavigationTest: 76: (28.014974, -82.414479, 9.250000)	R:false  F:false
02-28 09:09:55.515 13511 13544 D NavServiceProvider: Second to last stop coordinates: 28.039471, -82.416137
02-28 09:09:55.515 13511 13544 D NavServiceProvider: Setting units automatically
02-28 09:09:55.516 13511 13544 D NavServiceProvider: Detecting stop. distance_d=2708.4465. stop_type=1 speed=10.75
02-28 09:09:55.516 13511 13544 D NavigationTest: 77: (28.015076, -82.414465, 10.750000)	R:false  F:false
02-28 09:09:55.516 13511 13544 D NavServiceProvider: Second to last stop coordinates: 28.039471, -82.416137
02-28 09:09:55.517 13511 13544 D NavServiceProvider: Setting units automatically
02-28 09:09:55.518 13511 13544 D NavServiceProvider: Detecting stop. distance_d=2697.4194. stop_type=1 speed=11.5
02-28 09:09:55.518 13511 13544 D NavigationTest: 78: (28.015177, -82.414441, 11.500000)	R:false  F:false
02-28 09:09:55.518 13511 13544 D NavigationTest: 79: (28.015177, -82.414441, 11.500000)	R:false  F:false
02-28 09:09:55.518 13511 13544 D NavServiceProvider: Second to last stop coordinates: 28.039471, -82.416137
02-28 09:09:55.518 13511 13544 D NavServiceProvider: Setting units automatically
02-28 09:09:55.519 13511 13544 D NavServiceProvider: Detecting stop. distance_d=2684.8782. stop_type=1 speed=12.5
02-28 09:09:55.519 13511 13544 D NavigationTest: 80: (28.015292, -82.414412, 12.500000)	R:false  F:false
02-28 09:09:55.519 13511 13544 D NavServiceProvider: Second to last stop coordinates: 28.039471, -82.416137
02-28 09:09:55.520 13511 13544 D NavServiceProvider: Setting units automatically
02-28 09:09:55.521 13511 13544 D NavServiceProvider: Detecting stop. distance_d=2670.4368. stop_type=1 speed=13.5
02-28 09:09:55.521 13511 13544 D NavigationTest: 81: (28.015424, -82.414387, 13.500000)	R:false  F:false
02-28 09:09:55.521 13511 13544 D NavigationTest: 82: (28.015424, -82.414387, 13.500000)	R:false  F:false
02-28 09:09:55.521 13511 13544 D NavServiceProvider: Second to last stop coordinates: 28.039471, -82.416137
02-28 09:09:55.521 13511 13544 D NavServiceProvider: Setting units automatically
02-28 09:09:55.522 13511 13544 D NavServiceProvider: Detecting stop. distance_d=2655.57. stop_type=1 speed=14.5
02-28 09:09:55.522 13511 13544 D NavigationTest: 83: (28.015560, -82.414360, 14.500000)	R:false  F:false
02-28 09:09:55.522 13511 13544 D NavServiceProvider: Second to last stop coordinates: 28.039471, -82.416137
02-28 09:09:55.522 13511 13544 D NavServiceProvider: Setting units automatically
02-28 09:09:55.523 13511 13544 D NavServiceProvider: Detecting stop. distance_d=2638.7007. stop_type=1 speed=15.75
02-28 09:09:55.523 13511 13544 D NavigationTest: 84: (28.015715, -82.414319, 15.750000)	R:false  F:false
02-28 09:09:55.523 13511 13544 D NavigationTest: 85: (28.015715, -82.414319, 15.750000)	R:false  F:false
02-28 09:09:55.523 13511 13544 D NavServiceProvider: Second to last stop coordinates: 28.039471, -82.416137
02-28 09:09:55.524 13511 13544 D NavServiceProvider: Setting units automatically
02-28 09:09:55.525 13511 13544 D NavServiceProvider: Detecting stop. distance_d=2622.0999. stop_type=1 speed=16.0
02-28 09:09:55.525 13511 13544 D NavigationTest: 86: (28.015866, -82.414305, 16.000000)	R:false  F:false
02-28 09:09:55.525 13511 13544 D NavigationTest: 87: (28.015866, -82.414305, 16.000000)	R:false  F:false
02-28 09:09:55.525 13511 13544 D NavServiceProvider: Second to last stop coordinates: 28.039471, -82.416137
02-28 09:09:55.525 13511 13544 D NavServiceProvider: Setting units automatically
02-28 09:09:55.526 13511 13544 D NavServiceProvider: Detecting stop. distance_d=2606.5303. stop_type=1 speed=16.25
02-28 09:09:55.526 13511 13544 D NavigationTest: 88: (28.016009, -82.414270, 16.250000)	R:false  F:false
02-28 09:09:55.526 13511 13544 D NavigationTest: 89: (28.016009, -82.414270, 16.250000)	R:false  F:false
02-28 09:09:55.526 13511 13544 D NavServiceProvider: Second to last stop coordinates: 28.039471, -82.416137
02-28 09:09:55.527 13511 13544 D NavServiceProvider: Setting units automatically
02-28 09:09:55.527 13511 13544 D NavServiceProvider: Detecting stop. distance_d=2590.8982. stop_type=1 speed=16.0
02-28 09:09:55.528 13511 13544 D NavigationTest: 90: (28.016152, -82.414245, 16.000000)	R:false  F:false
02-28 09:09:55.528 13511 13544 D NavigationTest: 91: (28.016152, -82.414245, 16.000000)	R:false  F:false
02-28 09:09:55.528 13511 13544 D NavServiceProvider: Second to last stop coordinates: 28.039471, -82.416137
02-28 09:09:55.528 13511 13544 D NavServiceProvider: Setting units automatically
02-28 09:09:55.529 13511 13544 D NavServiceProvider: Detecting stop. distance_d=2575.809. stop_type=1 speed=16.0
02-28 09:09:55.529 13511 13544 D NavigationTest: 92: (28.016290, -82.414222, 16.000000)	R:false  F:false
02-28 09:09:55.529 13511 13544 D NavigationTest: 93: (28.016290, -82.414222, 16.000000)	R:false  F:false
02-28 09:09:55.529 13511 13544 D NavServiceProvider: Second to last stop coordinates: 28.039471, -82.416137
02-28 09:09:55.529 13511 13544 D NavServiceProvider: Setting units automatically
02-28 09:09:55.530 13511 13544 D NavServiceProvider: Detecting stop. distance_d=2560.2678. stop_type=1 speed=15.75
02-28 09:09:55.531 13511 13544 D NavigationTest: 94: (28.016432, -82.414201, 15.750000)	R:false  F:false
02-28 09:09:55.531 13511 13544 D NavigationTest: 95: (28.016432, -82.414201, 15.750000)	R:false  F:false
02-28 09:09:55.531 13511 13544 D NavServiceProvider: Second to last stop coordinates: 28.039471, -82.416137
02-28 09:09:55.531 13511 13544 D NavServiceProvider: Setting units automatically
02-28 09:09:55.532 13511 13544 D NavServiceProvider: Detecting stop. distance_d=2544.8335. stop_type=1 speed=15.5
02-28 09:09:55.532 13511 13544 D NavigationTest: 96: (28.016573, -82.414181, 15.500000)	R:false  F:false
02-28 09:09:55.532 13511 13544 D NavigationTest: 97: (28.016573, -82.414181, 15.500000)	R:false  F:false
02-28 09:09:55.532 13511 13544 D NavServiceProvider: Second to last stop coordinates: 28.039471, -82.416137
02-28 09:09:55.532 13511 13544 D NavServiceProvider: Setting units automatically
02-28 09:09:55.533   871   871 D msm8974_platform: platform_split_snd_device: snd_device(2) num devices(1) new_snd_devices(0)
02-28 09:09:55.533 13511 13544 D NavServiceProvider: Detecting stop. distance_d=2528.7402. stop_type=1 speed=15.5
02-28 09:09:55.533 13511 13544 D NavigationTest: 98: (28.016720, -82.414161, 15.500000)	R:false  F:false
02-28 09:09:55.534 13511 13544 D NavigationTest: 99: (28.016720, -82.414161, 15.500000)	R:false  F:false
02-28 09:09:55.534 13511 13544 D NavServiceProvider: Second to last stop coordinates: 28.039471, -82.416137
02-28 09:09:55.534 13511 13544 D NavServiceProvider: Setting units automatically
02-28 09:09:55.536 13511 13544 D NavServiceProvider: Detecting stop. distance_d=2515.432. stop_type=1 speed=15.25
02-28 09:09:55.536 13511 13544 D NavigationTest: 100: (28.016841, -82.414153, 15.250000)	R:false  F:false
02-28 09:09:55.536 13511 13544 D NavigationTest: 101: (28.016841, -82.414153, 15.250000)	R:false  F:false
02-28 09:09:55.536 13511 13544 D NavServiceProvider: Second to last stop coordinates: 28.039471, -82.416137
02-28 09:09:55.536 13511 13544 D NavServiceProvider: Setting units automatically
02-28 09:09:55.537 13511 13544 D NavServiceProvider: Detecting stop. distance_d=2499.4734. stop_type=1 speed=15.25
02-28 09:09:55.537 13511 13544 D NavigationTest: 102: (28.016986, -82.414145, 15.250000)	R:false  F:false
02-28 09:09:55.537 13511 13544 D NavServiceProvider: Second to last stop coordinates: 28.039471, -82.416137
02-28 09:09:55.538 13511 13544 D NavServiceProvider: Setting units automatically
02-28 09:09:55.539 13511 13544 D NavServiceProvider: Detecting stop. distance_d=2483.4292. stop_type=1 speed=15.75
02-28 09:09:55.539 13511 13544 D NavigationTest: 103: (28.017132, -82.414134, 15.750000)	R:false  F:false
02-28 09:09:55.539 13511 13544 D NavigationTest: 104: (28.017132, -82.414134, 15.750000)	R:false  F:false
02-28 09:09:55.539 13511 13544 D NavServiceProvider: Second to last stop coordinates: 28.039471, -82.416137
02-28 09:09:55.539 13511 13544 D NavServiceProvider: Setting units automatically
02-28 09:09:55.540 13511 13544 D NavServiceProvider: Detecting stop. distance_d=2467.7664. stop_type=1 speed=15.75
02-28 09:09:55.540 13511 13544 D NavigationTest: 105: (28.017274, -82.414131, 15.750000)	R:false  F:false
02-28 09:09:55.540 13511 13544 D NavServiceProvider: Second to last stop coordinates: 28.039471, -82.416137
02-28 09:09:55.541 13511 13544 D NavServiceProvider: Setting units automatically
02-28 09:09:55.541 13511 13544 D NavServiceProvider: Detecting stop. distance_d=2452.728. stop_type=1 speed=15.75
02-28 09:09:55.542 13511 13544 D NavigationTest: 106: (28.017411, -82.414119, 15.750000)	R:false  F:false
02-28 09:09:55.542 13511 13544 D NavigationTest: 107: (28.017411, -82.414119, 15.750000)	R:false  F:false
02-28 09:09:55.542 13511 13544 D NavServiceProvider: Second to last stop coordinates: 28.039471, -82.416137
02-28 09:09:55.542 13511 13544 D NavServiceProvider: Setting units automatically
02-28 09:09:55.543 13511 13544 D NavServiceProvider: Detecting stop. distance_d=2261.5806. stop_type=1 speed=0.0
02-28 09:09:55.543 13511 13544 D NavigationTest: 108: (28.019123, -82.414379, 0.000000)	R:false  F:false
02-28 09:09:55.543 13511 13544 D NavServiceProvider: Second to last stop coordinates: 28.039471, -82.416137
02-28 09:09:55.543 13511 13544 D NavServiceProvider: Setting units automatically
02-28 09:09:55.544 13511 13544 D NavServiceProvider: Detecting stop. distance_d=2437.0837. stop_type=1 speed=15.75
02-28 09:09:55.544 13511 13544 D NavigationTest: 109: (28.017553, -82.414114, 15.750000)	R:false  F:false
02-28 09:09:55.544 13511 13544 D NavServiceProvider: Second to last stop coordinates: 28.039471, -82.416137
02-28 09:09:55.545 13511 13544 D NavServiceProvider: Setting units automatically
02-28 09:09:55.546 13511 13544 D NavServiceProvider: Detecting stop. distance_d=2421.1873. stop_type=1 speed=15.75
02-28 09:09:55.546 13511 13544 D NavigationTest: 110: (28.017697, -82.414113, 15.750000)	R:false  F:false
02-28 09:09:55.546 13511 13544 D NavigationTest: 111: (28.017697, -82.414113, 15.750000)	R:false  F:false
02-28 09:09:55.546 13511 13544 D NavServiceProvider: Second to last stop coordinates: 28.039471, -82.416137
02-28 09:09:55.546 13511 13544 D NavServiceProvider: Setting units automatically
02-28 09:09:55.547 13511 13544 D NavServiceProvider: Detecting stop. distance_d=2406.1428. stop_type=1 speed=15.75
02-28 09:09:55.547 13511 13544 D NavigationTest: 112: (28.017833, -82.414116, 15.750000)	R:false  F:false
02-28 09:09:55.547 13511 13544 D NavigationTest: 113: (28.017833, -82.414116, 15.750000)	R:false  F:false
02-28 09:09:55.547 13511 13544 D NavServiceProvider: Second to last stop coordinates: 28.039471, -82.416137
02-28 09:09:55.547 13511 13544 D NavServiceProvider: Setting units automatically
02-28 09:09:55.548 13511 13544 D NavServiceProvider: Detecting stop. distance_d=2390.522. stop_type=1 speed=16.0
02-28 09:09:55.549 13511 13544 D NavigationTest: 114: (28.017974, -82.414122, 16.000000)	R:false  F:false
02-28 09:09:55.549 13511 13544 D NavServiceProvider: Second to last stop coordinates: 28.039471, -82.416137
02-28 09:09:55.549 13511 13544 D NavServiceProvider: Setting units automatically
02-28 09:09:55.550 13511 13544 D NavServiceProvider: Detecting stop. distance_d=2375.5884. stop_type=1 speed=15.75
02-28 09:09:55.550 13511 13544 D NavigationTest: 115: (28.018109, -82.414125, 15.750000)	R:false  F:false
02-28 09:09:55.550 13511 13544 D NavigationTest: 116: (28.018109, -82.414125, 15.750000)	R:false  F:false
02-28 09:09:55.550 13511 13544 D NavServiceProvider: Second to last stop coordinates: 28.039471, -82.416137
02-28 09:09:55.550 13511 13544 D NavServiceProvider: Setting units automatically
02-28 09:09:55.551 13511 13544 D NavServiceProvider: Detecting stop. distance_d=2358.7615. stop_type=1 speed=16.5
02-28 09:09:55.551 13511 13544 D NavigationTest: 117: (28.018261, -82.414130, 16.500000)	R:false  F:false
02-28 09:09:55.551 13511 13544 D NavServiceProvider: Second to last stop coordinates: 28.039471, -82.416137
02-28 09:09:55.552 13511 13544 D NavServiceProvider: Setting units automatically
02-28 09:09:55.553 13511 13544 D NavServiceProvider: Detecting stop. distance_d=2341.9268. stop_type=1 speed=17.0
02-28 09:09:55.553 13511 13544 D NavigationTest: 118: (28.018413, -82.414136, 17.000000)	R:false  F:false
02-28 09:09:55.553 13511 13544 D NavigationTest: 119: (28.018413, -82.414136, 17.000000)	R:false  F:false
02-28 09:09:55.553 13511 13544 D NavServiceProvider: Second to last stop coordinates: 28.039471, -82.416137
02-28 09:09:55.553 13511 13544 D NavServiceProvider: Setting units automatically
02-28 09:09:55.554 13511 13544 D NavServiceProvider: Detecting stop. distance_d=2323.381. stop_type=1 speed=17.75
02-28 09:09:55.554 13511 13544 D NavigationTest: 120: (28.018579, -82.414162, 17.750000)	R:false  F:false
02-28 09:09:55.554 13511 13544 D NavigationTest: 121: (28.018579, -82.414162, 17.750000)	R:false  F:false
02-28 09:09:55.554 13511 13544 D NavServiceProvider: Second to last stop coordinates: 28.039471, -82.416137
02-28 09:09:55.555 13511 13544 D NavServiceProvider: Setting units automatically
02-28 09:09:55.555 13511 13544 D NavServiceProvider: Detecting stop. distance_d=2303.217. stop_type=1 speed=18.25
02-28 09:09:55.556 13511 13544 D NavigationTest: 122: (28.018761, -82.414170, 18.250000)	R:false  F:false
02-28 09:09:55.556 13511 13544 D NavigationTest: 123: (28.018761, -82.414170, 18.250000)	R:false  F:false
02-28 09:09:55.556 13511 13544 D NavServiceProvider: Second to last stop coordinates: 28.039471, -82.416137
02-28 09:09:55.556 13511 13544 D NavServiceProvider: Setting units automatically
02-28 09:09:55.557 13511 13544 D NavServiceProvider: Detecting stop. distance_d=2286.6365. stop_type=1 speed=18.0
02-28 09:09:55.557 13511 13544 D NavigationTest: 124: (28.018911, -82.414172, 18.000000)	R:false  F:false
02-28 09:09:55.557 13511 13544 D NavigationTest: 125: (28.018911, -82.414172, 18.000000)	R:false  F:false
02-28 09:09:55.557 13511 13544 D NavServiceProvider: Second to last stop coordinates: 28.039471, -82.416137
02-28 09:09:55.557 13511 13544 D NavServiceProvider: Setting units automatically
02-28 09:09:55.558 13511 13544 D NavServiceProvider: Detecting stop. distance_d=2268.3525. stop_type=1 speed=17.75
02-28 09:09:55.558 13511 13544 D NavigationTest: 126: (28.019075, -82.414193, 17.750000)	R:false  F:false
02-28 09:09:55.558 13511 13544 D NavServiceProvider: Second to last stop coordinates: 28.039471, -82.416137
02-28 09:09:55.559 13511 13544 D NavServiceProvider: Setting units automatically
02-28 09:09:55.560 13511 13544 D NavServiceProvider: Detecting stop. distance_d=2250.254. stop_type=1 speed=17.5
02-28 09:09:55.560 13511 13544 D NavigationTest: 127: (28.019238, -82.414205, 17.500000)	R:false  F:false
02-28 09:09:55.560 13511 13544 D NavigationTest: 128: (28.019238, -82.414205, 17.500000)	R:false  F:false
02-28 09:09:55.560 13511 13544 D NavServiceProvider: Second to last stop coordinates: 28.039471, -82.416137
02-28 09:09:55.560 13511 13544 D NavServiceProvider: Setting units automatically
02-28 09:09:55.561 13511 13544 D NavServiceProvider: Detecting stop. distance_d=2231.0535. stop_type=1 speed=17.75
02-28 09:09:55.561 13511 13544 D NavigationTest: 129: (28.019410, -82.414230, 17.750000)	R:false  F:false
02-28 09:09:55.561 13511 13544 D NavServiceProvider: Second to last stop coordinates: 28.039471, -82.416137
02-28 09:09:55.561 13511 13544 D NavServiceProvider: Setting units automatically
02-28 09:09:55.562 13511 13544 D NavServiceProvider: Detecting stop. distance_d=2213.1868. stop_type=1 speed=17.25
02-28 09:09:55.562 13511 13544 D NavigationTest: 130: (28.019570, -82.414254, 17.250000)	R:false  F:false
02-28 09:09:55.562 13511 13544 D NavigationTest: 131: (28.019570, -82.414254, 17.250000)	R:false  F:false
02-28 09:09:55.563 13511 13544 D NavServiceProvider: Second to last stop coordinates: 28.039471, -82.416137
02-28 09:09:55.563 13511 13544 D NavServiceProvider: Setting units automatically
02-28 09:09:55.564 13511 13544 D NavServiceProvider: Detecting stop. distance_d=2196.0935. stop_type=1 speed=17.25
02-28 09:09:55.564 13511 13544 D NavigationTest: 132: (28.019723, -82.414278, 17.250000)	R:false  F:false
02-28 09:09:55.564 13511 13544 D NavServiceProvider: Second to last stop coordinates: 28.039471, -82.416137
02-28 09:09:55.564 13511 13544 D NavServiceProvider: Setting units automatically
02-28 09:09:55.565 13511 13544 D NavServiceProvider: Detecting stop. distance_d=2180.3796. stop_type=1 speed=16.25
02-28 09:09:55.565 13511 13544 D NavigationTest: 133: (28.019863, -82.414309, 16.250000)	R:false  F:false
02-28 09:09:55.565 13511 13544 D NavigationTest: 134: (28.019863, -82.414309, 16.250000)	R:false  F:false
02-28 09:09:55.565 13511 13544 D NavServiceProvider: Second to last stop coordinates: 28.039471, -82.416137
02-28 09:09:55.566 13511 13544 D NavServiceProvider: Setting units automatically
02-28 09:09:55.566 13511 13544 D NavServiceProvider: Detecting stop. distance_d=2164.0828. stop_type=1 speed=15.5
02-28 09:09:55.567 13511 13544 D NavigationTest: 135: (28.020008, -82.414344, 15.500000)	R:false  F:false
02-28 09:09:55.567 13511 13544 D NavServiceProvider: Second to last stop coordinates: 28.039471, -82.416137
02-28 09:09:55.567 13511 13544 D NavServiceProvider: Setting units automatically
02-28 09:09:55.568 13511 13544 D NavServiceProvider: Detecting stop. distance_d=2148.2297. stop_type=1 speed=15.25
02-28 09:09:55.568 13511 13544 D NavigationTest: 136: (28.020149, -82.414379, 15.250000)	R:false  F:false
02-28 09:09:55.568 13511 13544 D NavigationTest: 137: (28.020149, -82.414379, 15.250000)	R:false  F:false
02-28 09:09:55.568 13511 13544 D NavServiceProvider: Second to last stop coordinates: 28.039471, -82.416137
02-28 09:09:55.568 13511 13544 D NavServiceProvider: Setting units automatically
02-28 09:09:55.569 13511 13544 D NavServiceProvider: Detecting stop. distance_d=2132.8845. stop_type=1 speed=15.0
02-28 09:09:55.569 13511 13544 D NavigationTest: 138: (28.020285, -82.414420, 15.000000)	R:false  F:false
02-28 09:09:55.570 13511 13544 D NavigationTest: 139: (28.020285, -82.414420, 15.000000)	R:false  F:false
