02-28 09:09:44.481 13511 13544 D NavigationTest: 106: (28.065359, -82.417711, 8.750000)	R:true  F:false
02-28 09:09:44.481 13511 13544 D NavigationTest: 107: (28.065359, -82.417711, 8.750000)	R:true  F:false
02-28 09:09:44.481 13511 13544 D NavServiceProvider: Second to last stop coordinates: 28.066063, -82.419212
02-28 09:09:44.481 13511 13544 D NavServiceProvider: Setting units automatically
02-28 09:09:44.482 13511 13544 D NavServiceProvider: Detecting stop. distance_d=159.68799. stop_type=1 speed=8.5
02-28 09:09:44.483 13511 13544 D NavigationTest: 108: (28.065424, -82.417756, 8.500000)	R:true  F:false
02-28 09:09:44.483 13511 13544 D NavServiceProvider: Second to last stop coordinates: 28.066063, -82.419212
02-28 09:09:44.483 13511 13544 D NavServiceProvider: Setting units automatically
02-28 09:09:44.485 13511 13544 D NavServiceProvider: Detecting stop. distance_d=153.23412. stop_type=1 speed=7.5
02-28 09:09:44.485 13511 13544 D NavigationTest: 109: (28.065481, -82.417798, 7.500000)	R:true  F:false
02-28 09:09:44.485 13511 13544 D NavigationTest: 110: (28.065481, -82.417798, 7.500000)	R:true  F:false
02-28 09:09:44.485 13511 13544 D NavServiceProvider: Second to last stop coordinates: 28.066063, -82.419212
02-28 09:09:44.485 13511 13544 D NavServiceProvider: Setting units automatically
02-28 09:09:44.487 13511 13544 D NavServiceProvider: Detecting stop. distance_d=146.70003. stop_type=1 speed=7.0
02-28 09:09:44.487 13511 13544 D NavigationTest: 111: (28.065534, -82.417844, 7.000000)	R:true  F:false
02-28 09:09:44.487 13511 13544 D NavigationTest: 112: (28.065534, -82.417844, 7.000000)	R:true  F:false
02-28 09:09:44.487 13511 13544 D NavServiceProvider: Second to last stop coordinates: 28.066063, -82.419212
02-28 09:09:44.488 13511 13544 D NavServiceProvider: Setting units automatically
02-28 09:09:44.489 13511 13544 D NavServiceProvider: Detecting stop. distance_d=140.98232. stop_type=1 speed=7.0
02-28 09:09:44.489 13511 13544 D NavigationTest: 113: (28.065587, -82.417882, 7.000000)	R:true  F:false
02-28 09:09:44.489 13511 13544 D NavigationTest: 114: (28.065587, -82.417882, 7.000000)	R:true  F:false
02-28 09:09:44.489 13511 13544 D NavServiceProvider: Second to last stop coordinates: 28.066063, -82.419212
02-28 09:09:44.489 13511 13544 D NavServiceProvider: Setting units automatically
02-28 09:09:44.491 13511 13544 D NavServiceProvider: Detecting stop. distance_d=134.54782. stop_type=1 speed=7.0
02-28 09:09:44.491 13511 13544 D NavigationTest: 115: (28.065633, -82.417932, 7.000000)	R:true  F:false
02-28 09:09:44.491 13511 13544 D NavigationTest: 116: (28.065633, -82.417932, 7.000000)	R:true  F:false
02-28 09:09:44.491 13511 13544 D NavServiceProvider: Second to last stop coordinates: 28.066063, -82.419212
02-28 09:09:44.491 13511 13544 D NavServiceProvider: Setting units automatically
02-28 09:09:44.493 13511 13544 D NavServiceProvider: Detecting stop. distance_d=127.59122. stop_type=1 speed=7.75
02-28 09:09:44.493 13511 13544 D NavigationTest: 117: (28.065698, -82.417981, 7.750000)	R:true  F:false
02-28 09:09:44.493 13511 13544 D NavServiceProvider: Second to last stop coordinates: 28.066063, -82.419212
02-28 09:09:44.493 13511 13544 D NavServiceProvider: Setting units automatically
02-28 09:09:44.494 13511 13544 D NavServiceProvider: Detecting stop. distance_d=120.97902. stop_type=1 speed=8.0
02-28 09:09:44.494 13511 13544 D NavigationTest: 118: (28.065747, -82.418034, 8.000000)	R:true  F:false
02-28 09:09:44.494 13511 13544 D NavigationTest: 119: (28.065747, -82.418034, 8.000000)	R:true  F:false
02-28 09:09:44.494 13511 13544 D NavServiceProvider: Second to last stop coordinates: 28.066063, -82.419212
02-28 09:09:44.495 13511 13544 D NavServiceProvider: Setting units automatically
02-28 09:09:44.496 13511 13544 D NavServiceProvider: Detecting stop. distance_d=113.7646. stop_type=1 speed=7.75
02-28 09:09:44.496 13511 13544 D NavigationTest: 120: (28.065788, -82.418097, 7.750000)	R:true  F:false
02-28 09:09:44.496 13511 13544 D NavServiceProvider: Second to last stop coordinates: 28.066063, -82.419212
02-28 09:09:44.496 13511 13544 D NavServiceProvider: Setting units automatically
02-28 09:09:44.497 13511 13544 D NavServiceProvider: Detecting stop. distance_d=107.07214. stop_type=1 speed=7.75
02-28 09:09:44.498 13511 13544 D NavigationTest: 121: (28.065837, -82.418153, 7.750000)	R:true  F:false
02-28 09:09:44.498 13511 13544 D NavigationTest: 122: (28.065837, -82.418153, 7.750000)	R:true  F:false
02-28 09:09:44.498 13511 13544 D NavServiceProvider: Second to last stop coordinates: 28.066063, -82.419212
02-28 09:09:44.498 13511 13544 D NavServiceProvider: Setting units automatically
02-28 09:09:44.499 13511 13544 D NavServiceProvider: Detecting stop. distance_d=97.793945. stop_type=1 speed=8.0
02-28 09:09:44.499 13511 13544 D NavServiceProvider: Case 1: false
02-28 09:09:44.499 13511 13544 D NavigationTest: 123: (28.065871, -82.418241, 8.000000)	R:true  F:false
02-28 09:09:44.499 13511 13544 D NavigationTest: 124: (28.065871, -82.418241, 8.000000)	R:true  F:false
02-28 09:09:44.499 13511 13544 D NavServiceProvider: Second to last stop coordinates: 28.066063, -82.419212
02-28 09:09:44.500 13511 13544 D NavServiceProvider: Setting units automatically
02-28 09:09:44.501 13511 13544 D NavServiceProvider: Detecting stop. distance_d=89.47568. stop_type=1 speed=8.25
02-28 09:09:44.501 13511 13544 D NavigationTest: 125: (28.065916, -82.418317, 8.250000)	R:true  F:false
02-28 09:09:44.501 13511 13544 D NavigationTest: 126: (28.065916, -82.418317, 8.250000)	R:true  F:false
02-28 09:09:44.501 13511 13544 D NavServiceProvider: Second to last stop coordinates: 28.066063, -82.419212
02-28 09:09:44.502 13511 13544 D NavServiceProvider: Setting units automatically
02-28 09:09:44.503 13511 13544 D NavServiceProvider: Detecting stop. distance_d=82.14656. stop_type=1 speed=7.75
02-28 09:09:44.503 13511 13544 D NavigationTest: 127: (28.065945, -82.418387, 7.750000)	R:true  F:false
02-28 09:09:44.503 13511 13544 D NavServiceProvider: Second to last stop coordinates: 28.066063, -82.419212
02-28 09:09:44.503 13511 13544 D NavServiceProvider: Setting units automatically
02-28 09:09:44.505 13511 13544 D NavServiceProvider: Detecting stop. distance_d=72.835. stop_type=1 speed=8.5
02-28 09:09:44.505 13511 13544 D NavigationTest: 128: (28.065980, -82.418477, 8.500000)	R:true  F:false
02-28 09:09:44.505 13511 13544 D NavigationTest: 129: (28.065980, -82.418477, 8.500000)	R:true  F:false
02-28 09:09:44.505 13511 13544 D NavServiceProvider: Second to last stop coordinates: 28.066063, -82.419212
02-28 09:09:44.505 13511 13544 D NavServiceProvider: Setting units automatically
02-28 09:09:44.506 13511 13544 D NavServiceProvider: Detecting stop. distance_d=62.51783. stop_type=1 speed=8.0
02-28 09:09:44.506 13511 13544 D NavigationTest: 130: (28.066000, -82.418580, 8.000000)	R:true  F:false
02-28 09:09:44.506 13511 13544 D NavigationTest: 131: (28.066000, -82.418580, 8.000000)	R:true  F:false
02-28 09:09:44.506 13511 13544 D NavServiceProvider: Second to last stop coordinates: 28.066063, -82.419212
02-28 09:09:44.507 13511 13544 D NavServiceProvider: Setting units automatically
02-28 09:09:44.508 13511 13544 D NavServiceProvider: Detecting stop. distance_d=54.765232. stop_type=1 speed=8.0
02-28 09:09:44.508 13511 13544 D NavigationTest: 132: (28.066020, -82.418657, 8.000000)	R:true  F:false
02-28 09:09:44.508 13511 13544 D NavServiceProvider: Second to last stop coordinates: 28.066063, -82.419212
02-28 09:09:44.508 13511 13544 D NavServiceProvider: Setting units automatically
02-28 09:09:44.509 13511 13544 D NavServiceProvider: Detecting stop. distance_d=46.66761. stop_type=1 speed=6.25
02-28 09:09:44.509 13511 13544 D NavServiceProvider: Case 2: false
02-28 09:09:44.509 13511 13544 D NavigationTest: 133: (28.066027, -82.418739, 6.250000)	R:true  F:false
02-28 09:09:44.509 13511 13544 D NavigationTest: 134: (28.066027, -82.418739, 6.250000)	R:true  F:false
02-28 09:09:44.509 13511 13544 D NavServiceProvider: Second to last stop coordinates: 28.066063, -82.419212
02-28 09:09:44.510 13511 13544 D NavServiceProvider: Setting units automatically
02-28 09:09:44.511 13511 13544 D NavServiceProvider: Detecting stop. distance_d=39.89228. stop_type=1 speed=5.0
02-28 09:09:44.511 13511 13544 D NavigationTest: 135: (28.066029, -82.418808, 5.000000)	R:true  F:false
02-28 09:09:44.511 13511 13544 D NavigationTest: 136: (28.066029, -82.418808, 5.000000)	R:true  F:false
02-28 09:09:44.511 13511 13544 D NavServiceProvider: Second to last stop coordinates: 28.066063, -82.419212
02-28 09:09:44.512 13511 13544 D NavServiceProvider: Setting units automatically
02-28 09:09:44.513 13511 13544 D NavServiceProvider: Detecting stop. distance_d=35.055157. stop_type=1 speed=5.0
02-28 09:09:44.513 13511 13544 D NavigationTest: 137: (28.066033, -82.418857, 5.000000)	R:true  F:false
02-28 09:09:44.513 13511 13544 D NavServiceProvider: Second to last stop coordinates: 28.066063, -82.419212
02-28 09:09:44.513 13511 13544 D NavServiceProvider: Setting units automatically
02-28 09:09:44.514 13511 13544 D NavServiceProvider: Detecting stop. distance_d=38.57014. stop_type=1 speed=1.0
02-28 09:09:44.515 13511 13544 D NavigationTest: 138: (28.066034, -82.418821, 1.000000)	R:true  F:false
02-28 09:09:44.515 13511 13544 D NavigationTest: 139: (28.066034, -82.418821, 1.000000)	R:true  F:false
02-28 09:09:44.515 13511 13544 D NavigationTest: 140: (28.066034, -82.418821, 1.000000)	R:true  F:false
02-28 09:09:44.515 13511 13544 D NavServiceProvider: Second to last stop coordinates: 28.066063, -82.419212
02-28 09:09:44.515 13511 13544 D NavServiceProvider: Setting units automatically
02-28 09:09:44.516 13511 13544 D NavServiceProvider: Detecting stop. distance_d=37.306526. stop_type=1 speed=0.5
02-28 09:09:44.516 13511 13544 D NavigationTest: 141: (28.066033, -82.418834, 0.500000)	R:true  F:false
02-28 09:09:44.516 13511 13544 D NavServiceProvider: Second to last stop coordinates: 28.066063, -82.419212
02-28 09:09:44.517 13511 13544 D NavServiceProvider: Setting units automatically
02-28 09:09:44.518 13511 13544 D NavServiceProvider: Detecting stop. distance_d=38.00181. stop_type=1 speed=0.0
02-28 09:09:44.518 13511 13544 D NavigationTest: 142: (28.066032, -82.418827, 0.000000)	R:true  F:false
02-28 09:09:44.518 13511 13544 D NavigationTest: 143: (28.066032, -82.418827, 0.000000)	R:true  F:false
02-28 09:09:44.518 13511 13544 D NavServiceProvider: Second to last stop coordinates: 28.066063, -82.419212
02-28 09:09:44.518 13511 13544 D NavServiceProvider: Setting units automatically
02-28 09:09:44.520 13511 13544 D NavServiceProvider: Detecting stop. distance_d=38.295513. stop_type=1 speed=0.0
02-28 09:09:44.520 13511 13544 D NavigationTest: 144: (28.066032, -82.418824, 0.000000)	R:true  F:false
02-28 09:09:44.520 13511 13544 D NavServiceProvider: Second to last stop coordinates: 28.066063, -82.419212
02-28 09:09:44.520 13511 13544 D NavServiceProvider: Setting units automatically
02-28 09:09:44.522 13511 13544 D NavServiceProvider: Detecting stop. distance_d=38.80533. stop_type=1 speed=0.0
02-28 09:09:44.522 13511 13544 D NavigationTest: 145: (28.066030, -82.418819, 0.000000)	R:true  F:false
02-28 09:09:44.522 13511 13544 D NavigationTest: 146: (28.066030, -82.418819, 0.000000)	R:true  F:false
02-28 09:09:44.522 13511 13544 D NavServiceProvider: Second to last stop coordinates: 28.066063, -82.419212
02-28 09:09:44.522 13511 13544 D NavServiceProvider: Setting units automatically
02-28 09:09:44.524 13511 13544 D NavServiceProvider: Detecting stop. distance_d=38.80533. stop_type=1 speed=0.0
02-28 09:09:44.524 13511 13544 D NavigationTest: 147: (28.066030, -82.418819, 0.000000)	R:true  F:false
02-28 09:09:44.524 13511 13544 D NavServiceProvider: Second to last stop coordinates: 28.066063, -82.419212
02-28 09:09:44.524 13511 13544 D NavServiceProvider: Setting units automatically
02-28 09:09:44.525 13511 13544 D NavServiceProvider: Detecting stop. distance_d=38.80533. stop_type=1 speed=0.0
02-28 09:09:44.525 13511 13544 D NavigationTest: 148: (28.066030, -82.418819, 0.000000)	R:true  F:false
02-28 09:09:44.525 13511 13544 D NavigationTest: 149: (28.066030, -82.418819, 0.000000)	R:true  F:false
02-28 09:09:44.525 13511 13544 D NavServiceProvider: Second to last stop coordinates: 28.066063, -82.419212
02-28 09:09:44.526 13511 13544 D NavServiceProvider: Setting units automatically
02-28 09:09:44.527 13511 13544 D NavServiceProvider: Detecting stop. distance_d=38.522427. stop_type=1 speed=0.0
02-28 09:09:44.527 13511 13544 D NavigationTest: 150: (28.066029, -82.418822, 0.000000)	R:true  F:false
02-28 09:09:44.527 13511 13544 D NavigationTest: 151: (28.066029, -82.418822, 0.000000)	R:true  F:false
02-28 09:09:44.527 13511 13544 D NavServiceProvider: Second to last stop coordinates: 28.066063, -82.419212
02-28 09:09:44.527 13511 13544 D NavServiceProvider: Setting units automatically
02-28 09:09:44.528 13511 13544 D NavServiceProvider: Detecting stop. distance_d=38.305614. stop_type=1 speed=0.0
02-28 09:09:44.529 13511 13544 D NavigationTest: 152: (28.066031, -82.418824, 0.000000)	R:true  F:false
02-28 09:09:44.529 13511 13544 D NavServiceProvider: Second to last stop coordinates: 28.066063, -82.419212
02-28 09:09:44.529 13511 13544 D NavServiceProvider: Setting units automatically
02-28 09:09:44.530 13511 13544 D NavServiceProvider: Detecting stop. distance_d=38.10986. stop_type=1 speed=0.0
02-28 09:09:44.530 13511 13544 D NavigationTest: 153: (28.066031, -82.418826, 0.000000)	R:true  F:false
02-28 09:09:44.530 13511 13544 D NavigationTest: 154: (28.066031, -82.418826, 0.000000)	R:true  F:false
02-28 09:09:44.531 13511 13544 D NavServiceProvider: Second to last stop coordinates: 28.066063, -82.419212
02-28 09:09:44.531 13511 13544 D NavServiceProvider: Setting units automatically
02-28 09:09:44.533 13511 13544 D NavServiceProvider: Detecting stop. distance_d=37.903908. stop_type=1 speed=0.0
02-28 09:09:44.533 13511 13544 D NavigationTest: 155: (28.066032, -82.418828, 0.000000)	R:true  F:false
02-28 09:09:44.533 13511 13544 D NavServiceProvider: Second to last stop coordinates: 28.066063, -82.419212
02-28 09:09:44.533 13511 13544 D NavServiceProvider: Setting units automatically
02-28 09:09:44.535 13511 13544 D NavServiceProvider: Detecting stop. distance_d=37.816246. stop_type=1 speed=0.0
02-28 09:09:44.535 13511 13544 D NavigationTest: 156: (28.066031, -82.418829, 0.000000)	R:true  F:false
02-28 09:09:44.535 13511 13544 D NavigationTest: 157: (28.066031, -82.418829, 0.000000)	R:true  F:false
02-28 09:09:44.535 13511 13544 D NavServiceProvider: Second to last stop coordinates: 28.066063, -82.419212
02-28 09:09:44.536 13511 13544 D NavServiceProvider: Setting units automatically
02-28 09:09:44.538 13511 13544 D NavServiceProvider: Detecting stop. distance_d=37.816246. stop_type=1 speed=0.0
02-28 09:09:44.538 13511 13544 D NavigationTest: 158: (28.066031, -82.418829, 0.000000)	R:true  F:false
02-28 09:09:44.538 13511 13544 D NavServiceProvider: Second to last stop coordinates: 28.066063, -82.419212
02-28 09:09:44.538 13511 13544 D NavServiceProvider: Setting units automatically
02-28 09:09:44.539 13511 13544 D NavServiceProvider: Detecting stop. distance_d=37.816246. stop_type=1 speed=0.0
02-28 09:09:44.540 13511 13544 D NavigationTest: 159: (28.066031, -82.418829, 0.000000)	R:true  F:false
02-28 09:09:44.540 13511 13544 D NavigationTest: 160: (28.066031, -82.418829, 0.000000)	R:true  F:false
02-28 09:09:44.540 13511 13544 D NavServiceProvider: Second to last stop coordinates: 28.066063, -82.419212
02-28 09:09:44.540 13511 13544 D NavServiceProvider: Setting units automatically
02-28 09:09:44.542 13511 13544 D NavServiceProvider: Detecting stop. distance_d=37.816246. stop_type=1 speed=0.0
02-28 09:09:44.542 13511 13544 D NavigationTest: 161: (28.066031, -82.418829, 0.000000)	R:true  F:false
02-28 09:09:44.542 13511 13544 D NavigationTest: 162: (28.066031, -82.418829, 0.000000)	R:true  F:false
02-28 09:09:44.542 13511 13544 D NavServiceProvider: Second to last stop coordinates: 28.066063, -82.419212
02-28 09:09:44.542 13511 13544 D NavServiceProvider: Setting units automatically
02-28 09:09:44.544 13511 13544 D NavServiceProvider: Detecting stop. distance_d=37.816246. stop_type=1 speed=0.0
02-28 09:09:44.544 13511 13544 D NavigationTest: 163: (28.066031, -82.418829, 0.000000)	R:true  F:false
02-28 09:09:44.544 13511 13544 D NavServiceProvider: Second to last stop coordinates: 28.066063, -82.419212
02-28 09:09:44.545 13511 13544 D NavServiceProvider: Setting units automatically
02-28 09:09:44.546 13511 13544 D NavServiceProvider: Detecting stop. distance_d=37.21868. stop_type=1 speed=0.75
02-28 09:09:44.546 13511 13544 D NavigationTest: 164: (28.066032, -82.418835, 0.750000)	R:true  F:false
02-28 09:09:44.547 13511 13544 D NavigationTest: 165: (28.066032, -82.418835, 0.750000)	R:true  F:false
02-28 09:09:44.547 13511 13544 D NavServiceProvider: Second to last stop coordinates: 28.066063, -82.419212
02-28 09:09:44.547 13511 13544 D NavServiceProvider: Setting units automatically
02-28 09:09:44.549   871  1408 D audio_hw_primary: adev_get_parameters:vr_audio_mode_on
02-28 09:09:44.549   871  1408 I audio_hw_primary: getting vr mode to 0
02-28 09:09:44.549   871  1408 D audio_hw_primary: adev_get_parameters: exit: returns - vr_audio_mode_on=false
02-28 09:09:44.549 13511 13544 D NavServiceProvider: Detecting stop. distance_d=33.989887. stop_type=1 speed=2.5
02-28 09:09:44.549 13511 13544 D NavigationTest: 166: (28.066032, -82.418868, 2.500000)	R:true  F:false
02-28 09:09:44.549 13511 13544 D NavServiceProvider: Second to last stop coordinates: 28.066063, -82.419212
02-28 09:09:44.549   959  1210 I hash_map_utils: key: 'vr_audio_mode_on' value: ''
02-28 09:09:44.550   959  1210 I AudioPolicyManagerCustom: VR mode is 0, switch to primary output if request is for fast|raw
02-28 09:09:44.550 13511 13544 D NavServiceProvider: Setting units automatically
02-28 09:09:44.550   959  1210 I AudioPolicyManagerCustom: setting force DEEP buffer now
02-28 09:09:44.550   959  1210 D AudioFlinger: Client defaulted notificationFrames to 2048 for frameCount 4096
02-28 09:09:44.551   959  1210 D AF::TrackHandle: OpPlayAudio: track:203 usage:1 not muted
02-28 09:09:44.551 13511 13544 D NavServiceProvider: Detecting stop. distance_d=29.340286. stop_type=1 speed=4.0
02-28 09:09:44.551 13511 13544 D NavigationTest: 167: (28.066029, -82.418916, 4.000000)	R:true  F:false
02-28 09:09:44.552 13511 13544 D NavigationTest: 168: (28.066029, -82.418916, 4.000000)	R:true  F:false
02-28 09:09:44.552 13511 13544 D NavServiceProvider: Second to last stop coordinates: 28.066063, -82.419212
02-28 09:09:44.552 13511 13544 D NavServiceProvider: Setting units automatically
02-28 09:09:44.553 13511 13544 D NavServiceProvider: Detecting stop. distance_d=25.550987. stop_type=1 speed=5.25
02-28 09:09:44.553 13511 13544 D NavigationTest: 169: (28.066035, -82.418954, 5.250000)	R:true  F:false
02-28 09:09:44.553 13511 13544 D NavigationTest: 170: (28.066035, -82.418954, 5.250000)	R:true  F:false
02-28 09:09:44.553 13511 13544 D NavServiceProvider: Second to last stop coordinates: 28.066063, -82.419212
02-28 09:09:44.554 13511 13544 D NavServiceProvider: Setting units automatically
02-28 09:09:44.555 13511 13544 D NavServiceProvider: Detecting stop. distance_d=18.16458. stop_type=1 speed=6.75
02-28 09:09:44.555 13511 13544 D NavServiceProvider: Case 3: false
02-28 09:09:44.555 13511 13544 D NavigationTest: 171: (28.066030, -82.419031, 6.750000)	R:true  F:false
02-28 09:09:44.555 13511 13544 D NavigationTest: 172: (28.066030, -82.419031, 6.750000)	R:true  F:false
02-28 09:09:44.555 13511 13544 D NavServiceProvider: Second to last stop coordinates: 28.066063, -82.419212
02-28 09:09:44.556 13511 13544 D NavServiceProvider: Setting units automatically
02-28 09:09:44.557 13511 13544 D NavServiceProvider: Detecting stop. distance_d=10.042845. stop_type=1 speed=7.5
02-28 09:09:44.557 13511 13544 D NavServiceProvider: Case 4: false
02-28 09:09:44.558 13511 13544 D NavigationTest: 173: (28.066032, -82.419116, 7.500000)	R:true  F:false
02-28 09:09:44.558 13511 13544 D NavigationTest: 174: (28.066032, -82.419116, 7.500000)	R:true  F:false
02-28 09:09:44.558 13511 13544 D NavServiceProvider: Second to last stop coordinates: 28.066063, -82.419212
02-28 09:09:44.558  2666  3413 D Avrcp_ext: AudioManager Player: ID:23 -- type:android.media.SoundPool -- u/pid:10126/2688 -- state:idle -- attr:AudioAttributes: usage=USAGE_ASSISTANCE_SONIFICATION content=CONTENT_TYPE_SONIFICATION flags=0x800 tags= bundle=null
02-28 09:09:44.558  2666  3413 D Avrcp_ext: AudioManager Player: ID:15 -- type:android.media.SoundPool -- u/pid:1000/1493 -- state:idle -- attr:AudioAttributes: usage=USAGE_ASSISTANCE_SONIFICATION content=CONTENT_TYPE_SONIFICATION flags=0x800 tags= bundle=null
02-28 09:09:44.558  2666  3413 D Avrcp_ext: AudioManager Player: ID:1215 -- type:android.media.AudioTrack -- u/pid:10088/13579 -- state:started -- attr:AudioAttributes: usage=USAGE_MEDIA content=CONTENT_TYPE_SPEECH flags=0x800 tags= bundle=null
02-28 09:09:44.558  2666  3413 D Avrcp_ext: AudioManager isPlaying: true
02-28 09:09:44.558  2666  3413 V Avrcp_ext: updateCurrentMediaState: mMediaController: null
02-28 09:09:44.558 13511 13544 D NavServiceProvider: Setting units automatically
02-28 09:09:44.558  2666  3413 V Avrcp_ext: isMusicActive: true getBluetoothPlayState: 2
02-28 09:09:44.558  2666  3413 V Avrcp_ext: updateCurrentMediaState: isPlaying = false
02-28 09:09:44.558  2666  3413 V Avrcp_ext: Media update: id -1➡-1? [MediaAttributes: none] : [MediaAttributes: none]
02-28 09:09:44.558  2666  3413 V Avrcp_ext: newPlayStatus:2mReportedPlayStatus:-1
02-28 09:09:44.559  2666  3413 V Avrcp_ext: updatePlaybackState, state: PlaybackState {state=2, position=-1, buffered position=0, speed=0.0, updated=1787889, actions=0, custom actions=[], active item id=-1, error=null} device: null
02-28 09:09:44.559  2666  3413 V Avrcp_ext: Device: no name:
02-28 09:09:44.559  2666  3413 I chatty  : uid=1002(bluetooth) BluetoothAvrcpH identical 3 lines
02-28 09:09:44.559  2666  3413 V Avrcp_ext: Device: no name:
02-28 09:09:44.559  2666  3413 V Avrcp_ext: updatePlayerStateAndPosition, old=PlaybackState {state=2, position=-1, buffered position=0, speed=0.0, updated=1787801, actions=0, custom actions=[], active item id=-1, error=null}, state=PlaybackState {state=2, position=-1, buffered position=0, speed=0.0, updated=1787889, actions=0, custom actions=[], active item id=-1, error=null}
02-28 09:09:44.559  2666  3413 V Avrcp_ext: old state = PlaybackState {state=2, position=-1, buffered position=0, speed=0.0, updated=1787801, actions=0, custom actions=[], active item id=-1, error=null}, new state= PlaybackState {state=2, position=-1, buffered position=0, speed=0.0, updated=1787889, actions=0, custom actions=[], active item id=-1, error=null}
02-28 09:09:44.559  2666  3413 D HeadsetService: getHeadsetService(): returning com.android.bluetooth.hfp.HeadsetService@8a04d28
02-28 09:09:44.559  2666  3413 D HeadsetService:  isAudioOn: The number of audio connected devices 0
02-28 09:09:44.559  2666  3413 D HeadsetService: isScoOrCallActive(): Call Active:falseCall is Ringing:falseSCO is Active:false
02-28 09:09:44.560  2666  3413 D HeadsetService:  isAudioOn: The number of audio connected devices 0
02-28 09:09:44.560  2666  3413 I Avrcp_ext: updatePlayStatusForDevice: device: null
02-28 09:09:44.560  2666  3413 V Avrcp_ext: updatePlaybackState (1): old=PlaybackState {state=2, position=-1, buffered position=0, speed=0.0, updated=1787801, actions=0, custom actions=[], active item id=-1, error=null}(2), new=PlaybackState {state=2, position=-1, buffered position=0, speed=0.0, updated=1787889, actions=0, custom actions=[], active item id=-1, error=null}(2)
02-28 09:09:44.560  2666  3413 I Avrcp_ext: Exit updatePlayStatusForDevice
02-28 09:09:44.560 13511 13544 D NavServiceProvider: Detecting stop. distance_d=3.7074504. stop_type=1 speed=8.5
02-28 09:09:44.560  2666  3413 D HeadsetService:  isAudioOn: The number of audio connected devices 0
02-28 09:09:44.560  2666  3413 D HeadsetService: isScoOrCallActive(): Call Active:falseCall is Ringing:falseSCO is Active:false
02-28 09:09:44.560 13511 13544 D NavigationTest: 175: (28.066031, -82.419201, 8.500000)	R:true  F:false
02-28 09:09:44.560 13511 13544 D NavigationTest: 176: (28.066031, -82.419201, 8.500000)	R:true  F:false
02-28 09:09:44.560 13511 13544 D NavServiceProvider: Second to last stop coordinates: 28.066063, -82.419212
02-28 09:09:44.560 13511 13544 D NavServiceProvider: Setting units automatically
02-28 09:09:44.561  2666  3413 D HeadsetService:  isAudioOn: The number of audio connected devices 0
02-28 09:09:44.561  2666  3413 I Avrcp_ext: updatePlayStatusForDevice: device: null
02-28 09:09:44.561  2666  3413 V Avrcp_ext: updatePlaybackState (1): old=PlaybackState {state=2, position=-1, buffered position=0, speed=0.0, updated=1787801, actions=0, custom actions=[], active item id=-1, error=null}(2), new=PlaybackState {state=2, position=-1, buffered position=0, speed=0.0, updated=1787889, actions=0, custom actions=[], active item id=-1, error=null}(2)
02-28 09:09:44.561  2666  3413 I Avrcp_ext: Exit updatePlayStatusForDevice
02-28 09:09:44.561  2666  3413 D HeadsetService:  isAudioOn: The number of audio connected devices 0
02-28 09:09:44.561  2666  3413 D HeadsetService: isScoOrCallActive(): Call Active:falseCall is Ringing:falseSCO is Active:false
02-28 09:09:44.561  2666  3413 D HeadsetService:  isAudioOn: The number of audio connected devices 0
02-28 09:09:44.561  2666  3413 I Avrcp_ext: updatePlayStatusForDevice: device: null
02-28 09:09:44.561  2666  3413 V Avrcp_ext: updatePlaybackState (1): old=PlaybackState {state=2, position=-1, buffered position=0, speed=0.0, updated=1787801, actions=0, custom actions=[], active item id=-1, error=null}(2), new=PlaybackState {state=2, position=-1, buffered position=0, speed=0.0, updated=1787889, actions=0, custom actions=[], active item id=-1, error=null}(2)
02-28 09:09:44.561  2666  3413 I Avrcp_ext: Exit updatePlayStatusForDevice
02-28 09:09:44.562  2666  3413 D HeadsetService:  isAudioOn: The number of audio connected devices 0
02-28 09:09:44.562  2666  3413 D HeadsetService: isScoOrCallActive(): Call Active:falseCall is Ringing:falseSCO is Active:false
02-28 09:09:44.562  2666  3413 D HeadsetService:  isAudioOn: The number of audio connected devices 0
02-28 09:09:44.562  2666  3413 I Avrcp_ext: updatePlayStatusForDevice: device: null
02-28 09:09:44.562  2666  3413 V Avrcp_ext: updatePlaybackState (1): old=PlaybackState {state=2, position=-1, buffered position=0, speed=0.0, updated=1787801, actions=0, custom actions=[], active item id=-1, error=null}(2), new=PlaybackState {state=2, position=-1, buffered position=0, speed=0.0, updated=1787889, actions=0, custom actions=[], active item id=-1, error=null}(2)
02-28 09:09:44.562  2666  3413 I Avrcp_ext: Exit updatePlayStatusForDevice
02-28 09:09:44.562 13511 13544 D NavServiceProvider: Detecting stop. distance_d=8.677797. stop_type=1 speed=9.0
02-28 09:09:44.562  2666  3413 D HeadsetService:  isAudioOn: The number of audio connected devices 0
02-28 09:09:44.562 13511 13544 D NavigationTest: 177: (28.066034, -82.419294, 9.000000)	R:true  F:false
02-28 09:09:44.562  2666  3413 D HeadsetService: isScoOrCallActive(): Call Active:falseCall is Ringing:falseSCO is Active:false
02-28 09:09:44.562 13511 13544 D NavigationTest: 178: (28.066034, -82.419294, 9.000000)	R:true  F:false
02-28 09:09:44.562 13511 13544 D NavServiceProvider: Second to last stop coordinates: 28.066063, -82.419212
02-28 09:09:44.562  2666  3413 D HeadsetService:  isAudioOn: The number of audio connected devices 0
02-28 09:09:44.562  2666  3413 I Avrcp_ext: updatePlayStatusForDevice: device: null
02-28 09:09:44.562  2666  3413 V Avrcp_ext: updatePlaybackState (1): old=PlaybackState {state=2, position=-1, buffered position=0, speed=0.0, updated=1787801, actions=0, custom actions=[], active item id=-1, error=null}(2), new=PlaybackState {state=2, position=-1, buffered position=0, speed=0.0, updated=1787889, actions=0, custom actions=[], active item id=-1, error=null}(2)
02-28 09:09:44.562  2666  3413 I Avrcp_ext: Exit updatePlayStatusForDevice
02-28 09:09:44.562  2666  3413 D Avrcp_ext: Enter sendPlayPosNotificationRsp
02-28 09:09:44.562  2666  3413 D Avrcp_ext: sendPlayPosNotificationRsp: Not registered or requesting.
02-28 09:09:44.562  2666  3413 D Avrcp_ext: Enter sendPlayPosNotificationRsp
02-28 09:09:44.562  2666  3413 D Avrcp_ext: sendPlayPosNotificationRsp: Not registered or requesting.
02-28 09:09:44.562  2666  3413 D Avrcp_ext: Enter sendPlayPosNotificationRsp
02-28 09:09:44.562  2666  3413 D Avrcp_ext: sendPlayPosNotificationRsp: Not registered or requesting.
02-28 09:09:44.562  2666  3413 D Avrcp_ext: Enter sendPlayPosNotificationRsp
02-28 09:09:44.562  2666  3413 D Avrcp_ext: sendPlayPosNotificationRsp: Not registered or requesting.
02-28 09:09:44.562  2666  3413 D Avrcp_ext: Enter sendPlayPosNotificationRsp
02-28 09:09:44.562  2666  3413 D Avrcp_ext: sendPlayPosNotificationRsp: Not registered or requesting.
02-28 09:09:44.562  2666  3413 V Avrcp_ext: Exit updatePlayerStateAndPosition
02-28 09:09:44.562 13511 13544 D NavServiceProvider: Setting units automatically
02-28 09:09:44.563 13511 13544 D NavServiceProvider: Detecting stop. distance_d=18.685823. stop_type=1 speed=9.75
02-28 09:09:44.563 13511 13544 D NavigationTest: 179: (28.066045, -82.419401, 9.750000)	R:true  F:false
02-28 09:09:44.564 13511 13544 D NavigationTest: 180: (28.066045, -82.419401, 9.750000)	R:true  F:false
02-28 09:09:44.564 13511 13544 D NavServiceProvider: Second to last stop coordinates: 28.066063, -82.419212
02-28 09:09:44.564 13511 13544 D NavServiceProvider: Setting units automatically
02-28 09:09:44.565 13511 13544 D NavServiceProvider: Detecting stop. distance_d=24.575455. stop_type=1 speed=9.75
02-28 09:09:44.565 13511 13544 D NavServiceProvider: Case 5: true
02-28 09:09:44.565 13511 13544 D NavServiceProvider: Proximity Event fired
02-28 09:09:44.565 13511 13544 D NavServiceProvider: Checking if path has more path links left to be navigated
02-28 09:09:44.565 13511 13544 D NavServiceProvider: PathLink index: 0 Number of PathLinks: 1
02-28 09:09:44.565 13511 13544 D NavServiceProvider: %%%%%%N%%%%%%%%% No more PathLinks left in Path %%%%%%%%%%%%%%%%%%%%%
02-28 09:09:44.565 13511 13544 D NavServiceProvider: Got to last stop
02-28 09:09:44.565 13511 13544 D NavServiceProvider: Alert 1 screen before last stop
02-28 09:09:44.565 13511 13544 D NavServiceProvider: Calling destination reached...
02-28 09:09:44.566 13579 13596 D AudioTrack: stop(171): called with 4096 frames delivered
02-28 09:09:44.567 13579 13612 I EventProcessor: synthesizeMarkup call to callback.audioAvailable failed: -1
02-28 09:09:44.568  2666  3413 D Avrcp_ext: AudioManager Player: ID:23 -- type:android.media.SoundPool -- u/pid:10126/2688 -- state:idle -- attr:AudioAttributes: usage=USAGE_ASSISTANCE_SONIFICATION content=CONTENT_TYPE_SONIFICATION flags=0x800 tags= bundle=null
02-28 09:09:44.568  2666  3413 D Avrcp_ext: AudioManager Player: ID:15 -- type:android.media.SoundPool -- u/pid:1000/1493 -- state:idle -- attr:AudioAttributes: usage=USAGE_ASSISTANCE_SONIFICATION content=CONTENT_TYPE_SONIFICATION flags=0x800 tags= bundle=null
02-28 09:09:44.568  2666  3413 D Avrcp_ext: AudioManager Player: ID:1215 -- type:android.media.AudioTrack -- u/pid:10088/13579 -- state:stopped -- attr:AudioAttributes: usage=USAGE_MEDIA content=CONTENT_TYPE_SPEECH flags=0x800 tags= bundle=null
02-28 09:09:44.568  2666  3413 D Avrcp_ext: AudioManager isPlaying: false
02-28 09:09:44.568  2666  3413 V Avrcp_ext: updateCurrentMediaState: mMediaController: null
02-28 09:09:44.568  2666  3413 V Avrcp_ext: isMusicActive: true getBluetoothPlayState: 2
02-28 09:09:44.568  2666  3413 V Avrcp_ext: updateCurrentMediaState: isPlaying = false
02-28 09:09:44.568  2666  3413 V Avrcp_ext: Media update: id -1➡-1? [MediaAttributes: none] : [MediaAttributes: none]
02-28 09:09:44.568  2666  3413 V Avrcp_ext: newPlayStatus:2mReportedPlayStatus:-1
02-28 09:09:44.568  2666  3413 V Avrcp_ext: updatePlaybackState, state: PlaybackState {state=2, position=-1, buffered position=0, speed=0.0, updated=1787899, actions=0, custom actions=[], active item id=-1, error=null} device: null
02-28 09:09:44.568  2666  3413 V Avrcp_ext: Device: no name:
02-28 09:09:44.568  2666  3413 I chatty  : uid=1002(bluetooth) BluetoothAvrcpH identical 3 lines
02-28 09:09:44.568  2666  3413 V Avrcp_ext: Device: no name:
02-28 09:09:44.568  2666  3413 V Avrcp_ext: updatePlayerStateAndPosition, old=PlaybackState {state=2, position=-1, buffered position=0, speed=0.0, updated=1787889, actions=0, custom actions=[], active item id=-1, error=null}, state=PlaybackState {state=2, position=-1, buffered position=0, speed=0.0, updated=1787899, actions=0, custom actions=[], active item id=-1, error=null}
02-28 09:09:44.568  2666  3413 V Avrcp_ext: old state = PlaybackState {state=2, position=-1, buffered position=0, speed=0.0, updated=1787889, actions=0, custom actions=[], active item id=-1, error=null}, new state= PlaybackState {state=2, position=-1, buffered position=0, speed=0.0, updated=1787899, actions=0, custom actions=[], active item id=-1, error=null}
02-28 09:09:44.569  2666  3413 D HeadsetService: getHeadsetService(): returning com.android.bluetooth.hfp.HeadsetService@8a04d28
02-28 09:09:44.569  2666  3413 D HeadsetService:  isAudioOn: The number of audio connected devices 0
02-28 09:09:44.569  2666  3413 D HeadsetService: isScoOrCallActive(): Call Active:falseCall is Ringing:falseSCO is Active:false
02-28 09:09:44.569  2666  3413 D HeadsetService:  isAudioOn: The number of audio connected devices 0
02-28 09:09:44.569  2666  3413 I Avrcp_ext: updatePlayStatusForDevice: device: null
02-28 09:09:44.569  2666  3413 V Avrcp_ext: updatePlaybackState (1): old=PlaybackState {state=2, position=-1, buffered position=0, speed=0.0, updated=1787889, actions=0, custom actions=[], active item id=-1, error=null}(2), new=PlaybackState {state=2, position=-1, buffered position=0, speed=0.0, updated=1787899, actions=0, custom actions=[], active item id=-1, error=null}(2)
02-28 09:09:44.569  2666  3413 I Avrcp_ext: Exit updatePlayStatusForDevice
02-28 09:09:44.569  2666  3413 D HeadsetService:  isAudioOn: The number of audio connected devices 0
02-28 09:09:44.569  2666  3413 D HeadsetService: isScoOrCallActive(): Call Active:falseCall is Ringing:falseSCO is Active:false
02-28 09:09:44.570  2666  3413 D HeadsetService:  isAudioOn: The number of audio connected devices 0
02-28 09:09:44.570  2666  3413 I Avrcp_ext: updatePlayStatusForDevice: device: null
02-28 09:09:44.570  2666  3413 V Avrcp_ext: updatePlaybackState (1): old=PlaybackState {state=2, position=-1, buffered position=0, speed=0.0, updated=1787889, actions=0, custom actions=[], active item id=-1, error=null}(2), new=PlaybackState {state=2, position=-1, buffered position=0, speed=0.0, updated=1787899, actions=0, custom actions=[], active item id=-1, error=null}(2)
02-28 09:09:44.570  2666  3413 I Avrcp_ext: Exit updatePlayStatusForDevice
02-28 09:09:44.570  2666  3413 D HeadsetService:  isAudioOn: The number of audio connected devices 0
02-28 09:09:44.570  2666  3413 D HeadsetService: isScoOrCallActive(): Call Active:falseCall is Ringing:falseSCO is Active:false
02-28 09:09:44.570  2666  3413 D HeadsetService:  isAudioOn: The number of audio connected devices 0
02-28 09:09:44.570  2666  3413 I Avrcp_ext: updatePlayStatusForDevice: device: null
02-28 09:09:44.570  2666  3413 V Avrcp_ext: updatePlaybackState (1): old=PlaybackState {state=2, position=-1, buffered position=0, speed=0.0, updated=1787889, actions=0, custom actions=[], active item id=-1, error=null}(2), new=PlaybackState {state=2, position=-1, buffered position=0, speed=0.0, updated=1787899, actions=0, custom actions=[], active item id=-1, error=null}(2)
02-28 09:09:44.570  2666  3413 I Avrcp_ext: Exit updatePlayStatusForDevice
02-28 09:09:44.570 13579 13612 I GoogleTTSServiceImpl: Synthesis request for locale eng-USA and name en-US-language
02-28 09:09:44.570  2666  3413 D HeadsetService:  isAudioOn: The number of audio connected devices 0
02-28 09:09:44.570  2666  3413 D HeadsetService: isScoOrCallActive(): Call Active:falseCall is Ringing:falseSCO is Active:false
02-28 09:09:44.571 13579 13612 I GoogleTTSServiceImpl: TTS dispatch: en-us-x-iog-seanet-embedded
02-28 09:09:44.572  2666  3413 D HeadsetService:  isAudioOn: The number of audio connected devices 0
02-28 09:09:44.572  2666  3413 I Avrcp_ext: updatePlayStatusForDevice: device: null
02-28 09:09:44.572  2666  3413 V Avrcp_ext: updatePlaybackState (1): old=PlaybackState {state=2, position=-1, buffered position=0, speed=0.0, updated=1787889, actions=0, custom actions=[], active item id=-1, error=null}(2), new=PlaybackState {state=2, position=-1, buffered position=0, speed=0.0, updated=1787899, actions=0, custom actions=[], active item id=-1, error=null}(2)
02-28 09:09:44.572  2666  3413 I Avrcp_ext: Exit updatePlayStatusForDevice
02-28 09:09:44.572  2666  3413 D HeadsetService:  isAudioOn: The number of audio connected devices 0
02-28 09:09:44.572  2666  3413 D HeadsetService: isScoOrCallActive(): Call Active:falseCall is Ringing:falseSCO is Active:false
02-28 09:09:44.573  2666  3413 D HeadsetService:  isAudioOn: The number of audio connected devices 0
02-28 09:09:44.573  2666  3413 I Avrcp_ext: updatePlayStatusForDevice: device: null
02-28 09:09:44.573  2666  3413 V Avrcp_ext: updatePlaybackState (1): old=PlaybackState {state=2, position=-1, buffered position=0, speed=0.0, updated=1787889, actions=0, custom actions=[], active item id=-1, error=null}(2), new=PlaybackState {state=2, position=-1, buffered position=0, speed=0.0, updated=1787899, actions=0, custom actions=[], active item id=-1, error=null}(2)
02-28 09:09:44.573  2666  3413 I Avrcp_ext: Exit updatePlayStatusForDevice
02-28 09:09:44.573  2666  3413 D Avrcp_ext: Enter sendPlayPosNotificationRsp
02-28 09:09:44.573  2666  3413 D Avrcp_ext: sendPlayPosNotificationRsp: Not registered or requesting.
02-28 09:09:44.573  2666  3413 D Avrcp_ext: Enter sendPlayPosNotificationRsp
02-28 09:09:44.573  2666  3413 D Avrcp_ext: sendPlayPosNotificationRsp: Not registered or requesting.
02-28 09:09:44.573  2666  3413 D Avrcp_ext: Enter sendPlayPosNotificationRsp
02-28 09:09:44.573  2666  3413 D Avrcp_ext: sendPlayPosNotificationRsp: Not registered or requesting.
02-28 09:09:44.573  2666  3413 D Avrcp_ext: Enter sendPlayPosNotificationRsp
02-28 09:09:44.573  2666  3413 D Avrcp_ext: sendPlayPosNotificationRsp: Not registered or requesting.
02-28 09:09:44.573  2666  3413 D Avrcp_ext: Enter sendPlayPosNotificationRsp
02-28 09:09:44.573  2666  3413 D Avrcp_ext: sendPlayPosNotificationRsp: Not registered or requesting.
02-28 09:09:44.573  2666  3413 V Avrcp_ext: Exit updatePlayerStateAndPosition
02-28 09:09:44.573  2666  3413 D Avrcp_ext: AudioManager Player: ID:23 -- type:android.media.SoundPool -- u/pid:10126/2688 -- state:idle -- attr:AudioAttributes: usage=USAGE_ASSISTANCE_SONIFICATION content=CONTENT_TYPE_SONIFICATION flags=0x800 tags= bundle=null
02-28 09:09:44.573  2666  3413 D Avrcp_ext: AudioManager Player: ID:15 -- type:android.media.SoundPool -- u/pid:1000/1493 -- state:idle -- attr:AudioAttributes: usage=USAGE_ASSISTANCE_SONIFICATION content=CONTENT_TYPE_SONIFICATION flags=0x800 tags= bundle=null
02-28 09:09:44.573  2666  3413 D Avrcp_ext: AudioManager isPlaying: false
02-28 09:09:44.573 13511 13544 D NavServiceProvider: -----Get off the bus!
02-28 09:09:44.574 13511 13544 D NavigationTest: 181: (28.066063, -82.419462, 9.750000)	R:true  F:true
02-28 09:09:44.574 13511 13544 I System.out: O311C: INFO Log level changed: DEBUG
02-28 09:09:44.574 13511 13544 I System.out: O311C: INFO Dry run mode changed: true
02-28 09:09:44.574 13511 13544 W Application: Open311 issue reporting is in debug/dry run mode - no issues will be submitted.
02-28 09:09:44.575 13511 13544 I System.out: O311C: INFO clearOpen311
02-28 09:09:44.575 13511 13544 I TestRunner: finished: testTrip17(org.onebusaway.android.nav.test.NavigationTest)
