02-28 09:09:54.052 13511 13544 D NavigationTest: 143: (28.038980, -82.541970, 15.000000)	R:false  F:false
02-28 09:09:54.052 13511 13544 D NavigationTest: 144: (28.038980, -82.541970, 15.000000)	R:false  F:false
02-28 09:09:54.052 13511 13544 D NavServiceProvider: Second to last stop coordinates: 28.024847, -82.537339
02-28 09:09:54.052 13511 13544 D NavServiceProvider: Setting units automatically
02-28 09:09:54.053 13511 13544 D NavServiceProvider: Detecting stop. distance_d=1617.8441. stop_type=1 speed=15.5
02-28 09:09:54.053 13511 13544 D NavigationTest: 145: (28.038853, -82.541980, 15.500000)	R:false  F:false
02-28 09:09:54.053 13511 13544 D NavServiceProvider: Second to last stop coordinates: 28.024847, -82.537339
02-28 09:09:54.054 13511 13544 D NavServiceProvider: Setting units automatically
02-28 09:09:54.055 13511 13544 D NavServiceProvider: Detecting stop. distance_d=1601.5682. stop_type=1 speed=16.25
02-28 09:09:54.055 13511 13544 D NavigationTest: 146: (28.038698, -82.541987, 16.250000)	R:false  F:false
02-28 09:09:54.055 13511 13544 D NavigationTest: 147: (28.038698, -82.541987, 16.250000)	R:false  F:false
02-28 09:09:54.055 13511 13544 D NavServiceProvider: Second to last stop coordinates: 28.024847, -82.537339
02-28 09:09:54.055 13511 13544 D NavServiceProvider: Setting units automatically
02-28 09:09:54.056 13511 13544 D NavServiceProvider: Detecting stop. distance_d=1587.0736. stop_type=1 speed=16.25
02-28 09:09:54.056 13511 13544 D NavigationTest: 148: (28.038558, -82.542000, 16.250000)	R:false  F:false
02-28 09:09:54.056 13511 13544 D NavigationTest: 149: (28.038558, -82.542000, 16.250000)	R:false  F:false
02-28 09:09:54.056 13511 13544 D NavServiceProvider: Second to last stop coordinates: 28.024847, -82.537339
02-28 09:09:54.056 13511 13544 D NavServiceProvider: Setting units automatically
02-28 09:09:54.057 13511 13544 D NavServiceProvider: Detecting stop. distance_d=1571.447. stop_type=1 speed=16.75
02-28 09:09:54.057 13511 13544 D NavigationTest: 150: (28.038412, -82.541995, 16.750000)	R:false  F:false
02-28 09:09:54.057 13511 13544 D NavServiceProvider: Second to last stop coordinates: 28.024847, -82.537339
02-28 09:09:54.058 13511 13544 D NavServiceProvider: Setting units automatically
02-28 09:09:54.059 13511 13544 D NavServiceProvider: Detecting stop. distance_d=1556.0244. stop_type=1 speed=16.75
02-28 09:09:54.059 13511 13544 D NavigationTest: 151: (28.038267, -82.541993, 16.750000)	R:false  F:false
02-28 09:09:54.059 13511 13544 D NavigationTest: 152: (28.038267, -82.541993, 16.750000)	R:false  F:false
02-28 09:09:54.059 13511 13544 D NavServiceProvider: Second to last stop coordinates: 28.024847, -82.537339
02-28 09:09:54.059 13511 13544 D NavServiceProvider: Setting units automatically
02-28 09:09:54.060 13511 13544 D NavServiceProvider: Detecting stop. distance_d=1539.1301. stop_type=1 speed=17.0
02-28 09:09:54.060 13511 13544 D NavigationTest: 153: (28.038111, -82.541980, 17.000000)	R:false  F:false
02-28 09:09:54.060 13511 13544 D NavServiceProvider: Second to last stop coordinates: 28.024847, -82.537339
02-28 09:09:54.061 13511 13544 D NavServiceProvider: Setting units automatically
02-28 09:09:54.062 13511 13544 D NavServiceProvider: Detecting stop. distance_d=1523.0245. stop_type=1 speed=17.0
02-28 09:09:54.062 13511 13544 D NavigationTest: 154: (28.037954, -82.541997, 17.000000)	R:false  F:false
02-28 09:09:54.062 13511 13544 D NavigationTest: 155: (28.037954, -82.541997, 17.000000)	R:false  F:false
02-28 09:09:54.062 13511 13544 D NavServiceProvider: Second to last stop coordinates: 28.024847, -82.537339
02-28 09:09:54.062 13511 13544 D NavServiceProvider: Setting units automatically
02-28 09:09:54.063 13511 13544 D NavServiceProvider: Detecting stop. distance_d=1506.461. stop_type=1 speed=17.25
02-28 09:09:54.063 13511 13544 D NavigationTest: 156: (28.037802, -82.541980, 17.250000)	R:false  F:false
02-28 09:09:54.063 13511 13544 D NavigationTest: 157: (28.037802, -82.541980, 17.250000)	R:false  F:false
02-28 09:09:54.063 13511 13544 D NavServiceProvider: Second to last stop coordinates: 28.024847, -82.537339
02-28 09:09:54.063 13511 13544 D NavServiceProvider: Setting units automatically
02-28 09:09:54.064 13511 13544 D NavServiceProvider: Detecting stop. distance_d=1490.7031. stop_type=1 speed=17.25
02-28 09:09:54.064 13511 13544 D NavigationTest: 158: (28.037653, -82.541979, 17.250000)	R:false  F:false
02-28 09:09:54.064 13511 13544 D NavServiceProvider: Second to last stop coordinates: 28.024847, -82.537339
02-28 09:09:54.065 13511 13544 D NavServiceProvider: Setting units automatically
02-28 09:09:54.066 13511 13544 D NavServiceProvider: Detecting stop. distance_d=1473.6973. stop_type=1 speed=17.5
02-28 09:09:54.066 13511 13544 D NavigationTest: 159: (28.037492, -82.541978, 17.500000)	R:false  F:false
02-28 09:09:54.066 13511 13544 D NavigationTest: 160: (28.037492, -82.541978, 17.500000)	R:false  F:false
02-28 09:09:54.066 13511 13544 D NavServiceProvider: Second to last stop coordinates: 28.024847, -82.537339
02-28 09:09:54.066 13511 13544 D NavServiceProvider: Setting units automatically
02-28 09:09:54.067 13511 13544 D NavServiceProvider: Detecting stop. distance_d=1458.3181. stop_type=1 speed=17.25
02-28 09:09:54.067 13511 13544 D NavigationTest: 161: (28.037355, -82.541947, 17.250000)	R:false  F:false
02-28 09:09:54.067 13511 13544 D NavigationTest: 162: (28.037355, -82.541947, 17.250000)	R:false  F:false
02-28 09:09:54.067 13511 13544 D NavServiceProvider: Second to last stop coordinates: 28.024847, -82.537339
02-28 09:09:54.068 13511 13544 D NavServiceProvider: Setting units automatically
02-28 09:09:54.069 13511 13544 D NavServiceProvider: Detecting stop. distance_d=1440.1635. stop_type=1 speed=18.0
02-28 09:09:54.069 13511 13544 D NavigationTest: 163: (28.037184, -82.541942, 18.000000)	R:false  F:false
02-28 09:09:54.069 13511 13544 D NavServiceProvider: Second to last stop coordinates: 28.024847, -82.537339
02-28 09:09:54.069 13511 13544 D NavServiceProvider: Setting units automatically
02-28 09:09:54.070 13511 13544 D NavServiceProvider: Detecting stop. distance_d=1422.6829. stop_type=1 speed=18.25
02-28 09:09:54.070 13511 13544 D NavigationTest: 164: (28.037021, -82.541931, 18.250000)	R:false  F:false
02-28 09:09:54.070 13511 13544 D NavigationTest: 165: (28.037021, -82.541931, 18.250000)	R:false  F:false
02-28 09:09:54.070 13511 13544 D NavServiceProvider: Second to last stop coordinates: 28.024847, -82.537339
02-28 09:09:54.070 13511 13544 D NavServiceProvider: Setting units automatically
02-28 09:09:54.071 13511 13544 D NavServiceProvider: Detecting stop. distance_d=1403.3098. stop_type=1 speed=18.5
02-28 09:09:54.071 13511 13544 D NavigationTest: 166: (28.036835, -82.541936, 18.500000)	R:false  F:false
02-28 09:09:54.072 13511 13544 D NavigationTest: 167: (28.036835, -82.541936, 18.500000)	R:false  F:false
02-28 09:09:54.072 13511 13544 D NavServiceProvider: Second to last stop coordinates: 28.024847, -82.537339
02-28 09:09:54.072 13511 13544 D NavServiceProvider: Setting units automatically
02-28 09:09:54.073 13511 13544 D NavServiceProvider: Detecting stop. distance_d=1387.8102. stop_type=1 speed=17.75
02-28 09:09:54.073 13511 13544 D NavigationTest: 168: (28.036696, -82.541907, 17.750000)	R:false  F:false
02-28 09:09:54.073 13511 13544 D NavigationTest: 169: (28.036696, -82.541907, 17.750000)	R:false  F:false
02-28 09:09:54.073 13511 13544 D NavServiceProvider: Second to last stop coordinates: 28.024847, -82.537339
02-28 09:09:54.073 13511 13544 D NavServiceProvider: Setting units automatically
02-28 09:09:54.074 13511 13544 D NavServiceProvider: Detecting stop. distance_d=1369.3641. stop_type=1 speed=18.5
02-28 09:09:54.074 13511 13544 D NavigationTest: 170: (28.036515, -82.541923, 18.500000)	R:false  F:false
02-28 09:09:54.074 13511 13544 D NavServiceProvider: Second to last stop coordinates: 28.024847, -82.537339
02-28 09:09:54.075 13511 13544 D NavServiceProvider: Setting units automatically
02-28 09:09:54.076 13511 13544 D NavServiceProvider: Detecting stop. distance_d=1350.896. stop_type=1 speed=18.75
02-28 09:09:54.076 13511 13544 D NavigationTest: 171: (28.036349, -82.541889, 18.750000)	R:false  F:false
02-28 09:09:54.076 13511 13544 D NavigationTest: 172: (28.036349, -82.541889, 18.750000)	R:false  F:false
02-28 09:09:54.076 13511 13544 D NavServiceProvider: Second to last stop coordinates: 28.024847, -82.537339
02-28 09:09:54.076 13511 13544 D NavServiceProvider: Setting units automatically
02-28 09:09:54.077 13511 13544 D NavServiceProvider: Detecting stop. distance_d=1330.9924. stop_type=1 speed=18.5
02-28 09:09:54.077 13511 13544 D NavigationTest: 173: (28.036167, -82.541862, 18.500000)	R:false  F:false
02-28 09:09:54.077 13511 13544 D NavServiceProvider: Second to last stop coordinates: 28.024847, -82.537339
02-28 09:09:54.077 13511 13544 D NavServiceProvider: Setting units automatically
02-28 09:09:54.078 13511 13544 D NavServiceProvider: Detecting stop. distance_d=1312.3644. stop_type=1 speed=18.5
02-28 09:09:54.078 13511 13544 D NavigationTest: 174: (28.035999, -82.541829, 18.500000)	R:false  F:false
02-28 09:09:54.078 13511 13544 D NavigationTest: 175: (28.035999, -82.541829, 18.500000)	R:false  F:false
02-28 09:09:54.078 13511 13544 D NavServiceProvider: Second to last stop coordinates: 28.024847, -82.537339
02-28 09:09:54.079 13511 13544 D NavServiceProvider: Setting units automatically
02-28 09:09:54.080 13511 13544 D NavServiceProvider: Detecting stop. distance_d=1292.9102. stop_type=1 speed=18.5
02-28 09:09:54.080 13511 13544 D NavigationTest: 176: (28.035823, -82.541796, 18.500000)	R:false  F:false
02-28 09:09:54.080 13511 13544 D NavServiceProvider: Second to last stop coordinates: 28.024847, -82.537339
02-28 09:09:54.080 13511 13544 D NavServiceProvider: Setting units automatically
02-28 09:09:54.081 13511 13544 D NavServiceProvider: Detecting stop. distance_d=1273.3246. stop_type=1 speed=19.25
02-28 09:09:54.081 13511 13544 D NavigationTest: 177: (28.035645, -82.541765, 19.250000)	R:false  F:false
02-28 09:09:54.081 13511 13544 D NavigationTest: 178: (28.035645, -82.541765, 19.250000)	R:false  F:false
02-28 09:09:54.081 13511 13544 D NavigationTest: 179: (28.035645, -82.541765, 19.250000)	R:false  F:false
02-28 09:09:54.081 13511 13544 D NavigationTest: 180: (28.035645, -82.541765, 19.250000)	R:false  F:false
02-28 09:09:54.081 13511 13544 D NavServiceProvider: Second to last stop coordinates: 28.024847, -82.537339
02-28 09:09:54.082 13511 13544 D NavServiceProvider: Setting units automatically
02-28 09:09:54.083 13511 13544 D NavServiceProvider: Detecting stop. distance_d=1255.3792. stop_type=1 speed=19.0
02-28 09:09:54.083 13511 13544 D NavigationTest: 181: (28.035482, -82.541736, 19.000000)	R:false  F:false
02-28 09:09:54.083 13511 13544 D NavServiceProvider: Second to last stop coordinates: 28.024847, -82.537339
02-28 09:09:54.083 13511 13544 D NavServiceProvider: Setting units automatically
02-28 09:09:54.084 13511 13544 D NavServiceProvider: Detecting stop. distance_d=1240.2263. stop_type=1 speed=18.75
02-28 09:09:54.084 13511 13544 D NavigationTest: 182: (28.035351, -82.541691, 18.750000)	R:false  F:false
02-28 09:09:54.084 13511 13544 D NavigationTest: 183: (28.035351, -82.541691, 18.750000)	R:false  F:false
02-28 09:09:54.084 13511 13544 D NavServiceProvider: Second to last stop coordinates: 28.024847, -82.537339
02-28 09:09:54.084 13511 13544 D NavServiceProvider: Setting units automatically
02-28 09:09:54.085 13511 13544 D NavServiceProvider: Detecting stop. distance_d=1221.6726. stop_type=1 speed=19.25
02-28 09:09:54.085 13511 13544 D NavigationTest: 184: (28.035184, -82.541656, 19.250000)	R:false  F:false
02-28 09:09:54.085 13511 13544 D NavigationTest: 185: (28.035184, -82.541656, 19.250000)	R:false  F:false
02-28 09:09:54.085 13511 13544 D NavServiceProvider: Second to last stop coordinates: 28.024847, -82.537339
02-28 09:09:54.086 13511 13544 D NavServiceProvider: Setting units automatically
02-28 09:09:54.087 13511 13544 D NavServiceProvider: Detecting stop. distance_d=1203.1602. stop_type=1 speed=19.5
02-28 09:09:54.087 13511 13544 D NavigationTest: 186: (28.035012, -82.541637, 19.500000)	R:false  F:false
02-28 09:09:54.087 13511 13544 D NavigationTest: 187: (28.035012, -82.541637, 19.500000)	R:false  F:false
02-28 09:09:54.087 13511 13544 D NavServiceProvider: Second to last stop coordinates: 28.024847, -82.537339
02-28 09:09:54.087 13511 13544 D NavServiceProvider: Setting units automatically
02-28 09:09:54.088 13511 13544 D NavServiceProvider: Detecting stop. distance_d=1184.2811. stop_type=1 speed=19.5
02-28 09:09:54.088 13511 13544 D NavigationTest: 188: (28.034844, -82.541595, 19.500000)	R:false  F:false
02-28 09:09:54.088 13511 13544 D NavigationTest: 189: (28.034844, -82.541595, 19.500000)	R:false  F:false
02-28 09:09:54.088 13511 13544 D NavServiceProvider: Second to last stop coordinates: 28.024847, -82.537339
02-28 09:09:54.089 13511 13544 D NavServiceProvider: Setting units automatically
02-28 09:09:54.090 13511 13544 D NavServiceProvider: Detecting stop. distance_d=1163.8342. stop_type=1 speed=20.0
02-28 09:09:54.090 13511 13544 D NavigationTest: 190: (28.034653, -82.541576, 20.000000)	R:false  F:false
02-28 09:09:54.090 13511 13544 D NavServiceProvider: Second to last stop coordinates: 28.024847, -82.537339
02-28 09:09:54.090 13511 13544 D NavServiceProvider: Setting units automatically
02-28 09:09:54.091 13511 13544 D NavServiceProvider: Detecting stop. distance_d=1146.2297. stop_type=1 speed=19.75
02-28 09:09:54.091 13511 13544 D NavigationTest: 191: (28.034506, -82.541508, 19.750000)	R:false  F:false
02-28 09:09:54.091 13511 13544 D NavigationTest: 192: (28.034506, -82.541508, 19.750000)	R:false  F:false
02-28 09:09:54.091 13511 13544 D NavServiceProvider: Second to last stop coordinates: 28.024847, -82.537339
02-28 09:09:54.092 13511 13544 D NavServiceProvider: Setting units automatically
02-28 09:09:54.093 13511 13544 D NavServiceProvider: Detecting stop. distance_d=1125.2482. stop_type=1 speed=19.75
02-28 09:09:54.093 13511 13544 D NavigationTest: 193: (28.034325, -82.541444, 19.750000)	R:false  F:false
02-28 09:09:54.093 13511 13544 D NavServiceProvider: Second to last stop coordinates: 28.024847, -82.537339
02-28 09:09:54.093 13511 13544 D NavServiceProvider: Setting units automatically
02-28 09:09:54.094 13511 13544 D NavServiceProvider: Detecting stop. distance_d=1106.2852. stop_type=1 speed=19.5
02-28 09:09:54.094 13511 13544 D NavigationTest: 194: (28.034157, -82.541399, 19.500000)	R:false  F:false
02-28 09:09:54.094 13511 13544 D NavigationTest: 195: (28.034157, -82.541399, 19.500000)	R:false  F:false
02-28 09:09:54.094 13511 13544 D NavServiceProvider: Second to last stop coordinates: 28.024847, -82.537339
02-28 09:09:54.094 13511 13544 D NavServiceProvider: Setting units automatically
02-28 09:09:54.095 13511 13544 D NavServiceProvider: Detecting stop. distance_d=1087.9761. stop_type=1 speed=18.75
02-28 09:09:54.095 13511 13544 D NavigationTest: 196: (28.033997, -82.541349, 18.750000)	R:false  F:false
02-28 09:09:54.096 13511 13544 D NavigationTest: 197: (28.033997, -82.541349, 18.750000)	R:false  F:false
02-28 09:09:54.096 13511 13544 D NavServiceProvider: Second to last stop coordinates: 28.024847, -82.537339
02-28 09:09:54.096 13511 13544 D NavServiceProvider: Setting units automatically
02-28 09:09:54.097 13511 13544 D NavServiceProvider: Detecting stop. distance_d=1068.6155. stop_type=1 speed=18.5
02-28 09:09:54.097 13511 13544 D NavigationTest: 198: (28.033824, -82.541307, 18.500000)	R:false  F:false
02-28 09:09:54.097 13511 13544 D NavServiceProvider: Second to last stop coordinates: 28.024847, -82.537339
02-28 09:09:54.097 13511 13544 D NavServiceProvider: Setting units automatically
02-28 09:09:54.098 13511 13544 D NavServiceProvider: Detecting stop. distance_d=1050.4542. stop_type=1 speed=18.75
02-28 09:09:54.098 13511 13544 D NavigationTest: 199: (28.033665, -82.541258, 18.750000)	R:false  F:false
02-28 09:09:54.098 13511 13544 D NavigationTest: 200: (28.033665, -82.541258, 18.750000)	R:false  F:false
02-28 09:09:54.098 13511 13544 D NavServiceProvider: Second to last stop coordinates: 28.024847, -82.537339
02-28 09:09:54.099 13511 13544 D NavServiceProvider: Setting units automatically
02-28 09:09:54.100 13511 13544 D NavServiceProvider: Detecting stop. distance_d=1030.8572. stop_type=1 speed=18.5
02-28 09:09:54.100 13511 13544 D NavigationTest: 201: (28.033498, -82.541192, 18.500000)	R:false  F:false
02-28 09:09:54.100 13511 13544 D NavigationTest: 202: (28.033498, -82.541192, 18.500000)	R:false  F:false
02-28 09:09:54.100 13511 13544 D NavServiceProvider: Second to last stop coordinates: 28.024847, -82.537339
02-28 09:09:54.100 13511 13544 D NavServiceProvider: Setting units automatically
02-28 09:09:54.101 13511 13544 D NavServiceProvider: Detecting stop. distance_d=1014.37305. stop_type=1 speed=17.75
02-28 09:09:54.101 13511 13544 D NavigationTest: 203: (28.033364, -82.541118, 17.750000)	R:false  F:false
02-28 09:09:54.101 13511 13544 D NavServiceProvider: Second to last stop coordinates: 28.024847, -82.537339
02-28 09:09:54.101 13511 13544 D NavServiceProvider: Setting units automatically
02-28 09:09:54.102 13511 13544 D NavServiceProvider: Detecting stop. distance_d=996.06433. stop_type=1 speed=18.25
02-28 09:09:54.103 13511 13544 D NavigationTest: 204: (28.033206, -82.541062, 18.250000)	R:false  F:false
02-28 09:09:54.103 13511 13544 D NavigationTest: 205: (28.033206, -82.541062, 18.250000)	R:false  F:false
02-28 09:09:54.103 13511 13544 D NavServiceProvider: Second to last stop coordinates: 28.024847, -82.537339
02-28 09:09:54.103 13511 13544 D NavServiceProvider: Setting units automatically
02-28 09:09:54.104 13511 13544 D NavServiceProvider: Detecting stop. distance_d=978.8905. stop_type=1 speed=18.0
02-28 09:09:54.104 13511 13544 D NavigationTest: 206: (28.033059, -82.541006, 18.000000)	R:false  F:false
02-28 09:09:54.104 13511 13544 D NavigationTest: 207: (28.033059, -82.541006, 18.000000)	R:false  F:false
02-28 09:09:54.104 13511 13544 D NavServiceProvider: Second to last stop coordinates: 28.024847, -82.537339
02-28 09:09:54.104 13511 13544 D NavServiceProvider: Setting units automatically
02-28 09:09:54.105 13511 13544 D NavServiceProvider: Detecting stop. distance_d=958.22845. stop_type=1 speed=17.75
02-28 09:09:54.105 13511 13544 D NavigationTest: 208: (28.032882, -82.540939, 17.750000)	R:false  F:false
02-28 09:09:54.105 13511 13544 D NavigationTest: 209: (28.032882, -82.540939, 17.750000)	R:false  F:false
02-28 09:09:54.105 13511 13544 D NavServiceProvider: Second to last stop coordinates: 28.024847, -82.537339
02-28 09:09:54.106 13511 13544 D NavServiceProvider: Setting units automatically
02-28 09:09:54.107 13511 13544 D NavServiceProvider: Detecting stop. distance_d=940.1499. stop_type=1 speed=17.5
02-28 09:09:54.107 13511 13544 D NavigationTest: 210: (28.032723, -82.540892, 17.500000)	R:false  F:false
02-28 09:09:54.107 13511 13544 D NavigationTest: 211: (28.032723, -82.540892, 17.500000)	R:false  F:false
02-28 09:09:54.107 13511 13544 D NavServiceProvider: Second to last stop coordinates: 28.024847, -82.537339
02-28 09:09:54.107 13511 13544 D NavServiceProvider: Setting units automatically
02-28 09:09:54.108 13511 13544 D NavServiceProvider: Detecting stop. distance_d=921.0873. stop_type=1 speed=18.0
02-28 09:09:54.108 13511 13544 D NavigationTest: 212: (28.032564, -82.540818, 18.000000)	R:false  F:false
02-28 09:09:54.108 13511 13544 D NavServiceProvider: Second to last stop coordinates: 28.024847, -82.537339
02-28 09:09:54.108 13511 13544 D NavServiceProvider: Setting units automatically
02-28 09:09:54.109 13511 13544 D NavServiceProvider: Detecting stop. distance_d=904.3516. stop_type=1 speed=17.75
02-28 09:09:54.110 13511 13544 D NavigationTest: 213: (28.032423, -82.540757, 17.750000)	R:false  F:false
02-28 09:09:54.110 13511 13544 D NavigationTest: 214: (28.032423, -82.540757, 17.750000)	R:false  F:false
02-28 09:09:54.110 13511 13544 D NavigationTest: 215: (28.032423, -82.540757, 17.750000)	R:false  F:false
02-28 09:09:54.110 13511 13544 D NavigationTest: 216: (28.032423, -82.540757, 17.750000)	R:false  F:false
02-28 09:09:54.110 13511 13544 D NavServiceProvider: Second to last stop coordinates: 28.024847, -82.537339
02-28 09:09:54.110 13511 13544 D NavServiceProvider: Setting units automatically
02-28 09:09:54.111 13511 13544 D NavServiceProvider: Detecting stop. distance_d=888.2245. stop_type=1 speed=16.75
02-28 09:09:54.111 13511 13544 D NavigationTest: 217: (28.032284, -82.540707, 16.750000)	R:false  F:false
02-28 09:09:54.111 13511 13544 D NavServiceProvider: Second to last stop coordinates: 28.024847, -82.537339
02-28 09:09:54.111 13511 13544 D NavServiceProvider: Setting units automatically
02-28 09:09:54.112 13511 13544 D NavServiceProvider: Detecting stop. distance_d=870.8581. stop_type=1 speed=17.25
02-28 09:09:54.113 13511 13544 D NavigationTest: 218: (28.032134, -82.540654, 17.250000)	R:false  F:false
02-28 09:09:54.113 13511 13544 D NavigationTest: 219: (28.032134, -82.540654, 17.250000)	R:false  F:false
02-28 09:09:54.113 13511 13544 D NavServiceProvider: Second to last stop coordinates: 28.024847, -82.537339
02-28 09:09:54.113 13511 13544 D NavServiceProvider: Setting units automatically
02-28 09:09:54.114 13511 13544 D NavServiceProvider: Detecting stop. distance_d=852.84564. stop_type=1 speed=18.5
02-28 09:09:54.114 13511 13544 D NavigationTest: 220: (28.031982, -82.540589, 18.500000)	R:false  F:false
02-28 09:09:54.114 13511 13544 D NavigationTest: 221: (28.031982, -82.540589, 18.500000)	R:false  F:false
02-28 09:09:54.114 13511 13544 D NavServiceProvider: Second to last stop coordinates: 28.024847, -82.537339
02-28 09:09:54.114 13511 13544 D NavServiceProvider: Setting units automatically
02-28 09:09:54.115 13511 13544 D NavServiceProvider: Detecting stop. distance_d=831.6785. stop_type=1 speed=18.5
02-28 09:09:54.115 13511 13544 D NavigationTest: 222: (28.031800, -82.540522, 18.500000)	R:false  F:false
02-28 09:09:54.115 13511 13544 D NavigationTest: 223: (28.031800, -82.540522, 18.500000)	R:false  F:false
02-28 09:09:54.115 13511 13544 D NavServiceProvider: Second to last stop coordinates: 28.024847, -82.537339
02-28 09:09:54.116 13511 13544 D NavServiceProvider: Setting units automatically
02-28 09:09:54.117 13511 13544 D NavServiceProvider: Detecting stop. distance_d=813.96655. stop_type=1 speed=18.5
02-28 09:09:54.117 13511 13544 D NavigationTest: 224: (28.031652, -82.540454, 18.500000)	R:false  F:false
02-28 09:09:54.117 13511 13544 D NavigationTest: 225: (28.031652, -82.540454, 18.500000)	R:false  F:false
02-28 09:09:54.117 13511 13544 D NavServiceProvider: Second to last stop coordinates: 28.024847, -82.537339
02-28 09:09:54.117 13511 13544 D NavServiceProvider: Setting units automatically
02-28 09:09:54.118 13511 13544 D NavServiceProvider: Detecting stop. distance_d=794.88074. stop_type=1 speed=18.75
02-28 09:09:54.118 13511 13544 D NavigationTest: 226: (28.031487, -82.540396, 18.750000)	R:false  F:false
02-28 09:09:54.118 13511 13544 D NavServiceProvider: Second to last stop coordinates: 28.024847, -82.537339
02-28 09:09:54.119 13511 13544 D NavServiceProvider: Setting units automatically
02-28 09:09:54.120 13511 13544 D NavServiceProvider: Detecting stop. distance_d=776.4879. stop_type=1 speed=19.0
02-28 09:09:54.120 13511 13544 D NavigationTest: 227: (28.031332, -82.540329, 19.000000)	R:false  F:false
02-28 09:09:54.120 13511 13544 D NavigationTest: 228: (28.031332, -82.540329, 19.000000)	R:false  F:false
02-28 09:09:54.120 13511 13544 D NavServiceProvider: Second to last stop coordinates: 28.024847, -82.537339
02-28 09:09:54.120 13511 13544 D NavServiceProvider: Setting units automatically
02-28 09:09:54.121 13511 13544 D NavServiceProvider: Detecting stop. distance_d=759.475. stop_type=1 speed=18.75
02-28 09:09:54.121 13511 13544 D NavigationTest: 229: (28.031189, -82.540266, 18.750000)	R:false  F:false
02-28 09:09:54.121 13511 13544 D NavServiceProvider: Second to last stop coordinates: 28.024847, -82.537339
02-28 09:09:54.122 13511 13544 D NavServiceProvider: Setting units automatically
02-28 09:09:54.123 13511 13544 D NavServiceProvider: Detecting stop. distance_d=740.374. stop_type=1 speed=19.0
02-28 09:09:54.123 13511 13544 D NavigationTest: 230: (28.031030, -82.540191, 19.000000)	R:false  F:false
02-28 09:09:54.123 13511 13544 D NavigationTest: 231: (28.031030, -82.540191, 19.000000)	R:false  F:false
02-28 09:09:54.123 13511 13544 D NavServiceProvider: Second to last stop coordinates: 28.024847, -82.537339
02-28 09:09:54.123 13511 13544 D NavServiceProvider: Setting units automatically
02-28 09:09:54.124 13511 13544 D NavServiceProvider: Detecting stop. distance_d=722.3079. stop_type=1 speed=19.25
02-28 09:09:54.124 13511 13544 D NavigationTest: 232: (28.030880, -82.540119, 19.250000)	R:false  F:false
02-28 09:09:54.124 13511 13544 D NavServiceProvider: Second to last stop coordinates: 28.024847, -82.537339
02-28 09:09:54.124 13511 13544 D NavServiceProvider: Setting units automatically
02-28 09:09:54.125 13511 13544 D NavServiceProvider: Detecting stop. distance_d=702.955. stop_type=1 speed=19.25
02-28 09:09:54.126 13511 13544 D NavigationTest: 233: (28.030716, -82.540051, 19.250000)	R:false  F:false
02-28 09:09:54.126 13511 13544 D NavigationTest: 234: (28.030716, -82.540051, 19.250000)	R:false  F:false
02-28 09:09:54.126 13511 13544 D NavServiceProvider: Second to last stop coordinates: 28.024847, -82.537339
02-28 09:09:54.126 13511 13544 D NavServiceProvider: Setting units automatically
02-28 09:09:54.127 13511 13544 D NavServiceProvider: Detecting stop. distance_d=683.9949. stop_type=1 speed=19.25
02-28 09:09:54.127 13511 13544 D NavigationTest: 235: (28.030554, -82.539988, 19.250000)	R:false  F:false
02-28 09:09:54.127 13511 13544 D NavigationTest: 236: (28.030554, -82.539988, 19.250000)	R:false  F:false
02-28 09:09:54.127 13511 13544 D NavServiceProvider: Second to last stop coordinates: 28.024847, -82.537339
02-28 09:09:54.127 13511 13544 D NavServiceProvider: Setting units automatically
02-28 09:09:54.128 13511 13544 D NavServiceProvider: Detecting stop. distance_d=664.6166. stop_type=1 speed=19.5
02-28 09:09:54.128 13511 13544 D NavigationTest: 237: (28.030389, -82.539922, 19.500000)	R:false  F:false
02-28 09:09:54.128 13511 13544 D NavigationTest: 238: (28.030389, -82.539922, 19.500000)	R:false  F:false
02-28 09:09:54.129 13511 13544 D NavServiceProvider: Second to last stop coordinates: 28.024847, -82.537339
02-28 09:09:54.129 13511 13544 D NavServiceProvider: Setting units automatically
02-28 09:09:54.130 13511 13544 D NavServiceProvider: Detecting stop. distance_d=644.5772. stop_type=1 speed=20.25
02-28 09:09:54.130 13511 13544 D NavigationTest: 239: (28.030219, -82.539852, 20.250000)	R:false  F:false
02-28 09:09:54.130 13511 13544 D NavigationTest: 240: (28.030219, -82.539852, 20.250000)	R:false  F:false
02-28 09:09:54.130 13511 13544 D NavServiceProvider: Second to last stop coordinates: 28.024847, -82.537339
02-28 09:09:54.130 13511 13544 D NavServiceProvider: Setting units automatically
02-28 09:09:54.131 13511 13544 D NavServiceProvider: Detecting stop. distance_d=622.6264. stop_type=1 speed=20.5
02-28 09:09:54.132 13511 13544 D NavigationTest: 241: (28.030034, -82.539772, 20.500000)	R:false  F:false
02-28 09:09:54.132 13511 13544 D NavigationTest: 242: (28.030034, -82.539772, 20.500000)	R:false  F:false
02-28 09:09:54.132 13511 13544 D NavServiceProvider: Second to last stop coordinates: 28.024847, -82.537339
02-28 09:09:54.132 13511 13544 D NavServiceProvider: Setting units automatically
02-28 09:09:54.133 13511 13544 D NavServiceProvider: Detecting stop. distance_d=602.2329. stop_type=1 speed=20.25
02-28 09:09:54.133 13511 13544 D NavigationTest: 243: (28.029862, -82.539698, 20.250000)	R:false  F:false
02-28 09:09:54.133 13511 13544 D NavServiceProvider: Second to last stop coordinates: 28.024847, -82.537339
02-28 09:09:54.133 13511 13544 D NavServiceProvider: Setting units automatically
02-28 09:09:54.134 13511 13544 D NavServiceProvider: Detecting stop. distance_d=582.1617. stop_type=1 speed=20.0
02-28 09:09:54.135 13511 13544 D NavigationTest: 244: (28.029695, -82.539619, 20.000000)	R:false  F:false
02-28 09:09:54.135 13511 13544 D NavigationTest: 245: (28.029695, -82.539619, 20.000000)	R:false  F:false
02-28 09:09:54.135 13511 13544 D NavServiceProvider: Second to last stop coordinates: 28.024847, -82.537339
02-28 09:09:54.135 13511 13544 D NavServiceProvider: Setting units automatically
02-28 09:09:54.136 13511 13544 D NavServiceProvider: Detecting stop. distance_d=562.06396. stop_type=1 speed=20.0
02-28 09:09:54.136 13511 13544 D NavigationTest: 246: (28.029527, -82.539542, 20.000000)	R:false  F:false
02-28 09:09:54.136 13511 13544 D NavigationTest: 247: (28.029527, -82.539542, 20.000000)	R:false  F:false
02-28 09:09:54.136 13511 13544 D NavServiceProvider: Second to last stop coordinates: 28.024847, -82.537339
02-28 09:09:54.136 13511 13544 D NavServiceProvider: Setting units automatically
02-28 09:09:54.137 13511 13544 D NavServiceProvider: Detecting stop. distance_d=540.7516. stop_type=1 speed=20.75
02-28 09:09:54.137 13511 13544 D NavigationTest: 248: (28.029346, -82.539468, 20.750000)	R:false  F:false
02-28 09:09:54.137 13511 13544 D NavigationTest: 249: (28.029346, -82.539468, 20.750000)	R:false  F:false
02-28 09:09:54.137 13511 13544 D NavServiceProvider: Second to last stop coordinates: 28.024847, -82.537339
02-28 09:09:54.138 13511 13544 D NavServiceProvider: Setting units automatically
02-28 09:09:54.139 13511 13544 D NavServiceProvider: Detecting stop. distance_d=519.8369. stop_type=1 speed=21.0
02-28 09:09:54.139 13511 13544 D NavigationTest: 250: (28.029167, -82.539399, 21.000000)	R:false  F:false
02-28 09:09:54.139 13511 13544 D NavServiceProvider: Second to last stop coordinates: 28.024847, -82.537339
02-28 09:09:54.139 13511 13544 D NavServiceProvider: Setting units automatically
02-28 09:09:54.140 13511 13544 D NavServiceProvider: Detecting stop. distance_d=499.22147. stop_type=1 speed=20.5
02-28 09:09:54.140 13511 13544 D NavigationTest: 251: (28.028989, -82.539335, 20.500000)	R:false  F:false
02-28 09:09:54.140 13511 13544 D NavigationTest: 252: (28.028989, -82.539335, 20.500000)	R:false  F:false
02-28 09:09:54.140 13511 13544 D NavigationTest: 253: (28.028989, -82.539335, 20.500000)	R:false  F:false
02-28 09:09:54.140 13511 13544 D NavServiceProvider: Second to last stop coordinates: 28.024847, -82.537339
02-28 09:09:54.141 13511 13544 D NavServiceProvider: Setting units automatically
02-28 09:09:54.142 13511 13544 D NavServiceProvider: Detecting stop. distance_d=477.1745. stop_type=1 speed=20.5
02-28 09:09:54.142 13511 13544 D NavigationTest: 254: (28.028798, -82.539268, 20.500000)	R:false  F:false
02-28 09:09:54.142 13511 13544 D NavServiceProvider: Second to last stop coordinates: 28.024847, -82.537339
02-28 09:09:54.142 13511 13544 D NavServiceProvider: Setting units automatically
02-28 09:09:54.143 13511 13544 D NavServiceProvider: Detecting stop. distance_d=457.9818. stop_type=1 speed=19.75
02-28 09:09:54.143 13511 13544 D NavigationTest: 255: (28.028635, -82.539201, 19.750000)	R:false  F:false
02-28 09:09:54.143 13511 13544 D NavigationTest: 256: (28.028635, -82.539201, 19.750000)	R:false  F:false
02-28 09:09:54.143 13511 13544 D NavServiceProvider: Second to last stop coordinates: 28.024847, -82.537339
02-28 09:09:54.143 13511 13544 D NavServiceProvider: Setting units automatically
02-28 09:09:54.144 13511 13544 D NavServiceProvider: Detecting stop. distance_d=439.44614. stop_type=1 speed=19.75
02-28 09:09:54.144 13511 13544 D NavigationTest: 257: (28.028480, -82.539130, 19.750000)	R:false  F:false
02-28 09:09:54.145 13511 13544 D NavServiceProvider: Second to last stop coordinates: 28.024847, -82.537339
02-28 09:09:54.145 13511 13544 D NavServiceProvider: Setting units automatically
02-28 09:09:54.146 13511 13544 D NavServiceProvider: Detecting stop. distance_d=419.72055. stop_type=1 speed=19.5
02-28 09:09:54.146 13511 13544 D NavigationTest: 258: (28.028305, -82.539080, 19.500000)	R:false  F:false
02-28 09:09:54.146 13511 13544 D NavigationTest: 259: (28.028305, -82.539080, 19.500000)	R:false  F:false
02-28 09:09:54.146 13511 13544 D NavServiceProvider: Second to last stop coordinates: 28.024847, -82.537339
02-28 09:09:54.146 13511 13544 D NavServiceProvider: Setting units automatically
02-28 09:09:54.147 13511 13544 D NavServiceProvider: Detecting stop. distance_d=400.07812. stop_type=1 speed=19.0
02-28 09:09:54.147 13511 13544 D NavigationTest: 260: (28.028139, -82.539009, 19.000000)	R:false  F:false
02-28 09:09:54.147 13511 13544 D NavigationTest: 261: (28.028139, -82.539009, 19.000000)	R:false  F:false
02-28 09:09:54.147 13511 13544 D NavServiceProvider: Second to last stop coordinates: 28.024847, -82.537339
02-28 09:09:54.148 13511 13544 D NavServiceProvider: Setting units automatically
02-28 09:09:54.148 13511 13544 D NavServiceProvider: Detecting stop. distance_d=380.763. stop_type=1 speed=18.75
02-28 09:09:54.149 13511 13544 D NavigationTest: 262: (28.027975, -82.538941, 18.750000)	R:false  F:false
02-28 09:09:54.149 13511 13544 D NavServiceProvider: Second to last stop coordinates: 28.024847, -82.537339
02-28 09:09:54.149 13511 13544 D NavServiceProvider: Setting units automatically
02-28 09:09:54.150 13511 13544 D NavServiceProvider: Detecting stop. distance_d=363.4086. stop_type=1 speed=18.75
02-28 09:09:54.150 13511 13544 D NavigationTest: 263: (28.027830, -82.538874, 18.750000)	R:false  F:false
02-28 09:09:54.150 13511 13544 D NavigationTest: 264: (28.027830, -82.538874, 18.750000)	R:false  F:false
02-28 09:09:54.150 13511 13544 D NavServiceProvider: Second to last stop coordinates: 28.024847, -82.537339
02-28 09:09:54.150 13511 13544 D NavServiceProvider: Setting units automatically
02-28 09:09:54.151 13511 13544 D NavServiceProvider: Detecting stop. distance_d=346.56924. stop_type=1 speed=18.0
02-28 09:09:54.151 13511 13544 D NavigationTest: 265: (28.027679, -82.538834, 18.000000)	R:false  F:false
02-28 09:09:54.152 13511 13544 D NavigationTest: 266: (28.027679, -82.538834, 18.000000)	R:false  F:false
02-28 09:09:54.152 13511 13544 D NavServiceProvider: Second to last stop coordinates: 28.024847, -82.537339
02-28 09:09:54.152 13511 13544 D NavServiceProvider: Setting units automatically
02-28 09:09:54.153 13511 13544 D NavServiceProvider: Detecting stop. distance_d=330.16547. stop_type=1 speed=17.75
02-28 09:09:54.153 13511 13544 D NavigationTest: 267: (28.027532, -82.538794, 17.750000)	R:false  F:false
02-28 09:09:54.153 13511 13544 D NavServiceProvider: Second to last stop coordinates: 28.024847, -82.537339
02-28 09:09:54.153 13511 13544 D NavServiceProvider: Setting units automatically
02-28 09:09:54.154 13511 13544 D NavServiceProvider: Detecting stop. distance_d=312.274. stop_type=1 speed=17.25
02-28 09:09:54.154 13511 13544 D NavigationTest: 268: (28.027384, -82.538721, 17.250000)	R:false  F:false
02-28 09:09:54.154 13511 13544 D NavigationTest: 269: (28.027384, -82.538721, 17.250000)	R:false  F:false
02-28 09:09:54.154 13511 13544 D NavServiceProvider: Second to last stop coordinates: 28.024847, -82.537339
02-28 09:09:54.155 13511 13544 D NavServiceProvider: Setting units automatically
02-28 09:09:54.156 13511 13544 D NavServiceProvider: Detecting stop. distance_d=298.61713. stop_type=1 speed=16.25
02-28 09:09:54.156 13511 13544 D NavigationTest: 270: (28.027272, -82.538663, 16.250000)	R:false  F:false
02-28 09:09:54.156 13511 13544 D NavigationTest: 271: (28.027272, -82.538663, 16.250000)	R:false  F:false
02-28 09:09:54.156 13511 13544 D NavServiceProvider: Second to last stop coordinates: 28.024847, -82.537339
02-28 09:09:54.156 13511 13544 D NavServiceProvider: Setting units automatically
02-28 09:09:54.157 13511 13544 D NavServiceProvider: Detecting stop. distance_d=283.35904. stop_type=1 speed=15.5
02-28 09:09:54.157 13511 13544 D NavigationTest: 272: (28.027140, -82.538614, 15.500000)	R:false  F:false
02-28 09:09:54.157 13511 13544 D NavigationTest: 273: (28.027140, -82.538614, 15.500000)	R:false  F:false
02-28 09:09:54.157 13511 13544 D NavServiceProvider: Second to last stop coordinates: 28.024847, -82.537339
02-28 09:09:54.158 13511 13544 D NavServiceProvider: Setting units automatically
02-28 09:09:54.160 13511 13544 D NavServiceProvider: Detecting stop. distance_d=265.2771. stop_type=1 speed=14.25
02-28 09:09:54.161 13511 13544 D NavigationTest: 274: (28.026990, -82.538541, 14.250000)	R:false  F:false
02-28 09:09:54.161 13511 13544 D NavigationTest: 275: (28.026990, -82.538541, 14.250000)	R:false  F:false
02-28 09:09:54.161 13511 13544 D NavServiceProvider: Second to last stop coordinates: 28.024847, -82.537339
02-28 09:09:54.161 13511 13544 D NavServiceProvider: Setting units automatically
02-28 09:09:54.162 13511 13544 D NavServiceProvider: Detecting stop. distance_d=251.56934. stop_type=1 speed=13.25
02-28 09:09:54.162 13511 13544 D NavigationTest: 276: (28.026877, -82.538484, 13.250000)	R:false  F:false
02-28 09:09:54.162 13511 13544 D NavServiceProvider: Second to last stop coordinates: 28.024847, -82.537339
02-28 09:09:54.163 13511 13544 D NavServiceProvider: Setting units automatically
02-28 09:09:54.164 13511 13544 D NavServiceProvider: Detecting stop. distance_d=237.36824. stop_type=1 speed=13.0
02-28 09:09:54.164 13511 13544 D NavigationTest: 277: (28.026759, -82.538427, 13.000000)	R:false  F:false
02-28 09:09:54.164 13511 13544 D NavigationTest: 278: (28.026759, -82.538427, 13.000000)	R:false  F:false
02-28 09:09:54.164 13511 13544 D NavServiceProvider: Second to last stop coordinates: 28.024847, -82.537339
02-28 09:09:54.164 13511 13544 D NavServiceProvider: Setting units automatically
02-28 09:09:54.166 13511 13544 D NavServiceProvider: Detecting stop. distance_d=225.26044. stop_type=1 speed=11.75
02-28 09:09:54.166 13511 13544 D NavigationTest: 279: (28.026659, -82.538377, 11.750000)	R:false  F:false
02-28 09:09:54.166 13511 13544 D NavigationTest: 280: (28.026659, -82.538377, 11.750000)	R:false  F:false
02-28 09:09:54.166 13511 13544 D NavServiceProvider: Second to last stop coordinates: 28.024847, -82.537339
02-28 09:09:54.166 13511 13544 D NavServiceProvider: Setting units automatically
02-28 09:09:54.167 13511 13544 D NavServiceProvider: Detecting stop. distance_d=214.84018. stop_type=1 speed=11.0
02-28 09:09:54.167 13511 13544 D NavigationTest: 281: (28.026572, -82.538336, 11.000000)	R:false  F:false
02-28 09:09:54.167 13511 13544 D NavServiceProvider: Second to last stop coordinates: 28.024847, -82.537339
02-28 09:09:54.167 13511 13544 D NavServiceProvider: Setting units automatically
02-28 09:09:54.169 13511 13544 D NavServiceProvider: Detecting stop. distance_d=206.75317. stop_type=1 speed=9.5
02-28 09:09:54.169 13511 13544 D NavigationTest: 282: (28.026505, -82.538303, 9.500000)	R:false  F:false
02-28 09:09:54.169 13511 13544 D NavigationTest: 283: (28.026505, -82.538303, 9.500000)	R:false  F:false
02-28 09:09:54.169 13511 13544 D NavServiceProvider: Second to last stop coordinates: 28.024847, -82.537339
02-28 09:09:54.169 13511 13544 D NavServiceProvider: Setting units automatically
02-28 09:09:54.171 13579 13596 D AudioTrack: stop(193): called with 9856 frames delivered
02-28 09:09:54.171 13579 13612 I SynthesisCache: streamCachedRequest call to callback.audioAvailable failed: -1
02-28 09:09:54.172 13579 13612 I GoogleTTSServiceImpl: Synthesis request for locale eng-USA and name en-US-language
02-28 09:09:54.173 13511 13544 D NavServiceProvider: -----Get ready!
02-28 09:09:54.173 13511 13544 D NavigationTest: 284: (28.026437, -82.538273, 8.750000)	R:true  F:false
02-28 09:09:54.173 13511 13544 D NavServiceProvider: Second to last stop coordinates: 28.024847, -82.537339
02-28 09:09:54.174 13511 13544 D NavServiceProvider: Setting units automatically
02-28 09:09:54.174 13579 13612 I GoogleTTSServiceImpl: TTS dispatch: en-us-x-iog-seanet-embedded
02-28 09:09:54.174  2666  3413 D Avrcp_ext: AudioManager Player: ID:23 -- type:android.media.SoundPool -- u/pid:10126/2688 -- state:idle -- attr:AudioAttributes: usage=USAGE_ASSISTANCE_SONIFICATION content=CONTENT_TYPE_SONIFICATION flags=0x800 tags= bundle=null
02-28 09:09:54.174  2666  3413 D Avrcp_ext: AudioManager Player: ID:15 -- type:android.media.SoundPool -- u/pid:1000/1493 -- state:idle -- attr:AudioAttributes: usage=USAGE_ASSISTANCE_SONIFICATION content=CONTENT_TYPE_SONIFICATION flags=0x800 tags= bundle=null
02-28 09:09:54.174  2666  3413 D Avrcp_ext: AudioManager Player: ID:1391 -- type:android.media.AudioTrack -- u/pid:10088/13579 -- state:stopped -- attr:AudioAttributes: usage=USAGE_MEDIA content=CONTENT_TYPE_SPEECH flags=0x800 tags= bundle=null
02-28 09:09:54.175  2666  3413 D Avrcp_ext: AudioManager isPlaying: false
02-28 09:09:54.175  2666  3413 V Avrcp_ext: updateCurrentMediaState: mMediaController: null
02-28 09:09:54.175 13511 13544 D NavServiceProvider: Detecting stop. distance_d=198.7053. stop_type=1 speed=8.75
02-28 09:09:54.175 13511 13544 D NavigationTest: 284: (28.026437, -82.538273, 8.750000)	R:true  F:false
02-28 09:09:54.175 13511 13544 D NavigationTest: 285: (28.026437, -82.538273, 8.750000)	R:true  F:false
02-28 09:09:54.175 13511 13544 D NavServiceProvider: Second to last stop coordinates: 28.024847, -82.537339
02-28 09:09:54.176 13511 13544 D NavServiceProvider: Setting units automatically
02-28 09:09:54.177 13511 13544 D NavServiceProvider: Detecting stop. distance_d=191.06718. stop_type=1 speed=8.0
02-28 09:09:54.177 13511 13544 D NavigationTest: 286: (28.026375, -82.538239, 8.000000)	R:true  F:false
02-28 09:09:54.177 13511 13544 D NavigationTest: 287: (28.026375, -82.538239, 8.000000)	R:true  F:false
02-28 09:09:54.177 13511 13544 D NavServiceProvider: Second to last stop coordinates: 28.024847, -82.537339
02-28 09:09:54.177 13511 13544 D NavServiceProvider: Setting units automatically
02-28 09:09:54.178  2666  3413 V Avrcp_ext: isMusicActive: true getBluetoothPlayState: 2
02-28 09:09:54.179  2666  3413 V Avrcp_ext: updateCurrentMediaState: isPlaying = false
02-28 09:09:54.179  2666  3413 V Avrcp_ext: Media update: id -1➡-1? [MediaAttributes: none] : [MediaAttributes: none]
02-28 09:09:54.179  2666  3413 V Avrcp_ext: newPlayStatus:2mReportedPlayStatus:-1
02-28 09:09:54.179  2666  3413 V Avrcp_ext: updatePlaybackState, state: PlaybackState {state=2, position=-1, buffered position=0, speed=0.0, updated=1797509, actions=0, custom actions=[], active item id=-1, error=null} device: null
02-28 09:09:54.179  2666  3413 V Avrcp_ext: Device: no name:
02-28 09:09:54.179 13511 13544 D NavServiceProvider: Detecting stop. distance_d=184.53423. stop_type=1 speed=7.75
02-28 09:09:54.179  2666  3413 V Avrcp_ext: Device: no name:
02-28 09:09:54.179  2666  3413 I chatty  : uid=1002(bluetooth) BluetoothAvrcpH identical 2 lines
02-28 09:09:54.179  2666  3413 V Avrcp_ext: Device: no name:
02-28 09:09:54.179 13511 13544 D NavigationTest: 288: (28.026321, -82.538212, 7.750000)	R:true  F:false
02-28 09:09:54.179  2666  3413 V Avrcp_ext: updatePlayerStateAndPosition, old=PlaybackState {state=2, position=-1, buffered position=0, speed=0.0, updated=1797278, actions=0, custom actions=[], active item id=-1, error=null}, state=PlaybackState {state=2, position=-1, buffered position=0, speed=0.0, updated=1797509, actions=0, custom actions=[], active item id=-1, error=null}
02-28 09:09:54.179  2666  3413 V Avrcp_ext: old state = PlaybackState {state=2, position=-1, buffered position=0, speed=0.0, updated=1797278, actions=0, custom actions=[], active item id=-1, error=null}, new state= PlaybackState {state=2, position=-1, buffered position=0, speed=0.0, updated=1797509, actions=0, custom actions=[], active item id=-1, error=null}
02-28 09:09:54.179 13511 13544 D NavigationTest: 289: (28.026321, -82.538212, 7.750000)	R:true  F:false
02-28 09:09:54.179 13511 13544 D NavServiceProvider: Second to last stop coordinates: 28.024847, -82.537339
02-28 09:09:54.179  2666  3413 D HeadsetService: getHeadsetService(): returning com.android.bluetooth.hfp.HeadsetService@8a04d28
02-28 09:09:54.179 13511 13544 D NavServiceProvider: Setting units automatically
02-28 09:09:54.181 13511 13544 D NavServiceProvider: Detecting stop. distance_d=177.95035. stop_type=1 speed=7.0
02-28 09:09:54.181 13511 13544 D NavigationTest: 290: (28.026266, -82.538186, 7.000000)	R:true  F:false
02-28 09:09:54.181 13511 13544 D NavigationTest: 291: (28.026266, -82.538186, 7.000000)	R:true  F:false
02-28 09:09:54.181 13511 13544 D NavServiceProvider: Second to last stop coordinates: 28.024847, -82.537339
02-28 09:09:54.181  2666  3413 D HeadsetService:  isAudioOn: The number of audio connected devices 0
02-28 09:09:54.181  2666  3413 D HeadsetService: isScoOrCallActive(): Call Active:falseCall is Ringing:falseSCO is Active:false
02-28 09:09:54.181 13511 13544 D NavServiceProvider: Setting units automatically
02-28 09:09:54.182  2666  3413 D HeadsetService:  isAudioOn: The number of audio connected devices 0
02-28 09:09:54.182  2666  3413 I Avrcp_ext: updatePlayStatusForDevice: device: null
02-28 09:09:54.182  2666  3413 V Avrcp_ext: updatePlaybackState (1): old=PlaybackState {state=2, position=-1, buffered position=0, speed=0.0, updated=1797278, actions=0, custom actions=[], active item id=-1, error=null}(2), new=PlaybackState {state=2, position=-1, buffered position=0, speed=0.0, updated=1797509, actions=0, custom actions=[], active item id=-1, error=null}(2)
02-28 09:09:54.182  2666  3413 I Avrcp_ext: Exit updatePlayStatusForDevice
02-28 09:09:54.182  2666  3413 D HeadsetService:  isAudioOn: The number of audio connected devices 0
02-28 09:09:54.182  2666  3413 D HeadsetService: isScoOrCallActive(): Call Active:falseCall is Ringing:falseSCO is Active:false
02-28 09:09:54.182  2666  3413 D HeadsetService:  isAudioOn: The number of audio connected devices 0
02-28 09:09:54.182  2666  3413 I Avrcp_ext: updatePlayStatusForDevice: device: null
02-28 09:09:54.182  2666  3413 V Avrcp_ext: updatePlaybackState (1): old=PlaybackState {state=2, position=-1, buffered position=0, speed=0.0, updated=1797278, actions=0, custom actions=[], active item id=-1, error=null}(2), new=PlaybackState {state=2, position=-1, buffered position=0, speed=0.0, updated=1797509, actions=0, custom actions=[], active item id=-1, error=null}(2)
02-28 09:09:54.182  2666  3413 I Avrcp_ext: Exit updatePlayStatusForDevice
02-28 09:09:54.183  2666  3413 D HeadsetService:  isAudioOn: The number of audio connected devices 0
02-28 09:09:54.183  2666  3413 D HeadsetService: isScoOrCallActive(): Call Active:falseCall is Ringing:falseSCO is Active:false
02-28 09:09:54.183 13511 13544 D NavServiceProvider: Detecting stop. distance_d=171.02887. stop_type=1 speed=5.5
02-28 09:09:54.183  2666  3413 D HeadsetService:  isAudioOn: The number of audio connected devices 0
02-28 09:09:54.183  2666  3413 I Avrcp_ext: updatePlayStatusForDevice: device: null
02-28 09:09:54.183 13511 13544 D NavigationTest: 292: (28.026208, -82.538159, 5.500000)	R:true  F:false
02-28 09:09:54.183  2666  3413 V Avrcp_ext: updatePlaybackState (1): old=PlaybackState {state=2, position=-1, buffered position=0, speed=0.0, updated=1797278, actions=0, custom actions=[], active item id=-1, error=null}(2), new=PlaybackState {state=2, position=-1, buffered position=0, speed=0.0, updated=1797509, actions=0, custom actions=[], active item id=-1, error=null}(2)
02-28 09:09:54.183 13511 13544 D NavServiceProvider: Second to last stop coordinates: 28.024847, -82.537339
02-28 09:09:54.183  2666  3413 I Avrcp_ext: Exit updatePlayStatusForDevice
02-28 09:09:54.183  2666  3413 D HeadsetService:  isAudioOn: The number of audio connected devices 0
02-28 09:09:54.183  2666  3413 D HeadsetService: isScoOrCallActive(): Call Active:falseCall is Ringing:falseSCO is Active:false
02-28 09:09:54.183 13511 13544 D NavServiceProvider: Setting units automatically
02-28 09:09:54.183  2666  3413 D HeadsetService:  isAudioOn: The number of audio connected devices 0
02-28 09:09:54.183  2666  3413 I Avrcp_ext: updatePlayStatusForDevice: device: null
02-28 09:09:54.183  2666  3413 V Avrcp_ext: updatePlaybackState (1): old=PlaybackState {state=2, position=-1, buffered position=0, speed=0.0, updated=1797278, actions=0, custom actions=[], active item id=-1, error=null}(2), new=PlaybackState {state=2, position=-1, buffered position=0, speed=0.0, updated=1797509, actions=0, custom actions=[], active item id=-1, error=null}(2)
02-28 09:09:54.183  2666  3413 I Avrcp_ext: Exit updatePlayStatusForDevice
02-28 09:09:54.184  2666  3413 D HeadsetService:  isAudioOn: The number of audio connected devices 0
02-28 09:09:54.184  2666  3413 D HeadsetService: isScoOrCallActive(): Call Active:falseCall is Ringing:falseSCO is Active:false
02-28 09:09:54.184  2666  3413 D HeadsetService:  isAudioOn: The number of audio connected devices 0
02-28 09:09:54.184  2666  3413 I Avrcp_ext: updatePlayStatusForDevice: device: null
02-28 09:09:54.184  2666  3413 V Avrcp_ext: updatePlaybackState (1): old=PlaybackState {state=2, position=-1, buffered position=0, speed=0.0, updated=1797278, actions=0, custom actions=[], active item id=-1, error=null}(2), new=PlaybackState {state=2, position=-1, buffered position=0, speed=0.0, updated=1797509, actions=0, custom actions=[], active item id=-1, error=null}(2)
02-28 09:09:54.184  2666  3413 I Avrcp_ext: Exit updatePlayStatusForDevice
02-28 09:09:54.184  2666  3413 D Avrcp_ext: Enter sendPlayPosNotificationRsp
02-28 09:09:54.184  2666  3413 D Avrcp_ext: sendPlayPosNotificationRsp: Not registered or requesting.
02-28 09:09:54.184  2666  3413 D Avrcp_ext: Enter sendPlayPosNotificationRsp
02-28 09:09:54.184  2666  3413 D Avrcp_ext: sendPlayPosNotificationRsp: Not registered or requesting.
