02-28 09:09:47.958 13511 13544 D NavigationTest: 144: (28.065346, -82.402748, 11.250000)	R:false  F:false
02-28 09:09:47.958 13511 13544 D NavServiceProvider: Second to last stop coordinates: 28.065764, -82.40739
02-28 09:09:47.958 13511 13544 D NavServiceProvider: Setting units automatically
02-28 09:09:47.959 13511 13544 D NavServiceProvider: Detecting stop. distance_d=457.53345. stop_type=1 speed=11.0
02-28 09:09:47.959 13511 13544 D NavigationTest: 145: (28.065440, -82.402750, 11.000000)	R:false  F:false
02-28 09:09:47.959 13511 13544 D NavigationTest: 146: (28.065440, -82.402750, 11.000000)	R:false  F:false
02-28 09:09:47.959 13511 13544 D NavServiceProvider: Second to last stop coordinates: 28.065764, -82.40739
02-28 09:09:47.959 13511 13544 D NavServiceProvider: Setting units automatically
02-28 09:09:47.960 13511 13544 D NavServiceProvider: Detecting stop. distance_d=455.99448. stop_type=1 speed=10.75
02-28 09:09:47.960 13511 13544 D NavigationTest: 147: (28.065527, -82.402759, 10.750000)	R:false  F:false
02-28 09:09:47.961 13511 13544 D NavServiceProvider: Second to last stop coordinates: 28.065764, -82.40739
02-28 09:09:47.961 13511 13544 D NavServiceProvider: Setting units automatically
02-28 09:09:47.962 13511 13544 D NavServiceProvider: Detecting stop. distance_d=455.29016. stop_type=1 speed=10.75
02-28 09:09:47.962 13511 13544 D NavigationTest: 148: (28.065628, -82.402761, 10.750000)	R:false  F:false
02-28 09:09:47.962 13511 13544 D NavigationTest: 149: (28.065628, -82.402761, 10.750000)	R:false  F:false
02-28 09:09:47.962 13511 13544 D NavServiceProvider: Second to last stop coordinates: 28.065764, -82.40739
02-28 09:09:47.962 13511 13544 D NavServiceProvider: Setting units automatically
02-28 09:09:47.963 13511 13544 D NavServiceProvider: Detecting stop. distance_d=454.95682. stop_type=1 speed=10.75
02-28 09:09:47.963 13511 13544 D NavigationTest: 150: (28.065731, -82.402762, 10.750000)	R:false  F:false
02-28 09:09:47.963 13511 13544 D NavigationTest: 151: (28.065731, -82.402762, 10.750000)	R:false  F:false
02-28 09:09:47.963 13511 13544 D NavServiceProvider: Second to last stop coordinates: 28.065764, -82.40739
02-28 09:09:47.964 13511 13544 D NavServiceProvider: Setting units automatically
02-28 09:09:47.965 13511 13544 D NavServiceProvider: Detecting stop. distance_d=455.2009. stop_type=1 speed=10.5
02-28 09:09:47.965 13511 13544 D NavigationTest: 152: (28.065832, -82.402760, 10.500000)	R:false  F:false
02-28 09:09:47.965 13511 13544 D NavigationTest: 153: (28.065832, -82.402760, 10.500000)	R:false  F:false
02-28 09:09:47.965 13511 13544 D NavServiceProvider: Second to last stop coordinates: 28.065764, -82.40739
02-28 09:09:47.965 13511 13544 D NavServiceProvider: Setting units automatically
02-28 09:09:47.966 13511 13544 D NavServiceProvider: Detecting stop. distance_d=455.16766. stop_type=1 speed=10.25
02-28 09:09:47.966 13511 13544 D NavigationTest: 154: (28.065919, -82.402763, 10.250000)	R:false  F:false
02-28 09:09:47.966 13511 13544 D NavServiceProvider: Second to last stop coordinates: 28.065764, -82.40739
02-28 09:09:47.966 13511 13544 D NavServiceProvider: Setting units automatically
02-28 09:09:47.967 13511 13544 D NavServiceProvider: Detecting stop. distance_d=455.63974. stop_type=1 speed=9.75
02-28 09:09:47.967 13511 13544 D NavigationTest: 155: (28.066007, -82.402763, 9.750000)	R:false  F:false
02-28 09:09:47.967 13511 13544 D NavigationTest: 156: (28.066007, -82.402763, 9.750000)	R:false  F:false
02-28 09:09:47.967 13511 13544 D NavServiceProvider: Second to last stop coordinates: 28.065764, -82.40739
02-28 09:09:47.968 13511 13544 D NavServiceProvider: Setting units automatically
02-28 09:09:47.969 13511 13544 D NavServiceProvider: Detecting stop. distance_d=456.85452. stop_type=1 speed=8.75
02-28 09:09:47.969 13511 13544 D NavigationTest: 157: (28.066100, -82.402758, 8.750000)	R:false  F:false
02-28 09:09:47.969 13511 13544 D NavServiceProvider: Second to last stop coordinates: 28.065764, -82.40739
02-28 09:09:47.969 13511 13544 D NavServiceProvider: Setting units automatically
02-28 09:09:47.970 13511 13544 D NavServiceProvider: Detecting stop. distance_d=456.8149. stop_type=1 speed=7.25
02-28 09:09:47.970 13511 13544 D NavigationTest: 158: (28.066156, -82.402764, 7.250000)	R:false  F:false
02-28 09:09:47.970 13511 13544 D NavigationTest: 159: (28.066156, -82.402764, 7.250000)	R:false  F:false
02-28 09:09:47.970 13511 13544 D NavServiceProvider: Second to last stop coordinates: 28.065764, -82.40739
02-28 09:09:47.971 13511 13544 D NavServiceProvider: Setting units automatically
02-28 09:09:47.972 13511 13544 D NavServiceProvider: Detecting stop. distance_d=457.05316. stop_type=1 speed=5.0
02-28 09:09:47.972 13511 13544 D NavigationTest: 160: (28.066178, -82.402764, 5.000000)	R:false  F:false
02-28 09:09:47.972 13511 13544 D NavServiceProvider: Second to last stop coordinates: 28.065764, -82.40739
02-28 09:09:47.972 13511 13544 D NavServiceProvider: Setting units automatically
02-28 09:09:47.973 13511 13544 D NavServiceProvider: Detecting stop. distance_d=458.1548. stop_type=1 speed=3.25
02-28 09:09:47.973 13511 13544 D NavigationTest: 161: (28.066214, -82.402757, 3.250000)	R:false  F:false
02-28 09:09:47.973 13511 13544 D NavigationTest: 162: (28.066214, -82.402757, 3.250000)	R:false  F:false
02-28 09:09:47.973 13511 13544 D NavServiceProvider: Second to last stop coordinates: 28.065764, -82.40739
02-28 09:09:47.974 13511 13544 D NavServiceProvider: Setting units automatically
02-28 09:09:47.975 13511 13544 D NavServiceProvider: Detecting stop. distance_d=458.25348. stop_type=1 speed=1.5
02-28 09:09:47.975 13511 13544 D NavigationTest: 163: (28.066230, -82.402758, 1.500000)	R:false  F:false
02-28 09:09:47.975 13511 13544 D NavServiceProvider: Second to last stop coordinates: 28.065764, -82.40739
02-28 09:09:47.975 13511 13544 D NavServiceProvider: Setting units automatically
02-28 09:09:47.976 13511 13544 D NavServiceProvider: Detecting stop. distance_d=458.47733. stop_type=1 speed=0.25
02-28 09:09:47.976 13511 13544 D NavigationTest: 164: (28.066240, -82.402757, 0.250000)	R:false  F:false
02-28 09:09:47.976 13511 13544 D NavigationTest: 165: (28.066240, -82.402757, 0.250000)	R:false  F:false
02-28 09:09:47.976 13511 13544 D NavServiceProvider: Second to last stop coordinates: 28.065764, -82.40739
02-28 09:09:47.976 13511 13544 D NavServiceProvider: Setting units automatically
02-28 09:09:47.977 13511 13544 D NavServiceProvider: Detecting stop. distance_d=458.17163. stop_type=1 speed=0.0
02-28 09:09:47.977 13511 13544 D NavigationTest: 166: (28.066239, -82.402760, 0.000000)	R:false  F:false
02-28 09:09:47.977 13511 13544 D NavigationTest: 167: (28.066239, -82.402760, 0.000000)	R:false  F:false
02-28 09:09:47.977 13511 13544 D NavServiceProvider: Second to last stop coordinates: 28.065764, -82.40739
02-28 09:09:47.978 13511 13544 D NavServiceProvider: Setting units automatically
02-28 09:09:47.979 13511 13544 D NavServiceProvider: Detecting stop. distance_d=458.3204. stop_type=1 speed=0.0
02-28 09:09:47.979 13511 13544 D NavigationTest: 168: (28.066243, -82.402759, 0.000000)	R:false  F:false
02-28 09:09:47.979 13511 13544 D NavServiceProvider: Second to last stop coordinates: 28.065764, -82.40739
02-28 09:09:47.979 13511 13544 D NavServiceProvider: Setting units automatically
02-28 09:09:47.980 13511 13544 D NavServiceProvider: Detecting stop. distance_d=458.3461. stop_type=1 speed=0.25
02-28 09:09:47.980 13511 13544 D NavigationTest: 169: (28.066245, -82.402759, 0.250000)	R:false  F:false
02-28 09:09:47.980 13511 13544 D NavigationTest: 170: (28.066245, -82.402759, 0.250000)	R:false  F:false
02-28 09:09:47.980 13511 13544 D NavServiceProvider: Second to last stop coordinates: 28.065764, -82.40739
02-28 09:09:47.981 13511 13544 D NavServiceProvider: Setting units automatically
02-28 09:09:47.982 13511 13544 D NavServiceProvider: Detecting stop. distance_d=458.39786. stop_type=1 speed=0.75
02-28 09:09:47.982 13511 13544 D NavigationTest: 171: (28.066249, -82.402759, 0.750000)	R:false  F:false
02-28 09:09:47.982 13511 13544 D NavServiceProvider: Second to last stop coordinates: 28.065764, -82.40739
02-28 09:09:47.982 13511 13544 D NavServiceProvider: Setting units automatically
02-28 09:09:47.983 13511 13544 D NavServiceProvider: Detecting stop. distance_d=459.16785. stop_type=1 speed=2.5
02-28 09:09:47.983 13511 13544 D NavigationTest: 172: (28.066263, -82.402753, 2.500000)	R:false  F:false
02-28 09:09:47.983 13511 13544 D NavigationTest: 173: (28.066263, -82.402753, 2.500000)	R:false  F:false
02-28 09:09:47.983 13511 13544 D NavServiceProvider: Second to last stop coordinates: 28.065764, -82.40739
02-28 09:09:47.983 13511 13544 D NavServiceProvider: Setting units automatically
02-28 09:09:47.984 13511 13544 D NavServiceProvider: Detecting stop. distance_d=484.10593. stop_type=1 speed=0.0
02-28 09:09:47.984 13511 13544 D NavigationTest: 174: (28.064881, -82.402567, 0.000000)	R:false  F:false
02-28 09:09:47.984 13511 13544 D NavServiceProvider: Second to last stop coordinates: 28.065764, -82.40739
02-28 09:09:47.985 13511 13544 D NavServiceProvider: Setting units automatically
02-28 09:09:47.986 13511 13544 D NavServiceProvider: Detecting stop. distance_d=457.07367. stop_type=1 speed=3.75
02-28 09:09:47.986 13511 13544 D NavigationTest: 175: (28.066295, -82.402779, 3.750000)	R:false  F:false
02-28 09:09:47.986 13511 13544 D NavigationTest: 176: (28.066295, -82.402779, 3.750000)	R:false  F:false
02-28 09:09:47.986 13511 13544 D NavServiceProvider: Second to last stop coordinates: 28.065764, -82.40739
02-28 09:09:47.986 13511 13544 D NavServiceProvider: Setting units automatically
02-28 09:09:47.987 13511 13544 D NavServiceProvider: Detecting stop. distance_d=453.2077. stop_type=1 speed=5.5
02-28 09:09:47.987 13511 13544 D NavigationTest: 177: (28.066330, -82.402824, 5.500000)	R:false  F:false
02-28 09:09:47.987 13511 13544 D NavigationTest: 178: (28.066330, -82.402824, 5.500000)	R:false  F:false
02-28 09:09:47.987 13511 13544 D NavServiceProvider: Second to last stop coordinates: 28.065764, -82.40739
02-28 09:09:47.988 13511 13544 D NavServiceProvider: Setting units automatically
02-28 09:09:47.988 13511 13544 D NavServiceProvider: Detecting stop. distance_d=447.58725. stop_type=1 speed=6.0
02-28 09:09:47.989 13511 13544 D NavigationTest: 179: (28.066344, -82.402884, 6.000000)	R:false  F:false
02-28 09:09:47.989 13511 13544 D NavServiceProvider: Second to last stop coordinates: 28.065764, -82.40739
02-28 09:09:47.989 13511 13544 D NavServiceProvider: Setting units automatically
02-28 09:09:47.990 13511 13544 D NavServiceProvider: Detecting stop. distance_d=439.90558. stop_type=1 speed=7.5
02-28 09:09:47.990 13511 13544 D NavigationTest: 180: (28.066332, -82.402961, 7.500000)	R:false  F:false
02-28 09:09:47.990 13511 13544 D NavigationTest: 181: (28.066332, -82.402961, 7.500000)	R:false  F:false
02-28 09:09:47.990 13511 13544 D NavServiceProvider: Second to last stop coordinates: 28.065764, -82.40739
02-28 09:09:47.990 13511 13544 D NavServiceProvider: Setting units automatically
02-28 09:09:47.991 13511 13544 D NavServiceProvider: Detecting stop. distance_d=430.6005. stop_type=1 speed=9.0
02-28 09:09:47.991 13511 13544 D NavigationTest: 182: (28.066328, -82.403056, 9.000000)	R:false  F:false
02-28 09:09:47.992 13511 13544 D NavServiceProvider: Second to last stop coordinates: 28.065764, -82.40739
02-28 09:09:47.992 13511 13544 D NavServiceProvider: Setting units automatically
02-28 09:09:47.993 13511 13544 D NavServiceProvider: Detecting stop. distance_d=419.7434. stop_type=1 speed=10.25
02-28 09:09:47.993 13511 13544 D NavigationTest: 183: (28.066306, -82.403164, 10.250000)	R:false  F:false
02-28 09:09:47.993 13511 13544 D NavigationTest: 184: (28.066306, -82.403164, 10.250000)	R:false  F:false
02-28 09:09:47.993 13511 13544 D NavServiceProvider: Second to last stop coordinates: 28.065764, -82.40739
02-28 09:09:47.993 13511 13544 D NavServiceProvider: Setting units automatically
02-28 09:09:47.994 13511 13544 D NavServiceProvider: Detecting stop. distance_d=408.43292. stop_type=1 speed=11.25
02-28 09:09:47.994 13511 13544 D NavigationTest: 185: (28.066286, -82.403277, 11.250000)	R:false  F:false
02-28 09:09:47.994 13511 13544 D NavigationTest: 186: (28.066286, -82.403277, 11.250000)	R:false  F:false
02-28 09:09:47.994 13511 13544 D NavServiceProvider: Second to last stop coordinates: 28.065764, -82.40739
02-28 09:09:47.995 13511 13544 D NavServiceProvider: Setting units automatically
02-28 09:09:47.996 13511 13544 D NavServiceProvider: Detecting stop. distance_d=396.23663. stop_type=1 speed=12.25
02-28 09:09:47.996 13511 13544 D NavigationTest: 187: (28.066259, -82.403398, 12.250000)	R:false  F:false
02-28 09:09:47.996 13511 13544 D NavigationTest: 188: (28.066259, -82.403398, 12.250000)	R:false  F:false
02-28 09:09:47.996 13511 13544 D NavServiceProvider: Second to last stop coordinates: 28.065764, -82.40739
02-28 09:09:47.996 13511 13544 D NavServiceProvider: Setting units automatically
02-28 09:09:47.997 13511 13544 D NavServiceProvider: Detecting stop. distance_d=383.38577. stop_type=1 speed=13.0
02-28 09:09:47.997 13511 13544 D NavigationTest: 189: (28.066227, -82.403525, 13.000000)	R:false  F:false
02-28 09:09:47.997 13511 13544 D NavServiceProvider: Second to last stop coordinates: 28.065764, -82.40739
02-28 09:09:47.998 13511 13544 D NavServiceProvider: Setting units automatically
02-28 09:09:47.999 13511 13544 D NavServiceProvider: Detecting stop. distance_d=369.69205. stop_type=1 speed=13.75
02-28 09:09:47.999 13511 13544 D NavigationTest: 190: (28.066183, -82.403659, 13.750000)	R:false  F:false
02-28 09:09:47.999 13511 13544 D NavigationTest: 191: (28.066183, -82.403659, 13.750000)	R:false  F:false
02-28 09:09:47.999 13511 13544 D NavServiceProvider: Second to last stop coordinates: 28.065764, -82.40739
02-28 09:09:47.999 13511 13544 D NavServiceProvider: Setting units automatically
02-28 09:09:48.000 13511 13544 D NavServiceProvider: Detecting stop. distance_d=355.41415. stop_type=1 speed=14.5
02-28 09:09:48.000 13511 13544 D NavigationTest: 192: (28.066137, -82.403799, 14.500000)	R:false  F:false
02-28 09:09:48.000 13511 13544 D NavigationTest: 193: (28.066137, -82.403799, 14.500000)	R:false  F:false
02-28 09:09:48.000 13511 13544 D NavServiceProvider: Second to last stop coordinates: 28.065764, -82.40739
02-28 09:09:48.001 13511 13544 D NavServiceProvider: Setting units automatically
02-28 09:09:48.002 13511 13544 D NavServiceProvider: Detecting stop. distance_d=340.5019. stop_type=1 speed=15.0
02-28 09:09:48.002 13511 13544 D NavigationTest: 194: (28.066084, -82.403945, 15.000000)	R:false  F:false
02-28 09:09:48.002 13511 13544 D NavigationTest: 195: (28.066084, -82.403945, 15.000000)	R:false  F:false
02-28 09:09:48.002 13511 13544 D NavServiceProvider: Second to last stop coordinates: 28.065764, -82.40739
02-28 09:09:48.002 13511 13544 D NavServiceProvider: Setting units automatically
02-28 09:09:48.003 13511 13544 D NavServiceProvider: Detecting stop. distance_d=325.7032. stop_type=1 speed=15.5
02-28 09:09:48.003 13511 13544 D NavigationTest: 196: (28.066027, -82.404090, 15.500000)	R:false  F:false
02-28 09:09:48.003 13511 13544 D NavServiceProvider: Second to last stop coordinates: 28.065764, -82.40739
02-28 09:09:48.003 13511 13544 D NavServiceProvider: Setting units automatically
02-28 09:09:48.004 13511 13544 D NavServiceProvider: Detecting stop. distance_d=310.49985. stop_type=1 speed=15.75
02-28 09:09:48.005 13511 13544 D NavigationTest: 197: (28.065971, -82.404240, 15.750000)	R:false  F:false
02-28 09:09:48.005 13511 13544 D NavigationTest: 198: (28.065971, -82.404240, 15.750000)	R:false  F:false
02-28 09:09:48.005 13511 13544 D NavServiceProvider: Second to last stop coordinates: 28.065764, -82.40739
02-28 09:09:48.005 13511 13544 D NavServiceProvider: Setting units automatically
02-28 09:09:48.006 13511 13544 D NavServiceProvider: Detecting stop. distance_d=294.9282. stop_type=1 speed=16.0
02-28 09:09:48.006 13511 13544 D NavigationTest: 199: (28.065921, -82.404395, 16.000000)	R:false  F:false
02-28 09:09:48.006 13511 13544 D NavServiceProvider: Second to last stop coordinates: 28.065764, -82.40739
02-28 09:09:48.006 13511 13544 D NavServiceProvider: Setting units automatically
02-28 09:09:48.007 13511 13544 D NavServiceProvider: Detecting stop. distance_d=279.24258. stop_type=1 speed=16.25
02-28 09:09:48.007 13511 13544 D NavigationTest: 200: (28.065873, -82.404552, 16.250000)	R:false  F:false
02-28 09:09:48.007 13511 13544 D NavigationTest: 201: (28.065873, -82.404552, 16.250000)	R:false  F:false
02-28 09:09:48.007 13511 13544 D NavServiceProvider: Second to last stop coordinates: 28.065764, -82.40739
02-28 09:09:48.008 13511 13544 D NavServiceProvider: Setting units automatically
02-28 09:09:48.009 13511 13544 D NavServiceProvider: Detecting stop. distance_d=262.36578. stop_type=1 speed=16.5
02-28 09:09:48.009 13511 13544 D NavigationTest: 202: (28.065828, -82.404722, 16.500000)	R:false  F:false
02-28 09:09:48.009 13511 13544 D NavServiceProvider: Second to last stop coordinates: 28.065764, -82.40739
02-28 09:09:48.009 13511 13544 D NavServiceProvider: Setting units automatically
02-28 09:09:48.010 13511 13544 D NavServiceProvider: Detecting stop. distance_d=246.36058. stop_type=1 speed=16.5
02-28 09:09:48.010 13511 13544 D NavigationTest: 203: (28.065789, -82.404884, 16.500000)	R:false  F:false
02-28 09:09:48.010 13511 13544 D NavigationTest: 204: (28.065789, -82.404884, 16.500000)	R:false  F:false
02-28 09:09:48.010 13511 13544 D NavServiceProvider: Second to last stop coordinates: 28.065764, -82.40739
02-28 09:09:48.011 13511 13544 D NavServiceProvider: Setting units automatically
02-28 09:09:48.012 13511 13544 D NavServiceProvider: Detecting stop. distance_d=230.61736. stop_type=1 speed=16.5
02-28 09:09:48.012 13511 13544 D NavigationTest: 205: (28.065769, -82.405044, 16.500000)	R:false  F:false
02-28 09:09:48.012 13511 13544 D NavServiceProvider: Second to last stop coordinates: 28.065764, -82.40739
02-28 09:09:48.012 13511 13544 D NavServiceProvider: Setting units automatically
02-28 09:09:48.013 13511 13544 D NavServiceProvider: Detecting stop. distance_d=214.4095. stop_type=1 speed=16.5
02-28 09:09:48.013 13511 13544 D NavigationTest: 206: (28.065743, -82.405209, 16.500000)	R:false  F:false
02-28 09:09:48.013 13511 13544 D NavigationTest: 207: (28.065743, -82.405209, 16.500000)	R:false  F:false
02-28 09:09:48.013 13511 13544 D NavServiceProvider: Second to last stop coordinates: 28.065764, -82.40739
02-28 09:09:48.014 13511 13544 D NavServiceProvider: Setting units automatically
02-28 09:09:48.015 13511 13544 D NavServiceProvider: Detecting stop. distance_d=486.75366. stop_type=1 speed=0.0
02-28 09:09:48.015 13511 13544 D NavigationTest: 208: (28.066174, -82.402460, 0.000000)	R:false  F:false
02-28 09:09:48.015 13511 13544 D NavServiceProvider: Second to last stop coordinates: 28.065764, -82.40739
02-28 09:09:48.015 13511 13544 D NavServiceProvider: Setting units automatically
02-28 09:09:48.017 13579 13616 D AudioTrack: stop(182): called with 6976 frames delivered
02-28 09:09:48.018 13579 13612 I SynthesisCache: streamCachedRequest call to callback.audioAvailable failed: -1
02-28 09:09:48.019 13579 13612 I GoogleTTSServiceImpl: Synthesis request for locale eng-USA and name en-US-language
02-28 09:09:48.019 13511 13544 D NavServiceProvider: -----Get ready!
02-28 09:09:48.019  2666  3413 D Avrcp_ext: AudioManager Player: ID:23 -- type:android.media.SoundPool -- u/pid:10126/2688 -- state:idle -- attr:AudioAttributes: usage=USAGE_ASSISTANCE_SONIFICATION content=CONTENT_TYPE_SONIFICATION flags=0x800 tags= bundle=null
02-28 09:09:48.019  2666  3413 D Avrcp_ext: AudioManager Player: ID:1303 -- type:android.media.AudioTrack -- u/pid:10088/13579 -- state:stopped -- attr:AudioAttributes: usage=USAGE_MEDIA content=CONTENT_TYPE_SPEECH flags=0x800 tags= bundle=null
02-28 09:09:48.019  2666  3413 D Avrcp_ext: AudioManager Player: ID:15 -- type:android.media.SoundPool -- u/pid:1000/1493 -- state:idle -- attr:AudioAttributes: usage=USAGE_ASSISTANCE_SONIFICATION content=CONTENT_TYPE_SONIFICATION flags=0x800 tags= bundle=null
02-28 09:09:48.019  2666  3413 D Avrcp_ext: AudioManager isPlaying: false
02-28 09:09:48.019  2666  3413 V Avrcp_ext: updateCurrentMediaState: mMediaController: null
02-28 09:09:48.020 13511 13544 D NavigationTest: 209: (28.065731, -82.405387, 17.000000)	R:true  F:false
02-28 09:09:48.020 13511 13544 D NavServiceProvider: Second to last stop coordinates: 28.065764, -82.40739
02-28 09:09:48.020  2666  3413 V Avrcp_ext: isMusicActive: true getBluetoothPlayState: 2
02-28 09:09:48.020  2666  3413 V Avrcp_ext: updateCurrentMediaState: isPlaying = false
02-28 09:09:48.020  2666  3413 V Avrcp_ext: Media update: id -1➡-1? [MediaAttributes: none] : [MediaAttributes: none]
02-28 09:09:48.020  2666  3413 V Avrcp_ext: newPlayStatus:2mReportedPlayStatus:-1
02-28 09:09:48.020 13511 13544 D NavServiceProvider: Setting units automatically
02-28 09:09:48.020  2666  3413 V Avrcp_ext: updatePlaybackState, state: PlaybackState {state=2, position=-1, buffered position=0, speed=0.0, updated=1791351, actions=0, custom actions=[], active item id=-1, error=null} device: null
02-28 09:09:48.020  2666  3413 V Avrcp_ext: Device: no name:
02-28 09:09:48.020  2666  3413 I chatty  : uid=1002(bluetooth) BluetoothAvrcpH identical 3 lines
02-28 09:09:48.020  2666  3413 V Avrcp_ext: Device: no name:
02-28 09:09:48.020  2666  3413 V Avrcp_ext: updatePlayerStateAndPosition, old=PlaybackState {state=2, position=-1, buffered position=0, speed=0.0, updated=1791187, actions=0, custom actions=[], active item id=-1, error=null}, state=PlaybackState {state=2, position=-1, buffered position=0, speed=0.0, updated=1791351, actions=0, custom actions=[], active item id=-1, error=null}
02-28 09:09:48.020  2666  3413 V Avrcp_ext: old state = PlaybackState {state=2, position=-1, buffered position=0, speed=0.0, updated=1791187, actions=0, custom actions=[], active item id=-1, error=null}, new state= PlaybackState {state=2, position=-1, buffered position=0, speed=0.0, updated=1791351, actions=0, custom actions=[], active item id=-1, error=null}
02-28 09:09:48.020  2666  3413 D HeadsetService: getHeadsetService(): returning com.android.bluetooth.hfp.HeadsetService@8a04d28
02-28 09:09:48.020 13579 13612 I GoogleTTSServiceImpl: TTS dispatch: en-us-x-iog-seanet-embedded
02-28 09:09:48.023 13511 13544 D NavServiceProvider: Detecting stop. distance_d=196.93307. stop_type=1 speed=17.0
02-28 09:09:48.023 13511 13544 D NavigationTest: 209: (28.065731, -82.405387, 17.000000)	R:true  F:false
02-28 09:09:48.023 13511 13544 D NavigationTest: 210: (28.065731, -82.405387, 17.000000)	R:true  F:false
02-28 09:09:48.023 13511 13544 D NavServiceProvider: Second to last stop coordinates: 28.065764, -82.40739
02-28 09:09:48.023  2666  3413 D HeadsetService:  isAudioOn: The number of audio connected devices 0
02-28 09:09:48.023  2666  3413 D HeadsetService: isScoOrCallActive(): Call Active:falseCall is Ringing:falseSCO is Active:false
02-28 09:09:48.023  2666  3413 D HeadsetService:  isAudioOn: The number of audio connected devices 0
02-28 09:09:48.023  2666  3413 I Avrcp_ext: updatePlayStatusForDevice: device: null
02-28 09:09:48.023  2666  3413 V Avrcp_ext: updatePlaybackState (1): old=PlaybackState {state=2, position=-1, buffered position=0, speed=0.0, updated=1791187, actions=0, custom actions=[], active item id=-1, error=null}(2), new=PlaybackState {state=2, position=-1, buffered position=0, speed=0.0, updated=1791351, actions=0, custom actions=[], active item id=-1, error=null}(2)
02-28 09:09:48.023  2666  3413 I Avrcp_ext: Exit updatePlayStatusForDevice
02-28 09:09:48.023 13511 13544 D NavServiceProvider: Setting units automatically
02-28 09:09:48.023  2666  3413 D HeadsetService:  isAudioOn: The number of audio connected devices 0
02-28 09:09:48.023  2666  3413 D HeadsetService: isScoOrCallActive(): Call Active:falseCall is Ringing:falseSCO is Active:false
02-28 09:09:48.024  2666  3413 D HeadsetService:  isAudioOn: The number of audio connected devices 0
02-28 09:09:48.024  2666  3413 I Avrcp_ext: updatePlayStatusForDevice: device: null
02-28 09:09:48.024  2666  3413 V Avrcp_ext: updatePlaybackState (1): old=PlaybackState {state=2, position=-1, buffered position=0, speed=0.0, updated=1791187, actions=0, custom actions=[], active item id=-1, error=null}(2), new=PlaybackState {state=2, position=-1, buffered position=0, speed=0.0, updated=1791351, actions=0, custom actions=[], active item id=-1, error=null}(2)
02-28 09:09:48.024  2666  3413 I Avrcp_ext: Exit updatePlayStatusForDevice
02-28 09:09:48.024  2666  3413 D HeadsetService:  isAudioOn: The number of audio connected devices 0
02-28 09:09:48.024  2666  3413 D HeadsetService: isScoOrCallActive(): Call Active:falseCall is Ringing:falseSCO is Active:false
02-28 09:09:48.024  2666  3413 D HeadsetService:  isAudioOn: The number of audio connected devices 0
02-28 09:09:48.024  2666  3413 I Avrcp_ext: updatePlayStatusForDevice: device: null
02-28 09:09:48.024  2666  3413 V Avrcp_ext: updatePlaybackState (1): old=PlaybackState {state=2, position=-1, buffered position=0, speed=0.0, updated=1791187, actions=0, custom actions=[], active item id=-1, error=null}(2), new=PlaybackState {state=2, position=-1, buffered position=0, speed=0.0, updated=1791351, actions=0, custom actions=[], active item id=-1, error=null}(2)
02-28 09:09:48.024  2666  3413 I Avrcp_ext: Exit updatePlayStatusForDevice
02-28 09:09:48.025  2666  3413 D HeadsetService:  isAudioOn: The number of audio connected devices 0
02-28 09:09:48.025  2666  3413 D HeadsetService: isScoOrCallActive(): Call Active:falseCall is Ringing:falseSCO is Active:false
02-28 09:09:48.025 13511 13544 D NavServiceProvider: Detecting stop. distance_d=180.04573. stop_type=1 speed=16.75
02-28 09:09:48.025 13511 13544 D NavigationTest: 211: (28.065724, -82.405559, 16.750000)	R:true  F:false
02-28 09:09:48.025 13511 13544 D NavigationTest: 212: (28.065724, -82.405559, 16.750000)	R:true  F:false
02-28 09:09:48.025 13511 13544 D NavServiceProvider: Second to last stop coordinates: 28.065764, -82.40739
02-28 09:09:48.025  2666  3413 D HeadsetService:  isAudioOn: The number of audio connected devices 0
02-28 09:09:48.025  2666  3413 I Avrcp_ext: updatePlayStatusForDevice: device: null
02-28 09:09:48.025  2666  3413 V Avrcp_ext: updatePlaybackState (1): old=PlaybackState {state=2, position=-1, buffered position=0, speed=0.0, updated=1791187, actions=0, custom actions=[], active item id=-1, error=null}(2), new=PlaybackState {state=2, position=-1, buffered position=0, speed=0.0, updated=1791351, actions=0, custom actions=[], active item id=-1, error=null}(2)
02-28 09:09:48.025  2666  3413 I Avrcp_ext: Exit updatePlayStatusForDevice
02-28 09:09:48.025  2666  3413 D HeadsetService:  isAudioOn: The number of audio connected devices 0
02-28 09:09:48.025  2666  3413 D HeadsetService: isScoOrCallActive(): Call Active:falseCall is Ringing:falseSCO is Active:false
02-28 09:09:48.025 13511 13544 D NavServiceProvider: Setting units automatically
02-28 09:09:48.026  2666  3413 D HeadsetService:  isAudioOn: The number of audio connected devices 0
02-28 09:09:48.026  2666  3413 I Avrcp_ext: updatePlayStatusForDevice: device: null
02-28 09:09:48.026  2666  3413 V Avrcp_ext: updatePlaybackState (1): old=PlaybackState {state=2, position=-1, buffered position=0, speed=0.0, updated=1791187, actions=0, custom actions=[], active item id=-1, error=null}(2), new=PlaybackState {state=2, position=-1, buffered position=0, speed=0.0, updated=1791351, actions=0, custom actions=[], active item id=-1, error=null}(2)
02-28 09:09:48.026  2666  3413 I Avrcp_ext: Exit updatePlayStatusForDevice
02-28 09:09:48.026  2666  3413 D Avrcp_ext: Enter sendPlayPosNotificationRsp
02-28 09:09:48.026  2666  3413 D Avrcp_ext: sendPlayPosNotificationRsp: Not registered or requesting.
02-28 09:09:48.026  2666  3413 D Avrcp_ext: Enter sendPlayPosNotificationRsp
02-28 09:09:48.026  2666  3413 D Avrcp_ext: sendPlayPosNotificationRsp: Not registered or requesting.
02-28 09:09:48.026  2666  3413 D Avrcp_ext: Enter sendPlayPosNotificationRsp
02-28 09:09:48.026  2666  3413 D Avrcp_ext: sendPlayPosNotificationRsp: Not registered or requesting.
02-28 09:09:48.026  2666  3413 D Avrcp_ext: Enter sendPlayPosNotificationRsp
02-28 09:09:48.026  2666  3413 D Avrcp_ext: sendPlayPosNotificationRsp: Not registered or requesting.
02-28 09:09:48.026  2666  3413 D Avrcp_ext: Enter sendPlayPosNotificationRsp
02-28 09:09:48.026  2666  3413 D Avrcp_ext: sendPlayPosNotificationRsp: Not registered or requesting.
02-28 09:09:48.026  2666  3413 V Avrcp_ext: Exit updatePlayerStateAndPosition
02-28 09:09:48.026  2666  3413 D Avrcp_ext: AudioManager Player: ID:23 -- type:android.media.SoundPool -- u/pid:10126/2688 -- state:idle -- attr:AudioAttributes: usage=USAGE_ASSISTANCE_SONIFICATION content=CONTENT_TYPE_SONIFICATION flags=0x800 tags= bundle=null
02-28 09:09:48.026  2666  3413 D Avrcp_ext: AudioManager Player: ID:15 -- type:android.media.SoundPool -- u/pid:1000/1493 -- state:idle -- attr:AudioAttributes: usage=USAGE_ASSISTANCE_SONIFICATION content=CONTENT_TYPE_SONIFICATION flags=0x800 tags= bundle=null
02-28 09:09:48.026  2666  3413 D Avrcp_ext: AudioManager isPlaying: false
02-28 09:09:48.027 13511 13544 D NavServiceProvider: Detecting stop. distance_d=163.34613. stop_type=1 speed=16.75
02-28 09:09:48.027 13511 13544 D NavigationTest: 213: (28.065722, -82.405729, 16.750000)	R:true  F:false
02-28 09:09:48.027 13511 13544 D NavServiceProvider: Second to last stop coordinates: 28.065764, -82.40739
02-28 09:09:48.027 13511 13544 D NavServiceProvider: Setting units automatically
02-28 09:09:48.028 13511 13544 D NavServiceProvider: Detecting stop. distance_d=147.22838. stop_type=1 speed=16.25
02-28 09:09:48.028 13511 13544 D NavigationTest: 214: (28.065723, -82.405893, 16.250000)	R:true  F:false
02-28 09:09:48.028 13511 13544 D NavigationTest: 215: (28.065723, -82.405893, 16.250000)	R:true  F:false
02-28 09:09:48.028 13511 13544 D NavServiceProvider: Second to last stop coordinates: 28.065764, -82.40739
02-28 09:09:48.029 13511 13544 D NavServiceProvider: Setting units automatically
02-28 09:09:48.030 13511 13544 D NavServiceProvider: Detecting stop. distance_d=131.41406. stop_type=1 speed=15.75
02-28 09:09:48.030 13511 13544 D NavigationTest: 216: (28.065722, -82.406054, 15.750000)	R:true  F:false
02-28 09:09:48.030 13511 13544 D NavigationTest: 217: (28.065722, -82.406054, 15.750000)	R:true  F:false
02-28 09:09:48.030 13511 13544 D NavServiceProvider: Second to last stop coordinates: 28.065764, -82.40739
02-28 09:09:48.030 13511 13544 D NavServiceProvider: Setting units automatically
02-28 09:09:48.034 13511 13544 D NavServiceProvider: Detecting stop. distance_d=115.81383. stop_type=1 speed=15.5
02-28 09:09:48.034 13511 13544 D NavigationTest: 218: (28.065718, -82.406213, 15.500000)	R:true  F:false
02-28 09:09:48.034 13511 13544 D NavigationTest: 219: (28.065718, -82.406213, 15.500000)	R:true  F:false
02-28 09:09:48.034 13511 13544 D NavServiceProvider: Second to last stop coordinates: 28.065764, -82.40739
02-28 09:09:48.034 13511 13544 D NavServiceProvider: Setting units automatically
02-28 09:09:48.036 13511 13544 D NavServiceProvider: Detecting stop. distance_d=100.09755. stop_type=1 speed=15.0
02-28 09:09:48.036 13511 13544 D NavigationTest: 220: (28.065719, -82.406373, 15.000000)	R:true  F:false
02-28 09:09:48.036 13511 13544 D NavServiceProvider: Second to last stop coordinates: 28.065764, -82.40739
02-28 09:09:48.037 13511 13544 D NavServiceProvider: Setting units automatically
02-28 09:09:48.039 13511 13544 D NavServiceProvider: Detecting stop. distance_d=84.7915. stop_type=1 speed=14.75
02-28 09:09:48.039 13511 13544 D NavServiceProvider: Case 1: false
02-28 09:09:48.039 13511 13544 D NavigationTest: 221: (28.065718, -82.406529, 14.750000)	R:true  F:false
02-28 09:09:48.039 13511 13544 D NavigationTest: 222: (28.065718, -82.406529, 14.750000)	R:true  F:false
02-28 09:09:48.039 13511 13544 D NavServiceProvider: Second to last stop coordinates: 28.065764, -82.40739
02-28 09:09:48.039 13511 13544 D NavServiceProvider: Setting units automatically
02-28 09:09:48.041 13511 13544 D NavServiceProvider: Detecting stop. distance_d=70.734215. stop_type=1 speed=14.0
02-28 09:09:48.041 13511 13544 D NavigationTest: 223: (28.065722, -82.406672, 14.000000)	R:true  F:false
02-28 09:09:48.041 13511 13544 D NavServiceProvider: Second to last stop coordinates: 28.065764, -82.40739
02-28 09:09:48.041 13511 13544 D NavServiceProvider: Setting units automatically
02-28 09:09:48.042 13511 13544 D NavServiceProvider: Detecting stop. distance_d=57.694786. stop_type=1 speed=13.5
02-28 09:09:48.043 13511 13544 D NavigationTest: 224: (28.065722, -82.406805, 13.500000)	R:true  F:false
02-28 09:09:48.043 13511 13544 D NavigationTest: 225: (28.065722, -82.406805, 13.500000)	R:true  F:false
02-28 09:09:48.043 13511 13544 D NavServiceProvider: Second to last stop coordinates: 28.065764, -82.40739
02-28 09:09:48.043 13511 13544 D NavServiceProvider: Setting units automatically
02-28 09:09:48.044 13511 13544 D NavServiceProvider: Detecting stop. distance_d=44.882843. stop_type=1 speed=12.75
02-28 09:09:48.044 13511 13544 D NavServiceProvider: Case 2: false
02-28 09:09:48.044 13511 13544 D NavigationTest: 226: (28.065721, -82.406936, 12.750000)	R:true  F:false
02-28 09:09:48.044 13511 13544 D NavServiceProvider: Second to last stop coordinates: 28.065764, -82.40739
02-28 09:09:48.045 13511 13544 D NavServiceProvider: Setting units automatically
02-28 09:09:48.046 13511 13544 D NavServiceProvider: Detecting stop. distance_d=34.109634. stop_type=1 speed=12.0
02-28 09:09:48.046 13511 13544 D NavigationTest: 227: (28.065712, -82.407048, 12.000000)	R:true  F:false
02-28 09:09:48.046 13511 13544 D NavigationTest: 228: (28.065712, -82.407048, 12.000000)	R:true  F:false
02-28 09:09:48.046 13511 13544 D NavServiceProvider: Second to last stop coordinates: 28.065764, -82.40739
02-28 09:09:48.047 13511 13544 D NavServiceProvider: Setting units automatically
02-28 09:09:48.048 13511 13544 D NavServiceProvider: Detecting stop. distance_d=22.969912. stop_type=1 speed=12.0
02-28 09:09:48.048 13511 13544 D NavigationTest: 229: (28.065705, -82.407166, 12.000000)	R:true  F:false
02-28 09:09:48.048 13511 13544 D NavServiceProvider: Second to last stop coordinates: 28.065764, -82.40739
02-28 09:09:48.048 13511 13544 D NavServiceProvider: Setting units automatically
02-28 09:09:48.050 13511 13544 D NavServiceProvider: Detecting stop. distance_d=10.18814. stop_type=1 speed=11.75
02-28 09:09:48.050 13511 13544 D NavServiceProvider: Case 3: false
02-28 09:09:48.050 13511 13544 D NavigationTest: 230: (28.065720, -82.407299, 11.750000)	R:true  F:false
02-28 09:09:48.050 13511 13544 D NavigationTest: 231: (28.065720, -82.407299, 11.750000)	R:true  F:false
02-28 09:09:48.050 13511 13544 D NavServiceProvider: Second to last stop coordinates: 28.065764, -82.40739
02-28 09:09:48.050 13511 13544 D NavServiceProvider: Setting units automatically
02-28 09:09:48.052 13511 13544 D NavServiceProvider: Detecting stop. distance_d=4.585663. stop_type=1 speed=11.5
02-28 09:09:48.052 13511 13544 D NavigationTest: 232: (28.065728, -82.407413, 11.500000)	R:true  F:false
02-28 09:09:48.052 13511 13544 D NavServiceProvider: Second to last stop coordinates: 28.065764, -82.40739
02-28 09:09:48.052 13511 13544 D NavServiceProvider: Setting units automatically
02-28 09:09:48.054 13511 13544 D NavServiceProvider: Detecting stop. distance_d=13.292254. stop_type=1 speed=11.0
02-28 09:09:48.054 13511 13544 D NavigationTest: 233: (28.065731, -82.407520, 11.000000)	R:true  F:false
02-28 09:09:48.054 13511 13544 D NavigationTest: 234: (28.065731, -82.407520, 11.000000)	R:true  F:false
02-28 09:09:48.054 13511 13544 D NavServiceProvider: Second to last stop coordinates: 28.065764, -82.40739
02-28 09:09:48.055 13511 13544 D NavServiceProvider: Setting units automatically
02-28 09:09:48.056 13511 13544 D NavServiceProvider: Detecting stop. distance_d=22.885906. stop_type=1 speed=10.5
02-28 09:09:48.056 13511 13544 D NavServiceProvider: Case 5: true
02-28 09:09:48.056 13511 13544 D NavServiceProvider: Proximity Event fired
02-28 09:09:48.056 13511 13544 D NavServiceProvider: Checking if path has more path links left to be navigated
02-28 09:09:48.056 13511 13544 D NavServiceProvider: PathLink index: 0 Number of PathLinks: 1
02-28 09:09:48.056 13511 13544 D NavServiceProvider: %%%%%%N%%%%%%%%% No more PathLinks left in Path %%%%%%%%%%%%%%%%%%%%%
02-28 09:09:48.056 13511 13544 D NavServiceProvider: Got to last stop
02-28 09:09:48.056 13511 13544 D NavServiceProvider: Alert 1 screen before last stop
02-28 09:09:48.056 13511 13544 D NavServiceProvider: Calling destination reached...
02-28 09:09:48.063 13511 13544 D NavServiceProvider: -----Get off the bus!
02-28 09:09:48.063 13511 13544 D NavigationTest: 235: (28.065732, -82.407620, 10.500000)	R:true  F:true
02-28 09:09:48.064 13511 13544 I System.out: O311C: INFO Log level changed: DEBUG
02-28 09:09:48.064 13511 13544 I System.out: O311C: INFO Dry run mode changed: true
02-28 09:09:48.064 13511 13544 W Application: Open311 issue reporting is in debug/dry run mode - no issues will be submitted.
02-28 09:09:48.064 13511 13544 I System.out: O311C: INFO clearOpen311
02-28 09:09:48.064 13511 13544 I TestRunner: finished: testTrip25(org.onebusaway.android.nav.test.NavigationTest)
