02-28 09:09:53.911 13511 13544 I TestRunner: started: testTrip5C(org.onebusaway.android.nav.test.NavigationTest)
02-28 09:09:53.912 13511 13511 I MonitoringInstr: Activities that are still in CREATED to STOPPED: 0
02-28 09:09:53.917 13579 13612 W EventProcessor: callback.start() returned error code: -1
02-28 09:09:53.922 13511 13544 D NavServiceProvider: Creating NavigationServiceProvider...
02-28 09:09:53.922 13511 13544 D NavServiceProvider: Starting navigation for service
02-28 09:09:53.922 13511 13544 D NavServiceProvider: ProximityCalculator initializing...
02-28 09:09:53.922 13511 13544 D NavServiceProvider: Initializing ProximityCalculator
02-28 09:09:53.922 13511 13544 D NavServiceProvider: Number of path links: 1
02-28 09:09:53.922 13511 13544 D NavServiceProvider: Second to last stop coordinates: 28.024847, -82.537339
02-28 09:09:53.923 13511 13544 D NavServiceProvider: Setting units automatically
02-28 09:09:53.924 13511 13544 D NavServiceProvider: Detecting stop. distance_d=2096.9558. stop_type=1 speed=4.0
02-28 09:09:53.924 13511 13544 D NavigationTest: 0: (28.040368, -82.549537, 4.000000)	R:false  F:false
02-28 09:09:53.924 13511 13544 D NavServiceProvider: Second to last stop coordinates: 28.024847, -82.537339
02-28 09:09:53.925 13511 13544 D NavServiceProvider: Setting units automatically
02-28 09:09:53.926 13511 13544 D NavServiceProvider: Detecting stop. distance_d=2093.2434. stop_type=1 speed=4.75
02-28 09:09:53.926 13511 13544 D NavigationTest: 1: (28.040363, -82.549479, 4.750000)	R:false  F:false
02-28 09:09:53.926 13511 13544 D NavServiceProvider: Second to last stop coordinates: 28.024847, -82.537339
02-28 09:09:53.927 13511 13544 D NavServiceProvider: Setting units automatically
02-28 09:09:53.928 13511 13544 D NavServiceProvider: Detecting stop. distance_d=2088.3218. stop_type=1 speed=8.5
02-28 09:09:53.928 13511 13544 D NavigationTest: 2: (28.040402, -82.549327, 8.500000)	R:false  F:false
02-28 09:09:53.928 13511 13544 D NavigationTest: 3: (28.040402, -82.549327, 8.500000)	R:false  F:false
02-28 09:09:53.928 13511 13544 D NavigationTest: 4: (28.040402, -82.549327, 8.500000)	R:false  F:false
02-28 09:09:53.928 13511 13544 D NavServiceProvider: Second to last stop coordinates: 28.024847, -82.537339
02-28 09:09:53.929 13511 13544 D NavServiceProvider: Setting units automatically
02-28 09:09:53.930 13511 13544 D NavServiceProvider: Detecting stop. distance_d=2082.8806. stop_type=1 speed=8.75
02-28 09:09:53.931 13511 13544 D NavigationTest: 5: (28.040397, -82.549237, 8.750000)	R:false  F:false
02-28 09:09:53.931 13511 13544 D NavigationTest: 6: (28.040397, -82.549237, 8.750000)	R:false  F:false
02-28 09:09:53.931 13511 13544 D NavServiceProvider: Second to last stop coordinates: 28.024847, -82.537339
02-28 09:09:53.931 13511 13544 D NavServiceProvider: Setting units automatically
02-28 09:09:53.933 13511 13544 D NavServiceProvider: Detecting stop. distance_d=2076.3083. stop_type=1 speed=10.25
02-28 09:09:53.933 13511 13544 D NavigationTest: 7: (28.040389, -82.549131, 10.250000)	R:false  F:false
02-28 09:09:53.933 13511 13544 D NavigationTest: 8: (28.040389, -82.549131, 10.250000)	R:false  F:false
02-28 09:09:53.933 13511 13544 D NavServiceProvider: Second to last stop coordinates: 28.024847, -82.537339
02-28 09:09:53.933 13511 13544 D NavServiceProvider: Setting units automatically
02-28 09:09:53.934 13579 13612 I GoogleTTSServiceImpl: Synthesis request for locale eng-USA and name en-US-language
02-28 09:09:53.935 13511 13544 D NavServiceProvider: Detecting stop. distance_d=2069.2493. stop_type=1 speed=10.5
02-28 09:09:53.935 13579 13612 I GoogleTTSServiceImpl: TTS dispatch: en-us-x-iog-seanet-embedded
02-28 09:09:53.935 13511 13544 D NavigationTest: 9: (28.040373, -82.549029, 10.500000)	R:false  F:false
02-28 09:09:53.935 13511 13544 D NavigationTest: 10: (28.040373, -82.549029, 10.500000)	R:false  F:false
02-28 09:09:53.935 13511 13544 D NavServiceProvider: Second to last stop coordinates: 28.024847, -82.537339
02-28 09:09:53.935 13511 13544 D NavServiceProvider: Setting units automatically
02-28 09:09:53.936 13511 13544 D NavServiceProvider: Detecting stop. distance_d=2063.0913. stop_type=1 speed=10.5
02-28 09:09:53.937 13511 13544 D NavigationTest: 11: (28.040370, -82.548921, 10.500000)	R:false  F:false
02-28 09:09:53.937 13511 13544 D NavigationTest: 12: (28.040370, -82.548921, 10.500000)	R:false  F:false
02-28 09:09:53.937 13511 13544 D NavServiceProvider: Second to last stop coordinates: 28.024847, -82.537339
02-28 09:09:53.937 13511 13544 D NavServiceProvider: Setting units automatically
02-28 09:09:53.938 13511 13544 D NavServiceProvider: Detecting stop. distance_d=2062.487. stop_type=1 speed=8.5
02-28 09:09:53.938 13511 13544 D NavigationTest: 13: (28.040391, -82.548874, 8.500000)	R:false  F:false
02-28 09:09:53.938 13511 13544 D NavServiceProvider: Second to last stop coordinates: 28.024847, -82.537339
02-28 09:09:53.939 13511 13544 D NavServiceProvider: Setting units automatically
02-28 09:09:53.939   871   911 D audio_hw_primary: adev_get_parameters:vr_audio_mode_on
02-28 09:09:53.939   871   911 I audio_hw_primary: getting vr mode to 0
02-28 09:09:53.939   871   911 D audio_hw_primary: adev_get_parameters: exit: returns - vr_audio_mode_on=false
02-28 09:09:53.939   959 13782 I hash_map_utils: key: 'vr_audio_mode_on' value: ''
02-28 09:09:53.940 13511 13544 D NavServiceProvider: Detecting stop. distance_d=2061.3994. stop_type=1 speed=8.25
02-28 09:09:53.940   959 13782 I AudioPolicyManagerCustom: VR mode is 0, switch to primary output if request is for fast|raw
02-28 09:09:53.940 13511 13544 D NavigationTest: 14: (28.040420, -82.548804, 8.250000)	R:false  F:false
02-28 09:09:53.940   959 13782 I AudioPolicyManagerCustom: setting force DEEP buffer now
02-28 09:09:53.940 13511 13544 D NavigationTest: 15: (28.040420, -82.548804, 8.250000)	R:false  F:false
02-28 09:09:53.940 13511 13544 D NavServiceProvider: Second to last stop coordinates: 28.024847, -82.537339
02-28 09:09:53.940   959 13782 D AudioFlinger: Client defaulted notificationFrames to 2048 for frameCount 4096
02-28 09:09:53.940 13511 13544 D NavServiceProvider: Setting units automatically
02-28 09:09:53.941   959 13782 D AF::TrackHandle: OpPlayAudio: track:225 usage:1 not muted
02-28 09:09:53.942 13511 13544 D NavServiceProvider: Detecting stop. distance_d=2059.4863. stop_type=1 speed=7.25
02-28 09:09:53.942 13511 13544 D NavigationTest: 16: (28.040426, -82.548758, 7.250000)	R:false  F:false
02-28 09:09:53.942 13511 13544 D NavigationTest: 17: (28.040426, -82.548758, 7.250000)	R:false  F:false
02-28 09:09:53.942 13511 13544 D NavServiceProvider: Second to last stop coordinates: 28.024847, -82.537339
02-28 09:09:53.942 13511 13544 D NavServiceProvider: Setting units automatically
02-28 09:09:53.943 13511 13544 D NavServiceProvider: Detecting stop. distance_d=2040.3069. stop_type=1 speed=8.25
02-28 09:09:53.943 13511 13544 D NavigationTest: 18: (28.040268, -82.548674, 8.250000)	R:false  F:false
02-28 09:09:53.943 13511 13544 D NavServiceProvider: Second to last stop coordinates: 28.024847, -82.537339
02-28 09:09:53.944 13511 13544 D NavServiceProvider: Setting units automatically
02-28 09:09:53.945 13511 13544 D NavServiceProvider: Detecting stop. distance_d=2029.38. stop_type=1 speed=13.5
02-28 09:09:53.945 13511 13544 D NavigationTest: 19: (28.040301, -82.548411, 13.500000)	R:false  F:false
02-28 09:09:53.945 13511 13544 D NavigationTest: 20: (28.040301, -82.548411, 13.500000)	R:false  F:false
02-28 09:09:53.945 13511 13544 D NavServiceProvider: Second to last stop coordinates: 28.024847, -82.537339
02-28 09:09:53.945  2666  3413 D Avrcp_ext: AudioManager Player: ID:23 -- type:android.media.SoundPool -- u/pid:10126/2688 -- state:idle -- attr:AudioAttributes: usage=USAGE_ASSISTANCE_SONIFICATION content=CONTENT_TYPE_SONIFICATION flags=0x800 tags= bundle=null
02-28 09:09:53.945  2666  3413 D Avrcp_ext: AudioManager Player: ID:15 -- type:android.media.SoundPool -- u/pid:1000/1493 -- state:idle -- attr:AudioAttributes: usage=USAGE_ASSISTANCE_SONIFICATION content=CONTENT_TYPE_SONIFICATION flags=0x800 tags= bundle=null
02-28 09:09:53.945  2666  3413 D Avrcp_ext: AudioManager Player: ID:1391 -- type:android.media.AudioTrack -- u/pid:10088/13579 -- state:started -- attr:AudioAttributes: usage=USAGE_MEDIA content=CONTENT_TYPE_SPEECH flags=0x800 tags= bundle=null
02-28 09:09:53.945  2666  3413 D Avrcp_ext: AudioManager isPlaying: true
02-28 09:09:53.945  2666  3413 V Avrcp_ext: updateCurrentMediaState: mMediaController: null
02-28 09:09:53.946 13511 13544 D NavServiceProvider: Setting units automatically
02-28 09:09:53.947 13511 13544 D NavServiceProvider: Detecting stop. distance_d=2024.2136. stop_type=1 speed=14.0
02-28 09:09:53.947 13511 13544 D NavigationTest: 21: (28.040352, -82.548221, 14.000000)	R:false  F:false
02-28 09:09:53.947 13511 13544 D NavServiceProvider: Second to last stop coordinates: 28.024847, -82.537339
02-28 09:09:53.947  2666  3413 V Avrcp_ext: isMusicActive: true getBluetoothPlayState: 2
02-28 09:09:53.947  2666  3413 V Avrcp_ext: updateCurrentMediaState: isPlaying = false
02-28 09:09:53.947  2666  3413 V Avrcp_ext: Media update: id -1➡-1? [MediaAttributes: none] : [MediaAttributes: none]
02-28 09:09:53.947  2666  3413 V Avrcp_ext: newPlayStatus:2mReportedPlayStatus:-1
02-28 09:09:53.947 13511 13544 D NavServiceProvider: Setting units automatically
02-28 09:09:53.947  2666  3413 V Avrcp_ext: updatePlaybackState, state: PlaybackState {state=2, position=-1, buffered position=0, speed=0.0, updated=1797278, actions=0, custom actions=[], active item id=-1, error=null} device: null
02-28 09:09:53.947  2666  3413 V Avrcp_ext: Device: no name:
02-28 09:09:53.947  2666  3413 I chatty  : uid=1002(bluetooth) BluetoothAvrcpH identical 3 lines
02-28 09:09:53.947  2666  3413 V Avrcp_ext: Device: no name:
02-28 09:09:53.947  2666  3413 V Avrcp_ext: updatePlayerStateAndPosition, old=PlaybackState {state=2, position=-1, buffered position=0, speed=0.0, updated=1797150, actions=0, custom actions=[], active item id=-1, error=null}, state=PlaybackState {state=2, position=-1, buffered position=0, speed=0.0, updated=1797278, actions=0, custom actions=[], active item id=-1, error=null}
02-28 09:09:53.947  2666  3413 V Avrcp_ext: old state = PlaybackState {state=2, position=-1, buffered position=0, speed=0.0, updated=1797150, actions=0, custom actions=[], active item id=-1, error=null}, new state= PlaybackState {state=2, position=-1, buffered position=0, speed=0.0, updated=1797278, actions=0, custom actions=[], active item id=-1, error=null}
02-28 09:09:53.947  2666  3413 D HeadsetService: getHeadsetService(): returning com.android.bluetooth.hfp.HeadsetService@8a04d28
02-28 09:09:53.948 13511 13544 D NavServiceProvider: Detecting stop. distance_d=2018.8616. stop_type=1 speed=14.75
02-28 09:09:53.948 13511 13544 D NavigationTest: 22: (28.040384, -82.548059, 14.750000)	R:false  F:false
02-28 09:09:53.948 13511 13544 D NavigationTest: 23: (28.040384, -82.548059, 14.750000)	R:false  F:false
02-28 09:09:53.948 13511 13544 D NavServiceProvider: Second to last stop coordinates: 28.024847, -82.537339
02-28 09:09:53.949 13511 13544 D NavServiceProvider: Setting units automatically
02-28 09:09:53.949  2666  3413 D HeadsetService:  isAudioOn: The number of audio connected devices 0
02-28 09:09:53.949  2666  3413 D HeadsetService: isScoOrCallActive(): Call Active:falseCall is Ringing:falseSCO is Active:false
02-28 09:09:53.950  2666  3413 D HeadsetService:  isAudioOn: The number of audio connected devices 0
02-28 09:09:53.950  2666  3413 I Avrcp_ext: updatePlayStatusForDevice: device: null
02-28 09:09:53.950  2666  3413 V Avrcp_ext: updatePlaybackState (1): old=PlaybackState {state=2, position=-1, buffered position=0, speed=0.0, updated=1797150, actions=0, custom actions=[], active item id=-1, error=null}(2), new=PlaybackState {state=2, position=-1, buffered position=0, speed=0.0, updated=1797278, actions=0, custom actions=[], active item id=-1, error=null}(2)
02-28 09:09:53.950  2666  3413 I Avrcp_ext: Exit updatePlayStatusForDevice
02-28 09:09:53.950  2666  3413 D HeadsetService:  isAudioOn: The number of audio connected devices 0
02-28 09:09:53.950  2666  3413 D HeadsetService: isScoOrCallActive(): Call Active:falseCall is Ringing:falseSCO is Active:false
02-28 09:09:53.950 13511 13544 D NavServiceProvider: Detecting stop. distance_d=2002.6112. stop_type=1 speed=15.0
02-28 09:09:53.950 13511 13544 D NavigationTest: 24: (28.040309, -82.547880, 15.000000)	R:false  F:false
02-28 09:09:53.950 13511 13544 D NavigationTest: 25: (28.040309, -82.547880, 15.000000)	R:false  F:false
02-28 09:09:53.950 13511 13544 D NavServiceProvider: Second to last stop coordinates: 28.024847, -82.537339
02-28 09:09:53.950  2666  3413 D HeadsetService:  isAudioOn: The number of audio connected devices 0
02-28 09:09:53.950  2666  3413 I Avrcp_ext: updatePlayStatusForDevice: device: null
02-28 09:09:53.951  2666  3413 V Avrcp_ext: updatePlaybackState (1): old=PlaybackState {state=2, position=-1, buffered position=0, speed=0.0, updated=1797150, actions=0, custom actions=[], active item id=-1, error=null}(2), new=PlaybackState {state=2, position=-1, buffered position=0, speed=0.0, updated=1797278, actions=0, custom actions=[], active item id=-1, error=null}(2)
02-28 09:09:53.951  2666  3413 I Avrcp_ext: Exit updatePlayStatusForDevice
02-28 09:09:53.951  2666  3413 D HeadsetService:  isAudioOn: The number of audio connected devices 0
02-28 09:09:53.951  2666  3413 D HeadsetService: isScoOrCallActive(): Call Active:falseCall is Ringing:falseSCO is Active:false
02-28 09:09:53.951 13511 13544 D NavServiceProvider: Setting units automatically
02-28 09:09:53.951  2666  3413 D HeadsetService:  isAudioOn: The number of audio connected devices 0
02-28 09:09:53.951  2666  3413 I Avrcp_ext: updatePlayStatusForDevice: device: null
02-28 09:09:53.951  2666  3413 V Avrcp_ext: updatePlaybackState (1): old=PlaybackState {state=2, position=-1, buffered position=0, speed=0.0, updated=1797150, actions=0, custom actions=[], active item id=-1, error=null}(2), new=PlaybackState {state=2, position=-1, buffered position=0, speed=0.0, updated=1797278, actions=0, custom actions=[], active item id=-1, error=null}(2)
02-28 09:09:53.951  2666  3413 I Avrcp_ext: Exit updatePlayStatusForDevice
02-28 09:09:53.951  2666  3413 D HeadsetService:  isAudioOn: The number of audio connected devices 0
02-28 09:09:53.951  2666  3413 D HeadsetService: isScoOrCallActive(): Call Active:falseCall is Ringing:falseSCO is Active:false
02-28 09:09:53.951  2666  3413 D HeadsetService:  isAudioOn: The number of audio connected devices 0
02-28 09:09:53.951  2666  3413 I Avrcp_ext: updatePlayStatusForDevice: device: null
02-28 09:09:53.952  2666  3413 V Avrcp_ext: updatePlaybackState (1): old=PlaybackState {state=2, position=-1, buffered position=0, speed=0.0, updated=1797150, actions=0, custom actions=[], active item id=-1, error=null}(2), new=PlaybackState {state=2, position=-1, buffered position=0, speed=0.0, updated=1797278, actions=0, custom actions=[], active item id=-1, error=null}(2)
02-28 09:09:53.952  2666  3413 I Avrcp_ext: Exit updatePlayStatusForDevice
02-28 09:09:53.952  2666  3413 D HeadsetService:  isAudioOn: The number of audio connected devices 0
02-28 09:09:53.952  2666  3413 D HeadsetService: isScoOrCallActive(): Call Active:falseCall is Ringing:falseSCO is Active:false
02-28 09:09:53.952  2666  3413 D HeadsetService:  isAudioOn: The number of audio connected devices 0
02-28 09:09:53.952  2666  3413 I Avrcp_ext: updatePlayStatusForDevice: device: null
02-28 09:09:53.952  2666  3413 V Avrcp_ext: updatePlaybackState (1): old=PlaybackState {state=2, position=-1, buffered position=0, speed=0.0, updated=1797150, actions=0, custom actions=[], active item id=-1, error=null}(2), new=PlaybackState {state=2, position=-1, buffered position=0, speed=0.0, updated=1797278, actions=0, custom actions=[], active item id=-1, error=null}(2)
02-28 09:09:53.952  2666  3413 I Avrcp_ext: Exit updatePlayStatusForDevice
02-28 09:09:53.952  2666  3413 D Avrcp_ext: Enter sendPlayPosNotificationRsp
02-28 09:09:53.952  2666  3413 D Avrcp_ext: sendPlayPosNotificationRsp: Not registered or requesting.
02-28 09:09:53.952 13511 13544 D NavServiceProvider: Detecting stop. distance_d=1993.7875. stop_type=1 speed=16.0
02-28 09:09:53.952  2666  3413 D Avrcp_ext: Enter sendPlayPosNotificationRsp
02-28 09:09:53.952  2666  3413 D Avrcp_ext: sendPlayPosNotificationRsp: Not registered or requesting.
02-28 09:09:53.952  2666  3413 D Avrcp_ext: Enter sendPlayPosNotificationRsp
02-28 09:09:53.952  2666  3413 D Avrcp_ext: sendPlayPosNotificationRsp: Not registered or requesting.
02-28 09:09:53.952  2666  3413 D Avrcp_ext: Enter sendPlayPosNotificationRsp
02-28 09:09:53.952 13511 13544 D NavigationTest: 26: (28.040323, -82.547679, 16.000000)	R:false  F:false
02-28 09:09:53.952  2666  3413 D Avrcp_ext: sendPlayPosNotificationRsp: Not registered or requesting.
02-28 09:09:53.952  2666  3413 D Avrcp_ext: Enter sendPlayPosNotificationRsp
02-28 09:09:53.952 13511 13544 D NavServiceProvider: Second to last stop coordinates: 28.024847, -82.537339
02-28 09:09:53.952  2666  3413 D Avrcp_ext: sendPlayPosNotificationRsp: Not registered or requesting.
02-28 09:09:53.952  2666  3413 V Avrcp_ext: Exit updatePlayerStateAndPosition
02-28 09:09:53.953 13511 13544 D NavServiceProvider: Setting units automatically
02-28 09:09:53.954 13511 13544 D NavServiceProvider: Detecting stop. distance_d=1986.4702. stop_type=1 speed=16.0
02-28 09:09:53.954 13511 13544 D NavigationTest: 27: (28.040333, -82.547513, 16.000000)	R:false  F:false
02-28 09:09:53.954 13511 13544 D NavigationTest: 28: (28.040333, -82.547513, 16.000000)	R:false  F:false
02-28 09:09:53.954 13511 13544 D NavServiceProvider: Second to last stop coordinates: 28.024847, -82.537339
02-28 09:09:53.954 13511 13544 D NavServiceProvider: Setting units automatically
02-28 09:09:53.956 13511 13544 D NavServiceProvider: Detecting stop. distance_d=1976.5468. stop_type=1 speed=16.25
02-28 09:09:53.956 13511 13544 D NavigationTest: 29: (28.040329, -82.547319, 16.250000)	R:false  F:false
02-28 09:09:53.956 13511 13544 D NavServiceProvider: Second to last stop coordinates: 28.024847, -82.537339
02-28 09:09:53.956 13511 13544 D NavServiceProvider: Setting units automatically
02-28 09:09:53.957 13511 13544 D NavServiceProvider: Detecting stop. distance_d=1971.9828. stop_type=1 speed=16.5
02-28 09:09:53.957 13511 13544 D NavigationTest: 30: (28.040383, -82.547117, 16.500000)	R:false  F:false
02-28 09:09:53.957 13511 13544 D NavigationTest: 31: (28.040383, -82.547117, 16.500000)	R:false  F:false
02-28 09:09:53.957 13511 13544 D NavServiceProvider: Second to last stop coordinates: 28.024847, -82.537339
02-28 09:09:53.958 13511 13544 D NavServiceProvider: Setting units automatically
02-28 09:09:53.959 13511 13544 D NavServiceProvider: Detecting stop. distance_d=1961.4232. stop_type=1 speed=16.5
02-28 09:09:53.959 13511 13544 D NavigationTest: 32: (28.040342, -82.546979, 16.500000)	R:false  F:false
02-28 09:09:53.959 13511 13544 D NavServiceProvider: Second to last stop coordinates: 28.024847, -82.537339
02-28 09:09:53.960 13511 13544 D NavServiceProvider: Setting units automatically
02-28 09:09:53.961 13511 13544 D NavServiceProvider: Detecting stop. distance_d=1952.3386. stop_type=1 speed=17.75
02-28 09:09:53.961 13511 13544 D NavigationTest: 33: (28.040334, -82.546803, 17.750000)	R:false  F:false
02-28 09:09:53.961 13511 13544 D NavigationTest: 34: (28.040334, -82.546803, 17.750000)	R:false  F:false
02-28 09:09:53.961 13511 13544 D NavServiceProvider: Second to last stop coordinates: 28.024847, -82.537339
02-28 09:09:53.962 13511 13544 D NavServiceProvider: Setting units automatically
02-28 09:09:53.963 13511 13544 D NavServiceProvider: Detecting stop. distance_d=1942.5701. stop_type=1 speed=18.0
02-28 09:09:53.963 13511 13544 D NavigationTest: 35: (28.040324, -82.546614, 18.000000)	R:false  F:false
02-28 09:09:53.963 13511 13544 D NavigationTest: 36: (28.040324, -82.546614, 18.000000)	R:false  F:false
02-28 09:09:53.963 13511 13544 D NavServiceProvider: Second to last stop coordinates: 28.024847, -82.537339
02-28 09:09:53.963 13511 13544 D NavServiceProvider: Setting units automatically
02-28 09:09:53.964 13511 13544 D NavServiceProvider: Detecting stop. distance_d=1933.2937. stop_type=1 speed=18.0
02-28 09:09:53.964 13511 13544 D NavigationTest: 37: (28.040326, -82.546407, 18.000000)	R:false  F:false
02-28 09:09:53.965 13511 13544 D NavServiceProvider: Second to last stop coordinates: 28.024847, -82.537339
02-28 09:09:53.965 13511 13544 D NavServiceProvider: Setting units automatically
02-28 09:09:53.966 13511 13544 D NavServiceProvider: Detecting stop. distance_d=1924.9105. stop_type=1 speed=18.5
02-28 09:09:53.966 13511 13544 D NavigationTest: 38: (28.040329, -82.546214, 18.500000)	R:false  F:false
02-28 09:09:53.966 13511 13544 D NavigationTest: 39: (28.040329, -82.546214, 18.500000)	R:false  F:false
02-28 09:09:53.966 13511 13544 D NavigationTest: 40: (28.040329, -82.546214, 18.500000)	R:false  F:false
02-28 09:09:53.966 13511 13544 D NavigationTest: 41: (28.040329, -82.546214, 18.500000)	R:false  F:false
02-28 09:09:53.966 13511 13544 D NavServiceProvider: Second to last stop coordinates: 28.024847, -82.537339
02-28 09:09:53.967 13511 13544 D NavServiceProvider: Setting units automatically
02-28 09:09:53.968 13511 13544 D NavServiceProvider: Detecting stop. distance_d=1917.426. stop_type=1 speed=18.75
02-28 09:09:53.968 13511 13544 D NavigationTest: 42: (28.040336, -82.546029, 18.750000)	R:false  F:false
02-28 09:09:53.968 13511 13544 D NavigationTest: 43: (28.040336, -82.546029, 18.750000)	R:false  F:false
02-28 09:09:53.968 13511 13544 D NavServiceProvider: Second to last stop coordinates: 28.024847, -82.537339
02-28 09:09:53.968 13511 13544 D NavServiceProvider: Setting units automatically
02-28 09:09:53.969 13511 13544 D NavServiceProvider: Detecting stop. distance_d=1906.7795. stop_type=1 speed=18.75
02-28 09:09:53.969 13511 13544 D NavigationTest: 44: (28.040315, -82.545832, 18.750000)	R:false  F:false
02-28 09:09:53.969 13511 13544 D NavigationTest: 45: (28.040315, -82.545832, 18.750000)	R:false  F:false
02-28 09:09:53.969 13511 13544 D NavServiceProvider: Second to last stop coordinates: 28.024847, -82.537339
02-28 09:09:53.969 13511 13544 D NavServiceProvider: Setting units automatically
02-28 09:09:53.971 13511 13544 D NavServiceProvider: Detecting stop. distance_d=1897.3572. stop_type=1 speed=18.5
02-28 09:09:53.971 13511 13544 D NavigationTest: 46: (28.040290, -82.545670, 18.500000)	R:false  F:false
02-28 09:09:53.971 13511 13544 D NavServiceProvider: Second to last stop coordinates: 28.024847, -82.537339
02-28 09:09:53.971 13511 13544 D NavServiceProvider: Setting units automatically
02-28 09:09:53.972 13511 13544 D NavServiceProvider: Detecting stop. distance_d=1888.9177. stop_type=1 speed=19.0
02-28 09:09:53.972 13511 13544 D NavigationTest: 47: (28.040293, -82.545462, 19.000000)	R:false  F:false
02-28 09:09:53.972 13511 13544 D NavigationTest: 48: (28.040293, -82.545462, 19.000000)	R:false  F:false
02-28 09:09:53.972 13511 13544 D NavServiceProvider: Second to last stop coordinates: 28.024847, -82.537339
02-28 09:09:53.973 13511 13544 D NavServiceProvider: Setting units automatically
02-28 09:09:53.973   871   911 D msm8974_platform: platform_split_snd_device: snd_device(2) num devices(1) new_snd_devices(0)
02-28 09:09:53.974 13511 13544 D NavServiceProvider: Detecting stop. distance_d=1882.7177. stop_type=1 speed=19.5
02-28 09:09:53.974 13511 13544 D NavigationTest: 49: (28.040322, -82.545240, 19.500000)	R:false  F:false
02-28 09:09:53.974 13511 13544 D NavigationTest: 50: (28.040322, -82.545240, 19.500000)	R:false  F:false
02-28 09:09:53.974 13511 13544 D NavServiceProvider: Second to last stop coordinates: 28.024847, -82.537339
02-28 09:09:53.974 13511 13544 D NavServiceProvider: Setting units automatically
02-28 09:09:53.975 13511 13544 D NavServiceProvider: Detecting stop. distance_d=1875.059. stop_type=1 speed=17.5
02-28 09:09:53.975 13511 13544 D NavigationTest: 51: (28.040306, -82.545090, 17.500000)	R:false  F:false
02-28 09:09:53.976 13511 13544 D NavServiceProvider: Second to last stop coordinates: 28.024847, -82.537339
02-28 09:09:53.976 13511 13544 D NavServiceProvider: Setting units automatically
02-28 09:09:53.977 13511 13544 D NavServiceProvider: Detecting stop. distance_d=1867.6052. stop_type=1 speed=18.0
02-28 09:09:53.977 13511 13544 D NavigationTest: 52: (28.040312, -82.544886, 18.000000)	R:false  F:false
02-28 09:09:53.977 13511 13544 D NavigationTest: 53: (28.040312, -82.544886, 18.000000)	R:false  F:false
02-28 09:09:53.977 13511 13544 D NavServiceProvider: Second to last stop coordinates: 28.024847, -82.537339
02-28 09:09:53.977 13511 13544 D NavServiceProvider: Setting units automatically
02-28 09:09:53.978 13511 13544 D NavServiceProvider: Detecting stop. distance_d=1850.295. stop_type=1 speed=18.5
02-28 09:09:53.978 13511 13544 D NavigationTest: 54: (28.040223, -82.544673, 18.500000)	R:false  F:false
02-28 09:09:53.978 13511 13544 D NavServiceProvider: Second to last stop coordinates: 28.024847, -82.537339
02-28 09:09:53.979 13511 13544 D NavServiceProvider: Setting units automatically
02-28 09:09:53.980 13511 13544 D NavServiceProvider: Detecting stop. distance_d=1840.7239. stop_type=1 speed=17.25
02-28 09:09:53.980 13511 13544 D NavigationTest: 55: (28.040194, -82.544499, 17.250000)	R:false  F:false
02-28 09:09:53.980 13511 13544 D NavigationTest: 56: (28.040194, -82.544499, 17.250000)	R:false  F:false
02-28 09:09:53.980 13511 13544 D NavServiceProvider: Second to last stop coordinates: 28.024847, -82.537339
02-28 09:09:53.980 13511 13544 D NavServiceProvider: Setting units automatically
02-28 09:09:53.981 13511 13544 D NavServiceProvider: Detecting stop. distance_d=1835.4581. stop_type=1 speed=17.0
02-28 09:09:53.982 13511 13544 D NavigationTest: 57: (28.040209, -82.544316, 17.000000)	R:false  F:false
02-28 09:09:53.982 13511 13544 D NavServiceProvider: Second to last stop coordinates: 28.024847, -82.537339
02-28 09:09:53.982 13511 13544 D NavServiceProvider: Setting units automatically
02-28 09:09:53.983 13511 13544 D NavServiceProvider: Detecting stop. distance_d=1830.6069. stop_type=1 speed=17.0
02-28 09:09:53.983 13511 13544 D NavigationTest: 58: (28.040224, -82.544140, 17.000000)	R:false  F:false
02-28 09:09:53.983 13511 13544 D NavigationTest: 59: (28.040224, -82.544140, 17.000000)	R:false  F:false
02-28 09:09:53.983 13511 13544 D NavServiceProvider: Second to last stop coordinates: 28.024847, -82.537339
02-28 09:09:53.983 13511 13544 D NavServiceProvider: Setting units automatically
02-28 09:09:53.984 13511 13544 D NavServiceProvider: Detecting stop. distance_d=1824.3575. stop_type=1 speed=15.75
02-28 09:09:53.985 13511 13544 D NavigationTest: 60: (28.040223, -82.543967, 15.750000)	R:false  F:false
02-28 09:09:53.985 13511 13544 D NavigationTest: 61: (28.040223, -82.543967, 15.750000)	R:false  F:false
02-28 09:09:53.985 13511 13544 D NavServiceProvider: Second to last stop coordinates: 28.024847, -82.537339
02-28 09:09:53.985 13511 13544 D NavServiceProvider: Setting units automatically
02-28 09:09:53.986 13511 13544 D NavServiceProvider: Detecting stop. distance_d=1818.3792. stop_type=1 speed=15.25
02-28 09:09:53.986 13511 13544 D NavigationTest: 62: (28.040199, -82.543867, 15.250000)	R:false  F:false
02-28 09:09:53.986 13511 13544 D NavServiceProvider: Second to last stop coordinates: 28.024847, -82.537339
02-28 09:09:53.986 13511 13544 D NavServiceProvider: Setting units automatically
02-28 09:09:53.987 13511 13544 D NavServiceProvider: Detecting stop. distance_d=1813.6368. stop_type=1 speed=14.75
02-28 09:09:53.987 13511 13544 D NavigationTest: 63: (28.040201, -82.543723, 14.750000)	R:false  F:false
02-28 09:09:53.987 13511 13544 D NavigationTest: 64: (28.040201, -82.543723, 14.750000)	R:false  F:false
02-28 09:09:53.987 13511 13544 D NavServiceProvider: Second to last stop coordinates: 28.024847, -82.537339
02-28 09:09:53.988 13511 13544 D NavServiceProvider: Setting units automatically
02-28 09:09:53.989 13511 13544 D NavServiceProvider: Detecting stop. distance_d=1807.4882. stop_type=1 speed=14.75
02-28 09:09:53.989 13511 13544 D NavigationTest: 65: (28.040194, -82.543562, 14.750000)	R:false  F:false
02-28 09:09:53.989 13511 13544 D NavServiceProvider: Second to last stop coordinates: 28.024847, -82.537339
02-28 09:09:53.989 13511 13544 D NavServiceProvider: Setting units automatically
02-28 09:09:53.990 13511 13544 D NavServiceProvider: Detecting stop. distance_d=1804.2683. stop_type=1 speed=15.5
02-28 09:09:53.990 13511 13544 D NavigationTest: 66: (28.040221, -82.543378, 15.500000)	R:false  F:false
02-28 09:09:53.990 13511 13544 D NavigationTest: 67: (28.040221, -82.543378, 15.500000)	R:false  F:false
02-28 09:09:53.990 13511 13544 D NavServiceProvider: Second to last stop coordinates: 28.024847, -82.537339
02-28 09:09:53.990 13511 13544 D NavServiceProvider: Setting units automatically
02-28 09:09:53.991 13511 13544 D NavServiceProvider: Detecting stop. distance_d=1801.6095. stop_type=1 speed=14.75
02-28 09:09:53.992 13511 13544 D NavigationTest: 68: (28.040239, -82.543236, 14.750000)	R:false  F:false
02-28 09:09:53.992 13511 13544 D NavigationTest: 69: (28.040239, -82.543236, 14.750000)	R:false  F:false
02-28 09:09:53.992 13511 13544 D NavServiceProvider: Second to last stop coordinates: 28.024847, -82.537339
02-28 09:09:53.992 13511 13544 D NavServiceProvider: Setting units automatically
02-28 09:09:53.993 13511 13544 D NavServiceProvider: Detecting stop. distance_d=1795.3982. stop_type=1 speed=15.5
02-28 09:09:53.993 13511 13544 D NavigationTest: 70: (28.040236, -82.543047, 15.500000)	R:false  F:false
02-28 09:09:53.993 13511 13544 D NavServiceProvider: Second to last stop coordinates: 28.024847, -82.537339
02-28 09:09:53.993 13511 13544 D NavServiceProvider: Setting units automatically
02-28 09:09:53.994 13511 13544 D NavServiceProvider: Detecting stop. distance_d=1793.8977. stop_type=1 speed=12.5
02-28 09:09:53.994 13511 13544 D NavigationTest: 71: (28.040236, -82.542998, 12.500000)	R:false  F:false
02-28 09:09:53.994 13511 13544 D NavigationTest: 72: (28.040236, -82.542998, 12.500000)	R:false  F:false
02-28 09:09:53.994 13511 13544 D NavServiceProvider: Second to last stop coordinates: 28.024847, -82.537339
02-28 09:09:53.995 13511 13544 D NavServiceProvider: Setting units automatically
02-28 09:09:53.996 13511 13544 D NavServiceProvider: Detecting stop. distance_d=1784.8746. stop_type=1 speed=9.75
02-28 09:09:53.996 13511 13544 D NavigationTest: 73: (28.040148, -82.543006, 9.750000)	R:false  F:false
02-28 09:09:53.996 13511 13544 D NavigationTest: 74: (28.040148, -82.543006, 9.750000)	R:false  F:false
02-28 09:09:53.996 13511 13544 D NavigationTest: 75: (28.040148, -82.543006, 9.750000)	R:false  F:false
02-28 09:09:53.996 13511 13544 D NavigationTest: 76: (28.040148, -82.543006, 9.750000)	R:false  F:false
02-28 09:09:53.996 13511 13544 D NavServiceProvider: Second to last stop coordinates: 28.024847, -82.537339
02-28 09:09:53.996 13511 13544 D NavServiceProvider: Setting units automatically
02-28 09:09:53.997 13511 13544 D NavServiceProvider: Detecting stop. distance_d=1778.2283. stop_type=1 speed=10.0
02-28 09:09:53.997 13511 13544 D NavigationTest: 77: (28.040115, -82.542902, 10.000000)	R:false  F:false
02-28 09:09:53.997 13511 13544 D NavServiceProvider: Second to last stop coordinates: 28.024847, -82.537339
02-28 09:09:53.998 13511 13544 D NavServiceProvider: Setting units automatically
02-28 09:09:53.998 13511 13544 D NavServiceProvider: Detecting stop. distance_d=1769.1112. stop_type=1 speed=9.75
02-28 09:09:53.999 13511 13544 D NavigationTest: 78: (28.040048, -82.542834, 9.750000)	R:false  F:false
02-28 09:09:53.999 13511 13544 D NavigationTest: 79: (28.040048, -82.542834, 9.750000)	R:false  F:false
02-28 09:09:53.999 13511 13544 D NavServiceProvider: Second to last stop coordinates: 28.024847, -82.537339
02-28 09:09:53.999 13511 13544 D NavServiceProvider: Setting units automatically
02-28 09:09:54.000 13511 13544 D NavServiceProvider: Detecting stop. distance_d=1765.7899. stop_type=1 speed=10.5
02-28 09:09:54.000 13511 13544 D NavigationTest: 80: (28.040057, -82.542690, 10.500000)	R:false  F:false
02-28 09:09:54.000 13511 13544 D NavServiceProvider: Second to last stop coordinates: 28.024847, -82.537339
02-28 09:09:54.000 13511 13544 D NavServiceProvider: Setting units automatically
02-28 09:09:54.001 13511 13544 D NavServiceProvider: Detecting stop. distance_d=1761.2008. stop_type=1 speed=9.5
02-28 09:09:54.001 13511 13544 D NavigationTest: 81: (28.040031, -82.542627, 9.500000)	R:false  F:false
02-28 09:09:54.001 13511 13544 D NavigationTest: 82: (28.040031, -82.542627, 9.500000)	R:false  F:false
02-28 09:09:54.002 13511 13544 D NavServiceProvider: Second to last stop coordinates: 28.024847, -82.537339
02-28 09:09:54.002 13511 13544 D NavServiceProvider: Setting units automatically
02-28 09:09:54.003 13511 13544 D NavServiceProvider: Detecting stop. distance_d=1759.0979. stop_type=1 speed=9.0
02-28 09:09:54.003 13511 13544 D NavigationTest: 83: (28.040034, -82.542543, 9.000000)	R:false  F:false
02-28 09:09:54.003 13511 13544 D NavServiceProvider: Second to last stop coordinates: 28.024847, -82.537339
02-28 09:09:54.003 13511 13544 D NavServiceProvider: Setting units automatically
02-28 09:09:54.004 13511 13544 D NavServiceProvider: Detecting stop. distance_d=1758.8429. stop_type=1 speed=6.5
02-28 09:09:54.004 13511 13544 D NavigationTest: 84: (28.040027, -82.542560, 6.500000)	R:false  F:false
02-28 09:09:54.004 13511 13544 D NavigationTest: 85: (28.040027, -82.542560, 6.500000)	R:false  F:false
02-28 09:09:54.004 13511 13544 D NavServiceProvider: Second to last stop coordinates: 28.024847, -82.537339
02-28 09:09:54.005 13511 13544 D NavServiceProvider: Setting units automatically
02-28 09:09:54.006 13511 13544 D NavServiceProvider: Detecting stop. distance_d=1754.0093. stop_type=1 speed=5.75
02-28 09:09:54.006 13511 13544 D NavigationTest: 86: (28.039986, -82.542543, 5.750000)	R:false  F:false
02-28 09:09:54.006 13511 13544 D NavigationTest: 87: (28.039986, -82.542543, 5.750000)	R:false  F:false
02-28 09:09:54.006 13511 13544 D NavServiceProvider: Second to last stop coordinates: 28.024847, -82.537339
02-28 09:09:54.006 13511 13544 D NavServiceProvider: Setting units automatically
02-28 09:09:54.007 13511 13544 D NavServiceProvider: Detecting stop. distance_d=1751.7098. stop_type=1 speed=6.25
02-28 09:09:54.007 13511 13544 D NavigationTest: 88: (28.039989, -82.542451, 6.250000)	R:false  F:false
02-28 09:09:54.007 13511 13544 D NavServiceProvider: Second to last stop coordinates: 28.024847, -82.537339
02-28 09:09:54.008 13511 13544 D NavServiceProvider: Setting units automatically
02-28 09:09:54.009 13511 13544 D NavServiceProvider: Detecting stop. distance_d=1749.4167. stop_type=1 speed=4.75
02-28 09:09:54.009 13511 13544 D NavigationTest: 89: (28.039965, -82.542460, 4.750000)	R:false  F:false
02-28 09:09:54.009 13511 13544 D NavigationTest: 90: (28.039965, -82.542460, 4.750000)	R:false  F:false
02-28 09:09:54.009 13511 13544 D NavServiceProvider: Second to last stop coordinates: 28.024847, -82.537339
02-28 09:09:54.009 13511 13544 D NavServiceProvider: Setting units automatically
02-28 09:09:54.010 13511 13544 D NavServiceProvider: Detecting stop. distance_d=1752.7966. stop_type=1 speed=4.75
02-28 09:09:54.010 13511 13544 D NavigationTest: 91: (28.040019, -82.542376, 4.750000)	R:false  F:false
02-28 09:09:54.010 13511 13544 D NavigationTest: 92: (28.040019, -82.542376, 4.750000)	R:false  F:false
02-28 09:09:54.010 13511 13544 D NavServiceProvider: Second to last stop coordinates: 28.024847, -82.537339
02-28 09:09:54.011 13511 13544 D NavServiceProvider: Setting units automatically
02-28 09:09:54.012 13511 13544 D NavServiceProvider: Detecting stop. distance_d=1751.6311. stop_type=1 speed=5.75
02-28 09:09:54.012 13511 13544 D NavigationTest: 93: (28.040038, -82.542260, 5.750000)	R:false  F:false
02-28 09:09:54.012 13511 13544 D NavServiceProvider: Second to last stop coordinates: 28.024847, -82.537339
02-28 09:09:54.012 13511 13544 D NavServiceProvider: Setting units automatically
02-28 09:09:54.014 13511 13544 D NavServiceProvider: Detecting stop. distance_d=1748.5132. stop_type=1 speed=4.75
02-28 09:09:54.014 13511 13544 D NavigationTest: 94: (28.040010, -82.542255, 4.750000)	R:false  F:false
02-28 09:09:54.014 13511 13544 D NavigationTest: 95: (28.040010, -82.542255, 4.750000)	R:false  F:false
02-28 09:09:54.014 13511 13544 D NavServiceProvider: Second to last stop coordinates: 28.024847, -82.537339
02-28 09:09:54.014 13511 13544 D NavServiceProvider: Setting units automatically
02-28 09:09:54.015 13511 13544 D NavServiceProvider: Detecting stop. distance_d=1747.4941. stop_type=1 speed=1.75
02-28 09:09:54.015 13511 13544 D NavigationTest: 96: (28.039993, -82.542284, 1.750000)	R:false  F:false
02-28 09:09:54.015 13511 13544 D NavServiceProvider: Second to last stop coordinates: 28.024847, -82.537339
02-28 09:09:54.015 13511 13544 D NavServiceProvider: Setting units automatically
02-28 09:09:54.016 13511 13544 D NavServiceProvider: Detecting stop. distance_d=1749.9694. stop_type=1 speed=2.0
02-28 09:09:54.016 13511 13544 D NavigationTest: 97: (28.040028, -82.542238, 2.000000)	R:false  F:false
02-28 09:09:54.016 13511 13544 D NavigationTest: 98: (28.040028, -82.542238, 2.000000)	R:false  F:false
02-28 09:09:54.017 13511 13544 D NavServiceProvider: Second to last stop coordinates: 28.024847, -82.537339
02-28 09:09:54.017 13511 13544 D NavServiceProvider: Setting units automatically
02-28 09:09:54.018 13511 13544 D NavServiceProvider: Detecting stop. distance_d=1750.1251. stop_type=1 speed=1.75
02-28 09:09:54.018 13511 13544 D NavigationTest: 99: (28.040032, -82.542228, 1.750000)	R:false  F:false
02-28 09:09:54.018 13511 13544 D NavServiceProvider: Second to last stop coordinates: 28.024847, -82.537339
02-28 09:09:54.018 13511 13544 D NavServiceProvider: Setting units automatically
02-28 09:09:54.019 13511 13544 D NavServiceProvider: Detecting stop. distance_d=1751.3143. stop_type=1 speed=2.25
02-28 09:09:54.019 13511 13544 D NavigationTest: 100: (28.040054, -82.542185, 2.250000)	R:false  F:false
02-28 09:09:54.019 13511 13544 D NavigationTest: 101: (28.040054, -82.542185, 2.250000)	R:false  F:false
02-28 09:09:54.019 13511 13544 D NavServiceProvider: Second to last stop coordinates: 28.024847, -82.537339
02-28 09:09:54.020 13511 13544 D NavServiceProvider: Setting units automatically
02-28 09:09:54.021 13511 13544 D NavServiceProvider: Detecting stop. distance_d=1756.4877. stop_type=1 speed=2.75
02-28 09:09:54.021 13511 13544 D NavigationTest: 102: (28.040107, -82.542167, 2.750000)	R:false  F:false
02-28 09:09:54.021 13511 13544 D NavServiceProvider: Second to last stop coordinates: 28.024847, -82.537339
02-28 09:09:54.021 13511 13544 D NavServiceProvider: Setting units automatically
02-28 09:09:54.022 13511 13544 D NavServiceProvider: Detecting stop. distance_d=1741.7971. stop_type=1 speed=0.0
02-28 09:09:54.022 13511 13544 D NavigationTest: 103: (28.039950, -82.542243, 0.000000)	R:false  F:false
02-28 09:09:54.022 13511 13544 D NavigationTest: 104: (28.039950, -82.542243, 0.000000)	R:false  F:false
02-28 09:09:54.022 13511 13544 D NavServiceProvider: Second to last stop coordinates: 28.024847, -82.537339
02-28 09:09:54.022 13511 13544 D NavServiceProvider: Setting units automatically
02-28 09:09:54.023 13511 13544 D NavServiceProvider: Detecting stop. distance_d=1742.1968. stop_type=1 speed=0.25
02-28 09:09:54.024 13511 13544 D NavigationTest: 105: (28.039944, -82.542281, 0.250000)	R:false  F:false
02-28 09:09:54.024 13511 13544 D NavigationTest: 106: (28.039944, -82.542281, 0.250000)	R:false  F:false
02-28 09:09:54.024 13511 13544 D NavServiceProvider: Second to last stop coordinates: 28.024847, -82.537339
02-28 09:09:54.024 13511 13544 D NavServiceProvider: Setting units automatically
02-28 09:09:54.025 13511 13544 D NavServiceProvider: Detecting stop. distance_d=1743.9336. stop_type=1 speed=0.25
02-28 09:09:54.025 13511 13544 D NavigationTest: 107: (28.039958, -82.542290, 0.250000)	R:false  F:false
02-28 09:09:54.025 13511 13544 D NavigationTest: 108: (28.039958, -82.542290, 0.250000)	R:false  F:false
02-28 09:09:54.025 13511 13544 D NavigationTest: 109: (28.039958, -82.542290, 0.250000)	R:false  F:false
02-28 09:09:54.025 13511 13544 D NavServiceProvider: Second to last stop coordinates: 28.024847, -82.537339
02-28 09:09:54.025 13511 13544 D NavServiceProvider: Setting units automatically
02-28 09:09:54.026 13511 13544 D NavServiceProvider: Detecting stop. distance_d=1745.4886. stop_type=1 speed=0.75
02-28 09:09:54.026 13511 13544 D NavigationTest: 110: (28.039969, -82.542304, 0.750000)	R:false  F:false
02-28 09:09:54.026 13511 13544 D NavigationTest: 111: (28.039969, -82.542304, 0.750000)	R:false  F:false
02-28 09:09:54.026 13511 13544 D NavServiceProvider: Second to last stop coordinates: 28.024847, -82.537339
02-28 09:09:54.027 13511 13544 D NavServiceProvider: Setting units automatically
02-28 09:09:54.028 13511 13544 D NavServiceProvider: Detecting stop. distance_d=1746.4908. stop_type=1 speed=0.75
02-28 09:09:54.028 13511 13544 D NavigationTest: 112: (28.039981, -82.542294, 0.750000)	R:false  F:false
02-28 09:09:54.028 13511 13544 D NavigationTest: 113: (28.039981, -82.542294, 0.750000)	R:false  F:false
02-28 09:09:54.028 13511 13544 D NavServiceProvider: Second to last stop coordinates: 28.024847, -82.537339
02-28 09:09:54.028 13511 13544 D NavServiceProvider: Setting units automatically
02-28 09:09:54.029 13511 13544 D NavServiceProvider: Detecting stop. distance_d=1746.1104. stop_type=1 speed=0.75
02-28 09:09:54.029 13511 13544 D NavigationTest: 114: (28.039980, -82.542284, 0.750000)	R:false  F:false
02-28 09:09:54.029 13511 13544 D NavServiceProvider: Second to last stop coordinates: 28.024847, -82.537339
02-28 09:09:54.030 13511 13544 D NavServiceProvider: Setting units automatically
02-28 09:09:54.031 13511 13544 D NavServiceProvider: Detecting stop. distance_d=1746.2871. stop_type=1 speed=0.75
02-28 09:09:54.031 13511 13544 D NavigationTest: 115: (28.039985, -82.542271, 0.750000)	R:false  F:false
02-28 09:09:54.031 13511 13544 D NavigationTest: 116: (28.039985, -82.542271, 0.750000)	R:false  F:false
02-28 09:09:54.031 13511 13544 D NavServiceProvider: Second to last stop coordinates: 28.024847, -82.537339
02-28 09:09:54.031 13511 13544 D NavServiceProvider: Setting units automatically
02-28 09:09:54.032 13511 13544 D NavServiceProvider: Detecting stop. distance_d=1745.3977. stop_type=1 speed=1.0
02-28 09:09:54.032 13511 13544 D NavigationTest: 117: (28.039981, -82.542254, 1.000000)	R:false  F:false
02-28 09:09:54.032 13511 13544 D NavigationTest: 118: (28.039981, -82.542254, 1.000000)	R:false  F:false
02-28 09:09:54.032 13511 13544 D NavServiceProvider: Second to last stop coordinates: 28.024847, -82.537339
02-28 09:09:54.032 13511 13544 D NavServiceProvider: Setting units automatically
02-28 09:09:54.033 13511 13544 D NavServiceProvider: Detecting stop. distance_d=1744.4823. stop_type=1 speed=1.0
02-28 09:09:54.033 13511 13544 D NavigationTest: 119: (28.039977, -82.542236, 1.000000)	R:false  F:false
02-28 09:09:54.033 13511 13544 D NavServiceProvider: Second to last stop coordinates: 28.024847, -82.537339
02-28 09:09:54.034 13511 13544 D NavServiceProvider: Setting units automatically
02-28 09:09:54.035 13511 13544 D NavServiceProvider: Detecting stop. distance_d=1742.0421. stop_type=1 speed=3.0
02-28 09:09:54.035 13511 13544 D NavigationTest: 120: (28.039964, -82.542197, 3.000000)	R:false  F:false
02-28 09:09:54.035 13511 13544 D NavigationTest: 121: (28.039964, -82.542197, 3.000000)	R:false  F:false
02-28 09:09:54.035 13511 13544 D NavServiceProvider: Second to last stop coordinates: 28.024847, -82.537339
02-28 09:09:54.035 13511 13544 D NavServiceProvider: Setting units automatically
02-28 09:09:54.036 13511 13544 D NavServiceProvider: Detecting stop. distance_d=1740.1677. stop_type=1 speed=3.25
02-28 09:09:54.036 13511 13544 D NavigationTest: 122: (28.039957, -82.542155, 3.250000)	R:false  F:false
02-28 09:09:54.036 13511 13544 D NavServiceProvider: Second to last stop coordinates: 28.024847, -82.537339
02-28 09:09:54.036 13511 13544 D NavServiceProvider: Setting units automatically
02-28 09:09:54.037 13511 13544 D NavServiceProvider: Detecting stop. distance_d=1737.021. stop_type=1 speed=3.75
02-28 09:09:54.037 13511 13544 D NavigationTest: 123: (28.039938, -82.542113, 3.750000)	R:false  F:false
02-28 09:09:54.038 13511 13544 D NavigationTest: 124: (28.039938, -82.542113, 3.750000)	R:false  F:false
02-28 09:09:54.038 13511 13544 D NavServiceProvider: Second to last stop coordinates: 28.024847, -82.537339
02-28 09:09:54.038 13511 13544 D NavServiceProvider: Setting units automatically
02-28 09:09:54.039 13511 13544 D NavServiceProvider: Detecting stop. distance_d=1732.4128. stop_type=1 speed=4.5
02-28 09:09:54.039 13511 13544 D NavigationTest: 125: (28.039905, -82.542072, 4.500000)	R:false  F:false
02-28 09:09:54.039 13511 13544 D NavigationTest: 126: (28.039905, -82.542072, 4.500000)	R:false  F:false
02-28 09:09:54.039 13511 13544 D NavServiceProvider: Second to last stop coordinates: 28.024847, -82.537339
02-28 09:09:54.039 13511 13544 D NavServiceProvider: Setting units automatically
02-28 09:09:54.040 13511 13544 D NavServiceProvider: Detecting stop. distance_d=1721.4917. stop_type=1 speed=7.75
02-28 09:09:54.040 13511 13544 D NavigationTest: 127: (28.039829, -82.541965, 7.750000)	R:false  F:false
02-28 09:09:54.040 13511 13544 D NavServiceProvider: Second to last stop coordinates: 28.024847, -82.537339
02-28 09:09:54.041 13511 13544 D NavServiceProvider: Setting units automatically
02-28 09:09:54.042 13511 13544 D NavServiceProvider: Detecting stop. distance_d=1714.3381. stop_type=1 speed=8.5
02-28 09:09:54.042 13511 13544 D NavigationTest: 128: (28.039752, -82.542006, 8.500000)	R:false  F:false
02-28 09:09:54.042 13511 13544 D NavigationTest: 129: (28.039752, -82.542006, 8.500000)	R:false  F:false
02-28 09:09:54.042 13511 13544 D NavServiceProvider: Second to last stop coordinates: 28.024847, -82.537339
02-28 09:09:54.042 13511 13544 D NavServiceProvider: Setting units automatically
02-28 09:09:54.043 13511 13544 D NavServiceProvider: Detecting stop. distance_d=1704.4672. stop_type=1 speed=10.0
02-28 09:09:54.043 13511 13544 D NavigationTest: 130: (28.039663, -82.541992, 10.000000)	R:false  F:false
02-28 09:09:54.043 13511 13544 D NavigationTest: 131: (28.039663, -82.541992, 10.000000)	R:false  F:false
02-28 09:09:54.043 13511 13544 D NavServiceProvider: Second to last stop coordinates: 28.024847, -82.537339
02-28 09:09:54.043 13511 13544 D NavServiceProvider: Setting units automatically
02-28 09:09:54.044 13511 13544 D NavServiceProvider: Detecting stop. distance_d=1695.8262. stop_type=1 speed=11.25
02-28 09:09:54.044 13511 13544 D NavigationTest: 132: (28.039587, -82.541972, 11.250000)	R:false  F:false
02-28 09:09:54.045 13511 13544 D NavServiceProvider: Second to last stop coordinates: 28.024847, -82.537339
02-28 09:09:54.045 13511 13544 D NavServiceProvider: Setting units automatically
02-28 09:09:54.046 13511 13544 D NavServiceProvider: Detecting stop. distance_d=1684.7806. stop_type=1 speed=11.75
02-28 09:09:54.046 13511 13544 D NavigationTest: 133: (28.039483, -82.541974, 11.750000)	R:false  F:false
02-28 09:09:54.046 13511 13544 D NavigationTest: 134: (28.039483, -82.541974, 11.750000)	R:false  F:false
02-28 09:09:54.046 13511 13544 D NavServiceProvider: Second to last stop coordinates: 28.024847, -82.537339
02-28 09:09:54.046 13511 13544 D NavServiceProvider: Setting units automatically
02-28 09:09:54.047 13511 13544 D NavServiceProvider: Detecting stop. distance_d=1671.2625. stop_type=1 speed=13.25
02-28 09:09:54.047 13511 13544 D NavigationTest: 135: (28.039356, -82.541975, 13.250000)	R:false  F:false
02-28 09:09:54.047 13511 13544 D NavigationTest: 136: (28.039356, -82.541975, 13.250000)	R:false  F:false
02-28 09:09:54.047 13511 13544 D NavServiceProvider: Second to last stop coordinates: 28.024847, -82.537339
02-28 09:09:54.048 13511 13544 D NavServiceProvider: Setting units automatically
02-28 09:09:54.049 13511 13544 D NavServiceProvider: Detecting stop. distance_d=1658.9471. stop_type=1 speed=13.5
02-28 09:09:54.049 13511 13544 D NavigationTest: 137: (28.039244, -82.541961, 13.500000)	R:false  F:false
02-28 09:09:54.049 13511 13544 D NavigationTest: 138: (28.039244, -82.541961, 13.500000)	R:false  F:false
02-28 09:09:54.049 13511 13544 D NavServiceProvider: Second to last stop coordinates: 28.024847, -82.537339
02-28 09:09:54.049 13511 13544 D NavServiceProvider: Setting units automatically
02-28 09:09:54.050 13511 13544 D NavServiceProvider: Detecting stop. distance_d=1645.6335. stop_type=1 speed=14.25
02-28 09:09:54.050 13511 13544 D NavigationTest: 139: (28.039117, -82.541969, 14.250000)	R:false  F:false
02-28 09:09:54.050 13511 13544 D NavigationTest: 140: (28.039117, -82.541969, 14.250000)	R:false  F:false
02-28 09:09:54.050 13511 13544 D NavServiceProvider: Second to last stop coordinates: 28.024847, -82.537339
02-28 09:09:54.051 13511 13544 D NavServiceProvider: Setting units automatically
02-28 09:09:54.052 13511 13544 D NavServiceProvider: Detecting stop. distance_d=1631.0767. stop_type=1 speed=15.0
02-28 09:09:54.052 13511 13544 D NavigationTest: 141: (28.038980, -82.541970, 15.000000)	R:false  F:false
02-28 09:09:54.052 13511 13544 D NavigationTest: 142: (28.038980, -82.541970, 15.000000)	R:false  F:false
