02-28 09:09:38.557 13511 13544 I TestRunner: started: testTrip11(org.onebusaway.android.nav.test.NavigationTest)
02-28 09:09:38.558 13511 13511 I MonitoringInstr: Activities that are still in CREATED to STOPPED: 0
02-28 09:09:38.567 13511 13544 D NavServiceProvider: Creating NavigationServiceProvider...
02-28 09:09:38.567 13511 13544 D NavServiceProvider: Starting navigation for service
02-28 09:09:38.567 13511 13544 D NavServiceProvider: ProximityCalculator initializing...
02-28 09:09:38.567 13511 13544 D NavServiceProvider: Initializing ProximityCalculator
02-28 09:09:38.567 13511 13544 D NavServiceProvider: Number of path links: 1
02-28 09:09:38.567 13511 13544 D NavServiceProvider: Second to last stop coordinates: 28.047024, -82.434526
02-28 09:09:38.568 13511 13544 D NavServiceProvider: Setting units automatically
02-28 09:09:38.569 13511 13544 D NavServiceProvider: Detecting stop. distance_d=1086.286. stop_type=1 speed=0.0
02-28 09:09:38.569 13511 13544 D NavigationTest: 0: (28.037222, -82.434604, 0.000000)	R:false  F:false
02-28 09:09:38.569 13511 13544 D NavServiceProvider: Second to last stop coordinates: 28.047024, -82.434526
02-28 09:09:38.570 13511 13544 D NavServiceProvider: Setting units automatically
02-28 09:09:38.571 13511 13544 D NavServiceProvider: Detecting stop. distance_d=1086.5062. stop_type=1 speed=0.0
02-28 09:09:38.571 13511 13544 D NavigationTest: 1: (28.037220, -82.434602, 0.000000)	R:false  F:false
02-28 09:09:38.571 13511 13544 D NavigationTest: 2: (28.037220, -82.434602, 0.000000)	R:false  F:false
02-28 09:09:38.571 13511 13544 D NavServiceProvider: Second to last stop coordinates: 28.047024, -82.434526
02-28 09:09:38.572 13511 13544 D NavServiceProvider: Setting units automatically
02-28 09:09:38.573 13511 13544 D NavServiceProvider: Detecting stop. distance_d=1086.9475. stop_type=1 speed=0.0
02-28 09:09:38.573 13511 13544 D NavigationTest: 3: (28.037216, -82.434599, 0.000000)	R:false  F:false
02-28 09:09:38.573 13511 13544 D NavigationTest: 4: (28.037216, -82.434599, 0.000000)	R:false  F:false
02-28 09:09:38.573 13511 13544 D NavServiceProvider: Second to last stop coordinates: 28.047024, -82.434526
02-28 09:09:38.574 13511 13544 D NavServiceProvider: Setting units automatically
02-28 09:09:38.575 13511 13544 D NavServiceProvider: Detecting stop. distance_d=1086.9475. stop_type=1 speed=0.0
02-28 09:09:38.575 13511 13544 D NavigationTest: 5: (28.037216, -82.434599, 0.000000)	R:false  F:false
02-28 09:09:38.575 13511 13544 D NavigationTest: 6: (28.037216, -82.434599, 0.000000)	R:false  F:false
02-28 09:09:38.575 13511 13544 D NavServiceProvider: Second to last stop coordinates: 28.047024, -82.434526
02-28 09:09:38.576 13511 13544 D NavServiceProvider: Setting units automatically
02-28 09:09:38.577 13511 13544 D NavServiceProvider: Detecting stop. distance_d=1086.836. stop_type=1 speed=0.0
02-28 09:09:38.577 13511 13544 D NavigationTest: 7: (28.037217, -82.434598, 0.000000)	R:false  F:false
02-28 09:09:38.577 13511 13544 D NavServiceProvider: Second to last stop coordinates: 28.047024, -82.434526
02-28 09:09:38.577 13511 13544 D NavServiceProvider: Setting units automatically
02-28 09:09:38.578 13511 13544 D NavServiceProvider: Detecting stop. distance_d=1086.7285. stop_type=1 speed=0.366879
02-28 09:09:38.579 13511 13544 D NavigationTest: 8: (28.037218, -82.434603, 0.366879)	R:false  F:false
02-28 09:09:38.579 13511 13544 D NavigationTest: 9: (28.037218, -82.434603, 0.366879)	R:false  F:false
02-28 09:09:38.579 13511 13544 D NavigationTest: 10: (28.037218, -82.434603, 0.366879)	R:false  F:false
02-28 09:09:38.579 13511 13544 D NavServiceProvider: Second to last stop coordinates: 28.047024, -82.434526
02-28 09:09:38.579 13511 13544 D NavServiceProvider: Setting units automatically
02-28 09:09:38.580 13511 13544 D NavServiceProvider: Detecting stop. distance_d=1086.6184. stop_type=1 speed=0.0
02-28 09:09:38.580 13511 13544 D NavigationTest: 11: (28.037219, -82.434604, 0.000000)	R:false  F:false
02-28 09:09:38.580 13511 13544 D NavServiceProvider: Second to last stop coordinates: 28.047024, -82.434526
02-28 09:09:38.581 13511 13544 D NavServiceProvider: Setting units automatically
02-28 09:09:38.582 13511 13544 D NavServiceProvider: Detecting stop. distance_d=1086.732. stop_type=1 speed=0.575587
02-28 09:09:38.582 13511 13544 D NavigationTest: 12: (28.037218, -82.434608, 0.575587)	R:false  F:false
02-28 09:09:38.582 13511 13544 D NavigationTest: 13: (28.037218, -82.434608, 0.575587)	R:false  F:false
02-28 09:09:38.582 13511 13544 D NavServiceProvider: Second to last stop coordinates: 28.047024, -82.434526
02-28 09:09:38.582 13511 13544 D NavServiceProvider: Setting units automatically
02-28 09:09:38.583 13511 13544 D NavServiceProvider: Detecting stop. distance_d=1087.284. stop_type=1 speed=0.0
02-28 09:09:38.584 13511 13544 D NavigationTest: 14: (28.037213, -82.434605, 0.000000)	R:false  F:false
02-28 09:09:38.584 13511 13544 D NavServiceProvider: Second to last stop coordinates: 28.047024, -82.434526
02-28 09:09:38.584 13511 13544 D NavServiceProvider: Setting units automatically
02-28 09:09:38.585 13511 13544 D NavServiceProvider: Detecting stop. distance_d=1087.284. stop_type=1 speed=0.0
02-28 09:09:38.585 13511 13544 D NavigationTest: 15: (28.037213, -82.434605, 0.000000)	R:false  F:false
02-28 09:09:38.585 13511 13544 D NavServiceProvider: Second to last stop coordinates: 28.047024, -82.434526
02-28 09:09:38.585 13511 13544 D NavServiceProvider: Setting units automatically
02-28 09:09:38.587 13511 13544 D NavServiceProvider: Detecting stop. distance_d=1087.282. stop_type=1 speed=0.0
02-28 09:09:38.587 13511 13544 D NavigationTest: 16: (28.037213, -82.434602, 0.000000)	R:false  F:false
02-28 09:09:38.587 13511 13544 D NavigationTest: 17: (28.037213, -82.434602, 0.000000)	R:false  F:false
02-28 09:09:38.587 13511 13544 D NavServiceProvider: Second to last stop coordinates: 28.047024, -82.434526
02-28 09:09:38.587 13511 13544 D NavServiceProvider: Setting units automatically
02-28 09:09:38.589 13511 13544 D NavServiceProvider: Detecting stop. distance_d=1086.838. stop_type=1 speed=0.0
02-28 09:09:38.589 13511 13544 D NavigationTest: 18: (28.037217, -82.434601, 0.000000)	R:false  F:false
02-28 09:09:38.589 13511 13544 D NavigationTest: 19: (28.037217, -82.434601, 0.000000)	R:false  F:false
02-28 09:09:38.589 13511 13544 D NavServiceProvider: Second to last stop coordinates: 28.047024, -82.434526
02-28 09:09:38.589 13511 13544 D NavServiceProvider: Setting units automatically
02-28 09:09:38.591 13511 13544 D NavServiceProvider: Detecting stop. distance_d=1086.5062. stop_type=1 speed=0.0
02-28 09:09:38.591 13511 13544 D NavigationTest: 20: (28.037220, -82.434602, 0.000000)	R:false  F:false
02-28 09:09:38.591 13511 13544 D NavigationTest: 21: (28.037220, -82.434602, 0.000000)	R:false  F:false
02-28 09:09:38.591 13511 13544 D NavServiceProvider: Second to last stop coordinates: 28.047024, -82.434526
02-28 09:09:38.592 13511 13544 D NavServiceProvider: Setting units automatically
02-28 09:09:38.593 13511 13544 D NavServiceProvider: Detecting stop. distance_d=1086.724. stop_type=1 speed=0.0
02-28 09:09:38.593 13511 13544 D NavigationTest: 22: (28.037218, -82.434596, 0.000000)	R:false  F:false
02-28 09:09:38.593 13511 13544 D NavigationTest: 23: (28.037218, -82.434596, 0.000000)	R:false  F:false
02-28 09:09:38.593 13511 13544 D NavServiceProvider: Second to last stop coordinates: 28.047024, -82.434526
02-28 09:09:38.593  3336  3336 D BoundBrokerSvc: onUnbind: Intent { act=com.google.android.gms.presencemanager.service.START dat=chimera-action: cmp=com.google.android.gms/.chimera.PersistentApiService }
02-28 09:09:38.594 13511 13544 D NavServiceProvider: Setting units automatically
02-28 09:09:38.595  3336  3336 D BoundBrokerSvc: onUnbind: Intent { act=com.google.android.gms.presencemanager.service.INTERNAL_IDENTITY dat=chimera-action: cmp=com.google.android.gms/.chimera.PersistentApiService }
02-28 09:09:38.595 13511 13544 D NavServiceProvider: Detecting stop. distance_d=1086.724. stop_type=1 speed=0.0
02-28 09:09:38.595 13511 13544 D NavigationTest: 24: (28.037218, -82.434596, 0.000000)	R:false  F:false
02-28 09:09:38.595 13511 13544 D NavServiceProvider: Second to last stop coordinates: 28.047024, -82.434526
02-28 09:09:38.596 13511 13544 D NavServiceProvider: Setting units automatically
02-28 09:09:38.597 13511 13544 D NavServiceProvider: Detecting stop. distance_d=1086.6132. stop_type=1 speed=0.0
02-28 09:09:38.597 13511 13544 D NavigationTest: 25: (28.037219, -82.434596, 0.000000)	R:false  F:false
02-28 09:09:38.597 13511 13544 D NavigationTest: 26: (28.037219, -82.434596, 0.000000)	R:false  F:false
02-28 09:09:38.597 13511 13544 D NavServiceProvider: Second to last stop coordinates: 28.047024, -82.434526
02-28 09:09:38.597 13511 13544 D NavServiceProvider: Setting units automatically
02-28 09:09:38.598 13511 13544 D NavServiceProvider: Detecting stop. distance_d=1086.7228. stop_type=1 speed=0.0
02-28 09:09:38.599 13511 13544 D NavigationTest: 27: (28.037218, -82.434594, 0.000000)	R:false  F:false
02-28 09:09:38.599 13511 13544 D NavigationTest: 28: (28.037218, -82.434594, 0.000000)	R:false  F:false
02-28 09:09:38.599 13511 13544 D NavServiceProvider: Second to last stop coordinates: 28.047024, -82.434526
02-28 09:09:38.599 13511 13544 D NavServiceProvider: Setting units automatically
02-28 09:09:38.601 13511 13544 D NavServiceProvider: Detecting stop. distance_d=1086.5011. stop_type=1 speed=0.0
02-28 09:09:38.601 13511 13544 D NavigationTest: 29: (28.037220, -82.434594, 0.000000)	R:false  F:false
02-28 09:09:38.601 13511 13544 D NavigationTest: 30: (28.037220, -82.434594, 0.000000)	R:false  F:false
02-28 09:09:38.601 13511 13544 D NavServiceProvider: Second to last stop coordinates: 28.047024, -82.434526
02-28 09:09:38.602 13511 13544 D NavServiceProvider: Setting units automatically
02-28 09:09:38.603 13511 13544 D NavServiceProvider: Detecting stop. distance_d=1086.5011. stop_type=1 speed=0.0
02-28 09:09:38.603 13511 13544 D NavigationTest: 31: (28.037220, -82.434594, 0.000000)	R:false  F:false
02-28 09:09:38.603 13511 13544 D NavServiceProvider: Second to last stop coordinates: 28.047024, -82.434526
02-28 09:09:38.604 13511 13544 D NavServiceProvider: Setting units automatically
02-28 09:09:38.605 13511 13544 D NavServiceProvider: Detecting stop. distance_d=1086.6119. stop_type=1 speed=0.0
02-28 09:09:38.605 13511 13544 D NavigationTest: 32: (28.037219, -82.434594, 0.000000)	R:false  F:false
02-28 09:09:38.605 13511 13544 D NavigationTest: 33: (28.037219, -82.434594, 0.000000)	R:false  F:false
02-28 09:09:38.605 13511 13544 D NavServiceProvider: Second to last stop coordinates: 28.047024, -82.434526
02-28 09:09:38.606 13511 13544 D NavServiceProvider: Setting units automatically
02-28 09:09:38.607 13511 13544 D NavServiceProvider: Detecting stop. distance_d=1086.6119. stop_type=1 speed=0.0
02-28 09:09:38.607 13511 13544 D NavigationTest: 34: (28.037219, -82.434594, 0.000000)	R:false  F:false
02-28 09:09:38.608 13511 13544 D NavigationTest: 35: (28.037219, -82.434594, 0.000000)	R:false  F:false
02-28 09:09:38.608 13511 13544 D NavigationTest: 36: (28.037219, -82.434594, 0.000000)	R:false  F:false
02-28 09:09:38.608 13511 13544 D NavServiceProvider: Second to last stop coordinates: 28.047024, -82.434526
02-28 09:09:38.608 13511 13544 D NavServiceProvider: Setting units automatically
02-28 09:09:38.610 13511 13544 D NavServiceProvider: Detecting stop. distance_d=1086.6125. stop_type=1 speed=0.0
02-28 09:09:38.610 13511 13544 D NavigationTest: 37: (28.037219, -82.434595, 0.000000)	R:false  F:false
02-28 09:09:38.610 13511 13544 D NavigationTest: 38: (28.037219, -82.434595, 0.000000)	R:false  F:false
02-28 09:09:38.610 13511 13544 D NavServiceProvider: Second to last stop coordinates: 28.047024, -82.434526
02-28 09:09:38.610 13511 13544 D NavServiceProvider: Setting units automatically
02-28 09:09:38.612 13579 13612 W EventProcessor: callback.start() returned error code: -1
02-28 09:09:38.612 13511 13544 D NavServiceProvider: Detecting stop. distance_d=1086.2789. stop_type=1 speed=0.835225
02-28 09:09:38.612 13511 13544 D NavigationTest: 39: (28.037222, -82.434593, 0.835225)	R:false  F:false
02-28 09:09:38.612 13511 13544 D NavServiceProvider: Second to last stop coordinates: 28.047024, -82.434526
02-28 09:09:38.613 13511 13544 D NavServiceProvider: Setting units automatically
02-28 09:09:38.614 13511 13544 D NavServiceProvider: Detecting stop. distance_d=1086.0527. stop_type=1 speed=0.813941
02-28 09:09:38.614 13511 13544 D NavigationTest: 40: (28.037224, -82.434585, 0.813941)	R:false  F:false
02-28 09:09:38.614 13511 13544 D NavServiceProvider: Second to last stop coordinates: 28.047024, -82.434526
02-28 09:09:38.615 13511 13544 D NavServiceProvider: Setting units automatically
02-28 09:09:38.616 13511 13544 D NavServiceProvider: Detecting stop. distance_d=1086.1647. stop_type=1 speed=0.349857
02-28 09:09:38.616 13511 13544 D NavigationTest: 41: (28.037223, -82.434587, 0.349857)	R:false  F:false
02-28 09:09:38.616 13511 13544 D NavigationTest: 42: (28.037223, -82.434587, 0.349857)	R:false  F:false
02-28 09:09:38.616 13511 13544 D NavServiceProvider: Second to last stop coordinates: 28.047024, -82.434526
02-28 09:09:38.617 13511 13544 D NavServiceProvider: Setting units automatically
02-28 09:09:38.618 13511 13544 D NavServiceProvider: Detecting stop. distance_d=1086.8285. stop_type=1 speed=0.961769
02-28 09:09:38.618 13511 13544 D NavigationTest: 43: (28.037217, -82.434585, 0.961769)	R:false  F:false
02-28 09:09:38.618 13511 13544 D NavServiceProvider: Second to last stop coordinates: 28.047024, -82.434526
02-28 09:09:38.618 13511 13544 D NavServiceProvider: Setting units automatically
02-28 09:09:38.620 13511 13544 D NavServiceProvider: Detecting stop. distance_d=1086.6085. stop_type=1 speed=0.0
02-28 09:09:38.620 13511 13544 D NavigationTest: 44: (28.037219, -82.434588, 0.000000)	R:false  F:false
02-28 09:09:38.620 13511 13544 D NavServiceProvider: Second to last stop coordinates: 28.047024, -82.434526
02-28 09:09:38.620 13511 13544 D NavServiceProvider: Setting units automatically
02-28 09:09:38.621 13511 13544 D NavServiceProvider: Detecting stop. distance_d=1086.7188. stop_type=1 speed=0.0
02-28 09:09:38.622 13511 13544 D NavigationTest: 45: (28.037218, -82.434587, 0.000000)	R:false  F:false
02-28 09:09:38.622 13511 13544 D NavigationTest: 46: (28.037218, -82.434587, 0.000000)	R:false  F:false
02-28 09:09:38.622 13511 13544 D NavServiceProvider: Second to last stop coordinates: 28.047024, -82.434526
02-28 09:09:38.622 13511 13544 D NavServiceProvider: Setting units automatically
02-28 09:09:38.624 13511 13544 D NavServiceProvider: Detecting stop. distance_d=1086.7188. stop_type=1 speed=0.0
02-28 09:09:38.624 13511 13544 D NavigationTest: 47: (28.037218, -82.434587, 0.000000)	R:false  F:false
02-28 09:09:38.624 13511 13544 D NavServiceProvider: Second to last stop coordinates: 28.047024, -82.434526
02-28 09:09:38.625 13511 13544 D NavServiceProvider: Setting units automatically
02-28 09:09:38.626 13511 13544 D NavServiceProvider: Detecting stop. distance_d=1087.0522. stop_type=1 speed=0.0
02-28 09:09:38.626 13511 13544 D NavigationTest: 48: (28.037215, -82.434589, 0.000000)	R:false  F:false
02-28 09:09:38.626 13579 13612 I GoogleTTSServiceImpl: Synthesis request for locale eng-USA and name en-US-language
02-28 09:09:38.626 13511 13544 D NavigationTest: 49: (28.037215, -82.434589, 0.000000)	R:false  F:false
02-28 09:09:38.626 13511 13544 D NavServiceProvider: Second to last stop coordinates: 28.047024, -82.434526
02-28 09:09:38.626 13511 13544 D NavServiceProvider: Setting units automatically
02-28 09:09:38.627 13579 13612 I GoogleTTSServiceImpl: TTS dispatch: en-us-x-iog-seanet-embedded
02-28 09:09:38.628 13511 13544 D NavServiceProvider: Detecting stop. distance_d=1087.1643. stop_type=1 speed=0.0
02-28 09:09:38.628 13511 13544 D NavigationTest: 50: (28.037214, -82.434591, 0.000000)	R:false  F:false
02-28 09:09:38.628 13511 13544 D NavServiceProvider: Second to last stop coordinates: 28.047024, -82.434526
02-28 09:09:38.628 13511 13544 D NavServiceProvider: Setting units automatically
02-28 09:09:38.629 13511 13544 D NavServiceProvider: Detecting stop. distance_d=1087.3832. stop_type=1 speed=0.0
02-28 09:09:38.629 13511 13544 D NavigationTest: 51: (28.037212, -82.434586, 0.000000)	R:false  F:false
02-28 09:09:38.629 13511 13544 D NavServiceProvider: Second to last stop coordinates: 28.047024, -82.434526
02-28 09:09:38.630 13511 13544 D NavServiceProvider: Setting units automatically
02-28 09:09:38.631 13511 13544 D NavServiceProvider: Detecting stop. distance_d=1087.3832. stop_type=1 speed=0.0
02-28 09:09:38.631 13511 13544 D NavigationTest: 52: (28.037212, -82.434586, 0.000000)	R:false  F:false
02-28 09:09:38.631 13511 13544 D NavigationTest: 53: (28.037212, -82.434586, 0.000000)	R:false  F:false
02-28 09:09:38.631 13511 13544 D NavServiceProvider: Second to last stop coordinates: 28.047024, -82.434526
02-28 09:09:38.631 13511 13544 D NavServiceProvider: Setting units automatically
02-28 09:09:38.633 13511 13544 D NavServiceProvider: Detecting stop. distance_d=1087.3837. stop_type=1 speed=0.0
02-28 09:09:38.633 13511 13544 D NavigationTest: 54: (28.037212, -82.434587, 0.000000)	R:false  F:false
02-28 09:09:38.633 13511 13544 D NavServiceProvider: Second to last stop coordinates: 28.047024, -82.434526
02-28 09:09:38.633 13511 13544 D NavServiceProvider: Setting units automatically
02-28 09:09:38.634 13511 13544 D NavServiceProvider: Detecting stop. distance_d=1087.8292. stop_type=1 speed=0.0
02-28 09:09:38.634 13511 13544 D NavigationTest: 55: (28.037208, -82.434591, 0.000000)	R:false  F:false
02-28 09:09:38.634 13511 13544 D NavigationTest: 56: (28.037208, -82.434591, 0.000000)	R:false  F:false
02-28 09:09:38.634 13511 13544 D NavServiceProvider: Second to last stop coordinates: 28.047024, -82.434526
02-28 09:09:38.634 13511 13544 D NavServiceProvider: Setting units automatically
02-28 09:09:38.635 13511 13544 D NavServiceProvider: Detecting stop. distance_d=1087.7219. stop_type=1 speed=0.0
02-28 09:09:38.635 13511 13544 D NavigationTest: 57: (28.037209, -82.434597, 0.000000)	R:false  F:false
02-28 09:09:38.635 13511 13544 D NavServiceProvider: Second to last stop coordinates: 28.047024, -82.434526
02-28 09:09:38.636 13511 13544 D NavServiceProvider: Setting units automatically
02-28 09:09:38.637 13511 13544 D NavServiceProvider: Detecting stop. distance_d=1087.7219. stop_type=1 speed=0.0
02-28 09:09:38.637 13511 13544 D NavigationTest: 58: (28.037209, -82.434597, 0.000000)	R:false  F:false
02-28 09:09:38.637 13511 13544 D NavigationTest: 59: (28.037209, -82.434597, 0.000000)	R:false  F:false
02-28 09:09:38.637 13511 13544 D NavServiceProvider: Second to last stop coordinates: 28.047024, -82.434526
02-28 09:09:38.638 13511 13544 D NavServiceProvider: Setting units automatically
02-28 09:09:38.640 13511 13544 D NavServiceProvider: Detecting stop. distance_d=1087.8334. stop_type=1 speed=0.0
02-28 09:09:38.640 13511 13544 D NavigationTest: 60: (28.037208, -82.434598, 0.000000)	R:false  F:false
02-28 09:09:38.640 13511 13544 D NavServiceProvider: Second to last stop coordinates: 28.047024, -82.434526
02-28 09:09:38.640 13511 13544 D NavServiceProvider: Setting units automatically
02-28 09:09:38.641 13511 13544 D NavServiceProvider: Detecting stop. distance_d=1087.8328. stop_type=1 speed=0.0
02-28 09:09:38.642 13511 13544 D NavigationTest: 61: (28.037208, -82.434597, 0.000000)	R:false  F:false
02-28 09:09:38.642 13511 13544 D NavigationTest: 62: (28.037208, -82.434597, 0.000000)	R:false  F:false
02-28 09:09:38.642 13511 13544 D NavServiceProvider: Second to last stop coordinates: 28.047024, -82.434526
02-28 09:09:38.642 13511 13544 D NavServiceProvider: Setting units automatically
02-28 09:09:38.643 13511 13544 D NavServiceProvider: Detecting stop. distance_d=1087.943. stop_type=1 speed=0.0
02-28 09:09:38.643 13511 13544 D NavigationTest: 63: (28.037207, -82.434596, 0.000000)	R:false  F:false
02-28 09:09:38.643 13511 13544 D NavigationTest: 64: (28.037207, -82.434596, 0.000000)	R:false  F:false
02-28 09:09:38.643 13511 13544 D NavServiceProvider: Second to last stop coordinates: 28.047024, -82.434526
02-28 09:09:38.643 13511 13544 D NavServiceProvider: Setting units automatically
02-28 09:09:38.644 13511 13544 D NavServiceProvider: Detecting stop. distance_d=1087.943. stop_type=1 speed=0.0
02-28 09:09:38.645 13511 13544 D NavigationTest: 65: (28.037207, -82.434596, 0.000000)	R:false  F:false
02-28 09:09:38.645 13511 13544 D NavigationTest: 66: (28.037207, -82.434596, 0.000000)	R:false  F:false
02-28 09:09:38.645 13511 13544 D NavServiceProvider: Second to last stop coordinates: 28.047024, -82.434526
02-28 09:09:38.645 13511 13544 D NavServiceProvider: Setting units automatically
02-28 09:09:38.646 13511 13544 D NavServiceProvider: Detecting stop. distance_d=1087.6118. stop_type=1 speed=0.544059
02-28 09:09:38.646 13511 13544 D NavigationTest: 67: (28.037210, -82.434598, 0.544059)	R:false  F:false
02-28 09:09:38.646 13511 13544 D NavigationTest: 68: (28.037210, -82.434598, 0.544059)	R:false  F:false
02-28 09:09:38.646 13511 13544 D NavServiceProvider: Second to last stop coordinates: 28.047024, -82.434526
02-28 09:09:38.647 13511 13544 D NavServiceProvider: Setting units automatically
02-28 09:09:38.648 13511 13544 D NavServiceProvider: Detecting stop. distance_d=1087.3934. stop_type=1 speed=0.527731
02-28 09:09:38.648 13511 13544 D NavigationTest: 69: (28.037212, -82.434603, 0.527731)	R:false  F:false
02-28 09:09:38.648 13511 13544 D NavServiceProvider: Second to last stop coordinates: 28.047024, -82.434526
02-28 09:09:38.649 13511 13544 D NavServiceProvider: Setting units automatically
02-28 09:09:38.650 13511 13544 D NavServiceProvider: Detecting stop. distance_d=1088.1699. stop_type=1 speed=0.291548
02-28 09:09:38.650 13511 13544 D NavigationTest: 70: (28.037205, -82.434604, 0.291548)	R:false  F:false
02-28 09:09:38.650 13511 13544 D NavigationTest: 71: (28.037205, -82.434604, 0.291548)	R:false  F:false
02-28 09:09:38.650 13511 13544 D NavServiceProvider: Second to last stop coordinates: 28.047024, -82.434526
02-28 09:09:38.651 13511 13544 D NavServiceProvider: Setting units automatically
02-28 09:09:38.652   871   871 D msm8974_platform: platform_split_snd_device: snd_device(2) num devices(1) new_snd_devices(0)
02-28 09:09:38.652   871   871 D ACDB-LOADER: ACDB -> send_audvoltable
02-28 09:09:38.652   871   871 D ACDB-LOADER: ACDB -> ACDB_CMD_GET_AUDPROC_VOL_STEP_TABLE_SIZE
02-28 09:09:38.652   871   871 D ACDB-LOADER: ACDB -> ACDB_CMD_GET_AUDPROC_GAIN_DEP_STEP_TABLE, vol index 0
02-28 09:09:38.652   871   871 D         : Failed to fetch the lookup information of the device 0000000F
02-28 09:09:38.652   871   871 E ACDB-LOADER: Error: ACDB AudProc vol returned = -19
02-28 09:09:38.652   871   871 D ACDB-LOADER: ACDB -> AUDIO_SET_VOL_CAL cal type = 40
02-28 09:09:38.653 13511 13544 D NavServiceProvider: Detecting stop. distance_d=1088.0508. stop_type=1 speed=0.0
02-28 09:09:38.653 13511 13544 D NavigationTest: 72: (28.037206, -82.434591, 0.000000)	R:false  F:false
02-28 09:09:38.653 13511 13544 D NavigationTest: 73: (28.037206, -82.434591, 0.000000)	R:false  F:false
02-28 09:09:38.653 13511 13544 D NavServiceProvider: Second to last stop coordinates: 28.047024, -82.434526
02-28 09:09:38.653 13511 13544 D NavServiceProvider: Setting units automatically
02-28 09:09:38.654   871   871 D msm8974_platform: platform_split_snd_device: snd_device(2) num devices(1) new_snd_devices(0)
02-28 09:09:38.655 13511 13544 D NavServiceProvider: Detecting stop. distance_d=1088.0508. stop_type=1 speed=0.0
02-28 09:09:38.655 13511 13544 D NavigationTest: 74: (28.037206, -82.434591, 0.000000)	R:false  F:false
02-28 09:09:38.655 13511 13544 D NavServiceProvider: Second to last stop coordinates: 28.047024, -82.434526
02-28 09:09:38.655 13511 13544 D NavServiceProvider: Setting units automatically
02-28 09:09:38.656 13511 13544 D NavServiceProvider: Detecting stop. distance_d=1088.1616. stop_type=1 speed=0.0
02-28 09:09:38.656 13511 13544 D NavigationTest: 75: (28.037205, -82.434591, 0.000000)	R:false  F:false
02-28 09:09:38.656 13511 13544 D NavigationTest: 76: (28.037205, -82.434591, 0.000000)	R:false  F:false
02-28 09:09:38.656 13511 13544 D NavServiceProvider: Second to last stop coordinates: 28.047024, -82.434526
02-28 09:09:38.657 13511 13544 D NavServiceProvider: Setting units automatically
02-28 09:09:38.658 13511 13544 D NavServiceProvider: Detecting stop. distance_d=1088.161. stop_type=1 speed=0.0
02-28 09:09:38.658 13511 13544 D NavigationTest: 77: (28.037205, -82.434590, 0.000000)	R:false  F:false
02-28 09:09:38.658 13511 13544 D NavigationTest: 78: (28.037205, -82.434590, 0.000000)	R:false  F:false
02-28 09:09:38.658 13511 13544 D NavServiceProvider: Second to last stop coordinates: 28.047024, -82.434526
02-28 09:09:38.658 13511 13544 D NavServiceProvider: Setting units automatically
02-28 09:09:38.658   871   911 V EffectDiracSound: DiracSound_command() start, cmdCode=20
02-28 09:09:38.658   871   911 V EffectDiracSound: DiracSound_Command EFFECT_CMD_OFFLOAD
02-28 09:09:38.659   871   871 V EffectDiracSound: DiracSound_command() start, cmdCode=1
02-28 09:09:38.659   871   871 V EffectDiracSound: DiracSound_setConfig start
02-28 09:09:38.659   871   871 I EffectDiracSound: DiracSound_updateState(), enable=0, hifi=0, device=0x2, headset=5, samplingRate=48000
02-28 09:09:38.659   871   871 I EffectDiracSound: DiracSound_updateState(), mode=0, music=0, movie=0, reset=0
02-28 09:09:38.659   871   871 I EffectDiracSound: DiracSound_updateState(), Speaker Movie/Stereo Mode is not supported. Stop update state.
02-28 09:09:38.659   871   871 W EffectHAL: Effect 0xe4b38cd0 command SET_CONFIG returned status: Invalid argument
02-28 09:09:38.659   871   871 V EffectDiracSound: DiracSound_command() start, cmdCode=1
02-28 09:09:38.659   871   871 V EffectDiracSound: DiracSound_setConfig start
02-28 09:09:38.659   871   871 I EffectDiracSound: DiracSound_updateState(), enable=0, hifi=0, device=0x2, headset=5, samplingRate=48000
02-28 09:09:38.659   871   871 I EffectDiracSound: DiracSound_updateState(), mode=0, music=0, movie=0, reset=0
02-28 09:09:38.659   871   871 I EffectDiracSound: DiracSound_updateState(), Speaker Movie/Stereo Mode is not supported. Stop update state.
02-28 09:09:38.659   871  6793 V EffectDiracSound: DiracSound_command() start, cmdCode=9
02-28 09:09:38.659   871  6793 V EffectDiracSound: DiracSound_Command EFFECT_CMD_SET_DEVICE: 0x00000002
02-28 09:09:38.659 13511 13544 D NavServiceProvider: Detecting stop. distance_d=1088.3833. stop_type=1 speed=0.0
02-28 09:09:38.659   871   911 V EffectDiracSound: DiracSound_command() start, cmdCode=11
02-28 09:09:38.659   871   911 V EffectDiracSound: DiracSound_Command EFFECT_CMD_SET_AUDIO_MODE: 0
02-28 09:09:38.659 13511 13544 D NavigationTest: 79: (28.037203, -82.434591, 0.000000)	R:false  F:false
02-28 09:09:38.659 13511 13544 D NavigationTest: 80: (28.037203, -82.434591, 0.000000)	R:false  F:false
02-28 09:09:38.659 13511 13544 D NavServiceProvider: Second to last stop coordinates: 28.047024, -82.434526
02-28 09:09:38.660 13511 13544 D NavServiceProvider: Setting units automatically
02-28 09:09:38.661 13511 13544 D NavServiceProvider: Detecting stop. distance_d=1087.9384. stop_type=1 speed=0.466905
02-28 09:09:38.661 13511 13544 D NavigationTest: 81: (28.037207, -82.434588, 0.466905)	R:false  F:false
02-28 09:09:38.661 13511 13544 D NavigationTest: 82: (28.037207, -82.434588, 0.466905)	R:false  F:false
02-28 09:09:38.661 13511 13544 D NavServiceProvider: Second to last stop coordinates: 28.047024, -82.434526
02-28 09:09:38.662 13511 13544 D NavServiceProvider: Setting units automatically
02-28 09:09:38.663 13511 13544 D NavServiceProvider: Detecting stop. distance_d=1087.9406. stop_type=1 speed=0.471699
02-28 09:09:38.663 13511 13544 D NavigationTest: 83: (28.037207, -82.434592, 0.471699)	R:false  F:false
02-28 09:09:38.663 13511 13544 D NavServiceProvider: Second to last stop coordinates: 28.047024, -82.434526
02-28 09:09:38.663 13511 13544 D NavServiceProvider: Setting units automatically
02-28 09:09:38.664 13511 13544 D NavServiceProvider: Detecting stop. distance_d=1088.057. stop_type=1 speed=0.483839
02-28 09:09:38.665 13511 13544 D NavigationTest: 84: (28.037206, -82.434601, 0.483839)	R:false  F:false
02-28 09:09:38.665 13511 13544 D NavigationTest: 85: (28.037206, -82.434601, 0.483839)	R:false  F:false
02-28 09:09:38.665 13511 13544 D NavServiceProvider: Second to last stop coordinates: 28.047024, -82.434526
02-28 09:09:38.665 13511 13544 D NavServiceProvider: Setting units automatically
02-28 09:09:38.666 13511 13544 D NavServiceProvider: Detecting stop. distance_d=1087.8275. stop_type=1 speed=0.201246
02-28 09:09:38.666 13511 13544 D NavigationTest: 86: (28.037208, -82.434588, 0.201246)	R:false  F:false
02-28 09:09:38.666 13511 13544 D NavigationTest: 87: (28.037208, -82.434588, 0.201246)	R:false  F:false
02-28 09:09:38.666 13511 13544 D NavServiceProvider: Second to last stop coordinates: 28.047024, -82.434526
02-28 09:09:38.666 13511 13544 D NavServiceProvider: Setting units automatically
02-28 09:09:38.668 13511 13544 D NavServiceProvider: Detecting stop. distance_d=1088.0514. stop_type=1 speed=0.0
02-28 09:09:38.668 13511 13544 D NavigationTest: 88: (28.037206, -82.434592, 0.000000)	R:false  F:false
02-28 09:09:38.668 13511 13544 D NavigationTest: 89: (28.037206, -82.434592, 0.000000)	R:false  F:false
02-28 09:09:38.668 13511 13544 D NavServiceProvider: Second to last stop coordinates: 28.047024, -82.434526
02-28 09:09:38.668 13511 13544 D NavServiceProvider: Setting units automatically
02-28 09:09:38.669 13511 13544 D NavServiceProvider: Detecting stop. distance_d=1087.3778. stop_type=1 speed=0.372156
02-28 09:09:38.669 13511 13544 D NavigationTest: 90: (28.037212, -82.434575, 0.372156)	R:false  F:false
02-28 09:09:38.669 13511 13544 D NavigationTest: 91: (28.037212, -82.434575, 0.372156)	R:false  F:false
02-28 09:09:38.669 13511 13544 D NavServiceProvider: Second to last stop coordinates: 28.047024, -82.434526
02-28 09:09:38.670 13511 13544 D NavServiceProvider: Setting units automatically
02-28 09:09:38.671 13511 13544 D NavServiceProvider: Detecting stop. distance_d=1087.2653. stop_type=1 speed=0.380526
02-28 09:09:38.671 13511 13544 D NavigationTest: 92: (28.037213, -82.434571, 0.380526)	R:false  F:false
02-28 09:09:38.671 13511 13544 D NavServiceProvider: Second to last stop coordinates: 28.047024, -82.434526
02-28 09:09:38.671 13511 13544 D NavServiceProvider: Setting units automatically
02-28 09:09:38.672 13511 13544 D NavServiceProvider: Detecting stop. distance_d=1088.2627. stop_type=1 speed=0.437379
02-28 09:09:38.672 13511 13544 D NavigationTest: 93: (28.037204, -82.434571, 0.437379)	R:false  F:false
02-28 09:09:38.672 13511 13544 D NavigationTest: 94: (28.037204, -82.434571, 0.437379)	R:false  F:false
02-28 09:09:38.672 13511 13544 D NavServiceProvider: Second to last stop coordinates: 28.047024, -82.434526
02-28 09:09:38.673 13511 13544 D NavServiceProvider: Setting units automatically
02-28 09:09:38.674 13511 13544 D NavServiceProvider: Detecting stop. distance_d=1087.4924. stop_type=1 speed=0.542033
02-28 09:09:38.674 13511 13544 D NavigationTest: 95: (28.037211, -82.434583, 0.542033)	R:false  F:false
02-28 09:09:38.674 13511 13544 D NavigationTest: 96: (28.037211, -82.434583, 0.542033)	R:false  F:false
02-28 09:09:38.674 13511 13544 D NavServiceProvider: Second to last stop coordinates: 28.047024, -82.434526
02-28 09:09:38.674 13511 13544 D NavServiceProvider: Setting units automatically
02-28 09:09:38.675 13511 13544 D NavServiceProvider: Detecting stop. distance_d=1088.0508. stop_type=1 speed=0.0
02-28 09:09:38.675 13511 13544 D NavigationTest: 97: (28.037206, -82.434591, 0.000000)	R:false  F:false
02-28 09:09:38.675 13511 13544 D NavigationTest: 98: (28.037206, -82.434591, 0.000000)	R:false  F:false
02-28 09:09:38.675 13511 13544 D NavServiceProvider: Second to last stop coordinates: 28.047024, -82.434526
02-28 09:09:38.676 13511 13544 D NavServiceProvider: Setting units automatically
02-28 09:09:38.677 13511 13544 D NavServiceProvider: Detecting stop. distance_d=1088.3816. stop_type=1 speed=0.0
02-28 09:09:38.677 13511 13544 D NavigationTest: 99: (28.037203, -82.434588, 0.000000)	R:false  F:false
02-28 09:09:38.677 13511 13544 D NavigationTest: 100: (28.037203, -82.434588, 0.000000)	R:false  F:false
02-28 09:09:38.677 13511 13544 D NavServiceProvider: Second to last stop coordinates: 28.047024, -82.434526
02-28 09:09:38.677 13511 13544 D NavServiceProvider: Setting units automatically
02-28 09:09:38.679 13511 13544 D NavServiceProvider: Detecting stop. distance_d=1087.7195. stop_type=1 speed=0.0
02-28 09:09:38.679 13511 13544 D NavigationTest: 101: (28.037209, -82.434593, 0.000000)	R:false  F:false
02-28 09:09:38.679 13511 13544 D NavigationTest: 102: (28.037209, -82.434593, 0.000000)	R:false  F:false
02-28 09:09:38.679 13511 13544 D NavServiceProvider: Second to last stop coordinates: 28.047024, -82.434526
02-28 09:09:38.679 13511 13544 D NavServiceProvider: Setting units automatically
02-28 09:09:38.680 13511 13544 D NavServiceProvider: Detecting stop. distance_d=1087.9424. stop_type=1 speed=0.0
02-28 09:09:38.681 13511 13544 D NavigationTest: 103: (28.037207, -82.434595, 0.000000)	R:false  F:false
02-28 09:09:38.681 13511 13544 D NavigationTest: 104: (28.037207, -82.434595, 0.000000)	R:false  F:false
02-28 09:09:38.681 13511 13544 D NavServiceProvider: Second to last stop coordinates: 28.047024, -82.434526
02-28 09:09:38.681 13511 13544 D NavServiceProvider: Setting units automatically
02-28 09:09:38.682 13511 13544 D NavServiceProvider: Detecting stop. distance_d=1087.6118. stop_type=1 speed=0.0
02-28 09:09:38.682 13511 13544 D NavigationTest: 105: (28.037210, -82.434598, 0.000000)	R:false  F:false
02-28 09:09:38.682 13511 13544 D NavigationTest: 106: (28.037210, -82.434598, 0.000000)	R:false  F:false
02-28 09:09:38.682 13511 13544 D NavServiceProvider: Second to last stop coordinates: 28.047024, -82.434526
02-28 09:09:38.683 13511 13544 D NavServiceProvider: Setting units automatically
02-28 09:09:38.684 13511 13544 D NavServiceProvider: Detecting stop. distance_d=1087.7233. stop_type=1 speed=0.480521
02-28 09:09:38.684 13511 13544 D NavigationTest: 107: (28.037209, -82.434599, 0.480521)	R:false  F:false
02-28 09:09:38.684 13511 13544 D NavigationTest: 108: (28.037209, -82.434599, 0.480521)	R:false  F:false
02-28 09:09:38.684 13511 13544 D NavServiceProvider: Second to last stop coordinates: 28.047024, -82.434526
02-28 09:09:38.684 13511 13544 D NavServiceProvider: Setting units automatically
02-28 09:09:38.685 13511 13544 D NavServiceProvider: Detecting stop. distance_d=1086.9463. stop_type=1 speed=0.199249
02-28 09:09:38.685 13511 13544 D NavigationTest: 109: (28.037216, -82.434597, 0.199249)	R:false  F:false
02-28 09:09:38.685 13511 13544 D NavServiceProvider: Second to last stop coordinates: 28.047024, -82.434526
02-28 09:09:38.686 13511 13544 D NavServiceProvider: Setting units automatically
02-28 09:09:38.687 13511 13544 D NavServiceProvider: Detecting stop. distance_d=1086.8387. stop_type=1 speed=0.431393
02-28 09:09:38.687 13511 13544 D NavigationTest: 110: (28.037217, -82.434602, 0.431393)	R:false  F:false
02-28 09:09:38.687 13511 13544 D NavigationTest: 111: (28.037217, -82.434602, 0.431393)	R:false  F:false
02-28 09:09:38.687 13511 13544 D NavServiceProvider: Second to last stop coordinates: 28.047024, -82.434526
02-28 09:09:38.687 13511 13544 D NavServiceProvider: Setting units automatically
02-28 09:09:38.688 13511 13544 D NavServiceProvider: Detecting stop. distance_d=1087.8292. stop_type=1 speed=0.502494
02-28 09:09:38.688 13511 13544 D NavigationTest: 112: (28.037208, -82.434591, 0.502494)	R:false  F:false
02-28 09:09:38.688 13511 13544 D NavigationTest: 113: (28.037208, -82.434591, 0.502494)	R:false  F:false
02-28 09:09:38.688 13511 13544 D NavServiceProvider: Second to last stop coordinates: 28.047024, -82.434526
02-28 09:09:38.688 13511 13544 D NavServiceProvider: Setting units automatically
02-28 09:09:38.690 13511 13544 D NavServiceProvider: Detecting stop. distance_d=1089.1608. stop_type=1 speed=0.0
02-28 09:09:38.690 13511 13544 D NavigationTest: 114: (28.037196, -82.434594, 0.000000)	R:false  F:false
02-28 09:09:38.690 13511 13544 D NavServiceProvider: Second to last stop coordinates: 28.047024, -82.434526
02-28 09:09:38.690 13511 13544 D NavServiceProvider: Setting units automatically
02-28 09:09:38.691 13511 13544 D NavServiceProvider: Detecting stop. distance_d=1089.5984. stop_type=1 speed=0.420476
02-28 09:09:38.691 13511 13544 D NavigationTest: 115: (28.037192, -82.434584, 0.420476)	R:false  F:false
02-28 09:09:38.691 13511 13544 D NavigationTest: 116: (28.037192, -82.434584, 0.420476)	R:false  F:false
02-28 09:09:38.691 13511 13544 D NavServiceProvider: Second to last stop coordinates: 28.047024, -82.434526
02-28 09:09:38.691 13511 13544 D NavServiceProvider: Setting units automatically
02-28 09:09:38.692 13511 13544 D NavServiceProvider: Detecting stop. distance_d=1088.6105. stop_type=1 speed=1.082405
02-28 09:09:38.693 13511 13544 D NavigationTest: 117: (28.037201, -82.434600, 1.082405)	R:false  F:false
02-28 09:09:38.693 13511 13544 D NavServiceProvider: Second to last stop coordinates: 28.047024, -82.434526
02-28 09:09:38.693 13511 13544 D NavServiceProvider: Setting units automatically
02-28 09:09:38.694 13511 13544 D NavServiceProvider: Detecting stop. distance_d=1090.0518. stop_type=1 speed=1.836573
02-28 09:09:38.694 13511 13544 D NavigationTest: 118: (28.037188, -82.434601, 1.836573)	R:false  F:false
02-28 09:09:38.694 13511 13544 D NavigationTest: 119: (28.037188, -82.434601, 1.836573)	R:false  F:false
02-28 09:09:38.694 13511 13544 D NavServiceProvider: Second to last stop coordinates: 28.047024, -82.434526
02-28 09:09:38.694 13511 13544 D NavServiceProvider: Setting units automatically
02-28 09:09:38.695 13511 13544 D NavServiceProvider: Detecting stop. distance_d=1090.6079. stop_type=1 speed=0.582409
02-28 09:09:38.695 13511 13544 D NavigationTest: 120: (28.037183, -82.434604, 0.582409)	R:false  F:false
02-28 09:09:38.695 13511 13544 D NavigationTest: 121: (28.037183, -82.434604, 0.582409)	R:false  F:false
02-28 09:09:38.695 13511 13544 D NavServiceProvider: Second to last stop coordinates: 28.047024, -82.434526
02-28 09:09:38.696 13511 13544 D NavServiceProvider: Setting units automatically
02-28 09:09:38.697 13511 13544 D NavServiceProvider: Detecting stop. distance_d=1090.4991. stop_type=1 speed=0.0
02-28 09:09:38.697 13511 13544 D NavigationTest: 122: (28.037184, -82.434607, 0.000000)	R:false  F:false
02-28 09:09:38.697 13511 13544 D NavigationTest: 123: (28.037184, -82.434607, 0.000000)	R:false  F:false
02-28 09:09:38.697 13511 13544 D NavServiceProvider: Second to last stop coordinates: 28.047024, -82.434526
02-28 09:09:38.697 13511 13544 D NavServiceProvider: Setting units automatically
02-28 09:09:38.698 13511 13544 D NavServiceProvider: Detecting stop. distance_d=1089.391. stop_type=1 speed=0.0
02-28 09:09:38.698 13511 13544 D NavigationTest: 124: (28.037194, -82.434607, 0.000000)	R:false  F:false
02-28 09:09:38.698 13511 13544 D NavServiceProvider: Second to last stop coordinates: 28.047024, -82.434526
02-28 09:09:38.698 13511 13544 D NavServiceProvider: Setting units automatically
02-28 09:09:38.700 13511 13544 D NavServiceProvider: Detecting stop. distance_d=1089.391. stop_type=1 speed=0.0
02-28 09:09:38.700 13511 13544 D NavigationTest: 125: (28.037194, -82.434607, 0.000000)	R:false  F:false
02-28 09:09:38.700 13511 13544 D NavigationTest: 126: (28.037194, -82.434607, 0.000000)	R:false  F:false
02-28 09:09:38.700 13511 13544 D NavServiceProvider: Second to last stop coordinates: 28.047024, -82.434526
02-28 09:09:38.700 13511 13544 D NavServiceProvider: Setting units automatically
02-28 09:09:38.701 13511 13544 D NavServiceProvider: Detecting stop. distance_d=1089.3868. stop_type=1 speed=0.0
02-28 09:09:38.701 13511 13544 D NavigationTest: 127: (28.037194, -82.434601, 0.000000)	R:false  F:false
02-28 09:09:38.701 13511 13544 D NavigationTest: 128: (28.037194, -82.434601, 0.000000)	R:false  F:false
02-28 09:09:38.701 13511 13544 D NavServiceProvider: Second to last stop coordinates: 28.047024, -82.434526
02-28 09:09:38.701 13511 13544 D NavServiceProvider: Setting units automatically
02-28 09:09:38.703 13511 13544 D NavServiceProvider: Detecting stop. distance_d=1088.9442. stop_type=1 speed=0.0
02-28 09:09:38.703 13511 13544 D NavigationTest: 129: (28.037198, -82.434602, 0.000000)	R:false  F:false
02-28 09:09:38.703 13511 13544 D NavServiceProvider: Second to last stop coordinates: 28.047024, -82.434526
02-28 09:09:38.703 13511 13544 D NavServiceProvider: Setting units automatically
02-28 09:09:38.704 13511 13544 D NavServiceProvider: Detecting stop. distance_d=1088.9423. stop_type=1 speed=0.0
02-28 09:09:38.704 13511 13544 D NavigationTest: 130: (28.037198, -82.434599, 0.000000)	R:false  F:false
02-28 09:09:38.704 13511 13544 D NavServiceProvider: Second to last stop coordinates: 28.047024, -82.434526
02-28 09:09:38.704 13511 13544 D NavServiceProvider: Setting units automatically
02-28 09:09:38.705 13511 13544 D NavServiceProvider: Detecting stop. distance_d=1088.9423. stop_type=1 speed=0.0
02-28 09:09:38.705 13511 13544 D NavigationTest: 131: (28.037198, -82.434599, 0.000000)	R:false  F:false
02-28 09:09:38.705 13511 13544 D NavigationTest: 132: (28.037198, -82.434599, 0.000000)	R:false  F:false
02-28 09:09:38.706 13511 13544 D NavServiceProvider: Second to last stop coordinates: 28.047024, -82.434526
02-28 09:09:38.706 13511 13544 D NavServiceProvider: Setting units automatically
02-28 09:09:38.707 13511 13544 D NavServiceProvider: Detecting stop. distance_d=1088.9429. stop_type=1 speed=0.0
02-28 09:09:38.707 13511 13544 D NavigationTest: 133: (28.037198, -82.434600, 0.000000)	R:false  F:false
02-28 09:09:38.707 13511 13544 D NavServiceProvider: Second to last stop coordinates: 28.047024, -82.434526
02-28 09:09:38.707 13511 13544 D NavServiceProvider: Setting units automatically
02-28 09:09:38.708 13511 13544 D NavServiceProvider: Detecting stop. distance_d=1088.7213. stop_type=1 speed=0.0
02-28 09:09:38.708 13511 13544 D NavigationTest: 134: (28.037200, -82.434600, 0.000000)	R:false  F:false
02-28 09:09:38.708 13511 13544 D NavigationTest: 135: (28.037200, -82.434600, 0.000000)	R:false  F:false
02-28 09:09:38.708 13511 13544 D NavigationTest: 136: (28.037200, -82.434600, 0.000000)	R:false  F:false
02-28 09:09:38.708 13511 13544 D NavServiceProvider: Second to last stop coordinates: 28.047024, -82.434526
02-28 09:09:38.709 13511 13544 D NavServiceProvider: Setting units automatically
02-28 09:09:38.710 13511 13544 D NavServiceProvider: Detecting stop. distance_d=1088.4996. stop_type=1 speed=0.0
02-28 09:09:38.710 13511 13544 D NavigationTest: 137: (28.037202, -82.434600, 0.000000)	R:false  F:false
02-28 09:09:38.710 13511 13544 D NavigationTest: 138: (28.037202, -82.434600, 0.000000)	R:false  F:false
02-28 09:09:38.710 13511 13544 D NavServiceProvider: Second to last stop coordinates: 28.047024, -82.434526
02-28 09:09:38.710 13511 13544 D NavServiceProvider: Setting units automatically
02-28 09:09:38.711 13511 13544 D NavServiceProvider: Detecting stop. distance_d=1081.8527. stop_type=1 speed=3.97
02-28 09:09:38.712 13511 13544 D NavigationTest: 139: (28.037262, -82.434603, 3.970000)	R:false  F:false
02-28 09:09:38.712 13511 13544 D NavServiceProvider: Second to last stop coordinates: 28.047024, -82.434526
02-28 09:09:38.712 13511 13544 D NavServiceProvider: Setting units automatically
02-28 09:09:38.713 13511 13544 D NavServiceProvider: Detecting stop. distance_d=1076.7523. stop_type=1 speed=4.460011
02-28 09:09:38.713 13511 13544 D NavigationTest: 140: (28.037308, -82.434599, 4.460011)	R:false  F:false
02-28 09:09:38.713 13511 13544 D NavigationTest: 141: (28.037308, -82.434599, 4.460011)	R:false  F:false
02-28 09:09:38.713 13511 13544 D NavServiceProvider: Second to last stop coordinates: 28.047024, -82.434526
02-28 09:09:38.713 13511 13544 D NavServiceProvider: Setting units automatically
02-28 09:09:38.714 13511 13544 D NavServiceProvider: Detecting stop. distance_d=1068.7662. stop_type=1 speed=6.161826
02-28 09:09:38.714 13511 13544 D NavigationTest: 142: (28.037380, -82.434587, 6.161826)	R:false  F:false
02-28 09:09:38.714 13511 13544 D NavigationTest: 143: (28.037380, -82.434587, 6.161826)	R:false  F:false
02-28 09:09:38.714 13511 13544 D NavServiceProvider: Second to last stop coordinates: 28.047024, -82.434526
02-28 09:09:38.715 13511 13544 D NavServiceProvider: Setting units automatically
02-28 09:09:38.716 13511 13544 D NavServiceProvider: Detecting stop. distance_d=1061.1187. stop_type=1 speed=6.690904
02-28 09:09:38.716 13511 13544 D NavigationTest: 144: (28.037449, -82.434585, 6.690904)	R:false  F:false
02-28 09:09:38.716 13511 13544 D NavServiceProvider: Second to last stop coordinates: 28.047024, -82.434526
02-28 09:09:38.716 13511 13544 D NavServiceProvider: Setting units automatically
02-28 09:09:38.717 13511 13544 D NavServiceProvider: Detecting stop. distance_d=1051.923. stop_type=1 speed=7.590534
02-28 09:09:38.717 13511 13544 D NavigationTest: 145: (28.037532, -82.434589, 7.590534)	R:false  F:false
02-28 09:09:38.717 13511 13544 D NavigationTest: 146: (28.037532, -82.434589, 7.590534)	R:false  F:false
02-28 09:09:38.717 13511 13544 D NavServiceProvider: Second to last stop coordinates: 28.047024, -82.434526
02-28 09:09:38.718 13511 13544 D NavServiceProvider: Setting units automatically
02-28 09:09:38.718 13511 13544 D NavServiceProvider: Detecting stop. distance_d=1044.1669. stop_type=1 speed=7.89031
02-28 09:09:38.719 13511 13544 D NavigationTest: 147: (28.037602, -82.434591, 7.890310)	R:false  F:false
02-28 09:09:38.719 13511 13544 D NavServiceProvider: Second to last stop coordinates: 28.047024, -82.434526
02-28 09:09:38.719 13511 13544 D NavServiceProvider: Setting units automatically
02-28 09:09:38.720 13511 13544 D NavServiceProvider: Detecting stop. distance_d=1034.9624. stop_type=1 speed=8.620209
02-28 09:09:38.720 13511 13544 D NavigationTest: 148: (28.037685, -82.434579, 8.620209)	R:false  F:false
02-28 09:09:38.720 13511 13544 D NavigationTest: 149: (28.037685, -82.434579, 8.620209)	R:false  F:false
02-28 09:09:38.720 13511 13544 D NavServiceProvider: Second to last stop coordinates: 28.047024, -82.434526
02-28 09:09:38.720 13511 13544 D NavServiceProvider: Setting units automatically
02-28 09:09:38.721 13511 13544 D NavServiceProvider: Detecting stop. distance_d=1024.6572. stop_type=1 speed=8.700144
02-28 09:09:38.721 13511 13544 D NavigationTest: 150: (28.037778, -82.434581, 8.700144)	R:false  F:false
02-28 09:09:38.722 13511 13544 D NavigationTest: 151: (28.037778, -82.434581, 8.700144)	R:false  F:false
02-28 09:09:38.722 13511 13544 D NavServiceProvider: Second to last stop coordinates: 28.047024, -82.434526
02-28 09:09:38.722 13511 13544 D NavServiceProvider: Setting units automatically
02-28 09:09:38.723 13511 13544 D NavServiceProvider: Detecting stop. distance_d=1016.8956. stop_type=1 speed=8.560053
02-28 09:09:38.723 13511 13544 D NavigationTest: 152: (28.037848, -82.434572, 8.560053)	R:false  F:false
02-28 09:09:38.723 13511 13544 D NavigationTest: 153: (28.037848, -82.434572, 8.560053)	R:false  F:false
02-28 09:09:38.723 13511 13544 D NavServiceProvider: Second to last stop coordinates: 28.047024, -82.434526
02-28 09:09:38.723 13511 13544 D NavServiceProvider: Setting units automatically
02-28 09:09:38.724 13511 13544 D NavServiceProvider: Detecting stop. distance_d=1006.921. stop_type=1 speed=9.01
02-28 09:09:38.725 13511 13544 D NavigationTest: 154: (28.037938, -82.434570, 9.010000)	R:false  F:false
02-28 09:09:38.725 13511 13544 D NavigationTest: 155: (28.037938, -82.434570, 9.010000)	R:false  F:false
02-28 09:09:38.725 13511 13544 D NavServiceProvider: Second to last stop coordinates: 28.047024, -82.434526
02-28 09:09:38.725 13511 13544 D NavServiceProvider: Setting units automatically
02-28 09:09:38.726 13511 13544 D NavServiceProvider: Detecting stop. distance_d=996.72943. stop_type=1 speed=9.330648
02-28 09:09:38.726 13511 13544 D NavigationTest: 156: (28.038030, -82.434578, 9.330648)	R:false  F:false
02-28 09:09:38.726 13511 13544 D NavServiceProvider: Second to last stop coordinates: 28.047024, -82.434526
02-28 09:09:38.726 13511 13544 D NavServiceProvider: Setting units automatically
02-28 09:09:38.727 13511 13544 D NavServiceProvider: Detecting stop. distance_d=986.9795. stop_type=1 speed=9.770329
02-28 09:09:38.727 13511 13544 D NavigationTest: 157: (28.038118, -82.434582, 9.770329)	R:false  F:false
02-28 09:09:38.728 13511 13544 D NavigationTest: 158: (28.038118, -82.434582, 9.770329)	R:false  F:false
02-28 09:09:38.728 13511 13544 D NavServiceProvider: Second to last stop coordinates: 28.047024, -82.434526
02-28 09:09:38.728 13511 13544 D NavServiceProvider: Setting units automatically
02-28 09:09:38.729 13511 13544 D NavServiceProvider: Detecting stop. distance_d=976.568. stop_type=1 speed=9.820004
02-28 09:09:38.729 13511 13544 D NavigationTest: 159: (28.038212, -82.434591, 9.820004)	R:false  F:false
02-28 09:09:38.729 13511 13544 D NavigationTest: 160: (28.038212, -82.434591, 9.820004)	R:false  F:false
02-28 09:09:38.729 13511 13544 D NavServiceProvider: Second to last stop coordinates: 28.047024, -82.434526
02-28 09:09:38.729 13511 13544 D NavServiceProvider: Setting units automatically
02-28 09:09:38.730 13511 13544 D NavServiceProvider: Detecting stop. distance_d=966.7033. stop_type=1 speed=10.300175
