02-28 09:09:31.815  2666  3413 D HeadsetService: isScoOrCallActive(): Call Active:falseCall is Ringing:falseSCO is Active:false
02-28 09:09:31.816  2666  3413 D HeadsetService:  isAudioOn: The number of audio connected devices 0
02-28 09:09:31.816  2666  3413 I Avrcp_ext: updatePlayStatusForDevice: device: null
02-28 09:09:31.816  2666  3413 V Avrcp_ext: updatePlaybackState (1): old=PlaybackState {state=2, position=-1, buffered position=0, speed=0.0, updated=1774892, actions=0, custom actions=[], active item id=-1, error=null}(2), new=PlaybackState {state=2, position=-1, buffered position=0, speed=0.0, updated=1775144, actions=0, custom actions=[], active item id=-1, error=null}(2)
02-28 09:09:31.816  2666  3413 I Avrcp_ext: Exit updatePlayStatusForDevice
02-28 09:09:31.816  2666  3413 D HeadsetService:  isAudioOn: The number of audio connected devices 0
02-28 09:09:31.816  2666  3413 D HeadsetService: isScoOrCallActive(): Call Active:falseCall is Ringing:falseSCO is Active:false
02-28 09:09:31.816  2666  3413 D HeadsetService:  isAudioOn: The number of audio connected devices 0
02-28 09:09:31.816  2666  3413 I Avrcp_ext: updatePlayStatusForDevice: device: null
02-28 09:09:31.816  2666  3413 V Avrcp_ext: updatePlaybackState (1): old=PlaybackState {state=2, position=-1, buffered position=0, speed=0.0, updated=1774892, actions=0, custom actions=[], active item id=-1, error=null}(2), new=PlaybackState {state=2, position=-1, buffered position=0, speed=0.0, updated=1775144, actions=0, custom actions=[], active item id=-1, error=null}(2)
02-28 09:09:31.816  2666  3413 I Avrcp_ext: Exit updatePlayStatusForDevice
02-28 09:09:31.816 13511 13544 D NavServiceProvider: Detecting stop. distance_d=810.5315. stop_type=1 speed=12.5025
02-28 09:09:31.816 13511 13544 D NavigationTest: 148: (28.065720, -82.409741, 12.502500)	R:false  F:false
02-28 09:09:31.817 13511 13544 D NavigationTest: 149: (28.065720, -82.409741, 12.502500)	R:false  F:false
02-28 09:09:31.817 13511 13544 D NavServiceProvider: Second to last stop coordinates: 28.059175, -82.413421
02-28 09:09:31.817  2666  3413 D HeadsetService:  isAudioOn: The number of audio connected devices 0
02-28 09:09:31.817  2666  3413 D HeadsetService: isScoOrCallActive(): Call Active:falseCall is Ringing:falseSCO is Active:false
02-28 09:09:31.817 13511 13544 D NavServiceProvider: Setting units automatically
02-28 09:09:31.817  2666  3413 D HeadsetService:  isAudioOn: The number of audio connected devices 0
02-28 09:09:31.817  2666  3413 I Avrcp_ext: updatePlayStatusForDevice: device: null
02-28 09:09:31.817  2666  3413 V Avrcp_ext: updatePlaybackState (1): old=PlaybackState {state=2, position=-1, buffered position=0, speed=0.0, updated=1774892, actions=0, custom actions=[], active item id=-1, error=null}(2), new=PlaybackState {state=2, position=-1, buffered position=0, speed=0.0, updated=1775144, actions=0, custom actions=[], active item id=-1, error=null}(2)
02-28 09:09:31.817  2666  3413 I Avrcp_ext: Exit updatePlayStatusForDevice
02-28 09:09:31.817  2666  3413 D Avrcp_ext: Enter sendPlayPosNotificationRsp
02-28 09:09:31.817  2666  3413 D Avrcp_ext: sendPlayPosNotificationRsp: Not registered or requesting.
02-28 09:09:31.817  2666  3413 D Avrcp_ext: Enter sendPlayPosNotificationRsp
02-28 09:09:31.817  2666  3413 D Avrcp_ext: sendPlayPosNotificationRsp: Not registered or requesting.
02-28 09:09:31.817  2666  3413 D Avrcp_ext: Enter sendPlayPosNotificationRsp
02-28 09:09:31.817  2666  3413 D Avrcp_ext: sendPlayPosNotificationRsp: Not registered or requesting.
02-28 09:09:31.817  2666  3413 D Avrcp_ext: Enter sendPlayPosNotificationRsp
02-28 09:09:31.817  2666  3413 D Avrcp_ext: sendPlayPosNotificationRsp: Not registered or requesting.
02-28 09:09:31.817  2666  3413 D Avrcp_ext: Enter sendPlayPosNotificationRsp
02-28 09:09:31.817  2666  3413 D Avrcp_ext: sendPlayPosNotificationRsp: Not registered or requesting.
02-28 09:09:31.817  2666  3413 V Avrcp_ext: Exit updatePlayerStateAndPosition
02-28 09:09:31.819 13511 13544 D NavServiceProvider: Detecting stop. distance_d=816.197. stop_type=1 speed=12.25765
02-28 09:09:31.819 13511 13544 D NavigationTest: 150: (28.065722, -82.409618, 12.257650)	R:false  F:false
02-28 09:09:31.819 13511 13544 D NavigationTest: 151: (28.065722, -82.409618, 12.257650)	R:false  F:false
02-28 09:09:31.819 13511 13544 D NavServiceProvider: Second to last stop coordinates: 28.059175, -82.413421
02-28 09:09:31.819 13511 13544 D NavServiceProvider: Setting units automatically
02-28 09:09:31.821 13511 13544 D NavServiceProvider: Detecting stop. distance_d=821.06244. stop_type=1 speed=11.280514
02-28 09:09:31.821 13511 13544 D NavigationTest: 152: (28.065721, -82.409509, 11.280514)	R:false  F:false
02-28 09:09:31.821 13511 13544 D NavigationTest: 153: (28.065721, -82.409509, 11.280514)	R:false  F:false
02-28 09:09:31.821 13511 13544 D NavServiceProvider: Second to last stop coordinates: 28.059175, -82.413421
02-28 09:09:31.821 13511 13544 D NavServiceProvider: Setting units automatically
02-28 09:09:31.823   871  6793 V EffectDiracSound: DiracSound_command() start, cmdCode=20
02-28 09:09:31.823   871  6793 V EffectDiracSound: DiracSound_Command EFFECT_CMD_OFFLOAD
02-28 09:09:31.823 13511 13544 D NavServiceProvider: Detecting stop. distance_d=825.23975. stop_type=1 speed=9.340771
02-28 09:09:31.823 13511 13544 D NavigationTest: 154: (28.065720, -82.409417, 9.340771)	R:false  F:false
02-28 09:09:31.823 13511 13544 D NavServiceProvider: Second to last stop coordinates: 28.059175, -82.413421
02-28 09:09:31.823   871  6793 V EffectDiracSound: DiracSound_command() start, cmdCode=1
02-28 09:09:31.823   871  6793 V EffectDiracSound: DiracSound_setConfig start
02-28 09:09:31.823   871  6793 I EffectDiracSound: DiracSound_updateState(), enable=0, hifi=0, device=0x2, headset=5, samplingRate=48000
02-28 09:09:31.823   871  6793 I EffectDiracSound: DiracSound_updateState(), mode=0, music=0, movie=0, reset=0
02-28 09:09:31.823   871  6793 I EffectDiracSound: DiracSound_updateState(), Speaker Movie/Stereo Mode is not supported. Stop update state.
02-28 09:09:31.823   871  6793 W EffectHAL: Effect 0xe4b38cd0 command SET_CONFIG returned status: Invalid argument
02-28 09:09:31.823   871  6793 V EffectDiracSound: DiracSound_command() start, cmdCode=1
02-28 09:09:31.823   871  6793 V EffectDiracSound: DiracSound_setConfig start
02-28 09:09:31.823   871  6793 I EffectDiracSound: DiracSound_updateState(), enable=0, hifi=0, device=0x2, headset=5, samplingRate=48000
02-28 09:09:31.823   871  6793 I EffectDiracSound: DiracSound_updateState(), mode=0, music=0, movie=0, reset=0
02-28 09:09:31.823   871  6793 I EffectDiracSound: DiracSound_updateState(), Speaker Movie/Stereo Mode is not supported. Stop update state.
02-28 09:09:31.823   871  6793 V EffectDiracSound: DiracSound_command() start, cmdCode=9
02-28 09:09:31.823   871  6793 V EffectDiracSound: DiracSound_Command EFFECT_CMD_SET_DEVICE: 0x00000002
02-28 09:09:31.823 13511 13544 D NavServiceProvider: Setting units automatically
02-28 09:09:31.823   871  6793 V EffectDiracSound: DiracSound_command() start, cmdCode=11
02-28 09:09:31.823   871  6793 V EffectDiracSound: DiracSound_Command EFFECT_CMD_SET_AUDIO_MODE: 0
02-28 09:09:31.825 13511 13544 D NavServiceProvider: Detecting stop. distance_d=829.1184. stop_type=1 speed=8.381527
02-28 09:09:31.825 13511 13544 D NavigationTest: 155: (28.065722, -82.409339, 8.381527)	R:false  F:false
02-28 09:09:31.825 13511 13544 D NavigationTest: 156: (28.065722, -82.409339, 8.381527)	R:false  F:false
02-28 09:09:31.825 13511 13544 D NavServiceProvider: Second to last stop coordinates: 28.059175, -82.413421
02-28 09:09:31.826 13511 13544 D NavServiceProvider: Setting units automatically
02-28 09:09:31.826   871  6793 D msm8974_platform: platform_split_snd_device: snd_device(2) num devices(1) new_snd_devices(0)
02-28 09:09:31.826   871  6793 D ACDB-LOADER: ACDB -> send_audvoltable
02-28 09:09:31.826   871  6793 D ACDB-LOADER: ACDB -> ACDB_CMD_GET_AUDPROC_VOL_STEP_TABLE_SIZE
02-28 09:09:31.827   871  6793 D ACDB-LOADER: ACDB -> ACDB_CMD_GET_AUDPROC_GAIN_DEP_STEP_TABLE, vol index 5
02-28 09:09:31.827   871  6793 D         : Failed to fetch the lookup information of the device 0000000F
02-28 09:09:31.827   871  6793 E ACDB-LOADER: Error: ACDB AudProc vol returned = -19
02-28 09:09:31.827   871  6793 D ACDB-LOADER: ACDB -> AUDIO_SET_VOL_CAL cal type = 40
02-28 09:09:31.827 13511 13544 D NavServiceProvider: Detecting stop. distance_d=830.2616. stop_type=1 speed=5.147815
02-28 09:09:31.827 13511 13544 D NavigationTest: 157: (28.065721, -82.409313, 5.147815)	R:false  F:false
02-28 09:09:31.827 13511 13544 D NavServiceProvider: Second to last stop coordinates: 28.059175, -82.413421
02-28 09:09:31.828 13511 13544 D NavServiceProvider: Setting units automatically
02-28 09:09:31.829 13511 13544 D NavServiceProvider: Detecting stop. distance_d=831.8433. stop_type=1 speed=4.71699
02-28 09:09:31.829 13511 13544 D NavigationTest: 158: (28.065718, -82.409274, 4.716990)	R:false  F:false
02-28 09:09:31.829 13511 13544 D NavigationTest: 159: (28.065718, -82.409274, 4.716990)	R:false  F:false
02-28 09:09:31.829 13511 13544 D NavServiceProvider: Second to last stop coordinates: 28.059175, -82.413421
02-28 09:09:31.829 13511 13544 D NavServiceProvider: Setting units automatically
02-28 09:09:31.830 13511 13544 D NavServiceProvider: Detecting stop. distance_d=834.06805. stop_type=1 speed=4.930771
02-28 09:09:31.830 13511 13544 D NavigationTest: 160: (28.065719, -82.409230, 4.930771)	R:false  F:false
02-28 09:09:31.830 13511 13544 D NavigationTest: 161: (28.065719, -82.409230, 4.930771)	R:false  F:false
02-28 09:09:31.830 13511 13544 D NavServiceProvider: Second to last stop coordinates: 28.059175, -82.413421
02-28 09:09:31.831 13511 13544 D NavServiceProvider: Setting units automatically
02-28 09:09:31.832 13511 13544 D NavServiceProvider: Detecting stop. distance_d=837.1382. stop_type=1 speed=5.814852
02-28 09:09:31.832 13511 13544 D NavigationTest: 162: (28.065722, -82.409173, 5.814852)	R:false  F:false
02-28 09:09:31.832 13511 13544 D NavServiceProvider: Second to last stop coordinates: 28.059175, -82.413421
02-28 09:09:31.832 13511 13544 D NavServiceProvider: Setting units automatically
02-28 09:09:31.833 13511 13544 D NavServiceProvider: Detecting stop. distance_d=839.0435. stop_type=1 speed=6.269968
02-28 09:09:31.833 13511 13544 D NavigationTest: 163: (28.065711, -82.409113, 6.269968)	R:false  F:false
02-28 09:09:31.833 13511 13544 D NavigationTest: 164: (28.065711, -82.409113, 6.269968)	R:false  F:false
02-28 09:09:31.833 13511 13544 D NavServiceProvider: Second to last stop coordinates: 28.059175, -82.413421
02-28 09:09:31.833 13511 13544 D NavServiceProvider: Setting units automatically
02-28 09:09:31.834 13511 13544 D NavServiceProvider: Detecting stop. distance_d=843.1302. stop_type=1 speed=7.668931
02-28 09:09:31.834 13511 13544 D NavigationTest: 165: (28.065713, -82.409035, 7.668931)	R:false  F:false
02-28 09:09:31.834 13511 13544 D NavigationTest: 166: (28.065713, -82.409035, 7.668931)	R:false  F:false
02-28 09:09:31.834 13511 13544 D NavServiceProvider: Second to last stop coordinates: 28.059175, -82.413421
02-28 09:09:31.835 13511 13544 D NavServiceProvider: Setting units automatically
02-28 09:09:31.836 13511 13544 D NavServiceProvider: Detecting stop. distance_d=847.04034. stop_type=1 speed=8.381527
02-28 09:09:31.836 13511 13544 D NavigationTest: 167: (28.065711, -82.408954, 8.381527)	R:false  F:false
02-28 09:09:31.836 13511 13544 D NavigationTest: 168: (28.065711, -82.408954, 8.381527)	R:false  F:false
02-28 09:09:31.836 13511 13544 D NavServiceProvider: Second to last stop coordinates: 28.059175, -82.413421
02-28 09:09:31.836 13511 13544 D NavServiceProvider: Setting units automatically
02-28 09:09:31.837 13511 13544 D NavServiceProvider: Detecting stop. distance_d=850.8458. stop_type=1 speed=8.860023
02-28 09:09:31.837 13511 13544 D NavigationTest: 169: (28.065704, -82.408867, 8.860023)	R:false  F:false
02-28 09:09:31.837 13511 13544 D NavServiceProvider: Second to last stop coordinates: 28.059175, -82.413421
02-28 09:09:31.837 13511 13544 D NavServiceProvider: Setting units automatically
02-28 09:09:31.838 13511 13544 D NavServiceProvider: Detecting stop. distance_d=855.0956. stop_type=1 speed=8.860023
02-28 09:09:31.838 13511 13544 D NavigationTest: 170: (28.065701, -82.408780, 8.860023)	R:false  F:false
02-28 09:09:31.838 13511 13544 D NavigationTest: 171: (28.065701, -82.408780, 8.860023)	R:false  F:false
02-28 09:09:31.838 13511 13544 D NavServiceProvider: Second to last stop coordinates: 28.059175, -82.413421
02-28 09:09:31.839 13511 13544 D NavServiceProvider: Setting units automatically
02-28 09:09:31.840 13511 13544 D NavServiceProvider: Detecting stop. distance_d=859.55695. stop_type=1 speed=8.381527
02-28 09:09:31.840 13511 13544 D NavigationTest: 172: (28.065703, -82.408699, 8.381527)	R:false  F:false
02-28 09:09:31.840 13511 13544 D NavigationTest: 173: (28.065703, -82.408699, 8.381527)	R:false  F:false
02-28 09:09:31.840 13511 13544 D NavServiceProvider: Second to last stop coordinates: 28.059175, -82.413421
02-28 09:09:31.840 13511 13544 D NavServiceProvider: Setting units automatically
02-28 09:09:31.841 13511 13544 D NavServiceProvider: Detecting stop. distance_d=862.9357. stop_type=1 speed=7.905694
02-28 09:09:31.841 13511 13544 D NavigationTest: 174: (28.065698, -82.408627, 7.905694)	R:false  F:false
02-28 09:09:31.841 13511 13544 D NavServiceProvider: Second to last stop coordinates: 28.059175, -82.413421
02-28 09:09:31.841 13511 13544 D NavServiceProvider: Setting units automatically
02-28 09:09:31.842 13511 13544 D NavServiceProvider: Detecting stop. distance_d=867.5833. stop_type=1 speed=6.731456
02-28 09:09:31.842 13511 13544 D NavigationTest: 175: (28.065708, -82.408558, 6.731456)	R:false  F:false
02-28 09:09:31.842 13511 13544 D NavigationTest: 176: (28.065708, -82.408558, 6.731456)	R:false  F:false
02-28 09:09:31.843 13511 13544 D NavServiceProvider: Second to last stop coordinates: 28.059175, -82.413421
02-28 09:09:31.843 13511 13544 D NavServiceProvider: Setting units automatically
02-28 09:09:31.844 13511 13544 D NavServiceProvider: Detecting stop. distance_d=871.9363. stop_type=1 speed=6.041523
02-28 09:09:31.844 13511 13544 D NavigationTest: 177: (28.065721, -82.408500, 6.041523)	R:false  F:false
02-28 09:09:31.844 13511 13544 D NavigationTest: 178: (28.065721, -82.408500, 6.041523)	R:false  F:false
02-28 09:09:31.844 13511 13544 D NavigationTest: 179: (28.065721, -82.408500, 6.041523)	R:false  F:false
02-28 09:09:31.844 13511 13544 D NavigationTest: 180: (28.065721, -82.408500, 6.041523)	R:false  F:false
02-28 09:09:31.844 13511 13544 D NavServiceProvider: Second to last stop coordinates: 28.059175, -82.413421
02-28 09:09:31.844 13511 13544 D NavServiceProvider: Setting units automatically
02-28 09:09:31.845 13511 13544 D NavServiceProvider: Detecting stop. distance_d=874.34515. stop_type=1 speed=5.367728
02-28 09:09:31.845 13511 13544 D NavigationTest: 181: (28.065724, -82.408461, 5.367728)	R:false  F:false
02-28 09:09:31.845 13511 13544 D NavServiceProvider: Second to last stop coordinates: 28.059175, -82.413421
02-28 09:09:31.845 13511 13544 D NavServiceProvider: Setting units automatically
02-28 09:09:31.846 13511 13544 D NavServiceProvider: Detecting stop. distance_d=876.6174. stop_type=1 speed=4.301163
02-28 09:09:31.846 13511 13544 D NavigationTest: 182: (28.065726, -82.408423, 4.301163)	R:false  F:false
02-28 09:09:31.846 13511 13544 D NavigationTest: 183: (28.065726, -82.408423, 4.301163)	R:false  F:false
02-28 09:09:31.846 13511 13544 D NavServiceProvider: Second to last stop coordinates: 28.059175, -82.413421
02-28 09:09:31.847 13511 13544 D NavServiceProvider: Setting units automatically
02-28 09:09:31.848 13511 13544 D NavServiceProvider: Detecting stop. distance_d=877.4812. stop_type=1 speed=3.051639
02-28 09:09:31.848 13511 13544 D NavigationTest: 184: (28.065727, -82.408409, 3.051639)	R:false  F:false
02-28 09:09:31.848 13511 13544 D NavigationTest: 185: (28.065727, -82.408409, 3.051639)	R:false  F:false
02-28 09:09:31.848 13511 13544 D NavServiceProvider: Second to last stop coordinates: 28.059175, -82.413421
02-28 09:09:31.848 13511 13544 D NavServiceProvider: Setting units automatically
02-28 09:09:31.849 13511 13544 D NavServiceProvider: Detecting stop. distance_d=877.11444. stop_type=1 speed=2.54951
02-28 09:09:31.849 13511 13544 D NavigationTest: 186: (28.065723, -82.408409, 2.549510)	R:false  F:false
02-28 09:09:31.849 13511 13544 D NavServiceProvider: Second to last stop coordinates: 28.059175, -82.413421
02-28 09:09:31.849 13511 13544 D NavServiceProvider: Setting units automatically
02-28 09:09:31.850 13511 13544 D NavServiceProvider: Detecting stop. distance_d=877.8302. stop_type=1 speed=2.5
02-28 09:09:31.850 13511 13544 D NavigationTest: 187: (28.065729, -82.408406, 2.500000)	R:false  F:false
02-28 09:09:31.851 13511 13544 D NavigationTest: 188: (28.065729, -82.408406, 2.500000)	R:false  F:false
02-28 09:09:31.851 13511 13544 D NavServiceProvider: Second to last stop coordinates: 28.059175, -82.413421
02-28 09:09:31.851 13511 13544 D NavServiceProvider: Setting units automatically
02-28 09:09:31.852 13511 13544 D NavServiceProvider: Detecting stop. distance_d=878.2887. stop_type=1 speed=2.5
02-28 09:09:31.852 13511 13544 D NavigationTest: 189: (28.065734, -82.408406, 2.500000)	R:false  F:false
02-28 09:09:31.852 13511 13544 D NavServiceProvider: Second to last stop coordinates: 28.059175, -82.413421
02-28 09:09:31.852 13511 13544 D NavServiceProvider: Setting units automatically
02-28 09:09:31.853 13511 13544 D NavServiceProvider: Detecting stop. distance_d=878.60046. stop_type=1 speed=2.5
02-28 09:09:31.853 13511 13544 D NavigationTest: 190: (28.065738, -82.408407, 2.500000)	R:false  F:false
02-28 09:09:31.853 13511 13544 D NavigationTest: 191: (28.065738, -82.408407, 2.500000)	R:false  F:false
02-28 09:09:31.853 13511 13544 D NavServiceProvider: Second to last stop coordinates: 28.059175, -82.413421
02-28 09:09:31.853 13511 13544 D NavServiceProvider: Setting units automatically
02-28 09:09:31.854 13511 13544 D NavServiceProvider: Detecting stop. distance_d=878.6186. stop_type=1 speed=2.5
02-28 09:09:31.854 13511 13544 D NavigationTest: 192: (28.065740, -82.408410, 2.500000)	R:false  F:false
02-28 09:09:31.854 13511 13544 D NavServiceProvider: Second to last stop coordinates: 28.059175, -82.413421
02-28 09:09:31.855 13511 13544 D NavServiceProvider: Setting units automatically
02-28 09:09:31.856 13511 13544 D NavServiceProvider: Detecting stop. distance_d=878.6737. stop_type=1 speed=2.5
02-28 09:09:31.856 13511 13544 D NavigationTest: 193: (28.065740, -82.408409, 2.500000)	R:false  F:false
02-28 09:09:31.856 13511 13544 D NavigationTest: 194: (28.065740, -82.408409, 2.500000)	R:false  F:false
02-28 09:09:31.856 13511 13544 D NavServiceProvider: Second to last stop coordinates: 28.059175, -82.413421
02-28 09:09:31.856 13511 13544 D NavServiceProvider: Setting units automatically
02-28 09:09:31.857 13511 13544 D NavServiceProvider: Detecting stop. distance_d=878.43506. stop_type=1 speed=2.5
02-28 09:09:31.857 13511 13544 D NavigationTest: 195: (28.065738, -82.408410, 2.500000)	R:false  F:false
02-28 09:09:31.857 13511 13544 D NavServiceProvider: Second to last stop coordinates: 28.059175, -82.413421
02-28 09:09:31.857 13511 13544 D NavServiceProvider: Setting units automatically
02-28 09:09:31.858 13511 13544 D NavServiceProvider: Detecting stop. distance_d=878.7288. stop_type=1 speed=2.5
02-28 09:09:31.858 13511 13544 D NavigationTest: 196: (28.065740, -82.408408, 2.500000)	R:false  F:false
02-28 09:09:31.858 13511 13544 D NavigationTest: 197: (28.065740, -82.408408, 2.500000)	R:false  F:false
02-28 09:09:31.858 13511 13544 D NavServiceProvider: Second to last stop coordinates: 28.059175, -82.413421
02-28 09:09:31.859 13511 13544 D NavServiceProvider: Setting units automatically
02-28 09:09:31.860 13511 13544 D NavServiceProvider: Detecting stop. distance_d=878.82056. stop_type=1 speed=2.5
02-28 09:09:31.860 13511 13544 D NavigationTest: 198: (28.065741, -82.408408, 2.500000)	R:false  F:false
02-28 09:09:31.860 13511 13544 D NavServiceProvider: Second to last stop coordinates: 28.059175, -82.413421
02-28 09:09:31.860 13511 13544 D NavServiceProvider: Setting units automatically
02-28 09:09:31.861 13511 13544 D NavServiceProvider: Detecting stop. distance_d=878.8572. stop_type=1 speed=2.5
02-28 09:09:31.861 13511 13544 D NavigationTest: 199: (28.065742, -82.408409, 2.500000)	R:false  F:false
02-28 09:09:31.861 13511 13544 D NavigationTest: 200: (28.065742, -82.408409, 2.500000)	R:false  F:false
02-28 09:09:31.861 13511 13544 D NavServiceProvider: Second to last stop coordinates: 28.059175, -82.413421
02-28 09:09:31.870 13511 13544 D NavServiceProvider: Setting units automatically
02-28 09:09:31.872 13511 13544 D NavServiceProvider: Detecting stop. distance_d=878.6552. stop_type=1 speed=2.5
02-28 09:09:31.872 13511 13544 D NavigationTest: 201: (28.065741, -82.408411, 2.500000)	R:false  F:false
02-28 09:09:31.872 13511 13544 D NavigationTest: 202: (28.065741, -82.408411, 2.500000)	R:false  F:false
02-28 09:09:31.872 13511 13544 D NavServiceProvider: Second to last stop coordinates: 28.059175, -82.413421
02-28 09:09:31.872 13511 13544 D NavServiceProvider: Setting units automatically
02-28 09:09:31.873 13511 13544 D NavServiceProvider: Detecting stop. distance_d=878.6001. stop_type=1 speed=2.5
02-28 09:09:31.873 13511 13544 D NavigationTest: 203: (28.065741, -82.408412, 2.500000)	R:false  F:false
02-28 09:09:31.873 13511 13544 D NavServiceProvider: Second to last stop coordinates: 28.059175, -82.413421
02-28 09:09:31.874 13511 13544 D NavServiceProvider: Setting units automatically
02-28 09:09:31.875 13511 13544 D NavServiceProvider: Detecting stop. distance_d=878.54504. stop_type=1 speed=2.5
02-28 09:09:31.875 13511 13544 D NavigationTest: 204: (28.065741, -82.408413, 2.500000)	R:false  F:false
02-28 09:09:31.875 13511 13544 D NavigationTest: 205: (28.065741, -82.408413, 2.500000)	R:false  F:false
02-28 09:09:31.875 13511 13544 D NavServiceProvider: Second to last stop coordinates: 28.059175, -82.413421
02-28 09:09:31.875 13511 13544 D NavServiceProvider: Setting units automatically
02-28 09:09:31.876 13511 13544 D NavServiceProvider: Detecting stop. distance_d=878.54504. stop_type=1 speed=2.5
02-28 09:09:31.876 13511 13544 D NavigationTest: 206: (28.065741, -82.408413, 2.500000)	R:false  F:false
02-28 09:09:31.876 13511 13544 D NavServiceProvider: Second to last stop coordinates: 28.059175, -82.413421
02-28 09:09:31.877 13511 13544 D NavServiceProvider: Setting units automatically
02-28 09:09:31.878 13511 13544 D NavServiceProvider: Detecting stop. distance_d=878.54504. stop_type=1 speed=2.5
02-28 09:09:31.878 13511 13544 D NavigationTest: 207: (28.065741, -82.408413, 2.500000)	R:false  F:false
02-28 09:09:31.878 13511 13544 D NavigationTest: 208: (28.065741, -82.408413, 2.500000)	R:false  F:false
02-28 09:09:31.878 13511 13544 D NavServiceProvider: Second to last stop coordinates: 28.059175, -82.413421
02-28 09:09:31.878 13511 13544 D NavServiceProvider: Setting units automatically
02-28 09:09:31.879 13511 13544 D NavServiceProvider: Detecting stop. distance_d=878.54504. stop_type=1 speed=2.5
02-28 09:09:31.880 13511 13544 D NavigationTest: 209: (28.065741, -82.408413, 2.500000)	R:false  F:false
02-28 09:09:31.880 13511 13544 D NavigationTest: 210: (28.065741, -82.408413, 2.500000)	R:false  F:false
02-28 09:09:31.880 13511 13544 D NavServiceProvider: Second to last stop coordinates: 28.059175, -82.413421
02-28 09:09:31.880 13511 13544 D NavServiceProvider: Setting units automatically
02-28 09:09:31.881 13511 13544 D NavServiceProvider: Detecting stop. distance_d=878.54504. stop_type=1 speed=2.5
02-28 09:09:31.881 13511 13544 D NavigationTest: 211: (28.065741, -82.408413, 2.500000)	R:false  F:false
02-28 09:09:31.881 13511 13544 D NavigationTest: 212: (28.065741, -82.408413, 2.500000)	R:false  F:false
02-28 09:09:31.881 13511 13544 D NavServiceProvider: Second to last stop coordinates: 28.059175, -82.413421
02-28 09:09:31.881 13511 13544 D NavServiceProvider: Setting units automatically
02-28 09:09:31.882 13511 13544 D NavServiceProvider: Detecting stop. distance_d=878.54504. stop_type=1 speed=2.5
02-28 09:09:31.882 13511 13544 D NavigationTest: 213: (28.065741, -82.408413, 2.500000)	R:false  F:false
02-28 09:09:31.882 13511 13544 D NavigationTest: 214: (28.065741, -82.408413, 2.500000)	R:false  F:false
02-28 09:09:31.882 13511 13544 D NavServiceProvider: Second to last stop coordinates: 28.059175, -82.413421
02-28 09:09:31.883 13511 13544 D NavServiceProvider: Setting units automatically
02-28 09:09:31.883 13511 13544 D NavServiceProvider: Detecting stop. distance_d=878.54504. stop_type=1 speed=2.5
02-28 09:09:31.884 13511 13544 D NavigationTest: 215: (28.065741, -82.408413, 2.500000)	R:false  F:false
02-28 09:09:31.884 13511 13544 D NavigationTest: 216: (28.065741, -82.408413, 2.500000)	R:false  F:false
02-28 09:09:31.884 13511 13544 D NavServiceProvider: Second to last stop coordinates: 28.059175, -82.413421
02-28 09:09:31.884 13511 13544 D NavServiceProvider: Setting units automatically
02-28 09:09:31.885 13511 13544 D NavServiceProvider: Detecting stop. distance_d=878.54504. stop_type=1 speed=2.5
02-28 09:09:31.885 13511 13544 D NavigationTest: 217: (28.065741, -82.408413, 2.500000)	R:false  F:false
02-28 09:09:31.885 13511 13544 D NavServiceProvider: Second to last stop coordinates: 28.059175, -82.413421
02-28 09:09:31.885 13511 13544 D NavServiceProvider: Setting units automatically
02-28 09:09:31.886 13511 13544 D NavServiceProvider: Detecting stop. distance_d=878.54504. stop_type=1 speed=2.5
02-28 09:09:31.886 13511 13544 D NavigationTest: 218: (28.065741, -82.408413, 2.500000)	R:false  F:false
02-28 09:09:31.886 13511 13544 D NavigationTest: 219: (28.065741, -82.408413, 2.500000)	R:false  F:false
02-28 09:09:31.886 13511 13544 D NavServiceProvider: Second to last stop coordinates: 28.059175, -82.413421
02-28 09:09:31.886 13511 13544 D NavServiceProvider: Setting units automatically
02-28 09:09:31.887 13511 13544 D NavServiceProvider: Detecting stop. distance_d=878.54504. stop_type=1 speed=2.5
02-28 09:09:31.887 13511 13544 D NavigationTest: 220: (28.065741, -82.408413, 2.500000)	R:false  F:false
02-28 09:09:31.887 13511 13544 D NavServiceProvider: Second to last stop coordinates: 28.059175, -82.413421
02-28 09:09:31.888 13511 13544 D NavServiceProvider: Setting units automatically
02-28 09:09:31.889 13511 13544 D NavServiceProvider: Detecting stop. distance_d=878.54504. stop_type=1 speed=2.5
02-28 09:09:31.889 13511 13544 D NavigationTest: 221: (28.065741, -82.408413, 2.500000)	R:false  F:false
02-28 09:09:31.889 13511 13544 D NavigationTest: 222: (28.065741, -82.408413, 2.500000)	R:false  F:false
02-28 09:09:31.889 13511 13544 D NavServiceProvider: Second to last stop coordinates: 28.059175, -82.413421
02-28 09:09:31.889 13511 13544 D NavServiceProvider: Setting units automatically
02-28 09:09:31.890 13511 13544 D NavServiceProvider: Detecting stop. distance_d=878.54504. stop_type=1 speed=2.5
02-28 09:09:31.890 13511 13544 D NavigationTest: 223: (28.065741, -82.408413, 2.500000)	R:false  F:false
02-28 09:09:31.890 13511 13544 D NavServiceProvider: Second to last stop coordinates: 28.059175, -82.413421
02-28 09:09:31.890 13511 13544 D NavServiceProvider: Setting units automatically
02-28 09:09:31.891 13511 13544 D NavServiceProvider: Detecting stop. distance_d=878.45325. stop_type=1 speed=2.5
02-28 09:09:31.891 13511 13544 D NavigationTest: 224: (28.065740, -82.408413, 2.500000)	R:false  F:false
02-28 09:09:31.892 13511 13544 D NavigationTest: 225: (28.065740, -82.408413, 2.500000)	R:false  F:false
02-28 09:09:31.892 13511 13544 D NavServiceProvider: Second to last stop coordinates: 28.059175, -82.413421
02-28 09:09:31.892 13511 13544 D NavServiceProvider: Setting units automatically
02-28 09:09:31.893 13511 13544 D NavServiceProvider: Detecting stop. distance_d=878.54504. stop_type=1 speed=2.5
02-28 09:09:31.893 13511 13544 D NavigationTest: 226: (28.065741, -82.408413, 2.500000)	R:false  F:false
02-28 09:09:31.893 13511 13544 D NavServiceProvider: Second to last stop coordinates: 28.059175, -82.413421
02-28 09:09:31.893 13511 13544 D NavServiceProvider: Setting units automatically
02-28 09:09:31.894 13511 13544 D NavServiceProvider: Detecting stop. distance_d=878.45325. stop_type=1 speed=2.5
02-28 09:09:31.894 13511 13544 D NavigationTest: 227: (28.065740, -82.408413, 2.500000)	R:false  F:false
02-28 09:09:31.894 13511 13544 D NavigationTest: 228: (28.065740, -82.408413, 2.500000)	R:false  F:false
02-28 09:09:31.894 13511 13544 D NavServiceProvider: Second to last stop coordinates: 28.059175, -82.413421
02-28 09:09:31.895 13511 13544 D NavServiceProvider: Setting units automatically
02-28 09:09:31.895 13511 13544 D NavServiceProvider: Detecting stop. distance_d=878.45325. stop_type=1 speed=2.5
02-28 09:09:31.895 13511 13544 D NavigationTest: 229: (28.065740, -82.408413, 2.500000)	R:false  F:false
02-28 09:09:31.896 13511 13544 D NavigationTest: 230: (28.065740, -82.408413, 2.500000)	R:false  F:false
02-28 09:09:31.896 13511 13544 D NavServiceProvider: Second to last stop coordinates: 28.059175, -82.413421
02-28 09:09:31.896 13511 13544 D NavServiceProvider: Setting units automatically
02-28 09:09:31.897 13511 13544 D NavServiceProvider: Detecting stop. distance_d=878.45325. stop_type=1 speed=2.5
02-28 09:09:31.897 13511 13544 D NavigationTest: 231: (28.065740, -82.408413, 2.500000)	R:false  F:false
02-28 09:09:31.897 13511 13544 D NavServiceProvider: Second to last stop coordinates: 28.059175, -82.413421
02-28 09:09:31.897 13511 13544 D NavServiceProvider: Setting units automatically
02-28 09:09:31.898 13511 13544 D NavServiceProvider: Detecting stop. distance_d=878.45325. stop_type=1 speed=2.5
02-28 09:09:31.898 13511 13544 D NavigationTest: 232: (28.065740, -82.408413, 2.500000)	R:false  F:false
02-28 09:09:31.898 13511 13544 D NavigationTest: 233: (28.065740, -82.408413, 2.500000)	R:false  F:false
02-28 09:09:31.898 13511 13544 D NavServiceProvider: Second to last stop coordinates: 28.059175, -82.413421
02-28 09:09:31.898 13511 13544 D NavServiceProvider: Setting units automatically
02-28 09:09:31.899 13511 13544 D NavServiceProvider: Detecting stop. distance_d=878.45325. stop_type=1 speed=2.5
02-28 09:09:31.899 13511 13544 D NavigationTest: 234: (28.065740, -82.408413, 2.500000)	R:false  F:false
02-28 09:09:31.899 13511 13544 D NavServiceProvider: Second to last stop coordinates: 28.059175, -82.413421
02-28 09:09:31.900 13511 13544 D NavServiceProvider: Setting units automatically
02-28 09:09:31.901 13511 13544 D NavServiceProvider: Detecting stop. distance_d=878.45325. stop_type=1 speed=2.5
02-28 09:09:31.901 13511 13544 D NavigationTest: 235: (28.065740, -82.408413, 2.500000)	R:false  F:false
02-28 09:09:31.901 13511 13544 D NavigationTest: 236: (28.065740, -82.408413, 2.500000)	R:false  F:false
02-28 09:09:31.901 13511 13544 D NavServiceProvider: Second to last stop coordinates: 28.059175, -82.413421
02-28 09:09:31.901 13511 13544 D NavServiceProvider: Setting units automatically
02-28 09:09:31.902 13511 13544 D NavServiceProvider: Detecting stop. distance_d=878.45325. stop_type=1 speed=2.5
02-28 09:09:31.902 13511 13544 D NavigationTest: 237: (28.065740, -82.408413, 2.500000)	R:false  F:false
02-28 09:09:31.902 13511 13544 D NavigationTest: 238: (28.065740, -82.408413, 2.500000)	R:false  F:false
02-28 09:09:31.902 13511 13544 D NavServiceProvider: Second to last stop coordinates: 28.059175, -82.413421
02-28 09:09:31.902 13511 13544 D NavServiceProvider: Setting units automatically
02-28 09:09:31.903 13511 13544 D NavServiceProvider: Detecting stop. distance_d=878.45325. stop_type=1 speed=2.5
02-28 09:09:31.904 13511 13544 D NavigationTest: 239: (28.065740, -82.408413, 2.500000)	R:false  F:false
02-28 09:09:31.904 13511 13544 D NavServiceProvider: Second to last stop coordinates: 28.059175, -82.413421
02-28 09:09:31.904 13511 13544 D NavServiceProvider: Setting units automatically
02-28 09:09:31.905 13511 13544 D NavServiceProvider: Detecting stop. distance_d=878.45325. stop_type=1 speed=2.5
02-28 09:09:31.905 13511 13544 D NavigationTest: 240: (28.065740, -82.408413, 2.500000)	R:false  F:false
02-28 09:09:31.905 13511 13544 D NavigationTest: 241: (28.065740, -82.408413, 2.500000)	R:false  F:false
02-28 09:09:31.905 13511 13544 D NavServiceProvider: Second to last stop coordinates: 28.059175, -82.413421
02-28 09:09:31.905 13511 13544 D NavServiceProvider: Setting units automatically
02-28 09:09:31.906 13511 13544 D NavServiceProvider: Detecting stop. distance_d=878.45325. stop_type=1 speed=2.5
02-28 09:09:31.906 13511 13544 D NavigationTest: 242: (28.065740, -82.408413, 2.500000)	R:false  F:false
02-28 09:09:31.906 13511 13544 D NavigationTest: 243: (28.065740, -82.408413, 2.500000)	R:false  F:false
02-28 09:09:31.906 13511 13544 D NavServiceProvider: Second to last stop coordinates: 28.059175, -82.413421
02-28 09:09:31.907 13511 13544 D NavServiceProvider: Setting units automatically
02-28 09:09:31.908 13511 13544 D NavServiceProvider: Detecting stop. distance_d=878.45325. stop_type=1 speed=2.5
02-28 09:09:31.908 13511 13544 D NavigationTest: 244: (28.065740, -82.408413, 2.500000)	R:false  F:false
02-28 09:09:31.908 13511 13544 D NavigationTest: 245: (28.065740, -82.408413, 2.500000)	R:false  F:false
02-28 09:09:31.908 13511 13544 D NavigationTest: 246: (28.065740, -82.408413, 2.500000)	R:false  F:false
02-28 09:09:31.908 13511 13544 D NavigationTest: 247: (28.065740, -82.408413, 2.500000)	R:false  F:false
02-28 09:09:31.908 13511 13544 D NavServiceProvider: Second to last stop coordinates: 28.059175, -82.413421
02-28 09:09:31.908 13511 13544 D NavServiceProvider: Setting units automatically
02-28 09:09:31.909 13511 13544 D NavServiceProvider: Detecting stop. distance_d=878.45325. stop_type=1 speed=2.5
02-28 09:09:31.909 13511 13544 D NavigationTest: 248: (28.065740, -82.408413, 2.500000)	R:false  F:false
02-28 09:09:31.909 13511 13544 D NavServiceProvider: Second to last stop coordinates: 28.059175, -82.413421
02-28 09:09:31.910 13511 13544 D NavServiceProvider: Setting units automatically
02-28 09:09:31.911 13511 13544 D NavServiceProvider: Detecting stop. distance_d=878.45325. stop_type=1 speed=2.5
02-28 09:09:31.911 13511 13544 D NavigationTest: 249: (28.065740, -82.408413, 2.500000)	R:false  F:false
02-28 09:09:31.911 13511 13544 D NavigationTest: 250: (28.065740, -82.408413, 2.500000)	R:false  F:false
02-28 09:09:31.911 13511 13544 D NavServiceProvider: Second to last stop coordinates: 28.059175, -82.413421
02-28 09:09:31.911 13511 13544 D NavServiceProvider: Setting units automatically
02-28 09:09:31.912 13511 13544 D NavServiceProvider: Detecting stop. distance_d=878.45325. stop_type=1 speed=2.5
02-28 09:09:31.912 13511 13544 D NavigationTest: 251: (28.065740, -82.408413, 2.500000)	R:false  F:false
02-28 09:09:31.912 13511 13544 D NavigationTest: 252: (28.065740, -82.408413, 2.500000)	R:false  F:false
02-28 09:09:31.912 13511 13544 D NavServiceProvider: Second to last stop coordinates: 28.059175, -82.413421
02-28 09:09:31.913 13511 13544 D NavServiceProvider: Setting units automatically
02-28 09:09:31.913 13511 13544 D NavServiceProvider: Detecting stop. distance_d=878.39813. stop_type=1 speed=2.5
02-28 09:09:31.913 13511 13544 D NavigationTest: 253: (28.065740, -82.408414, 2.500000)	R:false  F:false
02-28 09:09:31.914 13511 13544 D NavigationTest: 254: (28.065740, -82.408414, 2.500000)	R:false  F:false
02-28 09:09:31.914 13511 13544 D NavServiceProvider: Second to last stop coordinates: 28.059175, -82.413421
02-28 09:09:31.914 13511 13544 D NavServiceProvider: Setting units automatically
02-28 09:09:31.915 13511 13544 D NavServiceProvider: Detecting stop. distance_d=878.39813. stop_type=1 speed=2.5
02-28 09:09:31.915 13511 13544 D NavigationTest: 255: (28.065740, -82.408414, 2.500000)	R:false  F:false
02-28 09:09:31.915 13511 13544 D NavigationTest: 256: (28.065740, -82.408414, 2.500000)	R:false  F:false
02-28 09:09:31.915 13511 13544 D NavServiceProvider: Second to last stop coordinates: 28.059175, -82.413421
02-28 09:09:31.915 13511 13544 D NavServiceProvider: Setting units automatically
02-28 09:09:31.916 13511 13544 D NavServiceProvider: Detecting stop. distance_d=878.39813. stop_type=1 speed=2.5
02-28 09:09:31.916 13511 13544 D NavigationTest: 257: (28.065740, -82.408414, 2.500000)	R:false  F:false
02-28 09:09:31.916 13511 13544 D NavServiceProvider: Second to last stop coordinates: 28.059175, -82.413421
02-28 09:09:31.916 13511 13544 D NavServiceProvider: Setting units automatically
02-28 09:09:31.917 13511 13544 D NavServiceProvider: Detecting stop. distance_d=878.39813. stop_type=1 speed=2.5
02-28 09:09:31.917 13511 13544 D NavigationTest: 258: (28.065740, -82.408414, 2.500000)	R:false  F:false
02-28 09:09:31.917 13511 13544 D NavigationTest: 259: (28.065740, -82.408414, 2.500000)	R:false  F:false
02-28 09:09:31.917 13511 13544 D NavServiceProvider: Second to last stop coordinates: 28.059175, -82.413421
02-28 09:09:31.918 13511 13544 D NavServiceProvider: Setting units automatically
02-28 09:09:31.919 13511 13544 D NavServiceProvider: Detecting stop. distance_d=878.39813. stop_type=1 speed=2.5
02-28 09:09:31.919 13511 13544 D NavigationTest: 260: (28.065740, -82.408414, 2.500000)	R:false  F:false
02-28 09:09:31.919 13511 13544 D NavServiceProvider: Second to last stop coordinates: 28.059175, -82.413421
02-28 09:09:31.919 13511 13544 D NavServiceProvider: Setting units automatically
02-28 09:09:31.920 13511 13544 D NavServiceProvider: Detecting stop. distance_d=878.39813. stop_type=1 speed=2.5
02-28 09:09:31.920 13511 13544 D NavigationTest: 261: (28.065740, -82.408414, 2.500000)	R:false  F:false
02-28 09:09:31.920 13511 13544 D NavigationTest: 262: (28.065740, -82.408414, 2.500000)	R:false  F:false
02-28 09:09:31.920 13511 13544 D NavServiceProvider: Second to last stop coordinates: 28.059175, -82.413421
02-28 09:09:31.920 13511 13544 D NavServiceProvider: Setting units automatically
02-28 09:09:31.921 13511 13544 D NavServiceProvider: Detecting stop. distance_d=878.39813. stop_type=1 speed=2.5
02-28 09:09:31.921 13511 13544 D NavigationTest: 263: (28.065740, -82.408414, 2.500000)	R:false  F:false
02-28 09:09:31.921 13511 13544 D NavigationTest: 264: (28.065740, -82.408414, 2.500000)	R:false  F:false
02-28 09:09:31.921 13511 13544 D NavServiceProvider: Second to last stop coordinates: 28.059175, -82.413421
02-28 09:09:31.922 13511 13544 D NavServiceProvider: Setting units automatically
02-28 09:09:31.923 13511 13544 D NavServiceProvider: Detecting stop. distance_d=878.4899. stop_type=1 speed=2.512469
02-28 09:09:31.923 13511 13544 D NavigationTest: 265: (28.065741, -82.408414, 2.512469)	R:false  F:false
02-28 09:09:31.923 13511 13544 D NavServiceProvider: Second to last stop coordinates: 28.059175, -82.413421
02-28 09:09:31.923 13511 13544 D NavServiceProvider: Setting units automatically
02-28 09:09:31.924 13511 13544 D NavServiceProvider: Detecting stop. distance_d=878.30853. stop_type=1 speed=2.54951
02-28 09:09:31.924 13511 13544 D NavigationTest: 266: (28.065730, -82.408399, 2.549510)	R:false  F:false
02-28 09:09:31.924 13511 13544 D NavigationTest: 267: (28.065730, -82.408399, 2.549510)	R:false  F:false
02-28 09:09:31.924 13511 13544 D NavServiceProvider: Second to last stop coordinates: 28.059175, -82.413421
02-28 09:09:31.924 13511 13544 D NavServiceProvider: Setting units automatically
02-28 09:09:31.925 13511 13544 D NavServiceProvider: Detecting stop. distance_d=878.51227. stop_type=1 speed=2.692582
02-28 09:09:31.925 13511 13544 D NavigationTest: 268: (28.065728, -82.408392, 2.692582)	R:false  F:false
02-28 09:09:31.925 13511 13544 D NavServiceProvider: Second to last stop coordinates: 28.059175, -82.413421
02-28 09:09:31.925 13511 13544 D NavServiceProvider: Setting units automatically
02-28 09:09:31.926 13511 13544 D NavServiceProvider: Detecting stop. distance_d=879.4523. stop_type=1 speed=3.201562
02-28 09:09:31.926 13511 13544 D NavigationTest: 269: (28.065714, -82.408352, 3.201562)	R:false  F:false
02-28 09:09:31.927 13511 13544 D NavigationTest: 270: (28.065714, -82.408352, 3.201562)	R:false  F:false
02-28 09:09:31.927 13511 13544 D NavServiceProvider: Second to last stop coordinates: 28.059175, -82.413421
02-28 09:09:31.927 13511 13544 D NavServiceProvider: Setting units automatically
02-28 09:09:31.928 13511 13544 D NavServiceProvider: Detecting stop. distance_d=881.0698. stop_type=1 speed=3.905125
02-28 09:09:31.928 13511 13544 D NavigationTest: 271: (28.065706, -82.408310, 3.905125)	R:false  F:false
02-28 09:09:31.928 13511 13544 D NavigationTest: 272: (28.065706, -82.408310, 3.905125)	R:false  F:false
02-28 09:09:31.928 13511 13544 D NavServiceProvider: Second to last stop coordinates: 28.059175, -82.413421
02-28 09:09:31.928 13511 13544 D NavServiceProvider: Setting units automatically
02-28 09:09:31.929 13511 13544 D NavServiceProvider: Detecting stop. distance_d=883.9412. stop_type=1 speed=4.301163
02-28 09:09:31.929 13511 13544 D NavigationTest: 273: (28.065711, -82.408267, 4.301163)	R:false  F:false
02-28 09:09:31.929 13511 13544 D NavServiceProvider: Second to last stop coordinates: 28.059175, -82.413421
02-28 09:09:31.930 13511 13544 D NavServiceProvider: Setting units automatically
02-28 09:09:31.930 13511 13544 D NavServiceProvider: Detecting stop. distance_d=889.7227. stop_type=1 speed=5.367728
02-28 09:09:31.931 13511 13544 D NavigationTest: 274: (28.065738, -82.408208, 5.367728)	R:false  F:false
02-28 09:09:31.931 13511 13544 D NavigationTest: 275: (28.065738, -82.408208, 5.367728)	R:false  F:false
02-28 09:09:31.931 13511 13544 D NavServiceProvider: Second to last stop coordinates: 28.059175, -82.413421
02-28 09:09:31.931 13511 13544 D NavServiceProvider: Setting units automatically
02-28 09:09:31.932 13511 13544 D NavServiceProvider: Detecting stop. distance_d=898.2322. stop_type=1 speed=6.964194
02-28 09:09:31.932 13511 13544 D NavigationTest: 276: (28.065785, -82.408133, 6.964194)	R:false  F:false
02-28 09:09:31.932 13511 13544 D NavServiceProvider: Second to last stop coordinates: 28.059175, -82.413421
02-28 09:09:31.932 13511 13544 D NavServiceProvider: Setting units automatically
02-28 09:09:31.933 13511 13544 D NavServiceProvider: Detecting stop. distance_d=904.3549. stop_type=1 speed=7.19809
02-28 09:09:31.933 13511 13544 D NavigationTest: 277: (28.065837, -82.408108, 7.198090)	R:false  F:false
02-28 09:09:31.933 13511 13544 D NavigationTest: 278: (28.065837, -82.408108, 7.198090)	R:false  F:false
02-28 09:09:31.933 13511 13544 D NavServiceProvider: Second to last stop coordinates: 28.059175, -82.413421
02-28 09:09:31.934 13511 13544 D NavServiceProvider: Setting units automatically
02-28 09:09:31.934 13511 13544 D NavServiceProvider: Detecting stop. distance_d=911.54407. stop_type=1 speed=7.905694
02-28 09:09:31.935 13511 13544 D NavigationTest: 279: (28.065897, -82.408077, 7.905694)	R:false  F:false
02-28 09:09:31.935 13511 13544 D NavigationTest: 280: (28.065897, -82.408077, 7.905694)	R:false  F:false
02-28 09:09:31.935 13511 13544 D NavigationTest: 281: (28.065897, -82.408077, 7.905694)	R:false  F:false
02-28 09:09:31.935 13511 13544 D NavigationTest: 282: (28.065897, -82.408077, 7.905694)	R:false  F:false
02-28 09:09:31.935 13511 13544 D NavServiceProvider: Second to last stop coordinates: 28.059175, -82.413421
02-28 09:09:31.935 13511 13544 D NavServiceProvider: Setting units automatically
02-28 09:09:31.936 13511 13544 D NavServiceProvider: Detecting stop. distance_d=919.33124. stop_type=1 speed=8.62047
02-28 09:09:31.936 13511 13544 D NavigationTest: 283: (28.065976, -82.408066, 8.620470)	R:false  F:false
02-28 09:09:31.936 13511 13544 D NavServiceProvider: Second to last stop coordinates: 28.059175, -82.413421
02-28 09:09:31.936 13511 13544 D NavServiceProvider: Setting units automatically
02-28 09:09:31.937 13511 13544 D NavServiceProvider: Detecting stop. distance_d=927.8309. stop_type=1 speed=9.340771
02-28 09:09:31.937 13511 13544 D NavigationTest: 284: (28.066062, -82.408054, 9.340771)	R:false  F:false
02-28 09:09:31.937 13511 13544 D NavigationTest: 285: (28.066062, -82.408054, 9.340771)	R:false  F:false
02-28 09:09:31.937 13511 13544 D NavServiceProvider: Second to last stop coordinates: 28.059175, -82.413421
02-28 09:09:31.937 13511 13544 D NavServiceProvider: Setting units automatically
02-28 09:09:31.938 13511 13544 D NavServiceProvider: Detecting stop. distance_d=935.578. stop_type=1 speed=10.065411
02-28 09:09:31.938 13511 13544 D NavigationTest: 286: (28.066145, -82.408051, 10.065411)	R:false  F:false
02-28 09:09:31.938 13511 13544 D NavigationTest: 287: (28.066145, -82.408051, 10.065411)	R:false  F:false
02-28 09:09:31.939 13511 13544 D NavServiceProvider: Second to last stop coordinates: 28.059175, -82.413421
02-28 09:09:31.939 13511 13544 D NavServiceProvider: Setting units automatically
02-28 09:09:31.940 13511 13544 D NavServiceProvider: Detecting stop. distance_d=943.38965. stop_type=1 speed=10.550474
02-28 09:09:31.940 13511 13544 D NavigationTest: 288: (28.066217, -82.408029, 10.550474)	R:false  F:false
02-28 09:09:31.940 13511 13544 D NavigationTest: 289: (28.066217, -82.408029, 10.550474)	R:false  F:false
02-28 09:09:31.940 13511 13544 D NavServiceProvider: Second to last stop coordinates: 28.059175, -82.413421
02-28 09:09:31.940 13511 13544 D NavServiceProvider: Setting units automatically
02-28 09:09:31.941 13511 13544 D NavServiceProvider: Detecting stop. distance_d=953.689. stop_type=1 speed=10.550474
02-28 09:09:31.941 13511 13544 D NavigationTest: 290: (28.066313, -82.408002, 10.550474)	R:false  F:false
02-28 09:09:31.941 13511 13544 D NavServiceProvider: Second to last stop coordinates: 28.059175, -82.413421
02-28 09:09:31.941 13511 13544 D NavServiceProvider: Setting units automatically
02-28 09:09:31.942 13511 13544 D NavServiceProvider: Detecting stop. distance_d=964.21643. stop_type=1 speed=11.768602
02-28 09:09:31.942 13511 13544 D NavigationTest: 291: (28.066419, -82.407988, 11.768602)	R:false  F:false
02-28 09:09:31.942 13511 13544 D NavigationTest: 292: (28.066419, -82.407988, 11.768602)	R:false  F:false
02-28 09:09:31.942 13511 13544 D NavServiceProvider: Second to last stop coordinates: 28.059175, -82.413421
02-28 09:09:31.943 13511 13544 D NavServiceProvider: Setting units automatically
02-28 09:09:31.944 13511 13544 D NavServiceProvider: Detecting stop. distance_d=976.6649. stop_type=1 speed=12.5025
02-28 09:09:31.944 13511 13544 D NavigationTest: 293: (28.066532, -82.407951, 12.502500)	R:false  F:false
02-28 09:09:31.944 13511 13544 D NavServiceProvider: Second to last stop coordinates: 28.059175, -82.413421
02-28 09:09:31.944 13511 13544 D NavServiceProvider: Setting units automatically
02-28 09:09:31.945 13511 13544 D NavServiceProvider: Detecting stop. distance_d=986.42236. stop_type=1 speed=11.52443
02-28 09:09:31.945 13511 13544 D NavigationTest: 294: (28.066628, -82.407935, 11.524430)	R:false  F:false
02-28 09:09:31.945 13511 13544 D NavigationTest: 295: (28.066628, -82.407935, 11.524430)	R:false  F:false
02-28 09:09:31.945 13511 13544 D NavServiceProvider: Second to last stop coordinates: 28.059175, -82.413421
02-28 09:09:31.945 13511 13544 D NavServiceProvider: Setting units automatically
02-28 09:09:31.946 13511 13544 D NavServiceProvider: Detecting stop. distance_d=996.91785. stop_type=1 speed=12.013014
02-28 09:09:31.946 13511 13544 D NavigationTest: 296: (28.066734, -82.407923, 12.013014)	R:false  F:false
02-28 09:09:31.946 13511 13544 D NavServiceProvider: Second to last stop coordinates: 28.059175, -82.413421
02-28 09:09:31.947 13511 13544 D NavServiceProvider: Setting units automatically
02-28 09:09:31.947 13511 13544 D NavServiceProvider: Detecting stop. distance_d=1006.39. stop_type=1 speed=12.013014
02-28 09:09:31.947 13511 13544 D NavigationTest: 297: (28.066831, -82.407915, 12.013014)	R:false  F:false
02-28 09:09:31.948 13511 13544 D NavigationTest: 298: (28.066831, -82.407915, 12.013014)	R:false  F:false
02-28 09:09:31.948 13511 13544 D NavServiceProvider: Second to last stop coordinates: 28.059175, -82.413421
02-28 09:09:31.948 13511 13544 D NavServiceProvider: Setting units automatically
02-28 09:09:31.949 13511 13544 D NavServiceProvider: Detecting stop. distance_d=1017.56. stop_type=1 speed=11.768602
02-28 09:09:31.949 13511 13544 D NavigationTest: 299: (28.066938, -82.407893, 11.768602)	R:false  F:false
02-28 09:09:31.949 13511 13544 D NavServiceProvider: Second to last stop coordinates: 28.059175, -82.413421
02-28 09:09:31.949 13511 13544 D NavServiceProvider: Setting units automatically
02-28 09:09:31.950 13511 13544 D NavServiceProvider: Detecting stop. distance_d=1027.7584. stop_type=1 speed=11.768602
02-28 09:09:31.950 13511 13544 D NavigationTest: 300: (28.067035, -82.407872, 11.768602)	R:false  F:false
02-28 09:09:31.950 13511 13544 D NavigationTest: 301: (28.067035, -82.407872, 11.768602)	R:false  F:false
02-28 09:09:31.950 13511 13544 D NavServiceProvider: Second to last stop coordinates: 28.059175, -82.413421
02-28 09:09:31.951 13511 13544 D NavServiceProvider: Setting units automatically
02-28 09:09:31.952 13511 13544 D NavServiceProvider: Detecting stop. distance_d=1037.953. stop_type=1 speed=11.52443
02-28 09:09:31.952 13511 13544 D NavigationTest: 302: (28.067134, -82.407855, 11.524430)	R:false  F:false
02-28 09:09:31.952 13511 13544 D NavigationTest: 303: (28.067134, -82.407855, 11.524430)	R:false  F:false
02-28 09:09:31.952 13511 13544 D NavServiceProvider: Second to last stop coordinates: 28.059175, -82.413421
