02-28 09:09:29.695 13511 13544 D NavServiceProvider: Setting units automatically
02-28 09:09:29.696 13511 13544 D NavServiceProvider: Detecting stop. distance_d=486.23203. stop_type=1 speed=0.0
02-28 09:09:29.696 13511 13544 D NavigationTest: 169: (28.032518, -82.410406, 0.000000)	R:false  F:false
02-28 09:09:29.696 13511 13544 D NavigationTest: 170: (28.032518, -82.410406, 0.000000)	R:false  F:false
02-28 09:09:29.697 13511 13544 D NavServiceProvider: Second to last stop coordinates: 28.03244, -82.405462
02-28 09:09:29.697 13511 13544 D NavServiceProvider: Setting units automatically
02-28 09:09:29.698 13511 13544 D NavServiceProvider: Detecting stop. distance_d=486.23203. stop_type=1 speed=0.0
02-28 09:09:29.698 13511 13544 D NavigationTest: 171: (28.032518, -82.410406, 0.000000)	R:false  F:false
02-28 09:09:29.698 13511 13544 D NavServiceProvider: Second to last stop coordinates: 28.03244, -82.405462
02-28 09:09:29.699 13511 13544 D NavServiceProvider: Setting units automatically
02-28 09:09:29.701 13511 13544 D NavServiceProvider: Detecting stop. distance_d=486.23203. stop_type=1 speed=0.0
02-28 09:09:29.701 13511 13544 D NavigationTest: 172: (28.032518, -82.410406, 0.000000)	R:false  F:false
02-28 09:09:29.701 13511 13544 D NavigationTest: 173: (28.032518, -82.410406, 0.000000)	R:false  F:false
02-28 09:09:29.701 13511 13544 D NavServiceProvider: Second to last stop coordinates: 28.03244, -82.405462
02-28 09:09:29.701 13511 13544 D NavServiceProvider: Setting units automatically
02-28 09:09:29.703 13511 13544 D NavServiceProvider: Detecting stop. distance_d=486.23203. stop_type=1 speed=0.0
02-28 09:09:29.703 13511 13544 D NavigationTest: 174: (28.032518, -82.410406, 0.000000)	R:false  F:false
02-28 09:09:29.703 13511 13544 D NavServiceProvider: Second to last stop coordinates: 28.03244, -82.405462
02-28 09:09:29.703 13511 13544 D NavServiceProvider: Setting units automatically
02-28 09:09:29.704 13511 13544 D NavServiceProvider: Detecting stop. distance_d=486.23203. stop_type=1 speed=0.0
02-28 09:09:29.704 13511 13544 D NavigationTest: 175: (28.032518, -82.410406, 0.000000)	R:false  F:false
02-28 09:09:29.704 13511 13544 D NavigationTest: 176: (28.032518, -82.410406, 0.000000)	R:false  F:false
02-28 09:09:29.704 13511 13544 D NavServiceProvider: Second to last stop coordinates: 28.03244, -82.405462
02-28 09:09:29.705 13511 13544 D NavServiceProvider: Setting units automatically
02-28 09:09:29.706 13511 13544 D NavServiceProvider: Detecting stop. distance_d=485.93707. stop_type=1 speed=0.5
02-28 09:09:29.706 13511 13544 D NavigationTest: 177: (28.032518, -82.410403, 0.500000)	R:false  F:false
02-28 09:09:29.706 13511 13544 D NavigationTest: 178: (28.032518, -82.410403, 0.500000)	R:false  F:false
02-28 09:09:29.706 13511 13544 D NavServiceProvider: Second to last stop coordinates: 28.03244, -82.405462
02-28 09:09:29.706 13511 13544 D NavServiceProvider: Setting units automatically
02-28 09:09:29.708 13511 13544 D NavServiceProvider: Detecting stop. distance_d=484.46036. stop_type=1 speed=1.25
02-28 09:09:29.708 13511 13544 D NavigationTest: 179: (28.032517, -82.410388, 1.250000)	R:false  F:false
02-28 09:09:29.708 13511 13544 D NavigationTest: 180: (28.032517, -82.410388, 1.250000)	R:false  F:false
02-28 09:09:29.708 13511 13544 D NavServiceProvider: Second to last stop coordinates: 28.03244, -82.405462
02-28 09:09:29.708 13511 13544 D NavServiceProvider: Setting units automatically
02-28 09:09:29.709 13511 13544 D NavServiceProvider: Detecting stop. distance_d=481.52307. stop_type=1 speed=2.5
02-28 09:09:29.709 13511 13544 D NavigationTest: 181: (28.032523, -82.410358, 2.500000)	R:false  F:false
02-28 09:09:29.710 13511 13544 D NavigationTest: 182: (28.032523, -82.410358, 2.500000)	R:false  F:false
02-28 09:09:29.710 13511 13544 D NavServiceProvider: Second to last stop coordinates: 28.03244, -82.405462
02-28 09:09:29.710 13511 13544 D NavServiceProvider: Setting units automatically
02-28 09:09:29.711 13511 13544 D NavServiceProvider: Detecting stop. distance_d=478.06976. stop_type=1 speed=3.25
02-28 09:09:29.712 13511 13544 D NavigationTest: 183: (28.032517, -82.410323, 3.250000)	R:false  F:false
02-28 09:09:29.712 13511 13544 D NavigationTest: 184: (28.032517, -82.410323, 3.250000)	R:false  F:false
02-28 09:09:29.712 13511 13544 D NavServiceProvider: Second to last stop coordinates: 28.03244, -82.405462
02-28 09:09:29.712 13511 13544 D NavServiceProvider: Setting units automatically
02-28 09:09:29.714 13511 13544 D NavServiceProvider: Detecting stop. distance_d=474.3298. stop_type=1 speed=3.75
02-28 09:09:29.714 13511 13544 D NavigationTest: 185: (28.032515, -82.410285, 3.750000)	R:false  F:false
02-28 09:09:29.714 13511 13544 D NavServiceProvider: Second to last stop coordinates: 28.03244, -82.405462
02-28 09:09:29.715 13511 13544 D NavServiceProvider: Setting units automatically
02-28 09:09:29.718 13511 13544 D NavServiceProvider: Detecting stop. distance_d=470.06406. stop_type=1 speed=4.25
02-28 09:09:29.718 13511 13544 D NavigationTest: 186: (28.032492, -82.410242, 4.250000)	R:false  F:false
02-28 09:09:29.718 13511 13544 D NavigationTest: 187: (28.032492, -82.410242, 4.250000)	R:false  F:false
02-28 09:09:29.718 13511 13544 D NavServiceProvider: Second to last stop coordinates: 28.03244, -82.405462
02-28 09:09:29.719   871   911 D audio_hw_primary: adev_get_parameters:vr_audio_mode_on
02-28 09:09:29.719   871   911 I audio_hw_primary: getting vr mode to 0
02-28 09:09:29.719   871   911 D audio_hw_primary: adev_get_parameters: exit: returns - vr_audio_mode_on=false
02-28 09:09:29.719   959  2592 I hash_map_utils: key: 'vr_audio_mode_on' value: ''
02-28 09:09:29.719 13511 13544 D NavServiceProvider: Setting units automatically
02-28 09:09:29.719   959  2592 I AudioPolicyManagerCustom: VR mode is 0, switch to primary output if request is for fast|raw
02-28 09:09:29.719   959  2592 I AudioPolicyManagerCustom: setting force DEEP buffer now
02-28 09:09:29.720   959  2592 D AudioFlinger: Client defaulted notificationFrames to 2048 for frameCount 4096
02-28 09:09:29.721   959  2592 D AF::TrackHandle: OpPlayAudio: track:177 usage:1 not muted
02-28 09:09:29.722 13511 13544 D NavServiceProvider: Detecting stop. distance_d=463.09808. stop_type=1 speed=5.5
02-28 09:09:29.722 13511 13544 D NavigationTest: 188: (28.032502, -82.410171, 5.500000)	R:false  F:false
02-28 09:09:29.722 13511 13544 D NavigationTest: 189: (28.032502, -82.410171, 5.500000)	R:false  F:false
02-28 09:09:29.722 13511 13544 D NavServiceProvider: Second to last stop coordinates: 28.03244, -82.405462
02-28 09:09:29.722 13511 13544 D NavServiceProvider: Setting units automatically
02-28 09:09:29.724 13511 13544 D NavServiceProvider: Detecting stop. distance_d=457.95752. stop_type=1 speed=6.5
02-28 09:09:29.724 13511 13544 D NavigationTest: 190: (28.032482, -82.410119, 6.500000)	R:false  F:false
02-28 09:09:29.724 13511 13544 D NavigationTest: 191: (28.032482, -82.410119, 6.500000)	R:false  F:false
02-28 09:09:29.724 13511 13544 D NavServiceProvider: Second to last stop coordinates: 28.03244, -82.405462
02-28 09:09:29.725 13511 13544 D NavServiceProvider: Setting units automatically
02-28 09:09:29.725  2666  3413 D Avrcp_ext: AudioManager Player: ID:23 -- type:android.media.SoundPool -- u/pid:10126/2688 -- state:idle -- attr:AudioAttributes: usage=USAGE_ASSISTANCE_SONIFICATION content=CONTENT_TYPE_SONIFICATION flags=0x800 tags= bundle=null
02-28 09:09:29.725  2666  3413 D Avrcp_ext: AudioManager Player: ID:15 -- type:android.media.SoundPool -- u/pid:1000/1493 -- state:idle -- attr:AudioAttributes: usage=USAGE_ASSISTANCE_SONIFICATION content=CONTENT_TYPE_SONIFICATION flags=0x800 tags= bundle=null
02-28 09:09:29.725  2666  3413 D Avrcp_ext: AudioManager Player: ID:1007 -- type:android.media.AudioTrack -- u/pid:10088/13579 -- state:started -- attr:AudioAttributes: usage=USAGE_MEDIA content=CONTENT_TYPE_SPEECH flags=0x800 tags= bundle=null
02-28 09:09:29.725  2666  3413 D Avrcp_ext: AudioManager isPlaying: true
02-28 09:09:29.725  2666  3413 V Avrcp_ext: updateCurrentMediaState: mMediaController: null
02-28 09:09:29.726  2666  3413 V Avrcp_ext: isMusicActive: false getBluetoothPlayState: 2
02-28 09:09:29.726  2666  3413 V Avrcp_ext: updateCurrentMediaState: isPlaying = false
02-28 09:09:29.726  2666  3413 V Avrcp_ext: Media update: id -1-1? [MediaAttributes: none] : [MediaAttributes: none]
02-28 09:09:29.726  2666  3413 V Avrcp_ext: newPlayStatus:2mReportedPlayStatus:-1
02-28 09:09:29.726  2666  3413 V Avrcp_ext: updatePlaybackState, state: PlaybackState {state=2, position=-1, buffered position=0, speed=0.0, updated=1773056, actions=0, custom actions=[], active item id=-1, error=null} device: null
02-28 09:09:29.726  2666  3413 V Avrcp_ext: Device: no name:
02-28 09:09:29.726  2666  3413 I chatty  : uid=1002(bluetooth) BluetoothAvrcpH identical 3 lines
02-28 09:09:29.726  2666  3413 V Avrcp_ext: Device: no name:
02-28 09:09:29.726  2666  3413 V Avrcp_ext: updatePlayerStateAndPosition, old=PlaybackState {state=2, position=-1, buffered position=0, speed=0.0, updated=1772789, actions=0, custom actions=[], active item id=-1, error=null}, state=PlaybackState {state=2, position=-1, buffered position=0, speed=0.0, updated=1773056, actions=0, custom actions=[], active item id=-1, error=null}
02-28 09:09:29.726  2666  3413 V Avrcp_ext: old state = PlaybackState {state=2, position=-1, buffered position=0, speed=0.0, updated=1772789, actions=0, custom actions=[], active item id=-1, error=null}, new state= PlaybackState {state=2, position=-1, buffered position=0, speed=0.0, updated=1773056, actions=0, custom actions=[], active item id=-1, error=null}
02-28 09:09:29.726  2666  3413 D HeadsetService: getHeadsetService(): returning com.android.bluetooth.hfp.HeadsetService@8a04d28
02-28 09:09:29.727 13511 13544 D NavServiceProvider: Detecting stop. distance_d=449.6958. stop_type=1 speed=7.5
02-28 09:09:29.727 13511 13544 D NavigationTest: 192: (28.032480, -82.410035, 7.500000)	R:false  F:false
02-28 09:09:29.727 13511 13544 D NavigationTest: 193: (28.032480, -82.410035, 7.500000)	R:false  F:false
02-28 09:09:29.727 13511 13544 D NavServiceProvider: Second to last stop coordinates: 28.03244, -82.405462
02-28 09:09:29.727  2666  3413 D HeadsetService:  isAudioOn: The number of audio connected devices 0
02-28 09:09:29.727  2666  3413 D HeadsetService: isScoOrCallActive(): Call Active:falseCall is Ringing:falseSCO is Active:false
02-28 09:09:29.727  2666  3413 D HeadsetService:  isAudioOn: The number of audio connected devices 0
02-28 09:09:29.727  2666  3413 I Avrcp_ext: updatePlayStatusForDevice: device: null
02-28 09:09:29.727  2666  3413 V Avrcp_ext: updatePlaybackState (1): old=PlaybackState {state=2, position=-1, buffered position=0, speed=0.0, updated=1772789, actions=0, custom actions=[], active item id=-1, error=null}(2), new=PlaybackState {state=2, position=-1, buffered position=0, speed=0.0, updated=1773056, actions=0, custom actions=[], active item id=-1, error=null}(2)
02-28 09:09:29.727  2666  3413 I Avrcp_ext: Exit updatePlayStatusForDevice
02-28 09:09:29.727 13511 13544 D NavServiceProvider: Setting units automatically
02-28 09:09:29.728  2666  3413 D HeadsetService:  isAudioOn: The number of audio connected devices 0
02-28 09:09:29.728  2666  3413 D HeadsetService: isScoOrCallActive(): Call Active:falseCall is Ringing:falseSCO is Active:false
02-28 09:09:29.728  2666  3413 D HeadsetService:  isAudioOn: The number of audio connected devices 0
02-28 09:09:29.728  2666  3413 I Avrcp_ext: updatePlayStatusForDevice: device: null
02-28 09:09:29.728  2666  3413 V Avrcp_ext: updatePlaybackState (1): old=PlaybackState {state=2, position=-1, buffered position=0, speed=0.0, updated=1772789, actions=0, custom actions=[], active item id=-1, error=null}(2), new=PlaybackState {state=2, position=-1, buffered position=0, speed=0.0, updated=1773056, actions=0, custom actions=[], active item id=-1, error=null}(2)
02-28 09:09:29.728  2666  3413 I Avrcp_ext: Exit updatePlayStatusForDevice
02-28 09:09:29.728  2666  3413 D HeadsetService:  isAudioOn: The number of audio connected devices 0
02-28 09:09:29.728  2666  3413 D HeadsetService: isScoOrCallActive(): Call Active:falseCall is Ringing:falseSCO is Active:false
02-28 09:09:29.728  2666  3413 D HeadsetService:  isAudioOn: The number of audio connected devices 0
02-28 09:09:29.728  2666  3413 I Avrcp_ext: updatePlayStatusForDevice: device: null
02-28 09:09:29.729  2666  3413 V Avrcp_ext: updatePlaybackState (1): old=PlaybackState {state=2, position=-1, buffered position=0, speed=0.0, updated=1772789, actions=0, custom actions=[], active item id=-1, error=null}(2), new=PlaybackState {state=2, position=-1, buffered position=0, speed=0.0, updated=1773056, actions=0, custom actions=[], active item id=-1, error=null}(2)
02-28 09:09:29.729  2666  3413 I Avrcp_ext: Exit updatePlayStatusForDevice
02-28 09:09:29.729  2666  3413 D HeadsetService:  isAudioOn: The number of audio connected devices 0
02-28 09:09:29.729  2666  3413 D HeadsetService: isScoOrCallActive(): Call Active:falseCall is Ringing:falseSCO is Active:false
02-28 09:09:29.729  2666  3413 D HeadsetService:  isAudioOn: The number of audio connected devices 0
02-28 09:09:29.729  2666  3413 I Avrcp_ext: updatePlayStatusForDevice: device: null
02-28 09:09:29.729  2666  3413 V Avrcp_ext: updatePlaybackState (1): old=PlaybackState {state=2, position=-1, buffered position=0, speed=0.0, updated=1772789, actions=0, custom actions=[], active item id=-1, error=null}(2), new=PlaybackState {state=2, position=-1, buffered position=0, speed=0.0, updated=1773056, actions=0, custom actions=[], active item id=-1, error=null}(2)
02-28 09:09:29.729  2666  3413 I Avrcp_ext: Exit updatePlayStatusForDevice
02-28 09:09:29.729 13511 13544 D NavServiceProvider: Detecting stop. distance_d=441.14133. stop_type=1 speed=8.25
02-28 09:09:29.729 13511 13544 D NavigationTest: 194: (28.032480, -82.409948, 8.250000)	R:false  F:false
02-28 09:09:29.729 13511 13544 D NavServiceProvider: Second to last stop coordinates: 28.03244, -82.405462
02-28 09:09:29.730 13511 13544 D NavServiceProvider: Setting units automatically
02-28 09:09:29.731  2666  3413 D HeadsetService:  isAudioOn: The number of audio connected devices 0
02-28 09:09:29.732 13511 13544 D NavServiceProvider: Detecting stop. distance_d=432.28653. stop_type=1 speed=8.25
02-28 09:09:29.731  2666  3413 D HeadsetService: isScoOrCallActive(): Call Active:falseCall is Ringing:falseSCO is Active:false
02-28 09:09:29.732 13511 13544 D NavigationTest: 195: (28.032475, -82.409858, 8.250000)	R:false  F:false
02-28 09:09:29.732 13511 13544 D NavigationTest: 196: (28.032475, -82.409858, 8.250000)	R:false  F:false
02-28 09:09:29.732 13511 13544 D NavServiceProvider: Second to last stop coordinates: 28.03244, -82.405462
02-28 09:09:29.733  2666  3413 D HeadsetService:  isAudioOn: The number of audio connected devices 0
02-28 09:09:29.733  2666  3413 I Avrcp_ext: updatePlayStatusForDevice: device: null
02-28 09:09:29.733 13511 13544 D NavServiceProvider: Setting units automatically
02-28 09:09:29.733  2666  3413 V Avrcp_ext: updatePlaybackState (1): old=PlaybackState {state=2, position=-1, buffered position=0, speed=0.0, updated=1772789, actions=0, custom actions=[], active item id=-1, error=null}(2), new=PlaybackState {state=2, position=-1, buffered position=0, speed=0.0, updated=1773056, actions=0, custom actions=[], active item id=-1, error=null}(2)
02-28 09:09:29.733  2666  3413 I Avrcp_ext: Exit updatePlayStatusForDevice
02-28 09:09:29.733  2666  3413 D Avrcp_ext: Enter sendPlayPosNotificationRsp
02-28 09:09:29.733  2666  3413 D Avrcp_ext: sendPlayPosNotificationRsp: Not registered or requesting.
02-28 09:09:29.733  2666  3413 D Avrcp_ext: Enter sendPlayPosNotificationRsp
02-28 09:09:29.733  2666  3413 D Avrcp_ext: sendPlayPosNotificationRsp: Not registered or requesting.
02-28 09:09:29.733  2666  3413 D Avrcp_ext: Enter sendPlayPosNotificationRsp
02-28 09:09:29.733  2666  3413 D Avrcp_ext: sendPlayPosNotificationRsp: Not registered or requesting.
02-28 09:09:29.733  2666  3413 D Avrcp_ext: Enter sendPlayPosNotificationRsp
02-28 09:09:29.733  2666  3413 D Avrcp_ext: sendPlayPosNotificationRsp: Not registered or requesting.
02-28 09:09:29.733  2666  3413 D Avrcp_ext: Enter sendPlayPosNotificationRsp
02-28 09:09:29.733  2666  3413 D Avrcp_ext: sendPlayPosNotificationRsp: Not registered or requesting.
02-28 09:09:29.733  2666  3413 V Avrcp_ext: Exit updatePlayerStateAndPosition
02-28 09:09:29.734 13511 13544 D NavServiceProvider: Detecting stop. distance_d=423.63168. stop_type=1 speed=8.75
02-28 09:09:29.735 13511 13544 D NavigationTest: 197: (28.032473, -82.409770, 8.750000)	R:false  F:false
02-28 09:09:29.735 13511 13544 D NavigationTest: 198: (28.032473, -82.409770, 8.750000)	R:false  F:false
02-28 09:09:29.735 13511 13544 D NavServiceProvider: Second to last stop coordinates: 28.03244, -82.405462
02-28 09:09:29.735 13511 13544 D NavServiceProvider: Setting units automatically
02-28 09:09:29.737 13511 13544 D NavServiceProvider: Detecting stop. distance_d=415.37308. stop_type=1 speed=9.0
02-28 09:09:29.737 13511 13544 D NavigationTest: 199: (28.032474, -82.409686, 9.000000)	R:false  F:false
02-28 09:09:29.737 13511 13544 D NavigationTest: 200: (28.032474, -82.409686, 9.000000)	R:false  F:false
02-28 09:09:29.737 13511 13544 D NavServiceProvider: Second to last stop coordinates: 28.03244, -82.405462
02-28 09:09:29.737 13511 13544 D NavServiceProvider: Setting units automatically
02-28 09:09:29.739 13511 13544 D NavServiceProvider: Detecting stop. distance_d=405.54346. stop_type=1 speed=9.5
02-28 09:09:29.739 13511 13544 D NavigationTest: 201: (28.032477, -82.409586, 9.500000)	R:false  F:false
02-28 09:09:29.739 13511 13544 D NavServiceProvider: Second to last stop coordinates: 28.03244, -82.405462
02-28 09:09:29.739 13511 13544 D NavServiceProvider: Setting units automatically
02-28 09:09:29.740   871   911 V EffectDiracSound: DiracSound_command() start, cmdCode=20
02-28 09:09:29.740   871   911 V EffectDiracSound: DiracSound_Command EFFECT_CMD_OFFLOAD
02-28 09:09:29.740   871   911 V EffectDiracSound: DiracSound_command() start, cmdCode=1
02-28 09:09:29.740   871   911 V EffectDiracSound: DiracSound_setConfig start
02-28 09:09:29.740   871   911 I EffectDiracSound: DiracSound_updateState(), enable=0, hifi=0, device=0x2, headset=5, samplingRate=48000
02-28 09:09:29.740   871   911 I EffectDiracSound: DiracSound_updateState(), mode=0, music=0, movie=0, reset=0
02-28 09:09:29.740   871   911 I EffectDiracSound: DiracSound_updateState(), Speaker Movie/Stereo Mode is not supported. Stop update state.
02-28 09:09:29.740   871   911 W EffectHAL: Effect 0xe4b38cd0 command SET_CONFIG returned status: Invalid argument
02-28 09:09:29.740   871   911 V EffectDiracSound: DiracSound_command() start, cmdCode=1
02-28 09:09:29.740   871   911 V EffectDiracSound: DiracSound_setConfig start
02-28 09:09:29.740   871   911 I EffectDiracSound: DiracSound_updateState(), enable=0, hifi=0, device=0x2, headset=5, samplingRate=48000
02-28 09:09:29.740   871   911 I EffectDiracSound: DiracSound_updateState(), mode=0, music=0, movie=0, reset=0
02-28 09:09:29.740   871   911 I EffectDiracSound: DiracSound_updateState(), Speaker Movie/Stereo Mode is not supported. Stop update state.
02-28 09:09:29.740   871   911 V EffectDiracSound: DiracSound_command() start, cmdCode=9
02-28 09:09:29.740   871   911 V EffectDiracSound: DiracSound_Command EFFECT_CMD_SET_DEVICE: 0x00000002
02-28 09:09:29.741   871   911 V EffectDiracSound: DiracSound_command() start, cmdCode=11
02-28 09:09:29.741   871   911 V EffectDiracSound: DiracSound_Command EFFECT_CMD_SET_AUDIO_MODE: 0
02-28 09:09:29.741 13511 13544 D NavServiceProvider: Detecting stop. distance_d=395.01517. stop_type=1 speed=10.25
02-28 09:09:29.741 13511 13544 D NavigationTest: 202: (28.032470, -82.409479, 10.250000)	R:false  F:false
02-28 09:09:29.741 13511 13544 D NavigationTest: 203: (28.032470, -82.409479, 10.250000)	R:false  F:false
02-28 09:09:29.741 13511 13544 D NavServiceProvider: Second to last stop coordinates: 28.03244, -82.405462
02-28 09:09:29.742 13511 13544 D NavServiceProvider: Setting units automatically
02-28 09:09:29.744 13511 13544 D NavServiceProvider: Detecting stop. distance_d=384.9024. stop_type=1 speed=10.5
02-28 09:09:29.744 13511 13544 D NavigationTest: 204: (28.032483, -82.409376, 10.500000)	R:false  F:false
02-28 09:09:29.744 13511 13544 D NavServiceProvider: Second to last stop coordinates: 28.03244, -82.405462
02-28 09:09:29.744 13511 13544 D NavServiceProvider: Setting units automatically
02-28 09:09:29.746 13511 13544 D NavServiceProvider: Detecting stop. distance_d=374.775. stop_type=1 speed=10.5
02-28 09:09:29.746 13511 13544 D NavigationTest: 205: (28.032483, -82.409273, 10.500000)	R:false  F:false
02-28 09:09:29.746 13511 13544 D NavigationTest: 206: (28.032483, -82.409273, 10.500000)	R:false  F:false
02-28 09:09:29.746 13511 13544 D NavServiceProvider: Second to last stop coordinates: 28.03244, -82.405462
02-28 09:09:29.746 13511 13544 D NavServiceProvider: Setting units automatically
02-28 09:09:29.747 13511 13544 D NavServiceProvider: Detecting stop. distance_d=361.94388. stop_type=1 speed=11.5
02-28 09:09:29.747 13511 13544 D NavigationTest: 207: (28.032509, -82.409142, 11.500000)	R:false  F:false
02-28 09:09:29.747 13511 13544 D NavigationTest: 208: (28.032509, -82.409142, 11.500000)	R:false  F:false
02-28 09:09:29.747 13511 13544 D NavServiceProvider: Second to last stop coordinates: 28.03244, -82.405462
02-28 09:09:29.748 13511 13544 D NavServiceProvider: Setting units automatically
02-28 09:09:29.749 13511 13544 D NavServiceProvider: Detecting stop. distance_d=352.34506. stop_type=1 speed=11.25
02-28 09:09:29.749 13511 13544 D NavigationTest: 209: (28.032474, -82.409045, 11.250000)	R:false  F:false
02-28 09:09:29.749 13511 13544 D NavigationTest: 210: (28.032474, -82.409045, 11.250000)	R:false  F:false
02-28 09:09:29.749 13511 13544 D NavServiceProvider: Second to last stop coordinates: 28.03244, -82.405462
02-28 09:09:29.749   871  6793 D msm8974_platform: platform_split_snd_device: snd_device(2) num devices(1) new_snd_devices(0)
02-28 09:09:29.749   871  6793 D ACDB-LOADER: ACDB -> send_audvoltable
02-28 09:09:29.749   871  6793 D ACDB-LOADER: ACDB -> ACDB_CMD_GET_AUDPROC_VOL_STEP_TABLE_SIZE
02-28 09:09:29.749   871  6793 D ACDB-LOADER: ACDB -> ACDB_CMD_GET_AUDPROC_GAIN_DEP_STEP_TABLE, vol index 5
02-28 09:09:29.749   871  6793 D         : Failed to fetch the lookup information of the device 0000000F
02-28 09:09:29.749   871  6793 E ACDB-LOADER: Error: ACDB AudProc vol returned = -19
02-28 09:09:29.750   871  6793 D ACDB-LOADER: ACDB -> AUDIO_SET_VOL_CAL cal type = 40
02-28 09:09:29.750 13511 13544 D NavServiceProvider: Setting units automatically
02-28 09:09:29.751 13511 13544 D NavServiceProvider: Detecting stop. distance_d=338.90234. stop_type=1 speed=12.0
02-28 09:09:29.751 13511 13544 D NavigationTest: 211: (28.032492, -82.408908, 12.000000)	R:false  F:false
02-28 09:09:29.751 13511 13544 D NavServiceProvider: Second to last stop coordinates: 28.03244, -82.405462
02-28 09:09:29.751 13511 13544 D NavServiceProvider: Setting units automatically
02-28 09:09:29.752 13511 13544 D NavServiceProvider: Detecting stop. distance_d=325.2531. stop_type=1 speed=12.75
02-28 09:09:29.752 13511 13544 D NavigationTest: 212: (28.032500, -82.408769, 12.750000)	R:false  F:false
02-28 09:09:29.753 13511 13544 D NavigationTest: 213: (28.032500, -82.408769, 12.750000)	R:false  F:false
02-28 09:09:29.753 13511 13544 D NavServiceProvider: Second to last stop coordinates: 28.03244, -82.405462
02-28 09:09:29.753 13511 13544 D NavServiceProvider: Setting units automatically
02-28 09:09:29.754 13511 13544 D NavServiceProvider: Detecting stop. distance_d=311.41968. stop_type=1 speed=13.0
02-28 09:09:29.754 13511 13544 D NavigationTest: 214: (28.032511, -82.408628, 13.000000)	R:false  F:false
02-28 09:09:29.754 13511 13544 D NavServiceProvider: Second to last stop coordinates: 28.03244, -82.405462
02-28 09:09:29.754 13511 13544 D NavServiceProvider: Setting units automatically
02-28 09:09:29.756 13511 13544 D NavServiceProvider: Detecting stop. distance_d=297.48267. stop_type=1 speed=13.0
02-28 09:09:29.756 13511 13544 D NavigationTest: 215: (28.032518, -82.408486, 13.000000)	R:false  F:false
02-28 09:09:29.756 13511 13544 D NavigationTest: 216: (28.032518, -82.408486, 13.000000)	R:false  F:false
02-28 09:09:29.756 13511 13544 D NavigationTest: 217: (28.032518, -82.408486, 13.000000)	R:false  F:false
02-28 09:09:29.756 13511 13544 D NavServiceProvider: Second to last stop coordinates: 28.03244, -82.405462
02-28 09:09:29.756 13511 13544 D NavServiceProvider: Setting units automatically
02-28 09:09:29.757 13511 13544 D NavServiceProvider: Detecting stop. distance_d=285.31213. stop_type=1 speed=13.0
02-28 09:09:29.757 13511 13544 D NavigationTest: 218: (28.032523, -82.408362, 13.000000)	R:false  F:false
02-28 09:09:29.757 13511 13544 D NavServiceProvider: Second to last stop coordinates: 28.03244, -82.405462
02-28 09:09:29.758 13511 13544 D NavServiceProvider: Setting units automatically
02-28 09:09:29.759 13511 13544 D NavServiceProvider: Detecting stop. distance_d=271.75726. stop_type=1 speed=13.25
02-28 09:09:29.759 13511 13544 D NavigationTest: 219: (28.032525, -82.408224, 13.250000)	R:false  F:false
02-28 09:09:29.759 13511 13544 D NavigationTest: 220: (28.032525, -82.408224, 13.250000)	R:false  F:false
02-28 09:09:29.759 13511 13544 D NavServiceProvider: Second to last stop coordinates: 28.03244, -82.405462
02-28 09:09:29.759 13511 13544 D NavServiceProvider: Setting units automatically
02-28 09:09:29.761 13511 13544 D NavServiceProvider: Detecting stop. distance_d=259.19516. stop_type=1 speed=13.0
02-28 09:09:29.761 13511 13544 D NavigationTest: 221: (28.032529, -82.408096, 13.000000)	R:false  F:false
02-28 09:09:29.761 13511 13544 D NavServiceProvider: Second to last stop coordinates: 28.03244, -82.405462
02-28 09:09:29.761 13511 13544 D NavServiceProvider: Setting units automatically
02-28 09:09:29.762 13511 13544 D NavServiceProvider: Detecting stop. distance_d=246.89989. stop_type=1 speed=12.5
02-28 09:09:29.763 13511 13544 D NavigationTest: 222: (28.032526, -82.407971, 12.500000)	R:false  F:false
02-28 09:09:29.763 13511 13544 D NavigationTest: 223: (28.032526, -82.407971, 12.500000)	R:false  F:false
02-28 09:09:29.763 13511 13544 D NavServiceProvider: Second to last stop coordinates: 28.03244, -82.405462
02-28 09:09:29.763 13511 13544 D NavServiceProvider: Setting units automatically
02-28 09:09:29.764 13511 13544 D NavServiceProvider: Detecting stop. distance_d=235.28397. stop_type=1 speed=12.0
02-28 09:09:29.764 13511 13544 D NavigationTest: 224: (28.032521, -82.407853, 12.000000)	R:false  F:false
02-28 09:09:29.764 13511 13544 D NavServiceProvider: Second to last stop coordinates: 28.03244, -82.405462
02-28 09:09:29.764 13511 13544 D NavServiceProvider: Setting units automatically
02-28 09:09:29.766 13511 13544 D NavServiceProvider: Detecting stop. distance_d=225.26613. stop_type=1 speed=10.75
02-28 09:09:29.766 13511 13544 D NavigationTest: 225: (28.032522, -82.407751, 10.750000)	R:false  F:false
02-28 09:09:29.766 13511 13544 D NavigationTest: 226: (28.032522, -82.407751, 10.750000)	R:false  F:false
02-28 09:09:29.766 13511 13544 D NavServiceProvider: Second to last stop coordinates: 28.03244, -82.405462
02-28 09:09:29.766 13511 13544 D NavServiceProvider: Setting units automatically
02-28 09:09:29.767 13511 13544 D NavServiceProvider: Detecting stop. distance_d=216.04018. stop_type=1 speed=9.75
02-28 09:09:29.767 13511 13544 D NavigationTest: 227: (28.032524, -82.407657, 9.750000)	R:false  F:false
02-28 09:09:29.767 13511 13544 D NavigationTest: 228: (28.032524, -82.407657, 9.750000)	R:false  F:false
02-28 09:09:29.767 13511 13544 D NavServiceProvider: Second to last stop coordinates: 28.03244, -82.405462
02-28 09:09:29.767 13511 13544 D NavServiceProvider: Setting units automatically
02-28 09:09:29.769 13511 13544 D NavServiceProvider: Detecting stop. distance_d=206.16571. stop_type=1 speed=9.25
02-28 09:09:29.769 13511 13544 D NavigationTest: 229: (28.032533, -82.407556, 9.250000)	R:false  F:false
02-28 09:09:29.769 13511 13544 D NavServiceProvider: Second to last stop coordinates: 28.03244, -82.405462
02-28 09:09:29.769 13511 13544 D NavServiceProvider: Setting units automatically
02-28 09:09:29.771 13579 13595 D AudioTrack: stop(145): called with 4096 frames delivered
02-28 09:09:29.772 13579 13612 I EventProcessor: synthesizeMarkup call to callback.audioAvailable failed: -1
02-28 09:09:29.772  2666  3413 D Avrcp_ext: AudioManager Player: ID:23 -- type:android.media.SoundPool -- u/pid:10126/2688 -- state:idle -- attr:AudioAttributes: usage=USAGE_ASSISTANCE_SONIFICATION content=CONTENT_TYPE_SONIFICATION flags=0x800 tags= bundle=null
02-28 09:09:29.772  2666  3413 D Avrcp_ext: AudioManager Player: ID:15 -- type:android.media.SoundPool -- u/pid:1000/1493 -- state:idle -- attr:AudioAttributes: usage=USAGE_ASSISTANCE_SONIFICATION content=CONTENT_TYPE_SONIFICATION flags=0x800 tags= bundle=null
02-28 09:09:29.772  2666  3413 D Avrcp_ext: AudioManager Player: ID:1007 -- type:android.media.AudioTrack -- u/pid:10088/13579 -- state:stopped -- attr:AudioAttributes: usage=USAGE_MEDIA content=CONTENT_TYPE_SPEECH flags=0x800 tags= bundle=null
02-28 09:09:29.772  2666  3413 D Avrcp_ext: AudioManager isPlaying: false
02-28 09:09:29.772  2666  3413 V Avrcp_ext: updateCurrentMediaState: mMediaController: null
02-28 09:09:29.773  2666  3413 V Avrcp_ext: isMusicActive: true getBluetoothPlayState: 2
02-28 09:09:29.773  2666  3413 V Avrcp_ext: updateCurrentMediaState: isPlaying = false
02-28 09:09:29.773  2666  3413 V Avrcp_ext: Media update: id -1-1? [MediaAttributes: none] : [MediaAttributes: none]
02-28 09:09:29.773  2666  3413 V Avrcp_ext: newPlayStatus:2mReportedPlayStatus:-1
02-28 09:09:29.773  2666  3413 V Avrcp_ext: updatePlaybackState, state: PlaybackState {state=2, position=-1, buffered position=0, speed=0.0, updated=1773104, actions=0, custom actions=[], active item id=-1, error=null} device: null
02-28 09:09:29.773  2666  3413 V Avrcp_ext: Device: no name:
02-28 09:09:29.773  2666  3413 I chatty  : uid=1002(bluetooth) BluetoothAvrcpH identical 3 lines
02-28 09:09:29.773  2666  3413 V Avrcp_ext: Device: no name:
02-28 09:09:29.773  2666  3413 V Avrcp_ext: updatePlayerStateAndPosition, old=PlaybackState {state=2, position=-1, buffered position=0, speed=0.0, updated=1773056, actions=0, custom actions=[], active item id=-1, error=null}, state=PlaybackState {state=2, position=-1, buffered position=0, speed=0.0, updated=1773104, actions=0, custom actions=[], active item id=-1, error=null}
02-28 09:09:29.773 13511 13544 D NavServiceProvider: -----Get ready!
02-28 09:09:29.773  2666  3413 V Avrcp_ext: old state = PlaybackState {state=2, position=-1, buffered position=0, speed=0.0, updated=1773056, actions=0, custom actions=[], active item id=-1, error=null}, new state= PlaybackState {state=2, position=-1, buffered position=0, speed=0.0, updated=1773104, actions=0, custom actions=[], active item id=-1, error=null}
02-28 09:09:29.773  2666  3413 D HeadsetService: getHeadsetService(): returning com.android.bluetooth.hfp.HeadsetService@8a04d28
02-28 09:09:29.774  2666  3413 D HeadsetService:  isAudioOn: The number of audio connected devices 0
02-28 09:09:29.774  2666  3413 D HeadsetService: isScoOrCallActive(): Call Active:falseCall is Ringing:falseSCO is Active:false
02-28 09:09:29.774 13511 13544 D NavigationTest: 230: (28.032525, -82.407472, 8.500000)	R:true  F:false
02-28 09:09:29.774 13511 13544 D NavServiceProvider: Second to last stop coordinates: 28.03244, -82.405462
02-28 09:09:29.774  2666  3413 D HeadsetService:  isAudioOn: The number of audio connected devices 0
02-28 09:09:29.774  2666  3413 I Avrcp_ext: updatePlayStatusForDevice: device: null
02-28 09:09:29.774  2666  3413 V Avrcp_ext: updatePlaybackState (1): old=PlaybackState {state=2, position=-1, buffered position=0, speed=0.0, updated=1773056, actions=0, custom actions=[], active item id=-1, error=null}(2), new=PlaybackState {state=2, position=-1, buffered position=0, speed=0.0, updated=1773104, actions=0, custom actions=[], active item id=-1, error=null}(2)
02-28 09:09:29.774  2666  3413 I Avrcp_ext: Exit updatePlayStatusForDevice
02-28 09:09:29.774 13579 13612 I GoogleTTSServiceImpl: Synthesis request for locale eng-USA and name en-US-language
02-28 09:09:29.774 13511 13544 D NavServiceProvider: Setting units automatically
02-28 09:09:29.774  2666  3413 D HeadsetService:  isAudioOn: The number of audio connected devices 0
02-28 09:09:29.774  2666  3413 D HeadsetService: isScoOrCallActive(): Call Active:falseCall is Ringing:falseSCO is Active:false
02-28 09:09:29.774  2666  3413 D HeadsetService:  isAudioOn: The number of audio connected devices 0
02-28 09:09:29.774  2666  3413 I Avrcp_ext: updatePlayStatusForDevice: device: null
02-28 09:09:29.775  2666  3413 V Avrcp_ext: updatePlaybackState (1): old=PlaybackState {state=2, position=-1, buffered position=0, speed=0.0, updated=1773056, actions=0, custom actions=[], active item id=-1, error=null}(2), new=PlaybackState {state=2, position=-1, buffered position=0, speed=0.0, updated=1773104, actions=0, custom actions=[], active item id=-1, error=null}(2)
02-28 09:09:29.775  2666  3413 I Avrcp_ext: Exit updatePlayStatusForDevice
02-28 09:09:29.775 13579 13612 I GoogleTTSServiceImpl: TTS dispatch: en-us-x-iog-seanet-embedded
02-28 09:09:29.775  2666  3413 D HeadsetService:  isAudioOn: The number of audio connected devices 0
02-28 09:09:29.775  2666  3413 D HeadsetService: isScoOrCallActive(): Call Active:falseCall is Ringing:falseSCO is Active:false
02-28 09:09:29.775  2666  3413 D HeadsetService:  isAudioOn: The number of audio connected devices 0
02-28 09:09:29.775  2666  3413 I Avrcp_ext: updatePlayStatusForDevice: device: null
02-28 09:09:29.775  2666  3413 V Avrcp_ext: updatePlaybackState (1): old=PlaybackState {state=2, position=-1, buffered position=0, speed=0.0, updated=1773056, actions=0, custom actions=[], active item id=-1, error=null}(2), new=PlaybackState {state=2, position=-1, buffered position=0, speed=0.0, updated=1773104, actions=0, custom actions=[], active item id=-1, error=null}(2)
02-28 09:09:29.775  2666  3413 I Avrcp_ext: Exit updatePlayStatusForDevice
02-28 09:09:29.775  2666  3413 D HeadsetService:  isAudioOn: The number of audio connected devices 0
02-28 09:09:29.775  2666  3413 D HeadsetService: isScoOrCallActive(): Call Active:falseCall is Ringing:falseSCO is Active:false
02-28 09:09:29.776  2666  3413 D HeadsetService:  isAudioOn: The number of audio connected devices 0
02-28 09:09:29.776  2666  3413 I Avrcp_ext: updatePlayStatusForDevice: device: null
02-28 09:09:29.776  2666  3413 V Avrcp_ext: updatePlaybackState (1): old=PlaybackState {state=2, position=-1, buffered position=0, speed=0.0, updated=1773056, actions=0, custom actions=[], active item id=-1, error=null}(2), new=PlaybackState {state=2, position=-1, buffered position=0, speed=0.0, updated=1773104, actions=0, custom actions=[], active item id=-1, error=null}(2)
02-28 09:09:29.776  2666  3413 I Avrcp_ext: Exit updatePlayStatusForDevice
02-28 09:09:29.776  2666  3413 D HeadsetService:  isAudioOn: The number of audio connected devices 0
02-28 09:09:29.776  2666  3413 D HeadsetService: isScoOrCallActive(): Call Active:falseCall is Ringing:falseSCO is Active:false
02-28 09:09:29.776  2666  3413 D HeadsetService:  isAudioOn: The number of audio connected devices 0
02-28 09:09:29.776  2666  3413 I Avrcp_ext: updatePlayStatusForDevice: device: null
02-28 09:09:29.776  2666  3413 V Avrcp_ext: updatePlaybackState (1): old=PlaybackState {state=2, position=-1, buffered position=0, speed=0.0, updated=1773056, actions=0, custom actions=[], active item id=-1, error=null}(2), new=PlaybackState {state=2, position=-1, buffered position=0, speed=0.0, updated=1773104, actions=0, custom actions=[], active item id=-1, error=null}(2)
02-28 09:09:29.776  2666  3413 I Avrcp_ext: Exit updatePlayStatusForDevice
02-28 09:09:29.776  2666  3413 D Avrcp_ext: Enter sendPlayPosNotificationRsp
02-28 09:09:29.776  2666  3413 D Avrcp_ext: sendPlayPosNotificationRsp: Not registered or requesting.
02-28 09:09:29.776  2666  3413 D Avrcp_ext: Enter sendPlayPosNotificationRsp
02-28 09:09:29.776  2666  3413 D Avrcp_ext: sendPlayPosNotificationRsp: Not registered or requesting.
02-28 09:09:29.776  2666  3413 D Avrcp_ext: Enter sendPlayPosNotificationRsp
02-28 09:09:29.776  2666  3413 D Avrcp_ext: sendPlayPosNotificationRsp: Not registered or requesting.
02-28 09:09:29.776  2666  3413 D Avrcp_ext: Enter sendPlayPosNotificationRsp
02-28 09:09:29.776  2666  3413 D Avrcp_ext: sendPlayPosNotificationRsp: Not registered or requesting.
02-28 09:09:29.776  2666  3413 D Avrcp_ext: Enter sendPlayPosNotificationRsp
02-28 09:09:29.776  2666  3413 D Avrcp_ext: sendPlayPosNotificationRsp: Not registered or requesting.
02-28 09:09:29.776  2666  3413 V Avrcp_ext: Exit updatePlayerStateAndPosition
02-28 09:09:29.777  2666  3413 D Avrcp_ext: AudioManager Player: ID:23 -- type:android.media.SoundPool -- u/pid:10126/2688 -- state:idle -- attr:AudioAttributes: usage=USAGE_ASSISTANCE_SONIFICATION content=CONTENT_TYPE_SONIFICATION flags=0x800 tags= bundle=null
02-28 09:09:29.777  2666  3413 D Avrcp_ext: AudioManager Player: ID:15 -- type:android.media.SoundPool -- u/pid:1000/1493 -- state:idle -- attr:AudioAttributes: usage=USAGE_ASSISTANCE_SONIFICATION content=CONTENT_TYPE_SONIFICATION flags=0x800 tags= bundle=null
02-28 09:09:29.777  2666  3413 D Avrcp_ext: AudioManager isPlaying: false
02-28 09:09:29.777 13511 13544 D NavServiceProvider: Detecting stop. distance_d=197.87238. stop_type=1 speed=8.5
02-28 09:09:29.777 13511 13544 D NavigationTest: 230: (28.032525, -82.407472, 8.500000)	R:true  F:false
02-28 09:09:29.777 13511 13544 D NavigationTest: 231: (28.032525, -82.407472, 8.500000)	R:true  F:false
02-28 09:09:29.777 13511 13544 D NavServiceProvider: Second to last stop coordinates: 28.03244, -82.405462
02-28 09:09:29.778 13511 13544 D NavServiceProvider: Setting units automatically
02-28 09:09:29.780 13511 13544 D NavServiceProvider: Detecting stop. distance_d=191.0027. stop_type=1 speed=7.25
02-28 09:09:29.780 13511 13544 D NavigationTest: 232: (28.032526, -82.407402, 7.250000)	R:true  F:false
02-28 09:09:29.780 13511 13544 D NavigationTest: 233: (28.032526, -82.407402, 7.250000)	R:true  F:false
02-28 09:09:29.780 13511 13544 D NavServiceProvider: Second to last stop coordinates: 28.03244, -82.405462
02-28 09:09:29.780 13511 13544 D NavServiceProvider: Setting units automatically
02-28 09:09:29.782 13511 13544 D NavServiceProvider: Detecting stop. distance_d=185.60707. stop_type=1 speed=6.0
02-28 09:09:29.782 13511 13544 D NavigationTest: 234: (28.032527, -82.407347, 6.000000)	R:true  F:false
02-28 09:09:29.782 13511 13544 D NavigationTest: 235: (28.032527, -82.407347, 6.000000)	R:true  F:false
02-28 09:09:29.782 13511 13544 D NavServiceProvider: Second to last stop coordinates: 28.03244, -82.405462
02-28 09:09:29.783 13511 13544 D NavServiceProvider: Setting units automatically
02-28 09:09:29.785 13511 13544 D NavServiceProvider: Detecting stop. distance_d=181.08417. stop_type=1 speed=5.0
02-28 09:09:29.785 13511 13544 D NavigationTest: 236: (28.032526, -82.407301, 5.000000)	R:true  F:false
02-28 09:09:29.785 13511 13544 D NavServiceProvider: Second to last stop coordinates: 28.03244, -82.405462
02-28 09:09:29.785 13511 13544 D NavServiceProvider: Setting units automatically
02-28 09:09:29.787 13511 13544 D NavServiceProvider: Detecting stop. distance_d=177.65942. stop_type=1 speed=3.5
02-28 09:09:29.787 13511 13544 D NavigationTest: 237: (28.032528, -82.407266, 3.500000)	R:true  F:false
02-28 09:09:29.787 13511 13544 D NavigationTest: 238: (28.032528, -82.407266, 3.500000)	R:true  F:false
02-28 09:09:29.787 13511 13544 D NavServiceProvider: Second to last stop coordinates: 28.03244, -82.405462
02-28 09:09:29.787 13511 13544 D NavServiceProvider: Setting units automatically
02-28 09:09:29.789 13511 13544 D NavServiceProvider: Detecting stop. distance_d=174.59161. stop_type=1 speed=1.75
02-28 09:09:29.789 13511 13544 D NavigationTest: 239: (28.032524, -82.407235, 1.750000)	R:true  F:false
02-28 09:09:29.789 13511 13544 D NavigationTest: 240: (28.032524, -82.407235, 1.750000)	R:true  F:false
02-28 09:09:29.789 13511 13544 D NavServiceProvider: Second to last stop coordinates: 28.03244, -82.405462
02-28 09:09:29.790 13511 13544 D NavServiceProvider: Setting units automatically
02-28 09:09:29.792 13511 13544 D NavServiceProvider: Detecting stop. distance_d=172.62779. stop_type=1 speed=1.75
02-28 09:09:29.792 13511 13544 D NavigationTest: 241: (28.032524, -82.407215, 1.750000)	R:true  F:false
02-28 09:09:29.792 13511 13544 D NavServiceProvider: Second to last stop coordinates: 28.03244, -82.405462
02-28 09:09:29.792 13511 13544 D NavServiceProvider: Setting units automatically
02-28 09:09:29.794 13511 13544 D NavServiceProvider: Detecting stop. distance_d=173.67908. stop_type=1 speed=0.75
02-28 09:09:29.794 13511 13544 D NavigationTest: 242: (28.032519, -82.407226, 0.750000)	R:true  F:false
02-28 09:09:29.794 13511 13544 D NavigationTest: 243: (28.032519, -82.407226, 0.750000)	R:true  F:false
02-28 09:09:29.794 13511 13544 D NavServiceProvider: Second to last stop coordinates: 28.03244, -82.405462
02-28 09:09:29.794 13511 13544 D NavServiceProvider: Setting units automatically
02-28 09:09:29.795 13511 13544 D NavServiceProvider: Detecting stop. distance_d=173.44019. stop_type=1 speed=0.0
02-28 09:09:29.795 13511 13544 D NavigationTest: 244: (28.032511, -82.407224, 0.000000)	R:true  F:false
02-28 09:09:29.795 13511 13544 D NavigationTest: 245: (28.032511, -82.407224, 0.000000)	R:true  F:false
02-28 09:09:29.795 13511 13544 D NavServiceProvider: Second to last stop coordinates: 28.03244, -82.405462
02-28 09:09:29.796 13511 13544 D NavServiceProvider: Setting units automatically
02-28 09:09:29.797 13511 13544 D NavServiceProvider: Detecting stop. distance_d=173.44019. stop_type=1 speed=0.0
02-28 09:09:29.797 13511 13544 D NavigationTest: 246: (28.032511, -82.407224, 0.000000)	R:true  F:false
02-28 09:09:29.797 13511 13544 D NavServiceProvider: Second to last stop coordinates: 28.03244, -82.405462
02-28 09:09:29.798 13511 13544 D NavServiceProvider: Setting units automatically
02-28 09:09:29.799 13511 13544 D NavServiceProvider: Detecting stop. distance_d=173.1557. stop_type=1 speed=0.0
02-28 09:09:29.799 13511 13544 D NavigationTest: 247: (28.032513, -82.407221, 0.000000)	R:true  F:false
02-28 09:09:29.799 13511 13544 D NavigationTest: 248: (28.032513, -82.407221, 0.000000)	R:true  F:false
02-28 09:09:29.799 13511 13544 D NavServiceProvider: Second to last stop coordinates: 28.03244, -82.405462
02-28 09:09:29.800 13511 13544 D NavServiceProvider: Setting units automatically
02-28 09:09:29.801 13511 13544 D NavServiceProvider: Detecting stop. distance_d=173.26978. stop_type=1 speed=0.0
02-28 09:09:29.801 13511 13544 D NavigationTest: 249: (28.032516, -82.407222, 0.000000)	R:true  F:false
02-28 09:09:29.801 13511 13544 D NavigationTest: 250: (28.032516, -82.407222, 0.000000)	R:true  F:false
02-28 09:09:29.801 13511 13544 D NavigationTest: 251: (28.032516, -82.407222, 0.000000)	R:true  F:false
02-28 09:09:29.801 13511 13544 D NavServiceProvider: Second to last stop coordinates: 28.03244, -82.405462
02-28 09:09:29.802 13511 13544 D NavServiceProvider: Setting units automatically
02-28 09:09:29.803 13511 13544 D NavServiceProvider: Detecting stop. distance_d=173.64684. stop_type=1 speed=0.0
02-28 09:09:29.803 13511 13544 D NavigationTest: 252: (28.032513, -82.407226, 0.000000)	R:true  F:false
02-28 09:09:29.803 13511 13544 D NavigationTest: 253: (28.032513, -82.407226, 0.000000)	R:true  F:false
02-28 09:09:29.803 13511 13544 D NavServiceProvider: Second to last stop coordinates: 28.03244, -82.405462
02-28 09:09:29.804 13511 13544 D NavServiceProvider: Setting units automatically
02-28 09:09:29.805 13511 13544 D NavServiceProvider: Detecting stop. distance_d=173.64684. stop_type=1 speed=0.0
02-28 09:09:29.805 13511 13544 D NavigationTest: 254: (28.032513, -82.407226, 0.000000)	R:true  F:false
02-28 09:09:29.805 13511 13544 D NavServiceProvider: Second to last stop coordinates: 28.03244, -82.405462
02-28 09:09:29.806 13511 13544 D NavServiceProvider: Setting units automatically
02-28 09:09:29.808 13511 13544 D NavServiceProvider: Detecting stop. distance_d=173.7299. stop_type=1 speed=0.0
02-28 09:09:29.808 13511 13544 D NavigationTest: 255: (28.032510, -82.407227, 0.000000)	R:true  F:false
02-28 09:09:29.808 13511 13544 D NavigationTest: 256: (28.032510, -82.407227, 0.000000)	R:true  F:false
02-28 09:09:29.808 13511 13544 D NavServiceProvider: Second to last stop coordinates: 28.03244, -82.405462
02-28 09:09:29.808 13511 13544 D NavServiceProvider: Setting units automatically
02-28 09:09:29.810 13511 13544 D NavServiceProvider: Detecting stop. distance_d=173.72015. stop_type=1 speed=0.0
02-28 09:09:29.810 13511 13544 D NavigationTest: 257: (28.032508, -82.407227, 0.000000)	R:true  F:false
02-28 09:09:29.810 13511 13544 D NavServiceProvider: Second to last stop coordinates: 28.03244, -82.405462
02-28 09:09:29.811 13511 13544 D NavServiceProvider: Setting units automatically
02-28 09:09:29.812 13511 13544 D NavServiceProvider: Detecting stop. distance_d=173.79083. stop_type=1 speed=0.0
02-28 09:09:29.812 13511 13544 D NavigationTest: 258: (28.032502, -82.407228, 0.000000)	R:true  F:false
02-28 09:09:29.812 13511 13544 D NavigationTest: 259: (28.032502, -82.407228, 0.000000)	R:true  F:false
02-28 09:09:29.812 13511 13544 D NavServiceProvider: Second to last stop coordinates: 28.03244, -82.405462
02-28 09:09:29.812 13511 13544 D NavServiceProvider: Setting units automatically
02-28 09:09:29.814 13511 13544 D NavServiceProvider: Detecting stop. distance_d=173.68396. stop_type=1 speed=0.0
02-28 09:09:29.814 13511 13544 D NavigationTest: 260: (28.032500, -82.407227, 0.000000)	R:true  F:false
02-28 09:09:29.814 13511 13544 D NavServiceProvider: Second to last stop coordinates: 28.03244, -82.405462
02-28 09:09:29.815 13511 13544 D NavServiceProvider: Setting units automatically
02-28 09:09:29.816 13511 13544 D NavServiceProvider: Detecting stop. distance_d=173.68396. stop_type=1 speed=0.0
02-28 09:09:29.816 13511 13544 D NavigationTest: 261: (28.032500, -82.407227, 0.000000)	R:true  F:false
02-28 09:09:29.816 13511 13544 D NavigationTest: 262: (28.032500, -82.407227, 0.000000)	R:true  F:false
02-28 09:09:29.816 13511 13544 D NavServiceProvider: Second to last stop coordinates: 28.03244, -82.405462
02-28 09:09:29.816 13511 13544 D NavServiceProvider: Setting units automatically
02-28 09:09:29.818 13511 13544 D NavServiceProvider: Detecting stop. distance_d=173.77802. stop_type=1 speed=0.0
02-28 09:09:29.818 13511 13544 D NavigationTest: 263: (28.032499, -82.407228, 0.000000)	R:true  F:false
02-28 09:09:29.818 13511 13544 D NavigationTest: 264: (28.032499, -82.407228, 0.000000)	R:true  F:false
02-28 09:09:29.818 13511 13544 D NavServiceProvider: Second to last stop coordinates: 28.03244, -82.405462
02-28 09:09:29.818 13511 13544 D NavServiceProvider: Setting units automatically
02-28 09:09:29.820 13511 13544 D NavServiceProvider: Detecting stop. distance_d=173.77802. stop_type=1 speed=0.0
02-28 09:09:29.820 13511 13544 D NavigationTest: 265: (28.032499, -82.407228, 0.000000)	R:true  F:false
02-28 09:09:29.820 13511 13544 D NavServiceProvider: Second to last stop coordinates: 28.03244, -82.405462
02-28 09:09:29.820 13511 13544 D NavServiceProvider: Setting units automatically
02-28 09:09:29.821 13511 13544 D NavServiceProvider: Detecting stop. distance_d=173.77802. stop_type=1 speed=0.0
02-28 09:09:29.821 13511 13544 D NavigationTest: 266: (28.032499, -82.407228, 0.000000)	R:true  F:false
02-28 09:09:29.822 13511 13544 D NavigationTest: 267: (28.032499, -82.407228, 0.000000)	R:true  F:false
02-28 09:09:29.822 13511 13544 D NavServiceProvider: Second to last stop coordinates: 28.03244, -82.405462
02-28 09:09:29.822 13511 13544 D NavServiceProvider: Setting units automatically
02-28 09:09:29.823 13511 13544 D NavServiceProvider: Detecting stop. distance_d=173.77802. stop_type=1 speed=0.0
02-28 09:09:29.823 13511 13544 D NavigationTest: 268: (28.032499, -82.407228, 0.000000)	R:true  F:false
02-28 09:09:29.823 13511 13544 D NavServiceProvider: Second to last stop coordinates: 28.03244, -82.405462
02-28 09:09:29.823 13511 13544 D NavServiceProvider: Setting units automatically
02-28 09:09:29.824 13511 13544 D NavServiceProvider: Detecting stop. distance_d=173.77802. stop_type=1 speed=0.0
02-28 09:09:29.824 13511 13544 D NavigationTest: 269: (28.032499, -82.407228, 0.000000)	R:true  F:false
02-28 09:09:29.825 13511 13544 D NavigationTest: 270: (28.032499, -82.407228, 0.000000)	R:true  F:false
02-28 09:09:29.825 13511 13544 D NavServiceProvider: Second to last stop coordinates: 28.03244, -82.405462
02-28 09:09:29.825 13511 13544 D NavServiceProvider: Setting units automatically
02-28 09:09:29.826 13511 13544 D NavServiceProvider: Detecting stop. distance_d=173.77802. stop_type=1 speed=0.0
02-28 09:09:29.826 13511 13544 D NavigationTest: 271: (28.032499, -82.407228, 0.000000)	R:true  F:false
02-28 09:09:29.826 13511 13544 D NavigationTest: 272: (28.032499, -82.407228, 0.000000)	R:true  F:false
02-28 09:09:29.826 13511 13544 D NavServiceProvider: Second to last stop coordinates: 28.03244, -82.405462
02-28 09:09:29.826 13511 13544 D NavServiceProvider: Setting units automatically
02-28 09:09:29.827 13511 13544 D NavServiceProvider: Detecting stop. distance_d=173.77802. stop_type=1 speed=0.0
