02-28 09:09:33.937 13511 13544 D NavigationTest: 834: (28.066006, -82.424575, 3.000000)	R:false  F:false
02-28 09:09:33.937 13511 13544 D NavServiceProvider: Second to last stop coordinates: 28.065622, -82.427307
02-28 09:09:33.937 13511 13544 D NavServiceProvider: Setting units automatically
02-28 09:09:33.938 13511 13544 D NavServiceProvider: Detecting stop. distance_d=266.64832. stop_type=1 speed=4.0
02-28 09:09:33.938 13511 13544 D NavigationTest: 835: (28.065964, -82.424622, 4.000000)	R:false  F:false
02-28 09:09:33.938 13511 13544 D NavigationTest: 836: (28.065964, -82.424622, 4.000000)	R:false  F:false
02-28 09:09:33.938 13511 13544 D NavServiceProvider: Second to last stop coordinates: 28.065622, -82.427307
02-28 09:09:33.938 13511 13544 D NavServiceProvider: Setting units automatically
02-28 09:09:33.939 13511 13544 D NavServiceProvider: Detecting stop. distance_d=256.9588. stop_type=1 speed=6.0
02-28 09:09:33.939 13511 13544 D NavigationTest: 837: (28.065922, -82.424715, 6.000000)	R:false  F:false
02-28 09:09:33.939 13511 13544 D NavServiceProvider: Second to last stop coordinates: 28.065622, -82.427307
02-28 09:09:33.940 13511 13544 D NavServiceProvider: Setting units automatically
02-28 09:09:33.941 13511 13544 D NavServiceProvider: Detecting stop. distance_d=253.15375. stop_type=1 speed=6.0
02-28 09:09:33.941 13511 13544 D NavigationTest: 838: (28.065908, -82.424752, 6.000000)	R:false  F:false
02-28 09:09:33.941 13511 13544 D NavigationTest: 839: (28.065908, -82.424752, 6.000000)	R:false  F:false
02-28 09:09:33.941 13511 13544 D NavServiceProvider: Second to last stop coordinates: 28.065622, -82.427307
02-28 09:09:33.941 13511 13544 D NavServiceProvider: Setting units automatically
02-28 09:09:33.942 13511 13544 D NavServiceProvider: Detecting stop. distance_d=244.54279. stop_type=1 speed=6.75
02-28 09:09:33.942 13511 13544 D NavigationTest: 840: (28.065877, -82.424836, 6.750000)	R:false  F:false
02-28 09:09:33.942 13511 13544 D NavigationTest: 841: (28.065877, -82.424836, 6.750000)	R:false  F:false
02-28 09:09:33.942 13511 13544 D NavServiceProvider: Second to last stop coordinates: 28.065622, -82.427307
02-28 09:09:33.943 13511 13544 D NavServiceProvider: Setting units automatically
02-28 09:09:33.943 13511 13544 D NavServiceProvider: Detecting stop. distance_d=236.48317. stop_type=1 speed=7.75
02-28 09:09:33.944 13511 13544 D NavigationTest: 842: (28.065832, -82.424913, 7.750000)	R:false  F:false
02-28 09:09:33.944 13511 13544 D NavigationTest: 843: (28.065832, -82.424913, 7.750000)	R:false  F:false
02-28 09:09:33.944 13511 13544 D NavServiceProvider: Second to last stop coordinates: 28.065622, -82.427307
02-28 09:09:33.944 13511 13544 D NavServiceProvider: Setting units automatically
02-28 09:09:33.945 13511 13544 D NavServiceProvider: Detecting stop. distance_d=225.46385. stop_type=1 speed=9.0
02-28 09:09:33.945 13511 13544 D NavigationTest: 844: (28.065776, -82.425020, 9.000000)	R:false  F:false
02-28 09:09:33.945 13511 13544 D NavServiceProvider: Second to last stop coordinates: 28.065622, -82.427307
02-28 09:09:33.945 13511 13544 D NavServiceProvider: Setting units automatically
02-28 09:09:33.946 13511 13544 D NavServiceProvider: Detecting stop. distance_d=218.68636. stop_type=1 speed=10.0
02-28 09:09:33.946 13511 13544 D NavigationTest: 845: (28.065718, -82.425085, 10.000000)	R:false  F:false
02-28 09:09:33.946 13511 13544 D NavigationTest: 846: (28.065718, -82.425085, 10.000000)	R:false  F:false
02-28 09:09:33.946 13511 13544 D NavServiceProvider: Second to last stop coordinates: 28.065622, -82.427307
02-28 09:09:33.946 13511 13544 D NavServiceProvider: Setting units automatically
02-28 09:09:33.947 13511 13544 D NavServiceProvider: Detecting stop. distance_d=207.58989. stop_type=1 speed=11.0
02-28 09:09:33.947 13511 13544 D NavigationTest: 847: (28.065672, -82.425196, 11.000000)	R:false  F:false
02-28 09:09:33.947 13511 13544 D NavServiceProvider: Second to last stop coordinates: 28.065622, -82.427307
02-28 09:09:33.948 13511 13544 D NavServiceProvider: Setting units automatically
02-28 09:09:33.950 13579 13668 D AudioTrack: stop(153): called with 15616 frames delivered
02-28 09:09:33.950 13579 13612 I EventProcessor: synthesizeMarkup call to callback.audioAvailable failed: -1
02-28 09:09:33.951 13511 13544 D NavServiceProvider: -----Get ready!
02-28 09:09:33.952 13511 13544 D NavigationTest: 848: (28.065652, -82.425300, 11.750000)	R:true  F:false
02-28 09:09:33.952 13511 13544 D NavServiceProvider: Second to last stop coordinates: 28.065622, -82.427307
02-28 09:09:33.952 13511 13544 D NavServiceProvider: Setting units automatically
02-28 09:09:33.955 13579 13612 I GoogleTTSServiceImpl: Synthesis request for locale eng-USA and name en-US-language
02-28 09:09:33.957 13579 13612 I GoogleTTSServiceImpl: TTS dispatch: en-us-x-iog-seanet-embedded
02-28 09:09:33.957 13511 13544 D NavServiceProvider: Detecting stop. distance_d=197.32053. stop_type=1 speed=11.75
02-28 09:09:33.957 13511 13544 D NavigationTest: 848: (28.065652, -82.425300, 11.750000)	R:true  F:false
02-28 09:09:33.957 13511 13544 D NavigationTest: 849: (28.065652, -82.425300, 11.750000)	R:true  F:false
02-28 09:09:33.957 13511 13544 D NavServiceProvider: Second to last stop coordinates: 28.065622, -82.427307
02-28 09:09:33.957 13511 13544 D NavServiceProvider: Setting units automatically
02-28 09:09:33.959 13511 13544 D NavServiceProvider: Detecting stop. distance_d=185.69371. stop_type=1 speed=12.0
02-28 09:09:33.959 13511 13544 D NavigationTest: 850: (28.065617, -82.425418, 12.000000)	R:true  F:false
02-28 09:09:33.959 13511 13544 D NavigationTest: 851: (28.065617, -82.425418, 12.000000)	R:true  F:false
02-28 09:09:33.959 13511 13544 D NavServiceProvider: Second to last stop coordinates: 28.065622, -82.427307
02-28 09:09:33.959 13511 13544 D NavServiceProvider: Setting units automatically
02-28 09:09:33.951  2666  3413 D Avrcp_ext: AudioManager Player: ID:23 -- type:android.media.SoundPool -- u/pid:10126/2688 -- state:idle -- attr:AudioAttributes: usage=USAGE_ASSISTANCE_SONIFICATION content=CONTENT_TYPE_SONIFICATION flags=0x800 tags= bundle=null
02-28 09:09:33.960  2666  3413 D Avrcp_ext: AudioManager Player: ID:15 -- type:android.media.SoundPool -- u/pid:1000/1493 -- state:idle -- attr:AudioAttributes: usage=USAGE_ASSISTANCE_SONIFICATION content=CONTENT_TYPE_SONIFICATION flags=0x800 tags= bundle=null
02-28 09:09:33.960  2666  3413 D Avrcp_ext: AudioManager Player: ID:1071 -- type:android.media.AudioTrack -- u/pid:10088/13579 -- state:stopped -- attr:AudioAttributes: usage=USAGE_MEDIA content=CONTENT_TYPE_SPEECH flags=0x800 tags= bundle=null
02-28 09:09:33.960  2666  3413 D Avrcp_ext: AudioManager isPlaying: false
02-28 09:09:33.960  2666  3413 V Avrcp_ext: updateCurrentMediaState: mMediaController: null
02-28 09:09:33.960  2666  3413 V Avrcp_ext: isMusicActive: true getBluetoothPlayState: 2
02-28 09:09:33.960  2666  3413 V Avrcp_ext: updateCurrentMediaState: isPlaying = false
02-28 09:09:33.960 13511 13544 D NavServiceProvider: Detecting stop. distance_d=172.62097. stop_type=1 speed=13.0
02-28 09:09:33.961  2666  3413 V Avrcp_ext: Media update: id -1-1? [MediaAttributes: none] : [MediaAttributes: none]
02-28 09:09:33.961 13511 13544 D NavigationTest: 852: (28.065614, -82.425551, 13.000000)	R:true  F:false
02-28 09:09:33.961  2666  3413 V Avrcp_ext: newPlayStatus:2mReportedPlayStatus:-1
02-28 09:09:33.961 13511 13544 D NavigationTest: 853: (28.065614, -82.425551, 13.000000)	R:true  F:false
02-28 09:09:33.961  2666  3413 V Avrcp_ext: updatePlaybackState, state: PlaybackState {state=2, position=-1, buffered position=0, speed=0.0, updated=1777291, actions=0, custom actions=[], active item id=-1, error=null} device: null
02-28 09:09:33.961 13511 13544 D NavServiceProvider: Second to last stop coordinates: 28.065622, -82.427307
02-28 09:09:33.961 13511 13544 D NavServiceProvider: Setting units automatically
02-28 09:09:33.962 13511 13544 D NavServiceProvider: Detecting stop. distance_d=158.95473. stop_type=1 speed=13.0
02-28 09:09:33.962 13511 13544 D NavigationTest: 854: (28.065621, -82.425690, 13.000000)	R:true  F:false
02-28 09:09:33.962 13511 13544 D NavigationTest: 855: (28.065621, -82.425690, 13.000000)	R:true  F:false
02-28 09:09:33.962 13511 13544 D NavServiceProvider: Second to last stop coordinates: 28.065622, -82.427307
02-28 09:09:33.961  2666  3413 V Avrcp_ext: Device: no name:
02-28 09:09:33.962  2666  3413 I chatty  : uid=1002(bluetooth) BluetoothAvrcpH identical 3 lines
02-28 09:09:33.962  2666  3413 V Avrcp_ext: Device: no name:
02-28 09:09:33.963  2666  3413 V Avrcp_ext: updatePlayerStateAndPosition, old=PlaybackState {state=2, position=-1, buffered position=0, speed=0.0, updated=1776748, actions=0, custom actions=[], active item id=-1, error=null}, state=PlaybackState {state=2, position=-1, buffered position=0, speed=0.0, updated=1777291, actions=0, custom actions=[], active item id=-1, error=null}
02-28 09:09:33.963  2666  3413 V Avrcp_ext: old state = PlaybackState {state=2, position=-1, buffered position=0, speed=0.0, updated=1776748, actions=0, custom actions=[], active item id=-1, error=null}, new state= PlaybackState {state=2, position=-1, buffered position=0, speed=0.0, updated=1777291, actions=0, custom actions=[], active item id=-1, error=null}
02-28 09:09:33.963  2666  3413 D HeadsetService: getHeadsetService(): returning com.android.bluetooth.hfp.HeadsetService@8a04d28
02-28 09:09:33.963 13511 13544 D NavServiceProvider: Setting units automatically
02-28 09:09:33.963  2666  3413 D HeadsetService:  isAudioOn: The number of audio connected devices 0
02-28 09:09:33.963  2666  3413 D HeadsetService: isScoOrCallActive(): Call Active:falseCall is Ringing:falseSCO is Active:false
02-28 09:09:33.963  2666  3413 D HeadsetService:  isAudioOn: The number of audio connected devices 0
02-28 09:09:33.963  2666  3413 I Avrcp_ext: updatePlayStatusForDevice: device: null
02-28 09:09:33.964  2666  3413 V Avrcp_ext: updatePlaybackState (1): old=PlaybackState {state=2, position=-1, buffered position=0, speed=0.0, updated=1776748, actions=0, custom actions=[], active item id=-1, error=null}(2), new=PlaybackState {state=2, position=-1, buffered position=0, speed=0.0, updated=1777291, actions=0, custom actions=[], active item id=-1, error=null}(2)
02-28 09:09:33.964  2666  3413 I Avrcp_ext: Exit updatePlayStatusForDevice
02-28 09:09:33.964  2666  3413 D HeadsetService:  isAudioOn: The number of audio connected devices 0
02-28 09:09:33.964  2666  3413 D HeadsetService: isScoOrCallActive(): Call Active:falseCall is Ringing:falseSCO is Active:false
02-28 09:09:33.964 13511 13544 D NavServiceProvider: Detecting stop. distance_d=147.35606. stop_type=1 speed=12.75
02-28 09:09:33.964  2666  3413 D HeadsetService:  isAudioOn: The number of audio connected devices 0
02-28 09:09:33.964  2666  3413 I Avrcp_ext: updatePlayStatusForDevice: device: null
02-28 09:09:33.964 13511 13544 D NavigationTest: 856: (28.065627, -82.425808, 12.750000)	R:true  F:false
02-28 09:09:33.964  2666  3413 V Avrcp_ext: updatePlaybackState (1): old=PlaybackState {state=2, position=-1, buffered position=0, speed=0.0, updated=1776748, actions=0, custom actions=[], active item id=-1, error=null}(2), new=PlaybackState {state=2, position=-1, buffered position=0, speed=0.0, updated=1777291, actions=0, custom actions=[], active item id=-1, error=null}(2)
02-28 09:09:33.964 13511 13544 D NavServiceProvider: Second to last stop coordinates: 28.065622, -82.427307
02-28 09:09:33.964  2666  3413 I Avrcp_ext: Exit updatePlayStatusForDevice
02-28 09:09:33.964  2666  3413 D HeadsetService:  isAudioOn: The number of audio connected devices 0
02-28 09:09:33.964  2666  3413 D HeadsetService: isScoOrCallActive(): Call Active:falseCall is Ringing:falseSCO is Active:false
02-28 09:09:33.964  2666  3413 D HeadsetService:  isAudioOn: The number of audio connected devices 0
02-28 09:09:33.964  2666  3413 I Avrcp_ext: updatePlayStatusForDevice: device: null
02-28 09:09:33.964  2666  3413 V Avrcp_ext: updatePlaybackState (1): old=PlaybackState {state=2, position=-1, buffered position=0, speed=0.0, updated=1776748, actions=0, custom actions=[], active item id=-1, error=null}(2), new=PlaybackState {state=2, position=-1, buffered position=0, speed=0.0, updated=1777291, actions=0, custom actions=[], active item id=-1, error=null}(2)
02-28 09:09:33.964  2666  3413 I Avrcp_ext: Exit updatePlayStatusForDevice
02-28 09:09:33.964 13511 13544 D NavServiceProvider: Setting units automatically
02-28 09:09:33.965  2666  3413 D HeadsetService:  isAudioOn: The number of audio connected devices 0
02-28 09:09:33.965  2666  3413 D HeadsetService: isScoOrCallActive(): Call Active:falseCall is Ringing:falseSCO is Active:false
02-28 09:09:33.965  2666  3413 D HeadsetService:  isAudioOn: The number of audio connected devices 0
02-28 09:09:33.965  2666  3413 I Avrcp_ext: updatePlayStatusForDevice: device: null
02-28 09:09:33.965  2666  3413 V Avrcp_ext: updatePlaybackState (1): old=PlaybackState {state=2, position=-1, buffered position=0, speed=0.0, updated=1776748, actions=0, custom actions=[], active item id=-1, error=null}(2), new=PlaybackState {state=2, position=-1, buffered position=0, speed=0.0, updated=1777291, actions=0, custom actions=[], active item id=-1, error=null}(2)
02-28 09:09:33.965  2666  3413 I Avrcp_ext: Exit updatePlayStatusForDevice
02-28 09:09:33.965  2666  3413 D HeadsetService:  isAudioOn: The number of audio connected devices 0
02-28 09:09:33.965  2666  3413 D HeadsetService: isScoOrCallActive(): Call Active:falseCall is Ringing:falseSCO is Active:false
02-28 09:09:33.965  2666  3413 D HeadsetService:  isAudioOn: The number of audio connected devices 0
02-28 09:09:33.965  2666  3413 I Avrcp_ext: updatePlayStatusForDevice: device: null
02-28 09:09:33.965  2666  3413 V Avrcp_ext: updatePlaybackState (1): old=PlaybackState {state=2, position=-1, buffered position=0, speed=0.0, updated=1776748, actions=0, custom actions=[], active item id=-1, error=null}(2), new=PlaybackState {state=2, position=-1, buffered position=0, speed=0.0, updated=1777291, actions=0, custom actions=[], active item id=-1, error=null}(2)
02-28 09:09:33.965  2666  3413 I Avrcp_ext: Exit updatePlayStatusForDevice
02-28 09:09:33.965  2666  3413 D Avrcp_ext: Enter sendPlayPosNotificationRsp
02-28 09:09:33.965  2666  3413 D Avrcp_ext: sendPlayPosNotificationRsp: Not registered or requesting.
02-28 09:09:33.965  2666  3413 D Avrcp_ext: Enter sendPlayPosNotificationRsp
02-28 09:09:33.965  2666  3413 D Avrcp_ext: sendPlayPosNotificationRsp: Not registered or requesting.
02-28 09:09:33.965  2666  3413 D Avrcp_ext: Enter sendPlayPosNotificationRsp
02-28 09:09:33.965  2666  3413 D Avrcp_ext: sendPlayPosNotificationRsp: Not registered or requesting.
02-28 09:09:33.965  2666  3413 D Avrcp_ext: Enter sendPlayPosNotificationRsp
02-28 09:09:33.965  2666  3413 D Avrcp_ext: sendPlayPosNotificationRsp: Not registered or requesting.
02-28 09:09:33.965  2666  3413 D Avrcp_ext: Enter sendPlayPosNotificationRsp
02-28 09:09:33.965  2666  3413 D Avrcp_ext: sendPlayPosNotificationRsp: Not registered or requesting.
02-28 09:09:33.965  2666  3413 V Avrcp_ext: Exit updatePlayerStateAndPosition
02-28 09:09:33.965  2666  3413 D Avrcp_ext: AudioManager Player: ID:23 -- type:android.media.SoundPool -- u/pid:10126/2688 -- state:idle -- attr:AudioAttributes: usage=USAGE_ASSISTANCE_SONIFICATION content=CONTENT_TYPE_SONIFICATION flags=0x800 tags= bundle=null
02-28 09:09:33.965  2666  3413 D Avrcp_ext: AudioManager Player: ID:15 -- type:android.media.SoundPool -- u/pid:1000/1493 -- state:idle -- attr:AudioAttributes: usage=USAGE_ASSISTANCE_SONIFICATION content=CONTENT_TYPE_SONIFICATION flags=0x800 tags= bundle=null
02-28 09:09:33.965  2666  3413 D Avrcp_ext: AudioManager isPlaying: false
02-28 09:09:33.966 13511 13544 D NavServiceProvider: Detecting stop. distance_d=134.77888. stop_type=1 speed=12.25
02-28 09:09:33.966 13511 13544 D NavigationTest: 857: (28.065634, -82.425936, 12.250000)	R:true  F:false
02-28 09:09:33.966 13511 13544 D NavigationTest: 858: (28.065634, -82.425936, 12.250000)	R:true  F:false
02-28 09:09:33.966 13511 13544 D NavServiceProvider: Second to last stop coordinates: 28.065622, -82.427307
02-28 09:09:33.966 13511 13544 D NavServiceProvider: Setting units automatically
02-28 09:09:33.967 13511 13544 D NavServiceProvider: Detecting stop. distance_d=123.66662. stop_type=1 speed=11.5
02-28 09:09:33.967 13511 13544 D NavigationTest: 859: (28.065629, -82.426049, 11.500000)	R:true  F:false
02-28 09:09:33.967 13511 13544 D NavigationTest: 860: (28.065629, -82.426049, 11.500000)	R:true  F:false
02-28 09:09:33.967 13511 13544 D NavServiceProvider: Second to last stop coordinates: 28.065622, -82.427307
02-28 09:09:33.968 13511 13544 D NavServiceProvider: Setting units automatically
02-28 09:09:33.969 13511 13544 D NavServiceProvider: Detecting stop. distance_d=114.32741. stop_type=1 speed=11.0
02-28 09:09:33.969 13511 13544 D NavigationTest: 861: (28.065628, -82.426144, 11.000000)	R:true  F:false
02-28 09:09:33.969 13511 13544 D NavigationTest: 862: (28.065628, -82.426144, 11.000000)	R:true  F:false
02-28 09:09:33.969 13511 13544 D NavigationTest: 863: (28.065628, -82.426144, 11.000000)	R:true  F:false
02-28 09:09:33.969 13511 13544 D NavServiceProvider: Second to last stop coordinates: 28.065622, -82.427307
02-28 09:09:33.969 13511 13544 D NavServiceProvider: Setting units automatically
02-28 09:09:33.971 13511 13544 D NavServiceProvider: Detecting stop. distance_d=103.318535. stop_type=1 speed=10.5
02-28 09:09:33.971 13511 13544 D NavigationTest: 864: (28.065629, -82.426256, 10.500000)	R:true  F:false
02-28 09:09:33.971 13511 13544 D NavigationTest: 865: (28.065629, -82.426256, 10.500000)	R:true  F:false
02-28 09:09:33.971 13511 13544 D NavServiceProvider: Second to last stop coordinates: 28.065622, -82.427307
02-28 09:09:33.972 13511 13544 D NavServiceProvider: Setting units automatically
02-28 09:09:33.974 13511 13544 D NavServiceProvider: Detecting stop. distance_d=92.603935. stop_type=1 speed=10.75
02-28 09:09:33.974 13511 13544 D NavServiceProvider: Case 1: false
02-28 09:09:33.974 13511 13544 D NavigationTest: 866: (28.065629, -82.426365, 10.750000)	R:true  F:false
02-28 09:09:33.974 13511 13544 D NavigationTest: 867: (28.065629, -82.426365, 10.750000)	R:true  F:false
02-28 09:09:33.974 13511 13544 D NavServiceProvider: Second to last stop coordinates: 28.065622, -82.427307
02-28 09:09:33.974 13511 13544 D NavServiceProvider: Setting units automatically
02-28 09:09:33.976 13511 13544 D NavServiceProvider: Detecting stop. distance_d=82.57416. stop_type=1 speed=10.75
02-28 09:09:33.976 13511 13544 D NavigationTest: 868: (28.065624, -82.426467, 10.750000)	R:true  F:false
02-28 09:09:33.976 13511 13544 D NavigationTest: 869: (28.065624, -82.426467, 10.750000)	R:true  F:false
02-28 09:09:33.976 13511 13544 D NavServiceProvider: Second to last stop coordinates: 28.065622, -82.427307
02-28 09:09:33.977 13511 13544 D NavServiceProvider: Setting units automatically
02-28 09:09:33.978 13511 13544 D NavServiceProvider: Detecting stop. distance_d=70.29037. stop_type=1 speed=11.75
02-28 09:09:33.978 13511 13544 D NavigationTest: 870: (28.065615, -82.426592, 11.750000)	R:true  F:false
02-28 09:09:33.978 13511 13544 D NavServiceProvider: Second to last stop coordinates: 28.065622, -82.427307
02-28 09:09:33.978 13511 13544 D NavServiceProvider: Setting units automatically
02-28 09:09:33.980 13511 13544 D NavServiceProvider: Detecting stop. distance_d=58.294163. stop_type=1 speed=11.75
02-28 09:09:33.980 13511 13544 D NavigationTest: 871: (28.065619, -82.426714, 11.750000)	R:true  F:false
02-28 09:09:33.980 13511 13544 D NavigationTest: 872: (28.065619, -82.426714, 11.750000)	R:true  F:false
02-28 09:09:33.980 13511 13544 D NavServiceProvider: Second to last stop coordinates: 28.065622, -82.427307
02-28 09:09:33.980 13511 13544 D NavServiceProvider: Setting units automatically
02-28 09:09:33.982 13511 13544 D NavServiceProvider: Detecting stop. distance_d=46.69408. stop_type=1 speed=11.5
02-28 09:09:33.982 13511 13544 D NavServiceProvider: Case 2: false
02-28 09:09:33.982 13511 13544 D NavigationTest: 873: (28.065620, -82.426832, 11.500000)	R:true  F:false
02-28 09:09:33.982 13511 13544 D NavServiceProvider: Second to last stop coordinates: 28.065622, -82.427307
02-28 09:09:33.982 13511 13544 D NavServiceProvider: Setting units automatically
02-28 09:09:33.983 13511 13544 D NavServiceProvider: Detecting stop. distance_d=35.20964. stop_type=1 speed=10.75
02-28 09:09:33.983 13511 13544 D NavigationTest: 874: (28.065612, -82.426949, 10.750000)	R:true  F:false
02-28 09:09:33.983 13511 13544 D NavigationTest: 875: (28.065612, -82.426949, 10.750000)	R:true  F:false
02-28 09:09:33.983 13511 13544 D NavServiceProvider: Second to last stop coordinates: 28.065622, -82.427307
02-28 09:09:33.984 13511 13544 D NavServiceProvider: Setting units automatically
02-28 09:09:33.985 13511 13544 D NavServiceProvider: Detecting stop. distance_d=25.17415. stop_type=1 speed=9.25
02-28 09:09:33.985 13511 13544 D NavigationTest: 876: (28.065616, -82.427051, 9.250000)	R:true  F:false
02-28 09:09:33.985 13511 13544 D NavServiceProvider: Second to last stop coordinates: 28.065622, -82.427307
02-28 09:09:33.985 13511 13544 D NavServiceProvider: Setting units automatically
02-28 09:09:33.986 13511 13544 D NavServiceProvider: Detecting stop. distance_d=21.788296. stop_type=1 speed=6.25
02-28 09:09:33.986 13511 13544 D NavigationTest: 877: (28.065607, -82.427086, 6.250000)	R:true  F:false
02-28 09:09:33.986 13511 13544 D NavigationTest: 878: (28.065607, -82.427086, 6.250000)	R:true  F:false
02-28 09:09:33.986 13511 13544 D NavServiceProvider: Second to last stop coordinates: 28.065622, -82.427307
02-28 09:09:33.987 13511 13544 D NavServiceProvider: Setting units automatically
02-28 09:09:33.988 13511 13544 D NavServiceProvider: Detecting stop. distance_d=18.320477. stop_type=1 speed=4.0
02-28 09:09:33.988 13511 13544 D NavServiceProvider: Case 3: false
02-28 09:09:33.988 13511 13544 D NavigationTest: 879: (28.065602, -82.427122, 4.000000)	R:true  F:false
02-28 09:09:33.988 13511 13544 D NavigationTest: 880: (28.065602, -82.427122, 4.000000)	R:true  F:false
02-28 09:09:33.988 13511 13544 D NavServiceProvider: Second to last stop coordinates: 28.065622, -82.427307
02-28 09:09:33.989 13511 13544 D NavServiceProvider: Setting units automatically
02-28 09:09:33.990 13511 13544 D NavServiceProvider: Detecting stop. distance_d=16.12107. stop_type=1 speed=2.0
02-28 09:09:33.990 13511 13544 D NavServiceProvider: Case 4: false
02-28 09:09:33.990 13511 13544 D NavigationTest: 881: (28.065606, -82.427144, 2.000000)	R:true  F:false
02-28 09:09:33.990 13511 13544 D NavServiceProvider: Second to last stop coordinates: 28.065622, -82.427307
02-28 09:09:33.991 13511 13544 D NavServiceProvider: Setting units automatically
02-28 09:09:33.992 13511 13544 D NavServiceProvider: Detecting stop. distance_d=15.609049. stop_type=1 speed=0.25
02-28 09:09:33.992 13511 13544 D NavigationTest: 882: (28.065608, -82.427149, 0.250000)	R:true  F:false
02-28 09:09:33.992 13511 13544 D NavigationTest: 883: (28.065608, -82.427149, 0.250000)	R:true  F:false
02-28 09:09:33.992 13511 13544 D NavServiceProvider: Second to last stop coordinates: 28.065622, -82.427307
02-28 09:09:33.993 13511 13544 D NavServiceProvider: Setting units automatically
02-28 09:09:33.994 13511 13544 D NavServiceProvider: Detecting stop. distance_d=14.870088. stop_type=1 speed=0.0
02-28 09:09:33.994 13511 13544 D NavigationTest: 884: (28.065614, -82.427156, 0.000000)	R:true  F:false
02-28 09:09:33.994 13511 13544 D NavigationTest: 885: (28.065614, -82.427156, 0.000000)	R:true  F:false
02-28 09:09:33.994 13511 13544 D NavServiceProvider: Second to last stop coordinates: 28.065622, -82.427307
02-28 09:09:33.995 13511 13544 D NavServiceProvider: Setting units automatically
02-28 09:09:33.996 13511 13544 D NavServiceProvider: Detecting stop. distance_d=14.281366. stop_type=1 speed=0.0
02-28 09:09:33.996 13511 13544 D NavigationTest: 886: (28.065614, -82.427162, 0.000000)	R:true  F:false
02-28 09:09:33.996 13511 13544 D NavigationTest: 887: (28.065614, -82.427162, 0.000000)	R:true  F:false
02-28 09:09:33.996 13511 13544 D NavServiceProvider: Second to last stop coordinates: 28.065622, -82.427307
02-28 09:09:33.996 13511 13544 D NavServiceProvider: Setting units automatically
02-28 09:09:33.998 13511 13544 D NavServiceProvider: Detecting stop. distance_d=13.764095. stop_type=1 speed=0.0
02-28 09:09:33.998 13511 13544 D NavigationTest: 888: (28.065620, -82.427167, 0.000000)	R:true  F:false
02-28 09:09:33.998 13511 13544 D NavigationTest: 889: (28.065620, -82.427167, 0.000000)	R:true  F:false
02-28 09:09:33.998 13511 13544 D NavServiceProvider: Second to last stop coordinates: 28.065622, -82.427307
02-28 09:09:33.999 13511 13544 D NavServiceProvider: Setting units automatically
02-28 09:09:34.000 13511 13544 D NavServiceProvider: Detecting stop. distance_d=13.668052. stop_type=1 speed=0.0
02-28 09:09:34.000 13511 13544 D NavigationTest: 890: (28.065625, -82.427168, 0.000000)	R:true  F:false
02-28 09:09:34.000 13511 13544 D NavServiceProvider: Second to last stop coordinates: 28.065622, -82.427307
02-28 09:09:34.001 13511 13544 D NavServiceProvider: Setting units automatically
02-28 09:09:34.002 13511 13544 D NavServiceProvider: Detecting stop. distance_d=13.361182. stop_type=1 speed=0.0
02-28 09:09:34.002 13511 13544 D NavigationTest: 891: (28.065636, -82.427172, 0.000000)	R:true  F:false
02-28 09:09:34.002 13511 13544 D NavigationTest: 892: (28.065636, -82.427172, 0.000000)	R:true  F:false
02-28 09:09:34.002 13511 13544 D NavServiceProvider: Second to last stop coordinates: 28.065622, -82.427307
02-28 09:09:34.003 13511 13544 D NavServiceProvider: Setting units automatically
02-28 09:09:34.004 13511 13544 D NavServiceProvider: Detecting stop. distance_d=13.031171. stop_type=1 speed=0.0
02-28 09:09:34.004 13511 13544 D NavigationTest: 893: (28.065640, -82.427176, 0.000000)	R:true  F:false
02-28 09:09:34.004 13511 13544 D NavigationTest: 894: (28.065640, -82.427176, 0.000000)	R:true  F:false
02-28 09:09:34.004 13511 13544 D NavServiceProvider: Second to last stop coordinates: 28.065622, -82.427307
02-28 09:09:34.004 13511 13544 D NavServiceProvider: Setting units automatically
02-28 09:09:34.005 13511 13544 D NavServiceProvider: Detecting stop. distance_d=13.223861. stop_type=1 speed=0.0
02-28 09:09:34.006 13511 13544 D NavigationTest: 895: (28.065645, -82.427175, 0.000000)	R:true  F:false
02-28 09:09:34.006 13511 13544 D NavServiceProvider: Second to last stop coordinates: 28.065622, -82.427307
02-28 09:09:34.006 13511 13544 D NavServiceProvider: Setting units automatically
02-28 09:09:34.007 13511 13544 D NavServiceProvider: Detecting stop. distance_d=13.483943. stop_type=1 speed=0.0
02-28 09:09:34.007 13511 13544 D NavigationTest: 896: (28.065648, -82.427173, 0.000000)	R:true  F:false
02-28 09:09:34.007 13511 13544 D NavigationTest: 897: (28.065648, -82.427173, 0.000000)	R:true  F:false
02-28 09:09:34.007 13511 13544 D NavServiceProvider: Second to last stop coordinates: 28.065622, -82.427307
02-28 09:09:34.008 13511 13544 D NavServiceProvider: Setting units automatically
02-28 09:09:34.009 13511 13544 D NavServiceProvider: Detecting stop. distance_d=13.708256. stop_type=1 speed=0.0
02-28 09:09:34.009 13511 13544 D NavigationTest: 898: (28.065653, -82.427172, 0.000000)	R:true  F:false
02-28 09:09:34.009 13511 13544 D NavigationTest: 899: (28.065653, -82.427172, 0.000000)	R:true  F:false
02-28 09:09:34.009 13511 13544 D NavServiceProvider: Second to last stop coordinates: 28.065622, -82.427307
02-28 09:09:34.010 13511 13544 D NavServiceProvider: Setting units automatically
02-28 09:09:34.011 13511 13544 D NavServiceProvider: Detecting stop. distance_d=13.831441. stop_type=1 speed=0.0
02-28 09:09:34.011 13511 13544 D NavigationTest: 900: (28.065654, -82.427171, 0.000000)	R:true  F:false
02-28 09:09:34.011 13511 13544 D NavigationTest: 901: (28.065654, -82.427171, 0.000000)	R:true  F:false
02-28 09:09:34.012 13511 13544 D NavServiceProvider: Second to last stop coordinates: 28.065622, -82.427307
02-28 09:09:34.012 13511 13544 D NavServiceProvider: Setting units automatically
02-28 09:09:34.013 13511 13544 D NavServiceProvider: Detecting stop. distance_d=13.955111. stop_type=1 speed=0.0
02-28 09:09:34.013 13511 13544 D NavigationTest: 902: (28.065655, -82.427170, 0.000000)	R:true  F:false
02-28 09:09:34.014 13511 13544 D NavigationTest: 903: (28.065655, -82.427170, 0.000000)	R:true  F:false
02-28 09:09:34.014 13511 13544 D NavigationTest: 904: (28.065655, -82.427170, 0.000000)	R:true  F:false
02-28 09:09:34.014 13511 13544 D NavServiceProvider: Second to last stop coordinates: 28.065622, -82.427307
02-28 09:09:34.014 13511 13544 D NavServiceProvider: Setting units automatically
02-28 09:09:34.015 13511 13544 D NavServiceProvider: Detecting stop. distance_d=13.984561. stop_type=1 speed=0.0
02-28 09:09:34.015 13511 13544 D NavigationTest: 905: (28.065656, -82.427170, 0.000000)	R:true  F:false
02-28 09:09:34.015 13511 13544 D NavServiceProvider: Second to last stop coordinates: 28.065622, -82.427307
02-28 09:09:34.016 13511 13544 D NavServiceProvider: Setting units automatically
02-28 09:09:34.017 13511 13544 D NavServiceProvider: Detecting stop. distance_d=13.984561. stop_type=1 speed=0.0
02-28 09:09:34.017 13511 13544 D NavigationTest: 906: (28.065656, -82.427170, 0.000000)	R:true  F:false
02-28 09:09:34.017 13511 13544 D NavigationTest: 907: (28.065656, -82.427170, 0.000000)	R:true  F:false
02-28 09:09:34.017 13511 13544 D NavServiceProvider: Second to last stop coordinates: 28.065622, -82.427307
02-28 09:09:34.018 13511 13544 D NavServiceProvider: Setting units automatically
02-28 09:09:34.020 13511 13544 D NavServiceProvider: Detecting stop. distance_d=13.984561. stop_type=1 speed=0.0
02-28 09:09:34.020 13511 13544 D NavigationTest: 908: (28.065656, -82.427170, 0.000000)	R:true  F:false
02-28 09:09:34.020 13511 13544 D NavigationTest: 909: (28.065656, -82.427170, 0.000000)	R:true  F:false
02-28 09:09:34.020 13511 13544 D NavServiceProvider: Second to last stop coordinates: 28.065622, -82.427307
02-28 09:09:34.020 13511 13544 D NavServiceProvider: Setting units automatically
02-28 09:09:34.022 13511 13544 D NavServiceProvider: Detecting stop. distance_d=13.984561. stop_type=1 speed=0.0
02-28 09:09:34.022 13511 13544 D NavigationTest: 910: (28.065656, -82.427170, 0.000000)	R:true  F:false
02-28 09:09:34.022 13511 13544 D NavServiceProvider: Second to last stop coordinates: 28.065622, -82.427307
02-28 09:09:34.022 13511 13544 D NavServiceProvider: Setting units automatically
02-28 09:09:34.024 13511 13544 D NavServiceProvider: Detecting stop. distance_d=13.606306. stop_type=1 speed=0.5
02-28 09:09:34.024 13511 13544 D NavigationTest: 911: (28.065656, -82.427174, 0.500000)	R:true  F:false
02-28 09:09:34.024 13511 13544 D NavigationTest: 912: (28.065656, -82.427174, 0.500000)	R:true  F:false
02-28 09:09:34.024 13511 13544 D NavServiceProvider: Second to last stop coordinates: 28.065622, -82.427307
02-28 09:09:34.025 13511 13544 D NavServiceProvider: Setting units automatically
02-28 09:09:34.026 13511 13544 D NavServiceProvider: Detecting stop. distance_d=11.868724. stop_type=1 speed=1.75
02-28 09:09:34.026 13511 13544 D NavigationTest: 913: (28.065662, -82.427195, 1.750000)	R:true  F:false
02-28 09:09:34.026 13511 13544 D NavigationTest: 914: (28.065662, -82.427195, 1.750000)	R:true  F:false
02-28 09:09:34.026 13511 13544 D NavServiceProvider: Second to last stop coordinates: 28.065622, -82.427307
02-28 09:09:34.027 13511 13544 D NavServiceProvider: Setting units automatically
02-28 09:09:34.029 13511 13544 D NavServiceProvider: Detecting stop. distance_d=8.602679. stop_type=1 speed=3.0
02-28 09:09:34.029 13511 13544 D NavigationTest: 915: (28.065662, -82.427232, 3.000000)	R:true  F:false
02-28 09:09:34.029 13511 13544 D NavServiceProvider: Second to last stop coordinates: 28.065622, -82.427307
02-28 09:09:34.029 13511 13544 D NavServiceProvider: Setting units automatically
02-28 09:09:34.031 13511 13544 D NavServiceProvider: Detecting stop. distance_d=6.3539124. stop_type=1 speed=3.25
02-28 09:09:34.031 13511 13544 D NavigationTest: 916: (28.065664, -82.427263, 3.250000)	R:true  F:false
02-28 09:09:34.031 13511 13544 D NavigationTest: 917: (28.065664, -82.427263, 3.250000)	R:true  F:false
02-28 09:09:34.031 13511 13544 D NavServiceProvider: Second to last stop coordinates: 28.065622, -82.427307
02-28 09:09:34.032 13511 13544 D NavServiceProvider: Setting units automatically
02-28 09:09:34.033 13511 13544 D NavServiceProvider: Detecting stop. distance_d=4.7769156. stop_type=1 speed=3.5
02-28 09:09:34.033 13511 13544 D NavigationTest: 918: (28.065663, -82.427292, 3.500000)	R:true  F:false
02-28 09:09:34.033 13511 13544 D NavigationTest: 919: (28.065663, -82.427292, 3.500000)	R:true  F:false
02-28 09:09:34.033 13511 13544 D NavServiceProvider: Second to last stop coordinates: 28.065622, -82.427307
02-28 09:09:34.034 13511 13544 D NavServiceProvider: Setting units automatically
02-28 09:09:34.036 13511 13544 D NavServiceProvider: Detecting stop. distance_d=4.734034. stop_type=1 speed=3.5
02-28 09:09:34.036 13511 13544 D NavigationTest: 920: (28.065660, -82.427329, 3.500000)	R:true  F:false
02-28 09:09:34.036 13511 13544 D NavigationTest: 921: (28.065660, -82.427329, 3.500000)	R:true  F:false
02-28 09:09:34.036 13511 13544 D NavServiceProvider: Second to last stop coordinates: 28.065622, -82.427307
02-28 09:09:34.036 13511 13544 D NavServiceProvider: Setting units automatically
02-28 09:09:34.038 13511 13544 D NavServiceProvider: Detecting stop. distance_d=7.0678196. stop_type=1 speed=3.5
02-28 09:09:34.038 13511 13544 D NavigationTest: 922: (28.065662, -82.427363, 3.500000)	R:true  F:false
02-28 09:09:34.038 13511 13544 D NavServiceProvider: Second to last stop coordinates: 28.065622, -82.427307
02-28 09:09:34.038 13511 13544 D NavServiceProvider: Setting units automatically
02-28 09:09:34.039   871  6793 D audio_hw_primary: adev_get_parameters:vr_audio_mode_on
02-28 09:09:34.039   871  6793 I audio_hw_primary: getting vr mode to 0
02-28 09:09:34.039   871  6793 D audio_hw_primary: adev_get_parameters: exit: returns - vr_audio_mode_on=false
02-28 09:09:34.040   959  1210 I hash_map_utils: key: 'vr_audio_mode_on' value: ''
02-28 09:09:34.040 13511 13544 D NavServiceProvider: Detecting stop. distance_d=9.312071. stop_type=1 speed=2.5
02-28 09:09:34.040   959  1210 I AudioPolicyManagerCustom: VR mode is 0, switch to primary output if request is for fast|raw
02-28 09:09:34.040   959  1210 I AudioPolicyManagerCustom: setting force DEEP buffer now
02-28 09:09:34.040 13511 13544 D NavigationTest: 923: (28.065667, -82.427387, 2.500000)	R:true  F:false
02-28 09:09:34.040 13511 13544 D NavigationTest: 924: (28.065667, -82.427387, 2.500000)	R:true  F:false
02-28 09:09:34.040 13511 13544 D NavServiceProvider: Second to last stop coordinates: 28.065622, -82.427307
02-28 09:09:34.040   959  1210 D AudioFlinger: Client defaulted notificationFrames to 2048 for frameCount 4096
02-28 09:09:34.040 13511 13544 D NavServiceProvider: Setting units automatically
02-28 09:09:34.041   959  1210 D AF::TrackHandle: OpPlayAudio: track:186 usage:1 not muted
02-28 09:09:34.042 13511 13544 D NavServiceProvider: Detecting stop. distance_d=11.21181. stop_type=1 speed=2.0
02-28 09:09:34.042 13511 13544 D NavigationTest: 925: (28.065669, -82.427408, 2.000000)	R:true  F:false
02-28 09:09:34.042 13511 13544 D NavigationTest: 926: (28.065669, -82.427408, 2.000000)	R:true  F:false
02-28 09:09:34.042 13511 13544 D NavServiceProvider: Second to last stop coordinates: 28.065622, -82.427307
02-28 09:09:34.043 13511 13544 D NavServiceProvider: Setting units automatically
02-28 09:09:34.044  2666  3413 D Avrcp_ext: AudioManager Player: ID:23 -- type:android.media.SoundPool -- u/pid:10126/2688 -- state:idle -- attr:AudioAttributes: usage=USAGE_ASSISTANCE_SONIFICATION content=CONTENT_TYPE_SONIFICATION flags=0x800 tags= bundle=null
02-28 09:09:34.045  2666  3413 D Avrcp_ext: AudioManager Player: ID:1079 -- type:android.media.AudioTrack -- u/pid:10088/13579 -- state:started -- attr:AudioAttributes: usage=USAGE_MEDIA content=CONTENT_TYPE_SPEECH flags=0x800 tags= bundle=null
02-28 09:09:34.045  2666  3413 D Avrcp_ext: AudioManager isPlaying: true
02-28 09:09:34.045  2666  3413 V Avrcp_ext: updateCurrentMediaState: mMediaController: null
02-28 09:09:34.045 13511 13544 D NavServiceProvider: Detecting stop. distance_d=11.286611. stop_type=1 speed=0.0
02-28 09:09:34.045 13511 13544 D NavigationTest: 927: (28.065667, -82.427410, 0.000000)	R:true  F:false
02-28 09:09:34.045 13511 13544 D NavServiceProvider: Second to last stop coordinates: 28.065622, -82.427307
02-28 09:09:34.045  2666  3413 V Avrcp_ext: isMusicActive: true getBluetoothPlayState: 2
02-28 09:09:34.045  2666  3413 V Avrcp_ext: updateCurrentMediaState: isPlaying = false
02-28 09:09:34.045  2666  3413 V Avrcp_ext: Media update: id -1-1? [MediaAttributes: none] : [MediaAttributes: none]
02-28 09:09:34.045  2666  3413 V Avrcp_ext: newPlayStatus:2mReportedPlayStatus:-1
02-28 09:09:34.045  2666  3413 V Avrcp_ext: updatePlaybackState, state: PlaybackState {state=2, position=-1, buffered position=0, speed=0.0, updated=1777376, actions=0, custom actions=[], active item id=-1, error=null} device: null
02-28 09:09:34.045  2666  3413 V Avrcp_ext: Device: no name:
02-28 09:09:34.045  2666  3413 I chatty  : uid=1002(bluetooth) BluetoothAvrcpH identical 3 lines
02-28 09:09:34.046  2666  3413 V Avrcp_ext: Device: no name:
02-28 09:09:34.046  2666  3413 V Avrcp_ext: updatePlayerStateAndPosition, old=PlaybackState {state=2, position=-1, buffered position=0, speed=0.0, updated=1777291, actions=0, custom actions=[], active item id=-1, error=null}, state=PlaybackState {state=2, position=-1, buffered position=0, speed=0.0, updated=1777376, actions=0, custom actions=[], active item id=-1, error=null}
02-28 09:09:34.046  2666  3413 V Avrcp_ext: old state = PlaybackState {state=2, position=-1, buffered position=0, speed=0.0, updated=1777291, actions=0, custom actions=[], active item id=-1, error=null}, new state= PlaybackState {state=2, position=-1, buffered position=0, speed=0.0, updated=1777376, actions=0, custom actions=[], active item id=-1, error=null}
02-28 09:09:34.046  2666  3413 D HeadsetService: getHeadsetService(): returning com.android.bluetooth.hfp.HeadsetService@8a04d28
02-28 09:09:34.046 13511 13544 D NavServiceProvider: Setting units automatically
02-28 09:09:34.046  2666  3413 D HeadsetService:  isAudioOn: The number of audio connected devices 0
02-28 09:09:34.046  2666  3413 D HeadsetService: isScoOrCallActive(): Call Active:falseCall is Ringing:falseSCO is Active:false
02-28 09:09:34.046  2666  3413 D HeadsetService:  isAudioOn: The number of audio connected devices 0
02-28 09:09:34.046  2666  3413 I Avrcp_ext: updatePlayStatusForDevice: device: null
02-28 09:09:34.046  2666  3413 V Avrcp_ext: updatePlaybackState (1): old=PlaybackState {state=2, position=-1, buffered position=0, speed=0.0, updated=1777291, actions=0, custom actions=[], active item id=-1, error=null}(2), new=PlaybackState {state=2, position=-1, buffered position=0, speed=0.0, updated=1777376, actions=0, custom actions=[], active item id=-1, error=null}(2)
02-28 09:09:34.046  2666  3413 I Avrcp_ext: Exit updatePlayStatusForDevice
02-28 09:09:34.046  2666  3413 D HeadsetService:  isAudioOn: The number of audio connected devices 0
02-28 09:09:34.046  2666  3413 D HeadsetService: isScoOrCallActive(): Call Active:falseCall is Ringing:falseSCO is Active:false
02-28 09:09:34.046  2666  3413 D HeadsetService:  isAudioOn: The number of audio connected devices 0
02-28 09:09:34.046  2666  3413 I Avrcp_ext: updatePlayStatusForDevice: device: null
02-28 09:09:34.046  2666  3413 V Avrcp_ext: updatePlaybackState (1): old=PlaybackState {state=2, position=-1, buffered position=0, speed=0.0, updated=1777291, actions=0, custom actions=[], active item id=-1, error=null}(2), new=PlaybackState {state=2, position=-1, buffered position=0, speed=0.0, updated=1777376, actions=0, custom actions=[], active item id=-1, error=null}(2)
02-28 09:09:34.046  2666  3413 I Avrcp_ext: Exit updatePlayStatusForDevice
02-28 09:09:34.047  2666  3413 D HeadsetService:  isAudioOn: The number of audio connected devices 0
02-28 09:09:34.047  2666  3413 D HeadsetService: isScoOrCallActive(): Call Active:falseCall is Ringing:falseSCO is Active:false
02-28 09:09:34.047  2666  3413 D HeadsetService:  isAudioOn: The number of audio connected devices 0
02-28 09:09:34.047  2666  3413 I Avrcp_ext: updatePlayStatusForDevice: device: null
02-28 09:09:34.047  2666  3413 V Avrcp_ext: updatePlaybackState (1): old=PlaybackState {state=2, position=-1, buffered position=0, speed=0.0, updated=1777291, actions=0, custom actions=[], active item id=-1, error=null}(2), new=PlaybackState {state=2, position=-1, buffered position=0, speed=0.0, updated=1777376, actions=0, custom actions=[], active item id=-1, error=null}(2)
02-28 09:09:34.047  2666  3413 I Avrcp_ext: Exit updatePlayStatusForDevice
02-28 09:09:34.047  2666  3413 D HeadsetService:  isAudioOn: The number of audio connected devices 0
02-28 09:09:34.047  2666  3413 D HeadsetService: isScoOrCallActive(): Call Active:falseCall is Ringing:falseSCO is Active:false
02-28 09:09:34.047  2666  3413 D HeadsetService:  isAudioOn: The number of audio connected devices 0
02-28 09:09:34.047  2666  3413 I Avrcp_ext: updatePlayStatusForDevice: device: null
02-28 09:09:34.047  2666  3413 V Avrcp_ext: updatePlaybackState (1): old=PlaybackState {state=2, position=-1, buffered position=0, speed=0.0, updated=1777291, actions=0, custom actions=[], active item id=-1, error=null}(2), new=PlaybackState {state=2, position=-1, buffered position=0, speed=0.0, updated=1777376, actions=0, custom actions=[], active item id=-1, error=null}(2)
02-28 09:09:34.047  2666  3413 I Avrcp_ext: Exit updatePlayStatusForDevice
02-28 09:09:34.047  2666  3413 D HeadsetService:  isAudioOn: The number of audio connected devices 0
02-28 09:09:34.047  2666  3413 D HeadsetService: isScoOrCallActive(): Call Active:falseCall is Ringing:falseSCO is Active:false
02-28 09:09:34.047  2666  3413 D HeadsetService:  isAudioOn: The number of audio connected devices 0
02-28 09:09:34.047  2666  3413 I Avrcp_ext: updatePlayStatusForDevice: device: null
02-28 09:09:34.047  2666  3413 V Avrcp_ext: updatePlaybackState (1): old=PlaybackState {state=2, position=-1, buffered position=0, speed=0.0, updated=1777291, actions=0, custom actions=[], active item id=-1, error=null}(2), new=PlaybackState {state=2, position=-1, buffered position=0, speed=0.0, updated=1777376, actions=0, custom actions=[], active item id=-1, error=null}(2)
02-28 09:09:34.047  2666  3413 I Avrcp_ext: Exit updatePlayStatusForDevice
02-28 09:09:34.047  2666  3413 D Avrcp_ext: Enter sendPlayPosNotificationRsp
02-28 09:09:34.047  2666  3413 D Avrcp_ext: sendPlayPosNotificationRsp: Not registered or requesting.
02-28 09:09:34.047  2666  3413 D Avrcp_ext: Enter sendPlayPosNotificationRsp
02-28 09:09:34.047  2666  3413 D Avrcp_ext: sendPlayPosNotificationRsp: Not registered or requesting.
02-28 09:09:34.047  2666  3413 D Avrcp_ext: Enter sendPlayPosNotificationRsp
02-28 09:09:34.047  2666  3413 D Avrcp_ext: sendPlayPosNotificationRsp: Not registered or requesting.
02-28 09:09:34.047  2666  3413 D Avrcp_ext: Enter sendPlayPosNotificationRsp
02-28 09:09:34.047  2666  3413 D Avrcp_ext: sendPlayPosNotificationRsp: Not registered or requesting.
02-28 09:09:34.047  2666  3413 D Avrcp_ext: Enter sendPlayPosNotificationRsp
02-28 09:09:34.047  2666  3413 D Avrcp_ext: sendPlayPosNotificationRsp: Not registered or requesting.
02-28 09:09:34.047  2666  3413 V Avrcp_ext: Exit updatePlayerStateAndPosition
02-28 09:09:34.047 13511 13544 D NavServiceProvider: Detecting stop. distance_d=11.279469. stop_type=1 speed=0.0
02-28 09:09:34.048 13511 13544 D NavigationTest: 928: (28.065665, -82.427411, 0.000000)	R:true  F:false
02-28 09:09:34.048 13511 13544 D NavigationTest: 929: (28.065665, -82.427411, 0.000000)	R:true  F:false
02-28 09:09:34.048 13511 13544 D NavServiceProvider: Second to last stop coordinates: 28.065622, -82.427307
02-28 09:09:34.048 13511 13544 D NavServiceProvider: Setting units automatically
02-28 09:09:34.049 13511 13544 D NavServiceProvider: Detecting stop. distance_d=11.502147. stop_type=1 speed=0.0
02-28 09:09:34.049 13511 13544 D NavigationTest: 930: (28.065664, -82.427414, 0.000000)	R:true  F:false
02-28 09:09:34.049 13511 13544 D NavigationTest: 931: (28.065664, -82.427414, 0.000000)	R:true  F:false
02-28 09:09:34.049 13511 13544 D NavServiceProvider: Second to last stop coordinates: 28.065622, -82.427307
02-28 09:09:34.050 13511 13544 D NavServiceProvider: Setting units automatically
02-28 09:09:34.051 13511 13544 D NavServiceProvider: Detecting stop. distance_d=12.087136. stop_type=1 speed=0.0
02-28 09:09:34.051 13511 13544 D NavigationTest: 932: (28.065665, -82.427420, 0.000000)	R:true  F:false
02-28 09:09:34.051 13511 13544 D NavServiceProvider: Second to last stop coordinates: 28.065622, -82.427307
02-28 09:09:34.051 13511 13544 D NavServiceProvider: Setting units automatically
02-28 09:09:34.052 13511 13544 D NavServiceProvider: Detecting stop. distance_d=12.358705. stop_type=1 speed=0.0
02-28 09:09:34.052 13511 13544 D NavigationTest: 933: (28.065665, -82.427423, 0.000000)	R:true  F:false
02-28 09:09:34.053 13511 13544 D NavigationTest: 934: (28.065665, -82.427423, 0.000000)	R:true  F:false
02-28 09:09:34.053 13511 13544 D NavigationTest: 935: (28.065665, -82.427423, 0.000000)	R:true  F:false
02-28 09:09:34.053 13511 13544 D NavigationTest: 936: (28.065665, -82.427423, 0.000000)	R:true  F:false
02-28 09:09:34.053 13511 13544 D NavServiceProvider: Second to last stop coordinates: 28.065622, -82.427307
02-28 09:09:34.053 13511 13544 D NavServiceProvider: Setting units automatically
02-28 09:09:34.054 13511 13544 D NavServiceProvider: Detecting stop. distance_d=12.764334. stop_type=1 speed=0.0
02-28 09:09:34.054 13511 13544 D NavigationTest: 937: (28.065666, -82.427427, 0.000000)	R:true  F:false
02-28 09:09:34.054 13511 13544 D NavServiceProvider: Second to last stop coordinates: 28.065622, -82.427307
02-28 09:09:34.054 13511 13544 D NavServiceProvider: Setting units automatically
02-28 09:09:34.055 13511 13544 D NavServiceProvider: Detecting stop. distance_d=13.170142. stop_type=1 speed=0.0
02-28 09:09:34.055 13511 13544 D NavigationTest: 938: (28.065667, -82.427431, 0.000000)	R:true  F:false
02-28 09:09:34.055 13511 13544 D NavigationTest: 939: (28.065667, -82.427431, 0.000000)	R:true  F:false
02-28 09:09:34.055 13511 13544 D NavServiceProvider: Second to last stop coordinates: 28.065622, -82.427307
02-28 09:09:34.056 13511 13544 D NavServiceProvider: Setting units automatically
02-28 09:09:34.057 13511 13544 D NavServiceProvider: Detecting stop. distance_d=13.485055. stop_type=1 speed=0.0
02-28 09:09:34.057 13511 13544 D NavigationTest: 940: (28.065668, -82.427434, 0.000000)	R:true  F:false
02-28 09:09:34.057 13511 13544 D NavigationTest: 941: (28.065668, -82.427434, 0.000000)	R:true  F:false
02-28 09:09:34.057 13511 13544 D NavServiceProvider: Second to last stop coordinates: 28.065622, -82.427307
02-28 09:09:34.057 13511 13544 D NavServiceProvider: Setting units automatically
02-28 09:09:34.058 13511 13544 D NavServiceProvider: Detecting stop. distance_d=13.618113. stop_type=1 speed=0.0
02-28 09:09:34.058 13511 13544 D NavigationTest: 942: (28.065669, -82.427435, 0.000000)	R:true  F:false
02-28 09:09:34.058 13511 13544 D NavServiceProvider: Second to last stop coordinates: 28.065622, -82.427307
02-28 09:09:34.059 13511 13544 D NavServiceProvider: Setting units automatically
02-28 09:09:34.060 13511 13544 D NavServiceProvider: Detecting stop. distance_d=13.618113. stop_type=1 speed=0.0
02-28 09:09:34.060 13511 13544 D NavigationTest: 943: (28.065669, -82.427435, 0.000000)	R:true  F:false
02-28 09:09:34.060 13511 13544 D NavigationTest: 944: (28.065669, -82.427435, 0.000000)	R:true  F:false
02-28 09:09:34.060 13511 13544 D NavServiceProvider: Second to last stop coordinates: 28.065622, -82.427307
02-28 09:09:34.060 13511 13544 D NavServiceProvider: Setting units automatically
02-28 09:09:34.061 13511 13544 D NavServiceProvider: Detecting stop. distance_d=13.708992. stop_type=1 speed=0.0
02-28 09:09:34.061 13511 13544 D NavigationTest: 945: (28.065669, -82.427436, 0.000000)	R:true  F:false
02-28 09:09:34.061 13511 13544 D NavigationTest: 946: (28.065669, -82.427436, 0.000000)	R:true  F:false
02-28 09:09:34.061 13511 13544 D NavServiceProvider: Second to last stop coordinates: 28.065622, -82.427307
02-28 09:09:34.062 13511 13544 D NavServiceProvider: Setting units automatically
02-28 09:09:34.063 13511 13544 D NavServiceProvider: Detecting stop. distance_d=13.708992. stop_type=1 speed=0.0
02-28 09:09:34.063 13511 13544 D NavigationTest: 947: (28.065669, -82.427436, 0.000000)	R:true  F:false
02-28 09:09:34.063 13511 13544 D NavServiceProvider: Second to last stop coordinates: 28.065622, -82.427307
02-28 09:09:34.063 13511 13544 D NavServiceProvider: Setting units automatically
02-28 09:09:34.064 13511 13544 D NavServiceProvider: Detecting stop. distance_d=13.667272. stop_type=1 speed=0.0
02-28 09:09:34.064 13511 13544 D NavigationTest: 948: (28.065668, -82.427436, 0.000000)	R:true  F:false
02-28 09:09:34.064 13511 13544 D NavigationTest: 949: (28.065668, -82.427436, 0.000000)	R:true  F:false
02-28 09:09:34.064 13511 13544 D NavServiceProvider: Second to last stop coordinates: 28.065622, -82.427307
02-28 09:09:34.064 13511 13544 D NavServiceProvider: Setting units automatically
