02-28 09:09:29.827 13511 13544 D NavigationTest: 273: (28.032499, -82.407228, 0.000000)	R:true  F:false
02-28 09:09:29.827 13511 13544 D NavServiceProvider: Second to last stop coordinates: 28.03244, -82.405462
02-28 09:09:29.828 13511 13544 D NavServiceProvider: Setting units automatically
02-28 09:09:29.829 13511 13544 D NavServiceProvider: Detecting stop. distance_d=173.77802. stop_type=1 speed=0.0
02-28 09:09:29.829 13511 13544 D NavigationTest: 274: (28.032499, -82.407228, 0.000000)	R:true  F:false
02-28 09:09:29.829 13511 13544 D NavigationTest: 275: (28.032499, -82.407228, 0.000000)	R:true  F:false
02-28 09:09:29.829 13511 13544 D NavServiceProvider: Second to last stop coordinates: 28.03244, -82.405462
02-28 09:09:29.830 13511 13544 D NavServiceProvider: Setting units automatically
02-28 09:09:29.831 13511 13544 D NavServiceProvider: Detecting stop. distance_d=173.77802. stop_type=1 speed=0.0
02-28 09:09:29.831 13511 13544 D NavigationTest: 276: (28.032499, -82.407228, 0.000000)	R:true  F:false
02-28 09:09:29.831 13511 13544 D NavigationTest: 277: (28.032499, -82.407228, 0.000000)	R:true  F:false
02-28 09:09:29.831 13511 13544 D NavServiceProvider: Second to last stop coordinates: 28.03244, -82.405462
02-28 09:09:29.831 13511 13544 D NavServiceProvider: Setting units automatically
02-28 09:09:29.833 13511 13544 D NavServiceProvider: Detecting stop. distance_d=173.77802. stop_type=1 speed=0.0
02-28 09:09:29.833 13511 13544 D NavigationTest: 278: (28.032499, -82.407228, 0.000000)	R:true  F:false
02-28 09:09:29.833 13511 13544 D NavServiceProvider: Second to last stop coordinates: 28.03244, -82.405462
02-28 09:09:29.833 13511 13544 D NavServiceProvider: Setting units automatically
02-28 09:09:29.834 13511 13544 D NavServiceProvider: Detecting stop. distance_d=173.77802. stop_type=1 speed=0.0
02-28 09:09:29.834 13511 13544 D NavigationTest: 279: (28.032499, -82.407228, 0.000000)	R:true  F:false
02-28 09:09:29.834 13511 13544 D NavigationTest: 280: (28.032499, -82.407228, 0.000000)	R:true  F:false
02-28 09:09:29.834 13511 13544 D NavServiceProvider: Second to last stop coordinates: 28.03244, -82.405462
02-28 09:09:29.835 13511 13544 D NavServiceProvider: Setting units automatically
02-28 09:09:29.840 13511 13544 D NavServiceProvider: Detecting stop. distance_d=173.77802. stop_type=1 speed=0.0
02-28 09:09:29.840 13511 13544 D NavigationTest: 281: (28.032499, -82.407228, 0.000000)	R:true  F:false
02-28 09:09:29.840 13511 13544 D NavigationTest: 282: (28.032499, -82.407228, 0.000000)	R:true  F:false
02-28 09:09:29.840 13511 13544 D NavServiceProvider: Second to last stop coordinates: 28.03244, -82.405462
02-28 09:09:29.840 13511 13544 D NavServiceProvider: Setting units automatically
02-28 09:09:29.842 13511 13544 D NavServiceProvider: Detecting stop. distance_d=186.92041. stop_type=1 speed=0.0
02-28 09:09:29.843 13511 13544 D NavigationTest: 283: (28.032877, -82.407298, 0.000000)	R:true  F:false
02-28 09:09:29.843 13511 13544 D NavServiceProvider: Second to last stop coordinates: 28.03244, -82.405462
02-28 09:09:29.843 13511 13544 D NavServiceProvider: Setting units automatically
02-28 09:09:29.845 13511 13544 D NavServiceProvider: Detecting stop. distance_d=173.77802. stop_type=1 speed=0.0
02-28 09:09:29.845 13511 13544 D NavigationTest: 284: (28.032499, -82.407228, 0.000000)	R:true  F:false
02-28 09:09:29.845 13511 13544 D NavServiceProvider: Second to last stop coordinates: 28.03244, -82.405462
02-28 09:09:29.846 13511 13544 D NavServiceProvider: Setting units automatically
02-28 09:09:29.847 13511 13544 D NavServiceProvider: Detecting stop. distance_d=173.77802. stop_type=1 speed=0.0
02-28 09:09:29.847 13511 13544 D NavigationTest: 285: (28.032499, -82.407228, 0.000000)	R:true  F:false
02-28 09:09:29.848 13511 13544 D NavigationTest: 286: (28.032499, -82.407228, 0.000000)	R:true  F:false
02-28 09:09:29.848 13511 13544 D NavServiceProvider: Second to last stop coordinates: 28.03244, -82.405462
02-28 09:09:29.848 13511 13544 D NavServiceProvider: Setting units automatically
02-28 09:09:29.850 13511 13544 D NavServiceProvider: Detecting stop. distance_d=173.77802. stop_type=1 speed=0.0
02-28 09:09:29.850 13511 13544 D NavigationTest: 287: (28.032499, -82.407228, 0.000000)	R:true  F:false
02-28 09:09:29.850 13511 13544 D NavigationTest: 288: (28.032499, -82.407228, 0.000000)	R:true  F:false
02-28 09:09:29.850 13511 13544 D NavServiceProvider: Second to last stop coordinates: 28.03244, -82.405462
02-28 09:09:29.850 13511 13544 D NavServiceProvider: Setting units automatically
02-28 09:09:29.852 13511 13544 D NavServiceProvider: Detecting stop. distance_d=173.77802. stop_type=1 speed=0.0
02-28 09:09:29.852 13511 13544 D NavigationTest: 289: (28.032499, -82.407228, 0.000000)	R:true  F:false
02-28 09:09:29.853 13511 13544 D NavigationTest: 290: (28.032499, -82.407228, 0.000000)	R:true  F:false
02-28 09:09:29.853 13511 13544 D NavServiceProvider: Second to last stop coordinates: 28.03244, -82.405462
02-28 09:09:29.853 13511 13544 D NavServiceProvider: Setting units automatically
02-28 09:09:29.855 13511 13544 D NavServiceProvider: Detecting stop. distance_d=173.77802. stop_type=1 speed=0.0
02-28 09:09:29.855 13511 13544 D NavigationTest: 291: (28.032499, -82.407228, 0.000000)	R:true  F:false
02-28 09:09:29.855 13511 13544 D NavServiceProvider: Second to last stop coordinates: 28.03244, -82.405462
02-28 09:09:29.856 13511 13544 D NavServiceProvider: Setting units automatically
02-28 09:09:29.857   871   911 D audio_hw_primary: adev_get_parameters:vr_audio_mode_on
02-28 09:09:29.857   871   911 I audio_hw_primary: getting vr mode to 0
02-28 09:09:29.857   871   911 D audio_hw_primary: adev_get_parameters: exit: returns - vr_audio_mode_on=false
02-28 09:09:29.857   959  7466 I hash_map_utils: key: 'vr_audio_mode_on' value: ''
02-28 09:09:29.858 13511 13544 D NavServiceProvider: Detecting stop. distance_d=173.77802. stop_type=1 speed=0.0
02-28 09:09:29.858 13511 13544 D NavigationTest: 292: (28.032499, -82.407228, 0.000000)	R:true  F:false
02-28 09:09:29.858 13511 13544 D NavigationTest: 293: (28.032499, -82.407228, 0.000000)	R:true  F:false
02-28 09:09:29.858 13511 13544 D NavServiceProvider: Second to last stop coordinates: 28.03244, -82.405462
02-28 09:09:29.858   959  7466 I AudioPolicyManagerCustom: VR mode is 0, switch to primary output if request is for fast|raw
02-28 09:09:29.858 13511 13544 D NavServiceProvider: Setting units automatically
02-28 09:09:29.858   959  7466 I AudioPolicyManagerCustom: setting force DEEP buffer now
02-28 09:09:29.859   959  7466 D AudioFlinger: Client defaulted notificationFrames to 2048 for frameCount 4096
02-28 09:09:29.860 13511 13544 D NavServiceProvider: Detecting stop. distance_d=173.77802. stop_type=1 speed=0.0
02-28 09:09:29.860 13511 13544 D NavigationTest: 294: (28.032499, -82.407228, 0.000000)	R:true  F:false
02-28 09:09:29.860 13511 13544 D NavigationTest: 295: (28.032499, -82.407228, 0.000000)	R:true  F:false
02-28 09:09:29.860 13511 13544 D NavServiceProvider: Second to last stop coordinates: 28.03244, -82.405462
02-28 09:09:29.861 13511 13544 D NavServiceProvider: Setting units automatically
02-28 09:09:29.861   959  7466 D AF::TrackHandle: OpPlayAudio: track:178 usage:1 not muted
02-28 09:09:29.862 13511 13544 D NavServiceProvider: Detecting stop. distance_d=173.67975. stop_type=1 speed=0.0
02-28 09:09:29.862 13511 13544 D NavigationTest: 296: (28.032499, -82.407227, 0.000000)	R:true  F:false
02-28 09:09:29.862 13511 13544 D NavServiceProvider: Second to last stop coordinates: 28.03244, -82.405462
02-28 09:09:29.863 13511 13544 D NavServiceProvider: Setting units automatically
02-28 09:09:29.864 13511 13544 D NavServiceProvider: Detecting stop. distance_d=173.77802. stop_type=1 speed=0.0
02-28 09:09:29.864 13511 13544 D NavigationTest: 297: (28.032499, -82.407228, 0.000000)	R:true  F:false
02-28 09:09:29.864 13511 13544 D NavigationTest: 298: (28.032499, -82.407228, 0.000000)	R:true  F:false
02-28 09:09:29.864 13511 13544 D NavServiceProvider: Second to last stop coordinates: 28.03244, -82.405462
02-28 09:09:29.865 13511 13544 D NavServiceProvider: Setting units automatically
02-28 09:09:29.866  2666  3413 D Avrcp_ext: AudioManager Player: ID:23 -- type:android.media.SoundPool -- u/pid:10126/2688 -- state:idle -- attr:AudioAttributes: usage=USAGE_ASSISTANCE_SONIFICATION content=CONTENT_TYPE_SONIFICATION flags=0x800 tags= bundle=null
02-28 09:09:29.866  2666  3413 D Avrcp_ext: AudioManager Player: ID:1015 -- type:android.media.AudioTrack -- u/pid:10088/13579 -- state:started -- attr:AudioAttributes: usage=USAGE_MEDIA content=CONTENT_TYPE_SPEECH flags=0x800 tags= bundle=null
02-28 09:09:29.866  2666  3413 D Avrcp_ext: AudioManager isPlaying: true
02-28 09:09:29.866  2666  3413 V Avrcp_ext: updateCurrentMediaState: mMediaController: null
02-28 09:09:29.866  2666  3413 V Avrcp_ext: isMusicActive: true getBluetoothPlayState: 2
02-28 09:09:29.866  2666  3413 V Avrcp_ext: updateCurrentMediaState: isPlaying = false
02-28 09:09:29.866  2666  3413 V Avrcp_ext: Media update: id -1-1? [MediaAttributes: none] : [MediaAttributes: none]
02-28 09:09:29.866  2666  3413 V Avrcp_ext: newPlayStatus:2mReportedPlayStatus:-1
02-28 09:09:29.866  2666  3413 V Avrcp_ext: updatePlaybackState, state: PlaybackState {state=2, position=-1, buffered position=0, speed=0.0, updated=1773197, actions=0, custom actions=[], active item id=-1, error=null} device: null
02-28 09:09:29.866  2666  3413 V Avrcp_ext: Device: no name:
02-28 09:09:29.866  2666  3413 I chatty  : uid=1002(bluetooth) BluetoothAvrcpH identical 3 lines
02-28 09:09:29.866  2666  3413 V Avrcp_ext: Device: no name:
02-28 09:09:29.866  2666  3413 V Avrcp_ext: updatePlayerStateAndPosition, old=PlaybackState {state=2, position=-1, buffered position=0, speed=0.0, updated=1773104, actions=0, custom actions=[], active item id=-1, error=null}, state=PlaybackState {state=2, position=-1, buffered position=0, speed=0.0, updated=1773197, actions=0, custom actions=[], active item id=-1, error=null}
02-28 09:09:29.867  2666  3413 V Avrcp_ext: old state = PlaybackState {state=2, position=-1, buffered position=0, speed=0.0, updated=1773104, actions=0, custom actions=[], active item id=-1, error=null}, new state= PlaybackState {state=2, position=-1, buffered position=0, speed=0.0, updated=1773197, actions=0, custom actions=[], active item id=-1, error=null}
02-28 09:09:29.867  2666  3413 D HeadsetService: getHeadsetService(): returning com.android.bluetooth.hfp.HeadsetService@8a04d28
02-28 09:09:29.867  2666  3413 D HeadsetService:  isAudioOn: The number of audio connected devices 0
02-28 09:09:29.867  2666  3413 D HeadsetService: isScoOrCallActive(): Call Active:falseCall is Ringing:falseSCO is Active:false
02-28 09:09:29.867 13511 13544 D NavServiceProvider: Detecting stop. distance_d=173.77802. stop_type=1 speed=0.0
02-28 09:09:29.867  2666  3413 D HeadsetService:  isAudioOn: The number of audio connected devices 0
02-28 09:09:29.867  2666  3413 I Avrcp_ext: updatePlayStatusForDevice: device: null
02-28 09:09:29.867 13511 13544 D NavigationTest: 299: (28.032499, -82.407228, 0.000000)	R:true  F:false
02-28 09:09:29.867  2666  3413 V Avrcp_ext: updatePlaybackState (1): old=PlaybackState {state=2, position=-1, buffered position=0, speed=0.0, updated=1773104, actions=0, custom actions=[], active item id=-1, error=null}(2), new=PlaybackState {state=2, position=-1, buffered position=0, speed=0.0, updated=1773197, actions=0, custom actions=[], active item id=-1, error=null}(2)
02-28 09:09:29.867  2666  3413 I Avrcp_ext: Exit updatePlayStatusForDevice
02-28 09:09:29.867 13511 13544 D NavigationTest: 300: (28.032499, -82.407228, 0.000000)	R:true  F:false
02-28 09:09:29.867 13511 13544 D NavServiceProvider: Second to last stop coordinates: 28.03244, -82.405462
02-28 09:09:29.867  2666  3413 D HeadsetService:  isAudioOn: The number of audio connected devices 0
02-28 09:09:29.867  2666  3413 D HeadsetService: isScoOrCallActive(): Call Active:falseCall is Ringing:falseSCO is Active:false
02-28 09:09:29.867  2666  3413 D HeadsetService:  isAudioOn: The number of audio connected devices 0
02-28 09:09:29.867  2666  3413 I Avrcp_ext: updatePlayStatusForDevice: device: null
02-28 09:09:29.867  2666  3413 V Avrcp_ext: updatePlaybackState (1): old=PlaybackState {state=2, position=-1, buffered position=0, speed=0.0, updated=1773104, actions=0, custom actions=[], active item id=-1, error=null}(2), new=PlaybackState {state=2, position=-1, buffered position=0, speed=0.0, updated=1773197, actions=0, custom actions=[], active item id=-1, error=null}(2)
02-28 09:09:29.867  2666  3413 I Avrcp_ext: Exit updatePlayStatusForDevice
02-28 09:09:29.867  2666  3413 D HeadsetService:  isAudioOn: The number of audio connected devices 0
02-28 09:09:29.867  2666  3413 D HeadsetService: isScoOrCallActive(): Call Active:falseCall is Ringing:falseSCO is Active:false
02-28 09:09:29.868  2666  3413 D HeadsetService:  isAudioOn: The number of audio connected devices 0
02-28 09:09:29.868  2666  3413 I Avrcp_ext: updatePlayStatusForDevice: device: null
02-28 09:09:29.868  2666  3413 V Avrcp_ext: updatePlaybackState (1): old=PlaybackState {state=2, position=-1, buffered position=0, speed=0.0, updated=1773104, actions=0, custom actions=[], active item id=-1, error=null}(2), new=PlaybackState {state=2, position=-1, buffered position=0, speed=0.0, updated=1773197, actions=0, custom actions=[], active item id=-1, error=null}(2)
02-28 09:09:29.868  2666  3413 I Avrcp_ext: Exit updatePlayStatusForDevice
02-28 09:09:29.868 13511 13544 D NavServiceProvider: Setting units automatically
02-28 09:09:29.868  2666  3413 D HeadsetService:  isAudioOn: The number of audio connected devices 0
02-28 09:09:29.868  2666  3413 D HeadsetService: isScoOrCallActive(): Call Active:falseCall is Ringing:falseSCO is Active:false
02-28 09:09:29.868  2666  3413 D HeadsetService:  isAudioOn: The number of audio connected devices 0
02-28 09:09:29.868  2666  3413 I Avrcp_ext: updatePlayStatusForDevice: device: null
02-28 09:09:29.868  2666  3413 V Avrcp_ext: updatePlaybackState (1): old=PlaybackState {state=2, position=-1, buffered position=0, speed=0.0, updated=1773104, actions=0, custom actions=[], active item id=-1, error=null}(2), new=PlaybackState {state=2, position=-1, buffered position=0, speed=0.0, updated=1773197, actions=0, custom actions=[], active item id=-1, error=null}(2)
02-28 09:09:29.868  2666  3413 I Avrcp_ext: Exit updatePlayStatusForDevice
02-28 09:09:29.868  2666  3413 D HeadsetService:  isAudioOn: The number of audio connected devices 0
02-28 09:09:29.868  2666  3413 D HeadsetService: isScoOrCallActive(): Call Active:falseCall is Ringing:falseSCO is Active:false
02-28 09:09:29.868  2666  3413 D HeadsetService:  isAudioOn: The number of audio connected devices 0
02-28 09:09:29.868  2666  3413 I Avrcp_ext: updatePlayStatusForDevice: device: null
02-28 09:09:29.868  2666  3413 V Avrcp_ext: updatePlaybackState (1): old=PlaybackState {state=2, position=-1, buffered position=0, speed=0.0, updated=1773104, actions=0, custom actions=[], active item id=-1, error=null}(2), new=PlaybackState {state=2, position=-1, buffered position=0, speed=0.0, updated=1773197, actions=0, custom actions=[], active item id=-1, error=null}(2)
02-28 09:09:29.868  2666  3413 I Avrcp_ext: Exit updatePlayStatusForDevice
02-28 09:09:29.868  2666  3413 D Avrcp_ext: Enter sendPlayPosNotificationRsp
02-28 09:09:29.868  2666  3413 D Avrcp_ext: sendPlayPosNotificationRsp: Not registered or requesting.
02-28 09:09:29.868  2666  3413 D Avrcp_ext: Enter sendPlayPosNotificationRsp
02-28 09:09:29.868  2666  3413 D Avrcp_ext: sendPlayPosNotificationRsp: Not registered or requesting.
02-28 09:09:29.868  2666  3413 D Avrcp_ext: Enter sendPlayPosNotificationRsp
02-28 09:09:29.868  2666  3413 D Avrcp_ext: sendPlayPosNotificationRsp: Not registered or requesting.
02-28 09:09:29.868  2666  3413 D Avrcp_ext: Enter sendPlayPosNotificationRsp
02-28 09:09:29.868  2666  3413 D Avrcp_ext: sendPlayPosNotificationRsp: Not registered or requesting.
02-28 09:09:29.868  2666  3413 D Avrcp_ext: Enter sendPlayPosNotificationRsp
02-28 09:09:29.868  2666  3413 D Avrcp_ext: sendPlayPosNotificationRsp: Not registered or requesting.
02-28 09:09:29.868  2666  3413 V Avrcp_ext: Exit updatePlayerStateAndPosition
02-28 09:09:29.869 13511 13544 D NavServiceProvider: Detecting stop. distance_d=173.67975. stop_type=1 speed=0.0
02-28 09:09:29.869 13511 13544 D NavigationTest: 301: (28.032499, -82.407227, 0.000000)	R:true  F:false
02-28 09:09:29.869 13511 13544 D NavServiceProvider: Second to last stop coordinates: 28.03244, -82.405462
02-28 09:09:29.870 13511 13544 D NavServiceProvider: Setting units automatically
02-28 09:09:29.871 13511 13544 D NavServiceProvider: Detecting stop. distance_d=173.67975. stop_type=1 speed=0.0
02-28 09:09:29.871 13511 13544 D NavigationTest: 302: (28.032499, -82.407227, 0.000000)	R:true  F:false
02-28 09:09:29.871 13511 13544 D NavigationTest: 303: (28.032499, -82.407227, 0.000000)	R:true  F:false
02-28 09:09:29.871 13511 13544 D NavServiceProvider: Second to last stop coordinates: 28.03244, -82.405462
02-28 09:09:29.871 13511 13544 D NavServiceProvider: Setting units automatically
02-28 09:09:29.873 13511 13544 D NavServiceProvider: Detecting stop. distance_d=173.67975. stop_type=1 speed=0.0
02-28 09:09:29.873 13511 13544 D NavigationTest: 304: (28.032499, -82.407227, 0.000000)	R:true  F:false
02-28 09:09:29.873 13511 13544 D NavServiceProvider: Second to last stop coordinates: 28.03244, -82.405462
02-28 09:09:29.873 13511 13544 D NavServiceProvider: Setting units automatically
02-28 09:09:29.875 13511 13544 D NavServiceProvider: Detecting stop. distance_d=173.983. stop_type=1 speed=0.0
02-28 09:09:29.876 13511 13544 D NavigationTest: 305: (28.032501, -82.407230, 0.000000)	R:true  F:false
02-28 09:09:29.876 13511 13544 D NavigationTest: 306: (28.032501, -82.407230, 0.000000)	R:true  F:false
02-28 09:09:29.876 13511 13544 D NavServiceProvider: Second to last stop coordinates: 28.03244, -82.405462
02-28 09:09:29.876 13511 13544 D NavServiceProvider: Setting units automatically
02-28 09:09:29.877 13511 13544 D NavServiceProvider: Detecting stop. distance_d=173.96635. stop_type=1 speed=0.0
02-28 09:09:29.877 13511 13544 D NavigationTest: 307: (28.032497, -82.407230, 0.000000)	R:true  F:false
02-28 09:09:29.877 13511 13544 D NavServiceProvider: Second to last stop coordinates: 28.03244, -82.405462
02-28 09:09:29.878 13511 13544 D NavServiceProvider: Setting units automatically
02-28 09:09:29.879 13511 13544 D NavServiceProvider: Detecting stop. distance_d=174.0454. stop_type=1 speed=0.0
02-28 09:09:29.879 13511 13544 D NavigationTest: 308: (28.032492, -82.407231, 0.000000)	R:true  F:false
02-28 09:09:29.879 13511 13544 D NavigationTest: 309: (28.032492, -82.407231, 0.000000)	R:true  F:false
02-28 09:09:29.879 13511 13544 D NavServiceProvider: Second to last stop coordinates: 28.03244, -82.405462
02-28 09:09:29.879 13511 13544 D NavServiceProvider: Setting units automatically
02-28 09:09:29.880 13511 13544 D NavServiceProvider: Detecting stop. distance_d=173.84163. stop_type=1 speed=0.0
02-28 09:09:29.880 13511 13544 D NavigationTest: 310: (28.032490, -82.407229, 0.000000)	R:true  F:false
02-28 09:09:29.880 13511 13544 D NavigationTest: 311: (28.032490, -82.407229, 0.000000)	R:true  F:false
02-28 09:09:29.880 13511 13544 D NavServiceProvider: Second to last stop coordinates: 28.03244, -82.405462
02-28 09:09:29.881 13511 13544 D NavServiceProvider: Setting units automatically
02-28 09:09:29.882 13511 13544 D NavServiceProvider: Detecting stop. distance_d=173.65228. stop_type=1 speed=0.0
02-28 09:09:29.882 13511 13544 D NavigationTest: 312: (28.032492, -82.407227, 0.000000)	R:true  F:false
02-28 09:09:29.882 13511 13544 D NavServiceProvider: Second to last stop coordinates: 28.03244, -82.405462
02-28 09:09:29.882 13511 13544 D NavServiceProvider: Setting units automatically
02-28 09:09:29.883 13511 13544 D NavServiceProvider: Detecting stop. distance_d=173.933. stop_type=1 speed=0.0
02-28 09:09:29.883 13511 13544 D NavigationTest: 313: (28.032488, -82.407230, 0.000000)	R:true  F:false
02-28 09:09:29.883 13511 13544 D NavigationTest: 314: (28.032488, -82.407230, 0.000000)	R:true  F:false
02-28 09:09:29.883 13511 13544 D NavServiceProvider: Second to last stop coordinates: 28.03244, -82.405462
02-28 09:09:29.884 13511 13544 D NavServiceProvider: Setting units automatically
02-28 09:09:29.885 13511 13544 D NavServiceProvider: Detecting stop. distance_d=173.8452. stop_type=1 speed=0.0
02-28 09:09:29.885 13511 13544 D NavigationTest: 315: (28.032491, -82.407229, 0.000000)	R:true  F:false
02-28 09:09:29.885 13511 13544 D NavServiceProvider: Second to last stop coordinates: 28.03244, -82.405462
02-28 09:09:29.885 13511 13544 D NavServiceProvider: Setting units automatically
02-28 09:09:29.886 13511 13544 D NavServiceProvider: Detecting stop. distance_d=173.8452. stop_type=1 speed=0.0
02-28 09:09:29.886 13511 13544 D NavigationTest: 316: (28.032491, -82.407229, 0.000000)	R:true  F:false
02-28 09:09:29.886 13511 13544 D NavigationTest: 317: (28.032491, -82.407229, 0.000000)	R:true  F:false
02-28 09:09:29.886 13511 13544 D NavServiceProvider: Second to last stop coordinates: 28.03244, -82.405462
02-28 09:09:29.887 13511 13544 D NavServiceProvider: Setting units automatically
02-28 09:09:29.888 13511 13544 D NavServiceProvider: Detecting stop. distance_d=173.93642. stop_type=1 speed=0.0
02-28 09:09:29.888 13511 13544 D NavigationTest: 318: (28.032489, -82.407230, 0.000000)	R:true  F:false
02-28 09:09:29.888 13511 13544 D NavServiceProvider: Second to last stop coordinates: 28.03244, -82.405462
02-28 09:09:29.888 13511 13544 D NavServiceProvider: Setting units automatically
02-28 09:09:29.889 13511 13544 D NavServiceProvider: Detecting stop. distance_d=173.8452. stop_type=1 speed=0.0
02-28 09:09:29.889 13511 13544 D NavigationTest: 319: (28.032491, -82.407229, 0.000000)	R:true  F:false
02-28 09:09:29.889 13511 13544 D NavigationTest: 320: (28.032491, -82.407229, 0.000000)	R:true  F:false
02-28 09:09:29.889 13511 13544 D NavServiceProvider: Second to last stop coordinates: 28.03244, -82.405462
02-28 09:09:29.890 13511 13544 D NavServiceProvider: Setting units automatically
02-28 09:09:29.891 13511 13544 D NavServiceProvider: Detecting stop. distance_d=173.84163. stop_type=1 speed=0.0
02-28 09:09:29.891 13511 13544 D NavigationTest: 321: (28.032490, -82.407229, 0.000000)	R:true  F:false
02-28 09:09:29.891 13511 13544 D NavigationTest: 322: (28.032490, -82.407229, 0.000000)	R:true  F:false
02-28 09:09:29.891 13511 13544 D NavServiceProvider: Second to last stop coordinates: 28.03244, -82.405462
02-28 09:09:29.891 13511 13544 D NavServiceProvider: Setting units automatically
02-28 09:09:29.892 13511 13544 D NavServiceProvider: Detecting stop. distance_d=173.8452. stop_type=1 speed=0.0
02-28 09:09:29.892 13511 13544 D NavigationTest: 323: (28.032491, -82.407229, 0.000000)	R:true  F:false
02-28 09:09:29.892 13511 13544 D NavServiceProvider: Second to last stop coordinates: 28.03244, -82.405462
02-28 09:09:29.892 13511 13544 D NavServiceProvider: Setting units automatically
02-28 09:09:29.893 13511 13544 D NavServiceProvider: Detecting stop. distance_d=173.8452. stop_type=1 speed=0.0
02-28 09:09:29.894 13511 13544 D NavigationTest: 324: (28.032491, -82.407229, 0.000000)	R:true  F:false
02-28 09:09:29.894 13511 13544 D NavigationTest: 325: (28.032491, -82.407229, 0.000000)	R:true  F:false
02-28 09:09:29.894 13511 13544 D NavServiceProvider: Second to last stop coordinates: 28.03244, -82.405462
02-28 09:09:29.894 13511 13544 D NavServiceProvider: Setting units automatically
02-28 09:09:29.895 13511 13544 D NavServiceProvider: Detecting stop. distance_d=173.8452. stop_type=1 speed=0.0
02-28 09:09:29.895 13511 13544 D NavigationTest: 326: (28.032491, -82.407229, 0.000000)	R:true  F:false
02-28 09:09:29.895 13511 13544 D NavServiceProvider: Second to last stop coordinates: 28.03244, -82.405462
02-28 09:09:29.895 13511 13544 D NavServiceProvider: Setting units automatically
02-28 09:09:29.896 13511 13544 D NavServiceProvider: Detecting stop. distance_d=173.8452. stop_type=1 speed=0.0
02-28 09:09:29.896 13511 13544 D NavigationTest: 327: (28.032491, -82.407229, 0.000000)	R:true  F:false
02-28 09:09:29.896 13511 13544 D NavigationTest: 328: (28.032491, -82.407229, 0.000000)	R:true  F:false
02-28 09:09:29.896 13511 13544 D NavServiceProvider: Second to last stop coordinates: 28.03244, -82.405462
02-28 09:09:29.897 13511 13544 D NavServiceProvider: Setting units automatically
02-28 09:09:29.898 13511 13544 D NavServiceProvider: Detecting stop. distance_d=173.8452. stop_type=1 speed=0.0
02-28 09:09:29.898 13511 13544 D NavigationTest: 329: (28.032491, -82.407229, 0.000000)	R:true  F:false
02-28 09:09:29.898 13511 13544 D NavServiceProvider: Second to last stop coordinates: 28.03244, -82.405462
02-28 09:09:29.898 13511 13544 D NavServiceProvider: Setting units automatically
02-28 09:09:29.899 13511 13544 D NavServiceProvider: Detecting stop. distance_d=173.8452. stop_type=1 speed=0.0
02-28 09:09:29.899 13511 13544 D NavigationTest: 330: (28.032491, -82.407229, 0.000000)	R:true  F:false
02-28 09:09:29.900 13511 13544 D NavigationTest: 331: (28.032491, -82.407229, 0.000000)	R:true  F:false
02-28 09:09:29.900 13511 13544 D NavServiceProvider: Second to last stop coordinates: 28.03244, -82.405462
02-28 09:09:29.900 13511 13544 D NavServiceProvider: Setting units automatically
02-28 09:09:29.901 13511 13544 D NavServiceProvider: Detecting stop. distance_d=173.8452. stop_type=1 speed=0.0
02-28 09:09:29.901 13511 13544 D NavigationTest: 332: (28.032491, -82.407229, 0.000000)	R:true  F:false
02-28 09:09:29.901 13511 13544 D NavServiceProvider: Second to last stop coordinates: 28.03244, -82.405462
02-28 09:09:29.901 13511 13544 D NavServiceProvider: Setting units automatically
02-28 09:09:29.902 13511 13544 D NavServiceProvider: Detecting stop. distance_d=173.8452. stop_type=1 speed=0.0
02-28 09:09:29.902 13511 13544 D NavigationTest: 333: (28.032491, -82.407229, 0.000000)	R:true  F:false
02-28 09:09:29.902 13511 13544 D NavigationTest: 334: (28.032491, -82.407229, 0.000000)	R:true  F:false
02-28 09:09:29.902 13511 13544 D NavServiceProvider: Second to last stop coordinates: 28.03244, -82.405462
02-28 09:09:29.903 13511 13544 D NavServiceProvider: Setting units automatically
02-28 09:09:29.904 13511 13544 D NavServiceProvider: Detecting stop. distance_d=173.8452. stop_type=1 speed=0.0
02-28 09:09:29.904 13511 13544 D NavigationTest: 335: (28.032491, -82.407229, 0.000000)	R:true  F:false
02-28 09:09:29.904 13511 13544 D NavigationTest: 336: (28.032491, -82.407229, 0.000000)	R:true  F:false
02-28 09:09:29.904 13511 13544 D NavServiceProvider: Second to last stop coordinates: 28.03244, -82.405462
02-28 09:09:29.904 13511 13544 D NavServiceProvider: Setting units automatically
02-28 09:09:29.905 13511 13544 D NavServiceProvider: Detecting stop. distance_d=173.8452. stop_type=1 speed=0.0
02-28 09:09:29.905 13511 13544 D NavigationTest: 337: (28.032491, -82.407229, 0.000000)	R:true  F:false
02-28 09:09:29.905 13511 13544 D NavServiceProvider: Second to last stop coordinates: 28.03244, -82.405462
02-28 09:09:29.906 13511 13544 D NavServiceProvider: Setting units automatically
02-28 09:09:29.907 13511 13544 D NavServiceProvider: Detecting stop. distance_d=173.8452. stop_type=1 speed=0.0
02-28 09:09:29.907 13511 13544 D NavigationTest: 338: (28.032491, -82.407229, 0.000000)	R:true  F:false
02-28 09:09:29.907 13511 13544 D NavigationTest: 339: (28.032491, -82.407229, 0.000000)	R:true  F:false
02-28 09:09:29.907 13511 13544 D NavServiceProvider: Second to last stop coordinates: 28.03244, -82.405462
02-28 09:09:29.907 13511 13544 D NavServiceProvider: Setting units automatically
02-28 09:09:29.908 13511 13544 D NavServiceProvider: Detecting stop. distance_d=173.8452. stop_type=1 speed=0.0
02-28 09:09:29.908 13511 13544 D NavigationTest: 340: (28.032491, -82.407229, 0.000000)	R:true  F:false
02-28 09:09:29.908 13511 13544 D NavigationTest: 341: (28.032491, -82.407229, 0.000000)	R:true  F:false
02-28 09:09:29.908 13511 13544 D NavServiceProvider: Second to last stop coordinates: 28.03244, -82.405462
02-28 09:09:29.908 13511 13544 D NavServiceProvider: Setting units automatically
02-28 09:09:29.910 13511 13544 D NavServiceProvider: Detecting stop. distance_d=173.8452. stop_type=1 speed=0.0
02-28 09:09:29.910 13511 13544 D NavigationTest: 342: (28.032491, -82.407229, 0.000000)	R:true  F:false
02-28 09:09:29.910 13511 13544 D NavServiceProvider: Second to last stop coordinates: 28.03244, -82.405462
02-28 09:09:29.910 13511 13544 D NavServiceProvider: Setting units automatically
02-28 09:09:29.911 13511 13544 D NavServiceProvider: Detecting stop. distance_d=173.8452. stop_type=1 speed=0.0
02-28 09:09:29.911 13511 13544 D NavigationTest: 343: (28.032491, -82.407229, 0.000000)	R:true  F:false
02-28 09:09:29.911 13511 13544 D NavigationTest: 344: (28.032491, -82.407229, 0.000000)	R:true  F:false
02-28 09:09:29.911 13511 13544 D NavServiceProvider: Second to last stop coordinates: 28.03244, -82.405462
02-28 09:09:29.912 13511 13544 D NavServiceProvider: Setting units automatically
02-28 09:09:29.913 13511 13544 D NavServiceProvider: Detecting stop. distance_d=173.8452. stop_type=1 speed=0.0
02-28 09:09:29.913 13511 13544 D NavigationTest: 345: (28.032491, -82.407229, 0.000000)	R:true  F:false
02-28 09:09:29.913 13511 13544 D NavServiceProvider: Second to last stop coordinates: 28.03244, -82.405462
02-28 09:09:29.913 13511 13544 D NavServiceProvider: Setting units automatically
02-28 09:09:29.914 13511 13544 D NavServiceProvider: Detecting stop. distance_d=173.8452. stop_type=1 speed=0.0
02-28 09:09:29.914 13511 13544 D NavigationTest: 346: (28.032491, -82.407229, 0.000000)	R:true  F:false
02-28 09:09:29.914 13511 13544 D NavigationTest: 347: (28.032491, -82.407229, 0.000000)	R:true  F:false
02-28 09:09:29.914 13511 13544 D NavServiceProvider: Second to last stop coordinates: 28.03244, -82.405462
02-28 09:09:29.914 13511 13544 D NavServiceProvider: Setting units automatically
02-28 09:09:29.915 13511 13544 D NavServiceProvider: Detecting stop. distance_d=173.8452. stop_type=1 speed=0.0
02-28 09:09:29.916 13511 13544 D NavigationTest: 348: (28.032491, -82.407229, 0.000000)	R:true  F:false
02-28 09:09:29.916 13511 13544 D NavServiceProvider: Second to last stop coordinates: 28.03244, -82.405462
02-28 09:09:29.916 13511 13544 D NavServiceProvider: Setting units automatically
02-28 09:09:29.917 13511 13544 D NavServiceProvider: Detecting stop. distance_d=168.16449. stop_type=1 speed=0.0
02-28 09:09:29.917 13511 13544 D NavigationTest: 349: (28.032461, -82.407172, 0.000000)	R:true  F:false
02-28 09:09:29.917 13511 13544 D NavigationTest: 350: (28.032461, -82.407172, 0.000000)	R:true  F:false
02-28 09:09:29.917 13511 13544 D NavServiceProvider: Second to last stop coordinates: 28.03244, -82.405462
02-28 09:09:29.917 13511 13544 D NavServiceProvider: Setting units automatically
02-28 09:09:29.918 13511 13544 D NavServiceProvider: Detecting stop. distance_d=173.8452. stop_type=1 speed=0.0
02-28 09:09:29.918 13511 13544 D NavigationTest: 351: (28.032491, -82.407229, 0.000000)	R:true  F:false
02-28 09:09:29.918 13511 13544 D NavServiceProvider: Second to last stop coordinates: 28.03244, -82.405462
02-28 09:09:29.919 13511 13544 D NavServiceProvider: Setting units automatically
02-28 09:09:29.920 13511 13544 D NavServiceProvider: Detecting stop. distance_d=173.8452. stop_type=1 speed=0.0
02-28 09:09:29.920 13511 13544 D NavigationTest: 352: (28.032491, -82.407229, 0.000000)	R:true  F:false
02-28 09:09:29.920 13511 13544 D NavigationTest: 353: (28.032491, -82.407229, 0.000000)	R:true  F:false
02-28 09:09:29.920 13511 13544 D NavServiceProvider: Second to last stop coordinates: 28.03244, -82.405462
02-28 09:09:29.920 13511 13544 D NavServiceProvider: Setting units automatically
02-28 09:09:29.921 13511 13544 D NavServiceProvider: Detecting stop. distance_d=173.8452. stop_type=1 speed=0.0
02-28 09:09:29.921 13511 13544 D NavigationTest: 354: (28.032491, -82.407229, 0.000000)	R:true  F:false
02-28 09:09:29.921 13511 13544 D NavigationTest: 355: (28.032491, -82.407229, 0.000000)	R:true  F:false
02-28 09:09:29.921 13511 13544 D NavServiceProvider: Second to last stop coordinates: 28.03244, -82.405462
02-28 09:09:29.922 13511 13544 D NavServiceProvider: Setting units automatically
02-28 09:09:29.923 13511 13544 D NavServiceProvider: Detecting stop. distance_d=173.8452. stop_type=1 speed=0.0
02-28 09:09:29.923 13511 13544 D NavigationTest: 356: (28.032491, -82.407229, 0.000000)	R:true  F:false
02-28 09:09:29.923 13511 13544 D NavigationTest: 357: (28.032491, -82.407229, 0.000000)	R:true  F:false
02-28 09:09:29.923 13511 13544 D NavServiceProvider: Second to last stop coordinates: 28.03244, -82.405462
02-28 09:09:29.923 13511 13544 D NavServiceProvider: Setting units automatically
02-28 09:09:29.924 13511 13544 D NavServiceProvider: Detecting stop. distance_d=173.8452. stop_type=1 speed=0.0
02-28 09:09:29.924 13511 13544 D NavigationTest: 358: (28.032491, -82.407229, 0.000000)	R:true  F:false
02-28 09:09:29.924 13511 13544 D NavServiceProvider: Second to last stop coordinates: 28.03244, -82.405462
02-28 09:09:29.925 13511 13544 D NavServiceProvider: Setting units automatically
02-28 09:09:29.926 13511 13544 D NavServiceProvider: Detecting stop. distance_d=173.8452. stop_type=1 speed=0.0
02-28 09:09:29.926 13511 13544 D NavigationTest: 359: (28.032491, -82.407229, 0.000000)	R:true  F:false
02-28 09:09:29.926 13511 13544 D NavigationTest: 360: (28.032491, -82.407229, 0.000000)	R:true  F:false
02-28 09:09:29.926 13511 13544 D NavServiceProvider: Second to last stop coordinates: 28.03244, -82.405462
02-28 09:09:29.926 13511 13544 D NavServiceProvider: Setting units automatically
02-28 09:09:29.927 13511 13544 D NavServiceProvider: Detecting stop. distance_d=173.55035. stop_type=1 speed=0.5
02-28 09:09:29.927 13511 13544 D NavigationTest: 361: (28.032491, -82.407226, 0.500000)	R:true  F:false
02-28 09:09:29.927 13511 13544 D NavigationTest: 362: (28.032491, -82.407226, 0.500000)	R:true  F:false
02-28 09:09:29.927 13511 13544 D NavServiceProvider: Second to last stop coordinates: 28.03244, -82.405462
02-28 09:09:29.927 13511 13544 D NavServiceProvider: Setting units automatically
02-28 09:09:29.929 13511 13544 D NavServiceProvider: Detecting stop. distance_d=172.96068. stop_type=1 speed=0.5
02-28 09:09:29.929 13511 13544 D NavigationTest: 363: (28.032491, -82.407220, 0.500000)	R:true  F:false
02-28 09:09:29.929 13511 13544 D NavigationTest: 364: (28.032491, -82.407220, 0.500000)	R:true  F:false
02-28 09:09:29.929 13511 13544 D NavServiceProvider: Second to last stop coordinates: 28.03244, -82.405462
02-28 09:09:29.929 13511 13544 D NavServiceProvider: Setting units automatically
02-28 09:09:29.930 13511 13544 D NavServiceProvider: Detecting stop. distance_d=172.2764. stop_type=1 speed=0.25
02-28 09:09:29.930 13511 13544 D NavigationTest: 365: (28.032492, -82.407213, 0.250000)	R:true  F:false
02-28 09:09:29.930 13511 13544 D NavServiceProvider: Second to last stop coordinates: 28.03244, -82.405462
02-28 09:09:29.931 13511 13544 D NavServiceProvider: Setting units automatically
02-28 09:09:29.932 13511 13544 D NavServiceProvider: Detecting stop. distance_d=172.28783. stop_type=1 speed=0.0
02-28 09:09:29.932 13511 13544 D NavigationTest: 366: (28.032495, -82.407213, 0.000000)	R:true  F:false
02-28 09:09:29.932 13511 13544 D NavigationTest: 367: (28.032495, -82.407213, 0.000000)	R:true  F:false
02-28 09:09:29.932 13511 13544 D NavServiceProvider: Second to last stop coordinates: 28.03244, -82.405462
02-28 09:09:29.932 13511 13544 D NavServiceProvider: Setting units automatically
02-28 09:09:29.934   871   911 D msm8974_platform: platform_split_snd_device: snd_device(2) num devices(1) new_snd_devices(0)
02-28 09:09:29.934 13511 13544 D NavServiceProvider: Detecting stop. distance_d=171.89871. stop_type=1 speed=0.0
02-28 09:09:29.934 13511 13544 D NavigationTest: 368: (28.032496, -82.407209, 0.000000)	R:true  F:false
02-28 09:09:29.934 13511 13544 D NavServiceProvider: Second to last stop coordinates: 28.03244, -82.405462
02-28 09:09:29.935 13511 13544 D NavServiceProvider: Setting units automatically
02-28 09:09:29.936 13511 13544 D NavServiceProvider: Detecting stop. distance_d=171.70218. stop_type=1 speed=0.0
02-28 09:09:29.936 13511 13544 D NavigationTest: 369: (28.032496, -82.407207, 0.000000)	R:true  F:false
02-28 09:09:29.936 13511 13544 D NavigationTest: 370: (28.032496, -82.407207, 0.000000)	R:true  F:false
02-28 09:09:29.936 13511 13544 D NavServiceProvider: Second to last stop coordinates: 28.03244, -82.405462
02-28 09:09:29.936 13511 13544 D NavServiceProvider: Setting units automatically
02-28 09:09:29.938 13511 13544 D NavServiceProvider: Detecting stop. distance_d=171.59604. stop_type=1 speed=0.0
02-28 09:09:29.938 13511 13544 D NavigationTest: 371: (28.032494, -82.407206, 0.000000)	R:true  F:false
02-28 09:09:29.938 13511 13544 D NavigationTest: 372: (28.032494, -82.407206, 0.000000)	R:true  F:false
02-28 09:09:29.938 13511 13544 D NavServiceProvider: Second to last stop coordinates: 28.03244, -82.405462
02-28 09:09:29.938 13511 13544 D NavServiceProvider: Setting units automatically
02-28 09:09:29.939 13511 13544 D NavServiceProvider: Detecting stop. distance_d=171.39566. stop_type=1 speed=0.0
02-28 09:09:29.939 13511 13544 D NavigationTest: 373: (28.032493, -82.407204, 0.000000)	R:true  F:false
02-28 09:09:29.939 13511 13544 D NavServiceProvider: Second to last stop coordinates: 28.03244, -82.405462
02-28 09:09:29.940 13511 13544 D NavServiceProvider: Setting units automatically
02-28 09:09:29.941 13511 13544 D NavServiceProvider: Detecting stop. distance_d=170.90428. stop_type=1 speed=0.0
02-28 09:09:29.941 13511 13544 D NavigationTest: 374: (28.032493, -82.407199, 0.000000)	R:true  F:false
02-28 09:09:29.941 13511 13544 D NavigationTest: 375: (28.032493, -82.407199, 0.000000)	R:true  F:false
02-28 09:09:29.941 13511 13544 D NavServiceProvider: Second to last stop coordinates: 28.03244, -82.405462
02-28 09:09:29.941 13511 13544 D NavServiceProvider: Setting units automatically
02-28 09:09:29.942 13511 13544 D NavServiceProvider: Detecting stop. distance_d=170.80986. stop_type=1 speed=0.0
02-28 09:09:29.942 13511 13544 D NavigationTest: 376: (28.032494, -82.407198, 0.000000)	R:true  F:false
02-28 09:09:29.942 13511 13544 D NavServiceProvider: Second to last stop coordinates: 28.03244, -82.405462
02-28 09:09:29.943 13511 13544 D NavServiceProvider: Setting units automatically
02-28 09:09:29.944 13511 13544 D NavServiceProvider: Detecting stop. distance_d=170.81378. stop_type=1 speed=0.0
02-28 09:09:29.944 13511 13544 D NavigationTest: 377: (28.032495, -82.407198, 0.000000)	R:true  F:false
02-28 09:09:29.944 13511 13544 D NavigationTest: 378: (28.032495, -82.407198, 0.000000)	R:true  F:false
02-28 09:09:29.944 13511 13544 D NavServiceProvider: Second to last stop coordinates: 28.03244, -82.405462
02-28 09:09:29.944 13511 13544 D NavServiceProvider: Setting units automatically
02-28 09:09:29.946 13511 13544 D NavServiceProvider: Detecting stop. distance_d=170.91205. stop_type=1 speed=0.0
02-28 09:09:29.946 13511 13544 D NavigationTest: 379: (28.032495, -82.407199, 0.000000)	R:true  F:false
02-28 09:09:29.946 13511 13544 D NavigationTest: 380: (28.032495, -82.407199, 0.000000)	R:true  F:false
02-28 09:09:29.946 13511 13544 D NavServiceProvider: Second to last stop coordinates: 28.03244, -82.405462
02-28 09:09:29.946 13511 13544 D NavServiceProvider: Setting units automatically
02-28 09:09:29.947 13511 13544 D NavServiceProvider: Detecting stop. distance_d=170.61723. stop_type=1 speed=0.0
02-28 09:09:29.947 13511 13544 D NavigationTest: 381: (28.032495, -82.407196, 0.000000)	R:true  F:false
02-28 09:09:29.947 13511 13544 D NavigationTest: 382: (28.032495, -82.407196, 0.000000)	R:true  F:false
02-28 09:09:29.947 13511 13544 D NavServiceProvider: Second to last stop coordinates: 28.03244, -82.405462
02-28 09:09:29.948 13511 13544 D NavServiceProvider: Setting units automatically
02-28 09:09:29.949 13511 13544 D NavServiceProvider: Detecting stop. distance_d=170.51897. stop_type=1 speed=0.0
02-28 09:09:29.949 13511 13544 D NavigationTest: 383: (28.032495, -82.407195, 0.000000)	R:true  F:false
02-28 09:09:29.949 13511 13544 D NavServiceProvider: Second to last stop coordinates: 28.03244, -82.405462
02-28 09:09:29.949 13511 13544 D NavServiceProvider: Setting units automatically
02-28 09:09:29.950 13511 13544 D NavServiceProvider: Detecting stop. distance_d=201.46408. stop_type=1 speed=0.0
02-28 09:09:29.951 13511 13544 D NavigationTest: 384: (28.032389, -82.407510, 0.000000)	R:true  F:false
02-28 09:09:29.951 13511 13544 D NavigationTest: 385: (28.032389, -82.407510, 0.000000)	R:true  F:false
02-28 09:09:29.951 13511 13544 D NavServiceProvider: Second to last stop coordinates: 28.03244, -82.405462
02-28 09:09:29.951 13511 13544 D NavServiceProvider: Setting units automatically
02-28 09:09:29.952 13511 13544 D NavServiceProvider: Detecting stop. distance_d=170.51505. stop_type=1 speed=0.0
02-28 09:09:29.952 13511 13544 D NavigationTest: 386: (28.032494, -82.407195, 0.000000)	R:true  F:false
02-28 09:09:29.952 13511 13544 D NavServiceProvider: Second to last stop coordinates: 28.03244, -82.405462
02-28 09:09:29.952 13511 13544 D NavServiceProvider: Setting units automatically
02-28 09:09:29.953 13511 13544 D NavServiceProvider: Detecting stop. distance_d=170.51505. stop_type=1 speed=0.0
02-28 09:09:29.953 13511 13544 D NavigationTest: 387: (28.032494, -82.407195, 0.000000)	R:true  F:false
02-28 09:09:29.953 13511 13544 D NavigationTest: 388: (28.032494, -82.407195, 0.000000)	R:true  F:false
02-28 09:09:29.953 13511 13544 D NavServiceProvider: Second to last stop coordinates: 28.03244, -82.405462
02-28 09:09:29.954 13511 13544 D NavServiceProvider: Setting units automatically
02-28 09:09:29.955 13511 13544 D NavServiceProvider: Detecting stop. distance_d=170.41676. stop_type=1 speed=0.0
02-28 09:09:29.955 13511 13544 D NavigationTest: 389: (28.032494, -82.407194, 0.000000)	R:true  F:false
02-28 09:09:29.955 13511 13544 D NavigationTest: 390: (28.032494, -82.407194, 0.000000)	R:true  F:false
02-28 09:09:29.955 13511 13544 D NavServiceProvider: Second to last stop coordinates: 28.03244, -82.405462
02-28 09:09:29.955 13511 13544 D NavServiceProvider: Setting units automatically
02-28 09:09:29.956 13511 13544 D NavServiceProvider: Detecting stop. distance_d=170.41676. stop_type=1 speed=0.0
02-28 09:09:29.956 13511 13544 D NavigationTest: 391: (28.032494, -82.407194, 0.000000)	R:true  F:false
02-28 09:09:29.956 13511 13544 D NavigationTest: 392: (28.032494, -82.407194, 0.000000)	R:true  F:false
02-28 09:09:29.956 13511 13544 D NavServiceProvider: Second to last stop coordinates: 28.03244, -82.405462
02-28 09:09:29.957 13511 13544 D NavServiceProvider: Setting units automatically
02-28 09:09:29.958 13511 13544 D NavServiceProvider: Detecting stop. distance_d=170.41676. stop_type=1 speed=0.0
02-28 09:09:29.958 13511 13544 D NavigationTest: 393: (28.032494, -82.407194, 0.000000)	R:true  F:false
02-28 09:09:29.958 13511 13544 D NavigationTest: 394: (28.032494, -82.407194, 0.000000)	R:true  F:false
02-28 09:09:29.958 13511 13544 D NavServiceProvider: Second to last stop coordinates: 28.03244, -82.405462
02-28 09:09:29.958 13511 13544 D NavServiceProvider: Setting units automatically
02-28 09:09:29.959 13511 13544 D NavServiceProvider: Detecting stop. distance_d=170.41676. stop_type=1 speed=0.0
02-28 09:09:29.959 13511 13544 D NavigationTest: 395: (28.032494, -82.407194, 0.000000)	R:true  F:false
02-28 09:09:29.959 13511 13544 D NavServiceProvider: Second to last stop coordinates: 28.03244, -82.405462
02-28 09:09:29.960 13511 13544 D NavServiceProvider: Setting units automatically
02-28 09:09:29.961 13511 13544 D NavServiceProvider: Detecting stop. distance_d=170.41676. stop_type=1 speed=0.0
02-28 09:09:29.961 13511 13544 D NavigationTest: 396: (28.032494, -82.407194, 0.000000)	R:true  F:false
02-28 09:09:29.961 13511 13544 D NavigationTest: 397: (28.032494, -82.407194, 0.000000)	R:true  F:false
02-28 09:09:29.961 13511 13544 D NavServiceProvider: Second to last stop coordinates: 28.03244, -82.405462
02-28 09:09:29.961 13511 13544 D NavServiceProvider: Setting units automatically
02-28 09:09:29.962 13511 13544 D NavServiceProvider: Detecting stop. distance_d=170.41676. stop_type=1 speed=0.0
02-28 09:09:29.962 13511 13544 D NavigationTest: 398: (28.032494, -82.407194, 0.000000)	R:true  F:false
02-28 09:09:29.962 13511 13544 D NavServiceProvider: Second to last stop coordinates: 28.03244, -82.405462
02-28 09:09:29.963 13511 13544 D NavServiceProvider: Setting units automatically
02-28 09:09:29.964 13511 13544 D NavServiceProvider: Detecting stop. distance_d=170.41676. stop_type=1 speed=0.0
02-28 09:09:29.964 13511 13544 D NavigationTest: 399: (28.032494, -82.407194, 0.000000)	R:true  F:false
02-28 09:09:29.964 13511 13544 D NavigationTest: 400: (28.032494, -82.407194, 0.000000)	R:true  F:false
02-28 09:09:29.964 13511 13544 D NavServiceProvider: Second to last stop coordinates: 28.03244, -82.405462
02-28 09:09:29.964 13511 13544 D NavServiceProvider: Setting units automatically
02-28 09:09:29.965 13511 13544 D NavServiceProvider: Detecting stop. distance_d=170.41676. stop_type=1 speed=0.0
02-28 09:09:29.965 13511 13544 D NavigationTest: 401: (28.032494, -82.407194, 0.000000)	R:true  F:false
02-28 09:09:29.965 13511 13544 D NavigationTest: 402: (28.032494, -82.407194, 0.000000)	R:true  F:false
02-28 09:09:29.965 13511 13544 D NavServiceProvider: Second to last stop coordinates: 28.03244, -82.405462
02-28 09:09:29.966 13511 13544 D NavServiceProvider: Setting units automatically
02-28 09:09:29.967 13511 13544 D NavServiceProvider: Detecting stop. distance_d=170.51505. stop_type=1 speed=0.0
02-28 09:09:29.967 13511 13544 D NavigationTest: 403: (28.032494, -82.407195, 0.000000)	R:true  F:false
02-28 09:09:29.967 13511 13544 D NavServiceProvider: Second to last stop coordinates: 28.03244, -82.405462
02-28 09:09:29.967 13511 13544 D NavServiceProvider: Setting units automatically
02-28 09:09:29.968 13511 13544 D NavServiceProvider: Detecting stop. distance_d=170.51505. stop_type=1 speed=0.0
02-28 09:09:29.968 13511 13544 D NavigationTest: 404: (28.032494, -82.407195, 0.000000)	R:true  F:false
02-28 09:09:29.968 13511 13544 D NavigationTest: 405: (28.032494, -82.407195, 0.000000)	R:true  F:false
02-28 09:09:29.968 13511 13544 D NavServiceProvider: Second to last stop coordinates: 28.03244, -82.405462
02-28 09:09:29.968 13511 13544 D NavServiceProvider: Setting units automatically
02-28 09:09:29.970 13511 13544 D NavServiceProvider: Detecting stop. distance_d=170.51505. stop_type=1 speed=0.0
02-28 09:09:29.970 13511 13544 D NavigationTest: 406: (28.032494, -82.407195, 0.000000)	R:true  F:false
02-28 09:09:29.970 13511 13544 D NavServiceProvider: Second to last stop coordinates: 28.03244, -82.405462
02-28 09:09:29.970 13511 13544 D NavServiceProvider: Setting units automatically
02-28 09:09:29.971 13511 13544 D NavServiceProvider: Detecting stop. distance_d=170.51505. stop_type=1 speed=0.0
02-28 09:09:29.971 13511 13544 D NavigationTest: 407: (28.032494, -82.407195, 0.000000)	R:true  F:false
02-28 09:09:29.971 13511 13544 D NavigationTest: 408: (28.032494, -82.407195, 0.000000)	R:true  F:false
02-28 09:09:29.971 13511 13544 D NavServiceProvider: Second to last stop coordinates: 28.03244, -82.405462
02-28 09:09:29.972 13511 13544 D NavServiceProvider: Setting units automatically
02-28 09:09:29.973 13511 13544 D NavServiceProvider: Detecting stop. distance_d=170.51505. stop_type=1 speed=0.0
02-28 09:09:29.973 13511 13544 D NavigationTest: 409: (28.032494, -82.407195, 0.000000)	R:true  F:false
02-28 09:09:29.973 13511 13544 D NavigationTest: 410: (28.032494, -82.407195, 0.000000)	R:true  F:false
02-28 09:09:29.973 13511 13544 D NavServiceProvider: Second to last stop coordinates: 28.03244, -82.405462
02-28 09:09:29.973 13511 13544 D NavServiceProvider: Setting units automatically
02-28 09:09:29.974 13511 13544 D NavServiceProvider: Detecting stop. distance_d=170.51505. stop_type=1 speed=0.0
02-28 09:09:29.974 13511 13544 D NavigationTest: 411: (28.032494, -82.407195, 0.000000)	R:true  F:false
02-28 09:09:29.974 13511 13544 D NavServiceProvider: Second to last stop coordinates: 28.03244, -82.405462
02-28 09:09:29.974 13511 13544 D NavServiceProvider: Setting units automatically
02-28 09:09:29.975 13511 13544 D NavServiceProvider: Detecting stop. distance_d=170.51505. stop_type=1 speed=0.0
02-28 09:09:29.975 13511 13544 D NavigationTest: 412: (28.032494, -82.407195, 0.000000)	R:true  F:false
02-28 09:09:29.976 13511 13544 D NavigationTest: 413: (28.032494, -82.407195, 0.000000)	R:true  F:false
02-28 09:09:29.976 13511 13544 D NavServiceProvider: Second to last stop coordinates: 28.03244, -82.405462
02-28 09:09:29.976 13511 13544 D NavServiceProvider: Setting units automatically
02-28 09:09:29.977 13511 13544 D NavServiceProvider: Detecting stop. distance_d=170.51505. stop_type=1 speed=0.0
02-28 09:09:29.977 13511 13544 D NavigationTest: 414: (28.032494, -82.407195, 0.000000)	R:true  F:false
02-28 09:09:29.977 13511 13544 D NavServiceProvider: Second to last stop coordinates: 28.03244, -82.405462
02-28 09:09:29.977 13511 13544 D NavServiceProvider: Setting units automatically
02-28 09:09:29.978 13511 13544 D NavServiceProvider: Detecting stop. distance_d=170.51505. stop_type=1 speed=0.0
02-28 09:09:29.978 13511 13544 D NavigationTest: 415: (28.032494, -82.407195, 0.000000)	R:true  F:false
