02-28 09:09:29.508 13511 13544 I TestRunner: started: testTrip13C(org.onebusaway.android.nav.test.NavigationTest)
02-28 09:09:29.509 13511 13511 I MonitoringInstr: Activities that are still in CREATED to STOPPED: 0
02-28 09:09:29.518 13511 13544 D NavServiceProvider: Creating NavigationServiceProvider...
02-28 09:09:29.519 13511 13544 D NavServiceProvider: Starting navigation for service
02-28 09:09:29.519 13511 13544 D NavServiceProvider: ProximityCalculator initializing...
02-28 09:09:29.519 13511 13544 D NavServiceProvider: Initializing ProximityCalculator
02-28 09:09:29.519 13511 13544 D NavServiceProvider: Number of path links: 1
02-28 09:09:29.519 13511 13544 D NavServiceProvider: Second to last stop coordinates: 28.03244, -82.405462
02-28 09:09:29.519 13511 13544 D NavServiceProvider: Setting units automatically
02-28 09:09:29.521 13511 13544 D NavServiceProvider: Detecting stop. distance_d=995.7249. stop_type=1 speed=0.0
02-28 09:09:29.522 13511 13544 D NavigationTest: 0: (28.032398, -82.415588, 0.000000)	R:false  F:false
02-28 09:09:29.522 13511 13544 D NavigationTest: 1: (28.032398, -82.415588, 0.000000)	R:false  F:false
02-28 09:09:29.522 13511 13544 D NavigationTest: 2: (28.032398, -82.415588, 0.000000)	R:false  F:false
02-28 09:09:29.522 13511 13544 D NavServiceProvider: Second to last stop coordinates: 28.03244, -82.405462
02-28 09:09:29.522 13511 13544 D NavServiceProvider: Setting units automatically
02-28 09:09:29.524 13511 13544 D NavServiceProvider: Detecting stop. distance_d=995.7249. stop_type=1 speed=0.0
02-28 09:09:29.524 13511 13544 D NavigationTest: 3: (28.032398, -82.415588, 0.000000)	R:false  F:false
02-28 09:09:29.524 13511 13544 D NavigationTest: 4: (28.032398, -82.415588, 0.000000)	R:false  F:false
02-28 09:09:29.524 13511 13544 D NavServiceProvider: Second to last stop coordinates: 28.03244, -82.405462
02-28 09:09:29.525 13511 13544 D NavServiceProvider: Setting units automatically
02-28 09:09:29.526 13511 13544 D NavServiceProvider: Detecting stop. distance_d=995.7249. stop_type=1 speed=0.0
02-28 09:09:29.526 13511 13544 D NavigationTest: 5: (28.032398, -82.415588, 0.000000)	R:false  F:false
02-28 09:09:29.526 13511 13544 D NavigationTest: 6: (28.032398, -82.415588, 0.000000)	R:false  F:false
02-28 09:09:29.526 13511 13544 D NavServiceProvider: Second to last stop coordinates: 28.03244, -82.405462
02-28 09:09:29.527 13511 13544 D NavServiceProvider: Setting units automatically
02-28 09:09:29.528 13511 13544 D NavServiceProvider: Detecting stop. distance_d=995.7249. stop_type=1 speed=0.0
02-28 09:09:29.528 13511 13544 D NavigationTest: 7: (28.032398, -82.415588, 0.000000)	R:false  F:false
02-28 09:09:29.528 13511 13544 D NavServiceProvider: Second to last stop coordinates: 28.03244, -82.405462
02-28 09:09:29.529 13511 13544 D NavServiceProvider: Setting units automatically
02-28 09:09:29.530 13511 13544 D NavServiceProvider: Detecting stop. distance_d=995.7234. stop_type=1 speed=0.5
02-28 09:09:29.530 13511 13544 D NavigationTest: 8: (28.032401, -82.415588, 0.500000)	R:false  F:false
02-28 09:09:29.530 13511 13544 D NavigationTest: 9: (28.032401, -82.415588, 0.500000)	R:false  F:false
02-28 09:09:29.530 13511 13544 D NavServiceProvider: Second to last stop coordinates: 28.03244, -82.405462
02-28 09:09:29.531 13511 13544 D NavServiceProvider: Setting units automatically
02-28 09:09:29.532 13511 13544 D NavServiceProvider: Detecting stop. distance_d=995.7271. stop_type=1 speed=0.5
02-28 09:09:29.532 13511 13544 D NavigationTest: 10: (28.032394, -82.415588, 0.500000)	R:false  F:false
02-28 09:09:29.532 13511 13544 D NavServiceProvider: Second to last stop coordinates: 28.03244, -82.405462
02-28 09:09:29.533 13511 13544 D NavServiceProvider: Setting units automatically
02-28 09:09:29.534 13511 13544 D NavServiceProvider: Detecting stop. distance_d=995.53284. stop_type=1 speed=0.0
02-28 09:09:29.534 13511 13544 D NavigationTest: 11: (28.032390, -82.415586, 0.000000)	R:false  F:false
02-28 09:09:29.534 13511 13544 D NavigationTest: 12: (28.032390, -82.415586, 0.000000)	R:false  F:false
02-28 09:09:29.534 13511 13544 D NavServiceProvider: Second to last stop coordinates: 28.03244, -82.405462
02-28 09:09:29.535 13511 13544 D NavServiceProvider: Setting units automatically
02-28 09:09:29.536 13511 13544 D NavServiceProvider: Detecting stop. distance_d=995.4364. stop_type=1 speed=0.0
02-28 09:09:29.536 13511 13544 D NavigationTest: 13: (28.032387, -82.415585, 0.000000)	R:false  F:false
02-28 09:09:29.536 13511 13544 D NavigationTest: 14: (28.032387, -82.415585, 0.000000)	R:false  F:false
02-28 09:09:29.536 13511 13544 D NavServiceProvider: Second to last stop coordinates: 28.03244, -82.405462
02-28 09:09:29.536 13511 13544 D NavServiceProvider: Setting units automatically
02-28 09:09:29.538 13511 13544 D NavServiceProvider: Detecting stop. distance_d=995.4371. stop_type=1 speed=0.0
02-28 09:09:29.538 13511 13544 D NavigationTest: 15: (28.032386, -82.415585, 0.000000)	R:false  F:false
02-28 09:09:29.538 13511 13544 D NavServiceProvider: Second to last stop coordinates: 28.03244, -82.405462
02-28 09:09:29.538 13511 13544 D NavServiceProvider: Setting units automatically
02-28 09:09:29.540 13511 13544 D NavServiceProvider: Detecting stop. distance_d=995.0451. stop_type=1 speed=0.25
02-28 09:09:29.540 13511 13544 D NavigationTest: 16: (28.032384, -82.415581, 0.250000)	R:false  F:false
02-28 09:09:29.540 13511 13544 D NavigationTest: 17: (28.032384, -82.415581, 0.250000)	R:false  F:false
02-28 09:09:29.540 13511 13544 D NavServiceProvider: Second to last stop coordinates: 28.03244, -82.405462
02-28 09:09:29.540 13511 13544 D NavServiceProvider: Setting units automatically
02-28 09:09:29.541 13511 13544 D NavServiceProvider: Detecting stop. distance_d=994.2571. stop_type=1 speed=0.75
02-28 09:09:29.541 13511 13544 D NavigationTest: 18: (28.032386, -82.415573, 0.750000)	R:false  F:false
02-28 09:09:29.541 13511 13544 D NavigationTest: 19: (28.032386, -82.415573, 0.750000)	R:false  F:false
02-28 09:09:29.541 13511 13544 D NavServiceProvider: Second to last stop coordinates: 28.03244, -82.405462
02-28 09:09:29.542 13511 13544 D NavServiceProvider: Setting units automatically
02-28 09:09:29.543 13511 13544 D NavServiceProvider: Detecting stop. distance_d=991.5013. stop_type=1 speed=2.25
02-28 09:09:29.543 13511 13544 D NavigationTest: 20: (28.032390, -82.415545, 2.250000)	R:false  F:false
02-28 09:09:29.543 13511 13544 D NavServiceProvider: Second to last stop coordinates: 28.03244, -82.405462
02-28 09:09:29.544 13511 13544 D NavServiceProvider: Setting units automatically
02-28 09:09:29.545 13511 13544 D NavServiceProvider: Detecting stop. distance_d=988.2603. stop_type=1 speed=2.75
02-28 09:09:29.545 13511 13544 D NavigationTest: 21: (28.032384, -82.415512, 2.750000)	R:false  F:false
02-28 09:09:29.545 13511 13544 D NavigationTest: 22: (28.032384, -82.415512, 2.750000)	R:false  F:false
02-28 09:09:29.545 13511 13544 D NavServiceProvider: Second to last stop coordinates: 28.03244, -82.405462
02-28 09:09:29.546 13511 13544 D NavServiceProvider: Setting units automatically
02-28 09:09:29.548 13511 13544 D NavServiceProvider: Detecting stop. distance_d=984.9264. stop_type=1 speed=3.25
02-28 09:09:29.548 13511 13544 D NavigationTest: 23: (28.032372, -82.415478, 3.250000)	R:false  F:false
02-28 09:09:29.548 13511 13544 D NavigationTest: 24: (28.032372, -82.415478, 3.250000)	R:false  F:false
02-28 09:09:29.548 13511 13544 D NavServiceProvider: Second to last stop coordinates: 28.03244, -82.405462
02-28 09:09:29.548 13511 13544 D NavServiceProvider: Setting units automatically
02-28 09:09:29.550 13511 13544 D NavServiceProvider: Detecting stop. distance_d=981.6979. stop_type=1 speed=3.25
02-28 09:09:29.550 13511 13544 D NavigationTest: 25: (28.032355, -82.415445, 3.250000)	R:false  F:false
02-28 09:09:29.550 13511 13544 D NavigationTest: 26: (28.032355, -82.415445, 3.250000)	R:false  F:false
02-28 09:09:29.550 13511 13544 D NavServiceProvider: Second to last stop coordinates: 28.03244, -82.405462
02-28 09:09:29.551 13511 13544 D NavServiceProvider: Setting units automatically
02-28 09:09:29.552 13511 13544 D NavServiceProvider: Detecting stop. distance_d=978.96216. stop_type=1 speed=3.0
02-28 09:09:29.552 13511 13544 D NavigationTest: 27: (28.032340, -82.415417, 3.000000)	R:false  F:false
02-28 09:09:29.552 13511 13544 D NavServiceProvider: Second to last stop coordinates: 28.03244, -82.405462
02-28 09:09:29.553 13511 13544 D NavServiceProvider: Setting units automatically
02-28 09:09:29.554 13511 13544 D NavServiceProvider: Detecting stop. distance_d=976.3165. stop_type=1 speed=3.0
02-28 09:09:29.554 13511 13544 D NavigationTest: 28: (28.032333, -82.415390, 3.000000)	R:false  F:false
02-28 09:09:29.554 13511 13544 D NavigationTest: 29: (28.032333, -82.415390, 3.000000)	R:false  F:false
02-28 09:09:29.554 13511 13544 D NavServiceProvider: Second to last stop coordinates: 28.03244, -82.405462
02-28 09:09:29.555 13511 13544 D NavServiceProvider: Setting units automatically
02-28 09:09:29.556 13511 13544 D NavServiceProvider: Detecting stop. distance_d=973.9567. stop_type=1 speed=2.5
02-28 09:09:29.556 13511 13544 D NavigationTest: 30: (28.032333, -82.415366, 2.500000)	R:false  F:false
02-28 09:09:29.556 13511 13544 D NavigationTest: 31: (28.032333, -82.415366, 2.500000)	R:false  F:false
02-28 09:09:29.556 13511 13544 D NavServiceProvider: Second to last stop coordinates: 28.03244, -82.405462
02-28 09:09:29.556 13511 13544 D NavServiceProvider: Setting units automatically
02-28 09:09:29.558 13511 13544 D NavServiceProvider: Detecting stop. distance_d=971.57916. stop_type=1 speed=2.75
02-28 09:09:29.558 13511 13544 D NavigationTest: 32: (28.032347, -82.415342, 2.750000)	R:false  F:false
02-28 09:09:29.558 13511 13544 D NavServiceProvider: Second to last stop coordinates: 28.03244, -82.405462
02-28 09:09:29.558 13511 13544 D NavServiceProvider: Setting units automatically
02-28 09:09:29.560 13511 13544 D NavServiceProvider: Detecting stop. distance_d=969.882. stop_type=1 speed=3.0
02-28 09:09:29.560 13511 13544 D NavigationTest: 33: (28.032372, -82.415325, 3.000000)	R:false  F:false
02-28 09:09:29.560 13511 13544 D NavigationTest: 34: (28.032372, -82.415325, 3.000000)	R:false  F:false
02-28 09:09:29.560 13511 13544 D NavServiceProvider: Second to last stop coordinates: 28.03244, -82.405462
02-28 09:09:29.560 13511 13544 D NavServiceProvider: Setting units automatically
02-28 09:09:29.562 13511 13544 D NavServiceProvider: Detecting stop. distance_d=968.9758. stop_type=1 speed=3.25
02-28 09:09:29.562 13511 13544 D NavigationTest: 35: (28.032404, -82.415316, 3.250000)	R:false  F:false
02-28 09:09:29.562 13511 13544 D NavigationTest: 36: (28.032404, -82.415316, 3.250000)	R:false  F:false
02-28 09:09:29.562 13511 13544 D NavigationTest: 37: (28.032404, -82.415316, 3.250000)	R:false  F:false
02-28 09:09:29.562 13511 13544 D NavServiceProvider: Second to last stop coordinates: 28.03244, -82.405462
02-28 09:09:29.562 13511 13544 D NavServiceProvider: Setting units automatically
02-28 09:09:29.564 13511 13544 D NavServiceProvider: Detecting stop. distance_d=968.47614. stop_type=1 speed=3.0
02-28 09:09:29.564 13511 13544 D NavigationTest: 38: (28.032433, -82.415311, 3.000000)	R:false  F:false
02-28 09:09:29.564 13511 13544 D NavigationTest: 39: (28.032433, -82.415311, 3.000000)	R:false  F:false
02-28 09:09:29.564 13511 13544 D NavServiceProvider: Second to last stop coordinates: 28.03244, -82.405462
02-28 09:09:29.565 13511 13544 D NavServiceProvider: Setting units automatically
02-28 09:09:29.566 13511 13544 D NavServiceProvider: Detecting stop. distance_d=968.2813. stop_type=1 speed=2.75
02-28 09:09:29.567 13511 13544 D NavigationTest: 40: (28.032459, -82.415309, 2.750000)	R:false  F:false
02-28 09:09:29.567 13511 13544 D NavServiceProvider: Second to last stop coordinates: 28.03244, -82.405462
02-28 09:09:29.567 13511 13544 D NavServiceProvider: Setting units automatically
02-28 09:09:29.568 13511 13544 D NavServiceProvider: Detecting stop. distance_d=968.18884. stop_type=1 speed=2.5
02-28 09:09:29.568 13511 13544 D NavigationTest: 41: (28.032476, -82.415308, 2.500000)	R:false  F:false
02-28 09:09:29.568 13511 13544 D NavigationTest: 42: (28.032476, -82.415308, 2.500000)	R:false  F:false
02-28 09:09:29.568 13511 13544 D NavServiceProvider: Second to last stop coordinates: 28.03244, -82.405462
02-28 09:09:29.569 13579 13612 W EventProcessor: callback.start() returned error code: -1
02-28 09:09:29.569 13511 13544 D NavServiceProvider: Setting units automatically
02-28 09:09:29.571 13511 13544 D NavServiceProvider: Detecting stop. distance_d=968.9692. stop_type=1 speed=0.0
02-28 09:09:29.571 13511 13544 D NavigationTest: 43: (28.032457, -82.415316, 0.000000)	R:false  F:false
02-28 09:09:29.571 13511 13544 D NavigationTest: 44: (28.032457, -82.415316, 0.000000)	R:false  F:false
02-28 09:09:29.571 13511 13544 D NavServiceProvider: Second to last stop coordinates: 28.03244, -82.405462
02-28 09:09:29.572 13511 13544 D NavServiceProvider: Setting units automatically
02-28 09:09:29.573 13511 13544 D NavServiceProvider: Detecting stop. distance_d=969.5576. stop_type=1 speed=0.0
02-28 09:09:29.573 13511 13544 D NavigationTest: 45: (28.032446, -82.415322, 0.000000)	R:false  F:false
02-28 09:09:29.573 13511 13544 D NavServiceProvider: Second to last stop coordinates: 28.03244, -82.405462
02-28 09:09:29.574 13511 13544 D NavServiceProvider: Setting units automatically
02-28 09:09:29.575 13511 13544 D NavServiceProvider: Detecting stop. distance_d=969.7541. stop_type=1 speed=0.0
02-28 09:09:29.575 13511 13544 D NavigationTest: 46: (28.032441, -82.415324, 0.000000)	R:false  F:false
02-28 09:09:29.575 13511 13544 D NavigationTest: 47: (28.032441, -82.415324, 0.000000)	R:false  F:false
02-28 09:09:29.575 13511 13544 D NavServiceProvider: Second to last stop coordinates: 28.03244, -82.405462
02-28 09:09:29.576 13511 13544 D NavServiceProvider: Setting units automatically
02-28 09:09:29.577 13511 13544 D NavServiceProvider: Detecting stop. distance_d=969.7541. stop_type=1 speed=0.25
02-28 09:09:29.577 13511 13544 D NavigationTest: 48: (28.032441, -82.415324, 0.250000)	R:false  F:false
02-28 09:09:29.577 13511 13544 D NavigationTest: 49: (28.032441, -82.415324, 0.250000)	R:false  F:false
02-28 09:09:29.577 13511 13544 D NavServiceProvider: Second to last stop coordinates: 28.03244, -82.405462
02-28 09:09:29.577 13511 13544 D NavServiceProvider: Setting units automatically
02-28 09:09:29.579 13511 13544 D NavServiceProvider: Detecting stop. distance_d=969.5577. stop_type=1 speed=0.5
02-28 09:09:29.579 13511 13544 D NavigationTest: 50: (28.032447, -82.415322, 0.500000)	R:false  F:false
02-28 09:09:29.579 13511 13544 D NavServiceProvider: Second to last stop coordinates: 28.03244, -82.405462
02-28 09:09:29.580 13511 13544 D NavServiceProvider: Setting units automatically
02-28 09:09:29.582 13511 13544 D NavServiceProvider: Detecting stop. distance_d=968.7725. stop_type=1 speed=1.0
02-28 09:09:29.582 13511 13544 D NavigationTest: 51: (28.032457, -82.415314, 1.000000)	R:false  F:false
02-28 09:09:29.582 13511 13544 D NavigationTest: 52: (28.032457, -82.415314, 1.000000)	R:false  F:false
02-28 09:09:29.582 13511 13544 D NavServiceProvider: Second to last stop coordinates: 28.03244, -82.405462
02-28 09:09:29.582 13511 13544 D NavServiceProvider: Setting units automatically
02-28 09:09:29.583 13579 13612 I GoogleTTSServiceImpl: Synthesis request for locale eng-USA and name en-US-language
02-28 09:09:29.584 13579 13612 I GoogleTTSServiceImpl: TTS dispatch: en-us-x-iog-seanet-embedded
02-28 09:09:29.584 13511 13544 D NavServiceProvider: Detecting stop. distance_d=965.1415. stop_type=1 speed=3.75
02-28 09:09:29.584 13511 13544 D NavigationTest: 53: (28.032478, -82.415277, 3.750000)	R:false  F:false
02-28 09:09:29.584 13511 13544 D NavServiceProvider: Second to last stop coordinates: 28.03244, -82.405462
02-28 09:09:29.584 13511 13544 D NavServiceProvider: Setting units automatically
02-28 09:09:29.586 13511 13544 D NavServiceProvider: Detecting stop. distance_d=959.64294. stop_type=1 speed=5.25
02-28 09:09:29.586 13511 13544 D NavigationTest: 54: (28.032492, -82.415221, 5.250000)	R:false  F:false
02-28 09:09:29.586 13511 13544 D NavigationTest: 55: (28.032492, -82.415221, 5.250000)	R:false  F:false
02-28 09:09:29.586 13511 13544 D NavServiceProvider: Second to last stop coordinates: 28.03244, -82.405462
02-28 09:09:29.586 13511 13544 D NavServiceProvider: Setting units automatically
02-28 09:09:29.588 13511 13544 D NavServiceProvider: Detecting stop. distance_d=950.7952. stop_type=1 speed=7.0
02-28 09:09:29.588 13511 13544 D NavigationTest: 56: (28.032495, -82.415131, 7.000000)	R:false  F:false
02-28 09:09:29.588 13511 13544 D NavigationTest: 57: (28.032495, -82.415131, 7.000000)	R:false  F:false
02-28 09:09:29.588 13511 13544 D NavServiceProvider: Second to last stop coordinates: 28.03244, -82.405462
02-28 09:09:29.588 13511 13544 D NavServiceProvider: Setting units automatically
02-28 09:09:29.589 13511 13544 D NavServiceProvider: Detecting stop. distance_d=943.02783. stop_type=1 speed=7.75
02-28 09:09:29.589 13511 13544 D NavigationTest: 58: (28.032496, -82.415052, 7.750000)	R:false  F:false
02-28 09:09:29.589 13511 13544 D NavServiceProvider: Second to last stop coordinates: 28.03244, -82.405462
02-28 09:09:29.590 13511 13544 D NavServiceProvider: Setting units automatically
02-28 09:09:29.591 13511 13544 D NavServiceProvider: Detecting stop. distance_d=935.8483. stop_type=1 speed=8.25
02-28 09:09:29.591 13511 13544 D NavigationTest: 59: (28.032494, -82.414979, 8.250000)	R:false  F:false
02-28 09:09:29.591 13511 13544 D NavigationTest: 60: (28.032494, -82.414979, 8.250000)	R:false  F:false
02-28 09:09:29.591 13511 13544 D NavServiceProvider: Second to last stop coordinates: 28.03244, -82.405462
02-28 09:09:29.591 13511 13544 D NavServiceProvider: Setting units automatically
02-28 09:09:29.592 13511 13544 D NavServiceProvider: Detecting stop. distance_d=926.991. stop_type=1 speed=8.75
02-28 09:09:29.593 13511 13544 D NavigationTest: 61: (28.032482, -82.414889, 8.750000)	R:false  F:false
02-28 09:09:29.593 13511 13544 D NavServiceProvider: Second to last stop coordinates: 28.03244, -82.405462
02-28 09:09:29.593 13511 13544 D NavServiceProvider: Setting units automatically
02-28 09:09:29.595 13511 13544 D NavServiceProvider: Detecting stop. distance_d=918.33844. stop_type=1 speed=8.75
02-28 09:09:29.595 13511 13544 D NavigationTest: 62: (28.032483, -82.414801, 8.750000)	R:false  F:false
02-28 09:09:29.595 13511 13544 D NavigationTest: 63: (28.032483, -82.414801, 8.750000)	R:false  F:false
02-28 09:09:29.595 13511 13544 D NavServiceProvider: Second to last stop coordinates: 28.03244, -82.405462
02-28 09:09:29.595 13511 13544 D NavServiceProvider: Setting units automatically
02-28 09:09:29.597 13511 13544 D NavServiceProvider: Detecting stop. distance_d=909.48804. stop_type=1 speed=9.25
02-28 09:09:29.597 13511 13544 D NavigationTest: 64: (28.032482, -82.414711, 9.250000)	R:false  F:false
02-28 09:09:29.597 13511 13544 D NavigationTest: 65: (28.032482, -82.414711, 9.250000)	R:false  F:false
02-28 09:09:29.597 13511 13544 D NavServiceProvider: Second to last stop coordinates: 28.03244, -82.405462
02-28 09:09:29.598 13511 13544 D NavServiceProvider: Setting units automatically
02-28 09:09:29.599 13511 13544 D NavServiceProvider: Detecting stop. distance_d=899.0743. stop_type=1 speed=10.25
02-28 09:09:29.599 13511 13544 D NavigationTest: 66: (28.032496, -82.414605, 10.250000)	R:false  F:false
02-28 09:09:29.599 13511 13544 D NavigationTest: 67: (28.032496, -82.414605, 10.250000)	R:false  F:false
02-28 09:09:29.599 13511 13544 D NavServiceProvider: Second to last stop coordinates: 28.03244, -82.405462
02-28 09:09:29.599 13511 13544 D NavServiceProvider: Setting units automatically
02-28 09:09:29.601 13511 13544 D NavServiceProvider: Detecting stop. distance_d=888.26117. stop_type=1 speed=11.25
02-28 09:09:29.601 13511 13544 D NavigationTest: 68: (28.032500, -82.414495, 11.250000)	R:false  F:false
02-28 09:09:29.601 13511 13544 D NavigationTest: 69: (28.032500, -82.414495, 11.250000)	R:false  F:false
02-28 09:09:29.601 13511 13544 D NavServiceProvider: Second to last stop coordinates: 28.03244, -82.405462
02-28 09:09:29.601 13511 13544 D NavServiceProvider: Setting units automatically
02-28 09:09:29.602 13511 13544 D NavServiceProvider: Detecting stop. distance_d=877.4359. stop_type=1 speed=11.25
02-28 09:09:29.602 13511 13544 D NavigationTest: 70: (28.032488, -82.414385, 11.250000)	R:false  F:false
02-28 09:09:29.602 13511 13544 D NavigationTest: 71: (28.032488, -82.414385, 11.250000)	R:false  F:false
02-28 09:09:29.603 13511 13544 D NavigationTest: 72: (28.032488, -82.414385, 11.250000)	R:false  F:false
02-28 09:09:29.603 13511 13544 D NavServiceProvider: Second to last stop coordinates: 28.03244, -82.405462
02-28 09:09:29.603 13511 13544 D NavServiceProvider: Setting units automatically
02-28 09:09:29.605 13511 13544 D NavServiceProvider: Detecting stop. distance_d=866.7179. stop_type=1 speed=11.0
02-28 09:09:29.605 13511 13544 D NavigationTest: 73: (28.032488, -82.414276, 11.000000)	R:false  F:false
02-28 09:09:29.605 13511 13544 D NavigationTest: 74: (28.032488, -82.414276, 11.000000)	R:false  F:false
02-28 09:09:29.605 13511 13544 D NavServiceProvider: Second to last stop coordinates: 28.03244, -82.405462
02-28 09:09:29.606 13511 13544 D NavServiceProvider: Setting units automatically
02-28 09:09:29.607 13511 13544 D NavServiceProvider: Detecting stop. distance_d=856.396. stop_type=1 speed=10.75
02-28 09:09:29.607 13511 13544 D NavigationTest: 75: (28.032492, -82.414171, 10.750000)	R:false  F:false
02-28 09:09:29.607 13511 13544 D NavigationTest: 76: (28.032492, -82.414171, 10.750000)	R:false  F:false
02-28 09:09:29.607 13511 13544 D NavServiceProvider: Second to last stop coordinates: 28.03244, -82.405462
02-28 09:09:29.608 13511 13544 D NavServiceProvider: Setting units automatically
02-28 09:09:29.609 13511 13544 D NavServiceProvider: Detecting stop. distance_d=845.782. stop_type=1 speed=11.0
02-28 09:09:29.609 13511 13544 D NavigationTest: 77: (28.032499, -82.414063, 11.000000)	R:false  F:false
02-28 09:09:29.609 13511 13544 D NavigationTest: 78: (28.032499, -82.414063, 11.000000)	R:false  F:false
02-28 09:09:29.610 13511 13544 D NavServiceProvider: Second to last stop coordinates: 28.03244, -82.405462
02-28 09:09:29.610 13511 13544 D NavServiceProvider: Setting units automatically
02-28 09:09:29.611   871   871 D msm8974_platform: platform_split_snd_device: snd_device(2) num devices(1) new_snd_devices(0)
02-28 09:09:29.611   871   871 D ACDB-LOADER: ACDB -> send_audvoltable
02-28 09:09:29.611   871   871 D ACDB-LOADER: ACDB -> ACDB_CMD_GET_AUDPROC_VOL_STEP_TABLE_SIZE
02-28 09:09:29.611   871   871 D ACDB-LOADER: ACDB -> ACDB_CMD_GET_AUDPROC_GAIN_DEP_STEP_TABLE, vol index 0
02-28 09:09:29.611   871   871 D         : Failed to fetch the lookup information of the device 0000000F
02-28 09:09:29.611   871   871 E ACDB-LOADER: Error: ACDB AudProc vol returned = -19
02-28 09:09:29.611   871   871 D ACDB-LOADER: ACDB -> AUDIO_SET_VOL_CAL cal type = 40
02-28 09:09:29.611 13511 13544 D NavServiceProvider: Detecting stop. distance_d=835.15906. stop_type=1 speed=11.0
02-28 09:09:29.611 13511 13544 D NavigationTest: 79: (28.032495, -82.413955, 11.000000)	R:false  F:false
02-28 09:09:29.611 13511 13544 D NavServiceProvider: Second to last stop coordinates: 28.03244, -82.405462
02-28 09:09:29.612 13511 13544 D NavServiceProvider: Setting units automatically
02-28 09:09:29.613   871   871 D msm8974_platform: platform_split_snd_device: snd_device(2) num devices(1) new_snd_devices(0)
02-28 09:09:29.613 13511 13544 D NavServiceProvider: Detecting stop. distance_d=825.0319. stop_type=1 speed=10.5
02-28 09:09:29.613 13511 13544 D NavigationTest: 80: (28.032496, -82.413852, 10.500000)	R:false  F:false
02-28 09:09:29.613 13511 13544 D NavigationTest: 81: (28.032496, -82.413852, 10.500000)	R:false  F:false
02-28 09:09:29.613 13511 13544 D NavServiceProvider: Second to last stop coordinates: 28.03244, -82.405462
02-28 09:09:29.613 13511 13544 D NavServiceProvider: Setting units automatically
02-28 09:09:29.615 13511 13544 D NavServiceProvider: Detecting stop. distance_d=814.4132. stop_type=1 speed=10.25
02-28 09:09:29.615 13511 13544 D NavigationTest: 82: (28.032497, -82.413744, 10.250000)	R:false  F:false
02-28 09:09:29.615 13511 13544 D NavServiceProvider: Second to last stop coordinates: 28.03244, -82.405462
02-28 09:09:29.615 13511 13544 D NavServiceProvider: Setting units automatically
02-28 09:09:29.615   871   871 V EffectDiracSound: DiracSound_command() start, cmdCode=20
02-28 09:09:29.615   871   871 V EffectDiracSound: DiracSound_Command EFFECT_CMD_OFFLOAD
02-28 09:09:29.616   871   871 V EffectDiracSound: DiracSound_command() start, cmdCode=1
02-28 09:09:29.616   871   871 V EffectDiracSound: DiracSound_setConfig start
02-28 09:09:29.616   871   871 I EffectDiracSound: DiracSound_updateState(), enable=0, hifi=0, device=0x2, headset=5, samplingRate=48000
02-28 09:09:29.616   871   871 I EffectDiracSound: DiracSound_updateState(), mode=0, music=0, movie=0, reset=0
02-28 09:09:29.616   871   871 I EffectDiracSound: DiracSound_updateState(), Speaker Movie/Stereo Mode is not supported. Stop update state.
02-28 09:09:29.616 13511 13544 D NavServiceProvider: Detecting stop. distance_d=803.49445. stop_type=1 speed=10.25
02-28 09:09:29.616   871   871 W EffectHAL: Effect 0xe4b38cd0 command SET_CONFIG returned status: Invalid argument
02-28 09:09:29.616 13511 13544 D NavigationTest: 83: (28.032492, -82.413633, 10.250000)	R:false  F:false
02-28 09:09:29.616 13511 13544 D NavigationTest: 84: (28.032492, -82.413633, 10.250000)	R:false  F:false
02-28 09:09:29.616 13511 13544 D NavServiceProvider: Second to last stop coordinates: 28.03244, -82.405462
02-28 09:09:29.616   871   911 V EffectDiracSound: DiracSound_command() start, cmdCode=1
02-28 09:09:29.616   871   911 V EffectDiracSound: DiracSound_setConfig start
02-28 09:09:29.616   871   911 I EffectDiracSound: DiracSound_updateState(), enable=0, hifi=0, device=0x2, headset=5, samplingRate=48000
02-28 09:09:29.616   871   911 I EffectDiracSound: DiracSound_updateState(), mode=0, music=0, movie=0, reset=0
02-28 09:09:29.616   871   911 I EffectDiracSound: DiracSound_updateState(), Speaker Movie/Stereo Mode is not supported. Stop update state.
02-28 09:09:29.617   871   871 V EffectDiracSound: DiracSound_command() start, cmdCode=9
02-28 09:09:29.617   871   871 V EffectDiracSound: DiracSound_Command EFFECT_CMD_SET_DEVICE: 0x00000002
02-28 09:09:29.617   871  6793 V EffectDiracSound: DiracSound_command() start, cmdCode=11
02-28 09:09:29.617   871  6793 V EffectDiracSound: DiracSound_Command EFFECT_CMD_SET_AUDIO_MODE: 0
02-28 09:09:29.617 13511 13544 D NavServiceProvider: Setting units automatically
02-28 09:09:29.618 13511 13544 D NavServiceProvider: Detecting stop. distance_d=793.07074. stop_type=1 speed=10.25
02-28 09:09:29.618 13511 13544 D NavigationTest: 85: (28.032491, -82.413527, 10.250000)	R:false  F:false
02-28 09:09:29.618 13511 13544 D NavigationTest: 86: (28.032491, -82.413527, 10.250000)	R:false  F:false
02-28 09:09:29.618 13511 13544 D NavServiceProvider: Second to last stop coordinates: 28.03244, -82.405462
02-28 09:09:29.618 13511 13544 D NavServiceProvider: Setting units automatically
02-28 09:09:29.620 13511 13544 D NavServiceProvider: Detecting stop. distance_d=781.9732. stop_type=1 speed=10.5
02-28 09:09:29.620 13511 13544 D NavigationTest: 87: (28.032506, -82.413414, 10.500000)	R:false  F:false
02-28 09:09:29.620 13511 13544 D NavigationTest: 88: (28.032506, -82.413414, 10.500000)	R:false  F:false
02-28 09:09:29.620 13511 13544 D NavServiceProvider: Second to last stop coordinates: 28.03244, -82.405462
02-28 09:09:29.620 13511 13544 D NavServiceProvider: Setting units automatically
02-28 09:09:29.622 13511 13544 D NavServiceProvider: Detecting stop. distance_d=770.96045. stop_type=1 speed=10.75
02-28 09:09:29.622 13511 13544 D NavigationTest: 89: (28.032506, -82.413302, 10.750000)	R:false  F:false
02-28 09:09:29.622 13511 13544 D NavigationTest: 90: (28.032506, -82.413302, 10.750000)	R:false  F:false
02-28 09:09:29.622 13511 13544 D NavServiceProvider: Second to last stop coordinates: 28.03244, -82.405462
02-28 09:09:29.622 13511 13544 D NavServiceProvider: Setting units automatically
02-28 09:09:29.623 13511 13544 D NavServiceProvider: Detecting stop. distance_d=760.636. stop_type=1 speed=11.0
02-28 09:09:29.623 13511 13544 D NavigationTest: 91: (28.032506, -82.413197, 11.000000)	R:false  F:false
02-28 09:09:29.623 13511 13544 D NavigationTest: 92: (28.032506, -82.413197, 11.000000)	R:false  F:false
02-28 09:09:29.624 13511 13544 D NavServiceProvider: Second to last stop coordinates: 28.03244, -82.405462
02-28 09:09:29.624 13511 13544 D NavServiceProvider: Setting units automatically
02-28 09:09:29.625 13511 13544 D NavServiceProvider: Detecting stop. distance_d=749.32513. stop_type=1 speed=10.75
02-28 09:09:29.625 13511 13544 D NavigationTest: 93: (28.032503, -82.413082, 10.750000)	R:false  F:false
02-28 09:09:29.625 13511 13544 D NavigationTest: 94: (28.032503, -82.413082, 10.750000)	R:false  F:false
02-28 09:09:29.625 13511 13544 D NavServiceProvider: Second to last stop coordinates: 28.03244, -82.405462
02-28 09:09:29.625 13511 13544 D NavServiceProvider: Setting units automatically
02-28 09:09:29.626 13511 13544 D NavServiceProvider: Detecting stop. distance_d=737.8121. stop_type=1 speed=11.0
02-28 09:09:29.627 13511 13544 D NavigationTest: 95: (28.032494, -82.412965, 11.000000)	R:false  F:false
02-28 09:09:29.627 13511 13544 D NavServiceProvider: Second to last stop coordinates: 28.03244, -82.405462
02-28 09:09:29.627 13511 13544 D NavServiceProvider: Setting units automatically
02-28 09:09:29.628 13511 13544 D NavServiceProvider: Detecting stop. distance_d=726.1019. stop_type=1 speed=11.0
02-28 09:09:29.628 13511 13544 D NavigationTest: 96: (28.032483, -82.412846, 11.000000)	R:false  F:false
02-28 09:09:29.628 13511 13544 D NavigationTest: 97: (28.032483, -82.412846, 11.000000)	R:false  F:false
02-28 09:09:29.628 13511 13544 D NavServiceProvider: Second to last stop coordinates: 28.03244, -82.405462
02-28 09:09:29.628 13511 13544 D NavServiceProvider: Setting units automatically
02-28 09:09:29.630 13511 13544 D NavServiceProvider: Detecting stop. distance_d=714.0991. stop_type=1 speed=11.25
02-28 09:09:29.630 13511 13544 D NavigationTest: 98: (28.032473, -82.412724, 11.250000)	R:false  F:false
02-28 09:09:29.630 13511 13544 D NavServiceProvider: Second to last stop coordinates: 28.03244, -82.405462
02-28 09:09:29.631 13511 13544 D NavServiceProvider: Setting units automatically
02-28 09:09:29.632 13511 13544 D NavServiceProvider: Detecting stop. distance_d=702.1086. stop_type=1 speed=12.0
02-28 09:09:29.633 13511 13544 D NavigationTest: 99: (28.032482, -82.412602, 12.000000)	R:false  F:false
02-28 09:09:29.633 13511 13544 D NavigationTest: 100: (28.032482, -82.412602, 12.000000)	R:false  F:false
02-28 09:09:29.633 13511 13544 D NavServiceProvider: Second to last stop coordinates: 28.03244, -82.405462
02-28 09:09:29.633 13511 13544 D NavServiceProvider: Setting units automatically
02-28 09:09:29.634 13511 13544 D NavServiceProvider: Detecting stop. distance_d=690.7992. stop_type=1 speed=12.5
02-28 09:09:29.635 13511 13544 D NavigationTest: 101: (28.032480, -82.412487, 12.500000)	R:false  F:false
02-28 09:09:29.635 13511 13544 D NavigationTest: 102: (28.032480, -82.412487, 12.500000)	R:false  F:false
02-28 09:09:29.635 13511 13544 D NavServiceProvider: Second to last stop coordinates: 28.03244, -82.405462
02-28 09:09:29.635 13511 13544 D NavServiceProvider: Setting units automatically
02-28 09:09:29.636 13511 13544 D NavServiceProvider: Detecting stop. distance_d=678.30725. stop_type=1 speed=12.5
02-28 09:09:29.636 13511 13544 D NavigationTest: 103: (28.032474, -82.412360, 12.500000)	R:false  F:false
02-28 09:09:29.636 13511 13544 D NavigationTest: 104: (28.032474, -82.412360, 12.500000)	R:false  F:false
02-28 09:09:29.636 13511 13544 D NavServiceProvider: Second to last stop coordinates: 28.03244, -82.405462
02-28 09:09:29.637 13511 13544 D NavServiceProvider: Setting units automatically
02-28 09:09:29.638 13511 13544 D NavServiceProvider: Detecting stop. distance_d=666.21814. stop_type=1 speed=12.75
02-28 09:09:29.638 13511 13544 D NavigationTest: 105: (28.032482, -82.412237, 12.750000)	R:false  F:false
02-28 09:09:29.638 13511 13544 D NavigationTest: 106: (28.032482, -82.412237, 12.750000)	R:false  F:false
02-28 09:09:29.638 13511 13544 D NavServiceProvider: Second to last stop coordinates: 28.03244, -82.405462
02-28 09:09:29.638 13511 13544 D NavServiceProvider: Setting units automatically
02-28 09:09:29.639 13511 13544 D NavServiceProvider: Detecting stop. distance_d=652.8485. stop_type=1 speed=13.0
02-28 09:09:29.639 13511 13544 D NavigationTest: 107: (28.032486, -82.412101, 13.000000)	R:false  F:false
02-28 09:09:29.639 13511 13544 D NavigationTest: 108: (28.032486, -82.412101, 13.000000)	R:false  F:false
02-28 09:09:29.639 13511 13544 D NavServiceProvider: Second to last stop coordinates: 28.03244, -82.405462
02-28 09:09:29.640 13511 13544 D NavServiceProvider: Setting units automatically
02-28 09:09:29.641 13511 13544 D NavServiceProvider: Detecting stop. distance_d=639.3821. stop_type=1 speed=13.75
02-28 09:09:29.641 13511 13544 D NavigationTest: 109: (28.032491, -82.411964, 13.750000)	R:false  F:false
02-28 09:09:29.641 13511 13544 D NavigationTest: 110: (28.032491, -82.411964, 13.750000)	R:false  F:false
02-28 09:09:29.641 13511 13544 D NavigationTest: 111: (28.032491, -82.411964, 13.750000)	R:false  F:false
02-28 09:09:29.641 13511 13544 D NavServiceProvider: Second to last stop coordinates: 28.03244, -82.405462
02-28 09:09:29.641 13511 13544 D NavServiceProvider: Setting units automatically
02-28 09:09:29.642 13511 13544 D NavServiceProvider: Detecting stop. distance_d=623.8482. stop_type=1 speed=14.25
02-28 09:09:29.642 13511 13544 D NavigationTest: 112: (28.032493, -82.411806, 14.250000)	R:false  F:false
02-28 09:09:29.642 13511 13544 D NavServiceProvider: Second to last stop coordinates: 28.03244, -82.405462
02-28 09:09:29.643 13511 13544 D NavServiceProvider: Setting units automatically
02-28 09:09:29.644 13511 13544 D NavServiceProvider: Detecting stop. distance_d=609.2906. stop_type=1 speed=14.25
02-28 09:09:29.644 13511 13544 D NavigationTest: 113: (28.032488, -82.411658, 14.250000)	R:false  F:false
02-28 09:09:29.644 13511 13544 D NavigationTest: 114: (28.032488, -82.411658, 14.250000)	R:false  F:false
02-28 09:09:29.644 13511 13544 D NavServiceProvider: Second to last stop coordinates: 28.03244, -82.405462
02-28 09:09:29.644 13511 13544 D NavServiceProvider: Setting units automatically
02-28 09:09:29.645 13511 13544 D NavServiceProvider: Detecting stop. distance_d=594.6377. stop_type=1 speed=14.25
02-28 09:09:29.645 13511 13544 D NavigationTest: 115: (28.032486, -82.411509, 14.250000)	R:false  F:false
02-28 09:09:29.645 13511 13544 D NavServiceProvider: Second to last stop coordinates: 28.03244, -82.405462
02-28 09:09:29.646 13511 13544 D NavServiceProvider: Setting units automatically
02-28 09:09:29.648 13511 13544 D NavServiceProvider: Detecting stop. distance_d=580.2837. stop_type=1 speed=13.5
02-28 09:09:29.648 13511 13544 D NavigationTest: 116: (28.032488, -82.411363, 13.500000)	R:false  F:false
02-28 09:09:29.648 13511 13544 D NavigationTest: 117: (28.032488, -82.411363, 13.500000)	R:false  F:false
02-28 09:09:29.649 13511 13544 D NavServiceProvider: Second to last stop coordinates: 28.03244, -82.405462
02-28 09:09:29.649 13511 13544 D NavServiceProvider: Setting units automatically
02-28 09:09:29.650 13511 13544 D NavServiceProvider: Detecting stop. distance_d=567.6947. stop_type=1 speed=12.5
02-28 09:09:29.651 13511 13544 D NavigationTest: 118: (28.032485, -82.411235, 12.500000)	R:false  F:false
02-28 09:09:29.651 13511 13544 D NavigationTest: 119: (28.032485, -82.411235, 12.500000)	R:false  F:false
02-28 09:09:29.651 13511 13544 D NavServiceProvider: Second to last stop coordinates: 28.03244, -82.405462
02-28 09:09:29.651 13511 13544 D NavServiceProvider: Setting units automatically
02-28 09:09:29.652 13511 13544 D NavServiceProvider: Detecting stop. distance_d=556.7714. stop_type=1 speed=11.25
02-28 09:09:29.652 13511 13544 D NavigationTest: 120: (28.032475, -82.411124, 11.250000)	R:false  F:false
02-28 09:09:29.652 13511 13544 D NavServiceProvider: Second to last stop coordinates: 28.03244, -82.405462
02-28 09:09:29.653 13511 13544 D NavServiceProvider: Setting units automatically
02-28 09:09:29.654 13511 13544 D NavServiceProvider: Detecting stop. distance_d=546.5436. stop_type=1 speed=10.25
02-28 09:09:29.654 13511 13544 D NavigationTest: 121: (28.032473, -82.411020, 10.250000)	R:false  F:false
02-28 09:09:29.654 13511 13544 D NavigationTest: 122: (28.032473, -82.411020, 10.250000)	R:false  F:false
02-28 09:09:29.654 13511 13544 D NavServiceProvider: Second to last stop coordinates: 28.03244, -82.405462
02-28 09:09:29.654 13511 13544 D NavServiceProvider: Setting units automatically
02-28 09:09:29.655 13511 13544 D NavServiceProvider: Detecting stop. distance_d=537.7908. stop_type=1 speed=9.0
02-28 09:09:29.655 13511 13544 D NavigationTest: 123: (28.032471, -82.410931, 9.000000)	R:false  F:false
02-28 09:09:29.655 13511 13544 D NavServiceProvider: Second to last stop coordinates: 28.03244, -82.405462
02-28 09:09:29.656 13511 13544 D NavServiceProvider: Setting units automatically
02-28 09:09:29.657 13511 13544 D NavServiceProvider: Detecting stop. distance_d=530.31915. stop_type=1 speed=7.75
02-28 09:09:29.657 13511 13544 D NavigationTest: 124: (28.032473, -82.410855, 7.750000)	R:false  F:false
02-28 09:09:29.657 13511 13544 D NavigationTest: 125: (28.032473, -82.410855, 7.750000)	R:false  F:false
02-28 09:09:29.657 13511 13544 D NavServiceProvider: Second to last stop coordinates: 28.03244, -82.405462
02-28 09:09:29.657 13511 13544 D NavServiceProvider: Setting units automatically
02-28 09:09:29.658 13511 13544 D NavServiceProvider: Detecting stop. distance_d=523.63196. stop_type=1 speed=7.0
02-28 09:09:29.658 13511 13544 D NavigationTest: 126: (28.032472, -82.410787, 7.000000)	R:false  F:false
02-28 09:09:29.659 13511 13544 D NavigationTest: 127: (28.032472, -82.410787, 7.000000)	R:false  F:false
02-28 09:09:29.659 13511 13544 D NavServiceProvider: Second to last stop coordinates: 28.03244, -82.405462
02-28 09:09:29.659 13511 13544 D NavServiceProvider: Setting units automatically
02-28 09:09:29.660 13511 13544 D NavServiceProvider: Detecting stop. distance_d=519.59357. stop_type=1 speed=4.75
02-28 09:09:29.660 13511 13544 D NavigationTest: 128: (28.032461, -82.410746, 4.750000)	R:false  F:false
02-28 09:09:29.660 13511 13544 D NavigationTest: 129: (28.032461, -82.410746, 4.750000)	R:false  F:false
02-28 09:09:29.660 13511 13544 D NavServiceProvider: Second to last stop coordinates: 28.03244, -82.405462
02-28 09:09:29.660 13511 13544 D NavServiceProvider: Setting units automatically
02-28 09:09:29.662 13511 13544 D NavServiceProvider: Detecting stop. distance_d=515.6672. stop_type=1 speed=3.75
02-28 09:09:29.662 13511 13544 D NavigationTest: 130: (28.032472, -82.410706, 3.750000)	R:false  F:false
02-28 09:09:29.662 13511 13544 D NavServiceProvider: Second to last stop coordinates: 28.03244, -82.405462
02-28 09:09:29.662 13511 13544 D NavServiceProvider: Setting units automatically
02-28 09:09:29.663 13511 13544 D NavServiceProvider: Detecting stop. distance_d=512.33185. stop_type=1 speed=3.25
02-28 09:09:29.663 13511 13544 D NavigationTest: 131: (28.032481, -82.410672, 3.250000)	R:false  F:false
02-28 09:09:29.663 13511 13544 D NavigationTest: 132: (28.032481, -82.410672, 3.250000)	R:false  F:false
02-28 09:09:29.663 13511 13544 D NavServiceProvider: Second to last stop coordinates: 28.03244, -82.405462
02-28 09:09:29.664 13511 13544 D NavServiceProvider: Setting units automatically
02-28 09:09:29.665 13511 13544 D NavServiceProvider: Detecting stop. distance_d=511.0481. stop_type=1 speed=2.25
02-28 09:09:29.665 13511 13544 D NavigationTest: 133: (28.032475, -82.410659, 2.250000)	R:false  F:false
02-28 09:09:29.665 13511 13544 D NavServiceProvider: Second to last stop coordinates: 28.03244, -82.405462
02-28 09:09:29.665 13511 13544 D NavServiceProvider: Setting units automatically
02-28 09:09:29.666 13511 13544 D NavServiceProvider: Detecting stop. distance_d=508.59534. stop_type=1 speed=2.25
02-28 09:09:29.666 13511 13544 D NavigationTest: 134: (28.032481, -82.410634, 2.250000)	R:false  F:false
02-28 09:09:29.666 13511 13544 D NavigationTest: 135: (28.032481, -82.410634, 2.250000)	R:false  F:false
02-28 09:09:29.666 13511 13544 D NavServiceProvider: Second to last stop coordinates: 28.03244, -82.405462
02-28 09:09:29.667 13511 13544 D NavServiceProvider: Setting units automatically
02-28 09:09:29.668 13511 13544 D NavServiceProvider: Detecting stop. distance_d=506.243. stop_type=1 speed=2.5
02-28 09:09:29.668 13511 13544 D NavigationTest: 136: (28.032488, -82.410610, 2.500000)	R:false  F:false
02-28 09:09:29.668 13511 13544 D NavigationTest: 137: (28.032488, -82.410610, 2.500000)	R:false  F:false
02-28 09:09:29.668 13511 13544 D NavServiceProvider: Second to last stop coordinates: 28.03244, -82.405462
02-28 09:09:29.668 13511 13544 D NavServiceProvider: Setting units automatically
02-28 09:09:29.669 13511 13544 D NavServiceProvider: Detecting stop. distance_d=503.78723. stop_type=1 speed=3.25
02-28 09:09:29.669 13511 13544 D NavigationTest: 138: (28.032490, -82.410585, 3.250000)	R:false  F:false
02-28 09:09:29.669 13511 13544 D NavServiceProvider: Second to last stop coordinates: 28.03244, -82.405462
02-28 09:09:29.670 13511 13544 D NavServiceProvider: Setting units automatically
02-28 09:09:29.671 13511 13544 D NavServiceProvider: Detecting stop. distance_d=498.7751. stop_type=1 speed=4.25
02-28 09:09:29.671 13511 13544 D NavigationTest: 139: (28.032492, -82.410534, 4.250000)	R:false  F:false
02-28 09:09:29.671 13511 13544 D NavigationTest: 140: (28.032492, -82.410534, 4.250000)	R:false  F:false
02-28 09:09:29.671 13511 13544 D NavServiceProvider: Second to last stop coordinates: 28.03244, -82.405462
02-28 09:09:29.671 13511 13544 D NavServiceProvider: Setting units automatically
02-28 09:09:29.672 13511 13544 D NavServiceProvider: Detecting stop. distance_d=494.26172. stop_type=1 speed=5.25
02-28 09:09:29.672 13511 13544 D NavigationTest: 141: (28.032499, -82.410488, 5.250000)	R:false  F:false
02-28 09:09:29.673 13511 13544 D NavigationTest: 142: (28.032499, -82.410488, 5.250000)	R:false  F:false
02-28 09:09:29.673 13511 13544 D NavServiceProvider: Second to last stop coordinates: 28.03244, -82.405462
02-28 09:09:29.673 13511 13544 D NavServiceProvider: Setting units automatically
02-28 09:09:29.674 13511 13544 D NavServiceProvider: Detecting stop. distance_d=489.9355. stop_type=1 speed=4.5
02-28 09:09:29.674 13511 13544 D NavigationTest: 143: (28.032499, -82.410444, 4.500000)	R:false  F:false
02-28 09:09:29.674 13511 13544 D NavServiceProvider: Second to last stop coordinates: 28.03244, -82.405462
02-28 09:09:29.674 13511 13544 D NavServiceProvider: Setting units automatically
02-28 09:09:29.676 13511 13544 D NavServiceProvider: Detecting stop. distance_d=487.3776. stop_type=1 speed=2.5
02-28 09:09:29.676 13511 13544 D NavigationTest: 144: (28.032498, -82.410418, 2.500000)	R:false  F:false
02-28 09:09:29.676 13511 13544 D NavigationTest: 145: (28.032498, -82.410418, 2.500000)	R:false  F:false
02-28 09:09:29.676 13511 13544 D NavigationTest: 146: (28.032498, -82.410418, 2.500000)	R:false  F:false
02-28 09:09:29.676 13511 13544 D NavServiceProvider: Second to last stop coordinates: 28.03244, -82.405462
02-28 09:09:29.676 13511 13544 D NavServiceProvider: Setting units automatically
02-28 09:09:29.677 13511 13544 D NavServiceProvider: Detecting stop. distance_d=486.9968. stop_type=1 speed=0.5
02-28 09:09:29.677 13511 13544 D NavigationTest: 147: (28.032506, -82.410414, 0.500000)	R:false  F:false
02-28 09:09:29.677 13511 13544 D NavigationTest: 148: (28.032506, -82.410414, 0.500000)	R:false  F:false
02-28 09:09:29.677 13511 13544 D NavServiceProvider: Second to last stop coordinates: 28.03244, -82.405462
02-28 09:09:29.678 13511 13544 D NavServiceProvider: Setting units automatically
02-28 09:09:29.679 13511 13544 D NavServiceProvider: Detecting stop. distance_d=486.80878. stop_type=1 speed=0.0
02-28 09:09:29.679 13511 13544 D NavigationTest: 149: (28.032511, -82.410412, 0.000000)	R:false  F:false
02-28 09:09:29.679 13511 13544 D NavigationTest: 150: (28.032511, -82.410412, 0.000000)	R:false  F:false
02-28 09:09:29.679 13511 13544 D NavServiceProvider: Second to last stop coordinates: 28.03244, -82.405462
02-28 09:09:29.679 13511 13544 D NavServiceProvider: Setting units automatically
02-28 09:09:29.680 13511 13544 D NavServiceProvider: Detecting stop. distance_d=486.71228. stop_type=1 speed=0.0
02-28 09:09:29.680 13511 13544 D NavigationTest: 151: (28.032512, -82.410411, 0.000000)	R:false  F:false
02-28 09:09:29.680 13511 13544 D NavigationTest: 152: (28.032512, -82.410411, 0.000000)	R:false  F:false
02-28 09:09:29.680 13511 13544 D NavServiceProvider: Second to last stop coordinates: 28.03244, -82.405462
02-28 09:09:29.681 13511 13544 D NavServiceProvider: Setting units automatically
02-28 09:09:29.682 13511 13544 D NavServiceProvider: Detecting stop. distance_d=486.42288. stop_type=1 speed=0.0
02-28 09:09:29.682 13511 13544 D NavigationTest: 153: (28.032515, -82.410408, 0.000000)	R:false  F:false
02-28 09:09:29.682 13511 13544 D NavServiceProvider: Second to last stop coordinates: 28.03244, -82.405462
02-28 09:09:29.682 13511 13544 D NavServiceProvider: Setting units automatically
02-28 09:09:29.683 13511 13544 D NavServiceProvider: Detecting stop. distance_d=486.41913. stop_type=1 speed=0.0
02-28 09:09:29.683 13511 13544 D NavigationTest: 154: (28.032513, -82.410408, 0.000000)	R:false  F:false
02-28 09:09:29.683 13511 13544 D NavigationTest: 155: (28.032513, -82.410408, 0.000000)	R:false  F:false
02-28 09:09:29.683 13511 13544 D NavServiceProvider: Second to last stop coordinates: 28.03244, -82.405462
02-28 09:09:29.683 13511 13544 D NavServiceProvider: Setting units automatically
02-28 09:09:29.685 13511 13544 D NavServiceProvider: Detecting stop. distance_d=486.42288. stop_type=1 speed=0.0
02-28 09:09:29.685 13511 13544 D NavigationTest: 156: (28.032515, -82.410408, 0.000000)	R:false  F:false
02-28 09:09:29.685 13511 13544 D NavigationTest: 157: (28.032515, -82.410408, 0.000000)	R:false  F:false
02-28 09:09:29.685 13511 13544 D NavServiceProvider: Second to last stop coordinates: 28.03244, -82.405462
02-28 09:09:29.685 13511 13544 D NavServiceProvider: Setting units automatically
02-28 09:09:29.686 13511 13544 D NavServiceProvider: Detecting stop. distance_d=486.32645. stop_type=1 speed=0.0
02-28 09:09:29.686 13511 13544 D NavigationTest: 158: (28.032516, -82.410407, 0.000000)	R:false  F:false
02-28 09:09:29.686 13511 13544 D NavigationTest: 159: (28.032516, -82.410407, 0.000000)	R:false  F:false
02-28 09:09:29.686 13511 13544 D NavServiceProvider: Second to last stop coordinates: 28.03244, -82.405462
02-28 09:09:29.686 13511 13544 D NavServiceProvider: Setting units automatically
02-28 09:09:29.687 13511 13544 D NavServiceProvider: Detecting stop. distance_d=486.22815. stop_type=1 speed=0.0
02-28 09:09:29.688 13511 13544 D NavigationTest: 160: (28.032516, -82.410406, 0.000000)	R:false  F:false
02-28 09:09:29.688 13511 13544 D NavServiceProvider: Second to last stop coordinates: 28.03244, -82.405462
02-28 09:09:29.688 13511 13544 D NavServiceProvider: Setting units automatically
02-28 09:09:29.689 13511 13544 D NavServiceProvider: Detecting stop. distance_d=486.23007. stop_type=1 speed=0.0
02-28 09:09:29.690 13511 13544 D NavigationTest: 161: (28.032517, -82.410406, 0.000000)	R:false  F:false
02-28 09:09:29.690 13511 13544 D NavigationTest: 162: (28.032517, -82.410406, 0.000000)	R:false  F:false
02-28 09:09:29.690 13511 13544 D NavServiceProvider: Second to last stop coordinates: 28.03244, -82.405462
02-28 09:09:29.690 13511 13544 D NavServiceProvider: Setting units automatically
02-28 09:09:29.692 13511 13544 D NavServiceProvider: Detecting stop. distance_d=486.1337. stop_type=1 speed=0.0
02-28 09:09:29.692 13511 13544 D NavigationTest: 163: (28.032518, -82.410405, 0.000000)	R:false  F:false
02-28 09:09:29.692 13511 13544 D NavigationTest: 164: (28.032518, -82.410405, 0.000000)	R:false  F:false
02-28 09:09:29.692 13511 13544 D NavServiceProvider: Second to last stop coordinates: 28.03244, -82.405462
02-28 09:09:29.692 13511 13544 D NavServiceProvider: Setting units automatically
02-28 09:09:29.693 13511 13544 D NavServiceProvider: Detecting stop. distance_d=486.33035. stop_type=1 speed=0.0
02-28 09:09:29.693 13511 13544 D NavigationTest: 165: (28.032518, -82.410407, 0.000000)	R:false  F:false
02-28 09:09:29.693 13511 13544 D NavigationTest: 166: (28.032518, -82.410407, 0.000000)	R:false  F:false
02-28 09:09:29.693 13511 13544 D NavServiceProvider: Second to last stop coordinates: 28.03244, -82.405462
02-28 09:09:29.694 13511 13544 D NavServiceProvider: Setting units automatically
02-28 09:09:29.695 13511 13544 D NavServiceProvider: Detecting stop. distance_d=486.33035. stop_type=1 speed=0.0
02-28 09:09:29.695 13511 13544 D NavigationTest: 167: (28.032518, -82.410407, 0.000000)	R:false  F:false
02-28 09:09:29.695 13511 13544 D NavigationTest: 168: (28.032518, -82.410407, 0.000000)	R:false  F:false
02-28 09:09:29.695 13511 13544 D NavServiceProvider: Second to last stop coordinates: 28.03244, -82.405462
