02-28 09:09:54.184  2666  3413 D Avrcp_ext: Enter sendPlayPosNotificationRsp
02-28 09:09:54.184  2666  3413 D Avrcp_ext: sendPlayPosNotificationRsp: Not registered or requesting.
02-28 09:09:54.184  2666  3413 D Avrcp_ext: Enter sendPlayPosNotificationRsp
02-28 09:09:54.184  2666  3413 D Avrcp_ext: sendPlayPosNotificationRsp: Not registered or requesting.
02-28 09:09:54.184  2666  3413 D Avrcp_ext: Enter sendPlayPosNotificationRsp
02-28 09:09:54.184  2666  3413 D Avrcp_ext: sendPlayPosNotificationRsp: Not registered or requesting.
02-28 09:09:54.184  2666  3413 V Avrcp_ext: Exit updatePlayerStateAndPosition
02-28 09:09:54.184  2666  3413 D Avrcp_ext: AudioManager Player: ID:23 -- type:android.media.SoundPool -- u/pid:10126/2688 -- state:idle -- attr:AudioAttributes: usage=USAGE_ASSISTANCE_SONIFICATION content=CONTENT_TYPE_SONIFICATION flags=0x800 tags= bundle=null
02-28 09:09:54.184  2666  3413 D Avrcp_ext: AudioManager Player: ID:15 -- type:android.media.SoundPool -- u/pid:1000/1493 -- state:idle -- attr:AudioAttributes: usage=USAGE_ASSISTANCE_SONIFICATION content=CONTENT_TYPE_SONIFICATION flags=0x800 tags= bundle=null
02-28 09:09:54.184  2666  3413 D Avrcp_ext: AudioManager isPlaying: false
02-28 09:09:54.185 13511 13544 D NavServiceProvider: Detecting stop. distance_d=164.89555. stop_type=1 speed=5.75
02-28 09:09:54.185 13511 13544 D NavigationTest: 293: (28.026159, -82.538130, 5.750000)	R:true  F:false
02-28 09:09:54.185 13511 13544 D NavigationTest: 294: (28.026159, -82.538130, 5.750000)	R:true  F:false
02-28 09:09:54.185 13511 13544 D NavServiceProvider: Second to last stop coordinates: 28.024847, -82.537339
02-28 09:09:54.185 13511 13544 D NavServiceProvider: Setting units automatically
02-28 09:09:54.186 13511 13544 D NavServiceProvider: Detecting stop. distance_d=159.90224. stop_type=1 speed=5.0
02-28 09:09:54.186 13511 13544 D NavigationTest: 295: (28.026124, -82.538096, 5.000000)	R:true  F:false
02-28 09:09:54.186 13511 13544 D NavigationTest: 296: (28.026124, -82.538096, 5.000000)	R:true  F:false
02-28 09:09:54.186 13511 13544 D NavServiceProvider: Second to last stop coordinates: 28.024847, -82.537339
02-28 09:09:54.187 13511 13544 D NavServiceProvider: Setting units automatically
02-28 09:09:54.188 13511 13544 D NavServiceProvider: Detecting stop. distance_d=157.10359. stop_type=1 speed=3.25
02-28 09:09:54.188 13511 13544 D NavigationTest: 297: (28.026102, -82.538082, 3.250000)	R:true  F:false
02-28 09:09:54.188 13511 13544 D NavServiceProvider: Second to last stop coordinates: 28.024847, -82.537339
02-28 09:09:54.188 13511 13544 D NavServiceProvider: Setting units automatically
02-28 09:09:54.190 13511 13544 D NavServiceProvider: Detecting stop. distance_d=157.3494. stop_type=1 speed=1.5
02-28 09:09:54.190 13511 13544 D NavigationTest: 298: (28.026096, -82.538100, 1.500000)	R:true  F:false
02-28 09:09:54.190 13511 13544 D NavigationTest: 299: (28.026096, -82.538100, 1.500000)	R:true  F:false
02-28 09:09:54.190 13511 13544 D NavServiceProvider: Second to last stop coordinates: 28.024847, -82.537339
02-28 09:09:54.190 13511 13544 D NavServiceProvider: Setting units automatically
02-28 09:09:54.192 13511 13544 D NavServiceProvider: Detecting stop. distance_d=156.08081. stop_type=1 speed=1.0
02-28 09:09:54.192 13511 13544 D NavigationTest: 300: (28.026082, -82.538102, 1.000000)	R:true  F:false
02-28 09:09:54.192 13511 13544 D NavigationTest: 301: (28.026082, -82.538102, 1.000000)	R:true  F:false
02-28 09:09:54.192 13511 13544 D NavServiceProvider: Second to last stop coordinates: 28.024847, -82.537339
02-28 09:09:54.192 13511 13544 D NavServiceProvider: Setting units automatically
02-28 09:09:54.194 13511 13544 D NavServiceProvider: Detecting stop. distance_d=156.8153. stop_type=1 speed=0.5
02-28 09:09:54.194 13511 13544 D NavigationTest: 302: (28.026091, -82.538099, 0.500000)	R:true  F:false
02-28 09:09:54.194 13511 13544 D NavigationTest: 303: (28.026091, -82.538099, 0.500000)	R:true  F:false
02-28 09:09:54.194 13511 13544 D NavServiceProvider: Second to last stop coordinates: 28.024847, -82.537339
02-28 09:09:54.195 13511 13544 D NavServiceProvider: Setting units automatically
02-28 09:09:54.196 13511 13544 D NavServiceProvider: Detecting stop. distance_d=157.18922. stop_type=1 speed=0.5
02-28 09:09:54.197 13511 13544 D NavigationTest: 304: (28.026090, -82.538109, 0.500000)	R:true  F:false
02-28 09:09:54.197 13511 13544 D NavigationTest: 305: (28.026090, -82.538109, 0.500000)	R:true  F:false
02-28 09:09:54.197 13511 13544 D NavServiceProvider: Second to last stop coordinates: 28.024847, -82.537339
02-28 09:09:54.198 13511 13544 D NavServiceProvider: Setting units automatically
02-28 09:09:54.200 13511 13544 D NavServiceProvider: Detecting stop. distance_d=158.40627. stop_type=1 speed=0.75
02-28 09:09:54.200 13511 13544 D NavigationTest: 306: (28.026103, -82.538108, 0.750000)	R:true  F:false
02-28 09:09:54.200 13511 13544 D NavServiceProvider: Second to last stop coordinates: 28.024847, -82.537339
02-28 09:09:54.201 13511 13544 D NavServiceProvider: Setting units automatically
02-28 09:09:54.202 13511 13544 D NavServiceProvider: Detecting stop. distance_d=156.72575. stop_type=1 speed=0.25
02-28 09:09:54.202 13511 13544 D NavigationTest: 307: (28.026092, -82.538095, 0.250000)	R:true  F:false
02-28 09:09:54.202 13511 13544 D NavigationTest: 308: (28.026092, -82.538095, 0.250000)	R:true  F:false
02-28 09:09:54.202 13511 13544 D NavServiceProvider: Second to last stop coordinates: 28.024847, -82.537339
02-28 09:09:54.202 13511 13544 D NavServiceProvider: Setting units automatically
02-28 09:09:54.204 13511 13544 D NavServiceProvider: Detecting stop. distance_d=156.6197. stop_type=1 speed=0.5
02-28 09:09:54.204 13511 13544 D NavigationTest: 309: (28.026098, -82.538080, 0.500000)	R:true  F:false
02-28 09:09:54.204 13511 13544 D NavigationTest: 310: (28.026098, -82.538080, 0.500000)	R:true  F:false
02-28 09:09:54.204 13511 13544 D NavServiceProvider: Second to last stop coordinates: 28.024847, -82.537339
02-28 09:09:54.204 13511 13544 D NavServiceProvider: Setting units automatically
02-28 09:09:54.205 13511 13544 D NavServiceProvider: Detecting stop. distance_d=156.53032. stop_type=1 speed=0.5
02-28 09:09:54.205 13511 13544 D NavigationTest: 311: (28.026104, -82.538065, 0.500000)	R:true  F:false
02-28 09:09:54.205 13511 13544 D NavServiceProvider: Second to last stop coordinates: 28.024847, -82.537339
02-28 09:09:54.206 13511 13544 D NavServiceProvider: Setting units automatically
02-28 09:09:54.207 13511 13544 D NavServiceProvider: Detecting stop. distance_d=157.24055. stop_type=1 speed=0.75
02-28 09:09:54.207 13511 13544 D NavigationTest: 312: (28.026113, -82.538061, 0.750000)	R:true  F:false
02-28 09:09:54.207 13511 13544 D NavigationTest: 313: (28.026113, -82.538061, 0.750000)	R:true  F:false
02-28 09:09:54.207 13511 13544 D NavServiceProvider: Second to last stop coordinates: 28.024847, -82.537339
02-28 09:09:54.208 13511 13544 D NavServiceProvider: Setting units automatically
02-28 09:09:54.209 13511 13544 D NavServiceProvider: Detecting stop. distance_d=157.86816. stop_type=1 speed=0.75
02-28 09:09:54.209 13511 13544 D NavigationTest: 314: (28.026118, -82.538064, 0.750000)	R:true  F:false
02-28 09:09:54.209 13511 13544 D NavigationTest: 315: (28.026118, -82.538064, 0.750000)	R:true  F:false
02-28 09:09:54.209 13511 13544 D NavServiceProvider: Second to last stop coordinates: 28.024847, -82.537339
02-28 09:09:54.209 13511 13544 D NavServiceProvider: Setting units automatically
02-28 09:09:54.211 13511 13544 D NavServiceProvider: Detecting stop. distance_d=157.7408. stop_type=1 speed=0.0
02-28 09:09:54.211 13511 13544 D NavigationTest: 316: (28.026114, -82.538070, 0.000000)	R:true  F:false
02-28 09:09:54.211 13511 13544 D NavigationTest: 317: (28.026114, -82.538070, 0.000000)	R:true  F:false
02-28 09:09:54.211 13511 13544 D NavServiceProvider: Second to last stop coordinates: 28.024847, -82.537339
02-28 09:09:54.211 13511 13544 D NavServiceProvider: Setting units automatically
02-28 09:09:54.212 13511 13544 D NavServiceProvider: Detecting stop. distance_d=157.15797. stop_type=1 speed=0.0
02-28 09:09:54.213 13511 13544 D NavigationTest: 318: (28.026109, -82.538068, 0.000000)	R:true  F:false
02-28 09:09:54.213 13511 13544 D NavServiceProvider: Second to last stop coordinates: 28.024847, -82.537339
02-28 09:09:54.213 13511 13544 D NavServiceProvider: Setting units automatically
02-28 09:09:54.215 13511 13544 D NavServiceProvider: Detecting stop. distance_d=156.36089. stop_type=1 speed=0.0
02-28 09:09:54.215 13511 13544 D NavigationTest: 319: (28.026105, -82.538059, 0.000000)	R:true  F:false
02-28 09:09:54.215 13511 13544 D NavigationTest: 320: (28.026105, -82.538059, 0.000000)	R:true  F:false
02-28 09:09:54.215 13511 13544 D NavigationTest: 321: (28.026105, -82.538059, 0.000000)	R:true  F:false
02-28 09:09:54.215 13511 13544 D NavigationTest: 322: (28.026105, -82.538059, 0.000000)	R:true  F:false
02-28 09:09:54.215 13511 13544 D NavServiceProvider: Second to last stop coordinates: 28.024847, -82.537339
02-28 09:09:54.215 13511 13544 D NavServiceProvider: Setting units automatically
02-28 09:09:54.217 13511 13544 D NavServiceProvider: Detecting stop. distance_d=155.83208. stop_type=1 speed=0.0
02-28 09:09:54.217 13511 13544 D NavigationTest: 323: (28.026101, -82.538056, 0.000000)	R:true  F:false
02-28 09:09:54.217 13511 13544 D NavServiceProvider: Second to last stop coordinates: 28.024847, -82.537339
02-28 09:09:54.217 13511 13544 D NavServiceProvider: Setting units automatically
02-28 09:09:54.219 13511 13544 D NavServiceProvider: Detecting stop. distance_d=155.84207. stop_type=1 speed=0.0
02-28 09:09:54.219 13511 13544 D NavigationTest: 324: (28.026102, -82.538054, 0.000000)	R:true  F:false
02-28 09:09:54.219 13511 13544 D NavigationTest: 325: (28.026102, -82.538054, 0.000000)	R:true  F:false
02-28 09:09:54.219 13511 13544 D NavServiceProvider: Second to last stop coordinates: 28.024847, -82.537339
02-28 09:09:54.220 13511 13544 D NavServiceProvider: Setting units automatically
02-28 09:09:54.223 13511 13544 D NavServiceProvider: Detecting stop. distance_d=155.95139. stop_type=1 speed=0.0
02-28 09:09:54.223 13511 13544 D NavigationTest: 326: (28.026104, -82.538052, 0.000000)	R:true  F:false
02-28 09:09:54.223 13511 13544 D NavigationTest: 327: (28.026104, -82.538052, 0.000000)	R:true  F:false
02-28 09:09:54.224 13511 13544 D NavServiceProvider: Second to last stop coordinates: 28.024847, -82.537339
02-28 09:09:54.224 13511 13544 D NavServiceProvider: Setting units automatically
02-28 09:09:54.226 13511 13544 D NavServiceProvider: Detecting stop. distance_d=156.06117. stop_type=1 speed=0.0
02-28 09:09:54.226 13511 13544 D NavigationTest: 328: (28.026106, -82.538050, 0.000000)	R:true  F:false
02-28 09:09:54.226 13511 13544 D NavServiceProvider: Second to last stop coordinates: 28.024847, -82.537339
02-28 09:09:54.227 13511 13544 D NavServiceProvider: Setting units automatically
02-28 09:09:54.228 13511 13544 D NavServiceProvider: Detecting stop. distance_d=156.17145. stop_type=1 speed=0.0
02-28 09:09:54.228 13511 13544 D NavigationTest: 329: (28.026108, -82.538048, 0.000000)	R:true  F:false
02-28 09:09:54.228 13511 13544 D NavigationTest: 330: (28.026108, -82.538048, 0.000000)	R:true  F:false
02-28 09:09:54.228 13511 13544 D NavServiceProvider: Second to last stop coordinates: 28.024847, -82.537339
02-28 09:09:54.228 13511 13544 D NavServiceProvider: Setting units automatically
02-28 09:09:54.229 13511 13544 D NavServiceProvider: Detecting stop. distance_d=155.94072. stop_type=1 speed=0.0
02-28 09:09:54.229 13511 13544 D NavigationTest: 331: (28.026107, -82.538045, 0.000000)	R:true  F:false
02-28 09:09:54.230 13511 13544 D NavigationTest: 332: (28.026107, -82.538045, 0.000000)	R:true  F:false
02-28 09:09:54.230 13511 13544 D NavServiceProvider: Second to last stop coordinates: 28.024847, -82.537339
02-28 09:09:54.230 13511 13544 D NavServiceProvider: Setting units automatically
02-28 09:09:54.231 13511 13544 D NavServiceProvider: Detecting stop. distance_d=156.08374. stop_type=1 speed=0.0
02-28 09:09:54.231 13511 13544 D NavigationTest: 333: (28.026108, -82.538046, 0.000000)	R:true  F:false
02-28 09:09:54.231 13511 13544 D NavServiceProvider: Second to last stop coordinates: 28.024847, -82.537339
02-28 09:09:54.232 13511 13544 D NavServiceProvider: Setting units automatically
02-28 09:09:54.233 13511 13544 D NavServiceProvider: Detecting stop. distance_d=156.13922. stop_type=1 speed=0.0
02-28 09:09:54.233 13511 13544 D NavigationTest: 334: (28.026109, -82.538045, 0.000000)	R:true  F:false
02-28 09:09:54.233 13511 13544 D NavigationTest: 335: (28.026109, -82.538045, 0.000000)	R:true  F:false
02-28 09:09:54.233 13511 13544 D NavServiceProvider: Second to last stop coordinates: 28.024847, -82.537339
02-28 09:09:54.234 13511 13544 D NavServiceProvider: Setting units automatically
02-28 09:09:54.235 13511 13544 D NavServiceProvider: Detecting stop. distance_d=156.18297. stop_type=1 speed=0.0
02-28 09:09:54.235 13511 13544 D NavigationTest: 336: (28.026109, -82.538046, 0.000000)	R:true  F:false
02-28 09:09:54.235 13511 13544 D NavigationTest: 337: (28.026109, -82.538046, 0.000000)	R:true  F:false
02-28 09:09:54.235 13511 13544 D NavServiceProvider: Second to last stop coordinates: 28.024847, -82.537339
02-28 09:09:54.235 13511 13544 D NavServiceProvider: Setting units automatically
02-28 09:09:54.236 13511 13544 D NavServiceProvider: Detecting stop. distance_d=156.22678. stop_type=1 speed=0.0
02-28 09:09:54.236 13511 13544 D NavigationTest: 338: (28.026109, -82.538047, 0.000000)	R:true  F:false
02-28 09:09:54.237 13511 13544 D NavServiceProvider: Second to last stop coordinates: 28.024847, -82.537339
02-28 09:09:54.237 13511 13544 D NavServiceProvider: Setting units automatically
02-28 09:09:54.238 13511 13544 D NavServiceProvider: Detecting stop. distance_d=156.27061. stop_type=1 speed=0.0
02-28 09:09:54.239 13511 13544 D NavigationTest: 339: (28.026109, -82.538048, 0.000000)	R:true  F:false
02-28 09:09:54.239 13511 13544 D NavigationTest: 340: (28.026109, -82.538048, 0.000000)	R:true  F:false
02-28 09:09:54.239 13511 13544 D NavServiceProvider: Second to last stop coordinates: 28.024847, -82.537339
02-28 09:09:54.239 13511 13544 D NavServiceProvider: Setting units automatically
02-28 09:09:54.240 13511 13544 D NavServiceProvider: Detecting stop. distance_d=156.27061. stop_type=1 speed=0.0
02-28 09:09:54.240 13511 13544 D NavigationTest: 341: (28.026109, -82.538048, 0.000000)	R:true  F:false
02-28 09:09:54.240 13511 13544 D NavigationTest: 342: (28.026109, -82.538048, 0.000000)	R:true  F:false
02-28 09:09:54.240 13511 13544 D NavServiceProvider: Second to last stop coordinates: 28.024847, -82.537339
02-28 09:09:54.241 13511 13544 D NavServiceProvider: Setting units automatically
02-28 09:09:54.242 13511 13544 D NavServiceProvider: Detecting stop. distance_d=156.22678. stop_type=1 speed=0.0
02-28 09:09:54.242 13511 13544 D NavigationTest: 343: (28.026109, -82.538047, 0.000000)	R:true  F:false
02-28 09:09:54.242 13511 13544 D NavServiceProvider: Second to last stop coordinates: 28.024847, -82.537339
02-28 09:09:54.242 13511 13544 D NavServiceProvider: Setting units automatically
02-28 09:09:54.243 13511 13544 D NavServiceProvider: Detecting stop. distance_d=156.28221. stop_type=1 speed=0.0
02-28 09:09:54.243 13511 13544 D NavigationTest: 344: (28.026110, -82.538046, 0.000000)	R:true  F:false
02-28 09:09:54.243 13511 13544 D NavigationTest: 345: (28.026110, -82.538046, 0.000000)	R:true  F:false
02-28 09:09:54.243 13511 13544 D NavServiceProvider: Second to last stop coordinates: 28.024847, -82.537339
02-28 09:09:54.244 13511 13544 D NavServiceProvider: Setting units automatically
02-28 09:09:54.245 13511 13544 D NavServiceProvider: Detecting stop. distance_d=156.38147. stop_type=1 speed=0.0
02-28 09:09:54.245 13511 13544 D NavigationTest: 346: (28.026111, -82.538046, 0.000000)	R:true  F:false
02-28 09:09:54.245 13511 13544 D NavigationTest: 347: (28.026111, -82.538046, 0.000000)	R:true  F:false
02-28 09:09:54.245 13511 13544 D NavServiceProvider: Second to last stop coordinates: 28.024847, -82.537339
02-28 09:09:54.245 13511 13544 D NavServiceProvider: Setting units automatically
02-28 09:09:54.246 13511 13544 D NavServiceProvider: Detecting stop. distance_d=156.72299. stop_type=1 speed=0.0
02-28 09:09:54.246 13511 13544 D NavigationTest: 348: (28.026114, -82.538047, 0.000000)	R:true  F:false
02-28 09:09:54.246 13511 13544 D NavigationTest: 349: (28.026114, -82.538047, 0.000000)	R:true  F:false
02-28 09:09:54.246 13511 13544 D NavServiceProvider: Second to last stop coordinates: 28.024847, -82.537339
02-28 09:09:54.247 13511 13544 D NavServiceProvider: Setting units automatically
02-28 09:09:54.248 13511 13544 D NavServiceProvider: Detecting stop. distance_d=156.96526. stop_type=1 speed=0.0
02-28 09:09:54.248 13511 13544 D NavigationTest: 350: (28.026116, -82.538048, 0.000000)	R:true  F:false
02-28 09:09:54.248 13511 13544 D NavigationTest: 351: (28.026116, -82.538048, 0.000000)	R:true  F:false
02-28 09:09:54.248 13511 13544 D NavServiceProvider: Second to last stop coordinates: 28.024847, -82.537339
02-28 09:09:54.248 13511 13544 D NavServiceProvider: Setting units automatically
02-28 09:09:54.250 13511 13544 D NavServiceProvider: Detecting stop. distance_d=157.06454. stop_type=1 speed=0.0
02-28 09:09:54.250 13511 13544 D NavigationTest: 352: (28.026117, -82.538048, 0.000000)	R:true  F:false
02-28 09:09:54.250 13511 13544 D NavigationTest: 353: (28.026117, -82.538048, 0.000000)	R:true  F:false
02-28 09:09:54.250 13511 13544 D NavServiceProvider: Second to last stop coordinates: 28.024847, -82.537339
02-28 09:09:54.250 13511 13544 D NavServiceProvider: Setting units automatically
02-28 09:09:54.252 13511 13544 D NavServiceProvider: Detecting stop. distance_d=157.16385. stop_type=1 speed=0.0
02-28 09:09:54.252 13511 13544 D NavigationTest: 354: (28.026118, -82.538048, 0.000000)	R:true  F:false
02-28 09:09:54.252 13511 13544 D NavigationTest: 355: (28.026118, -82.538048, 0.000000)	R:true  F:false
02-28 09:09:54.252 13511 13544 D NavServiceProvider: Second to last stop coordinates: 28.024847, -82.537339
02-28 09:09:54.252 13511 13544 D NavServiceProvider: Setting units automatically
02-28 09:09:54.254 13511 13544 D NavServiceProvider: Detecting stop. distance_d=157.16385. stop_type=1 speed=0.0
02-28 09:09:54.254 13511 13544 D NavigationTest: 356: (28.026118, -82.538048, 0.000000)	R:true  F:false
02-28 09:09:54.254 13511 13544 D NavigationTest: 357: (28.026118, -82.538048, 0.000000)	R:true  F:false
02-28 09:09:54.254 13511 13544 D NavigationTest: 358: (28.026118, -82.538048, 0.000000)	R:true  F:false
02-28 09:09:54.254 13511 13544 D NavServiceProvider: Second to last stop coordinates: 28.024847, -82.537339
02-28 09:09:54.255 13511 13544 D NavServiceProvider: Setting units automatically
02-28 09:09:54.256 13511 13544 D NavServiceProvider: Detecting stop. distance_d=157.16385. stop_type=1 speed=0.0
02-28 09:09:54.256 13511 13544 D NavigationTest: 359: (28.026118, -82.538048, 0.000000)	R:true  F:false
02-28 09:09:54.256 13511 13544 D NavigationTest: 360: (28.026118, -82.538048, 0.000000)	R:true  F:false
02-28 09:09:54.256 13511 13544 D NavServiceProvider: Second to last stop coordinates: 28.024847, -82.537339
02-28 09:09:54.256 13511 13544 D NavServiceProvider: Setting units automatically
02-28 09:09:54.258 13511 13544 D NavServiceProvider: Detecting stop. distance_d=157.26318. stop_type=1 speed=0.0
02-28 09:09:54.258 13511 13544 D NavigationTest: 361: (28.026119, -82.538048, 0.000000)	R:true  F:false
02-28 09:09:54.258 13511 13544 D NavServiceProvider: Second to last stop coordinates: 28.024847, -82.537339
02-28 09:09:54.258 13511 13544 D NavServiceProvider: Setting units automatically
02-28 09:09:54.259 13511 13544 D NavServiceProvider: Detecting stop. distance_d=157.26318. stop_type=1 speed=0.0
02-28 09:09:54.259 13511 13544 D NavigationTest: 362: (28.026119, -82.538048, 0.000000)	R:true  F:false
02-28 09:09:54.259 13511 13544 D NavigationTest: 363: (28.026119, -82.538048, 0.000000)	R:true  F:false
02-28 09:09:54.259 13511 13544 D NavServiceProvider: Second to last stop coordinates: 28.024847, -82.537339
02-28 09:09:54.260 13511 13544 D NavServiceProvider: Setting units automatically
02-28 09:09:54.261 13511 13544 D NavServiceProvider: Detecting stop. distance_d=157.36252. stop_type=1 speed=0.0
02-28 09:09:54.262 13511 13544 D NavigationTest: 364: (28.026120, -82.538048, 0.000000)	R:true  F:false
02-28 09:09:54.262 13511 13544 D NavServiceProvider: Second to last stop coordinates: 28.024847, -82.537339
02-28 09:09:54.262 13511 13544 D NavServiceProvider: Setting units automatically
02-28 09:09:54.264 13511 13544 D NavServiceProvider: Detecting stop. distance_d=157.46188. stop_type=1 speed=0.0
02-28 09:09:54.264 13511 13544 D NavigationTest: 365: (28.026121, -82.538048, 0.000000)	R:true  F:false
02-28 09:09:54.264 13511 13544 D NavigationTest: 366: (28.026121, -82.538048, 0.000000)	R:true  F:false
02-28 09:09:54.264 13511 13544 D NavServiceProvider: Second to last stop coordinates: 28.024847, -82.537339
02-28 09:09:54.264 13511 13544 D NavServiceProvider: Setting units automatically
02-28 09:09:54.266 13511 13544 D NavServiceProvider: Detecting stop. distance_d=157.46188. stop_type=1 speed=0.0
02-28 09:09:54.267 13511 13544 D NavigationTest: 367: (28.026121, -82.538048, 0.000000)	R:true  F:false
02-28 09:09:54.267 13511 13544 D NavServiceProvider: Second to last stop coordinates: 28.024847, -82.537339
02-28 09:09:54.267 13511 13544 D NavServiceProvider: Setting units automatically
02-28 09:09:54.268   871   911 D audio_hw_primary: adev_get_parameters:vr_audio_mode_on
02-28 09:09:54.268   871   911 I audio_hw_primary: getting vr mode to 0
02-28 09:09:54.268   871   911 D audio_hw_primary: adev_get_parameters: exit: returns - vr_audio_mode_on=false
02-28 09:09:54.268   959  7905 I hash_map_utils: key: 'vr_audio_mode_on' value: ''
02-28 09:09:54.269   959  7905 I AudioPolicyManagerCustom: VR mode is 0, switch to primary output if request is for fast|raw
02-28 09:09:54.269   959  7905 I AudioPolicyManagerCustom: setting force DEEP buffer now
02-28 09:09:54.269 13511 13544 D NavServiceProvider: Detecting stop. distance_d=157.46188. stop_type=1 speed=0.0
02-28 09:09:54.269 13511 13544 D NavigationTest: 368: (28.026121, -82.538048, 0.000000)	R:true  F:false
02-28 09:09:54.269 13511 13544 D NavigationTest: 369: (28.026121, -82.538048, 0.000000)	R:true  F:false
02-28 09:09:54.269 13511 13544 D NavServiceProvider: Second to last stop coordinates: 28.024847, -82.537339
02-28 09:09:54.269   959  7905 D AudioFlinger: Client defaulted notificationFrames to 2048 for frameCount 4096
02-28 09:09:54.269 13511 13544 D NavServiceProvider: Setting units automatically
02-28 09:09:54.270   959  7905 D AF::TrackHandle: OpPlayAudio: track:226 usage:1 not muted
02-28 09:09:54.271 13511 13544 D NavServiceProvider: Detecting stop. distance_d=157.56125. stop_type=1 speed=0.0
02-28 09:09:54.271 13511 13544 D NavigationTest: 370: (28.026122, -82.538048, 0.000000)	R:true  F:false
02-28 09:09:54.271 13511 13544 D NavServiceProvider: Second to last stop coordinates: 28.024847, -82.537339
02-28 09:09:54.271 13511 13544 D NavServiceProvider: Setting units automatically
02-28 09:09:54.272 13511 13544 D NavServiceProvider: Detecting stop. distance_d=157.56125. stop_type=1 speed=0.0
02-28 09:09:54.273 13511 13544 D NavigationTest: 371: (28.026122, -82.538048, 0.000000)	R:true  F:false
02-28 09:09:54.273 13511 13544 D NavigationTest: 372: (28.026122, -82.538048, 0.000000)	R:true  F:false
02-28 09:09:54.273 13511 13544 D NavServiceProvider: Second to last stop coordinates: 28.024847, -82.537339
02-28 09:09:54.273 13511 13544 D NavServiceProvider: Setting units automatically
02-28 09:09:54.275 13511 13544 D NavServiceProvider: Detecting stop. distance_d=157.56125. stop_type=1 speed=0.0
02-28 09:09:54.275 13511 13544 D NavigationTest: 373: (28.026122, -82.538048, 0.000000)	R:true  F:false
02-28 09:09:54.275 13511 13544 D NavServiceProvider: Second to last stop coordinates: 28.024847, -82.537339
02-28 09:09:54.275 13511 13544 D NavServiceProvider: Setting units automatically
02-28 09:09:54.276  2666  3413 D Avrcp_ext: AudioManager Player: ID:23 -- type:android.media.SoundPool -- u/pid:10126/2688 -- state:idle -- attr:AudioAttributes: usage=USAGE_ASSISTANCE_SONIFICATION content=CONTENT_TYPE_SONIFICATION flags=0x800 tags= bundle=null
02-28 09:09:54.276  2666  3413 D Avrcp_ext: AudioManager Player: ID:1399 -- type:android.media.AudioTrack -- u/pid:10088/13579 -- state:started -- attr:AudioAttributes: usage=USAGE_MEDIA content=CONTENT_TYPE_SPEECH flags=0x800 tags= bundle=null
02-28 09:09:54.276  2666  3413 D Avrcp_ext: AudioManager isPlaying: true
02-28 09:09:54.276  2666  3413 V Avrcp_ext: updateCurrentMediaState: mMediaController: null
02-28 09:09:54.276  2666  3413 V Avrcp_ext: isMusicActive: true getBluetoothPlayState: 2
02-28 09:09:54.276  2666  3413 V Avrcp_ext: updateCurrentMediaState: isPlaying = false
02-28 09:09:54.276  2666  3413 V Avrcp_ext: Media update: id -1➡-1? [MediaAttributes: none] : [MediaAttributes: none]
02-28 09:09:54.276  2666  3413 V Avrcp_ext: newPlayStatus:2mReportedPlayStatus:-1
02-28 09:09:54.276  2666  3413 V Avrcp_ext: updatePlaybackState, state: PlaybackState {state=2, position=-1, buffered position=0, speed=0.0, updated=1797607, actions=0, custom actions=[], active item id=-1, error=null} device: null
02-28 09:09:54.276  2666  3413 V Avrcp_ext: Device: no name:
02-28 09:09:54.276  2666  3413 I chatty  : uid=1002(bluetooth) BluetoothAvrcpH identical 3 lines
02-28 09:09:54.276  2666  3413 V Avrcp_ext: Device: no name:
02-28 09:09:54.276  2666  3413 V Avrcp_ext: updatePlayerStateAndPosition, old=PlaybackState {state=2, position=-1, buffered position=0, speed=0.0, updated=1797509, actions=0, custom actions=[], active item id=-1, error=null}, state=PlaybackState {state=2, position=-1, buffered position=0, speed=0.0, updated=1797607, actions=0, custom actions=[], active item id=-1, error=null}
02-28 09:09:54.277  2666  3413 V Avrcp_ext: old state = PlaybackState {state=2, position=-1, buffered position=0, speed=0.0, updated=1797509, actions=0, custom actions=[], active item id=-1, error=null}, new state= PlaybackState {state=2, position=-1, buffered position=0, speed=0.0, updated=1797607, actions=0, custom actions=[], active item id=-1, error=null}
02-28 09:09:54.277 13511 13544 D NavServiceProvider: Detecting stop. distance_d=157.56125. stop_type=1 speed=0.0
02-28 09:09:54.277  2666  3413 D HeadsetService: getHeadsetService(): returning com.android.bluetooth.hfp.HeadsetService@8a04d28
02-28 09:09:54.277 13511 13544 D NavigationTest: 374: (28.026122, -82.538048, 0.000000)	R:true  F:false
02-28 09:09:54.277 13511 13544 D NavigationTest: 375: (28.026122, -82.538048, 0.000000)	R:true  F:false
02-28 09:09:54.277 13511 13544 D NavServiceProvider: Second to last stop coordinates: 28.024847, -82.537339
02-28 09:09:54.277  2666  3413 D HeadsetService:  isAudioOn: The number of audio connected devices 0
02-28 09:09:54.277  2666  3413 D HeadsetService: isScoOrCallActive(): Call Active:falseCall is Ringing:falseSCO is Active:false
02-28 09:09:54.277  2666  3413 D HeadsetService:  isAudioOn: The number of audio connected devices 0
02-28 09:09:54.277  2666  3413 I Avrcp_ext: updatePlayStatusForDevice: device: null
02-28 09:09:54.277  2666  3413 V Avrcp_ext: updatePlaybackState (1): old=PlaybackState {state=2, position=-1, buffered position=0, speed=0.0, updated=1797509, actions=0, custom actions=[], active item id=-1, error=null}(2), new=PlaybackState {state=2, position=-1, buffered position=0, speed=0.0, updated=1797607, actions=0, custom actions=[], active item id=-1, error=null}(2)
02-28 09:09:54.277  2666  3413 I Avrcp_ext: Exit updatePlayStatusForDevice
02-28 09:09:54.277 13511 13544 D NavServiceProvider: Setting units automatically
02-28 09:09:54.278  2666  3413 D HeadsetService:  isAudioOn: The number of audio connected devices 0
02-28 09:09:54.278  2666  3413 D HeadsetService: isScoOrCallActive(): Call Active:falseCall is Ringing:falseSCO is Active:false
02-28 09:09:54.278  2666  3413 D HeadsetService:  isAudioOn: The number of audio connected devices 0
02-28 09:09:54.278  2666  3413 I Avrcp_ext: updatePlayStatusForDevice: device: null
02-28 09:09:54.278  2666  3413 V Avrcp_ext: updatePlaybackState (1): old=PlaybackState {state=2, position=-1, buffered position=0, speed=0.0, updated=1797509, actions=0, custom actions=[], active item id=-1, error=null}(2), new=PlaybackState {state=2, position=-1, buffered position=0, speed=0.0, updated=1797607, actions=0, custom actions=[], active item id=-1, error=null}(2)
02-28 09:09:54.278  2666  3413 I Avrcp_ext: Exit updatePlayStatusForDevice
02-28 09:09:54.278  2666  3413 D HeadsetService:  isAudioOn: The number of audio connected devices 0
02-28 09:09:54.278  2666  3413 D HeadsetService: isScoOrCallActive(): Call Active:falseCall is Ringing:falseSCO is Active:false
02-28 09:09:54.278  2666  3413 D HeadsetService:  isAudioOn: The number of audio connected devices 0
02-28 09:09:54.279  2666  3413 I Avrcp_ext: updatePlayStatusForDevice: device: null
02-28 09:09:54.279  2666  3413 V Avrcp_ext: updatePlaybackState (1): old=PlaybackState {state=2, position=-1, buffered position=0, speed=0.0, updated=1797509, actions=0, custom actions=[], active item id=-1, error=null}(2), new=PlaybackState {state=2, position=-1, buffered position=0, speed=0.0, updated=1797607, actions=0, custom actions=[], active item id=-1, error=null}(2)
02-28 09:09:54.279  2666  3413 I Avrcp_ext: Exit updatePlayStatusForDevice
02-28 09:09:54.279  2666  3413 D HeadsetService:  isAudioOn: The number of audio connected devices 0
02-28 09:09:54.279  2666  3413 D HeadsetService: isScoOrCallActive(): Call Active:falseCall is Ringing:falseSCO is Active:false
02-28 09:09:54.279 13511 13544 D NavServiceProvider: Detecting stop. distance_d=157.56125. stop_type=1 speed=0.0
02-28 09:09:54.279 13511 13544 D NavigationTest: 376: (28.026122, -82.538048, 0.000000)	R:true  F:false
02-28 09:09:54.279  2666  3413 D HeadsetService:  isAudioOn: The number of audio connected devices 0
02-28 09:09:54.279 13511 13544 D NavServiceProvider: Second to last stop coordinates: 28.024847, -82.537339
02-28 09:09:54.279  2666  3413 I Avrcp_ext: updatePlayStatusForDevice: device: null
02-28 09:09:54.279  2666  3413 V Avrcp_ext: updatePlaybackState (1): old=PlaybackState {state=2, position=-1, buffered position=0, speed=0.0, updated=1797509, actions=0, custom actions=[], active item id=-1, error=null}(2), new=PlaybackState {state=2, position=-1, buffered position=0, speed=0.0, updated=1797607, actions=0, custom actions=[], active item id=-1, error=null}(2)
02-28 09:09:54.279  2666  3413 I Avrcp_ext: Exit updatePlayStatusForDevice
02-28 09:09:54.279  2666  3413 D HeadsetService:  isAudioOn: The number of audio connected devices 0
02-28 09:09:54.279  2666  3413 D HeadsetService: isScoOrCallActive(): Call Active:falseCall is Ringing:falseSCO is Active:false
02-28 09:09:54.279 13511 13544 D NavServiceProvider: Setting units automatically
02-28 09:09:54.280  2666  3413 D HeadsetService:  isAudioOn: The number of audio connected devices 0
02-28 09:09:54.280  2666  3413 I Avrcp_ext: updatePlayStatusForDevice: device: null
02-28 09:09:54.280  2666  3413 V Avrcp_ext: updatePlaybackState (1): old=PlaybackState {state=2, position=-1, buffered position=0, speed=0.0, updated=1797509, actions=0, custom actions=[], active item id=-1, error=null}(2), new=PlaybackState {state=2, position=-1, buffered position=0, speed=0.0, updated=1797607, actions=0, custom actions=[], active item id=-1, error=null}(2)
02-28 09:09:54.280  2666  3413 I Avrcp_ext: Exit updatePlayStatusForDevice
02-28 09:09:54.280  2666  3413 D Avrcp_ext: Enter sendPlayPosNotificationRsp
02-28 09:09:54.280  2666  3413 D Avrcp_ext: sendPlayPosNotificationRsp: Not registered or requesting.
02-28 09:09:54.280  2666  3413 D Avrcp_ext: Enter sendPlayPosNotificationRsp
02-28 09:09:54.280  2666  3413 D Avrcp_ext: sendPlayPosNotificationRsp: Not registered or requesting.
02-28 09:09:54.280  2666  3413 D Avrcp_ext: Enter sendPlayPosNotificationRsp
02-28 09:09:54.280  2666  3413 D Avrcp_ext: sendPlayPosNotificationRsp: Not registered or requesting.
02-28 09:09:54.280  2666  3413 D Avrcp_ext: Enter sendPlayPosNotificationRsp
02-28 09:09:54.280  2666  3413 D Avrcp_ext: sendPlayPosNotificationRsp: Not registered or requesting.
02-28 09:09:54.280  2666  3413 D Avrcp_ext: Enter sendPlayPosNotificationRsp
02-28 09:09:54.280  2666  3413 D Avrcp_ext: sendPlayPosNotificationRsp: Not registered or requesting.
02-28 09:09:54.280  2666  3413 V Avrcp_ext: Exit updatePlayerStateAndPosition
02-28 09:09:54.281 13511 13544 D NavServiceProvider: Detecting stop. distance_d=157.56125. stop_type=1 speed=0.0
02-28 09:09:54.281 13511 13544 D NavigationTest: 377: (28.026122, -82.538048, 0.000000)	R:true  F:false
02-28 09:09:54.281 13511 13544 D NavigationTest: 378: (28.026122, -82.538048, 0.000000)	R:true  F:false
02-28 09:09:54.281 13511 13544 D NavServiceProvider: Second to last stop coordinates: 28.024847, -82.537339
02-28 09:09:54.281 13511 13544 D NavServiceProvider: Setting units automatically
02-28 09:09:54.282 13511 13544 D NavServiceProvider: Detecting stop. distance_d=157.56125. stop_type=1 speed=0.0
02-28 09:09:54.282 13511 13544 D NavigationTest: 379: (28.026122, -82.538048, 0.000000)	R:true  F:false
02-28 09:09:54.282 13511 13544 D NavServiceProvider: Second to last stop coordinates: 28.024847, -82.537339
02-28 09:09:54.283 13511 13544 D NavServiceProvider: Setting units automatically
02-28 09:09:54.284 13511 13544 D NavServiceProvider: Detecting stop. distance_d=157.56125. stop_type=1 speed=0.0
02-28 09:09:54.284 13511 13544 D NavigationTest: 380: (28.026122, -82.538048, 0.000000)	R:true  F:false
02-28 09:09:54.284 13511 13544 D NavigationTest: 381: (28.026122, -82.538048, 0.000000)	R:true  F:false
02-28 09:09:54.284 13511 13544 D NavServiceProvider: Second to last stop coordinates: 28.024847, -82.537339
02-28 09:09:54.284 13511 13544 D NavServiceProvider: Setting units automatically
02-28 09:09:54.285 13511 13544 D NavServiceProvider: Detecting stop. distance_d=157.56125. stop_type=1 speed=0.0
02-28 09:09:54.285 13511 13544 D NavigationTest: 382: (28.026122, -82.538048, 0.000000)	R:true  F:false
02-28 09:09:54.285 13511 13544 D NavServiceProvider: Second to last stop coordinates: 28.024847, -82.537339
02-28 09:09:54.286 13511 13544 D NavServiceProvider: Setting units automatically
02-28 09:09:54.287 13511 13544 D NavServiceProvider: Detecting stop. distance_d=157.56125. stop_type=1 speed=0.0
02-28 09:09:54.287 13511 13544 D NavigationTest: 383: (28.026122, -82.538048, 0.000000)	R:true  F:false
02-28 09:09:54.287 13511 13544 D NavigationTest: 384: (28.026122, -82.538048, 0.000000)	R:true  F:false
02-28 09:09:54.287 13511 13544 D NavServiceProvider: Second to last stop coordinates: 28.024847, -82.537339
02-28 09:09:54.287 13511 13544 D NavServiceProvider: Setting units automatically
02-28 09:09:54.288 13511 13544 D NavServiceProvider: Detecting stop. distance_d=157.56125. stop_type=1 speed=0.0
02-28 09:09:54.288 13511 13544 D NavigationTest: 385: (28.026122, -82.538048, 0.000000)	R:true  F:false
02-28 09:09:54.288 13511 13544 D NavigationTest: 386: (28.026122, -82.538048, 0.000000)	R:true  F:false
02-28 09:09:54.288 13511 13544 D NavServiceProvider: Second to last stop coordinates: 28.024847, -82.537339
02-28 09:09:54.289 13511 13544 D NavServiceProvider: Setting units automatically
02-28 09:09:54.290 13511 13544 D NavServiceProvider: Detecting stop. distance_d=157.56125. stop_type=1 speed=0.0
02-28 09:09:54.290 13511 13544 D NavigationTest: 387: (28.026122, -82.538048, 0.000000)	R:true  F:false
02-28 09:09:54.290 13511 13544 D NavigationTest: 388: (28.026122, -82.538048, 0.000000)	R:true  F:false
02-28 09:09:54.290 13511 13544 D NavServiceProvider: Second to last stop coordinates: 28.024847, -82.537339
02-28 09:09:54.290 13511 13544 D NavServiceProvider: Setting units automatically
02-28 09:09:54.291 13511 13544 D NavServiceProvider: Detecting stop. distance_d=157.60478. stop_type=1 speed=0.0
02-28 09:09:54.291 13511 13544 D NavigationTest: 389: (28.026122, -82.538049, 0.000000)	R:true  F:false
02-28 09:09:54.291 13511 13544 D NavigationTest: 390: (28.026122, -82.538049, 0.000000)	R:true  F:false
02-28 09:09:54.291 13511 13544 D NavigationTest: 391: (28.026122, -82.538049, 0.000000)	R:true  F:false
02-28 09:09:54.291 13511 13544 D NavigationTest: 392: (28.026122, -82.538049, 0.000000)	R:true  F:false
02-28 09:09:54.291 13511 13544 D NavServiceProvider: Second to last stop coordinates: 28.024847, -82.537339
02-28 09:09:54.292 13511 13544 D NavServiceProvider: Setting units automatically
02-28 09:09:54.293 13511 13544 D NavServiceProvider: Detecting stop. distance_d=157.60478. stop_type=1 speed=0.0
02-28 09:09:54.293 13511 13544 D NavigationTest: 393: (28.026122, -82.538049, 0.000000)	R:true  F:false
02-28 09:09:54.293 13511 13544 D NavServiceProvider: Second to last stop coordinates: 28.024847, -82.537339
02-28 09:09:54.293 13511 13544 D NavServiceProvider: Setting units automatically
02-28 09:09:54.294 13511 13544 D NavServiceProvider: Detecting stop. distance_d=157.56125. stop_type=1 speed=0.0
02-28 09:09:54.294 13511 13544 D NavigationTest: 394: (28.026122, -82.538048, 0.000000)	R:true  F:false
02-28 09:09:54.294 13511 13544 D NavigationTest: 395: (28.026122, -82.538048, 0.000000)	R:true  F:false
02-28 09:09:54.294 13511 13544 D NavServiceProvider: Second to last stop coordinates: 28.024847, -82.537339
02-28 09:09:54.294 13511 13544 D NavServiceProvider: Setting units automatically
02-28 09:09:54.295 13511 13544 D NavServiceProvider: Detecting stop. distance_d=157.56125. stop_type=1 speed=0.0
02-28 09:09:54.295 13511 13544 D NavigationTest: 396: (28.026122, -82.538048, 0.000000)	R:true  F:false
02-28 09:09:54.296 13511 13544 D NavigationTest: 397: (28.026122, -82.538048, 0.000000)	R:true  F:false
02-28 09:09:54.296 13511 13544 D NavServiceProvider: Second to last stop coordinates: 28.024847, -82.537339
02-28 09:09:54.296 13511 13544 D NavServiceProvider: Setting units automatically
02-28 09:09:54.297 13511 13544 D NavServiceProvider: Detecting stop. distance_d=157.56125. stop_type=1 speed=0.0
02-28 09:09:54.297 13511 13544 D NavigationTest: 398: (28.026122, -82.538048, 0.000000)	R:true  F:false
02-28 09:09:54.297 13511 13544 D NavigationTest: 399: (28.026122, -82.538048, 0.000000)	R:true  F:false
02-28 09:09:54.297 13511 13544 D NavServiceProvider: Second to last stop coordinates: 28.024847, -82.537339
02-28 09:09:54.297 13511 13544 D NavServiceProvider: Setting units automatically
02-28 09:09:54.298 13511 13544 D NavServiceProvider: Detecting stop. distance_d=157.56125. stop_type=1 speed=0.0
02-28 09:09:54.298 13511 13544 D NavigationTest: 400: (28.026122, -82.538048, 0.000000)	R:true  F:false
02-28 09:09:54.298 13511 13544 D NavigationTest: 401: (28.026122, -82.538048, 0.000000)	R:true  F:false
02-28 09:09:54.298 13511 13544 D NavServiceProvider: Second to last stop coordinates: 28.024847, -82.537339
02-28 09:09:54.299 13511 13544 D NavServiceProvider: Setting units automatically
02-28 09:09:54.300 13511 13544 D NavServiceProvider: Detecting stop. distance_d=157.51776. stop_type=1 speed=0.0
02-28 09:09:54.300 13511 13544 D NavigationTest: 402: (28.026122, -82.538047, 0.000000)	R:true  F:false
02-28 09:09:54.300 13511 13544 D NavServiceProvider: Second to last stop coordinates: 28.024847, -82.537339
02-28 09:09:54.300 13511 13544 D NavServiceProvider: Setting units automatically
02-28 09:09:54.301 13511 13544 D NavServiceProvider: Detecting stop. distance_d=157.51776. stop_type=1 speed=0.0
02-28 09:09:54.301 13511 13544 D NavigationTest: 403: (28.026122, -82.538047, 0.000000)	R:true  F:false
02-28 09:09:54.301 13511 13544 D NavigationTest: 404: (28.026122, -82.538047, 0.000000)	R:true  F:false
02-28 09:09:54.301 13511 13544 D NavServiceProvider: Second to last stop coordinates: 28.024847, -82.537339
02-28 09:09:54.302 13511 13544 D NavServiceProvider: Setting units automatically
02-28 09:09:54.303 13511 13544 D NavServiceProvider: Detecting stop. distance_d=157.51776. stop_type=1 speed=0.0
02-28 09:09:54.303 13511 13544 D NavigationTest: 405: (28.026122, -82.538047, 0.000000)	R:true  F:false
02-28 09:09:54.303 13511 13544 D NavigationTest: 406: (28.026122, -82.538047, 0.000000)	R:true  F:false
02-28 09:09:54.303 13511 13544 D NavServiceProvider: Second to last stop coordinates: 28.024847, -82.537339
02-28 09:09:54.303 13511 13544 D NavServiceProvider: Setting units automatically
02-28 09:09:54.304 13511 13544 D NavServiceProvider: Detecting stop. distance_d=157.61717. stop_type=1 speed=0.0
02-28 09:09:54.304 13511 13544 D NavigationTest: 407: (28.026123, -82.538047, 0.000000)	R:true  F:false
02-28 09:09:54.304 13511 13544 D NavServiceProvider: Second to last stop coordinates: 28.024847, -82.537339
02-28 09:09:54.304 13511 13544 D NavServiceProvider: Setting units automatically
02-28 09:09:54.305 13511 13544 D NavServiceProvider: Detecting stop. distance_d=157.57376. stop_type=1 speed=0.0
02-28 09:09:54.305 13511 13544 D NavigationTest: 408: (28.026123, -82.538046, 0.000000)	R:true  F:false
02-28 09:09:54.305 13511 13544 D NavigationTest: 409: (28.026123, -82.538046, 0.000000)	R:true  F:false
02-28 09:09:54.305 13511 13544 D NavServiceProvider: Second to last stop coordinates: 28.024847, -82.537339
02-28 09:09:54.306 13511 13544 D NavServiceProvider: Setting units automatically
02-28 09:09:54.307 13511 13544 D NavServiceProvider: Detecting stop. distance_d=157.57376. stop_type=1 speed=0.0
02-28 09:09:54.307 13511 13544 D NavigationTest: 410: (28.026123, -82.538046, 0.000000)	R:true  F:false
02-28 09:09:54.307 13511 13544 D NavServiceProvider: Second to last stop coordinates: 28.024847, -82.537339
02-28 09:09:54.307 13511 13544 D NavServiceProvider: Setting units automatically
02-28 09:09:54.308 13511 13544 D NavServiceProvider: Detecting stop. distance_d=157.57376. stop_type=1 speed=0.0
02-28 09:09:54.308 13511 13544 D NavigationTest: 411: (28.026123, -82.538046, 0.000000)	R:true  F:false
02-28 09:09:54.308 13511 13544 D NavigationTest: 412: (28.026123, -82.538046, 0.000000)	R:true  F:false
02-28 09:09:54.308 13511 13544 D NavServiceProvider: Second to last stop coordinates: 28.024847, -82.537339
02-28 09:09:54.308 13511 13544 D NavServiceProvider: Setting units automatically
02-28 09:09:54.310 13511 13544 D NavServiceProvider: Detecting stop. distance_d=157.57376. stop_type=1 speed=0.0
02-28 09:09:54.310 13511 13544 D NavigationTest: 413: (28.026123, -82.538046, 0.000000)	R:true  F:false
02-28 09:09:54.310 13511 13544 D NavServiceProvider: Second to last stop coordinates: 28.024847, -82.537339
02-28 09:09:54.310 13511 13544 D NavServiceProvider: Setting units automatically
02-28 09:09:54.311 13511 13544 D NavServiceProvider: Detecting stop. distance_d=157.5304. stop_type=1 speed=0.0
02-28 09:09:54.311 13511 13544 D NavigationTest: 414: (28.026123, -82.538045, 0.000000)	R:true  F:false
02-28 09:09:54.311 13511 13544 D NavigationTest: 415: (28.026123, -82.538045, 0.000000)	R:true  F:false
02-28 09:09:54.311 13511 13544 D NavServiceProvider: Second to last stop coordinates: 28.024847, -82.537339
02-28 09:09:54.311 13511 13544 D NavServiceProvider: Setting units automatically
02-28 09:09:54.312 13511 13544 D NavServiceProvider: Detecting stop. distance_d=157.5304. stop_type=1 speed=0.0
02-28 09:09:54.312 13511 13544 D NavigationTest: 416: (28.026123, -82.538045, 0.000000)	R:true  F:false
02-28 09:09:54.313 13511 13544 D NavigationTest: 417: (28.026123, -82.538045, 0.000000)	R:true  F:false
02-28 09:09:54.313 13511 13544 D NavServiceProvider: Second to last stop coordinates: 28.024847, -82.537339
02-28 09:09:54.313 13511 13544 D NavServiceProvider: Setting units automatically
02-28 09:09:54.314 13511 13544 D NavServiceProvider: Detecting stop. distance_d=157.62988. stop_type=1 speed=0.0
02-28 09:09:54.314 13511 13544 D NavigationTest: 418: (28.026124, -82.538045, 0.000000)	R:true  F:false
02-28 09:09:54.314 13511 13544 D NavigationTest: 419: (28.026124, -82.538045, 0.000000)	R:true  F:false
02-28 09:09:54.314 13511 13544 D NavServiceProvider: Second to last stop coordinates: 28.024847, -82.537339
02-28 09:09:54.314 13511 13544 D NavServiceProvider: Setting units automatically
02-28 09:09:54.315 13511 13544 D NavServiceProvider: Detecting stop. distance_d=157.5866. stop_type=1 speed=0.0
02-28 09:09:54.315 13511 13544 D NavigationTest: 420: (28.026124, -82.538044, 0.000000)	R:true  F:false
02-28 09:09:54.315 13511 13544 D NavServiceProvider: Second to last stop coordinates: 28.024847, -82.537339
02-28 09:09:54.316 13511 13544 D NavServiceProvider: Setting units automatically
02-28 09:09:54.317 13511 13544 D NavServiceProvider: Detecting stop. distance_d=157.5866. stop_type=1 speed=0.0
02-28 09:09:54.317 13511 13544 D NavigationTest: 421: (28.026124, -82.538044, 0.000000)	R:true  F:false
02-28 09:09:54.317 13511 13544 D NavigationTest: 422: (28.026124, -82.538044, 0.000000)	R:true  F:false
02-28 09:09:54.317 13511 13544 D NavServiceProvider: Second to last stop coordinates: 28.024847, -82.537339
02-28 09:09:54.317 13511 13544 D NavServiceProvider: Setting units automatically
02-28 09:09:54.318 13511 13544 D NavServiceProvider: Detecting stop. distance_d=157.5866. stop_type=1 speed=0.0
02-28 09:09:54.318 13511 13544 D NavigationTest: 423: (28.026124, -82.538044, 0.000000)	R:true  F:false
02-28 09:09:54.318 13511 13544 D NavigationTest: 424: (28.026124, -82.538044, 0.000000)	R:true  F:false
02-28 09:09:54.318 13511 13544 D NavServiceProvider: Second to last stop coordinates: 28.024847, -82.537339
02-28 09:09:54.318 13511 13544 D NavServiceProvider: Setting units automatically
02-28 09:09:54.320 13511 13544 D NavServiceProvider: Detecting stop. distance_d=157.5866. stop_type=1 speed=0.0
02-28 09:09:54.320 13511 13544 D NavigationTest: 425: (28.026124, -82.538044, 0.000000)	R:true  F:false
02-28 09:09:54.320 13511 13544 D NavigationTest: 426: (28.026124, -82.538044, 0.000000)	R:true  F:false
02-28 09:09:54.320 13511 13544 D NavigationTest: 427: (28.026124, -82.538044, 0.000000)	R:true  F:false
02-28 09:09:54.320 13511 13544 D NavigationTest: 428: (28.026124, -82.538044, 0.000000)	R:true  F:false
02-28 09:09:54.320 13511 13544 D NavServiceProvider: Second to last stop coordinates: 28.024847, -82.537339
02-28 09:09:54.320 13511 13544 D NavServiceProvider: Setting units automatically
02-28 09:09:54.321 13511 13544 D NavServiceProvider: Detecting stop. distance_d=157.5866. stop_type=1 speed=0.0
02-28 09:09:54.321 13511 13544 D NavigationTest: 429: (28.026124, -82.538044, 0.000000)	R:true  F:false
02-28 09:09:54.321 13511 13544 D NavServiceProvider: Second to last stop coordinates: 28.024847, -82.537339
02-28 09:09:54.321 13511 13544 D NavServiceProvider: Setting units automatically
02-28 09:09:54.322 13511 13544 D NavServiceProvider: Detecting stop. distance_d=157.5866. stop_type=1 speed=0.0
02-28 09:09:54.323 13511 13544 D NavigationTest: 430: (28.026124, -82.538044, 0.000000)	R:true  F:false
02-28 09:09:54.323 13511 13544 D NavigationTest: 431: (28.026124, -82.538044, 0.000000)	R:true  F:false
02-28 09:09:54.323 13511 13544 D NavServiceProvider: Second to last stop coordinates: 28.024847, -82.537339
02-28 09:09:54.323 13511 13544 D NavServiceProvider: Setting units automatically
02-28 09:09:54.324 13511 13544 D NavServiceProvider: Detecting stop. distance_d=157.54335. stop_type=1 speed=0.0
02-28 09:09:54.324 13511 13544 D NavigationTest: 432: (28.026124, -82.538043, 0.000000)	R:true  F:false
02-28 09:09:54.324 13511 13544 D NavServiceProvider: Second to last stop coordinates: 28.024847, -82.537339
02-28 09:09:54.324 13511 13544 D NavServiceProvider: Setting units automatically
02-28 09:09:54.325 13511 13544 D NavServiceProvider: Detecting stop. distance_d=157.5866. stop_type=1 speed=0.0
02-28 09:09:54.325 13511 13544 D NavigationTest: 433: (28.026124, -82.538044, 0.000000)	R:true  F:false
02-28 09:09:54.325 13511 13544 D NavigationTest: 434: (28.026124, -82.538044, 0.000000)	R:true  F:false
02-28 09:09:54.326 13511 13544 D NavServiceProvider: Second to last stop coordinates: 28.024847, -82.537339
02-28 09:09:54.326 13511 13544 D NavServiceProvider: Setting units automatically
02-28 09:09:54.327 13511 13544 D NavServiceProvider: Detecting stop. distance_d=157.6429. stop_type=1 speed=0.0
02-28 09:09:54.327 13511 13544 D NavigationTest: 435: (28.026125, -82.538043, 0.000000)	R:true  F:false
02-28 09:09:54.327 13511 13544 D NavigationTest: 436: (28.026125, -82.538043, 0.000000)	R:true  F:false
02-28 09:09:54.327 13511 13544 D NavServiceProvider: Second to last stop coordinates: 28.024847, -82.537339
02-28 09:09:54.327 13511 13544 D NavServiceProvider: Setting units automatically
02-28 09:09:54.328 13511 13544 D NavServiceProvider: Detecting stop. distance_d=157.6429. stop_type=1 speed=0.0
02-28 09:09:54.328 13511 13544 D NavigationTest: 437: (28.026125, -82.538043, 0.000000)	R:true  F:false
02-28 09:09:54.328 13511 13544 D NavServiceProvider: Second to last stop coordinates: 28.024847, -82.537339
02-28 09:09:54.329 13511 13544 D NavServiceProvider: Setting units automatically
02-28 09:09:54.330 13511 13544 D NavServiceProvider: Detecting stop. distance_d=157.6429. stop_type=1 speed=0.0
02-28 09:09:54.330 13511 13544 D NavigationTest: 438: (28.026125, -82.538043, 0.000000)	R:true  F:false
02-28 09:09:54.330 13511 13544 D NavigationTest: 439: (28.026125, -82.538043, 0.000000)	R:true  F:false
02-28 09:09:54.330 13511 13544 D NavServiceProvider: Second to last stop coordinates: 28.024847, -82.537339
