02-28 09:09:31.655 13511 13544 I TestRunner: started: testTrip22C(org.onebusaway.android.nav.test.NavigationTest)
02-28 09:09:31.656 13511 13511 I MonitoringInstr: Activities that are still in CREATED to STOPPED: 0
02-28 09:09:31.668 13579 13612 I GoogleTTSServiceImpl: Synthesis request for locale eng-USA and name en-US-language
02-28 09:09:31.669 13579 13612 I GoogleTTSServiceImpl: TTS dispatch: en-us-x-iog-seanet-embedded
02-28 09:09:31.671 13511 13544 D NavServiceProvider: Creating NavigationServiceProvider...
02-28 09:09:31.671 13511 13544 D NavServiceProvider: Starting navigation for service
02-28 09:09:31.671 13511 13544 D NavServiceProvider: ProximityCalculator initializing...
02-28 09:09:31.671 13511 13544 D NavServiceProvider: Initializing ProximityCalculator
02-28 09:09:31.671 13511 13544 D NavServiceProvider: Number of path links: 1
02-28 09:09:31.671 13511 13544 D NavServiceProvider: Second to last stop coordinates: 28.059175, -82.413421
02-28 09:09:31.672 13511 13544 D NavServiceProvider: Setting units automatically
02-28 09:09:31.673 13511 13544 D NavServiceProvider: Detecting stop. distance_d=560.1043. stop_type=1 speed=2.5
02-28 09:09:31.673 13511 13544 D NavigationTest: 0: (28.064217, -82.413816, 2.500000)	R:false  F:false
02-28 09:09:31.673 13511 13544 D NavigationTest: 1: (28.064217, -82.413816, 2.500000)	R:false  F:false
02-28 09:09:31.673 13511 13544 D NavigationTest: 2: (28.064217, -82.413816, 2.500000)	R:false  F:false
02-28 09:09:31.673 13511 13544 D NavServiceProvider: Second to last stop coordinates: 28.059175, -82.413421
02-28 09:09:31.674 13511 13544 D NavServiceProvider: Setting units automatically
02-28 09:09:31.675 13511 13544 D NavServiceProvider: Detecting stop. distance_d=560.1043. stop_type=1 speed=2.5
02-28 09:09:31.675 13511 13544 D NavigationTest: 3: (28.064217, -82.413816, 2.500000)	R:false  F:false
02-28 09:09:31.675 13511 13544 D NavigationTest: 4: (28.064217, -82.413816, 2.500000)	R:false  F:false
02-28 09:09:31.675 13511 13544 D NavServiceProvider: Second to last stop coordinates: 28.059175, -82.413421
02-28 09:09:31.676 13511 13544 D NavServiceProvider: Setting units automatically
02-28 09:09:31.677 13511 13544 D NavServiceProvider: Detecting stop. distance_d=560.1043. stop_type=1 speed=2.5
02-28 09:09:31.677 13511 13544 D NavigationTest: 5: (28.064217, -82.413816, 2.500000)	R:false  F:false
02-28 09:09:31.677 13511 13544 D NavServiceProvider: Second to last stop coordinates: 28.059175, -82.413421
02-28 09:09:31.677 13511 13544 D NavServiceProvider: Setting units automatically
02-28 09:09:31.679 13511 13544 D NavServiceProvider: Detecting stop. distance_d=560.1043. stop_type=1 speed=2.5
02-28 09:09:31.679 13511 13544 D NavigationTest: 6: (28.064217, -82.413816, 2.500000)	R:false  F:false
02-28 09:09:31.679 13511 13544 D NavigationTest: 7: (28.064217, -82.413816, 2.500000)	R:false  F:false
02-28 09:09:31.679 13511 13544 D NavServiceProvider: Second to last stop coordinates: 28.059175, -82.413421
02-28 09:09:31.680 13511 13544 D NavServiceProvider: Setting units automatically
02-28 09:09:31.681 13511 13544 D NavServiceProvider: Detecting stop. distance_d=560.1043. stop_type=1 speed=2.5
02-28 09:09:31.681 13511 13544 D NavigationTest: 8: (28.064217, -82.413816, 2.500000)	R:false  F:false
02-28 09:09:31.681 13511 13544 D NavigationTest: 9: (28.064217, -82.413816, 2.500000)	R:false  F:false
02-28 09:09:31.681 13511 13544 D NavServiceProvider: Second to last stop coordinates: 28.059175, -82.413421
02-28 09:09:31.682 13511 13544 D NavServiceProvider: Setting units automatically
02-28 09:09:31.683 13511 13544 D NavServiceProvider: Detecting stop. distance_d=560.1043. stop_type=1 speed=2.5
02-28 09:09:31.683 13511 13544 D NavigationTest: 10: (28.064217, -82.413816, 2.500000)	R:false  F:false
02-28 09:09:31.683 13511 13544 D NavServiceProvider: Second to last stop coordinates: 28.059175, -82.413421
02-28 09:09:31.683 13511 13544 D NavServiceProvider: Setting units automatically
02-28 09:09:31.685 13511 13544 D NavServiceProvider: Detecting stop. distance_d=560.09076. stop_type=1 speed=2.512469
02-28 09:09:31.685 13511 13544 D NavigationTest: 11: (28.064217, -82.413814, 2.512469)	R:false  F:false
02-28 09:09:31.685 13511 13544 D NavigationTest: 12: (28.064217, -82.413814, 2.512469)	R:false  F:false
02-28 09:09:31.685 13511 13544 D NavServiceProvider: Second to last stop coordinates: 28.059175, -82.413421
02-28 09:09:31.685 13511 13544 D NavServiceProvider: Setting units automatically
02-28 09:09:31.686 13511 13544 D NavServiceProvider: Detecting stop. distance_d=560.4793. stop_type=1 speed=2.54951
02-28 09:09:31.686 13511 13544 D NavigationTest: 13: (28.064221, -82.413806, 2.549510)	R:false  F:false
02-28 09:09:31.686 13511 13544 D NavServiceProvider: Second to last stop coordinates: 28.059175, -82.413421
02-28 09:09:31.686 13511 13544 D NavServiceProvider: Setting units automatically
02-28 09:09:31.688 13511 13544 D NavServiceProvider: Detecting stop. distance_d=560.97314. stop_type=1 speed=2.610077
02-28 09:09:31.688 13511 13544 D NavigationTest: 14: (28.064226, -82.413797, 2.610077)	R:false  F:false
02-28 09:09:31.688 13511 13544 D NavigationTest: 15: (28.064226, -82.413797, 2.610077)	R:false  F:false
02-28 09:09:31.688 13511 13544 D NavServiceProvider: Second to last stop coordinates: 28.059175, -82.413421
02-28 09:09:31.689 13511 13544 D NavServiceProvider: Setting units automatically
02-28 09:09:31.690 13511 13544 D NavServiceProvider: Detecting stop. distance_d=561.70233. stop_type=1 speed=2.610077
02-28 09:09:31.690 13511 13544 D NavigationTest: 16: (28.064233, -82.413790, 2.610077)	R:false  F:false
02-28 09:09:31.690 13511 13544 D NavigationTest: 17: (28.064233, -82.413790, 2.610077)	R:false  F:false
02-28 09:09:31.690 13511 13544 D NavServiceProvider: Second to last stop coordinates: 28.059175, -82.413421
02-28 09:09:31.691 13511 13544 D NavServiceProvider: Setting units automatically
02-28 09:09:31.692   871  6793 D msm8974_platform: platform_split_snd_device: snd_device(2) num devices(1) new_snd_devices(0)
02-28 09:09:31.692 13511 13544 D NavServiceProvider: Detecting stop. distance_d=562.8936. stop_type=1 speed=2.692582
02-28 09:09:31.692   871  6793 D ACDB-LOADER: ACDB -> send_audvoltable
02-28 09:09:31.692   871  6793 D ACDB-LOADER: ACDB -> ACDB_CMD_GET_AUDPROC_VOL_STEP_TABLE_SIZE
02-28 09:09:31.692   871  6793 D ACDB-LOADER: ACDB -> ACDB_CMD_GET_AUDPROC_GAIN_DEP_STEP_TABLE, vol index 0
02-28 09:09:31.692 13511 13544 D NavigationTest: 18: (28.064244, -82.413786, 2.692582)	R:false  F:false
02-28 09:09:31.692   871  6793 D         : Failed to fetch the lookup information of the device 0000000F
02-28 09:09:31.692   871  6793 E ACDB-LOADER: Error: ACDB AudProc vol returned = -19
02-28 09:09:31.692 13511 13544 D NavServiceProvider: Second to last stop coordinates: 28.059175, -82.413421
02-28 09:09:31.692   871  6793 D ACDB-LOADER: ACDB -> AUDIO_SET_VOL_CAL cal type = 40
02-28 09:09:31.693 13511 13544 D NavServiceProvider: Setting units automatically
02-28 09:09:31.694 13511 13544 D NavServiceProvider: Detecting stop. distance_d=564.7675. stop_type=1 speed=2.915476
02-28 09:09:31.694 13511 13544 D NavigationTest: 19: (28.064261, -82.413785, 2.915476)	R:false  F:false
02-28 09:09:31.694 13511 13544 D NavigationTest: 20: (28.064261, -82.413785, 2.915476)	R:false  F:false
02-28 09:09:31.694 13511 13544 D NavServiceProvider: Second to last stop coordinates: 28.059175, -82.413421
02-28 09:09:31.694   871  6793 D msm8974_platform: platform_split_snd_device: snd_device(2) num devices(1) new_snd_devices(0)
02-28 09:09:31.694 13511 13544 D NavServiceProvider: Setting units automatically
02-28 09:09:31.695 13511 13544 D NavServiceProvider: Detecting stop. distance_d=568.52496. stop_type=1 speed=3.905125
02-28 09:09:31.696 13511 13544 D NavigationTest: 21: (28.064294, -82.413802, 3.905125)	R:false  F:false
02-28 09:09:31.696 13511 13544 D NavigationTest: 22: (28.064294, -82.413802, 3.905125)	R:false  F:false
02-28 09:09:31.696 13511 13544 D NavServiceProvider: Second to last stop coordinates: 28.059175, -82.413421
02-28 09:09:31.696 13511 13544 D NavServiceProvider: Setting units automatically
02-28 09:09:31.696   871   911 V EffectDiracSound: DiracSound_command() start, cmdCode=20
02-28 09:09:31.696   871   911 V EffectDiracSound: DiracSound_Command EFFECT_CMD_OFFLOAD
02-28 09:09:31.696   871   911 V EffectDiracSound: DiracSound_command() start, cmdCode=1
02-28 09:09:31.696   871   911 V EffectDiracSound: DiracSound_setConfig start
02-28 09:09:31.696   871   911 I EffectDiracSound: DiracSound_updateState(), enable=0, hifi=0, device=0x2, headset=5, samplingRate=48000
02-28 09:09:31.696   871   911 I EffectDiracSound: DiracSound_updateState(), mode=0, music=0, movie=0, reset=0
02-28 09:09:31.696   871   911 I EffectDiracSound: DiracSound_updateState(), Speaker Movie/Stereo Mode is not supported. Stop update state.
02-28 09:09:31.696   871   911 W EffectHAL: Effect 0xe4b38cd0 command SET_CONFIG returned status: Invalid argument
02-28 09:09:31.696   871  6793 V EffectDiracSound: DiracSound_command() start, cmdCode=1
02-28 09:09:31.696   871  6793 V EffectDiracSound: DiracSound_setConfig start
02-28 09:09:31.696   871  6793 I EffectDiracSound: DiracSound_updateState(), enable=0, hifi=0, device=0x2, headset=5, samplingRate=48000
02-28 09:09:31.696   871  6793 I EffectDiracSound: DiracSound_updateState(), mode=0, music=0, movie=0, reset=0
02-28 09:09:31.696   871  6793 I EffectDiracSound: DiracSound_updateState(), Speaker Movie/Stereo Mode is not supported. Stop update state.
02-28 09:09:31.697   871  6793 V EffectDiracSound: DiracSound_command() start, cmdCode=9
02-28 09:09:31.697   871  6793 V EffectDiracSound: DiracSound_Command EFFECT_CMD_SET_DEVICE: 0x00000002
02-28 09:09:31.697   871   871 V EffectDiracSound: DiracSound_command() start, cmdCode=11
02-28 09:09:31.697   871   871 V EffectDiracSound: DiracSound_Command EFFECT_CMD_SET_AUDIO_MODE: 0
02-28 09:09:31.697 13511 13544 D NavServiceProvider: Detecting stop. distance_d=572.4577. stop_type=1 speed=4.506939
02-28 09:09:31.697 13511 13544 D NavigationTest: 23: (28.064328, -82.413828, 4.506939)	R:false  F:false
02-28 09:09:31.697 13511 13544 D NavigationTest: 24: (28.064328, -82.413828, 4.506939)	R:false  F:false
02-28 09:09:31.697 13511 13544 D NavServiceProvider: Second to last stop coordinates: 28.059175, -82.413421
02-28 09:09:31.698 13511 13544 D NavServiceProvider: Setting units automatically
02-28 09:09:31.700 13511 13544 D NavServiceProvider: Detecting stop. distance_d=576.6497. stop_type=1 speed=4.930771
02-28 09:09:31.700 13511 13544 D NavigationTest: 25: (28.064364, -82.413858, 4.930771)	R:false  F:false
02-28 09:09:31.700 13511 13544 D NavServiceProvider: Second to last stop coordinates: 28.059175, -82.413421
02-28 09:09:31.700 13511 13544 D NavServiceProvider: Setting units automatically
02-28 09:09:31.701 13511 13544 D NavServiceProvider: Detecting stop. distance_d=581.4063. stop_type=1 speed=4.930771
02-28 09:09:31.701 13511 13544 D NavigationTest: 26: (28.064405, -82.413888, 4.930771)	R:false  F:false
02-28 09:09:31.701 13511 13544 D NavigationTest: 27: (28.064405, -82.413888, 4.930771)	R:false  F:false
02-28 09:09:31.701 13511 13544 D NavServiceProvider: Second to last stop coordinates: 28.059175, -82.413421
02-28 09:09:31.702 13511 13544 D NavServiceProvider: Setting units automatically
02-28 09:09:31.703 13511 13544 D NavServiceProvider: Detecting stop. distance_d=585.786. stop_type=1 speed=4.930771
02-28 09:09:31.703 13511 13544 D NavigationTest: 28: (28.064443, -82.413911, 4.930771)	R:false  F:false
02-28 09:09:31.703 13511 13544 D NavigationTest: 29: (28.064443, -82.413911, 4.930771)	R:false  F:false
02-28 09:09:31.703 13511 13544 D NavServiceProvider: Second to last stop coordinates: 28.059175, -82.413421
02-28 09:09:31.703 13511 13544 D NavServiceProvider: Setting units automatically
02-28 09:09:31.704 13511 13544 D NavServiceProvider: Detecting stop. distance_d=590.75134. stop_type=1 speed=5.147815
02-28 09:09:31.704 13511 13544 D NavigationTest: 30: (28.064487, -82.413924, 5.147815)	R:false  F:false
02-28 09:09:31.704 13511 13544 D NavServiceProvider: Second to last stop coordinates: 28.059175, -82.413421
02-28 09:09:31.705 13511 13544 D NavServiceProvider: Setting units automatically
02-28 09:09:31.709 13511 13544 D NavServiceProvider: Detecting stop. distance_d=596.06036. stop_type=1 speed=5.367728
02-28 09:09:31.709 13511 13544 D NavigationTest: 31: (28.064535, -82.413925, 5.367728)	R:false  F:false
02-28 09:09:31.709 13511 13544 D NavigationTest: 32: (28.064535, -82.413925, 5.367728)	R:false  F:false
02-28 09:09:31.709 13511 13544 D NavServiceProvider: Second to last stop coordinates: 28.059175, -82.413421
02-28 09:09:31.710 13511 13544 D NavServiceProvider: Setting units automatically
02-28 09:09:31.711 13511 13544 D NavServiceProvider: Detecting stop. distance_d=605.771. stop_type=1 speed=6.5
02-28 09:09:31.711 13511 13544 D NavigationTest: 33: (28.064624, -82.413910, 6.500000)	R:false  F:false
02-28 09:09:31.711 13511 13544 D NavigationTest: 34: (28.064624, -82.413910, 6.500000)	R:false  F:false
02-28 09:09:31.711 13511 13544 D NavServiceProvider: Second to last stop coordinates: 28.059175, -82.413421
02-28 09:09:31.711 13511 13544 D NavServiceProvider: Setting units automatically
02-28 09:09:31.712 13511 13544 D NavServiceProvider: Detecting stop. distance_d=611.9576. stop_type=1 speed=6.269968
02-28 09:09:31.712 13511 13544 D NavigationTest: 35: (28.064680, -82.413910, 6.269968)	R:false  F:false
02-28 09:09:31.712 13511 13544 D NavServiceProvider: Second to last stop coordinates: 28.059175, -82.413421
02-28 09:09:31.713 13511 13544 D NavServiceProvider: Setting units automatically
02-28 09:09:31.714 13511 13544 D NavServiceProvider: Detecting stop. distance_d=617.4893. stop_type=1 speed=5.367728
02-28 09:09:31.714 13511 13544 D NavigationTest: 36: (28.064730, -82.413911, 5.367728)	R:false  F:false
02-28 09:09:31.714 13511 13544 D NavigationTest: 37: (28.064730, -82.413911, 5.367728)	R:false  F:false
02-28 09:09:31.714 13511 13544 D NavigationTest: 38: (28.064730, -82.413911, 5.367728)	R:false  F:false
02-28 09:09:31.714 13511 13544 D NavigationTest: 39: (28.064730, -82.413911, 5.367728)	R:false  F:false
02-28 09:09:31.714 13511 13544 D NavServiceProvider: Second to last stop coordinates: 28.059175, -82.413421
02-28 09:09:31.715 13511 13544 D NavServiceProvider: Setting units automatically
02-28 09:09:31.716 13511 13544 D NavServiceProvider: Detecting stop. distance_d=619.80945. stop_type=1 speed=4.301163
02-28 09:09:31.716 13511 13544 D NavigationTest: 40: (28.064751, -82.413911, 4.301163)	R:false  F:false
02-28 09:09:31.716 13511 13544 D NavServiceProvider: Second to last stop coordinates: 28.059175, -82.413421
02-28 09:09:31.716 13511 13544 D NavServiceProvider: Setting units automatically
02-28 09:09:31.718 13511 13544 D NavServiceProvider: Detecting stop. distance_d=623.17426. stop_type=1 speed=3.716517
02-28 09:09:31.718 13511 13544 D NavigationTest: 41: (28.064782, -82.413903, 3.716517)	R:false  F:false
02-28 09:09:31.718 13511 13544 D NavigationTest: 42: (28.064782, -82.413903, 3.716517)	R:false  F:false
02-28 09:09:31.718 13511 13544 D NavServiceProvider: Second to last stop coordinates: 28.059175, -82.413421
02-28 09:09:31.718 13511 13544 D NavServiceProvider: Setting units automatically
02-28 09:09:31.719 13511 13544 D NavServiceProvider: Detecting stop. distance_d=625.87775. stop_type=1 speed=3.535534
02-28 09:09:31.719 13511 13544 D NavigationTest: 43: (28.064807, -82.413895, 3.535534)	R:false  F:false
02-28 09:09:31.719 13511 13544 D NavServiceProvider: Second to last stop coordinates: 28.059175, -82.413421
02-28 09:09:31.719 13511 13544 D NavServiceProvider: Setting units automatically
02-28 09:09:31.720 13511 13544 D NavServiceProvider: Detecting stop. distance_d=628.6015. stop_type=1 speed=3.905125
02-28 09:09:31.721 13511 13544 D NavigationTest: 44: (28.064833, -82.413874, 3.905125)	R:false  F:false
02-28 09:09:31.721 13511 13544 D NavigationTest: 45: (28.064833, -82.413874, 3.905125)	R:false  F:false
02-28 09:09:31.721 13511 13544 D NavServiceProvider: Second to last stop coordinates: 28.059175, -82.413421
02-28 09:09:31.721 13511 13544 D NavServiceProvider: Setting units automatically
02-28 09:09:31.722 13511 13544 D NavServiceProvider: Detecting stop. distance_d=630.5981. stop_type=1 speed=4.506939
02-28 09:09:31.722 13511 13544 D NavigationTest: 46: (28.064853, -82.413842, 4.506939)	R:false  F:false
02-28 09:09:31.722 13511 13544 D NavServiceProvider: Second to last stop coordinates: 28.059175, -82.413421
02-28 09:09:31.722 13511 13544 D NavServiceProvider: Setting units automatically
02-28 09:09:31.723 13511 13544 D NavServiceProvider: Detecting stop. distance_d=631.7557. stop_type=1 speed=5.147815
02-28 09:09:31.723 13511 13544 D NavigationTest: 47: (28.064866, -82.413796, 5.147815)	R:false  F:false
02-28 09:09:31.723 13511 13544 D NavigationTest: 48: (28.064866, -82.413796, 5.147815)	R:false  F:false
02-28 09:09:31.723 13511 13544 D NavServiceProvider: Second to last stop coordinates: 28.059175, -82.413421
02-28 09:09:31.724 13511 13544 D NavServiceProvider: Setting units automatically
02-28 09:09:31.724 13511 13544 D NavServiceProvider: Detecting stop. distance_d=631.32825. stop_type=1 speed=6.269968
02-28 09:09:31.725 13511 13544 D NavigationTest: 49: (28.064865, -82.413736, 6.269968)	R:false  F:false
02-28 09:09:31.725 13511 13544 D NavigationTest: 50: (28.064865, -82.413736, 6.269968)	R:false  F:false
02-28 09:09:31.725 13511 13544 D NavServiceProvider: Second to last stop coordinates: 28.059175, -82.413421
02-28 09:09:31.725 13511 13544 D NavServiceProvider: Setting units automatically
02-28 09:09:31.726 13511 13544 D NavServiceProvider: Detecting stop. distance_d=631.01697. stop_type=1 speed=7.433034
02-28 09:09:31.726 13511 13544 D NavigationTest: 51: (28.064865, -82.413663, 7.433034)	R:false  F:false
02-28 09:09:31.726 13511 13544 D NavServiceProvider: Second to last stop coordinates: 28.059175, -82.413421
02-28 09:09:31.726 13511 13544 D NavServiceProvider: Setting units automatically
02-28 09:09:31.727 13511 13544 D NavServiceProvider: Detecting stop. distance_d=630.8928. stop_type=1 speed=7.905694
02-28 09:09:31.727 13511 13544 D NavigationTest: 52: (28.064866, -82.413588, 7.905694)	R:false  F:false
02-28 09:09:31.727 13511 13544 D NavigationTest: 53: (28.064866, -82.413588, 7.905694)	R:false  F:false
02-28 09:09:31.727 13511 13544 D NavServiceProvider: Second to last stop coordinates: 28.059175, -82.413421
02-28 09:09:31.728 13511 13544 D NavServiceProvider: Setting units automatically
02-28 09:09:31.728 13511 13544 D NavServiceProvider: Detecting stop. distance_d=630.9615. stop_type=1 speed=8.143249
02-28 09:09:31.729 13511 13544 D NavigationTest: 54: (28.064868, -82.413510, 8.143249)	R:false  F:false
02-28 09:09:31.729 13511 13544 D NavigationTest: 55: (28.064868, -82.413510, 8.143249)	R:false  F:false
02-28 09:09:31.729 13511 13544 D NavServiceProvider: Second to last stop coordinates: 28.059175, -82.413421
02-28 09:09:31.729 13511 13544 D NavServiceProvider: Setting units automatically
02-28 09:09:31.730 13511 13544 D NavServiceProvider: Detecting stop. distance_d=631.67737. stop_type=1 speed=7.905694
02-28 09:09:31.730 13511 13544 D NavigationTest: 56: (28.064875, -82.413431, 7.905694)	R:false  F:false
02-28 09:09:31.730 13511 13544 D NavigationTest: 57: (28.064875, -82.413431, 7.905694)	R:false  F:false
02-28 09:09:31.730 13511 13544 D NavServiceProvider: Second to last stop coordinates: 28.059175, -82.413421
02-28 09:09:31.730 13511 13544 D NavServiceProvider: Setting units automatically
02-28 09:09:31.731 13511 13544 D NavServiceProvider: Detecting stop. distance_d=633.5853. stop_type=1 speed=7.433034
02-28 09:09:31.731 13511 13544 D NavigationTest: 58: (28.064892, -82.413364, 7.433034)	R:false  F:false
02-28 09:09:31.731 13511 13544 D NavigationTest: 59: (28.064892, -82.413364, 7.433034)	R:false  F:false
02-28 09:09:31.731 13511 13544 D NavServiceProvider: Second to last stop coordinates: 28.059175, -82.413421
02-28 09:09:31.732 13511 13544 D NavServiceProvider: Setting units automatically
02-28 09:09:31.733 13511 13544 D NavServiceProvider: Detecting stop. distance_d=635.1991. stop_type=1 speed=6.5
02-28 09:09:31.733 13511 13544 D NavigationTest: 60: (28.064906, -82.413314, 6.500000)	R:false  F:false
02-28 09:09:31.733 13511 13544 D NavServiceProvider: Second to last stop coordinates: 28.059175, -82.413421
02-28 09:09:31.733 13511 13544 D NavServiceProvider: Setting units automatically
02-28 09:09:31.734 13511 13544 D NavServiceProvider: Detecting stop. distance_d=638.55756. stop_type=1 speed=7.19809
02-28 09:09:31.734 13511 13544 D NavigationTest: 61: (28.064935, -82.413246, 7.198090)	R:false  F:false
02-28 09:09:31.734 13511 13544 D NavigationTest: 62: (28.064935, -82.413246, 7.198090)	R:false  F:false
02-28 09:09:31.734 13511 13544 D NavServiceProvider: Second to last stop coordinates: 28.059175, -82.413421
02-28 09:09:31.734 13511 13544 D NavServiceProvider: Setting units automatically
02-28 09:09:31.735 13511 13544 D NavServiceProvider: Detecting stop. distance_d=643.45135. stop_type=1 speed=6.964194
02-28 09:09:31.735 13511 13544 D NavigationTest: 63: (28.064978, -82.413202, 6.964194)	R:false  F:false
02-28 09:09:31.735 13511 13544 D NavigationTest: 64: (28.064978, -82.413202, 6.964194)	R:false  F:false
02-28 09:09:31.735 13511 13544 D NavServiceProvider: Second to last stop coordinates: 28.059175, -82.413421
02-28 09:09:31.736 13511 13544 D NavServiceProvider: Setting units automatically
02-28 09:09:31.737 13511 13544 D NavServiceProvider: Detecting stop. distance_d=650.3157. stop_type=1 speed=7.668931
02-28 09:09:31.737 13511 13544 D NavigationTest: 65: (28.065039, -82.413171, 7.668931)	R:false  F:false
02-28 09:09:31.737 13511 13544 D NavServiceProvider: Second to last stop coordinates: 28.059175, -82.413421
02-28 09:09:31.737 13511 13544 D NavServiceProvider: Setting units automatically
02-28 09:09:31.738 13511 13544 D NavServiceProvider: Detecting stop. distance_d=658.239. stop_type=1 speed=8.143249
02-28 09:09:31.738 13511 13544 D NavigationTest: 66: (28.065110, -82.413155, 8.143249)	R:false  F:false
02-28 09:09:31.738 13511 13544 D NavigationTest: 67: (28.065110, -82.413155, 8.143249)	R:false  F:false
02-28 09:09:31.738 13511 13544 D NavServiceProvider: Second to last stop coordinates: 28.059175, -82.413421
02-28 09:09:31.738 13511 13544 D NavServiceProvider: Setting units automatically
02-28 09:09:31.739 13511 13544 D NavServiceProvider: Detecting stop. distance_d=667.19696. stop_type=1 speed=8.62047
02-28 09:09:31.739 13511 13544 D NavigationTest: 68: (28.065191, -82.413158, 8.620470)	R:false  F:false
02-28 09:09:31.740 13511 13544 D NavServiceProvider: Second to last stop coordinates: 28.059175, -82.413421
02-28 09:09:31.740 13511 13544 D NavServiceProvider: Setting units automatically
02-28 09:09:31.741 13511 13544 D NavServiceProvider: Detecting stop. distance_d=676.0598. stop_type=1 speed=9.100138
02-28 09:09:31.741 13511 13544 D NavigationTest: 69: (28.065271, -82.413157, 9.100138)	R:false  F:false
02-28 09:09:31.741 13511 13544 D NavigationTest: 70: (28.065271, -82.413157, 9.100138)	R:false  F:false
02-28 09:09:31.741 13511 13544 D NavServiceProvider: Second to last stop coordinates: 28.059175, -82.413421
02-28 09:09:31.741 13511 13544 D NavServiceProvider: Setting units automatically
02-28 09:09:31.742 13511 13544 D NavServiceProvider: Detecting stop. distance_d=684.5868. stop_type=1 speed=8.860023
02-28 09:09:31.742 13511 13544 D NavigationTest: 71: (28.065348, -82.413157, 8.860023)	R:false  F:false
02-28 09:09:31.742 13511 13544 D NavigationTest: 72: (28.065348, -82.413157, 8.860023)	R:false  F:false
02-28 09:09:31.742 13511 13544 D NavigationTest: 73: (28.065348, -82.413157, 8.860023)	R:false  F:false
02-28 09:09:31.742 13511 13544 D NavigationTest: 74: (28.065348, -82.413157, 8.860023)	R:false  F:false
02-28 09:09:31.742 13511 13544 D NavServiceProvider: Second to last stop coordinates: 28.059175, -82.413421
02-28 09:09:31.743 13511 13544 D NavServiceProvider: Setting units automatically
02-28 09:09:31.743 13511 13544 D NavServiceProvider: Detecting stop. distance_d=692.44946. stop_type=1 speed=8.381527
02-28 09:09:31.744 13511 13544 D NavigationTest: 75: (28.065419, -82.413157, 8.381527)	R:false  F:false
02-28 09:09:31.744 13511 13544 D NavServiceProvider: Second to last stop coordinates: 28.059175, -82.413421
02-28 09:09:31.744 13511 13544 D NavServiceProvider: Setting units automatically
02-28 09:09:31.745 13511 13544 D NavServiceProvider: Detecting stop. distance_d=699.301. stop_type=1 speed=7.19809
02-28 09:09:31.745 13511 13544 D NavigationTest: 76: (28.065481, -82.413161, 7.198090)	R:false  F:false
02-28 09:09:31.745 13511 13544 D NavigationTest: 77: (28.065481, -82.413161, 7.198090)	R:false  F:false
02-28 09:09:31.745 13511 13544 D NavServiceProvider: Second to last stop coordinates: 28.059175, -82.413421
02-28 09:09:31.745 13511 13544 D NavServiceProvider: Setting units automatically
02-28 09:09:31.746 13511 13544 D NavServiceProvider: Detecting stop. distance_d=705.1671. stop_type=1 speed=5.814852
02-28 09:09:31.746 13511 13544 D NavigationTest: 78: (28.065534, -82.413162, 5.814852)	R:false  F:false
02-28 09:09:31.746 13511 13544 D NavigationTest: 79: (28.065534, -82.413162, 5.814852)	R:false  F:false
02-28 09:09:31.746 13511 13544 D NavServiceProvider: Second to last stop coordinates: 28.059175, -82.413421
02-28 09:09:31.746 13511 13544 D NavServiceProvider: Setting units automatically
02-28 09:09:31.747 13511 13544 D NavServiceProvider: Detecting stop. distance_d=708.929. stop_type=1 speed=4.506939
02-28 09:09:31.747 13511 13544 D NavigationTest: 80: (28.065568, -82.413163, 4.506939)	R:false  F:false
02-28 09:09:31.748 13511 13544 D NavigationTest: 81: (28.065568, -82.413163, 4.506939)	R:false  F:false
02-28 09:09:31.748 13511 13544 D NavServiceProvider: Second to last stop coordinates: 28.059175, -82.413421
02-28 09:09:31.748 13511 13544 D NavServiceProvider: Setting units automatically
02-28 09:09:31.749 13511 13544 D NavServiceProvider: Detecting stop. distance_d=712.6122. stop_type=1 speed=4.301163
02-28 09:09:31.749 13511 13544 D NavigationTest: 82: (28.065601, -82.413155, 4.301163)	R:false  F:false
02-28 09:09:31.749 13511 13544 D NavServiceProvider: Second to last stop coordinates: 28.059175, -82.413421
02-28 09:09:31.749 13511 13544 D NavServiceProvider: Setting units automatically
02-28 09:09:31.750 13511 13544 D NavServiceProvider: Detecting stop. distance_d=716.34906. stop_type=1 speed=4.301163
02-28 09:09:31.750 13511 13544 D NavigationTest: 83: (28.065634, -82.413133, 4.301163)	R:false  F:false
02-28 09:09:31.750 13511 13544 D NavigationTest: 84: (28.065634, -82.413133, 4.301163)	R:false  F:false
02-28 09:09:31.750 13511 13544 D NavServiceProvider: Second to last stop coordinates: 28.059175, -82.413421
02-28 09:09:31.751 13511 13544 D NavServiceProvider: Setting units automatically
02-28 09:09:31.752 13511 13544 D NavServiceProvider: Detecting stop. distance_d=718.9508. stop_type=1 speed=4.71699
02-28 09:09:31.752 13511 13544 D NavigationTest: 85: (28.065656, -82.413093, 4.716990)	R:false  F:false
02-28 09:09:31.752 13511 13544 D NavServiceProvider: Second to last stop coordinates: 28.059175, -82.413421
02-28 09:09:31.752 13511 13544 D NavServiceProvider: Setting units automatically
02-28 09:09:31.753 13511 13544 D NavServiceProvider: Detecting stop. distance_d=721.0847. stop_type=1 speed=6.041523
02-28 09:09:31.753 13511 13544 D NavigationTest: 86: (28.065673, -82.413040, 6.041523)	R:false  F:false
02-28 09:09:31.753 13511 13544 D NavigationTest: 87: (28.065673, -82.413040, 6.041523)	R:false  F:false
02-28 09:09:31.753 13511 13544 D NavServiceProvider: Second to last stop coordinates: 28.059175, -82.413421
02-28 09:09:31.753 13511 13544 D NavServiceProvider: Setting units automatically
02-28 09:09:31.754 13511 13544 D NavServiceProvider: Detecting stop. distance_d=722.01587. stop_type=1 speed=6.964194
02-28 09:09:31.754 13511 13544 D NavigationTest: 88: (28.065678, -82.412972, 6.964194)	R:false  F:false
02-28 09:09:31.754 13511 13544 D NavigationTest: 89: (28.065678, -82.412972, 6.964194)	R:false  F:false
02-28 09:09:31.754 13511 13544 D NavServiceProvider: Second to last stop coordinates: 28.059175, -82.413421
02-28 09:09:31.755 13511 13544 D NavServiceProvider: Setting units automatically
02-28 09:09:31.756 13511 13544 D NavServiceProvider: Detecting stop. distance_d=722.38654. stop_type=1 speed=7.433034
02-28 09:09:31.756 13511 13544 D NavigationTest: 90: (28.065677, -82.412898, 7.433034)	R:false  F:false
02-28 09:09:31.756 13511 13544 D NavigationTest: 91: (28.065677, -82.412898, 7.433034)	R:false  F:false
02-28 09:09:31.756 13511 13544 D NavServiceProvider: Second to last stop coordinates: 28.059175, -82.413421
02-28 09:09:31.756 13511 13544 D NavServiceProvider: Setting units automatically
02-28 09:09:31.757 13511 13544 D NavServiceProvider: Detecting stop. distance_d=723.07007. stop_type=1 speed=8.381527
02-28 09:09:31.757 13511 13544 D NavigationTest: 92: (28.065677, -82.412808, 8.381527)	R:false  F:false
02-28 09:09:31.757 13511 13544 D NavServiceProvider: Second to last stop coordinates: 28.059175, -82.413421
02-28 09:09:31.758 13511 13544 D NavServiceProvider: Setting units automatically
02-28 09:09:31.759 13511 13544 D NavServiceProvider: Detecting stop. distance_d=724.67474. stop_type=1 speed=9.340771
02-28 09:09:31.759 13511 13544 D NavigationTest: 93: (28.065683, -82.412702, 9.340771)	R:false  F:false
02-28 09:09:31.759 13511 13544 D NavigationTest: 94: (28.065683, -82.412702, 9.340771)	R:false  F:false
02-28 09:09:31.759 13511 13544 D NavServiceProvider: Second to last stop coordinates: 28.059175, -82.413421
02-28 09:09:31.759 13511 13544 D NavServiceProvider: Setting units automatically
02-28 09:09:31.760 13511 13544 D NavServiceProvider: Detecting stop. distance_d=726.27203. stop_type=1 speed=10.307764
02-28 09:09:31.760 13511 13544 D NavigationTest: 95: (28.065688, -82.412600, 10.307764)	R:false  F:false
02-28 09:09:31.760 13511 13544 D NavigationTest: 96: (28.065688, -82.412600, 10.307764)	R:false  F:false
02-28 09:09:31.761 13511 13544 D NavServiceProvider: Second to last stop coordinates: 28.059175, -82.413421
02-28 09:09:31.761 13511 13544 D NavServiceProvider: Setting units automatically
02-28 09:09:31.762 13511 13544 D NavServiceProvider: Detecting stop. distance_d=727.8225. stop_type=1 speed=10.793516
02-28 09:09:31.762 13511 13544 D NavigationTest: 97: (28.065690, -82.412486, 10.793516)	R:false  F:false
02-28 09:09:31.762 13511 13544 D NavServiceProvider: Second to last stop coordinates: 28.059175, -82.413421
02-28 09:09:31.762 13511 13544 D NavServiceProvider: Setting units automatically
02-28 09:09:31.764 13511 13544 D NavServiceProvider: Detecting stop. distance_d=729.1704. stop_type=1 speed=10.550474
02-28 09:09:31.764 13511 13544 D NavigationTest: 98: (28.065690, -82.412383, 10.550474)	R:false  F:false
02-28 09:09:31.765 13511 13544 D NavigationTest: 99: (28.065690, -82.412383, 10.550474)	R:false  F:false
02-28 09:09:31.765 13511 13544 D NavServiceProvider: Second to last stop coordinates: 28.059175, -82.413421
02-28 09:09:31.765 13511 13544 D NavServiceProvider: Setting units automatically
02-28 09:09:31.766 13511 13544 D NavServiceProvider: Detecting stop. distance_d=730.6071. stop_type=1 speed=10.793516
02-28 09:09:31.766 13511 13544 D NavigationTest: 100: (28.065689, -82.412276, 10.793516)	R:false  F:false
02-28 09:09:31.766 13511 13544 D NavServiceProvider: Second to last stop coordinates: 28.059175, -82.413421
02-28 09:09:31.766 13511 13544 D NavServiceProvider: Setting units automatically
02-28 09:09:31.767 13511 13544 D NavServiceProvider: Detecting stop. distance_d=733.01666. stop_type=1 speed=10.307764
02-28 09:09:31.767 13511 13544 D NavigationTest: 101: (28.065696, -82.412172, 10.307764)	R:false  F:false
02-28 09:09:31.768 13511 13544 D NavigationTest: 102: (28.065696, -82.412172, 10.307764)	R:false  F:false
02-28 09:09:31.768 13511 13544 D NavServiceProvider: Second to last stop coordinates: 28.059175, -82.413421
02-28 09:09:31.768 13511 13544 D NavServiceProvider: Setting units automatically
02-28 09:09:31.769 13511 13544 D NavServiceProvider: Detecting stop. distance_d=734.8899. stop_type=1 speed=10.065411
02-28 09:09:31.769 13511 13544 D NavigationTest: 103: (28.065702, -82.412100, 10.065411)	R:false  F:false
02-28 09:09:31.769 13511 13544 D NavServiceProvider: Second to last stop coordinates: 28.059175, -82.413421
02-28 09:09:31.769 13511 13544 D NavServiceProvider: Setting units automatically
02-28 09:09:31.770 13511 13544 D NavServiceProvider: Detecting stop. distance_d=737.74445. stop_type=1 speed=9.581884
02-28 09:09:31.770 13511 13544 D NavigationTest: 104: (28.065711, -82.411996, 9.581884)	R:false  F:false
02-28 09:09:31.770 13511 13544 D NavigationTest: 105: (28.065711, -82.411996, 9.581884)	R:false  F:false
02-28 09:09:31.771 13511 13544 D NavServiceProvider: Second to last stop coordinates: 28.059175, -82.413421
02-28 09:09:31.771 13511 13544 D NavServiceProvider: Setting units automatically
02-28 09:09:31.772 13511 13544 D NavServiceProvider: Detecting stop. distance_d=739.26886. stop_type=1 speed=9.581884
02-28 09:09:31.772 13511 13544 D NavigationTest: 106: (28.065708, -82.411900, 9.581884)	R:false  F:false
02-28 09:09:31.772 13511 13544 D NavigationTest: 107: (28.065708, -82.411900, 9.581884)	R:false  F:false
02-28 09:09:31.772 13511 13544 D NavigationTest: 108: (28.065708, -82.411900, 9.581884)	R:false  F:false
02-28 09:09:31.772 13511 13544 D NavigationTest: 109: (28.065708, -82.411900, 9.581884)	R:false  F:false
02-28 09:09:31.772 13511 13544 D NavServiceProvider: Second to last stop coordinates: 28.059175, -82.413421
02-28 09:09:31.772 13511 13544 D NavServiceProvider: Setting units automatically
02-28 09:09:31.773 13511 13544 D NavServiceProvider: Detecting stop. distance_d=741.59955. stop_type=1 speed=10.307764
02-28 09:09:31.774 13511 13544 D NavigationTest: 110: (28.065710, -82.411797, 10.307764)	R:false  F:false
02-28 09:09:31.774 13511 13544 D NavServiceProvider: Second to last stop coordinates: 28.059175, -82.413421
02-28 09:09:31.774 13511 13544 D NavServiceProvider: Setting units automatically
02-28 09:09:31.775 13511 13544 D NavServiceProvider: Detecting stop. distance_d=743.4765. stop_type=1 speed=10.550474
02-28 09:09:31.775 13511 13544 D NavigationTest: 111: (28.065707, -82.411696, 10.550474)	R:false  F:false
02-28 09:09:31.775 13511 13544 D NavigationTest: 112: (28.065707, -82.411696, 10.550474)	R:false  F:false
02-28 09:09:31.775 13511 13544 D NavServiceProvider: Second to last stop coordinates: 28.059175, -82.413421
02-28 09:09:31.775 13511 13544 D NavServiceProvider: Setting units automatically
02-28 09:09:31.776 13511 13544 D NavServiceProvider: Detecting stop. distance_d=746.31604. stop_type=1 speed=10.793516
02-28 09:09:31.776 13511 13544 D NavigationTest: 113: (28.065710, -82.411587, 10.793516)	R:false  F:false
02-28 09:09:31.776 13511 13544 D NavigationTest: 114: (28.065710, -82.411587, 10.793516)	R:false  F:false
02-28 09:09:31.776 13511 13544 D NavServiceProvider: Second to last stop coordinates: 28.059175, -82.413421
02-28 09:09:31.777 13511 13544 D NavServiceProvider: Setting units automatically
02-28 09:09:31.778 13511 13544 D NavServiceProvider: Detecting stop. distance_d=749.02026. stop_type=1 speed=11.280514
02-28 09:09:31.778 13511 13544 D NavigationTest: 115: (28.065709, -82.411472, 11.280514)	R:false  F:false
02-28 09:09:31.778 13511 13544 D NavigationTest: 116: (28.065709, -82.411472, 11.280514)	R:false  F:false
02-28 09:09:31.778 13511 13544 D NavServiceProvider: Second to last stop coordinates: 28.059175, -82.413421
02-28 09:09:31.778 13511 13544 D NavServiceProvider: Setting units automatically
02-28 09:09:31.779 13511 13544 D NavServiceProvider: Detecting stop. distance_d=752.04456. stop_type=1 speed=11.52443
02-28 09:09:31.780 13511 13544 D NavigationTest: 117: (28.065709, -82.411355, 11.524430)	R:false  F:false
02-28 09:09:31.780 13511 13544 D NavServiceProvider: Second to last stop coordinates: 28.059175, -82.413421
02-28 09:09:31.780 13511 13544 D NavServiceProvider: Setting units automatically
02-28 09:09:31.781 13511 13544 D NavServiceProvider: Detecting stop. distance_d=755.4949. stop_type=1 speed=11.52443
02-28 09:09:31.782 13511 13544 D NavigationTest: 118: (28.065712, -82.411240, 11.524430)	R:false  F:false
02-28 09:09:31.782 13511 13544 D NavigationTest: 119: (28.065712, -82.411240, 11.524430)	R:false  F:false
02-28 09:09:31.782 13511 13544 D NavServiceProvider: Second to last stop coordinates: 28.059175, -82.413421
02-28 09:09:31.782 13511 13544 D NavServiceProvider: Setting units automatically
02-28 09:09:31.783 13511 13544 D NavServiceProvider: Detecting stop. distance_d=759.10925. stop_type=1 speed=11.280514
02-28 09:09:31.783 13511 13544 D NavigationTest: 120: (28.065714, -82.411121, 11.280514)	R:false  F:false
02-28 09:09:31.783 13511 13544 D NavigationTest: 121: (28.065714, -82.411121, 11.280514)	R:false  F:false
02-28 09:09:31.783 13511 13544 D NavServiceProvider: Second to last stop coordinates: 28.059175, -82.413421
02-28 09:09:31.784 13511 13544 D NavServiceProvider: Setting units automatically
02-28 09:09:31.785 13511 13544 D NavServiceProvider: Detecting stop. distance_d=762.06714. stop_type=1 speed=10.793516
02-28 09:09:31.785 13511 13544 D NavigationTest: 122: (28.065712, -82.411015, 10.793516)	R:false  F:false
02-28 09:09:31.785 13511 13544 D NavServiceProvider: Second to last stop coordinates: 28.059175, -82.413421
02-28 09:09:31.785 13511 13544 D NavServiceProvider: Setting units automatically
02-28 09:09:31.786 13511 13544 D NavServiceProvider: Detecting stop. distance_d=765.67847. stop_type=1 speed=10.307764
02-28 09:09:31.787 13511 13544 D NavigationTest: 123: (28.065718, -82.410919, 10.307764)	R:false  F:false
02-28 09:09:31.787 13511 13544 D NavigationTest: 124: (28.065718, -82.410919, 10.307764)	R:false  F:false
02-28 09:09:31.787 13511 13544 D NavServiceProvider: Second to last stop coordinates: 28.059175, -82.413421
02-28 09:09:31.787 13511 13544 D NavServiceProvider: Setting units automatically
02-28 09:09:31.788 13511 13544 D NavServiceProvider: Detecting stop. distance_d=768.95184. stop_type=1 speed=8.860023
02-28 09:09:31.788 13511 13544 D NavigationTest: 125: (28.065722, -82.410830, 8.860023)	R:false  F:false
02-28 09:09:31.788 13511 13544 D NavigationTest: 126: (28.065722, -82.410830, 8.860023)	R:false  F:false
02-28 09:09:31.788 13511 13544 D NavServiceProvider: Second to last stop coordinates: 28.059175, -82.413421
02-28 09:09:31.788 13511 13544 D NavServiceProvider: Setting units automatically
02-28 09:09:31.790 13511 13544 D NavServiceProvider: Detecting stop. distance_d=771.6673. stop_type=1 speed=7.668931
02-28 09:09:31.790 13511 13544 D NavigationTest: 127: (28.065724, -82.410754, 7.668931)	R:false  F:false
02-28 09:09:31.790 13511 13544 D NavigationTest: 128: (28.065724, -82.410754, 7.668931)	R:false  F:false
02-28 09:09:31.790 13511 13544 D NavServiceProvider: Second to last stop coordinates: 28.059175, -82.413421
02-28 09:09:31.790 13511 13544 D NavServiceProvider: Setting units automatically
02-28 09:09:31.792 13511 13544 D NavServiceProvider: Detecting stop. distance_d=772.9351. stop_type=1 speed=5.367728
02-28 09:09:31.792 13511 13544 D NavigationTest: 129: (28.065720, -82.410704, 5.367728)	R:false  F:false
02-28 09:09:31.792 13511 13544 D NavServiceProvider: Second to last stop coordinates: 28.059175, -82.413421
02-28 09:09:31.792 13511 13544 D NavServiceProvider: Setting units automatically
02-28 09:09:31.794 13511 13544 D NavServiceProvider: Detecting stop. distance_d=774.30273. stop_type=1 speed=4.71699
02-28 09:09:31.794 13511 13544 D NavigationTest: 130: (28.065720, -82.410664, 4.716990)	R:false  F:false
02-28 09:09:31.794 13511 13544 D NavigationTest: 131: (28.065720, -82.410664, 4.716990)	R:false  F:false
02-28 09:09:31.794 13511 13544 D NavServiceProvider: Second to last stop coordinates: 28.059175, -82.413421
02-28 09:09:31.794 13511 13544 D NavServiceProvider: Setting units automatically
02-28 09:09:31.796 13511 13544 D NavServiceProvider: Detecting stop. distance_d=776.2777. stop_type=1 speed=5.147815
02-28 09:09:31.796 13511 13544 D NavigationTest: 132: (28.065723, -82.410616, 5.147815)	R:false  F:false
02-28 09:09:31.796 13511 13544 D NavServiceProvider: Second to last stop coordinates: 28.059175, -82.413421
02-28 09:09:31.796 13511 13544 D NavServiceProvider: Setting units automatically
02-28 09:09:31.798 13511 13544 D NavServiceProvider: Detecting stop. distance_d=778.04034. stop_type=1 speed=6.041523
02-28 09:09:31.798 13511 13544 D NavigationTest: 133: (28.065722, -82.410563, 6.041523)	R:false  F:false
02-28 09:09:31.798 13511 13544 D NavigationTest: 134: (28.065722, -82.410563, 6.041523)	R:false  F:false
02-28 09:09:31.798 13511 13544 D NavServiceProvider: Second to last stop coordinates: 28.059175, -82.413421
02-28 09:09:31.798 13511 13544 D NavServiceProvider: Setting units automatically
02-28 09:09:31.800 13511 13544 D NavServiceProvider: Detecting stop. distance_d=780.7634. stop_type=1 speed=7.19809
02-28 09:09:31.800 13511 13544 D NavigationTest: 135: (28.065723, -82.410490, 7.198090)	R:false  F:false
02-28 09:09:31.800 13511 13544 D NavServiceProvider: Second to last stop coordinates: 28.059175, -82.413421
02-28 09:09:31.800 13511 13544 D NavServiceProvider: Setting units automatically
02-28 09:09:31.802 13511 13544 D NavServiceProvider: Detecting stop. distance_d=783.53174. stop_type=1 speed=8.143249
02-28 09:09:31.802 13511 13544 D NavigationTest: 136: (28.065721, -82.410409, 8.143249)	R:false  F:false
02-28 09:09:31.802 13511 13544 D NavigationTest: 137: (28.065721, -82.410409, 8.143249)	R:false  F:false
02-28 09:09:31.802 13511 13544 D NavServiceProvider: Second to last stop coordinates: 28.059175, -82.413421
02-28 09:09:31.803 13511 13544 D NavServiceProvider: Setting units automatically
02-28 09:09:31.804 13511 13544 D NavServiceProvider: Detecting stop. distance_d=787.27454. stop_type=1 speed=9.100138
02-28 09:09:31.804 13511 13544 D NavigationTest: 138: (28.065723, -82.410315, 9.100138)	R:false  F:false
02-28 09:09:31.804 13511 13544 D NavServiceProvider: Second to last stop coordinates: 28.059175, -82.413421
02-28 09:09:31.805 13511 13544 D NavServiceProvider: Setting units automatically
02-28 09:09:31.806   871  6793 D audio_hw_primary: adev_get_parameters:vr_audio_mode_on
02-28 09:09:31.806   871  6793 I audio_hw_primary: getting vr mode to 0
02-28 09:09:31.806 13511 13544 D NavServiceProvider: Detecting stop. distance_d=791.0766. stop_type=1 speed=10.065411
02-28 09:09:31.806   871  6793 D audio_hw_primary: adev_get_parameters: exit: returns - vr_audio_mode_on=false
02-28 09:09:31.806 13511 13544 D NavigationTest: 139: (28.065722, -82.410214, 10.065411)	R:false  F:false
02-28 09:09:31.806 13511 13544 D NavigationTest: 140: (28.065722, -82.410214, 10.065411)	R:false  F:false
02-28 09:09:31.806 13511 13544 D NavServiceProvider: Second to last stop coordinates: 28.059175, -82.413421
02-28 09:09:31.806   959  7905 I hash_map_utils: key: 'vr_audio_mode_on' value: ''
02-28 09:09:31.806 13511 13544 D NavServiceProvider: Setting units automatically
02-28 09:09:31.806   959  7905 I AudioPolicyManagerCustom: VR mode is 0, switch to primary output if request is for fast|raw
02-28 09:09:31.807   959  7905 I AudioPolicyManagerCustom: setting force DEEP buffer now
02-28 09:09:31.807   959  7905 D AudioFlinger: Client defaulted notificationFrames to 2048 for frameCount 4096
02-28 09:09:31.808 13511 13544 D NavServiceProvider: Detecting stop. distance_d=794.7214. stop_type=1 speed=11.03687
02-28 09:09:31.808 13511 13544 D NavigationTest: 141: (28.065718, -82.410112, 11.036870)	R:false  F:false
02-28 09:09:31.808 13511 13544 D NavigationTest: 142: (28.065718, -82.410112, 11.036870)	R:false  F:false
02-28 09:09:31.808 13511 13544 D NavigationTest: 143: (28.065718, -82.410112, 11.036870)	R:false  F:false
02-28 09:09:31.808 13511 13544 D NavigationTest: 144: (28.065718, -82.410112, 11.036870)	R:false  F:false
02-28 09:09:31.808 13511 13544 D NavServiceProvider: Second to last stop coordinates: 28.059175, -82.413421
02-28 09:09:31.808   959  7905 D AF::TrackHandle: OpPlayAudio: track:182 usage:1 not muted
02-28 09:09:31.808 13511 13544 D NavServiceProvider: Setting units automatically
02-28 09:09:31.810 13511 13544 D NavServiceProvider: Detecting stop. distance_d=799.4981. stop_type=1 speed=11.768602
02-28 09:09:31.810 13511 13544 D NavigationTest: 145: (28.065718, -82.409995, 11.768602)	R:false  F:false
02-28 09:09:31.810 13511 13544 D NavServiceProvider: Second to last stop coordinates: 28.059175, -82.413421
02-28 09:09:31.810 13511 13544 D NavServiceProvider: Setting units automatically
02-28 09:09:31.812 13511 13544 D NavServiceProvider: Detecting stop. distance_d=804.65186. stop_type=1 speed=12.25765
02-28 09:09:31.812 13511 13544 D NavigationTest: 146: (28.065717, -82.409870, 12.257650)	R:false  F:false
02-28 09:09:31.812 13511 13544 D NavigationTest: 147: (28.065717, -82.409870, 12.257650)	R:false  F:false
02-28 09:09:31.812 13511 13544 D NavServiceProvider: Second to last stop coordinates: 28.059175, -82.413421
02-28 09:09:31.813  2666  3413 D Avrcp_ext: AudioManager Player: ID:23 -- type:android.media.SoundPool -- u/pid:10126/2688 -- state:idle -- attr:AudioAttributes: usage=USAGE_ASSISTANCE_SONIFICATION content=CONTENT_TYPE_SONIFICATION flags=0x800 tags= bundle=null
02-28 09:09:31.813  2666  3413 D Avrcp_ext: AudioManager Player: ID:1047 -- type:android.media.AudioTrack -- u/pid:10088/13579 -- state:started -- attr:AudioAttributes: usage=USAGE_MEDIA content=CONTENT_TYPE_SPEECH flags=0x800 tags= bundle=null
02-28 09:09:31.813  2666  3413 D Avrcp_ext: AudioManager isPlaying: true
02-28 09:09:31.813  2666  3413 V Avrcp_ext: updateCurrentMediaState: mMediaController: null
02-28 09:09:31.813  2666  3413 V Avrcp_ext: isMusicActive: false getBluetoothPlayState: 2
02-28 09:09:31.813  2666  3413 V Avrcp_ext: updateCurrentMediaState: isPlaying = false
02-28 09:09:31.813  2666  3413 V Avrcp_ext: Media update: id -1➡-1? [MediaAttributes: none] : [MediaAttributes: none]
02-28 09:09:31.813  2666  3413 V Avrcp_ext: newPlayStatus:2mReportedPlayStatus:-1
02-28 09:09:31.813  2666  3413 V Avrcp_ext: updatePlaybackState, state: PlaybackState {state=2, position=-1, buffered position=0, speed=0.0, updated=1775144, actions=0, custom actions=[], active item id=-1, error=null} device: null
02-28 09:09:31.813  2666  3413 V Avrcp_ext: Device: no name:
02-28 09:09:31.813  2666  3413 V Avrcp_ext: Device: no name:
02-28 09:09:31.813 13511 13544 D NavServiceProvider: Setting units automatically
02-28 09:09:31.813  2666  3413 V Avrcp_ext: Device: no name:
02-28 09:09:31.813  2666  3413 I chatty  : uid=1002(bluetooth) BluetoothAvrcpH identical 1 line
02-28 09:09:31.813  2666  3413 V Avrcp_ext: Device: no name:
02-28 09:09:31.813  2666  3413 V Avrcp_ext: updatePlayerStateAndPosition, old=PlaybackState {state=2, position=-1, buffered position=0, speed=0.0, updated=1774892, actions=0, custom actions=[], active item id=-1, error=null}, state=PlaybackState {state=2, position=-1, buffered position=0, speed=0.0, updated=1775144, actions=0, custom actions=[], active item id=-1, error=null}
02-28 09:09:31.813  2666  3413 V Avrcp_ext: old state = PlaybackState {state=2, position=-1, buffered position=0, speed=0.0, updated=1774892, actions=0, custom actions=[], active item id=-1, error=null}, new state= PlaybackState {state=2, position=-1, buffered position=0, speed=0.0, updated=1775144, actions=0, custom actions=[], active item id=-1, error=null}
02-28 09:09:31.813  2666  3413 D HeadsetService: getHeadsetService(): returning com.android.bluetooth.hfp.HeadsetService@8a04d28
02-28 09:09:31.814  2666  3413 D HeadsetService:  isAudioOn: The number of audio connected devices 0
02-28 09:09:31.814  2666  3413 D HeadsetService: isScoOrCallActive(): Call Active:falseCall is Ringing:falseSCO is Active:false
02-28 09:09:31.814  2666  3413 D HeadsetService:  isAudioOn: The number of audio connected devices 0
02-28 09:09:31.814  2666  3413 I Avrcp_ext: updatePlayStatusForDevice: device: null
02-28 09:09:31.814  2666  3413 V Avrcp_ext: updatePlaybackState (1): old=PlaybackState {state=2, position=-1, buffered position=0, speed=0.0, updated=1774892, actions=0, custom actions=[], active item id=-1, error=null}(2), new=PlaybackState {state=2, position=-1, buffered position=0, speed=0.0, updated=1775144, actions=0, custom actions=[], active item id=-1, error=null}(2)
02-28 09:09:31.814  2666  3413 I Avrcp_ext: Exit updatePlayStatusForDevice
02-28 09:09:31.814  2666  3413 D HeadsetService:  isAudioOn: The number of audio connected devices 0
02-28 09:09:31.814  2666  3413 D HeadsetService: isScoOrCallActive(): Call Active:falseCall is Ringing:falseSCO is Active:false
02-28 09:09:31.815  2666  3413 D HeadsetService:  isAudioOn: The number of audio connected devices 0
02-28 09:09:31.815  2666  3413 I Avrcp_ext: updatePlayStatusForDevice: device: null
02-28 09:09:31.815  2666  3413 V Avrcp_ext: updatePlaybackState (1): old=PlaybackState {state=2, position=-1, buffered position=0, speed=0.0, updated=1774892, actions=0, custom actions=[], active item id=-1, error=null}(2), new=PlaybackState {state=2, position=-1, buffered position=0, speed=0.0, updated=1775144, actions=0, custom actions=[], active item id=-1, error=null}(2)
02-28 09:09:31.815  2666  3413 I Avrcp_ext: Exit updatePlayStatusForDevice
02-28 09:09:31.815  2666  3413 D HeadsetService:  isAudioOn: The number of audio connected devices 0
