02-28 09:09:38.731 13511 13544 D NavigationTest: 161: (28.038301, -82.434588, 10.300175)	R:false  F:false
02-28 09:09:38.731 13511 13544 D NavigationTest: 162: (28.038301, -82.434588, 10.300175)	R:false  F:false
02-28 09:09:38.731 13511 13544 D NavServiceProvider: Second to last stop coordinates: 28.047024, -82.434526
02-28 09:09:38.731 13511 13544 D NavServiceProvider: Setting units automatically
02-28 09:09:38.732 13511 13544 D NavServiceProvider: Detecting stop. distance_d=956.17957. stop_type=1 speed=10.290044
02-28 09:09:38.732 13511 13544 D NavigationTest: 163: (28.038396, -82.434594, 10.290044)	R:false  F:false
02-28 09:09:38.732 13511 13544 D NavigationTest: 164: (28.038396, -82.434594, 10.290044)	R:false  F:false
02-28 09:09:38.732 13511 13544 D NavServiceProvider: Second to last stop coordinates: 28.047024, -82.434526
02-28 09:09:38.732 13511 13544 D NavServiceProvider: Setting units automatically
02-28 09:09:38.733 13511 13544 D NavServiceProvider: Detecting stop. distance_d=945.87213. stop_type=1 speed=10.370005
02-28 09:09:38.733 13511 13544 D NavigationTest: 165: (28.038489, -82.434592, 10.370005)	R:false  F:false
02-28 09:09:38.734 13511 13544 D NavigationTest: 166: (28.038489, -82.434592, 10.370005)	R:false  F:false
02-28 09:09:38.734 13511 13544 D NavServiceProvider: Second to last stop coordinates: 28.047024, -82.434526
02-28 09:09:38.734 13511 13544 D NavServiceProvider: Setting units automatically
02-28 09:09:38.735 13511 13544 D NavServiceProvider: Detecting stop. distance_d=935.02515. stop_type=1 speed=10.202823
02-28 09:09:38.735 13511 13544 D NavigationTest: 167: (28.038587, -82.434609, 10.202823)	R:false  F:false
02-28 09:09:38.735 13511 13544 D NavServiceProvider: Second to last stop coordinates: 28.047024, -82.434526
02-28 09:09:38.735 13511 13544 D NavServiceProvider: Setting units automatically
02-28 09:09:38.736 13511 13544 D NavServiceProvider: Detecting stop. distance_d=925.0562. stop_type=1 speed=10.151778
02-28 09:09:38.736 13511 13544 D NavigationTest: 168: (28.038677, -82.434614, 10.151778)	R:false  F:false
02-28 09:09:38.736 13511 13544 D NavigationTest: 169: (28.038677, -82.434614, 10.151778)	R:false  F:false
02-28 09:09:38.736 13511 13544 D NavServiceProvider: Second to last stop coordinates: 28.047024, -82.434526
02-28 09:09:38.737 13511 13544 D NavServiceProvider: Setting units automatically
02-28 09:09:38.738 13511 13544 D NavServiceProvider: Detecting stop. distance_d=913.6386. stop_type=1 speed=10.202823
02-28 09:09:38.738 13511 13544 D NavigationTest: 170: (28.038780, -82.434610, 10.202823)	R:false  F:false
02-28 09:09:38.738 13511 13544 D NavigationTest: 171: (28.038780, -82.434610, 10.202823)	R:false  F:false
02-28 09:09:38.738 13511 13544 D NavigationTest: 172: (28.038780, -82.434610, 10.202823)	R:false  F:false
02-28 09:09:38.738 13511 13544 D NavServiceProvider: Second to last stop coordinates: 28.047024, -82.434526
02-28 09:09:38.738 13511 13544 D NavServiceProvider: Setting units automatically
02-28 09:09:38.739 13511 13544 D NavServiceProvider: Detecting stop. distance_d=903.43835. stop_type=1 speed=9.891825
02-28 09:09:38.739 13511 13544 D NavigationTest: 173: (28.038872, -82.434604, 9.891825)	R:false  F:false
02-28 09:09:38.739 13511 13544 D NavigationTest: 174: (28.038872, -82.434604, 9.891825)	R:false  F:false
02-28 09:09:38.739 13511 13544 D NavServiceProvider: Second to last stop coordinates: 28.047024, -82.434526
02-28 09:09:38.740 13511 13544 D NavServiceProvider: Setting units automatically
02-28 09:09:38.741 13511 13544 D NavServiceProvider: Detecting stop. distance_d=892.0235. stop_type=1 speed=9.530425
02-28 09:09:38.741 13511 13544 D NavigationTest: 175: (28.038975, -82.434603, 9.530425)	R:false  F:false
02-28 09:09:38.741 13511 13544 D NavServiceProvider: Second to last stop coordinates: 28.047024, -82.434526
02-28 09:09:38.741 13511 13544 D NavServiceProvider: Setting units automatically
02-28 09:09:38.743 13511 13544 D NavServiceProvider: Detecting stop. distance_d=882.72015. stop_type=1 speed=9.210136
02-28 09:09:38.743 13511 13544 D NavigationTest: 176: (28.039059, -82.434609, 9.210136)	R:false  F:false
02-28 09:09:38.743 13511 13544 D NavigationTest: 177: (28.039059, -82.434609, 9.210136)	R:false  F:false
02-28 09:09:38.743 13511 13544 D NavServiceProvider: Second to last stop coordinates: 28.047024, -82.434526
02-28 09:09:38.744 13511 13544 D NavServiceProvider: Setting units automatically
02-28 09:09:38.745 13511 13544 D NavServiceProvider: Detecting stop. distance_d=874.5317. stop_type=1 speed=8.842992
02-28 09:09:38.745 13511 13544 D NavigationTest: 178: (28.039133, -82.434621, 8.842992)	R:false  F:false
02-28 09:09:38.745 13511 13544 D NavigationTest: 179: (28.039133, -82.434621, 8.842992)	R:false  F:false
02-28 09:09:38.745 13511 13544 D NavServiceProvider: Second to last stop coordinates: 28.047024, -82.434526
02-28 09:09:38.745 13511 13544 D NavServiceProvider: Setting units automatically
02-28 09:09:38.747 13511 13544 D NavServiceProvider: Detecting stop. distance_d=865.66345. stop_type=1 speed=8.452864
02-28 09:09:38.747 13511 13544 D NavigationTest: 180: (28.039213, -82.434618, 8.452864)	R:false  F:false
02-28 09:09:38.747 13511 13544 D NavServiceProvider: Second to last stop coordinates: 28.047024, -82.434526
02-28 09:09:38.747 13511 13544 D NavServiceProvider: Setting units automatically
02-28 09:09:38.750 13511 13544 D NavServiceProvider: Detecting stop. distance_d=858.9059. stop_type=1 speed=8.290054
02-28 09:09:38.750 13511 13544 D NavigationTest: 181: (28.039274, -82.434620, 8.290054)	R:false  F:false
02-28 09:09:38.750 13511 13544 D NavigationTest: 182: (28.039274, -82.434620, 8.290054)	R:false  F:false
02-28 09:09:38.750 13511 13544 D NavServiceProvider: Second to last stop coordinates: 28.047024, -82.434526
02-28 09:09:38.751 13511 13544 D NavServiceProvider: Setting units automatically
02-28 09:09:38.752 13511 13544 D NavServiceProvider: Detecting stop. distance_d=849.04346. stop_type=1 speed=8.610284
02-28 09:09:38.752 13511 13544 D NavigationTest: 183: (28.039363, -82.434620, 8.610284)	R:false  F:false
02-28 09:09:38.752 13511 13544 D NavigationTest: 184: (28.039363, -82.434620, 8.610284)	R:false  F:false
02-28 09:09:38.752 13511 13544 D NavServiceProvider: Second to last stop coordinates: 28.047024, -82.434526
02-28 09:09:38.753 13511 13544 D NavServiceProvider: Setting units automatically
02-28 09:09:38.754 13511 13544 D NavServiceProvider: Detecting stop. distance_d=840.4. stop_type=1 speed=8.066139
02-28 09:09:38.754 13511 13544 D NavigationTest: 185: (28.039441, -82.434620, 8.066139)	R:false  F:false
02-28 09:09:38.754 13511 13544 D NavigationTest: 186: (28.039441, -82.434620, 8.066139)	R:false  F:false
02-28 09:09:38.754 13511 13544 D NavServiceProvider: Second to last stop coordinates: 28.047024, -82.434526
02-28 09:09:38.754 13511 13544 D NavServiceProvider: Setting units automatically
02-28 09:09:38.756 13511 13544 D NavServiceProvider: Detecting stop. distance_d=832.6299. stop_type=1 speed=7.955287
02-28 09:09:38.756 13511 13544 D NavigationTest: 187: (28.039511, -82.434607, 7.955287)	R:false  F:false
02-28 09:09:38.756 13511 13544 D NavigationTest: 188: (28.039511, -82.434607, 7.955287)	R:false  F:false
02-28 09:09:38.756 13511 13544 D NavServiceProvider: Second to last stop coordinates: 28.047024, -82.434526
02-28 09:09:38.756 13511 13544 D NavServiceProvider: Setting units automatically
02-28 09:09:38.757 13511 13544 D NavServiceProvider: Detecting stop. distance_d=826.2983. stop_type=1 speed=7.270028
02-28 09:09:38.757 13511 13544 D NavigationTest: 189: (28.039568, -82.434589, 7.270028)	R:false  F:false
02-28 09:09:38.757 13511 13544 D NavServiceProvider: Second to last stop coordinates: 28.047024, -82.434526
02-28 09:09:38.758 13511 13544 D NavServiceProvider: Setting units automatically
02-28 09:09:38.759 13511 13544 D NavServiceProvider: Detecting stop. distance_d=818.86487. stop_type=1 speed=6.260072
02-28 09:09:38.759 13511 13544 D NavigationTest: 190: (28.039635, -82.434576, 6.260072)	R:false  F:false
02-28 09:09:38.759 13511 13544 D NavigationTest: 191: (28.039635, -82.434576, 6.260072)	R:false  F:false
02-28 09:09:38.759 13511 13544 D NavServiceProvider: Second to last stop coordinates: 28.047024, -82.434526
02-28 09:09:38.760 13511 13544 D NavServiceProvider: Setting units automatically
02-28 09:09:38.761 13511 13544 D NavServiceProvider: Detecting stop. distance_d=816.3085. stop_type=1 speed=4.017176
02-28 09:09:38.761 13511 13544 D NavigationTest: 192: (28.039658, -82.434561, 4.017176)	R:false  F:false
02-28 09:09:38.761 13511 13544 D NavigationTest: 193: (28.039658, -82.434561, 4.017176)	R:false  F:false
02-28 09:09:38.761 13511 13544 D NavServiceProvider: Second to last stop coordinates: 28.047024, -82.434526
02-28 09:09:38.762 13511 13544 D NavServiceProvider: Setting units automatically
02-28 09:09:38.763 13511 13544 D NavServiceProvider: Detecting stop. distance_d=814.09796. stop_type=1 speed=1.711286
02-28 09:09:38.763 13511 13544 D NavigationTest: 194: (28.039678, -82.434573, 1.711286)	R:false  F:false
02-28 09:09:38.763 13511 13544 D NavigationTest: 195: (28.039678, -82.434573, 1.711286)	R:false  F:false
02-28 09:09:38.763 13511 13544 D NavServiceProvider: Second to last stop coordinates: 28.047024, -82.434526
02-28 09:09:38.763 13511 13544 D NavServiceProvider: Setting units automatically
02-28 09:09:38.764 13511 13544 D NavServiceProvider: Detecting stop. distance_d=811.6611. stop_type=1 speed=1.183427
02-28 09:09:38.765 13511 13544 D NavigationTest: 196: (28.039700, -82.434575, 1.183427)	R:false  F:false
02-28 09:09:38.765 13511 13544 D NavServiceProvider: Second to last stop coordinates: 28.047024, -82.434526
02-28 09:09:38.765 13511 13544 D NavServiceProvider: Setting units automatically
02-28 09:09:38.766 13511 13544 D NavServiceProvider: Detecting stop. distance_d=813.4474. stop_type=1 speed=1.568184
02-28 09:09:38.766 13511 13544 D NavigationTest: 197: (28.039684, -82.434594, 1.568184)	R:false  F:false
02-28 09:09:38.767 13511 13544 D NavigationTest: 198: (28.039684, -82.434594, 1.568184)	R:false  F:false
02-28 09:09:38.767 13511 13544 D NavServiceProvider: Second to last stop coordinates: 28.047024, -82.434526
02-28 09:09:38.767 13511 13544 D NavServiceProvider: Setting units automatically
02-28 09:09:38.768 13511 13544 D NavServiceProvider: Detecting stop. distance_d=813.57465. stop_type=1 speed=1.865074
02-28 09:09:38.768 13511 13544 D NavigationTest: 199: (28.039683, -82.434612, 1.865074)	R:false  F:false
02-28 09:09:38.768 13511 13544 D NavigationTest: 200: (28.039683, -82.434612, 1.865074)	R:false  F:false
02-28 09:09:38.768 13511 13544 D NavServiceProvider: Second to last stop coordinates: 28.047024, -82.434526
02-28 09:09:38.769 13511 13544 D NavServiceProvider: Setting units automatically
02-28 09:09:38.770 13511 13544 D NavServiceProvider: Detecting stop. distance_d=813.8166. stop_type=1 speed=1.865074
02-28 09:09:38.770 13511 13544 D NavigationTest: 201: (28.039681, -82.434630, 1.865074)	R:false  F:false
02-28 09:09:38.770 13511 13544 D NavServiceProvider: Second to last stop coordinates: 28.047024, -82.434526
02-28 09:09:38.771 13511 13544 D NavServiceProvider: Setting units automatically
02-28 09:09:38.773 13511 13544 D NavServiceProvider: Detecting stop. distance_d=815.4463. stop_type=1 speed=1.880239
02-28 09:09:38.773 13511 13544 D NavigationTest: 202: (28.039667, -82.434681, 1.880239)	R:false  F:false
02-28 09:09:38.773 13511 13544 D NavigationTest: 203: (28.039667, -82.434681, 1.880239)	R:false  F:false
02-28 09:09:38.773 13511 13544 D NavServiceProvider: Second to last stop coordinates: 28.047024, -82.434526
02-28 09:09:38.773 13511 13544 D NavServiceProvider: Setting units automatically
02-28 09:09:38.775 13511 13544 D NavServiceProvider: Detecting stop. distance_d=815.68646. stop_type=1 speed=0.77666
02-28 09:09:38.775 13511 13544 D NavigationTest: 204: (28.039664, -82.434618, 0.776660)	R:false  F:false
02-28 09:09:38.775 13511 13544 D NavigationTest: 205: (28.039664, -82.434618, 0.776660)	R:false  F:false
02-28 09:09:38.775 13511 13544 D NavServiceProvider: Second to last stop coordinates: 28.047024, -82.434526
02-28 09:09:38.775   871   911 D audio_hw_primary: adev_get_parameters:vr_audio_mode_on
02-28 09:09:38.775   871   911 I audio_hw_primary: getting vr mode to 0
02-28 09:09:38.775   871   911 D audio_hw_primary: adev_get_parameters: exit: returns - vr_audio_mode_on=false
02-28 09:09:38.775   959  2593 I hash_map_utils: key: 'vr_audio_mode_on' value: ''
02-28 09:09:38.776   959  2593 I AudioPolicyManagerCustom: VR mode is 0, switch to primary output if request is for fast|raw
02-28 09:09:38.776 13511 13544 D NavServiceProvider: Setting units automatically
02-28 09:09:38.776   959  2593 I AudioPolicyManagerCustom: setting force DEEP buffer now
02-28 09:09:38.776   959  2593 D AudioFlinger: Client defaulted notificationFrames to 2048 for frameCount 4096
02-28 09:09:38.777   959  2593 D AF::TrackHandle: OpPlayAudio: track:194 usage:1 not muted
02-28 09:09:38.778 13511 13544 D NavServiceProvider: Detecting stop. distance_d=815.8959. stop_type=1 speed=0.775242
02-28 09:09:38.778 13511 13544 D NavigationTest: 206: (28.039662, -82.434606, 0.775242)	R:false  F:false
02-28 09:09:38.778 13511 13544 D NavigationTest: 207: (28.039662, -82.434606, 0.775242)	R:false  F:false
02-28 09:09:38.778 13511 13544 D NavServiceProvider: Second to last stop coordinates: 28.047024, -82.434526
02-28 09:09:38.778 13511 13544 D NavServiceProvider: Setting units automatically
02-28 09:09:38.780 13511 13544 D NavServiceProvider: Detecting stop. distance_d=815.3418. stop_type=1 speed=0.45
02-28 09:09:38.780 13511 13544 D NavigationTest: 208: (28.039667, -82.434606, 0.450000)	R:false  F:false
02-28 09:09:38.780 13511 13544 D NavigationTest: 209: (28.039667, -82.434606, 0.450000)	R:false  F:false
02-28 09:09:38.780 13511 13544 D NavServiceProvider: Second to last stop coordinates: 28.047024, -82.434526
02-28 09:09:38.781 13511 13544 D NavServiceProvider: Setting units automatically
02-28 09:09:38.782 13511 13544 D NavServiceProvider: Detecting stop. distance_d=818.0312. stop_type=1 speed=0.93771
02-28 09:09:38.782 13511 13544 D NavigationTest: 210: (28.039643, -82.434633, 0.937710)	R:false  F:false
02-28 09:09:38.782 13511 13544 D NavServiceProvider: Second to last stop coordinates: 28.047024, -82.434526
02-28 09:09:38.782  2666  3413 D Avrcp_ext: AudioManager Player: ID:23 -- type:android.media.SoundPool -- u/pid:10126/2688 -- state:idle -- attr:AudioAttributes: usage=USAGE_ASSISTANCE_SONIFICATION content=CONTENT_TYPE_SONIFICATION flags=0x800 tags= bundle=null
02-28 09:09:38.782  2666  3413 D Avrcp_ext: AudioManager Player: ID:1143 -- type:android.media.AudioTrack -- u/pid:10088/13579 -- state:started -- attr:AudioAttributes: usage=USAGE_MEDIA content=CONTENT_TYPE_SPEECH flags=0x800 tags= bundle=null
02-28 09:09:38.782  2666  3413 D Avrcp_ext: AudioManager isPlaying: true
02-28 09:09:38.782  2666  3413 V Avrcp_ext: updateCurrentMediaState: mMediaController: null
02-28 09:09:38.782 13511 13544 D NavServiceProvider: Setting units automatically
02-28 09:09:38.783  2666  3413 V Avrcp_ext: isMusicActive: false getBluetoothPlayState: 2
02-28 09:09:38.783  2666  3413 V Avrcp_ext: updateCurrentMediaState: isPlaying = false
02-28 09:09:38.783  2666  3413 V Avrcp_ext: Media update: id -1-1? [MediaAttributes: none] : [MediaAttributes: none]
02-28 09:09:38.783  2666  3413 V Avrcp_ext: newPlayStatus:2mReportedPlayStatus:-1
02-28 09:09:38.783  2666  3413 V Avrcp_ext: updatePlaybackState, state: PlaybackState {state=2, position=-1, buffered position=0, speed=0.0, updated=1782114, actions=0, custom actions=[], active item id=-1, error=null} device: null
02-28 09:09:38.783  2666  3413 V Avrcp_ext: Device: no name:
02-28 09:09:38.783  2666  3413 I chatty  : uid=1002(bluetooth) BluetoothAvrcpH identical 3 lines
02-28 09:09:38.783  2666  3413 V Avrcp_ext: Device: no name:
02-28 09:09:38.784  2666  3413 V Avrcp_ext: updatePlayerStateAndPosition, old=PlaybackState {state=2, position=-1, buffered position=0, speed=0.0, updated=1781831, actions=0, custom actions=[], active item id=-1, error=null}, state=PlaybackState {state=2, position=-1, buffered position=0, speed=0.0, updated=1782114, actions=0, custom actions=[], active item id=-1, error=null}
02-28 09:09:38.784  2666  3413 V Avrcp_ext: old state = PlaybackState {state=2, position=-1, buffered position=0, speed=0.0, updated=1781831, actions=0, custom actions=[], active item id=-1, error=null}, new state= PlaybackState {state=2, position=-1, buffered position=0, speed=0.0, updated=1782114, actions=0, custom actions=[], active item id=-1, error=null}
02-28 09:09:38.784  2666  3413 D HeadsetService: getHeadsetService(): returning com.android.bluetooth.hfp.HeadsetService@8a04d28
02-28 09:09:38.784 13511 13544 D NavServiceProvider: Detecting stop. distance_d=818.21497. stop_type=1 speed=0.990404
02-28 09:09:38.784 13511 13544 D NavigationTest: 211: (28.039641, -82.434597, 0.990404)	R:false  F:false
02-28 09:09:38.784 13511 13544 D NavServiceProvider: Second to last stop coordinates: 28.047024, -82.434526
02-28 09:09:38.784  2666  3413 D HeadsetService:  isAudioOn: The number of audio connected devices 0
02-28 09:09:38.784 13511 13544 D NavServiceProvider: Setting units automatically
02-28 09:09:38.784  2666  3413 D HeadsetService: isScoOrCallActive(): Call Active:falseCall is Ringing:falseSCO is Active:false
02-28 09:09:38.785  2666  3413 D HeadsetService:  isAudioOn: The number of audio connected devices 0
02-28 09:09:38.785  2666  3413 I Avrcp_ext: updatePlayStatusForDevice: device: null
02-28 09:09:38.785  2666  3413 V Avrcp_ext: updatePlaybackState (1): old=PlaybackState {state=2, position=-1, buffered position=0, speed=0.0, updated=1781831, actions=0, custom actions=[], active item id=-1, error=null}(2), new=PlaybackState {state=2, position=-1, buffered position=0, speed=0.0, updated=1782114, actions=0, custom actions=[], active item id=-1, error=null}(2)
02-28 09:09:38.785  2666  3413 I Avrcp_ext: Exit updatePlayStatusForDevice
02-28 09:09:38.786  2666  3413 D HeadsetService:  isAudioOn: The number of audio connected devices 0
02-28 09:09:38.786  2666  3413 D HeadsetService: isScoOrCallActive(): Call Active:falseCall is Ringing:falseSCO is Active:false
02-28 09:09:38.786 13511 13544 D NavServiceProvider: Detecting stop. distance_d=820.1811. stop_type=1 speed=0.713092
02-28 09:09:38.786  2666  3413 D HeadsetService:  isAudioOn: The number of audio connected devices 0
02-28 09:09:38.786  2666  3413 I Avrcp_ext: updatePlayStatusForDevice: device: null
02-28 09:09:38.786  2666  3413 V Avrcp_ext: updatePlaybackState (1): old=PlaybackState {state=2, position=-1, buffered position=0, speed=0.0, updated=1781831, actions=0, custom actions=[], active item id=-1, error=null}(2), new=PlaybackState {state=2, position=-1, buffered position=0, speed=0.0, updated=1782114, actions=0, custom actions=[], active item id=-1, error=null}(2)
02-28 09:09:38.786 13511 13544 D NavigationTest: 212: (28.039623, -82.434512, 0.713092)	R:false  F:false
02-28 09:09:38.786  2666  3413 I Avrcp_ext: Exit updatePlayStatusForDevice
02-28 09:09:38.786 13511 13544 D NavigationTest: 213: (28.039623, -82.434512, 0.713092)	R:false  F:false
02-28 09:09:38.786 13511 13544 D NavServiceProvider: Second to last stop coordinates: 28.047024, -82.434526
02-28 09:09:38.786  2666  3413 D HeadsetService:  isAudioOn: The number of audio connected devices 0
02-28 09:09:38.786  2666  3413 D HeadsetService: isScoOrCallActive(): Call Active:falseCall is Ringing:falseSCO is Active:false
02-28 09:09:38.786  2666  3413 D HeadsetService:  isAudioOn: The number of audio connected devices 0
02-28 09:09:38.787  2666  3413 I Avrcp_ext: updatePlayStatusForDevice: device: null
02-28 09:09:38.787  2666  3413 V Avrcp_ext: updatePlaybackState (1): old=PlaybackState {state=2, position=-1, buffered position=0, speed=0.0, updated=1781831, actions=0, custom actions=[], active item id=-1, error=null}(2), new=PlaybackState {state=2, position=-1, buffered position=0, speed=0.0, updated=1782114, actions=0, custom actions=[], active item id=-1, error=null}(2)
02-28 09:09:38.787  2666  3413 I Avrcp_ext: Exit updatePlayStatusForDevice
02-28 09:09:38.787 13511 13544 D NavServiceProvider: Setting units automatically
02-28 09:09:38.787  2666  3413 D HeadsetService:  isAudioOn: The number of audio connected devices 0
02-28 09:09:38.787  2666  3413 D HeadsetService: isScoOrCallActive(): Call Active:falseCall is Ringing:falseSCO is Active:false
02-28 09:09:38.787  2666  3413 D HeadsetService:  isAudioOn: The number of audio connected devices 0
02-28 09:09:38.787  2666  3413 I Avrcp_ext: updatePlayStatusForDevice: device: null
02-28 09:09:38.787  2666  3413 V Avrcp_ext: updatePlaybackState (1): old=PlaybackState {state=2, position=-1, buffered position=0, speed=0.0, updated=1781831, actions=0, custom actions=[], active item id=-1, error=null}(2), new=PlaybackState {state=2, position=-1, buffered position=0, speed=0.0, updated=1782114, actions=0, custom actions=[], active item id=-1, error=null}(2)
02-28 09:09:38.787  2666  3413 I Avrcp_ext: Exit updatePlayStatusForDevice
02-28 09:09:38.787  2666  3413 D HeadsetService:  isAudioOn: The number of audio connected devices 0
02-28 09:09:38.787  2666  3413 D HeadsetService: isScoOrCallActive(): Call Active:falseCall is Ringing:falseSCO is Active:false
02-28 09:09:38.788  2666  3413 D HeadsetService:  isAudioOn: The number of audio connected devices 0
02-28 09:09:38.788  2666  3413 I Avrcp_ext: updatePlayStatusForDevice: device: null
02-28 09:09:38.788  2666  3413 V Avrcp_ext: updatePlaybackState (1): old=PlaybackState {state=2, position=-1, buffered position=0, speed=0.0, updated=1781831, actions=0, custom actions=[], active item id=-1, error=null}(2), new=PlaybackState {state=2, position=-1, buffered position=0, speed=0.0, updated=1782114, actions=0, custom actions=[], active item id=-1, error=null}(2)
02-28 09:09:38.788  2666  3413 I Avrcp_ext: Exit updatePlayStatusForDevice
02-28 09:09:38.788  2666  3413 D Avrcp_ext: Enter sendPlayPosNotificationRsp
02-28 09:09:38.788  2666  3413 D Avrcp_ext: sendPlayPosNotificationRsp: Not registered or requesting.
02-28 09:09:38.788  2666  3413 D Avrcp_ext: Enter sendPlayPosNotificationRsp
02-28 09:09:38.788  2666  3413 D Avrcp_ext: sendPlayPosNotificationRsp: Not registered or requesting.
02-28 09:09:38.788  2666  3413 D Avrcp_ext: Enter sendPlayPosNotificationRsp
02-28 09:09:38.788  2666  3413 D Avrcp_ext: sendPlayPosNotificationRsp: Not registered or requesting.
02-28 09:09:38.788  2666  3413 D Avrcp_ext: Enter sendPlayPosNotificationRsp
02-28 09:09:38.788  2666  3413 D Avrcp_ext: sendPlayPosNotificationRsp: Not registered or requesting.
02-28 09:09:38.788  2666  3413 D Avrcp_ext: Enter sendPlayPosNotificationRsp
02-28 09:09:38.788  2666  3413 D Avrcp_ext: sendPlayPosNotificationRsp: Not registered or requesting.
02-28 09:09:38.788  2666  3413 V Avrcp_ext: Exit updatePlayerStateAndPosition
02-28 09:09:38.788 13511 13544 D NavServiceProvider: Detecting stop. distance_d=819.9583. stop_type=1 speed=0.74027
02-28 09:09:38.788 13511 13544 D NavigationTest: 214: (28.039625, -82.434529, 0.740270)	R:false  F:false
02-28 09:09:38.788 13511 13544 D NavServiceProvider: Second to last stop coordinates: 28.047024, -82.434526
02-28 09:09:38.789 13511 13544 D NavServiceProvider: Setting units automatically
02-28 09:09:38.791 13511 13544 D NavServiceProvider: Detecting stop. distance_d=813.9741. stop_type=1 speed=1.851324
02-28 09:09:38.791 13511 13544 D NavigationTest: 215: (28.039679, -82.434531, 1.851324)	R:false  F:false
02-28 09:09:38.791 13511 13544 D NavServiceProvider: Second to last stop coordinates: 28.047024, -82.434526
02-28 09:09:38.791   871   911 V EffectDiracSound: DiracSound_command() start, cmdCode=20
02-28 09:09:38.791   871   911 V EffectDiracSound: DiracSound_Command EFFECT_CMD_OFFLOAD
02-28 09:09:38.791   871   911 V EffectDiracSound: DiracSound_command() start, cmdCode=1
02-28 09:09:38.791   871   911 V EffectDiracSound: DiracSound_setConfig start
02-28 09:09:38.791   871   911 I EffectDiracSound: DiracSound_updateState(), enable=0, hifi=0, device=0x2, headset=5, samplingRate=48000
02-28 09:09:38.791   871   911 I EffectDiracSound: DiracSound_updateState(), mode=0, music=0, movie=0, reset=0
02-28 09:09:38.791   871   911 I EffectDiracSound: DiracSound_updateState(), Speaker Movie/Stereo Mode is not supported. Stop update state.
02-28 09:09:38.791   871   911 W EffectHAL: Effect 0xe4b38cd0 command SET_CONFIG returned status: Invalid argument
02-28 09:09:38.791   871   911 V EffectDiracSound: DiracSound_command() start, cmdCode=1
02-28 09:09:38.791   871   911 V EffectDiracSound: DiracSound_setConfig start
02-28 09:09:38.791   871   911 I EffectDiracSound: DiracSound_updateState(), enable=0, hifi=0, device=0x2, headset=5, samplingRate=48000
02-28 09:09:38.791   871   911 I EffectDiracSound: DiracSound_updateState(), mode=0, music=0, movie=0, reset=0
02-28 09:09:38.791 13511 13544 D NavServiceProvider: Setting units automatically
02-28 09:09:38.791   871   911 I EffectDiracSound: DiracSound_updateState(), Speaker Movie/Stereo Mode is not supported. Stop update state.
02-28 09:09:38.792   871   911 V EffectDiracSound: DiracSound_command() start, cmdCode=9
02-28 09:09:38.792   871   911 V EffectDiracSound: DiracSound_Command EFFECT_CMD_SET_DEVICE: 0x00000002
02-28 09:09:38.792   871   911 V EffectDiracSound: DiracSound_command() start, cmdCode=11
02-28 09:09:38.792   871   911 V EffectDiracSound: DiracSound_Command EFFECT_CMD_SET_AUDIO_MODE: 0
02-28 09:09:38.792   871   911 D msm8974_platform: platform_split_snd_device: snd_device(2) num devices(1) new_snd_devices(0)
02-28 09:09:38.792   871   911 D ACDB-LOADER: ACDB -> send_audvoltable
02-28 09:09:38.792   871   911 D ACDB-LOADER: ACDB -> ACDB_CMD_GET_AUDPROC_VOL_STEP_TABLE_SIZE
02-28 09:09:38.792   871   911 D ACDB-LOADER: ACDB -> ACDB_CMD_GET_AUDPROC_GAIN_DEP_STEP_TABLE, vol index 5
02-28 09:09:38.792   871   911 D         : Failed to fetch the lookup information of the device 0000000F
02-28 09:09:38.792   871   911 E ACDB-LOADER: Error: ACDB AudProc vol returned = -19
02-28 09:09:38.792   871   911 D ACDB-LOADER: ACDB -> AUDIO_SET_VOL_CAL cal type = 40
02-28 09:09:38.793 13511 13544 D NavServiceProvider: Detecting stop. distance_d=809.87415. stop_type=1 speed=1.740259
02-28 09:09:38.793 13511 13544 D NavigationTest: 216: (28.039716, -82.434535, 1.740259)	R:false  F:false
02-28 09:09:38.793 13511 13544 D NavServiceProvider: Second to last stop coordinates: 28.047024, -82.434526
02-28 09:09:38.794 13511 13544 D NavServiceProvider: Setting units automatically
02-28 09:09:38.795 13511 13544 D NavServiceProvider: Detecting stop. distance_d=805.4491. stop_type=1 speed=1.080185
02-28 09:09:38.795 13511 13544 D NavigationTest: 217: (28.039756, -82.434563, 1.080185)	R:false  F:false
02-28 09:09:38.795 13511 13544 D NavServiceProvider: Second to last stop coordinates: 28.047024, -82.434526
02-28 09:09:38.796 13511 13544 D NavServiceProvider: Setting units automatically
02-28 09:09:38.797 13511 13544 D NavServiceProvider: Detecting stop. distance_d=804.7881. stop_type=1 speed=1.0008
02-28 09:09:38.797 13511 13544 D NavigationTest: 218: (28.039762, -82.434571, 1.000800)	R:false  F:false
02-28 09:09:38.797 13511 13544 D NavServiceProvider: Second to last stop coordinates: 28.047024, -82.434526
02-28 09:09:38.797 13511 13544 D NavServiceProvider: Setting units automatically
02-28 09:09:38.799 13511 13544 D NavServiceProvider: Detecting stop. distance_d=803.2361. stop_type=1 speed=1.25016
02-28 09:09:38.799 13511 13544 D NavigationTest: 219: (28.039776, -82.434570, 1.250160)	R:false  F:false
02-28 09:09:38.799 13511 13544 D NavServiceProvider: Second to last stop coordinates: 28.047024, -82.434526
02-28 09:09:38.799 13511 13544 D NavServiceProvider: Setting units automatically
02-28 09:09:38.800 13511 13544 D NavServiceProvider: Detecting stop. distance_d=801.46826. stop_type=1 speed=2.123393
02-28 09:09:38.801 13511 13544 D NavigationTest: 220: (28.039792, -82.434579, 2.123393)	R:false  F:false
02-28 09:09:38.801 13511 13544 D NavServiceProvider: Second to last stop coordinates: 28.047024, -82.434526
02-28 09:09:38.801 13511 13544 D NavServiceProvider: Setting units automatically
02-28 09:09:38.803 13511 13544 D NavServiceProvider: Detecting stop. distance_d=796.14777. stop_type=1 speed=3.262591
02-28 09:09:38.803 13511 13544 D NavigationTest: 221: (28.039840, -82.434577, 3.262591)	R:false  F:false
02-28 09:09:38.803 13511 13544 D NavServiceProvider: Second to last stop coordinates: 28.047024, -82.434526
02-28 09:09:38.803 13511 13544 D NavServiceProvider: Setting units automatically
02-28 09:09:38.805 13511 13544 D NavServiceProvider: Detecting stop. distance_d=793.4957. stop_type=1 speed=3.650123
02-28 09:09:38.805 13511 13544 D NavigationTest: 222: (28.039864, -82.434588, 3.650123)	R:false  F:false
02-28 09:09:38.805 13511 13544 D NavServiceProvider: Second to last stop coordinates: 28.047024, -82.434526
02-28 09:09:38.805 13511 13544 D NavServiceProvider: Setting units automatically
02-28 09:09:38.806 13511 13544 D NavServiceProvider: Detecting stop. distance_d=785.41797. stop_type=1 speed=4.760011
02-28 09:09:38.806 13511 13544 D NavigationTest: 223: (28.039937, -82.434602, 4.760011)	R:false  F:false
02-28 09:09:38.806 13511 13544 D NavServiceProvider: Second to last stop coordinates: 28.047024, -82.434526
02-28 09:09:38.807 13511 13544 D NavServiceProvider: Setting units automatically
02-28 09:09:38.808 13511 13544 D NavServiceProvider: Detecting stop. distance_d=776.0099. stop_type=1 speed=7.010179
02-28 09:09:38.808 13511 13544 D NavigationTest: 224: (28.040022, -82.434613, 7.010179)	R:false  F:false
02-28 09:09:38.808 13511 13544 D NavServiceProvider: Second to last stop coordinates: 28.047024, -82.434526
02-28 09:09:38.808 13511 13544 D NavServiceProvider: Setting units automatically
02-28 09:09:38.810 13511 13544 D NavServiceProvider: Detecting stop. distance_d=766.3736. stop_type=1 speed=8.430593
02-28 09:09:38.810 13511 13544 D NavigationTest: 225: (28.040109, -82.434617, 8.430593)	R:false  F:false
02-28 09:09:38.810 13511 13544 D NavServiceProvider: Second to last stop coordinates: 28.047024, -82.434526
02-28 09:09:38.810 13511 13544 D NavServiceProvider: Setting units automatically
02-28 09:09:38.811 13511 13544 D NavServiceProvider: Detecting stop. distance_d=755.1665. stop_type=1 speed=9.450429
02-28 09:09:38.811 13511 13544 D NavigationTest: 226: (28.040210, -82.434603, 9.450429)	R:false  F:false
02-28 09:09:38.811 13511 13544 D NavServiceProvider: Second to last stop coordinates: 28.047024, -82.434526
02-28 09:09:38.812 13511 13544 D NavServiceProvider: Setting units automatically
02-28 09:09:38.813 13511 13544 D NavServiceProvider: Detecting stop. distance_d=746.5136. stop_type=1 speed=9.85
02-28 09:09:38.813 13511 13544 D NavigationTest: 227: (28.040288, -82.434593, 9.850000)	R:false  F:false
02-28 09:09:38.813 13511 13544 D NavigationTest: 228: (28.040288, -82.434593, 9.850000)	R:false  F:false
02-28 09:09:38.813 13511 13544 D NavServiceProvider: Second to last stop coordinates: 28.047024, -82.434526
02-28 09:09:38.813 13511 13544 D NavServiceProvider: Setting units automatically
02-28 09:09:38.814 13511 13544 D NavServiceProvider: Detecting stop. distance_d=738.51996. stop_type=1 speed=9.770046
02-28 09:09:38.814 13511 13544 D NavigationTest: 229: (28.040360, -82.434573, 9.770046)	R:false  F:false
02-28 09:09:38.814 13511 13544 D NavigationTest: 230: (28.040360, -82.434573, 9.770046)	R:false  F:false
02-28 09:09:38.814 13511 13544 D NavServiceProvider: Second to last stop coordinates: 28.047024, -82.434526
02-28 09:09:38.815 13511 13544 D NavServiceProvider: Setting units automatically
02-28 09:09:38.815 13511 13544 D NavServiceProvider: Detecting stop. distance_d=738.51996. stop_type=1 speed=0.0
02-28 09:09:38.816 13511 13544 D NavigationTest: 231: (28.040360, -82.434573, 0.000000)	R:false  F:false
02-28 09:09:38.816 13511 13544 D NavServiceProvider: Second to last stop coordinates: 28.047024, -82.434526
02-28 09:09:38.816 13511 13544 D NavServiceProvider: Setting units automatically
02-28 09:09:38.817 13511 13544 D NavServiceProvider: Detecting stop. distance_d=725.4652. stop_type=1 speed=11.130544
02-28 09:09:38.817 13511 13544 D NavigationTest: 232: (28.040478, -82.434600, 11.130544)	R:false  F:false
02-28 09:09:38.817 13511 13544 D NavServiceProvider: Second to last stop coordinates: 28.047024, -82.434526
02-28 09:09:38.817 13511 13544 D NavServiceProvider: Setting units automatically
02-28 09:09:38.818 13511 13544 D NavServiceProvider: Detecting stop. distance_d=711.38153. stop_type=1 speed=12.370016
02-28 09:09:38.818 13511 13544 D NavigationTest: 233: (28.040605, -82.434589, 12.370016)	R:false  F:false
02-28 09:09:38.818 13511 13544 D NavServiceProvider: Second to last stop coordinates: 28.047024, -82.434526
02-28 09:09:38.819 13511 13544 D NavServiceProvider: Setting units automatically
02-28 09:09:38.820 13511 13544 D NavServiceProvider: Detecting stop. distance_d=700.75366. stop_type=1 speed=12.240005
02-28 09:09:38.820 13511 13544 D NavigationTest: 234: (28.040701, -82.434600, 12.240005)	R:false  F:false
02-28 09:09:38.820 13511 13544 D NavServiceProvider: Second to last stop coordinates: 28.047024, -82.434526
02-28 09:09:38.820 13511 13544 D NavServiceProvider: Setting units automatically
02-28 09:09:38.821 13511 13544 D NavServiceProvider: Detecting stop. distance_d=689.11316. stop_type=1 speed=12.090016
02-28 09:09:38.821 13511 13544 D NavigationTest: 235: (28.040806, -82.434595, 12.090016)	R:false  F:false
02-28 09:09:38.821 13511 13544 D NavigationTest: 236: (28.040806, -82.434595, 12.090016)	R:false  F:false
02-28 09:09:38.821 13511 13544 D NavServiceProvider: Second to last stop coordinates: 28.047024, -82.434526
02-28 09:09:38.822 13511 13544 D NavServiceProvider: Setting units automatically
02-28 09:09:38.823 13511 13544 D NavServiceProvider: Detecting stop. distance_d=673.5899. stop_type=1 speed=13.72082
02-28 09:09:38.823 13511 13544 D NavigationTest: 237: (28.040946, -82.434585, 13.720820)	R:false  F:false
02-28 09:09:38.823 13511 13544 D NavigationTest: 238: (28.040946, -82.434585, 13.720820)	R:false  F:false
02-28 09:09:38.823 13511 13544 D NavServiceProvider: Second to last stop coordinates: 28.047024, -82.434526
02-28 09:09:38.823 13511 13544 D NavServiceProvider: Setting units automatically
02-28 09:09:38.824 13511 13544 D NavServiceProvider: Detecting stop. distance_d=659.6521. stop_type=1 speed=12.990138
02-28 09:09:38.824 13511 13544 D NavigationTest: 239: (28.041072, -82.434609, 12.990138)	R:false  F:false
02-28 09:09:38.824 13511 13544 D NavServiceProvider: Second to last stop coordinates: 28.047024, -82.434526
02-28 09:09:38.825 13511 13544 D NavServiceProvider: Setting units automatically
02-28 09:09:38.826 13511 13544 D NavServiceProvider: Detecting stop. distance_d=646.35223. stop_type=1 speed=12.63228
02-28 09:09:38.826 13511 13544 D NavigationTest: 240: (28.041192, -82.434607, 12.632280)	R:false  F:false
02-28 09:09:38.826 13511 13544 D NavigationTest: 241: (28.041192, -82.434607, 12.632280)	R:false  F:false
02-28 09:09:38.826 13511 13544 D NavServiceProvider: Second to last stop coordinates: 28.047024, -82.434526
02-28 09:09:38.826 13511 13544 D NavServiceProvider: Setting units automatically
02-28 09:09:38.827 13511 13544 D NavServiceProvider: Detecting stop. distance_d=634.0406. stop_type=1 speed=12.540574
02-28 09:09:38.827 13511 13544 D NavigationTest: 242: (28.041303, -82.434597, 12.540574)	R:false  F:false
02-28 09:09:38.827 13511 13544 D NavigationTest: 243: (28.041303, -82.434597, 12.540574)	R:false  F:false
02-28 09:09:38.827 13511 13544 D NavServiceProvider: Second to last stop coordinates: 28.047024, -82.434526
02-28 09:09:38.827 13511 13544 D NavServiceProvider: Setting units automatically
02-28 09:09:38.828 13511 13544 D NavServiceProvider: Detecting stop. distance_d=623.3962. stop_type=1 speed=11.850068
02-28 09:09:38.828 13511 13544 D NavigationTest: 244: (28.041399, -82.434591, 11.850068)	R:false  F:false
02-28 09:09:38.828 13511 13544 D NavigationTest: 245: (28.041399, -82.434591, 11.850068)	R:false  F:false
02-28 09:09:38.828 13511 13544 D NavServiceProvider: Second to last stop coordinates: 28.047024, -82.434526
02-28 09:09:38.829 13511 13544 D NavServiceProvider: Setting units automatically
02-28 09:09:38.830 13511 13544 D NavServiceProvider: Detecting stop. distance_d=609.66754. stop_type=1 speed=11.701094
02-28 09:09:38.830 13511 13544 D NavigationTest: 246: (28.041523, -82.434602, 11.701094)	R:false  F:false
02-28 09:09:38.830 13511 13544 D NavigationTest: 247: (28.041523, -82.434602, 11.701094)	R:false  F:false
02-28 09:09:38.830 13511 13544 D NavServiceProvider: Second to last stop coordinates: 28.047024, -82.434526
02-28 09:09:38.830 13511 13544 D NavServiceProvider: Setting units automatically
02-28 09:09:38.831 13511 13544 D NavServiceProvider: Detecting stop. distance_d=598.46094. stop_type=1 speed=11.530211
02-28 09:09:38.831 13511 13544 D NavigationTest: 248: (28.041624, -82.434589, 11.530211)	R:false  F:false
02-28 09:09:38.831 13511 13544 D NavServiceProvider: Second to last stop coordinates: 28.047024, -82.434526
02-28 09:09:38.832 13511 13544 D NavServiceProvider: Setting units automatically
02-28 09:09:38.833 13511 13544 D NavServiceProvider: Detecting stop. distance_d=586.50665. stop_type=1 speed=11.52
02-28 09:09:38.833 13511 13544 D NavigationTest: 249: (28.041732, -82.434601, 11.520000)	R:false  F:false
02-28 09:09:38.833 13511 13544 D NavigationTest: 250: (28.041732, -82.434601, 11.520000)	R:false  F:false
02-28 09:09:38.833 13511 13544 D NavServiceProvider: Second to last stop coordinates: 28.047024, -82.434526
02-28 09:09:38.833 13511 13544 D NavServiceProvider: Setting units automatically
02-28 09:09:38.834 13511 13544 D NavServiceProvider: Detecting stop. distance_d=574.2159. stop_type=1 speed=11.450354
02-28 09:09:38.835 13511 13544 D NavigationTest: 251: (28.041843, -82.434608, 11.450354)	R:false  F:false
02-28 09:09:38.835 13511 13544 D NavigationTest: 252: (28.041843, -82.434608, 11.450354)	R:false  F:false
02-28 09:09:38.835 13511 13544 D NavServiceProvider: Second to last stop coordinates: 28.047024, -82.434526
02-28 09:09:38.835 13511 13544 D NavServiceProvider: Setting units automatically
02-28 09:09:38.837 13511 13544 D NavServiceProvider: Detecting stop. distance_d=561.685. stop_type=1 speed=11.481114
02-28 09:09:38.837 13511 13544 D NavigationTest: 253: (28.041956, -82.434601, 11.481114)	R:false  F:false
02-28 09:09:38.837 13511 13544 D NavigationTest: 254: (28.041956, -82.434601, 11.481114)	R:false  F:false
02-28 09:09:38.837 13511 13544 D NavServiceProvider: Second to last stop coordinates: 28.047024, -82.434526
02-28 09:09:38.837 13511 13544 D NavServiceProvider: Setting units automatically
02-28 09:09:38.838 13511 13544 D NavServiceProvider: Detecting stop. distance_d=550.2784. stop_type=1 speed=10.930897
02-28 09:09:38.838 13511 13544 D NavigationTest: 255: (28.042059, -82.434606, 10.930897)	R:false  F:false
02-28 09:09:38.838 13511 13544 D NavigationTest: 256: (28.042059, -82.434606, 10.930897)	R:false  F:false
02-28 09:09:38.838 13511 13544 D NavServiceProvider: Second to last stop coordinates: 28.047024, -82.434526
02-28 09:09:38.839 13511 13544 D NavServiceProvider: Setting units automatically
02-28 09:09:38.840 13511 13544 D NavServiceProvider: Detecting stop. distance_d=536.74493. stop_type=1 speed=11.220285
02-28 09:09:38.840 13511 13544 D NavigationTest: 257: (28.042181, -82.434595, 11.220285)	R:false  F:false
02-28 09:09:38.840 13511 13544 D NavigationTest: 258: (28.042181, -82.434595, 11.220285)	R:false  F:false
02-28 09:09:38.840 13511 13544 D NavServiceProvider: Second to last stop coordinates: 28.047024, -82.434526
02-28 09:09:38.840 13511 13544 D NavServiceProvider: Setting units automatically
02-28 09:09:38.842 13511 13544 D NavServiceProvider: Detecting stop. distance_d=525.2616. stop_type=1 speed=10.590075
02-28 09:09:38.842 13511 13544 D NavigationTest: 259: (28.042285, -82.434622, 10.590075)	R:false  F:false
02-28 09:09:38.842 13511 13544 D NavServiceProvider: Second to last stop coordinates: 28.047024, -82.434526
02-28 09:09:38.842 13511 13544 D NavServiceProvider: Setting units automatically
02-28 09:09:38.843 13511 13544 D NavServiceProvider: Detecting stop. distance_d=515.75354. stop_type=1 speed=10.610075
02-28 09:09:38.843 13511 13544 D NavigationTest: 260: (28.042371, -82.434633, 10.610075)	R:false  F:false
02-28 09:09:38.843 13511 13544 D NavigationTest: 261: (28.042371, -82.434633, 10.610075)	R:false  F:false
02-28 09:09:38.843 13511 13544 D NavServiceProvider: Second to last stop coordinates: 28.047024, -82.434526
02-28 09:09:38.844 13511 13544 D NavServiceProvider: Setting units automatically
02-28 09:09:38.846 13511 13544 D NavServiceProvider: Detecting stop. distance_d=505.4536. stop_type=1 speed=10.720042
02-28 09:09:38.846 13511 13544 D NavigationTest: 262: (28.042464, -82.434635, 10.720042)	R:false  F:false
02-28 09:09:38.846 13511 13544 D NavigationTest: 263: (28.042464, -82.434635, 10.720042)	R:false  F:false
02-28 09:09:38.846 13511 13544 D NavServiceProvider: Second to last stop coordinates: 28.047024, -82.434526
02-28 09:09:38.846 13511 13544 D NavServiceProvider: Setting units automatically
02-28 09:09:38.848 13511 13544 D NavServiceProvider: Detecting stop. distance_d=491.61752. stop_type=1 speed=11.28004
02-28 09:09:38.848 13511 13544 D NavigationTest: 264: (28.042589, -82.434641, 11.280040)	R:false  F:false
02-28 09:09:38.848 13511 13544 D NavigationTest: 265: (28.042589, -82.434641, 11.280040)	R:false  F:false
02-28 09:09:38.848 13511 13544 D NavServiceProvider: Second to last stop coordinates: 28.047024, -82.434526
02-28 09:09:38.848 13511 13544 D NavServiceProvider: Setting units automatically
02-28 09:09:38.850 13511 13544 D NavServiceProvider: Detecting stop. distance_d=475.31775. stop_type=1 speed=12.660252
02-28 09:09:38.850 13511 13544 D NavigationTest: 266: (28.042736, -82.434635, 12.660252)	R:false  F:false
02-28 09:09:38.850 13511 13544 D NavigationTest: 267: (28.042736, -82.434635, 12.660252)	R:false  F:false
02-28 09:09:38.850 13511 13544 D NavServiceProvider: Second to last stop coordinates: 28.047024, -82.434526
02-28 09:09:38.850 13511 13544 D NavServiceProvider: Setting units automatically
02-28 09:09:38.852 13511 13544 D NavServiceProvider: Detecting stop. distance_d=461.98706. stop_type=1 speed=11.941846
02-28 09:09:38.852 13511 13544 D NavigationTest: 268: (28.042856, -82.434618, 11.941846)	R:false  F:false
02-28 09:09:38.852 13511 13544 D NavigationTest: 269: (28.042856, -82.434618, 11.941846)	R:false  F:false
02-28 09:09:38.852 13511 13544 D NavServiceProvider: Second to last stop coordinates: 28.047024, -82.434526
02-28 09:09:38.852 13511 13544 D NavServiceProvider: Setting units automatically
02-28 09:09:38.853 13511 13544 D NavServiceProvider: Detecting stop. distance_d=451.8967. stop_type=1 speed=11.57
02-28 09:09:38.854 13511 13544 D NavigationTest: 270: (28.042947, -82.434614, 11.570000)	R:false  F:false
02-28 09:09:38.854 13511 13544 D NavigationTest: 271: (28.042947, -82.434614, 11.570000)	R:false  F:false
02-28 09:09:38.854 13511 13544 D NavServiceProvider: Second to last stop coordinates: 28.047024, -82.434526
02-28 09:09:38.854 13511 13544 D NavServiceProvider: Setting units automatically
02-28 09:09:38.855 13511 13544 D NavServiceProvider: Detecting stop. distance_d=440.91818. stop_type=1 speed=11.060548
02-28 09:09:38.855 13511 13544 D NavigationTest: 272: (28.043046, -82.434609, 11.060548)	R:false  F:false
02-28 09:09:38.855 13511 13544 D NavigationTest: 273: (28.043046, -82.434609, 11.060548)	R:false  F:false
02-28 09:09:38.855 13511 13544 D NavServiceProvider: Second to last stop coordinates: 28.047024, -82.434526
02-28 09:09:38.856 13511 13544 D NavServiceProvider: Setting units automatically
02-28 09:09:38.857 13511 13544 D NavServiceProvider: Detecting stop. distance_d=433.61487. stop_type=1 speed=10.180005
02-28 09:09:38.857 13511 13544 D NavigationTest: 274: (28.043112, -82.434614, 10.180005)	R:false  F:false
02-28 09:09:38.857 13511 13544 D NavigationTest: 275: (28.043112, -82.434614, 10.180005)	R:false  F:false
02-28 09:09:38.857 13511 13544 D NavServiceProvider: Second to last stop coordinates: 28.047024, -82.434526
02-28 09:09:38.857 13511 13544 D NavServiceProvider: Setting units automatically
02-28 09:09:38.859 13511 13544 D NavServiceProvider: Detecting stop. distance_d=424.64227. stop_type=1 speed=8.890006
02-28 09:09:38.859 13511 13544 D NavigationTest: 276: (28.043193, -82.434615, 8.890006)	R:false  F:false
02-28 09:09:38.859 13511 13544 D NavigationTest: 277: (28.043193, -82.434615, 8.890006)	R:false  F:false
02-28 09:09:38.859 13511 13544 D NavServiceProvider: Second to last stop coordinates: 28.047024, -82.434526
02-28 09:09:38.859 13511 13544 D NavServiceProvider: Setting units automatically
02-28 09:09:38.860 13511 13544 D NavServiceProvider: Detecting stop. distance_d=416.6001. stop_type=1 speed=9.160922
02-28 09:09:38.860 13511 13544 D NavigationTest: 278: (28.043266, -82.434635, 9.160922)	R:false  F:false
02-28 09:09:38.860 13511 13544 D NavServiceProvider: Second to last stop coordinates: 28.047024, -82.434526
02-28 09:09:38.861 13511 13544 D NavServiceProvider: Setting units automatically
02-28 09:09:38.863 13511 13544 D NavServiceProvider: Detecting stop. distance_d=409.29626. stop_type=1 speed=8.46
02-28 09:09:38.863 13511 13544 D NavigationTest: 279: (28.043332, -82.434638, 8.460000)	R:false  F:false
02-28 09:09:38.863 13511 13544 D NavigationTest: 280: (28.043332, -82.434638, 8.460000)	R:false  F:false
02-28 09:09:38.863 13511 13544 D NavServiceProvider: Second to last stop coordinates: 28.047024, -82.434526
02-28 09:09:38.863 13511 13544 D NavServiceProvider: Setting units automatically
02-28 09:09:38.865 13511 13544 D NavServiceProvider: Detecting stop. distance_d=404.1951. stop_type=1 speed=7.150007
02-28 09:09:38.865 13511 13544 D NavigationTest: 281: (28.043378, -82.434636, 7.150007)	R:false  F:false
02-28 09:09:38.865 13511 13544 D NavServiceProvider: Second to last stop coordinates: 28.047024, -82.434526
02-28 09:09:38.865 13511 13544 D NavServiceProvider: Setting units automatically
02-28 09:09:38.866 13511 13544 D NavServiceProvider: Detecting stop. distance_d=399.545. stop_type=1 speed=4.93
02-28 09:09:38.867 13511 13544 D NavigationTest: 282: (28.043420, -82.434637, 4.930000)	R:false  F:false
02-28 09:09:38.867 13511 13544 D NavigationTest: 283: (28.043420, -82.434637, 4.930000)	R:false  F:false
02-28 09:09:38.867 13511 13544 D NavServiceProvider: Second to last stop coordinates: 28.047024, -82.434526
02-28 09:09:38.867 13511 13544 D NavServiceProvider: Setting units automatically
02-28 09:09:38.869 13511 13544 D NavServiceProvider: Detecting stop. distance_d=398.68692. stop_type=1 speed=3.33024
02-28 09:09:38.869 13511 13544 D NavigationTest: 284: (28.043428, -82.434647, 3.330240)	R:false  F:false
02-28 09:09:38.869 13511 13544 D NavigationTest: 285: (28.043428, -82.434647, 3.330240)	R:false  F:false
02-28 09:09:38.869 13511 13544 D NavServiceProvider: Second to last stop coordinates: 28.047024, -82.434526
02-28 09:09:38.869 13511 13544 D NavServiceProvider: Setting units automatically
02-28 09:09:38.870 13511 13544 D NavServiceProvider: Detecting stop. distance_d=397.37576. stop_type=1 speed=1.850108
02-28 09:09:38.870 13511 13544 D NavigationTest: 286: (28.043440, -82.434653, 1.850108)	R:false  F:false
02-28 09:09:38.870 13511 13544 D NavigationTest: 287: (28.043440, -82.434653, 1.850108)	R:false  F:false
02-28 09:09:38.870 13511 13544 D NavServiceProvider: Second to last stop coordinates: 28.047024, -82.434526
02-28 09:09:38.871 13511 13544 D NavServiceProvider: Setting units automatically
02-28 09:09:38.872 13511 13544 D NavServiceProvider: Detecting stop. distance_d=397.4865. stop_type=1 speed=0.710282
02-28 09:09:38.872 13511 13544 D NavigationTest: 288: (28.043439, -82.434653, 0.710282)	R:false  F:false
02-28 09:09:38.872 13511 13544 D NavigationTest: 289: (28.043439, -82.434653, 0.710282)	R:false  F:false
02-28 09:09:38.872 13511 13544 D NavServiceProvider: Second to last stop coordinates: 28.047024, -82.434526
02-28 09:09:38.872 13511 13544 D NavServiceProvider: Setting units automatically
02-28 09:09:38.873 13511 13544 D NavServiceProvider: Detecting stop. distance_d=395.60977. stop_type=1 speed=0.934345
02-28 09:09:38.873 13511 13544 D NavigationTest: 290: (28.043456, -82.434655, 0.934345)	R:false  F:false
02-28 09:09:38.873 13511 13544 D NavServiceProvider: Second to last stop coordinates: 28.047024, -82.434526
02-28 09:09:38.874 13511 13544 D NavServiceProvider: Setting units automatically
02-28 09:09:38.875 13511 13544 D NavServiceProvider: Detecting stop. distance_d=395.2903. stop_type=1 speed=1.150174
02-28 09:09:38.875 13511 13544 D NavigationTest: 291: (28.043459, -82.434659, 1.150174)	R:false  F:false
02-28 09:09:38.875 13511 13544 D NavigationTest: 292: (28.043459, -82.434659, 1.150174)	R:false  F:false
02-28 09:09:38.875 13511 13544 D NavServiceProvider: Second to last stop coordinates: 28.047024, -82.434526
02-28 09:09:38.875 13511 13544 D NavServiceProvider: Setting units automatically
02-28 09:09:38.876 13511 13544 D NavServiceProvider: Detecting stop. distance_d=393.3945. stop_type=1 speed=2.65017
02-28 09:09:38.876 13511 13544 D NavigationTest: 293: (28.043476, -82.434655, 2.650170)	R:false  F:false
02-28 09:09:38.876 13511 13544 D NavigationTest: 294: (28.043476, -82.434655, 2.650170)	R:false  F:false
02-28 09:09:38.876 13511 13544 D NavServiceProvider: Second to last stop coordinates: 28.047024, -82.434526
