02-28 09:09:26.829 13511 13544 I TestRunner: started: testTrip10C(org.onebusaway.android.nav.test.NavigationTest)
02-28 09:09:26.830 13511 13511 I MonitoringInstr: Activities that are still in CREATED to STOPPED: 0
02-28 09:09:26.864 13511 13544 D NavServiceProvider: Creating NavigationServiceProvider...
02-28 09:09:26.878 13511 13544 I TextToSpeech: Sucessfully bound to com.google.android.tts
02-28 09:09:26.880 13511 13544 D NavServiceProvider: Starting navigation for service
02-28 09:09:26.880 13511 13544 D NavServiceProvider: ProximityCalculator initializing...
02-28 09:09:26.880 13511 13544 D NavServiceProvider: Initializing ProximityCalculator
02-28 09:09:26.880 13511 13544 D NavServiceProvider: Number of path links: 1
02-28 09:09:26.880 13511 13544 D NavServiceProvider: Second to last stop coordinates: 28.02499, -82.4165
02-28 09:09:26.885 13511 13544 D NavServiceProvider: Setting units automatically
02-28 09:09:26.893 13511 13544 D NavServiceProvider: Detecting stop. distance_d=2117.2356. stop_type=1 speed=0.0
02-28 09:09:26.894 13511 13544 D NavigationTest: 0: (28.044095, -82.416408, 0.000000)	R:false  F:false
02-28 09:09:26.894 13511 13544 D NavigationTest: 1: (28.044095, -82.416408, 0.000000)	R:false  F:false
02-28 09:09:26.894 13511 13544 D NavigationTest: 2: (28.044095, -82.416408, 0.000000)	R:false  F:false
02-28 09:09:26.895 13511 13544 D NavServiceProvider: Second to last stop coordinates: 28.02499, -82.4165
02-28 09:09:26.896 13511 13544 D NavServiceProvider: Setting units automatically
02-28 09:09:26.902 13511 13544 D NavServiceProvider: Detecting stop. distance_d=2117.2356. stop_type=1 speed=0.0
02-28 09:09:26.902 13511 13544 D NavigationTest: 3: (28.044095, -82.416408, 0.000000)	R:false  F:false
02-28 09:09:26.903 13511 13544 D NavigationTest: 4: (28.044095, -82.416408, 0.000000)	R:false  F:false
02-28 09:09:26.903 13511 13544 D NavServiceProvider: Second to last stop coordinates: 28.02499, -82.4165
02-28 09:09:26.904 13511 13544 D NavServiceProvider: Setting units automatically
02-28 09:09:26.906 13511 13544 D NavServiceProvider: Detecting stop. distance_d=2117.2356. stop_type=1 speed=0.0
02-28 09:09:26.907 13511 13544 D NavigationTest: 5: (28.044095, -82.416408, 0.000000)	R:false  F:false
02-28 09:09:26.907 13511 13544 D NavigationTest: 6: (28.044095, -82.416408, 0.000000)	R:false  F:false
02-28 09:09:26.907 13511 13544 D NavServiceProvider: Second to last stop coordinates: 28.02499, -82.4165
02-28 09:09:26.908 13511 13544 D NavServiceProvider: Setting units automatically
02-28 09:09:26.911   767   767 D Zygote  : Forked child process 13579
02-28 09:09:26.912 13511 13544 D NavServiceProvider: Detecting stop. distance_d=2116.903. stop_type=1 speed=0.5
02-28 09:09:26.913 13511 13544 D NavigationTest: 7: (28.044092, -82.416408, 0.500000)	R:false  F:false
02-28 09:09:26.913 13511 13544 D NavigationTest: 8: (28.044092, -82.416408, 0.500000)	R:false  F:false
02-28 09:09:26.913 13511 13544 D NavServiceProvider: Second to last stop coordinates: 28.02499, -82.4165
02-28 09:09:26.914 13511 13544 D NavServiceProvider: Setting units automatically
02-28 09:09:26.916 13511 13544 D NavServiceProvider: Detecting stop. distance_d=2116.0183. stop_type=1 speed=1.0
02-28 09:09:26.917 13511 13544 D NavigationTest: 9: (28.044084, -82.416404, 1.000000)	R:false  F:false
02-28 09:09:26.917 13511 13544 D NavServiceProvider: Second to last stop coordinates: 28.02499, -82.4165
02-28 09:09:26.917 13579 13579 E gle.android.tt: Not starting debugger since process cannot load the jdwp agent.
02-28 09:09:26.918 13511 13544 D NavServiceProvider: Setting units automatically
02-28 09:09:26.920 13511 13544 D NavServiceProvider: Detecting stop. distance_d=2113.9165. stop_type=1 speed=1.5
02-28 09:09:26.920 13511 13544 D NavigationTest: 10: (28.044065, -82.416396, 1.500000)	R:false  F:false
02-28 09:09:26.921 13511 13544 D NavigationTest: 11: (28.044065, -82.416396, 1.500000)	R:false  F:false
02-28 09:09:26.921 13511 13544 D NavServiceProvider: Second to last stop coordinates: 28.02499, -82.4165
02-28 09:09:26.922 13511 13544 D NavServiceProvider: Setting units automatically
02-28 09:09:26.924 13511 13544 D NavServiceProvider: Detecting stop. distance_d=2110.1545. stop_type=1 speed=3.0
02-28 09:09:26.924 13511 13544 D NavigationTest: 12: (28.044031, -82.416384, 3.000000)	R:false  F:false
02-28 09:09:26.924 13511 13544 D NavServiceProvider: Second to last stop coordinates: 28.02499, -82.4165
02-28 09:09:26.925 13511 13544 D NavServiceProvider: Setting units automatically
02-28 09:09:26.925  1047  1168 I ThermalEngine: ACTION: CPU - Setting CPU[4] to 5
02-28 09:09:26.927 13511 13544 D NavServiceProvider: Detecting stop. distance_d=2106.5037. stop_type=1 speed=3.25
02-28 09:09:26.927 13511 13544 D NavigationTest: 13: (28.043998, -82.416373, 3.250000)	R:false  F:false
02-28 09:09:26.928 13511 13544 D NavigationTest: 14: (28.043998, -82.416373, 3.250000)	R:false  F:false
02-28 09:09:26.928 13511 13544 D NavServiceProvider: Second to last stop coordinates: 28.02499, -82.4165
02-28 09:09:26.929 13511 13544 D NavServiceProvider: Setting units automatically
02-28 09:09:26.932 13511 13544 D NavServiceProvider: Detecting stop. distance_d=2102.9617. stop_type=1 speed=3.25
02-28 09:09:26.933 13511 13544 D NavigationTest: 15: (28.043966, -82.416366, 3.250000)	R:false  F:false
02-28 09:09:26.933 13511 13544 D NavigationTest: 16: (28.043966, -82.416366, 3.250000)	R:false  F:false
02-28 09:09:26.933 13511 13544 D NavServiceProvider: Second to last stop coordinates: 28.02499, -82.4165
02-28 09:09:26.934 13511 13544 D NavServiceProvider: Setting units automatically
02-28 09:09:26.935   766 12301 I netd    : firewallSetUidRule(2, 10088, 1) <0.03ms>
02-28 09:09:26.936 13511 13544 D NavServiceProvider: Detecting stop. distance_d=2099.9722. stop_type=1 speed=3.0
02-28 09:09:26.936 13511 13544 D NavigationTest: 17: (28.043939, -82.416362, 3.000000)	R:false  F:false
02-28 09:09:26.937 13511 13544 D NavigationTest: 18: (28.043939, -82.416362, 3.000000)	R:false  F:false
02-28 09:09:26.937 13511 13544 D NavServiceProvider: Second to last stop coordinates: 28.02499, -82.4165
02-28 09:09:26.938 13511 13544 D NavServiceProvider: Setting units automatically
02-28 09:09:26.942 13511 13544 D NavServiceProvider: Detecting stop. distance_d=2097.0928. stop_type=1 speed=3.0
02-28 09:09:26.942 13511 13544 D NavigationTest: 19: (28.043913, -82.416359, 3.000000)	R:false  F:false
02-28 09:09:26.942 13511 13544 D NavServiceProvider: Second to last stop coordinates: 28.02499, -82.4165
02-28 09:09:26.943 13511 13544 D NavServiceProvider: Setting units automatically
02-28 09:09:26.945 13511 13544 D NavServiceProvider: Detecting stop. distance_d=2094.214. stop_type=1 speed=3.0
02-28 09:09:26.946 13511 13544 D NavigationTest: 20: (28.043887, -82.416355, 3.000000)	R:false  F:false
02-28 09:09:26.946 13511 13544 D NavigationTest: 21: (28.043887, -82.416355, 3.000000)	R:false  F:false
02-28 09:09:26.946 13511 13544 D NavServiceProvider: Second to last stop coordinates: 28.02499, -82.4165
02-28 09:09:26.947 13511 13544 D NavServiceProvider: Setting units automatically
02-28 09:09:26.948 13579 13579 W gle.android.tt: Unsupported class loader
02-28 09:09:26.948 13579 13579 W gle.android.tt: Could not establish class loader context
02-28 09:09:26.949 13579 13579 D SandHook: method <public java.lang.ClassLoader android.app.LoadedApk.getClassLoader()> hook <replacement> success!
02-28 09:09:26.949 13511 13544 D NavServiceProvider: Detecting stop. distance_d=2090.7803. stop_type=1 speed=3.0
02-28 09:09:26.950 13511 13544 D NavigationTest: 22: (28.043856, -82.416353, 3.000000)	R:false  F:false
02-28 09:09:26.950 13511 13544 D NavServiceProvider: Second to last stop coordinates: 28.02499, -82.4165
02-28 09:09:26.951 13511 13544 D NavServiceProvider: Setting units automatically
02-28 09:09:26.953 13511 13544 D NavServiceProvider: Detecting stop. distance_d=2086.5698. stop_type=1 speed=3.5
02-28 09:09:26.953 13511 13544 D NavigationTest: 23: (28.043818, -82.416352, 3.500000)	R:false  F:false
02-28 09:09:26.954 13511 13544 D NavigationTest: 24: (28.043818, -82.416352, 3.500000)	R:false  F:false
02-28 09:09:26.954 13511 13544 D NavServiceProvider: Second to last stop coordinates: 28.02499, -82.4165
02-28 09:09:26.955 13511 13544 D NavServiceProvider: Setting units automatically
02-28 09:09:26.957 13511 13544 D NavServiceProvider: Detecting stop. distance_d=2073.9346. stop_type=1 speed=7.25
02-28 09:09:26.958 13511 13544 D NavigationTest: 25: (28.043704, -82.416355, 7.250000)	R:false  F:false
02-28 09:09:26.958 13511 13544 D NavigationTest: 26: (28.043704, -82.416355, 7.250000)	R:false  F:false
02-28 09:09:26.958 13511 13544 D NavServiceProvider: Second to last stop coordinates: 28.02499, -82.4165
02-28 09:09:26.959 13511 13544 D NavServiceProvider: Setting units automatically
02-28 09:09:26.962 13511 13544 D NavServiceProvider: Detecting stop. distance_d=2065.1814. stop_type=1 speed=8.25
02-28 09:09:26.963 13511 13544 D NavigationTest: 27: (28.043625, -82.416353, 8.250000)	R:false  F:false
02-28 09:09:26.963 13511 13544 D NavServiceProvider: Second to last stop coordinates: 28.02499, -82.4165
02-28 09:09:26.964 13511 13544 D NavServiceProvider: Setting units automatically
02-28 09:09:26.966 13511 13544 D NavServiceProvider: Detecting stop. distance_d=2054.6543. stop_type=1 speed=9.75
02-28 09:09:26.967 13511 13544 D NavigationTest: 28: (28.043530, -82.416352, 9.750000)	R:false  F:false
02-28 09:09:26.967 13511 13544 D NavigationTest: 29: (28.043530, -82.416352, 9.750000)	R:false  F:false
02-28 09:09:26.967 13511 13544 D NavServiceProvider: Second to last stop coordinates: 28.02499, -82.4165
02-28 09:09:26.968 13511 13544 D NavServiceProvider: Setting units automatically
02-28 09:09:26.970 13511 13544 D NavServiceProvider: Detecting stop. distance_d=2045.4518. stop_type=1 speed=10.75
02-28 09:09:26.971 13511 13544 D NavigationTest: 30: (28.043447, -82.416359, 10.750000)	R:false  F:false
02-28 09:09:26.971 13511 13544 D NavigationTest: 31: (28.043447, -82.416359, 10.750000)	R:false  F:false
02-28 09:09:26.971 13511 13544 D NavServiceProvider: Second to last stop coordinates: 28.02499, -82.4165
02-28 09:09:26.971 13579 13579 I MultiDex: VM with version 2.1.0 has multidex support
02-28 09:09:26.971 13579 13579 I MultiDex: Installing application
02-28 09:09:26.971 13579 13579 I MultiDex: VM has multidex support, MultiDex support library is disabled.
02-28 09:09:26.971 13579 13579 I MultiDex: Installing application
02-28 09:09:26.971 13579 13579 I MultiDex: VM has multidex support, MultiDex support library is disabled.
02-28 09:09:26.972 13511 13544 D NavServiceProvider: Setting units automatically
02-28 09:09:26.974 13511 13544 D NavServiceProvider: Detecting stop. distance_d=2033.2639. stop_type=1 speed=11.75
02-28 09:09:26.975 13511 13544 D NavigationTest: 32: (28.043337, -82.416356, 11.750000)	R:false  F:false
02-28 09:09:26.975 13511 13544 D NavServiceProvider: Second to last stop coordinates: 28.02499, -82.4165
02-28 09:09:26.976 13511 13544 D NavServiceProvider: Setting units automatically
02-28 09:09:26.979 13511 13544 D NavServiceProvider: Detecting stop. distance_d=2019.7415. stop_type=1 speed=12.5
02-28 09:09:26.979 13511 13544 D NavigationTest: 33: (28.043215, -82.416360, 12.500000)	R:false  F:false
02-28 09:09:26.980 13511 13544 D NavigationTest: 34: (28.043215, -82.416360, 12.500000)	R:false  F:false
02-28 09:09:26.980 13511 13544 D NavServiceProvider: Second to last stop coordinates: 28.02499, -82.4165
02-28 09:09:26.981 13511 13544 D NavServiceProvider: Setting units automatically
02-28 09:09:26.982 13579 13579 I evc     : SslGuard completed installation.
02-28 09:09:26.984 13511 13544 D NavServiceProvider: Detecting stop. distance_d=2006.4453. stop_type=1 speed=13.0
02-28 09:09:26.984 13579 13579 I GoogleTTSApplication: Beginning load of tts_android...
02-28 09:09:26.985 13511 13544 D NavigationTest: 35: (28.043095, -82.416357, 13.000000)	R:false  F:false
02-28 09:09:26.985 13511 13544 D NavigationTest: 36: (28.043095, -82.416357, 13.000000)	R:false  F:false
02-28 09:09:26.985 13511 13544 D NavServiceProvider: Second to last stop coordinates: 28.02499, -82.4165
02-28 09:09:26.987 13511 13544 D NavServiceProvider: Setting units automatically
02-28 09:09:26.990 13511 13544 D NavServiceProvider: Detecting stop. distance_d=1994.2548. stop_type=1 speed=13.5
02-28 09:09:26.990 13511 13544 D NavigationTest: 37: (28.042985, -82.416358, 13.500000)	R:false  F:false
02-28 09:09:26.990 13511 13544 D NavigationTest: 38: (28.042985, -82.416358, 13.500000)	R:false  F:false
02-28 09:09:26.991 13511 13544 D NavigationTest: 39: (28.042985, -82.416358, 13.500000)	R:false  F:false
02-28 09:09:26.991 13511 13544 D NavServiceProvider: Second to last stop coordinates: 28.02499, -82.4165
02-28 09:09:26.992 13511 13544 D NavServiceProvider: Setting units automatically
02-28 09:09:26.994 13511 13544 D NavServiceProvider: Detecting stop. distance_d=1979.8618. stop_type=1 speed=14.25
02-28 09:09:26.994 13511 13544 D NavigationTest: 40: (28.042855, -82.416340, 14.250000)	R:false  F:false
02-28 09:09:26.995 13511 13544 D NavigationTest: 41: (28.042855, -82.416340, 14.250000)	R:false  F:false
02-28 09:09:26.995 13511 13544 D NavServiceProvider: Second to last stop coordinates: 28.02499, -82.4165
02-28 09:09:26.996 13511 13544 D NavServiceProvider: Setting units automatically
02-28 09:09:26.999 13511 13544 D NavServiceProvider: Detecting stop. distance_d=1965.0048. stop_type=1 speed=14.75
02-28 09:09:26.999 13511 13544 D NavigationTest: 42: (28.042721, -82.416350, 14.750000)	R:false  F:false
02-28 09:09:27.000 13579 13579 I GoogleTTSApplication: tts_android (null) was loaded normally!
02-28 09:09:27.000 13511 13544 D NavigationTest: 43: (28.042721, -82.416350, 14.750000)	R:false  F:false
02-28 09:09:27.000 13511 13544 D NavServiceProvider: Second to last stop coordinates: 28.02499, -82.4165
02-28 09:09:27.001 13511 13544 D NavServiceProvider: Setting units automatically
02-28 09:09:27.003 13579 13579 I Analytics: Running on TYPE_PHONE
02-28 09:09:27.003 13511 13544 D NavServiceProvider: Detecting stop. distance_d=1949.5953. stop_type=1 speed=15.5
02-28 09:09:27.004 13511 13544 D NavigationTest: 44: (28.042582, -82.416358, 15.500000)	R:false  F:false
02-28 09:09:27.004 13511 13544 D NavServiceProvider: Second to last stop coordinates: 28.02499, -82.4165
02-28 09:09:27.005 13511 13544 D NavServiceProvider: Setting units automatically
02-28 09:09:27.008 13511 13544 D NavServiceProvider: Detecting stop. distance_d=1933.7485. stop_type=1 speed=15.75
02-28 09:09:27.008 13511 13544 D NavigationTest: 45: (28.042439, -82.416358, 15.750000)	R:false  F:false
02-28 09:09:27.008 13511 13544 D NavigationTest: 46: (28.042439, -82.416358, 15.750000)	R:false  F:false
02-28 09:09:27.008 13511 13544 D NavServiceProvider: Second to last stop coordinates: 28.02499, -82.4165
02-28 09:09:27.009 13511 13544 D NavServiceProvider: Setting units automatically
02-28 09:09:27.012 13511 13544 D NavServiceProvider: Detecting stop. distance_d=1917.018. stop_type=1 speed=16.25
02-28 09:09:27.012 13511 13544 D NavigationTest: 47: (28.042288, -82.416354, 16.250000)	R:false  F:false
02-28 09:09:27.013 13511 13544 D NavigationTest: 48: (28.042288, -82.416354, 16.250000)	R:false  F:false
02-28 09:09:27.013 13511 13544 D NavServiceProvider: Second to last stop coordinates: 28.02499, -82.4165
02-28 09:09:27.014 13511 13544 D NavServiceProvider: Setting units automatically
02-28 09:09:27.014  3336  3336 D BoundBrokerSvc: onBind: Intent { act=com.google.android.gms.phenotype.service.START pkg=com.google.android.gms }
02-28 09:09:27.014  3336  3336 D BoundBrokerSvc: Loading bound service for intent: Intent { act=com.google.android.gms.phenotype.service.START pkg=com.google.android.gms }
02-28 09:09:27.016 13511 13544 D NavServiceProvider: Detecting stop. distance_d=1900.2839. stop_type=1 speed=16.5
02-28 09:09:27.017 13511 13544 D NavigationTest: 49: (28.042137, -82.416355, 16.500000)	R:false  F:false
02-28 09:09:27.017 13511 13544 D NavigationTest: 50: (28.042137, -82.416355, 16.500000)	R:false  F:false
02-28 09:09:27.017 13511 13544 D NavServiceProvider: Second to last stop coordinates: 28.02499, -82.4165
02-28 09:09:27.018 13511 13544 D NavServiceProvider: Setting units automatically
02-28 09:09:27.020 13579 13611 I VoiceDataDownloader: Not already initialized. Initializing Superpacks.
02-28 09:09:27.021 13511 13544 D NavServiceProvider: Detecting stop. distance_d=1883.1073. stop_type=1 speed=16.75
02-28 09:09:27.021 13511 13544 D NavigationTest: 51: (28.041982, -82.416355, 16.750000)	R:false  F:false
02-28 09:09:27.021 13511 13544 D NavServiceProvider: Second to last stop coordinates: 28.02499, -82.4165
02-28 09:09:27.022 13579 13579 I GoogleTTSService: Creating Google TTS service, version googletts.google-speech-apk_20221111.00_p4.491700629
02-28 09:09:27.022 13511 13544 D NavServiceProvider: Setting units automatically
02-28 09:09:27.025 13511 13544 D NavServiceProvider: Detecting stop. distance_d=1868.0317. stop_type=1 speed=17.25
02-28 09:09:27.025 13511 13544 D NavigationTest: 52: (28.041846, -82.416361, 17.250000)	R:false  F:false
02-28 09:09:27.025 13511 13544 D NavigationTest: 53: (28.041846, -82.416361, 17.250000)	R:false  F:false
02-28 09:09:27.025 13511 13544 D NavServiceProvider: Second to last stop coordinates: 28.02499, -82.4165
02-28 09:09:27.026 13579 13611 D NetworkSecurityConfig: No Network Security Config specified, using platform default
02-28 09:09:27.026 13511 13544 D NavServiceProvider: Setting units automatically
02-28 09:09:27.029 13511 13544 D NavServiceProvider: Detecting stop. distance_d=1850.8536. stop_type=1 speed=17.75
02-28 09:09:27.029 13511 13544 D NavigationTest: 54: (28.041691, -82.416363, 17.750000)	R:false  F:false
02-28 09:09:27.029 13511 13544 D NavigationTest: 55: (28.041691, -82.416363, 17.750000)	R:false  F:false
02-28 09:09:27.029 13511 13544 D NavServiceProvider: Second to last stop coordinates: 28.02499, -82.4165
02-28 09:09:27.031 13511 13544 D NavServiceProvider: Setting units automatically
02-28 09:09:27.033 13511 13544 D NavServiceProvider: Detecting stop. distance_d=1833.7886. stop_type=1 speed=17.75
02-28 09:09:27.034 13511 13544 D NavigationTest: 56: (28.041537, -82.416362, 17.750000)	R:false  F:false
02-28 09:09:27.034 13511 13544 D NavServiceProvider: Second to last stop coordinates: 28.02499, -82.4165
02-28 09:09:27.034 13579 13611 I VoiceDataDownloader: Superpack object built.
02-28 09:09:27.035 13511 13544 D NavServiceProvider: Setting units automatically
02-28 09:09:27.035 13579 13611 I VoiceDataDownloader: Superpack slicing strategy registered
02-28 09:09:27.036 13579 13579 I VoiceDataDownloader: voicesToFetch en-us
02-28 09:09:27.036 13579 13611 I VoiceDataDownloader: Superpack quota set for all voices.
02-28 09:09:27.037 13579 13579 I VoiceDataDownloader: fetchVoiceInternal en-us
02-28 09:09:27.037 13579 13611 I VoiceDataDownloader: Got bundled voice en-us-x-multi-r52
02-28 09:09:27.037 13511 13544 D NavServiceProvider: Detecting stop. distance_d=1816.0593. stop_type=1 speed=18.0
02-28 09:09:27.038 13511 13544 D NavigationTest: 57: (28.041377, -82.416360, 18.000000)	R:false  F:false
02-28 09:09:27.038 13579 13579 I GoogleTTSServiceImpl: currentLocale = en-US
02-28 09:09:27.038 13511 13544 D NavigationTest: 58: (28.041377, -82.416360, 18.000000)	R:false  F:false
02-28 09:09:27.038 13511 13544 D NavServiceProvider: Second to last stop coordinates: 28.02499, -82.4165
02-28 09:09:27.039 13511 13544 D NavServiceProvider: Setting units automatically
02-28 09:09:27.040 13511 13511 I TextToSpeech: Connected to ComponentInfo{com.google.android.tts/com.google.android.apps.speech.tts.googletts.service.GoogleTTSService}
02-28 09:09:27.043 13511 13544 D NavServiceProvider: Detecting stop. distance_d=1798.104. stop_type=1 speed=18.25
02-28 09:09:27.044 13511 13544 D NavigationTest: 59: (28.041215, -82.416364, 18.250000)	R:false  F:false
02-28 09:09:27.044 13511 13544 D NavServiceProvider: Second to last stop coordinates: 28.02499, -82.4165
02-28 09:09:27.044 13579 13595 W RankedDispatcher: The requested voice is not available for this app identifier
02-28 09:09:27.045 13579 13595 I GoogleTTSServiceImpl: currentLocale = en-US
02-28 09:09:27.045 13511 13544 D NavServiceProvider: Setting units automatically
02-28 09:09:27.045 13579 13595 W RankedDispatcher: The requested voice is not available for this app identifier
02-28 09:09:27.046 13579 13595 I GoogleTTSServiceImpl: For default lang en-us is name en-US-language (en-us-x-iog-server)
02-28 09:09:27.046 13511 13568 I TextToSpeech: Set up connection to ComponentInfo{com.google.android.tts/com.google.android.apps.speech.tts.googletts.service.GoogleTTSService}
02-28 09:09:27.047 13511 13544 D NavServiceProvider: Detecting stop. distance_d=1779.2607. stop_type=1 speed=18.25
02-28 09:09:27.047 13511 13544 D NavigationTest: 60: (28.041045, -82.416370, 18.250000)	R:false  F:false
02-28 09:09:27.047 13511 13544 D NavigationTest: 61: (28.041045, -82.416370, 18.250000)	R:false  F:false
02-28 09:09:27.048 13511 13544 D NavServiceProvider: Second to last stop coordinates: 28.02499, -82.4165
02-28 09:09:27.049 13511 13544 D NavServiceProvider: Setting units automatically
02-28 09:09:27.050 13579 13598 W RankedDispatcher: The requested voice is not available for this app identifier
02-28 09:09:27.051 13579 13598 I GoogleTTSServiceImpl: currentLocale = en-US
02-28 09:09:27.051 13511 13544 D NavServiceProvider: Detecting stop. distance_d=1760.424. stop_type=1 speed=18.5
02-28 09:09:27.051 13511 13544 D NavigationTest: 62: (28.040875, -82.416367, 18.500000)	R:false  F:false
02-28 09:09:27.051 13511 13544 D NavServiceProvider: Second to last stop coordinates: 28.02499, -82.4165
02-28 09:09:27.052 13579 13615 I SP      : Registering ttsvoices.1781, url: null, constraints: *:*:*:*, flags: *, requested: 1781, current: 1781
02-28 09:09:27.052 13511 13544 D NavServiceProvider: Setting units automatically
02-28 09:09:27.053 13579 13595 W RankedDispatcher: The requested voice is not available for this app identifier
02-28 09:09:27.054 13511 13544 D NavServiceProvider: Detecting stop. distance_d=1741.362. stop_type=1 speed=18.75
02-28 09:09:27.055 13511 13544 D NavigationTest: 63: (28.040703, -82.416369, 18.750000)	R:false  F:false
02-28 09:09:27.055 13579 13595 I GoogleTTSServiceImpl: currentLocale = en-US
02-28 09:09:27.055 13511 13544 D NavigationTest: 64: (28.040703, -82.416369, 18.750000)	R:false  F:false
02-28 09:09:27.055 13511 13544 D NavServiceProvider: Second to last stop coordinates: 28.02499, -82.4165
02-28 09:09:27.055 13579 13595 W RankedDispatcher: The requested voice is not available for this app identifier
02-28 09:09:27.056 13511 13544 D NavServiceProvider: Setting units automatically
02-28 09:09:27.057 13579 13595 I GoogleTTSServiceImpl: For default lang en-us is name en-US-language (en-us-x-iog-server)
02-28 09:09:27.058 13579 13598 W RankedDispatcher: The requested voice is not available for this app identifier
02-28 09:09:27.058 13579 13598 I GoogleTTSServiceImpl: currentLocale = en-US
02-28 09:09:27.059 13511 13544 D NavServiceProvider: Detecting stop. distance_d=1721.6426. stop_type=1 speed=18.75
02-28 09:09:27.060 13511 13544 D NavigationTest: 65: (28.040525, -82.416361, 18.750000)	R:false  F:false
02-28 09:09:27.060 13579 13611 I VoiceDataDownloader: Superpacks created and default voices checked.
02-28 09:09:27.060 13511 13544 D NavigationTest: 66: (28.040525, -82.416361, 18.750000)	R:false  F:false
02-28 09:09:27.060 13511 13544 D NavServiceProvider: Second to last stop coordinates: 28.02499, -82.4165
02-28 09:09:27.060 13579 13612 I VoiceDataDownloader: voicesToFetch en-us
02-28 09:09:27.060 13579 13611 I VoiceDataDownloader: Successfully initialized Superpacks.
02-28 09:09:27.060 13579 13611 I VoiceDataManager: start to download voice en-us
02-28 09:09:27.060 13579 13612 I VoiceDataDownloader: fetchVoiceInternal en-us
02-28 09:09:27.060 13579 13611 I VoiceDataDownloader: Download of en-us started.
02-28 09:09:27.061 13579 13611 I VoiceDataManager: start to download voice en-us
02-28 09:09:27.061 13579 13611 I VoiceDataDownloader: Download of en-us started.
02-28 09:09:27.061 13579 13611 I VoiceDataDownloader: Registered slicing strategy for en-us
02-28 09:09:27.061 13511 13544 D NavServiceProvider: Setting units automatically
02-28 09:09:27.063 13579 13611 I VoiceDataDownloader: Getting pack name en-us-x-multi-r52
02-28 09:09:27.063 13579 13611 I VoiceDataDownloader: Adding pack en-us-x-multi-r52 to superpack.
02-28 09:09:27.063 13579 13611 I VoiceDataDownloader: Getting pack name en-us-x-multi-seanet-r52
02-28 09:09:27.063 13579 13611 I VoiceDataDownloader: Adding pack en-us-x-multi-seanet-r52 to superpack.
02-28 09:09:27.063 13579 13611 I VoiceDataDownloader: Getting pack name en-us-x-afh-r52
02-28 09:09:27.063 13579 13611 I VoiceDataDownloader: Adding pack en-us-x-afh-r52 to superpack.
02-28 09:09:27.063 13579 13611 I VoiceDataDownloader: Getting pack name en-us-x-fis-r52
02-28 09:09:27.063 13579 13611 I VoiceDataDownloader: Adding pack en-us-x-fis-r52 to superpack.
02-28 09:09:27.063 13579 13611 I VoiceDataDownloader: Getting pack name en-us-x-afh-seanet-r52
02-28 09:09:27.063 13579 13611 I VoiceDataDownloader: Adding pack en-us-x-afh-seanet-r52 to superpack.
02-28 09:09:27.063 13579 13611 I VoiceDataDownloader: Getting pack name en-us-x-fis-seanet-r52
02-28 09:09:27.063 13579 13611 I VoiceDataDownloader: Adding pack en-us-x-fis-seanet-r52 to superpack.
02-28 09:09:27.063 13579 13611 I VoiceDataDownloader: Registered slicing strategy for en-us
02-28 09:09:27.063 13579 13611 I VoiceDataDownloader: Getting pack name en-us-x-multi-r52
02-28 09:09:27.063 13579 13611 I VoiceDataDownloader: Adding pack en-us-x-multi-r52 to superpack.
02-28 09:09:27.063 13579 13611 I VoiceDataDownloader: Getting pack name en-us-x-multi-seanet-r52
02-28 09:09:27.063 13579 13611 I VoiceDataDownloader: Adding pack en-us-x-multi-seanet-r52 to superpack.
02-28 09:09:27.063 13579 13611 I VoiceDataDownloader: Getting pack name en-us-x-afh-r52
02-28 09:09:27.063 13579 13611 I VoiceDataDownloader: Adding pack en-us-x-afh-r52 to superpack.
02-28 09:09:27.063 13511 13544 D NavServiceProvider: Detecting stop. distance_d=1701.2485. stop_type=1 speed=19.0
02-28 09:09:27.063 13579 13611 I VoiceDataDownloader: Getting pack name en-us-x-fis-r52
02-28 09:09:27.063 13579 13611 I VoiceDataDownloader: Adding pack en-us-x-fis-r52 to superpack.
02-28 09:09:27.063 13579 13611 I VoiceDataDownloader: Getting pack name en-us-x-afh-seanet-r52
02-28 09:09:27.063 13579 13611 I VoiceDataDownloader: Adding pack en-us-x-afh-seanet-r52 to superpack.
02-28 09:09:27.063 13579 13611 I VoiceDataDownloader: Getting pack name en-us-x-fis-seanet-r52
02-28 09:09:27.063 13579 13611 I VoiceDataDownloader: Adding pack en-us-x-fis-seanet-r52 to superpack.
02-28 09:09:27.064 13579 13611 I VoiceDataDownloader: Syncing superpack en-us
02-28 09:09:27.064 13511 13544 D NavigationTest: 67: (28.040341, -82.416366, 19.000000)	R:false  F:false
02-28 09:09:27.064 13579 13611 I VoiceDataDownloader: Syncing superpack en-us
02-28 09:09:27.064 13511 13544 D NavServiceProvider: Second to last stop coordinates: 28.02499, -82.4165
02-28 09:09:27.065 13579 13615 I SP      : Registering en-us.52, url: null, constraints: *:*:*:*, flags: *, requested: 52, current: 52
02-28 09:09:27.065 13511 13544 D NavServiceProvider: Setting units automatically
02-28 09:09:27.065 13579 13615 I SP      : Registering en-us.52, url: null, constraints: *:*:*:*, flags: *, requested: 52, current: 52
02-28 09:09:27.067 13511 13544 D NavServiceProvider: Detecting stop. distance_d=1682.4113. stop_type=1 speed=19.0
02-28 09:09:27.067 13511 13544 D NavigationTest: 68: (28.040171, -82.416364, 19.000000)	R:false  F:false
02-28 09:09:27.068 13511 13544 D NavigationTest: 69: (28.040171, -82.416364, 19.000000)	R:false  F:false
02-28 09:09:27.068 13511 13544 D NavServiceProvider: Second to last stop coordinates: 28.02499, -82.4165
02-28 09:09:27.069 13511 13544 D NavServiceProvider: Setting units automatically
02-28 09:09:27.070 13579 13615 I SP      : Syncing en-us (52) with slices: [{en-us-x-multi-r52, m:*:*:*}, {en-us-x-multi-seanet-r52, m:*:*:*}], metadata: false
02-28 09:09:27.071 13511 13544 D NavServiceProvider: Detecting stop. distance_d=1665.5559. stop_type=1 speed=19.0
02-28 09:09:27.071 13511 13544 D NavigationTest: 70: (28.040019, -82.416379, 19.000000)	R:false  F:false
02-28 09:09:27.071 13511 13544 D NavigationTest: 71: (28.040019, -82.416379, 19.000000)	R:false  F:false
02-28 09:09:27.072 13511 13544 D NavigationTest: 72: (28.040019, -82.416379, 19.000000)	R:false  F:false
02-28 09:09:27.072 13511 13544 D NavigationTest: 73: (28.040019, -82.416379, 19.000000)	R:false  F:false
02-28 09:09:27.072 13511 13544 D NavServiceProvider: Second to last stop coordinates: 28.02499, -82.4165
02-28 09:09:27.073 13511 13544 D NavServiceProvider: Setting units automatically
02-28 09:09:27.073 13579 13615 I SP      : Syncing en-us (52) with slices: [{en-us-x-multi-r52, m:*:*:*}, {en-us-x-multi-seanet-r52, m:*:*:*}], metadata: false
02-28 09:09:27.075 13511 13544 D NavServiceProvider: Detecting stop. distance_d=1646.2795. stop_type=1 speed=19.0
02-28 09:09:27.075 13511 13544 D NavigationTest: 74: (28.039845, -82.416371, 19.000000)	R:false  F:false
02-28 09:09:27.075 13511 13544 D NavServiceProvider: Second to last stop coordinates: 28.02499, -82.4165
02-28 09:09:27.076 13511 13544 D NavServiceProvider: Setting units automatically
02-28 09:09:27.079 13511 13544 D NavServiceProvider: Detecting stop. distance_d=1626.3364. stop_type=1 speed=19.0
02-28 09:09:27.079 13511 13544 D NavigationTest: 75: (28.039665, -82.416366, 19.000000)	R:false  F:false
02-28 09:09:27.079 13511 13544 D NavigationTest: 76: (28.039665, -82.416366, 19.000000)	R:false  F:false
02-28 09:09:27.079 13511 13544 D NavServiceProvider: Second to last stop coordinates: 28.02499, -82.4165
02-28 09:09:27.080 13511 13544 D NavServiceProvider: Setting units automatically
02-28 09:09:27.083 13511 13544 D NavServiceProvider: Detecting stop. distance_d=1607.6085. stop_type=1 speed=18.75
02-28 09:09:27.083 13511 13544 D NavigationTest: 77: (28.039496, -82.416366, 18.750000)	R:false  F:false
02-28 09:09:27.083 13511 13544 D NavServiceProvider: Second to last stop coordinates: 28.02499, -82.4165
02-28 09:09:27.084 13511 13544 D NavServiceProvider: Setting units automatically
02-28 09:09:27.087 13511 13544 D NavServiceProvider: Detecting stop. distance_d=1588.7604. stop_type=1 speed=18.75
02-28 09:09:27.087 13511 13544 D NavigationTest: 78: (28.039326, -82.416378, 18.750000)	R:false  F:false
02-28 09:09:27.087 13511 13544 D NavigationTest: 79: (28.039326, -82.416378, 18.750000)	R:false  F:false
02-28 09:09:27.087 13511 13544 D NavServiceProvider: Second to last stop coordinates: 28.02499, -82.4165
02-28 09:09:27.088 13511 13544 D NavServiceProvider: Setting units automatically
02-28 09:09:27.091 13511 13544 D NavServiceProvider: Detecting stop. distance_d=1572.8042. stop_type=1 speed=18.25
02-28 09:09:27.091 13511 13544 D NavigationTest: 80: (28.039182, -82.416376, 18.250000)	R:false  F:false
02-28 09:09:27.091 13511 13544 D NavServiceProvider: Second to last stop coordinates: 28.02499, -82.4165
02-28 09:09:27.092 13511 13544 D NavServiceProvider: Setting units automatically
02-28 09:09:27.095 13511 13544 D NavServiceProvider: Detecting stop. distance_d=1553.6329. stop_type=1 speed=18.75
02-28 09:09:27.095 13511 13544 D NavigationTest: 81: (28.039009, -82.416376, 18.750000)	R:false  F:false
02-28 09:09:27.095 13511 13544 D NavigationTest: 82: (28.039009, -82.416376, 18.750000)	R:false  F:false
02-28 09:09:27.095 13511 13544 D NavServiceProvider: Second to last stop coordinates: 28.02499, -82.4165
02-28 09:09:27.097 13511 13544 D NavServiceProvider: Setting units automatically
02-28 09:09:27.100 13511 13544 D NavServiceProvider: Detecting stop. distance_d=1534.0225. stop_type=1 speed=18.5
02-28 09:09:27.100 13511 13544 D NavigationTest: 83: (28.038832, -82.416371, 18.500000)	R:false  F:false
02-28 09:09:27.100 13511 13544 D NavigationTest: 84: (28.038832, -82.416371, 18.500000)	R:false  F:false
02-28 09:09:27.100 13511 13544 D NavServiceProvider: Second to last stop coordinates: 28.02499, -82.4165
02-28 09:09:27.101 13511 13544 D NavServiceProvider: Setting units automatically
02-28 09:09:27.103 13511 13544 D NavServiceProvider: Detecting stop. distance_d=1517.2883. stop_type=1 speed=18.0
02-28 09:09:27.104 13511 13544 D NavigationTest: 85: (28.038681, -82.416372, 18.000000)	R:false  F:false
02-28 09:09:27.104 13511 13544 D NavServiceProvider: Second to last stop coordinates: 28.02499, -82.4165
02-28 09:09:27.105 13511 13544 D NavServiceProvider: Setting units automatically
02-28 09:09:27.107 13511 13544 D NavServiceProvider: Detecting stop. distance_d=1498.3422. stop_type=1 speed=18.5
02-28 09:09:27.107 13511 13544 D NavigationTest: 86: (28.038510, -82.416368, 18.500000)	R:false  F:false
02-28 09:09:27.107 13511 13544 D NavigationTest: 87: (28.038510, -82.416368, 18.500000)	R:false  F:false
02-28 09:09:27.107 13511 13544 D NavServiceProvider: Second to last stop coordinates: 28.02499, -82.4165
02-28 09:09:27.108 13511 13544 D NavServiceProvider: Setting units automatically
02-28 09:09:27.111 13511 13544 D NavServiceProvider: Detecting stop. distance_d=1479.506. stop_type=1 speed=18.5
02-28 09:09:27.111 13511 13544 D NavigationTest: 88: (28.038340, -82.416365, 18.500000)	R:false  F:false
02-28 09:09:27.111 13511 13544 D NavigationTest: 89: (28.038340, -82.416365, 18.500000)	R:false  F:false
02-28 09:09:27.111 13511 13544 D NavServiceProvider: Second to last stop coordinates: 28.02499, -82.4165
02-28 09:09:27.112 13511 13544 D NavServiceProvider: Setting units automatically
02-28 09:09:27.115 13511 13544 D NavServiceProvider: Detecting stop. distance_d=1460.5658. stop_type=1 speed=18.5
02-28 09:09:27.115 13511 13544 D NavigationTest: 90: (28.038169, -82.416355, 18.500000)	R:false  F:false
02-28 09:09:27.115 13511 13544 D NavServiceProvider: Second to last stop coordinates: 28.02499, -82.4165
02-28 09:09:27.116 13511 13544 D NavServiceProvider: Setting units automatically
02-28 09:09:27.118 13511 13544 D NavServiceProvider: Detecting stop. distance_d=1441.7225. stop_type=1 speed=18.5
02-28 09:09:27.119 13511 13544 D NavigationTest: 91: (28.037999, -82.416360, 18.500000)	R:false  F:false
02-28 09:09:27.119 13511 13544 D NavigationTest: 92: (28.037999, -82.416360, 18.500000)	R:false  F:false
02-28 09:09:27.119 13511 13544 D NavServiceProvider: Second to last stop coordinates: 28.02499, -82.4165
02-28 09:09:27.120 13511 13544 D NavServiceProvider: Setting units automatically
02-28 09:09:27.123 13511 13544 D NavServiceProvider: Detecting stop. distance_d=1421.6699. stop_type=1 speed=19.0
02-28 09:09:27.123 13511 13544 D NavigationTest: 93: (28.037818, -82.416355, 19.000000)	R:false  F:false
02-28 09:09:27.123 13511 13544 D NavigationTest: 94: (28.037818, -82.416355, 19.000000)	R:false  F:false
02-28 09:09:27.123 13511 13544 D NavServiceProvider: Second to last stop coordinates: 28.02499, -82.4165
02-28 09:09:27.124 13511 13544 D NavServiceProvider: Setting units automatically
02-28 09:09:27.127 13511 13544 D NavServiceProvider: Detecting stop. distance_d=1400.8408. stop_type=1 speed=19.0
02-28 09:09:27.127 13511 13544 D NavigationTest: 95: (28.037630, -82.416351, 19.000000)	R:false  F:false
02-28 09:09:27.127 13511 13544 D NavServiceProvider: Second to last stop coordinates: 28.02499, -82.4165
02-28 09:09:27.128 13511 13544 D NavServiceProvider: Setting units automatically
02-28 09:09:27.133 13511 13544 D NavServiceProvider: Detecting stop. distance_d=1380.5704. stop_type=1 speed=19.25
02-28 09:09:27.134 13579 13615 I SP      : GC for 'en-us' (10) with ttl of 0 ms took 0 ms (0/0/0)
02-28 09:09:27.134 13511 13544 D NavigationTest: 96: (28.037447, -82.416343, 19.250000)	R:false  F:false
02-28 09:09:27.135 13511 13544 D NavigationTest: 97: (28.037447, -82.416343, 19.250000)	R:false  F:false
02-28 09:09:27.135 13579 13611 I VoiceDataManager: failed to download voice en-us
02-28 09:09:27.135 13579 13611 I VoiceDataManager: bvp: Failed to sync packs (Reason=SYNC_PACK_FAILED)
02-28 09:09:27.135 13579 13611 I VoiceDataManager: 	at bvw.a(PG:7)
02-28 09:09:27.135 13579 13611 I VoiceDataManager: 	at frl.a(PG:3)
02-28 09:09:27.135 13579 13611 I VoiceDataManager: 	at gno.run(PG:5)
02-28 09:09:27.135 13579 13611 I VoiceDataManager: 	at java.util.concurrent.ThreadPoolExecutor.runWorker(ThreadPoolExecutor.java:1167)
02-28 09:09:27.135 13579 13611 I VoiceDataManager: 	at java.util.concurrent.ThreadPoolExecutor$Worker.run(ThreadPoolExecutor.java:641)
02-28 09:09:27.135 13579 13611 I VoiceDataManager: 	at java.lang.Thread.run(Thread.java:919)
02-28 09:09:27.135 13579 13611 I VoiceDataManager: Caused by: java.util.concurrent.CancellationException: Task was cancelled.
02-28 09:09:27.135 13579 13611 I VoiceDataManager: 	at gma.s(PG:3)
02-28 09:09:27.135 13579 13611 I VoiceDataManager: 	at gma.get(PG:4)
02-28 09:09:27.135 13579 13611 I VoiceDataManager: 	at gpa.d(PG:1)
02-28 09:09:27.135 13579 13611 I VoiceDataManager: 	at goi.q(PG:2)
02-28 09:09:27.135 13579 13611 I VoiceDataManager: 	at gno.run(PG:4)
02-28 09:09:27.135 13579 13611 I VoiceDataManager: 	... 3 more
02-28 09:09:27.135 13511 13544 D NavServiceProvider: Second to last stop coordinates: 28.02499, -82.4165
02-28 09:09:27.137 13511 13544 D NavServiceProvider: Setting units automatically
02-28 09:09:27.141 13511 13544 D NavServiceProvider: Detecting stop. distance_d=1361.3944. stop_type=1 speed=18.75
02-28 09:09:27.141 13511 13544 D NavigationTest: 98: (28.037274, -82.416348, 18.750000)	R:false  F:false
02-28 09:09:27.141 13511 13544 D NavServiceProvider: Second to last stop coordinates: 28.02499, -82.4165
02-28 09:09:27.142 13511 13544 D NavServiceProvider: Setting units automatically
02-28 09:09:27.145 13511 13544 D NavServiceProvider: Detecting stop. distance_d=1341.9967. stop_type=1 speed=19.25
02-28 09:09:27.145 13511 13544 D NavigationTest: 99: (28.037099, -82.416353, 19.250000)	R:false  F:false
02-28 09:09:27.145 13511 13544 D NavigationTest: 100: (28.037099, -82.416353, 19.250000)	R:false  F:false
02-28 09:09:27.146 13511 13544 D NavServiceProvider: Second to last stop coordinates: 28.02499, -82.4165
02-28 09:09:27.147 13511 13544 D NavServiceProvider: Setting units automatically
02-28 09:09:27.149 13511 13544 D NavServiceProvider: Detecting stop. distance_d=1322.8314. stop_type=1 speed=19.25
02-28 09:09:27.150 13511 13544 D NavigationTest: 101: (28.036926, -82.416348, 19.250000)	R:false  F:false
02-28 09:09:27.150 13511 13544 D NavServiceProvider: Second to last stop coordinates: 28.02499, -82.4165
02-28 09:09:27.151 13511 13544 D NavServiceProvider: Setting units automatically
02-28 09:09:27.153 13511 13544 D NavServiceProvider: Detecting stop. distance_d=1304.441. stop_type=1 speed=19.25
02-28 09:09:27.153 13511 13544 D NavigationTest: 102: (28.036760, -82.416344, 19.250000)	R:false  F:false
02-28 09:09:27.154 13511 13544 D NavigationTest: 103: (28.036760, -82.416344, 19.250000)	R:false  F:false
02-28 09:09:27.154 13511 13544 D NavServiceProvider: Second to last stop coordinates: 28.02499, -82.4165
02-28 09:09:27.155 13511 13544 D NavServiceProvider: Setting units automatically
02-28 09:09:27.157 13511 13544 D NavServiceProvider: Detecting stop. distance_d=1285.9208. stop_type=1 speed=19.0
02-28 09:09:27.158 13511 13544 D NavigationTest: 104: (28.036593, -82.416357, 19.000000)	R:false  F:false
02-28 09:09:27.158 13511 13544 D NavigationTest: 105: (28.036593, -82.416357, 19.000000)	R:false  F:false
02-28 09:09:27.158 13511 13544 D NavigationTest: 106: (28.036593, -82.416357, 19.000000)	R:false  F:false
02-28 09:09:27.158 13511 13544 D NavigationTest: 107: (28.036593, -82.416357, 19.000000)	R:false  F:false
02-28 09:09:27.158 13511 13544 D NavServiceProvider: Second to last stop coordinates: 28.02499, -82.4165
02-28 09:09:27.159 13511 13544 D NavServiceProvider: Setting units automatically
02-28 09:09:27.161 13579 13615 I SP      : Sync for en-us succeeded in 94 ms: no changes
02-28 09:09:27.161 13579 13615 I SP      : GC for 'en-us' (10) with ttl of 0 ms took 0 ms (0/0/0)
02-28 09:09:27.162 13511 13544 D NavServiceProvider: Detecting stop. distance_d=1267.1965. stop_type=1 speed=18.0
02-28 09:09:27.162 13511 13544 D NavigationTest: 108: (28.036424, -82.416354, 18.000000)	R:false  F:false
02-28 09:09:27.162 13511 13544 D NavServiceProvider: Second to last stop coordinates: 28.02499, -82.4165
02-28 09:09:27.163 13511 13544 D NavServiceProvider: Setting units automatically
02-28 09:09:27.166 13511 13544 D NavServiceProvider: Detecting stop. distance_d=1251.4471. stop_type=1 speed=16.5
02-28 09:09:27.166 13511 13544 D NavigationTest: 109: (28.036282, -82.416367, 16.500000)	R:false  F:false
02-28 09:09:27.166 13511 13544 D NavigationTest: 110: (28.036282, -82.416367, 16.500000)	R:false  F:false
02-28 09:09:27.166 13511 13544 D NavServiceProvider: Second to last stop coordinates: 28.02499, -82.4165
02-28 09:09:27.167 13511 13544 D NavServiceProvider: Setting units automatically
02-28 09:09:27.170 13511 13544 D NavServiceProvider: Detecting stop. distance_d=1237.3687. stop_type=1 speed=14.75
02-28 09:09:27.170 13511 13544 D NavigationTest: 111: (28.036155, -82.416372, 14.750000)	R:false  F:false
02-28 09:09:27.170 13511 13544 D NavigationTest: 112: (28.036155, -82.416372, 14.750000)	R:false  F:false
02-28 09:09:27.170 13511 13544 D NavServiceProvider: Second to last stop coordinates: 28.02499, -82.4165
02-28 09:09:27.171 13511 13544 D NavServiceProvider: Setting units automatically
02-28 09:09:27.173 13511 13544 D NavServiceProvider: Detecting stop. distance_d=1224.1848. stop_type=1 speed=13.25
02-28 09:09:27.173 13511 13544 D NavigationTest: 113: (28.036036, -82.416369, 13.250000)	R:false  F:false
02-28 09:09:27.173 13511 13544 D NavServiceProvider: Second to last stop coordinates: 28.02499, -82.4165
02-28 09:09:27.174 13511 13544 D NavServiceProvider: Setting units automatically
02-28 09:09:27.176 13511 13544 D NavServiceProvider: Detecting stop. distance_d=1213.5338. stop_type=1 speed=11.5
02-28 09:09:27.177 13511 13544 D NavigationTest: 114: (28.035940, -82.416382, 11.500000)	R:false  F:false
02-28 09:09:27.177 13511 13544 D NavigationTest: 115: (28.035940, -82.416382, 11.500000)	R:false  F:false
02-28 09:09:27.177 13511 13544 D NavServiceProvider: Second to last stop coordinates: 28.02499, -82.4165
02-28 09:09:27.178 13511 13544 D NavServiceProvider: Setting units automatically
02-28 09:09:27.180 13511 13544 D NavServiceProvider: Detecting stop. distance_d=1203.228. stop_type=1 speed=10.0
02-28 09:09:27.180 13511 13544 D NavigationTest: 116: (28.035847, -82.416382, 10.000000)	R:false  F:false
02-28 09:09:27.181 13511 13544 D NavigationTest: 117: (28.035847, -82.416382, 10.000000)	R:false  F:false
02-28 09:09:27.181 13511 13544 D NavServiceProvider: Second to last stop coordinates: 28.02499, -82.4165
02-28 09:09:27.182 13511 13544 D NavServiceProvider: Setting units automatically
02-28 09:09:27.184 13511 13544 D NavServiceProvider: Detecting stop. distance_d=1194.9312. stop_type=1 speed=8.75
02-28 09:09:27.184 13511 13544 D NavigationTest: 118: (28.035772, -82.416368, 8.750000)	R:false  F:false
02-28 09:09:27.184 13511 13544 D NavigationTest: 119: (28.035772, -82.416368, 8.750000)	R:false  F:false
02-28 09:09:27.184 13511 13544 D NavServiceProvider: Second to last stop coordinates: 28.02499, -82.4165
02-28 09:09:27.185 13511 13544 D NavServiceProvider: Setting units automatically
02-28 09:09:27.187 13511 13544 D NavServiceProvider: Detecting stop. distance_d=1186.5093. stop_type=1 speed=8.0
02-28 09:09:27.188 13511 13544 D NavigationTest: 120: (28.035696, -82.416368, 8.000000)	R:false  F:false
02-28 09:09:27.188 13511 13544 D NavServiceProvider: Second to last stop coordinates: 28.02499, -82.4165
02-28 09:09:27.189 13511 13544 D NavServiceProvider: Setting units automatically
02-28 09:09:27.191 13511 13544 D NavServiceProvider: Detecting stop. distance_d=1178.9697. stop_type=1 speed=7.25
02-28 09:09:27.191 13511 13544 D NavigationTest: 121: (28.035628, -82.416372, 7.250000)	R:false  F:false
02-28 09:09:27.192 13511 13544 D NavigationTest: 122: (28.035628, -82.416372, 7.250000)	R:false  F:false
02-28 09:09:27.192 13511 13544 D NavServiceProvider: Second to last stop coordinates: 28.02499, -82.4165
02-28 09:09:27.193 13511 13544 D NavServiceProvider: Setting units automatically
02-28 09:09:27.195 13511 13544 D NavServiceProvider: Detecting stop. distance_d=1172.7631. stop_type=1 speed=6.5
02-28 09:09:27.196 13511 13544 D NavigationTest: 123: (28.035572, -82.416373, 6.500000)	R:false  F:false
02-28 09:09:27.196 13511 13544 D NavigationTest: 124: (28.035572, -82.416373, 6.500000)	R:false  F:false
02-28 09:09:27.196 13511 13544 D NavServiceProvider: Second to last stop coordinates: 28.02499, -82.4165
02-28 09:09:27.197 13511 13544 D NavServiceProvider: Setting units automatically
02-28 09:09:27.198 13579 13611 I VoiceDataDownloader: Superpack download completed.
02-28 09:09:27.198 13579 13611 I VoiceDataDownloader: getAvailableVoicesInfo en-us
02-28 09:09:27.198 13579 13611 I VoiceDataDownloader: getAvailableVoicesInfo pt-br
02-28 09:09:27.198 13579 13611 I VoiceDataDownloader: Download en-us Success true
02-28 09:09:27.199 13579 13611 I VoiceDataManager: Downloaded voice en-us
02-28 09:09:27.199 13579 13611 I VoiceGenerator: Cache cleared
02-28 09:09:27.200 13511 13544 D NavServiceProvider: Detecting stop. distance_d=1168.663. stop_type=1 speed=6.0
02-28 09:09:27.201 13511 13544 D NavigationTest: 125: (28.035535, -82.416373, 6.000000)	R:false  F:false
02-28 09:09:27.201 13511 13544 D NavServiceProvider: Second to last stop coordinates: 28.02499, -82.4165
02-28 09:09:27.202 13511 13544 D NavServiceProvider: Setting units automatically
02-28 09:09:27.204 13511 13544 D NavServiceProvider: Detecting stop. distance_d=1164.336. stop_type=1 speed=5.5
02-28 09:09:27.204 13511 13544 D NavigationTest: 126: (28.035496, -82.416378, 5.500000)	R:false  F:false
02-28 09:09:27.204 13511 13544 D NavigationTest: 127: (28.035496, -82.416378, 5.500000)	R:false  F:false
02-28 09:09:27.204 13511 13544 D NavServiceProvider: Second to last stop coordinates: 28.02499, -82.4165
02-28 09:09:27.205 13511 13544 D NavServiceProvider: Setting units automatically
02-28 09:09:27.207 13511 13544 D NavServiceProvider: Detecting stop. distance_d=1159.9109. stop_type=1 speed=4.75
02-28 09:09:27.207 13511 13544 D NavigationTest: 128: (28.035456, -82.416371, 4.750000)	R:false  F:false
02-28 09:09:27.208 13511 13544 D NavigationTest: 129: (28.035456, -82.416371, 4.750000)	R:false  F:false
02-28 09:09:27.208 13511 13544 D NavServiceProvider: Second to last stop coordinates: 28.02499, -82.4165
02-28 09:09:27.208 13511 13544 D NavServiceProvider: Setting units automatically
02-28 09:09:27.210 13511 13544 D NavServiceProvider: Detecting stop. distance_d=1156.151. stop_type=1 speed=3.75
02-28 09:09:27.211 13511 13544 D NavigationTest: 130: (28.035422, -82.416364, 3.750000)	R:false  F:false
02-28 09:09:27.211 13511 13544 D NavServiceProvider: Second to last stop coordinates: 28.02499, -82.4165
02-28 09:09:27.212 13511 13544 D NavServiceProvider: Setting units automatically
02-28 09:09:27.213 13579 13611 I VoiceDataDownloader: getAvailableVoicesInfo en-us
02-28 09:09:27.213 13579 13611 I VoiceDataDownloader: getAvailableVoicesInfo pt-br
02-28 09:09:27.213 13579 13611 I VoiceGenerator: Cache cleared
02-28 09:09:27.215 13511 13544 D NavServiceProvider: Detecting stop. distance_d=1153.5989. stop_type=1 speed=3.0
02-28 09:09:27.216 13511 13544 D NavigationTest: 131: (28.035399, -82.416367, 3.000000)	R:false  F:false
02-28 09:09:27.216 13511 13544 D NavigationTest: 132: (28.035399, -82.416367, 3.000000)	R:false  F:false
02-28 09:09:27.216 13511 13544 D NavServiceProvider: Second to last stop coordinates: 28.02499, -82.4165
02-28 09:09:27.217 13511 13544 D NavServiceProvider: Setting units automatically
02-28 09:09:27.219 13511 13544 D NavServiceProvider: Detecting stop. distance_d=1151.3708. stop_type=1 speed=1.75
02-28 09:09:27.219 13511 13544 D NavigationTest: 133: (28.035379, -82.416378, 1.750000)	R:false  F:false
02-28 09:09:27.219 13511 13544 D NavigationTest: 134: (28.035379, -82.416378, 1.750000)	R:false  F:false
02-28 09:09:27.219 13511 13544 D NavServiceProvider: Second to last stop coordinates: 28.02499, -82.4165
02-28 09:09:27.220 13511 13544 D NavServiceProvider: Setting units automatically
02-28 09:09:27.222 13511 13544 D NavServiceProvider: Detecting stop. distance_d=1150.4874. stop_type=1 speed=0.75
02-28 09:09:27.223 13511 13544 D NavigationTest: 135: (28.035371, -82.416375, 0.750000)	R:false  F:false
02-28 09:09:27.223 13511 13544 D NavigationTest: 136: (28.035371, -82.416375, 0.750000)	R:false  F:false
02-28 09:09:27.223 13511 13544 D NavServiceProvider: Second to last stop coordinates: 28.02499, -82.4165
02-28 09:09:27.224 13511 13544 D NavServiceProvider: Setting units automatically
02-28 09:09:27.226 13511 13544 D NavServiceProvider: Detecting stop. distance_d=1152.2615. stop_type=1 speed=0.25
02-28 09:09:27.226 13511 13544 D NavigationTest: 137: (28.035387, -82.416374, 0.250000)	R:false  F:false
02-28 09:09:27.226 13511 13544 D NavServiceProvider: Second to last stop coordinates: 28.02499, -82.4165
02-28 09:09:27.227 13511 13544 D NavServiceProvider: Setting units automatically
02-28 09:09:27.229 13511 13544 D NavServiceProvider: Detecting stop. distance_d=1152.4863. stop_type=1 speed=0.0
02-28 09:09:27.229 13511 13544 D NavigationTest: 138: (28.035389, -82.416371, 0.000000)	R:false  F:false
02-28 09:09:27.230 13511 13544 D NavigationTest: 139: (28.035389, -82.416371, 0.000000)	R:false  F:false
