02-28 09:09:44.138 13511 13544 I TestRunner: started: testTrip16(org.onebusaway.android.nav.test.NavigationTest)
02-28 09:09:44.139   871  6793 D audio_hw_primary: adev_get_parameters:vr_audio_mode_on
02-28 09:09:44.139   871  6793 I audio_hw_primary: getting vr mode to 0
02-28 09:09:44.139   871  6793 D audio_hw_primary: adev_get_parameters: exit: returns - vr_audio_mode_on=false
02-28 09:09:44.139   959  7466 I hash_map_utils: key: 'vr_audio_mode_on' value: ''
02-28 09:09:44.139   959  7466 I AudioPolicyManagerCustom: VR mode is 0, switch to primary output if request is for fast|raw
02-28 09:09:44.140   959  7466 I AudioPolicyManagerCustom: setting force DEEP buffer now
02-28 09:09:44.140 13511 13511 I MonitoringInstr: Activities that are still in CREATED to STOPPED: 0
02-28 09:09:44.140   959  7466 D AudioFlinger: Client defaulted notificationFrames to 2048 for frameCount 4096
02-28 09:09:44.141   959  7466 D AF::TrackHandle: OpPlayAudio: track:201 usage:1 not muted
02-28 09:09:44.146 13511 13544 D NavServiceProvider: Creating NavigationServiceProvider...
02-28 09:09:44.147 13511 13544 D NavServiceProvider: Starting navigation for service
02-28 09:09:44.147 13511 13544 D NavServiceProvider: ProximityCalculator initializing...
02-28 09:09:44.147 13511 13544 D NavServiceProvider: Initializing ProximityCalculator
02-28 09:09:44.147 13511 13544 D NavServiceProvider: Number of path links: 1
02-28 09:09:44.147 13511 13544 D NavServiceProvider: Second to last stop coordinates: 28.058073, -82.416129
02-28 09:09:44.147  2666  3413 D Avrcp_ext: AudioManager Player: ID:23 -- type:android.media.SoundPool -- u/pid:10126/2688 -- state:idle -- attr:AudioAttributes: usage=USAGE_ASSISTANCE_SONIFICATION content=CONTENT_TYPE_SONIFICATION flags=0x800 tags= bundle=null
02-28 09:09:44.147  2666  3413 D Avrcp_ext: AudioManager Player: ID:15 -- type:android.media.SoundPool -- u/pid:1000/1493 -- state:idle -- attr:AudioAttributes: usage=USAGE_ASSISTANCE_SONIFICATION content=CONTENT_TYPE_SONIFICATION flags=0x800 tags= bundle=null
02-28 09:09:44.147  2666  3413 D Avrcp_ext: AudioManager Player: ID:1199 -- type:android.media.AudioTrack -- u/pid:10088/13579 -- state:started -- attr:AudioAttributes: usage=USAGE_MEDIA content=CONTENT_TYPE_SPEECH flags=0x800 tags= bundle=null
02-28 09:09:44.147  2666  3413 D Avrcp_ext: AudioManager isPlaying: true
02-28 09:09:44.147  2666  3413 V Avrcp_ext: updateCurrentMediaState: mMediaController: null
02-28 09:09:44.147 13511 13544 D NavServiceProvider: Setting units automatically
02-28 09:09:44.148  2666  3413 V Avrcp_ext: isMusicActive: true getBluetoothPlayState: 2
02-28 09:09:44.148  2666  3413 V Avrcp_ext: updateCurrentMediaState: isPlaying = false
02-28 09:09:44.148  2666  3413 V Avrcp_ext: Media update: id -1➡-1? [MediaAttributes: none] : [MediaAttributes: none]
02-28 09:09:44.148  2666  3413 V Avrcp_ext: newPlayStatus:2mReportedPlayStatus:-1
02-28 09:09:44.148  2666  3413 V Avrcp_ext: updatePlaybackState, state: PlaybackState {state=2, position=-1, buffered position=0, speed=0.0, updated=1787478, actions=0, custom actions=[], active item id=-1, error=null} device: null
02-28 09:09:44.148  2666  3413 V Avrcp_ext: Device: no name:
02-28 09:09:44.148  2666  3413 I chatty  : uid=1002(bluetooth) BluetoothAvrcpH identical 3 lines
02-28 09:09:44.148  2666  3413 V Avrcp_ext: Device: no name:
02-28 09:09:44.148  2666  3413 V Avrcp_ext: updatePlayerStateAndPosition, old=PlaybackState {state=2, position=-1, buffered position=0, speed=0.0, updated=1787459, actions=0, custom actions=[], active item id=-1, error=null}, state=PlaybackState {state=2, position=-1, buffered position=0, speed=0.0, updated=1787478, actions=0, custom actions=[], active item id=-1, error=null}
02-28 09:09:44.148  2666  3413 V Avrcp_ext: old state = PlaybackState {state=2, position=-1, buffered position=0, speed=0.0, updated=1787459, actions=0, custom actions=[], active item id=-1, error=null}, new state= PlaybackState {state=2, position=-1, buffered position=0, speed=0.0, updated=1787478, actions=0, custom actions=[], active item id=-1, error=null}
02-28 09:09:44.148  2666  3413 D HeadsetService: getHeadsetService(): returning com.android.bluetooth.hfp.HeadsetService@8a04d28
02-28 09:09:44.148  2666  3413 D HeadsetService:  isAudioOn: The number of audio connected devices 0
02-28 09:09:44.148  2666  3413 D HeadsetService: isScoOrCallActive(): Call Active:falseCall is Ringing:falseSCO is Active:false
02-28 09:09:44.149  2666  3413 D HeadsetService:  isAudioOn: The number of audio connected devices 0
02-28 09:09:44.149  2666  3413 I Avrcp_ext: updatePlayStatusForDevice: device: null
02-28 09:09:44.149  2666  3413 V Avrcp_ext: updatePlaybackState (1): old=PlaybackState {state=2, position=-1, buffered position=0, speed=0.0, updated=1787459, actions=0, custom actions=[], active item id=-1, error=null}(2), new=PlaybackState {state=2, position=-1, buffered position=0, speed=0.0, updated=1787478, actions=0, custom actions=[], active item id=-1, error=null}(2)
02-28 09:09:44.149  2666  3413 I Avrcp_ext: Exit updatePlayStatusForDevice
02-28 09:09:44.149  2666  3413 D HeadsetService:  isAudioOn: The number of audio connected devices 0
02-28 09:09:44.149  2666  3413 D HeadsetService: isScoOrCallActive(): Call Active:falseCall is Ringing:falseSCO is Active:false
02-28 09:09:44.149 13511 13544 D NavServiceProvider: Detecting stop. distance_d=324.3512. stop_type=1 speed=3.75
02-28 09:09:44.149 13511 13544 D NavigationTest: 0: (28.059113, -82.413045, 3.750000)	R:false  F:false
02-28 09:09:44.149 13511 13544 D NavigationTest: 1: (28.059113, -82.413045, 3.750000)	R:false  F:false
02-28 09:09:44.149  2666  3413 D HeadsetService:  isAudioOn: The number of audio connected devices 0
02-28 09:09:44.149  2666  3413 I Avrcp_ext: updatePlayStatusForDevice: device: null
02-28 09:09:44.149 13511 13544 D NavigationTest: 2: (28.059113, -82.413045, 3.750000)	R:false  F:false
02-28 09:09:44.149  2666  3413 V Avrcp_ext: updatePlaybackState (1): old=PlaybackState {state=2, position=-1, buffered position=0, speed=0.0, updated=1787459, actions=0, custom actions=[], active item id=-1, error=null}(2), new=PlaybackState {state=2, position=-1, buffered position=0, speed=0.0, updated=1787478, actions=0, custom actions=[], active item id=-1, error=null}(2)
02-28 09:09:44.149  2666  3413 I Avrcp_ext: Exit updatePlayStatusForDevice
02-28 09:09:44.149 13511 13544 D NavigationTest: 3: (28.059113, -82.413045, 3.750000)	R:false  F:false
02-28 09:09:44.149 13511 13544 D NavigationTest: 4: (28.059113, -82.413045, 3.750000)	R:false  F:false
02-28 09:09:44.149 13511 13544 D NavServiceProvider: Second to last stop coordinates: 28.058073, -82.416129
02-28 09:09:44.150  2666  3413 D HeadsetService:  isAudioOn: The number of audio connected devices 0
02-28 09:09:44.150  2666  3413 D HeadsetService: isScoOrCallActive(): Call Active:falseCall is Ringing:falseSCO is Active:false
02-28 09:09:44.150  2666  3413 D HeadsetService:  isAudioOn: The number of audio connected devices 0
02-28 09:09:44.150  2666  3413 I Avrcp_ext: updatePlayStatusForDevice: device: null
02-28 09:09:44.150  2666  3413 V Avrcp_ext: updatePlaybackState (1): old=PlaybackState {state=2, position=-1, buffered position=0, speed=0.0, updated=1787459, actions=0, custom actions=[], active item id=-1, error=null}(2), new=PlaybackState {state=2, position=-1, buffered position=0, speed=0.0, updated=1787478, actions=0, custom actions=[], active item id=-1, error=null}(2)
02-28 09:09:44.150  2666  3413 I Avrcp_ext: Exit updatePlayStatusForDevice
02-28 09:09:44.150 13511 13544 D NavServiceProvider: Setting units automatically
02-28 09:09:44.151  2666  3413 D HeadsetService:  isAudioOn: The number of audio connected devices 0
02-28 09:09:44.151  2666  3413 D HeadsetService: isScoOrCallActive(): Call Active:falseCall is Ringing:falseSCO is Active:false
02-28 09:09:44.151  2666  3413 D HeadsetService:  isAudioOn: The number of audio connected devices 0
02-28 09:09:44.151  2666  3413 I Avrcp_ext: updatePlayStatusForDevice: device: null
02-28 09:09:44.151  2666  3413 V Avrcp_ext: updatePlaybackState (1): old=PlaybackState {state=2, position=-1, buffered position=0, speed=0.0, updated=1787459, actions=0, custom actions=[], active item id=-1, error=null}(2), new=PlaybackState {state=2, position=-1, buffered position=0, speed=0.0, updated=1787478, actions=0, custom actions=[], active item id=-1, error=null}(2)
02-28 09:09:44.151  2666  3413 I Avrcp_ext: Exit updatePlayStatusForDevice
02-28 09:09:44.151 13511 13544 D NavServiceProvider: Detecting stop. distance_d=325.22076. stop_type=1 speed=2.25
02-28 09:09:44.152 13511 13544 D NavigationTest: 5: (28.059128, -82.413042, 2.250000)	R:false  F:false
02-28 09:09:44.152 13511 13544 D NavServiceProvider: Second to last stop coordinates: 28.058073, -82.416129
02-28 09:09:44.152 13511 13544 D NavServiceProvider: Setting units automatically
02-28 09:09:44.153  2666  3413 D HeadsetService:  isAudioOn: The number of audio connected devices 0
02-28 09:09:44.153  2666  3413 D HeadsetService: isScoOrCallActive(): Call Active:falseCall is Ringing:falseSCO is Active:false
02-28 09:09:44.153  2666  3413 D HeadsetService:  isAudioOn: The number of audio connected devices 0
02-28 09:09:44.153  2666  3413 I Avrcp_ext: updatePlayStatusForDevice: device: null
02-28 09:09:44.153  2666  3413 V Avrcp_ext: updatePlaybackState (1): old=PlaybackState {state=2, position=-1, buffered position=0, speed=0.0, updated=1787459, actions=0, custom actions=[], active item id=-1, error=null}(2), new=PlaybackState {state=2, position=-1, buffered position=0, speed=0.0, updated=1787478, actions=0, custom actions=[], active item id=-1, error=null}(2)
02-28 09:09:44.153  2666  3413 I Avrcp_ext: Exit updatePlayStatusForDevice
02-28 09:09:44.153  2666  3413 D Avrcp_ext: Enter sendPlayPosNotificationRsp
02-28 09:09:44.153 13511 13544 D NavServiceProvider: Detecting stop. distance_d=326.50336. stop_type=1 speed=1.5
02-28 09:09:44.153  2666  3413 D Avrcp_ext: sendPlayPosNotificationRsp: Not registered or requesting.
02-28 09:09:44.153  2666  3413 D Avrcp_ext: Enter sendPlayPosNotificationRsp
02-28 09:09:44.153  2666  3413 D Avrcp_ext: sendPlayPosNotificationRsp: Not registered or requesting.
02-28 09:09:44.153  2666  3413 D Avrcp_ext: Enter sendPlayPosNotificationRsp
02-28 09:09:44.153  2666  3413 D Avrcp_ext: sendPlayPosNotificationRsp: Not registered or requesting.
02-28 09:09:44.153  2666  3413 D Avrcp_ext: Enter sendPlayPosNotificationRsp
02-28 09:09:44.153  2666  3413 D Avrcp_ext: sendPlayPosNotificationRsp: Not registered or requesting.
02-28 09:09:44.153  2666  3413 D Avrcp_ext: Enter sendPlayPosNotificationRsp
02-28 09:09:44.153  2666  3413 D Avrcp_ext: sendPlayPosNotificationRsp: Not registered or requesting.
02-28 09:09:44.153  2666  3413 V Avrcp_ext: Exit updatePlayerStateAndPosition
02-28 09:09:44.153 13511 13544 D NavigationTest: 6: (28.059144, -82.413035, 1.500000)	R:false  F:false
02-28 09:09:44.154 13511 13544 D NavigationTest: 7: (28.059144, -82.413035, 1.500000)	R:false  F:false
02-28 09:09:44.154 13511 13544 D NavServiceProvider: Second to last stop coordinates: 28.058073, -82.416129
02-28 09:09:44.154 13511 13544 D NavServiceProvider: Setting units automatically
02-28 09:09:44.155 13511 13544 D NavServiceProvider: Detecting stop. distance_d=327.27463. stop_type=1 speed=2.0
02-28 09:09:44.156 13511 13544 D NavigationTest: 8: (28.059163, -82.413035, 2.000000)	R:false  F:false
02-28 09:09:44.156 13511 13544 D NavigationTest: 9: (28.059163, -82.413035, 2.000000)	R:false  F:false
02-28 09:09:44.156 13511 13544 D NavServiceProvider: Second to last stop coordinates: 28.058073, -82.416129
02-28 09:09:44.156 13511 13544 D NavServiceProvider: Setting units automatically
02-28 09:09:44.157 13511 13544 D NavServiceProvider: Detecting stop. distance_d=328.63498. stop_type=1 speed=3.5
02-28 09:09:44.157 13511 13544 D NavigationTest: 10: (28.059198, -82.413036, 3.500000)	R:false  F:false
02-28 09:09:44.158 13511 13544 D NavigationTest: 11: (28.059198, -82.413036, 3.500000)	R:false  F:false
02-28 09:09:44.158 13511 13544 D NavServiceProvider: Second to last stop coordinates: 28.058073, -82.416129
02-28 09:09:44.158 13511 13544 D NavServiceProvider: Setting units automatically
02-28 09:09:44.159 13511 13544 D NavServiceProvider: Detecting stop. distance_d=330.24084. stop_type=1 speed=5.25
02-28 09:09:44.160 13511 13544 D NavigationTest: 12: (28.059244, -82.413040, 5.250000)	R:false  F:false
02-28 09:09:44.160 13511 13544 D NavigationTest: 13: (28.059244, -82.413040, 5.250000)	R:false  F:false
02-28 09:09:44.160 13511 13544 D NavServiceProvider: Second to last stop coordinates: 28.058073, -82.416129
02-28 09:09:44.160 13511 13544 D NavServiceProvider: Setting units automatically
02-28 09:09:44.161 13511 13544 D NavServiceProvider: Detecting stop. distance_d=332.0075. stop_type=1 speed=5.25
02-28 09:09:44.161 13511 13544 D NavigationTest: 14: (28.059290, -82.413043, 5.250000)	R:false  F:false
02-28 09:09:44.161 13511 13544 D NavigationTest: 15: (28.059290, -82.413043, 5.250000)	R:false  F:false
02-28 09:09:44.161 13511 13544 D NavServiceProvider: Second to last stop coordinates: 28.058073, -82.416129
02-28 09:09:44.162 13511 13544 D NavServiceProvider: Setting units automatically
02-28 09:09:44.163 13511 13544 D NavServiceProvider: Detecting stop. distance_d=333.84296. stop_type=1 speed=5.25
02-28 09:09:44.163 13511 13544 D NavigationTest: 16: (28.059336, -82.413046, 5.250000)	R:false  F:false
02-28 09:09:44.163 13511 13544 D NavServiceProvider: Second to last stop coordinates: 28.058073, -82.416129
02-28 09:09:44.163 13511 13544 D NavServiceProvider: Setting units automatically
02-28 09:09:44.164 13511 13544 D NavServiceProvider: Detecting stop. distance_d=334.17484. stop_type=1 speed=6.5
02-28 09:09:44.164 13511 13544 D NavigationTest: 17: (28.059388, -82.413070, 6.500000)	R:false  F:false
02-28 09:09:44.165 13511 13544 D NavigationTest: 18: (28.059388, -82.413070, 6.500000)	R:false  F:false
02-28 09:09:44.165 13511 13544 D NavServiceProvider: Second to last stop coordinates: 28.058073, -82.416129
02-28 09:09:44.165 13511 13544 D NavServiceProvider: Setting units automatically
02-28 09:09:44.166 13511 13544 D NavServiceProvider: Detecting stop. distance_d=335.1234. stop_type=1 speed=5.75
02-28 09:09:44.166 13511 13544 D NavigationTest: 19: (28.059443, -82.413090, 5.750000)	R:false  F:false
02-28 09:09:44.166 13511 13544 D NavServiceProvider: Second to last stop coordinates: 28.058073, -82.416129
02-28 09:09:44.166 13511 13544 D NavServiceProvider: Setting units automatically
02-28 09:09:44.167 13511 13544 D NavServiceProvider: Detecting stop. distance_d=337.17044. stop_type=1 speed=3.5
02-28 09:09:44.168 13511 13544 D NavigationTest: 20: (28.059485, -82.413091, 3.500000)	R:false  F:false
02-28 09:09:44.168 13511 13544 D NavigationTest: 21: (28.059485, -82.413091, 3.500000)	R:false  F:false
02-28 09:09:44.168 13511 13544 D NavServiceProvider: Second to last stop coordinates: 28.058073, -82.416129
02-28 09:09:44.168 13511 13544 D NavServiceProvider: Setting units automatically
02-28 09:09:44.170 13511 13544 D NavServiceProvider: Detecting stop. distance_d=338.65747. stop_type=1 speed=2.25
02-28 09:09:44.170 13511 13544 D NavigationTest: 22: (28.059517, -82.413093, 2.250000)	R:false  F:false
02-28 09:09:44.170 13511 13544 D NavServiceProvider: Second to last stop coordinates: 28.058073, -82.416129
02-28 09:09:44.170 13511 13544 D NavServiceProvider: Setting units automatically
02-28 09:09:44.171 13511 13544 D NavServiceProvider: Detecting stop. distance_d=339.35965. stop_type=1 speed=1.0
02-28 09:09:44.172 13511 13544 D NavigationTest: 23: (28.059532, -82.413094, 1.000000)	R:false  F:false
02-28 09:09:44.172 13511 13544 D NavigationTest: 24: (28.059532, -82.413094, 1.000000)	R:false  F:false
02-28 09:09:44.172 13511 13544 D NavServiceProvider: Second to last stop coordinates: 28.058073, -82.416129
02-28 09:09:44.172 13511 13544 D NavServiceProvider: Setting units automatically
02-28 09:09:44.173 13511 13544 D NavServiceProvider: Detecting stop. distance_d=340.0086. stop_type=1 speed=0.75
02-28 09:09:44.173 13511 13544 D NavigationTest: 25: (28.059541, -82.413092, 0.750000)	R:false  F:false
02-28 09:09:44.173 13511 13544 D NavigationTest: 26: (28.059541, -82.413092, 0.750000)	R:false  F:false
02-28 09:09:44.173 13511 13544 D NavServiceProvider: Second to last stop coordinates: 28.058073, -82.416129
02-28 09:09:44.174 13511 13544 D NavServiceProvider: Setting units automatically
02-28 09:09:44.175 13511 13544 D NavServiceProvider: Detecting stop. distance_d=340.4337. stop_type=1 speed=0.5
02-28 09:09:44.175 13511 13544 D NavigationTest: 27: (28.059549, -82.413092, 0.500000)	R:false  F:false
02-28 09:09:44.175 13511 13544 D NavigationTest: 28: (28.059549, -82.413092, 0.500000)	R:false  F:false
02-28 09:09:44.175 13511 13544 D NavServiceProvider: Second to last stop coordinates: 28.058073, -82.416129
02-28 09:09:44.175 13511 13544 D NavServiceProvider: Setting units automatically
02-28 09:09:44.176 13511 13544 D NavServiceProvider: Detecting stop. distance_d=340.63486. stop_type=1 speed=1.0
02-28 09:09:44.176 13511 13544 D NavigationTest: 29: (28.059556, -82.413094, 1.000000)	R:false  F:false
02-28 09:09:44.176 13511 13544 D NavServiceProvider: Second to last stop coordinates: 28.058073, -82.416129
02-28 09:09:44.177 13511 13544 D NavServiceProvider: Setting units automatically
02-28 09:09:44.178 13511 13544 D NavServiceProvider: Detecting stop. distance_d=341.5478. stop_type=1 speed=2.0
02-28 09:09:44.178 13511 13544 D NavigationTest: 30: (28.059573, -82.413094, 2.000000)	R:false  F:false
02-28 09:09:44.178 13511 13544 D NavigationTest: 31: (28.059573, -82.413094, 2.000000)	R:false  F:false
02-28 09:09:44.178 13511 13544 D NavServiceProvider: Second to last stop coordinates: 28.058073, -82.416129
02-28 09:09:44.178 13511 13544 D NavServiceProvider: Setting units automatically
02-28 09:09:44.180 13511 13544 D NavServiceProvider: Detecting stop. distance_d=342.20398. stop_type=1 speed=3.0
02-28 09:09:44.180 13511 13544 D NavigationTest: 32: (28.059593, -82.413099, 3.000000)	R:false  F:false
02-28 09:09:44.180 13511 13544 D NavigationTest: 33: (28.059593, -82.413099, 3.000000)	R:false  F:false
02-28 09:09:44.180 13511 13544 D NavServiceProvider: Second to last stop coordinates: 28.058073, -82.416129
02-28 09:09:44.180 13511 13544 D NavServiceProvider: Setting units automatically
02-28 09:09:44.181 13511 13544 D NavServiceProvider: Detecting stop. distance_d=342.32822. stop_type=1 speed=3.0
02-28 09:09:44.181 13511 13544 D NavigationTest: 34: (28.059617, -82.413113, 3.000000)	R:false  F:false
02-28 09:09:44.181 13511 13544 D NavServiceProvider: Second to last stop coordinates: 28.058073, -82.416129
02-28 09:09:44.181 13511 13544 D NavServiceProvider: Setting units automatically
02-28 09:09:44.183 13511 13544 D NavServiceProvider: Detecting stop. distance_d=342.70523. stop_type=1 speed=2.75
02-28 09:09:44.183 13511 13544 D NavigationTest: 35: (28.059639, -82.413123, 2.750000)	R:false  F:false
02-28 09:09:44.183 13511 13544 D NavigationTest: 36: (28.059639, -82.413123, 2.750000)	R:false  F:false
02-28 09:09:44.183 13511 13544 D NavServiceProvider: Second to last stop coordinates: 28.058073, -82.416129
02-28 09:09:44.183 13511 13544 D NavServiceProvider: Setting units automatically
02-28 09:09:44.184 13511 13544 D NavServiceProvider: Detecting stop. distance_d=342.56473. stop_type=1 speed=2.5
02-28 09:09:44.184 13511 13544 D NavigationTest: 37: (28.059656, -82.413136, 2.500000)	R:false  F:false
02-28 09:09:44.184 13511 13544 D NavigationTest: 38: (28.059656, -82.413136, 2.500000)	R:false  F:false
02-28 09:09:44.184 13511 13544 D NavigationTest: 39: (28.059656, -82.413136, 2.500000)	R:false  F:false
02-28 09:09:44.184 13511 13544 D NavigationTest: 40: (28.059656, -82.413136, 2.500000)	R:false  F:false
02-28 09:09:44.184 13511 13544 D NavServiceProvider: Second to last stop coordinates: 28.058073, -82.416129
02-28 09:09:44.185 13511 13544 D NavServiceProvider: Setting units automatically
02-28 09:09:44.186 13511 13544 D NavServiceProvider: Detecting stop. distance_d=341.79333. stop_type=1 speed=2.75
02-28 09:09:44.186 13511 13544 D NavigationTest: 41: (28.059672, -82.413156, 2.750000)	R:false  F:false
02-28 09:09:44.186 13511 13544 D NavServiceProvider: Second to last stop coordinates: 28.058073, -82.416129
02-28 09:09:44.186 13511 13544 D NavServiceProvider: Setting units automatically
02-28 09:09:44.188 13511 13544 D NavServiceProvider: Detecting stop. distance_d=341.09888. stop_type=1 speed=2.75
02-28 09:09:44.188 13511 13544 D NavigationTest: 42: (28.059689, -82.413176, 2.750000)	R:false  F:false
02-28 09:09:44.188 13511 13544 D NavigationTest: 43: (28.059689, -82.413176, 2.750000)	R:false  F:false
02-28 09:09:44.188 13511 13544 D NavServiceProvider: Second to last stop coordinates: 28.058073, -82.416129
02-28 09:09:44.188 13511 13544 D NavServiceProvider: Setting units automatically
02-28 09:09:44.190 13511 13544 D NavServiceProvider: Detecting stop. distance_d=337.56723. stop_type=1 speed=3.0
02-28 09:09:44.190 13511 13544 D NavigationTest: 44: (28.059690, -82.413219, 3.000000)	R:false  F:false
02-28 09:09:44.190 13511 13544 D NavigationTest: 45: (28.059690, -82.413219, 3.000000)	R:false  F:false
02-28 09:09:44.190 13511 13544 D NavServiceProvider: Second to last stop coordinates: 28.058073, -82.416129
02-28 09:09:44.190 13511 13544 D NavServiceProvider: Setting units automatically
02-28 09:09:44.192 13511 13544 D NavServiceProvider: Detecting stop. distance_d=334.02756. stop_type=1 speed=3.25
02-28 09:09:44.192 13511 13544 D NavigationTest: 46: (28.059685, -82.413258, 3.250000)	R:false  F:false
02-28 09:09:44.192 13511 13544 D NavigationTest: 47: (28.059685, -82.413258, 3.250000)	R:false  F:false
02-28 09:09:44.192 13511 13544 D NavServiceProvider: Second to last stop coordinates: 28.058073, -82.416129
02-28 09:09:44.192 13511 13544 D NavServiceProvider: Setting units automatically
02-28 09:09:44.193 13511 13544 D NavServiceProvider: Detecting stop. distance_d=330.29086. stop_type=1 speed=3.25
02-28 09:09:44.193 13511 13544 D NavigationTest: 48: (28.059671, -82.413293, 3.250000)	R:false  F:false
02-28 09:09:44.193 13511 13544 D NavigationTest: 49: (28.059671, -82.413293, 3.250000)	R:false  F:false
02-28 09:09:44.193 13511 13544 D NavServiceProvider: Second to last stop coordinates: 28.058073, -82.416129
02-28 09:09:44.194 13511 13544 D NavServiceProvider: Setting units automatically
02-28 09:09:44.195 13511 13544 D NavServiceProvider: Detecting stop. distance_d=326.04373. stop_type=1 speed=3.5
02-28 09:09:44.195 13511 13544 D NavigationTest: 50: (28.059647, -82.413327, 3.500000)	R:false  F:false
02-28 09:09:44.195 13511 13544 D NavigationTest: 51: (28.059647, -82.413327, 3.500000)	R:false  F:false
02-28 09:09:44.195 13511 13544 D NavServiceProvider: Second to last stop coordinates: 28.058073, -82.416129
02-28 09:09:44.195 13511 13544 D NavServiceProvider: Setting units automatically
02-28 09:09:44.196 13511 13544 D NavServiceProvider: Detecting stop. distance_d=322.01575. stop_type=1 speed=3.5
02-28 09:09:44.196 13511 13544 D NavigationTest: 52: (28.059614, -82.413352, 3.500000)	R:false  F:false
02-28 09:09:44.196 13511 13544 D NavServiceProvider: Second to last stop coordinates: 28.058073, -82.416129
02-28 09:09:44.197 13511 13544 D NavServiceProvider: Setting units automatically
02-28 09:09:44.198 13511 13544 D NavServiceProvider: Detecting stop. distance_d=318.84915. stop_type=1 speed=3.5
02-28 09:09:44.198 13511 13544 D NavigationTest: 53: (28.059587, -82.413371, 3.500000)	R:false  F:false
02-28 09:09:44.198 13511 13544 D NavigationTest: 54: (28.059587, -82.413371, 3.500000)	R:false  F:false
02-28 09:09:44.198 13511 13544 D NavServiceProvider: Second to last stop coordinates: 28.058073, -82.416129
02-28 09:09:44.198 13511 13544 D NavServiceProvider: Setting units automatically
02-28 09:09:44.199 13511 13544 D NavServiceProvider: Detecting stop. distance_d=312.8322. stop_type=1 speed=6.0
02-28 09:09:44.199 13511 13544 D NavigationTest: 55: (28.059478, -82.413369, 6.000000)	R:false  F:false
02-28 09:09:44.199 13511 13544 D NavServiceProvider: Second to last stop coordinates: 28.058073, -82.416129
02-28 09:09:44.200 13511 13544 D NavServiceProvider: Setting units automatically
02-28 09:09:44.201 13511 13544 D NavServiceProvider: Detecting stop. distance_d=309.553. stop_type=1 speed=6.0
02-28 09:09:44.201 13511 13544 D NavigationTest: 56: (28.059424, -82.413373, 6.000000)	R:false  F:false
02-28 09:09:44.201 13511 13544 D NavigationTest: 57: (28.059424, -82.413373, 6.000000)	R:false  F:false
02-28 09:09:44.201 13511 13544 D NavServiceProvider: Second to last stop coordinates: 28.058073, -82.416129
02-28 09:09:44.201 13511 13544 D NavServiceProvider: Setting units automatically
02-28 09:09:44.202 13511 13544 D NavServiceProvider: Detecting stop. distance_d=307.91992. stop_type=1 speed=6.0
02-28 09:09:44.202 13511 13544 D NavigationTest: 58: (28.059370, -82.413359, 6.000000)	R:false  F:false
02-28 09:09:44.202 13511 13544 D NavigationTest: 59: (28.059370, -82.413359, 6.000000)	R:false  F:false
02-28 09:09:44.202 13511 13544 D NavServiceProvider: Second to last stop coordinates: 28.058073, -82.416129
02-28 09:09:44.203 13511 13544 D NavServiceProvider: Setting units automatically
02-28 09:09:44.204 13511 13544 D NavServiceProvider: Detecting stop. distance_d=305.13638. stop_type=1 speed=6.5
02-28 09:09:44.204 13511 13544 D NavigationTest: 60: (28.059310, -82.413356, 6.500000)	R:false  F:false
02-28 09:09:44.204 13511 13544 D NavServiceProvider: Second to last stop coordinates: 28.058073, -82.416129
02-28 09:09:44.204 13511 13544 D NavServiceProvider: Setting units automatically
02-28 09:09:44.205 13511 13544 D NavServiceProvider: Detecting stop. distance_d=302.4399. stop_type=1 speed=6.5
02-28 09:09:44.206 13511 13544 D NavigationTest: 61: (28.059253, -82.413355, 6.500000)	R:false  F:false
02-28 09:09:44.206 13511 13544 D NavigationTest: 62: (28.059253, -82.413355, 6.500000)	R:false  F:false
02-28 09:09:44.206 13511 13544 D NavServiceProvider: Second to last stop coordinates: 28.058073, -82.416129
02-28 09:09:44.206 13511 13544 D NavServiceProvider: Setting units automatically
02-28 09:09:44.207 13511 13544 D NavServiceProvider: Detecting stop. distance_d=299.3566. stop_type=1 speed=6.75
02-28 09:09:44.207 13511 13544 D NavigationTest: 63: (28.059193, -82.413358, 6.750000)	R:false  F:false
02-28 09:09:44.207 13511 13544 D NavigationTest: 64: (28.059193, -82.413358, 6.750000)	R:false  F:false
02-28 09:09:44.207 13511 13544 D NavServiceProvider: Second to last stop coordinates: 28.058073, -82.416129
02-28 09:09:44.207 13511 13544 D NavServiceProvider: Setting units automatically
02-28 09:09:44.208 13511 13544 D NavServiceProvider: Detecting stop. distance_d=296.6176. stop_type=1 speed=6.75
02-28 09:09:44.208 13511 13544 D NavigationTest: 65: (28.059132, -82.413358, 6.750000)	R:false  F:false
02-28 09:09:44.208 13511 13544 D NavigationTest: 66: (28.059132, -82.413358, 6.750000)	R:false  F:false
02-28 09:09:44.208 13511 13544 D NavServiceProvider: Second to last stop coordinates: 28.058073, -82.416129
02-28 09:09:44.209 13511 13544 D NavServiceProvider: Setting units automatically
02-28 09:09:44.210 13511 13544 D NavServiceProvider: Detecting stop. distance_d=294.18216. stop_type=1 speed=6.25
02-28 09:09:44.210 13511 13544 D NavigationTest: 67: (28.059062, -82.413352, 6.250000)	R:false  F:false
02-28 09:09:44.210 13511 13544 D NavServiceProvider: Second to last stop coordinates: 28.058073, -82.416129
02-28 09:09:44.210 13511 13544 D NavServiceProvider: Setting units automatically
02-28 09:09:44.211 13511 13544 D NavServiceProvider: Detecting stop. distance_d=291.835. stop_type=1 speed=6.25
02-28 09:09:44.211 13511 13544 D NavigationTest: 68: (28.059006, -82.413353, 6.250000)	R:false  F:false
02-28 09:09:44.211 13511 13544 D NavigationTest: 69: (28.059006, -82.413353, 6.250000)	R:false  F:false
02-28 09:09:44.211 13511 13544 D NavServiceProvider: Second to last stop coordinates: 28.058073, -82.416129
02-28 09:09:44.212 13511 13544 D NavServiceProvider: Setting units automatically
02-28 09:09:44.213 13511 13544 D NavServiceProvider: Detecting stop. distance_d=290.62314. stop_type=1 speed=6.75
02-28 09:09:44.213 13511 13544 D NavigationTest: 70: (28.058940, -82.413339, 6.750000)	R:false  F:false
02-28 09:09:44.213 13511 13544 D NavigationTest: 71: (28.058940, -82.413339, 6.750000)	R:false  F:false
02-28 09:09:44.213 13511 13544 D NavServiceProvider: Second to last stop coordinates: 28.058073, -82.416129
02-28 09:09:44.213 13511 13544 D NavServiceProvider: Setting units automatically
02-28 09:09:44.214 13511 13544 D NavServiceProvider: Detecting stop. distance_d=288.20908. stop_type=1 speed=6.75
02-28 09:09:44.214 13511 13544 D NavigationTest: 72: (28.058888, -82.413345, 6.750000)	R:false  F:false
02-28 09:09:44.214 13511 13544 D NavigationTest: 73: (28.058888, -82.413345, 6.750000)	R:false  F:false
02-28 09:09:44.214 13511 13544 D NavServiceProvider: Second to last stop coordinates: 28.058073, -82.416129
02-28 09:09:44.215 13511 13544 D NavServiceProvider: Setting units automatically
02-28 09:09:44.216 13511 13544 D NavServiceProvider: Detecting stop. distance_d=285.9992. stop_type=1 speed=6.5
02-28 09:09:44.216 13511 13544 D NavigationTest: 74: (28.058819, -82.413344, 6.500000)	R:false  F:false
02-28 09:09:44.216 13511 13544 D NavigationTest: 75: (28.058819, -82.413344, 6.500000)	R:false  F:false
02-28 09:09:44.216 13511 13544 D NavigationTest: 76: (28.058819, -82.413344, 6.500000)	R:false  F:false
02-28 09:09:44.216 13511 13544 D NavServiceProvider: Second to last stop coordinates: 28.058073, -82.416129
02-28 09:09:44.216 13511 13544 D NavServiceProvider: Setting units automatically
02-28 09:09:44.217 13511 13544 D NavServiceProvider: Detecting stop. distance_d=283.98877. stop_type=1 speed=6.5
02-28 09:09:44.217 13511 13544 D NavigationTest: 77: (28.058760, -82.413346, 6.500000)	R:false  F:false
02-28 09:09:44.217 13511 13544 D NavigationTest: 78: (28.058760, -82.413346, 6.500000)	R:false  F:false
02-28 09:09:44.217 13511 13544 D NavServiceProvider: Second to last stop coordinates: 28.058073, -82.416129
02-28 09:09:44.218 13511 13544 D NavServiceProvider: Setting units automatically
02-28 09:09:44.219 13511 13544 D NavServiceProvider: Detecting stop. distance_d=282.39114. stop_type=1 speed=5.75
02-28 09:09:44.219 13511 13544 D NavigationTest: 79: (28.058711, -82.413348, 5.750000)	R:false  F:false
02-28 09:09:44.219 13511 13544 D NavigationTest: 80: (28.058711, -82.413348, 5.750000)	R:false  F:false
02-28 09:09:44.219 13511 13544 D NavServiceProvider: Second to last stop coordinates: 28.058073, -82.416129
02-28 09:09:44.219 13511 13544 D NavServiceProvider: Setting units automatically
02-28 09:09:44.220 13511 13544 D NavServiceProvider: Detecting stop. distance_d=280.87973. stop_type=1 speed=5.25
02-28 09:09:44.220 13511 13544 D NavigationTest: 81: (28.058669, -82.413352, 5.250000)	R:false  F:false
02-28 09:09:44.220 13511 13544 D NavServiceProvider: Second to last stop coordinates: 28.058073, -82.416129
02-28 09:09:44.221 13511 13544 D NavServiceProvider: Setting units automatically
02-28 09:09:44.222 13511 13544 D NavServiceProvider: Detecting stop. distance_d=279.79675. stop_type=1 speed=5.25
02-28 09:09:44.222 13511 13544 D NavigationTest: 82: (28.058622, -82.413351, 5.250000)	R:false  F:false
02-28 09:09:44.222 13511 13544 D NavigationTest: 83: (28.058622, -82.413351, 5.250000)	R:false  F:false
02-28 09:09:44.222 13511 13544 D NavServiceProvider: Second to last stop coordinates: 28.058073, -82.416129
02-28 09:09:44.222 13511 13544 D NavServiceProvider: Setting units automatically
02-28 09:09:44.223 13511 13544 D NavServiceProvider: Detecting stop. distance_d=278.24402. stop_type=1 speed=4.75
02-28 09:09:44.223 13511 13544 D NavigationTest: 84: (28.058580, -82.413357, 4.750000)	R:false  F:false
02-28 09:09:44.223 13511 13544 D NavServiceProvider: Second to last stop coordinates: 28.058073, -82.416129
02-28 09:09:44.223 13511 13544 D NavServiceProvider: Setting units automatically
02-28 09:09:44.224 13511 13544 D NavServiceProvider: Detecting stop. distance_d=277.36227. stop_type=1 speed=4.75
02-28 09:09:44.224 13511 13544 D NavigationTest: 85: (28.058539, -82.413357, 4.750000)	R:false  F:false
02-28 09:09:44.224 13511 13544 D NavigationTest: 86: (28.058539, -82.413357, 4.750000)	R:false  F:false
02-28 09:09:44.224 13511 13544 D NavServiceProvider: Second to last stop coordinates: 28.058073, -82.416129
02-28 09:09:44.225 13511 13544 D NavServiceProvider: Setting units automatically
02-28 09:09:44.226 13511 13544 D NavServiceProvider: Detecting stop. distance_d=277.0566. stop_type=1 speed=5.75
02-28 09:09:44.226 13511 13544 D NavigationTest: 87: (28.058478, -82.413348, 5.750000)	R:false  F:false
02-28 09:09:44.226 13511 13544 D NavigationTest: 88: (28.058478, -82.413348, 5.750000)	R:false  F:false
02-28 09:09:44.226 13511 13544 D NavServiceProvider: Second to last stop coordinates: 28.058073, -82.416129
02-28 09:09:44.226 13511 13544 D NavServiceProvider: Setting units automatically
02-28 09:09:44.227 13511 13544 D NavServiceProvider: Detecting stop. distance_d=276.16602. stop_type=1 speed=5.75
02-28 09:09:44.227 13511 13544 D NavigationTest: 89: (28.058425, -82.413348, 5.750000)	R:false  F:false
02-28 09:09:44.227 13511 13544 D NavServiceProvider: Second to last stop coordinates: 28.058073, -82.416129
02-28 09:09:44.227 13511 13544 D NavServiceProvider: Setting units automatically
02-28 09:09:44.228 13511 13544 D NavServiceProvider: Detecting stop. distance_d=275.07846. stop_type=1 speed=5.75
02-28 09:09:44.228 13511 13544 D NavigationTest: 90: (28.058370, -82.413351, 5.750000)	R:false  F:false
02-28 09:09:44.229 13511 13544 D NavigationTest: 91: (28.058370, -82.413351, 5.750000)	R:false  F:false
02-28 09:09:44.229 13511 13544 D NavServiceProvider: Second to last stop coordinates: 28.058073, -82.416129
02-28 09:09:44.229 13511 13544 D NavServiceProvider: Setting units automatically
02-28 09:09:44.230 13511 13544 D NavServiceProvider: Detecting stop. distance_d=273.63327. stop_type=1 speed=6.0
02-28 09:09:44.230 13511 13544 D NavigationTest: 92: (28.058315, -82.413359, 6.000000)	R:false  F:false
02-28 09:09:44.230 13511 13544 D NavServiceProvider: Second to last stop coordinates: 28.058073, -82.416129
02-28 09:09:44.230 13511 13544 D NavServiceProvider: Setting units automatically
02-28 09:09:44.231 13511 13544 D NavServiceProvider: Detecting stop. distance_d=274.22406. stop_type=1 speed=5.75
02-28 09:09:44.231 13511 13544 D NavigationTest: 93: (28.058265, -82.413348, 5.750000)	R:false  F:false
02-28 09:09:44.231 13511 13544 D NavigationTest: 94: (28.058265, -82.413348, 5.750000)	R:false  F:false
02-28 09:09:44.232 13511 13544 D NavServiceProvider: Second to last stop coordinates: 28.058073, -82.416129
02-28 09:09:44.232 13511 13544 D NavServiceProvider: Setting units automatically
02-28 09:09:44.233 13511 13544 D NavServiceProvider: Detecting stop. distance_d=273.64096. stop_type=1 speed=5.75
02-28 09:09:44.233 13511 13544 D NavigationTest: 95: (28.058213, -82.413350, 5.750000)	R:false  F:false
02-28 09:09:44.233 13511 13544 D NavServiceProvider: Second to last stop coordinates: 28.058073, -82.416129
02-28 09:09:44.233 13511 13544 D NavServiceProvider: Setting units automatically
02-28 09:09:44.234 13511 13544 D NavServiceProvider: Detecting stop. distance_d=272.98987. stop_type=1 speed=6.0
02-28 09:09:44.234 13511 13544 D NavigationTest: 96: (28.058163, -82.413354, 6.000000)	R:false  F:false
02-28 09:09:44.234 13511 13544 D NavigationTest: 97: (28.058163, -82.413354, 6.000000)	R:false  F:false
02-28 09:09:44.234 13511 13544 D NavServiceProvider: Second to last stop coordinates: 28.058073, -82.416129
02-28 09:09:44.235 13511 13544 D NavServiceProvider: Setting units automatically
02-28 09:09:44.236 13511 13544 D NavServiceProvider: Detecting stop. distance_d=272.4505. stop_type=1 speed=6.0
02-28 09:09:44.236 13511 13544 D NavigationTest: 98: (28.058113, -82.413358, 6.000000)	R:false  F:false
02-28 09:09:44.236 13511 13544 D NavServiceProvider: Second to last stop coordinates: 28.058073, -82.416129
02-28 09:09:44.236 13511 13544 D NavServiceProvider: Setting units automatically
02-28 09:09:44.237 13511 13544 D NavServiceProvider: Detecting stop. distance_d=273.01248. stop_type=1 speed=6.25
02-28 09:09:44.237 13511 13544 D NavigationTest: 99: (28.058054, -82.413352, 6.250000)	R:false  F:false
02-28 09:09:44.237 13511 13544 D NavigationTest: 100: (28.058054, -82.413352, 6.250000)	R:false  F:false
02-28 09:09:44.237 13511 13544 D NavServiceProvider: Second to last stop coordinates: 28.058073, -82.416129
02-28 09:09:44.237 13511 13544 D NavServiceProvider: Setting units automatically
02-28 09:09:44.238 13511 13544 D NavServiceProvider: Detecting stop. distance_d=273.05008. stop_type=1 speed=6.25
02-28 09:09:44.239 13511 13544 D NavigationTest: 101: (28.057993, -82.413353, 6.250000)	R:false  F:false
02-28 09:09:44.239 13511 13544 D NavigationTest: 102: (28.057993, -82.413353, 6.250000)	R:false  F:false
02-28 09:09:44.239 13511 13544 D NavServiceProvider: Second to last stop coordinates: 28.058073, -82.416129
02-28 09:09:44.239 13511 13544 D NavServiceProvider: Setting units automatically
02-28 09:09:44.240 13511 13544 D NavServiceProvider: Detecting stop. distance_d=273.51227. stop_type=1 speed=6.25
02-28 09:09:44.240 13511 13544 D NavigationTest: 103: (28.057938, -82.413351, 6.250000)	R:false  F:false
02-28 09:09:44.240 13511 13544 D NavServiceProvider: Second to last stop coordinates: 28.058073, -82.416129
02-28 09:09:44.240 13511 13544 D NavServiceProvider: Setting units automatically
02-28 09:09:44.241 13511 13544 D NavServiceProvider: Detecting stop. distance_d=273.53845. stop_type=1 speed=6.25
02-28 09:09:44.241 13511 13544 D NavigationTest: 104: (28.057881, -82.413355, 6.250000)	R:false  F:false
02-28 09:09:44.242 13511 13544 D NavigationTest: 105: (28.057881, -82.413355, 6.250000)	R:false  F:false
02-28 09:09:44.242 13511 13544 D NavServiceProvider: Second to last stop coordinates: 28.058073, -82.416129
02-28 09:09:44.242 13511 13544 D NavServiceProvider: Setting units automatically
02-28 09:09:44.243 13511 13544 D NavServiceProvider: Detecting stop. distance_d=274.02682. stop_type=1 speed=6.25
02-28 09:09:44.243 13511 13544 D NavigationTest: 106: (28.057822, -82.413356, 6.250000)	R:false  F:false
02-28 09:09:44.243 13511 13544 D NavServiceProvider: Second to last stop coordinates: 28.058073, -82.416129
02-28 09:09:44.243 13511 13544 D NavServiceProvider: Setting units automatically
02-28 09:09:44.244 13511 13544 D NavServiceProvider: Detecting stop. distance_d=274.7954. stop_type=1 speed=6.75
02-28 09:09:44.244 13511 13544 D NavigationTest: 107: (28.057761, -82.413356, 6.750000)	R:false  F:false
02-28 09:09:44.244 13511 13544 D NavigationTest: 108: (28.057761, -82.413356, 6.750000)	R:false  F:false
02-28 09:09:44.244 13511 13544 D NavigationTest: 109: (28.057761, -82.413356, 6.750000)	R:false  F:false
02-28 09:09:44.244 13511 13544 D NavigationTest: 110: (28.057761, -82.413356, 6.750000)	R:false  F:false
02-28 09:09:44.244 13511 13544 D NavServiceProvider: Second to last stop coordinates: 28.058073, -82.416129
02-28 09:09:44.245 13511 13544 D NavServiceProvider: Setting units automatically
02-28 09:09:44.246 13511 13544 D NavServiceProvider: Detecting stop. distance_d=276.01923. stop_type=1 speed=7.0
02-28 09:09:44.246 13511 13544 D NavigationTest: 111: (28.057700, -82.413353, 7.000000)	R:false  F:false
02-28 09:09:44.246 13511 13544 D NavigationTest: 112: (28.057700, -82.413353, 7.000000)	R:false  F:false
02-28 09:09:44.246 13511 13544 D NavServiceProvider: Second to last stop coordinates: 28.058073, -82.416129
02-28 09:09:44.246 13511 13544 D NavServiceProvider: Setting units automatically
02-28 09:09:44.247 13511 13544 D NavServiceProvider: Detecting stop. distance_d=277.28638. stop_type=1 speed=7.0
02-28 09:09:44.247 13511 13544 D NavigationTest: 113: (28.057635, -82.413352, 7.000000)	R:false  F:false
02-28 09:09:44.247 13511 13544 D NavigationTest: 114: (28.057635, -82.413352, 7.000000)	R:false  F:false
02-28 09:09:44.247 13511 13544 D NavServiceProvider: Second to last stop coordinates: 28.058073, -82.416129
02-28 09:09:44.248 13511 13544 D NavServiceProvider: Setting units automatically
02-28 09:09:44.249 13511 13544 D NavServiceProvider: Detecting stop. distance_d=277.77454. stop_type=1 speed=6.5
02-28 09:09:44.249 13511 13544 D NavigationTest: 115: (28.057583, -82.413358, 6.500000)	R:false  F:false
02-28 09:09:44.249 13511 13544 D NavigationTest: 116: (28.057583, -82.413358, 6.500000)	R:false  F:false
02-28 09:09:44.249 13511 13544 D NavServiceProvider: Second to last stop coordinates: 28.058073, -82.416129
02-28 09:09:44.249 13511 13544 D NavServiceProvider: Setting units automatically
02-28 09:09:44.250 13511 13544 D NavServiceProvider: Detecting stop. distance_d=278.5029. stop_type=1 speed=6.0
02-28 09:09:44.250 13511 13544 D NavigationTest: 117: (28.057534, -82.413362, 6.000000)	R:false  F:false
02-28 09:09:44.250 13511 13544 D NavServiceProvider: Second to last stop coordinates: 28.058073, -82.416129
02-28 09:09:44.251 13511 13544 D NavServiceProvider: Setting units automatically
02-28 09:09:44.252 13511 13544 D NavServiceProvider: Detecting stop. distance_d=279.72592. stop_type=1 speed=6.0
02-28 09:09:44.252 13511 13544 D NavigationTest: 118: (28.057481, -82.413363, 6.000000)	R:false  F:false
02-28 09:09:44.252 13511 13544 D NavigationTest: 119: (28.057481, -82.413363, 6.000000)	R:false  F:false
02-28 09:09:44.252 13511 13544 D NavServiceProvider: Second to last stop coordinates: 28.058073, -82.416129
02-28 09:09:44.252 13511 13544 D NavServiceProvider: Setting units automatically
02-28 09:09:44.253 13511 13544 D NavServiceProvider: Detecting stop. distance_d=280.09805. stop_type=1 speed=5.25
02-28 09:09:44.253 13511 13544 D NavigationTest: 120: (28.057432, -82.413373, 5.250000)	R:false  F:false
02-28 09:09:44.253 13511 13544 D NavigationTest: 121: (28.057432, -82.413373, 5.250000)	R:false  F:false
02-28 09:09:44.253 13511 13544 D NavServiceProvider: Second to last stop coordinates: 28.058073, -82.416129
02-28 09:09:44.254   871  6793 D msm8974_platform: platform_split_snd_device: snd_device(2) num devices(1) new_snd_devices(0)
02-28 09:09:44.254 13511 13544 D NavServiceProvider: Setting units automatically
02-28 09:09:44.255 13511 13544 D NavServiceProvider: Detecting stop. distance_d=279.32242. stop_type=1 speed=5.0
02-28 09:09:44.255 13511 13544 D NavigationTest: 122: (28.057387, -82.413395, 5.000000)	R:false  F:false
02-28 09:09:44.255 13511 13544 D NavServiceProvider: Second to last stop coordinates: 28.058073, -82.416129
02-28 09:09:44.255 13511 13544 D NavServiceProvider: Setting units automatically
02-28 09:09:44.256 13511 13544 D NavServiceProvider: Detecting stop. distance_d=277.17053. stop_type=1 speed=4.75
02-28 09:09:44.256 13511 13544 D NavigationTest: 123: (28.057350, -82.413430, 4.750000)	R:false  F:false
02-28 09:09:44.256 13511 13544 D NavigationTest: 124: (28.057350, -82.413430, 4.750000)	R:false  F:false
02-28 09:09:44.256 13511 13544 D NavServiceProvider: Second to last stop coordinates: 28.058073, -82.416129
02-28 09:09:44.257 13511 13544 D NavServiceProvider: Setting units automatically
02-28 09:09:44.258 13511 13544 D NavServiceProvider: Detecting stop. distance_d=274.51428. stop_type=1 speed=5.5
02-28 09:09:44.258 13511 13544 D NavigationTest: 125: (28.057325, -82.413467, 5.500000)	R:false  F:false
02-28 09:09:44.258 13511 13544 D NavServiceProvider: Second to last stop coordinates: 28.058073, -82.416129
02-28 09:09:44.258 13511 13544 D NavServiceProvider: Setting units automatically
02-28 09:09:44.259 13511 13544 D NavServiceProvider: Detecting stop. distance_d=269.65854. stop_type=1 speed=6.5
02-28 09:09:44.260 13511 13544 D NavigationTest: 126: (28.057303, -82.413527, 6.500000)	R:false  F:false
02-28 09:09:44.260 13511 13544 D NavigationTest: 127: (28.057303, -82.413527, 6.500000)	R:false  F:false
02-28 09:09:44.260 13511 13544 D NavServiceProvider: Second to last stop coordinates: 28.058073, -82.416129
02-28 09:09:44.260 13511 13544 D NavServiceProvider: Setting units automatically
02-28 09:09:44.261 13511 13544 D NavServiceProvider: Detecting stop. distance_d=263.8. stop_type=1 speed=6.5
02-28 09:09:44.261 13511 13544 D NavigationTest: 128: (28.057295, -82.413593, 6.500000)	R:false  F:false
02-28 09:09:44.261 13511 13544 D NavigationTest: 129: (28.057295, -82.413593, 6.500000)	R:false  F:false
02-28 09:09:44.261 13511 13544 D NavServiceProvider: Second to last stop coordinates: 28.058073, -82.416129
02-28 09:09:44.261 13511 13544 D NavServiceProvider: Setting units automatically
02-28 09:09:44.262 13511 13544 D NavServiceProvider: Detecting stop. distance_d=254.49168. stop_type=1 speed=8.25
02-28 09:09:44.263 13511 13544 D NavigationTest: 130: (28.057296, -82.413693, 8.250000)	R:false  F:false
02-28 09:09:44.263 13511 13544 D NavigationTest: 131: (28.057296, -82.413693, 8.250000)	R:false  F:false
02-28 09:09:44.263 13511 13544 D NavServiceProvider: Second to last stop coordinates: 28.058073, -82.416129
02-28 09:09:44.263 13511 13544 D NavServiceProvider: Setting units automatically
02-28 09:09:44.264 13511 13544 D NavServiceProvider: Detecting stop. distance_d=246.22151. stop_type=1 speed=8.0
02-28 09:09:44.264 13511 13544 D NavigationTest: 132: (28.057307, -82.413778, 8.000000)	R:false  F:false
02-28 09:09:44.264 13511 13544 D NavServiceProvider: Second to last stop coordinates: 28.058073, -82.416129
02-28 09:09:44.264 13511 13544 D NavServiceProvider: Setting units automatically
02-28 09:09:44.265 13511 13544 D NavServiceProvider: Detecting stop. distance_d=239.28809. stop_type=1 speed=8.0
02-28 09:09:44.265 13511 13544 D NavigationTest: 133: (28.057310, -82.413852, 8.000000)	R:false  F:false
02-28 09:09:44.265 13511 13544 D NavigationTest: 134: (28.057310, -82.413852, 8.000000)	R:false  F:false
02-28 09:09:44.265 13511 13544 D NavServiceProvider: Second to last stop coordinates: 28.058073, -82.416129
02-28 09:09:44.266 13511 13544 D NavServiceProvider: Setting units automatically
02-28 09:09:44.267 13511 13544 D NavServiceProvider: Detecting stop. distance_d=231.43091. stop_type=1 speed=8.0
02-28 09:09:44.267 13511 13544 D NavigationTest: 135: (28.057316, -82.413935, 8.000000)	R:false  F:false
02-28 09:09:44.267 13511 13544 D NavServiceProvider: Second to last stop coordinates: 28.058073, -82.416129
02-28 09:09:44.267 13511 13544 D NavServiceProvider: Setting units automatically
02-28 09:09:44.268 13511 13544 D NavServiceProvider: Detecting stop. distance_d=224.16069. stop_type=1 speed=8.0
02-28 09:09:44.268 13511 13544 D NavigationTest: 136: (28.057315, -82.414015, 8.000000)	R:false  F:false
02-28 09:09:44.268 13511 13544 D NavigationTest: 137: (28.057315, -82.414015, 8.000000)	R:false  F:false
02-28 09:09:44.268 13511 13544 D NavServiceProvider: Second to last stop coordinates: 28.058073, -82.416129
02-28 09:09:44.269 13511 13544 D NavServiceProvider: Setting units automatically
02-28 09:09:44.270 13511 13544 D NavServiceProvider: Detecting stop. distance_d=215.55443. stop_type=1 speed=8.5
02-28 09:09:44.270 13511 13544 D NavigationTest: 138: (28.057325, -82.414105, 8.500000)	R:false  F:false
02-28 09:09:44.270 13511 13544 D NavigationTest: 139: (28.057325, -82.414105, 8.500000)	R:false  F:false
02-28 09:09:44.270 13511 13544 D NavServiceProvider: Second to last stop coordinates: 28.058073, -82.416129
02-28 09:09:44.270 13511 13544 D NavServiceProvider: Setting units automatically
02-28 09:09:44.271 13511 13544 D NavServiceProvider: Detecting stop. distance_d=206.80305. stop_type=1 speed=8.25
02-28 09:09:44.272 13511 13544 D NavigationTest: 140: (28.057341, -82.414194, 8.250000)	R:false  F:false
02-28 09:09:44.272 13511 13544 D NavigationTest: 141: (28.057341, -82.414194, 8.250000)	R:false  F:false
02-28 09:09:44.272 13511 13544 D NavServiceProvider: Second to last stop coordinates: 28.058073, -82.416129
02-28 09:09:44.272 13511 13544 D NavServiceProvider: Setting units automatically
02-28 09:09:44.274 13579 13668 D AudioTrack: stop(169): called with 6976 frames delivered
02-28 09:09:44.274 13579 13612 I SynthesisCache: streamCachedRequest call to callback.audioAvailable failed: -1
02-28 09:09:44.275 13579 13612 I GoogleTTSServiceImpl: Synthesis request for locale eng-USA and name en-US-language
02-28 09:09:44.276 13511 13544 D NavServiceProvider: -----Get ready!
02-28 09:09:44.276 13511 13544 D NavigationTest: 142: (28.057352, -82.414277, 8.250000)	R:true  F:false
02-28 09:09:44.276 13511 13544 D NavServiceProvider: Second to last stop coordinates: 28.058073, -82.416129
02-28 09:09:44.277 13511 13544 D NavServiceProvider: Setting units automatically
02-28 09:09:44.277 13579 13612 I GoogleTTSServiceImpl: TTS dispatch: en-us-x-iog-seanet-embedded
02-28 09:09:44.277  2666  3413 D Avrcp_ext: AudioManager Player: ID:23 -- type:android.media.SoundPool -- u/pid:10126/2688 -- state:idle -- attr:AudioAttributes: usage=USAGE_ASSISTANCE_SONIFICATION content=CONTENT_TYPE_SONIFICATION flags=0x800 tags= bundle=null
02-28 09:09:44.277  2666  3413 D Avrcp_ext: AudioManager Player: ID:15 -- type:android.media.SoundPool -- u/pid:1000/1493 -- state:idle -- attr:AudioAttributes: usage=USAGE_ASSISTANCE_SONIFICATION content=CONTENT_TYPE_SONIFICATION flags=0x800 tags= bundle=null
02-28 09:09:44.277  2666  3413 D Avrcp_ext: AudioManager Player: ID:1199 -- type:android.media.AudioTrack -- u/pid:10088/13579 -- state:stopped -- attr:AudioAttributes: usage=USAGE_MEDIA content=CONTENT_TYPE_SPEECH flags=0x800 tags= bundle=null
02-28 09:09:44.277  2666  3413 D Avrcp_ext: AudioManager isPlaying: false
