02-28 09:09:47.582 13511 13544 I TestRunner: started: testTrip24(org.onebusaway.android.nav.test.NavigationTest)
02-28 09:09:47.583 13511 13511 I MonitoringInstr: Activities that are still in CREATED to STOPPED: 0
02-28 09:09:47.589 13511 13544 D NavServiceProvider: Creating NavigationServiceProvider...
02-28 09:09:47.590 13511 13544 D NavServiceProvider: Starting navigation for service
02-28 09:09:47.590 13511 13544 D NavServiceProvider: ProximityCalculator initializing...
02-28 09:09:47.590 13511 13544 D NavServiceProvider: Initializing ProximityCalculator
02-28 09:09:47.590 13511 13544 D NavServiceProvider: Number of path links: 1
02-28 09:09:47.590 13511 13544 D NavServiceProvider: Second to last stop coordinates: 28.05652, -82.410132
02-28 09:09:47.590 13511 13544 D NavServiceProvider: Setting units automatically
02-28 09:09:47.610 13511 13544 D NavServiceProvider: Detecting stop. distance_d=415.6939. stop_type=1 speed=3.75
02-28 09:09:47.610 13511 13544 D NavigationTest: 0: (28.059244, -82.413039, 3.750000)	R:false  F:false
02-28 09:09:47.610 13511 13544 D NavServiceProvider: Second to last stop coordinates: 28.05652, -82.410132
02-28 09:09:47.611 13511 13544 D NavServiceProvider: Setting units automatically
02-28 09:09:47.613 13511 13544 D NavServiceProvider: Detecting stop. distance_d=437.41434. stop_type=1 speed=0.0
02-28 09:09:47.613 13511 13544 D NavigationTest: 1: (28.059447, -82.413117, 0.000000)	R:false  F:false
02-28 09:09:47.613 13511 13544 D NavServiceProvider: Second to last stop coordinates: 28.05652, -82.410132
02-28 09:09:47.613 13511 13544 D NavServiceProvider: Setting units automatically
02-28 09:09:47.615 13511 13544 D NavServiceProvider: Detecting stop. distance_d=417.8447. stop_type=1 speed=2.5
02-28 09:09:47.615 13511 13544 D NavigationTest: 2: (28.059269, -82.413041, 2.500000)	R:false  F:false
02-28 09:09:47.615 13511 13544 D NavServiceProvider: Second to last stop coordinates: 28.05652, -82.410132
02-28 09:09:47.616 13511 13544 D NavServiceProvider: Setting units automatically
02-28 09:09:47.618 13511 13544 D NavServiceProvider: Detecting stop. distance_d=419.1253. stop_type=1 speed=1.25
02-28 09:09:47.618 13511 13544 D NavigationTest: 3: (28.059284, -82.413042, 1.250000)	R:false  F:false
02-28 09:09:47.618 13511 13544 D NavigationTest: 4: (28.059284, -82.413042, 1.250000)	R:false  F:false
02-28 09:09:47.618 13511 13544 D NavServiceProvider: Second to last stop coordinates: 28.05652, -82.410132
02-28 09:09:47.619 13511 13544 D NavServiceProvider: Setting units automatically
02-28 09:09:47.621 13511 13544 D NavServiceProvider: Detecting stop. distance_d=418.8659. stop_type=1 speed=0.5
02-28 09:09:47.621 13579 13612 W EventProcessor: callback.start() returned error code: -1
02-28 09:09:47.621 13511 13544 D NavigationTest: 5: (28.059294, -82.413026, 0.500000)	R:false  F:false
02-28 09:09:47.621 13511 13544 D NavigationTest: 6: (28.059294, -82.413026, 0.500000)	R:false  F:false
02-28 09:09:47.621 13511 13544 D NavServiceProvider: Second to last stop coordinates: 28.05652, -82.410132
02-28 09:09:47.622 13511 13544 D NavServiceProvider: Setting units automatically
02-28 09:09:47.624 13511 13544 D NavServiceProvider: Detecting stop. distance_d=421.15424. stop_type=1 speed=1.25
02-28 09:09:47.624 13511 13544 D NavigationTest: 7: (28.059318, -82.413031, 1.250000)	R:false  F:false
02-28 09:09:47.624 13511 13544 D NavigationTest: 8: (28.059318, -82.413031, 1.250000)	R:false  F:false
02-28 09:09:47.624 13511 13544 D NavServiceProvider: Second to last stop coordinates: 28.05652, -82.410132
02-28 09:09:47.624 13511 13544 D NavServiceProvider: Setting units automatically
02-28 09:09:47.626 13511 13544 D NavServiceProvider: Detecting stop. distance_d=423.7282. stop_type=1 speed=3.0
02-28 09:09:47.626 13511 13544 D NavigationTest: 9: (28.059343, -82.413039, 3.000000)	R:false  F:false
02-28 09:09:47.626 13511 13544 D NavServiceProvider: Second to last stop coordinates: 28.05652, -82.410132
02-28 09:09:47.626 13511 13544 D NavServiceProvider: Setting units automatically
02-28 09:09:47.627 13511 13544 D NavServiceProvider: Detecting stop. distance_d=427.9515. stop_type=1 speed=4.75
02-28 09:09:47.628 13511 13544 D NavigationTest: 10: (28.059380, -82.413057, 4.750000)	R:false  F:false
02-28 09:09:47.628 13511 13544 D NavigationTest: 11: (28.059380, -82.413057, 4.750000)	R:false  F:false
02-28 09:09:47.628 13511 13544 D NavServiceProvider: Second to last stop coordinates: 28.05652, -82.410132
02-28 09:09:47.628 13511 13544 D NavServiceProvider: Setting units automatically
02-28 09:09:47.630 13511 13544 D NavServiceProvider: Detecting stop. distance_d=433.0054. stop_type=1 speed=6.0
02-28 09:09:47.630 13511 13544 D NavigationTest: 12: (28.059431, -82.413070, 6.000000)	R:false  F:false
02-28 09:09:47.630 13511 13544 D NavServiceProvider: Second to last stop coordinates: 28.05652, -82.410132
02-28 09:09:47.630 13511 13544 D NavServiceProvider: Setting units automatically
02-28 09:09:47.632 13511 13544 D NavServiceProvider: Detecting stop. distance_d=438.61237. stop_type=1 speed=6.75
02-28 09:09:47.632 13511 13544 D NavigationTest: 13: (28.059490, -82.413081, 6.750000)	R:false  F:false
02-28 09:09:47.632 13511 13544 D NavigationTest: 14: (28.059490, -82.413081, 6.750000)	R:false  F:false
02-28 09:09:47.632 13511 13544 D NavServiceProvider: Second to last stop coordinates: 28.05652, -82.410132
02-28 09:09:47.633 13511 13544 D NavServiceProvider: Setting units automatically
02-28 09:09:47.635 13511 13544 D NavServiceProvider: Detecting stop. distance_d=444.65552. stop_type=1 speed=7.0
02-28 09:09:47.635 13511 13544 D NavigationTest: 15: (28.059560, -82.413084, 7.000000)	R:false  F:false
02-28 09:09:47.635 13511 13544 D NavServiceProvider: Second to last stop coordinates: 28.05652, -82.410132
02-28 09:09:47.635 13511 13544 D NavServiceProvider: Setting units automatically
02-28 09:09:47.635 13579 13612 I GoogleTTSServiceImpl: Synthesis request for locale eng-USA and name en-US-language
02-28 09:09:47.636 13579 13612 I GoogleTTSServiceImpl: TTS dispatch: en-us-x-iog-seanet-embedded
02-28 09:09:47.636 13511 13544 D NavServiceProvider: Detecting stop. distance_d=450.66858. stop_type=1 speed=6.25
02-28 09:09:47.636 13511 13544 D NavigationTest: 16: (28.059617, -82.413103, 6.250000)	R:false  F:false
02-28 09:09:47.636 13511 13544 D NavigationTest: 17: (28.059617, -82.413103, 6.250000)	R:false  F:false
02-28 09:09:47.636 13511 13544 D NavServiceProvider: Second to last stop coordinates: 28.05652, -82.410132
02-28 09:09:47.637 13511 13544 D NavServiceProvider: Setting units automatically
02-28 09:09:47.638 13511 13544 D NavServiceProvider: Detecting stop. distance_d=455.68045. stop_type=1 speed=5.25
02-28 09:09:47.638 13511 13544 D NavigationTest: 18: (28.059659, -82.413126, 5.250000)	R:false  F:false
02-28 09:09:47.638 13511 13544 D NavServiceProvider: Second to last stop coordinates: 28.05652, -82.410132
02-28 09:09:47.638 13511 13544 D NavServiceProvider: Setting units automatically
02-28 09:09:47.640   871   871 D audio_hw_primary: adev_get_parameters:vr_audio_mode_on
02-28 09:09:47.640   871   871 I audio_hw_primary: getting vr mode to 0
02-28 09:09:47.640   871   871 D audio_hw_primary: adev_get_parameters: exit: returns - vr_audio_mode_on=false
02-28 09:09:47.640 13511 13544 D NavServiceProvider: Detecting stop. distance_d=459.36267. stop_type=1 speed=5.25
02-28 09:09:47.640 13511 13544 D NavigationTest: 19: (28.059680, -82.413156, 5.250000)	R:false  F:false
02-28 09:09:47.640 13511 13544 D NavigationTest: 20: (28.059680, -82.413156, 5.250000)	R:false  F:false
02-28 09:09:47.640 13511 13544 D NavServiceProvider: Second to last stop coordinates: 28.05652, -82.410132
02-28 09:09:47.640   959 13782 I hash_map_utils: key: 'vr_audio_mode_on' value: ''
02-28 09:09:47.640 13511 13544 D NavServiceProvider: Setting units automatically
02-28 09:09:47.640   959 13782 I AudioPolicyManagerCustom: VR mode is 0, switch to primary output if request is for fast|raw
02-28 09:09:47.640   959 13782 I AudioPolicyManagerCustom: setting force DEEP buffer now
02-28 09:09:47.641   959 13782 D AudioFlinger: Client defaulted notificationFrames to 2048 for frameCount 4096
02-28 09:09:47.641 13511 13544 D NavServiceProvider: Detecting stop. distance_d=463.6601. stop_type=1 speed=5.0
02-28 09:09:47.641 13511 13544 D NavigationTest: 21: (28.059687, -82.413214, 5.000000)	R:false  F:false
02-28 09:09:47.641 13511 13544 D NavigationTest: 22: (28.059687, -82.413214, 5.000000)	R:false  F:false
02-28 09:09:47.641 13511 13544 D NavServiceProvider: Second to last stop coordinates: 28.05652, -82.410132
02-28 09:09:47.642 13511 13544 D NavServiceProvider: Setting units automatically
02-28 09:09:47.642   959 13782 D AF::TrackHandle: OpPlayAudio: track:213 usage:1 not muted
02-28 09:09:47.643 13511 13544 D NavServiceProvider: Detecting stop. distance_d=465.2125. stop_type=1 speed=4.5
02-28 09:09:47.643 13511 13544 D NavigationTest: 23: (28.059670, -82.413260, 4.500000)	R:false  F:false
02-28 09:09:47.643 13511 13544 D NavigationTest: 24: (28.059670, -82.413260, 4.500000)	R:false  F:false
02-28 09:09:47.643 13511 13544 D NavServiceProvider: Second to last stop coordinates: 28.05652, -82.410132
02-28 09:09:47.643 13511 13544 D NavServiceProvider: Setting units automatically
02-28 09:09:47.644 13511 13544 D NavServiceProvider: Detecting stop. distance_d=464.62152. stop_type=1 speed=4.75
02-28 09:09:47.644 13511 13544 D NavigationTest: 25: (28.059636, -82.413294, 4.750000)	R:false  F:false
02-28 09:09:47.644 13511 13544 D NavServiceProvider: Second to last stop coordinates: 28.05652, -82.410132
02-28 09:09:47.645 13511 13544 D NavServiceProvider: Setting units automatically
02-28 09:09:47.646  2666  3413 D Avrcp_ext: AudioManager Player: ID:23 -- type:android.media.SoundPool -- u/pid:10126/2688 -- state:idle -- attr:AudioAttributes: usage=USAGE_ASSISTANCE_SONIFICATION content=CONTENT_TYPE_SONIFICATION flags=0x800 tags= bundle=null
02-28 09:09:47.646 13511 13544 D NavServiceProvider: Detecting stop. distance_d=463.55856. stop_type=1 speed=5.0
02-28 09:09:47.646  2666  3413 D Avrcp_ext: AudioManager Player: ID:15 -- type:android.media.SoundPool -- u/pid:1000/1493 -- state:idle -- attr:AudioAttributes: usage=USAGE_ASSISTANCE_SONIFICATION content=CONTENT_TYPE_SONIFICATION flags=0x800 tags= bundle=null
02-28 09:09:47.646 13511 13544 D NavigationTest: 26: (28.059598, -82.413325, 5.000000)	R:false  F:false
02-28 09:09:47.646  2666  3413 D Avrcp_ext: AudioManager Player: ID:1295 -- type:android.media.AudioTrack -- u/pid:10088/13579 -- state:started -- attr:AudioAttributes: usage=USAGE_MEDIA content=CONTENT_TYPE_SPEECH flags=0x800 tags= bundle=null
02-28 09:09:47.646  2666  3413 D Avrcp_ext: AudioManager isPlaying: true
02-28 09:09:47.646 13511 13544 D NavigationTest: 27: (28.059598, -82.413325, 5.000000)	R:false  F:false
02-28 09:09:47.646 13511 13544 D NavServiceProvider: Second to last stop coordinates: 28.05652, -82.410132
02-28 09:09:47.646  2666  3413 V Avrcp_ext: updateCurrentMediaState: mMediaController: null
02-28 09:09:47.646  2666  3413 V Avrcp_ext: isMusicActive: false getBluetoothPlayState: 2
02-28 09:09:47.646 13511 13544 D NavServiceProvider: Setting units automatically
02-28 09:09:47.646  2666  3413 V Avrcp_ext: updateCurrentMediaState: isPlaying = false
02-28 09:09:47.646  2666  3413 V Avrcp_ext: Media update: id -1➡-1? [MediaAttributes: none] : [MediaAttributes: none]
02-28 09:09:47.646  2666  3413 V Avrcp_ext: newPlayStatus:2mReportedPlayStatus:-1
02-28 09:09:47.646  2666  3413 V Avrcp_ext: updatePlaybackState, state: PlaybackState {state=2, position=-1, buffered position=0, speed=0.0, updated=1790977, actions=0, custom actions=[], active item id=-1, error=null} device: null
02-28 09:09:47.646  2666  3413 V Avrcp_ext: Device: no name:
02-28 09:09:47.646  2666  3413 I chatty  : uid=1002(bluetooth) BluetoothAvrcpH identical 3 lines
02-28 09:09:47.647  2666  3413 V Avrcp_ext: Device: no name:
02-28 09:09:47.647  2666  3413 V Avrcp_ext: updatePlayerStateAndPosition, old=PlaybackState {state=2, position=-1, buffered position=0, speed=0.0, updated=1790728, actions=0, custom actions=[], active item id=-1, error=null}, state=PlaybackState {state=2, position=-1, buffered position=0, speed=0.0, updated=1790977, actions=0, custom actions=[], active item id=-1, error=null}
02-28 09:09:47.647  2666  3413 V Avrcp_ext: old state = PlaybackState {state=2, position=-1, buffered position=0, speed=0.0, updated=1790728, actions=0, custom actions=[], active item id=-1, error=null}, new state= PlaybackState {state=2, position=-1, buffered position=0, speed=0.0, updated=1790977, actions=0, custom actions=[], active item id=-1, error=null}
02-28 09:09:47.647  2666  3413 D HeadsetService: getHeadsetService(): returning com.android.bluetooth.hfp.HeadsetService@8a04d28
02-28 09:09:47.647  2666  3413 D HeadsetService:  isAudioOn: The number of audio connected devices 0
02-28 09:09:47.647  2666  3413 D HeadsetService: isScoOrCallActive(): Call Active:falseCall is Ringing:falseSCO is Active:false
02-28 09:09:47.647  2666  3413 D HeadsetService:  isAudioOn: The number of audio connected devices 0
02-28 09:09:47.647  2666  3413 I Avrcp_ext: updatePlayStatusForDevice: device: null
02-28 09:09:47.647  2666  3413 V Avrcp_ext: updatePlaybackState (1): old=PlaybackState {state=2, position=-1, buffered position=0, speed=0.0, updated=1790728, actions=0, custom actions=[], active item id=-1, error=null}(2), new=PlaybackState {state=2, position=-1, buffered position=0, speed=0.0, updated=1790977, actions=0, custom actions=[], active item id=-1, error=null}(2)
02-28 09:09:47.647  2666  3413 I Avrcp_ext: Exit updatePlayStatusForDevice
02-28 09:09:47.647 13511 13544 D NavServiceProvider: Detecting stop. distance_d=457.19434. stop_type=1 speed=7.0
02-28 09:09:47.647 13511 13544 D NavigationTest: 28: (28.059522, -82.413322, 7.000000)	R:false  F:false
02-28 09:09:47.647  2666  3413 D HeadsetService:  isAudioOn: The number of audio connected devices 0
02-28 09:09:47.647  2666  3413 D HeadsetService: isScoOrCallActive(): Call Active:falseCall is Ringing:falseSCO is Active:false
02-28 09:09:47.647 13511 13544 D NavigationTest: 29: (28.059522, -82.413322, 7.000000)	R:false  F:false
02-28 09:09:47.647 13511 13544 D NavServiceProvider: Second to last stop coordinates: 28.05652, -82.410132
02-28 09:09:47.648  2666  3413 D HeadsetService:  isAudioOn: The number of audio connected devices 0
02-28 09:09:47.648  2666  3413 I Avrcp_ext: updatePlayStatusForDevice: device: null
02-28 09:09:47.648  2666  3413 V Avrcp_ext: updatePlaybackState (1): old=PlaybackState {state=2, position=-1, buffered position=0, speed=0.0, updated=1790728, actions=0, custom actions=[], active item id=-1, error=null}(2), new=PlaybackState {state=2, position=-1, buffered position=0, speed=0.0, updated=1790977, actions=0, custom actions=[], active item id=-1, error=null}(2)
02-28 09:09:47.648  2666  3413 I Avrcp_ext: Exit updatePlayStatusForDevice
02-28 09:09:47.648 13511 13544 D NavServiceProvider: Setting units automatically
02-28 09:09:47.648  2666  3413 D HeadsetService:  isAudioOn: The number of audio connected devices 0
02-28 09:09:47.648  2666  3413 D HeadsetService: isScoOrCallActive(): Call Active:falseCall is Ringing:falseSCO is Active:false
02-28 09:09:47.649  2666  3413 D HeadsetService:  isAudioOn: The number of audio connected devices 0
02-28 09:09:47.649  2666  3413 I Avrcp_ext: updatePlayStatusForDevice: device: null
02-28 09:09:47.649  2666  3413 V Avrcp_ext: updatePlaybackState (1): old=PlaybackState {state=2, position=-1, buffered position=0, speed=0.0, updated=1790728, actions=0, custom actions=[], active item id=-1, error=null}(2), new=PlaybackState {state=2, position=-1, buffered position=0, speed=0.0, updated=1790977, actions=0, custom actions=[], active item id=-1, error=null}(2)
02-28 09:09:47.649  2666  3413 I Avrcp_ext: Exit updatePlayStatusForDevice
02-28 09:09:47.649 13511 13544 D NavServiceProvider: Detecting stop. distance_d=451.03442. stop_type=1 speed=8.5
02-28 09:09:47.649 13511 13544 D NavigationTest: 30: (28.059446, -82.413321, 8.500000)	R:false  F:false
02-28 09:09:47.649 13511 13544 D NavServiceProvider: Second to last stop coordinates: 28.05652, -82.410132
02-28 09:09:47.650 13511 13544 D NavServiceProvider: Setting units automatically
02-28 09:09:47.650  2666  3413 D HeadsetService:  isAudioOn: The number of audio connected devices 0
02-28 09:09:47.650  2666  3413 D HeadsetService: isScoOrCallActive(): Call Active:falseCall is Ringing:falseSCO is Active:false
02-28 09:09:47.650  2666  3413 D HeadsetService:  isAudioOn: The number of audio connected devices 0
02-28 09:09:47.650  2666  3413 I Avrcp_ext: updatePlayStatusForDevice: device: null
02-28 09:09:47.650  2666  3413 V Avrcp_ext: updatePlaybackState (1): old=PlaybackState {state=2, position=-1, buffered position=0, speed=0.0, updated=1790728, actions=0, custom actions=[], active item id=-1, error=null}(2), new=PlaybackState {state=2, position=-1, buffered position=0, speed=0.0, updated=1790977, actions=0, custom actions=[], active item id=-1, error=null}(2)
02-28 09:09:47.650  2666  3413 I Avrcp_ext: Exit updatePlayStatusForDevice
02-28 09:09:47.650  2666  3413 D HeadsetService:  isAudioOn: The number of audio connected devices 0
02-28 09:09:47.650  2666  3413 D HeadsetService: isScoOrCallActive(): Call Active:falseCall is Ringing:falseSCO is Active:false
02-28 09:09:47.651  2666  3413 D HeadsetService:  isAudioOn: The number of audio connected devices 0
02-28 09:09:47.651  2666  3413 I Avrcp_ext: updatePlayStatusForDevice: device: null
02-28 09:09:47.651  2666  3413 V Avrcp_ext: updatePlaybackState (1): old=PlaybackState {state=2, position=-1, buffered position=0, speed=0.0, updated=1790728, actions=0, custom actions=[], active item id=-1, error=null}(2), new=PlaybackState {state=2, position=-1, buffered position=0, speed=0.0, updated=1790977, actions=0, custom actions=[], active item id=-1, error=null}(2)
02-28 09:09:47.651  2666  3413 I Avrcp_ext: Exit updatePlayStatusForDevice
02-28 09:09:47.651 13511 13544 D NavServiceProvider: Detecting stop. distance_d=444.4223. stop_type=1 speed=9.5
02-28 09:09:47.651  2666  3413 D Avrcp_ext: Enter sendPlayPosNotificationRsp
02-28 09:09:47.651  2666  3413 D Avrcp_ext: sendPlayPosNotificationRsp: Not registered or requesting.
02-28 09:09:47.651  2666  3413 D Avrcp_ext: Enter sendPlayPosNotificationRsp
02-28 09:09:47.651  2666  3413 D Avrcp_ext: sendPlayPosNotificationRsp: Not registered or requesting.
02-28 09:09:47.651  2666  3413 D Avrcp_ext: Enter sendPlayPosNotificationRsp
02-28 09:09:47.651 13511 13544 D NavigationTest: 31: (28.059358, -82.413326, 9.500000)	R:false  F:false
02-28 09:09:47.651  2666  3413 D Avrcp_ext: sendPlayPosNotificationRsp: Not registered or requesting.
02-28 09:09:47.651  2666  3413 D Avrcp_ext: Enter sendPlayPosNotificationRsp
02-28 09:09:47.651  2666  3413 D Avrcp_ext: sendPlayPosNotificationRsp: Not registered or requesting.
02-28 09:09:47.651  2666  3413 D Avrcp_ext: Enter sendPlayPosNotificationRsp
02-28 09:09:47.651  2666  3413 D Avrcp_ext: sendPlayPosNotificationRsp: Not registered or requesting.
02-28 09:09:47.651 13511 13544 D NavigationTest: 32: (28.059358, -82.413326, 9.500000)	R:false  F:false
02-28 09:09:47.651  2666  3413 V Avrcp_ext: Exit updatePlayerStateAndPosition
02-28 09:09:47.651 13511 13544 D NavServiceProvider: Second to last stop coordinates: 28.05652, -82.410132
02-28 09:09:47.651 13511 13544 D NavServiceProvider: Setting units automatically
02-28 09:09:47.652 13511 13544 D NavServiceProvider: Detecting stop. distance_d=437.85098. stop_type=1 speed=10.5
02-28 09:09:47.652 13511 13544 D NavigationTest: 33: (28.059269, -82.413331, 10.500000)	R:false  F:false
02-28 09:09:47.652 13511 13544 D NavServiceProvider: Second to last stop coordinates: 28.05652, -82.410132
02-28 09:09:47.653 13511 13544 D NavServiceProvider: Setting units automatically
02-28 09:09:47.653   871   871 V EffectDiracSound: DiracSound_command() start, cmdCode=20
02-28 09:09:47.653   871   871 V EffectDiracSound: DiracSound_Command EFFECT_CMD_OFFLOAD
02-28 09:09:47.653   871   871 V EffectDiracSound: DiracSound_command() start, cmdCode=1
02-28 09:09:47.654   871   871 V EffectDiracSound: DiracSound_setConfig start
02-28 09:09:47.654   871   871 I EffectDiracSound: DiracSound_updateState(), enable=0, hifi=0, device=0x2, headset=5, samplingRate=48000
02-28 09:09:47.654   871   871 I EffectDiracSound: DiracSound_updateState(), mode=0, music=0, movie=0, reset=0
02-28 09:09:47.654   871   871 I EffectDiracSound: DiracSound_updateState(), Speaker Movie/Stereo Mode is not supported. Stop update state.
02-28 09:09:47.654   871   871 W EffectHAL: Effect 0xe4b38cd0 command SET_CONFIG returned status: Invalid argument
02-28 09:09:47.654 13511 13544 D NavServiceProvider: Detecting stop. distance_d=437.9216. stop_type=1 speed=0.0
02-28 09:09:47.654   871   871 V EffectDiracSound: DiracSound_command() start, cmdCode=1
02-28 09:09:47.654   871   871 V EffectDiracSound: DiracSound_setConfig start
02-28 09:09:47.654   871   871 I EffectDiracSound: DiracSound_updateState(), enable=0, hifi=0, device=0x2, headset=5, samplingRate=48000
02-28 09:09:47.654 13511 13544 D NavigationTest: 34: (28.059269, -82.413332, 0.000000)	R:false  F:false
02-28 09:09:47.654   871   871 I EffectDiracSound: DiracSound_updateState(), mode=0, music=0, movie=0, reset=0
02-28 09:09:47.654   871   871 I EffectDiracSound: DiracSound_updateState(), Speaker Movie/Stereo Mode is not supported. Stop update state.
02-28 09:09:47.654 13511 13544 D NavigationTest: 35: (28.059269, -82.413332, 0.000000)	R:false  F:false
02-28 09:09:47.654 13511 13544 D NavServiceProvider: Second to last stop coordinates: 28.05652, -82.410132
02-28 09:09:47.654   871   871 V EffectDiracSound: DiracSound_command() start, cmdCode=9
02-28 09:09:47.654   871   871 V EffectDiracSound: DiracSound_Command EFFECT_CMD_SET_DEVICE: 0x00000002
02-28 09:09:47.654   871   871 V EffectDiracSound: DiracSound_command() start, cmdCode=11
02-28 09:09:47.654   871   871 V EffectDiracSound: DiracSound_Command EFFECT_CMD_SET_AUDIO_MODE: 0
02-28 09:09:47.654 13511 13544 D NavServiceProvider: Setting units automatically
02-28 09:09:47.655 13511 13544 D NavServiceProvider: Detecting stop. distance_d=430.12054. stop_type=1 speed=11.0
02-28 09:09:47.655 13511 13544 D NavigationTest: 36: (28.059163, -82.413336, 11.000000)	R:false  F:false
02-28 09:09:47.655 13511 13544 D NavServiceProvider: Second to last stop coordinates: 28.05652, -82.410132
02-28 09:09:47.655 13511 13544 D NavServiceProvider: Setting units automatically
02-28 09:09:47.656   871  1408 D msm8974_platform: platform_split_snd_device: snd_device(2) num devices(1) new_snd_devices(0)
02-28 09:09:47.657   871  1408 D ACDB-LOADER: ACDB -> send_audvoltable
02-28 09:09:47.657   871  1408 D ACDB-LOADER: ACDB -> ACDB_CMD_GET_AUDPROC_VOL_STEP_TABLE_SIZE
02-28 09:09:47.657   871  1408 D ACDB-LOADER: ACDB -> ACDB_CMD_GET_AUDPROC_GAIN_DEP_STEP_TABLE, vol index 5
02-28 09:09:47.657   871  1408 D         : Failed to fetch the lookup information of the device 0000000F
02-28 09:09:47.657   871  1408 E ACDB-LOADER: Error: ACDB AudProc vol returned = -19
02-28 09:09:47.657   871  1408 D ACDB-LOADER: ACDB -> AUDIO_SET_VOL_CAL cal type = 40
02-28 09:09:47.657 13511 13544 D NavServiceProvider: Detecting stop. distance_d=422.13446. stop_type=1 speed=11.75
02-28 09:09:47.657 13511 13544 D NavigationTest: 37: (28.059054, -82.413338, 11.750000)	R:false  F:false
02-28 09:09:47.657 13511 13544 D NavigationTest: 38: (28.059054, -82.413338, 11.750000)	R:false  F:false
02-28 09:09:47.657 13511 13544 D NavServiceProvider: Second to last stop coordinates: 28.05652, -82.410132
02-28 09:09:47.657 13511 13544 D NavServiceProvider: Setting units automatically
02-28 09:09:47.658 13511 13544 D NavServiceProvider: Detecting stop. distance_d=414.05637. stop_type=1 speed=12.0
02-28 09:09:47.658 13511 13544 D NavigationTest: 39: (28.058942, -82.413339, 12.000000)	R:false  F:false
02-28 09:09:47.658 13511 13544 D NavServiceProvider: Second to last stop coordinates: 28.05652, -82.410132
02-28 09:09:47.659 13511 13544 D NavServiceProvider: Setting units automatically
02-28 09:09:47.660 13511 13544 D NavServiceProvider: Detecting stop. distance_d=405.65656. stop_type=1 speed=12.0
02-28 09:09:47.660 13511 13544 D NavigationTest: 40: (28.058831, -82.413332, 12.000000)	R:false  F:false
02-28 09:09:47.660 13511 13544 D NavigationTest: 41: (28.058831, -82.413332, 12.000000)	R:false  F:false
02-28 09:09:47.660 13511 13544 D NavServiceProvider: Second to last stop coordinates: 28.05652, -82.410132
02-28 09:09:47.660 13511 13544 D NavServiceProvider: Setting units automatically
02-28 09:09:47.661 13511 13544 D NavServiceProvider: Detecting stop. distance_d=399.11407. stop_type=1 speed=12.0
02-28 09:09:47.661 13511 13544 D NavigationTest: 42: (28.058718, -82.413348, 12.000000)	R:false  F:false
02-28 09:09:47.661 13511 13544 D NavigationTest: 43: (28.058718, -82.413348, 12.000000)	R:false  F:false
02-28 09:09:47.661 13511 13544 D NavServiceProvider: Second to last stop coordinates: 28.05652, -82.410132
02-28 09:09:47.662 13511 13544 D NavServiceProvider: Setting units automatically
02-28 09:09:47.663 13511 13544 D NavServiceProvider: Detecting stop. distance_d=391.74985. stop_type=1 speed=12.0
02-28 09:09:47.663 13511 13544 D NavigationTest: 44: (28.058617, -82.413340, 12.000000)	R:false  F:false
02-28 09:09:47.663 13511 13544 D NavServiceProvider: Second to last stop coordinates: 28.05652, -82.410132
02-28 09:09:47.663 13511 13544 D NavServiceProvider: Setting units automatically
02-28 09:09:47.664 13511 13544 D NavServiceProvider: Detecting stop. distance_d=384.9319. stop_type=1 speed=11.75
02-28 09:09:47.664 13511 13544 D NavigationTest: 45: (28.058509, -82.413342, 11.750000)	R:false  F:false
02-28 09:09:47.664 13511 13544 D NavigationTest: 46: (28.058509, -82.413342, 11.750000)	R:false  F:false
02-28 09:09:47.664 13511 13544 D NavServiceProvider: Second to last stop coordinates: 28.05652, -82.410132
02-28 09:09:47.664 13511 13544 D NavServiceProvider: Setting units automatically
02-28 09:09:47.665 13511 13544 D NavServiceProvider: Detecting stop. distance_d=377.54904. stop_type=1 speed=11.75
02-28 09:09:47.665 13511 13544 D NavigationTest: 47: (28.058405, -82.413331, 11.750000)	R:false  F:false
02-28 09:09:47.665 13511 13544 D NavServiceProvider: Second to last stop coordinates: 28.05652, -82.410132
02-28 09:09:47.666 13511 13544 D NavServiceProvider: Setting units automatically
02-28 09:09:47.667 13511 13544 D NavServiceProvider: Detecting stop. distance_d=370.92874. stop_type=1 speed=11.5
02-28 09:09:47.667 13511 13544 D NavigationTest: 48: (28.058299, -82.413328, 11.500000)	R:false  F:false
02-28 09:09:47.667 13511 13544 D NavigationTest: 49: (28.058299, -82.413328, 11.500000)	R:false  F:false
02-28 09:09:47.667 13511 13544 D NavServiceProvider: Second to last stop coordinates: 28.05652, -82.410132
02-28 09:09:47.667 13511 13544 D NavServiceProvider: Setting units automatically
02-28 09:09:47.668 13511 13544 D NavServiceProvider: Detecting stop. distance_d=365.44156. stop_type=1 speed=11.25
02-28 09:09:47.668 13511 13544 D NavigationTest: 50: (28.058201, -82.413330, 11.250000)	R:false  F:false
02-28 09:09:47.668 13511 13544 D NavigationTest: 51: (28.058201, -82.413330, 11.250000)	R:false  F:false
02-28 09:09:47.668 13511 13544 D NavServiceProvider: Second to last stop coordinates: 28.05652, -82.410132
02-28 09:09:47.668 13511 13544 D NavServiceProvider: Setting units automatically
02-28 09:09:47.670 13511 13544 D NavServiceProvider: Detecting stop. distance_d=359.97272. stop_type=1 speed=11.0
02-28 09:09:47.670 13511 13544 D NavigationTest: 52: (28.058102, -82.413330, 11.000000)	R:false  F:false
02-28 09:09:47.670 13511 13544 D NavServiceProvider: Second to last stop coordinates: 28.05652, -82.410132
02-28 09:09:47.670 13511 13544 D NavServiceProvider: Setting units automatically
02-28 09:09:47.671 13511 13544 D NavServiceProvider: Detecting stop. distance_d=354.10266. stop_type=1 speed=10.5
02-28 09:09:47.671 13511 13544 D NavigationTest: 53: (28.057997, -82.413326, 10.500000)	R:false  F:false
02-28 09:09:47.671 13511 13544 D NavigationTest: 54: (28.057997, -82.413326, 10.500000)	R:false  F:false
02-28 09:09:47.671 13511 13544 D NavServiceProvider: Second to last stop coordinates: 28.05652, -82.410132
02-28 09:09:47.671 13511 13544 D NavServiceProvider: Setting units automatically
02-28 09:09:47.672 13511 13544 D NavServiceProvider: Detecting stop. distance_d=349.0844. stop_type=1 speed=9.75
02-28 09:09:47.673 13511 13544 D NavigationTest: 55: (28.057918, -82.413314, 9.750000)	R:false  F:false
02-28 09:09:47.673 13511 13544 D NavigationTest: 56: (28.057918, -82.413314, 9.750000)	R:false  F:false
02-28 09:09:47.673 13511 13544 D NavServiceProvider: Second to last stop coordinates: 28.05652, -82.410132
02-28 09:09:47.673 13511 13544 D NavServiceProvider: Setting units automatically
02-28 09:09:47.674 13511 13544 D NavServiceProvider: Detecting stop. distance_d=344.88992. stop_type=1 speed=9.0
02-28 09:09:47.674 13511 13544 D NavigationTest: 57: (28.057840, -82.413309, 9.000000)	R:false  F:false
02-28 09:09:47.674 13511 13544 D NavigationTest: 58: (28.057840, -82.413309, 9.000000)	R:false  F:false
02-28 09:09:47.674 13511 13544 D NavServiceProvider: Second to last stop coordinates: 28.05652, -82.410132
02-28 09:09:47.674 13511 13544 D NavServiceProvider: Setting units automatically
02-28 09:09:47.675 13511 13544 D NavServiceProvider: Detecting stop. distance_d=340.90817. stop_type=1 speed=8.0
02-28 09:09:47.675 13511 13544 D NavigationTest: 59: (28.057769, -82.413301, 8.000000)	R:false  F:false
02-28 09:09:47.675 13511 13544 D NavServiceProvider: Second to last stop coordinates: 28.05652, -82.410132
02-28 09:09:47.676 13511 13544 D NavServiceProvider: Setting units automatically
02-28 09:09:47.677 13511 13544 D NavServiceProvider: Detecting stop. distance_d=338.29468. stop_type=1 speed=5.5
02-28 09:09:47.677 13511 13544 D NavigationTest: 60: (28.057716, -82.413298, 5.500000)	R:false  F:false
02-28 09:09:47.677 13511 13544 D NavigationTest: 61: (28.057716, -82.413298, 5.500000)	R:false  F:false
02-28 09:09:47.677 13511 13544 D NavServiceProvider: Second to last stop coordinates: 28.05652, -82.410132
02-28 09:09:47.677 13511 13544 D NavServiceProvider: Setting units automatically
02-28 09:09:47.678 13511 13544 D NavServiceProvider: Detecting stop. distance_d=336.7455. stop_type=1 speed=4.25
02-28 09:09:47.678 13511 13544 D NavigationTest: 62: (28.057682, -82.413297, 4.250000)	R:false  F:false
02-28 09:09:47.678 13511 13544 D NavServiceProvider: Second to last stop coordinates: 28.05652, -82.410132
02-28 09:09:47.678 13511 13544 D NavServiceProvider: Setting units automatically
02-28 09:09:47.679 13511 13544 D NavServiceProvider: Detecting stop. distance_d=335.39972. stop_type=1 speed=2.75
02-28 09:09:47.679 13511 13544 D NavigationTest: 63: (28.057663, -82.413291, 2.750000)	R:false  F:false
02-28 09:09:47.680 13511 13544 D NavigationTest: 64: (28.057663, -82.413291, 2.750000)	R:false  F:false
02-28 09:09:47.680 13511 13544 D NavServiceProvider: Second to last stop coordinates: 28.05652, -82.410132
02-28 09:09:47.680 13511 13544 D NavServiceProvider: Setting units automatically
02-28 09:09:47.681 13511 13544 D NavServiceProvider: Detecting stop. distance_d=334.36932. stop_type=1 speed=2.25
02-28 09:09:47.681 13511 13544 D NavigationTest: 65: (28.057647, -82.413287, 2.250000)	R:false  F:false
02-28 09:09:47.681 13511 13544 D NavServiceProvider: Second to last stop coordinates: 28.05652, -82.410132
02-28 09:09:47.681 13511 13544 D NavServiceProvider: Setting units automatically
02-28 09:09:47.682 13511 13544 D NavServiceProvider: Detecting stop. distance_d=333.94434. stop_type=1 speed=2.25
02-28 09:09:47.682 13511 13544 D NavigationTest: 66: (28.057621, -82.413294, 2.250000)	R:false  F:false
02-28 09:09:47.682 13511 13544 D NavigationTest: 67: (28.057621, -82.413294, 2.250000)	R:false  F:false
02-28 09:09:47.682 13511 13544 D NavServiceProvider: Second to last stop coordinates: 28.05652, -82.410132
02-28 09:09:47.683 13511 13544 D NavServiceProvider: Setting units automatically
02-28 09:09:47.684 13511 13544 D NavServiceProvider: Detecting stop. distance_d=333.96576. stop_type=1 speed=0.5
02-28 09:09:47.684 13511 13544 D NavigationTest: 68: (28.057617, -82.413296, 0.500000)	R:false  F:false
02-28 09:09:47.684 13511 13544 D NavigationTest: 69: (28.057617, -82.413296, 0.500000)	R:false  F:false
02-28 09:09:47.684 13511 13544 D NavigationTest: 70: (28.057617, -82.413296, 0.500000)	R:false  F:false
02-28 09:09:47.684 13511 13544 D NavServiceProvider: Second to last stop coordinates: 28.05652, -82.410132
02-28 09:09:47.684 13511 13544 D NavServiceProvider: Setting units automatically
02-28 09:09:47.685 13511 13544 D NavServiceProvider: Detecting stop. distance_d=334.0869. stop_type=1 speed=0.25
02-28 09:09:47.685 13511 13544 D NavigationTest: 71: (28.057620, -82.413296, 0.250000)	R:false  F:false
02-28 09:09:47.685 13511 13544 D NavigationTest: 72: (28.057620, -82.413296, 0.250000)	R:false  F:false
02-28 09:09:47.685 13511 13544 D NavServiceProvider: Second to last stop coordinates: 28.05652, -82.410132
02-28 09:09:47.685 13511 13544 D NavServiceProvider: Setting units automatically
02-28 09:09:47.686 13511 13544 D NavServiceProvider: Detecting stop. distance_d=334.00494. stop_type=1 speed=0.0
02-28 09:09:47.687 13511 13544 D NavigationTest: 73: (28.057627, -82.413292, 0.000000)	R:false  F:false
02-28 09:09:47.687 13511 13544 D NavigationTest: 74: (28.057627, -82.413292, 0.000000)	R:false  F:false
02-28 09:09:47.687 13511 13544 D NavServiceProvider: Second to last stop coordinates: 28.05652, -82.410132
02-28 09:09:47.687 13511 13544 D NavServiceProvider: Setting units automatically
02-28 09:09:47.688 13511 13544 D NavServiceProvider: Detecting stop. distance_d=334.51303. stop_type=1 speed=0.0
02-28 09:09:47.688 13511 13544 D NavigationTest: 75: (28.057626, -82.413298, 0.000000)	R:false  F:false
02-28 09:09:47.688 13511 13544 D NavServiceProvider: Second to last stop coordinates: 28.05652, -82.410132
02-28 09:09:47.688 13511 13544 D NavServiceProvider: Setting units automatically
02-28 09:09:47.689 13511 13544 D NavServiceProvider: Detecting stop. distance_d=334.35086. stop_type=1 speed=0.0
02-28 09:09:47.689 13511 13544 D NavigationTest: 76: (28.057622, -82.413298, 0.000000)	R:false  F:false
02-28 09:09:47.689 13511 13544 D NavigationTest: 77: (28.057622, -82.413298, 0.000000)	R:false  F:false
02-28 09:09:47.689 13511 13544 D NavServiceProvider: Second to last stop coordinates: 28.05652, -82.410132
02-28 09:09:47.690 13511 13544 D NavServiceProvider: Setting units automatically
02-28 09:09:47.691 13511 13544 D NavServiceProvider: Detecting stop. distance_d=334.22958. stop_type=1 speed=0.0
02-28 09:09:47.691 13511 13544 D NavigationTest: 78: (28.057619, -82.413298, 0.000000)	R:false  F:false
02-28 09:09:47.691 13511 13544 D NavServiceProvider: Second to last stop coordinates: 28.05652, -82.410132
02-28 09:09:47.691 13511 13544 D NavServiceProvider: Setting units automatically
02-28 09:09:47.692 13511 13544 D NavServiceProvider: Detecting stop. distance_d=334.3104. stop_type=1 speed=0.0
02-28 09:09:47.692 13511 13544 D NavigationTest: 79: (28.057621, -82.413298, 0.000000)	R:false  F:false
02-28 09:09:47.692 13511 13544 D NavigationTest: 80: (28.057621, -82.413298, 0.000000)	R:false  F:false
02-28 09:09:47.692 13511 13544 D NavServiceProvider: Second to last stop coordinates: 28.05652, -82.410132
02-28 09:09:47.693 13511 13544 D NavServiceProvider: Setting units automatically
02-28 09:09:47.694 13511 13544 D NavServiceProvider: Detecting stop. distance_d=334.17844. stop_type=1 speed=0.0
02-28 09:09:47.694 13511 13544 D NavigationTest: 81: (28.057620, -82.413297, 0.000000)	R:false  F:false
02-28 09:09:47.694 13511 13544 D NavServiceProvider: Second to last stop coordinates: 28.05652, -82.410132
02-28 09:09:47.694 13511 13544 D NavServiceProvider: Setting units automatically
02-28 09:09:47.695 13511 13544 D NavServiceProvider: Detecting stop. distance_d=333.95496. stop_type=1 speed=0.0
02-28 09:09:47.695 13511 13544 D NavigationTest: 82: (28.057619, -82.413295, 0.000000)	R:false  F:false
02-28 09:09:47.695 13511 13544 D NavigationTest: 83: (28.057619, -82.413295, 0.000000)	R:false  F:false
02-28 09:09:47.695 13511 13544 D NavServiceProvider: Second to last stop coordinates: 28.05652, -82.410132
02-28 09:09:47.695 13511 13544 D NavServiceProvider: Setting units automatically
02-28 09:09:47.696 13511 13544 D NavServiceProvider: Detecting stop. distance_d=333.83386. stop_type=1 speed=0.0
02-28 09:09:47.696 13511 13544 D NavigationTest: 84: (28.057616, -82.413295, 0.000000)	R:false  F:false
02-28 09:09:47.696 13511 13544 D NavServiceProvider: Second to last stop coordinates: 28.05652, -82.410132
02-28 09:09:47.697 13511 13544 D NavServiceProvider: Setting units automatically
02-28 09:09:47.698 13511 13544 D NavServiceProvider: Detecting stop. distance_d=334.13095. stop_type=1 speed=0.0
02-28 09:09:47.698 13511 13544 D NavigationTest: 85: (28.057612, -82.413300, 0.000000)	R:false  F:false
02-28 09:09:47.698 13511 13544 D NavigationTest: 86: (28.057612, -82.413300, 0.000000)	R:false  F:false
02-28 09:09:47.698 13511 13544 D NavServiceProvider: Second to last stop coordinates: 28.05652, -82.410132
02-28 09:09:47.698 13511 13544 D NavServiceProvider: Setting units automatically
02-28 09:09:47.699 13511 13544 D NavServiceProvider: Detecting stop. distance_d=333.2821. stop_type=1 speed=5.0
02-28 09:09:47.699 13511 13544 D NavigationTest: 87: (28.057586, -82.413302, 5.000000)	R:false  F:false
02-28 09:09:47.699 13511 13544 D NavServiceProvider: Second to last stop coordinates: 28.05652, -82.410132
02-28 09:09:47.699 13511 13544 D NavServiceProvider: Setting units automatically
02-28 09:09:47.700 13511 13544 D NavServiceProvider: Detecting stop. distance_d=331.95477. stop_type=1 speed=6.0
02-28 09:09:47.701 13511 13544 D NavigationTest: 88: (28.057542, -82.413306, 6.000000)	R:false  F:false
02-28 09:09:47.701 13511 13544 D NavigationTest: 89: (28.057542, -82.413306, 6.000000)	R:false  F:false
02-28 09:09:47.701 13511 13544 D NavServiceProvider: Second to last stop coordinates: 28.05652, -82.410132
02-28 09:09:47.701 13511 13544 D NavServiceProvider: Setting units automatically
02-28 09:09:47.702 13511 13544 D NavServiceProvider: Detecting stop. distance_d=327.4737. stop_type=1 speed=6.5
02-28 09:09:47.702 13511 13544 D NavigationTest: 90: (28.057460, -82.413290, 6.500000)	R:false  F:false
02-28 09:09:47.702 13511 13544 D NavServiceProvider: Second to last stop coordinates: 28.05652, -82.410132
02-28 09:09:47.702 13511 13544 D NavServiceProvider: Setting units automatically
02-28 09:09:47.703 13511 13544 D NavServiceProvider: Detecting stop. distance_d=324.0801. stop_type=1 speed=6.5
02-28 09:09:47.703 13511 13544 D NavigationTest: 91: (28.057385, -82.413281, 6.500000)	R:false  F:false
02-28 09:09:47.703 13511 13544 D NavigationTest: 92: (28.057385, -82.413281, 6.500000)	R:false  F:false
02-28 09:09:47.703 13511 13544 D NavServiceProvider: Second to last stop coordinates: 28.05652, -82.410132
02-28 09:09:47.704 13511 13544 D NavServiceProvider: Setting units automatically
02-28 09:09:47.705 13511 13544 D NavServiceProvider: Detecting stop. distance_d=319.49835. stop_type=1 speed=6.0
02-28 09:09:47.705 13511 13544 D NavigationTest: 93: (28.057330, -82.413251, 6.000000)	R:false  F:false
02-28 09:09:47.705 13511 13544 D NavigationTest: 94: (28.057330, -82.413251, 6.000000)	R:false  F:false
02-28 09:09:47.705 13511 13544 D NavServiceProvider: Second to last stop coordinates: 28.05652, -82.410132
02-28 09:09:47.705 13511 13544 D NavServiceProvider: Setting units automatically
02-28 09:09:47.706 13511 13544 D NavServiceProvider: Detecting stop. distance_d=312.675. stop_type=1 speed=6.5
02-28 09:09:47.706 13511 13544 D NavigationTest: 95: (28.057267, -82.413199, 6.500000)	R:false  F:false
02-28 09:09:47.706 13511 13544 D NavServiceProvider: Second to last stop coordinates: 28.05652, -82.410132
02-28 09:09:47.706 13511 13544 D NavServiceProvider: Setting units automatically
02-28 09:09:47.707 13511 13544 D NavServiceProvider: Detecting stop. distance_d=305.3282. stop_type=1 speed=7.5
02-28 09:09:47.707 13511 13544 D NavigationTest: 96: (28.057246, -82.413128, 7.500000)	R:false  F:false
02-28 09:09:47.707 13511 13544 D NavigationTest: 97: (28.057246, -82.413128, 7.500000)	R:false  F:false
02-28 09:09:47.708 13511 13544 D NavServiceProvider: Second to last stop coordinates: 28.05652, -82.410132
02-28 09:09:47.708 13511 13544 D NavServiceProvider: Setting units automatically
02-28 09:09:47.709 13511 13544 D NavServiceProvider: Detecting stop. distance_d=296.60437. stop_type=1 speed=8.0
02-28 09:09:47.709 13511 13544 D NavigationTest: 98: (28.057233, -82.413040, 8.000000)	R:false  F:false
02-28 09:09:47.709 13511 13544 D NavigationTest: 99: (28.057233, -82.413040, 8.000000)	R:false  F:false
02-28 09:09:47.709 13511 13544 D NavServiceProvider: Second to last stop coordinates: 28.05652, -82.410132
02-28 09:09:47.709 13511 13544 D NavServiceProvider: Setting units automatically
02-28 09:09:47.710 13511 13544 D NavServiceProvider: Detecting stop. distance_d=287.48587. stop_type=1 speed=8.5
02-28 09:09:47.710 13511 13544 D NavigationTest: 100: (28.057213, -82.412950, 8.500000)	R:false  F:false
02-28 09:09:47.710 13511 13544 D NavServiceProvider: Second to last stop coordinates: 28.05652, -82.410132
02-28 09:09:47.711 13511 13544 D NavServiceProvider: Setting units automatically
02-28 09:09:47.712 13511 13544 D NavServiceProvider: Detecting stop. distance_d=277.99442. stop_type=1 speed=9.0
02-28 09:09:47.712 13511 13544 D NavigationTest: 101: (28.057190, -82.412857, 9.000000)	R:false  F:false
02-28 09:09:47.712 13511 13544 D NavigationTest: 102: (28.057190, -82.412857, 9.000000)	R:false  F:false
02-28 09:09:47.712 13511 13544 D NavServiceProvider: Second to last stop coordinates: 28.05652, -82.410132
02-28 09:09:47.712 13511 13544 D NavServiceProvider: Setting units automatically
02-28 09:09:47.713 13511 13544 D NavServiceProvider: Detecting stop. distance_d=269.51913. stop_type=1 speed=9.5
02-28 09:09:47.713 13511 13544 D NavigationTest: 103: (28.057182, -82.412770, 9.500000)	R:false  F:false
02-28 09:09:47.713 13511 13544 D NavigationTest: 104: (28.057182, -82.412770, 9.500000)	R:false  F:false
02-28 09:09:47.713 13511 13544 D NavServiceProvider: Second to last stop coordinates: 28.05652, -82.410132
02-28 09:09:47.713 13511 13544 D NavServiceProvider: Setting units automatically
02-28 09:09:47.714 13511 13544 D NavServiceProvider: Detecting stop. distance_d=260.30762. stop_type=1 speed=9.5
02-28 09:09:47.715 13511 13544 D NavigationTest: 105: (28.057162, -82.412679, 9.500000)	R:false  F:false
02-28 09:09:47.715 13511 13544 D NavigationTest: 106: (28.057162, -82.412679, 9.500000)	R:false  F:false
02-28 09:09:47.715 13511 13544 D NavServiceProvider: Second to last stop coordinates: 28.05652, -82.410132
02-28 09:09:47.715 13511 13544 D NavServiceProvider: Setting units automatically
02-28 09:09:47.716 13511 13544 D NavServiceProvider: Detecting stop. distance_d=248.23236. stop_type=1 speed=10.5
02-28 09:09:47.716 13511 13544 D NavigationTest: 107: (28.057171, -82.412548, 10.500000)	R:false  F:false
02-28 09:09:47.716 13511 13544 D NavigationTest: 108: (28.057171, -82.412548, 10.500000)	R:false  F:false
02-28 09:09:47.716 13511 13544 D NavServiceProvider: Second to last stop coordinates: 28.05652, -82.410132
02-28 09:09:47.716 13511 13544 D NavServiceProvider: Setting units automatically
02-28 09:09:47.717 13511 13544 D NavServiceProvider: Detecting stop. distance_d=237.43742. stop_type=1 speed=10.75
02-28 09:09:47.717 13511 13544 D NavigationTest: 109: (28.057171, -82.412433, 10.750000)	R:false  F:false
02-28 09:09:47.717 13511 13544 D NavServiceProvider: Second to last stop coordinates: 28.05652, -82.410132
02-28 09:09:47.718 13511 13544 D NavServiceProvider: Setting units automatically
02-28 09:09:47.719 13511 13544 D NavServiceProvider: Detecting stop. distance_d=229.71707. stop_type=1 speed=10.5
02-28 09:09:47.719 13511 13544 D NavigationTest: 110: (28.057188, -82.412344, 10.500000)	R:false  F:false
02-28 09:09:47.719 13511 13544 D NavigationTest: 111: (28.057188, -82.412344, 10.500000)	R:false  F:false
02-28 09:09:47.719 13511 13544 D NavServiceProvider: Second to last stop coordinates: 28.05652, -82.410132
02-28 09:09:47.719 13511 13544 D NavServiceProvider: Setting units automatically
02-28 09:09:47.720 13511 13544 D NavServiceProvider: Detecting stop. distance_d=220.43817. stop_type=1 speed=10.5
02-28 09:09:47.720 13511 13544 D NavigationTest: 112: (28.057198, -82.412240, 10.500000)	R:false  F:false
02-28 09:09:47.720 13511 13544 D NavigationTest: 113: (28.057198, -82.412240, 10.500000)	R:false  F:false
02-28 09:09:47.720 13511 13544 D NavServiceProvider: Second to last stop coordinates: 28.05652, -82.410132
02-28 09:09:47.721 13511 13544 D NavServiceProvider: Setting units automatically
02-28 09:09:47.722 13511 13544 D NavServiceProvider: Detecting stop. distance_d=209.2368. stop_type=1 speed=11.25
02-28 09:09:47.722 13511 13544 D NavigationTest: 114: (28.057208, -82.412114, 11.250000)	R:false  F:false
02-28 09:09:47.722 13511 13544 D NavServiceProvider: Second to last stop coordinates: 28.05652, -82.410132
02-28 09:09:47.722 13511 13544 D NavServiceProvider: Setting units automatically
02-28 09:09:47.724 13579 13616 D AudioTrack: stop(181): called with 4096 frames delivered
02-28 09:09:47.724 13579 13612 I SynthesisCache: streamCachedRequest call to callback.audioAvailable failed: -1
02-28 09:09:47.725  2666  3413 D Avrcp_ext: AudioManager Player: ID:23 -- type:android.media.SoundPool -- u/pid:10126/2688 -- state:idle -- attr:AudioAttributes: usage=USAGE_ASSISTANCE_SONIFICATION content=CONTENT_TYPE_SONIFICATION flags=0x800 tags= bundle=null
02-28 09:09:47.725  2666  3413 D Avrcp_ext: AudioManager Player: ID:15 -- type:android.media.SoundPool -- u/pid:1000/1493 -- state:idle -- attr:AudioAttributes: usage=USAGE_ASSISTANCE_SONIFICATION content=CONTENT_TYPE_SONIFICATION flags=0x800 tags= bundle=null
02-28 09:09:47.725  2666  3413 D Avrcp_ext: AudioManager Player: ID:1295 -- type:android.media.AudioTrack -- u/pid:10088/13579 -- state:stopped -- attr:AudioAttributes: usage=USAGE_MEDIA content=CONTENT_TYPE_SPEECH flags=0x800 tags= bundle=null
02-28 09:09:47.725  2666  3413 D Avrcp_ext: AudioManager isPlaying: false
02-28 09:09:47.725  2666  3413 V Avrcp_ext: updateCurrentMediaState: mMediaController: null
02-28 09:09:47.725  2666  3413 V Avrcp_ext: isMusicActive: true getBluetoothPlayState: 2
02-28 09:09:47.725  2666  3413 V Avrcp_ext: updateCurrentMediaState: isPlaying = false
02-28 09:09:47.725 13579 13612 I GoogleTTSServiceImpl: Synthesis request for locale eng-USA and name en-US-language
02-28 09:09:47.725  2666  3413 V Avrcp_ext: Media update: id -1➡-1? [MediaAttributes: none] : [MediaAttributes: none]
02-28 09:09:47.725  2666  3413 V Avrcp_ext: newPlayStatus:2mReportedPlayStatus:-1
02-28 09:09:47.725  2666  3413 V Avrcp_ext: updatePlaybackState, state: PlaybackState {state=2, position=-1, buffered position=0, speed=0.0, updated=1791056, actions=0, custom actions=[], active item id=-1, error=null} device: null
02-28 09:09:47.725  2666  3413 V Avrcp_ext: Device: no name:
02-28 09:09:47.725  2666  3413 I chatty  : uid=1002(bluetooth) BluetoothAvrcpH identical 3 lines
02-28 09:09:47.725  2666  3413 V Avrcp_ext: Device: no name:
02-28 09:09:47.725  2666  3413 V Avrcp_ext: updatePlayerStateAndPosition, old=PlaybackState {state=2, position=-1, buffered position=0, speed=0.0, updated=1790977, actions=0, custom actions=[], active item id=-1, error=null}, state=PlaybackState {state=2, position=-1, buffered position=0, speed=0.0, updated=1791056, actions=0, custom actions=[], active item id=-1, error=null}
02-28 09:09:47.725  2666  3413 V Avrcp_ext: old state = PlaybackState {state=2, position=-1, buffered position=0, speed=0.0, updated=1790977, actions=0, custom actions=[], active item id=-1, error=null}, new state= PlaybackState {state=2, position=-1, buffered position=0, speed=0.0, updated=1791056, actions=0, custom actions=[], active item id=-1, error=null}
02-28 09:09:47.725  2666  3413 D HeadsetService: getHeadsetService(): returning com.android.bluetooth.hfp.HeadsetService@8a04d28
02-28 09:09:47.726 13511 13544 D NavServiceProvider: -----Get ready!
02-28 09:09:47.726  2666  3413 D HeadsetService:  isAudioOn: The number of audio connected devices 0
02-28 09:09:47.726  2666  3413 D HeadsetService: isScoOrCallActive(): Call Active:falseCall is Ringing:falseSCO is Active:false
02-28 09:09:47.726  2666  3413 D HeadsetService:  isAudioOn: The number of audio connected devices 0
02-28 09:09:47.726  2666  3413 I Avrcp_ext: updatePlayStatusForDevice: device: null
02-28 09:09:47.726  2666  3413 V Avrcp_ext: updatePlaybackState (1): old=PlaybackState {state=2, position=-1, buffered position=0, speed=0.0, updated=1790977, actions=0, custom actions=[], active item id=-1, error=null}(2), new=PlaybackState {state=2, position=-1, buffered position=0, speed=0.0, updated=1791056, actions=0, custom actions=[], active item id=-1, error=null}(2)
02-28 09:09:47.726  2666  3413 I Avrcp_ext: Exit updatePlayStatusForDevice
02-28 09:09:47.726 13511 13544 D NavigationTest: 115: (28.057214, -82.412004, 11.000000)	R:true  F:false
02-28 09:09:47.726 13511 13544 D NavServiceProvider: Second to last stop coordinates: 28.05652, -82.410132
02-28 09:09:47.726  2666  3413 D HeadsetService:  isAudioOn: The number of audio connected devices 0
