02-28 09:09:34.457 13511 13544 D NavServiceProvider: Setting units automatically
02-28 09:09:34.458 13511 13544 D NavServiceProvider: Detecting stop. distance_d=1356.3011. stop_type=1 speed=15.333783
02-28 09:09:34.458 13511 13544 D NavigationTest: 176: (28.052674, -82.524319, 15.333783)	R:false  F:false
02-28 09:09:34.458 13511 13544 D NavigationTest: 177: (28.052674, -82.524319, 15.333783)	R:false  F:false
02-28 09:09:34.458 13511 13544 D NavServiceProvider: Second to last stop coordinates: 28.059186, -82.536
02-28 09:09:34.458 13511 13544 D NavServiceProvider: Setting units automatically
02-28 09:09:34.459 13511 13544 D NavServiceProvider: Detecting stop. distance_d=1340.915. stop_type=1 speed=15.670718
02-28 09:09:34.459 13511 13544 D NavigationTest: 178: (28.052750, -82.524450, 15.670718)	R:false  F:false
02-28 09:09:34.459 13511 13544 D NavigationTest: 179: (28.052750, -82.524450, 15.670718)	R:false  F:false
02-28 09:09:34.459 13511 13544 D NavServiceProvider: Second to last stop coordinates: 28.059186, -82.536
02-28 09:09:34.459 13511 13544 D NavServiceProvider: Setting units automatically
02-28 09:09:34.460 13511 13544 D NavServiceProvider: Detecting stop. distance_d=1324.7195. stop_type=1 speed=15.812139
02-28 09:09:34.460 13511 13544 D NavigationTest: 180: (28.052844, -82.524578, 15.812139)	R:false  F:false
02-28 09:09:34.460 13511 13544 D NavigationTest: 181: (28.052844, -82.524578, 15.812139)	R:false  F:false
02-28 09:09:34.460 13511 13544 D NavServiceProvider: Second to last stop coordinates: 28.059186, -82.536
02-28 09:09:34.461 13511 13544 D NavServiceProvider: Setting units automatically
02-28 09:09:34.462 13511 13544 D NavServiceProvider: Detecting stop. distance_d=1309.1823. stop_type=1 speed=16.010252
02-28 09:09:34.462 13511 13544 D NavigationTest: 182: (28.052924, -82.524708, 16.010252)	R:false  F:false
02-28 09:09:34.462 13511 13544 D NavServiceProvider: Second to last stop coordinates: 28.059186, -82.536
02-28 09:09:34.462 13511 13544 D NavServiceProvider: Setting units automatically
02-28 09:09:34.463 13511 13544 D NavServiceProvider: Detecting stop. distance_d=1293.0837. stop_type=1 speed=16.310442
02-28 09:09:34.463 13511 13544 D NavigationTest: 183: (28.053015, -82.524837, 16.310442)	R:false  F:false
02-28 09:09:34.463 13511 13544 D NavigationTest: 184: (28.053015, -82.524837, 16.310442)	R:false  F:false
02-28 09:09:34.463 13511 13544 D NavServiceProvider: Second to last stop coordinates: 28.059186, -82.536
02-28 09:09:34.463 13511 13544 D NavServiceProvider: Setting units automatically
02-28 09:09:34.464 13511 13544 D NavServiceProvider: Detecting stop. distance_d=1276.896. stop_type=1 speed=16.480246
02-28 09:09:34.464 13511 13544 D NavigationTest: 185: (28.053109, -82.524965, 16.480246)	R:false  F:false
02-28 09:09:34.464 13511 13544 D NavigationTest: 186: (28.053109, -82.524965, 16.480246)	R:false  F:false
02-28 09:09:34.464 13511 13544 D NavServiceProvider: Second to last stop coordinates: 28.059186, -82.536
02-28 09:09:34.465 13511 13544 D NavServiceProvider: Setting units automatically
02-28 09:09:34.465 13511 13544 D NavServiceProvider: Detecting stop. distance_d=1259.952. stop_type=1 speed=16.690243
02-28 09:09:34.465 13511 13544 D NavigationTest: 187: (28.053206, -82.525100, 16.690243)	R:false  F:false
02-28 09:09:34.466 13511 13544 D NavServiceProvider: Second to last stop coordinates: 28.059186, -82.536
02-28 09:09:34.466 13511 13544 D NavServiceProvider: Setting units automatically
02-28 09:09:34.467 13511 13544 D NavServiceProvider: Detecting stop. distance_d=1243.0442. stop_type=1 speed=16.68288
02-28 09:09:34.467 13511 13544 D NavigationTest: 188: (28.053301, -82.525236, 16.682880)	R:false  F:false
02-28 09:09:34.467 13511 13544 D NavigationTest: 189: (28.053301, -82.525236, 16.682880)	R:false  F:false
02-28 09:09:34.467 13511 13544 D NavigationTest: 190: (28.053301, -82.525236, 16.682880)	R:false  F:false
02-28 09:09:34.467 13511 13544 D NavServiceProvider: Second to last stop coordinates: 28.059186, -82.536
02-28 09:09:34.467 13511 13544 D NavServiceProvider: Setting units automatically
02-28 09:09:34.468 13511 13544 D NavServiceProvider: Detecting stop. distance_d=1226.3394. stop_type=1 speed=16.71001
02-28 09:09:34.468 13511 13544 D NavigationTest: 191: (28.053394, -82.525371, 16.710011)	R:false  F:false
02-28 09:09:34.468 13511 13544 D NavigationTest: 192: (28.053394, -82.525371, 16.710011)	R:false  F:false
02-28 09:09:34.468 13511 13544 D NavServiceProvider: Second to last stop coordinates: 28.059186, -82.536
02-28 09:09:34.468 13511 13544 D NavServiceProvider: Setting units automatically
02-28 09:09:34.469 13511 13544 D NavServiceProvider: Detecting stop. distance_d=1209.3479. stop_type=1 speed=16.980024
02-28 09:09:34.469 13511 13544 D NavigationTest: 193: (28.053492, -82.525506, 16.980024)	R:false  F:false
02-28 09:09:34.470 13511 13544 D NavigationTest: 194: (28.053492, -82.525506, 16.980024)	R:false  F:false
02-28 09:09:34.470 13511 13544 D NavServiceProvider: Second to last stop coordinates: 28.059186, -82.536
02-28 09:09:34.470 13511 13544 D NavServiceProvider: Setting units automatically
02-28 09:09:34.471 13511 13544 D NavServiceProvider: Detecting stop. distance_d=1192.77. stop_type=1 speed=16.771076
02-28 09:09:34.471 13511 13544 D NavigationTest: 195: (28.053580, -82.525643, 16.771076)	R:false  F:false
02-28 09:09:34.471 13511 13544 D NavigationTest: 196: (28.053580, -82.525643, 16.771076)	R:false  F:false
02-28 09:09:34.471 13511 13544 D NavServiceProvider: Second to last stop coordinates: 28.059186, -82.536
02-28 09:09:34.471 13511 13544 D NavServiceProvider: Setting units automatically
02-28 09:09:34.472 13511 13544 D NavServiceProvider: Detecting stop. distance_d=1176.4554. stop_type=1 speed=17.040106
02-28 09:09:34.472 13511 13544 D NavigationTest: 197: (28.053662, -82.525781, 17.040106)	R:false  F:false
02-28 09:09:34.472 13511 13544 D NavigationTest: 198: (28.053662, -82.525781, 17.040106)	R:false  F:false
02-28 09:09:34.472 13511 13544 D NavServiceProvider: Second to last stop coordinates: 28.059186, -82.536
02-28 09:09:34.473 13511 13544 D NavServiceProvider: Setting units automatically
02-28 09:09:34.474 13511 13544 D NavServiceProvider: Detecting stop. distance_d=1159.3885. stop_type=1 speed=17.45258
02-28 09:09:34.474 13511 13544 D NavigationTest: 199: (28.053760, -82.525917, 17.452579)	R:false  F:false
02-28 09:09:34.474 13511 13544 D NavServiceProvider: Second to last stop coordinates: 28.059186, -82.536
02-28 09:09:34.474 13511 13544 D NavServiceProvider: Setting units automatically
02-28 09:09:34.475 13511 13544 D NavServiceProvider: Detecting stop. distance_d=1142.3645. stop_type=1 speed=17.179792
02-28 09:09:34.475 13511 13544 D NavigationTest: 200: (28.053850, -82.526058, 17.179792)	R:false  F:false
02-28 09:09:34.475 13511 13544 D NavigationTest: 201: (28.053850, -82.526058, 17.179792)	R:false  F:false
02-28 09:09:34.475 13511 13544 D NavServiceProvider: Second to last stop coordinates: 28.059186, -82.536
02-28 09:09:34.475 13511 13544 D NavServiceProvider: Setting units automatically
02-28 09:09:34.476 13511 13544 D NavServiceProvider: Detecting stop. distance_d=1125.0256. stop_type=1 speed=17.371523
02-28 09:09:34.476 13511 13544 D NavigationTest: 202: (28.053947, -82.526198, 17.371523)	R:false  F:false
02-28 09:09:34.476 13511 13544 D NavServiceProvider: Second to last stop coordinates: 28.059186, -82.536
02-28 09:09:34.477 13511 13544 D NavServiceProvider: Setting units automatically
02-28 09:09:34.477 13511 13544 D NavServiceProvider: Detecting stop. distance_d=1107.4702. stop_type=1 speed=17.710024
02-28 09:09:34.477 13511 13544 D NavigationTest: 203: (28.054039, -82.526344, 17.710024)	R:false  F:false
02-28 09:09:34.478 13511 13544 D NavigationTest: 204: (28.054039, -82.526344, 17.710024)	R:false  F:false
02-28 09:09:34.478 13511 13544 D NavServiceProvider: Second to last stop coordinates: 28.059186, -82.536
02-28 09:09:34.478 13511 13544 D NavServiceProvider: Setting units automatically
02-28 09:09:34.479 13511 13544 D NavServiceProvider: Detecting stop. distance_d=1089.0922. stop_type=1 speed=17.943035
02-28 09:09:34.479 13511 13544 D NavigationTest: 205: (28.054144, -82.526491, 17.943035)	R:false  F:false
02-28 09:09:34.479 13511 13544 D NavigationTest: 206: (28.054144, -82.526491, 17.943035)	R:false  F:false
02-28 09:09:34.479 13511 13544 D NavServiceProvider: Second to last stop coordinates: 28.059186, -82.536
02-28 09:09:34.479 13511 13544 D NavServiceProvider: Setting units automatically
02-28 09:09:34.480 13511 13544 D NavServiceProvider: Detecting stop. distance_d=1070.948. stop_type=1 speed=18.1701
02-28 09:09:34.480 13511 13544 D NavigationTest: 207: (28.054242, -82.526640, 18.170099)	R:false  F:false
02-28 09:09:34.480 13511 13544 D NavServiceProvider: Second to last stop coordinates: 28.059186, -82.536
02-28 09:09:34.481 13511 13544 D NavServiceProvider: Setting units automatically
02-28 09:09:34.481 13511 13544 D NavServiceProvider: Detecting stop. distance_d=1052.4678. stop_type=1 speed=18.020178
02-28 09:09:34.481 13511 13544 D NavigationTest: 208: (28.054349, -82.526787, 18.020178)	R:false  F:false
02-28 09:09:34.482 13511 13544 D NavigationTest: 209: (28.054349, -82.526787, 18.020178)	R:false  F:false
02-28 09:09:34.482 13511 13544 D NavServiceProvider: Second to last stop coordinates: 28.059186, -82.536
02-28 09:09:34.482 13511 13544 D NavServiceProvider: Setting units automatically
02-28 09:09:34.483 13511 13544 D NavServiceProvider: Detecting stop. distance_d=1035.0657. stop_type=1 speed=18.071
02-28 09:09:34.483 13511 13544 D NavigationTest: 210: (28.054446, -82.526928, 18.070999)	R:false  F:false
02-28 09:09:34.483 13511 13544 D NavigationTest: 211: (28.054446, -82.526928, 18.070999)	R:false  F:false
02-28 09:09:34.483 13511 13544 D NavServiceProvider: Second to last stop coordinates: 28.059186, -82.536
02-28 09:09:34.483 13511 13544 D NavServiceProvider: Setting units automatically
02-28 09:09:34.484 13511 13544 D NavServiceProvider: Detecting stop. distance_d=1015.98004. stop_type=1 speed=17.980011
02-28 09:09:34.484 13511 13544 D NavigationTest: 212: (28.054558, -82.527079, 17.980011)	R:false  F:false
02-28 09:09:34.484 13511 13544 D NavServiceProvider: Second to last stop coordinates: 28.059186, -82.536
02-28 09:09:34.484 13511 13544 D NavServiceProvider: Setting units automatically
02-28 09:09:34.485 13511 13544 D NavServiceProvider: Detecting stop. distance_d=996.89874. stop_type=1 speed=17.87383
02-28 09:09:34.485 13511 13544 D NavigationTest: 213: (28.054664, -82.527234, 17.873831)	R:false  F:false
02-28 09:09:34.485 13511 13544 D NavigationTest: 214: (28.054664, -82.527234, 17.873831)	R:false  F:false
02-28 09:09:34.485 13511 13544 D NavServiceProvider: Second to last stop coordinates: 28.059186, -82.536
02-28 09:09:34.486 13511 13544 D NavServiceProvider: Setting units automatically
02-28 09:09:34.487 13511 13544 D NavServiceProvider: Detecting stop. distance_d=978.92633. stop_type=1 speed=17.890627
02-28 09:09:34.487 13511 13544 D NavigationTest: 215: (28.054767, -82.527378, 17.890627)	R:false  F:false
02-28 09:09:34.487 13511 13544 D NavServiceProvider: Second to last stop coordinates: 28.059186, -82.536
02-28 09:09:34.487 13511 13544 D NavServiceProvider: Setting units automatically
02-28 09:09:34.488 13511 13544 D NavServiceProvider: Detecting stop. distance_d=960.90186. stop_type=1 speed=17.862354
02-28 09:09:34.488 13511 13544 D NavigationTest: 216: (28.054868, -82.527524, 17.862354)	R:false  F:false
02-28 09:09:34.488 13511 13544 D NavigationTest: 217: (28.054868, -82.527524, 17.862354)	R:false  F:false
02-28 09:09:34.488 13511 13544 D NavServiceProvider: Second to last stop coordinates: 28.059186, -82.536
02-28 09:09:34.488 13511 13544 D NavServiceProvider: Setting units automatically
02-28 09:09:34.489 13511 13544 D NavServiceProvider: Detecting stop. distance_d=943.70154. stop_type=1 speed=17.55
02-28 09:09:34.489 13511 13544 D NavigationTest: 218: (28.054965, -82.527663, 17.549999)	R:false  F:false
02-28 09:09:34.489 13511 13544 D NavigationTest: 219: (28.054965, -82.527663, 17.549999)	R:false  F:false
02-28 09:09:34.489 13511 13544 D NavServiceProvider: Second to last stop coordinates: 28.059186, -82.536
02-28 09:09:34.490 13511 13544 D NavServiceProvider: Setting units automatically
02-28 09:09:34.491 13511 13544 D NavServiceProvider: Detecting stop. distance_d=926.9459. stop_type=1 speed=17.330025
02-28 09:09:34.491 13511 13544 D NavigationTest: 220: (28.055054, -82.527802, 17.330025)	R:false  F:false
02-28 09:09:34.491 13511 13544 D NavServiceProvider: Second to last stop coordinates: 28.059186, -82.536
02-28 09:09:34.491 13511 13544 D NavServiceProvider: Setting units automatically
02-28 09:09:34.492 13511 13544 D NavServiceProvider: Detecting stop. distance_d=909.68787. stop_type=1 speed=17.601921
02-28 09:09:34.492 13511 13544 D NavigationTest: 221: (28.055146, -82.527945, 17.601921)	R:false  F:false
02-28 09:09:34.492 13511 13544 D NavigationTest: 222: (28.055146, -82.527945, 17.601921)	R:false  F:false
02-28 09:09:34.492 13511 13544 D NavServiceProvider: Second to last stop coordinates: 28.059186, -82.536
02-28 09:09:34.493 13511 13544 D NavServiceProvider: Setting units automatically
02-28 09:09:34.494 13511 13544 D NavServiceProvider: Detecting stop. distance_d=892.63684. stop_type=1 speed=17.130104
02-28 09:09:34.494 13511 13544 D NavigationTest: 223: (28.055239, -82.528085, 17.130104)	R:false  F:false
02-28 09:09:34.494 13511 13544 D NavigationTest: 224: (28.055239, -82.528085, 17.130104)	R:false  F:false
02-28 09:09:34.494 13511 13544 D NavigationTest: 225: (28.055239, -82.528085, 17.130104)	R:false  F:false
02-28 09:09:34.494 13511 13544 D NavServiceProvider: Second to last stop coordinates: 28.059186, -82.536
02-28 09:09:34.494 13511 13544 D NavServiceProvider: Setting units automatically
02-28 09:09:34.495 13511 13544 D NavServiceProvider: Detecting stop. distance_d=875.41046. stop_type=1 speed=17.061687
02-28 09:09:34.495 13511 13544 D NavigationTest: 226: (28.055329, -82.528229, 17.061687)	R:false  F:false
02-28 09:09:34.495 13511 13544 D NavServiceProvider: Second to last stop coordinates: 28.059186, -82.536
02-28 09:09:34.495 13511 13544 D NavServiceProvider: Setting units automatically
02-28 09:09:34.496 13511 13544 D NavServiceProvider: Detecting stop. distance_d=858.6918. stop_type=1 speed=17.400011
02-28 09:09:34.496 13511 13544 D NavigationTest: 227: (28.055424, -82.528364, 17.400011)	R:false  F:false
02-28 09:09:34.496 13511 13544 D NavigationTest: 228: (28.055424, -82.528364, 17.400011)	R:false  F:false
02-28 09:09:34.496 13511 13544 D NavServiceProvider: Second to last stop coordinates: 28.059186, -82.536
02-28 09:09:34.497 13511 13544 D NavServiceProvider: Setting units automatically
02-28 09:09:34.497 13511 13544 D NavServiceProvider: Detecting stop. distance_d=840.894. stop_type=1 speed=18.190891
02-28 09:09:34.498 13511 13544 D NavigationTest: 229: (28.055512, -82.528516, 18.190891)	R:false  F:false
02-28 09:09:34.498 13511 13544 D NavigationTest: 230: (28.055512, -82.528516, 18.190891)	R:false  F:false
02-28 09:09:34.498 13511 13544 D NavServiceProvider: Second to last stop coordinates: 28.059186, -82.536
02-28 09:09:34.498 13511 13544 D NavServiceProvider: Setting units automatically
02-28 09:09:34.499 13511 13544 D NavServiceProvider: Detecting stop. distance_d=823.208. stop_type=1 speed=17.73326
02-28 09:09:34.499 13511 13544 D NavigationTest: 231: (28.055606, -82.528663, 17.733259)	R:false  F:false
02-28 09:09:34.499 13511 13544 D NavigationTest: 232: (28.055606, -82.528663, 17.733259)	R:false  F:false
02-28 09:09:34.499 13511 13544 D NavServiceProvider: Second to last stop coordinates: 28.059186, -82.536
02-28 09:09:34.499 13511 13544 D NavServiceProvider: Setting units automatically
02-28 09:09:34.500 13511 13544 D NavServiceProvider: Detecting stop. distance_d=805.60095. stop_type=1 speed=17.310184
02-28 09:09:34.500 13511 13544 D NavigationTest: 233: (28.055697, -82.528811, 17.310184)	R:false  F:false
02-28 09:09:34.500 13511 13544 D NavigationTest: 234: (28.055697, -82.528811, 17.310184)	R:false  F:false
02-28 09:09:34.500 13511 13544 D NavServiceProvider: Second to last stop coordinates: 28.059186, -82.536
02-28 09:09:34.501 13511 13544 D NavServiceProvider: Setting units automatically
02-28 09:09:34.501 13511 13544 D NavServiceProvider: Detecting stop. distance_d=788.16345. stop_type=1 speed=17.863832
02-28 09:09:34.502 13511 13544 D NavigationTest: 235: (28.055780, -82.528962, 17.863832)	R:false  F:false
02-28 09:09:34.502 13511 13544 D NavServiceProvider: Second to last stop coordinates: 28.059186, -82.536
02-28 09:09:34.502 13511 13544 D NavServiceProvider: Setting units automatically
02-28 09:09:34.503 13511 13544 D NavServiceProvider: Detecting stop. distance_d=770.6001. stop_type=1 speed=18.320461
02-28 09:09:34.503 13511 13544 D NavigationTest: 236: (28.055854, -82.529120, 18.320461)	R:false  F:false
02-28 09:09:34.503 13511 13544 D NavigationTest: 237: (28.055854, -82.529120, 18.320461)	R:false  F:false
02-28 09:09:34.503 13511 13544 D NavServiceProvider: Second to last stop coordinates: 28.059186, -82.536
02-28 09:09:34.503 13511 13544 D NavServiceProvider: Setting units automatically
02-28 09:09:34.504 13511 13544 D NavServiceProvider: Detecting stop. distance_d=752.3864. stop_type=1 speed=18.330069
02-28 09:09:34.504 13511 13544 D NavigationTest: 238: (28.055937, -82.529280, 18.330069)	R:false  F:false
02-28 09:09:34.504 13511 13544 D NavServiceProvider: Second to last stop coordinates: 28.059186, -82.536
02-28 09:09:34.504 13511 13544 D NavServiceProvider: Setting units automatically
02-28 09:09:34.505 13511 13544 D NavServiceProvider: Detecting stop. distance_d=734.7035. stop_type=1 speed=18.44061
02-28 09:09:34.505 13511 13544 D NavigationTest: 239: (28.056010, -82.529440, 18.440611)	R:false  F:false
02-28 09:09:34.505 13511 13544 D NavigationTest: 240: (28.056010, -82.529440, 18.440611)	R:false  F:false
02-28 09:09:34.505 13511 13544 D NavServiceProvider: Second to last stop coordinates: 28.059186, -82.536
02-28 09:09:34.506 13511 13544 D NavServiceProvider: Setting units automatically
02-28 09:09:34.507 13511 13544 D NavServiceProvider: Detecting stop. distance_d=716.08496. stop_type=1 speed=18.770012
02-28 09:09:34.507 13511 13544 D NavigationTest: 241: (28.056086, -82.529609, 18.770012)	R:false  F:false
02-28 09:09:34.507 13511 13544 D NavigationTest: 242: (28.056086, -82.529609, 18.770012)	R:false  F:false
02-28 09:09:34.507 13511 13544 D NavServiceProvider: Second to last stop coordinates: 28.059186, -82.536
02-28 09:09:34.507 13511 13544 D NavServiceProvider: Setting units automatically
02-28 09:09:34.508 13511 13544 D NavServiceProvider: Detecting stop. distance_d=697.7256. stop_type=1 speed=18.82
02-28 09:09:34.508 13511 13544 D NavigationTest: 243: (28.056162, -82.529775, 18.820000)	R:false  F:false
02-28 09:09:34.508 13511 13544 D NavigationTest: 244: (28.056162, -82.529775, 18.820000)	R:false  F:false
02-28 09:09:34.508 13511 13544 D NavServiceProvider: Second to last stop coordinates: 28.059186, -82.536
02-28 09:09:34.508 13511 13544 D NavServiceProvider: Setting units automatically
02-28 09:09:34.509 13511 13544 D NavServiceProvider: Detecting stop. distance_d=679.5593. stop_type=1 speed=19.023407
02-28 09:09:34.509 13511 13544 D NavigationTest: 245: (28.056236, -82.529940, 19.023407)	R:false  F:false
02-28 09:09:34.509 13511 13544 D NavigationTest: 246: (28.056236, -82.529940, 19.023407)	R:false  F:false
02-28 09:09:34.509 13511 13544 D NavServiceProvider: Second to last stop coordinates: 28.059186, -82.536
02-28 09:09:34.510 13511 13544 D NavServiceProvider: Setting units automatically
02-28 09:09:34.511 13511 13544 D NavServiceProvider: Detecting stop. distance_d=661.5044. stop_type=1 speed=19.112848
02-28 09:09:34.511 13511 13544 D NavigationTest: 247: (28.056316, -82.530100, 19.112848)	R:false  F:false
02-28 09:09:34.511 13511 13544 D NavServiceProvider: Second to last stop coordinates: 28.059186, -82.536
02-28 09:09:34.511 13511 13544 D NavServiceProvider: Setting units automatically
02-28 09:09:34.512 13511 13544 D NavServiceProvider: Detecting stop. distance_d=642.5468. stop_type=1 speed=19.131905
02-28 09:09:34.512 13511 13544 D NavigationTest: 248: (28.056400, -82.530268, 19.131905)	R:false  F:false
02-28 09:09:34.512 13511 13544 D NavigationTest: 249: (28.056400, -82.530268, 19.131905)	R:false  F:false
02-28 09:09:34.512 13511 13544 D NavServiceProvider: Second to last stop coordinates: 28.059186, -82.536
02-28 09:09:34.512 13511 13544 D NavServiceProvider: Setting units automatically
02-28 09:09:34.513 13511 13544 D NavServiceProvider: Detecting stop. distance_d=623.4575. stop_type=1 speed=19.160128
02-28 09:09:34.513 13511 13544 D NavigationTest: 250: (28.056480, -82.530440, 19.160128)	R:false  F:false
02-28 09:09:34.513 13511 13544 D NavigationTest: 251: (28.056480, -82.530440, 19.160128)	R:false  F:false
02-28 09:09:34.513 13511 13544 D NavServiceProvider: Second to last stop coordinates: 28.059186, -82.536
02-28 09:09:34.514 13511 13544 D NavServiceProvider: Setting units automatically
02-28 09:09:34.515 13511 13544 D NavServiceProvider: Detecting stop. distance_d=604.7664. stop_type=1 speed=19.140009
02-28 09:09:34.515 13511 13544 D NavigationTest: 252: (28.056559, -82.530608, 19.140009)	R:false  F:false
02-28 09:09:34.515 13511 13544 D NavServiceProvider: Second to last stop coordinates: 28.059186, -82.536
02-28 09:09:34.516 13511 13544 D NavServiceProvider: Setting units automatically
02-28 09:09:34.517 13511 13544 D NavServiceProvider: Detecting stop. distance_d=585.52606. stop_type=1 speed=19.160002
02-28 09:09:34.517 13511 13544 D NavigationTest: 253: (28.056637, -82.530783, 19.160002)	R:false  F:false
02-28 09:09:34.517 13511 13544 D NavigationTest: 254: (28.056637, -82.530783, 19.160002)	R:false  F:false
02-28 09:09:34.517 13511 13544 D NavServiceProvider: Second to last stop coordinates: 28.059186, -82.536
02-28 09:09:34.518 13511 13544 D NavServiceProvider: Setting units automatically
02-28 09:09:34.519 13511 13544 D NavServiceProvider: Detecting stop. distance_d=566.5889. stop_type=1 speed=19.320042
02-28 09:09:34.519 13511 13544 D NavigationTest: 255: (28.056719, -82.530952, 19.320042)	R:false  F:false
02-28 09:09:34.519 13511 13544 D NavigationTest: 256: (28.056719, -82.530952, 19.320042)	R:false  F:false
02-28 09:09:34.519 13511 13544 D NavServiceProvider: Second to last stop coordinates: 28.059186, -82.536
02-28 09:09:34.520 13511 13544 D NavServiceProvider: Setting units automatically
02-28 09:09:34.521 13511 13544 D NavServiceProvider: Detecting stop. distance_d=547.4244. stop_type=1 speed=19.080023
02-28 09:09:34.521 13511 13544 D NavigationTest: 257: (28.056794, -82.531128, 19.080023)	R:false  F:false
02-28 09:09:34.521 13511 13544 D NavigationTest: 258: (28.056794, -82.531128, 19.080023)	R:false  F:false
02-28 09:09:34.521 13511 13544 D NavigationTest: 259: (28.056794, -82.531128, 19.080023)	R:false  F:false
02-28 09:09:34.521 13511 13544 D NavServiceProvider: Second to last stop coordinates: 28.059186, -82.536
02-28 09:09:34.522 13511 13544 D NavServiceProvider: Setting units automatically
02-28 09:09:34.523 13511 13544 D NavServiceProvider: Detecting stop. distance_d=528.83154. stop_type=1 speed=18.972065
02-28 09:09:34.523 13511 13544 D NavigationTest: 260: (28.056868, -82.531298, 18.972065)	R:false  F:false
02-28 09:09:34.523 13511 13544 D NavigationTest: 261: (28.056868, -82.531298, 18.972065)	R:false  F:false
02-28 09:09:34.523 13511 13544 D NavServiceProvider: Second to last stop coordinates: 28.059186, -82.536
02-28 09:09:34.524 13511 13544 D NavServiceProvider: Setting units automatically
02-28 09:09:34.525 13511 13544 D NavServiceProvider: Detecting stop. distance_d=508.8202. stop_type=1 speed=19.768282
02-28 09:09:34.525 13511 13544 D NavigationTest: 262: (28.056954, -82.531477, 19.768282)	R:false  F:false
02-28 09:09:34.525 13511 13544 D NavigationTest: 263: (28.056954, -82.531477, 19.768282)	R:false  F:false
02-28 09:09:34.525 13511 13544 D NavServiceProvider: Second to last stop coordinates: 28.059186, -82.536
02-28 09:09:34.525 13511 13544 D NavServiceProvider: Setting units automatically
02-28 09:09:34.526 13511 13544 D NavServiceProvider: Detecting stop. distance_d=488.54153. stop_type=1 speed=19.410835
02-28 09:09:34.527 13511 13544 D NavigationTest: 264: (28.057037, -82.531661, 19.410835)	R:false  F:false
02-28 09:09:34.527 13511 13544 D NavServiceProvider: Second to last stop coordinates: 28.059186, -82.536
02-28 09:09:34.527 13511 13544 D NavServiceProvider: Setting units automatically
02-28 09:09:34.528 13511 13544 D NavServiceProvider: Detecting stop. distance_d=468.4449. stop_type=1 speed=19.990562
02-28 09:09:34.528 13511 13544 D NavigationTest: 265: (28.057123, -82.531841, 19.990562)	R:false  F:false
02-28 09:09:34.528 13511 13544 D NavigationTest: 266: (28.057123, -82.531841, 19.990562)	R:false  F:false
02-28 09:09:34.528 13511 13544 D NavServiceProvider: Second to last stop coordinates: 28.059186, -82.536
02-28 09:09:34.528 13511 13544 D NavServiceProvider: Setting units automatically
02-28 09:09:34.530 13511 13544 D NavServiceProvider: Detecting stop. distance_d=448.26266. stop_type=1 speed=20.210299
02-28 09:09:34.530 13511 13544 D NavigationTest: 267: (28.057209, -82.532022, 20.210299)	R:false  F:false
02-28 09:09:34.530 13511 13544 D NavigationTest: 268: (28.057209, -82.532022, 20.210299)	R:false  F:false
02-28 09:09:34.530 13511 13544 D NavServiceProvider: Second to last stop coordinates: 28.059186, -82.536
02-28 09:09:34.530 13511 13544 D NavServiceProvider: Setting units automatically
02-28 09:09:34.532 13511 13544 D NavServiceProvider: Detecting stop. distance_d=428.4465. stop_type=1 speed=20.17009
02-28 09:09:34.532 13511 13544 D NavigationTest: 269: (28.057293, -82.532200, 20.170090)	R:false  F:false
02-28 09:09:34.532 13511 13544 D NavigationTest: 270: (28.057293, -82.532200, 20.170090)	R:false  F:false
02-28 09:09:34.532 13511 13544 D NavServiceProvider: Second to last stop coordinates: 28.059186, -82.536
02-28 09:09:34.533 13511 13544 D NavServiceProvider: Setting units automatically
02-28 09:09:34.534 13511 13544 D NavServiceProvider: Detecting stop. distance_d=408.49924. stop_type=1 speed=19.920124
02-28 09:09:34.534 13511 13544 D NavigationTest: 271: (28.057381, -82.532377, 19.920124)	R:false  F:false
02-28 09:09:34.534 13511 13544 D NavigationTest: 272: (28.057381, -82.532377, 19.920124)	R:false  F:false
02-28 09:09:34.534 13511 13544 D NavServiceProvider: Second to last stop coordinates: 28.059186, -82.536
02-28 09:09:34.535 13511 13544 D NavServiceProvider: Setting units automatically
02-28 09:09:34.538 13511 13544 D NavServiceProvider: Detecting stop. distance_d=388.74625. stop_type=1 speed=19.49004
02-28 09:09:34.538 13511 13544 D NavigationTest: 273: (28.057467, -82.532553, 19.490040)	R:false  F:false
02-28 09:09:34.538 13511 13544 D NavServiceProvider: Second to last stop coordinates: 28.059186, -82.536
02-28 09:09:34.538   871  6793 D audio_hw_primary: adev_get_parameters:vr_audio_mode_on
02-28 09:09:34.538   871  6793 I audio_hw_primary: getting vr mode to 0
02-28 09:09:34.538   871  6793 D audio_hw_primary: adev_get_parameters: exit: returns - vr_audio_mode_on=false
02-28 09:09:34.538   959  1210 I hash_map_utils: key: 'vr_audio_mode_on' value: ''
02-28 09:09:34.539 13511 13544 D NavServiceProvider: Setting units automatically
02-28 09:09:34.539   959  1210 I AudioPolicyManagerCustom: VR mode is 0, switch to primary output if request is for fast|raw
02-28 09:09:34.539   959  1210 I AudioPolicyManagerCustom: setting force DEEP buffer now
02-28 09:09:34.540   959  1210 D AudioFlinger: Client defaulted notificationFrames to 2048 for frameCount 4096
02-28 09:09:34.540 13511 13544 D NavServiceProvider: Detecting stop. distance_d=369.5223. stop_type=1 speed=18.920517
02-28 09:09:34.540 13511 13544 D NavigationTest: 274: (28.057548, -82.532726, 18.920517)	R:false  F:false
02-28 09:09:34.540 13511 13544 D NavigationTest: 275: (28.057548, -82.532726, 18.920517)	R:false  F:false
02-28 09:09:34.540 13511 13544 D NavServiceProvider: Second to last stop coordinates: 28.059186, -82.536
02-28 09:09:34.540   959  1210 D AF::TrackHandle: OpPlayAudio: track:187 usage:1 not muted
02-28 09:09:34.541 13511 13544 D NavServiceProvider: Setting units automatically
02-28 09:09:34.542 13511 13544 D NavServiceProvider: Detecting stop. distance_d=350.40836. stop_type=1 speed=19.070168
02-28 09:09:34.542 13511 13544 D NavigationTest: 276: (28.057627, -82.532899, 19.070168)	R:false  F:false
02-28 09:09:34.542 13511 13544 D NavigationTest: 277: (28.057627, -82.532899, 19.070168)	R:false  F:false
02-28 09:09:34.542 13511 13544 D NavServiceProvider: Second to last stop coordinates: 28.059186, -82.536
02-28 09:09:34.542 13511 13544 D NavServiceProvider: Setting units automatically
02-28 09:09:34.544 13511 13544 D NavServiceProvider: Detecting stop. distance_d=332.25378. stop_type=1 speed=18.13662
02-28 09:09:34.544 13511 13544 D NavigationTest: 278: (28.057701, -82.533064, 18.136620)	R:false  F:false
02-28 09:09:34.544 13511 13544 D NavigationTest: 279: (28.057701, -82.533064, 18.136620)	R:false  F:false
02-28 09:09:34.544 13511 13544 D NavServiceProvider: Second to last stop coordinates: 28.059186, -82.536
02-28 09:09:34.544 13511 13544 D NavServiceProvider: Setting units automatically
02-28 09:09:34.544  2666  3413 D Avrcp_ext: AudioManager Player: ID:23 -- type:android.media.SoundPool -- u/pid:10126/2688 -- state:idle -- attr:AudioAttributes: usage=USAGE_ASSISTANCE_SONIFICATION content=CONTENT_TYPE_SONIFICATION flags=0x800 tags= bundle=null
02-28 09:09:34.545  2666  3413 D Avrcp_ext: AudioManager Player: ID:15 -- type:android.media.SoundPool -- u/pid:1000/1493 -- state:idle -- attr:AudioAttributes: usage=USAGE_ASSISTANCE_SONIFICATION content=CONTENT_TYPE_SONIFICATION flags=0x800 tags= bundle=null
02-28 09:09:34.545  2666  3413 D Avrcp_ext: AudioManager Player: ID:1087 -- type:android.media.AudioTrack -- u/pid:10088/13579 -- state:started -- attr:AudioAttributes: usage=USAGE_MEDIA content=CONTENT_TYPE_SPEECH flags=0x800 tags= bundle=null
02-28 09:09:34.545  2666  3413 D Avrcp_ext: AudioManager isPlaying: true
02-28 09:09:34.545  2666  3413 V Avrcp_ext: updateCurrentMediaState: mMediaController: null
02-28 09:09:34.545  2666  3413 V Avrcp_ext: isMusicActive: false getBluetoothPlayState: 2
02-28 09:09:34.545  2666  3413 V Avrcp_ext: updateCurrentMediaState: isPlaying = false
02-28 09:09:34.545  2666  3413 V Avrcp_ext: Media update: id -1-1? [MediaAttributes: none] : [MediaAttributes: none]
02-28 09:09:34.545  2666  3413 V Avrcp_ext: newPlayStatus:2mReportedPlayStatus:-1
02-28 09:09:34.545  2666  3413 V Avrcp_ext: updatePlaybackState, state: PlaybackState {state=2, position=-1, buffered position=0, speed=0.0, updated=1777876, actions=0, custom actions=[], active item id=-1, error=null} device: null
02-28 09:09:34.545  2666  3413 V Avrcp_ext: Device: no name:
02-28 09:09:34.545  2666  3413 I chatty  : uid=1002(bluetooth) BluetoothAvrcpH identical 3 lines
02-28 09:09:34.545  2666  3413 V Avrcp_ext: Device: no name:
02-28 09:09:34.546  2666  3413 V Avrcp_ext: updatePlayerStateAndPosition, old=PlaybackState {state=2, position=-1, buffered position=0, speed=0.0, updated=1777420, actions=0, custom actions=[], active item id=-1, error=null}, state=PlaybackState {state=2, position=-1, buffered position=0, speed=0.0, updated=1777876, actions=0, custom actions=[], active item id=-1, error=null}
02-28 09:09:34.546  2666  3413 V Avrcp_ext: old state = PlaybackState {state=2, position=-1, buffered position=0, speed=0.0, updated=1777420, actions=0, custom actions=[], active item id=-1, error=null}, new state= PlaybackState {state=2, position=-1, buffered position=0, speed=0.0, updated=1777876, actions=0, custom actions=[], active item id=-1, error=null}
02-28 09:09:34.546  2666  3413 D HeadsetService: getHeadsetService(): returning com.android.bluetooth.hfp.HeadsetService@8a04d28
02-28 09:09:34.546  2666  3413 D HeadsetService:  isAudioOn: The number of audio connected devices 0
02-28 09:09:34.546  2666  3413 D HeadsetService: isScoOrCallActive(): Call Active:falseCall is Ringing:falseSCO is Active:false
02-28 09:09:34.546  2666  3413 D HeadsetService:  isAudioOn: The number of audio connected devices 0
02-28 09:09:34.546  2666  3413 I Avrcp_ext: updatePlayStatusForDevice: device: null
02-28 09:09:34.546  2666  3413 V Avrcp_ext: updatePlaybackState (1): old=PlaybackState {state=2, position=-1, buffered position=0, speed=0.0, updated=1777420, actions=0, custom actions=[], active item id=-1, error=null}(2), new=PlaybackState {state=2, position=-1, buffered position=0, speed=0.0, updated=1777876, actions=0, custom actions=[], active item id=-1, error=null}(2)
02-28 09:09:34.546  2666  3413 I Avrcp_ext: Exit updatePlayStatusForDevice
02-28 09:09:34.547 13511 13544 D NavServiceProvider: Detecting stop. distance_d=314.1432. stop_type=1 speed=18.180223
02-28 09:09:34.547 13511 13544 D NavigationTest: 280: (28.057782, -82.533224, 18.180223)	R:false  F:false
02-28 09:09:34.547 13511 13544 D NavServiceProvider: Second to last stop coordinates: 28.059186, -82.536
02-28 09:09:34.547 13511 13544 D NavServiceProvider: Setting units automatically
02-28 09:09:34.548  2666  3413 D HeadsetService:  isAudioOn: The number of audio connected devices 0
02-28 09:09:34.548  2666  3413 D HeadsetService: isScoOrCallActive(): Call Active:falseCall is Ringing:falseSCO is Active:false
02-28 09:09:34.548  2666  3413 D HeadsetService:  isAudioOn: The number of audio connected devices 0
02-28 09:09:34.548  2666  3413 I Avrcp_ext: updatePlayStatusForDevice: device: null
02-28 09:09:34.548  2666  3413 V Avrcp_ext: updatePlaybackState (1): old=PlaybackState {state=2, position=-1, buffered position=0, speed=0.0, updated=1777420, actions=0, custom actions=[], active item id=-1, error=null}(2), new=PlaybackState {state=2, position=-1, buffered position=0, speed=0.0, updated=1777876, actions=0, custom actions=[], active item id=-1, error=null}(2)
02-28 09:09:34.548  2666  3413 I Avrcp_ext: Exit updatePlayStatusForDevice
02-28 09:09:34.548  2666  3413 D HeadsetService:  isAudioOn: The number of audio connected devices 0
02-28 09:09:34.548  2666  3413 D HeadsetService: isScoOrCallActive(): Call Active:falseCall is Ringing:falseSCO is Active:false
02-28 09:09:34.549 13511 13544 D NavServiceProvider: Detecting stop. distance_d=296.83398. stop_type=1 speed=17.770044
02-28 09:09:34.549 13511 13544 D NavigationTest: 281: (28.057850, -82.533383, 17.770044)	R:false  F:false
02-28 09:09:34.549 13511 13544 D NavigationTest: 282: (28.057850, -82.533383, 17.770044)	R:false  F:false
02-28 09:09:34.549 13511 13544 D NavServiceProvider: Second to last stop coordinates: 28.059186, -82.536
02-28 09:09:34.549  2666  3413 D HeadsetService:  isAudioOn: The number of audio connected devices 0
02-28 09:09:34.549  2666  3413 I Avrcp_ext: updatePlayStatusForDevice: device: null
02-28 09:09:34.550  2666  3413 V Avrcp_ext: updatePlaybackState (1): old=PlaybackState {state=2, position=-1, buffered position=0, speed=0.0, updated=1777420, actions=0, custom actions=[], active item id=-1, error=null}(2), new=PlaybackState {state=2, position=-1, buffered position=0, speed=0.0, updated=1777876, actions=0, custom actions=[], active item id=-1, error=null}(2)
02-28 09:09:34.550  2666  3413 I Avrcp_ext: Exit updatePlayStatusForDevice
02-28 09:09:34.550  2666  3413 D HeadsetService:  isAudioOn: The number of audio connected devices 0
02-28 09:09:34.550  2666  3413 D HeadsetService: isScoOrCallActive(): Call Active:falseCall is Ringing:falseSCO is Active:false
02-28 09:09:34.550 13511 13544 D NavServiceProvider: Setting units automatically
02-28 09:09:34.550  2666  3413 D HeadsetService:  isAudioOn: The number of audio connected devices 0
02-28 09:09:34.550  2666  3413 I Avrcp_ext: updatePlayStatusForDevice: device: null
02-28 09:09:34.550  2666  3413 V Avrcp_ext: updatePlaybackState (1): old=PlaybackState {state=2, position=-1, buffered position=0, speed=0.0, updated=1777420, actions=0, custom actions=[], active item id=-1, error=null}(2), new=PlaybackState {state=2, position=-1, buffered position=0, speed=0.0, updated=1777876, actions=0, custom actions=[], active item id=-1, error=null}(2)
02-28 09:09:34.550  2666  3413 I Avrcp_ext: Exit updatePlayStatusForDevice
02-28 09:09:34.550  2666  3413 D HeadsetService:  isAudioOn: The number of audio connected devices 0
02-28 09:09:34.550  2666  3413 D HeadsetService: isScoOrCallActive(): Call Active:falseCall is Ringing:falseSCO is Active:false
02-28 09:09:34.550  2666  3413 D HeadsetService:  isAudioOn: The number of audio connected devices 0
02-28 09:09:34.550  2666  3413 I Avrcp_ext: updatePlayStatusForDevice: device: null
02-28 09:09:34.551  2666  3413 V Avrcp_ext: updatePlaybackState (1): old=PlaybackState {state=2, position=-1, buffered position=0, speed=0.0, updated=1777420, actions=0, custom actions=[], active item id=-1, error=null}(2), new=PlaybackState {state=2, position=-1, buffered position=0, speed=0.0, updated=1777876, actions=0, custom actions=[], active item id=-1, error=null}(2)
02-28 09:09:34.551  2666  3413 I Avrcp_ext: Exit updatePlayStatusForDevice
02-28 09:09:34.551  2666  3413 D Avrcp_ext: Enter sendPlayPosNotificationRsp
02-28 09:09:34.551  2666  3413 D Avrcp_ext: sendPlayPosNotificationRsp: Not registered or requesting.
02-28 09:09:34.551  2666  3413 D Avrcp_ext: Enter sendPlayPosNotificationRsp
02-28 09:09:34.551  2666  3413 D Avrcp_ext: sendPlayPosNotificationRsp: Not registered or requesting.
02-28 09:09:34.551  2666  3413 D Avrcp_ext: Enter sendPlayPosNotificationRsp
02-28 09:09:34.551  2666  3413 D Avrcp_ext: sendPlayPosNotificationRsp: Not registered or requesting.
02-28 09:09:34.551  2666  3413 D Avrcp_ext: Enter sendPlayPosNotificationRsp
02-28 09:09:34.551  2666  3413 D Avrcp_ext: sendPlayPosNotificationRsp: Not registered or requesting.
02-28 09:09:34.551  2666  3413 D Avrcp_ext: Enter sendPlayPosNotificationRsp
02-28 09:09:34.551  2666  3413 D Avrcp_ext: sendPlayPosNotificationRsp: Not registered or requesting.
02-28 09:09:34.551  2666  3413 V Avrcp_ext: Exit updatePlayerStateAndPosition
02-28 09:09:34.551   871  6793 D msm8974_platform: platform_split_snd_device: snd_device(2) num devices(1) new_snd_devices(0)
02-28 09:09:34.551   871  6793 D ACDB-LOADER: ACDB -> send_audvoltable
02-28 09:09:34.551 13511 13544 D NavServiceProvider: Detecting stop. distance_d=279.61835. stop_type=1 speed=17.60014
02-28 09:09:34.551   871  6793 D ACDB-LOADER: ACDB -> ACDB_CMD_GET_AUDPROC_VOL_STEP_TABLE_SIZE
02-28 09:09:34.551   871  6793 D ACDB-LOADER: ACDB -> ACDB_CMD_GET_AUDPROC_GAIN_DEP_STEP_TABLE, vol index 5
02-28 09:09:34.551   871  6793 D         : Failed to fetch the lookup information of the device 0000000F
02-28 09:09:34.551   871  6793 E ACDB-LOADER: Error: ACDB AudProc vol returned = -19
02-28 09:09:34.551   871  6793 D ACDB-LOADER: ACDB -> AUDIO_SET_VOL_CAL cal type = 40
02-28 09:09:34.551 13511 13544 D NavigationTest: 283: (28.057921, -82.533539, 17.600140)	R:false  F:false
02-28 09:09:34.551 13511 13544 D NavServiceProvider: Second to last stop coordinates: 28.059186, -82.536
02-28 09:09:34.552 13511 13544 D NavServiceProvider: Setting units automatically
02-28 09:09:34.553 13511 13544 D NavServiceProvider: Detecting stop. distance_d=262.0681. stop_type=1 speed=17.25049
02-28 09:09:34.553   871  6793 V EffectDiracSound: DiracSound_command() start, cmdCode=20
02-28 09:09:34.553   871  6793 V EffectDiracSound: DiracSound_Command EFFECT_CMD_OFFLOAD
02-28 09:09:34.553 13511 13544 D NavigationTest: 284: (28.057995, -82.533697, 17.250490)	R:false  F:false
02-28 09:09:34.553 13511 13544 D NavigationTest: 285: (28.057995, -82.533697, 17.250490)	R:false  F:false
02-28 09:09:34.553 13511 13544 D NavServiceProvider: Second to last stop coordinates: 28.059186, -82.536
02-28 09:09:34.553   871  6793 V EffectDiracSound: DiracSound_command() start, cmdCode=1
02-28 09:09:34.553   871  6793 V EffectDiracSound: DiracSound_setConfig start
02-28 09:09:34.553   871  6793 I EffectDiracSound: DiracSound_updateState(), enable=0, hifi=0, device=0x2, headset=5, samplingRate=48000
02-28 09:09:34.554   871  6793 I EffectDiracSound: DiracSound_updateState(), mode=0, music=0, movie=0, reset=0
02-28 09:09:34.554   871  6793 I EffectDiracSound: DiracSound_updateState(), Speaker Movie/Stereo Mode is not supported. Stop update state.
02-28 09:09:34.554   871  6793 W EffectHAL: Effect 0xe4b38cd0 command SET_CONFIG returned status: Invalid argument
02-28 09:09:34.554   871  6793 V EffectDiracSound: DiracSound_command() start, cmdCode=1
02-28 09:09:34.554   871  6793 V EffectDiracSound: DiracSound_setConfig start
02-28 09:09:34.554   871  6793 I EffectDiracSound: DiracSound_updateState(), enable=0, hifi=0, device=0x2, headset=5, samplingRate=48000
02-28 09:09:34.554   871  6793 I EffectDiracSound: DiracSound_updateState(), mode=0, music=0, movie=0, reset=0
02-28 09:09:34.554   871  6793 I EffectDiracSound: DiracSound_updateState(), Speaker Movie/Stereo Mode is not supported. Stop update state.
02-28 09:09:34.554 13511 13544 D NavServiceProvider: Setting units automatically
02-28 09:09:34.554   871  6793 V EffectDiracSound: DiracSound_command() start, cmdCode=9
02-28 09:09:34.554   871  6793 V EffectDiracSound: DiracSound_Command EFFECT_CMD_SET_DEVICE: 0x00000002
02-28 09:09:34.554   871  6793 V EffectDiracSound: DiracSound_command() start, cmdCode=11
02-28 09:09:34.554   871  6793 V EffectDiracSound: DiracSound_Command EFFECT_CMD_SET_AUDIO_MODE: 0
02-28 09:09:34.555 13511 13544 D NavServiceProvider: Detecting stop. distance_d=246.15576. stop_type=1 speed=15.590014
02-28 09:09:34.555 13511 13544 D NavigationTest: 286: (28.058061, -82.533841, 15.590014)	R:false  F:false
02-28 09:09:34.555 13511 13544 D NavigationTest: 287: (28.058061, -82.533841, 15.590014)	R:false  F:false
02-28 09:09:34.555 13511 13544 D NavigationTest: 288: (28.058061, -82.533841, 15.590014)	R:false  F:false
02-28 09:09:34.555 13511 13544 D NavServiceProvider: Second to last stop coordinates: 28.059186, -82.536
02-28 09:09:34.555 13511 13544 D NavServiceProvider: Setting units automatically
02-28 09:09:34.557 13511 13544 D NavServiceProvider: Detecting stop. distance_d=231.91104. stop_type=1 speed=14.570168
02-28 09:09:34.557 13511 13544 D NavigationTest: 289: (28.058117, -82.533972, 14.570168)	R:false  F:false
02-28 09:09:34.557 13511 13544 D NavServiceProvider: Second to last stop coordinates: 28.059186, -82.536
02-28 09:09:34.557 13511 13544 D NavServiceProvider: Setting units automatically
02-28 09:09:34.558 13511 13544 D NavServiceProvider: Detecting stop. distance_d=219.27708. stop_type=1 speed=12.730318
02-28 09:09:34.559 13511 13544 D NavigationTest: 290: (28.058170, -82.534086, 12.730318)	R:false  F:false
02-28 09:09:34.559 13511 13544 D NavigationTest: 291: (28.058170, -82.534086, 12.730318)	R:false  F:false
02-28 09:09:34.559 13511 13544 D NavServiceProvider: Second to last stop coordinates: 28.059186, -82.536
02-28 09:09:34.559 13511 13544 D NavServiceProvider: Setting units automatically
02-28 09:09:34.561 13511 13544 D NavServiceProvider: Detecting stop. distance_d=207.6863. stop_type=1 speed=12.3002
02-28 09:09:34.561 13511 13544 D NavigationTest: 292: (28.058221, -82.534189, 12.300200)	R:false  F:false
02-28 09:09:34.561 13511 13544 D NavigationTest: 293: (28.058221, -82.534189, 12.300200)	R:false  F:false
02-28 09:09:34.561 13511 13544 D NavServiceProvider: Second to last stop coordinates: 28.059186, -82.536
02-28 09:09:34.561 13511 13544 D NavServiceProvider: Setting units automatically
02-28 09:09:34.563 13579 13598 D AudioTrack: stop(155): called with 4096 frames delivered
02-28 09:09:34.564 13579 13612 I EventProcessor: synthesizeMarkup call to callback.audioAvailable failed: -1
02-28 09:09:34.565  2666  3413 D Avrcp_ext: AudioManager Player: ID:23 -- type:android.media.SoundPool -- u/pid:10126/2688 -- state:idle -- attr:AudioAttributes: usage=USAGE_ASSISTANCE_SONIFICATION content=CONTENT_TYPE_SONIFICATION flags=0x800 tags= bundle=null
02-28 09:09:34.565  2666  3413 D Avrcp_ext: AudioManager Player: ID:15 -- type:android.media.SoundPool -- u/pid:1000/1493 -- state:idle -- attr:AudioAttributes: usage=USAGE_ASSISTANCE_SONIFICATION content=CONTENT_TYPE_SONIFICATION flags=0x800 tags= bundle=null
02-28 09:09:34.565  2666  3413 D Avrcp_ext: AudioManager Player: ID:1087 -- type:android.media.AudioTrack -- u/pid:10088/13579 -- state:stopped -- attr:AudioAttributes: usage=USAGE_MEDIA content=CONTENT_TYPE_SPEECH flags=0x800 tags= bundle=null
02-28 09:09:34.565  2666  3413 D Avrcp_ext: AudioManager isPlaying: false
02-28 09:09:34.565  2666  3413 V Avrcp_ext: updateCurrentMediaState: mMediaController: null
02-28 09:09:34.565 13511 13544 D NavServiceProvider: -----Get ready!
02-28 09:09:34.565  2666  3413 V Avrcp_ext: isMusicActive: true getBluetoothPlayState: 2
02-28 09:09:34.565  2666  3413 V Avrcp_ext: updateCurrentMediaState: isPlaying = false
02-28 09:09:34.565  2666  3413 V Avrcp_ext: Media update: id -1-1? [MediaAttributes: none] : [MediaAttributes: none]
02-28 09:09:34.565  2666  3413 V Avrcp_ext: newPlayStatus:2mReportedPlayStatus:-1
02-28 09:09:34.565  2666  3413 V Avrcp_ext: updatePlaybackState, state: PlaybackState {state=2, position=-1, buffered position=0, speed=0.0, updated=1777896, actions=0, custom actions=[], active item id=-1, error=null} device: null
02-28 09:09:34.565  2666  3413 V Avrcp_ext: Device: no name:
02-28 09:09:34.565  2666  3413 I chatty  : uid=1002(bluetooth) BluetoothAvrcpH identical 3 lines
02-28 09:09:34.565  2666  3413 V Avrcp_ext: Device: no name:
02-28 09:09:34.565  2666  3413 V Avrcp_ext: updatePlayerStateAndPosition, old=PlaybackState {state=2, position=-1, buffered position=0, speed=0.0, updated=1777876, actions=0, custom actions=[], active item id=-1, error=null}, state=PlaybackState {state=2, position=-1, buffered position=0, speed=0.0, updated=1777896, actions=0, custom actions=[], active item id=-1, error=null}
02-28 09:09:34.565  2666  3413 V Avrcp_ext: old state = PlaybackState {state=2, position=-1, buffered position=0, speed=0.0, updated=1777876, actions=0, custom actions=[], active item id=-1, error=null}, new state= PlaybackState {state=2, position=-1, buffered position=0, speed=0.0, updated=1777896, actions=0, custom actions=[], active item id=-1, error=null}
02-28 09:09:34.565  2666  3413 D HeadsetService: getHeadsetService(): returning com.android.bluetooth.hfp.HeadsetService@8a04d28
02-28 09:09:34.565 13511 13544 D NavigationTest: 294: (28.058260, -82.534264, 8.640208)	R:true  F:false
02-28 09:09:34.565 13511 13544 D NavServiceProvider: Second to last stop coordinates: 28.059186, -82.536
02-28 09:09:34.566  2666  3413 D HeadsetService:  isAudioOn: The number of audio connected devices 0
02-28 09:09:34.566  2666  3413 D HeadsetService: isScoOrCallActive(): Call Active:falseCall is Ringing:falseSCO is Active:false
02-28 09:09:34.566  2666  3413 D HeadsetService:  isAudioOn: The number of audio connected devices 0
02-28 09:09:34.566  2666  3413 I Avrcp_ext: updatePlayStatusForDevice: device: null
02-28 09:09:34.566  2666  3413 V Avrcp_ext: updatePlaybackState (1): old=PlaybackState {state=2, position=-1, buffered position=0, speed=0.0, updated=1777876, actions=0, custom actions=[], active item id=-1, error=null}(2), new=PlaybackState {state=2, position=-1, buffered position=0, speed=0.0, updated=1777896, actions=0, custom actions=[], active item id=-1, error=null}(2)
02-28 09:09:34.566  2666  3413 I Avrcp_ext: Exit updatePlayStatusForDevice
02-28 09:09:34.566 13511 13544 D NavServiceProvider: Setting units automatically
02-28 09:09:34.566  2666  3413 D HeadsetService:  isAudioOn: The number of audio connected devices 0
02-28 09:09:34.566  2666  3413 D HeadsetService: isScoOrCallActive(): Call Active:falseCall is Ringing:falseSCO is Active:false
02-28 09:09:34.567  2666  3413 D HeadsetService:  isAudioOn: The number of audio connected devices 0
02-28 09:09:34.567  2666  3413 I Avrcp_ext: updatePlayStatusForDevice: device: null
02-28 09:09:34.567  2666  3413 V Avrcp_ext: updatePlaybackState (1): old=PlaybackState {state=2, position=-1, buffered position=0, speed=0.0, updated=1777876, actions=0, custom actions=[], active item id=-1, error=null}(2), new=PlaybackState {state=2, position=-1, buffered position=0, speed=0.0, updated=1777896, actions=0, custom actions=[], active item id=-1, error=null}(2)
02-28 09:09:34.567  2666  3413 I Avrcp_ext: Exit updatePlayStatusForDevice
02-28 09:09:34.567  2666  3413 D HeadsetService:  isAudioOn: The number of audio connected devices 0
02-28 09:09:34.567  2666  3413 D HeadsetService: isScoOrCallActive(): Call Active:falseCall is Ringing:falseSCO is Active:false
02-28 09:09:34.567 13579 13612 I GoogleTTSServiceImpl: Synthesis request for locale eng-USA and name en-US-language
02-28 09:09:34.568 13579 13612 I GoogleTTSServiceImpl: TTS dispatch: en-us-x-iog-seanet-embedded
02-28 09:09:34.568 13511 13544 D NavServiceProvider: Detecting stop. distance_d=199.14027. stop_type=1 speed=8.640208
02-28 09:09:34.568 13511 13544 D NavigationTest: 294: (28.058260, -82.534264, 8.640208)	R:true  F:false
02-28 09:09:34.568 13511 13544 D NavServiceProvider: Second to last stop coordinates: 28.059186, -82.536
02-28 09:09:34.568  2666  3413 D HeadsetService:  isAudioOn: The number of audio connected devices 0
02-28 09:09:34.568  2666  3413 I Avrcp_ext: updatePlayStatusForDevice: device: null
