02-28 09:09:47.340 13511 13544 D NavigationTest: 1025: (28.057315, -82.411190, 9.250000)	R:false  F:false
02-28 09:09:47.340 13511 13544 D NavServiceProvider: Second to last stop coordinates: 28.059175, -82.413421
02-28 09:09:47.340 13511 13544 D NavServiceProvider: Setting units automatically
02-28 09:09:47.341 13511 13544 D NavServiceProvider: Detecting stop. distance_d=294.47586. stop_type=1 speed=9.0
02-28 09:09:47.342 13511 13544 D NavigationTest: 1026: (28.057304, -82.411294, 9.000000)	R:false  F:false
02-28 09:09:47.342 13511 13544 D NavigationTest: 1027: (28.057304, -82.411294, 9.000000)	R:false  F:false
02-28 09:09:47.342 13511 13544 D NavServiceProvider: Second to last stop coordinates: 28.059175, -82.413421
02-28 09:09:47.342 13511 13544 D NavServiceProvider: Setting units automatically
02-28 09:09:47.343 13511 13544 D NavServiceProvider: Detecting stop. distance_d=296.07074. stop_type=1 speed=8.0
02-28 09:09:47.343 13511 13544 D NavigationTest: 1028: (28.057254, -82.411328, 8.000000)	R:false  F:false
02-28 09:09:47.343 13511 13544 D NavigationTest: 1029: (28.057254, -82.411328, 8.000000)	R:false  F:false
02-28 09:09:47.343 13511 13544 D NavServiceProvider: Second to last stop coordinates: 28.059175, -82.413421
02-28 09:09:47.344 13511 13544 D NavServiceProvider: Setting units automatically
02-28 09:09:47.345 13511 13544 D NavServiceProvider: Detecting stop. distance_d=287.34784. stop_type=1 speed=8.75
02-28 09:09:47.345 13511 13544 D NavigationTest: 1030: (28.057266, -82.411443, 8.750000)	R:false  F:false
02-28 09:09:47.345 13511 13544 D NavigationTest: 1031: (28.057266, -82.411443, 8.750000)	R:false  F:false
02-28 09:09:47.345 13511 13544 D NavServiceProvider: Second to last stop coordinates: 28.059175, -82.413421
02-28 09:09:47.345 13511 13544 D NavServiceProvider: Setting units automatically
02-28 09:09:47.346 13511 13544 D NavServiceProvider: Detecting stop. distance_d=278.2889. stop_type=1 speed=9.0
02-28 09:09:47.346 13511 13544 D NavigationTest: 1032: (28.057282, -82.411561, 9.000000)	R:false  F:false
02-28 09:09:47.346 13511 13544 D NavigationTest: 1033: (28.057282, -82.411561, 9.000000)	R:false  F:false
02-28 09:09:47.346 13511 13544 D NavServiceProvider: Second to last stop coordinates: 28.059175, -82.413421
02-28 09:09:47.347 13511 13544 D NavServiceProvider: Setting units automatically
02-28 09:09:47.348 13511 13544 D NavServiceProvider: Detecting stop. distance_d=272.10837. stop_type=1 speed=9.0
02-28 09:09:47.348 13511 13544 D NavigationTest: 1034: (28.057288, -82.411650, 9.000000)	R:false  F:false
02-28 09:09:47.348 13511 13544 D NavigationTest: 1035: (28.057288, -82.411650, 9.000000)	R:false  F:false
02-28 09:09:47.348 13511 13544 D NavServiceProvider: Second to last stop coordinates: 28.059175, -82.413421
02-28 09:09:47.348 13511 13544 D NavServiceProvider: Setting units automatically
02-28 09:09:47.349 13511 13544 D NavServiceProvider: Detecting stop. distance_d=268.65964. stop_type=1 speed=7.25
02-28 09:09:47.350 13511 13544 D NavigationTest: 1036: (28.057279, -82.411718, 7.250000)	R:false  F:false
02-28 09:09:47.350 13511 13544 D NavServiceProvider: Second to last stop coordinates: 28.059175, -82.413421
02-28 09:09:47.350 13511 13544 D NavServiceProvider: Setting units automatically
02-28 09:09:47.351 13511 13544 D NavServiceProvider: Detecting stop. distance_d=261.0216. stop_type=1 speed=8.0
02-28 09:09:47.351 13511 13544 D NavigationTest: 1037: (28.057292, -82.411826, 8.000000)	R:false  F:false
02-28 09:09:47.351 13511 13544 D NavigationTest: 1038: (28.057292, -82.411826, 8.000000)	R:false  F:false
02-28 09:09:47.351 13511 13544 D NavServiceProvider: Second to last stop coordinates: 28.059175, -82.413421
02-28 09:09:47.352 13511 13544 D NavServiceProvider: Setting units automatically
02-28 09:09:47.352 13511 13544 D NavServiceProvider: Detecting stop. distance_d=257.84735. stop_type=1 speed=7.5
02-28 09:09:47.353 13511 13544 D NavigationTest: 1039: (28.057282, -82.411896, 7.500000)	R:false  F:false
02-28 09:09:47.353 13511 13544 D NavServiceProvider: Second to last stop coordinates: 28.059175, -82.413421
02-28 09:09:47.353 13511 13544 D NavServiceProvider: Setting units automatically
02-28 09:09:47.354 13511 13544 D NavServiceProvider: Detecting stop. distance_d=249.09636. stop_type=1 speed=8.25
02-28 09:09:47.354 13511 13544 D NavigationTest: 1040: (28.057311, -82.412005, 8.250000)	R:false  F:false
02-28 09:09:47.354 13511 13544 D NavigationTest: 1041: (28.057311, -82.412005, 8.250000)	R:false  F:false
02-28 09:09:47.354 13511 13544 D NavServiceProvider: Second to last stop coordinates: 28.059175, -82.413421
02-28 09:09:47.354 13511 13544 D NavServiceProvider: Setting units automatically
02-28 09:09:47.355 13511 13544 D NavServiceProvider: Detecting stop. distance_d=240.698. stop_type=1 speed=8.25
02-28 09:09:47.356 13511 13544 D NavigationTest: 1042: (28.057348, -82.412097, 8.250000)	R:false  F:false
02-28 09:09:47.356 13511 13544 D NavigationTest: 1043: (28.057348, -82.412097, 8.250000)	R:false  F:false
02-28 09:09:47.356 13511 13544 D NavServiceProvider: Second to last stop coordinates: 28.059175, -82.413421
02-28 09:09:47.356 13511 13544 D NavServiceProvider: Setting units automatically
02-28 09:09:47.357 13511 13544 D NavServiceProvider: Detecting stop. distance_d=237.93016. stop_type=1 speed=8.0
02-28 09:09:47.357 13511 13544 D NavigationTest: 1044: (28.057336, -82.412172, 8.000000)	R:false  F:false
02-28 09:09:47.357 13511 13544 D NavigationTest: 1045: (28.057336, -82.412172, 8.000000)	R:false  F:false
02-28 09:09:47.357 13511 13544 D NavServiceProvider: Second to last stop coordinates: 28.059175, -82.413421
02-28 09:09:47.358 13511 13544 D NavServiceProvider: Setting units automatically
02-28 09:09:47.359 13511 13544 D NavServiceProvider: Detecting stop. distance_d=235.56494. stop_type=1 speed=7.25
02-28 09:09:47.359 13511 13544 D NavigationTest: 1046: (28.057329, -82.412233, 7.250000)	R:false  F:false
02-28 09:09:47.359 13511 13544 D NavServiceProvider: Second to last stop coordinates: 28.059175, -82.413421
02-28 09:09:47.359 13511 13544 D NavServiceProvider: Setting units automatically
02-28 09:09:47.360 13511 13544 D NavServiceProvider: Detecting stop. distance_d=231.39859. stop_type=1 speed=7.25
02-28 09:09:47.360 13511 13544 D NavigationTest: 1047: (28.057338, -82.412302, 7.250000)	R:false  F:false
02-28 09:09:47.360 13511 13544 D NavigationTest: 1048: (28.057338, -82.412302, 7.250000)	R:false  F:false
02-28 09:09:47.360 13511 13544 D NavServiceProvider: Second to last stop coordinates: 28.059175, -82.413421
02-28 09:09:47.361 13511 13544 D NavServiceProvider: Setting units automatically
02-28 09:09:47.362 13511 13544 D NavServiceProvider: Detecting stop. distance_d=229.54175. stop_type=1 speed=6.75
02-28 09:09:47.362 13511 13544 D NavigationTest: 1049: (28.057329, -82.412362, 6.750000)	R:false  F:false
02-28 09:09:47.362 13511 13544 D NavServiceProvider: Second to last stop coordinates: 28.059175, -82.413421
02-28 09:09:47.362 13511 13544 D NavServiceProvider: Setting units automatically
02-28 09:09:47.363 13511 13544 D NavServiceProvider: Detecting stop. distance_d=226.03035. stop_type=1 speed=7.0
02-28 09:09:47.363 13511 13544 D NavigationTest: 1050: (28.057335, -82.412429, 7.000000)	R:false  F:false
02-28 09:09:47.363 13511 13544 D NavigationTest: 1051: (28.057335, -82.412429, 7.000000)	R:false  F:false
02-28 09:09:47.363 13511 13544 D NavServiceProvider: Second to last stop coordinates: 28.059175, -82.413421
02-28 09:09:47.363 13511 13544 D NavServiceProvider: Setting units automatically
02-28 09:09:47.364 13511 13544 D NavServiceProvider: Detecting stop. distance_d=222.70177. stop_type=1 speed=7.5
02-28 09:09:47.365 13511 13544 D NavigationTest: 1052: (28.057324, -82.412539, 7.500000)	R:false  F:false
02-28 09:09:47.365 13511 13544 D NavigationTest: 1053: (28.057324, -82.412539, 7.500000)	R:false  F:false
02-28 09:09:47.365 13511 13544 D NavServiceProvider: Second to last stop coordinates: 28.059175, -82.413421
02-28 09:09:47.365 13511 13544 D NavServiceProvider: Setting units automatically
02-28 09:09:47.366 13511 13544 D NavServiceProvider: Detecting stop. distance_d=220.23761. stop_type=1 speed=7.5
02-28 09:09:47.366 13511 13544 D NavigationTest: 1054: (28.057313, -82.412638, 7.500000)	R:false  F:false
02-28 09:09:47.366 13511 13544 D NavigationTest: 1055: (28.057313, -82.412638, 7.500000)	R:false  F:false
02-28 09:09:47.366 13511 13544 D NavServiceProvider: Second to last stop coordinates: 28.059175, -82.413421
02-28 09:09:47.366 13511 13544 D NavServiceProvider: Setting units automatically
02-28 09:09:47.367 13511 13544 D NavServiceProvider: Detecting stop. distance_d=217.65805. stop_type=1 speed=5.5
02-28 09:09:47.367 13511 13544 D NavigationTest: 1056: (28.057318, -82.412700, 5.500000)	R:false  F:false
02-28 09:09:47.367 13511 13544 D NavServiceProvider: Second to last stop coordinates: 28.059175, -82.413421
02-28 09:09:47.368 13511 13544 D NavServiceProvider: Setting units automatically
02-28 09:09:47.369 13511 13544 D NavServiceProvider: Detecting stop. distance_d=216.58446. stop_type=1 speed=4.75
02-28 09:09:47.369 13511 13544 D NavigationTest: 1057: (28.057309, -82.412766, 4.750000)	R:false  F:false
02-28 09:09:47.369 13511 13544 D NavigationTest: 1058: (28.057309, -82.412766, 4.750000)	R:false  F:false
02-28 09:09:47.369 13511 13544 D NavServiceProvider: Second to last stop coordinates: 28.059175, -82.413421
02-28 09:09:47.369 13511 13544 D NavServiceProvider: Setting units automatically
02-28 09:09:47.370 13511 13544 D NavServiceProvider: Detecting stop. distance_d=214.6939. stop_type=1 speed=4.5
02-28 09:09:47.370 13511 13544 D NavigationTest: 1059: (28.057313, -82.412818, 4.500000)	R:false  F:false
02-28 09:09:47.370 13511 13544 D NavServiceProvider: Second to last stop coordinates: 28.059175, -82.413421
02-28 09:09:47.371 13511 13544 D NavServiceProvider: Setting units automatically
02-28 09:09:47.372 13511 13544 D NavServiceProvider: Detecting stop. distance_d=215.252. stop_type=1 speed=3.75
02-28 09:09:47.372 13511 13544 D NavigationTest: 1060: (28.057304, -82.412833, 3.750000)	R:false  F:false
02-28 09:09:47.372 13511 13544 D NavigationTest: 1061: (28.057304, -82.412833, 3.750000)	R:false  F:false
02-28 09:09:47.372 13511 13544 D NavServiceProvider: Second to last stop coordinates: 28.059175, -82.413421
02-28 09:09:47.372 13511 13544 D NavServiceProvider: Setting units automatically
02-28 09:09:47.373 13511 13544 D NavServiceProvider: Detecting stop. distance_d=213.86737. stop_type=1 speed=4.25
02-28 09:09:47.373 13511 13544 D NavigationTest: 1062: (28.057300, -82.412906, 4.250000)	R:false  F:false
02-28 09:09:47.373 13511 13544 D NavigationTest: 1063: (28.057300, -82.412906, 4.250000)	R:false  F:false
02-28 09:09:47.373 13511 13544 D NavServiceProvider: Second to last stop coordinates: 28.059175, -82.413421
02-28 09:09:47.374 13511 13544 D NavServiceProvider: Setting units automatically
02-28 09:09:47.375 13511 13544 D NavServiceProvider: Detecting stop. distance_d=213.73077. stop_type=1 speed=2.5
02-28 09:09:47.375 13511 13544 D NavigationTest: 1064: (28.057296, -82.412931, 2.500000)	R:false  F:false
02-28 09:09:47.375 13511 13544 D NavigationTest: 1065: (28.057296, -82.412931, 2.500000)	R:false  F:false
02-28 09:09:47.375 13511 13544 D NavServiceProvider: Second to last stop coordinates: 28.059175, -82.413421
02-28 09:09:47.375 13511 13544 D NavServiceProvider: Setting units automatically
02-28 09:09:47.376 13511 13544 D NavServiceProvider: Detecting stop. distance_d=209.60313. stop_type=1 speed=2.25
02-28 09:09:47.376 13511 13544 D NavigationTest: 1066: (28.057327, -82.412967, 2.250000)	R:false  F:false
02-28 09:09:47.376 13511 13544 D NavigationTest: 1067: (28.057327, -82.412967, 2.250000)	R:false  F:false
02-28 09:09:47.376 13511 13544 D NavServiceProvider: Second to last stop coordinates: 28.059175, -82.413421
02-28 09:09:47.377 13511 13544 D NavServiceProvider: Setting units automatically
02-28 09:09:47.378 13511 13544 D NavServiceProvider: Detecting stop. distance_d=209.86841. stop_type=1 speed=0.0
02-28 09:09:47.378 13511 13544 D NavigationTest: 1068: (28.057332, -82.412930, 0.000000)	R:false  F:false
02-28 09:09:47.378 13511 13544 D NavigationTest: 1069: (28.057332, -82.412930, 0.000000)	R:false  F:false
02-28 09:09:47.378 13511 13544 D NavServiceProvider: Second to last stop coordinates: 28.059175, -82.413421
02-28 09:09:47.378 13511 13544 D NavServiceProvider: Setting units automatically
02-28 09:09:47.379 13511 13544 D NavServiceProvider: Detecting stop. distance_d=209.90216. stop_type=1 speed=0.25
02-28 09:09:47.379 13511 13544 D NavigationTest: 1070: (28.057329, -82.412943, 0.250000)	R:false  F:false
02-28 09:09:47.379 13511 13544 D NavigationTest: 1071: (28.057329, -82.412943, 0.250000)	R:false  F:false
02-28 09:09:47.379 13511 13544 D NavServiceProvider: Second to last stop coordinates: 28.059175, -82.413421
02-28 09:09:47.380 13511 13544 D NavServiceProvider: Setting units automatically
02-28 09:09:47.381 13511 13544 D NavServiceProvider: Detecting stop. distance_d=209.36061. stop_type=1 speed=0.75
02-28 09:09:47.381 13511 13544 D NavigationTest: 1072: (28.057331, -82.412958, 0.750000)	R:false  F:false
02-28 09:09:47.381 13511 13544 D NavServiceProvider: Second to last stop coordinates: 28.059175, -82.413421
02-28 09:09:47.381 13511 13544 D NavServiceProvider: Setting units automatically
02-28 09:09:47.382 13511 13544 D NavServiceProvider: Detecting stop. distance_d=209.0408. stop_type=1 speed=2.0
02-28 09:09:47.382 13511 13544 D NavigationTest: 1073: (28.057332, -82.412968, 2.000000)	R:false  F:false
02-28 09:09:47.382 13511 13544 D NavigationTest: 1074: (28.057332, -82.412968, 2.000000)	R:false  F:false
02-28 09:09:47.382 13511 13544 D NavServiceProvider: Second to last stop coordinates: 28.059175, -82.413421
02-28 09:09:47.382 13511 13544 D NavServiceProvider: Setting units automatically
02-28 09:09:47.383 13511 13544 D NavServiceProvider: Detecting stop. distance_d=208.48224. stop_type=1 speed=2.0
02-28 09:09:47.383 13511 13544 D NavigationTest: 1075: (28.057333, -82.412990, 2.000000)	R:false  F:false
02-28 09:09:47.384 13511 13544 D NavServiceProvider: Second to last stop coordinates: 28.059175, -82.413421
02-28 09:09:47.384 13511 13544 D NavServiceProvider: Setting units automatically
02-28 09:09:47.385 13511 13544 D NavServiceProvider: Detecting stop. distance_d=207.24112. stop_type=1 speed=1.75
02-28 09:09:47.385 13511 13544 D NavigationTest: 1076: (28.057341, -82.413009, 1.750000)	R:false  F:false
02-28 09:09:47.385 13511 13544 D NavigationTest: 1077: (28.057341, -82.413009, 1.750000)	R:false  F:false
02-28 09:09:47.385 13511 13544 D NavServiceProvider: Second to last stop coordinates: 28.059175, -82.413421
02-28 09:09:47.385 13511 13544 D NavServiceProvider: Setting units automatically
02-28 09:09:47.386 13511 13544 D NavServiceProvider: Detecting stop. distance_d=206.65007. stop_type=1 speed=1.5
02-28 09:09:47.386 13511 13544 D NavigationTest: 1078: (28.057344, -82.413023, 1.500000)	R:false  F:false
02-28 09:09:47.386 13511 13544 D NavigationTest: 1079: (28.057344, -82.413023, 1.500000)	R:false  F:false
02-28 09:09:47.386 13511 13544 D NavServiceProvider: Second to last stop coordinates: 28.059175, -82.413421
02-28 09:09:47.387 13511 13544 D NavServiceProvider: Setting units automatically
02-28 09:09:47.388 13511 13544 D NavServiceProvider: Detecting stop. distance_d=205.59496. stop_type=1 speed=1.5
02-28 09:09:47.388 13511 13544 D NavigationTest: 1080: (28.057352, -82.413033, 1.500000)	R:false  F:false
02-28 09:09:47.388 13511 13544 D NavigationTest: 1081: (28.057352, -82.413033, 1.500000)	R:false  F:false
02-28 09:09:47.388 13511 13544 D NavServiceProvider: Second to last stop coordinates: 28.059175, -82.413421
02-28 09:09:47.388 13511 13544 D NavServiceProvider: Setting units automatically
02-28 09:09:47.389 13511 13544 D NavServiceProvider: Detecting stop. distance_d=204.03401. stop_type=1 speed=1.75
02-28 09:09:47.389 13511 13544 D NavigationTest: 1082: (28.057365, -82.413041, 1.750000)	R:false  F:false
02-28 09:09:47.389 13511 13544 D NavigationTest: 1083: (28.057365, -82.413041, 1.750000)	R:false  F:false
02-28 09:09:47.389 13511 13544 D NavServiceProvider: Second to last stop coordinates: 28.059175, -82.413421
02-28 09:09:47.390 13511 13544 D NavServiceProvider: Setting units automatically
02-28 09:09:47.391 13511 13544 D NavServiceProvider: Detecting stop. distance_d=201.82039. stop_type=1 speed=2.25
02-28 09:09:47.391 13511 13544 D NavigationTest: 1084: (28.057384, -82.413049, 2.250000)	R:false  F:false
02-28 09:09:47.391 13511 13544 D NavServiceProvider: Second to last stop coordinates: 28.059175, -82.413421
02-28 09:09:47.391 13511 13544 D NavServiceProvider: Setting units automatically
02-28 09:09:47.393 13579 13766 D AudioTrack: stop(178): called with 27136 frames delivered
02-28 09:09:47.393 13579 13612 I SynthesisCache: streamCachedRequest call to callback.audioAvailable failed: -1
02-28 09:09:47.394 13579 13612 I GoogleTTSServiceImpl: Synthesis request for locale eng-USA and name en-US-language
02-28 09:09:47.394 13511 13544 D NavServiceProvider: -----Get ready!
02-28 09:09:47.395 13511 13544 D NavigationTest: 1085: (28.057421, -82.413060, 4.000000)	R:true  F:false
02-28 09:09:47.395 13511 13544 D NavServiceProvider: Second to last stop coordinates: 28.059175, -82.413421
02-28 09:09:47.395  2666  3413 D Avrcp_ext: AudioManager Player: ID:23 -- type:android.media.SoundPool -- u/pid:10126/2688 -- state:idle -- attr:AudioAttributes: usage=USAGE_ASSISTANCE_SONIFICATION content=CONTENT_TYPE_SONIFICATION flags=0x800 tags= bundle=null
02-28 09:09:47.395 13511 13544 D NavServiceProvider: Setting units automatically
02-28 09:09:47.395  2666  3413 D Avrcp_ext: AudioManager Player: ID:1271 -- type:android.media.AudioTrack -- u/pid:10088/13579 -- state:stopped -- attr:AudioAttributes: usage=USAGE_MEDIA content=CONTENT_TYPE_SPEECH flags=0x800 tags= bundle=null
02-28 09:09:47.395  2666  3413 D Avrcp_ext: AudioManager Player: ID:15 -- type:android.media.SoundPool -- u/pid:1000/1493 -- state:idle -- attr:AudioAttributes: usage=USAGE_ASSISTANCE_SONIFICATION content=CONTENT_TYPE_SONIFICATION flags=0x800 tags= bundle=null
02-28 09:09:47.395  2666  3413 D Avrcp_ext: AudioManager isPlaying: false
02-28 09:09:47.395  2666  3413 V Avrcp_ext: updateCurrentMediaState: mMediaController: null
02-28 09:09:47.396 13579 13612 I GoogleTTSServiceImpl: TTS dispatch: en-us-x-iog-seanet-embedded
02-28 09:09:47.396 13511 13544 D NavServiceProvider: Detecting stop. distance_d=197.59222. stop_type=1 speed=4.0
02-28 09:09:47.396 13511 13544 D NavigationTest: 1085: (28.057421, -82.413060, 4.000000)	R:true  F:false
02-28 09:09:47.396 13511 13544 D NavigationTest: 1086: (28.057421, -82.413060, 4.000000)	R:true  F:false
02-28 09:09:47.396 13511 13544 D NavServiceProvider: Second to last stop coordinates: 28.059175, -82.413421
02-28 09:09:47.397 13511 13544 D NavServiceProvider: Setting units automatically
02-28 09:09:47.397  2666  3413 V Avrcp_ext: isMusicActive: true getBluetoothPlayState: 2
02-28 09:09:47.397  2666  3413 V Avrcp_ext: updateCurrentMediaState: isPlaying = false
02-28 09:09:47.397  2666  3413 V Avrcp_ext: Media update: id -1➡-1? [MediaAttributes: none] : [MediaAttributes: none]
02-28 09:09:47.397  2666  3413 V Avrcp_ext: newPlayStatus:2mReportedPlayStatus:-1
02-28 09:09:47.397  2666  3413 V Avrcp_ext: updatePlaybackState, state: PlaybackState {state=2, position=-1, buffered position=0, speed=0.0, updated=1790728, actions=0, custom actions=[], active item id=-1, error=null} device: null
02-28 09:09:47.397  2666  3413 V Avrcp_ext: Device: no name:
02-28 09:09:47.397  2666  3413 I chatty  : uid=1002(bluetooth) BluetoothAvrcpH identical 3 lines
02-28 09:09:47.397  2666  3413 V Avrcp_ext: Device: no name:
02-28 09:09:47.397  2666  3413 V Avrcp_ext: updatePlayerStateAndPosition, old=PlaybackState {state=2, position=-1, buffered position=0, speed=0.0, updated=1789742, actions=0, custom actions=[], active item id=-1, error=null}, state=PlaybackState {state=2, position=-1, buffered position=0, speed=0.0, updated=1790728, actions=0, custom actions=[], active item id=-1, error=null}
02-28 09:09:47.397  2666  3413 V Avrcp_ext: old state = PlaybackState {state=2, position=-1, buffered position=0, speed=0.0, updated=1789742, actions=0, custom actions=[], active item id=-1, error=null}, new state= PlaybackState {state=2, position=-1, buffered position=0, speed=0.0, updated=1790728, actions=0, custom actions=[], active item id=-1, error=null}
02-28 09:09:47.398  2666  3413 D HeadsetService: getHeadsetService(): returning com.android.bluetooth.hfp.HeadsetService@8a04d28
02-28 09:09:47.398  2666  3413 D HeadsetService:  isAudioOn: The number of audio connected devices 0
02-28 09:09:47.398  2666  3413 D HeadsetService: isScoOrCallActive(): Call Active:falseCall is Ringing:falseSCO is Active:false
02-28 09:09:47.398 13511 13544 D NavServiceProvider: Detecting stop. distance_d=191.0731. stop_type=1 speed=5.75
02-28 09:09:47.398 13511 13544 D NavigationTest: 1087: (28.057480, -82.413065, 5.750000)	R:true  F:false
02-28 09:09:47.398 13511 13544 D NavServiceProvider: Second to last stop coordinates: 28.059175, -82.413421
02-28 09:09:47.398  2666  3413 D HeadsetService:  isAudioOn: The number of audio connected devices 0
02-28 09:09:47.398  2666  3413 I Avrcp_ext: updatePlayStatusForDevice: device: null
02-28 09:09:47.398  2666  3413 V Avrcp_ext: updatePlaybackState (1): old=PlaybackState {state=2, position=-1, buffered position=0, speed=0.0, updated=1789742, actions=0, custom actions=[], active item id=-1, error=null}(2), new=PlaybackState {state=2, position=-1, buffered position=0, speed=0.0, updated=1790728, actions=0, custom actions=[], active item id=-1, error=null}(2)
02-28 09:09:47.398  2666  3413 I Avrcp_ext: Exit updatePlayStatusForDevice
02-28 09:09:47.398  2666  3413 D HeadsetService:  isAudioOn: The number of audio connected devices 0
02-28 09:09:47.398  2666  3413 D HeadsetService: isScoOrCallActive(): Call Active:falseCall is Ringing:falseSCO is Active:false
02-28 09:09:47.398  2666  3413 D HeadsetService:  isAudioOn: The number of audio connected devices 0
02-28 09:09:47.398  2666  3413 I Avrcp_ext: updatePlayStatusForDevice: device: null
02-28 09:09:47.398  2666  3413 V Avrcp_ext: updatePlaybackState (1): old=PlaybackState {state=2, position=-1, buffered position=0, speed=0.0, updated=1789742, actions=0, custom actions=[], active item id=-1, error=null}(2), new=PlaybackState {state=2, position=-1, buffered position=0, speed=0.0, updated=1790728, actions=0, custom actions=[], active item id=-1, error=null}(2)
02-28 09:09:47.398 13511 13544 D NavServiceProvider: Setting units automatically
02-28 09:09:47.398  2666  3413 I Avrcp_ext: Exit updatePlayStatusForDevice
02-28 09:09:47.399  2666  3413 D HeadsetService:  isAudioOn: The number of audio connected devices 0
02-28 09:09:47.399  2666  3413 D HeadsetService: isScoOrCallActive(): Call Active:falseCall is Ringing:falseSCO is Active:false
02-28 09:09:47.399  2666  3413 D HeadsetService:  isAudioOn: The number of audio connected devices 0
02-28 09:09:47.399  2666  3413 I Avrcp_ext: updatePlayStatusForDevice: device: null
02-28 09:09:47.399  2666  3413 V Avrcp_ext: updatePlaybackState (1): old=PlaybackState {state=2, position=-1, buffered position=0, speed=0.0, updated=1789742, actions=0, custom actions=[], active item id=-1, error=null}(2), new=PlaybackState {state=2, position=-1, buffered position=0, speed=0.0, updated=1790728, actions=0, custom actions=[], active item id=-1, error=null}(2)
02-28 09:09:47.399  2666  3413 I Avrcp_ext: Exit updatePlayStatusForDevice
02-28 09:09:47.399  2666  3413 D HeadsetService:  isAudioOn: The number of audio connected devices 0
02-28 09:09:47.399  2666  3413 D HeadsetService: isScoOrCallActive(): Call Active:falseCall is Ringing:falseSCO is Active:false
02-28 09:09:47.399  2666  3413 D HeadsetService:  isAudioOn: The number of audio connected devices 0
02-28 09:09:47.399  2666  3413 I Avrcp_ext: updatePlayStatusForDevice: device: null
02-28 09:09:47.399  2666  3413 V Avrcp_ext: updatePlaybackState (1): old=PlaybackState {state=2, position=-1, buffered position=0, speed=0.0, updated=1789742, actions=0, custom actions=[], active item id=-1, error=null}(2), new=PlaybackState {state=2, position=-1, buffered position=0, speed=0.0, updated=1790728, actions=0, custom actions=[], active item id=-1, error=null}(2)
02-28 09:09:47.399  2666  3413 I Avrcp_ext: Exit updatePlayStatusForDevice
02-28 09:09:47.399  2666  3413 D HeadsetService:  isAudioOn: The number of audio connected devices 0
02-28 09:09:47.399  2666  3413 D HeadsetService: isScoOrCallActive(): Call Active:falseCall is Ringing:falseSCO is Active:false
02-28 09:09:47.399  2666  3413 D HeadsetService:  isAudioOn: The number of audio connected devices 0
02-28 09:09:47.399  2666  3413 I Avrcp_ext: updatePlayStatusForDevice: device: null
02-28 09:09:47.399  2666  3413 V Avrcp_ext: updatePlaybackState (1): old=PlaybackState {state=2, position=-1, buffered position=0, speed=0.0, updated=1789742, actions=0, custom actions=[], active item id=-1, error=null}(2), new=PlaybackState {state=2, position=-1, buffered position=0, speed=0.0, updated=1790728, actions=0, custom actions=[], active item id=-1, error=null}(2)
02-28 09:09:47.399  2666  3413 I Avrcp_ext: Exit updatePlayStatusForDevice
02-28 09:09:47.399  2666  3413 D Avrcp_ext: Enter sendPlayPosNotificationRsp
02-28 09:09:47.399  2666  3413 D Avrcp_ext: sendPlayPosNotificationRsp: Not registered or requesting.
02-28 09:09:47.399  2666  3413 D Avrcp_ext: Enter sendPlayPosNotificationRsp
02-28 09:09:47.399  2666  3413 D Avrcp_ext: sendPlayPosNotificationRsp: Not registered or requesting.
02-28 09:09:47.399  2666  3413 D Avrcp_ext: Enter sendPlayPosNotificationRsp
02-28 09:09:47.399  2666  3413 D Avrcp_ext: sendPlayPosNotificationRsp: Not registered or requesting.
02-28 09:09:47.399  2666  3413 D Avrcp_ext: Enter sendPlayPosNotificationRsp
02-28 09:09:47.399  2666  3413 D Avrcp_ext: sendPlayPosNotificationRsp: Not registered or requesting.
02-28 09:09:47.399  2666  3413 D Avrcp_ext: Enter sendPlayPosNotificationRsp
02-28 09:09:47.399  2666  3413 D Avrcp_ext: sendPlayPosNotificationRsp: Not registered or requesting.
02-28 09:09:47.399  2666  3413 V Avrcp_ext: Exit updatePlayerStateAndPosition
02-28 09:09:47.400 13511 13544 D NavServiceProvider: Detecting stop. distance_d=183.73882. stop_type=1 speed=6.75
02-28 09:09:47.400 13511 13544 D NavigationTest: 1088: (28.057557, -82.413013, 6.750000)	R:true  F:false
02-28 09:09:47.400 13511 13544 D NavigationTest: 1089: (28.057557, -82.413013, 6.750000)	R:true  F:false
02-28 09:09:47.400 13511 13544 D NavServiceProvider: Second to last stop coordinates: 28.059175, -82.413421
02-28 09:09:47.400 13511 13544 D NavServiceProvider: Setting units automatically
02-28 09:09:47.401 13511 13544 D NavServiceProvider: Detecting stop. distance_d=175.13829. stop_type=1 speed=7.75
02-28 09:09:47.401 13511 13544 D NavigationTest: 1090: (28.057636, -82.413016, 7.750000)	R:true  F:false
02-28 09:09:47.401 13511 13544 D NavServiceProvider: Second to last stop coordinates: 28.059175, -82.413421
02-28 09:09:47.402 13511 13544 D NavServiceProvider: Setting units automatically
02-28 09:09:47.403 13511 13544 D NavServiceProvider: Detecting stop. distance_d=167.83926. stop_type=1 speed=8.25
02-28 09:09:47.403 13511 13544 D NavigationTest: 1091: (28.057702, -82.413024, 8.250000)	R:true  F:false
02-28 09:09:47.403 13511 13544 D NavigationTest: 1092: (28.057702, -82.413024, 8.250000)	R:true  F:false
02-28 09:09:47.403 13511 13544 D NavServiceProvider: Second to last stop coordinates: 28.059175, -82.413421
02-28 09:09:47.403 13511 13544 D NavServiceProvider: Setting units automatically
02-28 09:09:47.405 13511 13544 D NavServiceProvider: Detecting stop. distance_d=159.76253. stop_type=1 speed=8.5
02-28 09:09:47.405 13511 13544 D NavigationTest: 1093: (28.057780, -82.413011, 8.500000)	R:true  F:false
02-28 09:09:47.405 13511 13544 D NavigationTest: 1094: (28.057780, -82.413011, 8.500000)	R:true  F:false
02-28 09:09:47.405 13511 13544 D NavServiceProvider: Second to last stop coordinates: 28.059175, -82.413421
02-28 09:09:47.405 13511 13544 D NavServiceProvider: Setting units automatically
02-28 09:09:47.406  2666  3413 D Avrcp_ext: AudioManager Player: ID:23 -- type:android.media.SoundPool -- u/pid:10126/2688 -- state:idle -- attr:AudioAttributes: usage=USAGE_ASSISTANCE_SONIFICATION content=CONTENT_TYPE_SONIFICATION flags=0x800 tags= bundle=null
02-28 09:09:47.406  2666  3413 D Avrcp_ext: AudioManager Player: ID:15 -- type:android.media.SoundPool -- u/pid:1000/1493 -- state:idle -- attr:AudioAttributes: usage=USAGE_ASSISTANCE_SONIFICATION content=CONTENT_TYPE_SONIFICATION flags=0x800 tags= bundle=null
02-28 09:09:47.406  2666  3413 D Avrcp_ext: AudioManager isPlaying: false
02-28 09:09:47.406 13511 13544 D NavServiceProvider: Detecting stop. distance_d=151.54938. stop_type=1 speed=9.0
02-28 09:09:47.406 13511 13544 D NavigationTest: 1095: (28.057856, -82.413014, 9.000000)	R:true  F:false
02-28 09:09:47.406 13511 13544 D NavigationTest: 1096: (28.057856, -82.413014, 9.000000)	R:true  F:false
02-28 09:09:47.406 13511 13544 D NavServiceProvider: Second to last stop coordinates: 28.059175, -82.413421
02-28 09:09:47.407 13511 13544 D NavServiceProvider: Setting units automatically
02-28 09:09:47.408 13511 13544 D NavServiceProvider: Detecting stop. distance_d=140.45189. stop_type=1 speed=9.5
02-28 09:09:47.408 13511 13544 D NavigationTest: 1097: (28.057955, -82.413034, 9.500000)	R:true  F:false
02-28 09:09:47.408 13511 13544 D NavServiceProvider: Second to last stop coordinates: 28.059175, -82.413421
02-28 09:09:47.408 13511 13544 D NavServiceProvider: Setting units automatically
02-28 09:09:47.410 13511 13544 D NavServiceProvider: Detecting stop. distance_d=130.97107. stop_type=1 speed=10.0
02-28 09:09:47.410 13511 13544 D NavigationTest: 1098: (28.058042, -82.413042, 10.000000)	R:true  F:false
02-28 09:09:47.410 13511 13544 D NavigationTest: 1099: (28.058042, -82.413042, 10.000000)	R:true  F:false
02-28 09:09:47.410 13511 13544 D NavServiceProvider: Second to last stop coordinates: 28.059175, -82.413421
02-28 09:09:47.410 13511 13544 D NavServiceProvider: Setting units automatically
02-28 09:09:47.411 13511 13544 D NavServiceProvider: Detecting stop. distance_d=121.94074. stop_type=1 speed=10.25
02-28 09:09:47.412 13511 13544 D NavigationTest: 1100: (28.058129, -82.413036, 10.250000)	R:true  F:false
02-28 09:09:47.412 13511 13544 D NavigationTest: 1101: (28.058129, -82.413036, 10.250000)	R:true  F:false
02-28 09:09:47.412 13511 13544 D NavServiceProvider: Second to last stop coordinates: 28.059175, -82.413421
02-28 09:09:47.412 13511 13544 D NavServiceProvider: Setting units automatically
02-28 09:09:47.413 13511 13544 D NavServiceProvider: Detecting stop. distance_d=110.32092. stop_type=1 speed=10.5
02-28 09:09:47.413 13511 13544 D NavigationTest: 1102: (28.058238, -82.413042, 10.500000)	R:true  F:false
02-28 09:09:47.414 13511 13544 D NavigationTest: 1103: (28.058238, -82.413042, 10.500000)	R:true  F:false
02-28 09:09:47.414 13511 13544 D NavServiceProvider: Second to last stop coordinates: 28.059175, -82.413421
02-28 09:09:47.414 13511 13544 D NavServiceProvider: Setting units automatically
02-28 09:09:47.415 13511 13544 D NavServiceProvider: Detecting stop. distance_d=99.80432. stop_type=1 speed=10.25
02-28 09:09:47.415 13511 13544 D NavServiceProvider: Case 1: false
02-28 09:09:47.415 13511 13544 D NavigationTest: 1104: (28.058336, -82.413052, 10.250000)	R:true  F:false
02-28 09:09:47.415 13511 13544 D NavServiceProvider: Second to last stop coordinates: 28.059175, -82.413421
02-28 09:09:47.416 13511 13544 D NavServiceProvider: Setting units automatically
02-28 09:09:47.417 13511 13544 D NavServiceProvider: Detecting stop. distance_d=90.10027. stop_type=1 speed=9.75
02-28 09:09:47.417 13511 13544 D NavigationTest: 1105: (28.058430, -82.413054, 9.750000)	R:true  F:false
02-28 09:09:47.417 13511 13544 D NavigationTest: 1106: (28.058430, -82.413054, 9.750000)	R:true  F:false
02-28 09:09:47.417 13511 13544 D NavServiceProvider: Second to last stop coordinates: 28.059175, -82.413421
02-28 09:09:47.418 13511 13544 D NavServiceProvider: Setting units automatically
02-28 09:09:47.419 13511 13544 D NavServiceProvider: Detecting stop. distance_d=82.33885. stop_type=1 speed=9.5
02-28 09:09:47.419 13511 13544 D NavigationTest: 1107: (28.058508, -82.413052, 9.500000)	R:true  F:false
02-28 09:09:47.419 13511 13544 D NavServiceProvider: Second to last stop coordinates: 28.059175, -82.413421
02-28 09:09:47.420 13511 13544 D NavServiceProvider: Setting units automatically
02-28 09:09:47.421 13511 13544 D NavServiceProvider: Detecting stop. distance_d=73.372. stop_type=1 speed=9.25
02-28 09:09:47.421 13511 13544 D NavigationTest: 1108: (28.058597, -82.413057, 9.250000)	R:true  F:false
02-28 09:09:47.421 13511 13544 D NavigationTest: 1109: (28.058597, -82.413057, 9.250000)	R:true  F:false
02-28 09:09:47.421 13511 13544 D NavServiceProvider: Second to last stop coordinates: 28.059175, -82.413421
02-28 09:09:47.422 13511 13544 D NavServiceProvider: Setting units automatically
02-28 09:09:47.423 13511 13544 D NavServiceProvider: Detecting stop. distance_d=64.8588. stop_type=1 speed=9.0
02-28 09:09:47.423 13511 13544 D NavigationTest: 1110: (28.058680, -82.413069, 9.000000)	R:true  F:false
02-28 09:09:47.423 13511 13544 D NavServiceProvider: Second to last stop coordinates: 28.059175, -82.413421
02-28 09:09:47.423 13511 13544 D NavServiceProvider: Setting units automatically
02-28 09:09:47.425 13511 13544 D NavServiceProvider: Detecting stop. distance_d=58.41356. stop_type=1 speed=8.75
02-28 09:09:47.425 13511 13544 D NavigationTest: 1111: (28.058751, -82.413068, 8.750000)	R:true  F:false
02-28 09:09:47.425 13511 13544 D NavigationTest: 1112: (28.058751, -82.413068, 8.750000)	R:true  F:false
02-28 09:09:47.425 13511 13544 D NavServiceProvider: Second to last stop coordinates: 28.059175, -82.413421
02-28 09:09:47.425 13511 13544 D NavServiceProvider: Setting units automatically
02-28 09:09:47.426 13511 13544 D NavServiceProvider: Detecting stop. distance_d=52.45659. stop_type=1 speed=8.5
02-28 09:09:47.427 13511 13544 D NavigationTest: 1113: (28.058824, -82.413063, 8.500000)	R:true  F:false
02-28 09:09:47.427 13511 13544 D NavigationTest: 1114: (28.058824, -82.413063, 8.500000)	R:true  F:false
02-28 09:09:47.427 13511 13544 D NavServiceProvider: Second to last stop coordinates: 28.059175, -82.413421
02-28 09:09:47.427 13511 13544 D NavServiceProvider: Setting units automatically
02-28 09:09:47.428 13511 13544 D NavServiceProvider: Detecting stop. distance_d=46.928284. stop_type=1 speed=7.75
02-28 09:09:47.428 13511 13544 D NavServiceProvider: Case 2: false
02-28 09:09:47.428 13511 13544 D NavigationTest: 1115: (28.058888, -82.413070, 7.750000)	R:true  F:false
02-28 09:09:47.428 13511 13544 D NavServiceProvider: Second to last stop coordinates: 28.059175, -82.413421
02-28 09:09:47.429 13511 13544 D NavServiceProvider: Setting units automatically
02-28 09:09:47.430 13511 13544 D NavServiceProvider: Detecting stop. distance_d=42.751114. stop_type=1 speed=7.0
02-28 09:09:47.430 13511 13544 D NavigationTest: 1116: (28.058956, -82.413063, 7.000000)	R:true  F:false
02-28 09:09:47.430 13511 13544 D NavigationTest: 1117: (28.058956, -82.413063, 7.000000)	R:true  F:false
02-28 09:09:47.431 13511 13544 D NavServiceProvider: Second to last stop coordinates: 28.059175, -82.413421
02-28 09:09:47.431 13511 13544 D NavServiceProvider: Setting units automatically
02-28 09:09:47.433 13511 13544 D NavServiceProvider: Detecting stop. distance_d=41.533512. stop_type=1 speed=5.75
02-28 09:09:47.433 13511 13544 D NavigationTest: 1118: (28.058999, -82.413048, 5.750000)	R:true  F:false
02-28 09:09:47.433 13511 13544 D NavigationTest: 1119: (28.058999, -82.413048, 5.750000)	R:true  F:false
02-28 09:09:47.433 13511 13544 D NavServiceProvider: Second to last stop coordinates: 28.059175, -82.413421
02-28 09:09:47.433 13511 13544 D NavServiceProvider: Setting units automatically
02-28 09:09:47.435 13511 13544 D NavServiceProvider: Detecting stop. distance_d=40.287067. stop_type=1 speed=5.5
02-28 09:09:47.435 13511 13544 D NavigationTest: 1120: (28.059058, -82.413033, 5.500000)	R:true  F:false
02-28 09:09:47.435 13511 13544 D NavigationTest: 1121: (28.059058, -82.413033, 5.500000)	R:true  F:false
02-28 09:09:47.435 13511 13544 D NavServiceProvider: Second to last stop coordinates: 28.059175, -82.413421
02-28 09:09:47.435 13511 13544 D NavServiceProvider: Setting units automatically
02-28 09:09:47.437 13511 13544 D NavServiceProvider: Detecting stop. distance_d=40.059807. stop_type=1 speed=5.5
02-28 09:09:47.437 13511 13544 D NavigationTest: 1122: (28.059106, -82.413021, 5.500000)	R:true  F:false
02-28 09:09:47.437 13511 13544 D NavServiceProvider: Second to last stop coordinates: 28.059175, -82.413421
02-28 09:09:47.437 13511 13544 D NavServiceProvider: Setting units automatically
02-28 09:09:47.438 13511 13544 D NavServiceProvider: Detecting stop. distance_d=40.796783. stop_type=1 speed=4.5
02-28 09:09:47.438 13511 13544 D NavigationTest: 1123: (28.059139, -82.413008, 4.500000)	R:true  F:false
02-28 09:09:47.438 13511 13544 D NavigationTest: 1124: (28.059139, -82.413008, 4.500000)	R:true  F:false
02-28 09:09:47.438 13511 13544 D NavServiceProvider: Second to last stop coordinates: 28.059175, -82.413421
02-28 09:09:47.439 13511 13544 D NavServiceProvider: Setting units automatically
02-28 09:09:47.440 13511 13544 D NavServiceProvider: Detecting stop. distance_d=42.57447. stop_type=1 speed=4.25
02-28 09:09:47.440 13511 13544 D NavigationTest: 1125: (28.059168, -82.412988, 4.250000)	R:true  F:false
02-28 09:09:47.440 13511 13544 D NavigationTest: 1126: (28.059168, -82.412988, 4.250000)	R:true  F:false
02-28 09:09:47.440 13511 13544 D NavServiceProvider: Second to last stop coordinates: 28.059175, -82.413421
02-28 09:09:47.440 13511 13544 D NavServiceProvider: Setting units automatically
02-28 09:09:47.442 13511 13544 D NavServiceProvider: Detecting stop. distance_d=42.812824. stop_type=1 speed=4.0
02-28 09:09:47.442 13511 13544 D NavigationTest: 1127: (28.059207, -82.412987, 4.000000)	R:true  F:false
02-28 09:09:47.442 13511 13544 D NavigationTest: 1128: (28.059207, -82.412987, 4.000000)	R:true  F:false
02-28 09:09:47.442 13511 13544 D NavServiceProvider: Second to last stop coordinates: 28.059175, -82.413421
02-28 09:09:47.442 13511 13544 D NavServiceProvider: Setting units automatically
02-28 09:09:47.443 13511 13544 D NavServiceProvider: Detecting stop. distance_d=43.74991. stop_type=1 speed=2.75
02-28 09:09:47.443 13511 13544 D NavigationTest: 1129: (28.059228, -82.412980, 2.750000)	R:true  F:false
02-28 09:09:47.443 13511 13544 D NavServiceProvider: Second to last stop coordinates: 28.059175, -82.413421
02-28 09:09:47.444 13511 13544 D NavServiceProvider: Setting units automatically
02-28 09:09:47.445 13511 13544 D NavServiceProvider: Detecting stop. distance_d=42.80369. stop_type=1 speed=1.5
02-28 09:09:47.445 13511 13544 D NavigationTest: 1130: (28.059241, -82.412992, 1.500000)	R:true  F:false
02-28 09:09:47.445 13511 13544 D NavigationTest: 1131: (28.059241, -82.412992, 1.500000)	R:true  F:false
02-28 09:09:47.445 13511 13544 D NavServiceProvider: Second to last stop coordinates: 28.059175, -82.413421
02-28 09:09:47.445 13511 13544 D NavServiceProvider: Setting units automatically
02-28 09:09:47.446 13511 13544 D NavServiceProvider: Detecting stop. distance_d=43.191193. stop_type=1 speed=0.0
02-28 09:09:47.446 13511 13544 D NavigationTest: 1132: (28.059241, -82.412988, 0.000000)	R:true  F:false
02-28 09:09:47.446 13511 13544 D NavServiceProvider: Second to last stop coordinates: 28.059175, -82.413421
02-28 09:09:47.446 13511 13544 D NavServiceProvider: Setting units automatically
02-28 09:09:47.447 13511 13544 D NavServiceProvider: Detecting stop. distance_d=44.239933. stop_type=1 speed=0.0
02-28 09:09:47.448 13511 13544 D NavigationTest: 1133: (28.059250, -82.412979, 0.000000)	R:true  F:false
02-28 09:09:47.448 13511 13544 D NavigationTest: 1134: (28.059250, -82.412979, 0.000000)	R:true  F:false
02-28 09:09:47.448 13511 13544 D NavServiceProvider: Second to last stop coordinates: 28.059175, -82.413421
02-28 09:09:47.448 13511 13544 D NavServiceProvider: Setting units automatically
02-28 09:09:47.449 13511 13544 D NavServiceProvider: Detecting stop. distance_d=73.64241. stop_type=1 speed=0.0
02-28 09:09:47.449 13511 13544 D NavigationTest: 1135: (28.059772, -82.413092, 0.000000)	R:true  F:false
02-28 09:09:47.449 13511 13544 D NavServiceProvider: Second to last stop coordinates: 28.059175, -82.413421
02-28 09:09:47.449 13511 13544 D NavServiceProvider: Setting units automatically
02-28 09:09:47.451 13511 13544 D NavServiceProvider: Detecting stop. distance_d=45.49581. stop_type=1 speed=0.0
02-28 09:09:47.451 13511 13544 D NavigationTest: 1136: (28.059250, -82.412966, 0.000000)	R:true  F:false
02-28 09:09:47.451 13511 13544 D NavigationTest: 1137: (28.059250, -82.412966, 0.000000)	R:true  F:false
02-28 09:09:47.451 13511 13544 D NavServiceProvider: Second to last stop coordinates: 28.059175, -82.413421
02-28 09:09:47.451 13511 13544 D NavServiceProvider: Setting units automatically
02-28 09:09:47.453 13511 13544 D NavServiceProvider: Detecting stop. distance_d=46.350945. stop_type=1 speed=0.0
02-28 09:09:47.453 13511 13544 D NavigationTest: 1138: (28.059254, -82.412958, 0.000000)	R:true  F:false
02-28 09:09:47.453 13511 13544 D NavigationTest: 1139: (28.059254, -82.412958, 0.000000)	R:true  F:false
02-28 09:09:47.453 13511 13544 D NavServiceProvider: Second to last stop coordinates: 28.059175, -82.413421
02-28 09:09:47.453 13511 13544 D NavServiceProvider: Setting units automatically
02-28 09:09:47.454 13511 13544 D NavServiceProvider: Detecting stop. distance_d=46.489773. stop_type=1 speed=0.0
02-28 09:09:47.454 13511 13544 D NavigationTest: 1140: (28.059256, -82.412957, 0.000000)	R:true  F:false
02-28 09:09:47.454 13511 13544 D NavigationTest: 1141: (28.059256, -82.412957, 0.000000)	R:true  F:false
02-28 09:09:47.454 13511 13544 D NavServiceProvider: Second to last stop coordinates: 28.059175, -82.413421
02-28 09:09:47.455 13511 13544 D NavServiceProvider: Setting units automatically
02-28 09:09:47.456 13511 13544 D NavServiceProvider: Detecting stop. distance_d=46.629448. stop_type=1 speed=0.5
02-28 09:09:47.456 13511 13544 D NavigationTest: 1142: (28.059258, -82.412956, 0.500000)	R:true  F:false
02-28 09:09:47.456 13511 13544 D NavigationTest: 1143: (28.059258, -82.412956, 0.500000)	R:true  F:false
02-28 09:09:47.456 13511 13544 D NavServiceProvider: Second to last stop coordinates: 28.059175, -82.413421
02-28 09:09:47.456 13511 13544 D NavServiceProvider: Setting units automatically
02-28 09:09:47.457 13511 13544 D NavServiceProvider: Detecting stop. distance_d=47.658974. stop_type=1 speed=0.75
02-28 09:09:47.457 13511 13544 D NavigationTest: 1144: (28.059261, -82.412946, 0.750000)	R:true  F:false
02-28 09:09:47.457 13511 13544 D NavServiceProvider: Second to last stop coordinates: 28.059175, -82.413421
02-28 09:09:47.458 13511 13544 D NavServiceProvider: Setting units automatically
02-28 09:09:47.459 13511 13544 D NavServiceProvider: Detecting stop. distance_d=48.88141. stop_type=1 speed=1.0
02-28 09:09:47.459 13511 13544 D NavigationTest: 1145: (28.059264, -82.412934, 1.000000)	R:true  F:false
02-28 09:09:47.459 13511 13544 D NavigationTest: 1146: (28.059264, -82.412934, 1.000000)	R:true  F:false
02-28 09:09:47.459 13511 13544 D NavServiceProvider: Second to last stop coordinates: 28.059175, -82.413421
02-28 09:09:47.459 13511 13544 D NavServiceProvider: Setting units automatically
02-28 09:09:47.461 13511 13544 D NavServiceProvider: Detecting stop. distance_d=49.358463. stop_type=1 speed=1.25
02-28 09:09:47.461 13511 13544 D NavigationTest: 1147: (28.059276, -82.412932, 1.250000)	R:true  F:false
02-28 09:09:47.461 13511 13544 D NavServiceProvider: Second to last stop coordinates: 28.059175, -82.413421
02-28 09:09:47.461 13511 13544 D NavServiceProvider: Setting units automatically
02-28 09:09:47.462 13511 13544 D NavServiceProvider: Detecting stop. distance_d=48.64183. stop_type=1 speed=1.5
02-28 09:09:47.462 13511 13544 D NavigationTest: 1148: (28.059285, -82.412942, 1.500000)	R:true  F:false
02-28 09:09:47.462 13511 13544 D NavigationTest: 1149: (28.059285, -82.412942, 1.500000)	R:true  F:false
02-28 09:09:47.462 13511 13544 D NavServiceProvider: Second to last stop coordinates: 28.059175, -82.413421
02-28 09:09:47.463 13511 13544 D NavServiceProvider: Setting units automatically
02-28 09:09:47.464 13511 13544 D NavServiceProvider: Detecting stop. distance_d=47.828053. stop_type=1 speed=1.75
02-28 09:09:47.464 13511 13544 D NavigationTest: 1150: (28.059296, -82.412954, 1.750000)	R:true  F:false
02-28 09:09:47.464 13511 13544 D NavigationTest: 1151: (28.059296, -82.412954, 1.750000)	R:true  F:false
02-28 09:09:47.464 13511 13544 D NavServiceProvider: Second to last stop coordinates: 28.059175, -82.413421
02-28 09:09:47.464 13511 13544 D NavServiceProvider: Setting units automatically
02-28 09:09:47.465 13511 13544 D NavServiceProvider: Detecting stop. distance_d=46.88033. stop_type=1 speed=2.25
02-28 09:09:47.465 13511 13544 D NavigationTest: 1152: (28.059315, -82.412971, 2.250000)	R:true  F:false
02-28 09:09:47.465 13511 13544 D NavServiceProvider: Second to last stop coordinates: 28.059175, -82.413421
02-28 09:09:47.466 13511 13544 D NavServiceProvider: Setting units automatically
02-28 09:09:47.467 13511 13544 D NavServiceProvider: Detecting stop. distance_d=46.46078. stop_type=1 speed=3.0
02-28 09:09:47.467 13511 13544 D NavigationTest: 1153: (28.059343, -82.412988, 3.000000)	R:true  F:false
02-28 09:09:47.467 13511 13544 D NavigationTest: 1154: (28.059343, -82.412988, 3.000000)	R:true  F:false
02-28 09:09:47.467 13511 13544 D NavServiceProvider: Second to last stop coordinates: 28.059175, -82.413421
02-28 09:09:47.467 13511 13544 D NavServiceProvider: Setting units automatically
02-28 09:09:47.468 13511 13544 D NavServiceProvider: Detecting stop. distance_d=48.640945. stop_type=1 speed=6.0
02-28 09:09:47.468 13511 13544 D NavigationTest: 1155: (28.059422, -82.413012, 6.000000)	R:true  F:false
02-28 09:09:47.468 13511 13544 D NavigationTest: 1156: (28.059422, -82.413012, 6.000000)	R:true  F:false
02-28 09:09:47.468 13511 13544 D NavServiceProvider: Second to last stop coordinates: 28.059175, -82.413421
02-28 09:09:47.469 13511 13544 D NavServiceProvider: Setting units automatically
02-28 09:09:47.470 13511 13544 D NavServiceProvider: Detecting stop. distance_d=51.26623. stop_type=1 speed=6.5
02-28 09:09:47.470 13511 13544 D NavigationTest: 1157: (28.059476, -82.413025, 6.500000)	R:true  F:false
02-28 09:09:47.470 13511 13544 D NavServiceProvider: Second to last stop coordinates: 28.059175, -82.413421
02-28 09:09:47.470 13511 13544 D NavServiceProvider: Setting units automatically
02-28 09:09:47.471 13511 13544 D NavServiceProvider: Detecting stop. distance_d=55.504612. stop_type=1 speed=6.25
02-28 09:09:47.471 13511 13544 D NavigationTest: 1158: (28.059532, -82.413025, 6.250000)	R:true  F:false
02-28 09:09:47.472 13511 13544 D NavigationTest: 1159: (28.059532, -82.413025, 6.250000)	R:true  F:false
02-28 09:09:47.472 13511 13544 D NavServiceProvider: Second to last stop coordinates: 28.059175, -82.413421
02-28 09:09:47.472 13511 13544 D NavServiceProvider: Setting units automatically
02-28 09:09:47.473 13511 13544 D NavServiceProvider: Detecting stop. distance_d=59.516865. stop_type=1 speed=5.5
02-28 09:09:47.473 13511 13544 D NavigationTest: 1160: (28.059582, -82.413026, 5.500000)	R:true  F:false
02-28 09:09:47.473 13511 13544 D NavigationTest: 1161: (28.059582, -82.413026, 5.500000)	R:true  F:false
02-28 09:09:47.473 13511 13544 D NavServiceProvider: Second to last stop coordinates: 28.059175, -82.413421
02-28 09:09:47.473 13511 13544 D NavServiceProvider: Setting units automatically
02-28 09:09:47.474 13511 13544 D NavServiceProvider: Detecting stop. distance_d=63.287292. stop_type=1 speed=4.75
02-28 09:09:47.475 13511 13544 D NavigationTest: 1162: (28.059628, -82.413029, 4.750000)	R:true  F:false
02-28 09:09:47.475 13511 13544 D NavigationTest: 1163: (28.059628, -82.413029, 4.750000)	R:true  F:false
02-28 09:09:47.475 13511 13544 D NavServiceProvider: Second to last stop coordinates: 28.059175, -82.413421
02-28 09:09:47.475 13511 13544 D NavServiceProvider: Setting units automatically
02-28 09:09:47.476 13511 13544 D NavServiceProvider: Detecting stop. distance_d=65.42045. stop_type=1 speed=4.25
02-28 09:09:47.476 13511 13544 D NavigationTest: 1164: (28.059659, -82.413040, 4.250000)	R:true  F:false
02-28 09:09:47.476 13511 13544 D NavServiceProvider: Second to last stop coordinates: 28.059175, -82.413421
02-28 09:09:47.476 13511 13544 D NavServiceProvider: Setting units automatically
02-28 09:09:47.478 13511 13544 D NavServiceProvider: Detecting stop. distance_d=66.98429. stop_type=1 speed=4.25
02-28 09:09:47.478 13511 13544 D NavigationTest: 1165: (28.059692, -82.413068, 4.250000)	R:true  F:false
02-28 09:09:47.478 13511 13544 D NavigationTest: 1166: (28.059692, -82.413068, 4.250000)	R:true  F:false
02-28 09:09:47.478 13511 13544 D NavServiceProvider: Second to last stop coordinates: 28.059175, -82.413421
02-28 09:09:47.478 13511 13544 D NavServiceProvider: Setting units automatically
02-28 09:09:47.479 13511 13544 D NavServiceProvider: Detecting stop. distance_d=65.118866. stop_type=1 speed=3.25
02-28 09:09:47.479 13511 13544 D NavigationTest: 1167: (28.059689, -82.413100, 3.250000)	R:true  F:false
