02-28 09:09:38.967 13511 13544 I TestRunner: started: testTrip12(org.onebusaway.android.nav.test.NavigationTest)
02-28 09:09:38.968 13511 13511 I MonitoringInstr: Activities that are still in CREATED to STOPPED: 0
02-28 09:09:38.978 13511 13544 D NavServiceProvider: Creating NavigationServiceProvider...
02-28 09:09:38.978 13511 13544 D NavServiceProvider: Starting navigation for service
02-28 09:09:38.978 13511 13544 D NavServiceProvider: ProximityCalculator initializing...
02-28 09:09:38.978 13511 13544 D NavServiceProvider: Initializing ProximityCalculator
02-28 09:09:38.978 13511 13544 D NavServiceProvider: Number of path links: 1
02-28 09:09:38.978 13511 13544 D NavServiceProvider: Second to last stop coordinates: 28.07316, -82.426234
02-28 09:09:38.979 13511 13544 D NavServiceProvider: Setting units automatically
02-28 09:09:38.981 13511 13544 D NavServiceProvider: Detecting stop. distance_d=291.3174. stop_type=1 speed=0.0
02-28 09:09:38.981 13511 13544 D NavigationTest: 0: (28.075786, -82.426369, 0.000000)	R:false  F:false
02-28 09:09:38.981 13511 13544 D NavServiceProvider: Second to last stop coordinates: 28.07316, -82.426234
02-28 09:09:38.981 13511 13544 D NavServiceProvider: Setting units automatically
02-28 09:09:38.983 13511 13544 D NavServiceProvider: Detecting stop. distance_d=291.3174. stop_type=1 speed=0.0
02-28 09:09:38.983 13511 13544 D NavigationTest: 1: (28.075786, -82.426369, 0.000000)	R:false  F:false
02-28 09:09:38.983 13511 13544 D NavigationTest: 2: (28.075786, -82.426369, 0.000000)	R:false  F:false
02-28 09:09:38.983 13511 13544 D NavServiceProvider: Second to last stop coordinates: 28.07316, -82.426234
02-28 09:09:38.983 13511 13544 D NavServiceProvider: Setting units automatically
02-28 09:09:38.985 13511 13544 D NavServiceProvider: Detecting stop. distance_d=291.32645. stop_type=1 speed=0.0
02-28 09:09:38.985 13511 13544 D NavigationTest: 3: (28.075786, -82.426371, 0.000000)	R:false  F:false
02-28 09:09:38.985 13511 13544 D NavServiceProvider: Second to last stop coordinates: 28.07316, -82.426234
02-28 09:09:38.985 13511 13544 D NavServiceProvider: Setting units automatically
02-28 09:09:38.987 13511 13544 D NavServiceProvider: Detecting stop. distance_d=291.43713. stop_type=1 speed=0.0
02-28 09:09:38.987 13511 13544 D NavigationTest: 4: (28.075787, -82.426371, 0.000000)	R:false  F:false
02-28 09:09:38.987 13511 13544 D NavigationTest: 5: (28.075787, -82.426371, 0.000000)	R:false  F:false
02-28 09:09:38.987 13511 13544 D NavServiceProvider: Second to last stop coordinates: 28.07316, -82.426234
02-28 09:09:38.987 13511 13544 D NavServiceProvider: Setting units automatically
02-28 09:09:38.989 13511 13544 D NavServiceProvider: Detecting stop. distance_d=291.42813. stop_type=1 speed=0.0
02-28 09:09:38.989 13511 13544 D NavigationTest: 6: (28.075787, -82.426369, 0.000000)	R:false  F:false
02-28 09:09:38.989 13511 13544 D NavigationTest: 7: (28.075787, -82.426369, 0.000000)	R:false  F:false
02-28 09:09:38.989 13511 13544 D NavServiceProvider: Second to last stop coordinates: 28.07316, -82.426234
02-28 09:09:38.995 13511 13544 D NavServiceProvider: Setting units automatically
02-28 09:09:38.997 13579 13612 W EventProcessor: callback.start() returned error code: -1
02-28 09:09:38.998 13511 13544 D NavServiceProvider: Detecting stop. distance_d=292.8993. stop_type=1 speed=0.0
02-28 09:09:38.998 13511 13544 D NavigationTest: 8: (28.075800, -82.426376, 0.000000)	R:false  F:false
02-28 09:09:38.998 13511 13544 D NavigationTest: 9: (28.075800, -82.426376, 0.000000)	R:false  F:false
02-28 09:09:38.998 13511 13544 D NavigationTest: 10: (28.075800, -82.426376, 0.000000)	R:false  F:false
02-28 09:09:38.998 13511 13544 D NavServiceProvider: Second to last stop coordinates: 28.07316, -82.426234
02-28 09:09:38.999 13511 13544 D NavServiceProvider: Setting units automatically
02-28 09:09:39.000 13511 13544 D NavServiceProvider: Detecting stop. distance_d=292.44257. stop_type=1 speed=0.31241
02-28 09:09:39.000 13511 13544 D NavigationTest: 11: (28.075796, -82.426373, 0.312410)	R:false  F:false
02-28 09:09:39.001 13511 13544 D NavigationTest: 12: (28.075796, -82.426373, 0.312410)	R:false  F:false
02-28 09:09:39.001 13511 13544 D NavServiceProvider: Second to last stop coordinates: 28.07316, -82.426234
02-28 09:09:39.001 13511 13544 D NavServiceProvider: Setting units automatically
02-28 09:09:39.003 13511 13544 D NavServiceProvider: Detecting stop. distance_d=293.33276. stop_type=1 speed=0.820975
02-28 09:09:39.003 13511 13544 D NavigationTest: 13: (28.075804, -82.426374, 0.820975)	R:false  F:false
02-28 09:09:39.003 13511 13544 D NavigationTest: 14: (28.075804, -82.426374, 0.820975)	R:false  F:false
02-28 09:09:39.003 13511 13544 D NavServiceProvider: Second to last stop coordinates: 28.07316, -82.426234
02-28 09:09:39.003 13511 13544 D NavServiceProvider: Setting units automatically
02-28 09:09:39.004 13511 13544 D NavServiceProvider: Detecting stop. distance_d=293.97437. stop_type=1 speed=0.820244
02-28 09:09:39.004 13511 13544 D NavigationTest: 15: (28.075810, -82.426369, 0.820244)	R:false  F:false
02-28 09:09:39.004 13511 13544 D NavServiceProvider: Second to last stop coordinates: 28.07316, -82.426234
02-28 09:09:39.005 13511 13544 D NavServiceProvider: Setting units automatically
02-28 09:09:39.006 13511 13544 D NavServiceProvider: Detecting stop. distance_d=293.66486. stop_type=1 speed=0.398121
02-28 09:09:39.006 13511 13544 D NavigationTest: 16: (28.075807, -82.426374, 0.398121)	R:false  F:false
02-28 09:09:39.006 13511 13544 D NavigationTest: 17: (28.075807, -82.426374, 0.398121)	R:false  F:false
02-28 09:09:39.006 13511 13544 D NavServiceProvider: Second to last stop coordinates: 28.07316, -82.426234
02-28 09:09:39.007 13511 13544 D NavServiceProvider: Setting units automatically
02-28 09:09:39.009 13511 13544 D NavServiceProvider: Detecting stop. distance_d=293.63782. stop_type=1 speed=0.25632
02-28 09:09:39.009 13511 13544 D NavigationTest: 18: (28.075807, -82.426368, 0.256320)	R:false  F:false
02-28 09:09:39.009 13511 13544 D NavigationTest: 19: (28.075807, -82.426368, 0.256320)	R:false  F:false
02-28 09:09:39.009 13511 13544 D NavServiceProvider: Second to last stop coordinates: 28.07316, -82.426234
02-28 09:09:39.009 13511 13544 D NavServiceProvider: Setting units automatically
02-28 09:09:39.011 13511 13544 D NavServiceProvider: Detecting stop. distance_d=293.85486. stop_type=1 speed=0.245153
02-28 09:09:39.011 13511 13544 D NavigationTest: 20: (28.075809, -82.426367, 0.245153)	R:false  F:false
02-28 09:09:39.011 13511 13544 D NavServiceProvider: Second to last stop coordinates: 28.07316, -82.426234
02-28 09:09:39.012 13511 13544 D NavServiceProvider: Setting units automatically
02-28 09:09:39.012 13579 13612 I GoogleTTSServiceImpl: Synthesis request for locale eng-USA and name en-US-language
02-28 09:09:39.013 13579 13612 I GoogleTTSServiceImpl: TTS dispatch: en-us-x-iog-seanet-embedded
02-28 09:09:39.013 13511 13544 D NavServiceProvider: Detecting stop. distance_d=291.4916. stop_type=1 speed=0.43
02-28 09:09:39.013 13511 13544 D NavigationTest: 21: (28.075788, -82.426358, 0.430000)	R:false  F:false
02-28 09:09:39.013 13511 13544 D NavigationTest: 22: (28.075788, -82.426358, 0.430000)	R:false  F:false
02-28 09:09:39.013 13511 13544 D NavServiceProvider: Second to last stop coordinates: 28.07316, -82.426234
02-28 09:09:39.014 13511 13544 D NavServiceProvider: Setting units automatically
02-28 09:09:39.015 13511 13544 D NavServiceProvider: Detecting stop. distance_d=290.3762. stop_type=1 speed=0.231948
02-28 09:09:39.015 13511 13544 D NavigationTest: 23: (28.075778, -82.426356, 0.231948)	R:false  F:false
02-28 09:09:39.015 13511 13544 D NavigationTest: 24: (28.075778, -82.426356, 0.231948)	R:false  F:false
02-28 09:09:39.015 13511 13544 D NavServiceProvider: Second to last stop coordinates: 28.07316, -82.426234
02-28 09:09:39.015 13511 13544 D NavServiceProvider: Setting units automatically
02-28 09:09:39.017 13511 13544 D NavServiceProvider: Detecting stop. distance_d=291.63626. stop_type=1 speed=0.943663
02-28 09:09:39.017 13511 13544 D NavigationTest: 25: (28.075789, -82.426366, 0.943663)	R:false  F:false
02-28 09:09:39.017 13511 13544 D NavServiceProvider: Second to last stop coordinates: 28.07316, -82.426234
02-28 09:09:39.017 13511 13544 D NavServiceProvider: Setting units automatically
02-28 09:09:39.018 13511 13544 D NavServiceProvider: Detecting stop. distance_d=293.03363. stop_type=1 speed=0.674166
02-28 09:09:39.018 13511 13544 D NavigationTest: 26: (28.075802, -82.426356, 0.674166)	R:false  F:false
02-28 09:09:39.018 13511 13544 D NavigationTest: 27: (28.075802, -82.426356, 0.674166)	R:false  F:false
02-28 09:09:39.018 13511 13544 D NavServiceProvider: Second to last stop coordinates: 28.07316, -82.426234
02-28 09:09:39.019 13511 13544 D NavServiceProvider: Setting units automatically
02-28 09:09:39.020 13511 13544 D NavServiceProvider: Detecting stop. distance_d=293.0755. stop_type=1 speed=0.0
02-28 09:09:39.020 13511 13544 D NavigationTest: 28: (28.075802, -82.426366, 0.000000)	R:false  F:false
02-28 09:09:39.021 13511 13544 D NavigationTest: 29: (28.075802, -82.426366, 0.000000)	R:false  F:false
02-28 09:09:39.021 13511 13544 D NavServiceProvider: Second to last stop coordinates: 28.07316, -82.426234
02-28 09:09:39.021 13511 13544 D NavServiceProvider: Setting units automatically
02-28 09:09:39.022 13511 13544 D NavServiceProvider: Detecting stop. distance_d=293.58328. stop_type=1 speed=1.022008
02-28 09:09:39.022 13511 13544 D NavigationTest: 30: (28.075807, -82.426355, 1.022008)	R:false  F:false
02-28 09:09:39.022 13511 13544 D NavServiceProvider: Second to last stop coordinates: 28.07316, -82.426234
02-28 09:09:39.023 13511 13544 D NavServiceProvider: Setting units automatically
02-28 09:09:39.025 13511 13544 D NavServiceProvider: Detecting stop. distance_d=292.60712. stop_type=1 speed=0.714703
02-28 09:09:39.025 13511 13544 D NavigationTest: 31: (28.075798, -82.426360, 0.714703)	R:false  F:false
02-28 09:09:39.025 13511 13544 D NavigationTest: 32: (28.075798, -82.426360, 0.714703)	R:false  F:false
02-28 09:09:39.025 13511 13544 D NavServiceProvider: Second to last stop coordinates: 28.07316, -82.426234
02-28 09:09:39.025 13511 13544 D NavServiceProvider: Setting units automatically
02-28 09:09:39.027 13511 13544 D NavServiceProvider: Detecting stop. distance_d=292.38153. stop_type=1 speed=0.451774
02-28 09:09:39.027 13511 13544 D NavigationTest: 33: (28.075796, -82.426359, 0.451774)	R:false  F:false
02-28 09:09:39.027 13511 13544 D NavServiceProvider: Second to last stop coordinates: 28.07316, -82.426234
02-28 09:09:39.027 13511 13544 D NavServiceProvider: Setting units automatically
02-28 09:09:39.028 13511 13544 D NavServiceProvider: Detecting stop. distance_d=292.4526. stop_type=1 speed=0.358469
02-28 09:09:39.029 13511 13544 D NavigationTest: 34: (28.075797, -82.426349, 0.358469)	R:false  F:false
02-28 09:09:39.029 13511 13544 D NavigationTest: 35: (28.075797, -82.426349, 0.358469)	R:false  F:false
02-28 09:09:39.029 13511 13544 D NavigationTest: 36: (28.075797, -82.426349, 0.358469)	R:false  F:false
02-28 09:09:39.029 13511 13544 D NavigationTest: 37: (28.075797, -82.426349, 0.358469)	R:false  F:false
02-28 09:09:39.029 13511 13544 D NavServiceProvider: Second to last stop coordinates: 28.07316, -82.426234
02-28 09:09:39.029 13511 13544 D NavServiceProvider: Setting units automatically
02-28 09:09:39.030 13511 13544 D NavServiceProvider: Detecting stop. distance_d=292.84116. stop_type=1 speed=0.714493
02-28 09:09:39.030 13511 13544 D NavigationTest: 38: (28.075800, -82.426363, 0.714493)	R:false  F:false
02-28 09:09:39.031 13511 13544 D NavigationTest: 39: (28.075800, -82.426363, 0.714493)	R:false  F:false
02-28 09:09:39.031 13511 13544 D NavServiceProvider: Second to last stop coordinates: 28.07316, -82.426234
02-28 09:09:39.031 13511 13544 D NavServiceProvider: Setting units automatically
02-28 09:09:39.032 13511 13544 D NavServiceProvider: Detecting stop. distance_d=293.25912. stop_type=1 speed=0.05
02-28 09:09:39.032 13511 13544 D NavigationTest: 40: (28.075804, -82.426357, 0.050000)	R:false  F:false
02-28 09:09:39.032 13511 13544 D NavigationTest: 41: (28.075804, -82.426357, 0.050000)	R:false  F:false
02-28 09:09:39.032 13511 13544 D NavServiceProvider: Second to last stop coordinates: 28.07316, -82.426234
02-28 09:09:39.033 13511 13544 D NavServiceProvider: Setting units automatically
02-28 09:09:39.034 13511 13544 D NavServiceProvider: Detecting stop. distance_d=291.58618. stop_type=1 speed=0.886848
02-28 09:09:39.034 13511 13544 D NavigationTest: 42: (28.075789, -82.426354, 0.886848)	R:false  F:false
02-28 09:09:39.034 13511 13544 D NavigationTest: 43: (28.075789, -82.426354, 0.886848)	R:false  F:false
02-28 09:09:39.034 13511 13544 D NavServiceProvider: Second to last stop coordinates: 28.07316, -82.426234
02-28 09:09:39.035 13511 13544 D NavServiceProvider: Setting units automatically
02-28 09:09:39.036 13511 13544 D NavServiceProvider: Detecting stop. distance_d=290.10474. stop_type=1 speed=2.578158
02-28 09:09:39.036 13511 13544 D NavigationTest: 44: (28.075776, -82.426343, 2.578158)	R:false  F:false
02-28 09:09:39.036 13511 13544 D NavServiceProvider: Second to last stop coordinates: 28.07316, -82.426234
02-28 09:09:39.037 13511 13544 D NavServiceProvider: Setting units automatically
02-28 09:09:39.038 13511 13544 D NavServiceProvider: Detecting stop. distance_d=288.1679. stop_type=1 speed=2.524381
02-28 09:09:39.038 13511 13544 D NavigationTest: 45: (28.075759, -82.426327, 2.524381)	R:false  F:false
02-28 09:09:39.038 13511 13544 D NavigationTest: 46: (28.075759, -82.426327, 2.524381)	R:false  F:false
02-28 09:09:39.038 13511 13544 D NavServiceProvider: Second to last stop coordinates: 28.07316, -82.426234
02-28 09:09:39.039 13511 13544 D NavServiceProvider: Setting units automatically
02-28 09:09:39.040 13511 13544 D NavServiceProvider: Detecting stop. distance_d=287.29132. stop_type=1 speed=1.787568
02-28 09:09:39.040 13511 13544 D NavigationTest: 47: (28.075751, -82.426330, 1.787568)	R:false  F:false
02-28 09:09:39.040 13511 13544 D NavigationTest: 48: (28.075751, -82.426330, 1.787568)	R:false  F:false
02-28 09:09:39.040 13511 13544 D NavServiceProvider: Second to last stop coordinates: 28.07316, -82.426234
02-28 09:09:39.040 13511 13544 D NavServiceProvider: Setting units automatically
02-28 09:09:39.041 13511 13544 D NavServiceProvider: Detecting stop. distance_d=285.6141. stop_type=1 speed=1.776345
02-28 09:09:39.041 13511 13544 D NavigationTest: 49: (28.075736, -82.426325, 1.776345)	R:false  F:false
02-28 09:09:39.041 13511 13544 D NavigationTest: 50: (28.075736, -82.426325, 1.776345)	R:false  F:false
02-28 09:09:39.041 13511 13544 D NavServiceProvider: Second to last stop coordinates: 28.07316, -82.426234
02-28 09:09:39.042 13511 13544 D NavServiceProvider: Setting units automatically
02-28 09:09:39.043 13511 13544 D NavServiceProvider: Detecting stop. distance_d=282.792. stop_type=1 speed=2.309567
02-28 09:09:39.043 13511 13544 D NavigationTest: 51: (28.075710, -82.426342, 2.309567)	R:false  F:false
02-28 09:09:39.043 13511 13544 D NavigationTest: 52: (28.075710, -82.426342, 2.309567)	R:false  F:false
02-28 09:09:39.043 13511 13544 D NavServiceProvider: Second to last stop coordinates: 28.07316, -82.426234
02-28 09:09:39.043 13511 13544 D NavServiceProvider: Setting units automatically
02-28 09:09:39.044 13511 13544 D NavServiceProvider: Detecting stop. distance_d=280.56256. stop_type=1 speed=2.303671
02-28 09:09:39.044 13511 13544 D NavigationTest: 53: (28.075690, -82.426338, 2.303671)	R:false  F:false
02-28 09:09:39.044 13511 13544 D NavServiceProvider: Second to last stop coordinates: 28.07316, -82.426234
02-28 09:09:39.045 13511 13544 D NavServiceProvider: Setting units automatically
02-28 09:09:39.046 13511 13544 D NavServiceProvider: Detecting stop. distance_d=276.57208. stop_type=1 speed=3.020414
02-28 09:09:39.046 13511 13544 D NavigationTest: 54: (28.075654, -82.426337, 3.020414)	R:false  F:false
02-28 09:09:39.046 13511 13544 D NavigationTest: 55: (28.075654, -82.426337, 3.020414)	R:false  F:false
02-28 09:09:39.046 13511 13544 D NavServiceProvider: Second to last stop coordinates: 28.07316, -82.426234
02-28 09:09:39.046 13511 13544 D NavServiceProvider: Setting units automatically
02-28 09:09:39.047 13511 13544 D NavServiceProvider: Detecting stop. distance_d=266.11993. stop_type=1 speed=6.550764
02-28 09:09:39.047 13511 13544 D NavigationTest: 56: (28.075560, -82.426325, 6.550764)	R:false  F:false
02-28 09:09:39.047 13511 13544 D NavigationTest: 57: (28.075560, -82.426325, 6.550764)	R:false  F:false
02-28 09:09:39.047 13511 13544 D NavServiceProvider: Second to last stop coordinates: 28.07316, -82.426234
02-28 09:09:39.048 13511 13544 D NavServiceProvider: Setting units automatically
02-28 09:09:39.049 13511 13544 D NavServiceProvider: Detecting stop. distance_d=260.25665. stop_type=1 speed=7.350245
02-28 09:09:39.049 13511 13544 D NavigationTest: 58: (28.075507, -82.426327, 7.350245)	R:false  F:false
02-28 09:09:39.049 13511 13544 D NavigationTest: 59: (28.075507, -82.426327, 7.350245)	R:false  F:false
02-28 09:09:39.049 13511 13544 D NavServiceProvider: Second to last stop coordinates: 28.07316, -82.426234
02-28 09:09:39.049 13511 13544 D NavServiceProvider: Setting units automatically
02-28 09:09:39.050 13511 13544 D NavServiceProvider: Detecting stop. distance_d=252.93666. stop_type=1 speed=7.350109
02-28 09:09:39.050 13511 13544 D NavigationTest: 60: (28.075441, -82.426324, 7.350109)	R:false  F:false
02-28 09:09:39.050 13511 13544 D NavServiceProvider: Second to last stop coordinates: 28.07316, -82.426234
02-28 09:09:39.051 13511 13544 D NavServiceProvider: Setting units automatically
02-28 09:09:39.051   871   911 D msm8974_platform: platform_split_snd_device: snd_device(2) num devices(1) new_snd_devices(0)
02-28 09:09:39.052   871   911 D ACDB-LOADER: ACDB -> send_audvoltable
02-28 09:09:39.052   871   911 D ACDB-LOADER: ACDB -> ACDB_CMD_GET_AUDPROC_VOL_STEP_TABLE_SIZE
02-28 09:09:39.052   871   911 D ACDB-LOADER: ACDB -> ACDB_CMD_GET_AUDPROC_GAIN_DEP_STEP_TABLE, vol index 0
02-28 09:09:39.052   871   911 D         : Failed to fetch the lookup information of the device 0000000F
02-28 09:09:39.052   871   911 E ACDB-LOADER: Error: ACDB AudProc vol returned = -19
02-28 09:09:39.052   871   911 D ACDB-LOADER: ACDB -> AUDIO_SET_VOL_CAL cal type = 40
02-28 09:09:39.052 13511 13544 D NavServiceProvider: Detecting stop. distance_d=242.84439. stop_type=1 speed=8.630371
02-28 09:09:39.052 13511 13544 D NavigationTest: 61: (28.075350, -82.426320, 8.630371)	R:false  F:false
02-28 09:09:39.052 13511 13544 D NavigationTest: 62: (28.075350, -82.426320, 8.630371)	R:false  F:false
02-28 09:09:39.052 13511 13544 D NavServiceProvider: Second to last stop coordinates: 28.07316, -82.426234
02-28 09:09:39.052 13511 13544 D NavServiceProvider: Setting units automatically
02-28 09:09:39.053 13511 13544 D NavServiceProvider: Detecting stop. distance_d=229.60976. stop_type=1 speed=10.720117
02-28 09:09:39.053   871   911 D msm8974_platform: platform_split_snd_device: snd_device(2) num devices(1) new_snd_devices(0)
02-28 09:09:39.053 13511 13544 D NavigationTest: 63: (28.075231, -82.426303, 10.720117)	R:false  F:false
02-28 09:09:39.053 13511 13544 D NavigationTest: 64: (28.075231, -82.426303, 10.720117)	R:false  F:false
02-28 09:09:39.053 13511 13544 D NavServiceProvider: Second to last stop coordinates: 28.07316, -82.426234
02-28 09:09:39.054 13511 13544 D NavServiceProvider: Setting units automatically
02-28 09:09:39.055   871  6793 V EffectDiracSound: DiracSound_command() start, cmdCode=20
02-28 09:09:39.055   871  6793 V EffectDiracSound: DiracSound_Command EFFECT_CMD_OFFLOAD
02-28 09:09:39.055   871   911 V EffectDiracSound: DiracSound_command() start, cmdCode=1
02-28 09:09:39.055 13511 13544 D NavServiceProvider: Detecting stop. distance_d=218.61525. stop_type=1 speed=11.180112
02-28 09:09:39.055   871   911 V EffectDiracSound: DiracSound_setConfig start
02-28 09:09:39.055   871   911 I EffectDiracSound: DiracSound_updateState(), enable=0, hifi=0, device=0x2, headset=5, samplingRate=48000
02-28 09:09:39.055   871   911 I EffectDiracSound: DiracSound_updateState(), mode=0, music=0, movie=0, reset=0
02-28 09:09:39.055   871   911 I EffectDiracSound: DiracSound_updateState(), Speaker Movie/Stereo Mode is not supported. Stop update state.
02-28 09:09:39.055 13511 13544 D NavigationTest: 65: (28.075132, -82.426293, 11.180112)	R:false  F:false
02-28 09:09:39.055   871   911 W EffectHAL: Effect 0xe4b38cd0 command SET_CONFIG returned status: Invalid argument
02-28 09:09:39.055 13511 13544 D NavigationTest: 66: (28.075132, -82.426293, 11.180112)	R:false  F:false
02-28 09:09:39.055 13511 13544 D NavServiceProvider: Second to last stop coordinates: 28.07316, -82.426234
02-28 09:09:39.055   871  6793 V EffectDiracSound: DiracSound_command() start, cmdCode=1
02-28 09:09:39.055   871  6793 V EffectDiracSound: DiracSound_setConfig start
02-28 09:09:39.055   871  6793 I EffectDiracSound: DiracSound_updateState(), enable=0, hifi=0, device=0x2, headset=5, samplingRate=48000
02-28 09:09:39.055   871  6793 I EffectDiracSound: DiracSound_updateState(), mode=0, music=0, movie=0, reset=0
02-28 09:09:39.055   871  6793 I EffectDiracSound: DiracSound_updateState(), Speaker Movie/Stereo Mode is not supported. Stop update state.
02-28 09:09:39.055   871   911 V EffectDiracSound: DiracSound_command() start, cmdCode=9
02-28 09:09:39.055   871   911 V EffectDiracSound: DiracSound_Command EFFECT_CMD_SET_DEVICE: 0x00000002
02-28 09:09:39.055 13511 13544 D NavServiceProvider: Setting units automatically
02-28 09:09:39.055   871   911 V EffectDiracSound: DiracSound_command() start, cmdCode=11
02-28 09:09:39.055   871   911 V EffectDiracSound: DiracSound_Command EFFECT_CMD_SET_AUDIO_MODE: 0
02-28 09:09:39.057 13511 13544 D NavServiceProvider: Detecting stop. distance_d=206.45. stop_type=1 speed=11.86051
02-28 09:09:39.057 13511 13544 D NavigationTest: 67: (28.075022, -82.426300, 11.860510)	R:false  F:false
02-28 09:09:39.057 13511 13544 D NavigationTest: 68: (28.075022, -82.426300, 11.860510)	R:false  F:false
02-28 09:09:39.057 13511 13544 D NavServiceProvider: Second to last stop coordinates: 28.07316, -82.426234
02-28 09:09:39.057 13511 13544 D NavServiceProvider: Setting units automatically
02-28 09:09:39.061 13511 13544 D NavServiceProvider: -----Get ready!
02-28 09:09:39.061 13511 13544 D NavigationTest: 69: (28.074915, -82.426297, 11.850039)	R:true  F:false
02-28 09:09:39.061 13511 13544 D NavServiceProvider: Second to last stop coordinates: 28.07316, -82.426234
02-28 09:09:39.062 13511 13544 D NavServiceProvider: Setting units automatically
02-28 09:09:39.063 13511 13544 D NavServiceProvider: Detecting stop. distance_d=194.58879. stop_type=1 speed=11.850039
02-28 09:09:39.063 13511 13544 D NavigationTest: 69: (28.074915, -82.426297, 11.850039)	R:true  F:false
02-28 09:09:39.064 13511 13544 D NavServiceProvider: Second to last stop coordinates: 28.07316, -82.426234
02-28 09:09:39.064 13511 13544 D NavServiceProvider: Setting units automatically
02-28 09:09:39.066 13511 13544 D NavServiceProvider: Detecting stop. distance_d=181.72449. stop_type=1 speed=12.280016
02-28 09:09:39.066 13511 13544 D NavigationTest: 70: (28.074799, -82.426292, 12.280016)	R:true  F:false
02-28 09:09:39.066 13511 13544 D NavigationTest: 71: (28.074799, -82.426292, 12.280016)	R:true  F:false
02-28 09:09:39.066 13511 13544 D NavServiceProvider: Second to last stop coordinates: 28.07316, -82.426234
02-28 09:09:39.066 13511 13544 D NavServiceProvider: Setting units automatically
02-28 09:09:39.068 13511 13544 D NavServiceProvider: Detecting stop. distance_d=160.63734. stop_type=1 speed=13.861746
02-28 09:09:39.068 13511 13544 D NavigationTest: 72: (28.074609, -82.426278, 13.861746)	R:true  F:false
02-28 09:09:39.068 13511 13544 D NavigationTest: 73: (28.074609, -82.426278, 13.861746)	R:true  F:false
02-28 09:09:39.068 13511 13544 D NavigationTest: 74: (28.074609, -82.426278, 13.861746)	R:true  F:false
02-28 09:09:39.068 13511 13544 D NavigationTest: 75: (28.074609, -82.426278, 13.861746)	R:true  F:false
02-28 09:09:39.068 13511 13544 D NavServiceProvider: Second to last stop coordinates: 28.07316, -82.426234
02-28 09:09:39.068 13511 13544 D NavServiceProvider: Setting units automatically
02-28 09:09:39.070 13511 13544 D NavServiceProvider: Detecting stop. distance_d=144.33939. stop_type=1 speed=14.4
02-28 09:09:39.070 13511 13544 D NavigationTest: 76: (28.074462, -82.426273, 14.400000)	R:true  F:false
02-28 09:09:39.070 13511 13544 D NavigationTest: 77: (28.074462, -82.426273, 14.400000)	R:true  F:false
02-28 09:09:39.070 13511 13544 D NavServiceProvider: Second to last stop coordinates: 28.07316, -82.426234
02-28 09:09:39.070 13511 13544 D NavServiceProvider: Setting units automatically
02-28 09:09:39.071 13511 13544 D NavServiceProvider: Detecting stop. distance_d=129.48164. stop_type=1 speed=14.840273
02-28 09:09:39.072 13511 13544 D NavigationTest: 78: (28.074328, -82.426268, 14.840273)	R:true  F:false
02-28 09:09:39.072 13511 13544 D NavigationTest: 79: (28.074328, -82.426268, 14.840273)	R:true  F:false
02-28 09:09:39.072 13511 13544 D NavServiceProvider: Second to last stop coordinates: 28.07316, -82.426234
02-28 09:09:39.072 13511 13544 D NavServiceProvider: Setting units automatically
02-28 09:09:39.073 13511 13544 D NavServiceProvider: Detecting stop. distance_d=115.22385. stop_type=1 speed=14.771639
02-28 09:09:39.073 13511 13544 D NavigationTest: 80: (28.074199, -82.426278, 14.771639)	R:true  F:false
02-28 09:09:39.073 13511 13544 D NavigationTest: 81: (28.074199, -82.426278, 14.771639)	R:true  F:false
02-28 09:09:39.073 13511 13544 D NavServiceProvider: Second to last stop coordinates: 28.07316, -82.426234
02-28 09:09:39.074 13511 13544 D NavServiceProvider: Setting units automatically
02-28 09:09:39.075 13511 13544 D NavServiceProvider: Detecting stop. distance_d=100.484344. stop_type=1 speed=14.770488
02-28 09:09:39.075 13511 13544 D NavigationTest: 82: (28.074066, -82.426275, 14.770488)	R:true  F:false
02-28 09:09:39.075 13511 13544 D NavServiceProvider: Second to last stop coordinates: 28.07316, -82.426234
02-28 09:09:39.075 13511 13544 D NavServiceProvider: Setting units automatically
02-28 09:09:39.076 13511 13544 D NavServiceProvider: Detecting stop. distance_d=80.38879. stop_type=1 speed=14.991764
02-28 09:09:39.076 13511 13544 D NavServiceProvider: Case 1: false
02-28 09:09:39.077 13511 13544 D NavigationTest: 83: (28.073885, -82.426261, 14.991764)	R:true  F:false
02-28 09:09:39.077 13511 13544 D NavigationTest: 84: (28.073885, -82.426261, 14.991764)	R:true  F:false
02-28 09:09:39.077 13511 13544 D NavServiceProvider: Second to last stop coordinates: 28.07316, -82.426234
02-28 09:09:39.077 13511 13544 D NavServiceProvider: Setting units automatically
02-28 09:09:39.078 13511 13544 D NavServiceProvider: Detecting stop. distance_d=65.434105. stop_type=1 speed=14.990563
02-28 09:09:39.078 13511 13544 D NavigationTest: 85: (28.073750, -82.426260, 14.990563)	R:true  F:false
02-28 09:09:39.078 13511 13544 D NavigationTest: 86: (28.073750, -82.426260, 14.990563)	R:true  F:false
02-28 09:09:39.078 13511 13544 D NavServiceProvider: Second to last stop coordinates: 28.07316, -82.426234
02-28 09:09:39.079 13511 13544 D NavServiceProvider: Setting units automatically
02-28 09:09:39.080 13511 13544 D NavServiceProvider: Detecting stop. distance_d=50.27185. stop_type=1 speed=14.900013
02-28 09:09:39.080 13511 13544 D NavigationTest: 87: (28.073613, -82.426261, 14.900013)	R:true  F:false
02-28 09:09:39.080 13511 13544 D NavServiceProvider: Second to last stop coordinates: 28.07316, -82.426234
02-28 09:09:39.081 13511 13544 D NavServiceProvider: Setting units automatically
02-28 09:09:39.082 13511 13544 D NavServiceProvider: Detecting stop. distance_d=39.381092. stop_type=1 speed=13.070034
02-28 09:09:39.082 13511 13544 D NavServiceProvider: Case 2: false
02-28 09:09:39.082 13511 13544 D NavigationTest: 88: (28.073515, -82.426252, 13.070034)	R:true  F:false
02-28 09:09:39.082 13511 13544 D NavigationTest: 89: (28.073515, -82.426252, 13.070034)	R:true  F:false
02-28 09:09:39.082 13511 13544 D NavServiceProvider: Second to last stop coordinates: 28.07316, -82.426234
02-28 09:09:39.082 13511 13544 D NavServiceProvider: Setting units automatically
02-28 09:09:39.084 13511 13544 D NavServiceProvider: Detecting stop. distance_d=28.54207. stop_type=1 speed=12.181482
02-28 09:09:39.084 13511 13544 D NavigationTest: 90: (28.073417, -82.426253, 12.181482)	R:true  F:false
02-28 09:09:39.084 13511 13544 D NavServiceProvider: Second to last stop coordinates: 28.07316, -82.426234
02-28 09:09:39.084 13511 13544 D NavServiceProvider: Setting units automatically
02-28 09:09:39.085 13511 13544 D NavServiceProvider: Detecting stop. distance_d=17.352085. stop_type=1 speed=11.1628
02-28 09:09:39.085 13511 13544 D NavServiceProvider: Case 3: false
02-28 09:09:39.085 13511 13544 D NavigationTest: 91: (28.073315, -82.426259, 11.162800)	R:true  F:false
02-28 09:09:39.086 13511 13544 D NavigationTest: 92: (28.073315, -82.426259, 11.162800)	R:true  F:false
02-28 09:09:39.086 13511 13544 D NavServiceProvider: Second to last stop coordinates: 28.07316, -82.426234
02-28 09:09:39.086 13511 13544 D NavServiceProvider: Setting units automatically
02-28 09:09:39.087 13511 13544 D NavServiceProvider: Detecting stop. distance_d=6.546418. stop_type=1 speed=11.150645
02-28 09:09:39.087 13511 13544 D NavigationTest: 93: (28.073214, -82.426261, 11.150645)	R:true  F:false
02-28 09:09:39.087 13511 13544 D NavServiceProvider: Second to last stop coordinates: 28.07316, -82.426234
02-28 09:09:39.088 13511 13544 D NavServiceProvider: Setting units automatically
02-28 09:09:39.089 13511 13544 D NavServiceProvider: Detecting stop. distance_d=1.777588. stop_type=1 speed=7.51024
02-28 09:09:39.089 13511 13544 D NavigationTest: 94: (28.073172, -82.426246, 7.510240)	R:true  F:false
02-28 09:09:39.089 13511 13544 D NavigationTest: 95: (28.073172, -82.426246, 7.510240)	R:true  F:false
02-28 09:09:39.089 13511 13544 D NavServiceProvider: Second to last stop coordinates: 28.07316, -82.426234
02-28 09:09:39.090 13511 13544 D NavServiceProvider: Setting units automatically
02-28 09:09:39.091 13511 13544 D NavServiceProvider: Detecting stop. distance_d=6.299443. stop_type=1 speed=7.190063
02-28 09:09:39.091 13511 13544 D NavigationTest: 96: (28.073104, -82.426245, 7.190063)	R:true  F:false
02-28 09:09:39.091 13511 13544 D NavigationTest: 97: (28.073104, -82.426245, 7.190063)	R:true  F:false
02-28 09:09:39.091 13511 13544 D NavServiceProvider: Second to last stop coordinates: 28.07316, -82.426234
02-28 09:09:39.091 13511 13544 D NavServiceProvider: Setting units automatically
02-28 09:09:39.093 13511 13544 D NavServiceProvider: Detecting stop. distance_d=5.9014754. stop_type=1 speed=3.31006
02-28 09:09:39.093 13511 13544 D NavigationTest: 98: (28.073112, -82.426260, 3.310060)	R:true  F:false
02-28 09:09:39.093 13511 13544 D NavigationTest: 99: (28.073112, -82.426260, 3.310060)	R:true  F:false
02-28 09:09:39.093 13511 13544 D NavServiceProvider: Second to last stop coordinates: 28.07316, -82.426234
02-28 09:09:39.093 13511 13544 D NavServiceProvider: Setting units automatically
02-28 09:09:39.094 13511 13544 D NavServiceProvider: Detecting stop. distance_d=9.578428. stop_type=1 speed=1.953279
02-28 09:09:39.094 13511 13544 D NavigationTest: 100: (28.073079, -82.426268, 1.953279)	R:true  F:false
02-28 09:09:39.094 13511 13544 D NavServiceProvider: Second to last stop coordinates: 28.07316, -82.426234
02-28 09:09:39.095 13511 13544 D NavServiceProvider: Setting units automatically
02-28 09:09:39.096 13511 13544 D NavServiceProvider: Detecting stop. distance_d=11.34818. stop_type=1 speed=1.897894
02-28 09:09:39.096 13511 13544 D NavigationTest: 101: (28.073063, -82.426271, 1.897894)	R:true  F:false
02-28 09:09:39.096 13511 13544 D NavigationTest: 102: (28.073063, -82.426271, 1.897894)	R:true  F:false
02-28 09:09:39.096 13511 13544 D NavServiceProvider: Second to last stop coordinates: 28.07316, -82.426234
02-28 09:09:39.096 13511 13544 D NavServiceProvider: Setting units automatically
02-28 09:09:39.097 13511 13544 D NavServiceProvider: Detecting stop. distance_d=9.721731. stop_type=1 speed=0.0
02-28 09:09:39.097 13511 13544 D NavigationTest: 103: (28.073081, -82.426277, 0.000000)	R:true  F:false
02-28 09:09:39.098 13511 13544 D NavigationTest: 104: (28.073081, -82.426277, 0.000000)	R:true  F:false
02-28 09:09:39.098 13511 13544 D NavServiceProvider: Second to last stop coordinates: 28.07316, -82.426234
02-28 09:09:39.098 13511 13544 D NavServiceProvider: Setting units automatically
02-28 09:09:39.099 13511 13544 D NavServiceProvider: Detecting stop. distance_d=11.586551. stop_type=1 speed=0.617414
02-28 09:09:39.099 13511 13544 D NavigationTest: 105: (28.073068, -82.426290, 0.617414)	R:true  F:false
02-28 09:09:39.099 13511 13544 D NavigationTest: 106: (28.073068, -82.426290, 0.617414)	R:true  F:false
02-28 09:09:39.099 13511 13544 D NavServiceProvider: Second to last stop coordinates: 28.07316, -82.426234
02-28 09:09:39.100 13511 13544 D NavServiceProvider: Setting units automatically
02-28 09:09:39.101 13511 13544 D NavServiceProvider: Detecting stop. distance_d=11.928814. stop_type=1 speed=0.0
02-28 09:09:39.101 13511 13544 D NavigationTest: 107: (28.073068, -82.426297, 0.000000)	R:true  F:false
02-28 09:09:39.101 13511 13544 D NavServiceProvider: Second to last stop coordinates: 28.07316, -82.426234
02-28 09:09:39.101 13511 13544 D NavServiceProvider: Setting units automatically
02-28 09:09:39.103 13511 13544 D NavServiceProvider: Detecting stop. distance_d=11.928814. stop_type=1 speed=0.0
02-28 09:09:39.103 13511 13544 D NavigationTest: 108: (28.073068, -82.426297, 0.000000)	R:true  F:false
02-28 09:09:39.103 13511 13544 D NavigationTest: 109: (28.073068, -82.426297, 0.000000)	R:true  F:false
02-28 09:09:39.103 13511 13544 D NavigationTest: 110: (28.073068, -82.426297, 0.000000)	R:true  F:false
02-28 09:09:39.103 13511 13544 D NavigationTest: 111: (28.073068, -82.426297, 0.000000)	R:true  F:false
02-28 09:09:39.103 13511 13544 D NavServiceProvider: Second to last stop coordinates: 28.07316, -82.426234
02-28 09:09:39.103 13511 13544 D NavServiceProvider: Setting units automatically
02-28 09:09:39.104 13511 13544 D NavServiceProvider: Detecting stop. distance_d=12.023669. stop_type=1 speed=0.0
02-28 09:09:39.105 13511 13544 D NavigationTest: 112: (28.073067, -82.426297, 0.000000)	R:true  F:false
02-28 09:09:39.105 13511 13544 D NavigationTest: 113: (28.073067, -82.426297, 0.000000)	R:true  F:false
02-28 09:09:39.105 13511 13544 D NavServiceProvider: Second to last stop coordinates: 28.07316, -82.426234
02-28 09:09:39.105 13511 13544 D NavServiceProvider: Setting units automatically
02-28 09:09:39.106 13511 13544 D NavServiceProvider: Detecting stop. distance_d=11.126406. stop_type=1 speed=0.0
02-28 09:09:39.106 13511 13544 D NavigationTest: 114: (28.073076, -82.426296, 0.000000)	R:true  F:false
02-28 09:09:39.106 13511 13544 D NavigationTest: 115: (28.073076, -82.426296, 0.000000)	R:true  F:false
02-28 09:09:39.106 13511 13544 D NavServiceProvider: Second to last stop coordinates: 28.07316, -82.426234
02-28 09:09:39.107 13511 13544 D NavServiceProvider: Setting units automatically
02-28 09:09:39.108 13511 13544 D NavServiceProvider: Detecting stop. distance_d=10.887199. stop_type=1 speed=0.0
02-28 09:09:39.108 13511 13544 D NavigationTest: 116: (28.073078, -82.426295, 0.000000)	R:true  F:false
02-28 09:09:39.108 13511 13544 D NavigationTest: 117: (28.073078, -82.426295, 0.000000)	R:true  F:false
02-28 09:09:39.108 13511 13544 D NavServiceProvider: Second to last stop coordinates: 28.07316, -82.426234
02-28 09:09:39.109 13511 13544 D NavServiceProvider: Setting units automatically
02-28 09:09:39.110 13511 13544 D NavServiceProvider: Detecting stop. distance_d=10.887199. stop_type=1 speed=0.0
02-28 09:09:39.111 13511 13544 D NavigationTest: 118: (28.073078, -82.426295, 0.000000)	R:true  F:false
02-28 09:09:39.111 13511 13544 D NavServiceProvider: Second to last stop coordinates: 28.07316, -82.426234
02-28 09:09:39.111 13511 13544 D NavServiceProvider: Setting units automatically
02-28 09:09:39.112 13511 13544 D NavServiceProvider: Detecting stop. distance_d=10.905294. stop_type=1 speed=0.0
02-28 09:09:39.112 13511 13544 D NavigationTest: 119: (28.073079, -82.426297, 0.000000)	R:true  F:false
02-28 09:09:39.112 13511 13544 D NavigationTest: 120: (28.073079, -82.426297, 0.000000)	R:true  F:false
02-28 09:09:39.112 13511 13544 D NavServiceProvider: Second to last stop coordinates: 28.07316, -82.426234
02-28 09:09:39.113 13511 13544 D NavServiceProvider: Setting units automatically
02-28 09:09:39.114 13511 13544 D NavServiceProvider: Detecting stop. distance_d=10.372967. stop_type=1 speed=0.0
02-28 09:09:39.114 13511 13544 D NavigationTest: 121: (28.073083, -82.426294, 0.000000)	R:true  F:false
02-28 09:09:39.114 13511 13544 D NavigationTest: 122: (28.073083, -82.426294, 0.000000)	R:true  F:false
02-28 09:09:39.114 13511 13544 D NavServiceProvider: Second to last stop coordinates: 28.07316, -82.426234
02-28 09:09:39.114 13511 13544 D NavServiceProvider: Setting units automatically
02-28 09:09:39.115 13511 13544 D NavServiceProvider: Detecting stop. distance_d=10.078925. stop_type=1 speed=0.0
02-28 09:09:39.115 13511 13544 D NavigationTest: 123: (28.073085, -82.426292, 0.000000)	R:true  F:false
02-28 09:09:39.115 13511 13544 D NavigationTest: 124: (28.073085, -82.426292, 0.000000)	R:true  F:false
02-28 09:09:39.115 13511 13544 D NavServiceProvider: Second to last stop coordinates: 28.07316, -82.426234
02-28 09:09:39.116 13511 13544 D NavServiceProvider: Setting units automatically
02-28 09:09:39.117 13511 13544 D NavServiceProvider: Detecting stop. distance_d=9.538016. stop_type=1 speed=0.0
02-28 09:09:39.117 13511 13544 D NavigationTest: 125: (28.073091, -82.426292, 0.000000)	R:true  F:false
02-28 09:09:39.117 13511 13544 D NavServiceProvider: Second to last stop coordinates: 28.07316, -82.426234
02-28 09:09:39.117 13511 13544 D NavServiceProvider: Setting units automatically
02-28 09:09:39.118 13511 13544 D NavServiceProvider: Detecting stop. distance_d=9.538016. stop_type=1 speed=0.0
02-28 09:09:39.118 13511 13544 D NavigationTest: 126: (28.073091, -82.426292, 0.000000)	R:true  F:false
02-28 09:09:39.118 13511 13544 D NavigationTest: 127: (28.073091, -82.426292, 0.000000)	R:true  F:false
02-28 09:09:39.118 13511 13544 D NavServiceProvider: Second to last stop coordinates: 28.07316, -82.426234
02-28 09:09:39.119 13511 13544 D NavServiceProvider: Setting units automatically
02-28 09:09:39.120 13511 13544 D NavServiceProvider: Detecting stop. distance_d=9.538016. stop_type=1 speed=0.0
02-28 09:09:39.120 13511 13544 D NavigationTest: 128: (28.073091, -82.426292, 0.000000)	R:true  F:false
02-28 09:09:39.120 13511 13544 D NavServiceProvider: Second to last stop coordinates: 28.07316, -82.426234
02-28 09:09:39.120 13511 13544 D NavServiceProvider: Setting units automatically
02-28 09:09:39.121 13511 13544 D NavServiceProvider: Detecting stop. distance_d=9.47959. stop_type=1 speed=0.0
02-28 09:09:39.122 13511 13544 D NavigationTest: 129: (28.073091, -82.426291, 0.000000)	R:true  F:false
02-28 09:09:39.122 13511 13544 D NavigationTest: 130: (28.073091, -82.426291, 0.000000)	R:true  F:false
02-28 09:09:39.122 13511 13544 D NavServiceProvider: Second to last stop coordinates: 28.07316, -82.426234
02-28 09:09:39.122 13511 13544 D NavServiceProvider: Setting units automatically
02-28 09:09:39.123 13511 13544 D NavServiceProvider: Detecting stop. distance_d=7.1612954. stop_type=1 speed=0.0
02-28 09:09:39.123 13511 13544 D NavigationTest: 131: (28.073113, -82.426284, 0.000000)	R:true  F:false
02-28 09:09:39.123 13511 13544 D NavServiceProvider: Second to last stop coordinates: 28.07316, -82.426234
02-28 09:09:39.123 13511 13544 D NavServiceProvider: Setting units automatically
02-28 09:09:39.125 13511 13544 D NavServiceProvider: Detecting stop. distance_d=7.1612954. stop_type=1 speed=0.0
02-28 09:09:39.125 13511 13544 D NavigationTest: 132: (28.073113, -82.426284, 0.000000)	R:true  F:false
02-28 09:09:39.125 13511 13544 D NavigationTest: 133: (28.073113, -82.426284, 0.000000)	R:true  F:false
02-28 09:09:39.125 13511 13544 D NavServiceProvider: Second to last stop coordinates: 28.07316, -82.426234
02-28 09:09:39.125 13511 13544 D NavServiceProvider: Setting units automatically
02-28 09:09:39.126 13511 13544 D NavServiceProvider: Detecting stop. distance_d=7.1612954. stop_type=1 speed=0.0
02-28 09:09:39.126 13511 13544 D NavigationTest: 134: (28.073113, -82.426284, 0.000000)	R:true  F:false
02-28 09:09:39.126 13511 13544 D NavServiceProvider: Second to last stop coordinates: 28.07316, -82.426234
02-28 09:09:39.126 13511 13544 D NavServiceProvider: Setting units automatically
02-28 09:09:39.127 13511 13544 D NavServiceProvider: Detecting stop. distance_d=6.8140883. stop_type=1 speed=0.0
02-28 09:09:39.127 13511 13544 D NavigationTest: 135: (28.073114, -82.426280, 0.000000)	R:true  F:false
02-28 09:09:39.128 13511 13544 D NavigationTest: 136: (28.073114, -82.426280, 0.000000)	R:true  F:false
02-28 09:09:39.128 13511 13544 D NavServiceProvider: Second to last stop coordinates: 28.07316, -82.426234
02-28 09:09:39.128 13511 13544 D NavServiceProvider: Setting units automatically
02-28 09:09:39.129 13511 13544 D NavServiceProvider: Detecting stop. distance_d=7.440486. stop_type=1 speed=0.0
02-28 09:09:39.129 13511 13544 D NavigationTest: 137: (28.073103, -82.426274, 0.000000)	R:true  F:false
02-28 09:09:39.129 13511 13544 D NavigationTest: 138: (28.073103, -82.426274, 0.000000)	R:true  F:false
02-28 09:09:39.129 13511 13544 D NavServiceProvider: Second to last stop coordinates: 28.07316, -82.426234
02-28 09:09:39.129 13511 13544 D NavServiceProvider: Setting units automatically
02-28 09:09:39.131 13511 13544 D NavServiceProvider: Detecting stop. distance_d=6.952262. stop_type=1 speed=0.281603
02-28 09:09:39.131 13511 13544 D NavigationTest: 139: (28.073106, -82.426270, 0.281603)	R:true  F:false
02-28 09:09:39.131 13511 13544 D NavigationTest: 140: (28.073106, -82.426270, 0.281603)	R:true  F:false
02-28 09:09:39.131 13511 13544 D NavServiceProvider: Second to last stop coordinates: 28.07316, -82.426234
02-28 09:09:39.131 13511 13544 D NavServiceProvider: Setting units automatically
02-28 09:09:39.133 13511 13544 D NavServiceProvider: Detecting stop. distance_d=7.156647. stop_type=1 speed=0.52469
02-28 09:09:39.133 13511 13544 D NavigationTest: 141: (28.073097, -82.426250, 0.524690)	R:true  F:false
02-28 09:09:39.133 13511 13544 D NavServiceProvider: Second to last stop coordinates: 28.07316, -82.426234
02-28 09:09:39.133 13511 13544 D NavServiceProvider: Setting units automatically
02-28 09:09:39.135 13511 13544 D NavServiceProvider: Detecting stop. distance_d=7.6786895. stop_type=1 speed=0.521536
02-28 09:09:39.135 13511 13544 D NavigationTest: 142: (28.073092, -82.426249, 0.521536)	R:true  F:false
02-28 09:09:39.135 13511 13544 D NavigationTest: 143: (28.073092, -82.426249, 0.521536)	R:true  F:false
02-28 09:09:39.135 13511 13544 D NavServiceProvider: Second to last stop coordinates: 28.07316, -82.426234
02-28 09:09:39.135 13511 13544 D NavServiceProvider: Setting units automatically
02-28 09:09:39.137 13511 13544 D NavServiceProvider: Detecting stop. distance_d=8.04375. stop_type=1 speed=0.572189
02-28 09:09:39.137 13511 13544 D NavigationTest: 144: (28.073089, -82.426251, 0.572189)	R:true  F:false
02-28 09:09:39.137 13511 13544 D NavigationTest: 145: (28.073089, -82.426251, 0.572189)	R:true  F:false
02-28 09:09:39.137 13511 13544 D NavigationTest: 146: (28.073089, -82.426251, 0.572189)	R:true  F:false
02-28 09:09:39.137 13511 13544 D NavServiceProvider: Second to last stop coordinates: 28.07316, -82.426234
02-28 09:09:39.137 13511 13544 D NavServiceProvider: Setting units automatically
02-28 09:09:39.138 13511 13544 D NavServiceProvider: Detecting stop. distance_d=6.8621945. stop_type=1 speed=0.0
02-28 09:09:39.138 13511 13544 D NavigationTest: 147: (28.073099, -82.426246, 0.000000)	R:true  F:false
02-28 09:09:39.139 13511 13544 D NavigationTest: 148: (28.073099, -82.426246, 0.000000)	R:true  F:false
02-28 09:09:39.139 13511 13544 D NavServiceProvider: Second to last stop coordinates: 28.07316, -82.426234
02-28 09:09:39.139 13511 13544 D NavServiceProvider: Setting units automatically
02-28 09:09:39.140 13511 13544 D NavServiceProvider: Detecting stop. distance_d=6.8621945. stop_type=1 speed=0.0
02-28 09:09:39.140 13511 13544 D NavigationTest: 149: (28.073099, -82.426246, 0.000000)	R:true  F:false
02-28 09:09:39.140 13511 13544 D NavServiceProvider: Second to last stop coordinates: 28.07316, -82.426234
02-28 09:09:39.141 13511 13544 D NavServiceProvider: Setting units automatically
02-28 09:09:39.142 13511 13544 D NavServiceProvider: Detecting stop. distance_d=6.4447293. stop_type=1 speed=0.0
02-28 09:09:39.143 13511 13544 D NavigationTest: 150: (28.073103, -82.426247, 0.000000)	R:true  F:false
02-28 09:09:39.143 13511 13544 D NavigationTest: 151: (28.073103, -82.426247, 0.000000)	R:true  F:false
02-28 09:09:39.143 13511 13544 D NavServiceProvider: Second to last stop coordinates: 28.07316, -82.426234
02-28 09:09:39.143 13511 13544 D NavServiceProvider: Setting units automatically
02-28 09:09:39.145 13511 13544 D NavServiceProvider: Detecting stop. distance_d=6.4649367. stop_type=1 speed=0.0
02-28 09:09:39.145 13511 13544 D NavigationTest: 152: (28.073103, -82.426248, 0.000000)	R:true  F:false
02-28 09:09:39.145 13511 13544 D NavigationTest: 153: (28.073103, -82.426248, 0.000000)	R:true  F:false
02-28 09:09:39.145 13511 13544 D NavServiceProvider: Second to last stop coordinates: 28.07316, -82.426234
02-28 09:09:39.146 13511 13544 D NavServiceProvider: Setting units automatically
02-28 09:09:39.147 13511 13544 D NavServiceProvider: Detecting stop. distance_d=6.4649367. stop_type=1 speed=0.0
02-28 09:09:39.148 13579 13612 W EventProcessor: callback.start() returned error code: -1
02-28 09:09:39.148 13511 13544 D NavigationTest: 154: (28.073103, -82.426248, 0.000000)	R:true  F:false
02-28 09:09:39.148 13511 13544 D NavServiceProvider: Second to last stop coordinates: 28.07316, -82.426234
02-28 09:09:39.148 13511 13544 D NavServiceProvider: Setting units automatically
02-28 09:09:39.150 13511 13544 D NavServiceProvider: Detecting stop. distance_d=7.1160297. stop_type=1 speed=0.0
02-28 09:09:39.150 13511 13544 D NavigationTest: 155: (28.073097, -82.426248, 0.000000)	R:true  F:false
02-28 09:09:39.150 13511 13544 D NavigationTest: 156: (28.073097, -82.426248, 0.000000)	R:true  F:false
02-28 09:09:39.150 13511 13544 D NavServiceProvider: Second to last stop coordinates: 28.07316, -82.426234
02-28 09:09:39.150 13511 13544 D NavServiceProvider: Setting units automatically
02-28 09:09:39.152 13511 13544 D NavServiceProvider: Detecting stop. distance_d=7.156647. stop_type=1 speed=0.0
02-28 09:09:39.152 13511 13544 D NavigationTest: 157: (28.073097, -82.426250, 0.000000)	R:true  F:false
02-28 09:09:39.152 13511 13544 D NavigationTest: 158: (28.073097, -82.426250, 0.000000)	R:true  F:false
02-28 09:09:39.152 13511 13544 D NavServiceProvider: Second to last stop coordinates: 28.07316, -82.426234
02-28 09:09:39.152 13511 13544 D NavServiceProvider: Setting units automatically
02-28 09:09:39.153 13511 13544 D NavServiceProvider: Detecting stop. distance_d=7.156647. stop_type=1 speed=0.0
02-28 09:09:39.153 13511 13544 D NavigationTest: 159: (28.073097, -82.426250, 0.000000)	R:true  F:false
02-28 09:09:39.153 13511 13544 D NavServiceProvider: Second to last stop coordinates: 28.07316, -82.426234
02-28 09:09:39.154 13511 13544 D NavServiceProvider: Setting units automatically
02-28 09:09:39.155 13511 13544 D NavServiceProvider: Detecting stop. distance_d=7.048578. stop_type=1 speed=0.0
02-28 09:09:39.155 13511 13544 D NavigationTest: 160: (28.073098, -82.426250, 0.000000)	R:true  F:false
02-28 09:09:39.155 13511 13544 D NavigationTest: 161: (28.073098, -82.426250, 0.000000)	R:true  F:false
02-28 09:09:39.155 13511 13544 D NavServiceProvider: Second to last stop coordinates: 28.07316, -82.426234
02-28 09:09:39.155 13511 13544 D NavServiceProvider: Setting units automatically
02-28 09:09:39.157 13511 13544 D NavServiceProvider: Detecting stop. distance_d=6.813603. stop_type=1 speed=0.0
02-28 09:09:39.157 13511 13544 D NavigationTest: 162: (28.073102, -82.426257, 0.000000)	R:true  F:false
02-28 09:09:39.157 13511 13544 D NavigationTest: 163: (28.073102, -82.426257, 0.000000)	R:true  F:false
02-28 09:09:39.157 13511 13544 D NavServiceProvider: Second to last stop coordinates: 28.07316, -82.426234
02-28 09:09:39.157 13511 13544 D NavServiceProvider: Setting units automatically
02-28 09:09:39.159 13511 13544 D NavServiceProvider: Detecting stop. distance_d=7.8601522. stop_type=1 speed=0.707107
02-28 09:09:39.159 13511 13544 D NavigationTest: 164: (28.073095, -82.426266, 0.707107)	R:true  F:false
02-28 09:09:39.159 13511 13544 D NavServiceProvider: Second to last stop coordinates: 28.07316, -82.426234
02-28 09:09:39.160 13511 13544 D NavServiceProvider: Setting units automatically
02-28 09:09:39.161 13511 13544 D NavServiceProvider: Detecting stop. distance_d=7.5788927. stop_type=1 speed=0.660984
02-28 09:09:39.161 13511 13544 D NavigationTest: 165: (28.073100, -82.426271, 0.660984)	R:true  F:false
02-28 09:09:39.161 13511 13544 D NavigationTest: 166: (28.073100, -82.426271, 0.660984)	R:true  F:false
02-28 09:09:39.161 13511 13544 D NavServiceProvider: Second to last stop coordinates: 28.07316, -82.426234
02-28 09:09:39.162 13511 13544 D NavServiceProvider: Setting units automatically
