02-28 09:09:43.702 13511 13544 I TestRunner: started: testTrip15(org.onebusaway.android.nav.test.NavigationTest)
02-28 09:09:43.703 13511 13511 I MonitoringInstr: Activities that are still in CREATED to STOPPED: 0
02-28 09:09:43.711 13511 13544 D NavServiceProvider: Creating NavigationServiceProvider...
02-28 09:09:43.711 13511 13544 D NavServiceProvider: Starting navigation for service
02-28 09:09:43.711 13511 13544 D NavServiceProvider: ProximityCalculator initializing...
02-28 09:09:43.711 13511 13544 D NavServiceProvider: Initializing ProximityCalculator
02-28 09:09:43.711 13511 13544 D NavServiceProvider: Number of path links: 1
02-28 09:09:43.711 13511 13544 D NavServiceProvider: Second to last stop coordinates: 28.032462, -82.426948
02-28 09:09:43.712 13511 13544 D NavServiceProvider: Setting units automatically
02-28 09:09:43.713 13511 13544 D NavServiceProvider: Detecting stop. distance_d=2022.122. stop_type=1 speed=18.81013
02-28 09:09:43.714 13511 13544 D NavigationTest: 0: (28.032783, -82.447509, 18.810129)	R:false  F:false
02-28 09:09:43.714 13511 13544 D NavigationTest: 1: (28.032783, -82.447509, 18.810129)	R:false  F:false
02-28 09:09:43.714 13511 13544 D NavigationTest: 2: (28.032783, -82.447509, 18.810129)	R:false  F:false
02-28 09:09:43.714 13511 13544 D NavServiceProvider: Second to last stop coordinates: 28.032462, -82.426948
02-28 09:09:43.714 13511 13544 D NavServiceProvider: Setting units automatically
02-28 09:09:43.716 13511 13544 D NavServiceProvider: Detecting stop. distance_d=2002.7418. stop_type=1 speed=19.050064
02-28 09:09:43.716 13511 13544 D NavigationTest: 3: (28.032777, -82.447312, 19.050064)	R:false  F:false
02-28 09:09:43.716 13511 13544 D NavServiceProvider: Second to last stop coordinates: 28.032462, -82.426948
02-28 09:09:43.716 13511 13544 D NavServiceProvider: Setting units automatically
02-28 09:09:43.718 13511 13544 D NavServiceProvider: Detecting stop. distance_d=1983.3676. stop_type=1 speed=19.340042
02-28 09:09:43.718 13511 13544 D NavigationTest: 4: (28.032774, -82.447115, 19.340042)	R:false  F:false
02-28 09:09:43.718 13511 13544 D NavServiceProvider: Second to last stop coordinates: 28.032462, -82.426948
02-28 09:09:43.718 13511 13544 D NavServiceProvider: Setting units automatically
02-28 09:09:43.719 13511 13544 D NavServiceProvider: Detecting stop. distance_d=1964.1823. stop_type=1 speed=18.920067
02-28 09:09:43.720 13511 13544 D NavigationTest: 5: (28.032767, -82.446920, 18.920067)	R:false  F:false
02-28 09:09:43.720 13511 13544 D NavigationTest: 6: (28.032767, -82.446920, 18.920067)	R:false  F:false
02-28 09:09:43.720 13511 13544 D NavServiceProvider: Second to last stop coordinates: 28.032462, -82.426948
02-28 09:09:43.720 13511 13544 D NavServiceProvider: Setting units automatically
02-28 09:09:43.721 13511 13544 D NavServiceProvider: Detecting stop. distance_d=1944.3221. stop_type=1 speed=19.6
02-28 09:09:43.721 13511 13544 D NavigationTest: 7: (28.032767, -82.446718, 19.600000)	R:false  F:false
02-28 09:09:43.721 13511 13544 D NavigationTest: 8: (28.032767, -82.446718, 19.600000)	R:false  F:false
02-28 09:09:43.721 13511 13544 D NavServiceProvider: Second to last stop coordinates: 28.032462, -82.426948
02-28 09:09:43.722 13511 13544 D NavServiceProvider: Setting units automatically
02-28 09:09:43.723 13511 13544 D NavServiceProvider: Detecting stop. distance_d=1923.8683. stop_type=1 speed=19.380093
02-28 09:09:43.723 13511 13544 D NavigationTest: 9: (28.032765, -82.446510, 19.380093)	R:false  F:false
02-28 09:09:43.723 13511 13544 D NavigationTest: 10: (28.032765, -82.446510, 19.380093)	R:false  F:false
02-28 09:09:43.723 13511 13544 D NavServiceProvider: Second to last stop coordinates: 28.032462, -82.426948
02-28 09:09:43.723 13511 13544 D NavServiceProvider: Setting units automatically
02-28 09:09:43.724 13511 13544 D NavServiceProvider: Detecting stop. distance_d=1904.2784. stop_type=1 speed=19.650572
02-28 09:09:43.724 13511 13544 D NavigationTest: 11: (28.032752, -82.446311, 19.650572)	R:false  F:false
02-28 09:09:43.725 13511 13544 D NavServiceProvider: Second to last stop coordinates: 28.032462, -82.426948
02-28 09:09:43.725 13511 13544 D NavServiceProvider: Setting units automatically
02-28 09:09:43.726 13511 13544 D NavServiceProvider: Detecting stop. distance_d=1885.6982. stop_type=1 speed=19.450066
02-28 09:09:43.726 13511 13544 D NavigationTest: 12: (28.032753, -82.446122, 19.450066)	R:false  F:false
02-28 09:09:43.726 13511 13544 D NavigationTest: 13: (28.032753, -82.446122, 19.450066)	R:false  F:false
02-28 09:09:43.726 13511 13544 D NavServiceProvider: Second to last stop coordinates: 28.032462, -82.426948
02-28 09:09:43.726 13511 13544 D NavServiceProvider: Setting units automatically
02-28 09:09:43.728 13511 13544 D NavServiceProvider: Detecting stop. distance_d=1866.9369. stop_type=1 speed=19.23001
02-28 09:09:43.728 13511 13544 D NavigationTest: 14: (28.032762, -82.445931, 19.230009)	R:false  F:false
02-28 09:09:43.728 13511 13544 D NavigationTest: 15: (28.032762, -82.445931, 19.230009)	R:false  F:false
02-28 09:09:43.728 13511 13544 D NavServiceProvider: Second to last stop coordinates: 28.032462, -82.426948
02-28 09:09:43.728 13511 13544 D NavServiceProvider: Setting units automatically
02-28 09:09:43.730 13511 13544 D NavServiceProvider: Detecting stop. distance_d=1846.3712. stop_type=1 speed=19.510092
02-28 09:09:43.730 13511 13544 D NavigationTest: 16: (28.032753, -82.445722, 19.510092)	R:false  F:false
02-28 09:09:43.730 13511 13544 D NavServiceProvider: Second to last stop coordinates: 28.032462, -82.426948
02-28 09:09:43.730 13511 13544 D NavServiceProvider: Setting units automatically
02-28 09:09:43.732 13511 13544 D NavServiceProvider: Detecting stop. distance_d=1825.4143. stop_type=1 speed=19.61
02-28 09:09:43.732 13511 13544 D NavigationTest: 17: (28.032745, -82.445509, 19.610001)	R:false  F:false
02-28 09:09:43.732 13511 13544 D NavigationTest: 18: (28.032745, -82.445509, 19.610001)	R:false  F:false
02-28 09:09:43.732 13511 13544 D NavServiceProvider: Second to last stop coordinates: 28.032462, -82.426948
02-28 09:09:43.732 13511 13544 D NavServiceProvider: Setting units automatically
02-28 09:09:43.733 13511 13544 D NavServiceProvider: Detecting stop. distance_d=1806.1421. stop_type=1 speed=19.430092
02-28 09:09:43.733 13511 13544 D NavigationTest: 19: (28.032744, -82.445313, 19.430092)	R:false  F:false
02-28 09:09:43.733 13511 13544 D NavigationTest: 20: (28.032744, -82.445313, 19.430092)	R:false  F:false
02-28 09:09:43.733 13511 13544 D NavServiceProvider: Second to last stop coordinates: 28.032462, -82.426948
02-28 09:09:43.734 13511 13544 D NavServiceProvider: Setting units automatically
02-28 09:09:43.735 13511 13544 D NavServiceProvider: Detecting stop. distance_d=1786.4786. stop_type=1 speed=19.760002
02-28 09:09:43.735 13511 13544 D NavigationTest: 21: (28.032744, -82.445113, 19.760002)	R:false  F:false
02-28 09:09:43.735 13511 13544 D NavigationTest: 22: (28.032744, -82.445113, 19.760002)	R:false  F:false
02-28 09:09:43.735 13511 13544 D NavServiceProvider: Second to last stop coordinates: 28.032462, -82.426948
02-28 09:09:43.735 13511 13544 D NavServiceProvider: Setting units automatically
02-28 09:09:43.736 13511 13544 D NavServiceProvider: Detecting stop. distance_d=1766.5049. stop_type=1 speed=19.800062
02-28 09:09:43.736 13511 13544 D NavigationTest: 23: (28.032736, -82.444910, 19.800062)	R:false  F:false
02-28 09:09:43.736 13511 13544 D NavigationTest: 24: (28.032736, -82.444910, 19.800062)	R:false  F:false
02-28 09:09:43.736 13511 13544 D NavServiceProvider: Second to last stop coordinates: 28.032462, -82.426948
02-28 09:09:43.737 13511 13544 D NavServiceProvider: Setting units automatically
02-28 09:09:43.738 13511 13544 D NavServiceProvider: Detecting stop. distance_d=1747.4429. stop_type=1 speed=19.580002
02-28 09:09:43.738 13511 13544 D NavigationTest: 25: (28.032742, -82.444716, 19.580002)	R:false  F:false
02-28 09:09:43.738 13511 13544 D NavigationTest: 26: (28.032742, -82.444716, 19.580002)	R:false  F:false
02-28 09:09:43.738 13511 13544 D NavServiceProvider: Second to last stop coordinates: 28.032462, -82.426948
02-28 09:09:43.738 13511 13544 D NavServiceProvider: Setting units automatically
02-28 09:09:43.739 13511 13544 D NavServiceProvider: Detecting stop. distance_d=1729.0657. stop_type=1 speed=19.380041
02-28 09:09:43.739 13511 13544 D NavigationTest: 27: (28.032746, -82.444529, 19.380041)	R:false  F:false
02-28 09:09:43.739 13511 13544 D NavigationTest: 28: (28.032746, -82.444529, 19.380041)	R:false  F:false
02-28 09:09:43.739 13511 13544 D NavServiceProvider: Second to last stop coordinates: 28.032462, -82.426948
02-28 09:09:43.740 13511 13544 D NavServiceProvider: Setting units automatically
02-28 09:09:43.741 13511 13544 D NavServiceProvider: Detecting stop. distance_d=1707.5029. stop_type=1 speed=20.14002
02-28 09:09:43.741 13511 13544 D NavigationTest: 29: (28.032730, -82.444310, 20.140020)	R:false  F:false
02-28 09:09:43.741 13511 13544 D NavServiceProvider: Second to last stop coordinates: 28.032462, -82.426948
02-28 09:09:43.742 13511 13544 D NavServiceProvider: Setting units automatically
02-28 09:09:43.743 13511 13544 D NavServiceProvider: Detecting stop. distance_d=1687.1229. stop_type=1 speed=20.370415
02-28 09:09:43.743 13511 13544 D NavigationTest: 30: (28.032715, -82.444103, 20.370415)	R:false  F:false
02-28 09:09:43.743 13511 13544 D NavigationTest: 31: (28.032715, -82.444103, 20.370415)	R:false  F:false
02-28 09:09:43.743 13511 13544 D NavServiceProvider: Second to last stop coordinates: 28.032462, -82.426948
02-28 09:09:43.743 13511 13544 D NavServiceProvider: Setting units automatically
02-28 09:09:43.744 13511 13544 D NavServiceProvider: Detecting stop. distance_d=1666.3578. stop_type=1 speed=20.290024
02-28 09:09:43.744 13511 13544 D NavigationTest: 32: (28.032704, -82.443892, 20.290024)	R:false  F:false
02-28 09:09:43.744 13511 13544 D NavigationTest: 33: (28.032704, -82.443892, 20.290024)	R:false  F:false
02-28 09:09:43.744 13511 13544 D NavServiceProvider: Second to last stop coordinates: 28.032462, -82.426948
02-28 09:09:43.745 13511 13544 D NavServiceProvider: Setting units automatically
02-28 09:09:43.746 13511 13544 D NavServiceProvider: Detecting stop. distance_d=1647.4751. stop_type=1 speed=19.76
02-28 09:09:43.746 13511 13544 D NavigationTest: 34: (28.032701, -82.443700, 19.760000)	R:false  F:false
02-28 09:09:43.746 13511 13544 D NavServiceProvider: Second to last stop coordinates: 28.032462, -82.426948
02-28 09:09:43.746 13511 13544 D NavServiceProvider: Setting units automatically
02-28 09:09:43.747 13511 13544 D NavServiceProvider: Detecting stop. distance_d=1626.4293. stop_type=1 speed=19.830305
02-28 09:09:43.747 13511 13544 D NavigationTest: 35: (28.032698, -82.443486, 19.830305)	R:false  F:false
02-28 09:09:43.747 13511 13544 D NavigationTest: 36: (28.032698, -82.443486, 19.830305)	R:false  F:false
02-28 09:09:43.747 13511 13544 D NavigationTest: 37: (28.032698, -82.443486, 19.830305)	R:false  F:false
02-28 09:09:43.747 13511 13544 D NavServiceProvider: Second to last stop coordinates: 28.032462, -82.426948
02-28 09:09:43.747 13511 13544 D NavServiceProvider: Setting units automatically
02-28 09:09:43.748 13511 13544 D NavServiceProvider: Detecting stop. distance_d=1607.6504. stop_type=1 speed=20.12016
02-28 09:09:43.748 13511 13544 D NavigationTest: 38: (28.032698, -82.443295, 20.120159)	R:false  F:false
02-28 09:09:43.748 13511 13544 D NavigationTest: 39: (28.032698, -82.443295, 20.120159)	R:false  F:false
02-28 09:09:43.748 13511 13544 D NavServiceProvider: Second to last stop coordinates: 28.032462, -82.426948
02-28 09:09:43.749 13511 13544 D NavServiceProvider: Setting units automatically
02-28 09:09:43.750 13511 13544 D NavServiceProvider: Detecting stop. distance_d=1585.592. stop_type=1 speed=20.290712
02-28 09:09:43.750 13511 13544 D NavigationTest: 40: (28.032678, -82.443071, 20.290712)	R:false  F:false
02-28 09:09:43.750 13511 13544 D NavServiceProvider: Second to last stop coordinates: 28.032462, -82.426948
02-28 09:09:43.750 13511 13544 D NavServiceProvider: Setting units automatically
02-28 09:09:43.751 13511 13544 D NavServiceProvider: Detecting stop. distance_d=1565.5055. stop_type=1 speed=20.190062
02-28 09:09:43.751 13511 13544 D NavigationTest: 41: (28.032660, -82.442867, 20.190062)	R:false  F:false
02-28 09:09:43.752 13511 13544 D NavigationTest: 42: (28.032660, -82.442867, 20.190062)	R:false  F:false
02-28 09:09:43.752 13511 13544 D NavServiceProvider: Second to last stop coordinates: 28.032462, -82.426948
02-28 09:09:43.752 13511 13544 D NavServiceProvider: Setting units automatically
02-28 09:09:43.753 13511 13544 D NavServiceProvider: Detecting stop. distance_d=1544.4237. stop_type=1 speed=20.360796
02-28 09:09:43.753 13511 13544 D NavigationTest: 43: (28.032632, -82.442653, 20.360796)	R:false  F:false
02-28 09:09:43.753 13511 13544 D NavServiceProvider: Second to last stop coordinates: 28.032462, -82.426948
02-28 09:09:43.754 13511 13544 D NavServiceProvider: Setting units automatically
02-28 09:09:43.755 13511 13544 D NavServiceProvider: Detecting stop. distance_d=1524.9297. stop_type=1 speed=20.741274
02-28 09:09:43.755 13511 13544 D NavigationTest: 44: (28.032612, -82.442455, 20.741274)	R:false  F:false
02-28 09:09:43.755 13511 13544 D NavigationTest: 45: (28.032612, -82.442455, 20.741274)	R:false  F:false
02-28 09:09:43.755 13511 13544 D NavServiceProvider: Second to last stop coordinates: 28.032462, -82.426948
02-28 09:09:43.756 13511 13544 D NavServiceProvider: Setting units automatically
02-28 09:09:43.757 13511 13544 D NavServiceProvider: Detecting stop. distance_d=1507.7815. stop_type=1 speed=20.750154
02-28 09:09:43.757 13511 13544 D NavigationTest: 46: (28.032575, -82.442281, 20.750154)	R:false  F:false
02-28 09:09:43.757 13511 13544 D NavigationTest: 47: (28.032575, -82.442281, 20.750154)	R:false  F:false
02-28 09:09:43.757 13511 13544 D NavServiceProvider: Second to last stop coordinates: 28.032462, -82.426948
02-28 09:09:43.757 13511 13544 D NavServiceProvider: Setting units automatically
02-28 09:09:43.759 13511 13544 D NavServiceProvider: Detecting stop. distance_d=1488.3003. stop_type=1 speed=20.350199
02-28 09:09:43.759 13511 13544 D NavigationTest: 48: (28.032561, -82.442083, 20.350199)	R:false  F:false
02-28 09:09:43.759 13511 13544 D NavigationTest: 49: (28.032561, -82.442083, 20.350199)	R:false  F:false
02-28 09:09:43.759 13511 13544 D NavServiceProvider: Second to last stop coordinates: 28.032462, -82.426948
02-28 09:09:43.759 13511 13544 D NavServiceProvider: Setting units automatically
02-28 09:09:43.760 13511 13544 D NavServiceProvider: Detecting stop. distance_d=1468.7241. stop_type=1 speed=20.2403
02-28 09:09:43.760 13511 13544 D NavigationTest: 50: (28.032550, -82.441884, 20.240299)	R:false  F:false
02-28 09:09:43.760 13511 13544 D NavServiceProvider: Second to last stop coordinates: 28.032462, -82.426948
02-28 09:09:43.761 13511 13544 D NavServiceProvider: Setting units automatically
02-28 09:09:43.762 13511 13544 D NavServiceProvider: Detecting stop. distance_d=1448.4598. stop_type=1 speed=20.540478
02-28 09:09:43.762 13511 13544 D NavigationTest: 51: (28.032538, -82.441678, 20.540478)	R:false  F:false
02-28 09:09:43.762 13511 13544 D NavigationTest: 52: (28.032538, -82.441678, 20.540478)	R:false  F:false
02-28 09:09:43.762 13511 13544 D NavServiceProvider: Second to last stop coordinates: 28.032462, -82.426948
02-28 09:09:43.762 13511 13544 D NavServiceProvider: Setting units automatically
02-28 09:09:43.763 13511 13544 D NavServiceProvider: Detecting stop. distance_d=1429.8633. stop_type=1 speed=20.260248
02-28 09:09:43.763 13511 13544 D NavigationTest: 53: (28.032516, -82.441489, 20.260248)	R:false  F:false
02-28 09:09:43.763 13511 13544 D NavServiceProvider: Second to last stop coordinates: 28.032462, -82.426948
02-28 09:09:43.764 13511 13544 D NavServiceProvider: Setting units automatically
02-28 09:09:43.765 13511 13544 D NavServiceProvider: Detecting stop. distance_d=1410.2977. stop_type=1 speed=20.030722
02-28 09:09:43.765 13511 13544 D NavigationTest: 54: (28.032521, -82.441290, 20.030722)	R:false  F:false
02-28 09:09:43.765 13511 13544 D NavigationTest: 55: (28.032521, -82.441290, 20.030722)	R:false  F:false
02-28 09:09:43.765 13511 13544 D NavServiceProvider: Second to last stop coordinates: 28.032462, -82.426948
02-28 09:09:43.765 13511 13544 D NavServiceProvider: Setting units automatically
02-28 09:09:43.766 13511 13544 D NavServiceProvider: Detecting stop. distance_d=1390.927. stop_type=1 speed=19.39
02-28 09:09:43.767 13511 13544 D NavigationTest: 56: (28.032522, -82.441093, 19.389999)	R:false  F:false
02-28 09:09:43.767 13511 13544 D NavServiceProvider: Second to last stop coordinates: 28.032462, -82.426948
02-28 09:09:43.767 13511 13544 D NavServiceProvider: Setting units automatically
02-28 09:09:43.768 13511 13544 D NavServiceProvider: Detecting stop. distance_d=1371.5542. stop_type=1 speed=19.030096
02-28 09:09:43.768 13511 13544 D NavigationTest: 57: (28.032519, -82.440896, 19.030096)	R:false  F:false
02-28 09:09:43.768 13511 13544 D NavigationTest: 58: (28.032519, -82.440896, 19.030096)	R:false  F:false
02-28 09:09:43.768 13511 13544 D NavServiceProvider: Second to last stop coordinates: 28.032462, -82.426948
02-28 09:09:43.768 13511 13544 D NavServiceProvider: Setting units automatically
02-28 09:09:43.770 13511 13544 D NavServiceProvider: Detecting stop. distance_d=1353.9539. stop_type=1 speed=18.96
02-28 09:09:43.770 13511 13544 D NavigationTest: 59: (28.032521, -82.440717, 18.959999)	R:false  F:false
02-28 09:09:43.770 13511 13544 D NavigationTest: 60: (28.032521, -82.440717, 18.959999)	R:false  F:false
02-28 09:09:43.770 13511 13544 D NavServiceProvider: Second to last stop coordinates: 28.032462, -82.426948
02-28 09:09:43.771 13511 13544 D NavServiceProvider: Setting units automatically
02-28 09:09:43.772 13511 13544 D NavServiceProvider: Detecting stop. distance_d=1336.852. stop_type=1 speed=18.230274
02-28 09:09:43.773 13511 13544 D NavigationTest: 61: (28.032534, -82.440543, 18.230274)	R:false  F:false
02-28 09:09:43.773 13511 13544 D NavigationTest: 62: (28.032534, -82.440543, 18.230274)	R:false  F:false
02-28 09:09:43.773 13511 13544 D NavServiceProvider: Second to last stop coordinates: 28.032462, -82.426948
02-28 09:09:43.773 13511 13544 D NavServiceProvider: Setting units automatically
02-28 09:09:43.774 13579 13612 W EventProcessor: callback.start() returned error code: -1
02-28 09:09:43.775 13511 13544 D NavServiceProvider: Detecting stop. distance_d=1319.4456. stop_type=1 speed=17.870338
02-28 09:09:43.775 13511 13544 D NavigationTest: 63: (28.032531, -82.440366, 17.870338)	R:false  F:false
02-28 09:09:43.775 13511 13544 D NavServiceProvider: Second to last stop coordinates: 28.032462, -82.426948
02-28 09:09:43.776 13511 13544 D NavServiceProvider: Setting units automatically
02-28 09:09:43.777 13511 13544 D NavServiceProvider: Detecting stop. distance_d=1302.0392. stop_type=1 speed=17.590822
02-28 09:09:43.777 13511 13544 D NavigationTest: 64: (28.032528, -82.440189, 17.590822)	R:false  F:false
02-28 09:09:43.777 13511 13544 D NavigationTest: 65: (28.032528, -82.440189, 17.590822)	R:false  F:false
02-28 09:09:43.777 13511 13544 D NavServiceProvider: Second to last stop coordinates: 28.032462, -82.426948
02-28 09:09:43.778 13511 13544 D NavServiceProvider: Setting units automatically
02-28 09:09:43.779 13511 13544 D NavServiceProvider: Detecting stop. distance_d=1284.0459. stop_type=1 speed=17.340141
02-28 09:09:43.779 13511 13544 D NavigationTest: 66: (28.032530, -82.440006, 17.340141)	R:false  F:false
02-28 09:09:43.779 13511 13544 D NavigationTest: 67: (28.032530, -82.440006, 17.340141)	R:false  F:false
02-28 09:09:43.779 13511 13544 D NavServiceProvider: Second to last stop coordinates: 28.032462, -82.426948
02-28 09:09:43.780 13511 13544 D NavServiceProvider: Setting units automatically
02-28 09:09:43.781 13511 13544 D NavServiceProvider: Detecting stop. distance_d=1266.2598. stop_type=1 speed=17.250105
02-28 09:09:43.781 13511 13544 D NavigationTest: 68: (28.032546, -82.439825, 17.250105)	R:false  F:false
02-28 09:09:43.781 13511 13544 D NavigationTest: 69: (28.032546, -82.439825, 17.250105)	R:false  F:false
02-28 09:09:43.781 13511 13544 D NavServiceProvider: Second to last stop coordinates: 28.032462, -82.426948
02-28 09:09:43.781 13511 13544 D NavServiceProvider: Setting units automatically
02-28 09:09:43.782 13511 13544 D NavServiceProvider: Detecting stop. distance_d=1247.5763. stop_type=1 speed=17.24029
02-28 09:09:43.782 13511 13544 D NavigationTest: 70: (28.032545, -82.439635, 17.240290)	R:false  F:false
02-28 09:09:43.782 13511 13544 D NavigationTest: 71: (28.032545, -82.439635, 17.240290)	R:false  F:false
02-28 09:09:43.783 13511 13544 D NavigationTest: 72: (28.032545, -82.439635, 17.240290)	R:false  F:false
02-28 09:09:43.783 13511 13544 D NavServiceProvider: Second to last stop coordinates: 28.032462, -82.426948
02-28 09:09:43.783 13511 13544 D NavServiceProvider: Setting units automatically
02-28 09:09:43.784 13511 13544 D NavServiceProvider: Detecting stop. distance_d=1230.6732. stop_type=1 speed=17.31029
02-28 09:09:43.784 13511 13544 D NavigationTest: 73: (28.032556, -82.439463, 17.310289)	R:false  F:false
02-28 09:09:43.784 13511 13544 D NavigationTest: 74: (28.032556, -82.439463, 17.310289)	R:false  F:false
02-28 09:09:43.784 13511 13544 D NavServiceProvider: Second to last stop coordinates: 28.032462, -82.426948
02-28 09:09:43.785 13511 13544 D NavServiceProvider: Setting units automatically
02-28 09:09:43.787 13511 13544 D NavServiceProvider: Detecting stop. distance_d=1213.9642. stop_type=1 speed=17.62309
02-28 09:09:43.787 13511 13544 D NavigationTest: 75: (28.032563, -82.439293, 17.623091)	R:false  F:false
02-28 09:09:43.787 13511 13544 D NavServiceProvider: Second to last stop coordinates: 28.032462, -82.426948
02-28 09:09:43.787 13511 13544 D NavServiceProvider: Setting units automatically
02-28 09:09:43.788 13579 13612 I GoogleTTSServiceImpl: Synthesis request for locale eng-USA and name en-US-language
02-28 09:09:43.788 13511 13544 D NavServiceProvider: Detecting stop. distance_d=1197.0468. stop_type=1 speed=16.98
02-28 09:09:43.788 13511 13544 D NavigationTest: 76: (28.032558, -82.439121, 16.980000)	R:false  F:false
02-28 09:09:43.789 13511 13544 D NavigationTest: 77: (28.032558, -82.439121, 16.980000)	R:false  F:false
02-28 09:09:43.789 13511 13544 D NavServiceProvider: Second to last stop coordinates: 28.032462, -82.426948
02-28 09:09:43.789 13511 13544 D NavServiceProvider: Setting units automatically
02-28 09:09:43.789 13579 13612 I GoogleTTSServiceImpl: TTS dispatch: en-us-x-iog-seanet-embedded
02-28 09:09:43.790 13511 13544 D NavServiceProvider: Detecting stop. distance_d=1181.0116. stop_type=1 speed=16.670433
02-28 09:09:43.790 13511 13544 D NavigationTest: 78: (28.032550, -82.438958, 16.670433)	R:false  F:false
02-28 09:09:43.790 13511 13544 D NavigationTest: 79: (28.032550, -82.438958, 16.670433)	R:false  F:false
02-28 09:09:43.790 13511 13544 D NavServiceProvider: Second to last stop coordinates: 28.032462, -82.426948
02-28 09:09:43.791 13511 13544 D NavServiceProvider: Setting units automatically
02-28 09:09:43.792 13511 13544 D NavServiceProvider: Detecting stop. distance_d=1165.762. stop_type=1 speed=16.29295
02-28 09:09:43.792 13511 13544 D NavigationTest: 80: (28.032540, -82.438803, 16.292950)	R:false  F:false
02-28 09:09:43.792 13511 13544 D NavigationTest: 81: (28.032540, -82.438803, 16.292950)	R:false  F:false
02-28 09:09:43.792 13511 13544 D NavServiceProvider: Second to last stop coordinates: 28.032462, -82.426948
02-28 09:09:43.792 13511 13544 D NavServiceProvider: Setting units automatically
02-28 09:09:43.793   871   871 D audio_hw_primary: adev_get_parameters:vr_audio_mode_on
02-28 09:09:43.793   871   871 I audio_hw_primary: getting vr mode to 0
02-28 09:09:43.793   871   871 D audio_hw_primary: adev_get_parameters: exit: returns - vr_audio_mode_on=false
02-28 09:09:43.793   959  1211 I hash_map_utils: key: 'vr_audio_mode_on' value: ''
02-28 09:09:43.794 13511 13544 D NavServiceProvider: Detecting stop. distance_d=1148.157. stop_type=1 speed=16.810503
02-28 09:09:43.794 13511 13544 D NavigationTest: 82: (28.032535, -82.438624, 16.810503)	R:false  F:false
02-28 09:09:43.794 13511 13544 D NavServiceProvider: Second to last stop coordinates: 28.032462, -82.426948
02-28 09:09:43.794   959  1211 I AudioPolicyManagerCustom: VR mode is 0, switch to primary output if request is for fast|raw
02-28 09:09:43.794   959  1211 I AudioPolicyManagerCustom: setting force DEEP buffer now
02-28 09:09:43.794   959  1211 D AudioFlinger: Client defaulted notificationFrames to 2048 for frameCount 4096
02-28 09:09:43.794 13511 13544 D NavServiceProvider: Setting units automatically
02-28 09:09:43.795   959  1211 D AF::TrackHandle: OpPlayAudio: track:199 usage:1 not muted
02-28 09:09:43.795 13511 13544 D NavServiceProvider: Detecting stop. distance_d=1131.8319. stop_type=1 speed=17.020424
02-28 09:09:43.795 13511 13544 D NavigationTest: 83: (28.032532, -82.438458, 17.020424)	R:false  F:false
02-28 09:09:43.795 13511 13544 D NavigationTest: 84: (28.032532, -82.438458, 17.020424)	R:false  F:false
02-28 09:09:43.795 13511 13544 D NavServiceProvider: Second to last stop coordinates: 28.032462, -82.426948
02-28 09:09:43.795 13511 13544 D NavServiceProvider: Setting units automatically
02-28 09:09:43.797 13511 13544 D NavServiceProvider: Detecting stop. distance_d=1113.9365. stop_type=1 speed=17.270418
02-28 09:09:43.797 13511 13544 D NavigationTest: 85: (28.032533, -82.438276, 17.270418)	R:false  F:false
02-28 09:09:43.797 13511 13544 D NavigationTest: 86: (28.032533, -82.438276, 17.270418)	R:false  F:false
02-28 09:09:43.797 13511 13544 D NavServiceProvider: Second to last stop coordinates: 28.032462, -82.426948
02-28 09:09:43.797 13511 13544 D NavServiceProvider: Setting units automatically
02-28 09:09:43.798 13511 13544 D NavServiceProvider: Detecting stop. distance_d=1095.5415. stop_type=1 speed=17.560001
02-28 09:09:43.798 13511 13544 D NavigationTest: 87: (28.032523, -82.438089, 17.560001)	R:false  F:false
02-28 09:09:43.798 13511 13544 D NavServiceProvider: Second to last stop coordinates: 28.032462, -82.426948
02-28 09:09:43.798 13511 13544 D NavServiceProvider: Setting units automatically
02-28 09:09:43.799  2666  3413 D Avrcp_ext: AudioManager Player: ID:23 -- type:android.media.SoundPool -- u/pid:10126/2688 -- state:idle -- attr:AudioAttributes: usage=USAGE_ASSISTANCE_SONIFICATION content=CONTENT_TYPE_SONIFICATION flags=0x800 tags= bundle=null
02-28 09:09:43.799  2666  3413 D Avrcp_ext: AudioManager Player: ID:15 -- type:android.media.SoundPool -- u/pid:1000/1493 -- state:idle -- attr:AudioAttributes: usage=USAGE_ASSISTANCE_SONIFICATION content=CONTENT_TYPE_SONIFICATION flags=0x800 tags= bundle=null
02-28 09:09:43.799  2666  3413 D Avrcp_ext: AudioManager Player: ID:1183 -- type:android.media.AudioTrack -- u/pid:10088/13579 -- state:started -- attr:AudioAttributes: usage=USAGE_MEDIA content=CONTENT_TYPE_SPEECH flags=0x800 tags= bundle=null
02-28 09:09:43.799  2666  3413 D Avrcp_ext: AudioManager isPlaying: true
02-28 09:09:43.799  2666  3413 V Avrcp_ext: updateCurrentMediaState: mMediaController: null
02-28 09:09:43.800  2666  3413 V Avrcp_ext: isMusicActive: true getBluetoothPlayState: 2
02-28 09:09:43.800  2666  3413 V Avrcp_ext: updateCurrentMediaState: isPlaying = false
02-28 09:09:43.800  2666  3413 V Avrcp_ext: Media update: id -1➡-1? [MediaAttributes: none] : [MediaAttributes: none]
02-28 09:09:43.800  2666  3413 V Avrcp_ext: newPlayStatus:2mReportedPlayStatus:-1
02-28 09:09:43.800 13511 13544 D NavServiceProvider: Detecting stop. distance_d=1077.1462. stop_type=1 speed=17.590046
02-28 09:09:43.800  2666  3413 V Avrcp_ext: updatePlaybackState, state: PlaybackState {state=2, position=-1, buffered position=0, speed=0.0, updated=1787130, actions=0, custom actions=[], active item id=-1, error=null} device: null
02-28 09:09:43.800  2666  3413 V Avrcp_ext: Device: no name:
02-28 09:09:43.800  2666  3413 I chatty  : uid=1002(bluetooth) BluetoothAvrcpH identical 2 lines
02-28 09:09:43.800  2666  3413 V Avrcp_ext: Device: no name:
02-28 09:09:43.800 13511 13544 D NavigationTest: 88: (28.032511, -82.437902, 17.590046)	R:false  F:false
02-28 09:09:43.800  2666  3413 V Avrcp_ext: Device: no name:
02-28 09:09:43.800  2666  3413 V Avrcp_ext: updatePlayerStateAndPosition, old=PlaybackState {state=2, position=-1, buffered position=0, speed=0.0, updated=1786993, actions=0, custom actions=[], active item id=-1, error=null}, state=PlaybackState {state=2, position=-1, buffered position=0, speed=0.0, updated=1787130, actions=0, custom actions=[], active item id=-1, error=null}
02-28 09:09:43.800 13511 13544 D NavigationTest: 89: (28.032511, -82.437902, 17.590046)	R:false  F:false
02-28 09:09:43.800 13511 13544 D NavServiceProvider: Second to last stop coordinates: 28.032462, -82.426948
02-28 09:09:43.800  2666  3413 V Avrcp_ext: old state = PlaybackState {state=2, position=-1, buffered position=0, speed=0.0, updated=1786993, actions=0, custom actions=[], active item id=-1, error=null}, new state= PlaybackState {state=2, position=-1, buffered position=0, speed=0.0, updated=1787130, actions=0, custom actions=[], active item id=-1, error=null}
02-28 09:09:43.800  2666  3413 D HeadsetService: getHeadsetService(): returning com.android.bluetooth.hfp.HeadsetService@8a04d28
02-28 09:09:43.800 13511 13544 D NavServiceProvider: Setting units automatically
02-28 09:09:43.800  2666  3413 D HeadsetService:  isAudioOn: The number of audio connected devices 0
02-28 09:09:43.800  2666  3413 D HeadsetService: isScoOrCallActive(): Call Active:falseCall is Ringing:falseSCO is Active:false
02-28 09:09:43.801  2666  3413 D HeadsetService:  isAudioOn: The number of audio connected devices 0
02-28 09:09:43.801  2666  3413 I Avrcp_ext: updatePlayStatusForDevice: device: null
02-28 09:09:43.801  2666  3413 V Avrcp_ext: updatePlaybackState (1): old=PlaybackState {state=2, position=-1, buffered position=0, speed=0.0, updated=1786993, actions=0, custom actions=[], active item id=-1, error=null}(2), new=PlaybackState {state=2, position=-1, buffered position=0, speed=0.0, updated=1787130, actions=0, custom actions=[], active item id=-1, error=null}(2)
02-28 09:09:43.801  2666  3413 I Avrcp_ext: Exit updatePlayStatusForDevice
02-28 09:09:43.801  2666  3413 D HeadsetService:  isAudioOn: The number of audio connected devices 0
02-28 09:09:43.801  2666  3413 D HeadsetService: isScoOrCallActive(): Call Active:falseCall is Ringing:falseSCO is Active:false
02-28 09:09:43.801  2666  3413 D HeadsetService:  isAudioOn: The number of audio connected devices 0
02-28 09:09:43.801  2666  3413 I Avrcp_ext: updatePlayStatusForDevice: device: null
02-28 09:09:43.801  2666  3413 V Avrcp_ext: updatePlaybackState (1): old=PlaybackState {state=2, position=-1, buffered position=0, speed=0.0, updated=1786993, actions=0, custom actions=[], active item id=-1, error=null}(2), new=PlaybackState {state=2, position=-1, buffered position=0, speed=0.0, updated=1787130, actions=0, custom actions=[], active item id=-1, error=null}(2)
02-28 09:09:43.801  2666  3413 I Avrcp_ext: Exit updatePlayStatusForDevice
02-28 09:09:43.801 13511 13544 D NavServiceProvider: Detecting stop. distance_d=1061.415. stop_type=1 speed=16.991062
02-28 09:09:43.801 13511 13544 D NavigationTest: 90: (28.032514, -82.437742, 16.991062)	R:false  F:false
02-28 09:09:43.802 13511 13544 D NavigationTest: 91: (28.032514, -82.437742, 16.991062)	R:false  F:false
02-28 09:09:43.802 13511 13544 D NavServiceProvider: Second to last stop coordinates: 28.032462, -82.426948
02-28 09:09:43.802  2666  3413 D HeadsetService:  isAudioOn: The number of audio connected devices 0
02-28 09:09:43.802  2666  3413 D HeadsetService: isScoOrCallActive(): Call Active:falseCall is Ringing:falseSCO is Active:false
02-28 09:09:43.802  2666  3413 D HeadsetService:  isAudioOn: The number of audio connected devices 0
02-28 09:09:43.802  2666  3413 I Avrcp_ext: updatePlayStatusForDevice: device: null
02-28 09:09:43.802  2666  3413 V Avrcp_ext: updatePlaybackState (1): old=PlaybackState {state=2, position=-1, buffered position=0, speed=0.0, updated=1786993, actions=0, custom actions=[], active item id=-1, error=null}(2), new=PlaybackState {state=2, position=-1, buffered position=0, speed=0.0, updated=1787130, actions=0, custom actions=[], active item id=-1, error=null}(2)
02-28 09:09:43.802  2666  3413 I Avrcp_ext: Exit updatePlayStatusForDevice
02-28 09:09:43.802  2666  3413 D HeadsetService:  isAudioOn: The number of audio connected devices 0
02-28 09:09:43.802  2666  3413 D HeadsetService: isScoOrCallActive(): Call Active:falseCall is Ringing:falseSCO is Active:false
02-28 09:09:43.803  2666  3413 D HeadsetService:  isAudioOn: The number of audio connected devices 0
02-28 09:09:43.803  2666  3413 I Avrcp_ext: updatePlayStatusForDevice: device: null
02-28 09:09:43.803  2666  3413 V Avrcp_ext: updatePlaybackState (1): old=PlaybackState {state=2, position=-1, buffered position=0, speed=0.0, updated=1786993, actions=0, custom actions=[], active item id=-1, error=null}(2), new=PlaybackState {state=2, position=-1, buffered position=0, speed=0.0, updated=1787130, actions=0, custom actions=[], active item id=-1, error=null}(2)
02-28 09:09:43.803  2666  3413 I Avrcp_ext: Exit updatePlayStatusForDevice
02-28 09:09:43.803  2666  3413 D HeadsetService:  isAudioOn: The number of audio connected devices 0
02-28 09:09:43.803  2666  3413 D HeadsetService: isScoOrCallActive(): Call Active:falseCall is Ringing:falseSCO is Active:false
02-28 09:09:43.803  2666  3413 D HeadsetService:  isAudioOn: The number of audio connected devices 0
02-28 09:09:43.803  2666  3413 I Avrcp_ext: updatePlayStatusForDevice: device: null
02-28 09:09:43.803  2666  3413 V Avrcp_ext: updatePlaybackState (1): old=PlaybackState {state=2, position=-1, buffered position=0, speed=0.0, updated=1786993, actions=0, custom actions=[], active item id=-1, error=null}(2), new=PlaybackState {state=2, position=-1, buffered position=0, speed=0.0, updated=1787130, actions=0, custom actions=[], active item id=-1, error=null}(2)
02-28 09:09:43.803  2666  3413 I Avrcp_ext: Exit updatePlayStatusForDevice
02-28 09:09:43.803  2666  3413 D Avrcp_ext: Enter sendPlayPosNotificationRsp
02-28 09:09:43.803  2666  3413 D Avrcp_ext: sendPlayPosNotificationRsp: Not registered or requesting.
02-28 09:09:43.803  2666  3413 D Avrcp_ext: Enter sendPlayPosNotificationRsp
02-28 09:09:43.803  2666  3413 D Avrcp_ext: sendPlayPosNotificationRsp: Not registered or requesting.
02-28 09:09:43.803  2666  3413 D Avrcp_ext: Enter sendPlayPosNotificationRsp
02-28 09:09:43.803  2666  3413 D Avrcp_ext: sendPlayPosNotificationRsp: Not registered or requesting.
02-28 09:09:43.803  2666  3413 D Avrcp_ext: Enter sendPlayPosNotificationRsp
02-28 09:09:43.803  2666  3413 D Avrcp_ext: sendPlayPosNotificationRsp: Not registered or requesting.
02-28 09:09:43.803  2666  3413 D Avrcp_ext: Enter sendPlayPosNotificationRsp
02-28 09:09:43.803  2666  3413 D Avrcp_ext: sendPlayPosNotificationRsp: Not registered or requesting.
02-28 09:09:43.803  2666  3413 V Avrcp_ext: Exit updatePlayerStateAndPosition
02-28 09:09:43.803 13511 13544 D NavServiceProvider: Setting units automatically
02-28 09:09:43.805 13511 13544 D NavServiceProvider: Detecting stop. distance_d=1044.5126. stop_type=1 speed=17.100845
02-28 09:09:43.805 13511 13544 D NavigationTest: 92: (28.032529, -82.437570, 17.100845)	R:false  F:false
02-28 09:09:43.805 13511 13544 D NavigationTest: 93: (28.032529, -82.437570, 17.100845)	R:false  F:false
02-28 09:09:43.805 13511 13544 D NavServiceProvider: Second to last stop coordinates: 28.032462, -82.426948
02-28 09:09:43.805 13511 13544 D NavServiceProvider: Setting units automatically
02-28 09:09:43.806 13511 13544 D NavServiceProvider: Detecting stop. distance_d=1029.4706. stop_type=1 speed=16.36099
02-28 09:09:43.806 13511 13544 D NavigationTest: 94: (28.032532, -82.437417, 16.360991)	R:false  F:false
02-28 09:09:43.806 13511 13544 D NavigationTest: 95: (28.032532, -82.437417, 16.360991)	R:false  F:false
02-28 09:09:43.806 13511 13544 D NavServiceProvider: Second to last stop coordinates: 28.032462, -82.426948
02-28 09:09:43.807 13511 13544 D NavServiceProvider: Setting units automatically
02-28 09:09:43.808 13511 13544 D NavServiceProvider: Detecting stop. distance_d=1012.55536. stop_type=1 speed=16.720242
02-28 09:09:43.808 13511 13544 D NavigationTest: 96: (28.032529, -82.437245, 16.720242)	R:false  F:false
02-28 09:09:43.808 13511 13544 D NavServiceProvider: Second to last stop coordinates: 28.032462, -82.426948
02-28 09:09:43.808 13511 13544 D NavServiceProvider: Setting units automatically
02-28 09:09:43.809 13511 13544 D NavServiceProvider: Detecting stop. distance_d=994.95044. stop_type=1 speed=16.560047
02-28 09:09:43.810 13511 13544 D NavigationTest: 97: (28.032524, -82.437066, 16.560047)	R:false  F:false
02-28 09:09:43.810 13511 13544 D NavigationTest: 98: (28.032524, -82.437066, 16.560047)	R:false  F:false
02-28 09:09:43.810 13511 13544 D NavServiceProvider: Second to last stop coordinates: 28.032462, -82.426948
02-28 09:09:43.810 13511 13544 D NavServiceProvider: Setting units automatically
02-28 09:09:43.811 13511 13544 D NavServiceProvider: Detecting stop. distance_d=979.1225. stop_type=1 speed=16.170027
02-28 09:09:43.812 13511 13544 D NavigationTest: 99: (28.032528, -82.436905, 16.170027)	R:false  F:false
02-28 09:09:43.812 13511 13544 D NavServiceProvider: Second to last stop coordinates: 28.032462, -82.426948
02-28 09:09:43.812 13511 13544 D NavServiceProvider: Setting units automatically
02-28 09:09:43.813   871  6793 D msm8974_platform: platform_split_snd_device: snd_device(2) num devices(1) new_snd_devices(0)
02-28 09:09:43.813 13511 13544 D NavServiceProvider: Detecting stop. distance_d=962.30566. stop_type=1 speed=16.020002
02-28 09:09:43.813 13511 13544 D NavigationTest: 100: (28.032525, -82.436734, 16.020002)	R:false  F:false
02-28 09:09:43.813 13511 13544 D NavigationTest: 101: (28.032525, -82.436734, 16.020002)	R:false  F:false
02-28 09:09:43.813 13511 13544 D NavServiceProvider: Second to last stop coordinates: 28.032462, -82.426948
02-28 09:09:43.814 13511 13544 D NavServiceProvider: Setting units automatically
02-28 09:09:43.815 13511 13544 D NavServiceProvider: Detecting stop. distance_d=945.9813. stop_type=1 speed=15.970154
02-28 09:09:43.815 13511 13544 D NavigationTest: 102: (28.032523, -82.436568, 15.970154)	R:false  F:false
02-28 09:09:43.815 13511 13544 D NavigationTest: 103: (28.032523, -82.436568, 15.970154)	R:false  F:false
02-28 09:09:43.815 13511 13544 D NavServiceProvider: Second to last stop coordinates: 28.032462, -82.426948
02-28 09:09:43.815 13511 13544 D NavServiceProvider: Setting units automatically
02-28 09:09:43.816 13511 13544 D NavServiceProvider: Detecting stop. distance_d=930.4477. stop_type=1 speed=15.010004
02-28 09:09:43.816 13511 13544 D NavigationTest: 104: (28.032526, -82.436410, 15.010004)	R:false  F:false
02-28 09:09:43.816 13511 13544 D NavigationTest: 105: (28.032526, -82.436410, 15.010004)	R:false  F:false
02-28 09:09:43.816 13511 13544 D NavServiceProvider: Second to last stop coordinates: 28.032462, -82.426948
02-28 09:09:43.817 13511 13544 D NavServiceProvider: Setting units automatically
02-28 09:09:43.818 13511 13544 D NavServiceProvider: Detecting stop. distance_d=915.89496. stop_type=1 speed=14.920164
02-28 09:09:43.818 13511 13544 D NavigationTest: 106: (28.032526, -82.436262, 14.920164)	R:false  F:false
02-28 09:09:43.818 13511 13544 D NavigationTest: 107: (28.032526, -82.436262, 14.920164)	R:false  F:false
02-28 09:09:43.818 13511 13544 D NavigationTest: 108: (28.032526, -82.436262, 14.920164)	R:false  F:false
02-28 09:09:43.818 13511 13544 D NavigationTest: 109: (28.032526, -82.436262, 14.920164)	R:false  F:false
02-28 09:09:43.818 13511 13544 D NavServiceProvider: Second to last stop coordinates: 28.032462, -82.426948
02-28 09:09:43.818 13511 13544 D NavServiceProvider: Setting units automatically
02-28 09:09:43.819 13511 13544 D NavServiceProvider: Detecting stop. distance_d=900.65216. stop_type=1 speed=14.260056
02-28 09:09:43.819 13511 13544 D NavigationTest: 110: (28.032524, -82.436107, 14.260056)	R:false  F:false
02-28 09:09:43.820 13511 13544 D NavigationTest: 111: (28.032524, -82.436107, 14.260056)	R:false  F:false
02-28 09:09:43.820 13511 13544 D NavServiceProvider: Second to last stop coordinates: 28.032462, -82.426948
02-28 09:09:43.820 13511 13544 D NavServiceProvider: Setting units automatically
02-28 09:09:43.821 13511 13544 D NavServiceProvider: Detecting stop. distance_d=885.9925. stop_type=1 speed=13.430182
02-28 09:09:43.821 13511 13544 D NavigationTest: 112: (28.032513, -82.435958, 13.430182)	R:false  F:false
02-28 09:09:43.821 13511 13544 D NavigationTest: 113: (28.032513, -82.435958, 13.430182)	R:false  F:false
02-28 09:09:43.821 13511 13544 D NavServiceProvider: Second to last stop coordinates: 28.032462, -82.426948
02-28 09:09:43.821 13511 13544 D NavServiceProvider: Setting units automatically
02-28 09:09:43.822 13511 13544 D NavServiceProvider: Detecting stop. distance_d=874.97955. stop_type=1 speed=11.43011
02-28 09:09:43.822 13511 13544 D NavigationTest: 114: (28.032513, -82.435846, 11.430110)	R:false  F:false
02-28 09:09:43.823 13511 13544 D NavigationTest: 115: (28.032513, -82.435846, 11.430110)	R:false  F:false
02-28 09:09:43.823 13511 13544 D NavServiceProvider: Second to last stop coordinates: 28.032462, -82.426948
02-28 09:09:43.823 13511 13544 D NavServiceProvider: Setting units automatically
02-28 09:09:43.824 13511 13544 D NavServiceProvider: Detecting stop. distance_d=864.1611. stop_type=1 speed=10.480042
02-28 09:09:43.824 13511 13544 D NavigationTest: 116: (28.032510, -82.435736, 10.480042)	R:false  F:false
02-28 09:09:43.824 13511 13544 D NavServiceProvider: Second to last stop coordinates: 28.032462, -82.426948
02-28 09:09:43.824 13511 13544 D NavServiceProvider: Setting units automatically
02-28 09:09:43.825 13511 13544 D NavServiceProvider: Detecting stop. distance_d=856.59326. stop_type=1 speed=8.390024
02-28 09:09:43.825 13511 13544 D NavigationTest: 117: (28.032515, -82.435659, 8.390024)	R:false  F:false
02-28 09:09:43.825 13511 13544 D NavigationTest: 118: (28.032515, -82.435659, 8.390024)	R:false  F:false
02-28 09:09:43.825 13511 13544 D NavServiceProvider: Second to last stop coordinates: 28.032462, -82.426948
02-28 09:09:43.826 13511 13544 D NavServiceProvider: Setting units automatically
02-28 09:09:43.827 13511 13544 D NavServiceProvider: Detecting stop. distance_d=849.7125. stop_type=1 speed=6.840592
02-28 09:09:43.827 13511 13544 D NavigationTest: 119: (28.032518, -82.435589, 6.840592)	R:false  F:false
02-28 09:09:43.827 13511 13544 D NavServiceProvider: Second to last stop coordinates: 28.032462, -82.426948
02-28 09:09:43.827 13511 13544 D NavServiceProvider: Setting units automatically
02-28 09:09:43.828 13511 13544 D NavServiceProvider: Detecting stop. distance_d=844.2094. stop_type=1 speed=5.901661
02-28 09:09:43.828 13511 13544 D NavigationTest: 120: (28.032522, -82.435533, 5.901661)	R:false  F:false
02-28 09:09:43.828 13511 13544 D NavigationTest: 121: (28.032522, -82.435533, 5.901661)	R:false  F:false
02-28 09:09:43.828 13511 13544 D NavServiceProvider: Second to last stop coordinates: 28.032462, -82.426948
02-28 09:09:43.829 13511 13544 D NavServiceProvider: Setting units automatically
02-28 09:09:43.830 13511 13544 D NavServiceProvider: Detecting stop. distance_d=839.098. stop_type=1 speed=4.303766
02-28 09:09:43.830 13511 13544 D NavigationTest: 122: (28.032524, -82.435481, 4.303766)	R:false  F:false
02-28 09:09:43.830 13511 13544 D NavServiceProvider: Second to last stop coordinates: 28.032462, -82.426948
02-28 09:09:43.830 13511 13544 D NavServiceProvider: Setting units automatically
02-28 09:09:43.831 13511 13544 D NavServiceProvider: Detecting stop. distance_d=837.4283. stop_type=1 speed=2.065454
02-28 09:09:43.831 13511 13544 D NavigationTest: 123: (28.032526, -82.435464, 2.065454)	R:false  F:false
02-28 09:09:43.831 13511 13544 D NavigationTest: 124: (28.032526, -82.435464, 2.065454)	R:false  F:false
02-28 09:09:43.831 13511 13544 D NavServiceProvider: Second to last stop coordinates: 28.032462, -82.426948
02-28 09:09:43.832 13511 13544 D NavServiceProvider: Setting units automatically
02-28 09:09:43.833 13511 13544 D NavServiceProvider: Detecting stop. distance_d=837.82446. stop_type=1 speed=0.488467
02-28 09:09:43.833 13511 13544 D NavigationTest: 125: (28.032529, -82.435468, 0.488467)	R:false  F:false
02-28 09:09:43.833 13511 13544 D NavServiceProvider: Second to last stop coordinates: 28.032462, -82.426948
02-28 09:09:43.833 13511 13544 D NavServiceProvider: Setting units automatically
02-28 09:09:43.834 13511 13544 D NavServiceProvider: Detecting stop. distance_d=838.5189. stop_type=1 speed=0.693542
02-28 09:09:43.834 13511 13544 D NavigationTest: 126: (28.032535, -82.435475, 0.693542)	R:false  F:false
02-28 09:09:43.834 13511 13544 D NavigationTest: 127: (28.032535, -82.435475, 0.693542)	R:false  F:false
02-28 09:09:43.834 13511 13544 D NavServiceProvider: Second to last stop coordinates: 28.032462, -82.426948
02-28 09:09:43.835 13511 13544 D NavServiceProvider: Setting units automatically
02-28 09:09:43.835 13511 13544 D NavServiceProvider: Detecting stop. distance_d=838.32227. stop_type=1 speed=0.362215
02-28 09:09:43.836 13511 13544 D NavigationTest: 128: (28.032535, -82.435473, 0.362215)	R:false  F:false
02-28 09:09:43.836 13511 13544 D NavigationTest: 129: (28.032535, -82.435473, 0.362215)	R:false  F:false
02-28 09:09:43.836 13511 13544 D NavServiceProvider: Second to last stop coordinates: 28.032462, -82.426948
02-28 09:09:43.836 13511 13544 D NavServiceProvider: Setting units automatically
02-28 09:09:43.837 13511 13544 D NavServiceProvider: Detecting stop. distance_d=838.72577. stop_type=1 speed=0.622896
02-28 09:09:43.837 13511 13544 D NavigationTest: 130: (28.032544, -82.435477, 0.622896)	R:false  F:false
02-28 09:09:43.837 13511 13544 D NavigationTest: 131: (28.032544, -82.435477, 0.622896)	R:false  F:false
02-28 09:09:43.837 13511 13544 D NavServiceProvider: Second to last stop coordinates: 28.032462, -82.426948
02-28 09:09:43.837 13511 13544 D NavServiceProvider: Setting units automatically
02-28 09:09:43.838 13511 13544 D NavServiceProvider: Detecting stop. distance_d=837.2473. stop_type=1 speed=0.272947
02-28 09:09:43.838 13511 13544 D NavigationTest: 132: (28.032541, -82.435462, 0.272947)	R:false  F:false
02-28 09:09:43.838 13511 13544 D NavServiceProvider: Second to last stop coordinates: 28.032462, -82.426948
02-28 09:09:43.839 13511 13544 D NavServiceProvider: Setting units automatically
02-28 09:09:43.840 13511 13544 D NavServiceProvider: Detecting stop. distance_d=838.03625. stop_type=1 speed=0.08
02-28 09:09:43.840 13511 13544 D NavigationTest: 133: (28.032543, -82.435470, 0.080000)	R:false  F:false
02-28 09:09:43.840 13511 13544 D NavigationTest: 134: (28.032543, -82.435470, 0.080000)	R:false  F:false
02-28 09:09:43.840 13511 13544 D NavServiceProvider: Second to last stop coordinates: 28.032462, -82.426948
02-28 09:09:43.840 13511 13544 D NavServiceProvider: Setting units automatically
02-28 09:09:43.841 13511 13544 D NavServiceProvider: Detecting stop. distance_d=838.425. stop_type=1 speed=0.463897
02-28 09:09:43.841 13511 13544 D NavigationTest: 135: (28.032539, -82.435474, 0.463897)	R:false  F:false
02-28 09:09:43.841 13511 13544 D NavigationTest: 136: (28.032539, -82.435474, 0.463897)	R:false  F:false
02-28 09:09:43.841 13511 13544 D NavServiceProvider: Second to last stop coordinates: 28.032462, -82.426948
02-28 09:09:43.842 13511 13544 D NavServiceProvider: Setting units automatically
02-28 09:09:43.843 13511 13544 D NavServiceProvider: Detecting stop. distance_d=839.0025. stop_type=1 speed=0.15
02-28 09:09:43.843 13511 13544 D NavigationTest: 137: (28.032527, -82.435480, 0.150000)	R:false  F:false
02-28 09:09:43.843 13511 13544 D NavServiceProvider: Second to last stop coordinates: 28.032462, -82.426948
02-28 09:09:43.843 13511 13544 D NavServiceProvider: Setting units automatically
02-28 09:09:43.844 13511 13544 D NavServiceProvider: Detecting stop. distance_d=838.4054. stop_type=1 speed=0.342053
02-28 09:09:43.844 13511 13544 D NavigationTest: 138: (28.032519, -82.435474, 0.342053)	R:false  F:false
02-28 09:09:43.844 13511 13544 D NavigationTest: 139: (28.032519, -82.435474, 0.342053)	R:false  F:false
02-28 09:09:43.844 13511 13544 D NavServiceProvider: Second to last stop coordinates: 28.032462, -82.426948
02-28 09:09:43.844 13511 13544 D NavServiceProvider: Setting units automatically
02-28 09:09:43.845 13511 13544 D NavServiceProvider: Detecting stop. distance_d=838.20874. stop_type=1 speed=0.447214
02-28 09:09:43.845 13511 13544 D NavigationTest: 140: (28.032519, -82.435472, 0.447214)	R:false  F:false
02-28 09:09:43.845 13511 13544 D NavServiceProvider: Second to last stop coordinates: 28.032462, -82.426948
02-28 09:09:43.846 13511 13544 D NavServiceProvider: Setting units automatically
02-28 09:09:43.847 13511 13544 D NavServiceProvider: Detecting stop. distance_d=841.0703. stop_type=1 speed=0.0
02-28 09:09:43.847 13511 13544 D NavigationTest: 141: (28.032530, -82.435501, 0.000000)	R:false  F:false
02-28 09:09:43.847 13511 13544 D NavigationTest: 142: (28.032530, -82.435501, 0.000000)	R:false  F:false
02-28 09:09:43.847 13511 13544 D NavigationTest: 143: (28.032530, -82.435501, 0.000000)	R:false  F:false
02-28 09:09:43.847 13511 13544 D NavServiceProvider: Second to last stop coordinates: 28.032462, -82.426948
