02-28 09:09:55.371 13511 13544 I TestRunner: started: testTrip8C(org.onebusaway.android.nav.test.NavigationTest)
02-28 09:09:55.372 13511 13511 I MonitoringInstr: Activities that are still in CREATED to STOPPED: 0
02-28 09:09:55.374   871   871 D msm8974_platform: platform_split_snd_device: snd_device(2) num devices(1) new_snd_devices(0)
02-28 09:09:55.374   871   871 D ACDB-LOADER: ACDB -> send_audvoltable
02-28 09:09:55.374   871   871 D ACDB-LOADER: ACDB -> ACDB_CMD_GET_AUDPROC_VOL_STEP_TABLE_SIZE
02-28 09:09:55.374   871   871 D ACDB-LOADER: ACDB -> ACDB_CMD_GET_AUDPROC_GAIN_DEP_STEP_TABLE, vol index 0
02-28 09:09:55.374   871   871 D         : Failed to fetch the lookup information of the device 0000000F
02-28 09:09:55.374   871   871 E ACDB-LOADER: Error: ACDB AudProc vol returned = -19
02-28 09:09:55.374   871   871 D ACDB-LOADER: ACDB -> AUDIO_SET_VOL_CAL cal type = 40
02-28 09:09:55.375   871   871 D msm8974_platform: platform_split_snd_device: snd_device(2) num devices(1) new_snd_devices(0)
02-28 09:09:55.377 13511 13544 D NavServiceProvider: Creating NavigationServiceProvider...
02-28 09:09:55.377 13511 13544 D NavServiceProvider: Starting navigation for service
02-28 09:09:55.377 13511 13544 D NavServiceProvider: ProximityCalculator initializing...
02-28 09:09:55.377 13511 13544 D NavServiceProvider: Initializing ProximityCalculator
02-28 09:09:55.377 13511 13544 D NavServiceProvider: Number of path links: 1
02-28 09:09:55.378 13511 13544 D NavServiceProvider: Second to last stop coordinates: 28.058051, -82.416532
02-28 09:09:55.378 13511 13544 D NavServiceProvider: Setting units automatically
02-28 09:09:55.380   871   911 D msm8974_platform: platform_split_snd_device: snd_device(2) num devices(1) new_snd_devices(0)
02-28 09:09:55.380   871   911 D ACDB-LOADER: ACDB -> send_audvoltable
02-28 09:09:55.380   871   911 D ACDB-LOADER: ACDB -> ACDB_CMD_GET_AUDPROC_VOL_STEP_TABLE_SIZE
02-28 09:09:55.380   871   911 D ACDB-LOADER: ACDB -> ACDB_CMD_GET_AUDPROC_GAIN_DEP_STEP_TABLE, vol index 5
02-28 09:09:55.380   871   911 D         : Failed to fetch the lookup information of the device 0000000F
02-28 09:09:55.380   871   911 E ACDB-LOADER: Error: ACDB AudProc vol returned = -19
02-28 09:09:55.380   871   911 D ACDB-LOADER: ACDB -> AUDIO_SET_VOL_CAL cal type = 40
02-28 09:09:55.381 13579 13766 D AudioTrack: stop(198): called with 4096 frames delivered
02-28 09:09:55.381 13579 13612 I SynthesisCache: streamCachedRequest call to callback.audioAvailable failed: -1
02-28 09:09:55.382 13579 13612 I GoogleTTSServiceImpl: Synthesis request for locale eng-USA and name en-US-language
02-28 09:09:55.383 13579 13612 I GoogleTTSServiceImpl: TTS dispatch: en-us-x-iog-seanet-embedded
02-28 09:09:55.383 13511 13544 D NavServiceProvider: -----Get ready!
02-28 09:09:55.383 13511 13544 D NavigationTest: 0: (28.058317, -82.416306, 0.000000)	R:true  F:false
02-28 09:09:55.383 13511 13544 D NavigationTest: 0: (28.058317, -82.416306, 0.000000)	R:true  F:false
02-28 09:09:55.383 13511 13544 D NavigationTest: 1: (28.058317, -82.416306, 0.000000)	R:true  F:false
02-28 09:09:55.383 13511 13544 D NavigationTest: 2: (28.058317, -82.416306, 0.000000)	R:true  F:false
02-28 09:09:55.383 13511 13544 D NavServiceProvider: Second to last stop coordinates: 28.058051, -82.416532
02-28 09:09:55.384 13511 13544 D NavServiceProvider: Setting units automatically
02-28 09:09:55.385 13511 13544 D NavServiceProvider: Detecting stop. distance_d=31.75161. stop_type=1 speed=3.363406
02-28 09:09:55.385 13511 13544 D NavServiceProvider: Case 2: false
02-28 09:09:55.385 13511 13544 D NavigationTest: 3: (28.058140, -82.416225, 3.363406)	R:true  F:false
02-28 09:09:55.385 13511 13544 D NavigationTest: 4: (28.058140, -82.416225, 3.363406)	R:true  F:false
02-28 09:09:55.385 13511 13544 D NavServiceProvider: Second to last stop coordinates: 28.058051, -82.416532
02-28 09:09:55.385  2666  3413 D Avrcp_ext: AudioManager Player: ID:23 -- type:android.media.SoundPool -- u/pid:10126/2688 -- state:idle -- attr:AudioAttributes: usage=USAGE_ASSISTANCE_SONIFICATION content=CONTENT_TYPE_SONIFICATION flags=0x800 tags= bundle=null
02-28 09:09:55.385  2666  3413 D Avrcp_ext: AudioManager Player: ID:1431 -- type:android.media.AudioTrack -- u/pid:10088/13579 -- state:stopped -- attr:AudioAttributes: usage=USAGE_MEDIA content=CONTENT_TYPE_SPEECH flags=0x800 tags= bundle=null
02-28 09:09:55.385 13511 13544 D NavServiceProvider: Setting units automatically
02-28 09:09:55.385  2666  3413 D Avrcp_ext: AudioManager Player: ID:15 -- type:android.media.SoundPool -- u/pid:1000/1493 -- state:idle -- attr:AudioAttributes: usage=USAGE_ASSISTANCE_SONIFICATION content=CONTENT_TYPE_SONIFICATION flags=0x800 tags= bundle=null
02-28 09:09:55.385  2666  3413 D Avrcp_ext: AudioManager isPlaying: false
02-28 09:09:55.386  2666  3413 V Avrcp_ext: updateCurrentMediaState: mMediaController: null
02-28 09:09:55.386  2666  3413 V Avrcp_ext: isMusicActive: true getBluetoothPlayState: 2
02-28 09:09:55.386  2666  3413 V Avrcp_ext: updateCurrentMediaState: isPlaying = false
02-28 09:09:55.386  2666  3413 V Avrcp_ext: Media update: id -1➡-1? [MediaAttributes: none] : [MediaAttributes: none]
02-28 09:09:55.386  2666  3413 V Avrcp_ext: newPlayStatus:2mReportedPlayStatus:-1
02-28 09:09:55.386  2666  3413 V Avrcp_ext: updatePlaybackState, state: PlaybackState {state=2, position=-1, buffered position=0, speed=0.0, updated=1798716, actions=0, custom actions=[], active item id=-1, error=null} device: null
02-28 09:09:55.386  2666  3413 V Avrcp_ext: Device: no name:
02-28 09:09:55.386  2666  3413 I chatty  : uid=1002(bluetooth) BluetoothAvrcpH identical 3 lines
02-28 09:09:55.386  2666  3413 V Avrcp_ext: Device: no name:
02-28 09:09:55.386  2666  3413 V Avrcp_ext: updatePlayerStateAndPosition, old=PlaybackState {state=2, position=-1, buffered position=0, speed=0.0, updated=1798698, actions=0, custom actions=[], active item id=-1, error=null}, state=PlaybackState {state=2, position=-1, buffered position=0, speed=0.0, updated=1798716, actions=0, custom actions=[], active item id=-1, error=null}
02-28 09:09:55.386  2666  3413 V Avrcp_ext: old state = PlaybackState {state=2, position=-1, buffered position=0, speed=0.0, updated=1798698, actions=0, custom actions=[], active item id=-1, error=null}, new state= PlaybackState {state=2, position=-1, buffered position=0, speed=0.0, updated=1798716, actions=0, custom actions=[], active item id=-1, error=null}
02-28 09:09:55.386  2666  3413 D HeadsetService: getHeadsetService(): returning com.android.bluetooth.hfp.HeadsetService@8a04d28
02-28 09:09:55.387  2666  3413 D HeadsetService:  isAudioOn: The number of audio connected devices 0
02-28 09:09:55.387  2666  3413 D HeadsetService: isScoOrCallActive(): Call Active:falseCall is Ringing:falseSCO is Active:false
02-28 09:09:55.387 13511 13544 D NavServiceProvider: Detecting stop. distance_d=26.833107. stop_type=1 speed=2.795085
02-28 09:09:55.387 13511 13544 D NavigationTest: 5: (28.058109, -82.416267, 2.795085)	R:true  F:false
02-28 09:09:55.387 13511 13544 D NavigationTest: 6: (28.058109, -82.416267, 2.795085)	R:true  F:false
02-28 09:09:55.387 13511 13544 D NavServiceProvider: Second to last stop coordinates: 28.058051, -82.416532
02-28 09:09:55.388 13511 13544 D NavServiceProvider: Setting units automatically
02-28 09:09:55.389 13511 13544 D NavServiceProvider: Detecting stop. distance_d=26.669207. stop_type=1 speed=3.051639
02-28 09:09:55.389 13511 13544 D NavigationTest: 7: (28.058110, -82.416269, 3.051639)	R:true  F:false
02-28 09:09:55.389 13511 13544 D NavigationTest: 8: (28.058110, -82.416269, 3.051639)	R:true  F:false
02-28 09:09:55.389 13511 13544 D NavigationTest: 9: (28.058110, -82.416269, 3.051639)	R:true  F:false
02-28 09:09:55.389 13511 13544 D NavServiceProvider: Second to last stop coordinates: 28.058051, -82.416532
02-28 09:09:55.390 13511 13544 D NavServiceProvider: Setting units automatically
02-28 09:09:55.390  2666  3413 D HeadsetService:  isAudioOn: The number of audio connected devices 0
02-28 09:09:55.390  2666  3413 I Avrcp_ext: updatePlayStatusForDevice: device: null
02-28 09:09:55.390  2666  3413 V Avrcp_ext: updatePlaybackState (1): old=PlaybackState {state=2, position=-1, buffered position=0, speed=0.0, updated=1798698, actions=0, custom actions=[], active item id=-1, error=null}(2), new=PlaybackState {state=2, position=-1, buffered position=0, speed=0.0, updated=1798716, actions=0, custom actions=[], active item id=-1, error=null}(2)
02-28 09:09:55.390  2666  3413 I Avrcp_ext: Exit updatePlayStatusForDevice
02-28 09:09:55.391  2666  3413 D HeadsetService:  isAudioOn: The number of audio connected devices 0
02-28 09:09:55.391  2666  3413 D HeadsetService: isScoOrCallActive(): Call Active:falseCall is Ringing:falseSCO is Active:false
02-28 09:09:55.391  2666  3413 D HeadsetService:  isAudioOn: The number of audio connected devices 0
02-28 09:09:55.391  2666  3413 I Avrcp_ext: updatePlayStatusForDevice: device: null
02-28 09:09:55.391  2666  3413 V Avrcp_ext: updatePlaybackState (1): old=PlaybackState {state=2, position=-1, buffered position=0, speed=0.0, updated=1798698, actions=0, custom actions=[], active item id=-1, error=null}(2), new=PlaybackState {state=2, position=-1, buffered position=0, speed=0.0, updated=1798716, actions=0, custom actions=[], active item id=-1, error=null}(2)
02-28 09:09:55.391  2666  3413 I Avrcp_ext: Exit updatePlayStatusForDevice
02-28 09:09:55.391  2666  3413 D HeadsetService:  isAudioOn: The number of audio connected devices 0
02-28 09:09:55.391  2666  3413 D HeadsetService: isScoOrCallActive(): Call Active:falseCall is Ringing:falseSCO is Active:false
02-28 09:09:55.391 13511 13544 D NavServiceProvider: Detecting stop. distance_d=25.328245. stop_type=1 speed=3.201562
02-28 09:09:55.391  2666  3413 D HeadsetService:  isAudioOn: The number of audio connected devices 0
02-28 09:09:55.391  2666  3413 I Avrcp_ext: updatePlayStatusForDevice: device: null
02-28 09:09:55.391  2666  3413 V Avrcp_ext: updatePlaybackState (1): old=PlaybackState {state=2, position=-1, buffered position=0, speed=0.0, updated=1798698, actions=0, custom actions=[], active item id=-1, error=null}(2), new=PlaybackState {state=2, position=-1, buffered position=0, speed=0.0, updated=1798716, actions=0, custom actions=[], active item id=-1, error=null}(2)
02-28 09:09:55.391  2666  3413 I Avrcp_ext: Exit updatePlayStatusForDevice
02-28 09:09:55.392 13511 13544 D NavigationTest: 10: (28.058116, -82.416285, 3.201562)	R:true  F:false
02-28 09:09:55.392 13511 13544 D NavigationTest: 11: (28.058116, -82.416285, 3.201562)	R:true  F:false
02-28 09:09:55.392 13511 13544 D NavServiceProvider: Second to last stop coordinates: 28.058051, -82.416532
02-28 09:09:55.392  2666  3413 D HeadsetService:  isAudioOn: The number of audio connected devices 0
02-28 09:09:55.392  2666  3413 D HeadsetService: isScoOrCallActive(): Call Active:falseCall is Ringing:falseSCO is Active:false
02-28 09:09:55.392  2666  3413 D HeadsetService:  isAudioOn: The number of audio connected devices 0
02-28 09:09:55.392  2666  3413 I Avrcp_ext: updatePlayStatusForDevice: device: null
02-28 09:09:55.392  2666  3413 V Avrcp_ext: updatePlaybackState (1): old=PlaybackState {state=2, position=-1, buffered position=0, speed=0.0, updated=1798698, actions=0, custom actions=[], active item id=-1, error=null}(2), new=PlaybackState {state=2, position=-1, buffered position=0, speed=0.0, updated=1798716, actions=0, custom actions=[], active item id=-1, error=null}(2)
02-28 09:09:55.392  2666  3413 I Avrcp_ext: Exit updatePlayStatusForDevice
02-28 09:09:55.392 13511 13544 D NavServiceProvider: Setting units automatically
02-28 09:09:55.392  2666  3413 D HeadsetService:  isAudioOn: The number of audio connected devices 0
02-28 09:09:55.392  2666  3413 D HeadsetService: isScoOrCallActive(): Call Active:falseCall is Ringing:falseSCO is Active:false
02-28 09:09:55.393  2666  3413 D HeadsetService:  isAudioOn: The number of audio connected devices 0
02-28 09:09:55.393  2666  3413 I Avrcp_ext: updatePlayStatusForDevice: device: null
02-28 09:09:55.393  2666  3413 V Avrcp_ext: updatePlaybackState (1): old=PlaybackState {state=2, position=-1, buffered position=0, speed=0.0, updated=1798698, actions=0, custom actions=[], active item id=-1, error=null}(2), new=PlaybackState {state=2, position=-1, buffered position=0, speed=0.0, updated=1798716, actions=0, custom actions=[], active item id=-1, error=null}(2)
02-28 09:09:55.393  2666  3413 I Avrcp_ext: Exit updatePlayStatusForDevice
02-28 09:09:55.393  2666  3413 D Avrcp_ext: Enter sendPlayPosNotificationRsp
02-28 09:09:55.393  2666  3413 D Avrcp_ext: sendPlayPosNotificationRsp: Not registered or requesting.
02-28 09:09:55.393  2666  3413 D Avrcp_ext: Enter sendPlayPosNotificationRsp
02-28 09:09:55.393  2666  3413 D Avrcp_ext: sendPlayPosNotificationRsp: Not registered or requesting.
02-28 09:09:55.393  2666  3413 D Avrcp_ext: Enter sendPlayPosNotificationRsp
02-28 09:09:55.393  2666  3413 D Avrcp_ext: sendPlayPosNotificationRsp: Not registered or requesting.
02-28 09:09:55.393  2666  3413 D Avrcp_ext: Enter sendPlayPosNotificationRsp
02-28 09:09:55.393  2666  3413 D Avrcp_ext: sendPlayPosNotificationRsp: Not registered or requesting.
02-28 09:09:55.393  2666  3413 D Avrcp_ext: Enter sendPlayPosNotificationRsp
02-28 09:09:55.393  2666  3413 D Avrcp_ext: sendPlayPosNotificationRsp: Not registered or requesting.
02-28 09:09:55.393  2666  3413 V Avrcp_ext: Exit updatePlayerStateAndPosition
02-28 09:09:55.393  2666  3413 D Avrcp_ext: AudioManager Player: ID:23 -- type:android.media.SoundPool -- u/pid:10126/2688 -- state:idle -- attr:AudioAttributes: usage=USAGE_ASSISTANCE_SONIFICATION content=CONTENT_TYPE_SONIFICATION flags=0x800 tags= bundle=null
02-28 09:09:55.393  2666  3413 D Avrcp_ext: AudioManager Player: ID:15 -- type:android.media.SoundPool -- u/pid:1000/1493 -- state:idle -- attr:AudioAttributes: usage=USAGE_ASSISTANCE_SONIFICATION content=CONTENT_TYPE_SONIFICATION flags=0x800 tags= bundle=null
02-28 09:09:55.393  2666  3413 D Avrcp_ext: AudioManager isPlaying: false
02-28 09:09:55.393 13511 13544 D NavServiceProvider: Detecting stop. distance_d=23.199636. stop_type=1 speed=3.363406
02-28 09:09:55.393 13511 13544 D NavigationTest: 12: (28.058122, -82.416310, 3.363406)	R:true  F:false
02-28 09:09:55.394 13511 13544 D NavigationTest: 13: (28.058122, -82.416310, 3.363406)	R:true  F:false
02-28 09:09:55.394 13511 13544 D NavServiceProvider: Second to last stop coordinates: 28.058051, -82.416532
02-28 09:09:55.394 13511 13544 D NavServiceProvider: Setting units automatically
02-28 09:09:55.396 13511 13544 D NavServiceProvider: Detecting stop. distance_d=19.391226. stop_type=1 speed=4.71699
02-28 09:09:55.396 13511 13544 D NavServiceProvider: Case 3: false
02-28 09:09:55.396 13511 13544 D NavigationTest: 14: (28.058130, -82.416356, 4.716990)	R:true  F:false
02-28 09:09:55.396 13511 13544 D NavigationTest: 15: (28.058130, -82.416356, 4.716990)	R:true  F:false
02-28 09:09:55.396 13511 13544 D NavServiceProvider: Second to last stop coordinates: 28.058051, -82.416532
02-28 09:09:55.397 13511 13544 D NavServiceProvider: Setting units automatically
02-28 09:09:55.398 13511 13544 D NavServiceProvider: Detecting stop. distance_d=12.594942. stop_type=1 speed=7.19809
02-28 09:09:55.398 13511 13544 D NavServiceProvider: Case 4: false
02-28 09:09:55.398 13511 13544 D NavigationTest: 16: (28.058131, -82.416441, 7.198090)	R:true  F:false
02-28 09:09:55.399 13511 13544 D NavServiceProvider: Second to last stop coordinates: 28.058051, -82.416532
02-28 09:09:55.399 13511 13544 D NavServiceProvider: Setting units automatically
02-28 09:09:55.400 13511 13544 D NavServiceProvider: Detecting stop. distance_d=8.8058815. stop_type=1 speed=8.143249
02-28 09:09:55.400 13511 13544 D NavigationTest: 17: (28.058110, -82.416592, 8.143249)	R:true  F:false
02-28 09:09:55.400 13511 13544 D NavigationTest: 18: (28.058110, -82.416592, 8.143249)	R:true  F:false
02-28 09:09:55.400 13511 13544 D NavServiceProvider: Second to last stop coordinates: 28.058051, -82.416532
02-28 09:09:55.401 13511 13544 D NavServiceProvider: Setting units automatically
02-28 09:09:55.402 13511 13544 D NavServiceProvider: Detecting stop. distance_d=16.460617. stop_type=1 speed=9.100138
02-28 09:09:55.402 13511 13544 D NavigationTest: 19: (28.058117, -82.416682, 9.100138)	R:true  F:false
02-28 09:09:55.402 13511 13544 D NavServiceProvider: Second to last stop coordinates: 28.058051, -82.416532
02-28 09:09:55.403 13511 13544 D NavServiceProvider: Setting units automatically
02-28 09:09:55.404 13511 13544 D NavServiceProvider: Detecting stop. distance_d=25.736761. stop_type=1 speed=9.581884
02-28 09:09:55.404 13511 13544 D NavServiceProvider: Case 5: true
02-28 09:09:55.404 13511 13544 D NavServiceProvider: Proximity Event fired
02-28 09:09:55.404 13511 13544 D NavServiceProvider: Checking if path has more path links left to be navigated
02-28 09:09:55.404 13511 13544 D NavServiceProvider: PathLink index: 0 Number of PathLinks: 1
02-28 09:09:55.404 13511 13544 D NavServiceProvider: %%%%%%N%%%%%%%%% No more PathLinks left in Path %%%%%%%%%%%%%%%%%%%%%
02-28 09:09:55.404 13511 13544 D NavServiceProvider: Got to last stop
02-28 09:09:55.404 13511 13544 D NavServiceProvider: Alert 1 screen before last stop
02-28 09:09:55.404 13511 13544 D NavServiceProvider: Calling destination reached...
02-28 09:09:55.411 13511 13544 D NavServiceProvider: -----Get off the bus!
02-28 09:09:55.412 13511 13544 D NavigationTest: 20: (28.058117, -82.416783, 9.581884)	R:true  F:true
02-28 09:09:55.413 13511 13544 I System.out: O311C: INFO Log level changed: DEBUG
02-28 09:09:55.413 13511 13544 I System.out: O311C: INFO Dry run mode changed: true
02-28 09:09:55.413 13511 13544 W Application: Open311 issue reporting is in debug/dry run mode - no issues will be submitted.
02-28 09:09:55.413 13511 13544 I System.out: O311C: INFO clearOpen311
02-28 09:09:55.413 13511 13544 I TestRunner: finished: testTrip8C(org.onebusaway.android.nav.test.NavigationTest)
