02-28 09:09:35.221 13511 13544 I TestRunner: started: testTrip6(org.onebusaway.android.nav.test.NavigationTest)
02-28 09:09:35.223 13511 13511 I MonitoringInstr: Activities that are still in CREATED to STOPPED: 0
02-28 09:09:35.239 13511 13544 D NavServiceProvider: Creating NavigationServiceProvider...
02-28 09:09:35.239 13511 13544 D NavServiceProvider: Starting navigation for service
02-28 09:09:35.239 13511 13544 D NavServiceProvider: ProximityCalculator initializing...
02-28 09:09:35.239 13511 13544 D NavServiceProvider: Initializing ProximityCalculator
02-28 09:09:35.239 13511 13544 D NavServiceProvider: Number of path links: 1
02-28 09:09:35.239 13511 13544 D NavServiceProvider: Second to last stop coordinates: 27.998794, -82.500982
02-28 09:09:35.239 13511 13544 D NavServiceProvider: Setting units automatically
02-28 09:09:35.241 13511 13544 D NavServiceProvider: Detecting stop. distance_d=4091.0244. stop_type=1 speed=0.0
02-28 09:09:35.241 13511 13544 D NavigationTest: 0: (28.035710, -82.501035, 0.000000)	R:false  F:false
02-28 09:09:35.241 13511 13544 D NavServiceProvider: Second to last stop coordinates: 27.998794, -82.500982
02-28 09:09:35.241 13511 13544 D NavServiceProvider: Setting units automatically
02-28 09:09:35.243 13511 13544 D NavServiceProvider: Detecting stop. distance_d=4091.9082. stop_type=1 speed=0.0
02-28 09:09:35.243 13511 13544 D NavigationTest: 1: (28.035718, -82.501004, 0.000000)	R:false  F:false
02-28 09:09:35.243 13511 13544 D NavigationTest: 2: (28.035718, -82.501004, 0.000000)	R:false  F:false
02-28 09:09:35.243 13511 13544 D NavServiceProvider: Second to last stop coordinates: 27.998794, -82.500982
02-28 09:09:35.243 13511 13544 D NavServiceProvider: Setting units automatically
02-28 09:09:35.244 13511 13544 D NavServiceProvider: Detecting stop. distance_d=4093.9065. stop_type=1 speed=0.586941
02-28 09:09:35.244 13511 13544 D NavigationTest: 3: (28.035735, -82.500670, 0.586941)	R:false  F:false
02-28 09:09:35.244 13511 13544 D NavigationTest: 4: (28.035735, -82.500670, 0.586941)	R:false  F:false
02-28 09:09:35.244 13511 13544 D NavServiceProvider: Second to last stop coordinates: 27.998794, -82.500982
02-28 09:09:35.245 13511 13544 D NavServiceProvider: Setting units automatically
02-28 09:09:35.246 13511 13544 D NavServiceProvider: Detecting stop. distance_d=4097.0767. stop_type=1 speed=0.0
02-28 09:09:35.246 13511 13544 D NavigationTest: 5: (28.035764, -82.500736, 0.000000)	R:false  F:false
02-28 09:09:35.246 13511 13544 D NavigationTest: 6: (28.035764, -82.500736, 0.000000)	R:false  F:false
02-28 09:09:35.246 13511 13544 D NavServiceProvider: Second to last stop coordinates: 27.998794, -82.500982
02-28 09:09:35.246 13511 13544 D NavServiceProvider: Setting units automatically
02-28 09:09:35.247 13511 13544 D NavServiceProvider: Detecting stop. distance_d=4096.8574. stop_type=1 speed=0.0
02-28 09:09:35.247 13511 13544 D NavigationTest: 7: (28.035762, -82.500732, 0.000000)	R:false  F:false
02-28 09:09:35.247 13511 13544 D NavigationTest: 8: (28.035762, -82.500732, 0.000000)	R:false  F:false
02-28 09:09:35.247 13511 13544 D NavServiceProvider: Second to last stop coordinates: 27.998794, -82.500982
02-28 09:09:35.248 13511 13544 D NavServiceProvider: Setting units automatically
02-28 09:09:35.249 13511 13544 D NavServiceProvider: Detecting stop. distance_d=4096.864. stop_type=1 speed=0.0
02-28 09:09:35.249 13511 13544 D NavigationTest: 9: (28.035762, -82.500722, 0.000000)	R:false  F:false
02-28 09:09:35.249 13511 13544 D NavigationTest: 10: (28.035762, -82.500722, 0.000000)	R:false  F:false
02-28 09:09:35.249 13511 13544 D NavServiceProvider: Second to last stop coordinates: 27.998794, -82.500982
02-28 09:09:35.249 13511 13544 D NavServiceProvider: Setting units automatically
02-28 09:09:35.251 13511 13544 D NavServiceProvider: Detecting stop. distance_d=4097.744. stop_type=1 speed=0.0
02-28 09:09:35.251 13511 13544 D NavigationTest: 11: (28.035770, -82.500732, 0.000000)	R:false  F:false
02-28 09:09:35.251 13511 13544 D NavigationTest: 12: (28.035770, -82.500732, 0.000000)	R:false  F:false
02-28 09:09:35.251 13511 13544 D NavServiceProvider: Second to last stop coordinates: 27.998794, -82.500982
02-28 09:09:35.252 13511 13544 D NavServiceProvider: Setting units automatically
02-28 09:09:35.253 13511 13544 D NavServiceProvider: Detecting stop. distance_d=4097.9673. stop_type=1 speed=0.0
02-28 09:09:35.253 13511 13544 D NavigationTest: 13: (28.035772, -82.500729, 0.000000)	R:false  F:false
02-28 09:09:35.253 13511 13544 D NavServiceProvider: Second to last stop coordinates: 27.998794, -82.500982
02-28 09:09:35.254 13511 13544 D NavServiceProvider: Setting units automatically
02-28 09:09:35.255 13511 13544 D NavServiceProvider: Detecting stop. distance_d=4096.744. stop_type=1 speed=0.550364
02-28 09:09:35.255 13511 13544 D NavigationTest: 14: (28.035761, -82.500736, 0.550364)	R:false  F:false
02-28 09:09:35.255 13511 13544 D NavigationTest: 15: (28.035761, -82.500736, 0.550364)	R:false  F:false
02-28 09:09:35.255 13511 13544 D NavServiceProvider: Second to last stop coordinates: 27.998794, -82.500982
02-28 09:09:35.256 13511 13544 D NavServiceProvider: Setting units automatically
02-28 09:09:35.257 13511 13544 D NavServiceProvider: Detecting stop. distance_d=4096.856. stop_type=1 speed=0.981835
02-28 09:09:35.257 13511 13544 D NavigationTest: 16: (28.035762, -82.500735, 0.981835)	R:false  F:false
02-28 09:09:35.257 13511 13544 D NavigationTest: 17: (28.035762, -82.500735, 0.981835)	R:false  F:false
02-28 09:09:35.257 13511 13544 D NavServiceProvider: Second to last stop coordinates: 27.998794, -82.500982
02-28 09:09:35.257 13511 13544 D NavServiceProvider: Setting units automatically
02-28 09:09:35.258 13511 13544 D NavServiceProvider: Detecting stop. distance_d=4095.4158. stop_type=1 speed=1.421724
02-28 09:09:35.258 13511 13544 D NavigationTest: 18: (28.035749, -82.500734, 1.421724)	R:false  F:false
02-28 09:09:35.258 13511 13544 D NavServiceProvider: Second to last stop coordinates: 27.998794, -82.500982
02-28 09:09:35.258 13511 13544 D NavServiceProvider: Setting units automatically
02-28 09:09:35.259 13511 13544 D NavServiceProvider: Detecting stop. distance_d=4092.9727. stop_type=1 speed=2.181124
02-28 09:09:35.259 13511 13544 D NavigationTest: 19: (28.035727, -82.500743, 2.181124)	R:false  F:false
02-28 09:09:35.260 13511 13544 D NavigationTest: 20: (28.035727, -82.500743, 2.181124)	R:false  F:false
02-28 09:09:35.260 13511 13544 D NavServiceProvider: Second to last stop coordinates: 27.998794, -82.500982
02-28 09:09:35.260 13511 13544 D NavServiceProvider: Setting units automatically
02-28 09:09:35.261 13511 13544 D NavServiceProvider: Detecting stop. distance_d=4089.9817. stop_type=1 speed=3.030066
02-28 09:09:35.261 13511 13544 D NavigationTest: 21: (28.035700, -82.500741, 3.030066)	R:false  F:false
02-28 09:09:35.261 13511 13544 D NavigationTest: 22: (28.035700, -82.500741, 3.030066)	R:false  F:false
02-28 09:09:35.261 13511 13544 D NavServiceProvider: Second to last stop coordinates: 27.998794, -82.500982
02-28 09:09:35.261 13511 13544 D NavServiceProvider: Setting units automatically
02-28 09:09:35.262 13511 13544 D NavServiceProvider: Detecting stop. distance_d=4086.8765. stop_type=1 speed=3.64
02-28 09:09:35.262 13511 13544 D NavigationTest: 23: (28.035672, -82.500745, 3.640000)	R:false  F:false
02-28 09:09:35.262 13511 13544 D NavigationTest: 24: (28.035672, -82.500745, 3.640000)	R:false  F:false
02-28 09:09:35.262 13511 13544 D NavServiceProvider: Second to last stop coordinates: 27.998794, -82.500982
02-28 09:09:35.263 13511 13544 D NavServiceProvider: Setting units automatically
02-28 09:09:35.264 13511 13544 D NavServiceProvider: Detecting stop. distance_d=4083.4417. stop_type=1 speed=4.100012
02-28 09:09:35.264 13511 13544 D NavigationTest: 25: (28.035641, -82.500744, 4.100012)	R:false  F:false
02-28 09:09:35.264 13511 13544 D NavigationTest: 26: (28.035641, -82.500744, 4.100012)	R:false  F:false
02-28 09:09:35.264 13511 13544 D NavServiceProvider: Second to last stop coordinates: 27.998794, -82.500982
02-28 09:09:35.264 13511 13544 D NavServiceProvider: Setting units automatically
02-28 09:09:35.265 13511 13544 D NavServiceProvider: Detecting stop. distance_d=4078.7866. stop_type=1 speed=4.870657
02-28 09:09:35.265 13511 13544 D NavigationTest: 27: (28.035599, -82.500745, 4.870657)	R:false  F:false
02-28 09:09:35.265 13511 13544 D NavServiceProvider: Second to last stop coordinates: 27.998794, -82.500982
02-28 09:09:35.265 13511 13544 D NavServiceProvider: Setting units automatically
02-28 09:09:35.266 13511 13544 D NavServiceProvider: Detecting stop. distance_d=4073.0212. stop_type=1 speed=5.661245
02-28 09:09:35.266 13511 13544 D NavigationTest: 28: (28.035547, -82.500750, 5.661245)	R:false  F:false
02-28 09:09:35.266 13511 13544 D NavigationTest: 29: (28.035547, -82.500750, 5.661245)	R:false  F:false
02-28 09:09:35.266 13511 13544 D NavServiceProvider: Second to last stop coordinates: 27.998794, -82.500982
02-28 09:09:35.267 13511 13544 D NavServiceProvider: Setting units automatically
02-28 09:09:35.268 13511 13544 D NavServiceProvider: Detecting stop. distance_d=4065.3716. stop_type=1 speed=7.15179
02-28 09:09:35.268 13511 13544 D NavigationTest: 30: (28.035478, -82.500756, 7.151790)	R:false  F:false
02-28 09:09:35.268 13511 13544 D NavigationTest: 31: (28.035478, -82.500756, 7.151790)	R:false  F:false
02-28 09:09:35.268 13511 13544 D NavServiceProvider: Second to last stop coordinates: 27.998794, -82.500982
02-28 09:09:35.268 13511 13544 D NavServiceProvider: Setting units automatically
02-28 09:09:35.269 13511 13544 D NavServiceProvider: Detecting stop. distance_d=4056.17. stop_type=1 speed=8.32
02-28 09:09:35.269 13511 13544 D NavigationTest: 32: (28.035395, -82.500763, 8.320000)	R:false  F:false
02-28 09:09:35.269 13511 13544 D NavServiceProvider: Second to last stop coordinates: 27.998794, -82.500982
02-28 09:09:35.269 13511 13544 D NavServiceProvider: Setting units automatically
02-28 09:09:35.270 13511 13544 D NavServiceProvider: Detecting stop. distance_d=4046.8562. stop_type=1 speed=9.210266
02-28 09:09:35.270 13511 13544 D NavigationTest: 33: (28.035311, -82.500773, 9.210266)	R:false  F:false
02-28 09:09:35.270 13511 13544 D NavigationTest: 34: (28.035311, -82.500773, 9.210266)	R:false  F:false
02-28 09:09:35.270 13511 13544 D NavServiceProvider: Second to last stop coordinates: 27.998794, -82.500982
02-28 09:09:35.271 13511 13544 D NavServiceProvider: Setting units automatically
02-28 09:09:35.272 13511 13544 D NavServiceProvider: Detecting stop. distance_d=4037.1006. stop_type=1 speed=9.780511
02-28 09:09:35.272 13511 13544 D NavigationTest: 35: (28.035223, -82.500780, 9.780511)	R:false  F:false
02-28 09:09:35.272 13511 13544 D NavigationTest: 36: (28.035223, -82.500780, 9.780511)	R:false  F:false
02-28 09:09:35.272 13511 13544 D NavServiceProvider: Second to last stop coordinates: 27.998794, -82.500982
02-28 09:09:35.272 13511 13544 D NavServiceProvider: Setting units automatically
02-28 09:09:35.273 13511 13544 D NavServiceProvider: Detecting stop. distance_d=4027.0073. stop_type=1 speed=10.052408
02-28 09:09:35.273 13511 13544 D NavigationTest: 37: (28.035132, -82.500799, 10.052408)	R:false  F:false
02-28 09:09:35.273 13511 13544 D NavigationTest: 38: (28.035132, -82.500799, 10.052408)	R:false  F:false
02-28 09:09:35.273 13511 13544 D NavServiceProvider: Second to last stop coordinates: 27.998794, -82.500982
02-28 09:09:35.273 13511 13544 D NavServiceProvider: Setting units automatically
02-28 09:09:35.274 13511 13544 D NavServiceProvider: Detecting stop. distance_d=4016.919. stop_type=1 speed=10.42012
02-28 09:09:35.274 13511 13544 D NavigationTest: 39: (28.035041, -82.500808, 10.420120)	R:false  F:false
02-28 09:09:35.275 13511 13544 D NavigationTest: 40: (28.035041, -82.500808, 10.420120)	R:false  F:false
02-28 09:09:35.275 13511 13544 D NavServiceProvider: Second to last stop coordinates: 27.998794, -82.500982
02-28 09:09:35.275 13511 13544 D NavServiceProvider: Setting units automatically
02-28 09:09:35.276 13511 13544 D NavServiceProvider: Detecting stop. distance_d=4006.167. stop_type=1 speed=10.710229
02-28 09:09:35.276 13511 13544 D NavigationTest: 41: (28.034944, -82.500814, 10.710229)	R:false  F:false
02-28 09:09:35.276 13511 13544 D NavigationTest: 42: (28.034944, -82.500814, 10.710229)	R:false  F:false
02-28 09:09:35.276 13511 13544 D NavServiceProvider: Second to last stop coordinates: 27.998794, -82.500982
02-28 09:09:35.276 13511 13544 D NavServiceProvider: Setting units automatically
02-28 09:09:35.277 13511 13544 D NavServiceProvider: Detecting stop. distance_d=3995.3025. stop_type=1 speed=10.890116
02-28 09:09:35.277 13511 13544 D NavigationTest: 43: (28.034846, -82.500825, 10.890116)	R:false  F:false
02-28 09:09:35.277 13511 13544 D NavServiceProvider: Second to last stop coordinates: 27.998794, -82.500982
02-28 09:09:35.277 13511 13544 D NavServiceProvider: Setting units automatically
02-28 09:09:35.278 13511 13544 D NavServiceProvider: Detecting stop. distance_d=3983.8865. stop_type=1 speed=11.070366
02-28 09:09:35.278 13511 13544 D NavigationTest: 44: (28.034743, -82.500829, 11.070366)	R:false  F:false
02-28 09:09:35.278 13511 13544 D NavigationTest: 45: (28.034743, -82.500829, 11.070366)	R:false  F:false
02-28 09:09:35.279 13511 13544 D NavServiceProvider: Second to last stop coordinates: 27.998794, -82.500982
02-28 09:09:35.279 13511 13544 D NavServiceProvider: Setting units automatically
02-28 09:09:35.280 13511 13544 D NavServiceProvider: Detecting stop. distance_d=3972.0266. stop_type=1 speed=11.43004
02-28 09:09:35.280 13511 13544 D NavigationTest: 46: (28.034636, -82.500835, 11.430040)	R:false  F:false
02-28 09:09:35.280 13511 13544 D NavigationTest: 47: (28.034636, -82.500835, 11.430040)	R:false  F:false
02-28 09:09:35.280 13511 13544 D NavServiceProvider: Second to last stop coordinates: 27.998794, -82.500982
02-28 09:09:35.280 13511 13544 D NavServiceProvider: Setting units automatically
02-28 09:09:35.281 13511 13544 D NavServiceProvider: Detecting stop. distance_d=3960.6091. stop_type=1 speed=11.43004
02-28 09:09:35.281 13511 13544 D NavigationTest: 48: (28.034533, -82.500844, 11.430040)	R:false  F:false
02-28 09:09:35.281 13511 13544 D NavigationTest: 49: (28.034533, -82.500844, 11.430040)	R:false  F:false
02-28 09:09:35.281 13511 13544 D NavServiceProvider: Second to last stop coordinates: 27.998794, -82.500982
02-28 09:09:35.282 13511 13544 D NavServiceProvider: Setting units automatically
02-28 09:09:35.282 13511 13544 D NavServiceProvider: Detecting stop. distance_d=3948.312. stop_type=1 speed=11.740067
02-28 09:09:35.283 13511 13544 D NavigationTest: 50: (28.034422, -82.500833, 11.740067)	R:false  F:false
02-28 09:09:35.283 13511 13544 D NavigationTest: 51: (28.034422, -82.500833, 11.740067)	R:false  F:false
02-28 09:09:35.283 13511 13544 D NavServiceProvider: Second to last stop coordinates: 27.998794, -82.500982
02-28 09:09:35.283 13511 13544 D NavServiceProvider: Setting units automatically
02-28 09:09:35.284 13511 13544 D NavServiceProvider: Detecting stop. distance_d=3936.4539. stop_type=1 speed=12.410065
02-28 09:09:35.284 13511 13544 D NavigationTest: 52: (28.034315, -82.500835, 12.410065)	R:false  F:false
02-28 09:09:35.284 13511 13544 D NavigationTest: 53: (28.034315, -82.500835, 12.410065)	R:false  F:false
02-28 09:09:35.284 13511 13544 D NavServiceProvider: Second to last stop coordinates: 27.998794, -82.500982
02-28 09:09:35.284 13511 13544 D NavServiceProvider: Setting units automatically
02-28 09:09:35.285 13511 13544 D NavServiceProvider: Detecting stop. distance_d=3923.2644. stop_type=1 speed=12.760036
02-28 09:09:35.285 13511 13544 D NavigationTest: 54: (28.034196, -82.500840, 12.760036)	R:false  F:false
02-28 09:09:35.285 13511 13544 D NavigationTest: 55: (28.034196, -82.500840, 12.760036)	R:false  F:false
02-28 09:09:35.285 13511 13544 D NavServiceProvider: Second to last stop coordinates: 27.998794, -82.500982
02-28 09:09:35.285 13511 13544 D NavServiceProvider: Setting units automatically
02-28 09:09:35.286 13511 13544 D NavServiceProvider: Detecting stop. distance_d=3909.9622. stop_type=1 speed=12.770662
02-28 09:09:35.286 13511 13544 D NavigationTest: 56: (28.034076, -82.500852, 12.770662)	R:false  F:false
02-28 09:09:35.286 13511 13544 D NavigationTest: 57: (28.034076, -82.500852, 12.770662)	R:false  F:false
02-28 09:09:35.286 13511 13544 D NavServiceProvider: Second to last stop coordinates: 27.998794, -82.500982
02-28 09:09:35.287 13511 13544 D NavServiceProvider: Setting units automatically
02-28 09:09:35.288 13511 13544 D NavServiceProvider: Detecting stop. distance_d=3896.552. stop_type=1 speed=13.390538
02-28 09:09:35.288 13511 13544 D NavigationTest: 58: (28.033955, -82.500855, 13.390538)	R:false  F:false
02-28 09:09:35.288 13511 13544 D NavigationTest: 59: (28.033955, -82.500855, 13.390538)	R:false  F:false
02-28 09:09:35.288 13511 13544 D NavServiceProvider: Second to last stop coordinates: 27.998794, -82.500982
02-28 09:09:35.288 13511 13544 D NavServiceProvider: Setting units automatically
02-28 09:09:35.289 13511 13544 D NavServiceProvider: Detecting stop. distance_d=3882.9211. stop_type=1 speed=13.350183
02-28 09:09:35.289 13511 13544 D NavigationTest: 60: (28.033832, -82.500855, 13.350183)	R:false  F:false
02-28 09:09:35.289 13511 13544 D NavServiceProvider: Second to last stop coordinates: 27.998794, -82.500982
02-28 09:09:35.290 13511 13544 D NavServiceProvider: Setting units automatically
02-28 09:09:35.290 13511 13544 D NavServiceProvider: Detecting stop. distance_d=3869.7354. stop_type=1 speed=13.13
02-28 09:09:35.291 13511 13544 D NavigationTest: 61: (28.033713, -82.500850, 13.130000)	R:false  F:false
02-28 09:09:35.291 13511 13544 D NavigationTest: 62: (28.033713, -82.500850, 13.130000)	R:false  F:false
02-28 09:09:35.291 13511 13544 D NavServiceProvider: Second to last stop coordinates: 27.998794, -82.500982
02-28 09:09:35.291 13511 13544 D NavServiceProvider: Setting units automatically
02-28 09:09:35.292 13511 13544 D NavServiceProvider: Detecting stop. distance_d=3856.7715. stop_type=1 speed=12.690035
02-28 09:09:35.292 13511 13544 D NavigationTest: 63: (28.033596, -82.500844, 12.690035)	R:false  F:false
02-28 09:09:35.292 13511 13544 D NavServiceProvider: Second to last stop coordinates: 27.998794, -82.500982
02-28 09:09:35.292 13511 13544 D NavServiceProvider: Setting units automatically
02-28 09:09:35.293 13511 13544 D NavServiceProvider: Detecting stop. distance_d=3844.9146. stop_type=1 speed=13.110061
02-28 09:09:35.293 13511 13544 D NavigationTest: 64: (28.033489, -82.500842, 13.110061)	R:false  F:false
02-28 09:09:35.293 13511 13544 D NavigationTest: 65: (28.033489, -82.500842, 13.110061)	R:false  F:false
02-28 09:09:35.293 13511 13544 D NavServiceProvider: Second to last stop coordinates: 27.998794, -82.500982
02-28 09:09:35.294 13511 13544 D NavServiceProvider: Setting units automatically
02-28 09:09:35.295 13511 13544 D NavServiceProvider: Detecting stop. distance_d=3831.5059. stop_type=1 speed=13.820014
02-28 09:09:35.295 13511 13544 D NavigationTest: 66: (28.033368, -82.500841, 13.820014)	R:false  F:false
02-28 09:09:35.295 13511 13544 D NavigationTest: 67: (28.033368, -82.500841, 13.820014)	R:false  F:false
02-28 09:09:35.295 13511 13544 D NavServiceProvider: Second to last stop coordinates: 27.998794, -82.500982
02-28 09:09:35.295 13511 13544 D NavServiceProvider: Setting units automatically
02-28 09:09:35.296 13511 13544 D NavServiceProvider: Detecting stop. distance_d=3818.6494. stop_type=1 speed=14.060601
02-28 09:09:35.296 13511 13544 D NavigationTest: 68: (28.033252, -82.500845, 14.060601)	R:false  F:false
02-28 09:09:35.296 13511 13544 D NavServiceProvider: Second to last stop coordinates: 27.998794, -82.500982
02-28 09:09:35.296 13511 13544 D NavServiceProvider: Setting units automatically
02-28 09:09:35.297 13511 13544 D NavServiceProvider: Detecting stop. distance_d=3805.3506. stop_type=1 speed=13.600368
02-28 09:09:35.297 13511 13544 D NavigationTest: 69: (28.033132, -82.500846, 13.600368)	R:false  F:false
02-28 09:09:35.297 13511 13544 D NavigationTest: 70: (28.033132, -82.500846, 13.600368)	R:false  F:false
02-28 09:09:35.297 13511 13544 D NavServiceProvider: Second to last stop coordinates: 27.998794, -82.500982
02-28 09:09:35.298 13511 13544 D NavServiceProvider: Setting units automatically
02-28 09:09:35.299 13511 13544 D NavServiceProvider: Detecting stop. distance_d=3791.7212. stop_type=1 speed=13.600133
02-28 09:09:35.299 13511 13544 D NavigationTest: 71: (28.033009, -82.500842, 13.600133)	R:false  F:false
02-28 09:09:35.299 13511 13544 D NavServiceProvider: Second to last stop coordinates: 27.998794, -82.500982
02-28 09:09:35.299 13511 13544 D NavServiceProvider: Setting units automatically
02-28 09:09:35.300 13511 13544 D NavServiceProvider: Detecting stop. distance_d=3779.4187. stop_type=1 speed=13.930291
02-28 09:09:35.300 13511 13544 D NavigationTest: 72: (28.032898, -82.500847, 13.930291)	R:false  F:false
02-28 09:09:35.300 13511 13544 D NavigationTest: 73: (28.032898, -82.500847, 13.930291)	R:false  F:false
02-28 09:09:35.300 13511 13544 D NavServiceProvider: Second to last stop coordinates: 27.998794, -82.500982
02-28 09:09:35.300 13511 13544 D NavServiceProvider: Setting units automatically
02-28 09:09:35.301 13511 13544 D NavServiceProvider: Detecting stop. distance_d=3760.5864. stop_type=1 speed=14.460004
02-28 09:09:35.301 13511 13544 D NavigationTest: 74: (28.032728, -82.500828, 14.460004)	R:false  F:false
02-28 09:09:35.301 13511 13544 D NavigationTest: 75: (28.032728, -82.500828, 14.460004)	R:false  F:false
02-28 09:09:35.301 13511 13544 D NavServiceProvider: Second to last stop coordinates: 27.998794, -82.500982
02-28 09:09:35.302 13511 13544 D NavServiceProvider: Setting units automatically
02-28 09:09:35.303 13511 13544 D NavServiceProvider: Detecting stop. distance_d=3747.0657. stop_type=1 speed=13.900003
02-28 09:09:35.303 13511 13544 D NavigationTest: 76: (28.032606, -82.500830, 13.900003)	R:false  F:false
02-28 09:09:35.303 13511 13544 D NavServiceProvider: Second to last stop coordinates: 27.998794, -82.500982
02-28 09:09:35.303 13511 13544 D NavServiceProvider: Setting units automatically
02-28 09:09:35.304 13511 13544 D NavServiceProvider: Detecting stop. distance_d=3732.3296. stop_type=1 speed=13.950004
02-28 09:09:35.304 13511 13544 D NavigationTest: 77: (28.032473, -82.500823, 13.950004)	R:false  F:false
02-28 09:09:35.304 13511 13544 D NavigationTest: 78: (28.032473, -82.500823, 13.950004)	R:false  F:false
02-28 09:09:35.304 13511 13544 D NavServiceProvider: Second to last stop coordinates: 27.998794, -82.500982
02-28 09:09:35.304 13511 13544 D NavServiceProvider: Setting units automatically
02-28 09:09:35.305 13511 13544 D NavServiceProvider: Detecting stop. distance_d=3718.1465. stop_type=1 speed=14.113627
02-28 09:09:35.305 13511 13544 D NavigationTest: 79: (28.032345, -82.500819, 14.113627)	R:false  F:false
02-28 09:09:35.305 13511 13544 D NavServiceProvider: Second to last stop coordinates: 27.998794, -82.500982
02-28 09:09:35.305 13511 13544 D NavServiceProvider: Setting units automatically
02-28 09:09:35.306 13511 13544 D NavServiceProvider: Detecting stop. distance_d=3705.7317. stop_type=1 speed=13.93323
02-28 09:09:35.306 13511 13544 D NavigationTest: 80: (28.032233, -82.500826, 13.933230)	R:false  F:false
02-28 09:09:35.306 13511 13544 D NavigationTest: 81: (28.032233, -82.500826, 13.933230)	R:false  F:false
02-28 09:09:35.307 13511 13544 D NavigationTest: 82: (28.032233, -82.500826, 13.933230)	R:false  F:false
02-28 09:09:35.307 13511 13544 D NavServiceProvider: Second to last stop coordinates: 27.998794, -82.500982
02-28 09:09:35.307 13511 13544 D NavServiceProvider: Setting units automatically
02-28 09:09:35.308 13511 13544 D NavServiceProvider: Detecting stop. distance_d=3692.3242. stop_type=1 speed=14.030912
02-28 09:09:35.308 13511 13544 D NavigationTest: 83: (28.032112, -82.500822, 14.030912)	R:false  F:false
02-28 09:09:35.308 13511 13544 D NavigationTest: 84: (28.032112, -82.500822, 14.030912)	R:false  F:false
02-28 09:09:35.308 13511 13544 D NavServiceProvider: Second to last stop coordinates: 27.998794, -82.500982
02-28 09:09:35.308 13511 13544 D NavServiceProvider: Setting units automatically
02-28 09:09:35.309 13511 13544 D NavServiceProvider: Detecting stop. distance_d=3678.3623. stop_type=1 speed=14.030356
02-28 09:09:35.309 13511 13544 D NavigationTest: 85: (28.031986, -82.500819, 14.030356)	R:false  F:false
02-28 09:09:35.309 13511 13544 D NavServiceProvider: Second to last stop coordinates: 27.998794, -82.500982
02-28 09:09:35.310 13511 13544 D NavServiceProvider: Setting units automatically
02-28 09:09:35.311 13511 13544 D NavServiceProvider: Detecting stop. distance_d=3663.2954. stop_type=1 speed=14.190126
02-28 09:09:35.311 13511 13544 D NavigationTest: 86: (28.031850, -82.500809, 14.190126)	R:false  F:false
02-28 09:09:35.311 13511 13544 D NavigationTest: 87: (28.031850, -82.500809, 14.190126)	R:false  F:false
02-28 09:09:35.311 13511 13544 D NavServiceProvider: Second to last stop coordinates: 27.998794, -82.500982
02-28 09:09:35.311 13511 13544 D NavServiceProvider: Setting units automatically
02-28 09:09:35.312 13511 13544 D NavServiceProvider: Detecting stop. distance_d=3649.6633. stop_type=1 speed=14.660085
02-28 09:09:35.312 13511 13544 D NavigationTest: 88: (28.031727, -82.500812, 14.660085)	R:false  F:false
02-28 09:09:35.312 13511 13544 D NavigationTest: 89: (28.031727, -82.500812, 14.660085)	R:false  F:false
02-28 09:09:35.312 13511 13544 D NavServiceProvider: Second to last stop coordinates: 27.998794, -82.500982
02-28 09:09:35.312 13511 13544 D NavServiceProvider: Setting units automatically
02-28 09:09:35.313 13511 13544 D NavServiceProvider: Detecting stop. distance_d=3633.0452. stop_type=1 speed=14.990212
02-28 09:09:35.313 13511 13544 D NavigationTest: 90: (28.031577, -82.500802, 14.990212)	R:false  F:false
02-28 09:09:35.313 13511 13544 D NavServiceProvider: Second to last stop coordinates: 27.998794, -82.500982
02-28 09:09:35.314 13511 13544 D NavServiceProvider: Setting units automatically
02-28 09:09:35.315 13511 13544 D NavServiceProvider: Detecting stop. distance_d=3620.1887. stop_type=1 speed=14.550124
02-28 09:09:35.315 13511 13544 D NavigationTest: 91: (28.031461, -82.500805, 14.550124)	R:false  F:false
02-28 09:09:35.315 13511 13544 D NavigationTest: 92: (28.031461, -82.500805, 14.550124)	R:false  F:false
02-28 09:09:35.315 13511 13544 D NavServiceProvider: Second to last stop coordinates: 27.998794, -82.500982
02-28 09:09:35.315 13511 13544 D NavServiceProvider: Setting units automatically
02-28 09:09:35.316 13511 13544 D NavServiceProvider: Detecting stop. distance_d=3604.6816. stop_type=1 speed=14.99027
02-28 09:09:35.316 13511 13544 D NavigationTest: 93: (28.031321, -82.500790, 14.990270)	R:false  F:false
02-28 09:09:35.316 13511 13544 D NavigationTest: 94: (28.031321, -82.500790, 14.990270)	R:false  F:false
02-28 09:09:35.316 13511 13544 D NavServiceProvider: Second to last stop coordinates: 27.998794, -82.500982
02-28 09:09:35.316 13511 13544 D NavServiceProvider: Setting units automatically
02-28 09:09:35.318 13511 13544 D NavServiceProvider: Detecting stop. distance_d=3590.0562. stop_type=1 speed=14.85
02-28 09:09:35.318 13511 13544 D NavigationTest: 95: (28.031189, -82.500785, 14.850000)	R:false  F:false
02-28 09:09:35.318 13511 13544 D NavServiceProvider: Second to last stop coordinates: 27.998794, -82.500982
02-28 09:09:35.318 13511 13544 D NavServiceProvider: Setting units automatically
02-28 09:09:35.320 13511 13544 D NavServiceProvider: Detecting stop. distance_d=3568.9072. stop_type=1 speed=16.56059
02-28 09:09:35.320 13511 13544 D NavigationTest: 96: (28.030998, -82.500755, 16.560591)	R:false  F:false
02-28 09:09:35.320 13511 13544 D NavigationTest: 97: (28.030998, -82.500755, 16.560591)	R:false  F:false
02-28 09:09:35.320 13511 13544 D NavServiceProvider: Second to last stop coordinates: 27.998794, -82.500982
02-28 09:09:35.320 13511 13544 D NavServiceProvider: Setting units automatically
02-28 09:09:35.321 13511 13544 D NavServiceProvider: Detecting stop. distance_d=3554.6123. stop_type=1 speed=16.150791
02-28 09:09:35.321 13511 13544 D NavigationTest: 98: (28.030869, -82.500754, 16.150791)	R:false  F:false
02-28 09:09:35.321 13511 13544 D NavigationTest: 99: (28.030869, -82.500754, 16.150791)	R:false  F:false
02-28 09:09:35.321 13511 13544 D NavServiceProvider: Second to last stop coordinates: 27.998794, -82.500982
02-28 09:09:35.322 13511 13544 D NavServiceProvider: Setting units automatically
02-28 09:09:35.323 13511 13544 D NavServiceProvider: Detecting stop. distance_d=3545.403. stop_type=1 speed=14.780761
02-28 09:09:35.323 13511 13544 D NavigationTest: 100: (28.030786, -82.500773, 14.780761)	R:false  F:false
02-28 09:09:35.323 13511 13544 D NavigationTest: 101: (28.030786, -82.500773, 14.780761)	R:false  F:false
02-28 09:09:35.323 13511 13544 D NavServiceProvider: Second to last stop coordinates: 27.998794, -82.500982
02-28 09:09:35.323 13511 13544 D NavServiceProvider: Setting units automatically
02-28 09:09:35.324 13511 13544 D NavServiceProvider: Detecting stop. distance_d=3535.3052. stop_type=1 speed=14.061028
02-28 09:09:35.325 13511 13544 D NavigationTest: 102: (28.030695, -82.500798, 14.061028)	R:false  F:false
02-28 09:09:35.325 13511 13544 D NavigationTest: 103: (28.030695, -82.500798, 14.061028)	R:false  F:false
02-28 09:09:35.325 13511 13544 D NavServiceProvider: Second to last stop coordinates: 27.998794, -82.500982
02-28 09:09:35.325 13511 13544 D NavServiceProvider: Setting units automatically
02-28 09:09:35.326 13511 13544 D NavServiceProvider: Detecting stop. distance_d=3525.76. stop_type=1 speed=13.700131
02-28 09:09:35.326 13511 13544 D NavigationTest: 104: (28.030609, -82.500830, 13.700131)	R:false  F:false
02-28 09:09:35.326 13511 13544 D NavServiceProvider: Second to last stop coordinates: 27.998794, -82.500982
02-28 09:09:35.326 13511 13544 D NavServiceProvider: Setting units automatically
02-28 09:09:35.327 13511 13544 D NavServiceProvider: Detecting stop. distance_d=3512.5735. stop_type=1 speed=13.400059
02-28 09:09:35.328 13511 13544 D NavigationTest: 105: (28.030490, -82.500828, 13.400059)	R:false  F:false
02-28 09:09:35.328 13511 13544 D NavigationTest: 106: (28.030490, -82.500828, 13.400059)	R:false  F:false
02-28 09:09:35.328 13511 13544 D NavServiceProvider: Second to last stop coordinates: 27.998794, -82.500982
02-28 09:09:35.328 13511 13544 D NavServiceProvider: Setting units automatically
02-28 09:09:35.329 13511 13544 D NavServiceProvider: Detecting stop. distance_d=3501.8176. stop_type=1 speed=12.820561
02-28 09:09:35.329 13511 13544 D NavigationTest: 107: (28.030393, -82.500844, 12.820561)	R:false  F:false
02-28 09:09:35.329 13511 13544 D NavigationTest: 108: (28.030393, -82.500844, 12.820561)	R:false  F:false
02-28 09:09:35.330 13511 13544 D NavServiceProvider: Second to last stop coordinates: 27.998794, -82.500982
02-28 09:09:35.330 13511 13544 D NavServiceProvider: Setting units automatically
02-28 09:09:35.332 13511 13544 D NavServiceProvider: Detecting stop. distance_d=3490.9543. stop_type=1 speed=12.020017
02-28 09:09:35.332 13511 13544 D NavigationTest: 109: (28.030295, -82.500852, 12.020017)	R:false  F:false
02-28 09:09:35.332 13511 13544 D NavigationTest: 110: (28.030295, -82.500852, 12.020017)	R:false  F:false
02-28 09:09:35.332 13511 13544 D NavServiceProvider: Second to last stop coordinates: 27.998794, -82.500982
02-28 09:09:35.332   871   911 D msm8974_platform: platform_split_snd_device: snd_device(2) num devices(1) new_snd_devices(0)
02-28 09:09:35.332   871   911 D ACDB-LOADER: ACDB -> send_audvoltable
02-28 09:09:35.332   871   911 D ACDB-LOADER: ACDB -> ACDB_CMD_GET_AUDPROC_VOL_STEP_TABLE_SIZE
02-28 09:09:35.332   871   911 D ACDB-LOADER: ACDB -> ACDB_CMD_GET_AUDPROC_GAIN_DEP_STEP_TABLE, vol index 0
02-28 09:09:35.332 13511 13544 D NavServiceProvider: Setting units automatically
02-28 09:09:35.332   871   911 D         : Failed to fetch the lookup information of the device 0000000F
02-28 09:09:35.332   871   911 E ACDB-LOADER: Error: ACDB AudProc vol returned = -19
02-28 09:09:35.332   871   911 D ACDB-LOADER: ACDB -> AUDIO_SET_VOL_CAL cal type = 40
02-28 09:09:35.334 13511 13544 D NavServiceProvider: Detecting stop. distance_d=3480.5369. stop_type=1 speed=11.02055
02-28 09:09:35.334 13511 13544 D NavigationTest: 111: (28.030201, -82.500853, 11.020550)	R:false  F:false
02-28 09:09:35.334 13511 13544 D NavServiceProvider: Second to last stop coordinates: 27.998794, -82.500982
02-28 09:09:35.334  3336  3336 D BoundBrokerSvc: onUnbind: Intent { act=com.google.android.gms.icing.LIGHTWEIGHT_INDEX_SERVICE dat=chimera-action: cmp=com.google.android.gms/.chimera.PersistentApiService }
02-28 09:09:35.335 13511 13544 D NavServiceProvider: Setting units automatically
02-28 09:09:35.335   871  6793 D msm8974_platform: platform_split_snd_device: snd_device(2) num devices(1) new_snd_devices(0)
02-28 09:09:35.336 13511 13544 D NavServiceProvider: Detecting stop. distance_d=3470.0103. stop_type=1 speed=10.230019
02-28 09:09:35.336 13511 13544 D NavigationTest: 112: (28.030106, -82.500850, 10.230019)	R:false  F:false
02-28 09:09:35.336 13511 13544 D NavigationTest: 113: (28.030106, -82.500850, 10.230019)	R:false  F:false
02-28 09:09:35.336 13511 13544 D NavServiceProvider: Second to last stop coordinates: 27.998794, -82.500982
02-28 09:09:35.337 13511 13544 D NavServiceProvider: Setting units automatically
02-28 09:09:35.337   871   911 V EffectDiracSound: DiracSound_command() start, cmdCode=20
02-28 09:09:35.337   871   911 V EffectDiracSound: DiracSound_Command EFFECT_CMD_OFFLOAD
02-28 09:09:35.337   871  6793 V EffectDiracSound: DiracSound_command() start, cmdCode=1
02-28 09:09:35.337   871  6793 V EffectDiracSound: DiracSound_setConfig start
02-28 09:09:35.337   871  6793 I EffectDiracSound: DiracSound_updateState(), enable=0, hifi=0, device=0x2, headset=5, samplingRate=48000
02-28 09:09:35.337   871  6793 I EffectDiracSound: DiracSound_updateState(), mode=0, music=0, movie=0, reset=0
02-28 09:09:35.337   871  6793 I EffectDiracSound: DiracSound_updateState(), Speaker Movie/Stereo Mode is not supported. Stop update state.
02-28 09:09:35.337   871  6793 W EffectHAL: Effect 0xe4b38cd0 command SET_CONFIG returned status: Invalid argument
02-28 09:09:35.338   871   871 V EffectDiracSound: DiracSound_command() start, cmdCode=1
02-28 09:09:35.338   871   871 V EffectDiracSound: DiracSound_setConfig start
02-28 09:09:35.338   871   871 I EffectDiracSound: DiracSound_updateState(), enable=0, hifi=0, device=0x2, headset=5, samplingRate=48000
02-28 09:09:35.338   871   871 I EffectDiracSound: DiracSound_updateState(), mode=0, music=0, movie=0, reset=0
02-28 09:09:35.338   871   871 I EffectDiracSound: DiracSound_updateState(), Speaker Movie/Stereo Mode is not supported. Stop update state.
02-28 09:09:35.338   871  7501 V EffectDiracSound: DiracSound_command() start, cmdCode=9
02-28 09:09:35.338   871  7501 V EffectDiracSound: DiracSound_Command EFFECT_CMD_SET_DEVICE: 0x00000002
02-28 09:09:35.338   871  1408 V EffectDiracSound: DiracSound_command() start, cmdCode=11
02-28 09:09:35.338   871  1408 V EffectDiracSound: DiracSound_Command EFFECT_CMD_SET_AUDIO_MODE: 0
02-28 09:09:35.339 13511 13544 D NavServiceProvider: Detecting stop. distance_d=3460.2593. stop_type=1 speed=9.680047
02-28 09:09:35.339 13511 13544 D NavigationTest: 114: (28.030018, -82.500847, 9.680047)	R:false  F:false
02-28 09:09:35.339 13511 13544 D NavigationTest: 115: (28.030018, -82.500847, 9.680047)	R:false  F:false
02-28 09:09:35.339 13511 13544 D NavServiceProvider: Second to last stop coordinates: 27.998794, -82.500982
02-28 09:09:35.339 13511 13544 D NavServiceProvider: Setting units automatically
02-28 09:09:35.340   871   911 D audio_hw_primary: adev_get_parameters:vr_audio_mode_on
02-28 09:09:35.340   871   911 I audio_hw_primary: getting vr mode to 0
02-28 09:09:35.340   871   911 D audio_hw_primary: adev_get_parameters: exit: returns - vr_audio_mode_on=false
02-28 09:09:35.340   959  2592 I hash_map_utils: key: 'vr_audio_mode_on' value: ''
02-28 09:09:35.340   959  2592 I AudioPolicyManagerCustom: VR mode is 0, switch to primary output if request is for fast|raw
02-28 09:09:35.340   959  2592 I AudioPolicyManagerCustom: setting force DEEP buffer now
02-28 09:09:35.340   959  2592 D AudioFlinger: Client defaulted notificationFrames to 2048 for frameCount 4096
02-28 09:09:35.341 13511 13544 D NavServiceProvider: Detecting stop. distance_d=3451.1702. stop_type=1 speed=8.550006
02-28 09:09:35.341 13511 13544 D NavigationTest: 116: (28.029936, -82.500852, 8.550006)	R:false  F:false
02-28 09:09:35.341 13511 13544 D NavigationTest: 117: (28.029936, -82.500852, 8.550006)	R:false  F:false
02-28 09:09:35.341 13511 13544 D NavigationTest: 118: (28.029936, -82.500852, 8.550006)	R:false  F:false
02-28 09:09:35.341 13511 13544 D NavServiceProvider: Second to last stop coordinates: 27.998794, -82.500982
02-28 09:09:35.341 13511 13544 D NavServiceProvider: Setting units automatically
02-28 09:09:35.343 13511 13544 D NavServiceProvider: Detecting stop. distance_d=3441.755. stop_type=1 speed=8.111386
02-28 09:09:35.343 13511 13544 D NavigationTest: 119: (28.029851, -82.500841, 8.111386)	R:false  F:false
02-28 09:09:35.343   959  2592 D AF::TrackHandle: OpPlayAudio: track:190 usage:1 not muted
02-28 09:09:35.343 13511 13544 D NavigationTest: 120: (28.029851, -82.500841, 8.111386)	R:false  F:false
02-28 09:09:35.343 13511 13544 D NavServiceProvider: Second to last stop coordinates: 27.998794, -82.500982
02-28 09:09:35.343 13511 13544 D NavServiceProvider: Setting units automatically
02-28 09:09:35.345 13511 13544 D NavServiceProvider: Detecting stop. distance_d=3434.44. stop_type=1 speed=6.960115
02-28 09:09:35.345 13511 13544 D NavigationTest: 121: (28.029785, -82.500843, 6.960115)	R:false  F:false
02-28 09:09:35.345 13511 13544 D NavServiceProvider: Second to last stop coordinates: 27.998794, -82.500982
02-28 09:09:35.345  3648  3648 D BoundBrokerSvc: onUnbind: Intent { act=com.google.android.gms.feedback.internal.IFeedbackService dat=chimera-action: cmp=com.google.android.gms/.chimera.GmsBoundBrokerService }
02-28 09:09:35.345 13511 13544 D NavServiceProvider: Setting units automatically
02-28 09:09:35.347 13511 13544 D NavServiceProvider: Detecting stop. distance_d=3426.9043. stop_type=1 speed=6.790066
02-28 09:09:35.347 13511 13544 D NavigationTest: 122: (28.029717, -82.500843, 6.790066)	R:false  F:false
02-28 09:09:35.347 13511 13544 D NavigationTest: 123: (28.029717, -82.500843, 6.790066)	R:false  F:false
02-28 09:09:35.347 13511 13544 D NavServiceProvider: Second to last stop coordinates: 27.998794, -82.500982
02-28 09:09:35.347  2666  3413 D Avrcp_ext: AudioManager Player: ID:23 -- type:android.media.SoundPool -- u/pid:10126/2688 -- state:idle -- attr:AudioAttributes: usage=USAGE_ASSISTANCE_SONIFICATION content=CONTENT_TYPE_SONIFICATION flags=0x800 tags= bundle=null
02-28 09:09:35.347  2666  3413 D Avrcp_ext: AudioManager Player: ID:1111 -- type:android.media.AudioTrack -- u/pid:10088/13579 -- state:started -- attr:AudioAttributes: usage=USAGE_MEDIA content=CONTENT_TYPE_SPEECH flags=0x800 tags= bundle=null
02-28 09:09:35.347  2666  3413 D Avrcp_ext: AudioManager isPlaying: true
02-28 09:09:35.347  2666  3413 V Avrcp_ext: updateCurrentMediaState: mMediaController: null
02-28 09:09:35.348 13511 13544 D NavServiceProvider: Setting units automatically
02-28 09:09:35.348  2666  3413 V Avrcp_ext: isMusicActive: false getBluetoothPlayState: 2
02-28 09:09:35.348  2666  3413 V Avrcp_ext: updateCurrentMediaState: isPlaying = false
02-28 09:09:35.348  2666  3413 V Avrcp_ext: Media update: id -1➡-1? [MediaAttributes: none] : [MediaAttributes: none]
02-28 09:09:35.348  2666  3413 V Avrcp_ext: newPlayStatus:2mReportedPlayStatus:-1
02-28 09:09:35.348  2666  3413 V Avrcp_ext: updatePlaybackState, state: PlaybackState {state=2, position=-1, buffered position=0, speed=0.0, updated=1778678, actions=0, custom actions=[], active item id=-1, error=null} device: null
02-28 09:09:35.348  2666  3413 V Avrcp_ext: Device: no name:
02-28 09:09:35.348  2666  3413 I chatty  : uid=1002(bluetooth) BluetoothAvrcpH identical 3 lines
02-28 09:09:35.348  2666  3413 V Avrcp_ext: Device: no name:
02-28 09:09:35.348  2666  3413 V Avrcp_ext: updatePlayerStateAndPosition, old=PlaybackState {state=2, position=-1, buffered position=0, speed=0.0, updated=1778534, actions=0, custom actions=[], active item id=-1, error=null}, state=PlaybackState {state=2, position=-1, buffered position=0, speed=0.0, updated=1778678, actions=0, custom actions=[], active item id=-1, error=null}
02-28 09:09:35.348  2666  3413 V Avrcp_ext: old state = PlaybackState {state=2, position=-1, buffered position=0, speed=0.0, updated=1778534, actions=0, custom actions=[], active item id=-1, error=null}, new state= PlaybackState {state=2, position=-1, buffered position=0, speed=0.0, updated=1778678, actions=0, custom actions=[], active item id=-1, error=null}
02-28 09:09:35.348  2666  3413 D HeadsetService: getHeadsetService(): returning com.android.bluetooth.hfp.HeadsetService@8a04d28
02-28 09:09:35.348  2666  3413 D HeadsetService:  isAudioOn: The number of audio connected devices 0
02-28 09:09:35.348  2666  3413 D HeadsetService: isScoOrCallActive(): Call Active:falseCall is Ringing:falseSCO is Active:false
02-28 09:09:35.349  2666  3413 D HeadsetService:  isAudioOn: The number of audio connected devices 0
02-28 09:09:35.349  2666  3413 I Avrcp_ext: updatePlayStatusForDevice: device: null
02-28 09:09:35.349  2666  3413 V Avrcp_ext: updatePlaybackState (1): old=PlaybackState {state=2, position=-1, buffered position=0, speed=0.0, updated=1778534, actions=0, custom actions=[], active item id=-1, error=null}(2), new=PlaybackState {state=2, position=-1, buffered position=0, speed=0.0, updated=1778678, actions=0, custom actions=[], active item id=-1, error=null}(2)
02-28 09:09:35.349  2666  3413 I Avrcp_ext: Exit updatePlayStatusForDevice
02-28 09:09:35.349  2666  3413 D HeadsetService:  isAudioOn: The number of audio connected devices 0
02-28 09:09:35.349  2666  3413 D HeadsetService: isScoOrCallActive(): Call Active:falseCall is Ringing:falseSCO is Active:false
02-28 09:09:35.349  2666  3413 D HeadsetService:  isAudioOn: The number of audio connected devices 0
02-28 09:09:35.349  2666  3413 I Avrcp_ext: updatePlayStatusForDevice: device: null
02-28 09:09:35.349  2666  3413 V Avrcp_ext: updatePlaybackState (1): old=PlaybackState {state=2, position=-1, buffered position=0, speed=0.0, updated=1778534, actions=0, custom actions=[], active item id=-1, error=null}(2), new=PlaybackState {state=2, position=-1, buffered position=0, speed=0.0, updated=1778678, actions=0, custom actions=[], active item id=-1, error=null}(2)
02-28 09:09:35.349  2666  3413 I Avrcp_ext: Exit updatePlayStatusForDevice
02-28 09:09:35.349  2666  3413 D HeadsetService:  isAudioOn: The number of audio connected devices 0
02-28 09:09:35.349  2666  3413 D HeadsetService: isScoOrCallActive(): Call Active:falseCall is Ringing:falseSCO is Active:false
02-28 09:09:35.350 13511 13544 D NavServiceProvider: Detecting stop. distance_d=3419.3687. stop_type=1 speed=7.150007
02-28 09:09:35.350  2666  3413 D HeadsetService:  isAudioOn: The number of audio connected devices 0
02-28 09:09:35.350  2666  3413 I Avrcp_ext: updatePlayStatusForDevice: device: null
02-28 09:09:35.350  2666  3413 V Avrcp_ext: updatePlaybackState (1): old=PlaybackState {state=2, position=-1, buffered position=0, speed=0.0, updated=1778534, actions=0, custom actions=[], active item id=-1, error=null}(2), new=PlaybackState {state=2, position=-1, buffered position=0, speed=0.0, updated=1778678, actions=0, custom actions=[], active item id=-1, error=null}(2)
02-28 09:09:35.350  2666  3413 I Avrcp_ext: Exit updatePlayStatusForDevice
02-28 09:09:35.350 13511 13544 D NavigationTest: 124: (28.029649, -82.500843, 7.150007)	R:false  F:false
02-28 09:09:35.350 13511 13544 D NavigationTest: 125: (28.029649, -82.500843, 7.150007)	R:false  F:false
02-28 09:09:35.350  2666  3413 D HeadsetService:  isAudioOn: The number of audio connected devices 0
02-28 09:09:35.350 13511 13544 D NavServiceProvider: Second to last stop coordinates: 27.998794, -82.500982
02-28 09:09:35.350  2666  3413 D HeadsetService: isScoOrCallActive(): Call Active:falseCall is Ringing:falseSCO is Active:false
02-28 09:09:35.350  2666  3413 D HeadsetService:  isAudioOn: The number of audio connected devices 0
02-28 09:09:35.350  2666  3413 I Avrcp_ext: updatePlayStatusForDevice: device: null
02-28 09:09:35.350  2666  3413 V Avrcp_ext: updatePlaybackState (1): old=PlaybackState {state=2, position=-1, buffered position=0, speed=0.0, updated=1778534, actions=0, custom actions=[], active item id=-1, error=null}(2), new=PlaybackState {state=2, position=-1, buffered position=0, speed=0.0, updated=1778678, actions=0, custom actions=[], active item id=-1, error=null}(2)
02-28 09:09:35.350  2666  3413 I Avrcp_ext: Exit updatePlayStatusForDevice
02-28 09:09:35.350  2666  3413 D HeadsetService:  isAudioOn: The number of audio connected devices 0
02-28 09:09:35.350  2666  3413 D HeadsetService: isScoOrCallActive(): Call Active:falseCall is Ringing:falseSCO is Active:false
02-28 09:09:35.350  2666  3413 D HeadsetService:  isAudioOn: The number of audio connected devices 0
02-28 09:09:35.350  2666  3413 I Avrcp_ext: updatePlayStatusForDevice: device: null
02-28 09:09:35.350  2666  3413 V Avrcp_ext: updatePlaybackState (1): old=PlaybackState {state=2, position=-1, buffered position=0, speed=0.0, updated=1778534, actions=0, custom actions=[], active item id=-1, error=null}(2), new=PlaybackState {state=2, position=-1, buffered position=0, speed=0.0, updated=1778678, actions=0, custom actions=[], active item id=-1, error=null}(2)
02-28 09:09:35.350  2666  3413 I Avrcp_ext: Exit updatePlayStatusForDevice
02-28 09:09:35.350  2666  3413 D Avrcp_ext: Enter sendPlayPosNotificationRsp
02-28 09:09:35.350  2666  3413 D Avrcp_ext: sendPlayPosNotificationRsp: Not registered or requesting.
02-28 09:09:35.350  2666  3413 D Avrcp_ext: Enter sendPlayPosNotificationRsp
02-28 09:09:35.350  2666  3413 D Avrcp_ext: sendPlayPosNotificationRsp: Not registered or requesting.
02-28 09:09:35.350  2666  3413 D Avrcp_ext: Enter sendPlayPosNotificationRsp
02-28 09:09:35.350  2666  3413 D Avrcp_ext: sendPlayPosNotificationRsp: Not registered or requesting.
02-28 09:09:35.350  2666  3413 D Avrcp_ext: Enter sendPlayPosNotificationRsp
02-28 09:09:35.350  2666  3413 D Avrcp_ext: sendPlayPosNotificationRsp: Not registered or requesting.
02-28 09:09:35.350  2666  3413 D Avrcp_ext: Enter sendPlayPosNotificationRsp
02-28 09:09:35.350  2666  3413 D Avrcp_ext: sendPlayPosNotificationRsp: Not registered or requesting.
02-28 09:09:35.350  2666  3413 V Avrcp_ext: Exit updatePlayerStateAndPosition
02-28 09:09:35.350 13511 13544 D NavServiceProvider: Setting units automatically
02-28 09:09:35.352 13511 13544 D NavServiceProvider: Detecting stop. distance_d=3411.1685. stop_type=1 speed=7.91
02-28 09:09:35.352 13511 13544 D NavigationTest: 126: (28.029575, -82.500842, 7.910000)	R:false  F:false
02-28 09:09:35.352 13511 13544 D NavServiceProvider: Second to last stop coordinates: 27.998794, -82.500982
02-28 09:09:35.353 13511 13544 D NavServiceProvider: Setting units automatically
02-28 09:09:35.354 13511 13544 D NavServiceProvider: Detecting stop. distance_d=3402.9653. stop_type=1 speed=8.700368
02-28 09:09:35.354 13511 13544 D NavigationTest: 127: (28.029501, -82.500848, 8.700368)	R:false  F:false
02-28 09:09:35.354 13511 13544 D NavigationTest: 128: (28.029501, -82.500848, 8.700368)	R:false  F:false
02-28 09:09:35.354 13511 13544 D NavServiceProvider: Second to last stop coordinates: 27.998794, -82.500982
02-28 09:09:35.355 13511 13544 D NavServiceProvider: Setting units automatically
02-28 09:09:35.356 13511 13544 D NavServiceProvider: Detecting stop. distance_d=3393.6577. stop_type=1 speed=9.460528
02-28 09:09:35.356 13511 13544 D NavigationTest: 129: (28.029417, -82.500845, 9.460528)	R:false  F:false
02-28 09:09:35.356 13511 13544 D NavigationTest: 130: (28.029417, -82.500845, 9.460528)	R:false  F:false
02-28 09:09:35.356 13511 13544 D NavServiceProvider: Second to last stop coordinates: 27.998794, -82.500982
02-28 09:09:35.356 13511 13544 D NavServiceProvider: Setting units automatically
02-28 09:09:35.358 13511 13544 D NavServiceProvider: Detecting stop. distance_d=3382.7986. stop_type=1 speed=10.05084
02-28 09:09:35.358 13511 13544 D NavigationTest: 131: (28.029319, -82.500842, 10.050840)	R:false  F:false
02-28 09:09:35.358 13511 13544 D NavServiceProvider: Second to last stop coordinates: 27.998794, -82.500982
02-28 09:09:35.358 13511 13544 D NavServiceProvider: Setting units automatically
02-28 09:09:35.358   871   911 V EffectDiracSound: DiracSound_command() start, cmdCode=20
02-28 09:09:35.359   871   911 V EffectDiracSound: DiracSound_Command EFFECT_CMD_OFFLOAD
02-28 09:09:35.359   871   911 V EffectDiracSound: DiracSound_command() start, cmdCode=1
02-28 09:09:35.359   871   911 V EffectDiracSound: DiracSound_setConfig start
02-28 09:09:35.359   871   911 I EffectDiracSound: DiracSound_updateState(), enable=0, hifi=0, device=0x2, headset=5, samplingRate=48000
02-28 09:09:35.359   871   911 I EffectDiracSound: DiracSound_updateState(), mode=0, music=0, movie=0, reset=0
02-28 09:09:35.359   871   911 I EffectDiracSound: DiracSound_updateState(), Speaker Movie/Stereo Mode is not supported. Stop update state.
02-28 09:09:35.359   871   911 W EffectHAL: Effect 0xe4b38cd0 command SET_CONFIG returned status: Invalid argument
