02-28 09:09:44.002 13511 13544 D NavigationTest: 285: (28.032506, -82.426932, 0.000000)	R:true  F:false
02-28 09:09:44.002 13511 13544 D NavigationTest: 286: (28.032506, -82.426932, 0.000000)	R:true  F:false
02-28 09:09:44.002 13511 13544 D NavServiceProvider: Second to last stop coordinates: 28.032462, -82.426948
02-28 09:09:44.003 13511 13544 D NavServiceProvider: Setting units automatically
02-28 09:09:44.008 13511 13544 D NavServiceProvider: Detecting stop. distance_d=4.9796224. stop_type=1 speed=0.0
02-28 09:09:44.008   871   871 D audio_hw_primary: adev_get_parameters:vr_audio_mode_on
02-28 09:09:44.009   871   871 I audio_hw_primary: getting vr mode to 0
02-28 09:09:44.009   871   871 D audio_hw_primary: adev_get_parameters: exit: returns - vr_audio_mode_on=false
02-28 09:09:44.009 13511 13544 D NavigationTest: 287: (28.032504, -82.426930, 0.000000)	R:true  F:false
02-28 09:09:44.009 13511 13544 D NavigationTest: 288: (28.032504, -82.426930, 0.000000)	R:true  F:false
02-28 09:09:44.009 13511 13544 D NavServiceProvider: Second to last stop coordinates: 28.032462, -82.426948
02-28 09:09:44.009   959  1210 I hash_map_utils: key: 'vr_audio_mode_on' value: ''
02-28 09:09:44.009 13511 13544 D NavServiceProvider: Setting units automatically
02-28 09:09:44.009   959  1210 I AudioPolicyManagerCustom: VR mode is 0, switch to primary output if request is for fast|raw
02-28 09:09:44.010   959  1210 I AudioPolicyManagerCustom: setting force DEEP buffer now
02-28 09:09:44.010   959  1210 D AudioFlinger: Client defaulted notificationFrames to 2048 for frameCount 4096
02-28 09:09:44.011   959  1210 D AF::TrackHandle: OpPlayAudio: track:200 usage:1 not muted
02-28 09:09:44.011 13511 13544 D NavServiceProvider: Detecting stop. distance_d=4.8761983. stop_type=1 speed=0.0
02-28 09:09:44.011 13511 13544 D NavigationTest: 289: (28.032503, -82.426930, 0.000000)	R:true  F:false
02-28 09:09:44.011 13511 13544 D NavigationTest: 290: (28.032503, -82.426930, 0.000000)	R:true  F:false
02-28 09:09:44.011 13511 13544 D NavServiceProvider: Second to last stop coordinates: 28.032462, -82.426948
02-28 09:09:44.012 13511 13544 D NavServiceProvider: Setting units automatically
02-28 09:09:44.014 13511 13544 D NavServiceProvider: Detecting stop. distance_d=4.9509773. stop_type=1 speed=0.0
02-28 09:09:44.014 13511 13544 D NavigationTest: 291: (28.032503, -82.426928, 0.000000)	R:true  F:false
02-28 09:09:44.014 13511 13544 D NavServiceProvider: Second to last stop coordinates: 28.032462, -82.426948
02-28 09:09:44.014 13511 13544 D NavServiceProvider: Setting units automatically
02-28 09:09:44.015  2666  3413 D Avrcp_ext: AudioManager Player: ID:23 -- type:android.media.SoundPool -- u/pid:10126/2688 -- state:idle -- attr:AudioAttributes: usage=USAGE_ASSISTANCE_SONIFICATION content=CONTENT_TYPE_SONIFICATION flags=0x800 tags= bundle=null
02-28 09:09:44.015  2666  3413 D Avrcp_ext: AudioManager Player: ID:1191 -- type:android.media.AudioTrack -- u/pid:10088/13579 -- state:started -- attr:AudioAttributes: usage=USAGE_MEDIA content=CONTENT_TYPE_SPEECH flags=0x800 tags= bundle=null
02-28 09:09:44.015  2666  3413 D Avrcp_ext: AudioManager isPlaying: true
02-28 09:09:44.015  2666  3413 V Avrcp_ext: updateCurrentMediaState: mMediaController: null
02-28 09:09:44.016  2666  3413 V Avrcp_ext: isMusicActive: true getBluetoothPlayState: 2
02-28 09:09:44.016  2666  3413 V Avrcp_ext: updateCurrentMediaState: isPlaying = false
02-28 09:09:44.016  2666  3413 V Avrcp_ext: Media update: id -1➡-1? [MediaAttributes: none] : [MediaAttributes: none]
02-28 09:09:44.016  2666  3413 V Avrcp_ext: newPlayStatus:2mReportedPlayStatus:-1
02-28 09:09:44.016  2666  3413 V Avrcp_ext: updatePlaybackState, state: PlaybackState {state=2, position=-1, buffered position=0, speed=0.0, updated=1787346, actions=0, custom actions=[], active item id=-1, error=null} device: null
02-28 09:09:44.016  2666  3413 V Avrcp_ext: Device: no name:
02-28 09:09:44.016 13511 13544 D NavServiceProvider: Detecting stop. distance_d=5.032335. stop_type=1 speed=0.0
02-28 09:09:44.016  2666  3413 V Avrcp_ext: Device: no name:
02-28 09:09:44.016  2666  3413 I chatty  : uid=1002(bluetooth) BluetoothAvrcpH identical 2 lines
02-28 09:09:44.016  2666  3413 V Avrcp_ext: Device: no name:
02-28 09:09:44.016 13511 13544 D NavigationTest: 292: (28.032503, -82.426926, 0.000000)	R:true  F:false
02-28 09:09:44.016  2666  3413 V Avrcp_ext: updatePlayerStateAndPosition, old=PlaybackState {state=2, position=-1, buffered position=0, speed=0.0, updated=1787261, actions=0, custom actions=[], active item id=-1, error=null}, state=PlaybackState {state=2, position=-1, buffered position=0, speed=0.0, updated=1787346, actions=0, custom actions=[], active item id=-1, error=null}
02-28 09:09:44.016  2666  3413 V Avrcp_ext: old state = PlaybackState {state=2, position=-1, buffered position=0, speed=0.0, updated=1787261, actions=0, custom actions=[], active item id=-1, error=null}, new state= PlaybackState {state=2, position=-1, buffered position=0, speed=0.0, updated=1787346, actions=0, custom actions=[], active item id=-1, error=null}
02-28 09:09:44.016 13511 13544 D NavigationTest: 293: (28.032503, -82.426926, 0.000000)	R:true  F:false
02-28 09:09:44.016  2666  3413 D HeadsetService: getHeadsetService(): returning com.android.bluetooth.hfp.HeadsetService@8a04d28
02-28 09:09:44.016 13511 13544 D NavServiceProvider: Second to last stop coordinates: 28.032462, -82.426948
02-28 09:09:44.017 13511 13544 D NavServiceProvider: Setting units automatically
02-28 09:09:44.017  2666  3413 D HeadsetService:  isAudioOn: The number of audio connected devices 0
02-28 09:09:44.017  2666  3413 D HeadsetService: isScoOrCallActive(): Call Active:falseCall is Ringing:falseSCO is Active:false
02-28 09:09:44.017  2666  3413 D HeadsetService:  isAudioOn: The number of audio connected devices 0
02-28 09:09:44.017  2666  3413 I Avrcp_ext: updatePlayStatusForDevice: device: null
02-28 09:09:44.017  2666  3413 V Avrcp_ext: updatePlaybackState (1): old=PlaybackState {state=2, position=-1, buffered position=0, speed=0.0, updated=1787261, actions=0, custom actions=[], active item id=-1, error=null}(2), new=PlaybackState {state=2, position=-1, buffered position=0, speed=0.0, updated=1787346, actions=0, custom actions=[], active item id=-1, error=null}(2)
02-28 09:09:44.017  2666  3413 I Avrcp_ext: Exit updatePlayStatusForDevice
02-28 09:09:44.017  2666  3413 D HeadsetService:  isAudioOn: The number of audio connected devices 0
02-28 09:09:44.017  2666  3413 D HeadsetService: isScoOrCallActive(): Call Active:falseCall is Ringing:falseSCO is Active:false
02-28 09:09:44.017  2666  3413 D HeadsetService:  isAudioOn: The number of audio connected devices 0
02-28 09:09:44.017  2666  3413 I Avrcp_ext: updatePlayStatusForDevice: device: null
02-28 09:09:44.018  2666  3413 V Avrcp_ext: updatePlaybackState (1): old=PlaybackState {state=2, position=-1, buffered position=0, speed=0.0, updated=1787261, actions=0, custom actions=[], active item id=-1, error=null}(2), new=PlaybackState {state=2, position=-1, buffered position=0, speed=0.0, updated=1787346, actions=0, custom actions=[], active item id=-1, error=null}(2)
02-28 09:09:44.018  2666  3413 I Avrcp_ext: Exit updatePlayStatusForDevice
02-28 09:09:44.018  2666  3413 D HeadsetService:  isAudioOn: The number of audio connected devices 0
02-28 09:09:44.018  2666  3413 D HeadsetService: isScoOrCallActive(): Call Active:falseCall is Ringing:falseSCO is Active:false
02-28 09:09:44.018  2666  3413 D HeadsetService:  isAudioOn: The number of audio connected devices 0
02-28 09:09:44.018  2666  3413 I Avrcp_ext: updatePlayStatusForDevice: device: null
02-28 09:09:44.018  2666  3413 V Avrcp_ext: updatePlaybackState (1): old=PlaybackState {state=2, position=-1, buffered position=0, speed=0.0, updated=1787261, actions=0, custom actions=[], active item id=-1, error=null}(2), new=PlaybackState {state=2, position=-1, buffered position=0, speed=0.0, updated=1787346, actions=0, custom actions=[], active item id=-1, error=null}(2)
02-28 09:09:44.018  2666  3413 I Avrcp_ext: Exit updatePlayStatusForDevice
02-28 09:09:44.018  2666  3413 D HeadsetService:  isAudioOn: The number of audio connected devices 0
02-28 09:09:44.018  2666  3413 D HeadsetService: isScoOrCallActive(): Call Active:falseCall is Ringing:falseSCO is Active:false
02-28 09:09:44.019  2666  3413 D HeadsetService:  isAudioOn: The number of audio connected devices 0
02-28 09:09:44.019  2666  3413 I Avrcp_ext: updatePlayStatusForDevice: device: null
02-28 09:09:44.019  2666  3413 V Avrcp_ext: updatePlaybackState (1): old=PlaybackState {state=2, position=-1, buffered position=0, speed=0.0, updated=1787261, actions=0, custom actions=[], active item id=-1, error=null}(2), new=PlaybackState {state=2, position=-1, buffered position=0, speed=0.0, updated=1787346, actions=0, custom actions=[], active item id=-1, error=null}(2)
02-28 09:09:44.019  2666  3413 I Avrcp_ext: Exit updatePlayStatusForDevice
02-28 09:09:44.019  2666  3413 D HeadsetService:  isAudioOn: The number of audio connected devices 0
02-28 09:09:44.019 13511 13544 D NavServiceProvider: Detecting stop. distance_d=4.9764185. stop_type=1 speed=0.0
02-28 09:09:44.019  2666  3413 D HeadsetService: isScoOrCallActive(): Call Active:falseCall is Ringing:falseSCO is Active:false
02-28 09:09:44.019 13511 13544 D NavigationTest: 294: (28.032502, -82.426925, 0.000000)	R:true  F:false
02-28 09:09:44.019 13511 13544 D NavigationTest: 295: (28.032502, -82.426925, 0.000000)	R:true  F:false
02-28 09:09:44.019 13511 13544 D NavServiceProvider: Second to last stop coordinates: 28.032462, -82.426948
02-28 09:09:44.019  2666  3413 D HeadsetService:  isAudioOn: The number of audio connected devices 0
02-28 09:09:44.019  2666  3413 I Avrcp_ext: updatePlayStatusForDevice: device: null
02-28 09:09:44.019  2666  3413 V Avrcp_ext: updatePlaybackState (1): old=PlaybackState {state=2, position=-1, buffered position=0, speed=0.0, updated=1787261, actions=0, custom actions=[], active item id=-1, error=null}(2), new=PlaybackState {state=2, position=-1, buffered position=0, speed=0.0, updated=1787346, actions=0, custom actions=[], active item id=-1, error=null}(2)
02-28 09:09:44.019  2666  3413 I Avrcp_ext: Exit updatePlayStatusForDevice
02-28 09:09:44.019  2666  3413 D Avrcp_ext: Enter sendPlayPosNotificationRsp
02-28 09:09:44.019  2666  3413 D Avrcp_ext: sendPlayPosNotificationRsp: Not registered or requesting.
02-28 09:09:44.019  2666  3413 D Avrcp_ext: Enter sendPlayPosNotificationRsp
02-28 09:09:44.019  2666  3413 D Avrcp_ext: sendPlayPosNotificationRsp: Not registered or requesting.
02-28 09:09:44.019  2666  3413 D Avrcp_ext: Enter sendPlayPosNotificationRsp
02-28 09:09:44.019  2666  3413 D Avrcp_ext: sendPlayPosNotificationRsp: Not registered or requesting.
02-28 09:09:44.019  2666  3413 D Avrcp_ext: Enter sendPlayPosNotificationRsp
02-28 09:09:44.019  2666  3413 D Avrcp_ext: sendPlayPosNotificationRsp: Not registered or requesting.
02-28 09:09:44.019  2666  3413 D Avrcp_ext: Enter sendPlayPosNotificationRsp
02-28 09:09:44.020  2666  3413 D Avrcp_ext: sendPlayPosNotificationRsp: Not registered or requesting.
02-28 09:09:44.020  2666  3413 V Avrcp_ext: Exit updatePlayerStateAndPosition
02-28 09:09:44.020 13511 13544 D NavServiceProvider: Setting units automatically
02-28 09:09:44.021 13511 13544 D NavServiceProvider: Detecting stop. distance_d=4.9764185. stop_type=1 speed=0.0
02-28 09:09:44.021 13511 13544 D NavigationTest: 296: (28.032502, -82.426925, 0.000000)	R:true  F:false
02-28 09:09:44.021 13511 13544 D NavigationTest: 297: (28.032502, -82.426925, 0.000000)	R:true  F:false
02-28 09:09:44.021 13511 13544 D NavServiceProvider: Second to last stop coordinates: 28.032462, -82.426948
02-28 09:09:44.021 13511 13544 D NavServiceProvider: Setting units automatically
02-28 09:09:44.023 13511 13544 D NavServiceProvider: Detecting stop. distance_d=5.0688252. stop_type=1 speed=0.0
02-28 09:09:44.023 13511 13544 D NavigationTest: 298: (28.032502, -82.426923, 0.000000)	R:true  F:false
02-28 09:09:44.023 13511 13544 D NavServiceProvider: Second to last stop coordinates: 28.032462, -82.426948
02-28 09:09:44.023 13511 13544 D NavServiceProvider: Setting units automatically
02-28 09:09:44.024 13511 13544 D NavServiceProvider: Detecting stop. distance_d=5.1199574. stop_type=1 speed=0.0
02-28 09:09:44.024 13511 13544 D NavigationTest: 299: (28.032503, -82.426924, 0.000000)	R:true  F:false
02-28 09:09:44.024 13511 13544 D NavigationTest: 300: (28.032503, -82.426924, 0.000000)	R:true  F:false
02-28 09:09:44.024 13511 13544 D NavServiceProvider: Second to last stop coordinates: 28.032462, -82.426948
02-28 09:09:44.025 13511 13544 D NavServiceProvider: Setting units automatically
02-28 09:09:44.026 13511 13544 D NavServiceProvider: Detecting stop. distance_d=5.032335. stop_type=1 speed=0.0
02-28 09:09:44.026 13511 13544 D NavigationTest: 301: (28.032503, -82.426926, 0.000000)	R:true  F:false
02-28 09:09:44.026 13511 13544 D NavServiceProvider: Second to last stop coordinates: 28.032462, -82.426948
02-28 09:09:44.026 13511 13544 D NavServiceProvider: Setting units automatically
02-28 09:09:44.027 13511 13544 D NavServiceProvider: Detecting stop. distance_d=5.032335. stop_type=1 speed=0.0
02-28 09:09:44.027 13511 13544 D NavigationTest: 302: (28.032503, -82.426926, 0.000000)	R:true  F:false
02-28 09:09:44.027 13511 13544 D NavigationTest: 303: (28.032503, -82.426926, 0.000000)	R:true  F:false
02-28 09:09:44.027 13511 13544 D NavServiceProvider: Second to last stop coordinates: 28.032462, -82.426948
02-28 09:09:44.027 13511 13544 D NavServiceProvider: Setting units automatically
02-28 09:09:44.028 13511 13544 D NavServiceProvider: Detecting stop. distance_d=5.0753827. stop_type=1 speed=0.0
02-28 09:09:44.028 13511 13544 D NavigationTest: 304: (28.032503, -82.426925, 0.000000)	R:true  F:false
02-28 09:09:44.029 13511 13544 D NavServiceProvider: Second to last stop coordinates: 28.032462, -82.426948
02-28 09:09:44.029 13511 13544 D NavServiceProvider: Setting units automatically
02-28 09:09:44.030 13511 13544 D NavServiceProvider: Detecting stop. distance_d=5.032335. stop_type=1 speed=0.0
02-28 09:09:44.030 13511 13544 D NavigationTest: 305: (28.032503, -82.426926, 0.000000)	R:true  F:false
02-28 09:09:44.030 13511 13544 D NavigationTest: 306: (28.032503, -82.426926, 0.000000)	R:true  F:false
02-28 09:09:44.030 13511 13544 D NavServiceProvider: Second to last stop coordinates: 28.032462, -82.426948
02-28 09:09:44.030 13511 13544 D NavServiceProvider: Setting units automatically
02-28 09:09:44.031 13511 13544 D NavServiceProvider: Detecting stop. distance_d=4.932507. stop_type=1 speed=0.0
02-28 09:09:44.031 13511 13544 D NavigationTest: 307: (28.032502, -82.426926, 0.000000)	R:true  F:false
02-28 09:09:44.032 13511 13544 D NavigationTest: 308: (28.032502, -82.426926, 0.000000)	R:true  F:false
02-28 09:09:44.032 13511 13544 D NavServiceProvider: Second to last stop coordinates: 28.032462, -82.426948
02-28 09:09:44.032 13511 13544 D NavServiceProvider: Setting units automatically
02-28 09:09:44.033 13511 13544 D NavServiceProvider: Detecting stop. distance_d=5.032335. stop_type=1 speed=0.0
02-28 09:09:44.033 13511 13544 D NavigationTest: 309: (28.032503, -82.426926, 0.000000)	R:true  F:false
02-28 09:09:44.033 13511 13544 D NavigationTest: 310: (28.032503, -82.426926, 0.000000)	R:true  F:false
02-28 09:09:44.033 13511 13544 D NavServiceProvider: Second to last stop coordinates: 28.032462, -82.426948
02-28 09:09:44.033 13511 13544 D NavServiceProvider: Setting units automatically
02-28 09:09:44.034 13511 13544 D NavServiceProvider: Detecting stop. distance_d=5.032335. stop_type=1 speed=0.0
02-28 09:09:44.034 13511 13544 D NavigationTest: 311: (28.032503, -82.426926, 0.000000)	R:true  F:false
02-28 09:09:44.034 13511 13544 D NavigationTest: 312: (28.032503, -82.426926, 0.000000)	R:true  F:false
02-28 09:09:44.034 13511 13544 D NavServiceProvider: Second to last stop coordinates: 28.032462, -82.426948
02-28 09:09:44.035 13511 13544 D NavServiceProvider: Setting units automatically
02-28 09:09:44.036 13511 13544 D NavServiceProvider: Detecting stop. distance_d=5.032335. stop_type=1 speed=0.0
02-28 09:09:44.036 13511 13544 D NavigationTest: 313: (28.032503, -82.426926, 0.000000)	R:true  F:false
02-28 09:09:44.036 13511 13544 D NavServiceProvider: Second to last stop coordinates: 28.032462, -82.426948
02-28 09:09:44.036 13511 13544 D NavServiceProvider: Setting units automatically
02-28 09:09:44.037 13511 13544 D NavServiceProvider: Detecting stop. distance_d=5.032335. stop_type=1 speed=0.0
02-28 09:09:44.037 13511 13544 D NavigationTest: 314: (28.032503, -82.426926, 0.000000)	R:true  F:false
02-28 09:09:44.037 13511 13544 D NavigationTest: 315: (28.032503, -82.426926, 0.000000)	R:true  F:false
02-28 09:09:44.037 13511 13544 D NavServiceProvider: Second to last stop coordinates: 28.032462, -82.426948
02-28 09:09:44.037 13511 13544 D NavServiceProvider: Setting units automatically
02-28 09:09:44.038 13511 13544 D NavServiceProvider: Detecting stop. distance_d=2668.675. stop_type=1 speed=0.0
02-28 09:09:44.038 13511 13544 D NavigationTest: 316: (28.056543, -82.427038, 0.000000)	R:true  F:false
02-28 09:09:44.038 13511 13544 D NavServiceProvider: Second to last stop coordinates: 28.032462, -82.426948
02-28 09:09:44.039 13511 13544 D NavServiceProvider: Setting units automatically
02-28 09:09:44.040 13511 13544 D NavServiceProvider: Detecting stop. distance_d=5.032335. stop_type=1 speed=0.0
02-28 09:09:44.040 13511 13544 D NavigationTest: 317: (28.032503, -82.426926, 0.000000)	R:true  F:false
02-28 09:09:44.040 13511 13544 D NavigationTest: 318: (28.032503, -82.426926, 0.000000)	R:true  F:false
02-28 09:09:44.040 13511 13544 D NavServiceProvider: Second to last stop coordinates: 28.032462, -82.426948
02-28 09:09:44.040 13511 13544 D NavServiceProvider: Setting units automatically
02-28 09:09:44.041 13511 13544 D NavServiceProvider: Detecting stop. distance_d=5.032335. stop_type=1 speed=0.0
02-28 09:09:44.041 13511 13544 D NavigationTest: 319: (28.032503, -82.426926, 0.000000)	R:true  F:false
02-28 09:09:44.041 13511 13544 D NavigationTest: 320: (28.032503, -82.426926, 0.000000)	R:true  F:false
02-28 09:09:44.041 13511 13544 D NavServiceProvider: Second to last stop coordinates: 28.032462, -82.426948
02-28 09:09:44.042 13511 13544 D NavServiceProvider: Setting units automatically
02-28 09:09:44.043 13511 13544 D NavServiceProvider: Detecting stop. distance_d=5.032335. stop_type=1 speed=0.0
02-28 09:09:44.043 13511 13544 D NavigationTest: 321: (28.032503, -82.426926, 0.000000)	R:true  F:false
02-28 09:09:44.043 13511 13544 D NavigationTest: 322: (28.032503, -82.426926, 0.000000)	R:true  F:false
02-28 09:09:44.043 13511 13544 D NavServiceProvider: Second to last stop coordinates: 28.032462, -82.426948
02-28 09:09:44.043 13511 13544 D NavServiceProvider: Setting units automatically
02-28 09:09:44.044 13511 13544 D NavServiceProvider: Detecting stop. distance_d=5.032335. stop_type=1 speed=0.0
02-28 09:09:44.044 13511 13544 D NavigationTest: 323: (28.032503, -82.426926, 0.000000)	R:true  F:false
02-28 09:09:44.044 13511 13544 D NavigationTest: 324: (28.032503, -82.426926, 0.000000)	R:true  F:false
02-28 09:09:44.044 13511 13544 D NavServiceProvider: Second to last stop coordinates: 28.032462, -82.426948
02-28 09:09:44.044 13511 13544 D NavServiceProvider: Setting units automatically
02-28 09:09:44.045 13511 13544 D NavServiceProvider: Detecting stop. distance_d=5.032335. stop_type=1 speed=0.0
02-28 09:09:44.045 13511 13544 D NavigationTest: 325: (28.032503, -82.426926, 0.000000)	R:true  F:false
02-28 09:09:44.046 13511 13544 D NavServiceProvider: Second to last stop coordinates: 28.032462, -82.426948
02-28 09:09:44.046 13511 13544 D NavServiceProvider: Setting units automatically
02-28 09:09:44.047 13511 13544 D NavServiceProvider: Detecting stop. distance_d=5.032335. stop_type=1 speed=0.0
02-28 09:09:44.047 13511 13544 D NavigationTest: 326: (28.032503, -82.426926, 0.000000)	R:true  F:false
02-28 09:09:44.047 13511 13544 D NavigationTest: 327: (28.032503, -82.426926, 0.000000)	R:true  F:false
02-28 09:09:44.047 13511 13544 D NavServiceProvider: Second to last stop coordinates: 28.032462, -82.426948
02-28 09:09:44.047 13511 13544 D NavServiceProvider: Setting units automatically
02-28 09:09:44.048 13511 13544 D NavServiceProvider: Detecting stop. distance_d=5.032335. stop_type=1 speed=0.0
02-28 09:09:44.048 13511 13544 D NavigationTest: 328: (28.032503, -82.426926, 0.000000)	R:true  F:false
02-28 09:09:44.048 13511 13544 D NavigationTest: 329: (28.032503, -82.426926, 0.000000)	R:true  F:false
02-28 09:09:44.048 13511 13544 D NavServiceProvider: Second to last stop coordinates: 28.032462, -82.426948
02-28 09:09:44.049 13511 13544 D NavServiceProvider: Setting units automatically
02-28 09:09:44.050 13511 13544 D NavServiceProvider: Detecting stop. distance_d=4.932507. stop_type=1 speed=0.0
02-28 09:09:44.050 13511 13544 D NavigationTest: 330: (28.032502, -82.426926, 0.000000)	R:true  F:false
02-28 09:09:44.050 13511 13544 D NavigationTest: 331: (28.032502, -82.426926, 0.000000)	R:true  F:false
02-28 09:09:44.050 13511 13544 D NavServiceProvider: Second to last stop coordinates: 28.032462, -82.426948
02-28 09:09:44.050 13511 13544 D NavServiceProvider: Setting units automatically
02-28 09:09:44.051 13511 13544 D NavServiceProvider: Detecting stop. distance_d=5.032335. stop_type=1 speed=0.0
02-28 09:09:44.051 13511 13544 D NavigationTest: 332: (28.032503, -82.426926, 0.000000)	R:true  F:false
02-28 09:09:44.051 13511 13544 D NavServiceProvider: Second to last stop coordinates: 28.032462, -82.426948
02-28 09:09:44.052 13511 13544 D NavServiceProvider: Setting units automatically
02-28 09:09:44.053 13511 13544 D NavServiceProvider: Detecting stop. distance_d=5.032335. stop_type=1 speed=0.0
02-28 09:09:44.053 13511 13544 D NavigationTest: 333: (28.032503, -82.426926, 0.000000)	R:true  F:false
02-28 09:09:44.053 13511 13544 D NavigationTest: 334: (28.032503, -82.426926, 0.000000)	R:true  F:false
02-28 09:09:44.053 13511 13544 D NavServiceProvider: Second to last stop coordinates: 28.032462, -82.426948
02-28 09:09:44.053 13511 13544 D NavServiceProvider: Setting units automatically
02-28 09:09:44.054 13511 13544 D NavServiceProvider: Detecting stop. distance_d=5.032335. stop_type=1 speed=0.0
02-28 09:09:44.054 13511 13544 D NavigationTest: 335: (28.032503, -82.426926, 0.000000)	R:true  F:false
02-28 09:09:44.054 13511 13544 D NavServiceProvider: Second to last stop coordinates: 28.032462, -82.426948
02-28 09:09:44.054 13511 13544 D NavServiceProvider: Setting units automatically
02-28 09:09:44.055 13511 13544 D NavServiceProvider: Detecting stop. distance_d=5.032335. stop_type=1 speed=0.0
02-28 09:09:44.055 13511 13544 D NavigationTest: 336: (28.032503, -82.426926, 0.000000)	R:true  F:false
02-28 09:09:44.056 13511 13544 D NavigationTest: 337: (28.032503, -82.426926, 0.000000)	R:true  F:false
02-28 09:09:44.056 13511 13544 D NavServiceProvider: Second to last stop coordinates: 28.032462, -82.426948
02-28 09:09:44.056 13511 13544 D NavServiceProvider: Setting units automatically
02-28 09:09:44.057 13511 13544 D NavServiceProvider: Detecting stop. distance_d=4.932507. stop_type=1 speed=0.0
02-28 09:09:44.057 13511 13544 D NavigationTest: 338: (28.032502, -82.426926, 0.000000)	R:true  F:false
02-28 09:09:44.057 13511 13544 D NavigationTest: 339: (28.032502, -82.426926, 0.000000)	R:true  F:false
02-28 09:09:44.057 13511 13544 D NavServiceProvider: Second to last stop coordinates: 28.032462, -82.426948
02-28 09:09:44.057 13511 13544 D NavServiceProvider: Setting units automatically
02-28 09:09:44.058 13511 13544 D NavServiceProvider: Detecting stop. distance_d=5.032335. stop_type=1 speed=0.0
02-28 09:09:44.058 13511 13544 D NavigationTest: 340: (28.032503, -82.426926, 0.000000)	R:true  F:false
02-28 09:09:44.058 13511 13544 D NavigationTest: 341: (28.032503, -82.426926, 0.000000)	R:true  F:false
02-28 09:09:44.058 13511 13544 D NavServiceProvider: Second to last stop coordinates: 28.032462, -82.426948
02-28 09:09:44.059 13511 13544 D NavServiceProvider: Setting units automatically
02-28 09:09:44.060 13511 13544 D NavServiceProvider: Detecting stop. distance_d=4.932507. stop_type=1 speed=0.0
02-28 09:09:44.060 13511 13544 D NavigationTest: 342: (28.032502, -82.426926, 0.000000)	R:true  F:false
02-28 09:09:44.060 13511 13544 D NavigationTest: 343: (28.032502, -82.426926, 0.000000)	R:true  F:false
02-28 09:09:44.060 13511 13544 D NavServiceProvider: Second to last stop coordinates: 28.032462, -82.426948
02-28 09:09:44.060 13511 13544 D NavServiceProvider: Setting units automatically
02-28 09:09:44.061 13511 13544 D NavServiceProvider: Detecting stop. distance_d=4.932507. stop_type=1 speed=0.0
02-28 09:09:44.061 13511 13544 D NavigationTest: 344: (28.032502, -82.426926, 0.000000)	R:true  F:false
02-28 09:09:44.061 13511 13544 D NavServiceProvider: Second to last stop coordinates: 28.032462, -82.426948
02-28 09:09:44.061 13511 13544 D NavServiceProvider: Setting units automatically
02-28 09:09:44.062 13511 13544 D NavServiceProvider: Detecting stop. distance_d=4.932507. stop_type=1 speed=0.0
02-28 09:09:44.063 13511 13544 D NavigationTest: 345: (28.032502, -82.426926, 0.000000)	R:true  F:false
02-28 09:09:44.063 13511 13544 D NavigationTest: 346: (28.032502, -82.426926, 0.000000)	R:true  F:false
02-28 09:09:44.063 13511 13544 D NavServiceProvider: Second to last stop coordinates: 28.032462, -82.426948
02-28 09:09:44.063 13511 13544 D NavServiceProvider: Setting units automatically
02-28 09:09:44.064 13511 13544 D NavServiceProvider: Detecting stop. distance_d=4.932507. stop_type=1 speed=0.0
02-28 09:09:44.064 13511 13544 D NavigationTest: 347: (28.032502, -82.426926, 0.000000)	R:true  F:false
02-28 09:09:44.064 13511 13544 D NavigationTest: 348: (28.032502, -82.426926, 0.000000)	R:true  F:false
02-28 09:09:44.064 13511 13544 D NavServiceProvider: Second to last stop coordinates: 28.032462, -82.426948
02-28 09:09:44.064 13511 13544 D NavServiceProvider: Setting units automatically
02-28 09:09:44.065 13511 13544 D NavServiceProvider: Detecting stop. distance_d=4.932507. stop_type=1 speed=0.0
02-28 09:09:44.065 13511 13544 D NavigationTest: 349: (28.032502, -82.426926, 0.000000)	R:true  F:false
02-28 09:09:44.065 13511 13544 D NavServiceProvider: Second to last stop coordinates: 28.032462, -82.426948
02-28 09:09:44.066 13511 13544 D NavServiceProvider: Setting units automatically
02-28 09:09:44.067 13511 13544 D NavServiceProvider: Detecting stop. distance_d=4.932507. stop_type=1 speed=0.0
02-28 09:09:44.067 13511 13544 D NavigationTest: 350: (28.032502, -82.426926, 0.000000)	R:true  F:false
02-28 09:09:44.067 13511 13544 D NavigationTest: 351: (28.032502, -82.426926, 0.000000)	R:true  F:false
02-28 09:09:44.067 13511 13544 D NavigationTest: 352: (28.032502, -82.426926, 0.000000)	R:true  F:false
02-28 09:09:44.067 13511 13544 D NavigationTest: 353: (28.032502, -82.426926, 0.000000)	R:true  F:false
02-28 09:09:44.067 13511 13544 D NavServiceProvider: Second to last stop coordinates: 28.032462, -82.426948
02-28 09:09:44.067 13511 13544 D NavServiceProvider: Setting units automatically
02-28 09:09:44.068 13511 13544 D NavServiceProvider: Detecting stop. distance_d=4.8901787. stop_type=1 speed=0.0
02-28 09:09:44.068 13511 13544 D NavigationTest: 354: (28.032502, -82.426927, 0.000000)	R:true  F:false
02-28 09:09:44.068 13511 13544 D NavigationTest: 355: (28.032502, -82.426927, 0.000000)	R:true  F:false
02-28 09:09:44.068 13511 13544 D NavServiceProvider: Second to last stop coordinates: 28.032462, -82.426948
02-28 09:09:44.068 13511 13544 D NavServiceProvider: Setting units automatically
02-28 09:09:44.070 13511 13544 D NavServiceProvider: Detecting stop. distance_d=4.8901787. stop_type=1 speed=0.0
02-28 09:09:44.070 13511 13544 D NavigationTest: 356: (28.032502, -82.426927, 0.000000)	R:true  F:false
02-28 09:09:44.070 13511 13544 D NavigationTest: 357: (28.032502, -82.426927, 0.000000)	R:true  F:false
02-28 09:09:44.070 13511 13544 D NavServiceProvider: Second to last stop coordinates: 28.032462, -82.426948
02-28 09:09:44.070 13511 13544 D NavServiceProvider: Setting units automatically
02-28 09:09:44.071 13511 13544 D NavServiceProvider: Detecting stop. distance_d=4.8901787. stop_type=1 speed=0.0
02-28 09:09:44.071 13511 13544 D NavigationTest: 358: (28.032502, -82.426927, 0.000000)	R:true  F:false
02-28 09:09:44.071 13511 13544 D NavServiceProvider: Second to last stop coordinates: 28.032462, -82.426948
02-28 09:09:44.072 13511 13544 D NavServiceProvider: Setting units automatically
02-28 09:09:44.073 13511 13544 D NavServiceProvider: Detecting stop. distance_d=4.8901787. stop_type=1 speed=0.0
02-28 09:09:44.073 13511 13544 D NavigationTest: 359: (28.032502, -82.426927, 0.000000)	R:true  F:false
02-28 09:09:44.073 13511 13544 D NavigationTest: 360: (28.032502, -82.426927, 0.000000)	R:true  F:false
02-28 09:09:44.073 13511 13544 D NavServiceProvider: Second to last stop coordinates: 28.032462, -82.426948
02-28 09:09:44.073 13511 13544 D NavServiceProvider: Setting units automatically
02-28 09:09:44.074 13511 13544 D NavServiceProvider: Detecting stop. distance_d=4.8901787. stop_type=1 speed=0.0
02-28 09:09:44.074 13511 13544 D NavigationTest: 361: (28.032502, -82.426927, 0.000000)	R:true  F:false
02-28 09:09:44.074 13511 13544 D NavigationTest: 362: (28.032502, -82.426927, 0.000000)	R:true  F:false
02-28 09:09:44.074 13511 13544 D NavServiceProvider: Second to last stop coordinates: 28.032462, -82.426948
02-28 09:09:44.074 13511 13544 D NavServiceProvider: Setting units automatically
02-28 09:09:44.075 13511 13544 D NavServiceProvider: Detecting stop. distance_d=4.990853. stop_type=1 speed=0.0
02-28 09:09:44.075 13511 13544 D NavigationTest: 363: (28.032503, -82.426927, 0.000000)	R:true  F:false
02-28 09:09:44.075 13511 13544 D NavServiceProvider: Second to last stop coordinates: 28.032462, -82.426948
02-28 09:09:44.076 13511 13544 D NavServiceProvider: Setting units automatically
02-28 09:09:44.077 13511 13544 D NavServiceProvider: Detecting stop. distance_d=4.990853. stop_type=1 speed=0.0
02-28 09:09:44.077 13511 13544 D NavigationTest: 364: (28.032503, -82.426927, 0.000000)	R:true  F:false
02-28 09:09:44.077 13511 13544 D NavigationTest: 365: (28.032503, -82.426927, 0.000000)	R:true  F:false
02-28 09:09:44.077 13511 13544 D NavServiceProvider: Second to last stop coordinates: 28.032462, -82.426948
02-28 09:09:44.077 13511 13544 D NavServiceProvider: Setting units automatically
02-28 09:09:44.078 13511 13544 D NavServiceProvider: Detecting stop. distance_d=4.8901787. stop_type=1 speed=0.0
02-28 09:09:44.078 13511 13544 D NavigationTest: 366: (28.032502, -82.426927, 0.000000)	R:true  F:false
02-28 09:09:44.078 13511 13544 D NavigationTest: 367: (28.032502, -82.426927, 0.000000)	R:true  F:false
02-28 09:09:44.078 13511 13544 D NavServiceProvider: Second to last stop coordinates: 28.032462, -82.426948
02-28 09:09:44.078 13511 13544 D NavServiceProvider: Setting units automatically
02-28 09:09:44.080 13511 13544 D NavServiceProvider: Detecting stop. distance_d=4.932507. stop_type=1 speed=0.0
02-28 09:09:44.080 13511 13544 D NavigationTest: 368: (28.032502, -82.426926, 0.000000)	R:true  F:false
02-28 09:09:44.080 13511 13544 D NavigationTest: 369: (28.032502, -82.426926, 0.000000)	R:true  F:false
02-28 09:09:44.080 13511 13544 D NavServiceProvider: Second to last stop coordinates: 28.032462, -82.426948
02-28 09:09:44.080 13511 13544 D NavServiceProvider: Setting units automatically
02-28 09:09:44.081 13511 13544 D NavServiceProvider: Detecting stop. distance_d=4.932507. stop_type=1 speed=0.0
02-28 09:09:44.081 13511 13544 D NavigationTest: 370: (28.032502, -82.426926, 0.000000)	R:true  F:false
02-28 09:09:44.081 13511 13544 D NavServiceProvider: Second to last stop coordinates: 28.032462, -82.426948
02-28 09:09:44.081 13511 13544 D NavServiceProvider: Setting units automatically
02-28 09:09:44.082 13511 13544 D NavServiceProvider: Detecting stop. distance_d=4.932507. stop_type=1 speed=0.0
02-28 09:09:44.082 13511 13544 D NavigationTest: 371: (28.032502, -82.426926, 0.000000)	R:true  F:false
02-28 09:09:44.082 13511 13544 D NavigationTest: 372: (28.032502, -82.426926, 0.000000)	R:true  F:false
02-28 09:09:44.082 13511 13544 D NavServiceProvider: Second to last stop coordinates: 28.032462, -82.426948
02-28 09:09:44.083 13511 13544 D NavServiceProvider: Setting units automatically
02-28 09:09:44.084 13511 13544 D NavServiceProvider: Detecting stop. distance_d=4.932507. stop_type=1 speed=0.0
02-28 09:09:44.084 13511 13544 D NavigationTest: 373: (28.032502, -82.426926, 0.000000)	R:true  F:false
02-28 09:09:44.084 13511 13544 D NavServiceProvider: Second to last stop coordinates: 28.032462, -82.426948
02-28 09:09:44.084 13511 13544 D NavServiceProvider: Setting units automatically
02-28 09:09:44.085 13511 13544 D NavServiceProvider: Detecting stop. distance_d=4.932507. stop_type=1 speed=0.0
02-28 09:09:44.085 13511 13544 D NavigationTest: 374: (28.032502, -82.426926, 0.000000)	R:true  F:false
02-28 09:09:44.085 13511 13544 D NavigationTest: 375: (28.032502, -82.426926, 0.000000)	R:true  F:false
02-28 09:09:44.085 13511 13544 D NavServiceProvider: Second to last stop coordinates: 28.032462, -82.426948
02-28 09:09:44.086 13511 13544 D NavServiceProvider: Setting units automatically
02-28 09:09:44.086 13511 13544 D NavServiceProvider: Detecting stop. distance_d=4.932507. stop_type=1 speed=0.0
02-28 09:09:44.087 13511 13544 D NavigationTest: 376: (28.032502, -82.426926, 0.000000)	R:true  F:false
02-28 09:09:44.087 13511 13544 D NavigationTest: 377: (28.032502, -82.426926, 0.000000)	R:true  F:false
02-28 09:09:44.087 13511 13544 D NavServiceProvider: Second to last stop coordinates: 28.032462, -82.426948
02-28 09:09:44.087 13511 13544 D NavServiceProvider: Setting units automatically
02-28 09:09:44.088 13511 13544 D NavServiceProvider: Detecting stop. distance_d=4.932507. stop_type=1 speed=0.0
02-28 09:09:44.088 13511 13544 D NavigationTest: 378: (28.032502, -82.426926, 0.000000)	R:true  F:false
02-28 09:09:44.088 13511 13544 D NavigationTest: 379: (28.032502, -82.426926, 0.000000)	R:true  F:false
02-28 09:09:44.088 13511 13544 D NavServiceProvider: Second to last stop coordinates: 28.032462, -82.426948
02-28 09:09:44.088 13511 13544 D NavServiceProvider: Setting units automatically
02-28 09:09:44.089 13511 13544 D NavServiceProvider: Detecting stop. distance_d=4.932507. stop_type=1 speed=0.0
02-28 09:09:44.089 13511 13544 D NavigationTest: 380: (28.032502, -82.426926, 0.000000)	R:true  F:false
02-28 09:09:44.089 13511 13544 D NavServiceProvider: Second to last stop coordinates: 28.032462, -82.426948
02-28 09:09:44.090 13511 13544 D NavServiceProvider: Setting units automatically
02-28 09:09:44.091 13511 13544 D NavServiceProvider: Detecting stop. distance_d=4.932507. stop_type=1 speed=0.0
02-28 09:09:44.091 13511 13544 D NavigationTest: 381: (28.032502, -82.426926, 0.000000)	R:true  F:false
02-28 09:09:44.091 13511 13544 D NavigationTest: 382: (28.032502, -82.426926, 0.000000)	R:true  F:false
02-28 09:09:44.091 13511 13544 D NavServiceProvider: Second to last stop coordinates: 28.032462, -82.426948
02-28 09:09:44.091 13511 13544 D NavServiceProvider: Setting units automatically
02-28 09:09:44.092 13511 13544 D NavServiceProvider: Detecting stop. distance_d=4.932507. stop_type=1 speed=0.0
02-28 09:09:44.092 13511 13544 D NavigationTest: 383: (28.032502, -82.426926, 0.000000)	R:true  F:false
02-28 09:09:44.092 13511 13544 D NavigationTest: 384: (28.032502, -82.426926, 0.000000)	R:true  F:false
02-28 09:09:44.092 13511 13544 D NavServiceProvider: Second to last stop coordinates: 28.032462, -82.426948
02-28 09:09:44.092   871   871 D msm8974_platform: platform_split_snd_device: snd_device(2) num devices(1) new_snd_devices(0)
02-28 09:09:44.093 13511 13544 D NavServiceProvider: Setting units automatically
02-28 09:09:44.096 13511 13544 D NavServiceProvider: Detecting stop. distance_d=4.932507. stop_type=1 speed=0.0
02-28 09:09:44.097 13511 13544 D NavigationTest: 385: (28.032502, -82.426926, 0.000000)	R:true  F:false
02-28 09:09:44.097 13511 13544 D NavServiceProvider: Second to last stop coordinates: 28.032462, -82.426948
02-28 09:09:44.097 13511 13544 D NavServiceProvider: Setting units automatically
02-28 09:09:44.098 13511 13544 D NavServiceProvider: Detecting stop. distance_d=4.932507. stop_type=1 speed=0.0
02-28 09:09:44.098 13511 13544 D NavigationTest: 386: (28.032502, -82.426926, 0.000000)	R:true  F:false
02-28 09:09:44.098 13511 13544 D NavigationTest: 387: (28.032502, -82.426926, 0.000000)	R:true  F:false
02-28 09:09:44.098 13511 13544 D NavServiceProvider: Second to last stop coordinates: 28.032462, -82.426948
02-28 09:09:44.098 13511 13544 D NavServiceProvider: Setting units automatically
02-28 09:09:44.100 13511 13544 D NavServiceProvider: Detecting stop. distance_d=2668.5645. stop_type=1 speed=0.0
02-28 09:09:44.100 13511 13544 D NavigationTest: 388: (28.056542, -82.427038, 0.000000)	R:true  F:false
02-28 09:09:44.100 13511 13544 D NavServiceProvider: Second to last stop coordinates: 28.032462, -82.426948
02-28 09:09:44.100 13511 13544 D NavServiceProvider: Setting units automatically
02-28 09:09:44.101 13511 13544 D NavServiceProvider: Detecting stop. distance_d=4.932507. stop_type=1 speed=0.0
02-28 09:09:44.101 13511 13544 D NavigationTest: 389: (28.032502, -82.426926, 0.000000)	R:true  F:false
02-28 09:09:44.101 13511 13544 D NavServiceProvider: Second to last stop coordinates: 28.032462, -82.426948
02-28 09:09:44.102 13511 13544 D NavServiceProvider: Setting units automatically
02-28 09:09:44.103 13511 13544 D NavServiceProvider: Detecting stop. distance_d=4.932507. stop_type=1 speed=0.0
02-28 09:09:44.103 13511 13544 D NavigationTest: 390: (28.032502, -82.426926, 0.000000)	R:true  F:false
02-28 09:09:44.103 13511 13544 D NavigationTest: 391: (28.032502, -82.426926, 0.000000)	R:true  F:false
02-28 09:09:44.103 13511 13544 D NavServiceProvider: Second to last stop coordinates: 28.032462, -82.426948
02-28 09:09:44.103 13511 13544 D NavServiceProvider: Setting units automatically
02-28 09:09:44.104 13511 13544 D NavServiceProvider: Detecting stop. distance_d=4.932507. stop_type=1 speed=0.0
02-28 09:09:44.104 13511 13544 D NavigationTest: 392: (28.032502, -82.426926, 0.000000)	R:true  F:false
02-28 09:09:44.104 13511 13544 D NavServiceProvider: Second to last stop coordinates: 28.032462, -82.426948
02-28 09:09:44.105 13511 13544 D NavServiceProvider: Setting units automatically
02-28 09:09:44.106 13511 13544 D NavServiceProvider: Detecting stop. distance_d=4.932507. stop_type=1 speed=0.0
02-28 09:09:44.106 13511 13544 D NavigationTest: 393: (28.032502, -82.426926, 0.000000)	R:true  F:false
02-28 09:09:44.106 13511 13544 D NavigationTest: 394: (28.032502, -82.426926, 0.000000)	R:true  F:false
02-28 09:09:44.106 13511 13544 D NavServiceProvider: Second to last stop coordinates: 28.032462, -82.426948
02-28 09:09:44.106 13511 13544 D NavServiceProvider: Setting units automatically
02-28 09:09:44.107 13511 13544 D NavServiceProvider: Detecting stop. distance_d=4.932507. stop_type=1 speed=0.0
02-28 09:09:44.107 13511 13544 D NavigationTest: 395: (28.032502, -82.426926, 0.000000)	R:true  F:false
02-28 09:09:44.107 13511 13544 D NavigationTest: 396: (28.032502, -82.426926, 0.000000)	R:true  F:false
02-28 09:09:44.107 13511 13544 D NavServiceProvider: Second to last stop coordinates: 28.032462, -82.426948
02-28 09:09:44.108 13511 13544 D NavServiceProvider: Setting units automatically
02-28 09:09:44.109 13511 13544 D NavServiceProvider: Detecting stop. distance_d=4.9509773. stop_type=1 speed=0.0
02-28 09:09:44.109 13511 13544 D NavigationTest: 397: (28.032503, -82.426928, 0.000000)	R:true  F:false
02-28 09:09:44.109 13511 13544 D NavigationTest: 398: (28.032503, -82.426928, 0.000000)	R:true  F:false
02-28 09:09:44.109 13511 13544 D NavServiceProvider: Second to last stop coordinates: 28.032462, -82.426948
02-28 09:09:44.109 13511 13544 D NavServiceProvider: Setting units automatically
02-28 09:09:44.111 13511 13544 D NavServiceProvider: Detecting stop. distance_d=4.849475. stop_type=1 speed=0.0
02-28 09:09:44.111 13511 13544 D NavigationTest: 399: (28.032502, -82.426928, 0.000000)	R:true  F:false
02-28 09:09:44.111 13511 13544 D NavigationTest: 400: (28.032502, -82.426928, 0.000000)	R:true  F:false
02-28 09:09:44.111 13511 13544 D NavServiceProvider: Second to last stop coordinates: 28.032462, -82.426948
02-28 09:09:44.111 13511 13544 D NavServiceProvider: Setting units automatically
02-28 09:09:44.112 13511 13544 D NavServiceProvider: Detecting stop. distance_d=4.849475. stop_type=1 speed=0.0
02-28 09:09:44.112 13511 13544 D NavigationTest: 401: (28.032502, -82.426928, 0.000000)	R:true  F:false
02-28 09:09:44.112 13511 13544 D NavServiceProvider: Second to last stop coordinates: 28.032462, -82.426948
02-28 09:09:44.113 13511 13544 D NavServiceProvider: Setting units automatically
02-28 09:09:44.114 13511 13544 D NavServiceProvider: Detecting stop. distance_d=4.849475. stop_type=1 speed=0.0
02-28 09:09:44.114 13511 13544 D NavigationTest: 402: (28.032502, -82.426928, 0.000000)	R:true  F:false
02-28 09:09:44.114 13511 13544 D NavigationTest: 403: (28.032502, -82.426928, 0.000000)	R:true  F:false
02-28 09:09:44.114 13511 13544 D NavServiceProvider: Second to last stop coordinates: 28.032462, -82.426948
02-28 09:09:44.114 13511 13544 D NavServiceProvider: Setting units automatically
02-28 09:09:44.115 13511 13544 D NavServiceProvider: Detecting stop. distance_d=4.849475. stop_type=1 speed=0.0
02-28 09:09:44.115 13511 13544 D NavigationTest: 404: (28.032502, -82.426928, 0.000000)	R:true  F:false
02-28 09:09:44.115 13511 13544 D NavigationTest: 405: (28.032502, -82.426928, 0.000000)	R:true  F:false
02-28 09:09:44.115 13511 13544 D NavServiceProvider: Second to last stop coordinates: 28.032462, -82.426948
02-28 09:09:44.115 13511 13544 D NavServiceProvider: Setting units automatically
02-28 09:09:44.116 13511 13544 D NavServiceProvider: Detecting stop. distance_d=4.849475. stop_type=1 speed=0.0
02-28 09:09:44.116 13511 13544 D NavigationTest: 406: (28.032502, -82.426928, 0.000000)	R:true  F:false
02-28 09:09:44.116 13511 13544 D NavServiceProvider: Second to last stop coordinates: 28.032462, -82.426948
02-28 09:09:44.117 13511 13544 D NavServiceProvider: Setting units automatically
02-28 09:09:44.118 13511 13544 D NavServiceProvider: Detecting stop. distance_d=4.849475. stop_type=1 speed=0.0
02-28 09:09:44.118 13511 13544 D NavigationTest: 407: (28.032502, -82.426928, 0.000000)	R:true  F:false
02-28 09:09:44.118 13511 13544 D NavigationTest: 408: (28.032502, -82.426928, 0.000000)	R:true  F:false
02-28 09:09:44.118 13511 13544 D NavServiceProvider: Second to last stop coordinates: 28.032462, -82.426948
02-28 09:09:44.118 13511 13544 D NavServiceProvider: Setting units automatically
02-28 09:09:44.119 13511 13544 D NavServiceProvider: Detecting stop. distance_d=4.849475. stop_type=1 speed=0.0
02-28 09:09:44.119 13511 13544 D NavigationTest: 409: (28.032502, -82.426928, 0.000000)	R:true  F:false
02-28 09:09:44.119 13511 13544 D NavigationTest: 410: (28.032502, -82.426928, 0.000000)	R:true  F:false
02-28 09:09:44.119 13511 13544 D NavServiceProvider: Second to last stop coordinates: 28.032462, -82.426948
02-28 09:09:44.120 13511 13544 D NavServiceProvider: Setting units automatically
02-28 09:09:44.121 13511 13544 D NavServiceProvider: Detecting stop. distance_d=4.849475. stop_type=1 speed=0.0
02-28 09:09:44.121 13511 13544 D NavigationTest: 411: (28.032502, -82.426928, 0.000000)	R:true  F:false
02-28 09:09:44.121 13511 13544 D NavServiceProvider: Second to last stop coordinates: 28.032462, -82.426948
02-28 09:09:44.121 13511 13544 D NavServiceProvider: Setting units automatically
02-28 09:09:44.122 13511 13544 D NavServiceProvider: Detecting stop. distance_d=4.849475. stop_type=1 speed=0.0
02-28 09:09:44.122 13511 13544 D NavigationTest: 412: (28.032502, -82.426928, 0.000000)	R:true  F:false
02-28 09:09:44.122 13511 13544 D NavigationTest: 413: (28.032502, -82.426928, 0.000000)	R:true  F:false
02-28 09:09:44.122 13511 13544 D NavServiceProvider: Second to last stop coordinates: 28.032462, -82.426948
02-28 09:09:44.122 13511 13544 D NavServiceProvider: Setting units automatically
02-28 09:09:44.123 13511 13544 D NavServiceProvider: Detecting stop. distance_d=4.849475. stop_type=1 speed=0.0
02-28 09:09:44.123 13511 13544 D NavigationTest: 414: (28.032502, -82.426928, 0.000000)	R:true  F:false
02-28 09:09:44.124 13511 13544 D NavServiceProvider: Second to last stop coordinates: 28.032462, -82.426948
02-28 09:09:44.124 13511 13544 D NavServiceProvider: Setting units automatically
02-28 09:09:44.125 13511 13544 D NavServiceProvider: Detecting stop. distance_d=19.036581. stop_type=1 speed=5.240954
02-28 09:09:44.125 13511 13544 D NavigationTest: 415: (28.032484, -82.426756, 5.240954)	R:true  F:false
02-28 09:09:44.125 13511 13544 D NavigationTest: 416: (28.032484, -82.426756, 5.240954)	R:true  F:false
02-28 09:09:44.125 13511 13544 D NavServiceProvider: Second to last stop coordinates: 28.032462, -82.426948
02-28 09:09:44.125 13511 13544 D NavServiceProvider: Setting units automatically
02-28 09:09:44.126 13511 13544 D NavServiceProvider: Detecting stop. distance_d=25.463818. stop_type=1 speed=6.350953
02-28 09:09:44.126 13511 13544 D NavServiceProvider: Case 5: true
02-28 09:09:44.126 13511 13544 D NavServiceProvider: Proximity Event fired
02-28 09:09:44.126 13511 13544 D NavServiceProvider: Checking if path has more path links left to be navigated
02-28 09:09:44.126 13511 13544 D NavServiceProvider: PathLink index: 0 Number of PathLinks: 1
02-28 09:09:44.126 13511 13544 D NavServiceProvider: %%%%%%N%%%%%%%%% No more PathLinks left in Path %%%%%%%%%%%%%%%%%%%%%
02-28 09:09:44.126 13511 13544 D NavServiceProvider: Got to last stop
02-28 09:09:44.126 13511 13544 D NavServiceProvider: Alert 1 screen before last stop
02-28 09:09:44.126 13511 13544 D NavServiceProvider: Calling destination reached...
02-28 09:09:44.127 13579 13668 D AudioTrack: stop(168): called with 4096 frames delivered
02-28 09:09:44.128 13579 13612 I EventProcessor: synthesizeMarkup call to callback.audioAvailable failed: -1
02-28 09:09:44.128  2666  3413 D Avrcp_ext: AudioManager Player: ID:23 -- type:android.media.SoundPool -- u/pid:10126/2688 -- state:idle -- attr:AudioAttributes: usage=USAGE_ASSISTANCE_SONIFICATION content=CONTENT_TYPE_SONIFICATION flags=0x800 tags= bundle=null
02-28 09:09:44.128  2666  3413 D Avrcp_ext: AudioManager Player: ID:1191 -- type:android.media.AudioTrack -- u/pid:10088/13579 -- state:stopped -- attr:AudioAttributes: usage=USAGE_MEDIA content=CONTENT_TYPE_SPEECH flags=0x800 tags= bundle=null
02-28 09:09:44.128  2666  3413 D Avrcp_ext: AudioManager Player: ID:15 -- type:android.media.SoundPool -- u/pid:1000/1493 -- state:idle -- attr:AudioAttributes: usage=USAGE_ASSISTANCE_SONIFICATION content=CONTENT_TYPE_SONIFICATION flags=0x800 tags= bundle=null
02-28 09:09:44.128  2666  3413 D Avrcp_ext: AudioManager isPlaying: false
02-28 09:09:44.128  2666  3413 V Avrcp_ext: updateCurrentMediaState: mMediaController: null
02-28 09:09:44.129  2666  3413 V Avrcp_ext: isMusicActive: true getBluetoothPlayState: 2
02-28 09:09:44.129  2666  3413 V Avrcp_ext: updateCurrentMediaState: isPlaying = false
02-28 09:09:44.129  2666  3413 V Avrcp_ext: Media update: id -1➡-1? [MediaAttributes: none] : [MediaAttributes: none]
02-28 09:09:44.129  2666  3413 V Avrcp_ext: newPlayStatus:2mReportedPlayStatus:-1
02-28 09:09:44.129  2666  3413 V Avrcp_ext: updatePlaybackState, state: PlaybackState {state=2, position=-1, buffered position=0, speed=0.0, updated=1787459, actions=0, custom actions=[], active item id=-1, error=null} device: null
02-28 09:09:44.129  2666  3413 V Avrcp_ext: Device: no name:
02-28 09:09:44.129  2666  3413 I chatty  : uid=1002(bluetooth) BluetoothAvrcpH identical 3 lines
02-28 09:09:44.129  2666  3413 V Avrcp_ext: Device: no name:
02-28 09:09:44.129  2666  3413 V Avrcp_ext: updatePlayerStateAndPosition, old=PlaybackState {state=2, position=-1, buffered position=0, speed=0.0, updated=1787346, actions=0, custom actions=[], active item id=-1, error=null}, state=PlaybackState {state=2, position=-1, buffered position=0, speed=0.0, updated=1787459, actions=0, custom actions=[], active item id=-1, error=null}
02-28 09:09:44.129  2666  3413 V Avrcp_ext: old state = PlaybackState {state=2, position=-1, buffered position=0, speed=0.0, updated=1787346, actions=0, custom actions=[], active item id=-1, error=null}, new state= PlaybackState {state=2, position=-1, buffered position=0, speed=0.0, updated=1787459, actions=0, custom actions=[], active item id=-1, error=null}
02-28 09:09:44.129  2666  3413 D HeadsetService: getHeadsetService(): returning com.android.bluetooth.hfp.HeadsetService@8a04d28
02-28 09:09:44.130  2666  3413 D HeadsetService:  isAudioOn: The number of audio connected devices 0
02-28 09:09:44.130  2666  3413 D HeadsetService: isScoOrCallActive(): Call Active:falseCall is Ringing:falseSCO is Active:false
02-28 09:09:44.130  2666  3413 D HeadsetService:  isAudioOn: The number of audio connected devices 0
02-28 09:09:44.130  2666  3413 I Avrcp_ext: updatePlayStatusForDevice: device: null
02-28 09:09:44.130  2666  3413 V Avrcp_ext: updatePlaybackState (1): old=PlaybackState {state=2, position=-1, buffered position=0, speed=0.0, updated=1787346, actions=0, custom actions=[], active item id=-1, error=null}(2), new=PlaybackState {state=2, position=-1, buffered position=0, speed=0.0, updated=1787459, actions=0, custom actions=[], active item id=-1, error=null}(2)
02-28 09:09:44.130  2666  3413 I Avrcp_ext: Exit updatePlayStatusForDevice
