02-28 09:09:29.431 13511 13544 D NavServiceProvider: Second to last stop coordinates: 28.07316, -82.426234
02-28 09:09:29.431 13511 13544 D NavServiceProvider: Setting units automatically
02-28 09:09:29.432 13511 13544 D NavServiceProvider: Detecting stop. distance_d=285.49612. stop_type=1 speed=0.0
02-28 09:09:29.432 13511 13544 D NavigationTest: 862: (28.075734, -82.426354, 0.000000)	R:false  F:false
02-28 09:09:29.432 13511 13544 D NavServiceProvider: Second to last stop coordinates: 28.07316, -82.426234
02-28 09:09:29.433 13511 13544 D NavServiceProvider: Setting units automatically
02-28 09:09:29.434 13511 13544 D NavServiceProvider: Detecting stop. distance_d=285.49612. stop_type=1 speed=0.0
02-28 09:09:29.434 13511 13544 D NavigationTest: 863: (28.075734, -82.426354, 0.000000)	R:false  F:false
02-28 09:09:29.434 13511 13544 D NavServiceProvider: Second to last stop coordinates: 28.07316, -82.426234
02-28 09:09:29.434 13511 13544 D NavServiceProvider: Setting units automatically
02-28 09:09:29.436 13511 13544 D NavServiceProvider: Detecting stop. distance_d=285.49612. stop_type=1 speed=0.0
02-28 09:09:29.436 13511 13544 D NavigationTest: 864: (28.075734, -82.426354, 0.000000)	R:false  F:false
02-28 09:09:29.436 13511 13544 D NavServiceProvider: Second to last stop coordinates: 28.07316, -82.426234
02-28 09:09:29.436 13511 13544 D NavServiceProvider: Setting units automatically
02-28 09:09:29.437 13511 13544 D NavServiceProvider: Detecting stop. distance_d=285.49612. stop_type=1 speed=0.0
02-28 09:09:29.437 13511 13544 D NavigationTest: 865: (28.075734, -82.426354, 0.000000)	R:false  F:false
02-28 09:09:29.437 13511 13544 D NavServiceProvider: Second to last stop coordinates: 28.07316, -82.426234
02-28 09:09:29.438 13511 13544 D NavServiceProvider: Setting units automatically
02-28 09:09:29.439 13511 13544 D NavServiceProvider: Detecting stop. distance_d=285.49612. stop_type=1 speed=0.0
02-28 09:09:29.439 13511 13544 D NavigationTest: 866: (28.075734, -82.426354, 0.000000)	R:false  F:false
02-28 09:09:29.439 13511 13544 D NavServiceProvider: Second to last stop coordinates: 28.07316, -82.426234
02-28 09:09:29.439 13511 13544 D NavServiceProvider: Setting units automatically
02-28 09:09:29.441 13511 13544 D NavServiceProvider: Detecting stop. distance_d=281.57013. stop_type=1 speed=1.900105
02-28 09:09:29.441 13511 13544 D NavigationTest: 867: (28.075699, -82.426341, 1.900105)	R:false  F:false
02-28 09:09:29.441 13511 13544 D NavServiceProvider: Second to last stop coordinates: 28.07316, -82.426234
02-28 09:09:29.441 13511 13544 D NavServiceProvider: Setting units automatically
02-28 09:09:29.442 13511 13544 D NavServiceProvider: Detecting stop. distance_d=276.09808. stop_type=1 speed=3.190141
02-28 09:09:29.442 13511 13544 D NavigationTest: 868: (28.075650, -82.426328, 3.190141)	R:false  F:false
02-28 09:09:29.442 13511 13544 D NavServiceProvider: Second to last stop coordinates: 28.07316, -82.426234
02-28 09:09:29.442 13511 13544 D NavServiceProvider: Setting units automatically
02-28 09:09:29.444 13511 13544 D NavServiceProvider: Detecting stop. distance_d=263.52383. stop_type=1 speed=6.950259
02-28 09:09:29.444 13511 13544 D NavigationTest: 869: (28.075537, -82.426309, 6.950259)	R:false  F:false
02-28 09:09:29.444 13511 13544 D NavigationTest: 870: (28.075537, -82.426309, 6.950259)	R:false  F:false
02-28 09:09:29.444 13511 13544 D NavServiceProvider: Second to last stop coordinates: 28.07316, -82.426234
02-28 09:09:29.444 13511 13544 D NavServiceProvider: Setting units automatically
02-28 09:09:29.445 13511 13544 D NavServiceProvider: Detecting stop. distance_d=257.94934. stop_type=1 speed=6.95
02-28 09:09:29.445 13511 13544 D NavigationTest: 871: (28.075487, -82.426295, 6.950000)	R:false  F:false
02-28 09:09:29.445 13511 13544 D NavServiceProvider: Second to last stop coordinates: 28.07316, -82.426234
02-28 09:09:29.445 13511 13544 D NavServiceProvider: Setting units automatically
02-28 09:09:29.447 13511 13544 D NavServiceProvider: Detecting stop. distance_d=245.59998. stop_type=1 speed=9.470006
02-28 09:09:29.447 13511 13544 D NavigationTest: 872: (28.075376, -82.426267, 9.470006)	R:false  F:false
02-28 09:09:29.447 13511 13544 D NavigationTest: 873: (28.075376, -82.426267, 9.470006)	R:false  F:false
02-28 09:09:29.447 13511 13544 D NavServiceProvider: Second to last stop coordinates: 28.07316, -82.426234
02-28 09:09:29.447 13511 13544 D NavServiceProvider: Setting units automatically
02-28 09:09:29.448 13511 13544 D NavServiceProvider: Detecting stop. distance_d=237.17838. stop_type=1 speed=10.130242
02-28 09:09:29.448 13511 13544 D NavigationTest: 874: (28.075300, -82.426267, 10.130242)	R:false  F:false
02-28 09:09:29.448 13511 13544 D NavServiceProvider: Second to last stop coordinates: 28.07316, -82.426234
02-28 09:09:29.449 13511 13544 D NavServiceProvider: Setting units automatically
02-28 09:09:29.450 13511 13544 D NavServiceProvider: Detecting stop. distance_d=224.78401. stop_type=1 speed=11.87
02-28 09:09:29.450 13511 13544 D NavigationTest: 875: (28.075188, -82.426277, 11.870000)	R:false  F:false
02-28 09:09:29.450 13511 13544 D NavServiceProvider: Second to last stop coordinates: 28.07316, -82.426234
02-28 09:09:29.450 13511 13544 D NavServiceProvider: Setting units automatically
02-28 09:09:29.451 13511 13544 D NavServiceProvider: Detecting stop. distance_d=224.78401. stop_type=1 speed=11.87
02-28 09:09:29.451 13511 13544 D NavigationTest: 876: (28.075188, -82.426277, 11.870000)	R:false  F:false
02-28 09:09:29.451 13511 13544 D NavigationTest: 877: (28.075188, -82.426277, 11.870000)	R:false  F:false
02-28 09:09:29.451 13511 13544 D NavServiceProvider: Second to last stop coordinates: 28.07316, -82.426234
02-28 09:09:29.452 13511 13544 D NavServiceProvider: Setting units automatically
02-28 09:09:29.453 13511 13544 D NavServiceProvider: Detecting stop. distance_d=213.85168. stop_type=1 speed=12.210016
02-28 09:09:29.453 13511 13544 D NavigationTest: 878: (28.075089, -82.426293, 12.210016)	R:false  F:false
02-28 09:09:29.453 13511 13544 D NavServiceProvider: Second to last stop coordinates: 28.07316, -82.426234
02-28 09:09:29.453 13511 13544 D NavServiceProvider: Setting units automatically
02-28 09:09:29.455 13511 13544 D NavServiceProvider: Detecting stop. distance_d=200.50934. stop_type=1 speed=13.540236
02-28 09:09:29.455 13511 13544 D NavigationTest: 879: (28.074969, -82.426272, 13.540236)	R:false  F:false
02-28 09:09:29.455 13511 13544 D NavServiceProvider: Second to last stop coordinates: 28.07316, -82.426234
02-28 09:09:29.455 13511 13544 D NavServiceProvider: Setting units automatically
02-28 09:09:29.457 13579 13595 D AudioTrack: stop(144): called with 9856 frames delivered
02-28 09:09:29.457 13579 13612 I EventProcessor: synthesizeMarkup call to callback.audioAvailable failed: -1
02-28 09:09:29.458  2666  3413 D Avrcp_ext: AudioManager Player: ID:23 -- type:android.media.SoundPool -- u/pid:10126/2688 -- state:idle -- attr:AudioAttributes: usage=USAGE_ASSISTANCE_SONIFICATION content=CONTENT_TYPE_SONIFICATION flags=0x800 tags= bundle=null
02-28 09:09:29.458  2666  3413 D Avrcp_ext: AudioManager Player: ID:999 -- type:android.media.AudioTrack -- u/pid:10088/13579 -- state:stopped -- attr:AudioAttributes: usage=USAGE_MEDIA content=CONTENT_TYPE_SPEECH flags=0x800 tags= bundle=null
02-28 09:09:29.458  2666  3413 D Avrcp_ext: AudioManager Player: ID:15 -- type:android.media.SoundPool -- u/pid:1000/1493 -- state:idle -- attr:AudioAttributes: usage=USAGE_ASSISTANCE_SONIFICATION content=CONTENT_TYPE_SONIFICATION flags=0x800 tags= bundle=null
02-28 09:09:29.458  2666  3413 D Avrcp_ext: AudioManager isPlaying: false
02-28 09:09:29.458  2666  3413 V Avrcp_ext: updateCurrentMediaState: mMediaController: null
02-28 09:09:29.459  2666  3413 V Avrcp_ext: isMusicActive: true getBluetoothPlayState: 2
02-28 09:09:29.459  2666  3413 V Avrcp_ext: updateCurrentMediaState: isPlaying = false
02-28 09:09:29.459  2666  3413 V Avrcp_ext: Media update: id -1-1? [MediaAttributes: none] : [MediaAttributes: none]
02-28 09:09:29.459  2666  3413 V Avrcp_ext: newPlayStatus:2mReportedPlayStatus:-1
02-28 09:09:29.459  2666  3413 V Avrcp_ext: updatePlaybackState, state: PlaybackState {state=2, position=-1, buffered position=0, speed=0.0, updated=1772789, actions=0, custom actions=[], active item id=-1, error=null} device: null
02-28 09:09:29.459  2666  3413 V Avrcp_ext: Device: no name:
02-28 09:09:29.459  2666  3413 I chatty  : uid=1002(bluetooth) BluetoothAvrcpH identical 3 lines
02-28 09:09:29.459  2666  3413 V Avrcp_ext: Device: no name:
02-28 09:09:29.459  2666  3413 V Avrcp_ext: updatePlayerStateAndPosition, old=PlaybackState {state=2, position=-1, buffered position=0, speed=0.0, updated=1772550, actions=0, custom actions=[], active item id=-1, error=null}, state=PlaybackState {state=2, position=-1, buffered position=0, speed=0.0, updated=1772789, actions=0, custom actions=[], active item id=-1, error=null}
02-28 09:09:29.459  2666  3413 V Avrcp_ext: old state = PlaybackState {state=2, position=-1, buffered position=0, speed=0.0, updated=1772550, actions=0, custom actions=[], active item id=-1, error=null}, new state= PlaybackState {state=2, position=-1, buffered position=0, speed=0.0, updated=1772789, actions=0, custom actions=[], active item id=-1, error=null}
02-28 09:09:29.459  2666  3413 D HeadsetService: getHeadsetService(): returning com.android.bluetooth.hfp.HeadsetService@8a04d28
02-28 09:09:29.459 13511 13544 D NavServiceProvider: -----Get ready!
02-28 09:09:29.459  2666  3413 D HeadsetService:  isAudioOn: The number of audio connected devices 0
02-28 09:09:29.460  2666  3413 D HeadsetService: isScoOrCallActive(): Call Active:falseCall is Ringing:falseSCO is Active:false
02-28 09:09:29.460 13511 13544 D NavigationTest: 880: (28.074848, -82.426268, 13.700058)	R:true  F:false
02-28 09:09:29.460 13511 13544 D NavServiceProvider: Second to last stop coordinates: 28.07316, -82.426234
02-28 09:09:29.460  2666  3413 D HeadsetService:  isAudioOn: The number of audio connected devices 0
02-28 09:09:29.460  2666  3413 I Avrcp_ext: updatePlayStatusForDevice: device: null
02-28 09:09:29.460  2666  3413 V Avrcp_ext: updatePlaybackState (1): old=PlaybackState {state=2, position=-1, buffered position=0, speed=0.0, updated=1772550, actions=0, custom actions=[], active item id=-1, error=null}(2), new=PlaybackState {state=2, position=-1, buffered position=0, speed=0.0, updated=1772789, actions=0, custom actions=[], active item id=-1, error=null}(2)
02-28 09:09:29.460  2666  3413 I Avrcp_ext: Exit updatePlayStatusForDevice
02-28 09:09:29.460  2666  3413 D HeadsetService:  isAudioOn: The number of audio connected devices 0
02-28 09:09:29.460  2666  3413 D HeadsetService: isScoOrCallActive(): Call Active:falseCall is Ringing:falseSCO is Active:false
02-28 09:09:29.460 13511 13544 D NavServiceProvider: Setting units automatically
02-28 09:09:29.460  2666  3413 D HeadsetService:  isAudioOn: The number of audio connected devices 0
02-28 09:09:29.460  2666  3413 I Avrcp_ext: updatePlayStatusForDevice: device: null
02-28 09:09:29.460  2666  3413 V Avrcp_ext: updatePlaybackState (1): old=PlaybackState {state=2, position=-1, buffered position=0, speed=0.0, updated=1772550, actions=0, custom actions=[], active item id=-1, error=null}(2), new=PlaybackState {state=2, position=-1, buffered position=0, speed=0.0, updated=1772789, actions=0, custom actions=[], active item id=-1, error=null}(2)
02-28 09:09:29.460  2666  3413 I Avrcp_ext: Exit updatePlayStatusForDevice
02-28 09:09:29.461  2666  3413 D HeadsetService:  isAudioOn: The number of audio connected devices 0
02-28 09:09:29.461  2666  3413 D HeadsetService: isScoOrCallActive(): Call Active:falseCall is Ringing:falseSCO is Active:false
02-28 09:09:29.461  2666  3413 D HeadsetService:  isAudioOn: The number of audio connected devices 0
02-28 09:09:29.461  2666  3413 I Avrcp_ext: updatePlayStatusForDevice: device: null
02-28 09:09:29.461  2666  3413 V Avrcp_ext: updatePlaybackState (1): old=PlaybackState {state=2, position=-1, buffered position=0, speed=0.0, updated=1772550, actions=0, custom actions=[], active item id=-1, error=null}(2), new=PlaybackState {state=2, position=-1, buffered position=0, speed=0.0, updated=1772789, actions=0, custom actions=[], active item id=-1, error=null}(2)
02-28 09:09:29.461  2666  3413 I Avrcp_ext: Exit updatePlayStatusForDevice
02-28 09:09:29.461  2666  3413 D HeadsetService:  isAudioOn: The number of audio connected devices 0
02-28 09:09:29.461  2666  3413 D HeadsetService: isScoOrCallActive(): Call Active:falseCall is Ringing:falseSCO is Active:false
02-28 09:09:29.461  2666  3413 D HeadsetService:  isAudioOn: The number of audio connected devices 0
02-28 09:09:29.461  2666  3413 I Avrcp_ext: updatePlayStatusForDevice: device: null
02-28 09:09:29.461  2666  3413 V Avrcp_ext: updatePlaybackState (1): old=PlaybackState {state=2, position=-1, buffered position=0, speed=0.0, updated=1772550, actions=0, custom actions=[], active item id=-1, error=null}(2), new=PlaybackState {state=2, position=-1, buffered position=0, speed=0.0, updated=1772789, actions=0, custom actions=[], active item id=-1, error=null}(2)
02-28 09:09:29.461  2666  3413 I Avrcp_ext: Exit updatePlayStatusForDevice
02-28 09:09:29.462  2666  3413 D HeadsetService:  isAudioOn: The number of audio connected devices 0
02-28 09:09:29.462  2666  3413 D HeadsetService: isScoOrCallActive(): Call Active:falseCall is Ringing:falseSCO is Active:false
02-28 09:09:29.462  2666  3413 D HeadsetService:  isAudioOn: The number of audio connected devices 0
02-28 09:09:29.462  2666  3413 I Avrcp_ext: updatePlayStatusForDevice: device: null
02-28 09:09:29.462  2666  3413 V Avrcp_ext: updatePlaybackState (1): old=PlaybackState {state=2, position=-1, buffered position=0, speed=0.0, updated=1772550, actions=0, custom actions=[], active item id=-1, error=null}(2), new=PlaybackState {state=2, position=-1, buffered position=0, speed=0.0, updated=1772789, actions=0, custom actions=[], active item id=-1, error=null}(2)
02-28 09:09:29.462  2666  3413 I Avrcp_ext: Exit updatePlayStatusForDevice
02-28 09:09:29.462  2666  3413 D Avrcp_ext: Enter sendPlayPosNotificationRsp
02-28 09:09:29.462  2666  3413 D Avrcp_ext: sendPlayPosNotificationRsp: Not registered or requesting.
02-28 09:09:29.462  2666  3413 D Avrcp_ext: Enter sendPlayPosNotificationRsp
02-28 09:09:29.462  2666  3413 D Avrcp_ext: sendPlayPosNotificationRsp: Not registered or requesting.
02-28 09:09:29.462  2666  3413 D Avrcp_ext: Enter sendPlayPosNotificationRsp
02-28 09:09:29.462  2666  3413 D Avrcp_ext: sendPlayPosNotificationRsp: Not registered or requesting.
02-28 09:09:29.462  2666  3413 D Avrcp_ext: Enter sendPlayPosNotificationRsp
02-28 09:09:29.462  2666  3413 D Avrcp_ext: sendPlayPosNotificationRsp: Not registered or requesting.
02-28 09:09:29.462  2666  3413 D Avrcp_ext: Enter sendPlayPosNotificationRsp
02-28 09:09:29.463  2666  3413 D Avrcp_ext: sendPlayPosNotificationRsp: Not registered or requesting.
02-28 09:09:29.463  2666  3413 V Avrcp_ext: Exit updatePlayerStateAndPosition
02-28 09:09:29.463  2666  3413 D Avrcp_ext: AudioManager Player: ID:23 -- type:android.media.SoundPool -- u/pid:10126/2688 -- state:idle -- attr:AudioAttributes: usage=USAGE_ASSISTANCE_SONIFICATION content=CONTENT_TYPE_SONIFICATION flags=0x800 tags= bundle=null
02-28 09:09:29.463 13579 13612 I GoogleTTSServiceImpl: Synthesis request for locale eng-USA and name en-US-language
02-28 09:09:29.463  2666  3413 D Avrcp_ext: AudioManager Player: ID:15 -- type:android.media.SoundPool -- u/pid:1000/1493 -- state:idle -- attr:AudioAttributes: usage=USAGE_ASSISTANCE_SONIFICATION content=CONTENT_TYPE_SONIFICATION flags=0x800 tags= bundle=null
02-28 09:09:29.463  2666  3413 D Avrcp_ext: AudioManager isPlaying: false
02-28 09:09:29.464 13579 13612 I GoogleTTSServiceImpl: TTS dispatch: en-us-x-iog-seanet-embedded
02-28 09:09:29.464 13511 13544 D NavServiceProvider: Detecting stop. distance_d=187.0951. stop_type=1 speed=13.700058
02-28 09:09:29.464 13511 13544 D NavigationTest: 880: (28.074848, -82.426268, 13.700058)	R:true  F:false
02-28 09:09:29.464 13511 13544 D NavServiceProvider: Second to last stop coordinates: 28.07316, -82.426234
02-28 09:09:29.465 13511 13544 D NavServiceProvider: Setting units automatically
02-28 09:09:29.466 13511 13544 D NavServiceProvider: Detecting stop. distance_d=173.12071. stop_type=1 speed=13.840091
02-28 09:09:29.466 13511 13544 D NavigationTest: 881: (28.074722, -82.426260, 13.840091)	R:true  F:false
02-28 09:09:29.466 13511 13544 D NavigationTest: 882: (28.074722, -82.426260, 13.840091)	R:true  F:false
02-28 09:09:29.466 13511 13544 D NavServiceProvider: Second to last stop coordinates: 28.07316, -82.426234
02-28 09:09:29.467 13511 13544 D NavServiceProvider: Setting units automatically
02-28 09:09:29.468 13511 13544 D NavServiceProvider: Detecting stop. distance_d=157.4884. stop_type=1 speed=14.55
02-28 09:09:29.468 13511 13544 D NavigationTest: 883: (28.074581, -82.426254, 14.550000)	R:true  F:false
02-28 09:09:29.468 13511 13544 D NavigationTest: 884: (28.074581, -82.426254, 14.550000)	R:true  F:false
02-28 09:09:29.468 13511 13544 D NavServiceProvider: Second to last stop coordinates: 28.07316, -82.426234
02-28 09:09:29.469 13511 13544 D NavServiceProvider: Setting units automatically
02-28 09:09:29.470 13511 13544 D NavServiceProvider: Detecting stop. distance_d=144.17796. stop_type=1 speed=14.92
02-28 09:09:29.471 13511 13544 D NavigationTest: 885: (28.074461, -82.426231, 14.920000)	R:true  F:false
02-28 09:09:29.471 13511 13544 D NavServiceProvider: Second to last stop coordinates: 28.07316, -82.426234
02-28 09:09:29.471 13511 13544 D NavServiceProvider: Setting units automatically
02-28 09:09:29.472 13511 13544 D NavServiceProvider: Detecting stop. distance_d=128.88625. stop_type=1 speed=14.720014
02-28 09:09:29.473 13511 13544 D NavigationTest: 886: (28.074323, -82.426227, 14.720014)	R:true  F:false
02-28 09:09:29.473 13511 13544 D NavServiceProvider: Second to last stop coordinates: 28.07316, -82.426234
02-28 09:09:29.473 13511 13544 D NavServiceProvider: Setting units automatically
02-28 09:09:29.474 13511 13544 D NavServiceProvider: Detecting stop. distance_d=113.25938. stop_type=1 speed=14.580168
02-28 09:09:29.474 13511 13544 D NavigationTest: 887: (28.074182, -82.426230, 14.580168)	R:true  F:false
02-28 09:09:29.474 13511 13544 D NavServiceProvider: Second to last stop coordinates: 28.07316, -82.426234
02-28 09:09:29.475 13511 13544 D NavServiceProvider: Setting units automatically
02-28 09:09:29.476 13511 13544 D NavServiceProvider: Detecting stop. distance_d=98.96303. stop_type=1 speed=14.45028
02-28 09:09:29.476 13511 13544 D NavServiceProvider: Case 1: false
02-28 09:09:29.476 13511 13544 D NavigationTest: 888: (28.074053, -82.426232, 14.450280)	R:true  F:false
02-28 09:09:29.476 13511 13544 D NavigationTest: 889: (28.074053, -82.426232, 14.450280)	R:true  F:false
02-28 09:09:29.476 13511 13544 D NavServiceProvider: Second to last stop coordinates: 28.07316, -82.426234
02-28 09:09:29.477 13511 13544 D NavServiceProvider: Setting units automatically
02-28 09:09:29.478 13511 13544 D NavServiceProvider: Detecting stop. distance_d=82.118324. stop_type=1 speed=15.050054
02-28 09:09:29.478 13511 13544 D NavigationTest: 890: (28.073901, -82.426232, 15.050054)	R:true  F:false
02-28 09:09:29.478 13511 13544 D NavigationTest: 891: (28.073901, -82.426232, 15.050054)	R:true  F:false
02-28 09:09:29.478 13511 13544 D NavServiceProvider: Second to last stop coordinates: 28.07316, -82.426234
02-28 09:09:29.479 13511 13544 D NavServiceProvider: Setting units automatically
02-28 09:09:29.480 13511 13544 D NavServiceProvider: Detecting stop. distance_d=65.44208. stop_type=1 speed=15.400208
02-28 09:09:29.480 13511 13544 D NavigationTest: 892: (28.073750, -82.426262, 15.400208)	R:true  F:false
02-28 09:09:29.480 13511 13544 D NavServiceProvider: Second to last stop coordinates: 28.07316, -82.426234
02-28 09:09:29.481 13511 13544 D NavServiceProvider: Setting units automatically
02-28 09:09:29.482 13511 13544 D NavServiceProvider: Detecting stop. distance_d=53.942085. stop_type=1 speed=14.130354
02-28 09:09:29.482 13511 13544 D NavigationTest: 893: (28.073643, -82.426302, 14.130354)	R:true  F:false
02-28 09:09:29.482 13511 13544 D NavServiceProvider: Second to last stop coordinates: 28.07316, -82.426234
02-28 09:09:29.483 13511 13544 D NavServiceProvider: Setting units automatically
02-28 09:09:29.484 13511 13544 D NavServiceProvider: Detecting stop. distance_d=37.4035. stop_type=1 speed=14.690166
02-28 09:09:29.484 13511 13544 D NavServiceProvider: Case 2: false
02-28 09:09:29.484 13511 13544 D NavigationTest: 894: (28.073496, -82.426270, 14.690166)	R:true  F:false
02-28 09:09:29.484 13511 13544 D NavServiceProvider: Second to last stop coordinates: 28.07316, -82.426234
02-28 09:09:29.485 13511 13544 D NavServiceProvider: Setting units automatically
02-28 09:09:29.486 13511 13544 D NavServiceProvider: Detecting stop. distance_d=29.64563. stop_type=1 speed=12.840035
02-28 09:09:29.487 13511 13544 D NavigationTest: 895: (28.073426, -82.426266, 12.840035)	R:true  F:false
02-28 09:09:29.487 13511 13544 D NavigationTest: 896: (28.073426, -82.426266, 12.840035)	R:true  F:false
02-28 09:09:29.487 13511 13544 D NavServiceProvider: Second to last stop coordinates: 28.07316, -82.426234
02-28 09:09:29.487 13511 13544 D NavServiceProvider: Setting units automatically
02-28 09:09:29.488 13511 13544 D NavServiceProvider: Detecting stop. distance_d=13.41566. stop_type=1 speed=13.580059
02-28 09:09:29.489 13511 13544 D NavServiceProvider: Case 3: false
02-28 09:09:29.489 13511 13544 D NavigationTest: 897: (28.073280, -82.426252, 13.580059)	R:true  F:false
02-28 09:09:29.489 13511 13544 D NavigationTest: 898: (28.073280, -82.426252, 13.580059)	R:true  F:false
02-28 09:09:29.489 13511 13544 D NavServiceProvider: Second to last stop coordinates: 28.07316, -82.426234
02-28 09:09:29.489 13511 13544 D NavServiceProvider: Setting units automatically
02-28 09:09:29.491 13511 13544 D NavServiceProvider: Detecting stop. distance_d=4.6737685. stop_type=1 speed=14.100089
02-28 09:09:29.491 13511 13544 D NavigationTest: 899: (28.073142, -82.426191, 14.100089)	R:true  F:false
02-28 09:09:29.491 13511 13544 D NavServiceProvider: Second to last stop coordinates: 28.07316, -82.426234
02-28 09:09:29.491 13511 13544 D NavServiceProvider: Setting units automatically
02-28 09:09:29.493 13511 13544 D NavServiceProvider: Detecting stop. distance_d=17.26261. stop_type=1 speed=13.930291
02-28 09:09:29.493 13511 13544 D NavigationTest: 900: (28.073020, -82.426157, 13.930291)	R:true  F:false
02-28 09:09:29.493 13511 13544 D NavServiceProvider: Second to last stop coordinates: 28.07316, -82.426234
02-28 09:09:29.493 13511 13544 D NavServiceProvider: Setting units automatically
02-28 09:09:29.495 13511 13544 D NavServiceProvider: Detecting stop. distance_d=22.563543. stop_type=1 speed=12.120334
02-28 09:09:29.495 13511 13544 D NavServiceProvider: Case 5: true
02-28 09:09:29.495 13511 13544 D NavServiceProvider: Proximity Event fired
02-28 09:09:29.495 13511 13544 D NavServiceProvider: Checking if path has more path links left to be navigated
02-28 09:09:29.495 13511 13544 D NavServiceProvider: PathLink index: 0 Number of PathLinks: 1
02-28 09:09:29.495 13511 13544 D NavServiceProvider: %%%%%%N%%%%%%%%% No more PathLinks left in Path %%%%%%%%%%%%%%%%%%%%%
02-28 09:09:29.495 13511 13544 D NavServiceProvider: Got to last stop
02-28 09:09:29.495 13511 13544 D NavServiceProvider: Alert 1 screen before last stop
02-28 09:09:29.495 13511 13544 D NavServiceProvider: Calling destination reached...
02-28 09:09:29.501 13511 13544 D NavServiceProvider: -----Get off the bus!
02-28 09:09:29.502 13511 13544 D NavigationTest: 901: (28.072960, -82.426191, 12.120334)	R:true  F:true
02-28 09:09:29.503 13511 13544 I System.out: O311C: INFO Log level changed: DEBUG
02-28 09:09:29.503 13511 13544 I System.out: O311C: INFO Dry run mode changed: true
02-28 09:09:29.503 13511 13544 W Application: Open311 issue reporting is in debug/dry run mode - no issues will be submitted.
02-28 09:09:29.503 13511 13544 I System.out: O311C: INFO clearOpen311
02-28 09:09:29.503 13511 13544 I TestRunner: finished: testTrip12C(org.onebusaway.android.nav.test.NavigationTest)
