02-28 09:09:36.464 13511 13544 I TestRunner: started: testTrip9(org.onebusaway.android.nav.test.NavigationTest)
02-28 09:09:36.465 13511 13511 I MonitoringInstr: Activities that are still in CREATED to STOPPED: 0
02-28 09:09:36.470 13579 13612 I GoogleTTSServiceImpl: Synthesis request for locale eng-USA and name en-US-language
02-28 09:09:36.470 13579 13612 I GoogleTTSServiceImpl: TTS dispatch: en-us-x-iog-seanet-embedded
02-28 09:09:36.479 13511 13544 D NavServiceProvider: Creating NavigationServiceProvider...
02-28 09:09:36.479 13511 13544 D NavServiceProvider: Starting navigation for service
02-28 09:09:36.479 13511 13544 D NavServiceProvider: ProximityCalculator initializing...
02-28 09:09:36.479 13511 13544 D NavServiceProvider: Initializing ProximityCalculator
02-28 09:09:36.479 13511 13544 D NavServiceProvider: Number of path links: 1
02-28 09:09:36.480 13511 13544 D NavServiceProvider: Second to last stop coordinates: 28.039471, -82.416137
02-28 09:09:36.480 13511 13544 D NavServiceProvider: Setting units automatically
02-28 09:09:36.483 13511 13544 D NavServiceProvider: Detecting stop. distance_d=2819.1545. stop_type=1 speed=0.0
02-28 09:09:36.483 13511 13544 D NavigationTest: 0: (28.014074, -82.414489, 0.000000)	R:false  F:false
02-28 09:09:36.483 13511 13544 D NavigationTest: 1: (28.014074, -82.414489, 0.000000)	R:false  F:false
02-28 09:09:36.483 13511 13544 D NavigationTest: 2: (28.014074, -82.414489, 0.000000)	R:false  F:false
02-28 09:09:36.483 13511 13544 D NavServiceProvider: Second to last stop coordinates: 28.039471, -82.416137
02-28 09:09:36.483 13511 13544 D NavServiceProvider: Setting units automatically
02-28 09:09:36.485 13511 13544 D NavServiceProvider: Detecting stop. distance_d=2819.1545. stop_type=1 speed=0.0
02-28 09:09:36.485 13511 13544 D NavigationTest: 3: (28.014074, -82.414489, 0.000000)	R:false  F:false
02-28 09:09:36.485 13511 13544 D NavServiceProvider: Second to last stop coordinates: 28.039471, -82.416137
02-28 09:09:36.485 13511 13544 D NavServiceProvider: Setting units automatically
02-28 09:09:36.487 13511 13544 D NavServiceProvider: Detecting stop. distance_d=2819.1545. stop_type=1 speed=0.0
02-28 09:09:36.487 13511 13544 D NavigationTest: 4: (28.014074, -82.414489, 0.000000)	R:false  F:false
02-28 09:09:36.487 13511 13544 D NavServiceProvider: Second to last stop coordinates: 28.039471, -82.416137
02-28 09:09:36.488 13511 13544 D NavServiceProvider: Setting units automatically
02-28 09:09:36.489 13511 13544 D NavServiceProvider: Detecting stop. distance_d=2819.1545. stop_type=1 speed=0.0
02-28 09:09:36.489 13511 13544 D NavigationTest: 5: (28.014074, -82.414489, 0.000000)	R:false  F:false
02-28 09:09:36.489 13511 13544 D NavServiceProvider: Second to last stop coordinates: 28.039471, -82.416137
02-28 09:09:36.490 13511 13544 D NavServiceProvider: Setting units automatically
02-28 09:09:36.491 13511 13544 D NavServiceProvider: Detecting stop. distance_d=2819.1545. stop_type=1 speed=0.0
02-28 09:09:36.491 13511 13544 D NavigationTest: 6: (28.014074, -82.414489, 0.000000)	R:false  F:false
02-28 09:09:36.492 13511 13544 D NavigationTest: 7: (28.014074, -82.414489, 0.000000)	R:false  F:false
02-28 09:09:36.492 13511 13544 D NavServiceProvider: Second to last stop coordinates: 28.039471, -82.416137
02-28 09:09:36.492 13511 13544 D NavServiceProvider: Setting units automatically
02-28 09:09:36.493 13511 13544 D NavServiceProvider: Detecting stop. distance_d=2819.1545. stop_type=1 speed=0.0
02-28 09:09:36.494 13511 13544 D NavigationTest: 8: (28.014074, -82.414489, 0.000000)	R:false  F:false
02-28 09:09:36.494 13511 13544 D NavServiceProvider: Second to last stop coordinates: 28.039471, -82.416137
02-28 09:09:36.494 13511 13544 D NavServiceProvider: Setting units automatically
02-28 09:09:36.495 13511 13544 D NavServiceProvider: Detecting stop. distance_d=2819.1545. stop_type=1 speed=0.0
02-28 09:09:36.495 13511 13544 D NavigationTest: 9: (28.014074, -82.414489, 0.000000)	R:false  F:false
02-28 09:09:36.495 13511 13544 D NavServiceProvider: Second to last stop coordinates: 28.039471, -82.416137
02-28 09:09:36.496 13511 13544 D NavServiceProvider: Setting units automatically
02-28 09:09:36.497 13511 13544 D NavServiceProvider: Detecting stop. distance_d=2819.1545. stop_type=1 speed=0.0
02-28 09:09:36.497 13511 13544 D NavigationTest: 10: (28.014074, -82.414489, 0.000000)	R:false  F:false
02-28 09:09:36.497 13511 13544 D NavServiceProvider: Second to last stop coordinates: 28.039471, -82.416137
02-28 09:09:36.497   871   911 D msm8974_platform: platform_split_snd_device: snd_device(2) num devices(1) new_snd_devices(0)
02-28 09:09:36.497   871   911 D ACDB-LOADER: ACDB -> send_audvoltable
02-28 09:09:36.497   871   911 D ACDB-LOADER: ACDB -> ACDB_CMD_GET_AUDPROC_VOL_STEP_TABLE_SIZE
02-28 09:09:36.497   871   911 D ACDB-LOADER: ACDB -> ACDB_CMD_GET_AUDPROC_GAIN_DEP_STEP_TABLE, vol index 0
02-28 09:09:36.497   871   911 D         : Failed to fetch the lookup information of the device 0000000F
02-28 09:09:36.497   871   911 E ACDB-LOADER: Error: ACDB AudProc vol returned = -19
02-28 09:09:36.497   871   911 D ACDB-LOADER: ACDB -> AUDIO_SET_VOL_CAL cal type = 40
02-28 09:09:36.497 13511 13544 D NavServiceProvider: Setting units automatically
02-28 09:09:36.499 13511 13544 D NavServiceProvider: Detecting stop. distance_d=2819.1545. stop_type=1 speed=0.0
02-28 09:09:36.499 13511 13544 D NavigationTest: 11: (28.014074, -82.414489, 0.000000)	R:false  F:false
02-28 09:09:36.499 13511 13544 D NavServiceProvider: Second to last stop coordinates: 28.039471, -82.416137
02-28 09:09:36.499   871   911 D msm8974_platform: platform_split_snd_device: snd_device(2) num devices(1) new_snd_devices(0)
02-28 09:09:36.499 13511 13544 D NavServiceProvider: Setting units automatically
02-28 09:09:36.500 13511 13544 D NavServiceProvider: Detecting stop. distance_d=2819.1545. stop_type=1 speed=0.0
02-28 09:09:36.501   871   911 V EffectDiracSound: DiracSound_command() start, cmdCode=20
02-28 09:09:36.501 13511 13544 D NavigationTest: 12: (28.014074, -82.414489, 0.000000)	R:false  F:false
02-28 09:09:36.501   871   911 V EffectDiracSound: DiracSound_Command EFFECT_CMD_OFFLOAD
02-28 09:09:36.501 13511 13544 D NavServiceProvider: Second to last stop coordinates: 28.039471, -82.416137
02-28 09:09:36.501   871   911 V EffectDiracSound: DiracSound_command() start, cmdCode=1
02-28 09:09:36.501   871   911 V EffectDiracSound: DiracSound_setConfig start
02-28 09:09:36.501 13511 13544 D NavServiceProvider: Setting units automatically
02-28 09:09:36.501   871   911 I EffectDiracSound: DiracSound_updateState(), enable=0, hifi=0, device=0x2, headset=5, samplingRate=48000
02-28 09:09:36.501   871   911 I EffectDiracSound: DiracSound_updateState(), mode=0, music=0, movie=0, reset=0
02-28 09:09:36.501   871   911 I EffectDiracSound: DiracSound_updateState(), Speaker Movie/Stereo Mode is not supported. Stop update state.
02-28 09:09:36.501   871   911 W EffectHAL: Effect 0xe4b38cd0 command SET_CONFIG returned status: Invalid argument
02-28 09:09:36.501   871   911 V EffectDiracSound: DiracSound_command() start, cmdCode=1
02-28 09:09:36.501   871   911 V EffectDiracSound: DiracSound_setConfig start
02-28 09:09:36.501   871   911 I EffectDiracSound: DiracSound_updateState(), enable=0, hifi=0, device=0x2, headset=5, samplingRate=48000
02-28 09:09:36.501   871   911 I EffectDiracSound: DiracSound_updateState(), mode=0, music=0, movie=0, reset=0
02-28 09:09:36.501   871   911 I EffectDiracSound: DiracSound_updateState(), Speaker Movie/Stereo Mode is not supported. Stop update state.
02-28 09:09:36.501   871  6793 V EffectDiracSound: DiracSound_command() start, cmdCode=9
02-28 09:09:36.501   871  6793 V EffectDiracSound: DiracSound_Command EFFECT_CMD_SET_DEVICE: 0x00000002
02-28 09:09:36.502   871   911 V EffectDiracSound: DiracSound_command() start, cmdCode=11
02-28 09:09:36.502   871   911 V EffectDiracSound: DiracSound_Command EFFECT_CMD_SET_AUDIO_MODE: 0
02-28 09:09:36.502 13511 13544 D NavServiceProvider: Detecting stop. distance_d=2819.1545. stop_type=1 speed=0.0
02-28 09:09:36.502 13511 13544 D NavigationTest: 13: (28.014074, -82.414489, 0.000000)	R:false  F:false
02-28 09:09:36.502 13511 13544 D NavServiceProvider: Second to last stop coordinates: 28.039471, -82.416137
02-28 09:09:36.503 13511 13544 D NavServiceProvider: Setting units automatically
02-28 09:09:36.504 13511 13544 D NavServiceProvider: Detecting stop. distance_d=2819.1545. stop_type=1 speed=0.0
02-28 09:09:36.504 13511 13544 D NavigationTest: 14: (28.014074, -82.414489, 0.000000)	R:false  F:false
02-28 09:09:36.504 13511 13544 D NavServiceProvider: Second to last stop coordinates: 28.039471, -82.416137
02-28 09:09:36.504 13511 13544 D NavServiceProvider: Setting units automatically
02-28 09:09:36.505 13511 13544 D NavServiceProvider: Detecting stop. distance_d=2819.1545. stop_type=1 speed=0.0
02-28 09:09:36.505 13511 13544 D NavigationTest: 15: (28.014074, -82.414489, 0.000000)	R:false  F:false
02-28 09:09:36.505 13511 13544 D NavServiceProvider: Second to last stop coordinates: 28.039471, -82.416137
02-28 09:09:36.506 13511 13544 D NavServiceProvider: Setting units automatically
02-28 09:09:36.507 13511 13544 D NavServiceProvider: Detecting stop. distance_d=2819.1545. stop_type=1 speed=0.0
02-28 09:09:36.507 13511 13544 D NavigationTest: 16: (28.014074, -82.414489, 0.000000)	R:false  F:false
02-28 09:09:36.507 13511 13544 D NavServiceProvider: Second to last stop coordinates: 28.039471, -82.416137
02-28 09:09:36.507 13511 13544 D NavServiceProvider: Setting units automatically
02-28 09:09:36.508 13511 13544 D NavServiceProvider: Detecting stop. distance_d=2819.1545. stop_type=1 speed=0.0
02-28 09:09:36.508 13511 13544 D NavigationTest: 17: (28.014074, -82.414489, 0.000000)	R:false  F:false
02-28 09:09:36.508 13511 13544 D NavServiceProvider: Second to last stop coordinates: 28.039471, -82.416137
02-28 09:09:36.509 13511 13544 D NavServiceProvider: Setting units automatically
02-28 09:09:36.510 13511 13544 D NavServiceProvider: Detecting stop. distance_d=2819.1545. stop_type=1 speed=0.0
02-28 09:09:36.510 13511 13544 D NavigationTest: 18: (28.014074, -82.414489, 0.000000)	R:false  F:false
02-28 09:09:36.510 13511 13544 D NavigationTest: 19: (28.014074, -82.414489, 0.000000)	R:false  F:false
02-28 09:09:36.510 13511 13544 D NavServiceProvider: Second to last stop coordinates: 28.039471, -82.416137
02-28 09:09:36.510 13511 13544 D NavServiceProvider: Setting units automatically
02-28 09:09:36.511 13511 13544 D NavServiceProvider: Detecting stop. distance_d=2819.1545. stop_type=1 speed=0.0
02-28 09:09:36.511 13511 13544 D NavigationTest: 20: (28.014074, -82.414489, 0.000000)	R:false  F:false
02-28 09:09:36.511 13511 13544 D NavServiceProvider: Second to last stop coordinates: 28.039471, -82.416137
02-28 09:09:36.512 13511 13544 D NavServiceProvider: Setting units automatically
02-28 09:09:36.513 13511 13544 D NavServiceProvider: Detecting stop. distance_d=2819.1545. stop_type=1 speed=0.0
02-28 09:09:36.513 13511 13544 D NavigationTest: 21: (28.014074, -82.414489, 0.000000)	R:false  F:false
02-28 09:09:36.513 13511 13544 D NavServiceProvider: Second to last stop coordinates: 28.039471, -82.416137
02-28 09:09:36.513 13511 13544 D NavServiceProvider: Setting units automatically
02-28 09:09:36.514 13511 13544 D NavServiceProvider: Detecting stop. distance_d=2819.1545. stop_type=1 speed=0.0
02-28 09:09:36.514 13511 13544 D NavigationTest: 22: (28.014074, -82.414489, 0.000000)	R:false  F:false
02-28 09:09:36.514 13511 13544 D NavServiceProvider: Second to last stop coordinates: 28.039471, -82.416137
02-28 09:09:36.515 13511 13544 D NavServiceProvider: Setting units automatically
02-28 09:09:36.517 13511 13544 D NavServiceProvider: Detecting stop. distance_d=2819.1545. stop_type=1 speed=0.0
02-28 09:09:36.517 13511 13544 D NavigationTest: 23: (28.014074, -82.414489, 0.000000)	R:false  F:false
02-28 09:09:36.517 13511 13544 D NavServiceProvider: Second to last stop coordinates: 28.039471, -82.416137
02-28 09:09:36.517 13511 13544 D NavServiceProvider: Setting units automatically
02-28 09:09:36.519 13511 13544 D NavServiceProvider: Detecting stop. distance_d=2819.1545. stop_type=1 speed=0.0
02-28 09:09:36.519 13511 13544 D NavigationTest: 24: (28.014074, -82.414489, 0.000000)	R:false  F:false
02-28 09:09:36.519 13511 13544 D NavServiceProvider: Second to last stop coordinates: 28.039471, -82.416137
02-28 09:09:36.519 13511 13544 D NavServiceProvider: Setting units automatically
02-28 09:09:36.521 13511 13544 D NavServiceProvider: Detecting stop. distance_d=2819.1545. stop_type=1 speed=0.0
02-28 09:09:36.521 13511 13544 D NavigationTest: 25: (28.014074, -82.414489, 0.000000)	R:false  F:false
02-28 09:09:36.521 13511 13544 D NavServiceProvider: Second to last stop coordinates: 28.039471, -82.416137
02-28 09:09:36.521 13511 13544 D NavServiceProvider: Setting units automatically
02-28 09:09:36.522 13511 13544 D NavServiceProvider: Detecting stop. distance_d=2819.1545. stop_type=1 speed=0.0
02-28 09:09:36.522 13511 13544 D NavigationTest: 26: (28.014074, -82.414489, 0.000000)	R:false  F:false
02-28 09:09:36.522 13511 13544 D NavServiceProvider: Second to last stop coordinates: 28.039471, -82.416137
02-28 09:09:36.523 13511 13544 D NavServiceProvider: Setting units automatically
02-28 09:09:36.524 13511 13544 D NavServiceProvider: Detecting stop. distance_d=2819.1545. stop_type=1 speed=0.0
02-28 09:09:36.524 13511 13544 D NavigationTest: 27: (28.014074, -82.414489, 0.000000)	R:false  F:false
02-28 09:09:36.524 13511 13544 D NavServiceProvider: Second to last stop coordinates: 28.039471, -82.416137
02-28 09:09:36.524 13511 13544 D NavServiceProvider: Setting units automatically
02-28 09:09:36.525 13511 13544 D NavServiceProvider: Detecting stop. distance_d=2819.1545. stop_type=1 speed=0.0
02-28 09:09:36.525 13511 13544 D NavigationTest: 28: (28.014074, -82.414489, 0.000000)	R:false  F:false
02-28 09:09:36.525 13511 13544 D NavServiceProvider: Second to last stop coordinates: 28.039471, -82.416137
02-28 09:09:36.525 13511 13544 D NavServiceProvider: Setting units automatically
02-28 09:09:36.526 13511 13544 D NavServiceProvider: Detecting stop. distance_d=2819.1545. stop_type=1 speed=0.0
02-28 09:09:36.526 13511 13544 D NavigationTest: 29: (28.014074, -82.414489, 0.000000)	R:false  F:false
02-28 09:09:36.526 13511 13544 D NavServiceProvider: Second to last stop coordinates: 28.039471, -82.416137
02-28 09:09:36.527 13511 13544 D NavServiceProvider: Setting units automatically
02-28 09:09:36.528 13511 13544 D NavServiceProvider: Detecting stop. distance_d=2819.1545. stop_type=1 speed=0.0
02-28 09:09:36.528 13511 13544 D NavigationTest: 30: (28.014074, -82.414489, 0.000000)	R:false  F:false
02-28 09:09:36.528 13511 13544 D NavServiceProvider: Second to last stop coordinates: 28.039471, -82.416137
02-28 09:09:36.528 13511 13544 D NavServiceProvider: Setting units automatically
02-28 09:09:36.529 13511 13544 D NavServiceProvider: Detecting stop. distance_d=2819.1545. stop_type=1 speed=0.0
02-28 09:09:36.529 13511 13544 D NavigationTest: 31: (28.014074, -82.414489, 0.000000)	R:false  F:false
02-28 09:09:36.529 13511 13544 D NavServiceProvider: Second to last stop coordinates: 28.039471, -82.416137
02-28 09:09:36.529 13511 13544 D NavServiceProvider: Setting units automatically
02-28 09:09:36.530 13511 13544 D NavServiceProvider: Detecting stop. distance_d=2819.1545. stop_type=1 speed=0.0
02-28 09:09:36.530 13511 13544 D NavigationTest: 32: (28.014074, -82.414489, 0.000000)	R:false  F:false
02-28 09:09:36.530 13511 13544 D NavServiceProvider: Second to last stop coordinates: 28.039471, -82.416137
02-28 09:09:36.531 13511 13544 D NavServiceProvider: Setting units automatically
02-28 09:09:36.532 13511 13544 D NavServiceProvider: Detecting stop. distance_d=2819.1545. stop_type=1 speed=0.0
02-28 09:09:36.532 13511 13544 D NavigationTest: 33: (28.014074, -82.414489, 0.000000)	R:false  F:false
02-28 09:09:36.532 13511 13544 D NavServiceProvider: Second to last stop coordinates: 28.039471, -82.416137
02-28 09:09:36.532 13511 13544 D NavServiceProvider: Setting units automatically
02-28 09:09:36.533 13511 13544 D NavServiceProvider: Detecting stop. distance_d=2819.1545. stop_type=1 speed=0.0
02-28 09:09:36.533 13511 13544 D NavigationTest: 34: (28.014074, -82.414489, 0.000000)	R:false  F:false
02-28 09:09:36.533 13511 13544 D NavServiceProvider: Second to last stop coordinates: 28.039471, -82.416137
02-28 09:09:36.533 13511 13544 D NavServiceProvider: Setting units automatically
02-28 09:09:36.534 13511 13544 D NavServiceProvider: Detecting stop. distance_d=2819.1545. stop_type=1 speed=0.0
02-28 09:09:36.534 13511 13544 D NavigationTest: 35: (28.014074, -82.414489, 0.000000)	R:false  F:false
02-28 09:09:36.534 13511 13544 D NavServiceProvider: Second to last stop coordinates: 28.039471, -82.416137
02-28 09:09:36.535 13511 13544 D NavServiceProvider: Setting units automatically
02-28 09:09:36.535 13511 13544 D NavServiceProvider: Detecting stop. distance_d=2819.1545. stop_type=1 speed=0.0
02-28 09:09:36.536 13511 13544 D NavigationTest: 36: (28.014074, -82.414489, 0.000000)	R:false  F:false
02-28 09:09:36.536 13511 13544 D NavServiceProvider: Second to last stop coordinates: 28.039471, -82.416137
02-28 09:09:36.536 13511 13544 D NavServiceProvider: Setting units automatically
02-28 09:09:36.537 13511 13544 D NavServiceProvider: Detecting stop. distance_d=2819.1545. stop_type=1 speed=0.0
02-28 09:09:36.537 13511 13544 D NavigationTest: 37: (28.014074, -82.414489, 0.000000)	R:false  F:false
02-28 09:09:36.537 13511 13544 D NavServiceProvider: Second to last stop coordinates: 28.039471, -82.416137
02-28 09:09:36.537 13511 13544 D NavServiceProvider: Setting units automatically
02-28 09:09:36.538 13511 13544 D NavServiceProvider: Detecting stop. distance_d=2819.1545. stop_type=1 speed=0.0
02-28 09:09:36.538 13511 13544 D NavigationTest: 38: (28.014074, -82.414489, 0.000000)	R:false  F:false
02-28 09:09:36.538 13511 13544 D NavServiceProvider: Second to last stop coordinates: 28.039471, -82.416137
02-28 09:09:36.539 13511 13544 D NavServiceProvider: Setting units automatically
02-28 09:09:36.540 13511 13544 D NavServiceProvider: Detecting stop. distance_d=2819.1545. stop_type=1 speed=0.0
02-28 09:09:36.540 13511 13544 D NavigationTest: 39: (28.014074, -82.414489, 0.000000)	R:false  F:false
02-28 09:09:36.540 13511 13544 D NavigationTest: 40: (28.014074, -82.414489, 0.000000)	R:false  F:false
02-28 09:09:36.540 13511 13544 D NavigationTest: 41: (28.014074, -82.414489, 0.000000)	R:false  F:false
02-28 09:09:36.540 13511 13544 D NavServiceProvider: Second to last stop coordinates: 28.039471, -82.416137
02-28 09:09:36.540 13511 13544 D NavServiceProvider: Setting units automatically
02-28 09:09:36.541 13511 13544 D NavServiceProvider: Detecting stop. distance_d=2819.1545. stop_type=1 speed=0.0
02-28 09:09:36.541 13511 13544 D NavigationTest: 42: (28.014074, -82.414489, 0.000000)	R:false  F:false
02-28 09:09:36.541 13511 13544 D NavServiceProvider: Second to last stop coordinates: 28.039471, -82.416137
02-28 09:09:36.541 13511 13544 D NavServiceProvider: Setting units automatically
02-28 09:09:36.542 13511 13544 D NavServiceProvider: Detecting stop. distance_d=2819.1545. stop_type=1 speed=0.0
02-28 09:09:36.542 13511 13544 D NavigationTest: 43: (28.014074, -82.414489, 0.000000)	R:false  F:false
02-28 09:09:36.542 13511 13544 D NavServiceProvider: Second to last stop coordinates: 28.039471, -82.416137
02-28 09:09:36.543 13511 13544 D NavServiceProvider: Setting units automatically
02-28 09:09:36.544 13511 13544 D NavServiceProvider: Detecting stop. distance_d=2819.1545. stop_type=1 speed=0.0
02-28 09:09:36.544 13511 13544 D NavigationTest: 44: (28.014074, -82.414489, 0.000000)	R:false  F:false
02-28 09:09:36.544 13511 13544 D NavServiceProvider: Second to last stop coordinates: 28.039471, -82.416137
02-28 09:09:36.544 13511 13544 D NavServiceProvider: Setting units automatically
02-28 09:09:36.545 13511 13544 D NavServiceProvider: Detecting stop. distance_d=2819.1545. stop_type=1 speed=0.0
02-28 09:09:36.545 13511 13544 D NavigationTest: 45: (28.014074, -82.414489, 0.000000)	R:false  F:false
02-28 09:09:36.545 13511 13544 D NavServiceProvider: Second to last stop coordinates: 28.039471, -82.416137
02-28 09:09:36.545 13511 13544 D NavServiceProvider: Setting units automatically
02-28 09:09:36.546 13511 13544 D NavServiceProvider: Detecting stop. distance_d=2819.1545. stop_type=1 speed=0.0
02-28 09:09:36.546 13511 13544 D NavigationTest: 46: (28.014074, -82.414489, 0.000000)	R:false  F:false
02-28 09:09:36.546 13511 13544 D NavServiceProvider: Second to last stop coordinates: 28.039471, -82.416137
02-28 09:09:36.547 13511 13544 D NavServiceProvider: Setting units automatically
02-28 09:09:36.547 13511 13544 D NavServiceProvider: Detecting stop. distance_d=2819.1545. stop_type=1 speed=0.0
02-28 09:09:36.548 13511 13544 D NavigationTest: 47: (28.014074, -82.414489, 0.000000)	R:false  F:false
02-28 09:09:36.548 13511 13544 D NavServiceProvider: Second to last stop coordinates: 28.039471, -82.416137
02-28 09:09:36.548 13511 13544 D NavServiceProvider: Setting units automatically
02-28 09:09:36.549 13511 13544 D NavServiceProvider: Detecting stop. distance_d=2819.1545. stop_type=1 speed=0.0
02-28 09:09:36.549 13511 13544 D NavigationTest: 48: (28.014074, -82.414489, 0.000000)	R:false  F:false
02-28 09:09:36.549 13511 13544 D NavServiceProvider: Second to last stop coordinates: 28.039471, -82.416137
02-28 09:09:36.549 13511 13544 D NavServiceProvider: Setting units automatically
02-28 09:09:36.550 13511 13544 D NavServiceProvider: Detecting stop. distance_d=2819.1545. stop_type=1 speed=0.0
02-28 09:09:36.550 13511 13544 D NavigationTest: 49: (28.014074, -82.414489, 0.000000)	R:false  F:false
02-28 09:09:36.550 13511 13544 D NavServiceProvider: Second to last stop coordinates: 28.039471, -82.416137
02-28 09:09:36.551 13511 13544 D NavServiceProvider: Setting units automatically
02-28 09:09:36.551 13511 13544 D NavServiceProvider: Detecting stop. distance_d=2819.1545. stop_type=1 speed=0.0
02-28 09:09:36.552 13511 13544 D NavigationTest: 50: (28.014074, -82.414489, 0.000000)	R:false  F:false
02-28 09:09:36.552 13511 13544 D NavServiceProvider: Second to last stop coordinates: 28.039471, -82.416137
02-28 09:09:36.552 13511 13544 D NavServiceProvider: Setting units automatically
02-28 09:09:36.553 13511 13544 D NavServiceProvider: Detecting stop. distance_d=2819.1545. stop_type=1 speed=0.0
02-28 09:09:36.553 13511 13544 D NavigationTest: 51: (28.014074, -82.414489, 0.000000)	R:false  F:false
02-28 09:09:36.553 13511 13544 D NavServiceProvider: Second to last stop coordinates: 28.039471, -82.416137
02-28 09:09:36.553 13511 13544 D NavServiceProvider: Setting units automatically
02-28 09:09:36.554 13511 13544 D NavServiceProvider: Detecting stop. distance_d=2819.1545. stop_type=1 speed=0.0
02-28 09:09:36.554 13511 13544 D NavigationTest: 52: (28.014074, -82.414489, 0.000000)	R:false  F:false
02-28 09:09:36.554 13511 13544 D NavServiceProvider: Second to last stop coordinates: 28.039471, -82.416137
02-28 09:09:36.554 13511 13544 D NavServiceProvider: Setting units automatically
02-28 09:09:36.555 13511 13544 D NavServiceProvider: Detecting stop. distance_d=2819.1545. stop_type=1 speed=0.0
02-28 09:09:36.555 13511 13544 D NavigationTest: 53: (28.014074, -82.414489, 0.000000)	R:false  F:false
02-28 09:09:36.555 13511 13544 D NavServiceProvider: Second to last stop coordinates: 28.039471, -82.416137
02-28 09:09:36.556 13511 13544 D NavServiceProvider: Setting units automatically
02-28 09:09:36.557 13511 13544 D NavServiceProvider: Detecting stop. distance_d=2819.1545. stop_type=1 speed=0.0
02-28 09:09:36.557 13511 13544 D NavigationTest: 54: (28.014074, -82.414489, 0.000000)	R:false  F:false
02-28 09:09:36.557 13511 13544 D NavServiceProvider: Second to last stop coordinates: 28.039471, -82.416137
02-28 09:09:36.557 13511 13544 D NavServiceProvider: Setting units automatically
02-28 09:09:36.558 13511 13544 D NavServiceProvider: Detecting stop. distance_d=2819.1545. stop_type=1 speed=0.0
02-28 09:09:36.558 13511 13544 D NavigationTest: 55: (28.014074, -82.414489, 0.000000)	R:false  F:false
02-28 09:09:36.559 13511 13544 D NavServiceProvider: Second to last stop coordinates: 28.039471, -82.416137
02-28 09:09:36.559 13511 13544 D NavServiceProvider: Setting units automatically
02-28 09:09:36.560 13511 13544 D NavServiceProvider: Detecting stop. distance_d=2819.1545. stop_type=1 speed=0.0
02-28 09:09:36.560 13511 13544 D NavigationTest: 56: (28.014074, -82.414489, 0.000000)	R:false  F:false
02-28 09:09:36.560 13511 13544 D NavServiceProvider: Second to last stop coordinates: 28.039471, -82.416137
02-28 09:09:36.560 13511 13544 D NavServiceProvider: Setting units automatically
02-28 09:09:36.561 13511 13544 D NavServiceProvider: Detecting stop. distance_d=2819.1545. stop_type=1 speed=0.0
02-28 09:09:36.562 13511 13544 D NavigationTest: 57: (28.014074, -82.414489, 0.000000)	R:false  F:false
02-28 09:09:36.562 13511 13544 D NavServiceProvider: Second to last stop coordinates: 28.039471, -82.416137
02-28 09:09:36.562 13511 13544 D NavServiceProvider: Setting units automatically
02-28 09:09:36.563 13511 13544 D NavServiceProvider: Detecting stop. distance_d=2819.1545. stop_type=1 speed=0.0
02-28 09:09:36.563 13511 13544 D NavigationTest: 58: (28.014074, -82.414489, 0.000000)	R:false  F:false
02-28 09:09:36.563 13511 13544 D NavServiceProvider: Second to last stop coordinates: 28.039471, -82.416137
02-28 09:09:36.563 13511 13544 D NavServiceProvider: Setting units automatically
02-28 09:09:36.564 13511 13544 D NavServiceProvider: Detecting stop. distance_d=2819.1545. stop_type=1 speed=0.0
02-28 09:09:36.564 13511 13544 D NavigationTest: 59: (28.014074, -82.414489, 0.000000)	R:false  F:false
02-28 09:09:36.564 13511 13544 D NavServiceProvider: Second to last stop coordinates: 28.039471, -82.416137
02-28 09:09:36.564 13511 13544 D NavServiceProvider: Setting units automatically
02-28 09:09:36.565 13511 13544 D NavServiceProvider: Detecting stop. distance_d=2819.1545. stop_type=1 speed=0.0
02-28 09:09:36.565 13511 13544 D NavigationTest: 60: (28.014074, -82.414489, 0.000000)	R:false  F:false
02-28 09:09:36.565 13511 13544 D NavServiceProvider: Second to last stop coordinates: 28.039471, -82.416137
02-28 09:09:36.566 13511 13544 D NavServiceProvider: Setting units automatically
02-28 09:09:36.567 13511 13544 D NavServiceProvider: Detecting stop. distance_d=2819.1545. stop_type=1 speed=0.0
02-28 09:09:36.567 13511 13544 D NavigationTest: 61: (28.014074, -82.414489, 0.000000)	R:false  F:false
02-28 09:09:36.567 13511 13544 D NavigationTest: 62: (28.014074, -82.414489, 0.000000)	R:false  F:false
02-28 09:09:36.567 13511 13544 D NavServiceProvider: Second to last stop coordinates: 28.039471, -82.416137
02-28 09:09:36.567 13511 13544 D NavServiceProvider: Setting units automatically
02-28 09:09:36.568 13511 13544 D NavServiceProvider: Detecting stop. distance_d=2819.1545. stop_type=1 speed=0.0
02-28 09:09:36.568 13511 13544 D NavigationTest: 63: (28.014074, -82.414489, 0.000000)	R:false  F:false
02-28 09:09:36.568 13511 13544 D NavServiceProvider: Second to last stop coordinates: 28.039471, -82.416137
02-28 09:09:36.568 13511 13544 D NavServiceProvider: Setting units automatically
02-28 09:09:36.569 13511 13544 D NavServiceProvider: Detecting stop. distance_d=2819.1545. stop_type=1 speed=0.0
02-28 09:09:36.569 13511 13544 D NavigationTest: 64: (28.014074, -82.414489, 0.000000)	R:false  F:false
02-28 09:09:36.569 13511 13544 D NavServiceProvider: Second to last stop coordinates: 28.039471, -82.416137
02-28 09:09:36.570 13511 13544 D NavServiceProvider: Setting units automatically
02-28 09:09:36.571 13511 13544 D NavServiceProvider: Detecting stop. distance_d=2819.1545. stop_type=1 speed=0.0
02-28 09:09:36.571 13511 13544 D NavigationTest: 65: (28.014074, -82.414489, 0.000000)	R:false  F:false
02-28 09:09:36.571 13511 13544 D NavServiceProvider: Second to last stop coordinates: 28.039471, -82.416137
02-28 09:09:36.571 13511 13544 D NavServiceProvider: Setting units automatically
02-28 09:09:36.572 13511 13544 D NavServiceProvider: Detecting stop. distance_d=2819.1545. stop_type=1 speed=0.0
02-28 09:09:36.572 13511 13544 D NavigationTest: 66: (28.014074, -82.414489, 0.000000)	R:false  F:false
02-28 09:09:36.572 13511 13544 D NavServiceProvider: Second to last stop coordinates: 28.039471, -82.416137
02-28 09:09:36.572 13511 13544 D NavServiceProvider: Setting units automatically
02-28 09:09:36.573 13511 13544 D NavServiceProvider: Detecting stop. distance_d=2819.1545. stop_type=1 speed=0.0
02-28 09:09:36.573 13511 13544 D NavigationTest: 67: (28.014074, -82.414489, 0.000000)	R:false  F:false
02-28 09:09:36.573 13511 13544 D NavServiceProvider: Second to last stop coordinates: 28.039471, -82.416137
02-28 09:09:36.573 13511 13544 D NavServiceProvider: Setting units automatically
02-28 09:09:36.574 13511 13544 D NavServiceProvider: Detecting stop. distance_d=2819.1545. stop_type=1 speed=0.0
02-28 09:09:36.574 13511 13544 D NavigationTest: 68: (28.014074, -82.414489, 0.000000)	R:false  F:false
02-28 09:09:36.574 13511 13544 D NavServiceProvider: Second to last stop coordinates: 28.039471, -82.416137
02-28 09:09:36.575 13511 13544 D NavServiceProvider: Setting units automatically
02-28 09:09:36.576 13511 13544 D NavServiceProvider: Detecting stop. distance_d=2819.1545. stop_type=1 speed=0.0
02-28 09:09:36.576 13511 13544 D NavigationTest: 69: (28.014074, -82.414489, 0.000000)	R:false  F:false
02-28 09:09:36.576 13511 13544 D NavServiceProvider: Second to last stop coordinates: 28.039471, -82.416137
02-28 09:09:36.576 13511 13544 D NavServiceProvider: Setting units automatically
02-28 09:09:36.577 13511 13544 D NavServiceProvider: Detecting stop. distance_d=2819.1545. stop_type=1 speed=0.0
02-28 09:09:36.577 13511 13544 D NavigationTest: 70: (28.014074, -82.414489, 0.000000)	R:false  F:false
02-28 09:09:36.577 13511 13544 D NavServiceProvider: Second to last stop coordinates: 28.039471, -82.416137
02-28 09:09:36.577 13511 13544 D NavServiceProvider: Setting units automatically
02-28 09:09:36.578 13511 13544 D NavServiceProvider: Detecting stop. distance_d=2819.1545. stop_type=1 speed=0.0
02-28 09:09:36.578 13511 13544 D NavigationTest: 71: (28.014074, -82.414489, 0.000000)	R:false  F:false
02-28 09:09:36.578 13511 13544 D NavServiceProvider: Second to last stop coordinates: 28.039471, -82.416137
02-28 09:09:36.578 13511 13544 D NavServiceProvider: Setting units automatically
02-28 09:09:36.579 13511 13544 D NavServiceProvider: Detecting stop. distance_d=2819.1602. stop_type=1 speed=0.0
02-28 09:09:36.579 13511 13544 D NavigationTest: 72: (28.014074, -82.414488, 0.000000)	R:false  F:false
02-28 09:09:36.579 13511 13544 D NavServiceProvider: Second to last stop coordinates: 28.039471, -82.416137
02-28 09:09:36.580 13511 13544 D NavServiceProvider: Setting units automatically
02-28 09:09:36.581 13511 13544 D NavServiceProvider: Detecting stop. distance_d=2819.1602. stop_type=1 speed=0.0
02-28 09:09:36.581 13511 13544 D NavigationTest: 73: (28.014074, -82.414488, 0.000000)	R:false  F:false
02-28 09:09:36.581 13511 13544 D NavServiceProvider: Second to last stop coordinates: 28.039471, -82.416137
02-28 09:09:36.581 13511 13544 D NavServiceProvider: Setting units automatically
02-28 09:09:36.582 13511 13544 D NavServiceProvider: Detecting stop. distance_d=2819.1602. stop_type=1 speed=0.0
02-28 09:09:36.582 13511 13544 D NavigationTest: 74: (28.014074, -82.414488, 0.000000)	R:false  F:false
02-28 09:09:36.582 13511 13544 D NavServiceProvider: Second to last stop coordinates: 28.039471, -82.416137
02-28 09:09:36.582 13511 13544 D NavServiceProvider: Setting units automatically
02-28 09:09:36.584 13511 13544 D NavServiceProvider: Detecting stop. distance_d=2819.1602. stop_type=1 speed=0.0
02-28 09:09:36.584 13511 13544 D NavigationTest: 75: (28.014074, -82.414488, 0.000000)	R:false  F:false
02-28 09:09:36.584 13511 13544 D NavServiceProvider: Second to last stop coordinates: 28.039471, -82.416137
02-28 09:09:36.584 13511 13544 D NavServiceProvider: Setting units automatically
02-28 09:09:36.585 13511 13544 D NavServiceProvider: Detecting stop. distance_d=2819.1602. stop_type=1 speed=0.0
02-28 09:09:36.586 13511 13544 D NavigationTest: 76: (28.014074, -82.414488, 0.000000)	R:false  F:false
02-28 09:09:36.586 13511 13544 D NavServiceProvider: Second to last stop coordinates: 28.039471, -82.416137
02-28 09:09:36.586 13511 13544 D NavServiceProvider: Setting units automatically
02-28 09:09:36.587 13511 13544 D NavServiceProvider: Detecting stop. distance_d=2819.1602. stop_type=1 speed=0.0
02-28 09:09:36.587 13511 13544 D NavigationTest: 77: (28.014074, -82.414488, 0.000000)	R:false  F:false
02-28 09:09:36.587 13511 13544 D NavServiceProvider: Second to last stop coordinates: 28.039471, -82.416137
02-28 09:09:36.587 13511 13544 D NavServiceProvider: Setting units automatically
02-28 09:09:36.589 13511 13544 D NavServiceProvider: Detecting stop. distance_d=2819.1602. stop_type=1 speed=0.0
02-28 09:09:36.589 13511 13544 D NavigationTest: 78: (28.014074, -82.414488, 0.000000)	R:false  F:false
02-28 09:09:36.589 13511 13544 D NavServiceProvider: Second to last stop coordinates: 28.039471, -82.416137
02-28 09:09:36.589 13511 13544 D NavServiceProvider: Setting units automatically
02-28 09:09:36.590 13511 13544 D NavServiceProvider: Detecting stop. distance_d=2819.1602. stop_type=1 speed=0.0
02-28 09:09:36.590 13511 13544 D NavigationTest: 79: (28.014074, -82.414488, 0.000000)	R:false  F:false
02-28 09:09:36.590 13511 13544 D NavServiceProvider: Second to last stop coordinates: 28.039471, -82.416137
02-28 09:09:36.591 13511 13544 D NavServiceProvider: Setting units automatically
02-28 09:09:36.592 13511 13544 D NavServiceProvider: Detecting stop. distance_d=2819.1602. stop_type=1 speed=0.0
02-28 09:09:36.592 13511 13544 D NavigationTest: 80: (28.014074, -82.414488, 0.000000)	R:false  F:false
02-28 09:09:36.592 13511 13544 D NavServiceProvider: Second to last stop coordinates: 28.039471, -82.416137
02-28 09:09:36.592 13511 13544 D NavServiceProvider: Setting units automatically
02-28 09:09:36.593 13511 13544 D NavServiceProvider: Detecting stop. distance_d=2819.0496. stop_type=1 speed=0.0
02-28 09:09:36.593 13511 13544 D NavigationTest: 81: (28.014075, -82.414488, 0.000000)	R:false  F:false
02-28 09:09:36.594 13511 13544 D NavServiceProvider: Second to last stop coordinates: 28.039471, -82.416137
02-28 09:09:36.594 13511 13544 D NavServiceProvider: Setting units automatically
02-28 09:09:36.595 13511 13544 D NavServiceProvider: Detecting stop. distance_d=2819.1602. stop_type=1 speed=0.0
02-28 09:09:36.595 13511 13544 D NavigationTest: 82: (28.014074, -82.414488, 0.000000)	R:false  F:false
02-28 09:09:36.596 13511 13544 D NavigationTest: 83: (28.014074, -82.414488, 0.000000)	R:false  F:false
02-28 09:09:36.596 13511 13544 D NavServiceProvider: Second to last stop coordinates: 28.039471, -82.416137
02-28 09:09:36.596 13511 13544 D NavServiceProvider: Setting units automatically
02-28 09:09:36.598 13511 13544 D NavServiceProvider: Detecting stop. distance_d=2819.0496. stop_type=1 speed=0.0
02-28 09:09:36.598 13511 13544 D NavigationTest: 84: (28.014075, -82.414488, 0.000000)	R:false  F:false
02-28 09:09:36.598 13511 13544 D NavServiceProvider: Second to last stop coordinates: 28.039471, -82.416137
02-28 09:09:36.599 13511 13544 D NavServiceProvider: Setting units automatically
02-28 09:09:36.601 13511 13544 D NavServiceProvider: Detecting stop. distance_d=2819.1602. stop_type=1 speed=0.0
02-28 09:09:36.601 13511 13544 D NavigationTest: 85: (28.014074, -82.414488, 0.000000)	R:false  F:false
02-28 09:09:36.601 13511 13544 D NavServiceProvider: Second to last stop coordinates: 28.039471, -82.416137
02-28 09:09:36.602 13511 13544 D NavServiceProvider: Setting units automatically
02-28 09:09:36.602   871   911 D audio_hw_primary: adev_get_parameters:vr_audio_mode_on
02-28 09:09:36.602   871   911 I audio_hw_primary: getting vr mode to 0
02-28 09:09:36.602   871   911 D audio_hw_primary: adev_get_parameters: exit: returns - vr_audio_mode_on=false
02-28 09:09:36.602   959  1211 I hash_map_utils: key: 'vr_audio_mode_on' value: ''
02-28 09:09:36.603   959  1211 I AudioPolicyManagerCustom: VR mode is 0, switch to primary output if request is for fast|raw
02-28 09:09:36.603   959  1211 I AudioPolicyManagerCustom: setting force DEEP buffer now
02-28 09:09:36.603 13511 13544 D NavServiceProvider: Detecting stop. distance_d=2819.1602. stop_type=1 speed=0.0
02-28 09:09:36.603 13511 13544 D NavigationTest: 86: (28.014074, -82.414488, 0.000000)	R:false  F:false
02-28 09:09:36.603 13511 13544 D NavServiceProvider: Second to last stop coordinates: 28.039471, -82.416137
02-28 09:09:36.603 13511 13544 D NavServiceProvider: Setting units automatically
02-28 09:09:36.604   959  1211 D AudioFlinger: Client defaulted notificationFrames to 2048 for frameCount 4096
02-28 09:09:36.605 13511 13544 D NavServiceProvider: Detecting stop. distance_d=2819.1602. stop_type=1 speed=0.0
02-28 09:09:36.605 13511 13544 D NavigationTest: 87: (28.014074, -82.414488, 0.000000)	R:false  F:false
02-28 09:09:36.605 13511 13544 D NavServiceProvider: Second to last stop coordinates: 28.039471, -82.416137
02-28 09:09:36.605   959  1211 D AF::TrackHandle: OpPlayAudio: track:192 usage:1 not muted
02-28 09:09:36.605 13511 13544 D NavServiceProvider: Setting units automatically
02-28 09:09:36.606 13511 13544 D NavServiceProvider: Detecting stop. distance_d=2819.1602. stop_type=1 speed=0.0
02-28 09:09:36.606 13511 13544 D NavigationTest: 88: (28.014074, -82.414488, 0.000000)	R:false  F:false
02-28 09:09:36.606 13511 13544 D NavServiceProvider: Second to last stop coordinates: 28.039471, -82.416137
02-28 09:09:36.607 13511 13544 D NavServiceProvider: Setting units automatically
02-28 09:09:36.608 13511 13544 D NavServiceProvider: Detecting stop. distance_d=2818.9785. stop_type=1 speed=0.41
02-28 09:09:36.608 13511 13544 D NavigationTest: 89: (28.014076, -82.414481, 0.410000)	R:false  F:false
02-28 09:09:36.608 13511 13544 D NavServiceProvider: Second to last stop coordinates: 28.039471, -82.416137
02-28 09:09:36.609 13511 13544 D NavServiceProvider: Setting units automatically
02-28 09:09:36.611 13511 13544 D NavServiceProvider: Detecting stop. distance_d=2818.766. stop_type=1 speed=0.32249
02-28 09:09:36.611 13511 13544 D NavigationTest: 90: (28.014077, -82.414499, 0.322490)	R:false  F:false
02-28 09:09:36.611 13511 13544 D NavServiceProvider: Second to last stop coordinates: 28.039471, -82.416137
02-28 09:09:36.611  2666  3413 D Avrcp_ext: AudioManager Player: ID:23 -- type:android.media.SoundPool -- u/pid:10126/2688 -- state:idle -- attr:AudioAttributes: usage=USAGE_ASSISTANCE_SONIFICATION content=CONTENT_TYPE_SONIFICATION flags=0x800 tags= bundle=null
02-28 09:09:36.611  2666  3413 D Avrcp_ext: AudioManager Player: ID:1127 -- type:android.media.AudioTrack -- u/pid:10088/13579 -- state:started -- attr:AudioAttributes: usage=USAGE_MEDIA content=CONTENT_TYPE_SPEECH flags=0x800 tags= bundle=null
02-28 09:09:36.611  2666  3413 D Avrcp_ext: AudioManager isPlaying: true
02-28 09:09:36.611  2666  3413 V Avrcp_ext: updateCurrentMediaState: mMediaController: null
02-28 09:09:36.611 13511 13544 D NavServiceProvider: Setting units automatically
02-28 09:09:36.612  2666  3413 V Avrcp_ext: isMusicActive: false getBluetoothPlayState: 2
02-28 09:09:36.612  2666  3413 V Avrcp_ext: updateCurrentMediaState: isPlaying = false
02-28 09:09:36.612  2666  3413 V Avrcp_ext: Media update: id -1➡-1? [MediaAttributes: none] : [MediaAttributes: none]
02-28 09:09:36.612  2666  3413 V Avrcp_ext: newPlayStatus:2mReportedPlayStatus:-1
02-28 09:09:36.612  2666  3413 V Avrcp_ext: updatePlaybackState, state: PlaybackState {state=2, position=-1, buffered position=0, speed=0.0, updated=1779943, actions=0, custom actions=[], active item id=-1, error=null} device: null
02-28 09:09:36.612  2666  3413 V Avrcp_ext: Device: no name:
02-28 09:09:36.612  2666  3413 I chatty  : uid=1002(bluetooth) BluetoothAvrcpH identical 3 lines
02-28 09:09:36.612  2666  3413 V Avrcp_ext: Device: no name:
02-28 09:09:36.613  2666  3413 V Avrcp_ext: updatePlayerStateAndPosition, old=PlaybackState {state=2, position=-1, buffered position=0, speed=0.0, updated=1779697, actions=0, custom actions=[], active item id=-1, error=null}, state=PlaybackState {state=2, position=-1, buffered position=0, speed=0.0, updated=1779943, actions=0, custom actions=[], active item id=-1, error=null}
02-28 09:09:36.613  2666  3413 V Avrcp_ext: old state = PlaybackState {state=2, position=-1, buffered position=0, speed=0.0, updated=1779697, actions=0, custom actions=[], active item id=-1, error=null}, new state= PlaybackState {state=2, position=-1, buffered position=0, speed=0.0, updated=1779943, actions=0, custom actions=[], active item id=-1, error=null}
02-28 09:09:36.613  2666  3413 D HeadsetService: getHeadsetService(): returning com.android.bluetooth.hfp.HeadsetService@8a04d28
02-28 09:09:36.613 13511 13544 D NavServiceProvider: Detecting stop. distance_d=2819.0366. stop_type=1 speed=0.0
02-28 09:09:36.613 13511 13544 D NavigationTest: 91: (28.014074, -82.414510, 0.000000)	R:false  F:false
02-28 09:09:36.613 13511 13544 D NavServiceProvider: Second to last stop coordinates: 28.039471, -82.416137
02-28 09:09:36.613 13511 13544 D NavServiceProvider: Setting units automatically
02-28 09:09:36.614  2666  3413 D HeadsetService:  isAudioOn: The number of audio connected devices 0
02-28 09:09:36.614  2666  3413 D HeadsetService: isScoOrCallActive(): Call Active:falseCall is Ringing:falseSCO is Active:false
02-28 09:09:36.614  2666  3413 D HeadsetService:  isAudioOn: The number of audio connected devices 0
02-28 09:09:36.614  2666  3413 I Avrcp_ext: updatePlayStatusForDevice: device: null
02-28 09:09:36.614  2666  3413 V Avrcp_ext: updatePlaybackState (1): old=PlaybackState {state=2, position=-1, buffered position=0, speed=0.0, updated=1779697, actions=0, custom actions=[], active item id=-1, error=null}(2), new=PlaybackState {state=2, position=-1, buffered position=0, speed=0.0, updated=1779943, actions=0, custom actions=[], active item id=-1, error=null}(2)
02-28 09:09:36.614  2666  3413 I Avrcp_ext: Exit updatePlayStatusForDevice
02-28 09:09:36.615  2666  3413 D HeadsetService:  isAudioOn: The number of audio connected devices 0
02-28 09:09:36.615  2666  3413 D HeadsetService: isScoOrCallActive(): Call Active:falseCall is Ringing:falseSCO is Active:false
02-28 09:09:36.615  2666  3413 D HeadsetService:  isAudioOn: The number of audio connected devices 0
02-28 09:09:36.615  2666  3413 I Avrcp_ext: updatePlayStatusForDevice: device: null
02-28 09:09:36.615 13511 13544 D NavServiceProvider: Detecting stop. distance_d=2818.887. stop_type=1 speed=0.0
02-28 09:09:36.615  2666  3413 V Avrcp_ext: updatePlaybackState (1): old=PlaybackState {state=2, position=-1, buffered position=0, speed=0.0, updated=1779697, actions=0, custom actions=[], active item id=-1, error=null}(2), new=PlaybackState {state=2, position=-1, buffered position=0, speed=0.0, updated=1779943, actions=0, custom actions=[], active item id=-1, error=null}(2)
02-28 09:09:36.615  2666  3413 I Avrcp_ext: Exit updatePlayStatusForDevice
02-28 09:09:36.615 13511 13544 D NavigationTest: 92: (28.014075, -82.414517, 0.000000)	R:false  F:false
02-28 09:09:36.615 13511 13544 D NavServiceProvider: Second to last stop coordinates: 28.039471, -82.416137
02-28 09:09:36.616 13511 13544 D NavServiceProvider: Setting units automatically
02-28 09:09:36.616  2666  3413 D HeadsetService:  isAudioOn: The number of audio connected devices 0
02-28 09:09:36.616  2666  3413 D HeadsetService: isScoOrCallActive(): Call Active:falseCall is Ringing:falseSCO is Active:false
02-28 09:09:36.616  2666  3413 D HeadsetService:  isAudioOn: The number of audio connected devices 0
02-28 09:09:36.616  2666  3413 I Avrcp_ext: updatePlayStatusForDevice: device: null
02-28 09:09:36.616  2666  3413 V Avrcp_ext: updatePlaybackState (1): old=PlaybackState {state=2, position=-1, buffered position=0, speed=0.0, updated=1779697, actions=0, custom actions=[], active item id=-1, error=null}(2), new=PlaybackState {state=2, position=-1, buffered position=0, speed=0.0, updated=1779943, actions=0, custom actions=[], active item id=-1, error=null}(2)
02-28 09:09:36.616  2666  3413 I Avrcp_ext: Exit updatePlayStatusForDevice
02-28 09:09:36.616  2666  3413 D HeadsetService:  isAudioOn: The number of audio connected devices 0
02-28 09:09:36.616  2666  3413 D HeadsetService: isScoOrCallActive(): Call Active:falseCall is Ringing:falseSCO is Active:false
02-28 09:09:36.616  2666  3413 D HeadsetService:  isAudioOn: The number of audio connected devices 0
02-28 09:09:36.616  2666  3413 I Avrcp_ext: updatePlayStatusForDevice: device: null
02-28 09:09:36.616  2666  3413 V Avrcp_ext: updatePlaybackState (1): old=PlaybackState {state=2, position=-1, buffered position=0, speed=0.0, updated=1779697, actions=0, custom actions=[], active item id=-1, error=null}(2), new=PlaybackState {state=2, position=-1, buffered position=0, speed=0.0, updated=1779943, actions=0, custom actions=[], active item id=-1, error=null}(2)
02-28 09:09:36.617  2666  3413 I Avrcp_ext: Exit updatePlayStatusForDevice
02-28 09:09:36.617  2666  3413 D HeadsetService:  isAudioOn: The number of audio connected devices 0
02-28 09:09:36.617  2666  3413 D HeadsetService: isScoOrCallActive(): Call Active:falseCall is Ringing:falseSCO is Active:false
02-28 09:09:36.617  2666  3413 D HeadsetService:  isAudioOn: The number of audio connected devices 0
02-28 09:09:36.617  2666  3413 I Avrcp_ext: updatePlayStatusForDevice: device: null
02-28 09:09:36.617  2666  3413 V Avrcp_ext: updatePlaybackState (1): old=PlaybackState {state=2, position=-1, buffered position=0, speed=0.0, updated=1779697, actions=0, custom actions=[], active item id=-1, error=null}(2), new=PlaybackState {state=2, position=-1, buffered position=0, speed=0.0, updated=1779943, actions=0, custom actions=[], active item id=-1, error=null}(2)
02-28 09:09:36.617  2666  3413 I Avrcp_ext: Exit updatePlayStatusForDevice
02-28 09:09:36.617  2666  3413 D Avrcp_ext: Enter sendPlayPosNotificationRsp
02-28 09:09:36.617  2666  3413 D Avrcp_ext: sendPlayPosNotificationRsp: Not registered or requesting.
02-28 09:09:36.617  2666  3413 D Avrcp_ext: Enter sendPlayPosNotificationRsp
02-28 09:09:36.617  2666  3413 D Avrcp_ext: sendPlayPosNotificationRsp: Not registered or requesting.
02-28 09:09:36.617  2666  3413 D Avrcp_ext: Enter sendPlayPosNotificationRsp
02-28 09:09:36.617  2666  3413 D Avrcp_ext: sendPlayPosNotificationRsp: Not registered or requesting.
02-28 09:09:36.617  2666  3413 D Avrcp_ext: Enter sendPlayPosNotificationRsp
02-28 09:09:36.617  2666  3413 D Avrcp_ext: sendPlayPosNotificationRsp: Not registered or requesting.
02-28 09:09:36.617  2666  3413 D Avrcp_ext: Enter sendPlayPosNotificationRsp
02-28 09:09:36.617  2666  3413 D Avrcp_ext: sendPlayPosNotificationRsp: Not registered or requesting.
02-28 09:09:36.617  2666  3413 V Avrcp_ext: Exit updatePlayerStateAndPosition
02-28 09:09:36.617 13511 13544 D NavServiceProvider: Detecting stop. distance_d=2818.7708. stop_type=1 speed=0.0
02-28 09:09:36.617 13511 13544 D NavigationTest: 93: (28.014076, -82.414518, 0.000000)	R:false  F:false
02-28 09:09:36.618 13511 13544 D NavServiceProvider: Second to last stop coordinates: 28.039471, -82.416137
02-28 09:09:36.618 13511 13544 D NavServiceProvider: Setting units automatically
02-28 09:09:36.619 13511 13544 D NavServiceProvider: Detecting stop. distance_d=2817.7693. stop_type=1 speed=0.0
02-28 09:09:36.619 13511 13544 D NavigationTest: 94: (28.014085, -82.414519, 0.000000)	R:false  F:false
02-28 09:09:36.619 13511 13544 D NavServiceProvider: Second to last stop coordinates: 28.039471, -82.416137
02-28 09:09:36.620 13511 13544 D NavServiceProvider: Setting units automatically
02-28 09:09:36.621 13511 13544 D NavServiceProvider: Detecting stop. distance_d=2818.6545. stop_type=1 speed=0.0
02-28 09:09:36.621 13511 13544 D NavigationTest: 95: (28.014077, -82.414519, 0.000000)	R:false  F:false
02-28 09:09:36.621 13511 13544 D NavServiceProvider: Second to last stop coordinates: 28.039471, -82.416137
02-28 09:09:36.622   871  6793 V EffectDiracSound: DiracSound_command() start, cmdCode=20
02-28 09:09:36.622   871  6793 V EffectDiracSound: DiracSound_Command EFFECT_CMD_OFFLOAD
02-28 09:09:36.622 13511 13544 D NavServiceProvider: Setting units automatically
02-28 09:09:36.622   871  6793 V EffectDiracSound: DiracSound_command() start, cmdCode=1
02-28 09:09:36.622   871  6793 V EffectDiracSound: DiracSound_setConfig start
02-28 09:09:36.622   871  6793 I EffectDiracSound: DiracSound_updateState(), enable=0, hifi=0, device=0x2, headset=5, samplingRate=48000
02-28 09:09:36.622   871  6793 I EffectDiracSound: DiracSound_updateState(), mode=0, music=0, movie=0, reset=0
02-28 09:09:36.622   871  6793 I EffectDiracSound: DiracSound_updateState(), Speaker Movie/Stereo Mode is not supported. Stop update state.
02-28 09:09:36.622   871  6793 W EffectHAL: Effect 0xe4b38cd0 command SET_CONFIG returned status: Invalid argument
02-28 09:09:36.622   871  6793 V EffectDiracSound: DiracSound_command() start, cmdCode=1
02-28 09:09:36.622   871  6793 V EffectDiracSound: DiracSound_setConfig start
02-28 09:09:36.622   871  6793 I EffectDiracSound: DiracSound_updateState(), enable=0, hifi=0, device=0x2, headset=5, samplingRate=48000
02-28 09:09:36.622   871  6793 I EffectDiracSound: DiracSound_updateState(), mode=0, music=0, movie=0, reset=0
