02-28 09:09:43.847 13511 13544 D NavServiceProvider: Setting units automatically
02-28 09:09:43.848 13511 13544 D NavServiceProvider: Detecting stop. distance_d=841.06836. stop_type=1 speed=0.0
02-28 09:09:43.848 13511 13544 D NavigationTest: 144: (28.032528, -82.435501, 0.000000)	R:false  F:false
02-28 09:09:43.848 13511 13544 D NavigationTest: 145: (28.032528, -82.435501, 0.000000)	R:false  F:false
02-28 09:09:43.848 13511 13544 D NavServiceProvider: Second to last stop coordinates: 28.032462, -82.426948
02-28 09:09:43.849 13511 13544 D NavServiceProvider: Setting units automatically
02-28 09:09:43.850 13511 13544 D NavServiceProvider: Detecting stop. distance_d=841.1696. stop_type=1 speed=0.0
02-28 09:09:43.850 13511 13544 D NavigationTest: 146: (28.032531, -82.435502, 0.000000)	R:false  F:false
02-28 09:09:43.850 13511 13544 D NavServiceProvider: Second to last stop coordinates: 28.032462, -82.426948
02-28 09:09:43.850 13511 13544 D NavServiceProvider: Setting units automatically
02-28 09:09:43.851 13511 13544 D NavServiceProvider: Detecting stop. distance_d=840.87463. stop_type=1 speed=0.0
02-28 09:09:43.852 13511 13544 D NavigationTest: 147: (28.032531, -82.435499, 0.000000)	R:false  F:false
02-28 09:09:43.852 13511 13544 D NavigationTest: 148: (28.032531, -82.435499, 0.000000)	R:false  F:false
02-28 09:09:43.852 13511 13544 D NavServiceProvider: Second to last stop coordinates: 28.032462, -82.426948
02-28 09:09:43.852 13511 13544 D NavServiceProvider: Setting units automatically
02-28 09:09:43.853 13511 13544 D NavServiceProvider: Detecting stop. distance_d=840.77734. stop_type=1 speed=0.0
02-28 09:09:43.853 13511 13544 D NavigationTest: 149: (28.032532, -82.435498, 0.000000)	R:false  F:false
02-28 09:09:43.853 13511 13544 D NavServiceProvider: Second to last stop coordinates: 28.032462, -82.426948
02-28 09:09:43.854 13511 13544 D NavServiceProvider: Setting units automatically
02-28 09:09:43.855 13511 13544 D NavServiceProvider: Detecting stop. distance_d=840.8767. stop_type=1 speed=0.0
02-28 09:09:43.855 13511 13544 D NavigationTest: 150: (28.032533, -82.435499, 0.000000)	R:false  F:false
02-28 09:09:43.855 13511 13544 D NavigationTest: 151: (28.032533, -82.435499, 0.000000)	R:false  F:false
02-28 09:09:43.855 13511 13544 D NavServiceProvider: Second to last stop coordinates: 28.032462, -82.426948
02-28 09:09:43.855 13511 13544 D NavServiceProvider: Setting units automatically
02-28 09:09:43.856 13511 13544 D NavServiceProvider: Detecting stop. distance_d=840.8788. stop_type=1 speed=0.0
02-28 09:09:43.856 13511 13544 D NavigationTest: 152: (28.032535, -82.435499, 0.000000)	R:false  F:false
02-28 09:09:43.856 13511 13544 D NavServiceProvider: Second to last stop coordinates: 28.032462, -82.426948
02-28 09:09:43.857 13511 13544 D NavServiceProvider: Setting units automatically
02-28 09:09:43.858 13511 13544 D NavServiceProvider: Detecting stop. distance_d=841.0765. stop_type=1 speed=0.0
02-28 09:09:43.858 13511 13544 D NavigationTest: 153: (28.032536, -82.435501, 0.000000)	R:false  F:false
02-28 09:09:43.858 13511 13544 D NavigationTest: 154: (28.032536, -82.435501, 0.000000)	R:false  F:false
02-28 09:09:43.858 13511 13544 D NavServiceProvider: Second to last stop coordinates: 28.032462, -82.426948
02-28 09:09:43.858 13511 13544 D NavServiceProvider: Setting units automatically
02-28 09:09:43.860 13511 13544 D NavServiceProvider: Detecting stop. distance_d=840.4855. stop_type=1 speed=0.0
02-28 09:09:43.860 13511 13544 D NavigationTest: 155: (28.032535, -82.435495, 0.000000)	R:false  F:false
02-28 09:09:43.860 13511 13544 D NavigationTest: 156: (28.032535, -82.435495, 0.000000)	R:false  F:false
02-28 09:09:43.860 13511 13544 D NavServiceProvider: Second to last stop coordinates: 28.032462, -82.426948
02-28 09:09:43.860 13511 13544 D NavServiceProvider: Setting units automatically
02-28 09:09:43.861 13511 13544 D NavServiceProvider: Detecting stop. distance_d=840.28986. stop_type=1 speed=0.0
02-28 09:09:43.861 13511 13544 D NavigationTest: 157: (28.032536, -82.435493, 0.000000)	R:false  F:false
02-28 09:09:43.861 13511 13544 D NavigationTest: 158: (28.032536, -82.435493, 0.000000)	R:false  F:false
02-28 09:09:43.861 13511 13544 D NavServiceProvider: Second to last stop coordinates: 28.032462, -82.426948
02-28 09:09:43.862 13511 13544 D NavServiceProvider: Setting units automatically
02-28 09:09:43.863 13511 13544 D NavServiceProvider: Detecting stop. distance_d=832.4365. stop_type=1 speed=6.361769
02-28 09:09:43.863 13511 13544 D NavigationTest: 159: (28.032547, -82.435413, 6.361769)	R:false  F:false
02-28 09:09:43.863 13511 13544 D NavServiceProvider: Second to last stop coordinates: 28.032462, -82.426948
02-28 09:09:43.863 13511 13544 D NavServiceProvider: Setting units automatically
02-28 09:09:43.864 13511 13544 D NavServiceProvider: Detecting stop. distance_d=824.0739. stop_type=1 speed=7.713138
02-28 09:09:43.864 13511 13544 D NavigationTest: 160: (28.032543, -82.435328, 7.713138)	R:false  F:false
02-28 09:09:43.864 13511 13544 D NavigationTest: 161: (28.032543, -82.435328, 7.713138)	R:false  F:false
02-28 09:09:43.864 13511 13544 D NavServiceProvider: Second to last stop coordinates: 28.032462, -82.426948
02-28 09:09:43.865 13511 13544 D NavServiceProvider: Setting units automatically
02-28 09:09:43.866 13511 13544 D NavServiceProvider: Detecting stop. distance_d=814.03424. stop_type=1 speed=9.161577
02-28 09:09:43.866 13511 13544 D NavigationTest: 162: (28.032534, -82.435226, 9.161577)	R:false  F:false
02-28 09:09:43.866 13511 13544 D NavServiceProvider: Second to last stop coordinates: 28.032462, -82.426948
02-28 09:09:43.866 13511 13544 D NavServiceProvider: Setting units automatically
02-28 09:09:43.867 13511 13544 D NavServiceProvider: Detecting stop. distance_d=804.0016. stop_type=1 speed=10.380077
02-28 09:09:43.867 13511 13544 D NavigationTest: 163: (28.032531, -82.435124, 10.380077)	R:false  F:false
02-28 09:09:43.867 13511 13544 D NavigationTest: 164: (28.032531, -82.435124, 10.380077)	R:false  F:false
02-28 09:09:43.867 13511 13544 D NavServiceProvider: Second to last stop coordinates: 28.032462, -82.426948
02-28 09:09:43.868 13511 13544 D NavServiceProvider: Setting units automatically
02-28 09:09:43.869 13511 13544 D NavServiceProvider: Detecting stop. distance_d=791.90625. stop_type=1 speed=11.300748
02-28 09:09:43.869 13511 13544 D NavigationTest: 165: (28.032530, -82.435001, 11.300748)	R:false  F:false
02-28 09:09:43.869 13511 13544 D NavigationTest: 166: (28.032530, -82.435001, 11.300748)	R:false  F:false
02-28 09:09:43.869 13511 13544 D NavServiceProvider: Second to last stop coordinates: 28.032462, -82.426948
02-28 09:09:43.869 13511 13544 D NavServiceProvider: Setting units automatically
02-28 09:09:43.870 13511 13544 D NavServiceProvider: Detecting stop. distance_d=778.1436. stop_type=1 speed=12.590035
02-28 09:09:43.870 13511 13544 D NavigationTest: 167: (28.032533, -82.434861, 12.590035)	R:false  F:false
02-28 09:09:43.870 13511 13544 D NavigationTest: 168: (28.032533, -82.434861, 12.590035)	R:false  F:false
02-28 09:09:43.870 13511 13544 D NavServiceProvider: Second to last stop coordinates: 28.032462, -82.426948
02-28 09:09:43.871 13511 13544 D NavServiceProvider: Setting units automatically
02-28 09:09:43.872 13511 13544 D NavServiceProvider: Detecting stop. distance_d=763.4853. stop_type=1 speed=14.05
02-28 09:09:43.872 13511 13544 D NavigationTest: 169: (28.032526, -82.434712, 14.050000)	R:false  F:false
02-28 09:09:43.872 13511 13544 D NavServiceProvider: Second to last stop coordinates: 28.032462, -82.426948
02-28 09:09:43.872 13511 13544 D NavServiceProvider: Setting units automatically
02-28 09:09:43.873 13511 13544 D NavServiceProvider: Detecting stop. distance_d=746.3731. stop_type=1 speed=15.460012
02-28 09:09:43.873 13511 13544 D NavigationTest: 170: (28.032523, -82.434538, 15.460012)	R:false  F:false
02-28 09:09:43.873 13511 13544 D NavigationTest: 171: (28.032523, -82.434538, 15.460012)	R:false  F:false
02-28 09:09:43.873 13511 13544 D NavServiceProvider: Second to last stop coordinates: 28.032462, -82.426948
02-28 09:09:43.873 13511 13544 D NavServiceProvider: Setting units automatically
02-28 09:09:43.874 13511 13544 D NavServiceProvider: Detecting stop. distance_d=729.3556. stop_type=1 speed=16.430004
02-28 09:09:43.874 13511 13544 D NavigationTest: 172: (28.032516, -82.434365, 16.430004)	R:false  F:false
02-28 09:09:43.874 13511 13544 D NavigationTest: 173: (28.032516, -82.434365, 16.430004)	R:false  F:false
02-28 09:09:43.874 13511 13544 D NavServiceProvider: Second to last stop coordinates: 28.032462, -82.426948
02-28 09:09:43.875 13511 13544 D NavServiceProvider: Setting units automatically
02-28 09:09:43.876 13511 13544 D NavServiceProvider: Detecting stop. distance_d=710.7743. stop_type=1 speed=16.970238
02-28 09:09:43.876 13511 13544 D NavigationTest: 174: (28.032519, -82.434176, 16.970238)	R:false  F:false
02-28 09:09:43.876 13511 13544 D NavServiceProvider: Second to last stop coordinates: 28.032462, -82.426948
02-28 09:09:43.876 13511 13544 D NavServiceProvider: Setting units automatically
02-28 09:09:43.877 13511 13544 D NavServiceProvider: Detecting stop. distance_d=692.67615. stop_type=1 speed=17.630342
02-28 09:09:43.877 13511 13544 D NavigationTest: 175: (28.032513, -82.433992, 17.630342)	R:false  F:false
02-28 09:09:43.877 13511 13544 D NavigationTest: 176: (28.032513, -82.433992, 17.630342)	R:false  F:false
02-28 09:09:43.877 13511 13544 D NavigationTest: 177: (28.032513, -82.433992, 17.630342)	R:false  F:false
02-28 09:09:43.877 13511 13544 D NavServiceProvider: Second to last stop coordinates: 28.032462, -82.426948
02-28 09:09:43.877 13511 13544 D NavServiceProvider: Setting units automatically
02-28 09:09:43.878 13511 13544 D NavServiceProvider: Detecting stop. distance_d=674.1912. stop_type=1 speed=17.800474
02-28 09:09:43.878 13511 13544 D NavigationTest: 178: (28.032514, -82.433804, 17.800474)	R:false  F:false
02-28 09:09:43.879 13511 13544 D NavigationTest: 179: (28.032514, -82.433804, 17.800474)	R:false  F:false
02-28 09:09:43.879 13511 13544 D NavServiceProvider: Second to last stop coordinates: 28.032462, -82.426948
02-28 09:09:43.879 13511 13544 D NavServiceProvider: Setting units automatically
02-28 09:09:43.880 13511 13544 D NavServiceProvider: Detecting stop. distance_d=654.7175. stop_type=1 speed=18.130222
02-28 09:09:43.880 13511 13544 D NavigationTest: 180: (28.032509, -82.433606, 18.130222)	R:false  F:false
02-28 09:09:43.880 13511 13544 D NavigationTest: 181: (28.032509, -82.433606, 18.130222)	R:false  F:false
02-28 09:09:43.880 13511 13544 D NavServiceProvider: Second to last stop coordinates: 28.032462, -82.426948
02-28 09:09:43.880 13511 13544 D NavServiceProvider: Setting units automatically
02-28 09:09:43.881 13511 13544 D NavServiceProvider: Detecting stop. distance_d=636.5179. stop_type=1 speed=17.980137
02-28 09:09:43.881 13511 13544 D NavigationTest: 182: (28.032498, -82.433421, 17.980137)	R:false  F:false
02-28 09:09:43.881 13511 13544 D NavServiceProvider: Second to last stop coordinates: 28.032462, -82.426948
02-28 09:09:43.882 13511 13544 D NavServiceProvider: Setting units automatically
02-28 09:09:43.883 13511 13544 D NavServiceProvider: Detecting stop. distance_d=616.46484. stop_type=1 speed=18.960169
02-28 09:09:43.883 13511 13544 D NavigationTest: 183: (28.032506, -82.433217, 18.960169)	R:false  F:false
02-28 09:09:43.883 13511 13544 D NavigationTest: 184: (28.032506, -82.433217, 18.960169)	R:false  F:false
02-28 09:09:43.883 13511 13544 D NavServiceProvider: Second to last stop coordinates: 28.032462, -82.426948
02-28 09:09:43.883 13511 13544 D NavServiceProvider: Setting units automatically
02-28 09:09:43.884 13511 13544 D NavServiceProvider: Detecting stop. distance_d=598.8697. stop_type=1 speed=18.73
02-28 09:09:43.884 13511 13544 D NavigationTest: 185: (28.032512, -82.433038, 18.730000)	R:false  F:false
02-28 09:09:43.884 13511 13544 D NavigationTest: 186: (28.032512, -82.433038, 18.730000)	R:false  F:false
02-28 09:09:43.884 13511 13544 D NavServiceProvider: Second to last stop coordinates: 28.032462, -82.426948
02-28 09:09:43.885 13511 13544 D NavServiceProvider: Setting units automatically
02-28 09:09:43.886 13511 13544 D NavServiceProvider: Detecting stop. distance_d=578.5137. stop_type=1 speed=19.08
02-28 09:09:43.886 13511 13544 D NavigationTest: 187: (28.032510, -82.432831, 19.080000)	R:false  F:false
02-28 09:09:43.886 13511 13544 D NavigationTest: 188: (28.032510, -82.432831, 19.080000)	R:false  F:false
02-28 09:09:43.886 13511 13544 D NavServiceProvider: Second to last stop coordinates: 28.032462, -82.426948
02-28 09:09:43.886 13511 13544 D NavServiceProvider: Setting units automatically
02-28 09:09:43.887 13511 13544 D NavServiceProvider: Detecting stop. distance_d=559.437. stop_type=1 speed=18.630041
02-28 09:09:43.887 13511 13544 D NavigationTest: 189: (28.032509, -82.432637, 18.630041)	R:false  F:false
02-28 09:09:43.887 13511 13544 D NavServiceProvider: Second to last stop coordinates: 28.032462, -82.426948
02-28 09:09:43.887 13511 13544 D NavServiceProvider: Setting units automatically
02-28 09:09:43.888 13511 13544 D NavServiceProvider: Detecting stop. distance_d=539.37305. stop_type=1 speed=18.640001
02-28 09:09:43.889 13511 13544 D NavigationTest: 190: (28.032504, -82.432433, 18.640001)	R:false  F:false
02-28 09:09:43.889 13511 13544 D NavigationTest: 191: (28.032504, -82.432433, 18.640001)	R:false  F:false
02-28 09:09:43.889 13511 13544 D NavServiceProvider: Second to last stop coordinates: 28.032462, -82.426948
02-28 09:09:43.889 13511 13544 D NavServiceProvider: Setting units automatically
02-28 09:09:43.890 13511 13544 D NavServiceProvider: Detecting stop. distance_d=520.78894. stop_type=1 speed=18.570171
02-28 09:09:43.890 13511 13544 D NavigationTest: 192: (28.032504, -82.432244, 18.570171)	R:false  F:false
02-28 09:09:43.890 13511 13544 D NavServiceProvider: Second to last stop coordinates: 28.032462, -82.426948
02-28 09:09:43.891 13511 13544 D NavServiceProvider: Setting units automatically
02-28 09:09:43.893 13511 13544 D NavServiceProvider: Detecting stop. distance_d=502.39862. stop_type=1 speed=18.291325
02-28 09:09:43.893 13511 13544 D NavigationTest: 193: (28.032501, -82.432057, 18.291325)	R:false  F:false
02-28 09:09:43.893 13511 13544 D NavigationTest: 194: (28.032501, -82.432057, 18.291325)	R:false  F:false
02-28 09:09:43.893 13511 13544 D NavServiceProvider: Second to last stop coordinates: 28.032462, -82.426948
02-28 09:09:43.893 13511 13544 D NavServiceProvider: Setting units automatically
02-28 09:09:43.896 13511 13544 D NavServiceProvider: Detecting stop. distance_d=486.37518. stop_type=1 speed=17.16
02-28 09:09:43.896 13511 13544 D NavigationTest: 195: (28.032505, -82.431894, 17.160000)	R:false  F:false
02-28 09:09:43.896 13511 13544 D NavigationTest: 196: (28.032505, -82.431894, 17.160000)	R:false  F:false
02-28 09:09:43.896 13511 13544 D NavServiceProvider: Second to last stop coordinates: 28.032462, -82.426948
02-28 09:09:43.896 13511 13544 D NavServiceProvider: Setting units automatically
02-28 09:09:43.897 13511 13544 D NavServiceProvider: Detecting stop. distance_d=470.16507. stop_type=1 speed=17.061687
02-28 09:09:43.897 13511 13544 D NavigationTest: 197: (28.032516, -82.431729, 17.061687)	R:false  F:false
02-28 09:09:43.897 13511 13544 D NavServiceProvider: Second to last stop coordinates: 28.032462, -82.426948
02-28 09:09:43.898 13511 13544 D NavServiceProvider: Setting units automatically
02-28 09:09:43.899 13511 13544 D NavServiceProvider: Detecting stop. distance_d=452.17474. stop_type=1 speed=17.200571
02-28 09:09:43.899 13511 13544 D NavigationTest: 198: (28.032518, -82.431546, 17.200571)	R:false  F:false
02-28 09:09:43.899 13511 13544 D NavigationTest: 199: (28.032518, -82.431546, 17.200571)	R:false  F:false
02-28 09:09:43.899 13511 13544 D NavServiceProvider: Second to last stop coordinates: 28.032462, -82.426948
02-28 09:09:43.899 13511 13544 D NavServiceProvider: Setting units automatically
02-28 09:09:43.900 13511 13544 D NavServiceProvider: Detecting stop. distance_d=435.14. stop_type=1 speed=17.480024
02-28 09:09:43.900 13511 13544 D NavigationTest: 200: (28.032499, -82.431373, 17.480024)	R:false  F:false
02-28 09:09:43.900 13511 13544 D NavigationTest: 201: (28.032499, -82.431373, 17.480024)	R:false  F:false
02-28 09:09:43.900 13511 13544 D NavServiceProvider: Second to last stop coordinates: 28.032462, -82.426948
02-28 09:09:43.901 13511 13544 D NavServiceProvider: Setting units automatically
02-28 09:09:43.902 13511 13544 D NavServiceProvider: Detecting stop. distance_d=416.44913. stop_type=1 speed=18.260332
02-28 09:09:43.902 13511 13544 D NavigationTest: 202: (28.032490, -82.431183, 18.260332)	R:false  F:false
02-28 09:09:43.902 13511 13544 D NavServiceProvider: Second to last stop coordinates: 28.032462, -82.426948
02-28 09:09:43.902 13511 13544 D NavServiceProvider: Setting units automatically
02-28 09:09:43.903 13511 13544 D NavServiceProvider: Detecting stop. distance_d=400.24106. stop_type=1 speed=17.62023
02-28 09:09:43.904 13511 13544 D NavigationTest: 203: (28.032505, -82.431018, 17.620230)	R:false  F:false
02-28 09:09:43.904 13511 13544 D NavigationTest: 204: (28.032505, -82.431018, 17.620230)	R:false  F:false
02-28 09:09:43.904 13511 13544 D NavServiceProvider: Second to last stop coordinates: 28.032462, -82.426948
02-28 09:09:43.904 13511 13544 D NavServiceProvider: Setting units automatically
02-28 09:09:43.905 13511 13544 D NavServiceProvider: Detecting stop. distance_d=378.1208. stop_type=1 speed=17.91
02-28 09:09:43.905 13511 13544 D NavigationTest: 205: (28.032507, -82.430793, 17.910000)	R:false  F:false
02-28 09:09:43.905 13511 13544 D NavigationTest: 206: (28.032507, -82.430793, 17.910000)	R:false  F:false
02-28 09:09:43.905 13511 13544 D NavServiceProvider: Second to last stop coordinates: 28.032462, -82.426948
02-28 09:09:43.906 13511 13544 D NavServiceProvider: Setting units automatically
02-28 09:09:43.909 13511 13544 D NavServiceProvider: Detecting stop. distance_d=361.50262. stop_type=1 speed=17.530231
02-28 09:09:43.909 13511 13544 D NavigationTest: 207: (28.032506, -82.430624, 17.530231)	R:false  F:false
02-28 09:09:43.909 13511 13544 D NavServiceProvider: Second to last stop coordinates: 28.032462, -82.426948
02-28 09:09:43.909 13511 13544 D NavServiceProvider: Setting units automatically
02-28 09:09:43.911 13511 13544 D NavServiceProvider: Detecting stop. distance_d=344.0907. stop_type=1 speed=17.450047
02-28 09:09:43.911 13511 13544 D NavigationTest: 208: (28.032500, -82.430447, 17.450047)	R:false  F:false
02-28 09:09:43.911 13511 13544 D NavigationTest: 209: (28.032500, -82.430447, 17.450047)	R:false  F:false
02-28 09:09:43.911 13511 13544 D NavServiceProvider: Second to last stop coordinates: 28.032462, -82.426948
02-28 09:09:43.911 13511 13544 D NavServiceProvider: Setting units automatically
02-28 09:09:43.912 13511 13544 D NavServiceProvider: Detecting stop. distance_d=324.70438. stop_type=1 speed=17.810137
02-28 09:09:43.912 13511 13544 D NavigationTest: 210: (28.032486, -82.430250, 17.810137)	R:false  F:false
02-28 09:09:43.912 13511 13544 D NavigationTest: 211: (28.032486, -82.430250, 17.810137)	R:false  F:false
02-28 09:09:43.912 13511 13544 D NavigationTest: 212: (28.032486, -82.430250, 17.810137)	R:false  F:false
02-28 09:09:43.912 13511 13544 D NavServiceProvider: Second to last stop coordinates: 28.032462, -82.426948
02-28 09:09:43.913 13511 13544 D NavServiceProvider: Setting units automatically
02-28 09:09:43.914 13511 13544 D NavServiceProvider: Detecting stop. distance_d=306.80756. stop_type=1 speed=17.830011
02-28 09:09:43.914 13511 13544 D NavigationTest: 213: (28.032485, -82.430068, 17.830011)	R:false  F:false
02-28 09:09:43.914 13511 13544 D NavServiceProvider: Second to last stop coordinates: 28.032462, -82.426948
02-28 09:09:43.914 13511 13544 D NavServiceProvider: Setting units automatically
02-28 09:09:43.915 13511 13544 D NavServiceProvider: Detecting stop. distance_d=286.95184. stop_type=1 speed=18.990263
02-28 09:09:43.915 13511 13544 D NavigationTest: 214: (28.032491, -82.429866, 18.990263)	R:false  F:false
02-28 09:09:43.915 13511 13544 D NavigationTest: 215: (28.032491, -82.429866, 18.990263)	R:false  F:false
02-28 09:09:43.915 13511 13544 D NavServiceProvider: Second to last stop coordinates: 28.032462, -82.426948
02-28 09:09:43.916 13511 13544 D NavServiceProvider: Setting units automatically
02-28 09:09:43.917 13511 13544 D NavServiceProvider: Detecting stop. distance_d=270.31952. stop_type=1 speed=17.250072
02-28 09:09:43.917 13511 13544 D NavigationTest: 216: (28.032475, -82.429697, 17.250072)	R:false  F:false
02-28 09:09:43.917 13511 13544 D NavigationTest: 217: (28.032475, -82.429697, 17.250072)	R:false  F:false
02-28 09:09:43.917 13511 13544 D NavServiceProvider: Second to last stop coordinates: 28.032462, -82.426948
02-28 09:09:43.917 13511 13544 D NavServiceProvider: Setting units automatically
02-28 09:09:43.918 13511 13544 D NavServiceProvider: Detecting stop. distance_d=251.23961. stop_type=1 speed=17.441652
02-28 09:09:43.918 13511 13544 D NavigationTest: 218: (28.032458, -82.429503, 17.441652)	R:false  F:false
02-28 09:09:43.919 13511 13544 D NavigationTest: 219: (28.032458, -82.429503, 17.441652)	R:false  F:false
02-28 09:09:43.919 13511 13544 D NavServiceProvider: Second to last stop coordinates: 28.032462, -82.426948
02-28 09:09:43.919 13511 13544 D NavServiceProvider: Setting units automatically
02-28 09:09:43.920 13511 13544 D NavServiceProvider: Detecting stop. distance_d=235.41145. stop_type=1 speed=16.950665
02-28 09:09:43.920 13511 13544 D NavigationTest: 220: (28.032474, -82.429342, 16.950665)	R:false  F:false
02-28 09:09:43.920 13511 13544 D NavServiceProvider: Second to last stop coordinates: 28.032462, -82.426948
02-28 09:09:43.921 13511 13544 D NavServiceProvider: Setting units automatically
02-28 09:09:43.922 13511 13544 D NavServiceProvider: Detecting stop. distance_d=218.51654. stop_type=1 speed=17.181051
02-28 09:09:43.922 13511 13544 D NavigationTest: 221: (28.032490, -82.429170, 17.181051)	R:false  F:false
02-28 09:09:43.922 13511 13544 D NavigationTest: 222: (28.032490, -82.429170, 17.181051)	R:false  F:false
02-28 09:09:43.922 13511 13544 D NavServiceProvider: Second to last stop coordinates: 28.032462, -82.426948
02-28 09:09:43.922 13511 13544 D NavServiceProvider: Setting units automatically
02-28 09:09:43.923 13511 13544 D NavServiceProvider: Detecting stop. distance_d=200.62556. stop_type=1 speed=17.54
02-28 09:09:43.923 13511 13544 D NavigationTest: 223: (28.032492, -82.428988, 17.540001)	R:false  F:false
02-28 09:09:43.923 13511 13544 D NavigationTest: 224: (28.032492, -82.428988, 17.540001)	R:false  F:false
02-28 09:09:43.923 13511 13544 D NavServiceProvider: Second to last stop coordinates: 28.032462, -82.426948
02-28 09:09:43.924 13511 13544 D NavServiceProvider: Setting units automatically
02-28 09:09:43.926 13579 13668 D AudioTrack: stop(167): called with 6976 frames delivered
02-28 09:09:43.926 13579 13612 I SynthesisCache: streamCachedRequest call to callback.audioAvailable failed: -1
02-28 09:09:43.927 13579 13612 I GoogleTTSServiceImpl: Synthesis request for locale eng-USA and name en-US-language
02-28 09:09:43.927  2666  3413 D Avrcp_ext: AudioManager Player: ID:23 -- type:android.media.SoundPool -- u/pid:10126/2688 -- state:idle -- attr:AudioAttributes: usage=USAGE_ASSISTANCE_SONIFICATION content=CONTENT_TYPE_SONIFICATION flags=0x800 tags= bundle=null
02-28 09:09:43.927  2666  3413 D Avrcp_ext: AudioManager Player: ID:15 -- type:android.media.SoundPool -- u/pid:1000/1493 -- state:idle -- attr:AudioAttributes: usage=USAGE_ASSISTANCE_SONIFICATION content=CONTENT_TYPE_SONIFICATION flags=0x800 tags= bundle=null
02-28 09:09:43.927  2666  3413 D Avrcp_ext: AudioManager Player: ID:1183 -- type:android.media.AudioTrack -- u/pid:10088/13579 -- state:stopped -- attr:AudioAttributes: usage=USAGE_MEDIA content=CONTENT_TYPE_SPEECH flags=0x800 tags= bundle=null
02-28 09:09:43.927  2666  3413 D Avrcp_ext: AudioManager isPlaying: false
02-28 09:09:43.927 13579 13612 I GoogleTTSServiceImpl: TTS dispatch: en-us-x-iog-seanet-embedded
02-28 09:09:43.927  2666  3413 V Avrcp_ext: updateCurrentMediaState: mMediaController: null
02-28 09:09:43.927 13511 13544 D NavServiceProvider: -----Get ready!
02-28 09:09:43.928 13511 13544 D NavigationTest: 225: (28.032489, -82.428861, 16.959999)	R:true  F:false
02-28 09:09:43.928 13511 13544 D NavServiceProvider: Second to last stop coordinates: 28.032462, -82.426948
02-28 09:09:43.928 13511 13544 D NavServiceProvider: Setting units automatically
02-28 09:09:43.930 13511 13544 D NavServiceProvider: Detecting stop. distance_d=188.1336. stop_type=1 speed=16.96
02-28 09:09:43.930 13511 13544 D NavigationTest: 225: (28.032489, -82.428861, 16.959999)	R:true  F:false
02-28 09:09:43.930 13511 13544 D NavServiceProvider: Second to last stop coordinates: 28.032462, -82.426948
02-28 09:09:43.930 13511 13544 D NavServiceProvider: Setting units automatically
02-28 09:09:43.931  2666  3413 V Avrcp_ext: isMusicActive: true getBluetoothPlayState: 2
02-28 09:09:43.931  2666  3413 V Avrcp_ext: updateCurrentMediaState: isPlaying = false
02-28 09:09:43.931  2666  3413 V Avrcp_ext: Media update: id -1➡-1? [MediaAttributes: none] : [MediaAttributes: none]
02-28 09:09:43.931  2666  3413 V Avrcp_ext: newPlayStatus:2mReportedPlayStatus:-1
02-28 09:09:43.931  2666  3413 V Avrcp_ext: updatePlaybackState, state: PlaybackState {state=2, position=-1, buffered position=0, speed=0.0, updated=1787261, actions=0, custom actions=[], active item id=-1, error=null} device: null
02-28 09:09:43.931  2666  3413 V Avrcp_ext: Device: no name:
02-28 09:09:43.931  2666  3413 I chatty  : uid=1002(bluetooth) BluetoothAvrcpH identical 3 lines
02-28 09:09:43.931  2666  3413 V Avrcp_ext: Device: no name:
02-28 09:09:43.931  2666  3413 V Avrcp_ext: updatePlayerStateAndPosition, old=PlaybackState {state=2, position=-1, buffered position=0, speed=0.0, updated=1787130, actions=0, custom actions=[], active item id=-1, error=null}, state=PlaybackState {state=2, position=-1, buffered position=0, speed=0.0, updated=1787261, actions=0, custom actions=[], active item id=-1, error=null}
02-28 09:09:43.931  2666  3413 V Avrcp_ext: old state = PlaybackState {state=2, position=-1, buffered position=0, speed=0.0, updated=1787130, actions=0, custom actions=[], active item id=-1, error=null}, new state= PlaybackState {state=2, position=-1, buffered position=0, speed=0.0, updated=1787261, actions=0, custom actions=[], active item id=-1, error=null}
02-28 09:09:43.931  2666  3413 D HeadsetService: getHeadsetService(): returning com.android.bluetooth.hfp.HeadsetService@8a04d28
02-28 09:09:43.931  2666  3413 D HeadsetService:  isAudioOn: The number of audio connected devices 0
02-28 09:09:43.932  2666  3413 D HeadsetService: isScoOrCallActive(): Call Active:falseCall is Ringing:falseSCO is Active:false
02-28 09:09:43.932 13511 13544 D NavServiceProvider: Detecting stop. distance_d=171.39848. stop_type=1 speed=16.520027
02-28 09:09:43.932 13511 13544 D NavigationTest: 226: (28.032474, -82.428691, 16.520027)	R:true  F:false
02-28 09:09:43.932 13511 13544 D NavigationTest: 227: (28.032474, -82.428691, 16.520027)	R:true  F:false
02-28 09:09:43.932  2666  3413 D HeadsetService:  isAudioOn: The number of audio connected devices 0
02-28 09:09:43.932 13511 13544 D NavServiceProvider: Second to last stop coordinates: 28.032462, -82.426948
02-28 09:09:43.932  2666  3413 I Avrcp_ext: updatePlayStatusForDevice: device: null
02-28 09:09:43.932  2666  3413 V Avrcp_ext: updatePlaybackState (1): old=PlaybackState {state=2, position=-1, buffered position=0, speed=0.0, updated=1787130, actions=0, custom actions=[], active item id=-1, error=null}(2), new=PlaybackState {state=2, position=-1, buffered position=0, speed=0.0, updated=1787261, actions=0, custom actions=[], active item id=-1, error=null}(2)
02-28 09:09:43.932  2666  3413 I Avrcp_ext: Exit updatePlayStatusForDevice
02-28 09:09:43.932  2666  3413 D HeadsetService:  isAudioOn: The number of audio connected devices 0
02-28 09:09:43.932  2666  3413 D HeadsetService: isScoOrCallActive(): Call Active:falseCall is Ringing:falseSCO is Active:false
02-28 09:09:43.932 13511 13544 D NavServiceProvider: Setting units automatically
02-28 09:09:43.933  2666  3413 D HeadsetService:  isAudioOn: The number of audio connected devices 0
02-28 09:09:43.933  2666  3413 I Avrcp_ext: updatePlayStatusForDevice: device: null
02-28 09:09:43.933  2666  3413 V Avrcp_ext: updatePlaybackState (1): old=PlaybackState {state=2, position=-1, buffered position=0, speed=0.0, updated=1787130, actions=0, custom actions=[], active item id=-1, error=null}(2), new=PlaybackState {state=2, position=-1, buffered position=0, speed=0.0, updated=1787261, actions=0, custom actions=[], active item id=-1, error=null}(2)
02-28 09:09:43.933  2666  3413 I Avrcp_ext: Exit updatePlayStatusForDevice
02-28 09:09:43.933  2666  3413 D HeadsetService:  isAudioOn: The number of audio connected devices 0
02-28 09:09:43.933  2666  3413 D HeadsetService: isScoOrCallActive(): Call Active:falseCall is Ringing:falseSCO is Active:false
02-28 09:09:43.934 13511 13544 D NavServiceProvider: Detecting stop. distance_d=153.89272. stop_type=1 speed=16.670012
02-28 09:09:43.934 13511 13544 D NavigationTest: 228: (28.032470, -82.428513, 16.670012)	R:true  F:false
02-28 09:09:43.934  2666  3413 D HeadsetService:  isAudioOn: The number of audio connected devices 0
02-28 09:09:43.934 13511 13544 D NavServiceProvider: Second to last stop coordinates: 28.032462, -82.426948
02-28 09:09:43.934  2666  3413 I Avrcp_ext: updatePlayStatusForDevice: device: null
02-28 09:09:43.934  2666  3413 V Avrcp_ext: updatePlaybackState (1): old=PlaybackState {state=2, position=-1, buffered position=0, speed=0.0, updated=1787130, actions=0, custom actions=[], active item id=-1, error=null}(2), new=PlaybackState {state=2, position=-1, buffered position=0, speed=0.0, updated=1787261, actions=0, custom actions=[], active item id=-1, error=null}(2)
02-28 09:09:43.934  2666  3413 I Avrcp_ext: Exit updatePlayStatusForDevice
02-28 09:09:43.934  2666  3413 D HeadsetService:  isAudioOn: The number of audio connected devices 0
02-28 09:09:43.934  2666  3413 D HeadsetService: isScoOrCallActive(): Call Active:falseCall is Ringing:falseSCO is Active:false
02-28 09:09:43.934 13511 13544 D NavServiceProvider: Setting units automatically
02-28 09:09:43.935  2666  3413 D HeadsetService:  isAudioOn: The number of audio connected devices 0
02-28 09:09:43.935  2666  3413 I Avrcp_ext: updatePlayStatusForDevice: device: null
02-28 09:09:43.935  2666  3413 V Avrcp_ext: updatePlaybackState (1): old=PlaybackState {state=2, position=-1, buffered position=0, speed=0.0, updated=1787130, actions=0, custom actions=[], active item id=-1, error=null}(2), new=PlaybackState {state=2, position=-1, buffered position=0, speed=0.0, updated=1787261, actions=0, custom actions=[], active item id=-1, error=null}(2)
02-28 09:09:43.935  2666  3413 I Avrcp_ext: Exit updatePlayStatusForDevice
02-28 09:09:43.936 13511 13544 D NavServiceProvider: Detecting stop. distance_d=139.53474. stop_type=1 speed=15.840316
02-28 09:09:43.936 13511 13544 D NavigationTest: 229: (28.032467, -82.428367, 15.840316)	R:true  F:false
02-28 09:09:43.936 13511 13544 D NavigationTest: 230: (28.032467, -82.428367, 15.840316)	R:true  F:false
02-28 09:09:43.936 13511 13544 D NavServiceProvider: Second to last stop coordinates: 28.032462, -82.426948
02-28 09:09:43.936  2666  3413 D HeadsetService:  isAudioOn: The number of audio connected devices 0
02-28 09:09:43.936  2666  3413 D HeadsetService: isScoOrCallActive(): Call Active:falseCall is Ringing:falseSCO is Active:false
02-28 09:09:43.937 13511 13544 D NavServiceProvider: Setting units automatically
02-28 09:09:43.938 13511 13544 D NavServiceProvider: Detecting stop. distance_d=122.62228. stop_type=1 speed=15.700155
02-28 09:09:43.938 13511 13544 D NavigationTest: 231: (28.032456, -82.428195, 15.700155)	R:true  F:false
02-28 09:09:43.938 13511 13544 D NavigationTest: 232: (28.032456, -82.428195, 15.700155)	R:true  F:false
02-28 09:09:43.938 13511 13544 D NavServiceProvider: Second to last stop coordinates: 28.032462, -82.426948
02-28 09:09:43.938 13511 13544 D NavServiceProvider: Setting units automatically
02-28 09:09:43.940  2666  3413 D HeadsetService:  isAudioOn: The number of audio connected devices 0
02-28 09:09:43.940  2666  3413 I Avrcp_ext: updatePlayStatusForDevice: device: null
02-28 09:09:43.940  2666  3413 V Avrcp_ext: updatePlaybackState (1): old=PlaybackState {state=2, position=-1, buffered position=0, speed=0.0, updated=1787130, actions=0, custom actions=[], active item id=-1, error=null}(2), new=PlaybackState {state=2, position=-1, buffered position=0, speed=0.0, updated=1787261, actions=0, custom actions=[], active item id=-1, error=null}(2)
02-28 09:09:43.940  2666  3413 I Avrcp_ext: Exit updatePlayStatusForDevice
02-28 09:09:43.940 13511 13544 D NavServiceProvider: Detecting stop. distance_d=108.26417. stop_type=1 speed=15.230266
02-28 09:09:43.940  2666  3413 D Avrcp_ext: Enter sendPlayPosNotificationRsp
02-28 09:09:43.940  2666  3413 D Avrcp_ext: sendPlayPosNotificationRsp: Not registered or requesting.
02-28 09:09:43.940  2666  3413 D Avrcp_ext: Enter sendPlayPosNotificationRsp
02-28 09:09:43.940  2666  3413 D Avrcp_ext: sendPlayPosNotificationRsp: Not registered or requesting.
02-28 09:09:43.940  2666  3413 D Avrcp_ext: Enter sendPlayPosNotificationRsp
02-28 09:09:43.940  2666  3413 D Avrcp_ext: sendPlayPosNotificationRsp: Not registered or requesting.
02-28 09:09:43.940  2666  3413 D Avrcp_ext: Enter sendPlayPosNotificationRsp
02-28 09:09:43.940  2666  3413 D Avrcp_ext: sendPlayPosNotificationRsp: Not registered or requesting.
02-28 09:09:43.940 13511 13544 D NavigationTest: 233: (28.032464, -82.428049, 15.230266)	R:true  F:false
02-28 09:09:43.940  2666  3413 D Avrcp_ext: Enter sendPlayPosNotificationRsp
02-28 09:09:43.940  2666  3413 D Avrcp_ext: sendPlayPosNotificationRsp: Not registered or requesting.
02-28 09:09:43.940 13511 13544 D NavServiceProvider: Second to last stop coordinates: 28.032462, -82.426948
02-28 09:09:43.940  2666  3413 V Avrcp_ext: Exit updatePlayerStateAndPosition
02-28 09:09:43.940  2666  3413 D Avrcp_ext: AudioManager Player: ID:23 -- type:android.media.SoundPool -- u/pid:10126/2688 -- state:idle -- attr:AudioAttributes: usage=USAGE_ASSISTANCE_SONIFICATION content=CONTENT_TYPE_SONIFICATION flags=0x800 tags= bundle=null
02-28 09:09:43.940  2666  3413 D Avrcp_ext: AudioManager Player: ID:15 -- type:android.media.SoundPool -- u/pid:1000/1493 -- state:idle -- attr:AudioAttributes: usage=USAGE_ASSISTANCE_SONIFICATION content=CONTENT_TYPE_SONIFICATION flags=0x800 tags= bundle=null
02-28 09:09:43.940  2666  3413 D Avrcp_ext: AudioManager isPlaying: false
02-28 09:09:43.941 13511 13544 D NavServiceProvider: Setting units automatically
02-28 09:09:43.942 13511 13544 D NavServiceProvider: Detecting stop. distance_d=93.712395. stop_type=1 speed=14.890004
02-28 09:09:43.942 13511 13544 D NavServiceProvider: Case 1: false
02-28 09:09:43.942 13511 13544 D NavigationTest: 234: (28.032457, -82.427901, 14.890004)	R:true  F:false
02-28 09:09:43.942 13511 13544 D NavigationTest: 235: (28.032457, -82.427901, 14.890004)	R:true  F:false
02-28 09:09:43.942 13511 13544 D NavServiceProvider: Second to last stop coordinates: 28.032462, -82.426948
02-28 09:09:43.943 13511 13544 D NavServiceProvider: Setting units automatically
02-28 09:09:43.944 13511 13544 D NavServiceProvider: Detecting stop. distance_d=80.04746. stop_type=1 speed=14.710004
02-28 09:09:43.944 13511 13544 D NavigationTest: 236: (28.032470, -82.427762, 14.710004)	R:true  F:false
02-28 09:09:43.944 13511 13544 D NavServiceProvider: Second to last stop coordinates: 28.032462, -82.426948
02-28 09:09:43.945 13511 13544 D NavServiceProvider: Setting units automatically
02-28 09:09:43.946 13511 13544 D NavServiceProvider: Detecting stop. distance_d=63.5231. stop_type=1 speed=14.670413
02-28 09:09:43.946 13511 13544 D NavigationTest: 237: (28.032464, -82.427594, 14.670413)	R:true  F:false
02-28 09:09:43.946 13511 13544 D NavigationTest: 238: (28.032464, -82.427594, 14.670413)	R:true  F:false
02-28 09:09:43.946 13511 13544 D NavServiceProvider: Second to last stop coordinates: 28.032462, -82.426948
02-28 09:09:43.946 13511 13544 D NavServiceProvider: Setting units automatically
02-28 09:09:43.947 13511 13544 D NavServiceProvider: Detecting stop. distance_d=49.11788. stop_type=1 speed=13.720058
02-28 09:09:43.947 13511 13544 D NavServiceProvider: Case 2: false
02-28 09:09:43.947 13511 13544 D NavigationTest: 239: (28.032482, -82.427447, 13.720058)	R:true  F:false
02-28 09:09:43.947 13511 13544 D NavigationTest: 240: (28.032482, -82.427447, 13.720058)	R:true  F:false
02-28 09:09:43.947 13511 13544 D NavServiceProvider: Second to last stop coordinates: 28.032462, -82.426948
02-28 09:09:43.948 13511 13544 D NavServiceProvider: Setting units automatically
02-28 09:09:43.949 13511 13544 D NavServiceProvider: Detecting stop. distance_d=36.542023. stop_type=1 speed=12.83014
02-28 09:09:43.949 13511 13544 D NavigationTest: 241: (28.032481, -82.427319, 12.830140)	R:true  F:false
02-28 09:09:43.949 13511 13544 D NavServiceProvider: Second to last stop coordinates: 28.032462, -82.426948
02-28 09:09:43.949 13511 13544 D NavServiceProvider: Setting units automatically
02-28 09:09:43.951 13511 13544 D NavServiceProvider: Detecting stop. distance_d=26.412373. stop_type=1 speed=11.181006
02-28 09:09:43.951 13511 13544 D NavigationTest: 242: (28.032488, -82.427215, 11.181006)	R:true  F:false
02-28 09:09:43.951 13511 13544 D NavigationTest: 243: (28.032488, -82.427215, 11.181006)	R:true  F:false
02-28 09:09:43.951 13511 13544 D NavServiceProvider: Second to last stop coordinates: 28.032462, -82.426948
02-28 09:09:43.951 13511 13544 D NavServiceProvider: Setting units automatically
02-28 09:09:43.952 13511 13544 D NavServiceProvider: Detecting stop. distance_d=16.091574. stop_type=1 speed=10.100599
02-28 09:09:43.952 13511 13544 D NavServiceProvider: Case 3: false
02-28 09:09:43.952 13511 13544 D NavigationTest: 244: (28.032488, -82.427109, 10.100599)	R:true  F:false
02-28 09:09:43.952 13511 13544 D NavServiceProvider: Second to last stop coordinates: 28.032462, -82.426948
02-28 09:09:43.953 13511 13544 D NavServiceProvider: Setting units automatically
02-28 09:09:43.954 13511 13544 D NavServiceProvider: Detecting stop. distance_d=366.04562. stop_type=1 speed=0.0
02-28 09:09:43.954 13511 13544 D NavigationTest: 245: (28.032518, -82.430670, 0.000000)	R:true  F:false
02-28 09:09:43.954 13511 13544 D NavigationTest: 246: (28.032518, -82.430670, 0.000000)	R:true  F:false
02-28 09:09:43.954 13511 13544 D NavServiceProvider: Second to last stop coordinates: 28.032462, -82.426948
02-28 09:09:43.955 13511 13544 D NavServiceProvider: Setting units automatically
02-28 09:09:43.956 13511 13544 D NavServiceProvider: Detecting stop. distance_d=8.003109. stop_type=1 speed=8.822499
02-28 09:09:43.956 13511 13544 D NavServiceProvider: Case 4: false
02-28 09:09:43.956 13511 13544 D NavigationTest: 247: (28.032503, -82.427015, 8.822499)	R:true  F:false
02-28 09:09:43.956 13511 13544 D NavServiceProvider: Second to last stop coordinates: 28.032462, -82.426948
02-28 09:09:43.957 13511 13544 D NavServiceProvider: Setting units automatically
02-28 09:09:43.958 13511 13544 D NavServiceProvider: Detecting stop. distance_d=4.1425686. stop_type=1 speed=7.442426
02-28 09:09:43.959 13511 13544 D NavigationTest: 248: (28.032499, -82.426954, 7.442426)	R:true  F:false
02-28 09:09:43.959 13511 13544 D NavigationTest: 249: (28.032499, -82.426954, 7.442426)	R:true  F:false
02-28 09:09:43.959 13511 13544 D NavServiceProvider: Second to last stop coordinates: 28.032462, -82.426948
02-28 09:09:43.959 13511 13544 D NavServiceProvider: Setting units automatically
02-28 09:09:43.960 13511 13544 D NavServiceProvider: Detecting stop. distance_d=8.107057. stop_type=1 speed=7.320335
02-28 09:09:43.960 13511 13544 D NavigationTest: 250: (28.032496, -82.426875, 7.320335)	R:true  F:false
02-28 09:09:43.960 13511 13544 D NavServiceProvider: Second to last stop coordinates: 28.032462, -82.426948
02-28 09:09:43.961 13511 13544 D NavServiceProvider: Setting units automatically
02-28 09:09:43.962 13511 13544 D NavServiceProvider: Detecting stop. distance_d=8.322338. stop_type=1 speed=3.110257
02-28 09:09:43.962 13511 13544 D NavigationTest: 251: (28.032500, -82.426875, 3.110257)	R:true  F:false
02-28 09:09:43.962 13511 13544 D NavigationTest: 252: (28.032500, -82.426875, 3.110257)	R:true  F:false
02-28 09:09:43.962 13511 13544 D NavServiceProvider: Second to last stop coordinates: 28.032462, -82.426948
02-28 09:09:43.963 13511 13544 D NavServiceProvider: Setting units automatically
02-28 09:09:43.964 13511 13544 D NavServiceProvider: Detecting stop. distance_d=8.329896. stop_type=1 speed=1.040048
02-28 09:09:43.964 13511 13544 D NavigationTest: 253: (28.032503, -82.426877, 1.040048)	R:true  F:false
02-28 09:09:43.964 13511 13544 D NavigationTest: 254: (28.032503, -82.426877, 1.040048)	R:true  F:false
02-28 09:09:43.964 13511 13544 D NavServiceProvider: Second to last stop coordinates: 28.032462, -82.426948
02-28 09:09:43.964 13511 13544 D NavServiceProvider: Setting units automatically
02-28 09:09:43.966 13511 13544 D NavServiceProvider: Detecting stop. distance_d=8.275673. stop_type=1 speed=0.15
02-28 09:09:43.966 13511 13544 D NavigationTest: 255: (28.032506, -82.426880, 0.150000)	R:true  F:false
02-28 09:09:43.966 13511 13544 D NavServiceProvider: Second to last stop coordinates: 28.032462, -82.426948
02-28 09:09:43.967 13511 13544 D NavServiceProvider: Setting units automatically
02-28 09:09:43.968 13511 13544 D NavServiceProvider: Detecting stop. distance_d=7.9470334. stop_type=1 speed=0.12
02-28 09:09:43.968 13511 13544 D NavigationTest: 256: (28.032508, -82.426886, 0.120000)	R:true  F:false
02-28 09:09:43.968 13511 13544 D NavigationTest: 257: (28.032508, -82.426886, 0.120000)	R:true  F:false
02-28 09:09:43.968 13511 13544 D NavServiceProvider: Second to last stop coordinates: 28.032462, -82.426948
02-28 09:09:43.968 13511 13544 D NavServiceProvider: Setting units automatically
02-28 09:09:43.970 13511 13544 D NavServiceProvider: Detecting stop. distance_d=7.815686. stop_type=1 speed=0.297321
02-28 09:09:43.970 13511 13544 D NavigationTest: 258: (28.032505, -82.426885, 0.297321)	R:true  F:false
02-28 09:09:43.970 13511 13544 D NavServiceProvider: Second to last stop coordinates: 28.032462, -82.426948
02-28 09:09:43.971 13511 13544 D NavServiceProvider: Setting units automatically
02-28 09:09:43.972 13511 13544 D NavServiceProvider: Detecting stop. distance_d=7.139135. stop_type=1 speed=0.12
02-28 09:09:43.972 13511 13544 D NavigationTest: 259: (28.032503, -82.426892, 0.120000)	R:true  F:false
02-28 09:09:43.972 13511 13544 D NavigationTest: 260: (28.032503, -82.426892, 0.120000)	R:true  F:false
02-28 09:09:43.972 13511 13544 D NavServiceProvider: Second to last stop coordinates: 28.032462, -82.426948
02-28 09:09:43.972 13511 13544 D NavServiceProvider: Setting units automatically
02-28 09:09:43.974 13511 13544 D NavServiceProvider: Detecting stop. distance_d=6.7863173. stop_type=1 speed=0.180278
02-28 09:09:43.974 13511 13544 D NavigationTest: 261: (28.032506, -82.426900, 0.180278)	R:true  F:false
02-28 09:09:43.974 13511 13544 D NavServiceProvider: Second to last stop coordinates: 28.032462, -82.426948
02-28 09:09:43.974 13511 13544 D NavServiceProvider: Setting units automatically
02-28 09:09:43.975 13511 13544 D NavServiceProvider: Detecting stop. distance_d=7.2303944. stop_type=1 speed=0.06
02-28 09:09:43.975 13511 13544 D NavigationTest: 262: (28.032509, -82.426897, 0.060000)	R:true  F:false
02-28 09:09:43.975 13511 13544 D NavigationTest: 263: (28.032509, -82.426897, 0.060000)	R:true  F:false
02-28 09:09:43.976 13511 13544 D NavServiceProvider: Second to last stop coordinates: 28.032462, -82.426948
02-28 09:09:43.976 13511 13544 D NavServiceProvider: Setting units automatically
02-28 09:09:43.977 13511 13544 D NavServiceProvider: Detecting stop. distance_d=7.7230434. stop_type=1 speed=0.208087
02-28 09:09:43.977 13511 13544 D NavigationTest: 264: (28.032508, -82.426889, 0.208087)	R:true  F:false
02-28 09:09:43.977 13511 13544 D NavigationTest: 265: (28.032508, -82.426889, 0.208087)	R:true  F:false
02-28 09:09:43.977 13511 13544 D NavServiceProvider: Second to last stop coordinates: 28.032462, -82.426948
02-28 09:09:43.978 13511 13544 D NavServiceProvider: Setting units automatically
02-28 09:09:43.979 13511 13544 D NavServiceProvider: Detecting stop. distance_d=7.578576. stop_type=1 speed=0.0
02-28 09:09:43.979 13511 13544 D NavigationTest: 266: (28.032506, -82.426889, 0.000000)	R:true  F:false
02-28 09:09:43.979 13511 13544 D NavServiceProvider: Second to last stop coordinates: 28.032462, -82.426948
02-28 09:09:43.980 13511 13544 D NavServiceProvider: Setting units automatically
02-28 09:09:43.981 13511 13544 D NavServiceProvider: Detecting stop. distance_d=6.842041. stop_type=1 speed=0.0
02-28 09:09:43.981 13511 13544 D NavigationTest: 267: (28.032504, -82.426897, 0.000000)	R:true  F:false
02-28 09:09:43.981 13511 13544 D NavigationTest: 268: (28.032504, -82.426897, 0.000000)	R:true  F:false
02-28 09:09:43.981 13511 13544 D NavServiceProvider: Second to last stop coordinates: 28.032462, -82.426948
02-28 09:09:43.981 13511 13544 D NavServiceProvider: Setting units automatically
02-28 09:09:43.983 13511 13544 D NavServiceProvider: Detecting stop. distance_d=6.5515213. stop_type=1 speed=0.0
02-28 09:09:43.983 13511 13544 D NavigationTest: 269: (28.032503, -82.426900, 0.000000)	R:true  F:false
02-28 09:09:43.983 13511 13544 D NavigationTest: 270: (28.032503, -82.426900, 0.000000)	R:true  F:false
02-28 09:09:43.983 13511 13544 D NavServiceProvider: Second to last stop coordinates: 28.032462, -82.426948
02-28 09:09:43.984 13511 13544 D NavServiceProvider: Setting units automatically
02-28 09:09:43.985 13511 13544 D NavServiceProvider: Detecting stop. distance_d=6.570223. stop_type=1 speed=0.0
02-28 09:09:43.985 13511 13544 D NavigationTest: 271: (28.032505, -82.426902, 0.000000)	R:true  F:false
02-28 09:09:43.985 13511 13544 D NavigationTest: 272: (28.032505, -82.426902, 0.000000)	R:true  F:false
02-28 09:09:43.985 13511 13544 D NavServiceProvider: Second to last stop coordinates: 28.032462, -82.426948
02-28 09:09:43.985 13511 13544 D NavServiceProvider: Setting units automatically
02-28 09:09:43.987 13511 13544 D NavServiceProvider: Detecting stop. distance_d=6.411288. stop_type=1 speed=0.0
02-28 09:09:43.987 13511 13544 D NavigationTest: 273: (28.032503, -82.426902, 0.000000)	R:true  F:false
02-28 09:09:43.987 13511 13544 D NavServiceProvider: Second to last stop coordinates: 28.032462, -82.426948
02-28 09:09:43.988 13511 13544 D NavServiceProvider: Setting units automatically
02-28 09:09:43.990 13511 13544 D NavServiceProvider: Detecting stop. distance_d=6.0555835. stop_type=1 speed=0.0
02-28 09:09:43.991 13511 13544 D NavigationTest: 274: (28.032505, -82.426910, 0.000000)	R:true  F:false
02-28 09:09:43.991 13511 13544 D NavigationTest: 275: (28.032505, -82.426910, 0.000000)	R:true  F:false
02-28 09:09:43.991 13511 13544 D NavServiceProvider: Second to last stop coordinates: 28.032462, -82.426948
02-28 09:09:43.991 13511 13544 D NavServiceProvider: Setting units automatically
02-28 09:09:43.993 13511 13544 D NavServiceProvider: Detecting stop. distance_d=5.74465. stop_type=1 speed=0.0
02-28 09:09:43.993 13511 13544 D NavigationTest: 276: (28.032507, -82.426919, 0.000000)	R:true  F:false
02-28 09:09:43.993 13511 13544 D NavServiceProvider: Second to last stop coordinates: 28.032462, -82.426948
02-28 09:09:43.993 13511 13544 D NavServiceProvider: Setting units automatically
02-28 09:09:43.995 13511 13544 D NavServiceProvider: Detecting stop. distance_d=5.6174927. stop_type=1 speed=0.0
02-28 09:09:43.995 13511 13544 D NavigationTest: 277: (28.032508, -82.426924, 0.000000)	R:true  F:false
02-28 09:09:43.995 13511 13544 D NavigationTest: 278: (28.032508, -82.426924, 0.000000)	R:true  F:false
02-28 09:09:43.995 13511 13544 D NavigationTest: 279: (28.032508, -82.426924, 0.000000)	R:true  F:false
02-28 09:09:43.995 13511 13544 D NavigationTest: 280: (28.032508, -82.426924, 0.000000)	R:true  F:false
02-28 09:09:43.995 13511 13544 D NavServiceProvider: Second to last stop coordinates: 28.032462, -82.426948
02-28 09:09:43.995 13511 13544 D NavServiceProvider: Setting units automatically
02-28 09:09:43.997 13511 13544 D NavServiceProvider: Detecting stop. distance_d=5.2333174. stop_type=1 speed=0.0
02-28 09:09:43.997 13511 13544 D NavigationTest: 281: (28.032505, -82.426926, 0.000000)	R:true  F:false
02-28 09:09:43.997 13511 13544 D NavigationTest: 282: (28.032505, -82.426926, 0.000000)	R:true  F:false
02-28 09:09:43.997 13511 13544 D NavServiceProvider: Second to last stop coordinates: 28.032462, -82.426948
02-28 09:09:43.998 13511 13544 D NavServiceProvider: Setting units automatically
02-28 09:09:43.999 13511 13544 D NavServiceProvider: Detecting stop. distance_d=5.0528708. stop_type=1 speed=0.0
02-28 09:09:44.000 13511 13544 D NavigationTest: 283: (28.032504, -82.426928, 0.000000)	R:true  F:false
02-28 09:09:44.000 13511 13544 D NavigationTest: 284: (28.032504, -82.426928, 0.000000)	R:true  F:false
02-28 09:09:44.000 13511 13544 D NavServiceProvider: Second to last stop coordinates: 28.032462, -82.426948
02-28 09:09:44.000 13511 13544 D NavServiceProvider: Setting units automatically
02-28 09:09:44.002 13511 13544 D NavServiceProvider: Detecting stop. distance_d=5.123619. stop_type=1 speed=0.0
