02-28 09:09:49.711 13511 13544 I TestRunner: started: testTrip2C(org.onebusaway.android.nav.test.NavigationTest)
02-28 09:09:49.713 13511 13511 I MonitoringInstr: Activities that are still in CREATED to STOPPED: 0
02-28 09:09:49.718 13511 13544 D NavServiceProvider: Creating NavigationServiceProvider...
02-28 09:09:49.718 13511 13544 D NavServiceProvider: Starting navigation for service
02-28 09:09:49.718 13511 13544 D NavServiceProvider: ProximityCalculator initializing...
02-28 09:09:49.718 13511 13544 D NavServiceProvider: Initializing ProximityCalculator
02-28 09:09:49.718 13511 13544 D NavServiceProvider: Number of path links: 1
02-28 09:09:49.718 13511 13544 D NavServiceProvider: Second to last stop coordinates: 28.0578, -82.415793
02-28 09:09:49.719 13579 13612 W EventProcessor: callback.start() returned error code: -1
02-28 09:09:49.719 13511 13544 D NavServiceProvider: Setting units automatically
02-28 09:09:49.724 13511 13544 D NavServiceProvider: -----Get ready!
02-28 09:09:49.724 13511 13544 D NavigationTest: 0: (28.057735, -82.415764, 0.750000)	R:true  F:false
02-28 09:09:49.724 13511 13544 D NavigationTest: 0: (28.057735, -82.415764, 0.750000)	R:true  F:false
02-28 09:09:49.724 13511 13544 D NavigationTest: 1: (28.057735, -82.415764, 0.750000)	R:true  F:false
02-28 09:09:49.724 13511 13544 D NavServiceProvider: Second to last stop coordinates: 28.0578, -82.415793
02-28 09:09:49.725 13511 13544 D NavServiceProvider: Setting units automatically
02-28 09:09:49.726 13511 13544 D NavServiceProvider: Detecting stop. distance_d=7.594038. stop_type=1 speed=0.75
02-28 09:09:49.726 13511 13544 D NavServiceProvider: Case 3: false
02-28 09:09:49.726 13511 13544 D NavigationTest: 2: (28.057751, -82.415739, 0.750000)	R:true  F:false
02-28 09:09:49.726 13511 13544 D NavigationTest: 3: (28.057751, -82.415739, 0.750000)	R:true  F:false
02-28 09:09:49.726 13511 13544 D NavServiceProvider: Second to last stop coordinates: 28.0578, -82.415793
02-28 09:09:49.726 13511 13544 D NavServiceProvider: Setting units automatically
02-28 09:09:49.728 13511 13544 D NavServiceProvider: Detecting stop. distance_d=7.6691055. stop_type=1 speed=0.75
02-28 09:09:49.728 13511 13544 D NavServiceProvider: Case 4: false
02-28 09:09:49.728 13511 13544 D NavigationTest: 4: (28.057758, -82.415731, 0.750000)	R:true  F:false
02-28 09:09:49.728 13511 13544 D NavigationTest: 5: (28.057758, -82.415731, 0.750000)	R:true  F:false
02-28 09:09:49.728 13511 13544 D NavServiceProvider: Second to last stop coordinates: 28.0578, -82.415793
02-28 09:09:49.728 13511 13544 D NavServiceProvider: Setting units automatically
02-28 09:09:49.730 13511 13544 D NavServiceProvider: Detecting stop. distance_d=7.418254. stop_type=1 speed=0.0
02-28 09:09:49.730 13511 13544 D NavigationTest: 6: (28.057766, -82.415728, 0.000000)	R:true  F:false
02-28 09:09:49.730 13511 13544 D NavigationTest: 7: (28.057766, -82.415728, 0.000000)	R:true  F:false
02-28 09:09:49.730 13511 13544 D NavServiceProvider: Second to last stop coordinates: 28.0578, -82.415793
02-28 09:09:49.731 13511 13544 D NavServiceProvider: Setting units automatically
02-28 09:09:49.733 13511 13544 D NavServiceProvider: Detecting stop. distance_d=7.2032294. stop_type=1 speed=0.0
02-28 09:09:49.733 13511 13544 D NavigationTest: 8: (28.057770, -82.415728, 0.000000)	R:true  F:false
02-28 09:09:49.733 13511 13544 D NavigationTest: 9: (28.057770, -82.415728, 0.000000)	R:true  F:false
02-28 09:09:49.733 13511 13544 D NavServiceProvider: Second to last stop coordinates: 28.0578, -82.415793
02-28 09:09:49.734 13511 13544 D NavServiceProvider: Setting units automatically
02-28 09:09:49.734 13579 13612 I GoogleTTSServiceImpl: Synthesis request for locale eng-USA and name en-US-language
02-28 09:09:49.735 13579 13612 I GoogleTTSServiceImpl: TTS dispatch: en-us-x-iog-seanet-embedded
02-28 09:09:49.735 13511 13544 D NavServiceProvider: Detecting stop. distance_d=7.1527567. stop_type=1 speed=0.0
02-28 09:09:49.735 13511 13544 D NavigationTest: 10: (28.057771, -82.415728, 0.000000)	R:true  F:false
02-28 09:09:49.735 13511 13544 D NavigationTest: 11: (28.057771, -82.415728, 0.000000)	R:true  F:false
02-28 09:09:49.735 13511 13544 D NavigationTest: 12: (28.057771, -82.415728, 0.000000)	R:true  F:false
02-28 09:09:49.735 13511 13544 D NavigationTest: 13: (28.057771, -82.415728, 0.000000)	R:true  F:false
02-28 09:09:49.735 13511 13544 D NavServiceProvider: Second to last stop coordinates: 28.0578, -82.415793
02-28 09:09:49.736 13511 13544 D NavServiceProvider: Setting units automatically
02-28 09:09:49.737 13511 13544 D NavServiceProvider: Detecting stop. distance_d=6.9429283. stop_type=1 speed=0.0
02-28 09:09:49.737 13511 13544 D NavigationTest: 14: (28.057770, -82.415731, 0.000000)	R:true  F:false
02-28 09:09:49.737 13511 13544 D NavServiceProvider: Second to last stop coordinates: 28.0578, -82.415793
02-28 09:09:49.737 13511 13544 D NavServiceProvider: Setting units automatically
02-28 09:09:49.739 13511 13544 D NavServiceProvider: Detecting stop. distance_d=6.890549. stop_type=1 speed=0.25
02-28 09:09:49.739 13511 13544 D NavigationTest: 15: (28.057771, -82.415731, 0.250000)	R:true  F:false
02-28 09:09:49.739 13511 13544 D NavigationTest: 16: (28.057771, -82.415731, 0.250000)	R:true  F:false
02-28 09:09:49.739 13511 13544 D NavServiceProvider: Second to last stop coordinates: 28.0578, -82.415793
02-28 09:09:49.740 13511 13544 D NavServiceProvider: Setting units automatically
02-28 09:09:49.741 13511 13544 D NavServiceProvider: Detecting stop. distance_d=6.3747187. stop_type=1 speed=0.0
02-28 09:09:49.742 13511 13544 D NavigationTest: 17: (28.057771, -82.415737, 0.000000)	R:true  F:false
02-28 09:09:49.742 13511 13544 D NavServiceProvider: Second to last stop coordinates: 28.0578, -82.415793
02-28 09:09:49.742 13511 13544 D NavServiceProvider: Setting units automatically
02-28 09:09:49.744 13511 13544 D NavServiceProvider: Detecting stop. distance_d=6.323333. stop_type=1 speed=0.0
02-28 09:09:49.744 13511 13544 D NavigationTest: 18: (28.057769, -82.415739, 0.000000)	R:true  F:false
02-28 09:09:49.744 13511 13544 D NavigationTest: 19: (28.057769, -82.415739, 0.000000)	R:true  F:false
02-28 09:09:49.744 13511 13544 E NavigationTest: millis < 0: -8
02-28 09:09:49.744 13511 13544 D NavServiceProvider: Second to last stop coordinates: 28.0578, -82.415793
02-28 09:09:49.745 13511 13544 D NavServiceProvider: Setting units automatically
02-28 09:09:49.746 13511 13544 D NavServiceProvider: Detecting stop. distance_d=6.0611653. stop_type=1 speed=0.0
02-28 09:09:49.746 13511 13544 D NavigationTest: 20: (28.057768, -82.415743, 0.000000)	R:true  F:false
02-28 09:09:49.746 13511 13544 D NavigationTest: 21: (28.057768, -82.415743, 0.000000)	R:true  F:false
02-28 09:09:49.755 13511 13544 D NavServiceProvider: Second to last stop coordinates: 28.0578, -82.415793
02-28 09:09:49.755 13511 13544 D NavServiceProvider: Setting units automatically
02-28 09:09:49.757 13511 13544 D NavServiceProvider: Detecting stop. distance_d=6.0480733. stop_type=1 speed=0.0
02-28 09:09:49.757 13511 13544 D NavigationTest: 22: (28.057767, -82.415744, 0.000000)	R:true  F:false
02-28 09:09:49.757 13511 13544 D NavServiceProvider: Second to last stop coordinates: 28.0578, -82.415793
02-28 09:09:49.757 13511 13544 D NavServiceProvider: Setting units automatically
02-28 09:09:49.759 13511 13544 D NavServiceProvider: Detecting stop. distance_d=5.9620805. stop_type=1 speed=0.0
02-28 09:09:49.759 13511 13544 D NavigationTest: 23: (28.057766, -82.415746, 0.000000)	R:true  F:false
02-28 09:09:49.759 13511 13544 D NavigationTest: 24: (28.057766, -82.415746, 0.000000)	R:true  F:false
02-28 09:09:49.759 13511 13544 D NavigationTest: 25: (28.057766, -82.415746, 0.000000)	R:true  F:false
02-28 09:09:49.759 13511 13544 D NavServiceProvider: Second to last stop coordinates: 28.0578, -82.415793
02-28 09:09:49.759 13511 13544 D NavServiceProvider: Setting units automatically
02-28 09:09:49.760 13511 13544 D NavServiceProvider: Detecting stop. distance_d=5.9098263. stop_type=1 speed=0.0
02-28 09:09:49.760 13511 13544 D NavigationTest: 26: (28.057761, -82.415752, 0.000000)	R:true  F:false
02-28 09:09:49.761 13511 13544 D NavigationTest: 27: (28.057761, -82.415752, 0.000000)	R:true  F:false
02-28 09:09:49.761 13511 13544 D NavServiceProvider: Second to last stop coordinates: 28.0578, -82.415793
02-28 09:09:49.761 13511 13544 D NavServiceProvider: Setting units automatically
02-28 09:09:49.762 13511 13544 D NavServiceProvider: Detecting stop. distance_d=5.8822184. stop_type=1 speed=0.0
02-28 09:09:49.762 13511 13544 D NavigationTest: 28: (28.057759, -82.415755, 0.000000)	R:true  F:false
02-28 09:09:49.762 13511 13544 D NavigationTest: 29: (28.057759, -82.415755, 0.000000)	R:true  F:false
02-28 09:09:49.762 13511 13544 D NavigationTest: 30: (28.057759, -82.415755, 0.000000)	R:true  F:false
02-28 09:09:49.762 13511 13544 D NavServiceProvider: Second to last stop coordinates: 28.0578, -82.415793
02-28 09:09:49.763 13511 13544 D NavServiceProvider: Setting units automatically
02-28 09:09:49.764 13511 13544 D NavServiceProvider: Detecting stop. distance_d=5.9117465. stop_type=1 speed=0.0
02-28 09:09:49.764 13511 13544 D NavigationTest: 31: (28.057756, -82.415759, 0.000000)	R:true  F:false
02-28 09:09:49.765 13511 13544 D NavigationTest: 32: (28.057756, -82.415759, 0.000000)	R:true  F:false
02-28 09:09:49.765 13511 13544 D NavServiceProvider: Second to last stop coordinates: 28.0578, -82.415793
02-28 09:09:49.765 13511 13544 D NavServiceProvider: Setting units automatically
02-28 09:09:49.766 13511 13544 D NavServiceProvider: Detecting stop. distance_d=6.136283. stop_type=1 speed=0.0
02-28 09:09:49.767 13511 13544 D NavigationTest: 33: (28.057753, -82.415760, 0.000000)	R:true  F:false
02-28 09:09:49.767 13511 13544 D NavigationTest: 34: (28.057753, -82.415760, 0.000000)	R:true  F:false
02-28 09:09:49.767 13511 13544 D NavServiceProvider: Second to last stop coordinates: 28.0578, -82.415793
02-28 09:09:49.767 13511 13544 D NavServiceProvider: Setting units automatically
02-28 09:09:49.768 13511 13544 D NavServiceProvider: Detecting stop. distance_d=6.2756467. stop_type=1 speed=0.0
02-28 09:09:49.768 13511 13544 D NavigationTest: 35: (28.057751, -82.415761, 0.000000)	R:true  F:false
02-28 09:09:49.768 13511 13544 D NavigationTest: 36: (28.057751, -82.415761, 0.000000)	R:true  F:false
02-28 09:09:49.768 13511 13544 D NavServiceProvider: Second to last stop coordinates: 28.0578, -82.415793
02-28 09:09:49.769 13511 13544 D NavServiceProvider: Setting units automatically
02-28 09:09:49.770 13511 13544 D NavServiceProvider: Detecting stop. distance_d=6.32382. stop_type=1 speed=0.0
02-28 09:09:49.770 13511 13544 D NavigationTest: 37: (28.057750, -82.415762, 0.000000)	R:true  F:false
02-28 09:09:49.770 13511 13544 D NavigationTest: 38: (28.057750, -82.415762, 0.000000)	R:true  F:false
02-28 09:09:49.770 13511 13544 D NavigationTest: 39: (28.057750, -82.415762, 0.000000)	R:true  F:false
02-28 09:09:49.770 13511 13544 D NavServiceProvider: Second to last stop coordinates: 28.0578, -82.415793
02-28 09:09:49.771 13511 13544 D NavServiceProvider: Setting units automatically
02-28 09:09:49.772   871   871 D msm8974_platform: platform_split_snd_device: snd_device(2) num devices(1) new_snd_devices(0)
02-28 09:09:49.772   871   871 D ACDB-LOADER: ACDB -> send_audvoltable
02-28 09:09:49.772   871   871 D ACDB-LOADER: ACDB -> ACDB_CMD_GET_AUDPROC_VOL_STEP_TABLE_SIZE
02-28 09:09:49.772   871   871 D ACDB-LOADER: ACDB -> ACDB_CMD_GET_AUDPROC_GAIN_DEP_STEP_TABLE, vol index 0
02-28 09:09:49.772   871   871 D         : Failed to fetch the lookup information of the device 0000000F
02-28 09:09:49.772   871   871 E ACDB-LOADER: Error: ACDB AudProc vol returned = -19
02-28 09:09:49.772   871   871 D ACDB-LOADER: ACDB -> AUDIO_SET_VOL_CAL cal type = 40
02-28 09:09:49.772 13511 13544 D NavServiceProvider: Detecting stop. distance_d=6.2058372. stop_type=1 speed=0.5
02-28 09:09:49.772 13511 13544 D NavigationTest: 40: (28.057754, -82.415757, 0.500000)	R:true  F:false
02-28 09:09:49.772 13511 13544 D NavigationTest: 41: (28.057754, -82.415757, 0.500000)	R:true  F:false
02-28 09:09:49.772 13511 13544 D NavServiceProvider: Second to last stop coordinates: 28.0578, -82.415793
02-28 09:09:49.773   871   871 D msm8974_platform: platform_split_snd_device: snd_device(2) num devices(1) new_snd_devices(0)
02-28 09:09:49.773 13511 13544 D NavServiceProvider: Setting units automatically
02-28 09:09:49.774 13511 13544 D NavServiceProvider: Detecting stop. distance_d=5.761732. stop_type=1 speed=0.5
02-28 09:09:49.774 13511 13544 D NavigationTest: 42: (28.057762, -82.415753, 0.500000)	R:true  F:false
02-28 09:09:49.774 13511 13544 D NavigationTest: 43: (28.057762, -82.415753, 0.500000)	R:true  F:false
02-28 09:09:49.774 13511 13544 D NavServiceProvider: Second to last stop coordinates: 28.0578, -82.415793
02-28 09:09:49.775 13511 13544 D NavServiceProvider: Setting units automatically
02-28 09:09:49.775   871   871 V EffectDiracSound: DiracSound_command() start, cmdCode=20
02-28 09:09:49.775   871   871 V EffectDiracSound: DiracSound_Command EFFECT_CMD_OFFLOAD
02-28 09:09:49.776   871   871 V EffectDiracSound: DiracSound_command() start, cmdCode=1
02-28 09:09:49.776   871   871 V EffectDiracSound: DiracSound_setConfig start
02-28 09:09:49.776   871   871 I EffectDiracSound: DiracSound_updateState(), enable=0, hifi=0, device=0x2, headset=5, samplingRate=48000
02-28 09:09:49.776   871   871 I EffectDiracSound: DiracSound_updateState(), mode=0, music=0, movie=0, reset=0
02-28 09:09:49.776   871   871 I EffectDiracSound: DiracSound_updateState(), Speaker Movie/Stereo Mode is not supported. Stop update state.
02-28 09:09:49.776   871   871 W EffectHAL: Effect 0xe4b38cd0 command SET_CONFIG returned status: Invalid argument
02-28 09:09:49.776 13511 13544 D NavServiceProvider: Detecting stop. distance_d=5.221662. stop_type=1 speed=0.5
02-28 09:09:49.776   871   911 V EffectDiracSound: DiracSound_command() start, cmdCode=1
02-28 09:09:49.776 13511 13544 D NavigationTest: 44: (28.057769, -82.415753, 0.500000)	R:true  F:false
02-28 09:09:49.776   871   911 V EffectDiracSound: DiracSound_setConfig start
02-28 09:09:49.776   871   911 I EffectDiracSound: DiracSound_updateState(), enable=0, hifi=0, device=0x2, headset=5, samplingRate=48000
02-28 09:09:49.776   871   911 I EffectDiracSound: DiracSound_updateState(), mode=0, music=0, movie=0, reset=0
02-28 09:09:49.776 13511 13544 D NavigationTest: 45: (28.057769, -82.415753, 0.500000)	R:true  F:false
02-28 09:09:49.776   871   911 I EffectDiracSound: DiracSound_updateState(), Speaker Movie/Stereo Mode is not supported. Stop update state.
02-28 09:09:49.776 13511 13544 E NavigationTest: millis < 0: -8
02-28 09:09:49.776   871   911 V EffectDiracSound: DiracSound_command() start, cmdCode=9
02-28 09:09:49.776 13511 13544 D NavServiceProvider: Second to last stop coordinates: 28.0578, -82.415793
02-28 09:09:49.776   871   911 V EffectDiracSound: DiracSound_Command EFFECT_CMD_SET_DEVICE: 0x00000002
02-28 09:09:49.776   871  1408 V EffectDiracSound: DiracSound_command() start, cmdCode=11
02-28 09:09:49.776   871  1408 V EffectDiracSound: DiracSound_Command EFFECT_CMD_SET_AUDIO_MODE: 0
02-28 09:09:49.776 13511 13544 D NavServiceProvider: Setting units automatically
02-28 09:09:49.778 13511 13544 D NavServiceProvider: Detecting stop. distance_d=4.717831. stop_type=1 speed=0.5
02-28 09:09:49.778 13511 13544 D NavigationTest: 46: (28.057774, -82.415755, 0.500000)	R:true  F:false
02-28 09:09:49.778 13511 13544 D NavigationTest: 47: (28.057774, -82.415755, 0.500000)	R:true  F:false
02-28 09:09:49.778 13511 13544 D NavigationTest: 48: (28.057774, -82.415755, 0.500000)	R:true  F:false
02-28 09:09:49.778 13511 13544 D NavigationTest: 49: (28.057774, -82.415755, 0.500000)	R:true  F:false
02-28 09:09:49.786 13511 13544 D NavServiceProvider: Second to last stop coordinates: 28.0578, -82.415793
02-28 09:09:49.787 13511 13544 D NavServiceProvider: Setting units automatically
02-28 09:09:49.789 13511 13544 D NavServiceProvider: Detecting stop. distance_d=4.2715774. stop_type=1 speed=0.5
02-28 09:09:49.789 13511 13544 D NavigationTest: 50: (28.057776, -82.415759, 0.500000)	R:true  F:false
02-28 09:09:49.789 13511 13544 D NavServiceProvider: Second to last stop coordinates: 28.0578, -82.415793
02-28 09:09:49.789 13511 13544 D NavServiceProvider: Setting units automatically
02-28 09:09:49.790 13511 13544 D NavServiceProvider: Detecting stop. distance_d=3.0967255. stop_type=1 speed=0.5
02-28 09:09:49.791 13511 13544 D NavigationTest: 51: (28.057783, -82.415768, 0.500000)	R:true  F:false
02-28 09:09:49.791 13511 13544 D NavigationTest: 52: (28.057783, -82.415768, 0.500000)	R:true  F:false
02-28 09:09:49.791 13511 13544 E NavigationTest: millis < 0: -8
02-28 09:09:49.791 13511 13544 D NavServiceProvider: Second to last stop coordinates: 28.0578, -82.415793
02-28 09:09:49.791 13511 13544 D NavServiceProvider: Setting units automatically
02-28 09:09:49.792 13511 13544 D NavServiceProvider: Detecting stop. distance_d=2.3431304. stop_type=1 speed=0.5
02-28 09:09:49.792 13511 13544 D NavigationTest: 53: (28.057790, -82.415772, 0.500000)	R:true  F:false
02-28 09:09:49.792 13511 13544 D NavigationTest: 54: (28.057790, -82.415772, 0.500000)	R:true  F:false
02-28 09:09:49.801 13511 13544 D NavServiceProvider: Second to last stop coordinates: 28.0578, -82.415793
02-28 09:09:49.801 13511 13544 D NavServiceProvider: Setting units automatically
02-28 09:09:49.803 13511 13544 D NavServiceProvider: Detecting stop. distance_d=2.075575. stop_type=1 speed=0.5
02-28 09:09:49.804 13511 13544 D NavigationTest: 55: (28.057794, -82.415773, 0.500000)	R:true  F:false
02-28 09:09:49.804 13511 13544 D NavServiceProvider: Second to last stop coordinates: 28.0578, -82.415793
02-28 09:09:49.804 13511 13544 D NavServiceProvider: Setting units automatically
02-28 09:09:49.806 13511 13544 D NavServiceProvider: Detecting stop. distance_d=3.2461002. stop_type=1 speed=1.0
02-28 09:09:49.806 13511 13544 D NavigationTest: 56: (28.057799, -82.415760, 1.000000)	R:true  F:false
02-28 09:09:49.806 13511 13544 D NavigationTest: 57: (28.057799, -82.415760, 1.000000)	R:true  F:false
02-28 09:09:49.806 13511 13544 D NavServiceProvider: Second to last stop coordinates: 28.0578, -82.415793
02-28 09:09:49.807 13511 13544 D NavServiceProvider: Setting units automatically
02-28 09:09:49.809 13511 13544 D NavServiceProvider: Detecting stop. distance_d=4.720149. stop_type=1 speed=1.0
02-28 09:09:49.809 13511 13544 D NavigationTest: 58: (28.057799, -82.415745, 1.000000)	R:true  F:false
02-28 09:09:49.809 13511 13544 D NavigationTest: 59: (28.057799, -82.415745, 1.000000)	R:true  F:false
02-28 09:09:49.809 13511 13544 D NavServiceProvider: Second to last stop coordinates: 28.0578, -82.415793
02-28 09:09:49.810 13511 13544 D NavServiceProvider: Setting units automatically
02-28 09:09:49.811 13511 13544 D NavServiceProvider: Detecting stop. distance_d=5.801309. stop_type=1 speed=1.0
02-28 09:09:49.811 13511 13544 D NavigationTest: 60: (28.057799, -82.415734, 1.000000)	R:true  F:false
02-28 09:09:49.811 13511 13544 D NavServiceProvider: Second to last stop coordinates: 28.0578, -82.415793
02-28 09:09:49.811 13511 13544 D NavServiceProvider: Setting units automatically
02-28 09:09:49.813 13511 13544 D NavServiceProvider: Detecting stop. distance_d=13.6213455. stop_type=1 speed=4.75
02-28 09:09:49.813 13511 13544 D NavigationTest: 61: (28.057789, -82.415655, 4.750000)	R:true  F:false
02-28 09:09:49.813 13511 13544 D NavigationTest: 62: (28.057789, -82.415655, 4.750000)	R:true  F:false
02-28 09:09:49.813 13511 13544 D NavServiceProvider: Second to last stop coordinates: 28.0578, -82.415793
02-28 09:09:49.813 13511 13544 D NavServiceProvider: Setting units automatically
02-28 09:09:49.814 13511 13544 D NavServiceProvider: Detecting stop. distance_d=25.403927. stop_type=1 speed=7.25
02-28 09:09:49.814 13511 13544 D NavServiceProvider: Case 2: false
02-28 09:09:49.815 13511 13544 D NavigationTest: 63: (28.057742, -82.415543, 7.250000)	R:true  F:false
02-28 09:09:49.815 13511 13544 D NavServiceProvider: Second to last stop coordinates: 28.0578, -82.415793
02-28 09:09:49.815 13511 13544 D NavServiceProvider: Setting units automatically
02-28 09:09:49.816 13511 13544 D NavServiceProvider: Detecting stop. distance_d=32.749203. stop_type=1 speed=7.25
02-28 09:09:49.816 13511 13544 D NavServiceProvider: Case 5: true
02-28 09:09:49.816 13511 13544 D NavServiceProvider: Proximity Event fired
02-28 09:09:49.816 13511 13544 D NavServiceProvider: Checking if path has more path links left to be navigated
02-28 09:09:49.817 13511 13544 D NavServiceProvider: PathLink index: 0 Number of PathLinks: 1
02-28 09:09:49.817 13511 13544 D NavServiceProvider: %%%%%%N%%%%%%%%% No more PathLinks left in Path %%%%%%%%%%%%%%%%%%%%%
02-28 09:09:49.817 13511 13544 D NavServiceProvider: Got to last stop
02-28 09:09:49.817 13511 13544 D NavServiceProvider: Alert 1 screen before last stop
02-28 09:09:49.817 13511 13544 D NavServiceProvider: Calling destination reached...
02-28 09:09:49.820 13579 13612 W EventProcessor: callback.start() returned error code: -1
02-28 09:09:49.824 13511 13544 D NavServiceProvider: -----Get off the bus!
02-28 09:09:49.824 13511 13544 D NavigationTest: 64: (28.057721, -82.415472, 7.250000)	R:true  F:true
02-28 09:09:49.825 13511 13544 I System.out: O311C: INFO Log level changed: DEBUG
02-28 09:09:49.825 13511 13544 I System.out: O311C: INFO Dry run mode changed: true
02-28 09:09:49.825 13511 13544 W Application: Open311 issue reporting is in debug/dry run mode - no issues will be submitted.
02-28 09:09:49.825 13511 13544 I System.out: O311C: INFO clearOpen311
02-28 09:09:49.825 13511 13544 I TestRunner: finished: testTrip2C(org.onebusaway.android.nav.test.NavigationTest)
