02-28 09:09:29.088 13511 13544 D NavigationTest: 603: (28.075735, -82.426355, 0.000000)	R:false  F:false
02-28 09:09:29.088 13511 13544 D NavServiceProvider: Second to last stop coordinates: 28.07316, -82.426234
02-28 09:09:29.089 13511 13544 D NavServiceProvider: Setting units automatically
02-28 09:09:29.090 13511 13544 D NavServiceProvider: Detecting stop. distance_d=285.61093. stop_type=1 speed=0.0
02-28 09:09:29.090 13511 13544 D NavigationTest: 604: (28.075735, -82.426355, 0.000000)	R:false  F:false
02-28 09:09:29.090 13511 13544 D NavigationTest: 605: (28.075735, -82.426355, 0.000000)	R:false  F:false
02-28 09:09:29.090 13511 13544 D NavServiceProvider: Second to last stop coordinates: 28.07316, -82.426234
02-28 09:09:29.090 13511 13544 D NavServiceProvider: Setting units automatically
02-28 09:09:29.092 13511 13544 D NavServiceProvider: Detecting stop. distance_d=285.61093. stop_type=1 speed=0.0
02-28 09:09:29.092 13511 13544 D NavigationTest: 606: (28.075735, -82.426355, 0.000000)	R:false  F:false
02-28 09:09:29.092 13511 13544 D NavigationTest: 607: (28.075735, -82.426355, 0.000000)	R:false  F:false
02-28 09:09:29.092 13511 13544 D NavigationTest: 608: (28.075735, -82.426355, 0.000000)	R:false  F:false
02-28 09:09:29.092 13511 13544 D NavServiceProvider: Second to last stop coordinates: 28.07316, -82.426234
02-28 09:09:29.092 13511 13544 D NavServiceProvider: Setting units automatically
02-28 09:09:29.093 13511 13544 D NavServiceProvider: Detecting stop. distance_d=285.61093. stop_type=1 speed=0.0
02-28 09:09:29.093 13511 13544 D NavigationTest: 609: (28.075735, -82.426355, 0.000000)	R:false  F:false
02-28 09:09:29.093 13511 13544 D NavigationTest: 610: (28.075735, -82.426355, 0.000000)	R:false  F:false
02-28 09:09:29.094 13511 13544 D NavServiceProvider: Second to last stop coordinates: 28.07316, -82.426234
02-28 09:09:29.094 13511 13544 D NavServiceProvider: Setting units automatically
02-28 09:09:29.096 13511 13544 D NavServiceProvider: Detecting stop. distance_d=285.61093. stop_type=1 speed=0.0
02-28 09:09:29.096 13511 13544 D NavigationTest: 611: (28.075735, -82.426355, 0.000000)	R:false  F:false
02-28 09:09:29.096 13511 13544 D NavServiceProvider: Second to last stop coordinates: 28.07316, -82.426234
02-28 09:09:29.096 13511 13544 D NavServiceProvider: Setting units automatically
02-28 09:09:29.098 13511 13544 D NavServiceProvider: Detecting stop. distance_d=285.61093. stop_type=1 speed=0.0
02-28 09:09:29.098 13511 13544 D NavigationTest: 612: (28.075735, -82.426355, 0.000000)	R:false  F:false
02-28 09:09:29.098 13511 13544 D NavServiceProvider: Second to last stop coordinates: 28.07316, -82.426234
02-28 09:09:29.098 13511 13544 D NavServiceProvider: Setting units automatically
02-28 09:09:29.100 13511 13544 D NavServiceProvider: Detecting stop. distance_d=285.61093. stop_type=1 speed=0.0
02-28 09:09:29.100 13511 13544 D NavigationTest: 613: (28.075735, -82.426355, 0.000000)	R:false  F:false
02-28 09:09:29.100 13511 13544 D NavigationTest: 614: (28.075735, -82.426355, 0.000000)	R:false  F:false
02-28 09:09:29.100 13511 13544 D NavServiceProvider: Second to last stop coordinates: 28.07316, -82.426234
02-28 09:09:29.100 13511 13544 D NavServiceProvider: Setting units automatically
02-28 09:09:29.102 13511 13544 D NavServiceProvider: Detecting stop. distance_d=285.61093. stop_type=1 speed=0.0
02-28 09:09:29.102 13511 13544 D NavigationTest: 615: (28.075735, -82.426355, 0.000000)	R:false  F:false
02-28 09:09:29.102 13511 13544 D NavServiceProvider: Second to last stop coordinates: 28.07316, -82.426234
02-28 09:09:29.102 13511 13544 D NavServiceProvider: Setting units automatically
02-28 09:09:29.104 13511 13544 D NavServiceProvider: Detecting stop. distance_d=285.61093. stop_type=1 speed=0.0
02-28 09:09:29.104 13511 13544 D NavigationTest: 616: (28.075735, -82.426355, 0.000000)	R:false  F:false
02-28 09:09:29.104 13511 13544 D NavigationTest: 617: (28.075735, -82.426355, 0.000000)	R:false  F:false
02-28 09:09:29.104 13511 13544 D NavServiceProvider: Second to last stop coordinates: 28.07316, -82.426234
02-28 09:09:29.104 13511 13544 D NavServiceProvider: Setting units automatically
02-28 09:09:29.105 13511 13544 D NavServiceProvider: Detecting stop. distance_d=285.61093. stop_type=1 speed=0.0
02-28 09:09:29.105 13511 13544 D NavigationTest: 618: (28.075735, -82.426355, 0.000000)	R:false  F:false
02-28 09:09:29.105 13511 13544 D NavServiceProvider: Second to last stop coordinates: 28.07316, -82.426234
02-28 09:09:29.106 13511 13544 D NavServiceProvider: Setting units automatically
02-28 09:09:29.107 13511 13544 D NavServiceProvider: Detecting stop. distance_d=285.61093. stop_type=1 speed=0.0
02-28 09:09:29.107 13511 13544 D NavigationTest: 619: (28.075735, -82.426355, 0.000000)	R:false  F:false
02-28 09:09:29.107 13511 13544 D NavigationTest: 620: (28.075735, -82.426355, 0.000000)	R:false  F:false
02-28 09:09:29.107 13511 13544 D NavServiceProvider: Second to last stop coordinates: 28.07316, -82.426234
02-28 09:09:29.107 13511 13544 D NavServiceProvider: Setting units automatically
02-28 09:09:29.109 13511 13544 D NavServiceProvider: Detecting stop. distance_d=285.61093. stop_type=1 speed=0.0
02-28 09:09:29.109 13511 13544 D NavigationTest: 621: (28.075735, -82.426355, 0.000000)	R:false  F:false
02-28 09:09:29.109 13511 13544 D NavigationTest: 622: (28.075735, -82.426355, 0.000000)	R:false  F:false
02-28 09:09:29.109 13511 13544 D NavServiceProvider: Second to last stop coordinates: 28.07316, -82.426234
02-28 09:09:29.109 13511 13544 D NavServiceProvider: Setting units automatically
02-28 09:09:29.111 13511 13544 D NavServiceProvider: Detecting stop. distance_d=285.61093. stop_type=1 speed=0.0
02-28 09:09:29.111 13511 13544 D NavigationTest: 623: (28.075735, -82.426355, 0.000000)	R:false  F:false
02-28 09:09:29.111 13511 13544 D NavigationTest: 624: (28.075735, -82.426355, 0.000000)	R:false  F:false
02-28 09:09:29.111 13511 13544 D NavServiceProvider: Second to last stop coordinates: 28.07316, -82.426234
02-28 09:09:29.111 13511 13544 D NavServiceProvider: Setting units automatically
02-28 09:09:29.112 13511 13544 D NavServiceProvider: Detecting stop. distance_d=285.61093. stop_type=1 speed=0.0
02-28 09:09:29.112 13511 13544 D NavigationTest: 625: (28.075735, -82.426355, 0.000000)	R:false  F:false
02-28 09:09:29.112 13511 13544 D NavServiceProvider: Second to last stop coordinates: 28.07316, -82.426234
02-28 09:09:29.113 13511 13544 D NavServiceProvider: Setting units automatically
02-28 09:09:29.114 13511 13544 D NavServiceProvider: Detecting stop. distance_d=285.61093. stop_type=1 speed=0.0
02-28 09:09:29.114 13511 13544 D NavigationTest: 626: (28.075735, -82.426355, 0.000000)	R:false  F:false
02-28 09:09:29.114 13511 13544 D NavServiceProvider: Second to last stop coordinates: 28.07316, -82.426234
02-28 09:09:29.114 13511 13544 D NavServiceProvider: Setting units automatically
02-28 09:09:29.116 13511 13544 D NavServiceProvider: Detecting stop. distance_d=285.61093. stop_type=1 speed=0.0
02-28 09:09:29.116 13511 13544 D NavigationTest: 627: (28.075735, -82.426355, 0.000000)	R:false  F:false
02-28 09:09:29.116 13511 13544 D NavigationTest: 628: (28.075735, -82.426355, 0.000000)	R:false  F:false
02-28 09:09:29.116 13511 13544 D NavServiceProvider: Second to last stop coordinates: 28.07316, -82.426234
02-28 09:09:29.116 13511 13544 D NavServiceProvider: Setting units automatically
02-28 09:09:29.117 13511 13544 D NavServiceProvider: Detecting stop. distance_d=285.61093. stop_type=1 speed=0.0
02-28 09:09:29.117 13511 13544 D NavigationTest: 629: (28.075735, -82.426355, 0.000000)	R:false  F:false
02-28 09:09:29.117 13511 13544 D NavServiceProvider: Second to last stop coordinates: 28.07316, -82.426234
02-28 09:09:29.118 13511 13544 D NavServiceProvider: Setting units automatically
02-28 09:09:29.119 13511 13544 D NavServiceProvider: Detecting stop. distance_d=285.61093. stop_type=1 speed=0.0
02-28 09:09:29.119 13511 13544 D NavigationTest: 630: (28.075735, -82.426355, 0.000000)	R:false  F:false
02-28 09:09:29.119 13511 13544 D NavigationTest: 631: (28.075735, -82.426355, 0.000000)	R:false  F:false
02-28 09:09:29.119 13511 13544 D NavServiceProvider: Second to last stop coordinates: 28.07316, -82.426234
02-28 09:09:29.120 13511 13544 D NavServiceProvider: Setting units automatically
02-28 09:09:29.121 13511 13544 D NavServiceProvider: Detecting stop. distance_d=285.61093. stop_type=1 speed=0.0
02-28 09:09:29.121 13511 13544 D NavigationTest: 632: (28.075735, -82.426355, 0.000000)	R:false  F:false
02-28 09:09:29.121 13511 13544 D NavigationTest: 633: (28.075735, -82.426355, 0.000000)	R:false  F:false
02-28 09:09:29.121 13511 13544 D NavServiceProvider: Second to last stop coordinates: 28.07316, -82.426234
02-28 09:09:29.122 13511 13544 D NavServiceProvider: Setting units automatically
02-28 09:09:29.123 13511 13544 D NavServiceProvider: Detecting stop. distance_d=285.61093. stop_type=1 speed=0.0
02-28 09:09:29.123 13511 13544 D NavigationTest: 634: (28.075735, -82.426355, 0.000000)	R:false  F:false
02-28 09:09:29.123 13511 13544 D NavigationTest: 635: (28.075735, -82.426355, 0.000000)	R:false  F:false
02-28 09:09:29.123 13511 13544 D NavServiceProvider: Second to last stop coordinates: 28.07316, -82.426234
02-28 09:09:29.124 13511 13544 D NavServiceProvider: Setting units automatically
02-28 09:09:29.125 13511 13544 D NavServiceProvider: Detecting stop. distance_d=285.61093. stop_type=1 speed=0.0
02-28 09:09:29.125 13511 13544 D NavigationTest: 636: (28.075735, -82.426355, 0.000000)	R:false  F:false
02-28 09:09:29.125 13511 13544 D NavServiceProvider: Second to last stop coordinates: 28.07316, -82.426234
02-28 09:09:29.125 13511 13544 D NavServiceProvider: Setting units automatically
02-28 09:09:29.127 13511 13544 D NavServiceProvider: Detecting stop. distance_d=285.61093. stop_type=1 speed=0.0
02-28 09:09:29.127 13511 13544 D NavigationTest: 637: (28.075735, -82.426355, 0.000000)	R:false  F:false
02-28 09:09:29.127 13511 13544 D NavigationTest: 638: (28.075735, -82.426355, 0.000000)	R:false  F:false
02-28 09:09:29.127 13511 13544 D NavServiceProvider: Second to last stop coordinates: 28.07316, -82.426234
02-28 09:09:29.127 13511 13544 D NavServiceProvider: Setting units automatically
02-28 09:09:29.128 13511 13544 D NavServiceProvider: Detecting stop. distance_d=285.61093. stop_type=1 speed=0.0
02-28 09:09:29.129 13511 13544 D NavigationTest: 639: (28.075735, -82.426355, 0.000000)	R:false  F:false
02-28 09:09:29.129 13511 13544 D NavigationTest: 640: (28.075735, -82.426355, 0.000000)	R:false  F:false
02-28 09:09:29.129 13511 13544 D NavServiceProvider: Second to last stop coordinates: 28.07316, -82.426234
02-28 09:09:29.129 13511 13544 D NavServiceProvider: Setting units automatically
02-28 09:09:29.130 13511 13544 D NavServiceProvider: Detecting stop. distance_d=285.61093. stop_type=1 speed=0.0
02-28 09:09:29.130 13511 13544 D NavigationTest: 641: (28.075735, -82.426355, 0.000000)	R:false  F:false
02-28 09:09:29.131 13511 13544 D NavigationTest: 642: (28.075735, -82.426355, 0.000000)	R:false  F:false
02-28 09:09:29.131 13511 13544 D NavServiceProvider: Second to last stop coordinates: 28.07316, -82.426234
02-28 09:09:29.131 13511 13544 D NavServiceProvider: Setting units automatically
02-28 09:09:29.132 13511 13544 D NavServiceProvider: Detecting stop. distance_d=285.61093. stop_type=1 speed=0.0
02-28 09:09:29.132 13511 13544 D NavigationTest: 643: (28.075735, -82.426355, 0.000000)	R:false  F:false
02-28 09:09:29.132 13511 13544 D NavServiceProvider: Second to last stop coordinates: 28.07316, -82.426234
02-28 09:09:29.133 13511 13544 D NavServiceProvider: Setting units automatically
02-28 09:09:29.134 13511 13544 D NavServiceProvider: Detecting stop. distance_d=285.61093. stop_type=1 speed=0.0
02-28 09:09:29.134 13511 13544 D NavigationTest: 644: (28.075735, -82.426355, 0.000000)	R:false  F:false
02-28 09:09:29.134 13511 13544 D NavigationTest: 645: (28.075735, -82.426355, 0.000000)	R:false  F:false
02-28 09:09:29.134 13511 13544 D NavServiceProvider: Second to last stop coordinates: 28.07316, -82.426234
02-28 09:09:29.134 13511 13544 D NavServiceProvider: Setting units automatically
02-28 09:09:29.135 13511 13544 D NavServiceProvider: Detecting stop. distance_d=285.61093. stop_type=1 speed=0.0
02-28 09:09:29.135 13511 13544 D NavigationTest: 646: (28.075735, -82.426355, 0.000000)	R:false  F:false
02-28 09:09:29.135 13511 13544 D NavigationTest: 647: (28.075735, -82.426355, 0.000000)	R:false  F:false
02-28 09:09:29.136 13511 13544 D NavServiceProvider: Second to last stop coordinates: 28.07316, -82.426234
02-28 09:09:29.136 13511 13544 D NavServiceProvider: Setting units automatically
02-28 09:09:29.137 13511 13544 D NavServiceProvider: Detecting stop. distance_d=285.61093. stop_type=1 speed=0.0
02-28 09:09:29.137 13511 13544 D NavigationTest: 648: (28.075735, -82.426355, 0.000000)	R:false  F:false
02-28 09:09:29.137 13511 13544 D NavServiceProvider: Second to last stop coordinates: 28.07316, -82.426234
02-28 09:09:29.137 13511 13544 D NavServiceProvider: Setting units automatically
02-28 09:09:29.139 13511 13544 D NavServiceProvider: Detecting stop. distance_d=285.61093. stop_type=1 speed=0.0
02-28 09:09:29.139 13511 13544 D NavigationTest: 649: (28.075735, -82.426355, 0.000000)	R:false  F:false
02-28 09:09:29.139 13511 13544 D NavigationTest: 650: (28.075735, -82.426355, 0.000000)	R:false  F:false
02-28 09:09:29.139 13511 13544 D NavServiceProvider: Second to last stop coordinates: 28.07316, -82.426234
02-28 09:09:29.139 13511 13544 D NavServiceProvider: Setting units automatically
02-28 09:09:29.141 13511 13544 D NavServiceProvider: Detecting stop. distance_d=285.61093. stop_type=1 speed=0.0
02-28 09:09:29.141 13511 13544 D NavigationTest: 651: (28.075735, -82.426355, 0.000000)	R:false  F:false
02-28 09:09:29.141 13511 13544 D NavigationTest: 652: (28.075735, -82.426355, 0.000000)	R:false  F:false
02-28 09:09:29.141 13511 13544 D NavServiceProvider: Second to last stop coordinates: 28.07316, -82.426234
02-28 09:09:29.141 13511 13544 D NavServiceProvider: Setting units automatically
02-28 09:09:29.143 13511 13544 D NavServiceProvider: Detecting stop. distance_d=285.61093. stop_type=1 speed=0.0
02-28 09:09:29.143 13511 13544 D NavigationTest: 653: (28.075735, -82.426355, 0.000000)	R:false  F:false
02-28 09:09:29.143 13511 13544 D NavServiceProvider: Second to last stop coordinates: 28.07316, -82.426234
02-28 09:09:29.143 13511 13544 D NavServiceProvider: Setting units automatically
02-28 09:09:29.149 13511 13544 D NavServiceProvider: Detecting stop. distance_d=285.61093. stop_type=1 speed=0.0
02-28 09:09:29.149 13511 13544 D NavigationTest: 654: (28.075735, -82.426355, 0.000000)	R:false  F:false
02-28 09:09:29.149 13511 13544 D NavigationTest: 655: (28.075735, -82.426355, 0.000000)	R:false  F:false
02-28 09:09:29.149 13511 13544 D NavServiceProvider: Second to last stop coordinates: 28.07316, -82.426234
02-28 09:09:29.150 13511 13544 D NavServiceProvider: Setting units automatically
02-28 09:09:29.151 13511 13544 D NavServiceProvider: Detecting stop. distance_d=285.61093. stop_type=1 speed=0.0
02-28 09:09:29.151 13511 13544 D NavigationTest: 656: (28.075735, -82.426355, 0.000000)	R:false  F:false
02-28 09:09:29.151 13511 13544 D NavServiceProvider: Second to last stop coordinates: 28.07316, -82.426234
02-28 09:09:29.152 13511 13544 D NavServiceProvider: Setting units automatically
02-28 09:09:29.153 13511 13544 D NavServiceProvider: Detecting stop. distance_d=285.61093. stop_type=1 speed=0.0
02-28 09:09:29.153 13511 13544 D NavigationTest: 657: (28.075735, -82.426355, 0.000000)	R:false  F:false
02-28 09:09:29.153 13511 13544 D NavigationTest: 658: (28.075735, -82.426355, 0.000000)	R:false  F:false
02-28 09:09:29.153 13511 13544 D NavServiceProvider: Second to last stop coordinates: 28.07316, -82.426234
02-28 09:09:29.154 13511 13544 D NavServiceProvider: Setting units automatically
02-28 09:09:29.155 13511 13544 D NavServiceProvider: Detecting stop. distance_d=285.61093. stop_type=1 speed=0.0
02-28 09:09:29.155 13511 13544 D NavigationTest: 659: (28.075735, -82.426355, 0.000000)	R:false  F:false
02-28 09:09:29.155 13511 13544 D NavServiceProvider: Second to last stop coordinates: 28.07316, -82.426234
02-28 09:09:29.155 13511 13544 D NavServiceProvider: Setting units automatically
02-28 09:09:29.156 13511 13544 D NavServiceProvider: Detecting stop. distance_d=285.61093. stop_type=1 speed=0.0
02-28 09:09:29.157 13511 13544 D NavigationTest: 660: (28.075735, -82.426355, 0.000000)	R:false  F:false
02-28 09:09:29.157 13511 13544 D NavServiceProvider: Second to last stop coordinates: 28.07316, -82.426234
02-28 09:09:29.157 13511 13544 D NavServiceProvider: Setting units automatically
02-28 09:09:29.158 13511 13544 D NavServiceProvider: Detecting stop. distance_d=285.61093. stop_type=1 speed=0.0
02-28 09:09:29.158 13511 13544 D NavigationTest: 661: (28.075735, -82.426355, 0.000000)	R:false  F:false
02-28 09:09:29.158 13511 13544 D NavServiceProvider: Second to last stop coordinates: 28.07316, -82.426234
02-28 09:09:29.159 13511 13544 D NavServiceProvider: Setting units automatically
02-28 09:09:29.160 13511 13544 D NavServiceProvider: Detecting stop. distance_d=285.61093. stop_type=1 speed=0.0
02-28 09:09:29.160 13511 13544 D NavigationTest: 662: (28.075735, -82.426355, 0.000000)	R:false  F:false
02-28 09:09:29.160 13511 13544 D NavServiceProvider: Second to last stop coordinates: 28.07316, -82.426234
02-28 09:09:29.161 13511 13544 D NavServiceProvider: Setting units automatically
02-28 09:09:29.162 13511 13544 D NavServiceProvider: Detecting stop. distance_d=285.61093. stop_type=1 speed=0.0
02-28 09:09:29.162 13511 13544 D NavigationTest: 663: (28.075735, -82.426355, 0.000000)	R:false  F:false
02-28 09:09:29.163 13511 13544 D NavServiceProvider: Second to last stop coordinates: 28.07316, -82.426234
02-28 09:09:29.163 13511 13544 D NavServiceProvider: Setting units automatically
02-28 09:09:29.165 13511 13544 D NavServiceProvider: Detecting stop. distance_d=285.61093. stop_type=1 speed=0.0
02-28 09:09:29.165 13511 13544 D NavigationTest: 664: (28.075735, -82.426355, 0.000000)	R:false  F:false
02-28 09:09:29.165 13511 13544 D NavServiceProvider: Second to last stop coordinates: 28.07316, -82.426234
02-28 09:09:29.166 13511 13544 D NavServiceProvider: Setting units automatically
02-28 09:09:29.167 13511 13544 D NavServiceProvider: Detecting stop. distance_d=285.61093. stop_type=1 speed=0.0
02-28 09:09:29.167 13511 13544 D NavigationTest: 665: (28.075735, -82.426355, 0.000000)	R:false  F:false
02-28 09:09:29.167 13511 13544 D NavigationTest: 666: (28.075735, -82.426355, 0.000000)	R:false  F:false
02-28 09:09:29.168 13511 13544 D NavServiceProvider: Second to last stop coordinates: 28.07316, -82.426234
02-28 09:09:29.168 13511 13544 D NavServiceProvider: Setting units automatically
02-28 09:09:29.170 13511 13544 D NavServiceProvider: Detecting stop. distance_d=285.61093. stop_type=1 speed=0.0
02-28 09:09:29.170 13511 13544 D NavigationTest: 667: (28.075735, -82.426355, 0.000000)	R:false  F:false
02-28 09:09:29.170 13511 13544 D NavServiceProvider: Second to last stop coordinates: 28.07316, -82.426234
02-28 09:09:29.171 13511 13544 D NavServiceProvider: Setting units automatically
02-28 09:09:29.171 13579 13623 I tflite  : Replacing 301 node(s) with delegate (TfLiteXNNPackDelegate) node, yielding 1 partitions.
02-28 09:09:29.172 13511 13544 D NavServiceProvider: Detecting stop. distance_d=285.61093. stop_type=1 speed=0.0
02-28 09:09:29.173 13511 13544 D NavigationTest: 668: (28.075735, -82.426355, 0.000000)	R:false  F:false
02-28 09:09:29.173 13511 13544 D NavigationTest: 669: (28.075735, -82.426355, 0.000000)	R:false  F:false
02-28 09:09:29.173 13511 13544 D NavigationTest: 670: (28.075735, -82.426355, 0.000000)	R:false  F:false
02-28 09:09:29.173 13511 13544 D NavigationTest: 671: (28.075735, -82.426355, 0.000000)	R:false  F:false
02-28 09:09:29.173 13511 13544 D NavServiceProvider: Second to last stop coordinates: 28.07316, -82.426234
02-28 09:09:29.173 13511 13544 D NavServiceProvider: Setting units automatically
02-28 09:09:29.175 13511 13544 D NavServiceProvider: Detecting stop. distance_d=285.61093. stop_type=1 speed=0.0
02-28 09:09:29.175 13511 13544 D NavigationTest: 672: (28.075735, -82.426355, 0.000000)	R:false  F:false
02-28 09:09:29.175 13511 13544 D NavigationTest: 673: (28.075735, -82.426355, 0.000000)	R:false  F:false
02-28 09:09:29.175 13511 13544 D NavServiceProvider: Second to last stop coordinates: 28.07316, -82.426234
02-28 09:09:29.176 13511 13544 D NavServiceProvider: Setting units automatically
02-28 09:09:29.178 13511 13544 D NavServiceProvider: Detecting stop. distance_d=285.61093. stop_type=1 speed=0.0
02-28 09:09:29.178 13511 13544 D NavigationTest: 674: (28.075735, -82.426355, 0.000000)	R:false  F:false
02-28 09:09:29.178 13511 13544 D NavServiceProvider: Second to last stop coordinates: 28.07316, -82.426234
02-28 09:09:29.178 13511 13544 D NavServiceProvider: Setting units automatically
02-28 09:09:29.180 13511 13544 D NavServiceProvider: Detecting stop. distance_d=285.61093. stop_type=1 speed=0.0
02-28 09:09:29.180 13511 13544 D NavigationTest: 675: (28.075735, -82.426355, 0.000000)	R:false  F:false
02-28 09:09:29.180 13511 13544 D NavServiceProvider: Second to last stop coordinates: 28.07316, -82.426234
02-28 09:09:29.181 13511 13544 D NavServiceProvider: Setting units automatically
02-28 09:09:29.182 13511 13544 D NavServiceProvider: Detecting stop. distance_d=285.61093. stop_type=1 speed=0.0
02-28 09:09:29.182 13511 13544 D NavigationTest: 676: (28.075735, -82.426355, 0.000000)	R:false  F:false
02-28 09:09:29.182 13511 13544 D NavigationTest: 677: (28.075735, -82.426355, 0.000000)	R:false  F:false
02-28 09:09:29.182 13511 13544 D NavServiceProvider: Second to last stop coordinates: 28.07316, -82.426234
02-28 09:09:29.183 13511 13544 D NavServiceProvider: Setting units automatically
02-28 09:09:29.184 13511 13544 D NavServiceProvider: Detecting stop. distance_d=285.61093. stop_type=1 speed=0.0
02-28 09:09:29.184 13511 13544 D NavigationTest: 678: (28.075735, -82.426355, 0.000000)	R:false  F:false
02-28 09:09:29.184 13511 13544 D NavServiceProvider: Second to last stop coordinates: 28.07316, -82.426234
02-28 09:09:29.185 13511 13544 D NavServiceProvider: Setting units automatically
02-28 09:09:29.186 13511 13544 D NavServiceProvider: Detecting stop. distance_d=285.61093. stop_type=1 speed=0.0
02-28 09:09:29.186 13511 13544 D NavigationTest: 679: (28.075735, -82.426355, 0.000000)	R:false  F:false
02-28 09:09:29.186 13511 13544 D NavServiceProvider: Second to last stop coordinates: 28.07316, -82.426234
02-28 09:09:29.187 13511 13544 D NavServiceProvider: Setting units automatically
02-28 09:09:29.189 13511 13544 D NavServiceProvider: Detecting stop. distance_d=285.61093. stop_type=1 speed=0.0
02-28 09:09:29.189 13511 13544 D NavigationTest: 680: (28.075735, -82.426355, 0.000000)	R:false  F:false
02-28 09:09:29.189 13511 13544 D NavigationTest: 681: (28.075735, -82.426355, 0.000000)	R:false  F:false
02-28 09:09:29.190 13511 13544 D NavServiceProvider: Second to last stop coordinates: 28.07316, -82.426234
02-28 09:09:29.190 13511 13544 D NavServiceProvider: Setting units automatically
02-28 09:09:29.192 13511 13544 D NavServiceProvider: Detecting stop. distance_d=285.61093. stop_type=1 speed=0.0
02-28 09:09:29.192 13511 13544 D NavigationTest: 682: (28.075735, -82.426355, 0.000000)	R:false  F:false
02-28 09:09:29.192 13511 13544 D NavigationTest: 683: (28.075735, -82.426355, 0.000000)	R:false  F:false
02-28 09:09:29.192 13511 13544 D NavServiceProvider: Second to last stop coordinates: 28.07316, -82.426234
02-28 09:09:29.193 13511 13544 D NavServiceProvider: Setting units automatically
02-28 09:09:29.195 13511 13544 D NavServiceProvider: Detecting stop. distance_d=285.61093. stop_type=1 speed=0.0
02-28 09:09:29.195 13511 13544 D NavigationTest: 684: (28.075735, -82.426355, 0.000000)	R:false  F:false
02-28 09:09:29.195 13511 13544 D NavServiceProvider: Second to last stop coordinates: 28.07316, -82.426234
02-28 09:09:29.196 13511 13544 D NavServiceProvider: Setting units automatically
02-28 09:09:29.197 13511 13544 D NavServiceProvider: Detecting stop. distance_d=285.61093. stop_type=1 speed=0.0
02-28 09:09:29.197 13511 13544 D NavigationTest: 685: (28.075735, -82.426355, 0.000000)	R:false  F:false
02-28 09:09:29.197 13511 13544 D NavigationTest: 686: (28.075735, -82.426355, 0.000000)	R:false  F:false
02-28 09:09:29.197 13511 13544 D NavServiceProvider: Second to last stop coordinates: 28.07316, -82.426234
02-28 09:09:29.198 13511 13544 D NavServiceProvider: Setting units automatically
02-28 09:09:29.201 13511 13544 D NavServiceProvider: Detecting stop. distance_d=285.61093. stop_type=1 speed=0.0
02-28 09:09:29.201 13511 13544 D NavigationTest: 687: (28.075735, -82.426355, 0.000000)	R:false  F:false
02-28 09:09:29.201 13511 13544 D NavServiceProvider: Second to last stop coordinates: 28.07316, -82.426234
02-28 09:09:29.202 13511 13544 D NavServiceProvider: Setting units automatically
02-28 09:09:29.204 13511 13544 D NavServiceProvider: Detecting stop. distance_d=285.61093. stop_type=1 speed=0.0
02-28 09:09:29.204 13511 13544 D NavigationTest: 688: (28.075735, -82.426355, 0.000000)	R:false  F:false
02-28 09:09:29.204 13511 13544 D NavigationTest: 689: (28.075735, -82.426355, 0.000000)	R:false  F:false
02-28 09:09:29.204 13511 13544 D NavServiceProvider: Second to last stop coordinates: 28.07316, -82.426234
02-28 09:09:29.205 13511 13544 D NavServiceProvider: Setting units automatically
02-28 09:09:29.206 13511 13544 D NavServiceProvider: Detecting stop. distance_d=285.61093. stop_type=1 speed=0.0
02-28 09:09:29.207 13511 13544 D NavigationTest: 690: (28.075735, -82.426355, 0.000000)	R:false  F:false
02-28 09:09:29.207 13511 13544 D NavigationTest: 691: (28.075735, -82.426355, 0.000000)	R:false  F:false
02-28 09:09:29.207 13511 13544 D NavServiceProvider: Second to last stop coordinates: 28.07316, -82.426234
02-28 09:09:29.207 13511 13544 D NavServiceProvider: Setting units automatically
02-28 09:09:29.210 13511 13544 D NavServiceProvider: Detecting stop. distance_d=285.61093. stop_type=1 speed=0.0
02-28 09:09:29.210 13511 13544 D NavigationTest: 692: (28.075735, -82.426355, 0.000000)	R:false  F:false
02-28 09:09:29.210 13511 13544 D NavServiceProvider: Second to last stop coordinates: 28.07316, -82.426234
02-28 09:09:29.211 13511 13544 D NavServiceProvider: Setting units automatically
02-28 09:09:29.211   871   871 D audio_hw_primary: adev_get_parameters:vr_audio_mode_on
02-28 09:09:29.211   871   871 I audio_hw_primary: getting vr mode to 0
02-28 09:09:29.212   871   871 D audio_hw_primary: adev_get_parameters: exit: returns - vr_audio_mode_on=false
02-28 09:09:29.212   959  1210 I hash_map_utils: key: 'vr_audio_mode_on' value: ''
02-28 09:09:29.212   959  1210 I AudioPolicyManagerCustom: VR mode is 0, switch to primary output if request is for fast|raw
02-28 09:09:29.212   959  1210 I AudioPolicyManagerCustom: setting force DEEP buffer now
02-28 09:09:29.212 13511 13544 D NavServiceProvider: Detecting stop. distance_d=285.61093. stop_type=1 speed=0.0
02-28 09:09:29.213 13511 13544 D NavigationTest: 693: (28.075735, -82.426355, 0.000000)	R:false  F:false
02-28 09:09:29.213 13511 13544 D NavServiceProvider: Second to last stop coordinates: 28.07316, -82.426234
02-28 09:09:29.213   959  1210 D AudioFlinger: Client defaulted notificationFrames to 2048 for frameCount 4096
02-28 09:09:29.213 13511 13544 D NavServiceProvider: Setting units automatically
02-28 09:09:29.214   959  1210 D AF::TrackHandle: OpPlayAudio: track:176 usage:1 not muted
02-28 09:09:29.215 13511 13544 D NavServiceProvider: Detecting stop. distance_d=285.61093. stop_type=1 speed=0.0
02-28 09:09:29.215 13511 13544 D NavigationTest: 694: (28.075735, -82.426355, 0.000000)	R:false  F:false
02-28 09:09:29.215 13511 13544 D NavigationTest: 695: (28.075735, -82.426355, 0.000000)	R:false  F:false
02-28 09:09:29.215 13511 13544 D NavServiceProvider: Second to last stop coordinates: 28.07316, -82.426234
02-28 09:09:29.216 13511 13544 D NavServiceProvider: Setting units automatically
02-28 09:09:29.218 13511 13544 D NavServiceProvider: Detecting stop. distance_d=285.61093. stop_type=1 speed=0.0
02-28 09:09:29.218 13511 13544 D NavigationTest: 696: (28.075735, -82.426355, 0.000000)	R:false  F:false
02-28 09:09:29.218 13511 13544 D NavigationTest: 697: (28.075735, -82.426355, 0.000000)	R:false  F:false
02-28 09:09:29.218 13511 13544 D NavServiceProvider: Second to last stop coordinates: 28.07316, -82.426234
02-28 09:09:29.219  2666  3413 D Avrcp_ext: AudioManager Player: ID:23 -- type:android.media.SoundPool -- u/pid:10126/2688 -- state:idle -- attr:AudioAttributes: usage=USAGE_ASSISTANCE_SONIFICATION content=CONTENT_TYPE_SONIFICATION flags=0x800 tags= bundle=null
02-28 09:09:29.219  2666  3413 D Avrcp_ext: AudioManager Player: ID:999 -- type:android.media.AudioTrack -- u/pid:10088/13579 -- state:started -- attr:AudioAttributes: usage=USAGE_MEDIA content=CONTENT_TYPE_SPEECH flags=0x800 tags= bundle=null
02-28 09:09:29.219  2666  3413 D Avrcp_ext: AudioManager isPlaying: true
02-28 09:09:29.219  2666  3413 V Avrcp_ext: updateCurrentMediaState: mMediaController: null
02-28 09:09:29.219 13511 13544 D NavServiceProvider: Setting units automatically
02-28 09:09:29.219  2666  3413 V Avrcp_ext: isMusicActive: false getBluetoothPlayState: 2
02-28 09:09:29.219  2666  3413 V Avrcp_ext: updateCurrentMediaState: isPlaying = false
02-28 09:09:29.219  2666  3413 V Avrcp_ext: Media update: id -1-1? [MediaAttributes: none] : [MediaAttributes: none]
02-28 09:09:29.219  2666  3413 V Avrcp_ext: newPlayStatus:2mReportedPlayStatus:-1
02-28 09:09:29.219  2666  3413 V Avrcp_ext: updatePlaybackState, state: PlaybackState {state=2, position=-1, buffered position=0, speed=0.0, updated=1772550, actions=0, custom actions=[], active item id=-1, error=null} device: null
02-28 09:09:29.219  2666  3413 V Avrcp_ext: Device: no name:
02-28 09:09:29.220  2666  3413 I chatty  : uid=1002(bluetooth) BluetoothAvrcpH identical 3 lines
02-28 09:09:29.220  2666  3413 V Avrcp_ext: Device: no name:
02-28 09:09:29.220  2666  3413 V Avrcp_ext: updatePlayerStateAndPosition, old=PlaybackState {state=2, position=-1, buffered position=0, speed=0.0, updated=1767681, actions=0, custom actions=[], active item id=-1, error=null}, state=PlaybackState {state=2, position=-1, buffered position=0, speed=0.0, updated=1772550, actions=0, custom actions=[], active item id=-1, error=null}
02-28 09:09:29.220  2666  3413 V Avrcp_ext: old state = PlaybackState {state=2, position=-1, buffered position=0, speed=0.0, updated=1767681, actions=0, custom actions=[], active item id=-1, error=null}, new state= PlaybackState {state=2, position=-1, buffered position=0, speed=0.0, updated=1772550, actions=0, custom actions=[], active item id=-1, error=null}
02-28 09:09:29.220  2666  3413 D HeadsetService: getHeadsetService(): returning com.android.bluetooth.hfp.HeadsetService@8a04d28
02-28 09:09:29.220  2666  3413 D HeadsetService:  isAudioOn: The number of audio connected devices 0
02-28 09:09:29.220  2666  3413 D HeadsetService: isScoOrCallActive(): Call Active:falseCall is Ringing:falseSCO is Active:false
02-28 09:09:29.220  2666  3413 D HeadsetService:  isAudioOn: The number of audio connected devices 0
02-28 09:09:29.220  2666  3413 I Avrcp_ext: updatePlayStatusForDevice: device: null
02-28 09:09:29.221  2666  3413 V Avrcp_ext: updatePlaybackState (1): old=PlaybackState {state=2, position=-1, buffered position=0, speed=0.0, updated=1767681, actions=0, custom actions=[], active item id=-1, error=null}(2), new=PlaybackState {state=2, position=-1, buffered position=0, speed=0.0, updated=1772550, actions=0, custom actions=[], active item id=-1, error=null}(2)
02-28 09:09:29.221  2666  3413 I Avrcp_ext: Exit updatePlayStatusForDevice
02-28 09:09:29.221  2666  3413 D HeadsetService:  isAudioOn: The number of audio connected devices 0
02-28 09:09:29.221  2666  3413 D HeadsetService: isScoOrCallActive(): Call Active:falseCall is Ringing:falseSCO is Active:false
02-28 09:09:29.222  2666  3413 D HeadsetService:  isAudioOn: The number of audio connected devices 0
02-28 09:09:29.222 13511 13544 D NavServiceProvider: Detecting stop. distance_d=285.60684. stop_type=1 speed=0.0
02-28 09:09:29.222  2666  3413 I Avrcp_ext: updatePlayStatusForDevice: device: null
02-28 09:09:29.222  2666  3413 V Avrcp_ext: updatePlaybackState (1): old=PlaybackState {state=2, position=-1, buffered position=0, speed=0.0, updated=1767681, actions=0, custom actions=[], active item id=-1, error=null}(2), new=PlaybackState {state=2, position=-1, buffered position=0, speed=0.0, updated=1772550, actions=0, custom actions=[], active item id=-1, error=null}(2)
02-28 09:09:29.222 13511 13544 D NavigationTest: 698: (28.075735, -82.426354, 0.000000)	R:false  F:false
02-28 09:09:29.222  2666  3413 I Avrcp_ext: Exit updatePlayStatusForDevice
02-28 09:09:29.222 13511 13544 D NavigationTest: 699: (28.075735, -82.426354, 0.000000)	R:false  F:false
02-28 09:09:29.222 13511 13544 D NavServiceProvider: Second to last stop coordinates: 28.07316, -82.426234
02-28 09:09:29.222  2666  3413 D HeadsetService:  isAudioOn: The number of audio connected devices 0
02-28 09:09:29.222  2666  3413 D HeadsetService: isScoOrCallActive(): Call Active:falseCall is Ringing:falseSCO is Active:false
02-28 09:09:29.222  2666  3413 D HeadsetService:  isAudioOn: The number of audio connected devices 0
02-28 09:09:29.222  2666  3413 I Avrcp_ext: updatePlayStatusForDevice: device: null
02-28 09:09:29.223  2666  3413 V Avrcp_ext: updatePlaybackState (1): old=PlaybackState {state=2, position=-1, buffered position=0, speed=0.0, updated=1767681, actions=0, custom actions=[], active item id=-1, error=null}(2), new=PlaybackState {state=2, position=-1, buffered position=0, speed=0.0, updated=1772550, actions=0, custom actions=[], active item id=-1, error=null}(2)
02-28 09:09:29.223  2666  3413 I Avrcp_ext: Exit updatePlayStatusForDevice
02-28 09:09:29.223  2666  3413 D HeadsetService:  isAudioOn: The number of audio connected devices 0
02-28 09:09:29.223 13511 13544 D NavServiceProvider: Setting units automatically
02-28 09:09:29.223  2666  3413 D HeadsetService: isScoOrCallActive(): Call Active:falseCall is Ringing:falseSCO is Active:false
02-28 09:09:29.223  2666  3413 D HeadsetService:  isAudioOn: The number of audio connected devices 0
02-28 09:09:29.223  2666  3413 I Avrcp_ext: updatePlayStatusForDevice: device: null
02-28 09:09:29.223  2666  3413 V Avrcp_ext: updatePlaybackState (1): old=PlaybackState {state=2, position=-1, buffered position=0, speed=0.0, updated=1767681, actions=0, custom actions=[], active item id=-1, error=null}(2), new=PlaybackState {state=2, position=-1, buffered position=0, speed=0.0, updated=1772550, actions=0, custom actions=[], active item id=-1, error=null}(2)
02-28 09:09:29.223  2666  3413 I Avrcp_ext: Exit updatePlayStatusForDevice
02-28 09:09:29.223  2666  3413 D HeadsetService:  isAudioOn: The number of audio connected devices 0
02-28 09:09:29.223  2666  3413 D HeadsetService: isScoOrCallActive(): Call Active:falseCall is Ringing:falseSCO is Active:false
02-28 09:09:29.224  2666  3413 D HeadsetService:  isAudioOn: The number of audio connected devices 0
02-28 09:09:29.224  2666  3413 I Avrcp_ext: updatePlayStatusForDevice: device: null
02-28 09:09:29.224  2666  3413 V Avrcp_ext: updatePlaybackState (1): old=PlaybackState {state=2, position=-1, buffered position=0, speed=0.0, updated=1767681, actions=0, custom actions=[], active item id=-1, error=null}(2), new=PlaybackState {state=2, position=-1, buffered position=0, speed=0.0, updated=1772550, actions=0, custom actions=[], active item id=-1, error=null}(2)
02-28 09:09:29.224  2666  3413 I Avrcp_ext: Exit updatePlayStatusForDevice
02-28 09:09:29.224  2666  3413 D Avrcp_ext: Enter sendPlayPosNotificationRsp
02-28 09:09:29.224  2666  3413 D Avrcp_ext: sendPlayPosNotificationRsp: Not registered or requesting.
02-28 09:09:29.224  2666  3413 D Avrcp_ext: Enter sendPlayPosNotificationRsp
02-28 09:09:29.224  2666  3413 D Avrcp_ext: sendPlayPosNotificationRsp: Not registered or requesting.
02-28 09:09:29.224  2666  3413 D Avrcp_ext: Enter sendPlayPosNotificationRsp
02-28 09:09:29.224  2666  3413 D Avrcp_ext: sendPlayPosNotificationRsp: Not registered or requesting.
02-28 09:09:29.224  2666  3413 D Avrcp_ext: Enter sendPlayPosNotificationRsp
02-28 09:09:29.224  2666  3413 D Avrcp_ext: sendPlayPosNotificationRsp: Not registered or requesting.
02-28 09:09:29.224  2666  3413 D Avrcp_ext: Enter sendPlayPosNotificationRsp
02-28 09:09:29.224  2666  3413 D Avrcp_ext: sendPlayPosNotificationRsp: Not registered or requesting.
02-28 09:09:29.224  2666  3413 V Avrcp_ext: Exit updatePlayerStateAndPosition
02-28 09:09:29.225 13511 13544 D NavServiceProvider: Detecting stop. distance_d=285.60684. stop_type=1 speed=0.0
02-28 09:09:29.225 13511 13544 D NavigationTest: 700: (28.075735, -82.426354, 0.000000)	R:false  F:false
02-28 09:09:29.225 13511 13544 D NavigationTest: 701: (28.075735, -82.426354, 0.000000)	R:false  F:false
02-28 09:09:29.225 13511 13544 D NavServiceProvider: Second to last stop coordinates: 28.07316, -82.426234
02-28 09:09:29.226 13511 13544 D NavServiceProvider: Setting units automatically
02-28 09:09:29.227 13511 13544 D NavServiceProvider: Detecting stop. distance_d=285.60684. stop_type=1 speed=0.0
02-28 09:09:29.227 13511 13544 D NavigationTest: 702: (28.075735, -82.426354, 0.000000)	R:false  F:false
02-28 09:09:29.227 13511 13544 D NavigationTest: 703: (28.075735, -82.426354, 0.000000)	R:false  F:false
02-28 09:09:29.227 13511 13544 D NavServiceProvider: Second to last stop coordinates: 28.07316, -82.426234
02-28 09:09:29.228 13511 13544 D NavServiceProvider: Setting units automatically
02-28 09:09:29.228   871   871 V EffectDiracSound: DiracSound_command() start, cmdCode=20
02-28 09:09:29.228   871   871 V EffectDiracSound: DiracSound_Command EFFECT_CMD_OFFLOAD
02-28 09:09:29.228   871   871 V EffectDiracSound: DiracSound_command() start, cmdCode=1
02-28 09:09:29.228   871   871 V EffectDiracSound: DiracSound_setConfig start
02-28 09:09:29.228   871   871 I EffectDiracSound: DiracSound_updateState(), enable=0, hifi=0, device=0x2, headset=5, samplingRate=48000
02-28 09:09:29.228   871   871 I EffectDiracSound: DiracSound_updateState(), mode=0, music=0, movie=0, reset=0
02-28 09:09:29.228   871   871 I EffectDiracSound: DiracSound_updateState(), Speaker Movie/Stereo Mode is not supported. Stop update state.
02-28 09:09:29.228   871   871 W EffectHAL: Effect 0xe4b38cd0 command SET_CONFIG returned status: Invalid argument
02-28 09:09:29.228   871   871 V EffectDiracSound: DiracSound_command() start, cmdCode=1
02-28 09:09:29.228   871   871 V EffectDiracSound: DiracSound_setConfig start
02-28 09:09:29.228   871   871 I EffectDiracSound: DiracSound_updateState(), enable=0, hifi=0, device=0x2, headset=5, samplingRate=48000
02-28 09:09:29.228   871   871 I EffectDiracSound: DiracSound_updateState(), mode=0, music=0, movie=0, reset=0
02-28 09:09:29.228   871   871 I EffectDiracSound: DiracSound_updateState(), Speaker Movie/Stereo Mode is not supported. Stop update state.
02-28 09:09:29.229   871   871 V EffectDiracSound: DiracSound_command() start, cmdCode=9
02-28 09:09:29.229   871   871 V EffectDiracSound: DiracSound_Command EFFECT_CMD_SET_DEVICE: 0x00000002
02-28 09:09:29.229   871   871 V EffectDiracSound: DiracSound_command() start, cmdCode=11
02-28 09:09:29.229   871   871 V EffectDiracSound: DiracSound_Command EFFECT_CMD_SET_AUDIO_MODE: 0
02-28 09:09:29.230 13511 13544 D NavServiceProvider: Detecting stop. distance_d=285.61093. stop_type=1 speed=0.0
02-28 09:09:29.230 13511 13544 D NavigationTest: 704: (28.075735, -82.426355, 0.000000)	R:false  F:false
02-28 09:09:29.230 13511 13544 D NavigationTest: 705: (28.075735, -82.426355, 0.000000)	R:false  F:false
02-28 09:09:29.230 13511 13544 D NavServiceProvider: Second to last stop coordinates: 28.07316, -82.426234
02-28 09:09:29.231 13511 13544 D NavServiceProvider: Setting units automatically
02-28 09:09:29.231   871   871 E volume_listener: check_and_set_gain_dep_cal: Failed to set gain dep cal level
02-28 09:09:29.231   871  7464 D audio_hw_primary: start_output_stream: enter: stream(0xe4b1a800)usecase(0: deep-buffer-playback) devices(0x2) is_haptic_usecase(0)
02-28 09:09:29.232   871  7464 D audio_hw_primary: select_devices for use case (deep-buffer-playback)
02-28 09:09:29.232   871  7464 I msm8974_platform: platform_check_and_set_codec_backend_cfg:becf: afe: bitwidth 24, samplerate 48000 channels 2, backend_idx 4 usecase = 0 device (speaker)
02-28 09:09:29.232   871  7464 D msm8974_platform: platform_split_snd_device: snd_device(2) num devices(1) new_snd_devices(0)
02-28 09:09:29.232   871  7464 I msm8974_platform: platform_check_and_set_codec_backend_cfg: new_snd_devices[0] is 2
02-28 09:09:29.232   871  7464 I msm8974_platform: platform_check_codec_backend_cfg:becf: afe: bitwidth 24, samplerate 48000 channels 2, backend_idx 4 usecase = 0 device (speaker)
02-28 09:09:29.232   871  7464 D msm8974_platform: platform_check_codec_backend_cfg:becf: afe: playback on codec device not supporting native playback set default Sample Rate(48k)
02-28 09:09:29.232   871  7464 I msm8974_platform: platform_check_codec_backend_cfg:becf: afe: Codec selected backend: 4 updated bit width: 24 and sample rate: 48000
02-28 09:09:29.232   871  7464 D audio_hw_primary: check_usecases_codec_backend:becf: force routing 0
02-28 09:09:29.232   871  7464 E msm8974_platform: platform_check_backends_match: Invalid snd_device =
02-28 09:09:29.232   871  7464 D audio_hw_primary: check_usecases_codec_backend:becf: (76) check_usecases curr device: speaker, usecase device: backends match 0
02-28 09:09:29.232   871  7464 D audio_hw_primary: check_usecases_codec_backend:becf: check_usecases num.of Usecases to switch 0
02-28 09:09:29.232   871  7464 D msm8974_platform: platform_split_snd_device: snd_device(2) num devices(0) new_snd_devices(0)
02-28 09:09:29.232   871  7464 D hardware_info: hw_info_append_hw_type : device_name = speaker
02-28 09:09:29.232   871  7464 D msm8974_platform: platform_split_snd_device: snd_device(2) num devices(0) new_snd_devices(0)
02-28 09:09:29.232   871  7464 D audio_hw_primary: enable_snd_device: snd_device(2: speaker)
02-28 09:09:29.232   871  7464 I soundtrigger: audio_extn_sound_trigger_update_device_status: device 0x2 of type 0 for Event 1, with Raise=0
02-28 09:09:29.232   871  7464 D audio_route: Apply path: speaker
02-28 09:09:29.232   871  7464 I audio_hw_utils: audio_extn_utils_update_stream_output_app_type_cfg Allowing 24 and above bits playback on speaker ONLY at default sampling rate
02-28 09:09:29.232   871  7464 E soundtrigger: audio_extn_sound_trigger_update_stream_status: invalid input device 0x0, for event 3
02-28 09:09:29.232   871  7464 D soundtrigger: audio_extn_sound_trigger_update_stream_status: uc_info->id 0 of type 0 device 0x02 for Event 3, with Raise=1
02-28 09:09:29.232   871  7464 I soundtrigger: audio_extn_sound_trigger_update_stream_status: device[0x02]: speaker is used, transit to adsp.
02-28 09:09:29.232   871  7464 I sound_trigger_platform: platform_stdev_check_and_update_concurrency: Received STREAM event, event type 3, usecase type -406414288
02-28 09:09:29.232   871  7464 D sound_trigger_platform: platform_stdev_check_and_update_concurrency: dedicated path 0, reset backend 1, tx 0, rx 1,concurrency session allowed
02-28 09:09:29.232   871  7464 D audio_hw_utils: audio_extn_utils_send_app_type_cfg: usecase->out_snd_device speaker
02-28 09:09:29.232   871  7464 D msm8974_platform: platform_split_snd_device: snd_device(2) num devices(0) new_snd_devices(0)
02-28 09:09:29.232   871  7464 D audio_hw_utils: audio_extn_btsco_get_sample_rate:Not a BT SCO device, need not update sampling rate
02-28 09:09:29.232   871  7464 I audio_hw_utils: send_app_type_cfg_for_device PLAYBACK app_type 69940, acdb_dev_id 15, sample_rate 48000, snd_device_be_idx 39
02-28 09:09:29.233   871  7464 D msm8974_platform: platform_split_snd_device: snd_device(2) num devices(1) new_snd_devices(0)
02-28 09:09:29.233   871  7464 D audio_hw_utils: audio_extn_btsco_get_sample_rate:Not a BT SCO device, need not update sampling rate
02-28 09:09:29.233 13511 13544 D NavServiceProvider: Detecting stop. distance_d=285.61093. stop_type=1 speed=0.0
02-28 09:09:29.233   871  7464 D ACDB-LOADER: ACDB -> send_audio_cal, acdb_id = 15, path = 0, app id = 0x11134, sample rate = 48000
02-28 09:09:29.233   871  7464 D ACDB-LOADER: ACDB -> send_asm_topology
02-28 09:09:29.233   871  7464 D ACDB-LOADER: ACDB -> ACDB_CMD_GET_AUDPROC_STREAM_TOPOLOGY_ID
02-28 09:09:29.233 13511 13544 D NavigationTest: 706: (28.075735, -82.426355, 0.000000)	R:false  F:false
02-28 09:09:29.233 13511 13544 D NavigationTest: 707: (28.075735, -82.426355, 0.000000)	R:false  F:false
02-28 09:09:29.233 13511 13544 D NavigationTest: 708: (28.075735, -82.426355, 0.000000)	R:false  F:false
02-28 09:09:29.233   871  7464 D ACDB-LOADER: ACDB -> send_adm_topology
02-28 09:09:29.233 13511 13544 D NavServiceProvider: Second to last stop coordinates: 28.07316, -82.426234
02-28 09:09:29.233   871  7464 D ACDB-LOADER: ACDB -> ACDB_CMD_GET_AUDPROC_COMMON_TOPOLOGY_ID
02-28 09:09:29.233   871  7464 D ACDB-LOADER: ACDB -> send_audtable
02-28 09:09:29.233   871  7464 D ACDB-LOADER: ACDB -> ACDB_CMD_GET_AUDPROC_COMMON_TABLE_SIZE
02-28 09:09:29.233   871  7464 D ACDB-LOADER: ACDB -> ACDB_CMD_GET_AUDPROC_COMMON_TABLE
02-28 09:09:29.233   871  7464 D ACDB-LOADER: ACDB -> AUDIO_SET_AUDPROC_CAL
02-28 09:09:29.233   871  7464 D ACDB-LOADER: ACDB -> send_audvoltable
02-28 09:09:29.233   871  7464 D ACDB-LOADER: ACDB -> ACDB_CMD_GET_AUDPROC_VOL_STEP_TABLE_SIZE
02-28 09:09:29.233   871  7464 D ACDB-LOADER: ACDB -> ACDB_CMD_GET_AUDPROC_GAIN_DEP_STEP_TABLE, vol index 0
02-28 09:09:29.233   871  7464 D         : Failed to fetch the lookup information of the device 0000000F
02-28 09:09:29.233   871  7464 E ACDB-LOADER: Error: ACDB AudProc vol returned = -19
02-28 09:09:29.233   871  7464 D ACDB-LOADER: ACDB -> AUDIO_SET_VOL_CAL cal type = 12
02-28 09:09:29.233   871  7464 D ACDB-LOADER: ACDB -> ACDB_CMD_GET_AUDPROC_STREAM_TABLE_SIZE
02-28 09:09:29.233   871  7464 D ACDB-LOADER: ACDB -> send_audstrmtable
02-28 09:09:29.233   871  7464 D ACDB-LOADER: ACDB -> ACDB_CMD_GET_AUDPROC_STREAM_TABLE_V2
02-28 09:09:29.233   871  7464 D ACDB-LOADER: ACDB -> audstrm_cal->cal_type.cal_data.cal_size = 456
02-28 09:09:29.233   871  7464 D ACDB-LOADER: ACDB -> send_afe_topology
02-28 09:09:29.233   871  7464 D ACDB-LOADER: ACDB -> ACDB_CMD_GET_AFE_TOPOLOGY_ID
02-28 09:09:29.233   871  7464 D ACDB-LOADER: ACDB -> GET_AFE_TOPOLOGY_ID for adcd_id 15, Topology Id 112fc
02-28 09:09:29.233   871  7464 D ACDB-LOADER: ACDB -> send_afe_cal
02-28 09:09:29.233   871  7464 D ACDB-LOADER: ACDB -> ACDB_CMD_GET_AFE_COMMON_TABLE_SIZE
02-28 09:09:29.233   871  7464 D         : Failed to fetch the lookup information of the device 0000000F
02-28 09:09:29.233   871  7464 E ACDB-LOADER: Error: ACDB_CMD_GET_AFE_COMMON_TABLE_SIZE Returned = -19
02-28 09:09:29.233   871  7464 D ACDB-LOADER: ACDB -> ACDB_CMD_GET_AFE_COMMON_TABLE
02-28 09:09:29.233   871  7464 D         : Failed to fetch the lookup information of the device 0000000F
02-28 09:09:29.233   871  7464 E ACDB-LOADER: Error: ACDB AFE returned = -19
02-28 09:09:29.233   871  7464 D ACDB-LOADER: ACDB -> AUDIO_SET_AFE_CAL
02-28 09:09:29.233   871  7464 D ACDB-LOADER: ACDB -> send_hw_delay : acdb_id = 15 path = 0
02-28 09:09:29.233   871  7464 D ACDB-LOADER: ACDB -> ACDB_AVSYNC_INFO: ACDB_CMD_GET_DEVICE_PROPERTY
02-28 09:09:29.234   871  7464 D msm8974_platform: platform_split_snd_device: snd_device(2) num devices(0) new_snd_devices(0)
02-28 09:09:29.234   871  7464 I msm8974_platform: platform_get_custom_mtmx_params: no matching param with id 0 ip_ch 2 op_ch 2 uc_id 0 snd_dev 2
02-28 09:09:29.234   871  7464 D audio_hw_primary: enable_audio_route: apply mixer and update path: deep-buffer-playback speaker
02-28 09:09:29.234   871  7464 D audio_route: Apply path: deep-buffer-playback speaker
02-28 09:09:29.234 13511 13544 D NavServiceProvider: Setting units automatically
02-28 09:09:29.235   871  7464 D send_data_to_xlog: send_misound_data_to_xlog: enter: usecase(0)
02-28 09:09:29.235   871  7464 D audio_hw_primary: select_devices: done
02-28 09:09:29.235   871  7464 D audio_hw_primary: start_output_stream: Opening PCM device card_id(0) device_id(0) format(0x4)
02-28 09:09:29.235 13511 13544 D NavServiceProvider: Detecting stop. distance_d=285.61093. stop_type=1 speed=0.0
02-28 09:09:29.235 13511 13544 D NavigationTest: 709: (28.075735, -82.426355, 0.000000)	R:false  F:false
02-28 09:09:29.235 13511 13544 D NavigationTest: 710: (28.075735, -82.426355, 0.000000)	R:false  F:false
02-28 09:09:29.235 13511 13544 D NavServiceProvider: Second to last stop coordinates: 28.07316, -82.426234
02-28 09:09:29.236 13511 13544 D NavServiceProvider: Setting units automatically
02-28 09:09:29.237 13511 13544 D NavServiceProvider: Detecting stop. distance_d=285.61093. stop_type=1 speed=0.0
02-28 09:09:29.238 13511 13544 D NavigationTest: 711: (28.075735, -82.426355, 0.000000)	R:false  F:false
02-28 09:09:29.238 13511 13544 D NavServiceProvider: Second to last stop coordinates: 28.07316, -82.426234
02-28 09:09:29.238 13511 13544 D NavServiceProvider: Setting units automatically
02-28 09:09:29.239 13511 13544 D NavServiceProvider: Detecting stop. distance_d=285.61093. stop_type=1 speed=0.0
02-28 09:09:29.239 13511 13544 D NavigationTest: 712: (28.075735, -82.426355, 0.000000)	R:false  F:false
