02-28 09:09:37.548 13511 13544 D NavServiceProvider: Setting units automatically
02-28 09:09:37.550 13511 13544 D NavServiceProvider: Detecting stop. distance_d=530.5252. stop_type=1 speed=13.820129
02-28 09:09:37.550 13511 13544 D NavigationTest: 949: (28.034684, -82.416194, 13.820129)	R:false  F:false
02-28 09:09:37.550 13511 13544 D NavigationTest: 950: (28.034684, -82.416194, 13.820129)	R:false  F:false
02-28 09:09:37.550 13511 13544 D NavServiceProvider: Second to last stop coordinates: 28.039471, -82.416137
02-28 09:09:37.550 13511 13544 D NavServiceProvider: Setting units automatically
02-28 09:09:37.551 13511 13544 D NavServiceProvider: Detecting stop. distance_d=525.18066. stop_type=1 speed=11.050114
02-28 09:09:37.551 13511 13544 D NavigationTest: 951: (28.034732, -82.416159, 11.050114)	R:false  F:false
02-28 09:09:37.551 13511 13544 D NavigationTest: 952: (28.034732, -82.416159, 11.050114)	R:false  F:false
02-28 09:09:37.551 13511 13544 D NavServiceProvider: Second to last stop coordinates: 28.039471, -82.416137
02-28 09:09:37.551 13511 13544 D NavServiceProvider: Setting units automatically
02-28 09:09:37.552 13511 13544 D NavServiceProvider: Detecting stop. distance_d=514.5381. stop_type=1 speed=9.94002
02-28 09:09:37.552 13511 13544 D NavigationTest: 953: (28.034828, -82.416145, 9.940020)	R:false  F:false
02-28 09:09:37.552 13511 13544 D NavServiceProvider: Second to last stop coordinates: 28.039471, -82.416137
02-28 09:09:37.553 13511 13544 D NavServiceProvider: Setting units automatically
02-28 09:09:37.554 13511 13544 D NavServiceProvider: Detecting stop. distance_d=505.68048. stop_type=1 speed=8.311017
02-28 09:09:37.554 13511 13544 D NavigationTest: 954: (28.034908, -82.416167, 8.311017)	R:false  F:false
02-28 09:09:37.554 13511 13544 D NavigationTest: 955: (28.034908, -82.416167, 8.311017)	R:false  F:false
02-28 09:09:37.554 13511 13544 D NavServiceProvider: Second to last stop coordinates: 28.039471, -82.416137
02-28 09:09:37.554 13511 13544 D NavServiceProvider: Setting units automatically
02-28 09:09:37.555 13511 13544 D NavServiceProvider: Detecting stop. distance_d=498.60083. stop_type=1 speed=7.911239
02-28 09:09:37.555 13511 13544 D NavigationTest: 956: (28.034972, -82.416184, 7.911239)	R:false  F:false
02-28 09:09:37.555 13511 13544 D NavigationTest: 957: (28.034972, -82.416184, 7.911239)	R:false  F:false
02-28 09:09:37.555 13511 13544 D NavigationTest: 958: (28.034972, -82.416184, 7.911239)	R:false  F:false
02-28 09:09:37.555 13511 13544 D NavigationTest: 959: (28.034972, -82.416184, 7.911239)	R:false  F:false
02-28 09:09:37.555 13511 13544 D NavServiceProvider: Second to last stop coordinates: 28.039471, -82.416137
02-28 09:09:37.555 13511 13544 D NavServiceProvider: Setting units automatically
02-28 09:09:37.556 13511 13544 D NavServiceProvider: Detecting stop. distance_d=490.057. stop_type=1 speed=7.690059
02-28 09:09:37.556 13511 13544 D NavigationTest: 960: (28.035049, -82.416170, 7.690059)	R:false  F:false
02-28 09:09:37.556 13511 13544 D NavServiceProvider: Second to last stop coordinates: 28.039471, -82.416137
02-28 09:09:37.557 13511 13544 D NavServiceProvider: Setting units automatically
02-28 09:09:37.558 13511 13544 D NavServiceProvider: Detecting stop. distance_d=488.06296. stop_type=1 speed=4.660172
02-28 09:09:37.558 13511 13544 D NavigationTest: 961: (28.035067, -82.416171, 4.660172)	R:false  F:false
02-28 09:09:37.558 13511 13544 D NavigationTest: 962: (28.035067, -82.416171, 4.660172)	R:false  F:false
02-28 09:09:37.558 13511 13544 D NavServiceProvider: Second to last stop coordinates: 28.039471, -82.416137
02-28 09:09:37.558 13511 13544 D NavServiceProvider: Setting units automatically
02-28 09:09:37.559 13511 13544 D NavServiceProvider: Detecting stop. distance_d=484.73172. stop_type=1 speed=3.842929
02-28 09:09:37.559 13511 13544 D NavigationTest: 963: (28.035097, -82.416159, 3.842929)	R:false  F:false
02-28 09:09:37.559 13511 13544 D NavigationTest: 964: (28.035097, -82.416159, 3.842929)	R:false  F:false
02-28 09:09:37.559 13511 13544 D NavServiceProvider: Second to last stop coordinates: 28.039471, -82.416137
02-28 09:09:37.560 13511 13544 D NavServiceProvider: Setting units automatically
02-28 09:09:37.561 13511 13544 D NavServiceProvider: Detecting stop. distance_d=485.28326. stop_type=1 speed=1.508509
02-28 09:09:37.561 13511 13544 D NavigationTest: 965: (28.035092, -82.416152, 1.508509)	R:false  F:false
02-28 09:09:37.561 13511 13544 D NavigationTest: 966: (28.035092, -82.416152, 1.508509)	R:false  F:false
02-28 09:09:37.561 13511 13544 D NavServiceProvider: Second to last stop coordinates: 28.039471, -82.416137
02-28 09:09:37.561 13511 13544 D NavServiceProvider: Setting units automatically
02-28 09:09:37.562 13511 13544 D NavServiceProvider: Detecting stop. distance_d=485.5178. stop_type=1 speed=0.760592
02-28 09:09:37.562 13511 13544 D NavigationTest: 967: (28.035090, -82.416176, 0.760592)	R:false  F:false
02-28 09:09:37.562 13511 13544 D NavigationTest: 968: (28.035090, -82.416176, 0.760592)	R:false  F:false
02-28 09:09:37.562 13511 13544 D NavServiceProvider: Second to last stop coordinates: 28.039471, -82.416137
02-28 09:09:37.562 13511 13544 D NavServiceProvider: Setting units automatically
02-28 09:09:37.563 13511 13544 D NavServiceProvider: Detecting stop. distance_d=486.74957. stop_type=1 speed=0.287924
02-28 09:09:37.563 13511 13544 D NavigationTest: 969: (28.035079, -82.416190, 0.287924)	R:false  F:false
02-28 09:09:37.563 13511 13544 D NavServiceProvider: Second to last stop coordinates: 28.039471, -82.416137
02-28 09:09:37.564 13511 13544 D NavServiceProvider: Setting units automatically
02-28 09:09:37.564 13511 13544 D NavServiceProvider: Detecting stop. distance_d=487.76355. stop_type=1 speed=0.02
02-28 09:09:37.565 13511 13544 D NavigationTest: 970: (28.035070, -82.416204, 0.020000)	R:false  F:false
02-28 09:09:37.565 13511 13544 D NavigationTest: 971: (28.035070, -82.416204, 0.020000)	R:false  F:false
02-28 09:09:37.565 13511 13544 D NavServiceProvider: Second to last stop coordinates: 28.039471, -82.416137
02-28 09:09:37.565 13511 13544 D NavServiceProvider: Setting units automatically
02-28 09:09:37.566 13511 13544 D NavServiceProvider: Detecting stop. distance_d=489.86136. stop_type=1 speed=0.0
02-28 09:09:37.566 13511 13544 D NavigationTest: 972: (28.035051, -82.416198, 0.000000)	R:false  F:false
02-28 09:09:37.566 13511 13544 D NavigationTest: 973: (28.035051, -82.416198, 0.000000)	R:false  F:false
02-28 09:09:37.566 13511 13544 D NavServiceProvider: Second to last stop coordinates: 28.039471, -82.416137
02-28 09:09:37.566 13511 13544 D NavServiceProvider: Setting units automatically
02-28 09:09:37.567 13511 13544 D NavServiceProvider: Detecting stop. distance_d=489.74588. stop_type=1 speed=0.0
02-28 09:09:37.567 13511 13544 D NavigationTest: 974: (28.035052, -82.416194, 0.000000)	R:false  F:false
02-28 09:09:37.567 13511 13544 D NavServiceProvider: Second to last stop coordinates: 28.039471, -82.416137
02-28 09:09:37.567 13511 13544 D NavServiceProvider: Setting units automatically
02-28 09:09:37.568 13511 13544 D NavServiceProvider: Detecting stop. distance_d=489.29724. stop_type=1 speed=0.0
02-28 09:09:37.568 13511 13544 D NavigationTest: 975: (28.035056, -82.416189, 0.000000)	R:false  F:false
02-28 09:09:37.569 13511 13544 D NavigationTest: 976: (28.035056, -82.416189, 0.000000)	R:false  F:false
02-28 09:09:37.569 13511 13544 D NavServiceProvider: Second to last stop coordinates: 28.039471, -82.416137
02-28 09:09:37.569 13511 13544 D NavServiceProvider: Setting units automatically
02-28 09:09:37.570 13511 13544 D NavServiceProvider: Detecting stop. distance_d=488.8491. stop_type=1 speed=0.0
02-28 09:09:37.570 13511 13544 D NavigationTest: 977: (28.035060, -82.416184, 0.000000)	R:false  F:false
02-28 09:09:37.570 13511 13544 D NavServiceProvider: Second to last stop coordinates: 28.039471, -82.416137
02-28 09:09:37.570 13511 13544 D NavServiceProvider: Setting units automatically
02-28 09:09:37.571 13511 13544 D NavServiceProvider: Detecting stop. distance_d=489.62573. stop_type=1 speed=0.0
02-28 09:09:37.571 13511 13544 D NavigationTest: 978: (28.035053, -82.416185, 0.000000)	R:false  F:false
02-28 09:09:37.571 13511 13544 D NavigationTest: 979: (28.035053, -82.416185, 0.000000)	R:false  F:false
02-28 09:09:37.571 13511 13544 D NavServiceProvider: Second to last stop coordinates: 28.039471, -82.416137
02-28 09:09:37.572 13511 13544 D NavServiceProvider: Setting units automatically
02-28 09:09:37.573 13511 13544 D NavServiceProvider: Detecting stop. distance_d=490.1798. stop_type=1 speed=0.0
02-28 09:09:37.573 13511 13544 D NavigationTest: 980: (28.035048, -82.416185, 0.000000)	R:false  F:false
02-28 09:09:37.573 13511 13544 D NavigationTest: 981: (28.035048, -82.416185, 0.000000)	R:false  F:false
02-28 09:09:37.573 13511 13544 D NavServiceProvider: Second to last stop coordinates: 28.039471, -82.416137
02-28 09:09:37.573 13511 13544 D NavServiceProvider: Setting units automatically
02-28 09:09:37.574 13511 13544 D NavServiceProvider: Detecting stop. distance_d=490.626. stop_type=1 speed=0.0
02-28 09:09:37.574 13511 13544 D NavigationTest: 982: (28.035044, -82.416188, 0.000000)	R:false  F:false
02-28 09:09:37.574 13511 13544 D NavigationTest: 983: (28.035044, -82.416188, 0.000000)	R:false  F:false
02-28 09:09:37.574 13511 13544 D NavServiceProvider: Second to last stop coordinates: 28.039471, -82.416137
02-28 09:09:37.575 13511 13544 D NavServiceProvider: Setting units automatically
02-28 09:09:37.576 13511 13544 D NavServiceProvider: Detecting stop. distance_d=490.73886. stop_type=1 speed=0.0
02-28 09:09:37.576 13511 13544 D NavigationTest: 984: (28.035043, -82.416190, 0.000000)	R:false  F:false
02-28 09:09:37.576 13511 13544 D NavigationTest: 985: (28.035043, -82.416190, 0.000000)	R:false  F:false
02-28 09:09:37.576 13511 13544 D NavServiceProvider: Second to last stop coordinates: 28.039471, -82.416137
02-28 09:09:37.576 13511 13544 D NavServiceProvider: Setting units automatically
02-28 09:09:37.577 13511 13544 D NavServiceProvider: Detecting stop. distance_d=490.6291. stop_type=1 speed=0.0
02-28 09:09:37.577 13511 13544 D NavigationTest: 986: (28.035044, -82.416191, 0.000000)	R:false  F:false
02-28 09:09:37.577 13511 13544 D NavServiceProvider: Second to last stop coordinates: 28.039471, -82.416137
02-28 09:09:37.577 13511 13544 D NavServiceProvider: Setting units automatically
02-28 09:09:37.578 13511 13544 D NavServiceProvider: Detecting stop. distance_d=489.9664. stop_type=1 speed=0.0
02-28 09:09:37.578 13511 13544 D NavigationTest: 987: (28.035050, -82.416193, 0.000000)	R:false  F:false
02-28 09:09:37.578 13511 13544 D NavigationTest: 988: (28.035050, -82.416193, 0.000000)	R:false  F:false
02-28 09:09:37.578 13511 13544 D NavServiceProvider: Second to last stop coordinates: 28.039471, -82.416137
02-28 09:09:37.579 13511 13544 D NavServiceProvider: Setting units automatically
02-28 09:09:37.580 13511 13544 D NavServiceProvider: Detecting stop. distance_d=489.9664. stop_type=1 speed=0.0
02-28 09:09:37.580 13511 13544 D NavigationTest: 989: (28.035050, -82.416193, 0.000000)	R:false  F:false
02-28 09:09:37.580 13511 13544 D NavigationTest: 990: (28.035050, -82.416193, 0.000000)	R:false  F:false
02-28 09:09:37.580 13511 13544 D NavServiceProvider: Second to last stop coordinates: 28.039471, -82.416137
02-28 09:09:37.580 13511 13544 D NavServiceProvider: Setting units automatically
02-28 09:09:37.582 13511 13544 D NavServiceProvider: Detecting stop. distance_d=487.3069. stop_type=1 speed=1.582561
02-28 09:09:37.582 13511 13544 D NavigationTest: 991: (28.035074, -82.416193, 1.582561)	R:false  F:false
02-28 09:09:37.582 13511 13544 D NavServiceProvider: Second to last stop coordinates: 28.039471, -82.416137
02-28 09:09:37.583 13511 13544 D NavServiceProvider: Setting units automatically
02-28 09:09:37.584 13511 13544 D NavServiceProvider: Detecting stop. distance_d=482.65054. stop_type=1 speed=3.170016
02-28 09:09:37.584 13511 13544 D NavigationTest: 992: (28.035116, -82.416191, 3.170016)	R:false  F:false
02-28 09:09:37.584 13511 13544 D NavigationTest: 993: (28.035116, -82.416191, 3.170016)	R:false  F:false
02-28 09:09:37.584 13511 13544 D NavigationTest: 994: (28.035116, -82.416191, 3.170016)	R:false  F:false
02-28 09:09:37.584 13511 13544 D NavigationTest: 995: (28.035116, -82.416191, 3.170016)	R:false  F:false
02-28 09:09:37.584 13511 13544 D NavServiceProvider: Second to last stop coordinates: 28.039471, -82.416137
02-28 09:09:37.584 13511 13544 D NavServiceProvider: Setting units automatically
02-28 09:09:37.585 13511 13544 D NavServiceProvider: Detecting stop. distance_d=477.55765. stop_type=1 speed=4.83001
02-28 09:09:37.585 13511 13544 D NavigationTest: 996: (28.035162, -82.416195, 4.830010)	R:false  F:false
02-28 09:09:37.586 13511 13544 D NavServiceProvider: Second to last stop coordinates: 28.039471, -82.416137
02-28 09:09:37.586 13511 13544 D NavServiceProvider: Setting units automatically
02-28 09:09:37.587 13511 13544 D NavServiceProvider: Detecting stop. distance_d=471.38333. stop_type=1 speed=5.632877
02-28 09:09:37.587 13511 13544 D NavigationTest: 997: (28.035218, -82.416217, 5.632877)	R:false  F:false
02-28 09:09:37.587 13511 13544 D NavigationTest: 998: (28.035218, -82.416217, 5.632877)	R:false  F:false
02-28 09:09:37.587 13511 13544 D NavServiceProvider: Second to last stop coordinates: 28.039471, -82.416137
02-28 09:09:37.587 13511 13544 D NavServiceProvider: Setting units automatically
02-28 09:09:37.588 13511 13544 D NavServiceProvider: Detecting stop. distance_d=463.95615. stop_type=1 speed=6.57
02-28 09:09:37.588 13511 13544 D NavigationTest: 999: (28.035285, -82.416215, 6.570000)	R:false  F:false
02-28 09:09:37.588 13511 13544 D NavServiceProvider: Second to last stop coordinates: 28.039471, -82.416137
02-28 09:09:37.589 13511 13544 D NavServiceProvider: Setting units automatically
02-28 09:09:37.590 13511 13544 D NavServiceProvider: Detecting stop. distance_d=453.65298. stop_type=1 speed=7.990156
02-28 09:09:37.590 13511 13544 D NavigationTest: 1000: (28.035378, -82.416216, 7.990156)	R:false  F:false
02-28 09:09:37.590 13511 13544 D NavigationTest: 1001: (28.035378, -82.416216, 7.990156)	R:false  F:false
02-28 09:09:37.590 13511 13544 D NavServiceProvider: Second to last stop coordinates: 28.039471, -82.416137
02-28 09:09:37.590 13511 13544 D NavServiceProvider: Setting units automatically
02-28 09:09:37.591 13511 13544 D NavServiceProvider: Detecting stop. distance_d=444.5671. stop_type=1 speed=8.940022
02-28 09:09:37.591 13511 13544 D NavigationTest: 1002: (28.035460, -82.416216, 8.940022)	R:false  F:false
02-28 09:09:37.591 13511 13544 D NavigationTest: 1003: (28.035460, -82.416216, 8.940022)	R:false  F:false
02-28 09:09:37.591 13511 13544 D NavServiceProvider: Second to last stop coordinates: 28.039471, -82.416137
02-28 09:09:37.592 13511 13544 D NavServiceProvider: Setting units automatically
02-28 09:09:37.593 13511 13544 D NavServiceProvider: Detecting stop. distance_d=434.1383. stop_type=1 speed=9.650253
02-28 09:09:37.593 13511 13544 D NavigationTest: 1004: (28.035554, -82.416208, 9.650253)	R:false  F:false
02-28 09:09:37.593 13511 13544 D NavigationTest: 1005: (28.035554, -82.416208, 9.650253)	R:false  F:false
02-28 09:09:37.593 13511 13544 D NavServiceProvider: Second to last stop coordinates: 28.039471, -82.416137
02-28 09:09:37.593 13511 13544 D NavServiceProvider: Setting units automatically
02-28 09:09:37.594 13511 13544 D NavServiceProvider: Detecting stop. distance_d=423.35678. stop_type=1 speed=10.05008
02-28 09:09:37.594 13511 13544 D NavigationTest: 1006: (28.035651, -82.416183, 10.050080)	R:false  F:false
02-28 09:09:37.594 13511 13544 D NavServiceProvider: Second to last stop coordinates: 28.039471, -82.416137
02-28 09:09:37.594 13511 13544 D NavServiceProvider: Setting units automatically
02-28 09:09:37.595 13511 13544 D NavServiceProvider: Detecting stop. distance_d=411.50787. stop_type=1 speed=10.4
02-28 09:09:37.595 13511 13544 D NavigationTest: 1007: (28.035758, -82.416190, 10.400000)	R:false  F:false
02-28 09:09:37.595 13511 13544 D NavigationTest: 1008: (28.035758, -82.416190, 10.400000)	R:false  F:false
02-28 09:09:37.595 13511 13544 D NavServiceProvider: Second to last stop coordinates: 28.039471, -82.416137
02-28 09:09:37.596 13511 13544 D NavServiceProvider: Setting units automatically
02-28 09:09:37.597 13511 13544 D NavServiceProvider: Detecting stop. distance_d=400.41623. stop_type=1 speed=10.60017
02-28 09:09:37.597 13511 13544 D NavigationTest: 1009: (28.035858, -82.416181, 10.600170)	R:false  F:false
02-28 09:09:37.597 13511 13544 D NavigationTest: 1010: (28.035858, -82.416181, 10.600170)	R:false  F:false
02-28 09:09:37.597 13511 13544 D NavServiceProvider: Second to last stop coordinates: 28.039471, -82.416137
02-28 09:09:37.597 13511 13544 D NavServiceProvider: Setting units automatically
02-28 09:09:37.598 13511 13544 D NavServiceProvider: Detecting stop. distance_d=390.00317. stop_type=1 speed=10.870225
02-28 09:09:37.598 13511 13544 D NavigationTest: 1011: (28.035952, -82.416184, 10.870225)	R:false  F:false
02-28 09:09:37.598 13511 13544 D NavServiceProvider: Second to last stop coordinates: 28.039471, -82.416137
02-28 09:09:37.598 13511 13544 D NavServiceProvider: Setting units automatically
02-28 09:09:37.599 13511 13544 D NavServiceProvider: Detecting stop. distance_d=379.0316. stop_type=1 speed=10.980018
02-28 09:09:37.600 13511 13544 D NavigationTest: 1012: (28.036051, -82.416183, 10.980018)	R:false  F:false
02-28 09:09:37.600 13511 13544 D NavigationTest: 1013: (28.036051, -82.416183, 10.980018)	R:false  F:false
02-28 09:09:37.600 13511 13544 D NavServiceProvider: Second to last stop coordinates: 28.039471, -82.416137
02-28 09:09:37.600 13511 13544 D NavServiceProvider: Setting units automatically
02-28 09:09:37.601 13511 13544 D NavServiceProvider: Detecting stop. distance_d=367.6156. stop_type=1 speed=11.23016
02-28 09:09:37.601 13511 13544 D NavigationTest: 1014: (28.036154, -82.416181, 11.230160)	R:false  F:false
02-28 09:09:37.601 13511 13544 D NavigationTest: 1015: (28.036154, -82.416181, 11.230160)	R:false  F:false
02-28 09:09:37.601 13511 13544 D NavServiceProvider: Second to last stop coordinates: 28.039471, -82.416137
02-28 09:09:37.602 13511 13544 D NavServiceProvider: Setting units automatically
02-28 09:09:37.603 13511 13544 D NavServiceProvider: Detecting stop. distance_d=355.08713. stop_type=1 speed=11.540624
02-28 09:09:37.603 13511 13544 D NavigationTest: 1016: (28.036267, -82.416175, 11.540624)	R:false  F:false
02-28 09:09:37.603 13511 13544 D NavServiceProvider: Second to last stop coordinates: 28.039471, -82.416137
02-28 09:09:37.603 13511 13544 D NavServiceProvider: Setting units automatically
02-28 09:09:37.604 13511 13544 D NavServiceProvider: Detecting stop. distance_d=342.5652. stop_type=1 speed=11.680347
02-28 09:09:37.604 13511 13544 D NavigationTest: 1017: (28.036380, -82.416175, 11.680347)	R:false  F:false
02-28 09:09:37.604 13511 13544 D NavigationTest: 1018: (28.036380, -82.416175, 11.680347)	R:false  F:false
02-28 09:09:37.604 13511 13544 D NavServiceProvider: Second to last stop coordinates: 28.039471, -82.416137
02-28 09:09:37.605 13511 13544 D NavServiceProvider: Setting units automatically
02-28 09:09:37.606 13511 13544 D NavServiceProvider: Detecting stop. distance_d=329.38565. stop_type=1 speed=12.000067
02-28 09:09:37.606 13511 13544 D NavigationTest: 1019: (28.036499, -82.416181, 12.000067)	R:false  F:false
02-28 09:09:37.606 13511 13544 D NavigationTest: 1020: (28.036499, -82.416181, 12.000067)	R:false  F:false
02-28 09:09:37.606 13511 13544 D NavServiceProvider: Second to last stop coordinates: 28.039471, -82.416137
02-28 09:09:37.606 13511 13544 D NavServiceProvider: Setting units automatically
02-28 09:09:37.607 13511 13544 D NavServiceProvider: Detecting stop. distance_d=319.30896. stop_type=1 speed=11.540005
02-28 09:09:37.607 13511 13544 D NavigationTest: 1021: (28.036590, -82.416186, 11.540005)	R:false  F:false
02-28 09:09:37.607 13511 13544 D NavigationTest: 1022: (28.036590, -82.416186, 11.540005)	R:false  F:false
02-28 09:09:37.607 13511 13544 D NavServiceProvider: Second to last stop coordinates: 28.039471, -82.416137
02-28 09:09:37.607 13511 13544 D NavServiceProvider: Setting units automatically
02-28 09:09:37.608 13511 13544 D NavServiceProvider: Detecting stop. distance_d=306.4801. stop_type=1 speed=11.78
02-28 09:09:37.609 13511 13544 D NavigationTest: 1023: (28.036706, -82.416200, 11.780000)	R:false  F:false
02-28 09:09:37.609 13511 13544 D NavigationTest: 1024: (28.036706, -82.416200, 11.780000)	R:false  F:false
02-28 09:09:37.609 13511 13544 D NavServiceProvider: Second to last stop coordinates: 28.039471, -82.416137
02-28 09:09:37.609 13511 13544 D NavServiceProvider: Setting units automatically
02-28 09:09:37.610 13511 13544 D NavServiceProvider: Detecting stop. distance_d=296.3114. stop_type=1 speed=12.160005
02-28 09:09:37.610 13511 13544 D NavigationTest: 1025: (28.036798, -82.416211, 12.160005)	R:false  F:false
02-28 09:09:37.610 13511 13544 D NavServiceProvider: Second to last stop coordinates: 28.039471, -82.416137
02-28 09:09:37.611 13511 13544 D NavServiceProvider: Setting units automatically
02-28 09:09:37.612 13511 13544 D NavServiceProvider: Detecting stop. distance_d=282.03598. stop_type=1 speed=12.550673
02-28 09:09:37.612 13511 13544 D NavigationTest: 1026: (28.036927, -82.416217, 12.550673)	R:false  F:false
02-28 09:09:37.612 13511 13544 D NavigationTest: 1027: (28.036927, -82.416217, 12.550673)	R:false  F:false
02-28 09:09:37.612 13511 13544 D NavServiceProvider: Second to last stop coordinates: 28.039471, -82.416137
02-28 09:09:37.612 13511 13544 D NavServiceProvider: Setting units automatically
02-28 09:09:37.613 13511 13544 D NavServiceProvider: Detecting stop. distance_d=267.14594. stop_type=1 speed=12.651142
02-28 09:09:37.613 13511 13544 D NavigationTest: 1028: (28.037061, -82.416199, 12.651142)	R:false  F:false
02-28 09:09:37.613 13511 13544 D NavigationTest: 1029: (28.037061, -82.416199, 12.651142)	R:false  F:false
02-28 09:09:37.613 13511 13544 D NavigationTest: 1030: (28.037061, -82.416199, 12.651142)	R:false  F:false
02-28 09:09:37.613 13511 13544 D NavigationTest: 1031: (28.037061, -82.416199, 12.651142)	R:false  F:false
02-28 09:09:37.613 13511 13544 D NavServiceProvider: Second to last stop coordinates: 28.039471, -82.416137
02-28 09:09:37.613 13511 13544 D NavServiceProvider: Setting units automatically
02-28 09:09:37.614 13511 13544 D NavServiceProvider: Detecting stop. distance_d=254.1789. stop_type=1 speed=12.660098
02-28 09:09:37.614 13511 13544 D NavigationTest: 1032: (28.037178, -82.416197, 12.660098)	R:false  F:false
02-28 09:09:37.615 13511 13544 D NavServiceProvider: Second to last stop coordinates: 28.039471, -82.416137
02-28 09:09:37.615 13511 13544 D NavServiceProvider: Setting units automatically
02-28 09:09:37.616 13511 13544 D NavServiceProvider: Detecting stop. distance_d=241.44559. stop_type=1 speed=12.45145
02-28 09:09:37.616 13511 13544 D NavigationTest: 1033: (28.037293, -82.416200, 12.451450)	R:false  F:false
02-28 09:09:37.616 13511 13544 D NavigationTest: 1034: (28.037293, -82.416200, 12.451450)	R:false  F:false
02-28 09:09:37.616 13511 13544 D NavServiceProvider: Second to last stop coordinates: 28.039471, -82.416137
02-28 09:09:37.616 13511 13544 D NavServiceProvider: Setting units automatically
02-28 09:09:37.617 13511 13544 D NavServiceProvider: Detecting stop. distance_d=229.02776. stop_type=1 speed=12.460402
02-28 09:09:37.617 13511 13544 D NavigationTest: 1035: (28.037405, -82.416196, 12.460402)	R:false  F:false
02-28 09:09:37.617 13511 13544 D NavigationTest: 1036: (28.037405, -82.416196, 12.460402)	R:false  F:false
02-28 09:09:37.617 13511 13544 D NavServiceProvider: Second to last stop coordinates: 28.039471, -82.416137
02-28 09:09:37.618 13511 13544 D NavServiceProvider: Setting units automatically
02-28 09:09:37.618 13511 13544 D NavServiceProvider: Detecting stop. distance_d=217.15672. stop_type=1 speed=12.422319
02-28 09:09:37.619 13511 13544 D NavigationTest: 1037: (28.037512, -82.416189, 12.422319)	R:false  F:false
02-28 09:09:37.619 13511 13544 D NavigationTest: 1038: (28.037512, -82.416189, 12.422319)	R:false  F:false
02-28 09:09:37.619 13511 13544 D NavServiceProvider: Second to last stop coordinates: 28.039471, -82.416137
02-28 09:09:37.619 13511 13544 D NavServiceProvider: Setting units automatically
02-28 09:09:37.620 13511 13544 D NavServiceProvider: Detecting stop. distance_d=205.94914. stop_type=1 speed=12.460485
02-28 09:09:37.620 13511 13544 D NavigationTest: 1039: (28.037613, -82.416181, 12.460485)	R:false  F:false
02-28 09:09:37.620 13511 13544 D NavigationTest: 1040: (28.037613, -82.416181, 12.460485)	R:false  F:false
02-28 09:09:37.620 13511 13544 D NavServiceProvider: Second to last stop coordinates: 28.039471, -82.416137
02-28 09:09:37.620 13511 13544 D NavServiceProvider: Setting units automatically
02-28 09:09:37.622 13579 13616 D AudioTrack: stop(160): called with 27136 frames delivered
02-28 09:09:37.624 13579 13612 I EventProcessor: synthesizeMarkup call to callback.audioAvailable failed: -1
02-28 09:09:37.624 13511 13544 D NavServiceProvider: -----Get ready!
02-28 09:09:37.625  2666  3413 D Avrcp_ext: AudioManager Player: ID:23 -- type:android.media.SoundPool -- u/pid:10126/2688 -- state:idle -- attr:AudioAttributes: usage=USAGE_ASSISTANCE_SONIFICATION content=CONTENT_TYPE_SONIFICATION flags=0x800 tags= bundle=null
02-28 09:09:37.625  2666  3413 D Avrcp_ext: AudioManager Player: ID:1127 -- type:android.media.AudioTrack -- u/pid:10088/13579 -- state:stopped -- attr:AudioAttributes: usage=USAGE_MEDIA content=CONTENT_TYPE_SPEECH flags=0x800 tags= bundle=null
02-28 09:09:37.625 13511 13544 D NavigationTest: 1041: (28.037713, -82.416178, 12.371168)	R:true  F:false
02-28 09:09:37.625  2666  3413 D Avrcp_ext: AudioManager Player: ID:15 -- type:android.media.SoundPool -- u/pid:1000/1493 -- state:idle -- attr:AudioAttributes: usage=USAGE_ASSISTANCE_SONIFICATION content=CONTENT_TYPE_SONIFICATION flags=0x800 tags= bundle=null
02-28 09:09:37.625  2666  3413 D Avrcp_ext: AudioManager isPlaying: false
02-28 09:09:37.625  2666  3413 V Avrcp_ext: updateCurrentMediaState: mMediaController: null
02-28 09:09:37.625 13511 13544 D NavServiceProvider: Second to last stop coordinates: 28.039471, -82.416137
02-28 09:09:37.625  2666  3413 V Avrcp_ext: isMusicActive: true getBluetoothPlayState: 2
02-28 09:09:37.625  2666  3413 V Avrcp_ext: updateCurrentMediaState: isPlaying = false
02-28 09:09:37.625  2666  3413 V Avrcp_ext: Media update: id -1➡-1? [MediaAttributes: none] : [MediaAttributes: none]
02-28 09:09:37.625  2666  3413 V Avrcp_ext: newPlayStatus:2mReportedPlayStatus:-1
02-28 09:09:37.625  2666  3413 V Avrcp_ext: updatePlaybackState, state: PlaybackState {state=2, position=-1, buffered position=0, speed=0.0, updated=1780955, actions=0, custom actions=[], active item id=-1, error=null} device: null
02-28 09:09:37.625  2666  3413 V Avrcp_ext: Device: no name:
02-28 09:09:37.625  2666  3413 I chatty  : uid=1002(bluetooth) BluetoothAvrcpH identical 3 lines
02-28 09:09:37.625  2666  3413 V Avrcp_ext: Device: no name:
02-28 09:09:37.625  2666  3413 V Avrcp_ext: updatePlayerStateAndPosition, old=PlaybackState {state=2, position=-1, buffered position=0, speed=0.0, updated=1779943, actions=0, custom actions=[], active item id=-1, error=null}, state=PlaybackState {state=2, position=-1, buffered position=0, speed=0.0, updated=1780955, actions=0, custom actions=[], active item id=-1, error=null}
02-28 09:09:37.625  2666  3413 V Avrcp_ext: old state = PlaybackState {state=2, position=-1, buffered position=0, speed=0.0, updated=1779943, actions=0, custom actions=[], active item id=-1, error=null}, new state= PlaybackState {state=2, position=-1, buffered position=0, speed=0.0, updated=1780955, actions=0, custom actions=[], active item id=-1, error=null}
02-28 09:09:37.625  2666  3413 D HeadsetService: getHeadsetService(): returning com.android.bluetooth.hfp.HeadsetService@8a04d28
02-28 09:09:37.625 13511 13544 D NavServiceProvider: Setting units automatically
02-28 09:09:37.625  2666  3413 D HeadsetService:  isAudioOn: The number of audio connected devices 0
02-28 09:09:37.625  2666  3413 D HeadsetService: isScoOrCallActive(): Call Active:falseCall is Ringing:falseSCO is Active:false
02-28 09:09:37.625  2666  3413 D HeadsetService:  isAudioOn: The number of audio connected devices 0
02-28 09:09:37.625  2666  3413 I Avrcp_ext: updatePlayStatusForDevice: device: null
02-28 09:09:37.625  2666  3413 V Avrcp_ext: updatePlaybackState (1): old=PlaybackState {state=2, position=-1, buffered position=0, speed=0.0, updated=1779943, actions=0, custom actions=[], active item id=-1, error=null}(2), new=PlaybackState {state=2, position=-1, buffered position=0, speed=0.0, updated=1780955, actions=0, custom actions=[], active item id=-1, error=null}(2)
02-28 09:09:37.625  2666  3413 I Avrcp_ext: Exit updatePlayStatusForDevice
02-28 09:09:37.626  2666  3413 D HeadsetService:  isAudioOn: The number of audio connected devices 0
02-28 09:09:37.626  2666  3413 D HeadsetService: isScoOrCallActive(): Call Active:falseCall is Ringing:falseSCO is Active:false
02-28 09:09:37.626  2666  3413 D HeadsetService:  isAudioOn: The number of audio connected devices 0
02-28 09:09:37.626  2666  3413 I Avrcp_ext: updatePlayStatusForDevice: device: null
02-28 09:09:37.626  2666  3413 V Avrcp_ext: updatePlaybackState (1): old=PlaybackState {state=2, position=-1, buffered position=0, speed=0.0, updated=1779943, actions=0, custom actions=[], active item id=-1, error=null}(2), new=PlaybackState {state=2, position=-1, buffered position=0, speed=0.0, updated=1780955, actions=0, custom actions=[], active item id=-1, error=null}(2)
02-28 09:09:37.626  2666  3413 I Avrcp_ext: Exit updatePlayStatusForDevice
02-28 09:09:37.626  2666  3413 D HeadsetService:  isAudioOn: The number of audio connected devices 0
02-28 09:09:37.626  2666  3413 D HeadsetService: isScoOrCallActive(): Call Active:falseCall is Ringing:falseSCO is Active:false
02-28 09:09:37.626  2666  3413 D HeadsetService:  isAudioOn: The number of audio connected devices 0
02-28 09:09:37.626  2666  3413 I Avrcp_ext: updatePlayStatusForDevice: device: null
02-28 09:09:37.626  2666  3413 V Avrcp_ext: updatePlaybackState (1): old=PlaybackState {state=2, position=-1, buffered position=0, speed=0.0, updated=1779943, actions=0, custom actions=[], active item id=-1, error=null}(2), new=PlaybackState {state=2, position=-1, buffered position=0, speed=0.0, updated=1780955, actions=0, custom actions=[], active item id=-1, error=null}(2)
02-28 09:09:37.627  2666  3413 I Avrcp_ext: Exit updatePlayStatusForDevice
02-28 09:09:37.627  2666  3413 D HeadsetService:  isAudioOn: The number of audio connected devices 0
02-28 09:09:37.627  2666  3413 D HeadsetService: isScoOrCallActive(): Call Active:falseCall is Ringing:falseSCO is Active:false
02-28 09:09:37.627  2666  3413 D HeadsetService:  isAudioOn: The number of audio connected devices 0
02-28 09:09:37.627  2666  3413 I Avrcp_ext: updatePlayStatusForDevice: device: null
02-28 09:09:37.627  2666  3413 V Avrcp_ext: updatePlaybackState (1): old=PlaybackState {state=2, position=-1, buffered position=0, speed=0.0, updated=1779943, actions=0, custom actions=[], active item id=-1, error=null}(2), new=PlaybackState {state=2, position=-1, buffered position=0, speed=0.0, updated=1780955, actions=0, custom actions=[], active item id=-1, error=null}(2)
02-28 09:09:37.627  2666  3413 I Avrcp_ext: Exit updatePlayStatusForDevice
02-28 09:09:37.627  2666  3413 D HeadsetService:  isAudioOn: The number of audio connected devices 0
02-28 09:09:37.627  2666  3413 D HeadsetService: isScoOrCallActive(): Call Active:falseCall is Ringing:falseSCO is Active:false
02-28 09:09:37.627  2666  3413 D HeadsetService:  isAudioOn: The number of audio connected devices 0
02-28 09:09:37.627  2666  3413 I Avrcp_ext: updatePlayStatusForDevice: device: null
02-28 09:09:37.627  2666  3413 V Avrcp_ext: updatePlaybackState (1): old=PlaybackState {state=2, position=-1, buffered position=0, speed=0.0, updated=1779943, actions=0, custom actions=[], active item id=-1, error=null}(2), new=PlaybackState {state=2, position=-1, buffered position=0, speed=0.0, updated=1780955, actions=0, custom actions=[], active item id=-1, error=null}(2)
02-28 09:09:37.627  2666  3413 I Avrcp_ext: Exit updatePlayStatusForDevice
02-28 09:09:37.627  2666  3413 D Avrcp_ext: Enter sendPlayPosNotificationRsp
02-28 09:09:37.627  2666  3413 D Avrcp_ext: sendPlayPosNotificationRsp: Not registered or requesting.
02-28 09:09:37.627  2666  3413 D Avrcp_ext: Enter sendPlayPosNotificationRsp
02-28 09:09:37.627  2666  3413 D Avrcp_ext: sendPlayPosNotificationRsp: Not registered or requesting.
02-28 09:09:37.627  2666  3413 D Avrcp_ext: Enter sendPlayPosNotificationRsp
02-28 09:09:37.627  2666  3413 D Avrcp_ext: sendPlayPosNotificationRsp: Not registered or requesting.
02-28 09:09:37.627  2666  3413 D Avrcp_ext: Enter sendPlayPosNotificationRsp
02-28 09:09:37.627  2666  3413 D Avrcp_ext: sendPlayPosNotificationRsp: Not registered or requesting.
02-28 09:09:37.627  2666  3413 D Avrcp_ext: Enter sendPlayPosNotificationRsp
02-28 09:09:37.627  2666  3413 D Avrcp_ext: sendPlayPosNotificationRsp: Not registered or requesting.
02-28 09:09:37.627  2666  3413 V Avrcp_ext: Exit updatePlayerStateAndPosition
02-28 09:09:37.627  2666  3413 D Avrcp_ext: AudioManager Player: ID:23 -- type:android.media.SoundPool -- u/pid:10126/2688 -- state:idle -- attr:AudioAttributes: usage=USAGE_ASSISTANCE_SONIFICATION content=CONTENT_TYPE_SONIFICATION flags=0x800 tags= bundle=null
02-28 09:09:37.627  2666  3413 D Avrcp_ext: AudioManager Player: ID:15 -- type:android.media.SoundPool -- u/pid:1000/1493 -- state:idle -- attr:AudioAttributes: usage=USAGE_ASSISTANCE_SONIFICATION content=CONTENT_TYPE_SONIFICATION flags=0x800 tags= bundle=null
02-28 09:09:37.627  2666  3413 D Avrcp_ext: AudioManager isPlaying: false
02-28 09:09:37.627 13511 13544 D NavServiceProvider: Detecting stop. distance_d=194.86339. stop_type=1 speed=12.371168
02-28 09:09:37.628 13511 13544 D NavigationTest: 1041: (28.037713, -82.416178, 12.371168)	R:true  F:false
02-28 09:09:37.628 13511 13544 D NavServiceProvider: Second to last stop coordinates: 28.039471, -82.416137
02-28 09:09:37.628 13511 13544 D NavServiceProvider: Setting units automatically
02-28 09:09:37.628 13579 13612 I GoogleTTSServiceImpl: Synthesis request for locale eng-USA and name en-US-language
02-28 09:09:37.629 13579 13612 I GoogleTTSServiceImpl: TTS dispatch: en-us-x-iog-seanet-embedded
02-28 09:09:37.629 13511 13544 D NavServiceProvider: Detecting stop. distance_d=179.7831. stop_type=1 speed=13.874415
02-28 09:09:37.630 13511 13544 D NavigationTest: 1042: (28.037849, -82.416172, 13.874415)	R:true  F:false
02-28 09:09:37.630 13511 13544 D NavigationTest: 1043: (28.037849, -82.416172, 13.874415)	R:true  F:false
02-28 09:09:37.630 13511 13544 D NavServiceProvider: Second to last stop coordinates: 28.039471, -82.416137
02-28 09:09:37.630 13511 13544 D NavServiceProvider: Setting units automatically
02-28 09:09:37.631 13511 13544 D NavServiceProvider: Detecting stop. distance_d=167.93399. stop_type=1 speed=13.172976
02-28 09:09:37.631 13511 13544 D NavigationTest: 1044: (28.037956, -82.416175, 13.172976)	R:true  F:false
02-28 09:09:37.631 13511 13544 D NavigationTest: 1045: (28.037956, -82.416175, 13.172976)	R:true  F:false
02-28 09:09:37.631 13511 13544 D NavServiceProvider: Second to last stop coordinates: 28.039471, -82.416137
02-28 09:09:37.632 13511 13544 D NavServiceProvider: Setting units automatically
02-28 09:09:37.633 13511 13544 D NavServiceProvider: Detecting stop. distance_d=156.4507. stop_type=1 speed=13.244625
02-28 09:09:37.633 13511 13544 D NavigationTest: 1046: (28.038060, -82.416189, 13.244625)	R:true  F:false
02-28 09:09:37.633 13511 13544 D NavServiceProvider: Second to last stop coordinates: 28.039471, -82.416137
02-28 09:09:37.634 13511 13544 D NavServiceProvider: Setting units automatically
02-28 09:09:37.635 13511 13544 D NavServiceProvider: Detecting stop. distance_d=142.84625. stop_type=1 speed=13.375118
02-28 09:09:37.635 13511 13544 D NavigationTest: 1047: (28.038183, -82.416194, 13.375118)	R:true  F:false
02-28 09:09:37.635 13511 13544 D NavigationTest: 1048: (28.038183, -82.416194, 13.375118)	R:true  F:false
02-28 09:09:37.635 13511 13544 D NavServiceProvider: Second to last stop coordinates: 28.039471, -82.416137
02-28 09:09:37.635 13511 13544 D NavServiceProvider: Setting units automatically
02-28 09:09:37.637 13511 13544 D NavServiceProvider: Detecting stop. distance_d=130.30637. stop_type=1 speed=13.440182
02-28 09:09:37.637 13511 13544 D NavigationTest: 1049: (28.038296, -82.416187, 13.440182)	R:true  F:false
02-28 09:09:37.637 13511 13544 D NavServiceProvider: Second to last stop coordinates: 28.039471, -82.416137
02-28 09:09:37.637 13511 13544 D NavServiceProvider: Setting units automatically
02-28 09:09:37.639 13511 13544 D NavServiceProvider: Detecting stop. distance_d=116.00601. stop_type=1 speed=13.35
02-28 09:09:37.639 13511 13544 D NavigationTest: 1050: (28.038425, -82.416183, 13.350000)	R:true  F:false
02-28 09:09:37.639 13511 13544 D NavigationTest: 1051: (28.038425, -82.416183, 13.350000)	R:true  F:false
02-28 09:09:37.639 13511 13544 D NavServiceProvider: Second to last stop coordinates: 28.039471, -82.416137
02-28 09:09:37.640 13511 13544 D NavServiceProvider: Setting units automatically
02-28 09:09:37.641 13511 13544 D NavServiceProvider: Detecting stop. distance_d=102.576645. stop_type=1 speed=13.120095
02-28 09:09:37.642 13511 13544 D NavigationTest: 1052: (28.038546, -82.416175, 13.120095)	R:true  F:false
02-28 09:09:37.642 13511 13544 D NavigationTest: 1053: (28.038546, -82.416175, 13.120095)	R:true  F:false
02-28 09:09:37.642 13511 13544 D NavServiceProvider: Second to last stop coordinates: 28.039471, -82.416137
02-28 09:09:37.643 13511 13544 D NavServiceProvider: Setting units automatically
02-28 09:09:37.644 13511 13544 D NavServiceProvider: Detecting stop. distance_d=88.03734. stop_type=1 speed=13.560034
02-28 09:09:37.644 13511 13544 D NavServiceProvider: Case 1: false
02-28 09:09:37.644 13511 13544 D NavigationTest: 1054: (28.038677, -82.416166, 13.560034)	R:true  F:false
02-28 09:09:37.644 13511 13544 D NavigationTest: 1055: (28.038677, -82.416166, 13.560034)	R:true  F:false
02-28 09:09:37.644 13511 13544 D NavServiceProvider: Second to last stop coordinates: 28.039471, -82.416137
02-28 09:09:37.645 13511 13544 D NavServiceProvider: Setting units automatically
02-28 09:09:37.646 13511 13544 D NavServiceProvider: Detecting stop. distance_d=77.96234. stop_type=1 speed=11.770833
02-28 09:09:37.646 13511 13544 D NavigationTest: 1056: (28.038768, -82.416167, 11.770833)	R:true  F:false
02-28 09:09:37.646 13511 13544 D NavServiceProvider: Second to last stop coordinates: 28.039471, -82.416137
02-28 09:09:37.646 13511 13544 D NavServiceProvider: Setting units automatically
02-28 09:09:37.647 13511 13544 D NavServiceProvider: Detecting stop. distance_d=67.19504. stop_type=1 speed=11.640155
02-28 09:09:37.648 13511 13544 D NavigationTest: 1057: (28.038865, -82.416160, 11.640155)	R:true  F:false
02-28 09:09:37.648 13511 13544 D NavigationTest: 1058: (28.038865, -82.416160, 11.640155)	R:true  F:false
02-28 09:09:37.648 13511 13544 D NavServiceProvider: Second to last stop coordinates: 28.039471, -82.416137
02-28 09:09:37.648 13511 13544 D NavServiceProvider: Setting units automatically
02-28 09:09:37.649 13511 13544 D NavServiceProvider: Detecting stop. distance_d=54.770634. stop_type=1 speed=12.110003
02-28 09:09:37.649 13511 13544 D NavigationTest: 1059: (28.038977, -82.416154, 12.110003)	R:true  F:false
02-28 09:09:37.649 13511 13544 D NavServiceProvider: Second to last stop coordinates: 28.039471, -82.416137
02-28 09:09:37.650 13511 13544 D NavServiceProvider: Setting units automatically
02-28 09:09:37.651 13511 13544 D NavServiceProvider: Detecting stop. distance_d=48.51813. stop_type=1 speed=10.500019
02-28 09:09:37.651 13511 13544 D NavServiceProvider: Case 2: false
02-28 09:09:37.651 13511 13544 D NavigationTest: 1060: (28.039034, -82.416167, 10.500019)	R:true  F:false
02-28 09:09:37.651 13511 13544 D NavigationTest: 1061: (28.039034, -82.416167, 10.500019)	R:true  F:false
02-28 09:09:37.651 13511 13544 D NavServiceProvider: Second to last stop coordinates: 28.039471, -82.416137
02-28 09:09:37.651 13511 13544 D NavServiceProvider: Setting units automatically
02-28 09:09:37.653 13511 13544 D NavServiceProvider: Detecting stop. distance_d=35.307114. stop_type=1 speed=11.33004
02-28 09:09:37.653 13511 13544 D NavigationTest: 1062: (28.039153, -82.416159, 11.330040)	R:true  F:false
02-28 09:09:37.653 13511 13544 D NavigationTest: 1063: (28.039153, -82.416159, 11.330040)	R:true  F:false
02-28 09:09:37.653 13511 13544 D NavServiceProvider: Second to last stop coordinates: 28.039471, -82.416137
02-28 09:09:37.653 13511 13544 D NavServiceProvider: Setting units automatically
02-28 09:09:37.654 13511 13544 D NavServiceProvider: Detecting stop. distance_d=12.969305. stop_type=1 speed=14.430004
02-28 09:09:37.654 13511 13544 D NavServiceProvider: Case 3: false
02-28 09:09:37.654 13511 13544 D NavigationTest: 1064: (28.039354, -82.416140, 14.430004)	R:true  F:false
02-28 09:09:37.655 13511 13544 D NavigationTest: 1065: (28.039354, -82.416140, 14.430004)	R:true  F:false
02-28 09:09:37.655 13511 13544 D NavigationTest: 1066: (28.039354, -82.416140, 14.430004)	R:true  F:false
02-28 09:09:37.655 13511 13544 D NavigationTest: 1067: (28.039354, -82.416140, 14.430004)	R:true  F:false
02-28 09:09:37.655 13511 13544 D NavServiceProvider: Second to last stop coordinates: 28.039471, -82.416137
02-28 09:09:37.655 13511 13544 D NavServiceProvider: Setting units automatically
02-28 09:09:37.656 13511 13544 D NavServiceProvider: Detecting stop. distance_d=3.849116. stop_type=1 speed=12.97
02-28 09:09:37.656 13511 13544 D NavigationTest: 1068: (28.039437, -82.416145, 12.970000)	R:true  F:false
02-28 09:09:37.657 13511 13544 D NavServiceProvider: Second to last stop coordinates: 28.039471, -82.416137
02-28 09:09:37.657 13511 13544 D NavServiceProvider: Setting units automatically
02-28 09:09:37.658 13511 13544 D NavServiceProvider: Detecting stop. distance_d=6.7949743. stop_type=1 speed=12.180202
02-28 09:09:37.659 13511 13544 D NavigationTest: 1069: (28.039532, -82.416144, 12.180202)	R:true  F:false
02-28 09:09:37.659 13511 13544 D NavigationTest: 1070: (28.039532, -82.416144, 12.180202)	R:true  F:false
02-28 09:09:37.659 13511 13544 D NavServiceProvider: Second to last stop coordinates: 28.039471, -82.416137
02-28 09:09:37.659 13511 13544 D NavServiceProvider: Setting units automatically
02-28 09:09:37.660 13511 13544 D NavServiceProvider: Detecting stop. distance_d=26.361544. stop_type=1 speed=14.110428
02-28 09:09:37.660 13511 13544 D NavServiceProvider: Case 5: true
02-28 09:09:37.660 13511 13544 D NavServiceProvider: Proximity Event fired
02-28 09:09:37.660 13511 13544 D NavServiceProvider: Checking if path has more path links left to be navigated
02-28 09:09:37.660 13511 13544 D NavServiceProvider: PathLink index: 0 Number of PathLinks: 1
02-28 09:09:37.660 13511 13544 D NavServiceProvider: %%%%%%N%%%%%%%%% No more PathLinks left in Path %%%%%%%%%%%%%%%%%%%%%
02-28 09:09:37.660 13511 13544 D NavServiceProvider: Got to last stop
02-28 09:09:37.660 13511 13544 D NavServiceProvider: Alert 1 screen before last stop
02-28 09:09:37.660 13511 13544 D NavServiceProvider: Calling destination reached...
02-28 09:09:37.666 13511 13544 D NavServiceProvider: -----Get off the bus!
02-28 09:09:37.667 13511 13544 D NavigationTest: 1071: (28.039708, -82.416160, 14.110428)	R:true  F:true
02-28 09:09:37.668 13511 13544 I System.out: O311C: INFO Log level changed: DEBUG
02-28 09:09:37.668 13511 13544 I System.out: O311C: INFO Dry run mode changed: true
02-28 09:09:37.668 13511 13544 W Application: Open311 issue reporting is in debug/dry run mode - no issues will be submitted.
02-28 09:09:37.668 13511 13544 I System.out: O311C: INFO clearOpen311
02-28 09:09:37.668 13511 13544 I TestRunner: finished: testTrip9(org.onebusaway.android.nav.test.NavigationTest)
