02-28 09:09:46.216 13511 13544 D NavServiceProvider: Second to last stop coordinates: 28.065759, -82.409847
02-28 09:09:46.216 13511 13544 D NavServiceProvider: Setting units automatically
02-28 09:09:46.217 13511 13544 D NavServiceProvider: Detecting stop. distance_d=315.31833. stop_type=1 speed=7.25
02-28 09:09:46.217 13511 13544 D NavigationTest: 502: (28.063429, -82.408006, 7.250000)	R:false  F:false
02-28 09:09:46.217 13511 13544 D NavigationTest: 503: (28.063429, -82.408006, 7.250000)	R:false  F:false
02-28 09:09:46.217 13511 13544 D NavServiceProvider: Second to last stop coordinates: 28.065759, -82.409847
02-28 09:09:46.217 13511 13544 D NavServiceProvider: Setting units automatically
02-28 09:09:46.218 13511 13544 D NavServiceProvider: Detecting stop. distance_d=309.66434. stop_type=1 speed=7.25
02-28 09:09:46.219 13511 13544 D NavigationTest: 504: (28.063498, -82.407996, 7.250000)	R:false  F:false
02-28 09:09:46.219 13511 13544 D NavigationTest: 505: (28.063498, -82.407996, 7.250000)	R:false  F:false
02-28 09:09:46.219 13511 13544 D NavServiceProvider: Second to last stop coordinates: 28.065759, -82.409847
02-28 09:09:46.219 13511 13544 D NavServiceProvider: Setting units automatically
02-28 09:09:46.220 13511 13544 D NavServiceProvider: Detecting stop. distance_d=303.6282. stop_type=1 speed=7.25
02-28 09:09:46.220 13511 13544 D NavigationTest: 506: (28.063567, -82.407994, 7.250000)	R:false  F:false
02-28 09:09:46.220 13511 13544 D NavServiceProvider: Second to last stop coordinates: 28.065759, -82.409847
02-28 09:09:46.220 13511 13544 D NavServiceProvider: Setting units automatically
02-28 09:09:46.221 13511 13544 D NavServiceProvider: Detecting stop. distance_d=297.51843. stop_type=1 speed=7.25
02-28 09:09:46.221 13511 13544 D NavigationTest: 507: (28.063637, -82.407993, 7.250000)	R:false  F:false
02-28 09:09:46.221 13511 13544 D NavigationTest: 508: (28.063637, -82.407993, 7.250000)	R:false  F:false
02-28 09:09:46.221 13511 13544 D NavServiceProvider: Second to last stop coordinates: 28.065759, -82.409847
02-28 09:09:46.222 13511 13544 D NavServiceProvider: Setting units automatically
02-28 09:09:46.223 13511 13544 D NavServiceProvider: Detecting stop. distance_d=290.83725. stop_type=1 speed=7.25
02-28 09:09:46.223 13511 13544 D NavigationTest: 509: (28.063706, -82.408004, 7.250000)	R:false  F:false
02-28 09:09:46.223 13511 13544 D NavServiceProvider: Second to last stop coordinates: 28.065759, -82.409847
02-28 09:09:46.223 13511 13544 D NavServiceProvider: Setting units automatically
02-28 09:09:46.224 13511 13544 D NavServiceProvider: Detecting stop. distance_d=284.8328. stop_type=1 speed=7.25
02-28 09:09:46.224 13511 13544 D NavigationTest: 510: (28.063775, -82.408005, 7.250000)	R:false  F:false
02-28 09:09:46.224 13511 13544 D NavigationTest: 511: (28.063775, -82.408005, 7.250000)	R:false  F:false
02-28 09:09:46.224 13511 13544 D NavServiceProvider: Second to last stop coordinates: 28.065759, -82.409847
02-28 09:09:46.225 13511 13544 D NavServiceProvider: Setting units automatically
02-28 09:09:46.226 13511 13544 D NavServiceProvider: Detecting stop. distance_d=279.88013. stop_type=1 speed=7.25
02-28 09:09:46.226 13511 13544 D NavigationTest: 512: (28.063834, -82.408004, 7.250000)	R:false  F:false
02-28 09:09:46.226 13511 13544 D NavigationTest: 513: (28.063834, -82.408004, 7.250000)	R:false  F:false
02-28 09:09:46.226 13511 13544 D NavServiceProvider: Second to last stop coordinates: 28.065759, -82.409847
02-28 09:09:46.226 13511 13544 D NavServiceProvider: Setting units automatically
02-28 09:09:46.227 13511 13544 D NavServiceProvider: Detecting stop. distance_d=274.4941. stop_type=1 speed=7.0
02-28 09:09:46.227 13511 13544 D NavigationTest: 514: (28.063899, -82.408003, 7.000000)	R:false  F:false
02-28 09:09:46.227 13511 13544 D NavServiceProvider: Second to last stop coordinates: 28.065759, -82.409847
02-28 09:09:46.227 13511 13544 D NavServiceProvider: Setting units automatically
02-28 09:09:46.228 13511 13544 D NavServiceProvider: Detecting stop. distance_d=268.99454. stop_type=1 speed=7.25
02-28 09:09:46.228 13511 13544 D NavigationTest: 515: (28.063964, -82.408005, 7.250000)	R:false  F:false
02-28 09:09:46.228 13511 13544 D NavigationTest: 516: (28.063964, -82.408005, 7.250000)	R:false  F:false
02-28 09:09:46.228 13511 13544 D NavServiceProvider: Second to last stop coordinates: 28.065759, -82.409847
02-28 09:09:46.229 13511 13544 D NavServiceProvider: Setting units automatically
02-28 09:09:46.230 13511 13544 D NavServiceProvider: Detecting stop. distance_d=264.14334. stop_type=1 speed=7.25
02-28 09:09:46.230 13511 13544 D NavigationTest: 517: (28.064027, -82.408001, 7.250000)	R:false  F:false
02-28 09:09:46.230 13511 13544 D NavigationTest: 518: (28.064027, -82.408001, 7.250000)	R:false  F:false
02-28 09:09:46.230 13511 13544 D NavigationTest: 519: (28.064027, -82.408001, 7.250000)	R:false  F:false
02-28 09:09:46.230 13511 13544 D NavigationTest: 520: (28.064027, -82.408001, 7.250000)	R:false  F:false
02-28 09:09:46.230 13511 13544 D NavServiceProvider: Second to last stop coordinates: 28.065759, -82.409847
02-28 09:09:46.230 13511 13544 D NavServiceProvider: Setting units automatically
02-28 09:09:46.231 13511 13544 D NavServiceProvider: Detecting stop. distance_d=258.33704. stop_type=1 speed=7.25
02-28 09:09:46.231 13511 13544 D NavigationTest: 521: (28.064092, -82.408010, 7.250000)	R:false  F:false
02-28 09:09:46.231 13511 13544 D NavServiceProvider: Second to last stop coordinates: 28.065759, -82.409847
02-28 09:09:46.232 13511 13544 D NavServiceProvider: Setting units automatically
02-28 09:09:46.233 13511 13544 D NavServiceProvider: Detecting stop. distance_d=253.17352. stop_type=1 speed=7.25
02-28 09:09:46.233 13511 13544 D NavigationTest: 522: (28.064156, -82.408012, 7.250000)	R:false  F:false
02-28 09:09:46.233 13511 13544 D NavigationTest: 523: (28.064156, -82.408012, 7.250000)	R:false  F:false
02-28 09:09:46.233 13511 13544 D NavServiceProvider: Second to last stop coordinates: 28.065759, -82.409847
02-28 09:09:46.233 13511 13544 D NavServiceProvider: Setting units automatically
02-28 09:09:46.234 13511 13544 D NavServiceProvider: Detecting stop. distance_d=248.4104. stop_type=1 speed=7.25
02-28 09:09:46.234 13511 13544 D NavigationTest: 524: (28.064216, -82.408014, 7.250000)	R:false  F:false
02-28 09:09:46.234 13511 13544 D NavigationTest: 525: (28.064216, -82.408014, 7.250000)	R:false  F:false
02-28 09:09:46.234 13511 13544 D NavServiceProvider: Second to last stop coordinates: 28.065759, -82.409847
02-28 09:09:46.235 13511 13544 D NavServiceProvider: Setting units automatically
02-28 09:09:46.236 13511 13544 D NavServiceProvider: Detecting stop. distance_d=243.8735. stop_type=1 speed=7.25
02-28 09:09:46.236 13511 13544 D NavigationTest: 526: (28.064280, -82.408010, 7.250000)	R:false  F:false
02-28 09:09:46.236 13511 13544 D NavigationTest: 527: (28.064280, -82.408010, 7.250000)	R:false  F:false
02-28 09:09:46.236 13511 13544 D NavServiceProvider: Second to last stop coordinates: 28.065759, -82.409847
02-28 09:09:46.236 13511 13544 D NavServiceProvider: Setting units automatically
02-28 09:09:46.237 13511 13544 D NavServiceProvider: Detecting stop. distance_d=239.61003. stop_type=1 speed=7.25
02-28 09:09:46.237 13511 13544 D NavigationTest: 528: (28.064344, -82.408004, 7.250000)	R:false  F:false
02-28 09:09:46.237 13511 13544 D NavServiceProvider: Second to last stop coordinates: 28.065759, -82.409847
02-28 09:09:46.237 13511 13544 D NavServiceProvider: Setting units automatically
02-28 09:09:46.238 13511 13544 D NavServiceProvider: Detecting stop. distance_d=235.11595. stop_type=1 speed=7.0
02-28 09:09:46.238 13511 13544 D NavigationTest: 529: (28.064410, -82.408001, 7.000000)	R:false  F:false
02-28 09:09:46.238 13511 13544 D NavigationTest: 530: (28.064410, -82.408001, 7.000000)	R:false  F:false
02-28 09:09:46.238 13511 13544 D NavServiceProvider: Second to last stop coordinates: 28.065759, -82.409847
02-28 09:09:46.239 13511 13544 D NavServiceProvider: Setting units automatically
02-28 09:09:46.240 13511 13544 D NavServiceProvider: Detecting stop. distance_d=231.37386. stop_type=1 speed=7.0
02-28 09:09:46.240 13511 13544 D NavigationTest: 531: (28.064466, -82.407999, 7.000000)	R:false  F:false
02-28 09:09:46.240 13511 13544 D NavigationTest: 532: (28.064466, -82.407999, 7.000000)	R:false  F:false
02-28 09:09:46.240 13511 13544 D NavServiceProvider: Second to last stop coordinates: 28.065759, -82.409847
02-28 09:09:46.240 13511 13544 D NavServiceProvider: Setting units automatically
02-28 09:09:46.241 13511 13544 D NavServiceProvider: Detecting stop. distance_d=226.45264. stop_type=1 speed=7.0
02-28 09:09:46.241 13511 13544 D NavigationTest: 533: (28.064526, -82.408010, 7.000000)	R:false  F:false
02-28 09:09:46.241 13511 13544 D NavServiceProvider: Second to last stop coordinates: 28.065759, -82.409847
02-28 09:09:46.242 13511 13544 D NavServiceProvider: Setting units automatically
02-28 09:09:46.243 13511 13544 D NavServiceProvider: Detecting stop. distance_d=221.47693. stop_type=1 speed=6.75
02-28 09:09:46.243 13511 13544 D NavigationTest: 534: (28.064592, -82.408018, 6.750000)	R:false  F:false
02-28 09:09:46.243 13511 13544 D NavigationTest: 535: (28.064592, -82.408018, 6.750000)	R:false  F:false
02-28 09:09:46.243 13511 13544 D NavServiceProvider: Second to last stop coordinates: 28.065759, -82.409847
02-28 09:09:46.243 13511 13544 D NavServiceProvider: Setting units automatically
02-28 09:09:46.244 13511 13544 D NavServiceProvider: Detecting stop. distance_d=217.55042. stop_type=1 speed=6.5
02-28 09:09:46.244 13511 13544 D NavigationTest: 536: (28.064659, -82.408014, 6.500000)	R:false  F:false
02-28 09:09:46.244 13511 13544 D NavigationTest: 537: (28.064659, -82.408014, 6.500000)	R:false  F:false
02-28 09:09:46.244 13511 13544 D NavServiceProvider: Second to last stop coordinates: 28.065759, -82.409847
02-28 09:09:46.244 13511 13544 D NavServiceProvider: Setting units automatically
02-28 09:09:46.245 13511 13544 D NavServiceProvider: Detecting stop. distance_d=214.31444. stop_type=1 speed=6.0
02-28 09:09:46.245 13511 13544 D NavigationTest: 538: (28.064712, -82.408014, 6.000000)	R:false  F:false
02-28 09:09:46.245 13511 13544 D NavigationTest: 539: (28.064712, -82.408014, 6.000000)	R:false  F:false
02-28 09:09:46.246 13511 13544 D NavServiceProvider: Second to last stop coordinates: 28.065759, -82.409847
02-28 09:09:46.246 13511 13544 D NavServiceProvider: Setting units automatically
02-28 09:09:46.247 13511 13544 D NavServiceProvider: Detecting stop. distance_d=211.51422. stop_type=1 speed=5.5
02-28 09:09:46.247 13511 13544 D NavigationTest: 540: (28.064758, -82.408015, 5.500000)	R:false  F:false
02-28 09:09:46.247 13511 13544 D NavigationTest: 541: (28.064758, -82.408015, 5.500000)	R:false  F:false
02-28 09:09:46.247 13511 13544 D NavServiceProvider: Second to last stop coordinates: 28.065759, -82.409847
02-28 09:09:46.247 13511 13544 D NavServiceProvider: Setting units automatically
02-28 09:09:46.248 13511 13544 D NavServiceProvider: Detecting stop. distance_d=208.5753. stop_type=1 speed=5.0
02-28 09:09:46.248 13511 13544 D NavigationTest: 542: (28.064805, -82.408018, 5.000000)	R:false  F:false
02-28 09:09:46.248 13511 13544 D NavServiceProvider: Second to last stop coordinates: 28.065759, -82.409847
02-28 09:09:46.249 13511 13544 D NavServiceProvider: Setting units automatically
02-28 09:09:46.250 13511 13544 D NavServiceProvider: Detecting stop. distance_d=205.5552. stop_type=1 speed=5.0
02-28 09:09:46.250 13511 13544 D NavigationTest: 543: (28.064852, -82.408023, 5.000000)	R:false  F:false
02-28 09:09:46.250 13511 13544 D NavigationTest: 544: (28.064852, -82.408023, 5.000000)	R:false  F:false
02-28 09:09:46.250 13511 13544 D NavServiceProvider: Second to last stop coordinates: 28.065759, -82.409847
02-28 09:09:46.250 13511 13544 D NavServiceProvider: Setting units automatically
02-28 09:09:46.251 13511 13544 D NavServiceProvider: Detecting stop. distance_d=202.92075. stop_type=1 speed=5.0
02-28 09:09:46.251 13511 13544 D NavigationTest: 545: (28.064895, -82.408027, 5.000000)	R:false  F:false
02-28 09:09:46.251 13511 13544 D NavigationTest: 546: (28.064895, -82.408027, 5.000000)	R:false  F:false
02-28 09:09:46.251 13511 13544 D NavServiceProvider: Second to last stop coordinates: 28.065759, -82.409847
02-28 09:09:46.252 13511 13544 D NavServiceProvider: Setting units automatically
02-28 09:09:46.254 13579 13616 D AudioTrack: stop(176): called with 15616 frames delivered
02-28 09:09:46.254 13579 13612 I SynthesisCache: streamCachedRequest call to callback.audioAvailable failed: -1
02-28 09:09:46.255 13579 13612 I GoogleTTSServiceImpl: Synthesis request for locale eng-USA and name en-US-language
02-28 09:09:46.255 13511 13544 D NavServiceProvider: -----Get ready!
02-28 09:09:46.255  2666  3413 D Avrcp_ext: AudioManager Player: ID:23 -- type:android.media.SoundPool -- u/pid:10126/2688 -- state:idle -- attr:AudioAttributes: usage=USAGE_ASSISTANCE_SONIFICATION content=CONTENT_TYPE_SONIFICATION flags=0x800 tags= bundle=null
02-28 09:09:46.256  2666  3413 D Avrcp_ext: AudioManager Player: ID:1255 -- type:android.media.AudioTrack -- u/pid:10088/13579 -- state:stopped -- attr:AudioAttributes: usage=USAGE_MEDIA content=CONTENT_TYPE_SPEECH flags=0x800 tags= bundle=null
02-28 09:09:46.256  2666  3413 D Avrcp_ext: AudioManager Player: ID:15 -- type:android.media.SoundPool -- u/pid:1000/1493 -- state:idle -- attr:AudioAttributes: usage=USAGE_ASSISTANCE_SONIFICATION content=CONTENT_TYPE_SONIFICATION flags=0x800 tags= bundle=null
02-28 09:09:46.256  2666  3413 D Avrcp_ext: AudioManager isPlaying: false
02-28 09:09:46.256  2666  3413 V Avrcp_ext: updateCurrentMediaState: mMediaController: null
02-28 09:09:46.256 13511 13544 D NavigationTest: 547: (28.064942, -82.408036, 5.250000)	R:true  F:false
02-28 09:09:46.256 13511 13544 D NavServiceProvider: Second to last stop coordinates: 28.065759, -82.409847
02-28 09:09:46.256 13511 13544 D NavServiceProvider: Setting units automatically
02-28 09:09:46.257 13579 13612 I GoogleTTSServiceImpl: TTS dispatch: en-us-x-iog-seanet-embedded
02-28 09:09:46.257  2666  3413 V Avrcp_ext: isMusicActive: true getBluetoothPlayState: 2
02-28 09:09:46.257  2666  3413 V Avrcp_ext: updateCurrentMediaState: isPlaying = false
02-28 09:09:46.257  2666  3413 V Avrcp_ext: Media update: id -1➡-1? [MediaAttributes: none] : [MediaAttributes: none]
02-28 09:09:46.257  2666  3413 V Avrcp_ext: newPlayStatus:2mReportedPlayStatus:-1
02-28 09:09:46.257  2666  3413 V Avrcp_ext: updatePlaybackState, state: PlaybackState {state=2, position=-1, buffered position=0, speed=0.0, updated=1789587, actions=0, custom actions=[], active item id=-1, error=null} device: null
02-28 09:09:46.257  2666  3413 V Avrcp_ext: Device: no name:
02-28 09:09:46.257  2666  3413 I chatty  : uid=1002(bluetooth) BluetoothAvrcpH identical 3 lines
02-28 09:09:46.257  2666  3413 V Avrcp_ext: Device: no name:
02-28 09:09:46.257  2666  3413 V Avrcp_ext: updatePlayerStateAndPosition, old=PlaybackState {state=2, position=-1, buffered position=0, speed=0.0, updated=1789132, actions=0, custom actions=[], active item id=-1, error=null}, state=PlaybackState {state=2, position=-1, buffered position=0, speed=0.0, updated=1789587, actions=0, custom actions=[], active item id=-1, error=null}
02-28 09:09:46.257  2666  3413 V Avrcp_ext: old state = PlaybackState {state=2, position=-1, buffered position=0, speed=0.0, updated=1789132, actions=0, custom actions=[], active item id=-1, error=null}, new state= PlaybackState {state=2, position=-1, buffered position=0, speed=0.0, updated=1789587, actions=0, custom actions=[], active item id=-1, error=null}
02-28 09:09:46.257  2666  3413 D HeadsetService: getHeadsetService(): returning com.android.bluetooth.hfp.HeadsetService@8a04d28
02-28 09:09:46.258  2666  3413 D HeadsetService:  isAudioOn: The number of audio connected devices 0
02-28 09:09:46.258  2666  3413 D HeadsetService: isScoOrCallActive(): Call Active:falseCall is Ringing:falseSCO is Active:false
02-28 09:09:46.258  2666  3413 D HeadsetService:  isAudioOn: The number of audio connected devices 0
02-28 09:09:46.258  2666  3413 I Avrcp_ext: updatePlayStatusForDevice: device: null
02-28 09:09:46.258  2666  3413 V Avrcp_ext: updatePlaybackState (1): old=PlaybackState {state=2, position=-1, buffered position=0, speed=0.0, updated=1789132, actions=0, custom actions=[], active item id=-1, error=null}(2), new=PlaybackState {state=2, position=-1, buffered position=0, speed=0.0, updated=1789587, actions=0, custom actions=[], active item id=-1, error=null}(2)
02-28 09:09:46.258  2666  3413 I Avrcp_ext: Exit updatePlayStatusForDevice
02-28 09:09:46.259 13511 13544 D NavServiceProvider: Detecting stop. distance_d=199.72664. stop_type=1 speed=5.25
02-28 09:09:46.259 13511 13544 D NavigationTest: 547: (28.064942, -82.408036, 5.250000)	R:true  F:false
02-28 09:09:46.259 13511 13544 D NavigationTest: 548: (28.064942, -82.408036, 5.250000)	R:true  F:false
02-28 09:09:46.259 13511 13544 D NavServiceProvider: Second to last stop coordinates: 28.065759, -82.409847
02-28 09:09:46.259  2666  3413 D HeadsetService:  isAudioOn: The number of audio connected devices 0
02-28 09:09:46.259  2666  3413 D HeadsetService: isScoOrCallActive(): Call Active:falseCall is Ringing:falseSCO is Active:false
02-28 09:09:46.260 13511 13544 D NavServiceProvider: Setting units automatically
02-28 09:09:46.260  2666  3413 D HeadsetService:  isAudioOn: The number of audio connected devices 0
02-28 09:09:46.260  2666  3413 I Avrcp_ext: updatePlayStatusForDevice: device: null
02-28 09:09:46.260  2666  3413 V Avrcp_ext: updatePlaybackState (1): old=PlaybackState {state=2, position=-1, buffered position=0, speed=0.0, updated=1789132, actions=0, custom actions=[], active item id=-1, error=null}(2), new=PlaybackState {state=2, position=-1, buffered position=0, speed=0.0, updated=1789587, actions=0, custom actions=[], active item id=-1, error=null}(2)
02-28 09:09:46.260  2666  3413 I Avrcp_ext: Exit updatePlayStatusForDevice
02-28 09:09:46.260  2666  3413 D HeadsetService:  isAudioOn: The number of audio connected devices 0
02-28 09:09:46.260  2666  3413 D HeadsetService: isScoOrCallActive(): Call Active:falseCall is Ringing:falseSCO is Active:false
02-28 09:09:46.261 13511 13544 D NavServiceProvider: Detecting stop. distance_d=196.65582. stop_type=1 speed=5.5
02-28 09:09:46.261 13511 13544 D NavigationTest: 549: (28.064992, -82.408043, 5.500000)	R:true  F:false
02-28 09:09:46.261 13511 13544 D NavServiceProvider: Second to last stop coordinates: 28.065759, -82.409847
02-28 09:09:46.261 13511 13544 D NavServiceProvider: Setting units automatically
02-28 09:09:46.263 13511 13544 D NavServiceProvider: Detecting stop. distance_d=193.7462. stop_type=1 speed=5.75
02-28 09:09:46.263 13511 13544 D NavigationTest: 550: (28.065037, -82.408052, 5.750000)	R:true  F:false
02-28 09:09:46.263 13511 13544 D NavigationTest: 551: (28.065037, -82.408052, 5.750000)	R:true  F:false
02-28 09:09:46.263 13511 13544 D NavServiceProvider: Second to last stop coordinates: 28.065759, -82.409847
02-28 09:09:46.263 13511 13544 D NavServiceProvider: Setting units automatically
02-28 09:09:46.264  2666  3413 D HeadsetService:  isAudioOn: The number of audio connected devices 0
02-28 09:09:46.264  2666  3413 I Avrcp_ext: updatePlayStatusForDevice: device: null
02-28 09:09:46.264  2666  3413 V Avrcp_ext: updatePlaybackState (1): old=PlaybackState {state=2, position=-1, buffered position=0, speed=0.0, updated=1789132, actions=0, custom actions=[], active item id=-1, error=null}(2), new=PlaybackState {state=2, position=-1, buffered position=0, speed=0.0, updated=1789587, actions=0, custom actions=[], active item id=-1, error=null}(2)
02-28 09:09:46.264  2666  3413 I Avrcp_ext: Exit updatePlayStatusForDevice
02-28 09:09:46.264  2666  3413 D HeadsetService:  isAudioOn: The number of audio connected devices 0
02-28 09:09:46.264  2666  3413 D HeadsetService: isScoOrCallActive(): Call Active:falseCall is Ringing:falseSCO is Active:false
02-28 09:09:46.264  2666  3413 D HeadsetService:  isAudioOn: The number of audio connected devices 0
02-28 09:09:46.264  2666  3413 I Avrcp_ext: updatePlayStatusForDevice: device: null
02-28 09:09:46.264  2666  3413 V Avrcp_ext: updatePlaybackState (1): old=PlaybackState {state=2, position=-1, buffered position=0, speed=0.0, updated=1789132, actions=0, custom actions=[], active item id=-1, error=null}(2), new=PlaybackState {state=2, position=-1, buffered position=0, speed=0.0, updated=1789587, actions=0, custom actions=[], active item id=-1, error=null}(2)
02-28 09:09:46.264  2666  3413 I Avrcp_ext: Exit updatePlayStatusForDevice
02-28 09:09:46.265  2666  3413 D HeadsetService:  isAudioOn: The number of audio connected devices 0
02-28 09:09:46.265  2666  3413 D HeadsetService: isScoOrCallActive(): Call Active:falseCall is Ringing:falseSCO is Active:false
02-28 09:09:46.265 13511 13544 D NavServiceProvider: Detecting stop. distance_d=190.5326. stop_type=1 speed=5.5
02-28 09:09:46.265 13511 13544 D NavigationTest: 552: (28.065089, -82.408062, 5.500000)	R:true  F:false
02-28 09:09:46.265 13511 13544 D NavigationTest: 553: (28.065089, -82.408062, 5.500000)	R:true  F:false
02-28 09:09:46.265 13511 13544 D NavServiceProvider: Second to last stop coordinates: 28.065759, -82.409847
02-28 09:09:46.265 13511 13544 D NavServiceProvider: Setting units automatically
02-28 09:09:46.267  2666  3413 D HeadsetService:  isAudioOn: The number of audio connected devices 0
02-28 09:09:46.267 13511 13544 D NavServiceProvider: Detecting stop. distance_d=188.41296. stop_type=1 speed=5.25
02-28 09:09:46.267  2666  3413 I Avrcp_ext: updatePlayStatusForDevice: device: null
02-28 09:09:46.267 13511 13544 D NavigationTest: 554: (28.065142, -82.408061, 5.250000)	R:true  F:false
02-28 09:09:46.267  2666  3413 V Avrcp_ext: updatePlaybackState (1): old=PlaybackState {state=2, position=-1, buffered position=0, speed=0.0, updated=1789132, actions=0, custom actions=[], active item id=-1, error=null}(2), new=PlaybackState {state=2, position=-1, buffered position=0, speed=0.0, updated=1789587, actions=0, custom actions=[], active item id=-1, error=null}(2)
02-28 09:09:46.267  2666  3413 I Avrcp_ext: Exit updatePlayStatusForDevice
02-28 09:09:46.267  2666  3413 D Avrcp_ext: Enter sendPlayPosNotificationRsp
02-28 09:09:46.267 13511 13544 D NavigationTest: 555: (28.065142, -82.408061, 5.250000)	R:true  F:false
02-28 09:09:46.267  2666  3413 D Avrcp_ext: sendPlayPosNotificationRsp: Not registered or requesting.
02-28 09:09:46.267  2666  3413 D Avrcp_ext: Enter sendPlayPosNotificationRsp
02-28 09:09:46.267 13511 13544 D NavigationTest: 556: (28.065142, -82.408061, 5.250000)	R:true  F:false
02-28 09:09:46.267  2666  3413 D Avrcp_ext: sendPlayPosNotificationRsp: Not registered or requesting.
02-28 09:09:46.267  2666  3413 D Avrcp_ext: Enter sendPlayPosNotificationRsp
02-28 09:09:46.267  2666  3413 D Avrcp_ext: sendPlayPosNotificationRsp: Not registered or requesting.
02-28 09:09:46.267 13511 13544 D NavigationTest: 557: (28.065142, -82.408061, 5.250000)	R:true  F:false
02-28 09:09:46.267  2666  3413 D Avrcp_ext: Enter sendPlayPosNotificationRsp
02-28 09:09:46.267  2666  3413 D Avrcp_ext: sendPlayPosNotificationRsp: Not registered or requesting.
02-28 09:09:46.267 13511 13544 D NavServiceProvider: Second to last stop coordinates: 28.065759, -82.409847
02-28 09:09:46.267  2666  3413 D Avrcp_ext: Enter sendPlayPosNotificationRsp
02-28 09:09:46.267  2666  3413 D Avrcp_ext: sendPlayPosNotificationRsp: Not registered or requesting.
02-28 09:09:46.267  2666  3413 V Avrcp_ext: Exit updatePlayerStateAndPosition
02-28 09:09:46.267  2666  3413 D Avrcp_ext: AudioManager Player: ID:23 -- type:android.media.SoundPool -- u/pid:10126/2688 -- state:idle -- attr:AudioAttributes: usage=USAGE_ASSISTANCE_SONIFICATION content=CONTENT_TYPE_SONIFICATION flags=0x800 tags= bundle=null
02-28 09:09:46.267  2666  3413 D Avrcp_ext: AudioManager Player: ID:15 -- type:android.media.SoundPool -- u/pid:1000/1493 -- state:idle -- attr:AudioAttributes: usage=USAGE_ASSISTANCE_SONIFICATION content=CONTENT_TYPE_SONIFICATION flags=0x800 tags= bundle=null
02-28 09:09:46.267  2666  3413 D Avrcp_ext: AudioManager isPlaying: false
02-28 09:09:46.267 13511 13544 D NavServiceProvider: Setting units automatically
02-28 09:09:46.268 13511 13544 D NavServiceProvider: Detecting stop. distance_d=186.16545. stop_type=1 speed=5.0
02-28 09:09:46.269 13511 13544 D NavigationTest: 558: (28.065183, -82.408068, 5.000000)	R:true  F:false
02-28 09:09:46.269 13511 13544 D NavigationTest: 559: (28.065183, -82.408068, 5.000000)	R:true  F:false
02-28 09:09:46.269 13511 13544 D NavServiceProvider: Second to last stop coordinates: 28.065759, -82.409847
02-28 09:09:46.269 13511 13544 D NavServiceProvider: Setting units automatically
02-28 09:09:46.270 13511 13544 D NavServiceProvider: Detecting stop. distance_d=185.49593. stop_type=1 speed=4.5
02-28 09:09:46.270 13511 13544 D NavigationTest: 560: (28.065211, -82.408064, 4.500000)	R:true  F:false
02-28 09:09:46.270 13511 13544 D NavServiceProvider: Second to last stop coordinates: 28.065759, -82.409847
02-28 09:09:46.271 13511 13544 D NavServiceProvider: Setting units automatically
02-28 09:09:46.272 13511 13544 D NavServiceProvider: Detecting stop. distance_d=184.78957. stop_type=1 speed=4.25
02-28 09:09:46.272 13511 13544 D NavigationTest: 561: (28.065247, -82.408058, 4.250000)	R:true  F:false
02-28 09:09:46.272 13511 13544 D NavigationTest: 562: (28.065247, -82.408058, 4.250000)	R:true  F:false
02-28 09:09:46.272 13511 13544 D NavServiceProvider: Second to last stop coordinates: 28.065759, -82.409847
02-28 09:09:46.273 13511 13544 D NavServiceProvider: Setting units automatically
02-28 09:09:46.274 13511 13544 D NavServiceProvider: Detecting stop. distance_d=184.20439. stop_type=1 speed=3.5
02-28 09:09:46.274 13511 13544 D NavigationTest: 563: (28.065276, -82.408054, 3.500000)	R:true  F:false
02-28 09:09:46.274 13511 13544 D NavigationTest: 564: (28.065276, -82.408054, 3.500000)	R:true  F:false
02-28 09:09:46.274 13511 13544 D NavServiceProvider: Second to last stop coordinates: 28.065759, -82.409847
02-28 09:09:46.275 13511 13544 D NavServiceProvider: Setting units automatically
02-28 09:09:46.276 13511 13544 D NavServiceProvider: Detecting stop. distance_d=184.76718. stop_type=1 speed=2.5
02-28 09:09:46.276 13511 13544 D NavigationTest: 565: (28.065294, -82.408042, 2.500000)	R:true  F:false
02-28 09:09:46.276 13511 13544 D NavigationTest: 566: (28.065294, -82.408042, 2.500000)	R:true  F:false
02-28 09:09:46.276 13511 13544 D NavServiceProvider: Second to last stop coordinates: 28.065759, -82.409847
02-28 09:09:46.277 13511 13544 D NavServiceProvider: Setting units automatically
02-28 09:09:46.278 13511 13544 D NavServiceProvider: Detecting stop. distance_d=184.30612. stop_type=1 speed=1.5
02-28 09:09:46.278 13511 13544 D NavigationTest: 567: (28.065306, -82.408043, 1.500000)	R:true  F:false
02-28 09:09:46.278 13511 13544 D NavigationTest: 568: (28.065306, -82.408043, 1.500000)	R:true  F:false
02-28 09:09:46.278 13511 13544 D NavServiceProvider: Second to last stop coordinates: 28.065759, -82.409847
02-28 09:09:46.279 13511 13544 D NavServiceProvider: Setting units automatically
02-28 09:09:46.280 13511 13544 D NavServiceProvider: Detecting stop. distance_d=183.43356. stop_type=1 speed=0.75
02-28 09:09:46.280 13511 13544 D NavigationTest: 569: (28.065313, -82.408050, 0.750000)	R:true  F:false
02-28 09:09:46.281 13511 13544 D NavServiceProvider: Second to last stop coordinates: 28.065759, -82.409847
02-28 09:09:46.281 13511 13544 D NavServiceProvider: Setting units automatically
02-28 09:09:46.282 13511 13544 D NavServiceProvider: Detecting stop. distance_d=183.66403. stop_type=1 speed=0.25
02-28 09:09:46.282 13511 13544 D NavigationTest: 570: (28.065318, -82.408046, 0.250000)	R:true  F:false
02-28 09:09:46.282 13511 13544 D NavigationTest: 571: (28.065318, -82.408046, 0.250000)	R:true  F:false
02-28 09:09:46.282 13511 13544 D NavServiceProvider: Second to last stop coordinates: 28.065759, -82.409847
02-28 09:09:46.283 13511 13544 D NavServiceProvider: Setting units automatically
02-28 09:09:46.284 13511 13544 D NavServiceProvider: Detecting stop. distance_d=183.81226. stop_type=1 speed=0.0
02-28 09:09:46.284 13511 13544 D NavigationTest: 572: (28.065313, -82.408046, 0.000000)	R:true  F:false
02-28 09:09:46.284 13511 13544 D NavigationTest: 573: (28.065313, -82.408046, 0.000000)	R:true  F:false
02-28 09:09:46.284 13511 13544 D NavServiceProvider: Second to last stop coordinates: 28.065759, -82.409847
02-28 09:09:46.285 13511 13544 D NavServiceProvider: Setting units automatically
02-28 09:09:46.286 13511 13544 D NavServiceProvider: Detecting stop. distance_d=183.54626. stop_type=1 speed=0.0
02-28 09:09:46.286 13511 13544 D NavigationTest: 574: (28.065303, -82.408052, 0.000000)	R:true  F:false
02-28 09:09:46.286 13511 13544 D NavServiceProvider: Second to last stop coordinates: 28.065759, -82.409847
02-28 09:09:46.286 13511 13544 D NavServiceProvider: Setting units automatically
02-28 09:09:46.287 13511 13544 D NavServiceProvider: Detecting stop. distance_d=182.98595. stop_type=1 speed=0.0
02-28 09:09:46.287 13511 13544 D NavigationTest: 575: (28.065309, -82.408056, 0.000000)	R:true  F:false
02-28 09:09:46.287 13511 13544 D NavigationTest: 576: (28.065309, -82.408056, 0.000000)	R:true  F:false
02-28 09:09:46.287 13511 13544 D NavServiceProvider: Second to last stop coordinates: 28.065759, -82.409847
02-28 09:09:46.288 13511 13544 D NavServiceProvider: Setting units automatically
02-28 09:09:46.289 13511 13544 D NavServiceProvider: Detecting stop. distance_d=183.20178. stop_type=1 speed=0.0
02-28 09:09:46.289 13511 13544 D NavigationTest: 577: (28.065305, -82.408055, 0.000000)	R:true  F:false
02-28 09:09:46.289 13511 13544 D NavigationTest: 578: (28.065305, -82.408055, 0.000000)	R:true  F:false
02-28 09:09:46.289 13511 13544 D NavServiceProvider: Second to last stop coordinates: 28.065759, -82.409847
02-28 09:09:46.290 13511 13544 D NavServiceProvider: Setting units automatically
02-28 09:09:46.291 13511 13544 D NavServiceProvider: Detecting stop. distance_d=182.91823. stop_type=1 speed=0.0
02-28 09:09:46.292 13511 13544 D NavigationTest: 579: (28.065305, -82.408058, 0.000000)	R:true  F:false
02-28 09:09:46.292 13511 13544 D NavigationTest: 580: (28.065305, -82.408058, 0.000000)	R:true  F:false
02-28 09:09:46.292 13511 13544 D NavServiceProvider: Second to last stop coordinates: 28.065759, -82.409847
02-28 09:09:46.292 13511 13544 D NavServiceProvider: Setting units automatically
02-28 09:09:46.294 13511 13544 D NavServiceProvider: Detecting stop. distance_d=183.07379. stop_type=1 speed=0.0
02-28 09:09:46.294 13511 13544 D NavigationTest: 581: (28.065303, -82.408057, 0.000000)	R:true  F:false
02-28 09:09:46.294 13511 13544 D NavServiceProvider: Second to last stop coordinates: 28.065759, -82.409847
02-28 09:09:46.294 13511 13544 D NavServiceProvider: Setting units automatically
02-28 09:09:46.296 13511 13544 D NavServiceProvider: Detecting stop. distance_d=183.07379. stop_type=1 speed=0.0
02-28 09:09:46.296 13511 13544 D NavigationTest: 582: (28.065303, -82.408057, 0.000000)	R:true  F:false
02-28 09:09:46.296 13511 13544 D NavigationTest: 583: (28.065303, -82.408057, 0.000000)	R:true  F:false
02-28 09:09:46.296 13511 13544 D NavServiceProvider: Second to last stop coordinates: 28.065759, -82.409847
02-28 09:09:46.296 13511 13544 D NavServiceProvider: Setting units automatically
02-28 09:09:46.298 13511 13544 D NavServiceProvider: Detecting stop. distance_d=183.29108. stop_type=1 speed=0.0
02-28 09:09:46.298 13511 13544 D NavigationTest: 584: (28.065299, -82.408056, 0.000000)	R:true  F:false
02-28 09:09:46.298 13511 13544 D NavServiceProvider: Second to last stop coordinates: 28.065759, -82.409847
02-28 09:09:46.298 13511 13544 D NavServiceProvider: Setting units automatically
02-28 09:09:46.300 13511 13544 D NavServiceProvider: Detecting stop. distance_d=183.41634. stop_type=1 speed=0.0
02-28 09:09:46.300 13511 13544 D NavigationTest: 585: (28.065298, -82.408055, 0.000000)	R:true  F:false
02-28 09:09:46.300 13511 13544 D NavigationTest: 586: (28.065298, -82.408055, 0.000000)	R:true  F:false
02-28 09:09:46.300 13511 13544 D NavServiceProvider: Second to last stop coordinates: 28.065759, -82.409847
02-28 09:09:46.300 13511 13544 D NavServiceProvider: Setting units automatically
02-28 09:09:46.302 13511 13544 D NavServiceProvider: Detecting stop. distance_d=183.63603. stop_type=1 speed=0.0
02-28 09:09:46.302 13511 13544 D NavigationTest: 587: (28.065297, -82.408053, 0.000000)	R:true  F:false
02-28 09:09:46.302 13511 13544 D NavigationTest: 588: (28.065297, -82.408053, 0.000000)	R:true  F:false
02-28 09:09:46.302 13511 13544 D NavServiceProvider: Second to last stop coordinates: 28.065759, -82.409847
02-28 09:09:46.302 13511 13544 D NavServiceProvider: Setting units automatically
02-28 09:09:46.303 13511 13544 D NavServiceProvider: Detecting stop. distance_d=183.88672. stop_type=1 speed=0.0
02-28 09:09:46.304 13511 13544 D NavigationTest: 589: (28.065295, -82.408051, 0.000000)	R:true  F:false
02-28 09:09:46.304 13511 13544 D NavServiceProvider: Second to last stop coordinates: 28.065759, -82.409847
02-28 09:09:46.304 13511 13544 D NavServiceProvider: Setting units automatically
02-28 09:09:46.305 13511 13544 D NavServiceProvider: Detecting stop. distance_d=183.6996. stop_type=1 speed=0.0
02-28 09:09:46.305 13511 13544 D NavigationTest: 590: (28.065298, -82.408052, 0.000000)	R:true  F:false
02-28 09:09:46.305 13511 13544 D NavigationTest: 591: (28.065298, -82.408052, 0.000000)	R:true  F:false
02-28 09:09:46.305 13511 13544 D NavigationTest: 592: (28.065298, -82.408052, 0.000000)	R:true  F:false
02-28 09:09:46.305 13511 13544 D NavServiceProvider: Second to last stop coordinates: 28.065759, -82.409847
02-28 09:09:46.306 13511 13544 D NavServiceProvider: Setting units automatically
02-28 09:09:46.307 13511 13544 D NavServiceProvider: Detecting stop. distance_d=183.98288. stop_type=1 speed=0.0
02-28 09:09:46.307 13511 13544 D NavigationTest: 593: (28.065298, -82.408049, 0.000000)	R:true  F:false
02-28 09:09:46.307 13511 13544 D NavServiceProvider: Second to last stop coordinates: 28.065759, -82.409847
02-28 09:09:46.307 13511 13544 D NavServiceProvider: Setting units automatically
02-28 09:09:46.309 13511 13544 D NavServiceProvider: Detecting stop. distance_d=183.91927. stop_type=1 speed=0.0
02-28 09:09:46.309 13511 13544 D NavigationTest: 594: (28.065297, -82.408050, 0.000000)	R:true  F:false
02-28 09:09:46.309 13511 13544 D NavigationTest: 595: (28.065297, -82.408050, 0.000000)	R:true  F:false
02-28 09:09:46.309 13511 13544 D NavServiceProvider: Second to last stop coordinates: 28.065759, -82.409847
02-28 09:09:46.309 13511 13544 D NavServiceProvider: Setting units automatically
02-28 09:09:46.311 13511 13544 D NavServiceProvider: Detecting stop. distance_d=183.91927. stop_type=1 speed=0.0
02-28 09:09:46.311 13511 13544 D NavigationTest: 596: (28.065297, -82.408050, 0.000000)	R:true  F:false
02-28 09:09:46.311 13511 13544 D NavigationTest: 597: (28.065297, -82.408050, 0.000000)	R:true  F:false
02-28 09:09:46.311 13511 13544 D NavServiceProvider: Second to last stop coordinates: 28.065759, -82.409847
02-28 09:09:46.311 13511 13544 D NavServiceProvider: Setting units automatically
02-28 09:09:46.312 13511 13544 D NavServiceProvider: Detecting stop. distance_d=183.82486. stop_type=1 speed=0.0
02-28 09:09:46.313 13511 13544 D NavigationTest: 598: (28.065297, -82.408051, 0.000000)	R:true  F:false
02-28 09:09:46.313 13511 13544 D NavServiceProvider: Second to last stop coordinates: 28.065759, -82.409847
02-28 09:09:46.313 13511 13544 D NavServiceProvider: Setting units automatically
02-28 09:09:46.314 13511 13544 D NavServiceProvider: Detecting stop. distance_d=183.91927. stop_type=1 speed=0.0
02-28 09:09:46.314 13511 13544 D NavigationTest: 599: (28.065297, -82.408050, 0.000000)	R:true  F:false
02-28 09:09:46.314 13511 13544 D NavigationTest: 600: (28.065297, -82.408050, 0.000000)	R:true  F:false
02-28 09:09:46.314 13511 13544 D NavServiceProvider: Second to last stop coordinates: 28.065759, -82.409847
02-28 09:09:46.314 13511 13544 D NavServiceProvider: Setting units automatically
02-28 09:09:46.315 13511 13544 D NavServiceProvider: Detecting stop. distance_d=183.91927. stop_type=1 speed=0.0
02-28 09:09:46.315 13511 13544 D NavigationTest: 601: (28.065297, -82.408050, 0.000000)	R:true  F:false
02-28 09:09:46.316 13511 13544 D NavigationTest: 602: (28.065297, -82.408050, 0.000000)	R:true  F:false
02-28 09:09:46.316 13511 13544 D NavServiceProvider: Second to last stop coordinates: 28.065759, -82.409847
02-28 09:09:46.316 13511 13544 D NavServiceProvider: Setting units automatically
02-28 09:09:46.317 13511 13544 D NavServiceProvider: Detecting stop. distance_d=183.98288. stop_type=1 speed=0.0
02-28 09:09:46.317 13511 13544 D NavigationTest: 603: (28.065298, -82.408049, 0.000000)	R:true  F:false
02-28 09:09:46.317 13511 13544 D NavigationTest: 604: (28.065298, -82.408049, 0.000000)	R:true  F:false
02-28 09:09:46.317 13511 13544 D NavServiceProvider: Second to last stop coordinates: 28.065759, -82.409847
02-28 09:09:46.317 13511 13544 D NavServiceProvider: Setting units automatically
02-28 09:09:46.318 13511 13544 D NavServiceProvider: Detecting stop. distance_d=184.17177. stop_type=1 speed=0.0
02-28 09:09:46.318 13511 13544 D NavigationTest: 605: (28.065298, -82.408047, 0.000000)	R:true  F:false
02-28 09:09:46.318 13511 13544 D NavServiceProvider: Second to last stop coordinates: 28.065759, -82.409847
02-28 09:09:46.319 13511 13544 D NavServiceProvider: Setting units automatically
02-28 09:09:46.320 13511 13544 D NavServiceProvider: Detecting stop. distance_d=184.17177. stop_type=1 speed=0.0
02-28 09:09:46.320 13511 13544 D NavigationTest: 606: (28.065298, -82.408047, 0.000000)	R:true  F:false
02-28 09:09:46.320 13511 13544 D NavigationTest: 607: (28.065298, -82.408047, 0.000000)	R:true  F:false
02-28 09:09:46.320 13511 13544 D NavServiceProvider: Second to last stop coordinates: 28.065759, -82.409847
02-28 09:09:46.320 13511 13544 D NavServiceProvider: Setting units automatically
02-28 09:09:46.321 13511 13544 D NavServiceProvider: Detecting stop. distance_d=183.82486. stop_type=1 speed=0.0
02-28 09:09:46.321 13511 13544 D NavigationTest: 608: (28.065297, -82.408051, 0.000000)	R:true  F:false
02-28 09:09:46.322 13511 13544 D NavigationTest: 609: (28.065297, -82.408051, 0.000000)	R:true  F:false
02-28 09:09:46.322 13511 13544 D NavServiceProvider: Second to last stop coordinates: 28.065759, -82.409847
02-28 09:09:46.322 13511 13544 D NavServiceProvider: Setting units automatically
02-28 09:09:46.323 13511 13544 D NavServiceProvider: Detecting stop. distance_d=183.73044. stop_type=1 speed=0.0
02-28 09:09:46.323 13511 13544 D NavigationTest: 610: (28.065297, -82.408052, 0.000000)	R:true  F:false
02-28 09:09:46.323 13511 13544 D NavServiceProvider: Second to last stop coordinates: 28.065759, -82.409847
02-28 09:09:46.323 13511 13544 D NavServiceProvider: Setting units automatically
02-28 09:09:46.324 13511 13544 D NavServiceProvider: Detecting stop. distance_d=183.73044. stop_type=1 speed=0.0
02-28 09:09:46.325 13511 13544 D NavigationTest: 611: (28.065297, -82.408052, 0.000000)	R:true  F:false
02-28 09:09:46.325 13511 13544 D NavigationTest: 612: (28.065297, -82.408052, 0.000000)	R:true  F:false
02-28 09:09:46.325 13511 13544 D NavServiceProvider: Second to last stop coordinates: 28.065759, -82.409847
02-28 09:09:46.325 13511 13544 D NavServiceProvider: Setting units automatically
02-28 09:09:46.326 13511 13544 D NavServiceProvider: Detecting stop. distance_d=183.73044. stop_type=1 speed=0.0
02-28 09:09:46.326 13511 13544 D NavigationTest: 613: (28.065297, -82.408052, 0.000000)	R:true  F:false
02-28 09:09:46.326 13511 13544 D NavigationTest: 614: (28.065297, -82.408052, 0.000000)	R:true  F:false
02-28 09:09:46.326 13511 13544 D NavServiceProvider: Second to last stop coordinates: 28.065759, -82.409847
02-28 09:09:46.326 13511 13544 D NavServiceProvider: Setting units automatically
02-28 09:09:46.327 13511 13544 D NavServiceProvider: Detecting stop. distance_d=183.73044. stop_type=1 speed=0.0
02-28 09:09:46.328 13511 13544 D NavigationTest: 615: (28.065297, -82.408052, 0.000000)	R:true  F:false
02-28 09:09:46.328 13511 13544 D NavServiceProvider: Second to last stop coordinates: 28.065759, -82.409847
02-28 09:09:46.328 13511 13544 D NavServiceProvider: Setting units automatically
02-28 09:09:46.329 13511 13544 D NavServiceProvider: Detecting stop. distance_d=183.51076. stop_type=1 speed=0.5
02-28 09:09:46.329 13511 13544 D NavigationTest: 616: (28.065298, -82.408054, 0.500000)	R:true  F:false
02-28 09:09:46.329 13511 13544 D NavigationTest: 617: (28.065298, -82.408054, 0.500000)	R:true  F:false
02-28 09:09:46.329 13511 13544 D NavServiceProvider: Second to last stop coordinates: 28.065759, -82.409847
02-28 09:09:46.329 13511 13544 D NavServiceProvider: Setting units automatically
02-28 09:09:46.331 13511 13544 D NavServiceProvider: Detecting stop. distance_d=183.72314. stop_type=1 speed=1.0
02-28 09:09:46.331 13511 13544 D NavigationTest: 618: (28.065316, -82.408046, 1.000000)	R:true  F:false
02-28 09:09:46.331 13511 13544 D NavigationTest: 619: (28.065316, -82.408046, 1.000000)	R:true  F:false
02-28 09:09:46.331 13511 13544 D NavServiceProvider: Second to last stop coordinates: 28.065759, -82.409847
02-28 09:09:46.331 13511 13544 D NavServiceProvider: Setting units automatically
02-28 09:09:46.332 13511 13544 D NavServiceProvider: Detecting stop. distance_d=184.18883. stop_type=1 speed=1.5
02-28 09:09:46.332 13511 13544 D NavigationTest: 620: (28.065336, -82.408035, 1.500000)	R:true  F:false
02-28 09:09:46.332 13511 13544 D NavServiceProvider: Second to last stop coordinates: 28.065759, -82.409847
02-28 09:09:46.332 13511 13544 D NavServiceProvider: Setting units automatically
02-28 09:09:46.334 13511 13544 D NavServiceProvider: Detecting stop. distance_d=183.87463. stop_type=1 speed=2.25
02-28 09:09:46.334 13511 13544 D NavigationTest: 621: (28.065365, -82.408030, 2.250000)	R:true  F:false
02-28 09:09:46.334 13511 13544 D NavigationTest: 622: (28.065365, -82.408030, 2.250000)	R:true  F:false
02-28 09:09:46.334 13511 13544 D NavServiceProvider: Second to last stop coordinates: 28.065759, -82.409847
02-28 09:09:46.334 13511 13544 D NavServiceProvider: Setting units automatically
02-28 09:09:46.335 13511 13544 D NavServiceProvider: Detecting stop. distance_d=183.01733. stop_type=1 speed=3.75
02-28 09:09:46.335 13511 13544 D NavigationTest: 623: (28.065407, -82.408028, 3.750000)	R:true  F:false
02-28 09:09:46.335 13511 13544 D NavigationTest: 624: (28.065407, -82.408028, 3.750000)	R:true  F:false
02-28 09:09:46.335 13511 13544 D NavServiceProvider: Second to last stop coordinates: 28.065759, -82.409847
02-28 09:09:46.335 13511 13544 D NavServiceProvider: Setting units automatically
02-28 09:09:46.336 13511 13544 D NavServiceProvider: Detecting stop. distance_d=181.60658. stop_type=1 speed=4.75
02-28 09:09:46.337 13511 13544 D NavigationTest: 625: (28.065458, -82.408031, 4.750000)	R:true  F:false
02-28 09:09:46.337 13511 13544 D NavigationTest: 626: (28.065458, -82.408031, 4.750000)	R:true  F:false
02-28 09:09:46.337 13511 13544 D NavServiceProvider: Second to last stop coordinates: 28.065759, -82.409847
02-28 09:09:46.337 13511 13544 D NavServiceProvider: Setting units automatically
02-28 09:09:46.338 13511 13544 D NavServiceProvider: Detecting stop. distance_d=180.35133. stop_type=1 speed=4.75
02-28 09:09:46.338 13511 13544 D NavigationTest: 627: (28.065504, -82.408035, 4.750000)	R:true  F:false
02-28 09:09:46.338 13511 13544 D NavigationTest: 628: (28.065504, -82.408035, 4.750000)	R:true  F:false
02-28 09:09:46.338 13511 13544 D NavServiceProvider: Second to last stop coordinates: 28.065759, -82.409847
02-28 09:09:46.338 13511 13544 D NavServiceProvider: Setting units automatically
02-28 09:09:46.339 13511 13544 D NavServiceProvider: Detecting stop. distance_d=179.59465. stop_type=1 speed=5.0
02-28 09:09:46.339 13511 13544 D NavigationTest: 629: (28.065552, -82.408035, 5.000000)	R:true  F:false
02-28 09:09:46.340 13511 13544 D NavServiceProvider: Second to last stop coordinates: 28.065759, -82.409847
02-28 09:09:46.340 13511 13544 D NavServiceProvider: Setting units automatically
02-28 09:09:46.341 13511 13544 D NavServiceProvider: Detecting stop. distance_d=176.5074. stop_type=1 speed=5.25
02-28 09:09:46.341 13511 13544 D NavigationTest: 630: (28.065613, -82.408059, 5.250000)	R:true  F:false
02-28 09:09:46.341 13511 13544 D NavigationTest: 631: (28.065613, -82.408059, 5.250000)	R:true  F:false
02-28 09:09:46.341 13511 13544 D NavServiceProvider: Second to last stop coordinates: 28.065759, -82.409847
02-28 09:09:46.341 13511 13544 D NavServiceProvider: Setting units automatically
02-28 09:09:46.342 13511 13544 D NavServiceProvider: Detecting stop. distance_d=174.37608. stop_type=1 speed=5.5
02-28 09:09:46.342 13511 13544 D NavigationTest: 632: (28.065655, -82.408077, 5.500000)	R:true  F:false
02-28 09:09:46.342 13511 13544 D NavServiceProvider: Second to last stop coordinates: 28.065759, -82.409847
02-28 09:09:46.343 13511 13544 D NavServiceProvider: Setting units automatically
02-28 09:09:46.344 13511 13544 D NavServiceProvider: Detecting stop. distance_d=170.87592. stop_type=1 speed=6.0
02-28 09:09:46.344 13511 13544 D NavigationTest: 633: (28.065700, -82.408110, 6.000000)	R:true  F:false
02-28 09:09:46.344 13511 13544 D NavigationTest: 634: (28.065700, -82.408110, 6.000000)	R:true  F:false
02-28 09:09:46.344 13511 13544 D NavServiceProvider: Second to last stop coordinates: 28.065759, -82.409847
02-28 09:09:46.344 13511 13544 D NavServiceProvider: Setting units automatically
02-28 09:09:46.345 13511 13544 D NavServiceProvider: Detecting stop. distance_d=163.9994. stop_type=1 speed=6.25
02-28 09:09:46.345 13511 13544 D NavigationTest: 635: (28.065730, -82.408179, 6.250000)	R:true  F:false
02-28 09:09:46.346 13511 13544 D NavigationTest: 636: (28.065730, -82.408179, 6.250000)	R:true  F:false
02-28 09:09:46.346 13511 13544 D NavServiceProvider: Second to last stop coordinates: 28.065759, -82.409847
02-28 09:09:46.346 13511 13544 D NavServiceProvider: Setting units automatically
02-28 09:09:46.347 13511 13544 D NavServiceProvider: Detecting stop. distance_d=157.10927. stop_type=1 speed=6.75
02-28 09:09:46.347 13511 13544 D NavigationTest: 637: (28.065735, -82.408249, 6.750000)	R:true  F:false
02-28 09:09:46.347 13511 13544 D NavigationTest: 638: (28.065735, -82.408249, 6.750000)	R:true  F:false
02-28 09:09:46.347 13511 13544 D NavServiceProvider: Second to last stop coordinates: 28.065759, -82.409847
02-28 09:09:46.348 13511 13544 D NavServiceProvider: Setting units automatically
02-28 09:09:46.349 13511 13544 D NavServiceProvider: Detecting stop. distance_d=149.92398. stop_type=1 speed=7.0
02-28 09:09:46.349 13511 13544 D NavigationTest: 639: (28.065741, -82.408322, 7.000000)	R:true  F:false
02-28 09:09:46.349 13511 13544 D NavigationTest: 640: (28.065741, -82.408322, 7.000000)	R:true  F:false
02-28 09:09:46.349 13511 13544 D NavServiceProvider: Second to last stop coordinates: 28.065759, -82.409847
02-28 09:09:46.350 13511 13544 D NavServiceProvider: Setting units automatically
02-28 09:09:46.351 13511 13544 D NavServiceProvider: Detecting stop. distance_d=142.74191. stop_type=1 speed=7.25
02-28 09:09:46.351 13511 13544 D NavigationTest: 641: (28.065746, -82.408395, 7.250000)	R:true  F:false
02-28 09:09:46.351 13511 13544 D NavServiceProvider: Second to last stop coordinates: 28.065759, -82.409847
02-28 09:09:46.351 13511 13544 D NavServiceProvider: Setting units automatically
02-28 09:09:46.353 13511 13544 D NavServiceProvider: Detecting stop. distance_d=133.80241. stop_type=1 speed=7.75
02-28 09:09:46.353 13511 13544 D NavigationTest: 642: (28.065742, -82.408486, 7.750000)	R:true  F:false
02-28 09:09:46.353 13511 13544 D NavigationTest: 643: (28.065742, -82.408486, 7.750000)	R:true  F:false
02-28 09:09:46.353 13511 13544 D NavServiceProvider: Second to last stop coordinates: 28.065759, -82.409847
02-28 09:09:46.353 13511 13544 D NavServiceProvider: Setting units automatically
02-28 09:09:46.354 13511 13544 D NavServiceProvider: Detecting stop. distance_d=126.922. stop_type=1 speed=7.0
02-28 09:09:46.354 13511 13544 D NavigationTest: 644: (28.065742, -82.408556, 7.000000)	R:true  F:false
02-28 09:09:46.354 13511 13544 D NavServiceProvider: Second to last stop coordinates: 28.065759, -82.409847
02-28 09:09:46.355 13511 13544 D NavServiceProvider: Setting units automatically
02-28 09:09:46.356 13511 13544 D NavServiceProvider: Detecting stop. distance_d=118.765686. stop_type=1 speed=7.25
02-28 09:09:46.356 13511 13544 D NavigationTest: 645: (28.065741, -82.408639, 7.250000)	R:true  F:false
02-28 09:09:46.356 13511 13544 D NavigationTest: 646: (28.065741, -82.408639, 7.250000)	R:true  F:false
02-28 09:09:46.356 13511 13544 D NavServiceProvider: Second to last stop coordinates: 28.065759, -82.409847
02-28 09:09:46.356 13511 13544 D NavServiceProvider: Setting units automatically
02-28 09:09:46.357 13511 13544 D NavServiceProvider: Detecting stop. distance_d=112.55939. stop_type=1 speed=6.75
02-28 09:09:46.357 13511 13544 D NavigationTest: 647: (28.065751, -82.408702, 6.750000)	R:true  F:false
02-28 09:09:46.357 13511 13544 D NavServiceProvider: Second to last stop coordinates: 28.065759, -82.409847
02-28 09:09:46.358 13511 13544 D NavServiceProvider: Setting units automatically
02-28 09:09:46.359 13511 13544 D NavServiceProvider: Detecting stop. distance_d=104.20871. stop_type=1 speed=6.75
