02-28 09:09:48.994 13511 13544 I TestRunner: started: testTrip28(org.onebusaway.android.nav.test.NavigationTest)
02-28 09:09:48.995 13511 13511 I MonitoringInstr: Activities that are still in CREATED to STOPPED: 0
02-28 09:09:48.997  3336  3336 D BoundBrokerSvc: onUnbind: Intent { act=com.google.android.gms.phenotype.service.START pkg=com.google.android.gms }
02-28 09:09:49.008 13511 13544 D NavServiceProvider: Creating NavigationServiceProvider...
02-28 09:09:49.008 13511 13544 D NavServiceProvider: Starting navigation for service
02-28 09:09:49.008 13511 13544 D NavServiceProvider: ProximityCalculator initializing...
02-28 09:09:49.008 13511 13544 D NavServiceProvider: Initializing ProximityCalculator
02-28 09:09:49.008 13511 13544 D NavServiceProvider: Number of path links: 1
02-28 09:09:49.009 13511 13544 D NavServiceProvider: Second to last stop coordinates: 28.068128, -82.393833
02-28 09:09:49.009 13511 13544 D NavServiceProvider: Setting units automatically
02-28 09:09:49.011 13511 13544 D NavServiceProvider: Detecting stop. distance_d=1841.2102. stop_type=1 speed=0.0
02-28 09:09:49.011 13511 13544 D NavigationTest: 0: (28.068907, -82.412543, 0.000000)	R:false  F:false
02-28 09:09:49.011 13511 13544 D NavServiceProvider: Second to last stop coordinates: 28.068128, -82.393833
02-28 09:09:49.011 13511 13544 D NavServiceProvider: Setting units automatically
02-28 09:09:49.012 13511 13544 D NavServiceProvider: Detecting stop. distance_d=1815.4536. stop_type=1 speed=4.41
02-28 09:09:49.013 13511 13544 D NavigationTest: 1: (28.069055, -82.412272, 4.410000)	R:false  F:false
02-28 09:09:49.013 13511 13544 D NavigationTest: 2: (28.069055, -82.412272, 4.410000)	R:false  F:false
02-28 09:09:49.013 13511 13544 D NavigationTest: 3: (28.069055, -82.412272, 4.410000)	R:false  F:false
02-28 09:09:49.013 13511 13544 D NavServiceProvider: Second to last stop coordinates: 28.068128, -82.393833
02-28 09:09:49.013 13511 13544 D NavServiceProvider: Setting units automatically
02-28 09:09:49.014 13511 13544 D NavServiceProvider: Detecting stop. distance_d=1810.9679. stop_type=1 speed=5.57
02-28 09:09:49.014 13511 13544 D NavigationTest: 4: (28.069075, -82.412225, 5.570000)	R:false  F:false
02-28 09:09:49.014 13511 13544 D NavigationTest: 5: (28.069075, -82.412225, 5.570000)	R:false  F:false
02-28 09:09:49.014 13511 13544 D NavigationTest: 6: (28.069075, -82.412225, 5.570000)	R:false  F:false
02-28 09:09:49.014 13511 13544 D NavigationTest: 7: (28.069075, -82.412225, 5.570000)	R:false  F:false
02-28 09:09:49.014 13511 13544 D NavServiceProvider: Second to last stop coordinates: 28.068128, -82.393833
02-28 09:09:49.015 13511 13544 D NavServiceProvider: Setting units automatically
02-28 09:09:49.016 13511 13544 D NavServiceProvider: Detecting stop. distance_d=1805.5763. stop_type=1 speed=7.21
02-28 09:09:49.016 13511 13544 D NavigationTest: 8: (28.069091, -82.412169, 7.210000)	R:false  F:false
02-28 09:09:49.016 13511 13544 D NavigationTest: 9: (28.069091, -82.412169, 7.210000)	R:false  F:false
02-28 09:09:49.016 13511 13544 D NavigationTest: 10: (28.069091, -82.412169, 7.210000)	R:false  F:false
02-28 09:09:49.016 13511 13544 D NavServiceProvider: Second to last stop coordinates: 28.068128, -82.393833
02-28 09:09:49.017 13511 13544 D NavServiceProvider: Setting units automatically
02-28 09:09:49.018 13511 13544 D NavServiceProvider: Detecting stop. distance_d=1805.596. stop_type=1 speed=5.98
02-28 09:09:49.018 13511 13544 D NavigationTest: 11: (28.069094, -82.412169, 5.980000)	R:false  F:false
02-28 09:09:49.018 13511 13544 D NavigationTest: 12: (28.069094, -82.412169, 5.980000)	R:false  F:false
02-28 09:09:49.018 13511 13544 D NavigationTest: 13: (28.069094, -82.412169, 5.980000)	R:false  F:false
02-28 09:09:49.018 13511 13544 D NavServiceProvider: Second to last stop coordinates: 28.068128, -82.393833
02-28 09:09:49.018 13511 13544 D NavServiceProvider: Setting units automatically
02-28 09:09:49.019 13511 13544 D NavServiceProvider: Detecting stop. distance_d=1793.6636. stop_type=1 speed=9.67
02-28 09:09:49.019 13511 13544 D NavigationTest: 14: (28.069085, -82.412048, 9.670000)	R:false  F:false
02-28 09:09:49.019 13511 13544 D NavigationTest: 15: (28.069085, -82.412048, 9.670000)	R:false  F:false
02-28 09:09:49.019 13511 13544 D NavServiceProvider: Second to last stop coordinates: 28.068128, -82.393833
02-28 09:09:49.020 13511 13544 D NavServiceProvider: Setting units automatically
02-28 09:09:49.021 13511 13544 D NavServiceProvider: Detecting stop. distance_d=1788.3059. stop_type=1 speed=8.53
02-28 09:09:49.021 13511 13544 D NavigationTest: 16: (28.069076, -82.411994, 8.530000)	R:false  F:false
02-28 09:09:49.021 13511 13544 D NavigationTest: 17: (28.069076, -82.411994, 8.530000)	R:false  F:false
02-28 09:09:49.021 13511 13544 D NavigationTest: 18: (28.069076, -82.411994, 8.530000)	R:false  F:false
02-28 09:09:49.021 13511 13544 D NavServiceProvider: Second to last stop coordinates: 28.068128, -82.393833
02-28 09:09:49.021 13511 13544 D NavServiceProvider: Setting units automatically
02-28 09:09:49.023 13511 13544 D NavServiceProvider: Detecting stop. distance_d=1775.4719. stop_type=1 speed=11.58
02-28 09:09:49.023 13511 13544 D NavigationTest: 19: (28.069094, -82.411862, 11.580000)	R:false  F:false
02-28 09:09:49.023 13511 13544 D NavigationTest: 20: (28.069094, -82.411862, 11.580000)	R:false  F:false
02-28 09:09:49.023 13511 13544 D NavigationTest: 21: (28.069094, -82.411862, 11.580000)	R:false  F:false
02-28 09:09:49.023 13511 13544 D NavServiceProvider: Second to last stop coordinates: 28.068128, -82.393833
02-28 09:09:49.023 13511 13544 D NavServiceProvider: Setting units automatically
02-28 09:09:49.024 13511 13544 D NavServiceProvider: Detecting stop. distance_d=1764.8174. stop_type=1 speed=11.52
02-28 09:09:49.024 13511 13544 D NavigationTest: 22: (28.069100, -82.411753, 11.520000)	R:false  F:false
02-28 09:09:49.024 13511 13544 D NavigationTest: 23: (28.069100, -82.411753, 11.520000)	R:false  F:false
02-28 09:09:49.024 13511 13544 D NavigationTest: 24: (28.069100, -82.411753, 11.520000)	R:false  F:false
02-28 09:09:49.025 13511 13544 D NavServiceProvider: Second to last stop coordinates: 28.068128, -82.393833
02-28 09:09:49.025 13511 13544 D NavServiceProvider: Setting units automatically
02-28 09:09:49.027 13511 13544 D NavServiceProvider: Detecting stop. distance_d=1753.0337. stop_type=1 speed=11.54
02-28 09:09:49.027 13511 13544 D NavigationTest: 25: (28.069084, -82.411634, 11.540000)	R:false  F:false
02-28 09:09:49.027 13511 13544 D NavigationTest: 26: (28.069084, -82.411634, 11.540000)	R:false  F:false
02-28 09:09:49.027 13511 13544 D NavigationTest: 27: (28.069084, -82.411634, 11.540000)	R:false  F:false
02-28 09:09:49.027 13511 13544 D NavServiceProvider: Second to last stop coordinates: 28.068128, -82.393833
02-28 09:09:49.027 13511 13544 D NavServiceProvider: Setting units automatically
02-28 09:09:49.029 13511 13544 D NavServiceProvider: Detecting stop. distance_d=1743.1749. stop_type=1 speed=11.17
02-28 09:09:49.029 13511 13544 D NavigationTest: 28: (28.069077, -82.411534, 11.170000)	R:false  F:false
02-28 09:09:49.029 13511 13544 D NavigationTest: 29: (28.069077, -82.411534, 11.170000)	R:false  F:false
02-28 09:09:49.029 13511 13544 D NavServiceProvider: Second to last stop coordinates: 28.068128, -82.393833
02-28 09:09:49.030 13511 13544 D NavServiceProvider: Setting units automatically
02-28 09:09:49.031 13511 13544 D NavServiceProvider: Detecting stop. distance_d=1731.2556. stop_type=1 speed=10.97
02-28 09:09:49.031 13511 13544 D NavigationTest: 30: (28.069070, -82.411413, 10.970000)	R:false  F:false
02-28 09:09:49.031 13511 13544 D NavigationTest: 31: (28.069070, -82.411413, 10.970000)	R:false  F:false
02-28 09:09:49.031 13511 13544 D NavigationTest: 32: (28.069070, -82.411413, 10.970000)	R:false  F:false
02-28 09:09:49.031 13511 13544 D NavServiceProvider: Second to last stop coordinates: 28.068128, -82.393833
02-28 09:09:49.032 13511 13544 D NavServiceProvider: Setting units automatically
02-28 09:09:49.033 13511 13544 D NavServiceProvider: Detecting stop. distance_d=1719.5974. stop_type=1 speed=11.12
02-28 09:09:49.033 13511 13544 D NavigationTest: 33: (28.069058, -82.411295, 11.120000)	R:false  F:false
02-28 09:09:49.033 13511 13544 D NavigationTest: 34: (28.069058, -82.411295, 11.120000)	R:false  F:false
02-28 09:09:49.033 13511 13544 D NavigationTest: 35: (28.069058, -82.411295, 11.120000)	R:false  F:false
02-28 09:09:49.033 13511 13544 D NavServiceProvider: Second to last stop coordinates: 28.068128, -82.393833
02-28 09:09:49.033 13511 13544 D NavServiceProvider: Setting units automatically
02-28 09:09:49.035 13511 13544 D NavServiceProvider: Detecting stop. distance_d=1708.4963. stop_type=1 speed=10.92
02-28 09:09:49.035 13511 13544 D NavigationTest: 36: (28.069056, -82.411182, 10.920000)	R:false  F:false
02-28 09:09:49.035 13511 13544 D NavigationTest: 37: (28.069056, -82.411182, 10.920000)	R:false  F:false
02-28 09:09:49.035 13511 13544 D NavigationTest: 38: (28.069056, -82.411182, 10.920000)	R:false  F:false
02-28 09:09:49.035 13511 13544 D NavServiceProvider: Second to last stop coordinates: 28.068128, -82.393833
02-28 09:09:49.035 13511 13544 D NavServiceProvider: Setting units automatically
02-28 09:09:49.036 13511 13544 D NavServiceProvider: Detecting stop. distance_d=1697.3619. stop_type=1 speed=10.53
02-28 09:09:49.036 13511 13544 D NavigationTest: 39: (28.069049, -82.411069, 10.530000)	R:false  F:false
02-28 09:09:49.036 13511 13544 D NavigationTest: 40: (28.069049, -82.411069, 10.530000)	R:false  F:false
02-28 09:09:49.036 13511 13544 D NavServiceProvider: Second to last stop coordinates: 28.068128, -82.393833
02-28 09:09:49.037 13511 13544 D NavServiceProvider: Setting units automatically
02-28 09:09:49.038 13511 13544 D NavServiceProvider: Detecting stop. distance_d=1687.851. stop_type=1 speed=9.87
02-28 09:09:49.038 13511 13544 D NavigationTest: 41: (28.069050, -82.410972, 9.870000)	R:false  F:false
02-28 09:09:49.038 13511 13544 D NavigationTest: 42: (28.069050, -82.410972, 9.870000)	R:false  F:false
02-28 09:09:49.038 13511 13544 D NavigationTest: 43: (28.069050, -82.410972, 9.870000)	R:false  F:false
02-28 09:09:49.038 13511 13544 D NavServiceProvider: Second to last stop coordinates: 28.068128, -82.393833
02-28 09:09:49.038 13511 13544 D NavServiceProvider: Setting units automatically
02-28 09:09:49.040 13511 13544 D NavServiceProvider: Detecting stop. distance_d=1678.3538. stop_type=1 speed=9.67
02-28 09:09:49.040 13511 13544 D NavigationTest: 44: (28.069053, -82.410875, 9.670000)	R:false  F:false
02-28 09:09:49.040 13511 13544 D NavigationTest: 45: (28.069053, -82.410875, 9.670000)	R:false  F:false
02-28 09:09:49.040 13511 13544 D NavigationTest: 46: (28.069053, -82.410875, 9.670000)	R:false  F:false
02-28 09:09:49.040 13511 13544 D NavServiceProvider: Second to last stop coordinates: 28.068128, -82.393833
02-28 09:09:49.040 13511 13544 D NavServiceProvider: Setting units automatically
02-28 09:09:49.041 13511 13544 D NavServiceProvider: Detecting stop. distance_d=1669.74. stop_type=1 speed=8.83
02-28 09:09:49.042 13511 13544 D NavigationTest: 47: (28.069056, -82.410787, 8.830000)	R:false  F:false
02-28 09:09:49.042 13511 13544 D NavigationTest: 48: (28.069056, -82.410787, 8.830000)	R:false  F:false
02-28 09:09:49.042 13511 13544 D NavServiceProvider: Second to last stop coordinates: 28.068128, -82.393833
02-28 09:09:49.042 13511 13544 D NavServiceProvider: Setting units automatically
02-28 09:09:49.043 13511 13544 D NavServiceProvider: Detecting stop. distance_d=1661.793. stop_type=1 speed=7.47
02-28 09:09:49.043 13511 13544 D NavigationTest: 49: (28.069056, -82.410706, 7.470000)	R:false  F:false
02-28 09:09:49.043 13511 13544 D NavigationTest: 50: (28.069056, -82.410706, 7.470000)	R:false  F:false
02-28 09:09:49.043 13511 13544 D NavigationTest: 51: (28.069056, -82.410706, 7.470000)	R:false  F:false
02-28 09:09:49.043 13511 13544 D NavServiceProvider: Second to last stop coordinates: 28.068128, -82.393833
02-28 09:09:49.044 13511 13544 D NavServiceProvider: Setting units automatically
02-28 09:09:49.045 13511 13544 D NavServiceProvider: Detecting stop. distance_d=1654.4209. stop_type=1 speed=7.1
02-28 09:09:49.045 13511 13544 D NavigationTest: 52: (28.069054, -82.410631, 7.100000)	R:false  F:false
02-28 09:09:49.045 13511 13544 D NavigationTest: 53: (28.069054, -82.410631, 7.100000)	R:false  F:false
02-28 09:09:49.045 13511 13544 D NavServiceProvider: Second to last stop coordinates: 28.068128, -82.393833
02-28 09:09:49.046 13511 13544 D NavServiceProvider: Setting units automatically
02-28 09:09:49.047 13511 13544 D NavServiceProvider: Detecting stop. distance_d=1647.0903. stop_type=1 speed=7.15
02-28 09:09:49.047 13511 13544 D NavigationTest: 54: (28.069058, -82.410556, 7.150000)	R:false  F:false
02-28 09:09:49.047 13511 13544 D NavigationTest: 55: (28.069058, -82.410556, 7.150000)	R:false  F:false
02-28 09:09:49.047 13511 13544 D NavigationTest: 56: (28.069058, -82.410556, 7.150000)	R:false  F:false
02-28 09:09:49.048 13511 13544 D NavServiceProvider: Second to last stop coordinates: 28.068128, -82.393833
02-28 09:09:49.048 13511 13544 D NavServiceProvider: Setting units automatically
02-28 09:09:49.049 13511 13544 D NavServiceProvider: Detecting stop. distance_d=1640.1882. stop_type=1 speed=6.64
02-28 09:09:49.049 13511 13544 D NavigationTest: 57: (28.069053, -82.410486, 6.640000)	R:false  F:false
02-28 09:09:49.049 13511 13544 D NavigationTest: 58: (28.069053, -82.410486, 6.640000)	R:false  F:false
02-28 09:09:49.049 13511 13544 D NavigationTest: 59: (28.069053, -82.410486, 6.640000)	R:false  F:false
02-28 09:09:49.049 13511 13544 D NavServiceProvider: Second to last stop coordinates: 28.068128, -82.393833
02-28 09:09:49.050 13511 13544 D NavServiceProvider: Setting units automatically
02-28 09:09:49.051 13511 13544 D NavServiceProvider: Detecting stop. distance_d=1639.2769. stop_type=1 speed=2.29
02-28 09:09:49.051 13511 13544 D NavigationTest: 60: (28.069063, -82.410476, 2.290000)	R:false  F:false
02-28 09:09:49.051 13511 13544 D NavigationTest: 61: (28.069063, -82.410476, 2.290000)	R:false  F:false
02-28 09:09:49.051 13511 13544 D NavServiceProvider: Second to last stop coordinates: 28.068128, -82.393833
02-28 09:09:49.051 13579 13612 W EventProcessor: callback.start() returned error code: -1
02-28 09:09:49.052 13511 13544 D NavServiceProvider: Setting units automatically
02-28 09:09:49.053 13511 13544 D NavServiceProvider: Detecting stop. distance_d=1636.8173. stop_type=1 speed=3.5
02-28 09:09:49.054 13511 13544 D NavigationTest: 62: (28.069062, -82.410451, 3.500000)	R:false  F:false
02-28 09:09:49.054 13511 13544 D NavigationTest: 63: (28.069062, -82.410451, 3.500000)	R:false  F:false
02-28 09:09:49.054 13511 13544 D NavigationTest: 64: (28.069062, -82.410451, 3.500000)	R:false  F:false
02-28 09:09:49.054 13511 13544 D NavServiceProvider: Second to last stop coordinates: 28.068128, -82.393833
02-28 09:09:49.054 13511 13544 D NavServiceProvider: Setting units automatically
02-28 09:09:49.056 13511 13544 D NavServiceProvider: Detecting stop. distance_d=1636.7754. stop_type=1 speed=1.01
02-28 09:09:49.056 13511 13544 D NavigationTest: 65: (28.069056, -82.410451, 1.010000)	R:false  F:false
02-28 09:09:49.056 13511 13544 D NavigationTest: 66: (28.069056, -82.410451, 1.010000)	R:false  F:false
02-28 09:09:49.056 13511 13544 D NavServiceProvider: Second to last stop coordinates: 28.068128, -82.393833
02-28 09:09:49.056 13511 13544 D NavServiceProvider: Setting units automatically
02-28 09:09:49.057 13511 13544 D NavServiceProvider: Detecting stop. distance_d=1634.4487. stop_type=1 speed=1.82
02-28 09:09:49.057 13511 13544 D NavigationTest: 67: (28.069060, -82.410427, 1.820000)	R:false  F:false
02-28 09:09:49.057 13511 13544 D NavigationTest: 68: (28.069060, -82.410427, 1.820000)	R:false  F:false
02-28 09:09:49.057 13511 13544 D NavigationTest: 69: (28.069060, -82.410427, 1.820000)	R:false  F:false
02-28 09:09:49.057 13511 13544 D NavServiceProvider: Second to last stop coordinates: 28.068128, -82.393833
02-28 09:09:49.058 13511 13544 D NavServiceProvider: Setting units automatically
02-28 09:09:49.059 13511 13544 D NavServiceProvider: Detecting stop. distance_d=1632.9146. stop_type=1 speed=1.61
02-28 09:09:49.059 13511 13544 D NavigationTest: 70: (28.069051, -82.410412, 1.610000)	R:false  F:false
02-28 09:09:49.059 13511 13544 D NavigationTest: 71: (28.069051, -82.410412, 1.610000)	R:false  F:false
02-28 09:09:49.059 13511 13544 D NavigationTest: 72: (28.069051, -82.410412, 1.610000)	R:false  F:false
02-28 09:09:49.059 13511 13544 D NavServiceProvider: Second to last stop coordinates: 28.068128, -82.393833
02-28 09:09:49.060 13511 13544 D NavServiceProvider: Setting units automatically
02-28 09:09:49.061 13511 13544 D NavServiceProvider: Detecting stop. distance_d=1632.3756. stop_type=1 speed=1.18
02-28 09:09:49.061 13511 13544 D NavigationTest: 73: (28.069044, -82.410407, 1.180000)	R:false  F:false
02-28 09:09:49.061 13511 13544 D NavigationTest: 74: (28.069044, -82.410407, 1.180000)	R:false  F:false
02-28 09:09:49.061 13511 13544 D NavServiceProvider: Second to last stop coordinates: 28.068128, -82.393833
02-28 09:09:49.061 13511 13544 D NavServiceProvider: Setting units automatically
02-28 09:09:49.063 13511 13544 D NavServiceProvider: Detecting stop. distance_d=1632.46. stop_type=1 speed=0.91
02-28 09:09:49.063 13511 13544 D NavigationTest: 75: (28.069042, -82.410408, 0.910000)	R:false  F:false
02-28 09:09:49.063 13511 13544 D NavigationTest: 76: (28.069042, -82.410408, 0.910000)	R:false  F:false
02-28 09:09:49.063 13511 13544 D NavigationTest: 77: (28.069042, -82.410408, 0.910000)	R:false  F:false
02-28 09:09:49.063 13511 13544 D NavServiceProvider: Second to last stop coordinates: 28.068128, -82.393833
02-28 09:09:49.064 13511 13544 D NavServiceProvider: Setting units automatically
02-28 09:09:49.065 13511 13544 D NavServiceProvider: Detecting stop. distance_d=1632.145. stop_type=1 speed=0.25
02-28 09:09:49.065 13511 13544 D NavigationTest: 78: (28.069039, -82.410405, 0.250000)	R:false  F:false
02-28 09:09:49.065 13511 13544 D NavigationTest: 79: (28.069039, -82.410405, 0.250000)	R:false  F:false
02-28 09:09:49.065 13511 13544 D NavServiceProvider: Second to last stop coordinates: 28.068128, -82.393833
02-28 09:09:49.066 13511 13544 D NavServiceProvider: Setting units automatically
02-28 09:09:49.066 13579 13612 I GoogleTTSServiceImpl: Synthesis request for locale eng-USA and name en-US-language
02-28 09:09:49.067 13579 13612 I GoogleTTSServiceImpl: TTS dispatch: en-us-x-iog-seanet-embedded
02-28 09:09:49.067 13511 13544 D NavServiceProvider: Detecting stop. distance_d=1634.7736. stop_type=1 speed=0.44
02-28 09:09:49.067 13511 13544 D NavigationTest: 80: (28.069036, -82.410432, 0.440000)	R:false  F:false
02-28 09:09:49.067 13511 13544 D NavigationTest: 81: (28.069036, -82.410432, 0.440000)	R:false  F:false
02-28 09:09:49.067 13511 13544 D NavigationTest: 82: (28.069036, -82.410432, 0.440000)	R:false  F:false
02-28 09:09:49.067 13511 13544 D NavServiceProvider: Second to last stop coordinates: 28.068128, -82.393833
02-28 09:09:49.067 13511 13544 D NavServiceProvider: Setting units automatically
02-28 09:09:49.068 13511 13544 D NavServiceProvider: Detecting stop. distance_d=1634.2898. stop_type=1 speed=0.25
02-28 09:09:49.069 13511 13544 D NavigationTest: 83: (28.069037, -82.410427, 0.250000)	R:false  F:false
02-28 09:09:49.069 13511 13544 D NavigationTest: 84: (28.069037, -82.410427, 0.250000)	R:false  F:false
02-28 09:09:49.069 13511 13544 D NavServiceProvider: Second to last stop coordinates: 28.068128, -82.393833
02-28 09:09:49.069 13511 13544 D NavServiceProvider: Setting units automatically
02-28 09:09:49.070 13511 13544 D NavServiceProvider: Detecting stop. distance_d=1631.892. stop_type=1 speed=0.16
02-28 09:09:49.070 13511 13544 D NavigationTest: 85: (28.069045, -82.410402, 0.160000)	R:false  F:false
02-28 09:09:49.070 13511 13544 D NavigationTest: 86: (28.069045, -82.410402, 0.160000)	R:false  F:false
02-28 09:09:49.070 13511 13544 D NavigationTest: 87: (28.069045, -82.410402, 0.160000)	R:false  F:false
02-28 09:09:49.070 13511 13544 D NavServiceProvider: Second to last stop coordinates: 28.068128, -82.393833
02-28 09:09:49.070   871   871 D audio_hw_primary: adev_get_parameters:vr_audio_mode_on
02-28 09:09:49.071   871   871 I audio_hw_primary: getting vr mode to 0
02-28 09:09:49.071   871   871 D audio_hw_primary: adev_get_parameters: exit: returns - vr_audio_mode_on=false
02-28 09:09:49.071   959  2592 I hash_map_utils: key: 'vr_audio_mode_on' value: ''
02-28 09:09:49.071 13511 13544 D NavServiceProvider: Setting units automatically
02-28 09:09:49.071   959  2592 I AudioPolicyManagerCustom: VR mode is 0, switch to primary output if request is for fast|raw
02-28 09:09:49.071   959  2592 I AudioPolicyManagerCustom: setting force DEEP buffer now
02-28 09:09:49.071   959  2592 D AudioFlinger: Client defaulted notificationFrames to 2048 for frameCount 4096
02-28 09:09:49.072 13511 13544 D NavServiceProvider: Detecting stop. distance_d=1632.7749. stop_type=1 speed=0.0
02-28 09:09:49.072 13511 13544 D NavigationTest: 88: (28.069045, -82.410411, 0.000000)	R:false  F:false
02-28 09:09:49.072 13511 13544 D NavigationTest: 89: (28.069045, -82.410411, 0.000000)	R:false  F:false
02-28 09:09:49.072 13511 13544 D NavigationTest: 90: (28.069045, -82.410411, 0.000000)	R:false  F:false
02-28 09:09:49.072 13511 13544 D NavServiceProvider: Second to last stop coordinates: 28.068128, -82.393833
02-28 09:09:49.073   959  2592 D AF::TrackHandle: OpPlayAudio: track:217 usage:1 not muted
02-28 09:09:49.073 13511 13544 D NavServiceProvider: Setting units automatically
02-28 09:09:49.074 13511 13544 D NavServiceProvider: Detecting stop. distance_d=1631.1694. stop_type=1 speed=0.0
02-28 09:09:49.074 13511 13544 D NavigationTest: 91: (28.069054, -82.410394, 0.000000)	R:false  F:false
02-28 09:09:49.074 13511 13544 D NavigationTest: 92: (28.069054, -82.410394, 0.000000)	R:false  F:false
02-28 09:09:49.074 13511 13544 D NavServiceProvider: Second to last stop coordinates: 28.068128, -82.393833
02-28 09:09:49.074 13511 13544 D NavServiceProvider: Setting units automatically
02-28 09:09:49.075 13511 13544 D NavServiceProvider: Detecting stop. distance_d=1631.2606. stop_type=1 speed=0.0
02-28 09:09:49.075 13511 13544 D NavigationTest: 93: (28.069053, -82.410395, 0.000000)	R:false  F:false
02-28 09:09:49.075 13511 13544 D NavigationTest: 94: (28.069053, -82.410395, 0.000000)	R:false  F:false
02-28 09:09:49.076 13511 13544 D NavigationTest: 95: (28.069053, -82.410395, 0.000000)	R:false  F:false
02-28 09:09:49.076 13511 13544 D NavServiceProvider: Second to last stop coordinates: 28.068128, -82.393833
02-28 09:09:49.076 13511 13544 D NavServiceProvider: Setting units automatically
02-28 09:09:49.077  2666  3413 D Avrcp_ext: AudioManager Player: ID:23 -- type:android.media.SoundPool -- u/pid:10126/2688 -- state:idle -- attr:AudioAttributes: usage=USAGE_ASSISTANCE_SONIFICATION content=CONTENT_TYPE_SONIFICATION flags=0x800 tags= bundle=null
02-28 09:09:49.077  2666  3413 D Avrcp_ext: AudioManager Player: ID:15 -- type:android.media.SoundPool -- u/pid:1000/1493 -- state:idle -- attr:AudioAttributes: usage=USAGE_ASSISTANCE_SONIFICATION content=CONTENT_TYPE_SONIFICATION flags=0x800 tags= bundle=null
02-28 09:09:49.077  2666  3413 D Avrcp_ext: AudioManager Player: ID:1327 -- type:android.media.AudioTrack -- u/pid:10088/13579 -- state:started -- attr:AudioAttributes: usage=USAGE_MEDIA content=CONTENT_TYPE_SPEECH flags=0x800 tags= bundle=null
02-28 09:09:49.077  2666  3413 D Avrcp_ext: AudioManager isPlaying: true
02-28 09:09:49.077  2666  3413 V Avrcp_ext: updateCurrentMediaState: mMediaController: null
02-28 09:09:49.077 13511 13544 D NavServiceProvider: Detecting stop. distance_d=1631.7511. stop_type=1 speed=0.0
02-28 09:09:49.077 13511 13544 D NavigationTest: 96: (28.069053, -82.410400, 0.000000)	R:false  F:false
02-28 09:09:49.077 13511 13544 D NavigationTest: 97: (28.069053, -82.410400, 0.000000)	R:false  F:false
02-28 09:09:49.077 13511 13544 D NavigationTest: 98: (28.069053, -82.410400, 0.000000)	R:false  F:false
02-28 09:09:49.077 13511 13544 D NavServiceProvider: Second to last stop coordinates: 28.068128, -82.393833
02-28 09:09:49.077  2666  3413 V Avrcp_ext: isMusicActive: true getBluetoothPlayState: 2
02-28 09:09:49.077  2666  3413 V Avrcp_ext: updateCurrentMediaState: isPlaying = false
02-28 09:09:49.078  2666  3413 V Avrcp_ext: Media update: id -1➡-1? [MediaAttributes: none] : [MediaAttributes: none]
02-28 09:09:49.078 13511 13544 D NavServiceProvider: Setting units automatically
02-28 09:09:49.078  2666  3413 V Avrcp_ext: newPlayStatus:2mReportedPlayStatus:-1
02-28 09:09:49.078  2666  3413 V Avrcp_ext: updatePlaybackState, state: PlaybackState {state=2, position=-1, buffered position=0, speed=0.0, updated=1792408, actions=0, custom actions=[], active item id=-1, error=null} device: null
02-28 09:09:49.078  2666  3413 V Avrcp_ext: Device: no name:
02-28 09:09:49.078  2666  3413 I chatty  : uid=1002(bluetooth) BluetoothAvrcpH identical 3 lines
02-28 09:09:49.078  2666  3413 V Avrcp_ext: Device: no name:
02-28 09:09:49.078  2666  3413 V Avrcp_ext: updatePlayerStateAndPosition, old=PlaybackState {state=2, position=-1, buffered position=0, speed=0.0, updated=1792272, actions=0, custom actions=[], active item id=-1, error=null}, state=PlaybackState {state=2, position=-1, buffered position=0, speed=0.0, updated=1792408, actions=0, custom actions=[], active item id=-1, error=null}
02-28 09:09:49.078  2666  3413 V Avrcp_ext: old state = PlaybackState {state=2, position=-1, buffered position=0, speed=0.0, updated=1792272, actions=0, custom actions=[], active item id=-1, error=null}, new state= PlaybackState {state=2, position=-1, buffered position=0, speed=0.0, updated=1792408, actions=0, custom actions=[], active item id=-1, error=null}
02-28 09:09:49.078  2666  3413 D HeadsetService: getHeadsetService(): returning com.android.bluetooth.hfp.HeadsetService@8a04d28
02-28 09:09:49.078  2666  3413 D HeadsetService:  isAudioOn: The number of audio connected devices 0
02-28 09:09:49.078  2666  3413 D HeadsetService: isScoOrCallActive(): Call Active:falseCall is Ringing:falseSCO is Active:false
02-28 09:09:49.078  2666  3413 D HeadsetService:  isAudioOn: The number of audio connected devices 0
02-28 09:09:49.078  2666  3413 I Avrcp_ext: updatePlayStatusForDevice: device: null
02-28 09:09:49.078  2666  3413 V Avrcp_ext: updatePlaybackState (1): old=PlaybackState {state=2, position=-1, buffered position=0, speed=0.0, updated=1792272, actions=0, custom actions=[], active item id=-1, error=null}(2), new=PlaybackState {state=2, position=-1, buffered position=0, speed=0.0, updated=1792408, actions=0, custom actions=[], active item id=-1, error=null}(2)
02-28 09:09:49.078  2666  3413 I Avrcp_ext: Exit updatePlayStatusForDevice
02-28 09:09:49.079  2666  3413 D HeadsetService:  isAudioOn: The number of audio connected devices 0
02-28 09:09:49.079  2666  3413 D HeadsetService: isScoOrCallActive(): Call Active:falseCall is Ringing:falseSCO is Active:false
02-28 09:09:49.079 13511 13544 D NavServiceProvider: Detecting stop. distance_d=1629.9852. stop_type=1 speed=3.13
02-28 09:09:49.079 13511 13544 D NavigationTest: 99: (28.069053, -82.410382, 3.130000)	R:false  F:false
02-28 09:09:49.079 13511 13544 D NavigationTest: 100: (28.069053, -82.410382, 3.130000)	R:false  F:false
02-28 09:09:49.079  2666  3413 D HeadsetService:  isAudioOn: The number of audio connected devices 0
02-28 09:09:49.079 13511 13544 D NavServiceProvider: Second to last stop coordinates: 28.068128, -82.393833
02-28 09:09:49.079  2666  3413 I Avrcp_ext: updatePlayStatusForDevice: device: null
02-28 09:09:49.079  2666  3413 V Avrcp_ext: updatePlaybackState (1): old=PlaybackState {state=2, position=-1, buffered position=0, speed=0.0, updated=1792272, actions=0, custom actions=[], active item id=-1, error=null}(2), new=PlaybackState {state=2, position=-1, buffered position=0, speed=0.0, updated=1792408, actions=0, custom actions=[], active item id=-1, error=null}(2)
02-28 09:09:49.079  2666  3413 I Avrcp_ext: Exit updatePlayStatusForDevice
02-28 09:09:49.079  2666  3413 D HeadsetService:  isAudioOn: The number of audio connected devices 0
02-28 09:09:49.079  2666  3413 D HeadsetService: isScoOrCallActive(): Call Active:falseCall is Ringing:falseSCO is Active:false
02-28 09:09:49.079  2666  3413 D HeadsetService:  isAudioOn: The number of audio connected devices 0
02-28 09:09:49.080  2666  3413 I Avrcp_ext: updatePlayStatusForDevice: device: null
02-28 09:09:49.080  2666  3413 V Avrcp_ext: updatePlaybackState (1): old=PlaybackState {state=2, position=-1, buffered position=0, speed=0.0, updated=1792272, actions=0, custom actions=[], active item id=-1, error=null}(2), new=PlaybackState {state=2, position=-1, buffered position=0, speed=0.0, updated=1792408, actions=0, custom actions=[], active item id=-1, error=null}(2)
02-28 09:09:49.080  2666  3413 I Avrcp_ext: Exit updatePlayStatusForDevice
02-28 09:09:49.080 13511 13544 D NavServiceProvider: Setting units automatically
02-28 09:09:49.080  2666  3413 D HeadsetService:  isAudioOn: The number of audio connected devices 0
02-28 09:09:49.080  2666  3413 D HeadsetService: isScoOrCallActive(): Call Active:falseCall is Ringing:falseSCO is Active:false
02-28 09:09:49.080  2666  3413 D HeadsetService:  isAudioOn: The number of audio connected devices 0
02-28 09:09:49.080  2666  3413 I Avrcp_ext: updatePlayStatusForDevice: device: null
02-28 09:09:49.080  2666  3413 V Avrcp_ext: updatePlaybackState (1): old=PlaybackState {state=2, position=-1, buffered position=0, speed=0.0, updated=1792272, actions=0, custom actions=[], active item id=-1, error=null}(2), new=PlaybackState {state=2, position=-1, buffered position=0, speed=0.0, updated=1792408, actions=0, custom actions=[], active item id=-1, error=null}(2)
02-28 09:09:49.080  2666  3413 I Avrcp_ext: Exit updatePlayStatusForDevice
02-28 09:09:49.081  2666  3413 D HeadsetService:  isAudioOn: The number of audio connected devices 0
02-28 09:09:49.081  2666  3413 D HeadsetService: isScoOrCallActive(): Call Active:falseCall is Ringing:falseSCO is Active:false
02-28 09:09:49.081  2666  3413 D HeadsetService:  isAudioOn: The number of audio connected devices 0
02-28 09:09:49.081  2666  3413 I Avrcp_ext: updatePlayStatusForDevice: device: null
02-28 09:09:49.081  2666  3413 V Avrcp_ext: updatePlaybackState (1): old=PlaybackState {state=2, position=-1, buffered position=0, speed=0.0, updated=1792272, actions=0, custom actions=[], active item id=-1, error=null}(2), new=PlaybackState {state=2, position=-1, buffered position=0, speed=0.0, updated=1792408, actions=0, custom actions=[], active item id=-1, error=null}(2)
02-28 09:09:49.081  2666  3413 I Avrcp_ext: Exit updatePlayStatusForDevice
02-28 09:09:49.081  2666  3413 D Avrcp_ext: Enter sendPlayPosNotificationRsp
02-28 09:09:49.081  2666  3413 D Avrcp_ext: sendPlayPosNotificationRsp: Not registered or requesting.
02-28 09:09:49.081  2666  3413 D Avrcp_ext: Enter sendPlayPosNotificationRsp
02-28 09:09:49.081  2666  3413 D Avrcp_ext: sendPlayPosNotificationRsp: Not registered or requesting.
02-28 09:09:49.081  2666  3413 D Avrcp_ext: Enter sendPlayPosNotificationRsp
02-28 09:09:49.081  2666  3413 D Avrcp_ext: sendPlayPosNotificationRsp: Not registered or requesting.
02-28 09:09:49.081  2666  3413 D Avrcp_ext: Enter sendPlayPosNotificationRsp
02-28 09:09:49.081  2666  3413 D Avrcp_ext: sendPlayPosNotificationRsp: Not registered or requesting.
02-28 09:09:49.081  2666  3413 D Avrcp_ext: Enter sendPlayPosNotificationRsp
02-28 09:09:49.081  2666  3413 D Avrcp_ext: sendPlayPosNotificationRsp: Not registered or requesting.
02-28 09:09:49.081  2666  3413 V Avrcp_ext: Exit updatePlayerStateAndPosition
02-28 09:09:49.081 13511 13544 D NavServiceProvider: Detecting stop. distance_d=1627.2452. stop_type=1 speed=2.34
02-28 09:09:49.081 13511 13544 D NavigationTest: 101: (28.069054, -82.410354, 2.340000)	R:false  F:false
02-28 09:09:49.081 13511 13544 D NavigationTest: 102: (28.069054, -82.410354, 2.340000)	R:false  F:false
02-28 09:09:49.081 13511 13544 D NavigationTest: 103: (28.069054, -82.410354, 2.340000)	R:false  F:false
02-28 09:09:49.081 13511 13544 D NavServiceProvider: Second to last stop coordinates: 28.068128, -82.393833
02-28 09:09:49.081 13511 13544 D NavServiceProvider: Setting units automatically
02-28 09:09:49.083 13511 13544 D NavServiceProvider: Detecting stop. distance_d=1625.185. stop_type=1 speed=1.94
02-28 09:09:49.083 13511 13544 D NavigationTest: 104: (28.069054, -82.410333, 1.940000)	R:false  F:false
02-28 09:09:49.083 13511 13544 D NavigationTest: 105: (28.069054, -82.410333, 1.940000)	R:false  F:false
02-28 09:09:49.083 13511 13544 D NavigationTest: 106: (28.069054, -82.410333, 1.940000)	R:false  F:false
02-28 09:09:49.083 13511 13544 D NavServiceProvider: Second to last stop coordinates: 28.068128, -82.393833
02-28 09:09:49.083 13511 13544 D NavServiceProvider: Setting units automatically
02-28 09:09:49.084 13511 13544 D NavServiceProvider: Detecting stop. distance_d=1622.2421. stop_type=1 speed=3.66
02-28 09:09:49.084 13511 13544 D NavigationTest: 107: (28.069054, -82.410303, 3.660000)	R:false  F:false
02-28 09:09:49.084 13511 13544 D NavigationTest: 108: (28.069054, -82.410303, 3.660000)	R:false  F:false
02-28 09:09:49.084 13511 13544 D NavigationTest: 109: (28.069054, -82.410303, 3.660000)	R:false  F:false
02-28 09:09:49.084 13511 13544 D NavigationTest: 110: (28.069054, -82.410303, 3.660000)	R:false  F:false
02-28 09:09:49.084 13511 13544 D NavServiceProvider: Second to last stop coordinates: 28.068128, -82.393833
02-28 09:09:49.085 13511 13544 D NavServiceProvider: Setting units automatically
02-28 09:09:49.086 13511 13544 D NavServiceProvider: Detecting stop. distance_d=1618.2268. stop_type=1 speed=4.3
02-28 09:09:49.086 13511 13544 D NavigationTest: 111: (28.069055, -82.410262, 4.300000)	R:false  F:false
02-28 09:09:49.086 13511 13544 D NavigationTest: 112: (28.069055, -82.410262, 4.300000)	R:false  F:false
02-28 09:09:49.086 13511 13544 D NavigationTest: 113: (28.069055, -82.410262, 4.300000)	R:false  F:false
02-28 09:09:49.086 13511 13544 D NavServiceProvider: Second to last stop coordinates: 28.068128, -82.393833
02-28 09:09:49.086 13511 13544 D NavServiceProvider: Setting units automatically
02-28 09:09:49.087 13511 13544 D NavServiceProvider: Detecting stop. distance_d=1612.3408. stop_type=1 speed=5.87
02-28 09:09:49.087 13511 13544 D NavigationTest: 114: (28.069055, -82.410202, 5.870000)	R:false  F:false
02-28 09:09:49.087 13511 13544 D NavigationTest: 115: (28.069055, -82.410202, 5.870000)	R:false  F:false
02-28 09:09:49.087 13511 13544 D NavigationTest: 116: (28.069055, -82.410202, 5.870000)	R:false  F:false
02-28 09:09:49.087 13511 13544 D NavServiceProvider: Second to last stop coordinates: 28.068128, -82.393833
02-28 09:09:49.088 13511 13544 D NavServiceProvider: Setting units automatically
02-28 09:09:49.089 13511 13544 D NavServiceProvider: Detecting stop. distance_d=1603.5887. stop_type=1 speed=8.55
02-28 09:09:49.089 13511 13544 D NavigationTest: 117: (28.069052, -82.410113, 8.550000)	R:false  F:false
02-28 09:09:49.089 13511 13544 D NavigationTest: 118: (28.069052, -82.410113, 8.550000)	R:false  F:false
02-28 09:09:49.089 13511 13544 D NavServiceProvider: Second to last stop coordinates: 28.068128, -82.393833
02-28 09:09:49.089 13511 13544 D NavServiceProvider: Setting units automatically
02-28 09:09:49.090 13511 13544 D NavServiceProvider: Detecting stop. distance_d=1595.7694. stop_type=1 speed=8.67
02-28 09:09:49.090 13511 13544 D NavigationTest: 119: (28.069056, -82.410033, 8.670000)	R:false  F:false
02-28 09:09:49.090 13511 13544 D NavigationTest: 120: (28.069056, -82.410033, 8.670000)	R:false  F:false
02-28 09:09:49.090 13511 13544 D NavigationTest: 121: (28.069056, -82.410033, 8.670000)	R:false  F:false
02-28 09:09:49.090 13511 13544 D NavServiceProvider: Second to last stop coordinates: 28.068128, -82.393833
02-28 09:09:49.091 13511 13544 D NavServiceProvider: Setting units automatically
02-28 09:09:49.092 13511 13544 D NavServiceProvider: Detecting stop. distance_d=1586.1133. stop_type=1 speed=9.73
02-28 09:09:49.092 13511 13544 D NavigationTest: 122: (28.069050, -82.409935, 9.730000)	R:false  F:false
02-28 09:09:49.092 13511 13544 D NavigationTest: 123: (28.069050, -82.409935, 9.730000)	R:false  F:false
02-28 09:09:49.092 13511 13544 D NavigationTest: 124: (28.069050, -82.409935, 9.730000)	R:false  F:false
02-28 09:09:49.092 13511 13544 D NavServiceProvider: Second to last stop coordinates: 28.068128, -82.393833
02-28 09:09:49.092 13511 13544 D NavServiceProvider: Setting units automatically
02-28 09:09:49.093   871   911 D msm8974_platform: platform_split_snd_device: snd_device(2) num devices(1) new_snd_devices(0)
02-28 09:09:49.093 13511 13544 D NavServiceProvider: Detecting stop. distance_d=1575.0072. stop_type=1 speed=10.39
02-28 09:09:49.094 13511 13544 D NavigationTest: 125: (28.069047, -82.409822, 10.390000)	R:false  F:false
02-28 09:09:49.094 13511 13544 D NavigationTest: 126: (28.069047, -82.409822, 10.390000)	R:false  F:false
02-28 09:09:49.094 13511 13544 D NavServiceProvider: Second to last stop coordinates: 28.068128, -82.393833
02-28 09:09:49.094 13511 13544 D NavServiceProvider: Setting units automatically
02-28 09:09:49.095 13511 13544 D NavServiceProvider: Detecting stop. distance_d=1564.2386. stop_type=1 speed=11.08
02-28 09:09:49.096 13511 13544 D NavigationTest: 127: (28.069050, -82.409712, 11.080000)	R:false  F:false
02-28 09:09:49.096 13511 13544 D NavigationTest: 128: (28.069050, -82.409712, 11.080000)	R:false  F:false
02-28 09:09:49.096 13511 13544 D NavigationTest: 129: (28.069050, -82.409712, 11.080000)	R:false  F:false
02-28 09:09:49.096 13511 13544 D NavServiceProvider: Second to last stop coordinates: 28.068128, -82.393833
02-28 09:09:49.096 13511 13544 D NavServiceProvider: Setting units automatically
02-28 09:09:49.097 13511 13544 D NavServiceProvider: Detecting stop. distance_d=1553.6306. stop_type=1 speed=12.06
02-28 09:09:49.097 13511 13544 D NavigationTest: 130: (28.069048, -82.409604, 12.060000)	R:false  F:false
02-28 09:09:49.097 13511 13544 D NavigationTest: 131: (28.069048, -82.409604, 12.060000)	R:false  F:false
02-28 09:09:49.097 13511 13544 D NavServiceProvider: Second to last stop coordinates: 28.068128, -82.393833
02-28 09:09:49.098 13511 13544 D NavServiceProvider: Setting units automatically
02-28 09:09:49.099 13511 13544 D NavServiceProvider: Detecting stop. distance_d=1541.7402. stop_type=1 speed=12.69
02-28 09:09:49.099 13511 13544 D NavigationTest: 132: (28.069045, -82.409483, 12.690000)	R:false  F:false
02-28 09:09:49.099 13511 13544 D NavigationTest: 133: (28.069045, -82.409483, 12.690000)	R:false  F:false
02-28 09:09:49.099 13511 13544 D NavigationTest: 134: (28.069045, -82.409483, 12.690000)	R:false  F:false
02-28 09:09:49.099 13511 13544 D NavServiceProvider: Second to last stop coordinates: 28.068128, -82.393833
02-28 09:09:49.099 13511 13544 D NavServiceProvider: Setting units automatically
02-28 09:09:49.100 13511 13544 D NavServiceProvider: Detecting stop. distance_d=1528.7246. stop_type=1 speed=13.37
02-28 09:09:49.100 13511 13544 D NavigationTest: 135: (28.069049, -82.409350, 13.370000)	R:false  F:false
02-28 09:09:49.100 13511 13544 D NavigationTest: 136: (28.069049, -82.409350, 13.370000)	R:false  F:false
02-28 09:09:49.100 13511 13544 D NavigationTest: 137: (28.069049, -82.409350, 13.370000)	R:false  F:false
02-28 09:09:49.100 13511 13544 D NavServiceProvider: Second to last stop coordinates: 28.068128, -82.393833
02-28 09:09:49.101 13511 13544 D NavServiceProvider: Setting units automatically
02-28 09:09:49.102 13511 13544 D NavServiceProvider: Detecting stop. distance_d=1516.9249. stop_type=1 speed=13.65
02-28 09:09:49.102 13511 13544 D NavigationTest: 138: (28.069071, -82.409228, 13.650000)	R:false  F:false
02-28 09:09:49.102 13511 13544 D NavigationTest: 139: (28.069071, -82.409228, 13.650000)	R:false  F:false
02-28 09:09:49.102 13511 13544 D NavigationTest: 140: (28.069071, -82.409228, 13.650000)	R:false  F:false
02-28 09:09:49.102 13511 13544 D NavServiceProvider: Second to last stop coordinates: 28.068128, -82.393833
02-28 09:09:49.102 13511 13544 D NavServiceProvider: Setting units automatically
02-28 09:09:49.103 13511 13544 D NavServiceProvider: Detecting stop. distance_d=1503.1882. stop_type=1 speed=14.08
02-28 09:09:49.103 13511 13544 D NavigationTest: 141: (28.069070, -82.409088, 14.080000)	R:false  F:false
02-28 09:09:49.103 13511 13544 D NavigationTest: 142: (28.069070, -82.409088, 14.080000)	R:false  F:false
02-28 09:09:49.103 13511 13544 D NavServiceProvider: Second to last stop coordinates: 28.068128, -82.393833
02-28 09:09:49.104 13511 13544 D NavServiceProvider: Setting units automatically
02-28 09:09:49.105 13511 13544 D NavServiceProvider: Detecting stop. distance_d=1489.1658. stop_type=1 speed=14.11
02-28 09:09:49.105 13511 13544 D NavigationTest: 143: (28.069070, -82.408945, 14.110000)	R:false  F:false
02-28 09:09:49.105 13511 13544 D NavigationTest: 144: (28.069070, -82.408945, 14.110000)	R:false  F:false
02-28 09:09:49.105 13511 13544 D NavigationTest: 145: (28.069070, -82.408945, 14.110000)	R:false  F:false
02-28 09:09:49.105 13511 13544 D NavServiceProvider: Second to last stop coordinates: 28.068128, -82.393833
02-28 09:09:49.105 13511 13544 D NavServiceProvider: Setting units automatically
02-28 09:09:49.106 13511 13544 D NavServiceProvider: Detecting stop. distance_d=1474.7594. stop_type=1 speed=14.25
02-28 09:09:49.106 13511 13544 D NavigationTest: 146: (28.069071, -82.408798, 14.250000)	R:false  F:false
02-28 09:09:49.106 13511 13544 D NavigationTest: 147: (28.069071, -82.408798, 14.250000)	R:false  F:false
02-28 09:09:49.106 13511 13544 D NavigationTest: 148: (28.069071, -82.408798, 14.250000)	R:false  F:false
02-28 09:09:49.106 13511 13544 D NavServiceProvider: Second to last stop coordinates: 28.068128, -82.393833
02-28 09:09:49.107 13511 13544 D NavServiceProvider: Setting units automatically
02-28 09:09:49.108 13511 13544 D NavServiceProvider: Detecting stop. distance_d=1460.248. stop_type=1 speed=14.37
02-28 09:09:49.108 13511 13544 D NavigationTest: 149: (28.069071, -82.408650, 14.370000)	R:false  F:false
02-28 09:09:49.108 13511 13544 D NavigationTest: 150: (28.069071, -82.408650, 14.370000)	R:false  F:false
02-28 09:09:49.108 13511 13544 D NavServiceProvider: Second to last stop coordinates: 28.068128, -82.393833
02-28 09:09:49.108 13511 13544 D NavServiceProvider: Setting units automatically
02-28 09:09:49.109 13511 13544 D NavServiceProvider: Detecting stop. distance_d=1446.0236. stop_type=1 speed=14.55
02-28 09:09:49.109 13511 13544 D NavigationTest: 151: (28.069070, -82.408505, 14.550000)	R:false  F:false
02-28 09:09:49.109 13511 13544 D NavigationTest: 152: (28.069070, -82.408505, 14.550000)	R:false  F:false
02-28 09:09:49.110 13511 13544 D NavigationTest: 153: (28.069070, -82.408505, 14.550000)	R:false  F:false
02-28 09:09:49.110 13511 13544 D NavServiceProvider: Second to last stop coordinates: 28.068128, -82.393833
02-28 09:09:49.110 13511 13544 D NavServiceProvider: Setting units automatically
02-28 09:09:49.111 13511 13544 D NavServiceProvider: Detecting stop. distance_d=1431.4236. stop_type=1 speed=14.71
02-28 09:09:49.111 13511 13544 D NavigationTest: 154: (28.069071, -82.408356, 14.710000)	R:false  F:false
02-28 09:09:49.111 13511 13544 D NavigationTest: 155: (28.069071, -82.408356, 14.710000)	R:false  F:false
02-28 09:09:49.111 13511 13544 D NavServiceProvider: Second to last stop coordinates: 28.068128, -82.393833
02-28 09:09:49.111 13511 13544 D NavServiceProvider: Setting units automatically
02-28 09:09:49.112 13511 13544 D NavServiceProvider: Detecting stop. distance_d=1415.2808. stop_type=1 speed=15.05
02-28 09:09:49.112 13511 13544 D NavigationTest: 156: (28.069075, -82.408191, 15.050000)	R:false  F:false
02-28 09:09:49.112 13511 13544 D NavigationTest: 157: (28.069075, -82.408191, 15.050000)	R:false  F:false
02-28 09:09:49.112 13511 13544 D NavigationTest: 158: (28.069075, -82.408191, 15.050000)	R:false  F:false
02-28 09:09:49.113 13511 13544 D NavServiceProvider: Second to last stop coordinates: 28.068128, -82.393833
02-28 09:09:49.113 13511 13544 D NavServiceProvider: Setting units automatically
02-28 09:09:49.114 13511 13544 D NavServiceProvider: Detecting stop. distance_d=1400.1764. stop_type=1 speed=15.31
02-28 09:09:49.114 13511 13544 D NavigationTest: 159: (28.069074, -82.408037, 15.310000)	R:false  F:false
02-28 09:09:49.114 13511 13544 D NavigationTest: 160: (28.069074, -82.408037, 15.310000)	R:false  F:false
02-28 09:09:49.114 13511 13544 D NavServiceProvider: Second to last stop coordinates: 28.068128, -82.393833
02-28 09:09:49.114 13511 13544 D NavServiceProvider: Setting units automatically
02-28 09:09:49.115 13511 13544 D NavServiceProvider: Detecting stop. distance_d=1384.7872. stop_type=1 speed=15.57
02-28 09:09:49.115 13511 13544 D NavigationTest: 161: (28.069074, -82.407880, 15.570000)	R:false  F:false
02-28 09:09:49.115 13511 13544 D NavigationTest: 162: (28.069074, -82.407880, 15.570000)	R:false  F:false
02-28 09:09:49.115 13511 13544 D NavigationTest: 163: (28.069074, -82.407880, 15.570000)	R:false  F:false
02-28 09:09:49.115 13511 13544 D NavServiceProvider: Second to last stop coordinates: 28.068128, -82.393833
02-28 09:09:49.116 13511 13544 D NavServiceProvider: Setting units automatically
02-28 09:09:49.117 13511 13544 D NavServiceProvider: Detecting stop. distance_d=1368.6659. stop_type=1 speed=16.01
02-28 09:09:49.117 13511 13544 D NavigationTest: 164: (28.069080, -82.407715, 16.010000)	R:false  F:false
02-28 09:09:49.117 13511 13544 D NavigationTest: 165: (28.069080, -82.407715, 16.010000)	R:false  F:false
02-28 09:09:49.117 13511 13544 D NavigationTest: 166: (28.069080, -82.407715, 16.010000)	R:false  F:false
02-28 09:09:49.117 13511 13544 D NavServiceProvider: Second to last stop coordinates: 28.068128, -82.393833
02-28 09:09:49.117 13511 13544 D NavServiceProvider: Setting units automatically
02-28 09:09:49.118 13511 13544 D NavServiceProvider: Detecting stop. distance_d=1352.3973. stop_type=1 speed=16.5
02-28 09:09:49.118 13511 13544 D NavigationTest: 167: (28.069080, -82.407549, 16.500000)	R:false  F:false
02-28 09:09:49.118 13511 13544 D NavigationTest: 168: (28.069080, -82.407549, 16.500000)	R:false  F:false
02-28 09:09:49.118 13511 13544 D NavigationTest: 169: (28.069080, -82.407549, 16.500000)	R:false  F:false
02-28 09:09:49.118 13511 13544 D NavServiceProvider: Second to last stop coordinates: 28.068128, -82.393833
02-28 09:09:49.119 13511 13544 D NavServiceProvider: Setting units automatically
02-28 09:09:49.120 13511 13544 D NavServiceProvider: Detecting stop. distance_d=1335.651. stop_type=1 speed=16.55
02-28 09:09:49.120 13511 13544 D NavigationTest: 170: (28.069070, -82.407379, 16.549999)	R:false  F:false
02-28 09:09:49.120 13511 13544 D NavigationTest: 171: (28.069070, -82.407379, 16.549999)	R:false  F:false
02-28 09:09:49.120 13511 13544 D NavigationTest: 172: (28.069070, -82.407379, 16.549999)	R:false  F:false
02-28 09:09:49.120 13511 13544 D NavServiceProvider: Second to last stop coordinates: 28.068128, -82.393833
02-28 09:09:49.120 13511 13544 D NavServiceProvider: Setting units automatically
02-28 09:09:49.121 13511 13544 D NavServiceProvider: Detecting stop. distance_d=1319.2421. stop_type=1 speed=16.66
02-28 09:09:49.121 13511 13544 D NavigationTest: 173: (28.069065, -82.407212, 16.660000)	R:false  F:false
02-28 09:09:49.121 13511 13544 D NavigationTest: 174: (28.069065, -82.407212, 16.660000)	R:false  F:false
02-28 09:09:49.121 13511 13544 D NavigationTest: 175: (28.069065, -82.407212, 16.660000)	R:false  F:false
02-28 09:09:49.121 13511 13544 D NavigationTest: 176: (28.069065, -82.407212, 16.660000)	R:false  F:false
02-28 09:09:49.121 13511 13544 D NavServiceProvider: Second to last stop coordinates: 28.068128, -82.393833
02-28 09:09:49.122 13511 13544 D NavServiceProvider: Setting units automatically
02-28 09:09:49.123 13511 13544 D NavServiceProvider: Detecting stop. distance_d=1302.7006. stop_type=1 speed=16.68
02-28 09:09:49.123 13511 13544 D NavigationTest: 177: (28.069056, -82.407044, 16.680000)	R:false  F:false
02-28 09:09:49.123 13511 13544 D NavigationTest: 178: (28.069056, -82.407044, 16.680000)	R:false  F:false
02-28 09:09:49.123 13511 13544 D NavigationTest: 179: (28.069056, -82.407044, 16.680000)	R:false  F:false
02-28 09:09:49.123 13511 13544 D NavServiceProvider: Second to last stop coordinates: 28.068128, -82.393833
02-28 09:09:49.123 13511 13544 D NavServiceProvider: Setting units automatically
02-28 09:09:49.124 13511 13544 D NavServiceProvider: Detecting stop. distance_d=1286.3276. stop_type=1 speed=17.01
02-28 09:09:49.124 13511 13544 D NavigationTest: 180: (28.069055, -82.406877, 17.010000)	R:false  F:false
02-28 09:09:49.124 13511 13544 D NavigationTest: 181: (28.069055, -82.406877, 17.010000)	R:false  F:false
02-28 09:09:49.124 13511 13544 D NavigationTest: 182: (28.069055, -82.406877, 17.010000)	R:false  F:false
02-28 09:09:49.124 13511 13544 D NavServiceProvider: Second to last stop coordinates: 28.068128, -82.393833
02-28 09:09:49.124 13511 13544 D NavServiceProvider: Setting units automatically
02-28 09:09:49.125 13511 13544 D NavServiceProvider: Detecting stop. distance_d=1268.6375. stop_type=1 speed=17.29
02-28 09:09:49.125 13511 13544 D NavigationTest: 183: (28.069049, -82.406697, 17.290001)	R:false  F:false
02-28 09:09:49.126 13511 13544 D NavigationTest: 184: (28.069049, -82.406697, 17.290001)	R:false  F:false
