02-28 09:09:53.150 13511 13544 I TestRunner: started: testTrip33(org.onebusaway.android.nav.test.NavigationTest)
02-28 09:09:53.151 13511 13511 I MonitoringInstr: Activities that are still in CREATED to STOPPED: 0
02-28 09:09:53.163 13511 13544 D NavServiceProvider: Creating NavigationServiceProvider...
02-28 09:09:53.163 13511 13544 D NavServiceProvider: Starting navigation for service
02-28 09:09:53.163 13511 13544 D NavServiceProvider: ProximityCalculator initializing...
02-28 09:09:53.163 13511 13544 D NavServiceProvider: Initializing ProximityCalculator
02-28 09:09:53.163 13511 13544 D NavServiceProvider: Number of path links: 1
02-28 09:09:53.163 13511 13544 D NavServiceProvider: Second to last stop coordinates: 28.0675, -82.42626
02-28 09:09:53.164 13511 13544 D NavServiceProvider: Setting units automatically
02-28 09:09:53.166 13511 13544 D NavServiceProvider: Detecting stop. distance_d=610.29517. stop_type=1 speed=11.08
02-28 09:09:53.166 13511 13544 D NavigationTest: 0: (28.073007, -82.426232, 11.080000)	R:false  F:false
02-28 09:09:53.166 13511 13544 D NavigationTest: 1: (28.073007, -82.426232, 11.080000)	R:false  F:false
02-28 09:09:53.166 13511 13544 D NavigationTest: 2: (28.073007, -82.426232, 11.080000)	R:false  F:false
02-28 09:09:53.166 13511 13544 D NavServiceProvider: Second to last stop coordinates: 28.0675, -82.42626
02-28 09:09:53.166 13511 13544 D NavServiceProvider: Setting units automatically
02-28 09:09:53.167 13511 13544 D NavServiceProvider: Detecting stop. distance_d=607.7455. stop_type=1 speed=9.73
02-28 09:09:53.167 13511 13544 D NavigationTest: 3: (28.072984, -82.426234, 9.730000)	R:false  F:false
02-28 09:09:53.167 13511 13544 D NavigationTest: 4: (28.072984, -82.426234, 9.730000)	R:false  F:false
02-28 09:09:53.167 13511 13544 D NavigationTest: 5: (28.072984, -82.426234, 9.730000)	R:false  F:false
02-28 09:09:53.168 13511 13544 D NavigationTest: 6: (28.072984, -82.426234, 9.730000)	R:false  F:false
02-28 09:09:53.168 13511 13544 D NavServiceProvider: Second to last stop coordinates: 28.0675, -82.42626
02-28 09:09:53.168 13511 13544 D NavServiceProvider: Setting units automatically
02-28 09:09:53.169 13511 13544 D NavServiceProvider: Detecting stop. distance_d=628.1385. stop_type=1 speed=3.55
02-28 09:09:53.170 13511 13544 D NavigationTest: 7: (28.073168, -82.426229, 3.550000)	R:false  F:false
02-28 09:09:53.170 13511 13544 D NavigationTest: 8: (28.073168, -82.426229, 3.550000)	R:false  F:false
02-28 09:09:53.170 13511 13544 D NavigationTest: 9: (28.073168, -82.426229, 3.550000)	R:false  F:false
02-28 09:09:53.170 13511 13544 D NavServiceProvider: Second to last stop coordinates: 28.0675, -82.42626
02-28 09:09:53.170 13511 13544 D NavServiceProvider: Setting units automatically
02-28 09:09:53.171 13511 13544 D NavServiceProvider: Detecting stop. distance_d=621.1535. stop_type=1 speed=5.76
02-28 09:09:53.171 13511 13544 D NavigationTest: 10: (28.073105, -82.426237, 5.760000)	R:false  F:false
02-28 09:09:53.171 13511 13544 D NavigationTest: 11: (28.073105, -82.426237, 5.760000)	R:false  F:false
02-28 09:09:53.172 13511 13544 D NavServiceProvider: Second to last stop coordinates: 28.0675, -82.42626
02-28 09:09:53.172 13511 13544 D NavServiceProvider: Setting units automatically
02-28 09:09:53.173 13511 13544 D NavServiceProvider: Detecting stop. distance_d=622.17474. stop_type=1 speed=3.94
02-28 09:09:53.173 13511 13544 D NavigationTest: 12: (28.073114, -82.426200, 3.940000)	R:false  F:false
02-28 09:09:53.173 13511 13544 D NavigationTest: 13: (28.073114, -82.426200, 3.940000)	R:false  F:false
02-28 09:09:53.173 13511 13544 D NavigationTest: 14: (28.073114, -82.426200, 3.940000)	R:false  F:false
02-28 09:09:53.173 13511 13544 D NavServiceProvider: Second to last stop coordinates: 28.0675, -82.42626
02-28 09:09:53.174 13511 13544 D NavServiceProvider: Setting units automatically
02-28 09:09:53.175 13511 13544 D NavServiceProvider: Detecting stop. distance_d=621.9336. stop_type=1 speed=2.27
02-28 09:09:53.175 13511 13544 D NavigationTest: 15: (28.073112, -82.426227, 2.270000)	R:false  F:false
02-28 09:09:53.175 13511 13544 D NavigationTest: 16: (28.073112, -82.426227, 2.270000)	R:false  F:false
02-28 09:09:53.175 13511 13544 D NavigationTest: 17: (28.073112, -82.426227, 2.270000)	R:false  F:false
02-28 09:09:53.175 13511 13544 D NavServiceProvider: Second to last stop coordinates: 28.0675, -82.42626
02-28 09:09:53.175 13511 13544 D NavServiceProvider: Setting units automatically
02-28 09:09:53.176 13511 13544 D NavServiceProvider: Detecting stop. distance_d=624.03516. stop_type=1 speed=0.0
02-28 09:09:53.176 13511 13544 D NavigationTest: 18: (28.073131, -82.426236, 0.000000)	R:false  F:false
02-28 09:09:53.176 13511 13544 D NavigationTest: 19: (28.073131, -82.426236, 0.000000)	R:false  F:false
02-28 09:09:53.177 13511 13544 D NavigationTest: 20: (28.073131, -82.426236, 0.000000)	R:false  F:false
02-28 09:09:53.177 13511 13544 D NavigationTest: 21: (28.073131, -82.426236, 0.000000)	R:false  F:false
02-28 09:09:53.177 13511 13544 D NavigationTest: 22: (28.073131, -82.426236, 0.000000)	R:false  F:false
02-28 09:09:53.177 13511 13544 D NavigationTest: 23: (28.073131, -82.426236, 0.000000)	R:false  F:false
02-28 09:09:53.177 13511 13544 D NavigationTest: 24: (28.073131, -82.426236, 0.000000)	R:false  F:false
02-28 09:09:53.177 13511 13544 D NavServiceProvider: Second to last stop coordinates: 28.0675, -82.42626
02-28 09:09:53.177 13511 13544 D NavServiceProvider: Setting units automatically
02-28 09:09:53.178 13511 13544 D NavServiceProvider: Detecting stop. distance_d=626.02856. stop_type=1 speed=0.0
02-28 09:09:53.178 13511 13544 D NavigationTest: 25: (28.073149, -82.426240, 0.000000)	R:false  F:false
02-28 09:09:53.178 13511 13544 D NavigationTest: 26: (28.073149, -82.426240, 0.000000)	R:false  F:false
02-28 09:09:53.178 13511 13544 D NavServiceProvider: Second to last stop coordinates: 28.0675, -82.42626
02-28 09:09:53.179 13511 13544 D NavServiceProvider: Setting units automatically
02-28 09:09:53.180 13511 13544 D NavServiceProvider: Detecting stop. distance_d=626.58154. stop_type=1 speed=0.0
02-28 09:09:53.180 13511 13544 D NavigationTest: 27: (28.073154, -82.426244, 0.000000)	R:false  F:false
02-28 09:09:53.180 13511 13544 D NavigationTest: 28: (28.073154, -82.426244, 0.000000)	R:false  F:false
02-28 09:09:53.180 13511 13544 D NavigationTest: 29: (28.073154, -82.426244, 0.000000)	R:false  F:false
02-28 09:09:53.180 13511 13544 D NavServiceProvider: Second to last stop coordinates: 28.0675, -82.42626
02-28 09:09:53.181 13511 13544 D NavServiceProvider: Setting units automatically
02-28 09:09:53.182 13511 13544 D NavServiceProvider: Detecting stop. distance_d=627.46893. stop_type=1 speed=0.0
02-28 09:09:53.182 13511 13544 D NavigationTest: 30: (28.073162, -82.426241, 0.000000)	R:false  F:false
02-28 09:09:53.182 13511 13544 D NavigationTest: 31: (28.073162, -82.426241, 0.000000)	R:false  F:false
02-28 09:09:53.182 13511 13544 D NavServiceProvider: Second to last stop coordinates: 28.0675, -82.42626
02-28 09:09:53.183 13511 13544 D NavServiceProvider: Setting units automatically
02-28 09:09:53.184 13511 13544 D NavServiceProvider: Detecting stop. distance_d=628.02435. stop_type=1 speed=0.0
02-28 09:09:53.184 13511 13544 D NavigationTest: 32: (28.073167, -82.426237, 0.000000)	R:false  F:false
02-28 09:09:53.184 13511 13544 D NavigationTest: 33: (28.073167, -82.426237, 0.000000)	R:false  F:false
02-28 09:09:53.184 13511 13544 D NavigationTest: 34: (28.073167, -82.426237, 0.000000)	R:false  F:false
02-28 09:09:53.185 13511 13544 D NavServiceProvider: Second to last stop coordinates: 28.0675, -82.42626
02-28 09:09:53.185 13511 13544 D NavServiceProvider: Setting units automatically
02-28 09:09:53.186 13511 13544 D NavServiceProvider: Detecting stop. distance_d=627.80554. stop_type=1 speed=0.0
02-28 09:09:53.186 13511 13544 D NavigationTest: 35: (28.073165, -82.426230, 0.000000)	R:false  F:false
02-28 09:09:53.186 13511 13544 D NavigationTest: 36: (28.073165, -82.426230, 0.000000)	R:false  F:false
02-28 09:09:53.186 13511 13544 D NavigationTest: 37: (28.073165, -82.426230, 0.000000)	R:false  F:false
02-28 09:09:53.186 13511 13544 D NavServiceProvider: Second to last stop coordinates: 28.0675, -82.42626
02-28 09:09:53.187 13511 13544 D NavServiceProvider: Setting units automatically
02-28 09:09:53.188 13511 13544 D NavServiceProvider: Detecting stop. distance_d=628.02765. stop_type=1 speed=0.0
02-28 09:09:53.188 13511 13544 D NavigationTest: 38: (28.073167, -82.426229, 0.000000)	R:false  F:false
02-28 09:09:53.188 13511 13544 D NavigationTest: 39: (28.073167, -82.426229, 0.000000)	R:false  F:false
02-28 09:09:53.188 13511 13544 D NavServiceProvider: Second to last stop coordinates: 28.0675, -82.42626
02-28 09:09:53.189 13511 13544 D NavServiceProvider: Setting units automatically
02-28 09:09:53.191 13511 13544 D NavServiceProvider: Detecting stop. distance_d=628.138. stop_type=1 speed=0.0
02-28 09:09:53.191 13511 13544 D NavigationTest: 40: (28.073168, -82.426230, 0.000000)	R:false  F:false
02-28 09:09:53.191 13511 13544 D NavigationTest: 41: (28.073168, -82.426230, 0.000000)	R:false  F:false
02-28 09:09:53.191 13511 13544 D NavigationTest: 42: (28.073168, -82.426230, 0.000000)	R:false  F:false
02-28 09:09:53.191 13511 13544 D NavServiceProvider: Second to last stop coordinates: 28.0675, -82.42626
02-28 09:09:53.191 13511 13544 D NavServiceProvider: Setting units automatically
02-28 09:09:53.193 13511 13544 D NavServiceProvider: Detecting stop. distance_d=625.1484. stop_type=1 speed=2.51
02-28 09:09:53.193 13511 13544 D NavigationTest: 43: (28.073141, -82.426225, 2.510000)	R:false  F:false
02-28 09:09:53.193 13511 13544 D NavigationTest: 44: (28.073141, -82.426225, 2.510000)	R:false  F:false
02-28 09:09:53.193 13511 13544 D NavigationTest: 45: (28.073141, -82.426225, 2.510000)	R:false  F:false
02-28 09:09:53.193 13511 13544 D NavServiceProvider: Second to last stop coordinates: 28.0675, -82.42626
02-28 09:09:53.193 13511 13544 D NavServiceProvider: Setting units automatically
02-28 09:09:53.194 13511 13544 D NavServiceProvider: Detecting stop. distance_d=621.3829. stop_type=1 speed=2.67
02-28 09:09:53.194 13511 13544 D NavigationTest: 46: (28.073107, -82.426221, 2.670000)	R:false  F:false
02-28 09:09:53.194 13511 13544 D NavigationTest: 47: (28.073107, -82.426221, 2.670000)	R:false  F:false
02-28 09:09:53.194 13511 13544 D NavigationTest: 48: (28.073107, -82.426221, 2.670000)	R:false  F:false
02-28 09:09:53.194 13511 13544 D NavServiceProvider: Second to last stop coordinates: 28.0675, -82.42626
02-28 09:09:53.195 13511 13544 D NavServiceProvider: Setting units automatically
02-28 09:09:53.196 13511 13544 D NavServiceProvider: Detecting stop. distance_d=616.2906. stop_type=1 speed=3.58
02-28 09:09:53.196 13511 13544 D NavigationTest: 49: (28.073061, -82.426213, 3.580000)	R:false  F:false
02-28 09:09:53.196 13511 13544 D NavigationTest: 50: (28.073061, -82.426213, 3.580000)	R:false  F:false
02-28 09:09:53.196 13511 13544 D NavServiceProvider: Second to last stop coordinates: 28.0675, -82.42626
02-28 09:09:53.197 13511 13544 D NavServiceProvider: Setting units automatically
02-28 09:09:53.198 13511 13544 D NavServiceProvider: Detecting stop. distance_d=612.0718. stop_type=1 speed=3.92
02-28 09:09:53.198 13511 13544 D NavigationTest: 51: (28.073023, -82.426225, 3.920000)	R:false  F:false
02-28 09:09:53.198 13511 13544 D NavigationTest: 52: (28.073023, -82.426225, 3.920000)	R:false  F:false
02-28 09:09:53.198 13511 13544 D NavigationTest: 53: (28.073023, -82.426225, 3.920000)	R:false  F:false
02-28 09:09:53.198 13511 13544 D NavServiceProvider: Second to last stop coordinates: 28.0675, -82.42626
02-28 09:09:53.199 13511 13544 D NavServiceProvider: Setting units automatically
02-28 09:09:53.200 13511 13544 D NavServiceProvider: Detecting stop. distance_d=604.10547. stop_type=1 speed=5.48
02-28 09:09:53.201 13511 13544 D NavigationTest: 54: (28.072951, -82.426207, 5.480000)	R:false  F:false
02-28 09:09:53.201 13511 13544 D NavigationTest: 55: (28.072951, -82.426207, 5.480000)	R:false  F:false
02-28 09:09:53.201 13511 13544 D NavigationTest: 56: (28.072951, -82.426207, 5.480000)	R:false  F:false
02-28 09:09:53.201 13511 13544 D NavServiceProvider: Second to last stop coordinates: 28.0675, -82.42626
02-28 09:09:53.201 13511 13544 D NavServiceProvider: Setting units automatically
02-28 09:09:53.203 13511 13544 D NavServiceProvider: Detecting stop. distance_d=595.2377. stop_type=1 speed=6.49
02-28 09:09:53.203 13511 13544 D NavigationTest: 57: (28.072871, -82.426210, 6.490000)	R:false  F:false
02-28 09:09:53.203 13579 13612 W EventProcessor: callback.start() returned error code: -1
02-28 09:09:53.203 13511 13544 D NavigationTest: 58: (28.072871, -82.426210, 6.490000)	R:false  F:false
02-28 09:09:53.203 13511 13544 D NavServiceProvider: Second to last stop coordinates: 28.0675, -82.42626
02-28 09:09:53.204 13511 13544 D NavServiceProvider: Setting units automatically
02-28 09:09:53.205 13511 13544 D NavServiceProvider: Detecting stop. distance_d=589.25275. stop_type=1 speed=6.05
02-28 09:09:53.205 13511 13544 D NavigationTest: 59: (28.072817, -82.426211, 6.050000)	R:false  F:false
02-28 09:09:53.205 13511 13544 D NavigationTest: 60: (28.072817, -82.426211, 6.050000)	R:false  F:false
02-28 09:09:53.205 13511 13544 D NavigationTest: 61: (28.072817, -82.426211, 6.050000)	R:false  F:false
02-28 09:09:53.206 13511 13544 D NavServiceProvider: Second to last stop coordinates: 28.0675, -82.42626
02-28 09:09:53.206 13511 13544 D NavServiceProvider: Setting units automatically
02-28 09:09:53.207 13511 13544 D NavServiceProvider: Detecting stop. distance_d=580.2782. stop_type=1 speed=7.56
02-28 09:09:53.208 13511 13544 D NavigationTest: 62: (28.072736, -82.426209, 7.560000)	R:false  F:false
02-28 09:09:53.208 13511 13544 D NavigationTest: 63: (28.072736, -82.426209, 7.560000)	R:false  F:false
02-28 09:09:53.208 13511 13544 D NavigationTest: 64: (28.072736, -82.426209, 7.560000)	R:false  F:false
02-28 09:09:53.208 13511 13544 D NavServiceProvider: Second to last stop coordinates: 28.0675, -82.42626
02-28 09:09:53.208 13511 13544 D NavServiceProvider: Setting units automatically
02-28 09:09:53.209 13511 13544 D NavServiceProvider: Detecting stop. distance_d=566.8879. stop_type=1 speed=9.2
02-28 09:09:53.210 13511 13544 D NavigationTest: 65: (28.072615, -82.426191, 9.200000)	R:false  F:false
02-28 09:09:53.210 13511 13544 D NavigationTest: 66: (28.072615, -82.426191, 9.200000)	R:false  F:false
02-28 09:09:53.210 13511 13544 D NavServiceProvider: Second to last stop coordinates: 28.0675, -82.42626
02-28 09:09:53.210 13511 13544 D NavServiceProvider: Setting units automatically
02-28 09:09:53.211 13511 13544 D NavServiceProvider: Detecting stop. distance_d=555.5604. stop_type=1 speed=9.99
02-28 09:09:53.211 13511 13544 D NavigationTest: 67: (28.072513, -82.426216, 9.990000)	R:false  F:false
02-28 09:09:53.211 13511 13544 D NavigationTest: 68: (28.072513, -82.426216, 9.990000)	R:false  F:false
02-28 09:09:53.212 13511 13544 D NavigationTest: 69: (28.072513, -82.426216, 9.990000)	R:false  F:false
02-28 09:09:53.212 13511 13544 D NavServiceProvider: Second to last stop coordinates: 28.0675, -82.42626
02-28 09:09:53.212 13511 13544 D NavServiceProvider: Setting units automatically
02-28 09:09:53.213 13511 13544 D NavServiceProvider: Detecting stop. distance_d=545.5762. stop_type=1 speed=9.8
02-28 09:09:53.213 13511 13544 D NavigationTest: 70: (28.072423, -82.426233, 9.800000)	R:false  F:false
02-28 09:09:53.214 13511 13544 D NavigationTest: 71: (28.072423, -82.426233, 9.800000)	R:false  F:false
02-28 09:09:53.214 13511 13544 D NavigationTest: 72: (28.072423, -82.426233, 9.800000)	R:false  F:false
02-28 09:09:53.214 13511 13544 D NavServiceProvider: Second to last stop coordinates: 28.0675, -82.42626
02-28 09:09:53.214 13511 13544 D NavServiceProvider: Setting units automatically
02-28 09:09:53.216 13511 13544 D NavServiceProvider: Detecting stop. distance_d=528.8577. stop_type=1 speed=12.36
02-28 09:09:53.216 13511 13544 D NavigationTest: 73: (28.072272, -82.426211, 12.360000)	R:false  F:false
02-28 09:09:53.216 13511 13544 D NavigationTest: 74: (28.072272, -82.426211, 12.360000)	R:false  F:false
02-28 09:09:53.216 13511 13544 D NavServiceProvider: Second to last stop coordinates: 28.0675, -82.42626
02-28 09:09:53.216 13511 13544 D NavServiceProvider: Setting units automatically
02-28 09:09:53.218 13579 13612 I GoogleTTSServiceImpl: Synthesis request for locale eng-USA and name en-US-language
02-28 09:09:53.218 13511 13544 D NavServiceProvider: Detecting stop. distance_d=511.36856. stop_type=1 speed=14.46
02-28 09:09:53.218 13511 13544 D NavigationTest: 75: (28.072114, -82.426193, 14.460000)	R:false  F:false
02-28 09:09:53.218 13511 13544 D NavigationTest: 76: (28.072114, -82.426193, 14.460000)	R:false  F:false
02-28 09:09:53.218 13511 13544 D NavigationTest: 77: (28.072114, -82.426193, 14.460000)	R:false  F:false
02-28 09:09:53.218 13511 13544 D NavServiceProvider: Second to last stop coordinates: 28.0675, -82.42626
02-28 09:09:53.218 13511 13544 D NavServiceProvider: Setting units automatically
02-28 09:09:53.218 13579 13612 I GoogleTTSServiceImpl: TTS dispatch: en-us-x-iog-seanet-embedded
02-28 09:09:53.219 13511 13544 D NavServiceProvider: Detecting stop. distance_d=497.74277. stop_type=1 speed=13.61
02-28 09:09:53.220 13511 13544 D NavigationTest: 78: (28.071991, -82.426190, 13.610000)	R:false  F:false
02-28 09:09:53.220 13511 13544 D NavigationTest: 79: (28.071991, -82.426190, 13.610000)	R:false  F:false
02-28 09:09:53.220 13511 13544 D NavigationTest: 80: (28.071991, -82.426190, 13.610000)	R:false  F:false
02-28 09:09:53.220 13511 13544 D NavServiceProvider: Second to last stop coordinates: 28.0675, -82.42626
02-28 09:09:53.220 13511 13544 D NavServiceProvider: Setting units automatically
02-28 09:09:53.221 13511 13544 D NavServiceProvider: Detecting stop. distance_d=484.6592. stop_type=1 speed=13.52
02-28 09:09:53.222 13511 13544 D NavigationTest: 81: (28.071873, -82.426196, 13.520000)	R:false  F:false
02-28 09:09:53.222 13511 13544 D NavigationTest: 82: (28.071873, -82.426196, 13.520000)	R:false  F:false
02-28 09:09:53.222 13511 13544 D NavServiceProvider: Second to last stop coordinates: 28.0675, -82.42626
02-28 09:09:53.222   871   911 D audio_hw_primary: adev_get_parameters:vr_audio_mode_on
02-28 09:09:53.222   871   911 I audio_hw_primary: getting vr mode to 0
02-28 09:09:53.222   871   911 D audio_hw_primary: adev_get_parameters: exit: returns - vr_audio_mode_on=false
02-28 09:09:53.222 13511 13544 D NavServiceProvider: Setting units automatically
02-28 09:09:53.222   959  1210 I hash_map_utils: key: 'vr_audio_mode_on' value: ''
02-28 09:09:53.222   959  1210 I AudioPolicyManagerCustom: VR mode is 0, switch to primary output if request is for fast|raw
02-28 09:09:53.223   959  1210 I AudioPolicyManagerCustom: setting force DEEP buffer now
02-28 09:09:53.223   959  1210 D AudioFlinger: Client defaulted notificationFrames to 2048 for frameCount 4096
02-28 09:09:53.223 13511 13544 D NavServiceProvider: Detecting stop. distance_d=472.69293. stop_type=1 speed=13.52
02-28 09:09:53.223 13511 13544 D NavigationTest: 83: (28.071765, -82.426195, 13.520000)	R:false  F:false
02-28 09:09:53.223 13511 13544 D NavigationTest: 84: (28.071765, -82.426195, 13.520000)	R:false  F:false
02-28 09:09:53.223 13511 13544 D NavigationTest: 85: (28.071765, -82.426195, 13.520000)	R:false  F:false
02-28 09:09:53.223 13511 13544 D NavServiceProvider: Second to last stop coordinates: 28.0675, -82.42626
02-28 09:09:53.223 13511 13544 D NavServiceProvider: Setting units automatically
02-28 09:09:53.224   959  1210 D AF::TrackHandle: OpPlayAudio: track:222 usage:1 not muted
02-28 09:09:53.225 13511 13544 D NavServiceProvider: Detecting stop. distance_d=458.8235. stop_type=1 speed=13.7
02-28 09:09:53.225 13511 13544 D NavigationTest: 86: (28.071640, -82.426210, 13.700000)	R:false  F:false
02-28 09:09:53.225 13511 13544 D NavigationTest: 87: (28.071640, -82.426210, 13.700000)	R:false  F:false
02-28 09:09:53.225 13511 13544 D NavigationTest: 88: (28.071640, -82.426210, 13.700000)	R:false  F:false
02-28 09:09:53.225 13511 13544 D NavServiceProvider: Second to last stop coordinates: 28.0675, -82.42626
02-28 09:09:53.225 13511 13544 D NavServiceProvider: Setting units automatically
02-28 09:09:53.226 13511 13544 D NavServiceProvider: Detecting stop. distance_d=445.40524. stop_type=1 speed=13.85
02-28 09:09:53.226 13511 13544 D NavigationTest: 89: (28.071519, -82.426220, 13.850000)	R:false  F:false
02-28 09:09:53.226 13511 13544 D NavigationTest: 90: (28.071519, -82.426220, 13.850000)	R:false  F:false
02-28 09:09:53.226 13511 13544 D NavigationTest: 91: (28.071519, -82.426220, 13.850000)	R:false  F:false
02-28 09:09:53.226 13511 13544 D NavServiceProvider: Second to last stop coordinates: 28.0675, -82.42626
02-28 09:09:53.226 13511 13544 D NavServiceProvider: Setting units automatically
02-28 09:09:53.228 13511 13544 D NavServiceProvider: Detecting stop. distance_d=422.78076. stop_type=1 speed=11.86
02-28 09:09:53.228 13511 13544 D NavigationTest: 92: (28.071315, -82.426265, 11.860000)	R:false  F:false
02-28 09:09:53.228 13511 13544 D NavigationTest: 93: (28.071315, -82.426265, 11.860000)	R:false  F:false
02-28 09:09:53.228 13511 13544 D NavigationTest: 94: (28.071315, -82.426265, 11.860000)	R:false  F:false
02-28 09:09:53.228 13511 13544 D NavServiceProvider: Second to last stop coordinates: 28.0675, -82.42626
02-28 09:09:53.228 13511 13544 D NavServiceProvider: Setting units automatically
02-28 09:09:53.228  2666  3413 D Avrcp_ext: AudioManager Player: ID:23 -- type:android.media.SoundPool -- u/pid:10126/2688 -- state:idle -- attr:AudioAttributes: usage=USAGE_ASSISTANCE_SONIFICATION content=CONTENT_TYPE_SONIFICATION flags=0x800 tags= bundle=null
02-28 09:09:53.228  2666  3413 D Avrcp_ext: AudioManager Player: ID:1367 -- type:android.media.AudioTrack -- u/pid:10088/13579 -- state:started -- attr:AudioAttributes: usage=USAGE_MEDIA content=CONTENT_TYPE_SPEECH flags=0x800 tags= bundle=null
02-28 09:09:53.228  2666  3413 D Avrcp_ext: AudioManager isPlaying: true
02-28 09:09:53.228  2666  3413 V Avrcp_ext: updateCurrentMediaState: mMediaController: null
02-28 09:09:53.229  2666  3413 V Avrcp_ext: isMusicActive: true getBluetoothPlayState: 2
02-28 09:09:53.229  2666  3413 V Avrcp_ext: updateCurrentMediaState: isPlaying = false
02-28 09:09:53.229  2666  3413 V Avrcp_ext: Media update: id -1➡-1? [MediaAttributes: none] : [MediaAttributes: none]
02-28 09:09:53.229  2666  3413 V Avrcp_ext: newPlayStatus:2mReportedPlayStatus:-1
02-28 09:09:53.229  2666  3413 V Avrcp_ext: updatePlaybackState, state: PlaybackState {state=2, position=-1, buffered position=0, speed=0.0, updated=1796559, actions=0, custom actions=[], active item id=-1, error=null} device: null
02-28 09:09:53.229  2666  3413 V Avrcp_ext: Device: no name:
02-28 09:09:53.229  2666  3413 I chatty  : uid=1002(bluetooth) BluetoothAvrcpH identical 3 lines
02-28 09:09:53.229  2666  3413 V Avrcp_ext: Device: no name:
02-28 09:09:53.229  2666  3413 V Avrcp_ext: updatePlayerStateAndPosition, old=PlaybackState {state=2, position=-1, buffered position=0, speed=0.0, updated=1796432, actions=0, custom actions=[], active item id=-1, error=null}, state=PlaybackState {state=2, position=-1, buffered position=0, speed=0.0, updated=1796559, actions=0, custom actions=[], active item id=-1, error=null}
02-28 09:09:53.229  2666  3413 V Avrcp_ext: old state = PlaybackState {state=2, position=-1, buffered position=0, speed=0.0, updated=1796432, actions=0, custom actions=[], active item id=-1, error=null}, new state= PlaybackState {state=2, position=-1, buffered position=0, speed=0.0, updated=1796559, actions=0, custom actions=[], active item id=-1, error=null}
02-28 09:09:53.229  2666  3413 D HeadsetService: getHeadsetService(): returning com.android.bluetooth.hfp.HeadsetService@8a04d28
02-28 09:09:53.229  2666  3413 D HeadsetService:  isAudioOn: The number of audio connected devices 0
02-28 09:09:53.229  2666  3413 D HeadsetService: isScoOrCallActive(): Call Active:falseCall is Ringing:falseSCO is Active:false
02-28 09:09:53.229 13511 13544 D NavServiceProvider: Detecting stop. distance_d=401.17047. stop_type=1 speed=10.39
02-28 09:09:53.229 13511 13544 D NavigationTest: 95: (28.071120, -82.426259, 10.390000)	R:false  F:false
02-28 09:09:53.229 13511 13544 D NavigationTest: 96: (28.071120, -82.426259, 10.390000)	R:false  F:false
02-28 09:09:53.229  2666  3413 D HeadsetService:  isAudioOn: The number of audio connected devices 0
02-28 09:09:53.230  2666  3413 I Avrcp_ext: updatePlayStatusForDevice: device: null
02-28 09:09:53.230 13511 13544 D NavigationTest: 97: (28.071120, -82.426259, 10.390000)	R:false  F:false
02-28 09:09:53.230 13511 13544 D NavServiceProvider: Second to last stop coordinates: 28.0675, -82.42626
02-28 09:09:53.230  2666  3413 V Avrcp_ext: updatePlaybackState (1): old=PlaybackState {state=2, position=-1, buffered position=0, speed=0.0, updated=1796432, actions=0, custom actions=[], active item id=-1, error=null}(2), new=PlaybackState {state=2, position=-1, buffered position=0, speed=0.0, updated=1796559, actions=0, custom actions=[], active item id=-1, error=null}(2)
02-28 09:09:53.230  2666  3413 I Avrcp_ext: Exit updatePlayStatusForDevice
02-28 09:09:53.230  2666  3413 D HeadsetService:  isAudioOn: The number of audio connected devices 0
02-28 09:09:53.230  2666  3413 D HeadsetService: isScoOrCallActive(): Call Active:falseCall is Ringing:falseSCO is Active:false
02-28 09:09:53.230 13511 13544 D NavServiceProvider: Setting units automatically
02-28 09:09:53.230  2666  3413 D HeadsetService:  isAudioOn: The number of audio connected devices 0
02-28 09:09:53.230  2666  3413 I Avrcp_ext: updatePlayStatusForDevice: device: null
02-28 09:09:53.230  2666  3413 V Avrcp_ext: updatePlaybackState (1): old=PlaybackState {state=2, position=-1, buffered position=0, speed=0.0, updated=1796432, actions=0, custom actions=[], active item id=-1, error=null}(2), new=PlaybackState {state=2, position=-1, buffered position=0, speed=0.0, updated=1796559, actions=0, custom actions=[], active item id=-1, error=null}(2)
02-28 09:09:53.230  2666  3413 I Avrcp_ext: Exit updatePlayStatusForDevice
02-28 09:09:53.230  2666  3413 D HeadsetService:  isAudioOn: The number of audio connected devices 0
02-28 09:09:53.230  2666  3413 D HeadsetService: isScoOrCallActive(): Call Active:falseCall is Ringing:falseSCO is Active:false
02-28 09:09:53.231  2666  3413 D HeadsetService:  isAudioOn: The number of audio connected devices 0
02-28 09:09:53.231  2666  3413 I Avrcp_ext: updatePlayStatusForDevice: device: null
02-28 09:09:53.231  2666  3413 V Avrcp_ext: updatePlaybackState (1): old=PlaybackState {state=2, position=-1, buffered position=0, speed=0.0, updated=1796432, actions=0, custom actions=[], active item id=-1, error=null}(2), new=PlaybackState {state=2, position=-1, buffered position=0, speed=0.0, updated=1796559, actions=0, custom actions=[], active item id=-1, error=null}(2)
02-28 09:09:53.231  2666  3413 I Avrcp_ext: Exit updatePlayStatusForDevice
02-28 09:09:53.232  2666  3413 D HeadsetService:  isAudioOn: The number of audio connected devices 0
02-28 09:09:53.232  2666  3413 D HeadsetService: isScoOrCallActive(): Call Active:falseCall is Ringing:falseSCO is Active:false
02-28 09:09:53.232  2666  3413 D HeadsetService:  isAudioOn: The number of audio connected devices 0
02-28 09:09:53.232  2666  3413 I Avrcp_ext: updatePlayStatusForDevice: device: null
02-28 09:09:53.232  2666  3413 V Avrcp_ext: updatePlaybackState (1): old=PlaybackState {state=2, position=-1, buffered position=0, speed=0.0, updated=1796432, actions=0, custom actions=[], active item id=-1, error=null}(2), new=PlaybackState {state=2, position=-1, buffered position=0, speed=0.0, updated=1796559, actions=0, custom actions=[], active item id=-1, error=null}(2)
02-28 09:09:53.232  2666  3413 I Avrcp_ext: Exit updatePlayStatusForDevice
02-28 09:09:53.232 13511 13544 D NavServiceProvider: Detecting stop. distance_d=393.8575. stop_type=1 speed=9.2
02-28 09:09:53.232  2666  3413 D HeadsetService:  isAudioOn: The number of audio connected devices 0
02-28 09:09:53.232 13511 13544 D NavigationTest: 98: (28.071054, -82.426270, 9.200000)	R:false  F:false
02-28 09:09:53.232  2666  3413 D HeadsetService: isScoOrCallActive(): Call Active:falseCall is Ringing:falseSCO is Active:false
02-28 09:09:53.232 13511 13544 D NavigationTest: 99: (28.071054, -82.426270, 9.200000)	R:false  F:false
02-28 09:09:53.233 13511 13544 D NavServiceProvider: Second to last stop coordinates: 28.0675, -82.42626
02-28 09:09:53.233  2666  3413 D HeadsetService:  isAudioOn: The number of audio connected devices 0
02-28 09:09:53.233  2666  3413 I Avrcp_ext: updatePlayStatusForDevice: device: null
02-28 09:09:53.233  2666  3413 V Avrcp_ext: updatePlaybackState (1): old=PlaybackState {state=2, position=-1, buffered position=0, speed=0.0, updated=1796432, actions=0, custom actions=[], active item id=-1, error=null}(2), new=PlaybackState {state=2, position=-1, buffered position=0, speed=0.0, updated=1796559, actions=0, custom actions=[], active item id=-1, error=null}(2)
02-28 09:09:53.233  2666  3413 I Avrcp_ext: Exit updatePlayStatusForDevice
02-28 09:09:53.233  2666  3413 D Avrcp_ext: Enter sendPlayPosNotificationRsp
02-28 09:09:53.233 13511 13544 D NavServiceProvider: Setting units automatically
02-28 09:09:53.233  2666  3413 D Avrcp_ext: sendPlayPosNotificationRsp: Not registered or requesting.
02-28 09:09:53.233  2666  3413 D Avrcp_ext: Enter sendPlayPosNotificationRsp
02-28 09:09:53.233  2666  3413 D Avrcp_ext: sendPlayPosNotificationRsp: Not registered or requesting.
02-28 09:09:53.233  2666  3413 D Avrcp_ext: Enter sendPlayPosNotificationRsp
02-28 09:09:53.233  2666  3413 D Avrcp_ext: sendPlayPosNotificationRsp: Not registered or requesting.
02-28 09:09:53.233  2666  3413 D Avrcp_ext: Enter sendPlayPosNotificationRsp
02-28 09:09:53.233  2666  3413 D Avrcp_ext: sendPlayPosNotificationRsp: Not registered or requesting.
02-28 09:09:53.233  2666  3413 D Avrcp_ext: Enter sendPlayPosNotificationRsp
02-28 09:09:53.233  2666  3413 D Avrcp_ext: sendPlayPosNotificationRsp: Not registered or requesting.
02-28 09:09:53.233  2666  3413 V Avrcp_ext: Exit updatePlayerStateAndPosition
02-28 09:09:53.234 13511 13544 D NavServiceProvider: Detecting stop. distance_d=383.8837. stop_type=1 speed=9.82
02-28 09:09:53.234 13511 13544 D NavigationTest: 100: (28.070964, -82.426270, 9.820000)	R:false  F:false
02-28 09:09:53.234 13511 13544 D NavigationTest: 101: (28.070964, -82.426270, 9.820000)	R:false  F:false
02-28 09:09:53.234 13511 13544 D NavigationTest: 102: (28.070964, -82.426270, 9.820000)	R:false  F:false
02-28 09:09:53.234 13511 13544 D NavServiceProvider: Second to last stop coordinates: 28.0675, -82.42626
02-28 09:09:53.235 13511 13544 D NavServiceProvider: Setting units automatically
02-28 09:09:53.236 13511 13544 D NavServiceProvider: Detecting stop. distance_d=376.12503. stop_type=1 speed=7.81
02-28 09:09:53.236 13511 13544 D NavigationTest: 103: (28.070894, -82.426259, 7.810000)	R:false  F:false
02-28 09:09:53.236 13511 13544 D NavigationTest: 104: (28.070894, -82.426259, 7.810000)	R:false  F:false
02-28 09:09:53.236 13511 13544 D NavigationTest: 105: (28.070894, -82.426259, 7.810000)	R:false  F:false
02-28 09:09:53.236 13511 13544 D NavServiceProvider: Second to last stop coordinates: 28.0675, -82.42626
02-28 09:09:53.236 13511 13544 D NavServiceProvider: Setting units automatically
02-28 09:09:53.237 13511 13544 D NavServiceProvider: Detecting stop. distance_d=373.68707. stop_type=1 speed=4.25
02-28 09:09:53.237 13511 13544 D NavigationTest: 106: (28.070872, -82.426263, 4.250000)	R:false  F:false
02-28 09:09:53.237 13511 13544 D NavigationTest: 107: (28.070872, -82.426263, 4.250000)	R:false  F:false
02-28 09:09:53.237 13511 13544 D NavServiceProvider: Second to last stop coordinates: 28.0675, -82.42626
02-28 09:09:53.238 13511 13544 D NavServiceProvider: Setting units automatically
02-28 09:09:53.239 13511 13544 D NavServiceProvider: Detecting stop. distance_d=371.4743. stop_type=1 speed=2.4
02-28 09:09:53.239 13511 13544 D NavigationTest: 108: (28.070852, -82.426277, 2.400000)	R:false  F:false
02-28 09:09:53.239 13511 13544 D NavigationTest: 109: (28.070852, -82.426277, 2.400000)	R:false  F:false
02-28 09:09:53.239 13511 13544 D NavigationTest: 110: (28.070852, -82.426277, 2.400000)	R:false  F:false
02-28 09:09:53.239 13511 13544 D NavServiceProvider: Second to last stop coordinates: 28.0675, -82.42626
02-28 09:09:53.239 13511 13544 D NavServiceProvider: Setting units automatically
02-28 09:09:53.240 13511 13544 D NavServiceProvider: Detecting stop. distance_d=368.5908. stop_type=1 speed=2.99
02-28 09:09:53.240 13511 13544 D NavigationTest: 111: (28.070826, -82.426271, 2.990000)	R:false  F:false
02-28 09:09:53.240 13511 13544 D NavigationTest: 112: (28.070826, -82.426271, 2.990000)	R:false  F:false
02-28 09:09:53.240 13511 13544 D NavServiceProvider: Second to last stop coordinates: 28.0675, -82.42626
02-28 09:09:53.241 13511 13544 D NavServiceProvider: Setting units automatically
02-28 09:09:53.242 13511 13544 D NavServiceProvider: Detecting stop. distance_d=366.48364. stop_type=1 speed=2.98
02-28 09:09:53.242 13511 13544 D NavigationTest: 113: (28.070807, -82.426261, 2.980000)	R:false  F:false
02-28 09:09:53.242 13511 13544 D NavigationTest: 114: (28.070807, -82.426261, 2.980000)	R:false  F:false
02-28 09:09:53.242 13511 13544 D NavigationTest: 115: (28.070807, -82.426261, 2.980000)	R:false  F:false
02-28 09:09:53.242 13511 13544 D NavServiceProvider: Second to last stop coordinates: 28.0675, -82.42626
02-28 09:09:53.242 13511 13544 D NavServiceProvider: Setting units automatically
02-28 09:09:53.243 13511 13544 D NavServiceProvider: Detecting stop. distance_d=365.38577. stop_type=1 speed=0.82
02-28 09:09:53.243 13511 13544 D NavigationTest: 116: (28.070797, -82.426232, 0.820000)	R:false  F:false
02-28 09:09:53.243 13511 13544 D NavigationTest: 117: (28.070797, -82.426232, 0.820000)	R:false  F:false
02-28 09:09:53.243 13511 13544 D NavigationTest: 118: (28.070797, -82.426232, 0.820000)	R:false  F:false
02-28 09:09:53.243 13511 13544 D NavServiceProvider: Second to last stop coordinates: 28.0675, -82.42626
02-28 09:09:53.243 13511 13544 D NavServiceProvider: Setting units automatically
02-28 09:09:53.244 13511 13544 D NavServiceProvider: Detecting stop. distance_d=365.9422. stop_type=1 speed=0.92
02-28 09:09:53.244 13511 13544 D NavigationTest: 119: (28.070802, -82.426229, 0.920000)	R:false  F:false
02-28 09:09:53.245 13511 13544 D NavigationTest: 120: (28.070802, -82.426229, 0.920000)	R:false  F:false
02-28 09:09:53.245 13511 13544 D NavigationTest: 121: (28.070802, -82.426229, 0.920000)	R:false  F:false
02-28 09:09:53.245 13511 13544 D NavServiceProvider: Second to last stop coordinates: 28.0675, -82.42626
02-28 09:09:53.245 13511 13544 D NavServiceProvider: Setting units automatically
02-28 09:09:53.246 13511 13544 D NavServiceProvider: Detecting stop. distance_d=369.93506. stop_type=1 speed=0.39
02-28 09:09:53.246 13511 13544 D NavigationTest: 122: (28.070838, -82.426225, 0.390000)	R:false  F:false
02-28 09:09:53.246 13511 13544 D NavigationTest: 123: (28.070838, -82.426225, 0.390000)	R:false  F:false
02-28 09:09:53.246 13511 13544 D NavServiceProvider: Second to last stop coordinates: 28.0675, -82.42626
02-28 09:09:53.246 13511 13544 D NavServiceProvider: Setting units automatically
02-28 09:09:53.247 13511 13544 D NavServiceProvider: Detecting stop. distance_d=371.03415. stop_type=1 speed=0.0
02-28 09:09:53.247 13511 13544 D NavigationTest: 124: (28.070848, -82.426237, 0.000000)	R:false  F:false
02-28 09:09:53.247 13511 13544 D NavigationTest: 125: (28.070848, -82.426237, 0.000000)	R:false  F:false
02-28 09:09:53.247 13511 13544 D NavigationTest: 126: (28.070848, -82.426237, 0.000000)	R:false  F:false
02-28 09:09:53.247 13511 13544 D NavServiceProvider: Second to last stop coordinates: 28.0675, -82.42626
02-28 09:09:53.248 13511 13544 D NavServiceProvider: Setting units automatically
02-28 09:09:53.249 13511 13544 D NavServiceProvider: Detecting stop. distance_d=370.03366. stop_type=1 speed=0.21
02-28 09:09:53.249 13511 13544 D NavigationTest: 127: (28.070839, -82.426243, 0.210000)	R:false  F:false
02-28 09:09:53.249 13511 13544 D NavigationTest: 128: (28.070839, -82.426243, 0.210000)	R:false  F:false
02-28 09:09:53.249 13511 13544 D NavServiceProvider: Second to last stop coordinates: 28.0675, -82.42626
02-28 09:09:53.249 13511 13544 D NavServiceProvider: Setting units automatically
02-28 09:09:53.250 13511 13544 D NavServiceProvider: Detecting stop. distance_d=369.36874. stop_type=1 speed=0.68
02-28 09:09:53.250 13511 13544 D NavigationTest: 129: (28.070833, -82.426243, 0.680000)	R:false  F:false
02-28 09:09:53.251 13511 13544 D NavigationTest: 130: (28.070833, -82.426243, 0.680000)	R:false  F:false
02-28 09:09:53.251 13511 13544 D NavigationTest: 131: (28.070833, -82.426243, 0.680000)	R:false  F:false
02-28 09:09:53.251 13511 13544 D NavServiceProvider: Second to last stop coordinates: 28.0675, -82.42626
02-28 09:09:53.251 13511 13544 D NavServiceProvider: Setting units automatically
02-28 09:09:53.252 13511 13544 D NavServiceProvider: Detecting stop. distance_d=368.593. stop_type=1 speed=0.64
02-28 09:09:53.252 13511 13544 D NavigationTest: 132: (28.070826, -82.426243, 0.640000)	R:false  F:false
02-28 09:09:53.252 13511 13544 D NavigationTest: 133: (28.070826, -82.426243, 0.640000)	R:false  F:false
02-28 09:09:53.252 13511 13544 D NavigationTest: 134: (28.070826, -82.426243, 0.640000)	R:false  F:false
02-28 09:09:53.252 13511 13544 D NavServiceProvider: Second to last stop coordinates: 28.0675, -82.42626
02-28 09:09:53.252 13511 13544 D NavServiceProvider: Setting units automatically
02-28 09:09:53.254   871   911 D msm8974_platform: platform_split_snd_device: snd_device(2) num devices(1) new_snd_devices(0)
02-28 09:09:53.254 13511 13544 D NavServiceProvider: Detecting stop. distance_d=367.81726. stop_type=1 speed=0.64
02-28 09:09:53.254 13511 13544 D NavigationTest: 135: (28.070819, -82.426243, 0.640000)	R:false  F:false
02-28 09:09:53.254 13511 13544 D NavigationTest: 136: (28.070819, -82.426243, 0.640000)	R:false  F:false
02-28 09:09:53.254 13511 13544 D NavigationTest: 137: (28.070819, -82.426243, 0.640000)	R:false  F:false
02-28 09:09:53.254 13511 13544 D NavServiceProvider: Second to last stop coordinates: 28.0675, -82.42626
02-28 09:09:53.255 13511 13544 D NavServiceProvider: Setting units automatically
02-28 09:09:53.256 13511 13544 D NavServiceProvider: Detecting stop. distance_d=367.15234. stop_type=1 speed=0.64
02-28 09:09:53.256 13511 13544 D NavigationTest: 138: (28.070813, -82.426243, 0.640000)	R:false  F:false
02-28 09:09:53.256 13511 13544 D NavigationTest: 139: (28.070813, -82.426243, 0.640000)	R:false  F:false
02-28 09:09:53.256 13511 13544 D NavServiceProvider: Second to last stop coordinates: 28.0675, -82.42626
02-28 09:09:53.256 13511 13544 D NavServiceProvider: Setting units automatically
02-28 09:09:53.257 13511 13544 D NavServiceProvider: Detecting stop. distance_d=366.26456. stop_type=1 speed=0.8
02-28 09:09:53.257 13511 13544 D NavigationTest: 140: (28.070805, -82.426246, 0.800000)	R:false  F:false
02-28 09:09:53.257 13511 13544 D NavigationTest: 141: (28.070805, -82.426246, 0.800000)	R:false  F:false
02-28 09:09:53.257 13511 13544 D NavigationTest: 142: (28.070805, -82.426246, 0.800000)	R:false  F:false
02-28 09:09:53.257 13511 13544 D NavServiceProvider: Second to last stop coordinates: 28.0675, -82.42626
02-28 09:09:53.258 13511 13544 D NavServiceProvider: Setting units automatically
02-28 09:09:53.259 13511 13544 D NavServiceProvider: Detecting stop. distance_d=365.59894. stop_type=1 speed=0.7
02-28 09:09:53.259 13511 13544 D NavigationTest: 143: (28.070799, -82.426248, 0.700000)	R:false  F:false
02-28 09:09:53.259 13511 13544 D NavigationTest: 144: (28.070799, -82.426248, 0.700000)	R:false  F:false
02-28 09:09:53.259 13511 13544 D NavigationTest: 145: (28.070799, -82.426248, 0.700000)	R:false  F:false
02-28 09:09:53.259 13511 13544 D NavServiceProvider: Second to last stop coordinates: 28.0675, -82.42626
02-28 09:09:53.259 13511 13544 D NavServiceProvider: Setting units automatically
02-28 09:09:53.260 13511 13544 D NavServiceProvider: Detecting stop. distance_d=364.82263. stop_type=1 speed=0.77
02-28 09:09:53.260 13511 13544 D NavigationTest: 146: (28.070792, -82.426250, 0.770000)	R:false  F:false
02-28 09:09:53.260 13511 13544 D NavigationTest: 147: (28.070792, -82.426250, 0.770000)	R:false  F:false
02-28 09:09:53.260 13511 13544 D NavigationTest: 148: (28.070792, -82.426250, 0.770000)	R:false  F:false
02-28 09:09:53.260 13511 13544 D NavServiceProvider: Second to last stop coordinates: 28.0675, -82.42626
02-28 09:09:53.261 13511 13544 D NavServiceProvider: Setting units automatically
02-28 09:09:53.262 13511 13544 D NavServiceProvider: Detecting stop. distance_d=367.37314. stop_type=1 speed=1.05
02-28 09:09:53.262 13511 13544 D NavigationTest: 149: (28.070815, -82.426245, 1.050000)	R:false  F:false
02-28 09:09:53.262 13511 13544 D NavigationTest: 150: (28.070815, -82.426245, 1.050000)	R:false  F:false
02-28 09:09:53.262 13511 13544 D NavigationTest: 151: (28.070815, -82.426245, 1.050000)	R:false  F:false
02-28 09:09:53.262 13511 13544 D NavigationTest: 152: (28.070815, -82.426245, 1.050000)	R:false  F:false
02-28 09:09:53.262 13511 13544 D NavServiceProvider: Second to last stop coordinates: 28.0675, -82.42626
02-28 09:09:53.262 13511 13544 D NavServiceProvider: Setting units automatically
02-28 09:09:53.263 13511 13544 D NavServiceProvider: Detecting stop. distance_d=367.15112. stop_type=1 speed=1.0
02-28 09:09:53.263 13511 13544 D NavigationTest: 153: (28.070813, -82.426246, 1.000000)	R:false  F:false
02-28 09:09:53.263 13511 13544 D NavigationTest: 154: (28.070813, -82.426246, 1.000000)	R:false  F:false
02-28 09:09:53.263 13511 13544 D NavigationTest: 155: (28.070813, -82.426246, 1.000000)	R:false  F:false
02-28 09:09:53.263 13511 13544 D NavigationTest: 156: (28.070813, -82.426246, 1.000000)	R:false  F:false
02-28 09:09:53.264 13511 13544 D NavigationTest: 157: (28.070813, -82.426246, 1.000000)	R:false  F:false
02-28 09:09:53.264 13511 13544 D NavServiceProvider: Second to last stop coordinates: 28.0675, -82.42626
02-28 09:09:53.264 13511 13544 D NavServiceProvider: Setting units automatically
02-28 09:09:53.265 13511 13544 D NavServiceProvider: Detecting stop. distance_d=365.93112. stop_type=1 speed=2.17
02-28 09:09:53.265 13511 13544 D NavigationTest: 158: (28.070802, -82.426249, 2.170000)	R:false  F:false
02-28 09:09:53.265 13511 13544 D NavigationTest: 159: (28.070802, -82.426249, 2.170000)	R:false  F:false
02-28 09:09:53.265 13511 13544 D NavigationTest: 160: (28.070802, -82.426249, 2.170000)	R:false  F:false
02-28 09:09:53.265 13511 13544 D NavigationTest: 161: (28.070802, -82.426249, 2.170000)	R:false  F:false
02-28 09:09:53.265 13511 13544 D NavServiceProvider: Second to last stop coordinates: 28.0675, -82.42626
02-28 09:09:53.265 13511 13544 D NavServiceProvider: Setting units automatically
02-28 09:09:53.266 13511 13544 D NavServiceProvider: Detecting stop. distance_d=364.15723. stop_type=1 speed=2.17
02-28 09:09:53.266 13511 13544 D NavigationTest: 162: (28.070786, -82.426252, 2.170000)	R:false  F:false
02-28 09:09:53.266 13511 13544 D NavigationTest: 163: (28.070786, -82.426252, 2.170000)	R:false  F:false
02-28 09:09:53.266 13511 13544 D NavigationTest: 164: (28.070786, -82.426252, 2.170000)	R:false  F:false
02-28 09:09:53.266 13511 13544 D NavServiceProvider: Second to last stop coordinates: 28.0675, -82.42626
02-28 09:09:53.267 13511 13544 D NavServiceProvider: Setting units automatically
02-28 09:09:53.268 13511 13544 D NavServiceProvider: Detecting stop. distance_d=362.38358. stop_type=1 speed=2.28
02-28 09:09:53.268 13511 13544 D NavigationTest: 165: (28.070770, -82.426255, 2.280000)	R:false  F:false
02-28 09:09:53.268 13511 13544 D NavigationTest: 166: (28.070770, -82.426255, 2.280000)	R:false  F:false
02-28 09:09:53.268 13511 13544 D NavigationTest: 167: (28.070770, -82.426255, 2.280000)	R:false  F:false
02-28 09:09:53.268 13511 13544 D NavigationTest: 168: (28.070770, -82.426255, 2.280000)	R:false  F:false
02-28 09:09:53.268 13511 13544 D NavigationTest: 169: (28.070770, -82.426255, 2.280000)	R:false  F:false
02-28 09:09:53.268 13511 13544 D NavigationTest: 170: (28.070770, -82.426255, 2.280000)	R:false  F:false
02-28 09:09:53.268 13511 13544 D NavigationTest: 171: (28.070770, -82.426255, 2.280000)	R:false  F:false
02-28 09:09:53.268 13511 13544 D NavigationTest: 172: (28.070770, -82.426255, 2.280000)	R:false  F:false
02-28 09:09:53.268 13511 13544 D NavigationTest: 173: (28.070770, -82.426255, 2.280000)	R:false  F:false
02-28 09:09:53.268 13511 13544 D NavigationTest: 174: (28.070770, -82.426255, 2.280000)	R:false  F:false
02-28 09:09:53.268 13511 13544 D NavigationTest: 175: (28.070770, -82.426255, 2.280000)	R:false  F:false
02-28 09:09:53.268 13511 13544 D NavigationTest: 176: (28.070770, -82.426255, 2.280000)	R:false  F:false
02-28 09:09:53.268 13511 13544 D NavigationTest: 177: (28.070770, -82.426255, 2.280000)	R:false  F:false
02-28 09:09:53.268 13511 13544 D NavigationTest: 178: (28.070770, -82.426255, 2.280000)	R:false  F:false
02-28 09:09:53.268 13511 13544 D NavigationTest: 179: (28.070770, -82.426255, 2.280000)	R:false  F:false
02-28 09:09:53.268 13511 13544 D NavigationTest: 180: (28.070770, -82.426255, 2.280000)	R:false  F:false
02-28 09:09:53.268 13511 13544 D NavigationTest: 181: (28.070770, -82.426255, 2.280000)	R:false  F:false
02-28 09:09:53.269 13511 13544 D NavServiceProvider: Second to last stop coordinates: 28.0675, -82.42626
02-28 09:09:53.269 13511 13544 D NavServiceProvider: Setting units automatically
02-28 09:09:53.270 13511 13544 D NavServiceProvider: Detecting stop. distance_d=329.69492. stop_type=1 speed=0.29
02-28 09:09:53.270 13511 13544 D NavigationTest: 182: (28.070475, -82.426276, 0.290000)	R:false  F:false
02-28 09:09:53.270 13511 13544 D NavigationTest: 183: (28.070475, -82.426276, 0.290000)	R:false  F:false
02-28 09:09:53.270 13511 13544 D NavigationTest: 184: (28.070475, -82.426276, 0.290000)	R:false  F:false
02-28 09:09:53.270 13511 13544 D NavServiceProvider: Second to last stop coordinates: 28.0675, -82.42626
02-28 09:09:53.270 13511 13544 D NavServiceProvider: Setting units automatically
02-28 09:09:53.271 13511 13544 D NavServiceProvider: Detecting stop. distance_d=330.13483. stop_type=1 speed=0.87
02-28 09:09:53.271 13511 13544 D NavigationTest: 185: (28.070479, -82.426255, 0.870000)	R:false  F:false
02-28 09:09:53.271 13511 13544 D NavigationTest: 186: (28.070479, -82.426255, 0.870000)	R:false  F:false
02-28 09:09:53.271 13511 13544 D NavServiceProvider: Second to last stop coordinates: 28.0675, -82.42626
02-28 09:09:53.272 13511 13544 D NavServiceProvider: Setting units automatically
02-28 09:09:53.273 13511 13544 D NavServiceProvider: Detecting stop. distance_d=330.25516. stop_type=1 speed=0.0
02-28 09:09:53.273 13511 13544 D NavigationTest: 187: (28.070480, -82.426234, 0.000000)	R:false  F:false
02-28 09:09:53.273 13511 13544 D NavigationTest: 188: (28.070480, -82.426234, 0.000000)	R:false  F:false
02-28 09:09:53.273 13511 13544 D NavigationTest: 189: (28.070480, -82.426234, 0.000000)	R:false  F:false
02-28 09:09:53.273 13511 13544 D NavServiceProvider: Second to last stop coordinates: 28.0675, -82.42626
02-28 09:09:53.273 13511 13544 D NavServiceProvider: Setting units automatically
02-28 09:09:53.274 13511 13544 D NavServiceProvider: Detecting stop. distance_d=330.27234. stop_type=1 speed=0.24
02-28 09:09:53.274 13511 13544 D NavigationTest: 190: (28.070480, -82.426217, 0.240000)	R:false  F:false
02-28 09:09:53.274 13511 13544 D NavigationTest: 191: (28.070480, -82.426217, 0.240000)	R:false  F:false
02-28 09:09:53.274 13511 13544 D NavigationTest: 192: (28.070480, -82.426217, 0.240000)	R:false  F:false
02-28 09:09:53.274 13511 13544 D NavServiceProvider: Second to last stop coordinates: 28.0675, -82.42626
02-28 09:09:53.275 13511 13544 D NavServiceProvider: Setting units automatically
02-28 09:09:53.276 13511 13544 D NavServiceProvider: Detecting stop. distance_d=329.95395. stop_type=1 speed=0.48
02-28 09:09:53.276 13511 13544 D NavigationTest: 193: (28.070477, -82.426207, 0.480000)	R:false  F:false
02-28 09:09:53.276 13511 13544 D NavigationTest: 194: (28.070477, -82.426207, 0.480000)	R:false  F:false
02-28 09:09:53.276 13511 13544 D NavServiceProvider: Second to last stop coordinates: 28.0675, -82.42626
02-28 09:09:53.276 13511 13544 D NavServiceProvider: Setting units automatically
02-28 09:09:53.277 13511 13544 D NavServiceProvider: Detecting stop. distance_d=329.40805. stop_type=1 speed=0.38
02-28 09:09:53.277 13511 13544 D NavigationTest: 195: (28.070472, -82.426202, 0.380000)	R:false  F:false
02-28 09:09:53.277 13511 13544 D NavigationTest: 196: (28.070472, -82.426202, 0.380000)	R:false  F:false
02-28 09:09:53.277 13511 13544 D NavigationTest: 197: (28.070472, -82.426202, 0.380000)	R:false  F:false
02-28 09:09:53.277 13511 13544 D NavServiceProvider: Second to last stop coordinates: 28.0675, -82.42626
02-28 09:09:53.277 13511 13544 D NavServiceProvider: Setting units automatically
02-28 09:09:53.278 13511 13544 D NavServiceProvider: Detecting stop. distance_d=328.6359. stop_type=1 speed=0.61
02-28 09:09:53.278 13511 13544 D NavigationTest: 198: (28.070465, -82.426200, 0.610000)	R:false  F:false
02-28 09:09:53.279 13511 13544 D NavigationTest: 199: (28.070465, -82.426200, 0.610000)	R:false  F:false
