02-28 09:09:46.359 13511 13544 D NavigationTest: 648: (28.065747, -82.408787, 6.750000)	R:true  F:false
02-28 09:09:46.359 13511 13544 D NavigationTest: 649: (28.065747, -82.408787, 6.750000)	R:true  F:false
02-28 09:09:46.359 13511 13544 D NavServiceProvider: Second to last stop coordinates: 28.065759, -82.409847
02-28 09:09:46.359 13511 13544 D NavServiceProvider: Setting units automatically
02-28 09:09:46.361 13511 13544 D NavServiceProvider: Detecting stop. distance_d=98.1386. stop_type=1 speed=6.25
02-28 09:09:46.361 13511 13544 D NavServiceProvider: Case 1: false
02-28 09:09:46.361 13511 13544 D NavigationTest: 650: (28.065736, -82.408849, 6.250000)	R:true  F:false
02-28 09:09:46.361 13511 13544 D NavServiceProvider: Second to last stop coordinates: 28.065759, -82.409847
02-28 09:09:46.361 13511 13544 D NavServiceProvider: Setting units automatically
02-28 09:09:46.362 13511 13544 D NavServiceProvider: Detecting stop. distance_d=92.45241. stop_type=1 speed=6.25
02-28 09:09:46.363 13511 13544 D NavigationTest: 651: (28.065732, -82.408907, 6.250000)	R:true  F:false
02-28 09:09:46.363 13511 13544 D NavigationTest: 652: (28.065732, -82.408907, 6.250000)	R:true  F:false
02-28 09:09:46.363 13511 13544 D NavServiceProvider: Second to last stop coordinates: 28.065759, -82.409847
02-28 09:09:46.363 13511 13544 D NavServiceProvider: Setting units automatically
02-28 09:09:46.364 13511 13544 D NavServiceProvider: Detecting stop. distance_d=86.4332. stop_type=1 speed=6.0
02-28 09:09:46.365 13511 13544 D NavigationTest: 653: (28.065740, -82.408968, 6.000000)	R:true  F:false
02-28 09:09:46.365 13511 13544 D NavServiceProvider: Second to last stop coordinates: 28.065759, -82.409847
02-28 09:09:46.365 13511 13544 D NavServiceProvider: Setting units automatically
02-28 09:09:46.366 13511 13544 D NavServiceProvider: Detecting stop. distance_d=81.01798. stop_type=1 speed=6.0
02-28 09:09:46.366 13511 13544 D NavigationTest: 654: (28.065744, -82.409023, 6.000000)	R:true  F:false
02-28 09:09:46.366 13511 13544 D NavigationTest: 655: (28.065744, -82.409023, 6.000000)	R:true  F:false
02-28 09:09:46.367 13511 13544 D NavServiceProvider: Second to last stop coordinates: 28.065759, -82.409847
02-28 09:09:46.367 13511 13544 D NavServiceProvider: Setting units automatically
02-28 09:09:46.368 13511 13544 D NavServiceProvider: Detecting stop. distance_d=76.29217. stop_type=1 speed=5.5
02-28 09:09:46.368 13511 13544 D NavigationTest: 656: (28.065748, -82.409071, 5.500000)	R:true  F:false
02-28 09:09:46.368 13511 13544 D NavigationTest: 657: (28.065748, -82.409071, 5.500000)	R:true  F:false
02-28 09:09:46.368 13511 13544 D NavServiceProvider: Second to last stop coordinates: 28.065759, -82.409847
02-28 09:09:46.368 13511 13544 D NavServiceProvider: Setting units automatically
02-28 09:09:46.370 13511 13544 D NavServiceProvider: Detecting stop. distance_d=70.48574. stop_type=1 speed=5.5
02-28 09:09:46.370 13511 13544 D NavigationTest: 658: (28.065753, -82.409130, 5.500000)	R:true  F:false
02-28 09:09:46.370 13511 13544 D NavigationTest: 659: (28.065753, -82.409130, 5.500000)	R:true  F:false
02-28 09:09:46.370 13511 13544 D NavigationTest: 660: (28.065753, -82.409130, 5.500000)	R:true  F:false
02-28 09:09:46.370 13511 13544 D NavigationTest: 661: (28.065753, -82.409130, 5.500000)	R:true  F:false
02-28 09:09:46.370 13511 13544 D NavServiceProvider: Second to last stop coordinates: 28.065759, -82.409847
02-28 09:09:46.371 13511 13544 D NavServiceProvider: Setting units automatically
02-28 09:09:46.372 13511 13544 D NavServiceProvider: Detecting stop. distance_d=65.0775. stop_type=1 speed=5.0
02-28 09:09:46.373 13511 13544 D NavigationTest: 662: (28.065755, -82.409185, 5.000000)	R:true  F:false
02-28 09:09:46.373 13511 13544 D NavServiceProvider: Second to last stop coordinates: 28.065759, -82.409847
02-28 09:09:46.373 13511 13544 D NavServiceProvider: Setting units automatically
02-28 09:09:46.374   871  1408 D audio_hw_primary: adev_get_parameters:vr_audio_mode_on
02-28 09:09:46.374   871  1408 I audio_hw_primary: getting vr mode to 0
02-28 09:09:46.374   871  1408 D audio_hw_primary: adev_get_parameters: exit: returns - vr_audio_mode_on=false
02-28 09:09:46.374   959  2592 I hash_map_utils: key: 'vr_audio_mode_on' value: ''
02-28 09:09:46.375 13511 13544 D NavServiceProvider: Detecting stop. distance_d=61.348618. stop_type=1 speed=4.0
02-28 09:09:46.375 13511 13544 D NavigationTest: 663: (28.065750, -82.409223, 4.000000)	R:true  F:false
02-28 09:09:46.375   959  2592 I AudioPolicyManagerCustom: VR mode is 0, switch to primary output if request is for fast|raw
02-28 09:09:46.375 13511 13544 D NavigationTest: 664: (28.065750, -82.409223, 4.000000)	R:true  F:false
02-28 09:09:46.375   959  2592 I AudioPolicyManagerCustom: setting force DEEP buffer now
02-28 09:09:46.375 13511 13544 D NavServiceProvider: Second to last stop coordinates: 28.065759, -82.409847
02-28 09:09:46.375 13511 13544 D NavServiceProvider: Setting units automatically
02-28 09:09:46.375   959  2592 D AudioFlinger: Client defaulted notificationFrames to 2048 for frameCount 4096
02-28 09:09:46.376   959  2592 D AF::TrackHandle: OpPlayAudio: track:209 usage:1 not muted
02-28 09:09:46.377 13511 13544 D NavServiceProvider: Detecting stop. distance_d=56.725613. stop_type=1 speed=3.75
02-28 09:09:46.377 13511 13544 D NavigationTest: 665: (28.065752, -82.409270, 3.750000)	R:true  F:false
02-28 09:09:46.377 13511 13544 D NavigationTest: 666: (28.065752, -82.409270, 3.750000)	R:true  F:false
02-28 09:09:46.377 13511 13544 D NavServiceProvider: Second to last stop coordinates: 28.065759, -82.409847
02-28 09:09:46.377 13511 13544 D NavServiceProvider: Setting units automatically
02-28 09:09:46.378 13511 13544 D NavServiceProvider: Detecting stop. distance_d=51.318. stop_type=1 speed=3.5
02-28 09:09:46.378 13511 13544 D NavigationTest: 667: (28.065753, -82.409325, 3.500000)	R:true  F:false
02-28 09:09:46.379 13511 13544 D NavigationTest: 668: (28.065753, -82.409325, 3.500000)	R:true  F:false
02-28 09:09:46.379 13511 13544 D NavServiceProvider: Second to last stop coordinates: 28.065759, -82.409847
02-28 09:09:46.379 13511 13544 D NavServiceProvider: Setting units automatically
02-28 09:09:46.381 13511 13544 D NavServiceProvider: Detecting stop. distance_d=45.710606. stop_type=1 speed=4.0
02-28 09:09:46.381 13511 13544 D NavServiceProvider: Case 2: false
02-28 09:09:46.382 13511 13544 D NavigationTest: 669: (28.065758, -82.409382, 4.000000)	R:true  F:false
02-28 09:09:46.382 13511 13544 D NavServiceProvider: Second to last stop coordinates: 28.065759, -82.409847
02-28 09:09:46.382 13511 13544 D NavServiceProvider: Setting units automatically
02-28 09:09:46.383  2666  3413 D Avrcp_ext: AudioManager Player: ID:23 -- type:android.media.SoundPool -- u/pid:10126/2688 -- state:idle -- attr:AudioAttributes: usage=USAGE_ASSISTANCE_SONIFICATION content=CONTENT_TYPE_SONIFICATION flags=0x800 tags= bundle=null
02-28 09:09:46.383  2666  3413 D Avrcp_ext: AudioManager Player: ID:15 -- type:android.media.SoundPool -- u/pid:1000/1493 -- state:idle -- attr:AudioAttributes: usage=USAGE_ASSISTANCE_SONIFICATION content=CONTENT_TYPE_SONIFICATION flags=0x800 tags= bundle=null
02-28 09:09:46.383  2666  3413 D Avrcp_ext: AudioManager Player: ID:1263 -- type:android.media.AudioTrack -- u/pid:10088/13579 -- state:started -- attr:AudioAttributes: usage=USAGE_MEDIA content=CONTENT_TYPE_SPEECH flags=0x800 tags= bundle=null
02-28 09:09:46.383  2666  3413 D Avrcp_ext: AudioManager isPlaying: true
02-28 09:09:46.383  2666  3413 V Avrcp_ext: updateCurrentMediaState: mMediaController: null
02-28 09:09:46.383  2666  3413 V Avrcp_ext: isMusicActive: true getBluetoothPlayState: 2
02-28 09:09:46.383  2666  3413 V Avrcp_ext: updateCurrentMediaState: isPlaying = false
02-28 09:09:46.383  2666  3413 V Avrcp_ext: Media update: id -1➡-1? [MediaAttributes: none] : [MediaAttributes: none]
02-28 09:09:46.383  2666  3413 V Avrcp_ext: newPlayStatus:2mReportedPlayStatus:-1
02-28 09:09:46.383  2666  3413 V Avrcp_ext: updatePlaybackState, state: PlaybackState {state=2, position=-1, buffered position=0, speed=0.0, updated=1789714, actions=0, custom actions=[], active item id=-1, error=null} device: null
02-28 09:09:46.383  2666  3413 V Avrcp_ext: Device: no name:
02-28 09:09:46.384  2666  3413 I chatty  : uid=1002(bluetooth) BluetoothAvrcpH identical 3 lines
02-28 09:09:46.384  2666  3413 V Avrcp_ext: Device: no name:
02-28 09:09:46.384  2666  3413 V Avrcp_ext: updatePlayerStateAndPosition, old=PlaybackState {state=2, position=-1, buffered position=0, speed=0.0, updated=1789587, actions=0, custom actions=[], active item id=-1, error=null}, state=PlaybackState {state=2, position=-1, buffered position=0, speed=0.0, updated=1789714, actions=0, custom actions=[], active item id=-1, error=null}
02-28 09:09:46.384  2666  3413 V Avrcp_ext: old state = PlaybackState {state=2, position=-1, buffered position=0, speed=0.0, updated=1789587, actions=0, custom actions=[], active item id=-1, error=null}, new state= PlaybackState {state=2, position=-1, buffered position=0, speed=0.0, updated=1789714, actions=0, custom actions=[], active item id=-1, error=null}
02-28 09:09:46.384  2666  3413 D HeadsetService: getHeadsetService(): returning com.android.bluetooth.hfp.HeadsetService@8a04d28
02-28 09:09:46.384 13511 13544 D NavServiceProvider: Detecting stop. distance_d=40.10863. stop_type=1 speed=5.0
02-28 09:09:46.384 13511 13544 D NavigationTest: 670: (28.065762, -82.409439, 5.000000)	R:true  F:false
02-28 09:09:46.384 13511 13544 D NavigationTest: 671: (28.065762, -82.409439, 5.000000)	R:true  F:false
02-28 09:09:46.384 13511 13544 D NavServiceProvider: Second to last stop coordinates: 28.065759, -82.409847
02-28 09:09:46.384  2666  3413 D HeadsetService:  isAudioOn: The number of audio connected devices 0
02-28 09:09:46.384  2666  3413 D HeadsetService: isScoOrCallActive(): Call Active:falseCall is Ringing:falseSCO is Active:false
02-28 09:09:46.384  2666  3413 D HeadsetService:  isAudioOn: The number of audio connected devices 0
02-28 09:09:46.384  2666  3413 I Avrcp_ext: updatePlayStatusForDevice: device: null
02-28 09:09:46.384  2666  3413 V Avrcp_ext: updatePlaybackState (1): old=PlaybackState {state=2, position=-1, buffered position=0, speed=0.0, updated=1789587, actions=0, custom actions=[], active item id=-1, error=null}(2), new=PlaybackState {state=2, position=-1, buffered position=0, speed=0.0, updated=1789714, actions=0, custom actions=[], active item id=-1, error=null}(2)
02-28 09:09:46.384  2666  3413 I Avrcp_ext: Exit updatePlayStatusForDevice
02-28 09:09:46.384 13511 13544 D NavServiceProvider: Setting units automatically
02-28 09:09:46.385  2666  3413 D HeadsetService:  isAudioOn: The number of audio connected devices 0
02-28 09:09:46.385  2666  3413 D HeadsetService: isScoOrCallActive(): Call Active:falseCall is Ringing:falseSCO is Active:false
02-28 09:09:46.385  2666  3413 D HeadsetService:  isAudioOn: The number of audio connected devices 0
02-28 09:09:46.385  2666  3413 I Avrcp_ext: updatePlayStatusForDevice: device: null
02-28 09:09:46.385  2666  3413 V Avrcp_ext: updatePlaybackState (1): old=PlaybackState {state=2, position=-1, buffered position=0, speed=0.0, updated=1789587, actions=0, custom actions=[], active item id=-1, error=null}(2), new=PlaybackState {state=2, position=-1, buffered position=0, speed=0.0, updated=1789714, actions=0, custom actions=[], active item id=-1, error=null}(2)
02-28 09:09:46.385  2666  3413 I Avrcp_ext: Exit updatePlayStatusForDevice
02-28 09:09:46.385 13511 13544 D NavServiceProvider: Detecting stop. distance_d=35.09822. stop_type=1 speed=5.75
02-28 09:09:46.385 13511 13544 D NavigationTest: 672: (28.065764, -82.409490, 5.750000)	R:true  F:false
02-28 09:09:46.386 13511 13544 D NavigationTest: 673: (28.065764, -82.409490, 5.750000)	R:true  F:false
02-28 09:09:46.386 13511 13544 D NavServiceProvider: Second to last stop coordinates: 28.065759, -82.409847
02-28 09:09:46.386  2666  3413 D HeadsetService:  isAudioOn: The number of audio connected devices 0
02-28 09:09:46.386  2666  3413 D HeadsetService: isScoOrCallActive(): Call Active:falseCall is Ringing:falseSCO is Active:false
02-28 09:09:46.386  2666  3413 D HeadsetService:  isAudioOn: The number of audio connected devices 0
02-28 09:09:46.386  2666  3413 I Avrcp_ext: updatePlayStatusForDevice: device: null
02-28 09:09:46.386 13511 13544 D NavServiceProvider: Setting units automatically
02-28 09:09:46.386  2666  3413 V Avrcp_ext: updatePlaybackState (1): old=PlaybackState {state=2, position=-1, buffered position=0, speed=0.0, updated=1789587, actions=0, custom actions=[], active item id=-1, error=null}(2), new=PlaybackState {state=2, position=-1, buffered position=0, speed=0.0, updated=1789714, actions=0, custom actions=[], active item id=-1, error=null}(2)
02-28 09:09:46.386  2666  3413 I Avrcp_ext: Exit updatePlayStatusForDevice
02-28 09:09:46.386  2666  3413 D HeadsetService:  isAudioOn: The number of audio connected devices 0
02-28 09:09:46.386  2666  3413 D HeadsetService: isScoOrCallActive(): Call Active:falseCall is Ringing:falseSCO is Active:false
02-28 09:09:46.386  2666  3413 D HeadsetService:  isAudioOn: The number of audio connected devices 0
02-28 09:09:46.387  2666  3413 I Avrcp_ext: updatePlayStatusForDevice: device: null
02-28 09:09:46.387  2666  3413 V Avrcp_ext: updatePlaybackState (1): old=PlaybackState {state=2, position=-1, buffered position=0, speed=0.0, updated=1789587, actions=0, custom actions=[], active item id=-1, error=null}(2), new=PlaybackState {state=2, position=-1, buffered position=0, speed=0.0, updated=1789714, actions=0, custom actions=[], active item id=-1, error=null}(2)
02-28 09:09:46.387  2666  3413 I Avrcp_ext: Exit updatePlayStatusForDevice
02-28 09:09:46.387  2666  3413 D HeadsetService:  isAudioOn: The number of audio connected devices 0
02-28 09:09:46.387  2666  3413 D HeadsetService: isScoOrCallActive(): Call Active:falseCall is Ringing:falseSCO is Active:false
02-28 09:09:46.387 13511 13544 D NavServiceProvider: Detecting stop. distance_d=27.800098. stop_type=1 speed=6.25
02-28 09:09:46.387 13511 13544 D NavigationTest: 674: (28.065800, -82.409568, 6.250000)	R:true  F:false
02-28 09:09:46.387 13511 13544 D NavServiceProvider: Second to last stop coordinates: 28.065759, -82.409847
02-28 09:09:46.387  2666  3413 D HeadsetService:  isAudioOn: The number of audio connected devices 0
02-28 09:09:46.387  2666  3413 I Avrcp_ext: updatePlayStatusForDevice: device: null
02-28 09:09:46.387  2666  3413 V Avrcp_ext: updatePlaybackState (1): old=PlaybackState {state=2, position=-1, buffered position=0, speed=0.0, updated=1789587, actions=0, custom actions=[], active item id=-1, error=null}(2), new=PlaybackState {state=2, position=-1, buffered position=0, speed=0.0, updated=1789714, actions=0, custom actions=[], active item id=-1, error=null}(2)
02-28 09:09:46.387  2666  3413 I Avrcp_ext: Exit updatePlayStatusForDevice
02-28 09:09:46.387  2666  3413 D Avrcp_ext: Enter sendPlayPosNotificationRsp
02-28 09:09:46.387  2666  3413 D Avrcp_ext: sendPlayPosNotificationRsp: Not registered or requesting.
02-28 09:09:46.387  2666  3413 D Avrcp_ext: Enter sendPlayPosNotificationRsp
02-28 09:09:46.387  2666  3413 D Avrcp_ext: sendPlayPosNotificationRsp: Not registered or requesting.
02-28 09:09:46.387  2666  3413 D Avrcp_ext: Enter sendPlayPosNotificationRsp
02-28 09:09:46.387  2666  3413 D Avrcp_ext: sendPlayPosNotificationRsp: Not registered or requesting.
02-28 09:09:46.387  2666  3413 D Avrcp_ext: Enter sendPlayPosNotificationRsp
02-28 09:09:46.387  2666  3413 D Avrcp_ext: sendPlayPosNotificationRsp: Not registered or requesting.
02-28 09:09:46.387  2666  3413 D Avrcp_ext: Enter sendPlayPosNotificationRsp
02-28 09:09:46.387  2666  3413 D Avrcp_ext: sendPlayPosNotificationRsp: Not registered or requesting.
02-28 09:09:46.387  2666  3413 V Avrcp_ext: Exit updatePlayerStateAndPosition
02-28 09:09:46.387 13511 13544 D NavServiceProvider: Setting units automatically
02-28 09:09:46.389 13511 13544 D NavServiceProvider: Detecting stop. distance_d=20.964867. stop_type=1 speed=6.5
02-28 09:09:46.389 13511 13544 D NavigationTest: 675: (28.065792, -82.409637, 6.500000)	R:true  F:false
02-28 09:09:46.389 13511 13544 D NavigationTest: 676: (28.065792, -82.409637, 6.500000)	R:true  F:false
02-28 09:09:46.389 13511 13544 D NavServiceProvider: Second to last stop coordinates: 28.065759, -82.409847
02-28 09:09:46.389 13511 13544 D NavServiceProvider: Setting units automatically
02-28 09:09:46.390 13511 13544 D NavServiceProvider: Detecting stop. distance_d=12.596221. stop_type=1 speed=7.0
02-28 09:09:46.390 13511 13544 D NavServiceProvider: Case 3: false
02-28 09:09:46.390 13511 13544 D NavigationTest: 677: (28.065784, -82.409722, 7.000000)	R:true  F:false
02-28 09:09:46.390 13511 13544 D NavigationTest: 678: (28.065784, -82.409722, 7.000000)	R:true  F:false
02-28 09:09:46.390 13511 13544 D NavServiceProvider: Second to last stop coordinates: 28.065759, -82.409847
02-28 09:09:46.391 13511 13544 D NavServiceProvider: Setting units automatically
02-28 09:09:46.392 13511 13544 D NavServiceProvider: Detecting stop. distance_d=9.372574. stop_type=1 speed=7.0
02-28 09:09:46.392 13511 13544 D NavServiceProvider: Case 4: false
02-28 09:09:46.392 13511 13544 D NavigationTest: 679: (28.065824, -82.409786, 7.000000)	R:true  F:false
02-28 09:09:46.392 13511 13544 D NavServiceProvider: Second to last stop coordinates: 28.065759, -82.409847
02-28 09:09:46.393 13511 13544 D NavServiceProvider: Setting units automatically
02-28 09:09:46.394 13511 13544 D NavServiceProvider: Detecting stop. distance_d=4.900812. stop_type=1 speed=6.75
02-28 09:09:46.394 13511 13544 D NavigationTest: 680: (28.065803, -82.409852, 6.750000)	R:true  F:false
02-28 09:09:46.394 13511 13544 D NavigationTest: 681: (28.065803, -82.409852, 6.750000)	R:true  F:false
02-28 09:09:46.394 13511 13544 D NavServiceProvider: Second to last stop coordinates: 28.065759, -82.409847
02-28 09:09:46.394 13511 13544 D NavServiceProvider: Setting units automatically
02-28 09:09:46.395 13511 13544 D NavServiceProvider: Detecting stop. distance_d=8.905407. stop_type=1 speed=7.0
02-28 09:09:46.395 13511 13544 D NavigationTest: 682: (28.065774, -82.409936, 7.000000)	R:true  F:false
02-28 09:09:46.395 13511 13544 D NavigationTest: 683: (28.065774, -82.409936, 7.000000)	R:true  F:false
02-28 09:09:46.395 13511 13544 D NavServiceProvider: Second to last stop coordinates: 28.065759, -82.409847
02-28 09:09:46.396 13511 13544 D NavServiceProvider: Setting units automatically
02-28 09:09:46.397 13511 13544 D NavServiceProvider: Detecting stop. distance_d=16.342045. stop_type=1 speed=7.0
02-28 09:09:46.397 13511 13544 D NavigationTest: 684: (28.065777, -82.410012, 7.000000)	R:true  F:false
02-28 09:09:46.397 13511 13544 D NavigationTest: 685: (28.065777, -82.410012, 7.000000)	R:true  F:false
02-28 09:09:46.397 13511 13544 D NavServiceProvider: Second to last stop coordinates: 28.065759, -82.409847
02-28 09:09:46.397 13511 13544 D NavServiceProvider: Setting units automatically
02-28 09:09:46.398 13511 13544 D NavServiceProvider: Detecting stop. distance_d=21.022928. stop_type=1 speed=6.75
02-28 09:09:46.398 13511 13544 D NavServiceProvider: Case 5: true
02-28 09:09:46.398 13511 13544 D NavServiceProvider: Proximity Event fired
02-28 09:09:46.398 13511 13544 D NavServiceProvider: Checking if path has more path links left to be navigated
02-28 09:09:46.398 13511 13544 D NavServiceProvider: PathLink index: 0 Number of PathLinks: 1
02-28 09:09:46.398 13511 13544 D NavServiceProvider: %%%%%%N%%%%%%%%% No more PathLinks left in Path %%%%%%%%%%%%%%%%%%%%%
02-28 09:09:46.398 13511 13544 D NavServiceProvider: Got to last stop
02-28 09:09:46.398 13511 13544 D NavServiceProvider: Alert 1 screen before last stop
02-28 09:09:46.398 13511 13544 D NavServiceProvider: Calling destination reached...
02-28 09:09:46.399 13579 13616 D AudioTrack: stop(177): called with 4096 frames delivered
02-28 09:09:46.399 13579 13612 I EventProcessor: synthesizeMarkup call to callback.audioAvailable failed: -1
02-28 09:09:46.400  2666  3413 D Avrcp_ext: AudioManager Player: ID:23 -- type:android.media.SoundPool -- u/pid:10126/2688 -- state:idle -- attr:AudioAttributes: usage=USAGE_ASSISTANCE_SONIFICATION content=CONTENT_TYPE_SONIFICATION flags=0x800 tags= bundle=null
02-28 09:09:46.400  2666  3413 D Avrcp_ext: AudioManager Player: ID:15 -- type:android.media.SoundPool -- u/pid:1000/1493 -- state:idle -- attr:AudioAttributes: usage=USAGE_ASSISTANCE_SONIFICATION content=CONTENT_TYPE_SONIFICATION flags=0x800 tags= bundle=null
02-28 09:09:46.400  2666  3413 D Avrcp_ext: AudioManager Player: ID:1263 -- type:android.media.AudioTrack -- u/pid:10088/13579 -- state:stopped -- attr:AudioAttributes: usage=USAGE_MEDIA content=CONTENT_TYPE_SPEECH flags=0x800 tags= bundle=null
02-28 09:09:46.400  2666  3413 D Avrcp_ext: AudioManager isPlaying: false
02-28 09:09:46.400  2666  3413 V Avrcp_ext: updateCurrentMediaState: mMediaController: null
02-28 09:09:46.400  2666  3413 V Avrcp_ext: isMusicActive: true getBluetoothPlayState: 2
02-28 09:09:46.401  2666  3413 V Avrcp_ext: updateCurrentMediaState: isPlaying = false
02-28 09:09:46.401  2666  3413 V Avrcp_ext: Media update: id -1➡-1? [MediaAttributes: none] : [MediaAttributes: none]
02-28 09:09:46.401  2666  3413 V Avrcp_ext: newPlayStatus:2mReportedPlayStatus:-1
02-28 09:09:46.401  2666  3413 V Avrcp_ext: updatePlaybackState, state: PlaybackState {state=2, position=-1, buffered position=0, speed=0.0, updated=1789731, actions=0, custom actions=[], active item id=-1, error=null} device: null
02-28 09:09:46.401  2666  3413 V Avrcp_ext: Device: no name:
02-28 09:09:46.401  2666  3413 I chatty  : uid=1002(bluetooth) BluetoothAvrcpH identical 3 lines
02-28 09:09:46.401  2666  3413 V Avrcp_ext: Device: no name:
02-28 09:09:46.401  2666  3413 V Avrcp_ext: updatePlayerStateAndPosition, old=PlaybackState {state=2, position=-1, buffered position=0, speed=0.0, updated=1789714, actions=0, custom actions=[], active item id=-1, error=null}, state=PlaybackState {state=2, position=-1, buffered position=0, speed=0.0, updated=1789731, actions=0, custom actions=[], active item id=-1, error=null}
02-28 09:09:46.401  2666  3413 V Avrcp_ext: old state = PlaybackState {state=2, position=-1, buffered position=0, speed=0.0, updated=1789714, actions=0, custom actions=[], active item id=-1, error=null}, new state= PlaybackState {state=2, position=-1, buffered position=0, speed=0.0, updated=1789731, actions=0, custom actions=[], active item id=-1, error=null}
02-28 09:09:46.401  2666  3413 D HeadsetService: getHeadsetService(): returning com.android.bluetooth.hfp.HeadsetService@8a04d28
02-28 09:09:46.401  2666  3413 D HeadsetService:  isAudioOn: The number of audio connected devices 0
02-28 09:09:46.401  2666  3413 D HeadsetService: isScoOrCallActive(): Call Active:falseCall is Ringing:falseSCO is Active:false
02-28 09:09:46.401  2666  3413 D HeadsetService:  isAudioOn: The number of audio connected devices 0
02-28 09:09:46.401  2666  3413 I Avrcp_ext: updatePlayStatusForDevice: device: null
02-28 09:09:46.401  2666  3413 V Avrcp_ext: updatePlaybackState (1): old=PlaybackState {state=2, position=-1, buffered position=0, speed=0.0, updated=1789714, actions=0, custom actions=[], active item id=-1, error=null}(2), new=PlaybackState {state=2, position=-1, buffered position=0, speed=0.0, updated=1789731, actions=0, custom actions=[], active item id=-1, error=null}(2)
02-28 09:09:46.401  2666  3413 I Avrcp_ext: Exit updatePlayStatusForDevice
02-28 09:09:46.402 13579 13612 I GoogleTTSServiceImpl: Synthesis request for locale eng-USA and name en-US-language
02-28 09:09:46.402  2666  3413 D HeadsetService:  isAudioOn: The number of audio connected devices 0
02-28 09:09:46.402  2666  3413 D HeadsetService: isScoOrCallActive(): Call Active:falseCall is Ringing:falseSCO is Active:false
02-28 09:09:46.402  2666  3413 D HeadsetService:  isAudioOn: The number of audio connected devices 0
02-28 09:09:46.402  2666  3413 I Avrcp_ext: updatePlayStatusForDevice: device: null
02-28 09:09:46.402  2666  3413 V Avrcp_ext: updatePlaybackState (1): old=PlaybackState {state=2, position=-1, buffered position=0, speed=0.0, updated=1789714, actions=0, custom actions=[], active item id=-1, error=null}(2), new=PlaybackState {state=2, position=-1, buffered position=0, speed=0.0, updated=1789731, actions=0, custom actions=[], active item id=-1, error=null}(2)
02-28 09:09:46.402  2666  3413 I Avrcp_ext: Exit updatePlayStatusForDevice
02-28 09:09:46.402  2666  3413 D HeadsetService:  isAudioOn: The number of audio connected devices 0
02-28 09:09:46.402  2666  3413 D HeadsetService: isScoOrCallActive(): Call Active:falseCall is Ringing:falseSCO is Active:false
02-28 09:09:46.402 13579 13612 I GoogleTTSServiceImpl: TTS dispatch: en-us-x-iog-seanet-embedded
02-28 09:09:46.402  2666  3413 D HeadsetService:  isAudioOn: The number of audio connected devices 0
02-28 09:09:46.402  2666  3413 I Avrcp_ext: updatePlayStatusForDevice: device: null
02-28 09:09:46.402  2666  3413 V Avrcp_ext: updatePlaybackState (1): old=PlaybackState {state=2, position=-1, buffered position=0, speed=0.0, updated=1789714, actions=0, custom actions=[], active item id=-1, error=null}(2), new=PlaybackState {state=2, position=-1, buffered position=0, speed=0.0, updated=1789731, actions=0, custom actions=[], active item id=-1, error=null}(2)
02-28 09:09:46.402  2666  3413 I Avrcp_ext: Exit updatePlayStatusForDevice
02-28 09:09:46.403  2666  3413 D HeadsetService:  isAudioOn: The number of audio connected devices 0
02-28 09:09:46.403  2666  3413 D HeadsetService: isScoOrCallActive(): Call Active:falseCall is Ringing:falseSCO is Active:false
02-28 09:09:46.403  2666  3413 D HeadsetService:  isAudioOn: The number of audio connected devices 0
02-28 09:09:46.403  2666  3413 I Avrcp_ext: updatePlayStatusForDevice: device: null
02-28 09:09:46.403  2666  3413 V Avrcp_ext: updatePlaybackState (1): old=PlaybackState {state=2, position=-1, buffered position=0, speed=0.0, updated=1789714, actions=0, custom actions=[], active item id=-1, error=null}(2), new=PlaybackState {state=2, position=-1, buffered position=0, speed=0.0, updated=1789731, actions=0, custom actions=[], active item id=-1, error=null}(2)
02-28 09:09:46.403  2666  3413 I Avrcp_ext: Exit updatePlayStatusForDevice
02-28 09:09:46.403  2666  3413 D HeadsetService:  isAudioOn: The number of audio connected devices 0
02-28 09:09:46.403  2666  3413 D HeadsetService: isScoOrCallActive(): Call Active:falseCall is Ringing:falseSCO is Active:false
02-28 09:09:46.405 13511 13544 D NavServiceProvider: -----Get off the bus!
02-28 09:09:46.405 13511 13544 D NavigationTest: 686: (28.065776, -82.410060, 6.750000)	R:true  F:true
02-28 09:09:46.406  2666  3413 D HeadsetService:  isAudioOn: The number of audio connected devices 0
02-28 09:09:46.406  2666  3413 I Avrcp_ext: updatePlayStatusForDevice: device: null
02-28 09:09:46.406  2666  3413 V Avrcp_ext: updatePlaybackState (1): old=PlaybackState {state=2, position=-1, buffered position=0, speed=0.0, updated=1789714, actions=0, custom actions=[], active item id=-1, error=null}(2), new=PlaybackState {state=2, position=-1, buffered position=0, speed=0.0, updated=1789731, actions=0, custom actions=[], active item id=-1, error=null}(2)
02-28 09:09:46.406  2666  3413 I Avrcp_ext: Exit updatePlayStatusForDevice
02-28 09:09:46.406   871  1408 D audio_hw_primary: adev_get_parameters:vr_audio_mode_on
02-28 09:09:46.406  2666  3413 D Avrcp_ext: Enter sendPlayPosNotificationRsp
02-28 09:09:46.406  2666  3413 D Avrcp_ext: sendPlayPosNotificationRsp: Not registered or requesting.
02-28 09:09:46.406  2666  3413 D Avrcp_ext: Enter sendPlayPosNotificationRsp
02-28 09:09:46.406   871  1408 I audio_hw_primary: getting vr mode to 0
02-28 09:09:46.406  2666  3413 D Avrcp_ext: sendPlayPosNotificationRsp: Not registered or requesting.
02-28 09:09:46.406  2666  3413 D Avrcp_ext: Enter sendPlayPosNotificationRsp
02-28 09:09:46.406   871  1408 D audio_hw_primary: adev_get_parameters: exit: returns - vr_audio_mode_on=false
02-28 09:09:46.406  2666  3413 D Avrcp_ext: sendPlayPosNotificationRsp: Not registered or requesting.
02-28 09:09:46.406  2666  3413 D Avrcp_ext: Enter sendPlayPosNotificationRsp
02-28 09:09:46.406  2666  3413 D Avrcp_ext: sendPlayPosNotificationRsp: Not registered or requesting.
02-28 09:09:46.406  2666  3413 D Avrcp_ext: Enter sendPlayPosNotificationRsp
02-28 09:09:46.406  2666  3413 D Avrcp_ext: sendPlayPosNotificationRsp: Not registered or requesting.
02-28 09:09:46.406  2666  3413 V Avrcp_ext: Exit updatePlayerStateAndPosition
02-28 09:09:46.406   959  7466 I hash_map_utils: key: 'vr_audio_mode_on' value: ''
02-28 09:09:46.406  2666  3413 D Avrcp_ext: AudioManager Player: ID:23 -- type:android.media.SoundPool -- u/pid:10126/2688 -- state:idle -- attr:AudioAttributes: usage=USAGE_ASSISTANCE_SONIFICATION content=CONTENT_TYPE_SONIFICATION flags=0x800 tags= bundle=null
02-28 09:09:46.406  2666  3413 D Avrcp_ext: AudioManager Player: ID:15 -- type:android.media.SoundPool -- u/pid:1000/1493 -- state:idle -- attr:AudioAttributes: usage=USAGE_ASSISTANCE_SONIFICATION content=CONTENT_TYPE_SONIFICATION flags=0x800 tags= bundle=null
02-28 09:09:46.406  2666  3413 D Avrcp_ext: AudioManager isPlaying: false
02-28 09:09:46.406 13511 13544 I System.out: O311C: INFO Log level changed: DEBUG
02-28 09:09:46.406 13511 13544 I System.out: O311C: INFO Dry run mode changed: true
02-28 09:09:46.406 13511 13544 W Application: Open311 issue reporting is in debug/dry run mode - no issues will be submitted.
02-28 09:09:46.406   959  7466 I AudioPolicyManagerCustom: VR mode is 0, switch to primary output if request is for fast|raw
02-28 09:09:46.406 13511 13544 I System.out: O311C: INFO clearOpen311
02-28 09:09:46.406 13511 13544 I TestRunner: finished: testTrip21(org.onebusaway.android.nav.test.NavigationTest)
