02-28 09:09:35.950 13511 13544 D NavigationTest: 751: (28.003840, -82.500904, 13.254045)	R:false  F:false
02-28 09:09:35.950 13511 13544 D NavServiceProvider: Second to last stop coordinates: 27.998794, -82.500982
02-28 09:09:35.951 13511 13544 D NavServiceProvider: Setting units automatically
02-28 09:09:35.952 13511 13544 D NavServiceProvider: Detecting stop. distance_d=545.06555. stop_type=1 speed=12.980866
02-28 09:09:35.952 13511 13544 D NavigationTest: 752: (28.003712, -82.500903, 12.980866)	R:false  F:false
02-28 09:09:35.952 13511 13544 D NavServiceProvider: Second to last stop coordinates: 27.998794, -82.500982
02-28 09:09:35.952 13511 13544 D NavServiceProvider: Setting units automatically
02-28 09:09:35.953 13511 13544 D NavServiceProvider: Detecting stop. distance_d=532.1025. stop_type=1 speed=12.980246
02-28 09:09:35.953 13511 13544 D NavigationTest: 753: (28.003595, -82.500902, 12.980246)	R:false  F:false
02-28 09:09:35.953 13511 13544 D NavServiceProvider: Second to last stop coordinates: 27.998794, -82.500982
02-28 09:09:35.953 13511 13544 D NavServiceProvider: Setting units automatically
02-28 09:09:35.954 13511 13544 D NavServiceProvider: Detecting stop. distance_d=515.3421. stop_type=1 speed=13.650059
02-28 09:09:35.954 13511 13544 D NavigationTest: 754: (28.003444, -82.500924, 13.650059)	R:false  F:false
02-28 09:09:35.954 13511 13544 D NavServiceProvider: Second to last stop coordinates: 27.998794, -82.500982
02-28 09:09:35.955 13511 13544 D NavServiceProvider: Setting units automatically
02-28 09:09:35.955 13511 13544 D NavServiceProvider: Detecting stop. distance_d=501.16275. stop_type=1 speed=14.243068
02-28 09:09:35.956 13511 13544 D NavigationTest: 755: (28.003316, -82.500920, 14.243068)	R:false  F:false
02-28 09:09:35.956 13511 13544 D NavServiceProvider: Second to last stop coordinates: 27.998794, -82.500982
02-28 09:09:35.956 13511 13544 D NavServiceProvider: Setting units automatically
02-28 09:09:35.957 13511 13544 D NavServiceProvider: Detecting stop. distance_d=487.09222. stop_type=1 speed=13.72
02-28 09:09:35.957 13511 13544 D NavigationTest: 756: (28.003189, -82.500918, 13.720000)	R:false  F:false
02-28 09:09:35.957 13511 13544 D NavServiceProvider: Second to last stop coordinates: 27.998794, -82.500982
02-28 09:09:35.957 13511 13544 D NavServiceProvider: Setting units automatically
02-28 09:09:35.958 13511 13544 D NavServiceProvider: Detecting stop. distance_d=473.22675. stop_type=1 speed=13.314091
02-28 09:09:35.958 13511 13544 D NavigationTest: 757: (28.003064, -82.500930, 13.314091)	R:false  F:false
02-28 09:09:35.958 13511 13544 D NavServiceProvider: Second to last stop coordinates: 27.998794, -82.500982
02-28 09:09:35.958 13511 13544 D NavServiceProvider: Setting units automatically
02-28 09:09:35.959 13511 13544 D NavServiceProvider: Detecting stop. distance_d=459.59158. stop_type=1 speed=13.530946
02-28 09:09:35.959 13511 13544 D NavigationTest: 758: (28.002941, -82.500935, 13.530946)	R:false  F:false
02-28 09:09:35.959 13511 13544 D NavServiceProvider: Second to last stop coordinates: 27.998794, -82.500982
02-28 09:09:35.960 13511 13544 D NavServiceProvider: Setting units automatically
02-28 09:09:35.961 13511 13544 D NavServiceProvider: Detecting stop. distance_d=446.95053. stop_type=1 speed=13.08086
02-28 09:09:35.961 13511 13544 D NavigationTest: 759: (28.002827, -82.500944, 13.080860)	R:false  F:false
02-28 09:09:35.961 13511 13544 D NavServiceProvider: Second to last stop coordinates: 27.998794, -82.500982
02-28 09:09:35.961 13511 13544 D NavServiceProvider: Setting units automatically
02-28 09:09:35.962 13511 13544 D NavServiceProvider: Detecting stop. distance_d=433.5559. stop_type=1 speed=13.400839
02-28 09:09:35.962 13511 13544 D NavigationTest: 760: (28.002706, -82.500930, 13.400839)	R:false  F:false
02-28 09:09:35.962 13511 13544 D NavServiceProvider: Second to last stop coordinates: 27.998794, -82.500982
02-28 09:09:35.962 13511 13544 D NavServiceProvider: Setting units automatically
02-28 09:09:35.963 13511 13544 D NavServiceProvider: Detecting stop. distance_d=419.165. stop_type=1 speed=12.830191
02-28 09:09:35.963 13511 13544 D NavigationTest: 761: (28.002576, -82.500919, 12.830191)	R:false  F:false
02-28 09:09:35.963 13511 13544 D NavServiceProvider: Second to last stop coordinates: 27.998794, -82.500982
02-28 09:09:35.964 13511 13544 D NavServiceProvider: Setting units automatically
02-28 09:09:35.964 13511 13544 D NavServiceProvider: Detecting stop. distance_d=406.41782. stop_type=1 speed=12.895899
02-28 09:09:35.965 13511 13544 D NavigationTest: 762: (28.002461, -82.500922, 12.895899)	R:false  F:false
02-28 09:09:35.965 13511 13544 D NavServiceProvider: Second to last stop coordinates: 27.998794, -82.500982
02-28 09:09:35.965 13511 13544 D NavServiceProvider: Setting units automatically
02-28 09:09:35.966 13511 13544 D NavServiceProvider: Detecting stop. distance_d=393.45483. stop_type=1 speed=12.221325
02-28 09:09:35.966 13511 13544 D NavigationTest: 763: (28.002344, -82.500921, 12.221325)	R:false  F:false
02-28 09:09:35.966 13511 13544 D NavServiceProvider: Second to last stop coordinates: 27.998794, -82.500982
02-28 09:09:35.966 13511 13544 D NavServiceProvider: Setting units automatically
02-28 09:09:35.967 13511 13544 D NavServiceProvider: Detecting stop. distance_d=380.48306. stop_type=1 speed=12.510064
02-28 09:09:35.967 13511 13544 D NavigationTest: 764: (28.002227, -82.500926, 12.510064)	R:false  F:false
02-28 09:09:35.967 13511 13544 D NavServiceProvider: Second to last stop coordinates: 27.998794, -82.500982
02-28 09:09:35.967 13511 13544 D NavServiceProvider: Setting units automatically
02-28 09:09:35.968 13511 13544 D NavServiceProvider: Detecting stop. distance_d=367.07837. stop_type=1 speed=12.610063
02-28 09:09:35.968 13511 13544 D NavigationTest: 765: (28.002106, -82.500924, 12.610063)	R:false  F:false
02-28 09:09:35.968 13511 13544 D NavServiceProvider: Second to last stop coordinates: 27.998794, -82.500982
02-28 09:09:35.969 13511 13544 D NavServiceProvider: Setting units automatically
02-28 09:09:35.970 13511 13544 D NavServiceProvider: Detecting stop. distance_d=354.7714. stop_type=1 speed=11.812646
02-28 09:09:35.970 13511 13544 D NavigationTest: 766: (28.001995, -82.500929, 11.812646)	R:false  F:false
02-28 09:09:35.970 13511 13544 D NavServiceProvider: Second to last stop coordinates: 27.998794, -82.500982
02-28 09:09:35.970 13511 13544 D NavServiceProvider: Setting units automatically
02-28 09:09:35.971 13511 13544 D NavServiceProvider: Detecting stop. distance_d=343.37637. stop_type=1 speed=11.630005
02-28 09:09:35.971 13511 13544 D NavigationTest: 767: (28.001892, -82.500918, 11.630005)	R:false  F:false
02-28 09:09:35.971 13511 13544 D NavServiceProvider: Second to last stop coordinates: 27.998794, -82.500982
02-28 09:09:35.971 13511 13544 D NavServiceProvider: Setting units automatically
02-28 09:09:35.972 13511 13544 D NavServiceProvider: Detecting stop. distance_d=333.05023. stop_type=1 speed=10.41048
02-28 09:09:35.972 13511 13544 D NavigationTest: 768: (28.001799, -82.500931, 10.410480)	R:false  F:false
02-28 09:09:35.972 13511 13544 D NavServiceProvider: Second to last stop coordinates: 27.998794, -82.500982
02-28 09:09:35.973 13511 13544 D NavServiceProvider: Setting units automatically
02-28 09:09:35.974 13511 13544 D NavServiceProvider: Detecting stop. distance_d=325.94745. stop_type=1 speed=8.42152
02-28 09:09:35.974 13511 13544 D NavigationTest: 769: (28.001735, -82.500939, 8.421520)	R:false  F:false
02-28 09:09:35.974 13511 13544 D NavServiceProvider: Second to last stop coordinates: 27.998794, -82.500982
02-28 09:09:35.974 13511 13544 D NavServiceProvider: Setting units automatically
02-28 09:09:35.975 13511 13544 D NavServiceProvider: Detecting stop. distance_d=318.1882. stop_type=1 speed=7.143703
02-28 09:09:35.975 13511 13544 D NavigationTest: 770: (28.001665, -82.500941, 7.143703)	R:false  F:false
02-28 09:09:35.975 13511 13544 D NavigationTest: 771: (28.001665, -82.500941, 7.143703)	R:false  F:false
02-28 09:09:35.975 13511 13544 D NavServiceProvider: Second to last stop coordinates: 27.998794, -82.500982
02-28 09:09:35.975 13511 13544 D NavServiceProvider: Setting units automatically
02-28 09:09:35.976 13511 13544 D NavServiceProvider: Detecting stop. distance_d=312.31277. stop_type=1 speed=5.675077
02-28 09:09:35.976 13511 13544 D NavigationTest: 772: (28.001612, -82.500943, 5.675077)	R:false  F:false
02-28 09:09:35.976 13511 13544 D NavServiceProvider: Second to last stop coordinates: 27.998794, -82.500982
02-28 09:09:35.977 13511 13544 D NavServiceProvider: Setting units automatically
02-28 09:09:35.978 13511 13544 D NavServiceProvider: Detecting stop. distance_d=308.5417. stop_type=1 speed=3.76586
02-28 09:09:35.978 13511 13544 D NavigationTest: 773: (28.001578, -82.500946, 3.765860)	R:false  F:false
02-28 09:09:35.978 13511 13544 D NavServiceProvider: Second to last stop coordinates: 27.998794, -82.500982
02-28 09:09:35.978 13511 13544 D NavServiceProvider: Setting units automatically
02-28 09:09:35.979 13511 13544 D NavServiceProvider: Detecting stop. distance_d=304.77765. stop_type=1 speed=3.76133
02-28 09:09:35.979 13511 13544 D NavigationTest: 774: (28.001544, -82.500943, 3.761330)	R:false  F:false
02-28 09:09:35.979 13511 13544 D NavServiceProvider: Second to last stop coordinates: 27.998794, -82.500982
02-28 09:09:35.979 13511 13544 D NavServiceProvider: Setting units automatically
02-28 09:09:35.980 13511 13544 D NavServiceProvider: Detecting stop. distance_d=303.34512. stop_type=1 speed=1.805436
02-28 09:09:35.980 13511 13544 D NavigationTest: 775: (28.001531, -82.500937, 1.805436)	R:false  F:false
02-28 09:09:35.980 13511 13544 D NavServiceProvider: Second to last stop coordinates: 27.998794, -82.500982
02-28 09:09:35.981 13511 13544 D NavServiceProvider: Setting units automatically
02-28 09:09:35.981 13511 13544 D NavServiceProvider: Detecting stop. distance_d=301.24124. stop_type=1 speed=1.810442
02-28 09:09:35.982 13511 13544 D NavigationTest: 776: (28.001512, -82.500936, 1.810442)	R:false  F:false
02-28 09:09:35.982 13511 13544 D NavServiceProvider: Second to last stop coordinates: 27.998794, -82.500982
02-28 09:09:35.982 13511 13544 D NavServiceProvider: Setting units automatically
02-28 09:09:35.983 13511 13544 D NavServiceProvider: Detecting stop. distance_d=300.13623. stop_type=1 speed=1.311259
02-28 09:09:35.983 13511 13544 D NavigationTest: 777: (28.001502, -82.500934, 1.311259)	R:false  F:false
02-28 09:09:35.983 13511 13544 D NavServiceProvider: Second to last stop coordinates: 27.998794, -82.500982
02-28 09:09:35.983 13511 13544 D NavServiceProvider: Setting units automatically
02-28 09:09:35.984 13511 13544 D NavServiceProvider: Detecting stop. distance_d=301.67133. stop_type=1 speed=0.27
02-28 09:09:35.984 13511 13544 D NavigationTest: 778: (28.001516, -82.500946, 0.270000)	R:false  F:false
02-28 09:09:35.984 13511 13544 D NavServiceProvider: Second to last stop coordinates: 27.998794, -82.500982
02-28 09:09:35.984 13511 13544 D NavServiceProvider: Setting units automatically
02-28 09:09:35.985 13511 13544 D NavServiceProvider: Detecting stop. distance_d=301.77307. stop_type=1 speed=0.33541
02-28 09:09:35.985 13511 13544 D NavigationTest: 779: (28.001517, -82.500955, 0.335410)	R:false  F:false
02-28 09:09:35.985 13511 13544 D NavServiceProvider: Second to last stop coordinates: 27.998794, -82.500982
02-28 09:09:35.986 13511 13544 D NavServiceProvider: Setting units automatically
02-28 09:09:35.987 13511 13544 D NavServiceProvider: Detecting stop. distance_d=301.43976. stop_type=1 speed=0.330606
02-28 09:09:35.987 13511 13544 D NavigationTest: 780: (28.001514, -82.500956, 0.330606)	R:false  F:false
02-28 09:09:35.987 13511 13544 D NavServiceProvider: Second to last stop coordinates: 27.998794, -82.500982
02-28 09:09:35.987 13511 13544 D NavServiceProvider: Setting units automatically
02-28 09:09:35.988 13511 13544 D NavServiceProvider: Detecting stop. distance_d=304.64426. stop_type=1 speed=0.0
02-28 09:09:35.988 13511 13544 D NavigationTest: 781: (28.001543, -82.500972, 0.000000)	R:false  F:false
02-28 09:09:35.988 13511 13544 D NavServiceProvider: Second to last stop coordinates: 27.998794, -82.500982
02-28 09:09:35.988 13511 13544 D NavServiceProvider: Setting units automatically
02-28 09:09:35.989 13511 13544 D NavServiceProvider: Detecting stop. distance_d=305.30762. stop_type=1 speed=0.411947
02-28 09:09:35.989 13511 13544 D NavigationTest: 782: (28.001549, -82.500983, 0.411947)	R:false  F:false
02-28 09:09:35.989 13511 13544 D NavServiceProvider: Second to last stop coordinates: 27.998794, -82.500982
02-28 09:09:35.990 13511 13544 D NavServiceProvider: Setting units automatically
02-28 09:09:35.991 13511 13544 D NavServiceProvider: Detecting stop. distance_d=305.97256. stop_type=1 speed=0.0
02-28 09:09:35.991 13511 13544 D NavigationTest: 783: (28.001555, -82.500980, 0.000000)	R:false  F:false
02-28 09:09:35.991 13511 13544 D NavigationTest: 784: (28.001555, -82.500980, 0.000000)	R:false  F:false
02-28 09:09:35.991 13511 13544 D NavServiceProvider: Second to last stop coordinates: 27.998794, -82.500982
02-28 09:09:35.991 13511 13544 D NavServiceProvider: Setting units automatically
02-28 09:09:35.992 13511 13544 D NavServiceProvider: Detecting stop. distance_d=305.86478. stop_type=1 speed=0.0
02-28 09:09:35.992 13511 13544 D NavigationTest: 785: (28.001554, -82.500968, 0.000000)	R:false  F:false
02-28 09:09:35.992 13511 13544 D NavServiceProvider: Second to last stop coordinates: 27.998794, -82.500982
02-28 09:09:35.992 13511 13544 D NavServiceProvider: Setting units automatically
02-28 09:09:35.993 13511 13544 D NavServiceProvider: Detecting stop. distance_d=305.86575. stop_type=1 speed=0.482597
02-28 09:09:35.993 13511 13544 D NavigationTest: 786: (28.001554, -82.500966, 0.482597)	R:false  F:false
02-28 09:09:35.993 13511 13544 D NavServiceProvider: Second to last stop coordinates: 27.998794, -82.500982
02-28 09:09:35.994 13511 13544 D NavServiceProvider: Setting units automatically
02-28 09:09:35.995 13511 13544 D NavServiceProvider: Detecting stop. distance_d=305.42355. stop_type=1 speed=0.750267
02-28 09:09:35.995 13511 13544 D NavigationTest: 787: (28.001550, -82.500964, 0.750267)	R:false  F:false
02-28 09:09:35.995 13511 13544 D NavServiceProvider: Second to last stop coordinates: 27.998794, -82.500982
02-28 09:09:35.995 13511 13544 D NavServiceProvider: Setting units automatically
02-28 09:09:35.996 13511 13544 D NavServiceProvider: Detecting stop. distance_d=304.64783. stop_type=1 speed=0.750067
02-28 09:09:35.996 13511 13544 D NavigationTest: 788: (28.001543, -82.500964, 0.750067)	R:false  F:false
02-28 09:09:35.996 13511 13544 D NavServiceProvider: Second to last stop coordinates: 27.998794, -82.500982
02-28 09:09:35.996 13511 13544 D NavServiceProvider: Setting units automatically
02-28 09:09:35.997 13511 13544 D NavServiceProvider: Detecting stop. distance_d=301.76657. stop_type=1 speed=2.749873
02-28 09:09:35.997 13511 13544 D NavigationTest: 789: (28.001517, -82.500964, 2.749873)	R:false  F:false
02-28 09:09:35.997 13511 13544 D NavServiceProvider: Second to last stop coordinates: 27.998794, -82.500982
02-28 09:09:35.998 13511 13544 D NavServiceProvider: Setting units automatically
02-28 09:09:35.998 13511 13544 D NavServiceProvider: Detecting stop. distance_d=298.99503. stop_type=1 speed=2.735288
02-28 09:09:35.999 13511 13544 D NavigationTest: 790: (28.001492, -82.500966, 2.735288)	R:false  F:false
02-28 09:09:35.999 13511 13544 D NavServiceProvider: Second to last stop coordinates: 27.998794, -82.500982
02-28 09:09:35.999 13511 13544 D NavServiceProvider: Setting units automatically
02-28 09:09:36.000 13511 13544 D NavServiceProvider: Detecting stop. distance_d=292.03317. stop_type=1 speed=5.422637
02-28 09:09:36.000 13511 13544 D NavigationTest: 791: (28.001429, -82.500944, 5.422637)	R:false  F:false
02-28 09:09:36.000 13511 13544 D NavigationTest: 792: (28.001429, -82.500944, 5.422637)	R:false  F:false
02-28 09:09:36.000 13511 13544 D NavServiceProvider: Second to last stop coordinates: 27.998794, -82.500982
02-28 09:09:36.000 13511 13544 D NavServiceProvider: Setting units automatically
02-28 09:09:36.001 13511 13544 D NavServiceProvider: Detecting stop. distance_d=284.93762. stop_type=1 speed=6.544402
02-28 09:09:36.001 13511 13544 D NavigationTest: 793: (28.001365, -82.500947, 6.544402)	R:false  F:false
02-28 09:09:36.001 13511 13544 D NavServiceProvider: Second to last stop coordinates: 27.998794, -82.500982
02-28 09:09:36.002 13511 13544 D NavServiceProvider: Setting units automatically
02-28 09:09:36.002 13511 13544 D NavServiceProvider: Detecting stop. distance_d=278.39627. stop_type=1 speed=6.541292
02-28 09:09:36.002 13511 13544 D NavigationTest: 794: (28.001306, -82.500950, 6.541292)	R:false  F:false
02-28 09:09:36.002 13511 13544 D NavServiceProvider: Second to last stop coordinates: 27.998794, -82.500982
02-28 09:09:36.003 13511 13544 D NavServiceProvider: Setting units automatically
02-28 09:09:36.004 13511 13544 D NavServiceProvider: Detecting stop. distance_d=268.09073. stop_type=1 speed=9.240541
02-28 09:09:36.004 13511 13544 D NavigationTest: 795: (28.001213, -82.500950, 9.240541)	R:false  F:false
02-28 09:09:36.004 13511 13544 D NavServiceProvider: Second to last stop coordinates: 27.998794, -82.500982
02-28 09:09:36.004 13511 13544 D NavServiceProvider: Setting units automatically
02-28 09:09:36.005 13511 13544 D NavServiceProvider: Detecting stop. distance_d=254.7033. stop_type=1 speed=10.26
02-28 09:09:36.005 13511 13544 D NavigationTest: 796: (28.001092, -82.500936, 10.260000)	R:false  F:false
02-28 09:09:36.005 13511 13544 D NavServiceProvider: Second to last stop coordinates: 27.998794, -82.500982
02-28 09:09:36.005 13511 13544 D NavServiceProvider: Setting units automatically
02-28 09:09:36.006 13511 13544 D NavServiceProvider: Detecting stop. distance_d=230.66359. stop_type=1 speed=11.390532
02-28 09:09:36.006 13511 13544 D NavigationTest: 797: (28.000875, -82.500934, 11.390532)	R:false  F:false
02-28 09:09:36.006 13511 13544 D NavigationTest: 798: (28.000875, -82.500934, 11.390532)	R:false  F:false
02-28 09:09:36.006 13511 13544 D NavServiceProvider: Second to last stop coordinates: 27.998794, -82.500982
02-28 09:09:36.007 13511 13544 D NavServiceProvider: Setting units automatically
02-28 09:09:36.007 13511 13544 D NavServiceProvider: Detecting stop. distance_d=217.40248. stop_type=1 speed=12.020937
02-28 09:09:36.008 13511 13544 D NavigationTest: 799: (28.000755, -82.500920, 12.020937)	R:false  F:false
02-28 09:09:36.008 13511 13544 D NavServiceProvider: Second to last stop coordinates: 27.998794, -82.500982
02-28 09:09:36.008 13511 13544 D NavServiceProvider: Setting units automatically
02-28 09:09:36.009 13511 13544 D NavServiceProvider: Detecting stop. distance_d=203.7606. stop_type=1 speed=13.026144
02-28 09:09:36.009 13511 13544 D NavigationTest: 800: (28.000632, -82.500926, 13.026144)	R:false  F:false
02-28 09:09:36.009 13511 13544 D NavServiceProvider: Second to last stop coordinates: 27.998794, -82.500982
02-28 09:09:36.009 13511 13544 D NavServiceProvider: Setting units automatically
02-28 09:09:36.011 13579 13616 D AudioTrack: stop(158): called with 18496 frames delivered
02-28 09:09:36.012 13579 13612 I EventProcessor: synthesizeMarkup call to callback.audioAvailable failed: -1
02-28 09:09:36.013  2666  3413 D Avrcp_ext: AudioManager Player: ID:23 -- type:android.media.SoundPool -- u/pid:10126/2688 -- state:idle -- attr:AudioAttributes: usage=USAGE_ASSISTANCE_SONIFICATION content=CONTENT_TYPE_SONIFICATION flags=0x800 tags= bundle=null
02-28 09:09:36.013  2666  3413 D Avrcp_ext: AudioManager Player: ID:1111 -- type:android.media.AudioTrack -- u/pid:10088/13579 -- state:stopped -- attr:AudioAttributes: usage=USAGE_MEDIA content=CONTENT_TYPE_SPEECH flags=0x800 tags= bundle=null
02-28 09:09:36.013  2666  3413 D Avrcp_ext: AudioManager Player: ID:15 -- type:android.media.SoundPool -- u/pid:1000/1493 -- state:idle -- attr:AudioAttributes: usage=USAGE_ASSISTANCE_SONIFICATION content=CONTENT_TYPE_SONIFICATION flags=0x800 tags= bundle=null
02-28 09:09:36.013  2666  3413 D Avrcp_ext: AudioManager isPlaying: false
02-28 09:09:36.013  2666  3413 V Avrcp_ext: updateCurrentMediaState: mMediaController: null
02-28 09:09:36.013 13511 13544 D NavServiceProvider: -----Get ready!
02-28 09:09:36.013 13511 13544 D NavigationTest: 801: (28.000515, -82.500918, 13.021694)	R:true  F:false
02-28 09:09:36.013 13511 13544 D NavServiceProvider: Second to last stop coordinates: 27.998794, -82.500982
02-28 09:09:36.014 13511 13544 D NavServiceProvider: Setting units automatically
02-28 09:09:36.016 13579 13612 I GoogleTTSServiceImpl: Synthesis request for locale eng-USA and name en-US-language
02-28 09:09:36.016 13579 13612 I GoogleTTSServiceImpl: TTS dispatch: en-us-x-iog-seanet-embedded
02-28 09:09:36.017  2666  3413 V Avrcp_ext: isMusicActive: true getBluetoothPlayState: 2
02-28 09:09:36.017  2666  3413 V Avrcp_ext: updateCurrentMediaState: isPlaying = false
02-28 09:09:36.017  2666  3413 V Avrcp_ext: Media update: id -1➡-1? [MediaAttributes: none] : [MediaAttributes: none]
02-28 09:09:36.017  2666  3413 V Avrcp_ext: newPlayStatus:2mReportedPlayStatus:-1
02-28 09:09:36.017  2666  3413 V Avrcp_ext: updatePlaybackState, state: PlaybackState {state=2, position=-1, buffered position=0, speed=0.0, updated=1779348, actions=0, custom actions=[], active item id=-1, error=null} device: null
02-28 09:09:36.017  2666  3413 V Avrcp_ext: Device: no name:
02-28 09:09:36.017  2666  3413 I chatty  : uid=1002(bluetooth) BluetoothAvrcpH identical 3 lines
02-28 09:09:36.017  2666  3413 V Avrcp_ext: Device: no name:
02-28 09:09:36.017  2666  3413 V Avrcp_ext: updatePlayerStateAndPosition, old=PlaybackState {state=2, position=-1, buffered position=0, speed=0.0, updated=1778678, actions=0, custom actions=[], active item id=-1, error=null}, state=PlaybackState {state=2, position=-1, buffered position=0, speed=0.0, updated=1779348, actions=0, custom actions=[], active item id=-1, error=null}
02-28 09:09:36.017  2666  3413 V Avrcp_ext: old state = PlaybackState {state=2, position=-1, buffered position=0, speed=0.0, updated=1778678, actions=0, custom actions=[], active item id=-1, error=null}, new state= PlaybackState {state=2, position=-1, buffered position=0, speed=0.0, updated=1779348, actions=0, custom actions=[], active item id=-1, error=null}
02-28 09:09:36.017  2666  3413 D HeadsetService: getHeadsetService(): returning com.android.bluetooth.hfp.HeadsetService@8a04d28
02-28 09:09:36.018  2666  3413 D HeadsetService:  isAudioOn: The number of audio connected devices 0
02-28 09:09:36.018  2666  3413 D HeadsetService: isScoOrCallActive(): Call Active:falseCall is Ringing:falseSCO is Active:false
02-28 09:09:36.018  2666  3413 D HeadsetService:  isAudioOn: The number of audio connected devices 0
02-28 09:09:36.018  2666  3413 I Avrcp_ext: updatePlayStatusForDevice: device: null
02-28 09:09:36.018  2666  3413 V Avrcp_ext: updatePlaybackState (1): old=PlaybackState {state=2, position=-1, buffered position=0, speed=0.0, updated=1778678, actions=0, custom actions=[], active item id=-1, error=null}(2), new=PlaybackState {state=2, position=-1, buffered position=0, speed=0.0, updated=1779348, actions=0, custom actions=[], active item id=-1, error=null}(2)
02-28 09:09:36.018  2666  3413 I Avrcp_ext: Exit updatePlayStatusForDevice
02-28 09:09:36.019  2666  3413 D HeadsetService:  isAudioOn: The number of audio connected devices 0
02-28 09:09:36.019  2666  3413 D HeadsetService: isScoOrCallActive(): Call Active:falseCall is Ringing:falseSCO is Active:false
02-28 09:09:36.019  2666  3413 D HeadsetService:  isAudioOn: The number of audio connected devices 0
02-28 09:09:36.019  2666  3413 I Avrcp_ext: updatePlayStatusForDevice: device: null
02-28 09:09:36.019  2666  3413 V Avrcp_ext: updatePlaybackState (1): old=PlaybackState {state=2, position=-1, buffered position=0, speed=0.0, updated=1778678, actions=0, custom actions=[], active item id=-1, error=null}(2), new=PlaybackState {state=2, position=-1, buffered position=0, speed=0.0, updated=1779348, actions=0, custom actions=[], active item id=-1, error=null}(2)
02-28 09:09:36.019  2666  3413 I Avrcp_ext: Exit updatePlayStatusForDevice
02-28 09:09:36.019  2666  3413 D HeadsetService:  isAudioOn: The number of audio connected devices 0
02-28 09:09:36.019  2666  3413 D HeadsetService: isScoOrCallActive(): Call Active:falseCall is Ringing:falseSCO is Active:false
02-28 09:09:36.019 13511 13544 D NavServiceProvider: Detecting stop. distance_d=190.82413. stop_type=1 speed=13.021694
02-28 09:09:36.019  2666  3413 D HeadsetService:  isAudioOn: The number of audio connected devices 0
02-28 09:09:36.019  2666  3413 I Avrcp_ext: updatePlayStatusForDevice: device: null
02-28 09:09:36.019 13511 13544 D NavigationTest: 801: (28.000515, -82.500918, 13.021694)	R:true  F:false
02-28 09:09:36.019  2666  3413 V Avrcp_ext: updatePlaybackState (1): old=PlaybackState {state=2, position=-1, buffered position=0, speed=0.0, updated=1778678, actions=0, custom actions=[], active item id=-1, error=null}(2), new=PlaybackState {state=2, position=-1, buffered position=0, speed=0.0, updated=1779348, actions=0, custom actions=[], active item id=-1, error=null}(2)
02-28 09:09:36.019  2666  3413 I Avrcp_ext: Exit updatePlayStatusForDevice
02-28 09:09:36.019 13511 13544 D NavServiceProvider: Second to last stop coordinates: 27.998794, -82.500982
02-28 09:09:36.020  2666  3413 D HeadsetService:  isAudioOn: The number of audio connected devices 0
02-28 09:09:36.020  2666  3413 D HeadsetService: isScoOrCallActive(): Call Active:falseCall is Ringing:falseSCO is Active:false
02-28 09:09:36.020  2666  3413 D HeadsetService:  isAudioOn: The number of audio connected devices 0
02-28 09:09:36.020  2666  3413 I Avrcp_ext: updatePlayStatusForDevice: device: null
02-28 09:09:36.020  2666  3413 V Avrcp_ext: updatePlaybackState (1): old=PlaybackState {state=2, position=-1, buffered position=0, speed=0.0, updated=1778678, actions=0, custom actions=[], active item id=-1, error=null}(2), new=PlaybackState {state=2, position=-1, buffered position=0, speed=0.0, updated=1779348, actions=0, custom actions=[], active item id=-1, error=null}(2)
02-28 09:09:36.020  2666  3413 I Avrcp_ext: Exit updatePlayStatusForDevice
02-28 09:09:36.020 13511 13544 D NavServiceProvider: Setting units automatically
02-28 09:09:36.020  2666  3413 D HeadsetService:  isAudioOn: The number of audio connected devices 0
02-28 09:09:36.020  2666  3413 D HeadsetService: isScoOrCallActive(): Call Active:falseCall is Ringing:falseSCO is Active:false
02-28 09:09:36.020  2666  3413 D HeadsetService:  isAudioOn: The number of audio connected devices 0
02-28 09:09:36.020  2666  3413 I Avrcp_ext: updatePlayStatusForDevice: device: null
02-28 09:09:36.020  2666  3413 V Avrcp_ext: updatePlaybackState (1): old=PlaybackState {state=2, position=-1, buffered position=0, speed=0.0, updated=1778678, actions=0, custom actions=[], active item id=-1, error=null}(2), new=PlaybackState {state=2, position=-1, buffered position=0, speed=0.0, updated=1779348, actions=0, custom actions=[], active item id=-1, error=null}(2)
02-28 09:09:36.020  2666  3413 I Avrcp_ext: Exit updatePlayStatusForDevice
02-28 09:09:36.020  2666  3413 D Avrcp_ext: Enter sendPlayPosNotificationRsp
02-28 09:09:36.020  2666  3413 D Avrcp_ext: sendPlayPosNotificationRsp: Not registered or requesting.
02-28 09:09:36.020  2666  3413 D Avrcp_ext: Enter sendPlayPosNotificationRsp
02-28 09:09:36.021  2666  3413 D Avrcp_ext: sendPlayPosNotificationRsp: Not registered or requesting.
02-28 09:09:36.021  2666  3413 D Avrcp_ext: Enter sendPlayPosNotificationRsp
02-28 09:09:36.021  2666  3413 D Avrcp_ext: sendPlayPosNotificationRsp: Not registered or requesting.
02-28 09:09:36.021  2666  3413 D Avrcp_ext: Enter sendPlayPosNotificationRsp
02-28 09:09:36.021  2666  3413 D Avrcp_ext: sendPlayPosNotificationRsp: Not registered or requesting.
02-28 09:09:36.021  2666  3413 D Avrcp_ext: Enter sendPlayPosNotificationRsp
02-28 09:09:36.021  2666  3413 D Avrcp_ext: sendPlayPosNotificationRsp: Not registered or requesting.
02-28 09:09:36.021  2666  3413 V Avrcp_ext: Exit updatePlayerStateAndPosition
02-28 09:09:36.021  2666  3413 D Avrcp_ext: AudioManager Player: ID:23 -- type:android.media.SoundPool -- u/pid:10126/2688 -- state:idle -- attr:AudioAttributes: usage=USAGE_ASSISTANCE_SONIFICATION content=CONTENT_TYPE_SONIFICATION flags=0x800 tags= bundle=null
02-28 09:09:36.021  2666  3413 D Avrcp_ext: AudioManager Player: ID:15 -- type:android.media.SoundPool -- u/pid:1000/1493 -- state:idle -- attr:AudioAttributes: usage=USAGE_ASSISTANCE_SONIFICATION content=CONTENT_TYPE_SONIFICATION flags=0x800 tags= bundle=null
02-28 09:09:36.021  2666  3413 D Avrcp_ext: AudioManager isPlaying: false
02-28 09:09:36.022 13511 13544 D NavServiceProvider: Detecting stop. distance_d=178.16605. stop_type=1 speed=12.290586
02-28 09:09:36.022 13511 13544 D NavigationTest: 802: (28.000401, -82.500928, 12.290586)	R:true  F:false
02-28 09:09:36.022 13511 13544 D NavServiceProvider: Second to last stop coordinates: 27.998794, -82.500982
02-28 09:09:36.024 13511 13544 D NavServiceProvider: Setting units automatically
02-28 09:09:36.026 13511 13544 D NavServiceProvider: Detecting stop. distance_d=165.42477. stop_type=1 speed=13.190546
02-28 09:09:36.026 13511 13544 D NavigationTest: 803: (28.000286, -82.500929, 13.190546)	R:true  F:false
02-28 09:09:36.026 13511 13544 D NavServiceProvider: Second to last stop coordinates: 27.998794, -82.500982
02-28 09:09:36.026 13511 13544 D NavServiceProvider: Setting units automatically
02-28 09:09:36.029 13511 13544 D NavServiceProvider: Detecting stop. distance_d=148.5085. stop_type=1 speed=13.930517
02-28 09:09:36.029 13511 13544 D NavigationTest: 804: (28.000133, -82.500921, 13.930517)	R:true  F:false
02-28 09:09:36.029 13511 13544 D NavServiceProvider: Second to last stop coordinates: 27.998794, -82.500982
02-28 09:09:36.029 13511 13544 D NavServiceProvider: Setting units automatically
02-28 09:09:36.031 13511 13544 D NavServiceProvider: Detecting stop. distance_d=135.11578. stop_type=1 speed=13.650296
02-28 09:09:36.031 13511 13544 D NavigationTest: 805: (28.000012, -82.500920, 13.650296)	R:true  F:false
02-28 09:09:36.031 13511 13544 D NavServiceProvider: Second to last stop coordinates: 27.998794, -82.500982
02-28 09:09:36.032 13511 13544 D NavServiceProvider: Setting units automatically
02-28 09:09:36.033 13511 13544 D NavServiceProvider: Detecting stop. distance_d=122.48222. stop_type=1 speed=13.530133
02-28 09:09:36.033 13511 13544 D NavigationTest: 806: (27.999898, -82.500923, 13.530133)	R:true  F:false
02-28 09:09:36.033 13511 13544 D NavServiceProvider: Second to last stop coordinates: 27.998794, -82.500982
02-28 09:09:36.033 13511 13544 D NavServiceProvider: Setting units automatically
02-28 09:09:36.035 13511 13544 D NavServiceProvider: Detecting stop. distance_d=108.89598. stop_type=1 speed=13.27312
02-28 09:09:36.035 13511 13544 D NavigationTest: 807: (27.999775, -82.500918, 13.273120)	R:true  F:false
02-28 09:09:36.035 13511 13544 D NavServiceProvider: Second to last stop coordinates: 27.998794, -82.500982
02-28 09:09:36.035 13511 13544 D NavServiceProvider: Setting units automatically
02-28 09:09:36.038 13511 13544 D NavServiceProvider: Detecting stop. distance_d=94.51722. stop_type=1 speed=13.142378
02-28 09:09:36.038 13511 13544 D NavServiceProvider: Case 1: false
02-28 09:09:36.038 13511 13544 D NavigationTest: 808: (27.999645, -82.500918, 13.142378)	R:true  F:false
02-28 09:09:36.038 13511 13544 D NavServiceProvider: Second to last stop coordinates: 27.998794, -82.500982
02-28 09:09:36.039 13511 13544 D NavServiceProvider: Setting units automatically
02-28 09:09:36.040 13511 13544 D NavServiceProvider: Detecting stop. distance_d=82.16825. stop_type=1 speed=13.295721
02-28 09:09:36.040 13511 13544 D NavigationTest: 809: (27.999533, -82.500914, 13.295721)	R:true  F:false
02-28 09:09:36.040 13511 13544 D NavServiceProvider: Second to last stop coordinates: 27.998794, -82.500982
02-28 09:09:36.041 13511 13544 D NavServiceProvider: Setting units automatically
02-28 09:09:36.042 13511 13544 D NavServiceProvider: Detecting stop. distance_d=68.7842. stop_type=1 speed=12.813061
02-28 09:09:36.042 13511 13544 D NavigationTest: 810: (27.999412, -82.500917, 12.813061)	R:true  F:false
02-28 09:09:36.042 13511 13544 D NavServiceProvider: Second to last stop coordinates: 27.998794, -82.500982
02-28 09:09:36.042 13511 13544 D NavServiceProvider: Setting units automatically
02-28 09:09:36.044 13511 13544 D NavServiceProvider: Detecting stop. distance_d=56.915382. stop_type=1 speed=12.170037
02-28 09:09:36.044 13511 13544 D NavigationTest: 811: (27.999305, -82.500924, 12.170037)	R:true  F:false
02-28 09:09:36.044 13511 13544 D NavServiceProvider: Second to last stop coordinates: 27.998794, -82.500982
02-28 09:09:36.044 13511 13544 D NavServiceProvider: Setting units automatically
02-28 09:09:36.046 13511 13544 D NavServiceProvider: Detecting stop. distance_d=44.77868. stop_type=1 speed=12.17
02-28 09:09:36.046 13511 13544 D NavServiceProvider: Case 2: false
02-28 09:09:36.046 13511 13544 D NavigationTest: 812: (27.999195, -82.500926, 12.170000)	R:true  F:false
02-28 09:09:36.046 13511 13544 D NavigationTest: 813: (27.999195, -82.500926, 12.170000)	R:true  F:false
02-28 09:09:36.046 13511 13544 D NavServiceProvider: Second to last stop coordinates: 27.998794, -82.500982
02-28 09:09:36.046 13511 13544 D NavServiceProvider: Setting units automatically
02-28 09:09:36.047 13511 13544 D NavServiceProvider: Detecting stop. distance_d=37.37902. stop_type=1 speed=9.55
02-28 09:09:36.048 13511 13544 D NavigationTest: 814: (27.999128, -82.500929, 9.550000)	R:true  F:false
02-28 09:09:36.048 13511 13544 D NavServiceProvider: Second to last stop coordinates: 27.998794, -82.500982
02-28 09:09:36.048 13511 13544 D NavServiceProvider: Setting units automatically
02-28 09:09:36.049   913  2642 I WifiHAL : event received NL80211_CMD_VENDOR, vendor_id = 0x1374, subcmd = 0xa
02-28 09:09:36.049  1222  1222 I cnss-daemon: nl80211 response handler invoked
02-28 09:09:36.049  1222  1222 I cnss-daemon: nl80211_response_handler: cmd 103, vendorID 4980, subcmd 10  received
02-28 09:09:36.049 13511 13544 D NavServiceProvider: Detecting stop. distance_d=27.812504. stop_type=1 speed=9.620047
02-28 09:09:36.049 13511 13544 D NavigationTest: 815: (27.999040, -82.500926, 9.620047)	R:true  F:false
02-28 09:09:36.049 13511 13544 D NavServiceProvider: Second to last stop coordinates: 27.998794, -82.500982
02-28 09:09:36.050 13511 13544 D NavServiceProvider: Setting units automatically
02-28 09:09:36.050  2633  2633 I wpa_supplicant: wlan0: CTRL-EVENT-AVOID-FREQ ranges=
02-28 09:09:36.050  2633  2633 I wpa_supplicant: wlan0: CTRL-EVENT-REGDOM-CHANGE init=DRIVER type=COUNTRY alpha2=BR
02-28 09:09:36.051 13511 13544 D NavServiceProvider: Detecting stop. distance_d=18.432098. stop_type=1 speed=9.620047
02-28 09:09:36.051 13511 13544 D NavServiceProvider: Case 3: false
02-28 09:09:36.051 13511 13544 D NavigationTest: 816: (27.998953, -82.500927, 9.620047)	R:true  F:false
02-28 09:09:36.051 13511 13544 D NavServiceProvider: Second to last stop coordinates: 27.998794, -82.500982
02-28 09:09:36.052 13511 13544 D NavServiceProvider: Setting units automatically
02-28 09:09:36.053 13511 13544 D NavServiceProvider: Detecting stop. distance_d=17.93486. stop_type=1 speed=4.864093
02-28 09:09:36.053 13511 13544 D NavServiceProvider: Case 4: false
02-28 09:09:36.053 13511 13544 D NavigationTest: 817: (27.998953, -82.500948, 4.864093)	R:true  F:false
02-28 09:09:36.053 13511 13544 D NavServiceProvider: Second to last stop coordinates: 27.998794, -82.500982
02-28 09:09:36.053 13511 13544 D NavServiceProvider: Setting units automatically
02-28 09:09:36.054 13511 13544 D NavServiceProvider: Detecting stop. distance_d=13.103948. stop_type=1 speed=4.863332
02-28 09:09:36.054 13511 13544 D NavigationTest: 818: (27.998909, -82.500951, 4.863332)	R:true  F:false
02-28 09:09:36.054 13511 13544 D NavServiceProvider: Second to last stop coordinates: 27.998794, -82.500982
02-28 09:09:36.055 13511 13544 D NavServiceProvider: Setting units automatically
02-28 09:09:36.056 13511 13544 D NavServiceProvider: Detecting stop. distance_d=12.326909. stop_type=1 speed=2.758786
02-28 09:09:36.056 13511 13544 D NavigationTest: 819: (27.998902, -82.500952, 2.758786)	R:true  F:false
02-28 09:09:36.056 13511 13544 D NavServiceProvider: Second to last stop coordinates: 27.998794, -82.500982
02-28 09:09:36.056 13511 13544 D NavServiceProvider: Setting units automatically
02-28 09:09:36.058 13511 13544 D NavServiceProvider: Detecting stop. distance_d=11.634275. stop_type=1 speed=1.814662
02-28 09:09:36.058 13511 13544 D NavigationTest: 820: (27.998896, -82.500954, 1.814662)	R:true  F:false
02-28 09:09:36.058 13511 13544 D NavServiceProvider: Second to last stop coordinates: 27.998794, -82.500982
02-28 09:09:36.058 13511 13544 D NavServiceProvider: Setting units automatically
02-28 09:09:36.059 13511 13544 D NavServiceProvider: Detecting stop. distance_d=11.8539295. stop_type=1 speed=0.911811
02-28 09:09:36.059 13511 13544 D NavigationTest: 821: (27.998899, -82.500959, 0.911811)	R:true  F:false
02-28 09:09:36.059 13511 13544 D NavServiceProvider: Second to last stop coordinates: 27.998794, -82.500982
02-28 09:09:36.059 13511 13544 D NavServiceProvider: Setting units automatically
02-28 09:09:36.061 13511 13544 D NavServiceProvider: Detecting stop. distance_d=12.084747. stop_type=1 speed=0.447214
02-28 09:09:36.061 13511 13544 D NavigationTest: 822: (27.998902, -82.500965, 0.447214)	R:true  F:false
02-28 09:09:36.061 13511 13544 D NavServiceProvider: Second to last stop coordinates: 27.998794, -82.500982
02-28 09:09:36.061 13511 13544 D NavServiceProvider: Setting units automatically
02-28 09:09:36.062 13511 13544 D NavServiceProvider: Detecting stop. distance_d=12.043338. stop_type=1 speed=0.37855
02-28 09:09:36.062 13511 13544 D NavigationTest: 823: (27.998900, -82.500955, 0.378550)	R:true  F:false
02-28 09:09:36.062 13511 13544 D NavServiceProvider: Second to last stop coordinates: 27.998794, -82.500982
02-28 09:09:36.062 13511 13544 D NavServiceProvider: Setting units automatically
02-28 09:09:36.063 13511 13544 D NavServiceProvider: Detecting stop. distance_d=16.048067. stop_type=1 speed=0.0
02-28 09:09:36.064 13511 13544 D NavigationTest: 824: (27.998936, -82.500950, 0.000000)	R:true  F:false
02-28 09:09:36.064 13511 13544 D NavigationTest: 825: (27.998936, -82.500950, 0.000000)	R:true  F:false
02-28 09:09:36.064 13511 13544 D NavServiceProvider: Second to last stop coordinates: 27.998794, -82.500982
02-28 09:09:36.064 13511 13544 D NavServiceProvider: Setting units automatically
02-28 09:09:36.065 13511 13544 D NavServiceProvider: Detecting stop. distance_d=15.959131. stop_type=1 speed=0.0
02-28 09:09:36.066 13511 13544 D NavigationTest: 826: (27.998935, -82.500949, 0.000000)	R:true  F:false
02-28 09:09:36.066 13511 13544 D NavServiceProvider: Second to last stop coordinates: 27.998794, -82.500982
02-28 09:09:36.066 13511 13544 D NavServiceProvider: Setting units automatically
02-28 09:09:36.068 13511 13544 D NavServiceProvider: Detecting stop. distance_d=16.196224. stop_type=1 speed=0.0
02-28 09:09:36.068 13511 13544 D NavigationTest: 827: (27.998937, -82.500948, 0.000000)	R:true  F:false
02-28 09:09:36.068 13511 13544 D NavigationTest: 828: (27.998937, -82.500948, 0.000000)	R:true  F:false
02-28 09:09:36.068 13511 13544 D NavServiceProvider: Second to last stop coordinates: 27.998794, -82.500982
02-28 09:09:36.068 13511 13544 D NavServiceProvider: Setting units automatically
02-28 09:09:36.070 13511 13544 D NavServiceProvider: Detecting stop. distance_d=14.776276. stop_type=1 speed=1.131106
02-28 09:09:36.070 13511 13544 D NavigationTest: 829: (27.998923, -82.500944, 1.131106)	R:true  F:false
02-28 09:09:36.070 13511 13544 D NavServiceProvider: Second to last stop coordinates: 27.998794, -82.500982
02-28 09:09:36.070 13511 13544 D NavServiceProvider: Setting units automatically
02-28 09:09:36.071 13511 13544 D NavServiceProvider: Detecting stop. distance_d=13.05261. stop_type=1 speed=1.716566
02-28 09:09:36.072 13511 13544 D NavigationTest: 830: (27.998910, -82.500959, 1.716566)	R:true  F:false
02-28 09:09:36.072 13511 13544 D NavServiceProvider: Second to last stop coordinates: 27.998794, -82.500982
02-28 09:09:36.072 13511 13544 D NavServiceProvider: Setting units automatically
02-28 09:09:36.073 13511 13544 D NavServiceProvider: Detecting stop. distance_d=8.756931. stop_type=1 speed=3.308716
02-28 09:09:36.073 13511 13544 D NavigationTest: 831: (27.998871, -82.500962, 3.308716)	R:true  F:false
02-28 09:09:36.073 13511 13544 D NavServiceProvider: Second to last stop coordinates: 27.998794, -82.500982
02-28 09:09:36.073 13511 13544 D NavServiceProvider: Setting units automatically
02-28 09:09:36.075 13511 13544 D NavServiceProvider: Detecting stop. distance_d=5.5676494. stop_type=1 speed=3.302181
02-28 09:09:36.075 13511 13544 D NavigationTest: 832: (27.998841, -82.500962, 3.302181)	R:true  F:false
02-28 09:09:36.075 13511 13544 D NavServiceProvider: Second to last stop coordinates: 27.998794, -82.500982
02-28 09:09:36.075 13511 13544 D NavServiceProvider: Setting units automatically
02-28 09:09:36.077 13511 13544 D NavServiceProvider: Detecting stop. distance_d=0.6277747. stop_type=1 speed=4.060197
02-28 09:09:36.077 13511 13544 D NavigationTest: 833: (27.998799, -82.500979, 4.060197)	R:true  F:false
02-28 09:09:36.077 13511 13544 D NavigationTest: 834: (27.998799, -82.500979, 4.060197)	R:true  F:false
02-28 09:09:36.077 13511 13544 D NavServiceProvider: Second to last stop coordinates: 27.998794, -82.500982
02-28 09:09:36.078 13511 13544 D NavServiceProvider: Setting units automatically
02-28 09:09:36.079 13511 13544 D NavServiceProvider: Detecting stop. distance_d=11.469533. stop_type=1 speed=6.641694
02-28 09:09:36.080 13511 13544 D NavigationTest: 835: (27.998695, -82.500948, 6.641694)	R:true  F:false
02-28 09:09:36.080 13511 13544 D NavServiceProvider: Second to last stop coordinates: 27.998794, -82.500982
02-28 09:09:36.080 13511 13544 D NavServiceProvider: Setting units automatically
02-28 09:09:36.081 13511 13544 D NavServiceProvider: Detecting stop. distance_d=19.388697. stop_type=1 speed=7.090064
02-28 09:09:36.081 13511 13544 D NavigationTest: 836: (27.998625, -82.500931, 7.090064)	R:true  F:false
02-28 09:09:36.081 13511 13544 D NavServiceProvider: Second to last stop coordinates: 27.998794, -82.500982
02-28 09:09:36.082 13511 13544 D NavServiceProvider: Setting units automatically
02-28 09:09:36.083 13511 13544 D NavServiceProvider: Detecting stop. distance_d=32.200954. stop_type=1 speed=9.320048
02-28 09:09:36.083 13511 13544 D NavServiceProvider: Case 5: true
02-28 09:09:36.083 13511 13544 D NavServiceProvider: Proximity Event fired
02-28 09:09:36.083 13511 13544 D NavServiceProvider: Checking if path has more path links left to be navigated
02-28 09:09:36.083 13511 13544 D NavServiceProvider: PathLink index: 0 Number of PathLinks: 1
02-28 09:09:36.083 13511 13544 D NavServiceProvider: %%%%%%N%%%%%%%%% No more PathLinks left in Path %%%%%%%%%%%%%%%%%%%%%
02-28 09:09:36.083 13511 13544 D NavServiceProvider: Got to last stop
02-28 09:09:36.083 13511 13544 D NavServiceProvider: Alert 1 screen before last stop
02-28 09:09:36.083 13511 13544 D NavServiceProvider: Calling destination reached...
02-28 09:09:36.090 13579 13612 W EventProcessor: callback.start() returned error code: -1
02-28 09:09:36.090 13511 13544 D NavServiceProvider: -----Get off the bus!
02-28 09:09:36.090 13511 13544 D NavigationTest: 837: (27.998505, -82.500948, 9.320048)	R:true  F:true
02-28 09:09:36.091 13511 13544 I System.out: O311C: INFO Log level changed: DEBUG
02-28 09:09:36.091 13511 13544 I System.out: O311C: INFO Dry run mode changed: true
02-28 09:09:36.091 13511 13544 W Application: Open311 issue reporting is in debug/dry run mode - no issues will be submitted.
02-28 09:09:36.091 13511 13544 I System.out: O311C: INFO clearOpen311
02-28 09:09:36.091 13511 13544 I TestRunner: finished: testTrip6(org.onebusaway.android.nav.test.NavigationTest)
