02-28 09:09:53.279 13511 13544 D NavigationTest: 200: (28.070465, -82.426200, 0.610000)	R:false  F:false
02-28 09:09:53.279 13511 13544 D NavigationTest: 201: (28.070465, -82.426200, 0.610000)	R:false  F:false
02-28 09:09:53.279 13511 13544 D NavServiceProvider: Second to last stop coordinates: 28.0675, -82.42626
02-28 09:09:53.279 13511 13544 D NavServiceProvider: Setting units automatically
02-28 09:09:53.280 13511 13544 D NavServiceProvider: Detecting stop. distance_d=327.97287. stop_type=1 speed=0.47
02-28 09:09:53.280 13511 13544 D NavigationTest: 202: (28.070459, -82.426199, 0.470000)	R:false  F:false
02-28 09:09:53.280 13511 13544 D NavigationTest: 203: (28.070459, -82.426199, 0.470000)	R:false  F:false
02-28 09:09:53.280 13511 13544 D NavigationTest: 204: (28.070459, -82.426199, 0.470000)	R:false  F:false
02-28 09:09:53.280 13511 13544 D NavServiceProvider: Second to last stop coordinates: 28.0675, -82.42626
02-28 09:09:53.280 13511 13544 D NavServiceProvider: Setting units automatically
02-28 09:09:53.281 13511 13544 D NavServiceProvider: Detecting stop. distance_d=328.19998. stop_type=1 speed=0.3
02-28 09:09:53.281 13511 13544 D NavigationTest: 205: (28.070461, -82.426196, 0.300000)	R:false  F:false
02-28 09:09:53.282 13511 13544 D NavigationTest: 206: (28.070461, -82.426196, 0.300000)	R:false  F:false
02-28 09:09:53.282 13511 13544 D NavigationTest: 207: (28.070461, -82.426196, 0.300000)	R:false  F:false
02-28 09:09:53.282 13511 13544 D NavServiceProvider: Second to last stop coordinates: 28.0675, -82.42626
02-28 09:09:53.282 13511 13544 D NavServiceProvider: Setting units automatically
02-28 09:09:53.283 13511 13544 D NavServiceProvider: Detecting stop. distance_d=328.87256. stop_type=1 speed=0.42
02-28 09:09:53.283 13511 13544 D NavigationTest: 208: (28.070467, -82.426192, 0.420000)	R:false  F:false
02-28 09:09:53.283 13511 13544 D NavigationTest: 209: (28.070467, -82.426192, 0.420000)	R:false  F:false
02-28 09:09:53.283 13511 13544 D NavServiceProvider: Second to last stop coordinates: 28.0675, -82.42626
02-28 09:09:53.283 13511 13544 D NavServiceProvider: Setting units automatically
02-28 09:09:53.284 13511 13544 D NavServiceProvider: Detecting stop. distance_d=329.76926. stop_type=1 speed=0.56
02-28 09:09:53.284 13511 13544 D NavigationTest: 210: (28.070475, -82.426187, 0.560000)	R:false  F:false
02-28 09:09:53.284 13511 13544 D NavigationTest: 211: (28.070475, -82.426187, 0.560000)	R:false  F:false
02-28 09:09:53.284 13511 13544 D NavigationTest: 212: (28.070475, -82.426187, 0.560000)	R:false  F:false
02-28 09:09:53.284 13511 13544 D NavServiceProvider: Second to last stop coordinates: 28.0675, -82.42626
02-28 09:09:53.285 13511 13544 D NavServiceProvider: Setting units automatically
02-28 09:09:53.286 13511 13544 D NavServiceProvider: Detecting stop. distance_d=330.66666. stop_type=1 speed=0.36
02-28 09:09:53.286 13511 13544 D NavigationTest: 213: (28.070483, -82.426182, 0.360000)	R:false  F:false
02-28 09:09:53.286 13511 13544 D NavigationTest: 214: (28.070483, -82.426182, 0.360000)	R:false  F:false
02-28 09:09:53.286 13511 13544 D NavigationTest: 215: (28.070483, -82.426182, 0.360000)	R:false  F:false
02-28 09:09:53.286 13511 13544 D NavServiceProvider: Second to last stop coordinates: 28.0675, -82.42626
02-28 09:09:53.286 13511 13544 D NavServiceProvider: Setting units automatically
02-28 09:09:53.287 13511 13544 D NavServiceProvider: Detecting stop. distance_d=331.00363. stop_type=1 speed=0.37
02-28 09:09:53.287 13511 13544 D NavigationTest: 216: (28.070486, -82.426180, 0.370000)	R:false  F:false
02-28 09:09:53.287 13511 13544 D NavigationTest: 217: (28.070486, -82.426180, 0.370000)	R:false  F:false
02-28 09:09:53.287 13511 13544 D NavigationTest: 218: (28.070486, -82.426180, 0.370000)	R:false  F:false
02-28 09:09:53.287 13511 13544 D NavigationTest: 219: (28.070486, -82.426180, 0.370000)	R:false  F:false
02-28 09:09:53.287 13511 13544 D NavigationTest: 220: (28.070486, -82.426180, 0.370000)	R:false  F:false
02-28 09:09:53.287 13511 13544 D NavServiceProvider: Second to last stop coordinates: 28.0675, -82.42626
02-28 09:09:53.288 13511 13544 D NavServiceProvider: Setting units automatically
02-28 09:09:53.289 13511 13544 D NavServiceProvider: Detecting stop. distance_d=329.08453. stop_type=1 speed=0.69
02-28 09:09:53.289 13511 13544 D NavigationTest: 221: (28.070469, -82.426197, 0.690000)	R:false  F:false
02-28 09:09:53.289 13511 13544 D NavigationTest: 222: (28.070469, -82.426197, 0.690000)	R:false  F:false
02-28 09:09:53.289 13511 13544 D NavigationTest: 223: (28.070469, -82.426197, 0.690000)	R:false  F:false
02-28 09:09:53.289 13511 13544 D NavigationTest: 224: (28.070469, -82.426197, 0.690000)	R:false  F:false
02-28 09:09:53.289 13511 13544 D NavigationTest: 225: (28.070469, -82.426197, 0.690000)	R:false  F:false
02-28 09:09:53.289 13511 13544 D NavServiceProvider: Second to last stop coordinates: 28.0675, -82.42626
02-28 09:09:53.289 13511 13544 D NavServiceProvider: Setting units automatically
02-28 09:09:53.290 13511 13544 D NavServiceProvider: Detecting stop. distance_d=329.19534. stop_type=1 speed=0.77
02-28 09:09:53.290 13511 13544 D NavigationTest: 226: (28.070470, -82.426197, 0.770000)	R:false  F:false
02-28 09:09:53.291 13511 13544 D NavigationTest: 227: (28.070470, -82.426197, 0.770000)	R:false  F:false
02-28 09:09:53.291 13511 13544 D NavServiceProvider: Second to last stop coordinates: 28.0675, -82.42626
02-28 09:09:53.291 13511 13544 D NavServiceProvider: Setting units automatically
02-28 09:09:53.292 13511 13544 D NavServiceProvider: Detecting stop. distance_d=329.0827. stop_type=1 speed=1.4
02-28 09:09:53.292 13511 13544 D NavigationTest: 228: (28.070469, -82.426198, 1.400000)	R:false  F:false
02-28 09:09:53.292 13511 13544 D NavigationTest: 229: (28.070469, -82.426198, 1.400000)	R:false  F:false
02-28 09:09:53.292 13511 13544 D NavigationTest: 230: (28.070469, -82.426198, 1.400000)	R:false  F:false
02-28 09:09:53.292 13511 13544 D NavServiceProvider: Second to last stop coordinates: 28.0675, -82.42626
02-28 09:09:53.292 13511 13544 D NavServiceProvider: Setting units automatically
02-28 09:09:53.293 13511 13544 D NavServiceProvider: Detecting stop. distance_d=329.07565. stop_type=1 speed=1.64
02-28 09:09:53.293 13511 13544 D NavigationTest: 231: (28.070469, -82.426202, 1.640000)	R:false  F:false
02-28 09:09:53.293 13511 13544 D NavigationTest: 232: (28.070469, -82.426202, 1.640000)	R:false  F:false
02-28 09:09:53.294 13511 13544 D NavigationTest: 233: (28.070469, -82.426202, 1.640000)	R:false  F:false
02-28 09:09:53.294 13511 13544 D NavigationTest: 234: (28.070469, -82.426202, 1.640000)	R:false  F:false
02-28 09:09:53.294 13511 13544 D NavServiceProvider: Second to last stop coordinates: 28.0675, -82.42626
02-28 09:09:53.294 13511 13544 D NavServiceProvider: Setting units automatically
02-28 09:09:53.295 13511 13544 D NavServiceProvider: Detecting stop. distance_d=328.81454. stop_type=1 speed=0.3
02-28 09:09:53.295 13511 13544 D NavigationTest: 235: (28.070467, -82.426234, 0.300000)	R:false  F:false
02-28 09:09:53.295 13511 13544 D NavigationTest: 236: (28.070467, -82.426234, 0.300000)	R:false  F:false
02-28 09:09:53.295 13511 13544 D NavigationTest: 237: (28.070467, -82.426234, 0.300000)	R:false  F:false
02-28 09:09:53.295 13511 13544 D NavServiceProvider: Second to last stop coordinates: 28.0675, -82.42626
02-28 09:09:53.295 13511 13544 D NavServiceProvider: Setting units automatically
02-28 09:09:53.296 13511 13544 D NavServiceProvider: Detecting stop. distance_d=327.8551. stop_type=1 speed=0.0
02-28 09:09:53.296 13511 13544 D NavigationTest: 238: (28.070458, -82.426203, 0.000000)	R:false  F:false
02-28 09:09:53.296 13511 13544 D NavigationTest: 239: (28.070458, -82.426203, 0.000000)	R:false  F:false
02-28 09:09:53.296 13511 13544 D NavServiceProvider: Second to last stop coordinates: 28.0675, -82.42626
02-28 09:09:53.297 13511 13544 D NavServiceProvider: Setting units automatically
02-28 09:09:53.298 13511 13544 D NavServiceProvider: Detecting stop. distance_d=327.42252. stop_type=1 speed=0.0
02-28 09:09:53.298 13511 13544 D NavigationTest: 240: (28.070454, -82.426197, 0.000000)	R:false  F:false
02-28 09:09:53.298 13511 13544 D NavigationTest: 241: (28.070454, -82.426197, 0.000000)	R:false  F:false
02-28 09:09:53.298 13511 13544 D NavigationTest: 242: (28.070454, -82.426197, 0.000000)	R:false  F:false
02-28 09:09:53.298 13511 13544 D NavServiceProvider: Second to last stop coordinates: 28.0675, -82.42626
02-28 09:09:53.298 13511 13544 D NavServiceProvider: Setting units automatically
02-28 09:09:53.299 13511 13544 D NavServiceProvider: Detecting stop. distance_d=327.53146. stop_type=1 speed=0.0
02-28 09:09:53.300 13511 13544 D NavigationTest: 243: (28.070455, -82.426198, 0.000000)	R:false  F:false
02-28 09:09:53.300 13511 13544 D NavigationTest: 244: (28.070455, -82.426198, 0.000000)	R:false  F:false
02-28 09:09:53.300 13511 13544 D NavigationTest: 245: (28.070455, -82.426198, 0.000000)	R:false  F:false
02-28 09:09:53.300 13511 13544 D NavServiceProvider: Second to last stop coordinates: 28.0675, -82.42626
02-28 09:09:53.300 13511 13544 D NavServiceProvider: Setting units automatically
02-28 09:09:53.301 13511 13544 D NavServiceProvider: Detecting stop. distance_d=327.64227. stop_type=1 speed=0.0
02-28 09:09:53.301 13511 13544 D NavigationTest: 246: (28.070456, -82.426198, 0.000000)	R:false  F:false
02-28 09:09:53.301 13511 13544 D NavigationTest: 247: (28.070456, -82.426198, 0.000000)	R:false  F:false
02-28 09:09:53.301 13511 13544 D NavServiceProvider: Second to last stop coordinates: 28.0675, -82.42626
02-28 09:09:53.301 13511 13544 D NavServiceProvider: Setting units automatically
02-28 09:09:53.302 13511 13544 D NavServiceProvider: Detecting stop. distance_d=327.75125. stop_type=1 speed=0.0
02-28 09:09:53.303 13511 13544 D NavigationTest: 248: (28.070457, -82.426199, 0.000000)	R:false  F:false
02-28 09:09:53.303 13511 13544 D NavigationTest: 249: (28.070457, -82.426199, 0.000000)	R:false  F:false
02-28 09:09:53.303 13511 13544 D NavigationTest: 250: (28.070457, -82.426199, 0.000000)	R:false  F:false
02-28 09:09:53.303 13511 13544 D NavServiceProvider: Second to last stop coordinates: 28.0675, -82.42626
02-28 09:09:53.303 13511 13544 D NavServiceProvider: Setting units automatically
02-28 09:09:53.304 13511 13544 D NavServiceProvider: Detecting stop. distance_d=328.08548. stop_type=1 speed=0.0
02-28 09:09:53.304 13511 13544 D NavigationTest: 251: (28.070460, -82.426198, 0.000000)	R:false  F:false
02-28 09:09:53.304 13511 13544 D NavigationTest: 252: (28.070460, -82.426198, 0.000000)	R:false  F:false
02-28 09:09:53.304 13511 13544 D NavServiceProvider: Second to last stop coordinates: 28.0675, -82.42626
02-28 09:09:53.304 13511 13544 D NavServiceProvider: Setting units automatically
02-28 09:09:53.305 13511 13544 D NavServiceProvider: Detecting stop. distance_d=328.41974. stop_type=1 speed=0.0
02-28 09:09:53.305 13511 13544 D NavigationTest: 253: (28.070463, -82.426197, 0.000000)	R:false  F:false
02-28 09:09:53.305 13511 13544 D NavigationTest: 254: (28.070463, -82.426197, 0.000000)	R:false  F:false
02-28 09:09:53.305 13511 13544 D NavigationTest: 255: (28.070463, -82.426197, 0.000000)	R:false  F:false
02-28 09:09:53.305 13511 13544 D NavServiceProvider: Second to last stop coordinates: 28.0675, -82.42626
02-28 09:09:53.306 13511 13544 D NavServiceProvider: Setting units automatically
02-28 09:09:53.307 13511 13544 D NavServiceProvider: Detecting stop. distance_d=328.64133. stop_type=1 speed=0.0
02-28 09:09:53.307 13511 13544 D NavigationTest: 256: (28.070465, -82.426197, 0.000000)	R:false  F:false
02-28 09:09:53.307 13511 13544 D NavigationTest: 257: (28.070465, -82.426197, 0.000000)	R:false  F:false
02-28 09:09:53.307 13511 13544 D NavigationTest: 258: (28.070465, -82.426197, 0.000000)	R:false  F:false
02-28 09:09:53.307 13511 13544 D NavServiceProvider: Second to last stop coordinates: 28.0675, -82.42626
02-28 09:09:53.307 13511 13544 D NavServiceProvider: Setting units automatically
02-28 09:09:53.308 13511 13544 D NavServiceProvider: Detecting stop. distance_d=328.8648. stop_type=1 speed=0.0
02-28 09:09:53.308 13511 13544 D NavigationTest: 259: (28.070467, -82.426196, 0.000000)	R:false  F:false
02-28 09:09:53.308 13511 13544 D NavigationTest: 260: (28.070467, -82.426196, 0.000000)	R:false  F:false
02-28 09:09:53.308 13511 13544 D NavServiceProvider: Second to last stop coordinates: 28.0675, -82.42626
02-28 09:09:53.309 13511 13544 D NavServiceProvider: Setting units automatically
02-28 09:09:53.310 13511 13544 D NavServiceProvider: Detecting stop. distance_d=328.97372. stop_type=1 speed=0.0
02-28 09:09:53.310 13511 13544 D NavigationTest: 261: (28.070468, -82.426197, 0.000000)	R:false  F:false
02-28 09:09:53.310 13511 13544 D NavigationTest: 262: (28.070468, -82.426197, 0.000000)	R:false  F:false
02-28 09:09:53.310 13511 13544 D NavigationTest: 263: (28.070468, -82.426197, 0.000000)	R:false  F:false
02-28 09:09:53.310 13511 13544 D NavServiceProvider: Second to last stop coordinates: 28.0675, -82.42626
02-28 09:09:53.310 13511 13544 D NavServiceProvider: Setting units automatically
02-28 09:09:53.311 13511 13544 D NavServiceProvider: Detecting stop. distance_d=328.8629. stop_type=1 speed=0.0
02-28 09:09:53.311 13511 13544 D NavigationTest: 264: (28.070467, -82.426197, 0.000000)	R:false  F:false
02-28 09:09:53.311 13511 13544 D NavigationTest: 265: (28.070467, -82.426197, 0.000000)	R:false  F:false
02-28 09:09:53.311 13511 13544 D NavigationTest: 266: (28.070467, -82.426197, 0.000000)	R:false  F:false
02-28 09:09:53.311 13511 13544 D NavServiceProvider: Second to last stop coordinates: 28.0675, -82.42626
02-28 09:09:53.312 13511 13544 D NavServiceProvider: Setting units automatically
02-28 09:09:53.313 13511 13544 D NavServiceProvider: Detecting stop. distance_d=328.75027. stop_type=1 speed=0.0
02-28 09:09:53.313 13511 13544 D NavigationTest: 267: (28.070466, -82.426198, 0.000000)	R:false  F:false
02-28 09:09:53.313 13511 13544 D NavigationTest: 268: (28.070466, -82.426198, 0.000000)	R:false  F:false
02-28 09:09:53.313 13511 13544 D NavServiceProvider: Second to last stop coordinates: 28.0675, -82.42626
02-28 09:09:53.313 13511 13544 D NavServiceProvider: Setting units automatically
02-28 09:09:53.314 13511 13544 D NavServiceProvider: Detecting stop. distance_d=328.75027. stop_type=1 speed=0.0
02-28 09:09:53.314 13511 13544 D NavigationTest: 269: (28.070466, -82.426198, 0.000000)	R:false  F:false
02-28 09:09:53.314 13511 13544 D NavigationTest: 270: (28.070466, -82.426198, 0.000000)	R:false  F:false
02-28 09:09:53.314 13511 13544 D NavigationTest: 271: (28.070466, -82.426198, 0.000000)	R:false  F:false
02-28 09:09:53.314 13511 13544 D NavServiceProvider: Second to last stop coordinates: 28.0675, -82.42626
02-28 09:09:53.314 13511 13544 D NavServiceProvider: Setting units automatically
02-28 09:09:53.315 13511 13544 D NavServiceProvider: Detecting stop. distance_d=328.75027. stop_type=1 speed=0.0
02-28 09:09:53.315 13511 13544 D NavigationTest: 272: (28.070466, -82.426198, 0.000000)	R:false  F:false
02-28 09:09:53.316 13511 13544 D NavigationTest: 273: (28.070466, -82.426198, 0.000000)	R:false  F:false
02-28 09:09:53.316 13511 13544 D NavigationTest: 274: (28.070466, -82.426198, 0.000000)	R:false  F:false
02-28 09:09:53.316 13511 13544 D NavServiceProvider: Second to last stop coordinates: 28.0675, -82.42626
02-28 09:09:53.316 13511 13544 D NavServiceProvider: Setting units automatically
02-28 09:09:53.317 13511 13544 D NavServiceProvider: Detecting stop. distance_d=328.74847. stop_type=1 speed=0.0
02-28 09:09:53.317 13511 13544 D NavigationTest: 275: (28.070466, -82.426199, 0.000000)	R:false  F:false
02-28 09:09:53.317 13511 13544 D NavigationTest: 276: (28.070466, -82.426199, 0.000000)	R:false  F:false
02-28 09:09:53.317 13511 13544 D NavServiceProvider: Second to last stop coordinates: 28.0675, -82.42626
02-28 09:09:53.317 13511 13544 D NavServiceProvider: Setting units automatically
02-28 09:09:53.318 13511 13544 D NavServiceProvider: Detecting stop. distance_d=328.63766. stop_type=1 speed=0.0
02-28 09:09:53.318 13511 13544 D NavigationTest: 277: (28.070465, -82.426199, 0.000000)	R:false  F:false
02-28 09:09:53.318 13511 13544 D NavigationTest: 278: (28.070465, -82.426199, 0.000000)	R:false  F:false
02-28 09:09:53.318 13511 13544 D NavigationTest: 279: (28.070465, -82.426199, 0.000000)	R:false  F:false
02-28 09:09:53.318 13511 13544 D NavServiceProvider: Second to last stop coordinates: 28.0675, -82.42626
02-28 09:09:53.319 13511 13544 D NavServiceProvider: Setting units automatically
02-28 09:09:53.320 13511 13544 D NavServiceProvider: Detecting stop. distance_d=328.63766. stop_type=1 speed=0.0
02-28 09:09:53.320 13511 13544 D NavigationTest: 280: (28.070465, -82.426199, 0.000000)	R:false  F:false
02-28 09:09:53.320 13511 13544 D NavigationTest: 281: (28.070465, -82.426199, 0.000000)	R:false  F:false
02-28 09:09:53.320 13511 13544 D NavigationTest: 282: (28.070465, -82.426199, 0.000000)	R:false  F:false
02-28 09:09:53.320 13511 13544 D NavServiceProvider: Second to last stop coordinates: 28.0675, -82.42626
02-28 09:09:53.320 13511 13544 D NavServiceProvider: Setting units automatically
02-28 09:09:53.321 13511 13544 D NavServiceProvider: Detecting stop. distance_d=328.63766. stop_type=1 speed=0.0
02-28 09:09:53.321 13511 13544 D NavigationTest: 283: (28.070465, -82.426199, 0.000000)	R:false  F:false
02-28 09:09:53.321 13511 13544 D NavigationTest: 284: (28.070465, -82.426199, 0.000000)	R:false  F:false
02-28 09:09:53.321 13511 13544 D NavigationTest: 285: (28.070465, -82.426199, 0.000000)	R:false  F:false
02-28 09:09:53.321 13511 13544 D NavServiceProvider: Second to last stop coordinates: 28.0675, -82.42626
02-28 09:09:53.322 13511 13544 D NavServiceProvider: Setting units automatically
02-28 09:09:53.323 13511 13544 D NavServiceProvider: Detecting stop. distance_d=328.63766. stop_type=1 speed=0.0
02-28 09:09:53.323 13511 13544 D NavigationTest: 286: (28.070465, -82.426199, 0.000000)	R:false  F:false
02-28 09:09:53.323 13511 13544 D NavigationTest: 287: (28.070465, -82.426199, 0.000000)	R:false  F:false
02-28 09:09:53.323 13511 13544 D NavServiceProvider: Second to last stop coordinates: 28.0675, -82.42626
02-28 09:09:53.323 13511 13544 D NavServiceProvider: Setting units automatically
02-28 09:09:53.324 13511 13544 D NavServiceProvider: Detecting stop. distance_d=328.63766. stop_type=1 speed=0.0
02-28 09:09:53.324 13511 13544 D NavigationTest: 288: (28.070465, -82.426199, 0.000000)	R:false  F:false
02-28 09:09:53.324 13511 13544 D NavigationTest: 289: (28.070465, -82.426199, 0.000000)	R:false  F:false
02-28 09:09:53.324 13511 13544 D NavigationTest: 290: (28.070465, -82.426199, 0.000000)	R:false  F:false
02-28 09:09:53.324 13511 13544 D NavServiceProvider: Second to last stop coordinates: 28.0675, -82.42626
02-28 09:09:53.325 13511 13544 D NavServiceProvider: Setting units automatically
02-28 09:09:53.326 13511 13544 D NavServiceProvider: Detecting stop. distance_d=328.63766. stop_type=1 speed=0.0
02-28 09:09:53.326 13511 13544 D NavigationTest: 291: (28.070465, -82.426199, 0.000000)	R:false  F:false
02-28 09:09:53.326 13511 13544 D NavigationTest: 292: (28.070465, -82.426199, 0.000000)	R:false  F:false
02-28 09:09:53.326 13511 13544 D NavServiceProvider: Second to last stop coordinates: 28.0675, -82.42626
02-28 09:09:53.326 13511 13544 D NavServiceProvider: Setting units automatically
02-28 09:09:53.327 13511 13544 D NavServiceProvider: Detecting stop. distance_d=328.63766. stop_type=1 speed=0.0
02-28 09:09:53.327 13511 13544 D NavigationTest: 293: (28.070465, -82.426199, 0.000000)	R:false  F:false
02-28 09:09:53.327 13511 13544 D NavigationTest: 294: (28.070465, -82.426199, 0.000000)	R:false  F:false
02-28 09:09:53.327 13511 13544 D NavigationTest: 295: (28.070465, -82.426199, 0.000000)	R:false  F:false
02-28 09:09:53.327 13511 13544 D NavServiceProvider: Second to last stop coordinates: 28.0675, -82.42626
02-28 09:09:53.327 13511 13544 D NavServiceProvider: Setting units automatically
02-28 09:09:53.328 13511 13544 D NavServiceProvider: Detecting stop. distance_d=328.63766. stop_type=1 speed=0.0
02-28 09:09:53.328 13511 13544 D NavigationTest: 296: (28.070465, -82.426199, 0.000000)	R:false  F:false
02-28 09:09:53.329 13511 13544 D NavigationTest: 297: (28.070465, -82.426199, 0.000000)	R:false  F:false
02-28 09:09:53.329 13511 13544 D NavigationTest: 298: (28.070465, -82.426199, 0.000000)	R:false  F:false
02-28 09:09:53.329 13511 13544 D NavServiceProvider: Second to last stop coordinates: 28.0675, -82.42626
02-28 09:09:53.329 13511 13544 D NavServiceProvider: Setting units automatically
02-28 09:09:53.330 13511 13544 D NavServiceProvider: Detecting stop. distance_d=328.63766. stop_type=1 speed=0.0
02-28 09:09:53.330 13511 13544 D NavigationTest: 299: (28.070465, -82.426199, 0.000000)	R:false  F:false
02-28 09:09:53.330 13511 13544 D NavigationTest: 300: (28.070465, -82.426199, 0.000000)	R:false  F:false
02-28 09:09:53.330 13511 13544 D NavigationTest: 301: (28.070465, -82.426199, 0.000000)	R:false  F:false
02-28 09:09:53.330 13511 13544 D NavServiceProvider: Second to last stop coordinates: 28.0675, -82.42626
02-28 09:09:53.331 13511 13544 D NavServiceProvider: Setting units automatically
02-28 09:09:53.332 13511 13544 D NavServiceProvider: Detecting stop. distance_d=328.63766. stop_type=1 speed=0.0
02-28 09:09:53.332 13511 13544 D NavigationTest: 302: (28.070465, -82.426199, 0.000000)	R:false  F:false
02-28 09:09:53.332 13511 13544 D NavigationTest: 303: (28.070465, -82.426199, 0.000000)	R:false  F:false
02-28 09:09:53.332 13511 13544 D NavServiceProvider: Second to last stop coordinates: 28.0675, -82.42626
02-28 09:09:53.332 13511 13544 D NavServiceProvider: Setting units automatically
02-28 09:09:53.333 13511 13544 D NavServiceProvider: Detecting stop. distance_d=328.63766. stop_type=1 speed=0.0
02-28 09:09:53.333 13511 13544 D NavigationTest: 304: (28.070465, -82.426199, 0.000000)	R:false  F:false
02-28 09:09:53.333 13511 13544 D NavigationTest: 305: (28.070465, -82.426199, 0.000000)	R:false  F:false
02-28 09:09:53.333 13511 13544 D NavigationTest: 306: (28.070465, -82.426199, 0.000000)	R:false  F:false
02-28 09:09:53.334 13511 13544 D NavServiceProvider: Second to last stop coordinates: 28.0675, -82.42626
02-28 09:09:53.334 13511 13544 D NavServiceProvider: Setting units automatically
02-28 09:09:53.335 13511 13544 D NavServiceProvider: Detecting stop. distance_d=312.24893. stop_type=1 speed=6.56
02-28 09:09:53.335 13511 13544 D NavigationTest: 307: (28.070317, -82.426326, 6.560000)	R:false  F:false
02-28 09:09:53.335 13511 13544 D NavigationTest: 308: (28.070317, -82.426326, 6.560000)	R:false  F:false
02-28 09:09:53.335 13511 13544 D NavigationTest: 309: (28.070317, -82.426326, 6.560000)	R:false  F:false
02-28 09:09:53.335 13511 13544 D NavServiceProvider: Second to last stop coordinates: 28.0675, -82.42626
02-28 09:09:53.335 13511 13544 D NavServiceProvider: Setting units automatically
02-28 09:09:53.336 13511 13544 D NavServiceProvider: Detecting stop. distance_d=297.6609. stop_type=1 speed=5.97
02-28 09:09:53.336 13511 13544 D NavigationTest: 310: (28.070184, -82.426376, 5.970000)	R:false  F:false
02-28 09:09:53.336 13511 13544 D NavigationTest: 311: (28.070184, -82.426376, 5.970000)	R:false  F:false
02-28 09:09:53.336 13511 13544 D NavigationTest: 312: (28.070184, -82.426376, 5.970000)	R:false  F:false
02-28 09:09:53.336 13511 13544 D NavServiceProvider: Second to last stop coordinates: 28.0675, -82.42626
02-28 09:09:53.337 13511 13544 D NavServiceProvider: Setting units automatically
02-28 09:09:53.338 13511 13544 D NavServiceProvider: Detecting stop. distance_d=289.72818. stop_type=1 speed=6.0
02-28 09:09:53.338 13511 13544 D NavigationTest: 313: (28.070112, -82.426386, 6.000000)	R:false  F:false
02-28 09:09:53.338 13511 13544 D NavigationTest: 314: (28.070112, -82.426386, 6.000000)	R:false  F:false
02-28 09:09:53.338 13511 13544 D NavigationTest: 315: (28.070112, -82.426386, 6.000000)	R:false  F:false
02-28 09:09:53.338 13511 13544 D NavServiceProvider: Second to last stop coordinates: 28.0675, -82.42626
02-28 09:09:53.338 13511 13544 D NavServiceProvider: Setting units automatically
02-28 09:09:53.339 13511 13544 D NavServiceProvider: Detecting stop. distance_d=281.40167. stop_type=1 speed=6.12
02-28 09:09:53.339 13511 13544 D NavigationTest: 316: (28.070038, -82.426350, 6.120000)	R:false  F:false
02-28 09:09:53.339 13511 13544 D NavigationTest: 317: (28.070038, -82.426350, 6.120000)	R:false  F:false
02-28 09:09:53.339 13511 13544 D NavigationTest: 318: (28.070038, -82.426350, 6.120000)	R:false  F:false
02-28 09:09:53.339 13511 13544 D NavServiceProvider: Second to last stop coordinates: 28.0675, -82.42626
02-28 09:09:53.340 13511 13544 D NavServiceProvider: Setting units automatically
02-28 09:09:53.341 13511 13544 D NavServiceProvider: Detecting stop. distance_d=272.3043. stop_type=1 speed=6.25
02-28 09:09:53.341 13511 13544 D NavigationTest: 319: (28.069957, -82.426228, 6.250000)	R:false  F:false
02-28 09:09:53.341 13511 13544 D NavigationTest: 320: (28.069957, -82.426228, 6.250000)	R:false  F:false
02-28 09:09:53.341 13511 13544 D NavServiceProvider: Second to last stop coordinates: 28.0675, -82.42626
02-28 09:09:53.341 13511 13544 D NavServiceProvider: Setting units automatically
02-28 09:09:53.342 13511 13544 D NavServiceProvider: Detecting stop. distance_d=267.41003. stop_type=1 speed=6.52
02-28 09:09:53.342 13511 13544 D NavigationTest: 321: (28.069913, -82.426259, 6.520000)	R:false  F:false
02-28 09:09:53.342 13511 13544 D NavigationTest: 322: (28.069913, -82.426259, 6.520000)	R:false  F:false
02-28 09:09:53.342 13511 13544 D NavigationTest: 323: (28.069913, -82.426259, 6.520000)	R:false  F:false
02-28 09:09:53.342 13511 13544 D NavServiceProvider: Second to last stop coordinates: 28.0675, -82.42626
02-28 09:09:53.343 13511 13544 D NavServiceProvider: Setting units automatically
02-28 09:09:53.343 13511 13544 D NavServiceProvider: Detecting stop. distance_d=240.71913. stop_type=1 speed=10.08
02-28 09:09:53.344 13511 13544 D NavigationTest: 324: (28.069672, -82.426231, 10.080000)	R:false  F:false
02-28 09:09:53.344 13511 13544 D NavigationTest: 325: (28.069672, -82.426231, 10.080000)	R:false  F:false
02-28 09:09:53.344 13511 13544 D NavigationTest: 326: (28.069672, -82.426231, 10.080000)	R:false  F:false
02-28 09:09:53.344 13511 13544 D NavServiceProvider: Second to last stop coordinates: 28.0675, -82.42626
02-28 09:09:53.344 13511 13544 D NavServiceProvider: Setting units automatically
02-28 09:09:53.345 13511 13544 D NavServiceProvider: Detecting stop. distance_d=232.61835. stop_type=1 speed=9.53
02-28 09:09:53.345 13511 13544 D NavigationTest: 327: (28.069599, -82.426243, 9.530000)	R:false  F:false
02-28 09:09:53.345 13511 13544 D NavigationTest: 328: (28.069599, -82.426243, 9.530000)	R:false  F:false
02-28 09:09:53.345 13511 13544 D NavigationTest: 329: (28.069599, -82.426243, 9.530000)	R:false  F:false
02-28 09:09:53.345 13511 13544 D NavServiceProvider: Second to last stop coordinates: 28.0675, -82.42626
02-28 09:09:53.345 13511 13544 D NavServiceProvider: Setting units automatically
02-28 09:09:53.346 13511 13544 D NavServiceProvider: Detecting stop. distance_d=221.98143. stop_type=1 speed=9.86
02-28 09:09:53.346 13511 13544 D NavigationTest: 330: (28.069503, -82.426241, 9.860000)	R:false  F:false
02-28 09:09:53.346 13511 13544 D NavigationTest: 331: (28.069503, -82.426241, 9.860000)	R:false  F:false
02-28 09:09:53.346 13511 13544 D NavServiceProvider: Second to last stop coordinates: 28.0675, -82.42626
02-28 09:09:53.347 13511 13544 D NavServiceProvider: Setting units automatically
02-28 09:09:53.348 13511 13544 D NavServiceProvider: Detecting stop. distance_d=207.45721. stop_type=1 speed=11.56
02-28 09:09:53.348 13511 13544 D NavigationTest: 332: (28.069372, -82.426253, 11.560000)	R:false  F:false
02-28 09:09:53.348 13511 13544 D NavigationTest: 333: (28.069372, -82.426253, 11.560000)	R:false  F:false
02-28 09:09:53.348 13511 13544 D NavigationTest: 334: (28.069372, -82.426253, 11.560000)	R:false  F:false
02-28 09:09:53.348 13511 13544 D NavServiceProvider: Second to last stop coordinates: 28.0675, -82.42626
02-28 09:09:53.348 13511 13544 D NavServiceProvider: Setting units automatically
02-28 09:09:53.350 13579 13766 D AudioTrack: stop(190): called with 6976 frames delivered
02-28 09:09:53.351 13579 13612 I SynthesisCache: streamCachedRequest call to callback.audioAvailable failed: -1
02-28 09:09:53.352 13579 13612 I GoogleTTSServiceImpl: Synthesis request for locale eng-USA and name en-US-language
02-28 09:09:53.352 13511 13544 D NavServiceProvider: -----Get ready!
02-28 09:09:53.353 13511 13544 D NavigationTest: 335: (28.069233, -82.426229, 12.290000)	R:true  F:false
02-28 09:09:53.353 13511 13544 D NavServiceProvider: Second to last stop coordinates: 28.0675, -82.42626
02-28 09:09:53.353 13511 13544 D NavServiceProvider: Setting units automatically
02-28 09:09:53.354 13579 13612 I GoogleTTSServiceImpl: TTS dispatch: en-us-x-iog-seanet-embedded
02-28 09:09:53.355 13511 13544 D NavServiceProvider: Detecting stop. distance_d=192.07619. stop_type=1 speed=12.29
02-28 09:09:53.355 13511 13544 D NavigationTest: 335: (28.069233, -82.426229, 12.290000)	R:true  F:false
02-28 09:09:53.355 13511 13544 D NavigationTest: 336: (28.069233, -82.426229, 12.290000)	R:true  F:false
02-28 09:09:53.355 13511 13544 D NavServiceProvider: Second to last stop coordinates: 28.0675, -82.42626
02-28 09:09:53.355  2666  3413 D Avrcp_ext: AudioManager Player: ID:23 -- type:android.media.SoundPool -- u/pid:10126/2688 -- state:idle -- attr:AudioAttributes: usage=USAGE_ASSISTANCE_SONIFICATION content=CONTENT_TYPE_SONIFICATION flags=0x800 tags= bundle=null
02-28 09:09:53.355  2666  3413 D Avrcp_ext: AudioManager Player: ID:1367 -- type:android.media.AudioTrack -- u/pid:10088/13579 -- state:stopped -- attr:AudioAttributes: usage=USAGE_MEDIA content=CONTENT_TYPE_SPEECH flags=0x800 tags= bundle=null
02-28 09:09:53.355  2666  3413 D Avrcp_ext: AudioManager Player: ID:15 -- type:android.media.SoundPool -- u/pid:1000/1493 -- state:idle -- attr:AudioAttributes: usage=USAGE_ASSISTANCE_SONIFICATION content=CONTENT_TYPE_SONIFICATION flags=0x800 tags= bundle=null
02-28 09:09:53.355  2666  3413 D Avrcp_ext: AudioManager isPlaying: false
02-28 09:09:53.355  2666  3413 V Avrcp_ext: updateCurrentMediaState: mMediaController: null
02-28 09:09:53.355 13511 13544 D NavServiceProvider: Setting units automatically
02-28 09:09:53.357 13511 13544 D NavServiceProvider: Detecting stop. distance_d=180.55762. stop_type=1 speed=10.81
02-28 09:09:53.357 13511 13544 D NavigationTest: 337: (28.069129, -82.426226, 10.810000)	R:true  F:false
02-28 09:09:53.357 13511 13544 D NavigationTest: 338: (28.069129, -82.426226, 10.810000)	R:true  F:false
02-28 09:09:53.357 13511 13544 D NavigationTest: 339: (28.069129, -82.426226, 10.810000)	R:true  F:false
02-28 09:09:53.357 13511 13544 D NavServiceProvider: Second to last stop coordinates: 28.0675, -82.42626
02-28 09:09:53.357 13511 13544 D NavServiceProvider: Setting units automatically
02-28 09:09:53.358  2666  3413 V Avrcp_ext: isMusicActive: true getBluetoothPlayState: 2
02-28 09:09:53.358  2666  3413 V Avrcp_ext: updateCurrentMediaState: isPlaying = false
02-28 09:09:53.358  2666  3413 V Avrcp_ext: Media update: id -1➡-1? [MediaAttributes: none] : [MediaAttributes: none]
02-28 09:09:53.358  2666  3413 V Avrcp_ext: newPlayStatus:2mReportedPlayStatus:-1
02-28 09:09:53.358  2666  3413 V Avrcp_ext: updatePlaybackState, state: PlaybackState {state=2, position=-1, buffered position=0, speed=0.0, updated=1796689, actions=0, custom actions=[], active item id=-1, error=null} device: null
02-28 09:09:53.358  2666  3413 V Avrcp_ext: Device: no name:
02-28 09:09:53.358  2666  3413 I chatty  : uid=1002(bluetooth) BluetoothAvrcpH identical 3 lines
02-28 09:09:53.358  2666  3413 V Avrcp_ext: Device: no name:
02-28 09:09:53.358  2666  3413 V Avrcp_ext: updatePlayerStateAndPosition, old=PlaybackState {state=2, position=-1, buffered position=0, speed=0.0, updated=1796559, actions=0, custom actions=[], active item id=-1, error=null}, state=PlaybackState {state=2, position=-1, buffered position=0, speed=0.0, updated=1796689, actions=0, custom actions=[], active item id=-1, error=null}
02-28 09:09:53.358  2666  3413 V Avrcp_ext: old state = PlaybackState {state=2, position=-1, buffered position=0, speed=0.0, updated=1796559, actions=0, custom actions=[], active item id=-1, error=null}, new state= PlaybackState {state=2, position=-1, buffered position=0, speed=0.0, updated=1796689, actions=0, custom actions=[], active item id=-1, error=null}
02-28 09:09:53.358  2666  3413 D HeadsetService: getHeadsetService(): returning com.android.bluetooth.hfp.HeadsetService@8a04d28
02-28 09:09:53.359  2666  3413 D HeadsetService:  isAudioOn: The number of audio connected devices 0
02-28 09:09:53.359  2666  3413 D HeadsetService: isScoOrCallActive(): Call Active:falseCall is Ringing:falseSCO is Active:false
02-28 09:09:53.359 13511 13544 D NavServiceProvider: Detecting stop. distance_d=168.17041. stop_type=1 speed=11.28
02-28 09:09:53.359 13511 13544 D NavigationTest: 340: (28.069017, -82.426216, 11.280000)	R:true  F:false
02-28 09:09:53.359 13511 13544 D NavigationTest: 341: (28.069017, -82.426216, 11.280000)	R:true  F:false
02-28 09:09:53.359 13511 13544 D NavServiceProvider: Second to last stop coordinates: 28.0675, -82.42626
02-28 09:09:53.359  2666  3413 D HeadsetService:  isAudioOn: The number of audio connected devices 0
02-28 09:09:53.359  2666  3413 I Avrcp_ext: updatePlayStatusForDevice: device: null
02-28 09:09:53.359  2666  3413 V Avrcp_ext: updatePlaybackState (1): old=PlaybackState {state=2, position=-1, buffered position=0, speed=0.0, updated=1796559, actions=0, custom actions=[], active item id=-1, error=null}(2), new=PlaybackState {state=2, position=-1, buffered position=0, speed=0.0, updated=1796689, actions=0, custom actions=[], active item id=-1, error=null}(2)
02-28 09:09:53.359  2666  3413 I Avrcp_ext: Exit updatePlayStatusForDevice
02-28 09:09:53.359  2666  3413 D HeadsetService:  isAudioOn: The number of audio connected devices 0
02-28 09:09:53.359  2666  3413 D HeadsetService: isScoOrCallActive(): Call Active:falseCall is Ringing:falseSCO is Active:false
02-28 09:09:53.359 13511 13544 D NavServiceProvider: Setting units automatically
02-28 09:09:53.360  2666  3413 D HeadsetService:  isAudioOn: The number of audio connected devices 0
02-28 09:09:53.360  2666  3413 I Avrcp_ext: updatePlayStatusForDevice: device: null
02-28 09:09:53.360  2666  3413 V Avrcp_ext: updatePlaybackState (1): old=PlaybackState {state=2, position=-1, buffered position=0, speed=0.0, updated=1796559, actions=0, custom actions=[], active item id=-1, error=null}(2), new=PlaybackState {state=2, position=-1, buffered position=0, speed=0.0, updated=1796689, actions=0, custom actions=[], active item id=-1, error=null}(2)
02-28 09:09:53.360  2666  3413 I Avrcp_ext: Exit updatePlayStatusForDevice
02-28 09:09:53.361 13511 13544 D NavServiceProvider: Detecting stop. distance_d=156.57541. stop_type=1 speed=11.66
02-28 09:09:53.361 13511 13544 D NavigationTest: 342: (28.068912, -82.426204, 11.660000)	R:true  F:false
02-28 09:09:53.361 13511 13544 D NavigationTest: 343: (28.068912, -82.426204, 11.660000)	R:true  F:false
02-28 09:09:53.361 13511 13544 D NavigationTest: 344: (28.068912, -82.426204, 11.660000)	R:true  F:false
02-28 09:09:53.361  2666  3413 D HeadsetService:  isAudioOn: The number of audio connected devices 0
02-28 09:09:53.361 13511 13544 D NavServiceProvider: Second to last stop coordinates: 28.0675, -82.42626
02-28 09:09:53.361  2666  3413 D HeadsetService: isScoOrCallActive(): Call Active:falseCall is Ringing:falseSCO is Active:false
02-28 09:09:53.361 13511 13544 D NavServiceProvider: Setting units automatically
02-28 09:09:53.361  2666  3413 D HeadsetService:  isAudioOn: The number of audio connected devices 0
02-28 09:09:53.362  2666  3413 I Avrcp_ext: updatePlayStatusForDevice: device: null
02-28 09:09:53.362  2666  3413 V Avrcp_ext: updatePlaybackState (1): old=PlaybackState {state=2, position=-1, buffered position=0, speed=0.0, updated=1796559, actions=0, custom actions=[], active item id=-1, error=null}(2), new=PlaybackState {state=2, position=-1, buffered position=0, speed=0.0, updated=1796689, actions=0, custom actions=[], active item id=-1, error=null}(2)
02-28 09:09:53.362  2666  3413 I Avrcp_ext: Exit updatePlayStatusForDevice
02-28 09:09:53.362  2666  3413 D HeadsetService:  isAudioOn: The number of audio connected devices 0
02-28 09:09:53.362  2666  3413 D HeadsetService: isScoOrCallActive(): Call Active:falseCall is Ringing:falseSCO is Active:false
02-28 09:09:53.362  2666  3413 D HeadsetService:  isAudioOn: The number of audio connected devices 0
02-28 09:09:53.362  2666  3413 I Avrcp_ext: updatePlayStatusForDevice: device: null
02-28 09:09:53.362  2666  3413 V Avrcp_ext: updatePlaybackState (1): old=PlaybackState {state=2, position=-1, buffered position=0, speed=0.0, updated=1796559, actions=0, custom actions=[], active item id=-1, error=null}(2), new=PlaybackState {state=2, position=-1, buffered position=0, speed=0.0, updated=1796689, actions=0, custom actions=[], active item id=-1, error=null}(2)
02-28 09:09:53.362  2666  3413 I Avrcp_ext: Exit updatePlayStatusForDevice
02-28 09:09:53.362  2666  3413 D HeadsetService:  isAudioOn: The number of audio connected devices 0
02-28 09:09:53.362  2666  3413 D HeadsetService: isScoOrCallActive(): Call Active:falseCall is Ringing:falseSCO is Active:false
02-28 09:09:53.363  2666  3413 D HeadsetService:  isAudioOn: The number of audio connected devices 0
02-28 09:09:53.363  2666  3413 I Avrcp_ext: updatePlayStatusForDevice: device: null
02-28 09:09:53.363  2666  3413 V Avrcp_ext: updatePlaybackState (1): old=PlaybackState {state=2, position=-1, buffered position=0, speed=0.0, updated=1796559, actions=0, custom actions=[], active item id=-1, error=null}(2), new=PlaybackState {state=2, position=-1, buffered position=0, speed=0.0, updated=1796689, actions=0, custom actions=[], active item id=-1, error=null}(2)
02-28 09:09:53.363  2666  3413 I Avrcp_ext: Exit updatePlayStatusForDevice
02-28 09:09:53.363  2666  3413 D Avrcp_ext: Enter sendPlayPosNotificationRsp
02-28 09:09:53.363  2666  3413 D Avrcp_ext: sendPlayPosNotificationRsp: Not registered or requesting.
02-28 09:09:53.363  2666  3413 D Avrcp_ext: Enter sendPlayPosNotificationRsp
02-28 09:09:53.363  2666  3413 D Avrcp_ext: sendPlayPosNotificationRsp: Not registered or requesting.
02-28 09:09:53.363  2666  3413 D Avrcp_ext: Enter sendPlayPosNotificationRsp
02-28 09:09:53.363  2666  3413 D Avrcp_ext: sendPlayPosNotificationRsp: Not registered or requesting.
02-28 09:09:53.363  2666  3413 D Avrcp_ext: Enter sendPlayPosNotificationRsp
02-28 09:09:53.363  2666  3413 D Avrcp_ext: sendPlayPosNotificationRsp: Not registered or requesting.
02-28 09:09:53.363  2666  3413 D Avrcp_ext: Enter sendPlayPosNotificationRsp
02-28 09:09:53.363  2666  3413 D Avrcp_ext: sendPlayPosNotificationRsp: Not registered or requesting.
02-28 09:09:53.363  2666  3413 V Avrcp_ext: Exit updatePlayerStateAndPosition
02-28 09:09:53.363 13511 13544 D NavServiceProvider: Detecting stop. distance_d=139.89523. stop_type=1 speed=13.65
02-28 09:09:53.363 13511 13544 D NavigationTest: 345: (28.068761, -82.426194, 13.650000)	R:true  F:false
02-28 09:09:53.363  2666  3413 D Avrcp_ext: AudioManager Player: ID:23 -- type:android.media.SoundPool -- u/pid:10126/2688 -- state:idle -- attr:AudioAttributes: usage=USAGE_ASSISTANCE_SONIFICATION content=CONTENT_TYPE_SONIFICATION flags=0x800 tags= bundle=null
02-28 09:09:53.363 13511 13544 D NavigationTest: 346: (28.068761, -82.426194, 13.650000)	R:true  F:false
02-28 09:09:53.363  2666  3413 D Avrcp_ext: AudioManager Player: ID:15 -- type:android.media.SoundPool -- u/pid:1000/1493 -- state:idle -- attr:AudioAttributes: usage=USAGE_ASSISTANCE_SONIFICATION content=CONTENT_TYPE_SONIFICATION flags=0x800 tags= bundle=null
02-28 09:09:53.363  2666  3413 D Avrcp_ext: AudioManager isPlaying: false
02-28 09:09:53.363 13511 13544 D NavigationTest: 347: (28.068761, -82.426194, 13.650000)	R:true  F:false
02-28 09:09:53.363 13511 13544 D NavServiceProvider: Second to last stop coordinates: 28.0675, -82.42626
02-28 09:09:53.364 13511 13544 D NavServiceProvider: Setting units automatically
02-28 09:09:53.365 13511 13544 D NavServiceProvider: Detecting stop. distance_d=128.99356. stop_type=1 speed=11.86
02-28 09:09:53.365 13511 13544 D NavigationTest: 348: (28.068663, -82.426206, 11.860000)	R:true  F:false
02-28 09:09:53.365 13511 13544 D NavigationTest: 349: (28.068663, -82.426206, 11.860000)	R:true  F:false
02-28 09:09:53.365 13511 13544 D NavServiceProvider: Second to last stop coordinates: 28.0675, -82.42626
02-28 09:09:53.366 13511 13544 D NavServiceProvider: Setting units automatically
02-28 09:09:53.367 13511 13544 D NavServiceProvider: Detecting stop. distance_d=117.70784. stop_type=1 speed=12.35
02-28 09:09:53.367 13511 13544 D NavigationTest: 350: (28.068562, -82.426240, 12.350000)	R:true  F:false
02-28 09:09:53.367 13511 13544 D NavigationTest: 351: (28.068562, -82.426240, 12.350000)	R:true  F:false
02-28 09:09:53.367 13511 13544 D NavigationTest: 352: (28.068562, -82.426240, 12.350000)	R:true  F:false
02-28 09:09:53.367 13511 13544 D NavServiceProvider: Second to last stop coordinates: 28.0675, -82.42626
02-28 09:09:53.368 13511 13544 D NavServiceProvider: Setting units automatically
02-28 09:09:53.369 13511 13544 D NavServiceProvider: Detecting stop. distance_d=106.060776. stop_type=1 speed=12.12
02-28 09:09:53.369 13511 13544 D NavigationTest: 353: (28.068457, -82.426249, 12.120000)	R:true  F:false
02-28 09:09:53.369 13511 13544 D NavigationTest: 354: (28.068457, -82.426249, 12.120000)	R:true  F:false
02-28 09:09:53.369 13511 13544 D NavServiceProvider: Second to last stop coordinates: 28.0675, -82.42626
02-28 09:09:53.370 13511 13544 D NavServiceProvider: Setting units automatically
02-28 09:09:53.371 13511 13544 D NavServiceProvider: Detecting stop. distance_d=92.87183. stop_type=1 speed=12.2
02-28 09:09:53.371 13511 13544 D NavServiceProvider: Case 1: false
02-28 09:09:53.371 13511 13544 D NavigationTest: 355: (28.068338, -82.426251, 12.200000)	R:true  F:false
02-28 09:09:53.371 13511 13544 D NavigationTest: 356: (28.068338, -82.426251, 12.200000)	R:true  F:false
02-28 09:09:53.371 13511 13544 D NavigationTest: 357: (28.068338, -82.426251, 12.200000)	R:true  F:false
02-28 09:09:53.371 13511 13544 D NavServiceProvider: Second to last stop coordinates: 28.0675, -82.42626
02-28 09:09:53.372 13511 13544 D NavServiceProvider: Setting units automatically
02-28 09:09:53.373 13511 13544 D NavServiceProvider: Detecting stop. distance_d=80.14502. stop_type=1 speed=12.01
02-28 09:09:53.373 13511 13544 D NavigationTest: 358: (28.068223, -82.426241, 12.010000)	R:true  F:false
02-28 09:09:53.373 13511 13544 D NavigationTest: 359: (28.068223, -82.426241, 12.010000)	R:true  F:false
02-28 09:09:53.373 13511 13544 D NavigationTest: 360: (28.068223, -82.426241, 12.010000)	R:true  F:false
02-28 09:09:53.374 13511 13544 D NavServiceProvider: Second to last stop coordinates: 28.0675, -82.42626
02-28 09:09:53.374 13511 13544 D NavServiceProvider: Setting units automatically
02-28 09:09:53.376 13511 13544 D NavServiceProvider: Detecting stop. distance_d=68.26723. stop_type=1 speed=11.43
02-28 09:09:53.376 13511 13544 D NavigationTest: 361: (28.068116, -82.426255, 11.430000)	R:true  F:false
02-28 09:09:53.376 13511 13544 D NavigationTest: 362: (28.068116, -82.426255, 11.430000)	R:true  F:false
02-28 09:09:53.376 13511 13544 D NavigationTest: 363: (28.068116, -82.426255, 11.430000)	R:true  F:false
02-28 09:09:53.376 13511 13544 D NavServiceProvider: Second to last stop coordinates: 28.0675, -82.42626
02-28 09:09:53.376 13511 13544 D NavServiceProvider: Setting units automatically
02-28 09:09:53.378 13511 13544 D NavServiceProvider: Detecting stop. distance_d=54.330887. stop_type=1 speed=11.67
02-28 09:09:53.378 13511 13544 D NavigationTest: 364: (28.067990, -82.426242, 11.670000)	R:true  F:false
02-28 09:09:53.378 13511 13544 D NavigationTest: 365: (28.067990, -82.426242, 11.670000)	R:true  F:false
02-28 09:09:53.378 13511 13544 D NavServiceProvider: Second to last stop coordinates: 28.0675, -82.42626
02-28 09:09:53.379 13511 13544 D NavServiceProvider: Setting units automatically
02-28 09:09:53.380 13511 13544 D NavServiceProvider: Detecting stop. distance_d=42.46987. stop_type=1 speed=12.12
02-28 09:09:53.380 13511 13544 D NavServiceProvider: Case 2: false
02-28 09:09:53.380 13511 13544 D NavigationTest: 366: (28.067883, -82.426245, 12.120000)	R:true  F:false
02-28 09:09:53.380 13511 13544 D NavigationTest: 367: (28.067883, -82.426245, 12.120000)	R:true  F:false
02-28 09:09:53.380 13511 13544 D NavigationTest: 368: (28.067883, -82.426245, 12.120000)	R:true  F:false
02-28 09:09:53.380 13511 13544 D NavServiceProvider: Second to last stop coordinates: 28.0675, -82.42626
02-28 09:09:53.381 13511 13544 D NavServiceProvider: Setting units automatically
02-28 09:09:53.383 13511 13544 D NavServiceProvider: Detecting stop. distance_d=32.190998. stop_type=1 speed=11.28
02-28 09:09:53.383 13511 13544 D NavigationTest: 369: (28.067789, -82.426227, 11.280000)	R:true  F:false
02-28 09:09:53.383 13511 13544 D NavigationTest: 370: (28.067789, -82.426227, 11.280000)	R:true  F:false
02-28 09:09:53.383 13511 13544 D NavigationTest: 371: (28.067789, -82.426227, 11.280000)	R:true  F:false
02-28 09:09:53.383 13511 13544 D NavServiceProvider: Second to last stop coordinates: 28.0675, -82.42626
02-28 09:09:53.384 13511 13544 D NavServiceProvider: Setting units automatically
02-28 09:09:53.387 13511 13544 D NavServiceProvider: Detecting stop. distance_d=23.387556. stop_type=1 speed=10.15
02-28 09:09:53.387 13511 13544 D NavigationTest: 372: (28.067709, -82.426227, 10.150000)	R:true  F:false
02-28 09:09:53.387 13511 13544 D NavigationTest: 373: (28.067709, -82.426227, 10.150000)	R:true  F:false
02-28 09:09:53.388 13511 13544 D NavServiceProvider: Second to last stop coordinates: 28.0675, -82.42626
02-28 09:09:53.389 13511 13544 D NavServiceProvider: Setting units automatically
02-28 09:09:53.392 13511 13544 D NavServiceProvider: Detecting stop. distance_d=17.505737. stop_type=1 speed=7.67
02-28 09:09:53.392 13511 13544 D NavServiceProvider: Case 3: false
02-28 09:09:53.392 13511 13544 D NavigationTest: 374: (28.067656, -82.426232, 7.670000)	R:true  F:false
02-28 09:09:53.393 13511 13544 D NavigationTest: 375: (28.067656, -82.426232, 7.670000)	R:true  F:false
02-28 09:09:53.393 13511 13544 D NavigationTest: 376: (28.067656, -82.426232, 7.670000)	R:true  F:false
02-28 09:09:53.393 13511 13544 D NavServiceProvider: Second to last stop coordinates: 28.0675, -82.42626
02-28 09:09:53.393 13511 13544 D NavServiceProvider: Setting units automatically
02-28 09:09:53.396 13511 13544 D NavServiceProvider: Detecting stop. distance_d=9.584616. stop_type=1 speed=8.7
02-28 09:09:53.396 13511 13544 D NavServiceProvider: Case 4: false
02-28 09:09:53.396 13511 13544 D NavigationTest: 377: (28.067582, -82.426229, 8.700000)	R:true  F:false
02-28 09:09:53.396 13511 13544 D NavigationTest: 378: (28.067582, -82.426229, 8.700000)	R:true  F:false
02-28 09:09:53.396 13511 13544 D NavServiceProvider: Second to last stop coordinates: 28.0675, -82.42626
02-28 09:09:53.396 13511 13544 D NavServiceProvider: Setting units automatically
02-28 09:09:53.398 13511 13544 D NavServiceProvider: Detecting stop. distance_d=6.0831747. stop_type=1 speed=6.47
02-28 09:09:53.398 13511 13544 D NavigationTest: 379: (28.067544, -82.426223, 6.470000)	R:true  F:false
02-28 09:09:53.398 13511 13544 D NavigationTest: 380: (28.067544, -82.426223, 6.470000)	R:true  F:false
02-28 09:09:53.398 13511 13544 D NavigationTest: 381: (28.067544, -82.426223, 6.470000)	R:true  F:false
02-28 09:09:53.398 13511 13544 D NavServiceProvider: Second to last stop coordinates: 28.0675, -82.42626
02-28 09:09:53.399 13511 13544 D NavServiceProvider: Setting units automatically
02-28 09:09:53.401 13511 13544 D NavServiceProvider: Detecting stop. distance_d=5.815592. stop_type=1 speed=7.55
02-28 09:09:53.401 13511 13544 D NavigationTest: 382: (28.067467, -82.426214, 7.550000)	R:true  F:false
02-28 09:09:53.401 13511 13544 D NavigationTest: 383: (28.067467, -82.426214, 7.550000)	R:true  F:false
02-28 09:09:53.401 13511 13544 D NavigationTest: 384: (28.067467, -82.426214, 7.550000)	R:true  F:false
02-28 09:09:53.401 13511 13544 D NavServiceProvider: Second to last stop coordinates: 28.0675, -82.42626
02-28 09:09:53.401 13511 13544 D NavServiceProvider: Setting units automatically
02-28 09:09:53.403 13511 13544 D NavServiceProvider: Detecting stop. distance_d=8.613286. stop_type=1 speed=6.72
02-28 09:09:53.403 13511 13544 D NavigationTest: 385: (28.067428, -82.426227, 6.720000)	R:true  F:false
02-28 09:09:53.403 13511 13544 D NavigationTest: 386: (28.067428, -82.426227, 6.720000)	R:true  F:false
02-28 09:09:53.403 13511 13544 D NavigationTest: 387: (28.067428, -82.426227, 6.720000)	R:true  F:false
02-28 09:09:53.403 13511 13544 D NavServiceProvider: Second to last stop coordinates: 28.0675, -82.42626
02-28 09:09:53.404 13511 13544 D NavServiceProvider: Setting units automatically
02-28 09:09:53.405 13511 13544 D NavServiceProvider: Detecting stop. distance_d=5.803605. stop_type=1 speed=2.79
02-28 09:09:53.405 13511 13544 D NavigationTest: 388: (28.067448, -82.426267, 2.790000)	R:true  F:false
02-28 09:09:53.405 13511 13544 D NavigationTest: 389: (28.067448, -82.426267, 2.790000)	R:true  F:false
02-28 09:09:53.405 13511 13544 D NavServiceProvider: Second to last stop coordinates: 28.0675, -82.42626
