02-28 09:09:45.762 13511 13544 I TestRunner: started: testTrip21(org.onebusaway.android.nav.test.NavigationTest)
02-28 09:09:45.764 13511 13511 I MonitoringInstr: Activities that are still in CREATED to STOPPED: 0
02-28 09:09:45.774 13579 13612 W EventProcessor: callback.start() returned error code: -1
02-28 09:09:45.775 13511 13544 D NavServiceProvider: Creating NavigationServiceProvider...
02-28 09:09:45.775 13511 13544 D NavServiceProvider: Starting navigation for service
02-28 09:09:45.775 13511 13544 D NavServiceProvider: ProximityCalculator initializing...
02-28 09:09:45.775 13511 13544 D NavServiceProvider: Initializing ProximityCalculator
02-28 09:09:45.775 13511 13544 D NavServiceProvider: Number of path links: 1
02-28 09:09:45.776 13511 13544 D NavServiceProvider: Second to last stop coordinates: 28.065759, -82.409847
02-28 09:09:45.776 13511 13544 D NavServiceProvider: Setting units automatically
02-28 09:09:45.779 13511 13544 D NavServiceProvider: Detecting stop. distance_d=810.91187. stop_type=1 speed=0.25
02-28 09:09:45.779 13511 13544 D NavigationTest: 0: (28.059162, -82.413416, 0.250000)	R:false  F:false
02-28 09:09:45.779 13511 13544 D NavigationTest: 1: (28.059162, -82.413416, 0.250000)	R:false  F:false
02-28 09:09:45.779 13511 13544 D NavigationTest: 2: (28.059162, -82.413416, 0.250000)	R:false  F:false
02-28 09:09:45.779 13511 13544 D NavServiceProvider: Second to last stop coordinates: 28.065759, -82.409847
02-28 09:09:45.779 13511 13544 D NavServiceProvider: Setting units automatically
02-28 09:09:45.781 13511 13544 D NavServiceProvider: Detecting stop. distance_d=811.41144. stop_type=1 speed=0.5
02-28 09:09:45.781 13511 13544 D NavigationTest: 3: (28.059157, -82.413416, 0.500000)	R:false  F:false
02-28 09:09:45.781 13511 13544 D NavigationTest: 4: (28.059157, -82.413416, 0.500000)	R:false  F:false
02-28 09:09:45.781 13511 13544 D NavigationTest: 5: (28.059157, -82.413416, 0.500000)	R:false  F:false
02-28 09:09:45.781 13511 13544 D NavServiceProvider: Second to last stop coordinates: 28.065759, -82.409847
02-28 09:09:45.782 13511 13544 D NavServiceProvider: Setting units automatically
02-28 09:09:45.784 13511 13544 D NavServiceProvider: Detecting stop. distance_d=811.9961. stop_type=1 speed=0.5
02-28 09:09:45.784 13511 13544 D NavigationTest: 6: (28.059152, -82.413418, 0.500000)	R:false  F:false
02-28 09:09:45.784 13511 13544 D NavServiceProvider: Second to last stop coordinates: 28.065759, -82.409847
02-28 09:09:45.785 13511 13544 D NavServiceProvider: Setting units automatically
02-28 09:09:45.787 13511 13544 D NavServiceProvider: Detecting stop. distance_d=813.31055. stop_type=1 speed=1.25
02-28 09:09:45.787 13511 13544 D NavigationTest: 7: (28.059138, -82.413416, 1.250000)	R:false  F:false
02-28 09:09:45.787 13511 13544 D NavigationTest: 8: (28.059138, -82.413416, 1.250000)	R:false  F:false
02-28 09:09:45.787 13511 13544 D NavServiceProvider: Second to last stop coordinates: 28.065759, -82.409847
02-28 09:09:45.787 13511 13544 D NavServiceProvider: Setting units automatically
02-28 09:09:45.789 13511 13544 D NavServiceProvider: Detecting stop. distance_d=814.6991. stop_type=1 speed=1.25
02-28 09:09:45.789 13511 13544 D NavigationTest: 9: (28.059122, -82.413411, 1.250000)	R:false  F:false
02-28 09:09:45.789 13511 13544 D NavigationTest: 10: (28.059122, -82.413411, 1.250000)	R:false  F:false
02-28 09:09:45.789 13511 13544 D NavServiceProvider: Second to last stop coordinates: 28.065759, -82.409847
02-28 09:09:45.789 13579 13612 I GoogleTTSServiceImpl: Synthesis request for locale eng-USA and name en-US-language
02-28 09:09:45.790 13511 13544 D NavServiceProvider: Setting units automatically
02-28 09:09:45.790 13579 13612 I GoogleTTSServiceImpl: TTS dispatch: en-us-x-iog-seanet-embedded
02-28 09:09:45.791 13511 13544 D NavServiceProvider: Detecting stop. distance_d=815.85767. stop_type=1 speed=1.25
02-28 09:09:45.791 13511 13544 D NavigationTest: 11: (28.059110, -82.413410, 1.250000)	R:false  F:false
02-28 09:09:45.791 13511 13544 D NavigationTest: 12: (28.059110, -82.413410, 1.250000)	R:false  F:false
02-28 09:09:45.791 13511 13544 D NavServiceProvider: Second to last stop coordinates: 28.065759, -82.409847
02-28 09:09:45.791 13511 13544 D NavServiceProvider: Setting units automatically
02-28 09:09:45.793 13511 13544 D NavServiceProvider: Detecting stop. distance_d=816.8063. stop_type=1 speed=1.0
02-28 09:09:45.793 13511 13544 D NavigationTest: 13: (28.059098, -82.413404, 1.000000)	R:false  F:false
02-28 09:09:45.793 13511 13544 D NavServiceProvider: Second to last stop coordinates: 28.065759, -82.409847
02-28 09:09:45.793 13511 13544 D NavServiceProvider: Setting units automatically
02-28 09:09:45.794   871  1408 D audio_hw_primary: adev_get_parameters:vr_audio_mode_on
02-28 09:09:45.794   871  1408 I audio_hw_primary: getting vr mode to 0
02-28 09:09:45.794   871  1408 D audio_hw_primary: adev_get_parameters: exit: returns - vr_audio_mode_on=false
02-28 09:09:45.795   959  2592 I hash_map_utils: key: 'vr_audio_mode_on' value: ''
02-28 09:09:45.795 13511 13544 D NavServiceProvider: Detecting stop. distance_d=817.58167. stop_type=1 speed=1.0
02-28 09:09:45.795 13511 13544 D NavigationTest: 14: (28.059089, -82.413401, 1.000000)	R:false  F:false
02-28 09:09:45.795 13511 13544 D NavigationTest: 15: (28.059089, -82.413401, 1.000000)	R:false  F:false
02-28 09:09:45.795   959  2592 I AudioPolicyManagerCustom: VR mode is 0, switch to primary output if request is for fast|raw
02-28 09:09:45.795 13511 13544 D NavServiceProvider: Second to last stop coordinates: 28.065759, -82.409847
02-28 09:09:45.795   959  2592 I AudioPolicyManagerCustom: setting force DEEP buffer now
02-28 09:09:45.795   959  2592 D AudioFlinger: Client defaulted notificationFrames to 2048 for frameCount 4096
02-28 09:09:45.795 13511 13544 D NavServiceProvider: Setting units automatically
02-28 09:09:45.796   959  2592 D AF::TrackHandle: OpPlayAudio: track:208 usage:1 not muted
02-28 09:09:45.796 13511 13544 D NavServiceProvider: Detecting stop. distance_d=817.70776. stop_type=1 speed=0.5
02-28 09:09:45.796 13511 13544 D NavigationTest: 16: (28.059089, -82.413404, 0.500000)	R:false  F:false
02-28 09:09:45.796 13511 13544 D NavigationTest: 17: (28.059089, -82.413404, 0.500000)	R:false  F:false
02-28 09:09:45.796 13511 13544 D NavServiceProvider: Second to last stop coordinates: 28.065759, -82.409847
02-28 09:09:45.797 13511 13544 D NavServiceProvider: Setting units automatically
02-28 09:09:45.798 13511 13544 D NavServiceProvider: Detecting stop. distance_d=817.5755. stop_type=1 speed=0.0
02-28 09:09:45.798 13511 13544 D NavigationTest: 18: (28.059092, -82.413408, 0.000000)	R:false  F:false
02-28 09:09:45.798 13511 13544 D NavigationTest: 19: (28.059092, -82.413408, 0.000000)	R:false  F:false
02-28 09:09:45.798 13511 13544 D NavServiceProvider: Second to last stop coordinates: 28.065759, -82.409847
02-28 09:09:45.798 13511 13544 D NavServiceProvider: Setting units automatically
02-28 09:09:45.800 13511 13544 D NavServiceProvider: Detecting stop. distance_d=817.6017. stop_type=1 speed=0.0
02-28 09:09:45.800 13511 13544 D NavigationTest: 20: (28.059093, -82.413411, 0.000000)	R:false  F:false
02-28 09:09:45.800 13511 13544 D NavServiceProvider: Second to last stop coordinates: 28.065759, -82.409847
02-28 09:09:45.800 13511 13544 D NavServiceProvider: Setting units automatically
02-28 09:09:45.801  2666  3413 D Avrcp_ext: AudioManager Player: ID:23 -- type:android.media.SoundPool -- u/pid:10126/2688 -- state:idle -- attr:AudioAttributes: usage=USAGE_ASSISTANCE_SONIFICATION content=CONTENT_TYPE_SONIFICATION flags=0x800 tags= bundle=null
02-28 09:09:45.801  2666  3413 D Avrcp_ext: AudioManager Player: ID:1255 -- type:android.media.AudioTrack -- u/pid:10088/13579 -- state:started -- attr:AudioAttributes: usage=USAGE_MEDIA content=CONTENT_TYPE_SPEECH flags=0x800 tags= bundle=null
02-28 09:09:45.801  2666  3413 D Avrcp_ext: AudioManager isPlaying: true
02-28 09:09:45.801  2666  3413 V Avrcp_ext: updateCurrentMediaState: mMediaController: null
02-28 09:09:45.801 13511 13544 D NavServiceProvider: Detecting stop. distance_d=817.686. stop_type=1 speed=0.0
02-28 09:09:45.801 13511 13544 D NavigationTest: 21: (28.059093, -82.413413, 0.000000)	R:false  F:false
02-28 09:09:45.801 13511 13544 D NavigationTest: 22: (28.059093, -82.413413, 0.000000)	R:false  F:false
02-28 09:09:45.801 13511 13544 D NavServiceProvider: Second to last stop coordinates: 28.065759, -82.409847
02-28 09:09:45.801  2666  3413 V Avrcp_ext: isMusicActive: true getBluetoothPlayState: 2
02-28 09:09:45.801  2666  3413 V Avrcp_ext: updateCurrentMediaState: isPlaying = false
02-28 09:09:45.802  2666  3413 V Avrcp_ext: Media update: id -1➡-1? [MediaAttributes: none] : [MediaAttributes: none]
02-28 09:09:45.802  2666  3413 V Avrcp_ext: newPlayStatus:2mReportedPlayStatus:-1
02-28 09:09:45.802  2666  3413 V Avrcp_ext: updatePlaybackState, state: PlaybackState {state=2, position=-1, buffered position=0, speed=0.0, updated=1789132, actions=0, custom actions=[], active item id=-1, error=null} device: null
02-28 09:09:45.802  2666  3413 V Avrcp_ext: Device: no name:
02-28 09:09:45.802  2666  3413 I chatty  : uid=1002(bluetooth) BluetoothAvrcpH identical 3 lines
02-28 09:09:45.802  2666  3413 V Avrcp_ext: Device: no name:
02-28 09:09:45.802  2666  3413 V Avrcp_ext: updatePlayerStateAndPosition, old=PlaybackState {state=2, position=-1, buffered position=0, speed=0.0, updated=1789008, actions=0, custom actions=[], active item id=-1, error=null}, state=PlaybackState {state=2, position=-1, buffered position=0, speed=0.0, updated=1789132, actions=0, custom actions=[], active item id=-1, error=null}
02-28 09:09:45.802  2666  3413 V Avrcp_ext: old state = PlaybackState {state=2, position=-1, buffered position=0, speed=0.0, updated=1789008, actions=0, custom actions=[], active item id=-1, error=null}, new state= PlaybackState {state=2, position=-1, buffered position=0, speed=0.0, updated=1789132, actions=0, custom actions=[], active item id=-1, error=null}
02-28 09:09:45.802  2666  3413 D HeadsetService: getHeadsetService(): returning com.android.bluetooth.hfp.HeadsetService@8a04d28
02-28 09:09:45.802  2666  3413 D HeadsetService:  isAudioOn: The number of audio connected devices 0
02-28 09:09:45.802  2666  3413 D HeadsetService: isScoOrCallActive(): Call Active:falseCall is Ringing:falseSCO is Active:false
02-28 09:09:45.803 13511 13544 D NavServiceProvider: Setting units automatically
02-28 09:09:45.803  2666  3413 D HeadsetService:  isAudioOn: The number of audio connected devices 0
02-28 09:09:45.803  2666  3413 I Avrcp_ext: updatePlayStatusForDevice: device: null
02-28 09:09:45.803  2666  3413 V Avrcp_ext: updatePlaybackState (1): old=PlaybackState {state=2, position=-1, buffered position=0, speed=0.0, updated=1789008, actions=0, custom actions=[], active item id=-1, error=null}(2), new=PlaybackState {state=2, position=-1, buffered position=0, speed=0.0, updated=1789132, actions=0, custom actions=[], active item id=-1, error=null}(2)
02-28 09:09:45.803  2666  3413 I Avrcp_ext: Exit updatePlayStatusForDevice
02-28 09:09:45.803  2666  3413 D HeadsetService:  isAudioOn: The number of audio connected devices 0
02-28 09:09:45.803  2666  3413 D HeadsetService: isScoOrCallActive(): Call Active:falseCall is Ringing:falseSCO is Active:false
02-28 09:09:45.803  2666  3413 D HeadsetService:  isAudioOn: The number of audio connected devices 0
02-28 09:09:45.803  2666  3413 I Avrcp_ext: updatePlayStatusForDevice: device: null
02-28 09:09:45.803  2666  3413 V Avrcp_ext: updatePlaybackState (1): old=PlaybackState {state=2, position=-1, buffered position=0, speed=0.0, updated=1789008, actions=0, custom actions=[], active item id=-1, error=null}(2), new=PlaybackState {state=2, position=-1, buffered position=0, speed=0.0, updated=1789132, actions=0, custom actions=[], active item id=-1, error=null}(2)
02-28 09:09:45.803  2666  3413 I Avrcp_ext: Exit updatePlayStatusForDevice
02-28 09:09:45.803  2666  3413 D HeadsetService:  isAudioOn: The number of audio connected devices 0
02-28 09:09:45.803  2666  3413 D HeadsetService: isScoOrCallActive(): Call Active:falseCall is Ringing:falseSCO is Active:false
02-28 09:09:45.804  2666  3413 D HeadsetService:  isAudioOn: The number of audio connected devices 0
02-28 09:09:45.804  2666  3413 I Avrcp_ext: updatePlayStatusForDevice: device: null
02-28 09:09:45.804  2666  3413 V Avrcp_ext: updatePlaybackState (1): old=PlaybackState {state=2, position=-1, buffered position=0, speed=0.0, updated=1789008, actions=0, custom actions=[], active item id=-1, error=null}(2), new=PlaybackState {state=2, position=-1, buffered position=0, speed=0.0, updated=1789132, actions=0, custom actions=[], active item id=-1, error=null}(2)
02-28 09:09:45.804  2666  3413 I Avrcp_ext: Exit updatePlayStatusForDevice
02-28 09:09:45.804 13511 13544 D NavServiceProvider: Detecting stop. distance_d=817.686. stop_type=1 speed=0.0
02-28 09:09:45.804 13511 13544 D NavigationTest: 23: (28.059093, -82.413413, 0.000000)	R:false  F:false
02-28 09:09:45.804 13511 13544 D NavServiceProvider: Second to last stop coordinates: 28.065759, -82.409847
02-28 09:09:45.804  2666  3413 D HeadsetService:  isAudioOn: The number of audio connected devices 0
02-28 09:09:45.804  2666  3413 D HeadsetService: isScoOrCallActive(): Call Active:falseCall is Ringing:falseSCO is Active:false
02-28 09:09:45.804  2666  3413 D HeadsetService:  isAudioOn: The number of audio connected devices 0
02-28 09:09:45.804  2666  3413 I Avrcp_ext: updatePlayStatusForDevice: device: null
02-28 09:09:45.804 13511 13544 D NavServiceProvider: Setting units automatically
02-28 09:09:45.804  2666  3413 V Avrcp_ext: updatePlaybackState (1): old=PlaybackState {state=2, position=-1, buffered position=0, speed=0.0, updated=1789008, actions=0, custom actions=[], active item id=-1, error=null}(2), new=PlaybackState {state=2, position=-1, buffered position=0, speed=0.0, updated=1789132, actions=0, custom actions=[], active item id=-1, error=null}(2)
02-28 09:09:45.804  2666  3413 I Avrcp_ext: Exit updatePlayStatusForDevice
02-28 09:09:45.804  2666  3413 D HeadsetService:  isAudioOn: The number of audio connected devices 0
02-28 09:09:45.804  2666  3413 D HeadsetService: isScoOrCallActive(): Call Active:falseCall is Ringing:falseSCO is Active:false
02-28 09:09:45.805  2666  3413 D HeadsetService:  isAudioOn: The number of audio connected devices 0
02-28 09:09:45.805  2666  3413 I Avrcp_ext: updatePlayStatusForDevice: device: null
02-28 09:09:45.805  2666  3413 V Avrcp_ext: updatePlaybackState (1): old=PlaybackState {state=2, position=-1, buffered position=0, speed=0.0, updated=1789008, actions=0, custom actions=[], active item id=-1, error=null}(2), new=PlaybackState {state=2, position=-1, buffered position=0, speed=0.0, updated=1789132, actions=0, custom actions=[], active item id=-1, error=null}(2)
02-28 09:09:45.805  2666  3413 I Avrcp_ext: Exit updatePlayStatusForDevice
02-28 09:09:45.805  2666  3413 D Avrcp_ext: Enter sendPlayPosNotificationRsp
02-28 09:09:45.805  2666  3413 D Avrcp_ext: sendPlayPosNotificationRsp: Not registered or requesting.
02-28 09:09:45.805  2666  3413 D Avrcp_ext: Enter sendPlayPosNotificationRsp
02-28 09:09:45.805  2666  3413 D Avrcp_ext: sendPlayPosNotificationRsp: Not registered or requesting.
02-28 09:09:45.805  2666  3413 D Avrcp_ext: Enter sendPlayPosNotificationRsp
02-28 09:09:45.805  2666  3413 D Avrcp_ext: sendPlayPosNotificationRsp: Not registered or requesting.
02-28 09:09:45.805  2666  3413 D Avrcp_ext: Enter sendPlayPosNotificationRsp
02-28 09:09:45.805  2666  3413 D Avrcp_ext: sendPlayPosNotificationRsp: Not registered or requesting.
02-28 09:09:45.805  2666  3413 D Avrcp_ext: Enter sendPlayPosNotificationRsp
02-28 09:09:45.805  2666  3413 D Avrcp_ext: sendPlayPosNotificationRsp: Not registered or requesting.
02-28 09:09:45.805  2666  3413 V Avrcp_ext: Exit updatePlayerStateAndPosition
02-28 09:09:45.805 13511 13544 D NavServiceProvider: Detecting stop. distance_d=817.6017. stop_type=1 speed=0.0
02-28 09:09:45.805 13511 13544 D NavigationTest: 24: (28.059093, -82.413411, 0.000000)	R:false  F:false
02-28 09:09:45.805 13511 13544 D NavigationTest: 25: (28.059093, -82.413411, 0.000000)	R:false  F:false
02-28 09:09:45.805 13511 13544 D NavServiceProvider: Second to last stop coordinates: 28.065759, -82.409847
02-28 09:09:45.806 13511 13544 D NavServiceProvider: Setting units automatically
02-28 09:09:45.807 13511 13544 D NavServiceProvider: Detecting stop. distance_d=817.4595. stop_type=1 speed=0.0
02-28 09:09:45.807 13511 13544 D NavigationTest: 26: (28.059094, -82.413410, 0.000000)	R:false  F:false
02-28 09:09:45.807 13511 13544 D NavServiceProvider: Second to last stop coordinates: 28.065759, -82.409847
02-28 09:09:45.807 13511 13544 D NavServiceProvider: Setting units automatically
02-28 09:09:45.808 13511 13544 D NavServiceProvider: Detecting stop. distance_d=817.3593. stop_type=1 speed=0.0
02-28 09:09:45.809 13511 13544 D NavigationTest: 27: (28.059095, -82.413410, 0.000000)	R:false  F:false
02-28 09:09:45.809 13511 13544 D NavigationTest: 28: (28.059095, -82.413410, 0.000000)	R:false  F:false
02-28 09:09:45.809 13511 13544 D NavServiceProvider: Second to last stop coordinates: 28.065759, -82.409847
02-28 09:09:45.810 13511 13544 D NavServiceProvider: Setting units automatically
02-28 09:09:45.811 13511 13544 D NavServiceProvider: Detecting stop. distance_d=817.21704. stop_type=1 speed=0.0
02-28 09:09:45.811 13511 13544 D NavigationTest: 29: (28.059096, -82.413409, 0.000000)	R:false  F:false
02-28 09:09:45.811 13511 13544 D NavigationTest: 30: (28.059096, -82.413409, 0.000000)	R:false  F:false
02-28 09:09:45.811 13511 13544 D NavServiceProvider: Second to last stop coordinates: 28.065759, -82.409847
02-28 09:09:45.812 13511 13544 D NavServiceProvider: Setting units automatically
02-28 09:09:45.813 13511 13544 D NavServiceProvider: Detecting stop. distance_d=817.3172. stop_type=1 speed=0.25
02-28 09:09:45.813 13511 13544 D NavigationTest: 31: (28.059095, -82.413409, 0.250000)	R:false  F:false
02-28 09:09:45.813 13511 13544 D NavServiceProvider: Second to last stop coordinates: 28.065759, -82.409847
02-28 09:09:45.814 13511 13544 D NavServiceProvider: Setting units automatically
02-28 09:09:45.814   871  1408 D msm8974_platform: platform_split_snd_device: snd_device(2) num devices(1) new_snd_devices(0)
02-28 09:09:45.815 13511 13544 D NavServiceProvider: Detecting stop. distance_d=817.5915. stop_type=1 speed=0.5
02-28 09:09:45.816 13511 13544 D NavigationTest: 32: (28.059091, -82.413406, 0.500000)	R:false  F:false
02-28 09:09:45.816 13511 13544 D NavigationTest: 33: (28.059091, -82.413406, 0.500000)	R:false  F:false
02-28 09:09:45.816 13511 13544 D NavServiceProvider: Second to last stop coordinates: 28.065759, -82.409847
02-28 09:09:45.816 13511 13544 D NavServiceProvider: Setting units automatically
02-28 09:09:45.817 13511 13544 D NavServiceProvider: Detecting stop. distance_d=818.1409. stop_type=1 speed=0.75
02-28 09:09:45.817 13511 13544 D NavigationTest: 34: (28.059083, -82.413400, 0.750000)	R:false  F:false
02-28 09:09:45.817 13511 13544 D NavigationTest: 35: (28.059083, -82.413400, 0.750000)	R:false  F:false
02-28 09:09:45.817 13511 13544 D NavServiceProvider: Second to last stop coordinates: 28.065759, -82.409847
02-28 09:09:45.818 13511 13544 D NavServiceProvider: Setting units automatically
02-28 09:09:45.819 13511 13544 D NavServiceProvider: Detecting stop. distance_d=819.46027. stop_type=1 speed=2.25
02-28 09:09:45.819 13511 13544 D NavigationTest: 36: (28.059064, -82.413386, 2.250000)	R:false  F:false
02-28 09:09:45.819 13511 13544 D NavigationTest: 37: (28.059064, -82.413386, 2.250000)	R:false  F:false
02-28 09:09:45.819 13511 13544 D NavServiceProvider: Second to last stop coordinates: 28.065759, -82.409847
02-28 09:09:45.820 13511 13544 D NavServiceProvider: Setting units automatically
02-28 09:09:45.821 13511 13544 D NavServiceProvider: Detecting stop. distance_d=821.42316. stop_type=1 speed=3.0
02-28 09:09:45.821 13511 13544 D NavigationTest: 38: (28.059037, -82.413368, 3.000000)	R:false  F:false
02-28 09:09:45.821 13511 13544 D NavigationTest: 39: (28.059037, -82.413368, 3.000000)	R:false  F:false
02-28 09:09:45.821 13511 13544 D NavServiceProvider: Second to last stop coordinates: 28.065759, -82.409847
02-28 09:09:45.821 13511 13544 D NavServiceProvider: Setting units automatically
02-28 09:09:45.822 13511 13544 D NavServiceProvider: Detecting stop. distance_d=824.1604. stop_type=1 speed=4.0
02-28 09:09:45.822 13511 13544 D NavigationTest: 40: (28.059002, -82.413349, 4.000000)	R:false  F:false
02-28 09:09:45.822 13511 13544 D NavigationTest: 41: (28.059002, -82.413349, 4.000000)	R:false  F:false
02-28 09:09:45.822 13511 13544 D NavServiceProvider: Second to last stop coordinates: 28.065759, -82.409847
02-28 09:09:45.823 13511 13544 D NavServiceProvider: Setting units automatically
02-28 09:09:45.824 13511 13544 D NavServiceProvider: Detecting stop. distance_d=826.89154. stop_type=1 speed=4.0
02-28 09:09:45.824 13511 13544 D NavigationTest: 42: (28.058968, -82.413332, 4.000000)	R:false  F:false
02-28 09:09:45.824 13511 13544 D NavServiceProvider: Second to last stop coordinates: 28.065759, -82.409847
02-28 09:09:45.824 13511 13544 D NavServiceProvider: Setting units automatically
02-28 09:09:45.825 13511 13544 D NavServiceProvider: Detecting stop. distance_d=830.3818. stop_type=1 speed=4.25
02-28 09:09:45.825 13511 13544 D NavigationTest: 43: (28.058929, -82.413321, 4.250000)	R:false  F:false
02-28 09:09:45.825 13511 13544 D NavigationTest: 44: (28.058929, -82.413321, 4.250000)	R:false  F:false
02-28 09:09:45.825 13511 13544 D NavServiceProvider: Second to last stop coordinates: 28.065759, -82.409847
02-28 09:09:45.826 13511 13544 D NavServiceProvider: Setting units automatically
02-28 09:09:45.827 13511 13544 D NavServiceProvider: Detecting stop. distance_d=834.60706. stop_type=1 speed=4.25
02-28 09:09:45.827 13511 13544 D NavigationTest: 45: (28.058886, -82.413318, 4.250000)	R:false  F:false
02-28 09:09:45.827 13511 13544 D NavServiceProvider: Second to last stop coordinates: 28.065759, -82.409847
02-28 09:09:45.827 13511 13544 D NavServiceProvider: Setting units automatically
02-28 09:09:45.828 13511 13544 D NavServiceProvider: Detecting stop. distance_d=839.4431. stop_type=1 speed=4.5
02-28 09:09:45.828 13511 13544 D NavigationTest: 46: (28.058839, -82.413320, 4.500000)	R:false  F:false
02-28 09:09:45.828 13511 13544 D NavigationTest: 47: (28.058839, -82.413320, 4.500000)	R:false  F:false
02-28 09:09:45.828 13511 13544 D NavServiceProvider: Second to last stop coordinates: 28.065759, -82.409847
02-28 09:09:45.828 13511 13544 D NavServiceProvider: Setting units automatically
02-28 09:09:45.830 13511 13544 D NavServiceProvider: Detecting stop. distance_d=848.18115. stop_type=1 speed=6.0
02-28 09:09:45.830 13511 13544 D NavigationTest: 48: (28.058761, -82.413341, 6.000000)	R:false  F:false
02-28 09:09:45.830 13511 13544 D NavServiceProvider: Second to last stop coordinates: 28.065759, -82.409847
02-28 09:09:45.830 13511 13544 D NavServiceProvider: Setting units automatically
02-28 09:09:45.831 13511 13544 D NavServiceProvider: Detecting stop. distance_d=854.3326. stop_type=1 speed=6.5
02-28 09:09:45.831 13511 13544 D NavigationTest: 49: (28.058698, -82.413335, 6.500000)	R:false  F:false
02-28 09:09:45.831 13511 13544 D NavigationTest: 50: (28.058698, -82.413335, 6.500000)	R:false  F:false
02-28 09:09:45.831 13511 13544 D NavServiceProvider: Second to last stop coordinates: 28.065759, -82.409847
02-28 09:09:45.831 13511 13544 D NavServiceProvider: Setting units automatically
02-28 09:09:45.832 13511 13544 D NavServiceProvider: Detecting stop. distance_d=859.762. stop_type=1 speed=6.5
02-28 09:09:45.832 13511 13544 D NavigationTest: 51: (28.058643, -82.413331, 6.500000)	R:false  F:false
02-28 09:09:45.833 13511 13544 D NavServiceProvider: Second to last stop coordinates: 28.065759, -82.409847
02-28 09:09:45.833 13511 13544 D NavServiceProvider: Setting units automatically
02-28 09:09:45.834 13511 13544 D NavServiceProvider: Detecting stop. distance_d=865.28754. stop_type=1 speed=6.25
02-28 09:09:45.834 13511 13544 D NavigationTest: 52: (28.058586, -82.413324, 6.250000)	R:false  F:false
02-28 09:09:45.834 13511 13544 D NavigationTest: 53: (28.058586, -82.413324, 6.250000)	R:false  F:false
02-28 09:09:45.834 13511 13544 D NavServiceProvider: Second to last stop coordinates: 28.065759, -82.409847
02-28 09:09:45.834 13511 13544 D NavServiceProvider: Setting units automatically
02-28 09:09:45.835 13511 13544 D NavServiceProvider: Detecting stop. distance_d=871.13275. stop_type=1 speed=6.25
02-28 09:09:45.835 13511 13544 D NavigationTest: 54: (28.058529, -82.413325, 6.250000)	R:false  F:false
02-28 09:09:45.835 13511 13544 D NavigationTest: 55: (28.058529, -82.413325, 6.250000)	R:false  F:false
02-28 09:09:45.835 13511 13544 D NavServiceProvider: Second to last stop coordinates: 28.065759, -82.409847
02-28 09:09:45.836 13511 13544 D NavServiceProvider: Setting units automatically
02-28 09:09:45.837 13511 13544 D NavServiceProvider: Detecting stop. distance_d=876.65265. stop_type=1 speed=6.25
02-28 09:09:45.837 13511 13544 D NavigationTest: 56: (28.058473, -82.413320, 6.250000)	R:false  F:false
02-28 09:09:45.837 13511 13544 D NavServiceProvider: Second to last stop coordinates: 28.065759, -82.409847
02-28 09:09:45.837 13511 13544 D NavServiceProvider: Setting units automatically
02-28 09:09:45.838 13511 13544 D NavServiceProvider: Detecting stop. distance_d=882.4601. stop_type=1 speed=6.25
02-28 09:09:45.838 13511 13544 D NavigationTest: 57: (28.058418, -82.413325, 6.250000)	R:false  F:false
02-28 09:09:45.838 13511 13544 D NavigationTest: 58: (28.058418, -82.413325, 6.250000)	R:false  F:false
02-28 09:09:45.838 13511 13544 D NavServiceProvider: Second to last stop coordinates: 28.065759, -82.409847
02-28 09:09:45.838 13511 13544 D NavServiceProvider: Setting units automatically
02-28 09:09:45.840 13511 13544 D NavServiceProvider: Detecting stop. distance_d=888.17334. stop_type=1 speed=6.0
02-28 09:09:45.840 13511 13544 D NavigationTest: 59: (28.058361, -82.413322, 6.000000)	R:false  F:false
02-28 09:09:45.840 13511 13544 D NavServiceProvider: Second to last stop coordinates: 28.065759, -82.409847
02-28 09:09:45.840 13511 13544 D NavServiceProvider: Setting units automatically
02-28 09:09:45.841 13511 13544 D NavServiceProvider: Detecting stop. distance_d=892.99023. stop_type=1 speed=6.25
02-28 09:09:45.841 13511 13544 D NavigationTest: 60: (28.058311, -82.413314, 6.250000)	R:false  F:false
02-28 09:09:45.841 13511 13544 D NavigationTest: 61: (28.058311, -82.413314, 6.250000)	R:false  F:false
02-28 09:09:45.841 13511 13544 D NavServiceProvider: Second to last stop coordinates: 28.065759, -82.409847
02-28 09:09:45.841 13511 13544 D NavServiceProvider: Setting units automatically
02-28 09:09:45.842 13511 13544 D NavServiceProvider: Detecting stop. distance_d=898.9627. stop_type=1 speed=6.25
02-28 09:09:45.842 13511 13544 D NavigationTest: 62: (28.058252, -82.413312, 6.250000)	R:false  F:false
02-28 09:09:45.842 13511 13544 D NavServiceProvider: Second to last stop coordinates: 28.065759, -82.409847
02-28 09:09:45.843 13511 13544 D NavServiceProvider: Setting units automatically
02-28 09:09:45.844 13511 13544 D NavServiceProvider: Detecting stop. distance_d=904.943. stop_type=1 speed=6.25
02-28 09:09:45.844 13511 13544 D NavigationTest: 63: (28.058193, -82.413310, 6.250000)	R:false  F:false
02-28 09:09:45.844 13511 13544 D NavigationTest: 64: (28.058193, -82.413310, 6.250000)	R:false  F:false
02-28 09:09:45.844 13511 13544 D NavServiceProvider: Second to last stop coordinates: 28.065759, -82.409847
02-28 09:09:45.844 13511 13544 D NavServiceProvider: Setting units automatically
02-28 09:09:45.845 13511 13544 D NavServiceProvider: Detecting stop. distance_d=911.2761. stop_type=1 speed=6.25
02-28 09:09:45.845 13511 13544 D NavigationTest: 65: (28.058131, -82.413309, 6.250000)	R:false  F:false
02-28 09:09:45.845 13511 13544 D NavServiceProvider: Second to last stop coordinates: 28.065759, -82.409847
02-28 09:09:45.845 13511 13544 D NavServiceProvider: Setting units automatically
02-28 09:09:45.846 13511 13544 D NavServiceProvider: Detecting stop. distance_d=916.93304. stop_type=1 speed=6.25
02-28 09:09:45.847 13511 13544 D NavigationTest: 66: (28.058076, -82.413309, 6.250000)	R:false  F:false
02-28 09:09:45.847 13511 13544 D NavigationTest: 67: (28.058076, -82.413309, 6.250000)	R:false  F:false
02-28 09:09:45.847 13511 13544 D NavigationTest: 68: (28.058076, -82.413309, 6.250000)	R:false  F:false
02-28 09:09:45.847 13511 13544 D NavServiceProvider: Second to last stop coordinates: 28.065759, -82.409847
02-28 09:09:45.847 13511 13544 D NavServiceProvider: Setting units automatically
02-28 09:09:45.848 13511 13544 D NavServiceProvider: Detecting stop. distance_d=922.8989. stop_type=1 speed=6.0
02-28 09:09:45.848 13511 13544 D NavigationTest: 69: (28.058017, -82.413306, 6.000000)	R:false  F:false
02-28 09:09:45.848 13511 13544 D NavigationTest: 70: (28.058017, -82.413306, 6.000000)	R:false  F:false
02-28 09:09:45.848 13511 13544 D NavServiceProvider: Second to last stop coordinates: 28.065759, -82.409847
02-28 09:09:45.848 13511 13544 D NavServiceProvider: Setting units automatically
02-28 09:09:45.849 13511 13544 D NavServiceProvider: Detecting stop. distance_d=928.28973. stop_type=1 speed=6.0
02-28 09:09:45.850 13511 13544 D NavigationTest: 71: (28.057964, -82.413304, 6.000000)	R:false  F:false
02-28 09:09:45.850 13511 13544 D NavServiceProvider: Second to last stop coordinates: 28.065759, -82.409847
02-28 09:09:45.850 13511 13544 D NavServiceProvider: Setting units automatically
02-28 09:09:45.851 13511 13544 D NavServiceProvider: Detecting stop. distance_d=933.6507. stop_type=1 speed=6.0
02-28 09:09:45.851 13511 13544 D NavigationTest: 72: (28.057911, -82.413301, 6.000000)	R:false  F:false
02-28 09:09:45.851 13511 13544 D NavigationTest: 73: (28.057911, -82.413301, 6.000000)	R:false  F:false
02-28 09:09:45.851 13511 13544 D NavServiceProvider: Second to last stop coordinates: 28.065759, -82.409847
02-28 09:09:45.851 13511 13544 D NavServiceProvider: Setting units automatically
02-28 09:09:45.852 13511 13544 D NavServiceProvider: Detecting stop. distance_d=939.0471. stop_type=1 speed=5.75
02-28 09:09:45.853 13511 13544 D NavigationTest: 74: (28.057856, -82.413293, 5.750000)	R:false  F:false
02-28 09:09:45.853 13511 13544 D NavServiceProvider: Second to last stop coordinates: 28.065759, -82.409847
02-28 09:09:45.853 13511 13544 D NavServiceProvider: Setting units automatically
02-28 09:09:45.854 13511 13544 D NavServiceProvider: Detecting stop. distance_d=943.9022. stop_type=1 speed=5.5
02-28 09:09:45.854 13511 13544 D NavigationTest: 75: (28.057807, -82.413287, 5.500000)	R:false  F:false
02-28 09:09:45.854 13511 13544 D NavigationTest: 76: (28.057807, -82.413287, 5.500000)	R:false  F:false
02-28 09:09:45.854 13511 13544 D NavServiceProvider: Second to last stop coordinates: 28.065759, -82.409847
02-28 09:09:45.854 13511 13544 D NavServiceProvider: Setting units automatically
02-28 09:09:45.855 13511 13544 D NavServiceProvider: Detecting stop. distance_d=949.4232. stop_type=1 speed=5.5
02-28 09:09:45.855 13511 13544 D NavigationTest: 77: (28.057754, -82.413288, 5.500000)	R:false  F:false
02-28 09:09:45.855 13511 13544 D NavServiceProvider: Second to last stop coordinates: 28.065759, -82.409847
02-28 09:09:45.856 13511 13544 D NavServiceProvider: Setting units automatically
02-28 09:09:45.857 13511 13544 D NavServiceProvider: Detecting stop. distance_d=954.3954. stop_type=1 speed=5.25
02-28 09:09:45.857 13511 13544 D NavigationTest: 78: (28.057706, -82.413288, 5.250000)	R:false  F:false
02-28 09:09:45.857 13511 13544 D NavigationTest: 79: (28.057706, -82.413288, 5.250000)	R:false  F:false
02-28 09:09:45.857 13511 13544 D NavServiceProvider: Second to last stop coordinates: 28.065759, -82.409847
02-28 09:09:45.857 13511 13544 D NavServiceProvider: Setting units automatically
02-28 09:09:45.858 13511 13544 D NavServiceProvider: Detecting stop. distance_d=959.19946. stop_type=1 speed=5.25
02-28 09:09:45.858 13511 13544 D NavigationTest: 80: (28.057662, -82.413295, 5.250000)	R:false  F:false
02-28 09:09:45.858 13511 13544 D NavigationTest: 81: (28.057662, -82.413295, 5.250000)	R:false  F:false
02-28 09:09:45.858 13511 13544 D NavServiceProvider: Second to last stop coordinates: 28.065759, -82.409847
02-28 09:09:45.859 13511 13544 D NavServiceProvider: Setting units automatically
02-28 09:09:45.860 13511 13544 D NavServiceProvider: Detecting stop. distance_d=963.6242. stop_type=1 speed=4.5
02-28 09:09:45.860 13511 13544 D NavigationTest: 82: (28.057619, -82.413294, 4.500000)	R:false  F:false
02-28 09:09:45.860 13511 13544 D NavServiceProvider: Second to last stop coordinates: 28.065759, -82.409847
02-28 09:09:45.860 13511 13544 D NavServiceProvider: Setting units automatically
02-28 09:09:45.861 13511 13544 D NavServiceProvider: Detecting stop. distance_d=966.32434. stop_type=1 speed=3.75
02-28 09:09:45.861 13511 13544 D NavigationTest: 83: (28.057589, -82.413282, 3.750000)	R:false  F:false
02-28 09:09:45.861 13511 13544 D NavigationTest: 84: (28.057589, -82.413282, 3.750000)	R:false  F:false
02-28 09:09:45.861 13511 13544 D NavServiceProvider: Second to last stop coordinates: 28.065759, -82.409847
02-28 09:09:45.862 13511 13544 D NavServiceProvider: Setting units automatically
02-28 09:09:45.863 13511 13544 D NavServiceProvider: Detecting stop. distance_d=968.9187. stop_type=1 speed=2.5
02-28 09:09:45.863 13511 13544 D NavigationTest: 85: (28.057566, -82.413288, 2.500000)	R:false  F:false
02-28 09:09:45.863 13511 13544 D NavigationTest: 86: (28.057566, -82.413288, 2.500000)	R:false  F:false
02-28 09:09:45.863 13511 13544 D NavServiceProvider: Second to last stop coordinates: 28.065759, -82.409847
02-28 09:09:45.863 13511 13544 D NavServiceProvider: Setting units automatically
02-28 09:09:45.864 13511 13544 D NavServiceProvider: Detecting stop. distance_d=970.0593. stop_type=1 speed=1.5
02-28 09:09:45.864 13511 13544 D NavigationTest: 87: (28.057557, -82.413294, 1.500000)	R:false  F:false
02-28 09:09:45.864 13511 13544 D NavServiceProvider: Second to last stop coordinates: 28.065759, -82.409847
02-28 09:09:45.865 13511 13544 D NavServiceProvider: Setting units automatically
02-28 09:09:45.866 13511 13544 D NavServiceProvider: Detecting stop. distance_d=970.61475. stop_type=1 speed=0.75
02-28 09:09:45.866 13511 13544 D NavigationTest: 88: (28.057550, -82.413289, 0.750000)	R:false  F:false
02-28 09:09:45.866 13511 13544 D NavigationTest: 89: (28.057550, -82.413289, 0.750000)	R:false  F:false
02-28 09:09:45.866 13511 13544 D NavServiceProvider: Second to last stop coordinates: 28.065759, -82.409847
02-28 09:09:45.866 13511 13544 D NavServiceProvider: Setting units automatically
02-28 09:09:45.867 13511 13544 D NavServiceProvider: Detecting stop. distance_d=970.78937. stop_type=1 speed=0.25
02-28 09:09:45.867 13511 13544 D NavigationTest: 90: (28.057547, -82.413285, 0.250000)	R:false  F:false
02-28 09:09:45.867 13511 13544 D NavigationTest: 91: (28.057547, -82.413285, 0.250000)	R:false  F:false
02-28 09:09:45.867 13511 13544 D NavServiceProvider: Second to last stop coordinates: 28.065759, -82.409847
02-28 09:09:45.867 13511 13544 D NavServiceProvider: Setting units automatically
02-28 09:09:45.868 13511 13544 D NavServiceProvider: Detecting stop. distance_d=970.72095. stop_type=1 speed=0.0
02-28 09:09:45.868 13511 13544 D NavigationTest: 92: (28.057547, -82.413283, 0.000000)	R:false  F:false
02-28 09:09:45.868 13511 13544 D NavServiceProvider: Second to last stop coordinates: 28.065759, -82.409847
02-28 09:09:45.869 13511 13544 D NavServiceProvider: Setting units automatically
02-28 09:09:45.870 13511 13544 D NavServiceProvider: Detecting stop. distance_d=970.5829. stop_type=1 speed=0.0
02-28 09:09:45.870 13511 13544 D NavigationTest: 93: (28.057548, -82.413282, 0.000000)	R:false  F:false
02-28 09:09:45.870 13511 13544 D NavigationTest: 94: (28.057548, -82.413282, 0.000000)	R:false  F:false
02-28 09:09:45.870 13511 13544 D NavServiceProvider: Second to last stop coordinates: 28.065759, -82.409847
02-28 09:09:45.870 13511 13544 D NavServiceProvider: Setting units automatically
02-28 09:09:45.871 13511 13544 D NavServiceProvider: Detecting stop. distance_d=970.5829. stop_type=1 speed=0.0
02-28 09:09:45.871 13511 13544 D NavigationTest: 95: (28.057548, -82.413282, 0.000000)	R:false  F:false
02-28 09:09:45.871 13511 13544 D NavigationTest: 96: (28.057548, -82.413282, 0.000000)	R:false  F:false
02-28 09:09:45.872 13511 13544 D NavServiceProvider: Second to last stop coordinates: 28.065759, -82.409847
02-28 09:09:45.872 13511 13544 D NavServiceProvider: Setting units automatically
02-28 09:09:45.873 13511 13544 D NavServiceProvider: Detecting stop. distance_d=970.47894. stop_type=1 speed=0.0
02-28 09:09:45.873 13511 13544 D NavigationTest: 97: (28.057549, -82.413282, 0.000000)	R:false  F:false
02-28 09:09:45.873 13511 13544 D NavServiceProvider: Second to last stop coordinates: 28.065759, -82.409847
02-28 09:09:45.873 13511 13544 D NavServiceProvider: Setting units automatically
02-28 09:09:45.874 13511 13544 D NavServiceProvider: Detecting stop. distance_d=970.68677. stop_type=1 speed=0.0
02-28 09:09:45.874 13511 13544 D NavigationTest: 98: (28.057547, -82.413282, 0.000000)	R:false  F:false
02-28 09:09:45.874 13511 13544 D NavigationTest: 99: (28.057547, -82.413282, 0.000000)	R:false  F:false
02-28 09:09:45.874 13511 13544 D NavServiceProvider: Second to last stop coordinates: 28.065759, -82.409847
02-28 09:09:45.875 13511 13544 D NavServiceProvider: Setting units automatically
02-28 09:09:45.876 13511 13544 D NavServiceProvider: Detecting stop. distance_d=970.6184. stop_type=1 speed=0.0
02-28 09:09:45.876 13511 13544 D NavigationTest: 100: (28.057547, -82.413280, 0.000000)	R:false  F:false
02-28 09:09:45.876 13511 13544 D NavServiceProvider: Second to last stop coordinates: 28.065759, -82.409847
02-28 09:09:45.876 13511 13544 D NavServiceProvider: Setting units automatically
02-28 09:09:45.877 13511 13544 D NavServiceProvider: Detecting stop. distance_d=970.4106. stop_type=1 speed=0.0
02-28 09:09:45.877 13511 13544 D NavigationTest: 101: (28.057549, -82.413280, 0.000000)	R:false  F:false
02-28 09:09:45.877 13511 13544 D NavigationTest: 102: (28.057549, -82.413280, 0.000000)	R:false  F:false
02-28 09:09:45.877 13511 13544 D NavigationTest: 103: (28.057549, -82.413280, 0.000000)	R:false  F:false
02-28 09:09:45.877 13511 13544 D NavServiceProvider: Second to last stop coordinates: 28.065759, -82.409847
02-28 09:09:45.877 13511 13544 D NavServiceProvider: Setting units automatically
02-28 09:09:45.878 13511 13544 D NavServiceProvider: Detecting stop. distance_d=970.4461. stop_type=1 speed=0.0
02-28 09:09:45.878 13511 13544 D NavigationTest: 104: (28.057548, -82.413278, 0.000000)	R:false  F:false
02-28 09:09:45.878 13511 13544 D NavigationTest: 105: (28.057548, -82.413278, 0.000000)	R:false  F:false
02-28 09:09:45.878 13511 13544 D NavServiceProvider: Second to last stop coordinates: 28.065759, -82.409847
02-28 09:09:45.879 13511 13544 D NavServiceProvider: Setting units automatically
02-28 09:09:45.880 13511 13544 D NavServiceProvider: Detecting stop. distance_d=970.3437. stop_type=1 speed=0.0
02-28 09:09:45.880 13511 13544 D NavigationTest: 106: (28.057548, -82.413275, 0.000000)	R:false  F:false
02-28 09:09:45.880 13511 13544 D NavServiceProvider: Second to last stop coordinates: 28.065759, -82.409847
02-28 09:09:45.880 13511 13544 D NavServiceProvider: Setting units automatically
02-28 09:09:45.881 13511 13544 D NavServiceProvider: Detecting stop. distance_d=970.3437. stop_type=1 speed=0.0
02-28 09:09:45.881 13511 13544 D NavigationTest: 107: (28.057548, -82.413275, 0.000000)	R:false  F:false
02-28 09:09:45.881 13511 13544 D NavigationTest: 108: (28.057548, -82.413275, 0.000000)	R:false  F:false
02-28 09:09:45.881 13511 13544 D NavServiceProvider: Second to last stop coordinates: 28.065759, -82.409847
02-28 09:09:45.882 13511 13544 D NavServiceProvider: Setting units automatically
02-28 09:09:45.883 13511 13544 D NavServiceProvider: Detecting stop. distance_d=970.2056. stop_type=1 speed=0.0
02-28 09:09:45.883 13511 13544 D NavigationTest: 109: (28.057549, -82.413274, 0.000000)	R:false  F:false
02-28 09:09:45.883 13511 13544 D NavigationTest: 110: (28.057549, -82.413274, 0.000000)	R:false  F:false
02-28 09:09:45.883 13511 13544 D NavServiceProvider: Second to last stop coordinates: 28.065759, -82.409847
02-28 09:09:45.883 13511 13544 D NavServiceProvider: Setting units automatically
02-28 09:09:45.884 13511 13544 D NavServiceProvider: Detecting stop. distance_d=970.17145. stop_type=1 speed=0.0
02-28 09:09:45.884 13511 13544 D NavigationTest: 111: (28.057549, -82.413273, 0.000000)	R:false  F:false
02-28 09:09:45.884 13511 13544 D NavigationTest: 112: (28.057549, -82.413273, 0.000000)	R:false  F:false
02-28 09:09:45.884 13511 13544 D NavServiceProvider: Second to last stop coordinates: 28.065759, -82.409847
02-28 09:09:45.884 13511 13544 D NavServiceProvider: Setting units automatically
02-28 09:09:45.885 13511 13544 D NavServiceProvider: Detecting stop. distance_d=970.17145. stop_type=1 speed=0.0
02-28 09:09:45.885 13511 13544 D NavigationTest: 113: (28.057549, -82.413273, 0.000000)	R:false  F:false
02-28 09:09:45.885 13511 13544 D NavigationTest: 114: (28.057549, -82.413273, 0.000000)	R:false  F:false
02-28 09:09:45.885 13511 13544 D NavServiceProvider: Second to last stop coordinates: 28.065759, -82.409847
02-28 09:09:45.886 13511 13544 D NavServiceProvider: Setting units automatically
02-28 09:09:45.887 13511 13544 D NavServiceProvider: Detecting stop. distance_d=970.2056. stop_type=1 speed=0.0
02-28 09:09:45.887 13511 13544 D NavigationTest: 115: (28.057549, -82.413274, 0.000000)	R:false  F:false
02-28 09:09:45.887 13511 13544 D NavServiceProvider: Second to last stop coordinates: 28.065759, -82.409847
02-28 09:09:45.887 13511 13544 D NavServiceProvider: Setting units automatically
02-28 09:09:45.888 13511 13544 D NavServiceProvider: Detecting stop. distance_d=970.2056. stop_type=1 speed=0.0
02-28 09:09:45.888 13511 13544 D NavigationTest: 116: (28.057549, -82.413274, 0.000000)	R:false  F:false
02-28 09:09:45.888 13511 13544 D NavigationTest: 117: (28.057549, -82.413274, 0.000000)	R:false  F:false
02-28 09:09:45.888 13511 13544 D NavServiceProvider: Second to last stop coordinates: 28.065759, -82.409847
02-28 09:09:45.888 13511 13544 D NavServiceProvider: Setting units automatically
02-28 09:09:45.890 13511 13544 D NavServiceProvider: Detecting stop. distance_d=970.2056. stop_type=1 speed=0.0
02-28 09:09:45.890 13511 13544 D NavigationTest: 118: (28.057549, -82.413274, 0.000000)	R:false  F:false
02-28 09:09:45.890 13511 13544 D NavigationTest: 119: (28.057549, -82.413274, 0.000000)	R:false  F:false
02-28 09:09:45.890 13511 13544 D NavServiceProvider: Second to last stop coordinates: 28.065759, -82.409847
02-28 09:09:45.890 13511 13544 D NavServiceProvider: Setting units automatically
02-28 09:09:45.891 13511 13544 D NavServiceProvider: Detecting stop. distance_d=970.2056. stop_type=1 speed=0.0
02-28 09:09:45.891 13511 13544 D NavigationTest: 120: (28.057549, -82.413274, 0.000000)	R:false  F:false
02-28 09:09:45.891 13511 13544 D NavigationTest: 121: (28.057549, -82.413274, 0.000000)	R:false  F:false
02-28 09:09:45.891 13511 13544 D NavServiceProvider: Second to last stop coordinates: 28.065759, -82.409847
02-28 09:09:45.892 13511 13544 D NavServiceProvider: Setting units automatically
02-28 09:09:45.893 13511 13544 D NavServiceProvider: Detecting stop. distance_d=970.2056. stop_type=1 speed=0.0
02-28 09:09:45.893 13511 13544 D NavigationTest: 122: (28.057549, -82.413274, 0.000000)	R:false  F:false
02-28 09:09:45.893 13511 13544 D NavServiceProvider: Second to last stop coordinates: 28.065759, -82.409847
02-28 09:09:45.893 13511 13544 D NavServiceProvider: Setting units automatically
02-28 09:09:45.894 13511 13544 D NavServiceProvider: Detecting stop. distance_d=970.2056. stop_type=1 speed=0.0
02-28 09:09:45.894 13511 13544 D NavigationTest: 123: (28.057549, -82.413274, 0.000000)	R:false  F:false
02-28 09:09:45.894 13511 13544 D NavigationTest: 124: (28.057549, -82.413274, 0.000000)	R:false  F:false
02-28 09:09:45.894 13511 13544 D NavServiceProvider: Second to last stop coordinates: 28.065759, -82.409847
02-28 09:09:45.895 13511 13544 D NavServiceProvider: Setting units automatically
02-28 09:09:45.896 13511 13544 D NavServiceProvider: Detecting stop. distance_d=970.2056. stop_type=1 speed=0.0
02-28 09:09:45.896 13511 13544 D NavigationTest: 125: (28.057549, -82.413274, 0.000000)	R:false  F:false
02-28 09:09:45.896 13511 13544 D NavServiceProvider: Second to last stop coordinates: 28.065759, -82.409847
02-28 09:09:45.896 13511 13544 D NavServiceProvider: Setting units automatically
02-28 09:09:45.897 13511 13544 D NavServiceProvider: Detecting stop. distance_d=970.2056. stop_type=1 speed=0.0
02-28 09:09:45.897 13511 13544 D NavigationTest: 126: (28.057549, -82.413274, 0.000000)	R:false  F:false
02-28 09:09:45.897 13511 13544 D NavigationTest: 127: (28.057549, -82.413274, 0.000000)	R:false  F:false
02-28 09:09:45.897 13511 13544 D NavServiceProvider: Second to last stop coordinates: 28.065759, -82.409847
02-28 09:09:45.897 13511 13544 D NavServiceProvider: Setting units automatically
02-28 09:09:45.898 13511 13544 D NavServiceProvider: Detecting stop. distance_d=970.2056. stop_type=1 speed=0.0
02-28 09:09:45.898 13511 13544 D NavigationTest: 128: (28.057549, -82.413274, 0.000000)	R:false  F:false
02-28 09:09:45.898 13511 13544 D NavigationTest: 129: (28.057549, -82.413274, 0.000000)	R:false  F:false
02-28 09:09:45.898 13511 13544 D NavServiceProvider: Second to last stop coordinates: 28.065759, -82.409847
02-28 09:09:45.899 13511 13544 D NavServiceProvider: Setting units automatically
02-28 09:09:45.900 13511 13544 D NavServiceProvider: Detecting stop. distance_d=970.2056. stop_type=1 speed=0.0
02-28 09:09:45.900 13511 13544 D NavigationTest: 130: (28.057549, -82.413274, 0.000000)	R:false  F:false
02-28 09:09:45.900 13511 13544 D NavigationTest: 131: (28.057549, -82.413274, 0.000000)	R:false  F:false
02-28 09:09:45.900 13511 13544 D NavServiceProvider: Second to last stop coordinates: 28.065759, -82.409847
02-28 09:09:45.900 13511 13544 D NavServiceProvider: Setting units automatically
02-28 09:09:45.901 13511 13544 D NavServiceProvider: Detecting stop. distance_d=970.2056. stop_type=1 speed=0.0
02-28 09:09:45.901 13511 13544 D NavigationTest: 132: (28.057549, -82.413274, 0.000000)	R:false  F:false
02-28 09:09:45.901 13511 13544 D NavServiceProvider: Second to last stop coordinates: 28.065759, -82.409847
02-28 09:09:45.902 13511 13544 D NavServiceProvider: Setting units automatically
02-28 09:09:45.903 13511 13544 D NavServiceProvider: Detecting stop. distance_d=970.2056. stop_type=1 speed=0.0
02-28 09:09:45.903 13511 13544 D NavigationTest: 133: (28.057549, -82.413274, 0.000000)	R:false  F:false
02-28 09:09:45.903 13511 13544 D NavigationTest: 134: (28.057549, -82.413274, 0.000000)	R:false  F:false
02-28 09:09:45.903 13511 13544 D NavServiceProvider: Second to last stop coordinates: 28.065759, -82.409847
02-28 09:09:45.903 13511 13544 D NavServiceProvider: Setting units automatically
02-28 09:09:45.904 13511 13544 D NavServiceProvider: Detecting stop. distance_d=970.2056. stop_type=1 speed=0.0
02-28 09:09:45.904 13511 13544 D NavigationTest: 135: (28.057549, -82.413274, 0.000000)	R:false  F:false
02-28 09:09:45.904 13511 13544 D NavigationTest: 136: (28.057549, -82.413274, 0.000000)	R:false  F:false
02-28 09:09:45.904 13511 13544 D NavServiceProvider: Second to last stop coordinates: 28.065759, -82.409847
02-28 09:09:45.904 13511 13544 D NavServiceProvider: Setting units automatically
02-28 09:09:45.905 13511 13544 D NavServiceProvider: Detecting stop. distance_d=970.2056. stop_type=1 speed=0.0
02-28 09:09:45.905 13511 13544 D NavigationTest: 137: (28.057549, -82.413274, 0.000000)	R:false  F:false
02-28 09:09:45.906 13511 13544 D NavigationTest: 138: (28.057549, -82.413274, 0.000000)	R:false  F:false
02-28 09:09:45.906 13511 13544 D NavigationTest: 139: (28.057549, -82.413274, 0.000000)	R:false  F:false
02-28 09:09:45.906 13511 13544 D NavigationTest: 140: (28.057549, -82.413274, 0.000000)	R:false  F:false
02-28 09:09:45.906 13511 13544 D NavServiceProvider: Second to last stop coordinates: 28.065759, -82.409847
02-28 09:09:45.906 13511 13544 D NavServiceProvider: Setting units automatically
02-28 09:09:45.907 13511 13544 D NavServiceProvider: Detecting stop. distance_d=970.2056. stop_type=1 speed=0.0
02-28 09:09:45.907 13511 13544 D NavigationTest: 141: (28.057549, -82.413274, 0.000000)	R:false  F:false
02-28 09:09:45.907 13511 13544 D NavServiceProvider: Second to last stop coordinates: 28.065759, -82.409847
02-28 09:09:45.907 13511 13544 D NavServiceProvider: Setting units automatically
02-28 09:09:45.908 13511 13544 D NavServiceProvider: Detecting stop. distance_d=970.2056. stop_type=1 speed=0.0
02-28 09:09:45.908 13511 13544 D NavigationTest: 142: (28.057549, -82.413274, 0.000000)	R:false  F:false
02-28 09:09:45.908 13511 13544 D NavigationTest: 143: (28.057549, -82.413274, 0.000000)	R:false  F:false
02-28 09:09:45.908 13511 13544 D NavServiceProvider: Second to last stop coordinates: 28.065759, -82.409847
02-28 09:09:45.909 13511 13544 D NavServiceProvider: Setting units automatically
02-28 09:09:45.910 13511 13544 D NavServiceProvider: Detecting stop. distance_d=971.97253. stop_type=1 speed=3.25
02-28 09:09:45.910 13511 13544 D NavigationTest: 144: (28.057532, -82.413274, 3.250000)	R:false  F:false
