02-28 09:09:49.829 13511 13544 I TestRunner: started: testTrip30(org.onebusaway.android.nav.test.NavigationTest)
02-28 09:09:49.830 13511 13511 I MonitoringInstr: Activities that are still in CREATED to STOPPED: 0
02-28 09:09:49.835 13579 13612 I GoogleTTSServiceImpl: Synthesis request for locale eng-USA and name en-US-language
02-28 09:09:49.835 13579 13612 I GoogleTTSServiceImpl: TTS dispatch: en-us-x-iog-seanet-embedded
02-28 09:09:49.843   871   871 D audio_hw_primary: adev_get_parameters:vr_audio_mode_on
02-28 09:09:49.843   871   871 I audio_hw_primary: getting vr mode to 0
02-28 09:09:49.843   871   871 D audio_hw_primary: adev_get_parameters: exit: returns - vr_audio_mode_on=false
02-28 09:09:49.843   959  7905 I hash_map_utils: key: 'vr_audio_mode_on' value: ''
02-28 09:09:49.843   959  7905 I AudioPolicyManagerCustom: VR mode is 0, switch to primary output if request is for fast|raw
02-28 09:09:49.843   959  7905 I AudioPolicyManagerCustom: setting force DEEP buffer now
02-28 09:09:49.844   959  7905 D AudioFlinger: Client defaulted notificationFrames to 2048 for frameCount 4096
02-28 09:09:49.845 13511 13544 D NavServiceProvider: Creating NavigationServiceProvider...
02-28 09:09:49.845 13511 13544 D NavServiceProvider: Starting navigation for service
02-28 09:09:49.845 13511 13544 D NavServiceProvider: ProximityCalculator initializing...
02-28 09:09:49.845 13511 13544 D NavServiceProvider: Initializing ProximityCalculator
02-28 09:09:49.845 13511 13544 D NavServiceProvider: Number of path links: 1
02-28 09:09:49.845 13511 13544 D NavServiceProvider: Second to last stop coordinates: 28.069269, -82.423516
02-28 09:09:49.846 13511 13544 D NavServiceProvider: Setting units automatically
02-28 09:09:49.848 13511 13544 D NavServiceProvider: Detecting stop. distance_d=876.3493. stop_type=1 speed=0.0
02-28 09:09:49.848   959  7905 D AF::TrackHandle: OpPlayAudio: track:219 usage:1 not muted
02-28 09:09:49.848 13511 13544 D NavigationTest: 0: (28.069315, -82.414601, 0.000000)	R:false  F:false
02-28 09:09:49.848 13511 13544 D NavigationTest: 1: (28.069315, -82.414601, 0.000000)	R:false  F:false
02-28 09:09:49.848 13511 13544 D NavigationTest: 2: (28.069315, -82.414601, 0.000000)	R:false  F:false
02-28 09:09:49.848 13511 13544 D NavigationTest: 3: (28.069315, -82.414601, 0.000000)	R:false  F:false
02-28 09:09:49.848 13511 13544 D NavServiceProvider: Second to last stop coordinates: 28.069269, -82.423516
02-28 09:09:49.848 13511 13544 D NavServiceProvider: Setting units automatically
02-28 09:09:49.850 13511 13544 D NavServiceProvider: Detecting stop. distance_d=876.1534. stop_type=1 speed=0.0
02-28 09:09:49.850 13511 13544 D NavigationTest: 4: (28.069316, -82.414603, 0.000000)	R:false  F:false
02-28 09:09:49.850 13511 13544 D NavigationTest: 5: (28.069316, -82.414603, 0.000000)	R:false  F:false
02-28 09:09:49.850 13511 13544 D NavigationTest: 6: (28.069316, -82.414603, 0.000000)	R:false  F:false
02-28 09:09:49.850 13511 13544 D NavServiceProvider: Second to last stop coordinates: 28.069269, -82.423516
02-28 09:09:49.850 13511 13544 D NavServiceProvider: Setting units automatically
02-28 09:09:49.851 13511 13544 D NavServiceProvider: Detecting stop. distance_d=876.05505. stop_type=1 speed=0.0
02-28 09:09:49.851 13511 13544 D NavigationTest: 7: (28.069316, -82.414604, 0.000000)	R:false  F:false
02-28 09:09:49.852 13511 13544 D NavigationTest: 8: (28.069316, -82.414604, 0.000000)	R:false  F:false
02-28 09:09:49.852 13511 13544 D NavServiceProvider: Second to last stop coordinates: 28.069269, -82.423516
02-28 09:09:49.852 13511 13544 D NavServiceProvider: Setting units automatically
02-28 09:09:49.852  2666  3413 D Avrcp_ext: AudioManager Player: ID:23 -- type:android.media.SoundPool -- u/pid:10126/2688 -- state:idle -- attr:AudioAttributes: usage=USAGE_ASSISTANCE_SONIFICATION content=CONTENT_TYPE_SONIFICATION flags=0x800 tags= bundle=null
02-28 09:09:49.852  2666  3413 D Avrcp_ext: AudioManager Player: ID:15 -- type:android.media.SoundPool -- u/pid:1000/1493 -- state:idle -- attr:AudioAttributes: usage=USAGE_ASSISTANCE_SONIFICATION content=CONTENT_TYPE_SONIFICATION flags=0x800 tags= bundle=null
02-28 09:09:49.852  2666  3413 D Avrcp_ext: AudioManager Player: ID:1343 -- type:android.media.AudioTrack -- u/pid:10088/13579 -- state:started -- attr:AudioAttributes: usage=USAGE_MEDIA content=CONTENT_TYPE_SPEECH flags=0x800 tags= bundle=null
02-28 09:09:49.852  2666  3413 D Avrcp_ext: AudioManager isPlaying: true
02-28 09:09:49.853  2666  3413 V Avrcp_ext: updateCurrentMediaState: mMediaController: null
02-28 09:09:49.853  2666  3413 V Avrcp_ext: isMusicActive: false getBluetoothPlayState: 2
02-28 09:09:49.853  2666  3413 V Avrcp_ext: updateCurrentMediaState: isPlaying = false
02-28 09:09:49.853  2666  3413 V Avrcp_ext: Media update: id -1➡-1? [MediaAttributes: none] : [MediaAttributes: none]
02-28 09:09:49.853  2666  3413 V Avrcp_ext: newPlayStatus:2mReportedPlayStatus:-1
02-28 09:09:49.853  2666  3413 V Avrcp_ext: updatePlaybackState, state: PlaybackState {state=2, position=-1, buffered position=0, speed=0.0, updated=1793183, actions=0, custom actions=[], active item id=-1, error=null} device: null
02-28 09:09:49.853  2666  3413 V Avrcp_ext: Device: no name:
02-28 09:09:49.853  2666  3413 I chatty  : uid=1002(bluetooth) BluetoothAvrcpH identical 3 lines
02-28 09:09:49.853  2666  3413 V Avrcp_ext: Device: no name:
02-28 09:09:49.853  2666  3413 V Avrcp_ext: updatePlayerStateAndPosition, old=PlaybackState {state=2, position=-1, buffered position=0, speed=0.0, updated=1792946, actions=0, custom actions=[], active item id=-1, error=null}, state=PlaybackState {state=2, position=-1, buffered position=0, speed=0.0, updated=1793183, actions=0, custom actions=[], active item id=-1, error=null}
02-28 09:09:49.853  2666  3413 V Avrcp_ext: old state = PlaybackState {state=2, position=-1, buffered position=0, speed=0.0, updated=1792946, actions=0, custom actions=[], active item id=-1, error=null}, new state= PlaybackState {state=2, position=-1, buffered position=0, speed=0.0, updated=1793183, actions=0, custom actions=[], active item id=-1, error=null}
02-28 09:09:49.853  2666  3413 D HeadsetService: getHeadsetService(): returning com.android.bluetooth.hfp.HeadsetService@8a04d28
02-28 09:09:49.853  2666  3413 D HeadsetService:  isAudioOn: The number of audio connected devices 0
02-28 09:09:49.853  2666  3413 D HeadsetService: isScoOrCallActive(): Call Active:falseCall is Ringing:falseSCO is Active:false
02-28 09:09:49.853 13511 13544 D NavServiceProvider: Detecting stop. distance_d=876.0564. stop_type=1 speed=0.0
02-28 09:09:49.853 13511 13544 D NavigationTest: 9: (28.069318, -82.414604, 0.000000)	R:false  F:false
02-28 09:09:49.853 13511 13544 D NavigationTest: 10: (28.069318, -82.414604, 0.000000)	R:false  F:false
02-28 09:09:49.853 13511 13544 D NavigationTest: 11: (28.069318, -82.414604, 0.000000)	R:false  F:false
02-28 09:09:49.853 13511 13544 D NavServiceProvider: Second to last stop coordinates: 28.069269, -82.423516
02-28 09:09:49.853  2666  3413 D HeadsetService:  isAudioOn: The number of audio connected devices 0
02-28 09:09:49.854  2666  3413 I Avrcp_ext: updatePlayStatusForDevice: device: null
02-28 09:09:49.854  2666  3413 V Avrcp_ext: updatePlaybackState (1): old=PlaybackState {state=2, position=-1, buffered position=0, speed=0.0, updated=1792946, actions=0, custom actions=[], active item id=-1, error=null}(2), new=PlaybackState {state=2, position=-1, buffered position=0, speed=0.0, updated=1793183, actions=0, custom actions=[], active item id=-1, error=null}(2)
02-28 09:09:49.854  2666  3413 I Avrcp_ext: Exit updatePlayStatusForDevice
02-28 09:09:49.854  2666  3413 D HeadsetService:  isAudioOn: The number of audio connected devices 0
02-28 09:09:49.854  2666  3413 D HeadsetService: isScoOrCallActive(): Call Active:falseCall is Ringing:falseSCO is Active:false
02-28 09:09:49.854 13511 13544 D NavServiceProvider: Setting units automatically
02-28 09:09:49.854  2666  3413 D HeadsetService:  isAudioOn: The number of audio connected devices 0
02-28 09:09:49.854  2666  3413 I Avrcp_ext: updatePlayStatusForDevice: device: null
02-28 09:09:49.854  2666  3413 V Avrcp_ext: updatePlaybackState (1): old=PlaybackState {state=2, position=-1, buffered position=0, speed=0.0, updated=1792946, actions=0, custom actions=[], active item id=-1, error=null}(2), new=PlaybackState {state=2, position=-1, buffered position=0, speed=0.0, updated=1793183, actions=0, custom actions=[], active item id=-1, error=null}(2)
02-28 09:09:49.854  2666  3413 I Avrcp_ext: Exit updatePlayStatusForDevice
02-28 09:09:49.854  2666  3413 D HeadsetService:  isAudioOn: The number of audio connected devices 0
02-28 09:09:49.854  2666  3413 D HeadsetService: isScoOrCallActive(): Call Active:falseCall is Ringing:falseSCO is Active:false
02-28 09:09:49.855  2666  3413 D HeadsetService:  isAudioOn: The number of audio connected devices 0
02-28 09:09:49.855  2666  3413 I Avrcp_ext: updatePlayStatusForDevice: device: null
02-28 09:09:49.855  2666  3413 V Avrcp_ext: updatePlaybackState (1): old=PlaybackState {state=2, position=-1, buffered position=0, speed=0.0, updated=1792946, actions=0, custom actions=[], active item id=-1, error=null}(2), new=PlaybackState {state=2, position=-1, buffered position=0, speed=0.0, updated=1793183, actions=0, custom actions=[], active item id=-1, error=null}(2)
02-28 09:09:49.855  2666  3413 I Avrcp_ext: Exit updatePlayStatusForDevice
02-28 09:09:49.855  2666  3413 D HeadsetService:  isAudioOn: The number of audio connected devices 0
02-28 09:09:49.855  2666  3413 D HeadsetService: isScoOrCallActive(): Call Active:falseCall is Ringing:falseSCO is Active:false
02-28 09:09:49.855  2666  3413 D HeadsetService:  isAudioOn: The number of audio connected devices 0
02-28 09:09:49.855  2666  3413 I Avrcp_ext: updatePlayStatusForDevice: device: null
02-28 09:09:49.855  2666  3413 V Avrcp_ext: updatePlaybackState (1): old=PlaybackState {state=2, position=-1, buffered position=0, speed=0.0, updated=1792946, actions=0, custom actions=[], active item id=-1, error=null}(2), new=PlaybackState {state=2, position=-1, buffered position=0, speed=0.0, updated=1793183, actions=0, custom actions=[], active item id=-1, error=null}(2)
02-28 09:09:49.855  2666  3413 I Avrcp_ext: Exit updatePlayStatusForDevice
02-28 09:09:49.855  2666  3413 D HeadsetService:  isAudioOn: The number of audio connected devices 0
02-28 09:09:49.855  2666  3413 D HeadsetService: isScoOrCallActive(): Call Active:falseCall is Ringing:falseSCO is Active:false
02-28 09:09:49.855 13511 13544 D NavServiceProvider: Detecting stop. distance_d=876.0564. stop_type=1 speed=0.0
02-28 09:09:49.856 13511 13544 D NavigationTest: 12: (28.069318, -82.414604, 0.000000)	R:false  F:false
02-28 09:09:49.856 13511 13544 D NavigationTest: 13: (28.069318, -82.414604, 0.000000)	R:false  F:false
02-28 09:09:49.856 13511 13544 D NavigationTest: 14: (28.069318, -82.414604, 0.000000)	R:false  F:false
02-28 09:09:49.856 13511 13544 D NavServiceProvider: Second to last stop coordinates: 28.069269, -82.423516
02-28 09:09:49.856 13511 13544 D NavServiceProvider: Setting units automatically
02-28 09:09:49.858 13511 13544 D NavServiceProvider: Detecting stop. distance_d=876.0557. stop_type=1 speed=0.0
02-28 09:09:49.858 13511 13544 D NavigationTest: 15: (28.069317, -82.414604, 0.000000)	R:false  F:false
02-28 09:09:49.858 13511 13544 D NavigationTest: 16: (28.069317, -82.414604, 0.000000)	R:false  F:false
02-28 09:09:49.858 13511 13544 D NavServiceProvider: Second to last stop coordinates: 28.069269, -82.423516
02-28 09:09:49.858  2666  3413 D HeadsetService:  isAudioOn: The number of audio connected devices 0
02-28 09:09:49.858  2666  3413 I Avrcp_ext: updatePlayStatusForDevice: device: null
02-28 09:09:49.858  2666  3413 V Avrcp_ext: updatePlaybackState (1): old=PlaybackState {state=2, position=-1, buffered position=0, speed=0.0, updated=1792946, actions=0, custom actions=[], active item id=-1, error=null}(2), new=PlaybackState {state=2, position=-1, buffered position=0, speed=0.0, updated=1793183, actions=0, custom actions=[], active item id=-1, error=null}(2)
02-28 09:09:49.858  2666  3413 I Avrcp_ext: Exit updatePlayStatusForDevice
02-28 09:09:49.858  2666  3413 D Avrcp_ext: Enter sendPlayPosNotificationRsp
02-28 09:09:49.858  2666  3413 D Avrcp_ext: sendPlayPosNotificationRsp: Not registered or requesting.
02-28 09:09:49.858  2666  3413 D Avrcp_ext: Enter sendPlayPosNotificationRsp
02-28 09:09:49.858  2666  3413 D Avrcp_ext: sendPlayPosNotificationRsp: Not registered or requesting.
02-28 09:09:49.858  2666  3413 D Avrcp_ext: Enter sendPlayPosNotificationRsp
02-28 09:09:49.858  2666  3413 D Avrcp_ext: sendPlayPosNotificationRsp: Not registered or requesting.
02-28 09:09:49.858  2666  3413 D Avrcp_ext: Enter sendPlayPosNotificationRsp
02-28 09:09:49.858  2666  3413 D Avrcp_ext: sendPlayPosNotificationRsp: Not registered or requesting.
02-28 09:09:49.858  2666  3413 D Avrcp_ext: Enter sendPlayPosNotificationRsp
02-28 09:09:49.858  2666  3413 D Avrcp_ext: sendPlayPosNotificationRsp: Not registered or requesting.
02-28 09:09:49.858  2666  3413 V Avrcp_ext: Exit updatePlayerStateAndPosition
02-28 09:09:49.858 13511 13544 D NavServiceProvider: Setting units automatically
02-28 09:09:49.859 13511 13544 D NavServiceProvider: Detecting stop. distance_d=876.15405. stop_type=1 speed=0.0
02-28 09:09:49.859 13511 13544 D NavigationTest: 17: (28.069317, -82.414603, 0.000000)	R:false  F:false
02-28 09:09:49.860 13511 13544 D NavigationTest: 18: (28.069317, -82.414603, 0.000000)	R:false  F:false
02-28 09:09:49.860 13511 13544 D NavigationTest: 19: (28.069317, -82.414603, 0.000000)	R:false  F:false
02-28 09:09:49.860 13511 13544 D NavigationTest: 20: (28.069317, -82.414603, 0.000000)	R:false  F:false
02-28 09:09:49.860 13511 13544 D NavigationTest: 21: (28.069317, -82.414603, 0.000000)	R:false  F:false
02-28 09:09:49.860 13511 13544 D NavServiceProvider: Second to last stop coordinates: 28.069269, -82.423516
02-28 09:09:49.860 13511 13544 D NavServiceProvider: Setting units automatically
02-28 09:09:49.861 13511 13544 D NavServiceProvider: Detecting stop. distance_d=876.35. stop_type=1 speed=0.0
02-28 09:09:49.861 13511 13544 D NavigationTest: 22: (28.069316, -82.414601, 0.000000)	R:false  F:false
02-28 09:09:49.861 13511 13544 D NavigationTest: 23: (28.069316, -82.414601, 0.000000)	R:false  F:false
02-28 09:09:49.861 13511 13544 D NavServiceProvider: Second to last stop coordinates: 28.069269, -82.423516
02-28 09:09:49.862 13511 13544 D NavServiceProvider: Setting units automatically
02-28 09:09:49.862   871   871 V EffectDiracSound: DiracSound_command() start, cmdCode=20
02-28 09:09:49.862   871   871 V EffectDiracSound: DiracSound_Command EFFECT_CMD_OFFLOAD
02-28 09:09:49.862   871   871 V EffectDiracSound: DiracSound_command() start, cmdCode=1
02-28 09:09:49.862   871   871 V EffectDiracSound: DiracSound_setConfig start
02-28 09:09:49.862   871   871 I EffectDiracSound: DiracSound_updateState(), enable=0, hifi=0, device=0x2, headset=5, samplingRate=48000
02-28 09:09:49.862   871   871 I EffectDiracSound: DiracSound_updateState(), mode=0, music=0, movie=0, reset=0
02-28 09:09:49.862   871   871 I EffectDiracSound: DiracSound_updateState(), Speaker Movie/Stereo Mode is not supported. Stop update state.
02-28 09:09:49.862   871   871 W EffectHAL: Effect 0xe4b38cd0 command SET_CONFIG returned status: Invalid argument
02-28 09:09:49.862   871   871 V EffectDiracSound: DiracSound_command() start, cmdCode=1
02-28 09:09:49.862   871   871 V EffectDiracSound: DiracSound_setConfig start
02-28 09:09:49.862   871   871 I EffectDiracSound: DiracSound_updateState(), enable=0, hifi=0, device=0x2, headset=5, samplingRate=48000
02-28 09:09:49.862   871   871 I EffectDiracSound: DiracSound_updateState(), mode=0, music=0, movie=0, reset=0
02-28 09:09:49.863   871   871 I EffectDiracSound: DiracSound_updateState(), Speaker Movie/Stereo Mode is not supported. Stop update state.
02-28 09:09:49.863 13511 13544 D NavServiceProvider: Detecting stop. distance_d=876.44763. stop_type=1 speed=0.0
02-28 09:09:49.863   871   871 V EffectDiracSound: DiracSound_command() start, cmdCode=9
02-28 09:09:49.863   871   871 V EffectDiracSound: DiracSound_Command EFFECT_CMD_SET_DEVICE: 0x00000002
02-28 09:09:49.863 13511 13544 D NavigationTest: 24: (28.069315, -82.414600, 0.000000)	R:false  F:false
02-28 09:09:49.863 13511 13544 D NavigationTest: 25: (28.069315, -82.414600, 0.000000)	R:false  F:false
02-28 09:09:49.863   871   871 V EffectDiracSound: DiracSound_command() start, cmdCode=11
02-28 09:09:49.863   871   871 V EffectDiracSound: DiracSound_Command EFFECT_CMD_SET_AUDIO_MODE: 0
02-28 09:09:49.863 13511 13544 D NavigationTest: 26: (28.069315, -82.414600, 0.000000)	R:false  F:false
02-28 09:09:49.863 13511 13544 D NavServiceProvider: Second to last stop coordinates: 28.069269, -82.423516
02-28 09:09:49.863 13511 13544 D NavServiceProvider: Setting units automatically
02-28 09:09:49.864 13511 13544 D NavServiceProvider: Detecting stop. distance_d=876.6442. stop_type=1 speed=0.0
02-28 09:09:49.864 13511 13544 D NavigationTest: 27: (28.069315, -82.414598, 0.000000)	R:false  F:false
02-28 09:09:49.865 13511 13544 D NavigationTest: 28: (28.069315, -82.414598, 0.000000)	R:false  F:false
02-28 09:09:49.865 13511 13544 D NavigationTest: 29: (28.069315, -82.414598, 0.000000)	R:false  F:false
02-28 09:09:49.865 13511 13544 D NavServiceProvider: Second to last stop coordinates: 28.069269, -82.423516
02-28 09:09:49.865 13511 13544 D NavServiceProvider: Setting units automatically
02-28 09:09:49.865   871   911 D msm8974_platform: platform_split_snd_device: snd_device(2) num devices(1) new_snd_devices(0)
02-28 09:09:49.865   871   911 D ACDB-LOADER: ACDB -> send_audvoltable
02-28 09:09:49.865   871   911 D ACDB-LOADER: ACDB -> ACDB_CMD_GET_AUDPROC_VOL_STEP_TABLE_SIZE
02-28 09:09:49.865   871   911 D ACDB-LOADER: ACDB -> ACDB_CMD_GET_AUDPROC_GAIN_DEP_STEP_TABLE, vol index 5
02-28 09:09:49.865   871   911 D         : Failed to fetch the lookup information of the device 0000000F
02-28 09:09:49.865   871   911 E ACDB-LOADER: Error: ACDB AudProc vol returned = -19
02-28 09:09:49.865   871   911 D ACDB-LOADER: ACDB -> AUDIO_SET_VOL_CAL cal type = 40
02-28 09:09:49.866 13511 13544 D NavServiceProvider: Detecting stop. distance_d=876.7425. stop_type=1 speed=0.0
02-28 09:09:49.866 13511 13544 D NavigationTest: 30: (28.069315, -82.414597, 0.000000)	R:false  F:false
02-28 09:09:49.866 13511 13544 D NavigationTest: 31: (28.069315, -82.414597, 0.000000)	R:false  F:false
02-28 09:09:49.867 13511 13544 D NavServiceProvider: Second to last stop coordinates: 28.069269, -82.423516
02-28 09:09:49.867 13511 13544 D NavServiceProvider: Setting units automatically
02-28 09:09:49.868 13511 13544 D NavServiceProvider: Detecting stop. distance_d=876.8408. stop_type=1 speed=0.0
02-28 09:09:49.868 13511 13544 D NavigationTest: 32: (28.069315, -82.414596, 0.000000)	R:false  F:false
02-28 09:09:49.868 13511 13544 D NavigationTest: 33: (28.069315, -82.414596, 0.000000)	R:false  F:false
02-28 09:09:49.868 13511 13544 D NavigationTest: 34: (28.069315, -82.414596, 0.000000)	R:false  F:false
02-28 09:09:49.868 13511 13544 D NavServiceProvider: Second to last stop coordinates: 28.069269, -82.423516
02-28 09:09:49.869 13511 13544 D NavServiceProvider: Setting units automatically
02-28 09:09:49.870 13511 13544 D NavServiceProvider: Detecting stop. distance_d=876.8408. stop_type=1 speed=0.0
02-28 09:09:49.870 13511 13544 D NavigationTest: 35: (28.069315, -82.414596, 0.000000)	R:false  F:false
02-28 09:09:49.870 13511 13544 D NavigationTest: 36: (28.069315, -82.414596, 0.000000)	R:false  F:false
02-28 09:09:49.870 13511 13544 D NavigationTest: 37: (28.069315, -82.414596, 0.000000)	R:false  F:false
02-28 09:09:49.870 13511 13544 D NavServiceProvider: Second to last stop coordinates: 28.069269, -82.423516
02-28 09:09:49.870 13511 13544 D NavServiceProvider: Setting units automatically
02-28 09:09:49.872 13511 13544 D NavServiceProvider: Detecting stop. distance_d=876.9385. stop_type=1 speed=0.0
02-28 09:09:49.872 13511 13544 D NavigationTest: 38: (28.069314, -82.414595, 0.000000)	R:false  F:false
02-28 09:09:49.872 13511 13544 D NavigationTest: 39: (28.069314, -82.414595, 0.000000)	R:false  F:false
02-28 09:09:49.872 13511 13544 D NavigationTest: 40: (28.069314, -82.414595, 0.000000)	R:false  F:false
02-28 09:09:49.872 13511 13544 D NavServiceProvider: Second to last stop coordinates: 28.069269, -82.423516
02-28 09:09:49.873 13511 13544 D NavServiceProvider: Setting units automatically
02-28 09:09:49.874 13511 13544 D NavServiceProvider: Detecting stop. distance_d=876.9385. stop_type=1 speed=0.0
02-28 09:09:49.874 13511 13544 D NavigationTest: 41: (28.069314, -82.414595, 0.000000)	R:false  F:false
02-28 09:09:49.874 13511 13544 D NavigationTest: 42: (28.069314, -82.414595, 0.000000)	R:false  F:false
02-28 09:09:49.874 13511 13544 D NavServiceProvider: Second to last stop coordinates: 28.069269, -82.423516
02-28 09:09:49.874 13511 13544 D NavServiceProvider: Setting units automatically
02-28 09:09:49.875 13511 13544 D NavServiceProvider: Detecting stop. distance_d=876.9385. stop_type=1 speed=0.0
02-28 09:09:49.875 13511 13544 D NavigationTest: 43: (28.069314, -82.414595, 0.000000)	R:false  F:false
02-28 09:09:49.875 13511 13544 D NavigationTest: 44: (28.069314, -82.414595, 0.000000)	R:false  F:false
02-28 09:09:49.875 13511 13544 D NavigationTest: 45: (28.069314, -82.414595, 0.000000)	R:false  F:false
02-28 09:09:49.875 13511 13544 D NavServiceProvider: Second to last stop coordinates: 28.069269, -82.423516
02-28 09:09:49.876 13511 13544 D NavServiceProvider: Setting units automatically
02-28 09:09:49.877 13511 13544 D NavServiceProvider: Detecting stop. distance_d=876.9385. stop_type=1 speed=0.0
02-28 09:09:49.877 13511 13544 D NavigationTest: 46: (28.069314, -82.414595, 0.000000)	R:false  F:false
02-28 09:09:49.877 13511 13544 D NavigationTest: 47: (28.069314, -82.414595, 0.000000)	R:false  F:false
02-28 09:09:49.877 13511 13544 D NavServiceProvider: Second to last stop coordinates: 28.069269, -82.423516
02-28 09:09:49.877 13511 13544 D NavServiceProvider: Setting units automatically
02-28 09:09:49.878 13511 13544 D NavServiceProvider: Detecting stop. distance_d=876.9385. stop_type=1 speed=0.0
02-28 09:09:49.878 13511 13544 D NavigationTest: 48: (28.069314, -82.414595, 0.000000)	R:false  F:false
02-28 09:09:49.878 13511 13544 D NavigationTest: 49: (28.069314, -82.414595, 0.000000)	R:false  F:false
02-28 09:09:49.878 13511 13544 D NavigationTest: 50: (28.069314, -82.414595, 0.000000)	R:false  F:false
02-28 09:09:49.878 13511 13544 D NavServiceProvider: Second to last stop coordinates: 28.069269, -82.423516
02-28 09:09:49.879 13511 13544 D NavServiceProvider: Setting units automatically
02-28 09:09:49.880 13511 13544 D NavServiceProvider: Detecting stop. distance_d=876.9385. stop_type=1 speed=0.0
02-28 09:09:49.880 13511 13544 D NavigationTest: 51: (28.069314, -82.414595, 0.000000)	R:false  F:false
02-28 09:09:49.880 13511 13544 D NavigationTest: 52: (28.069314, -82.414595, 0.000000)	R:false  F:false
02-28 09:09:49.880 13511 13544 D NavigationTest: 53: (28.069314, -82.414595, 0.000000)	R:false  F:false
02-28 09:09:49.880 13511 13544 D NavServiceProvider: Second to last stop coordinates: 28.069269, -82.423516
02-28 09:09:49.880 13511 13544 D NavServiceProvider: Setting units automatically
02-28 09:09:49.881 13511 13544 D NavServiceProvider: Detecting stop. distance_d=876.84015. stop_type=1 speed=0.0
02-28 09:09:49.882 13511 13544 D NavigationTest: 54: (28.069314, -82.414596, 0.000000)	R:false  F:false
02-28 09:09:49.882 13511 13544 D NavigationTest: 55: (28.069314, -82.414596, 0.000000)	R:false  F:false
02-28 09:09:49.882 13511 13544 D NavigationTest: 56: (28.069314, -82.414596, 0.000000)	R:false  F:false
02-28 09:09:49.882 13511 13544 D NavServiceProvider: Second to last stop coordinates: 28.069269, -82.423516
02-28 09:09:49.882 13511 13544 D NavServiceProvider: Setting units automatically
02-28 09:09:49.883 13511 13544 D NavServiceProvider: Detecting stop. distance_d=876.84015. stop_type=1 speed=0.0
02-28 09:09:49.883 13511 13544 D NavigationTest: 57: (28.069314, -82.414596, 0.000000)	R:false  F:false
02-28 09:09:49.883 13511 13544 D NavigationTest: 58: (28.069314, -82.414596, 0.000000)	R:false  F:false
02-28 09:09:49.883 13511 13544 D NavigationTest: 59: (28.069314, -82.414596, 0.000000)	R:false  F:false
02-28 09:09:49.883 13511 13544 D NavServiceProvider: Second to last stop coordinates: 28.069269, -82.423516
02-28 09:09:49.883 13511 13544 D NavServiceProvider: Setting units automatically
02-28 09:09:49.884 13511 13544 D NavServiceProvider: Detecting stop. distance_d=876.84015. stop_type=1 speed=0.0
02-28 09:09:49.884 13511 13544 D NavigationTest: 60: (28.069314, -82.414596, 0.000000)	R:false  F:false
02-28 09:09:49.885 13511 13544 D NavigationTest: 61: (28.069314, -82.414596, 0.000000)	R:false  F:false
02-28 09:09:49.885 13511 13544 D NavigationTest: 62: (28.069314, -82.414596, 0.000000)	R:false  F:false
02-28 09:09:49.885 13511 13544 D NavServiceProvider: Second to last stop coordinates: 28.069269, -82.423516
02-28 09:09:49.885 13511 13544 D NavServiceProvider: Setting units automatically
02-28 09:09:49.886 13511 13544 D NavServiceProvider: Detecting stop. distance_d=876.9404. stop_type=1 speed=0.33
02-28 09:09:49.886 13511 13544 D NavigationTest: 63: (28.069317, -82.414595, 0.330000)	R:false  F:false
02-28 09:09:49.886 13511 13544 D NavigationTest: 64: (28.069317, -82.414595, 0.330000)	R:false  F:false
02-28 09:09:49.886 13511 13544 D NavServiceProvider: Second to last stop coordinates: 28.069269, -82.423516
02-28 09:09:49.886 13511 13544 D NavServiceProvider: Setting units automatically
02-28 09:09:49.887 13511 13544 D NavServiceProvider: Detecting stop. distance_d=877.7275. stop_type=1 speed=0.0
02-28 09:09:49.887 13511 13544 D NavigationTest: 65: (28.069318, -82.414587, 0.000000)	R:false  F:false
02-28 09:09:49.887 13511 13544 D NavigationTest: 66: (28.069318, -82.414587, 0.000000)	R:false  F:false
02-28 09:09:49.887 13511 13544 D NavigationTest: 67: (28.069318, -82.414587, 0.000000)	R:false  F:false
02-28 09:09:49.887 13511 13544 D NavServiceProvider: Second to last stop coordinates: 28.069269, -82.423516
02-28 09:09:49.888 13511 13544 D NavServiceProvider: Setting units automatically
02-28 09:09:49.889 13511 13544 D NavServiceProvider: Detecting stop. distance_d=878.021. stop_type=1 speed=0.0
02-28 09:09:49.889 13511 13544 D NavigationTest: 68: (28.069316, -82.414584, 0.000000)	R:false  F:false
02-28 09:09:49.889 13511 13544 D NavigationTest: 69: (28.069316, -82.414584, 0.000000)	R:false  F:false
02-28 09:09:49.889 13511 13544 D NavigationTest: 70: (28.069316, -82.414584, 0.000000)	R:false  F:false
02-28 09:09:49.889 13511 13544 D NavServiceProvider: Second to last stop coordinates: 28.069269, -82.423516
02-28 09:09:49.889 13511 13544 D NavServiceProvider: Setting units automatically
02-28 09:09:49.890 13511 13544 D NavServiceProvider: Detecting stop. distance_d=878.11865. stop_type=1 speed=0.0
02-28 09:09:49.890 13511 13544 D NavigationTest: 71: (28.069315, -82.414583, 0.000000)	R:false  F:false
02-28 09:09:49.890 13511 13544 D NavigationTest: 72: (28.069315, -82.414583, 0.000000)	R:false  F:false
02-28 09:09:49.890 13511 13544 D NavServiceProvider: Second to last stop coordinates: 28.069269, -82.423516
02-28 09:09:49.891 13511 13544 D NavServiceProvider: Setting units automatically
02-28 09:09:49.892 13511 13544 D NavServiceProvider: Detecting stop. distance_d=877.92145. stop_type=1 speed=0.0
02-28 09:09:49.892 13511 13544 D NavigationTest: 73: (28.069314, -82.414585, 0.000000)	R:false  F:false
02-28 09:09:49.892 13511 13544 D NavigationTest: 74: (28.069314, -82.414585, 0.000000)	R:false  F:false
02-28 09:09:49.892 13511 13544 D NavigationTest: 75: (28.069314, -82.414585, 0.000000)	R:false  F:false
02-28 09:09:49.892 13511 13544 D NavServiceProvider: Second to last stop coordinates: 28.069269, -82.423516
02-28 09:09:49.892 13511 13544 D NavServiceProvider: Setting units automatically
02-28 09:09:49.893 13511 13544 D NavServiceProvider: Detecting stop. distance_d=877.72363. stop_type=1 speed=0.0
02-28 09:09:49.893 13511 13544 D NavigationTest: 76: (28.069312, -82.414587, 0.000000)	R:false  F:false
02-28 09:09:49.893 13511 13544 D NavigationTest: 77: (28.069312, -82.414587, 0.000000)	R:false  F:false
02-28 09:09:49.893 13511 13544 D NavigationTest: 78: (28.069312, -82.414587, 0.000000)	R:false  F:false
02-28 09:09:49.893 13511 13544 D NavServiceProvider: Second to last stop coordinates: 28.069269, -82.423516
02-28 09:09:49.894 13511 13544 D NavServiceProvider: Setting units automatically
02-28 09:09:49.895 13511 13544 D NavServiceProvider: Detecting stop. distance_d=877.33044. stop_type=1 speed=0.0
02-28 09:09:49.895 13511 13544 D NavigationTest: 79: (28.069312, -82.414591, 0.000000)	R:false  F:false
02-28 09:09:49.895 13511 13544 D NavigationTest: 80: (28.069312, -82.414591, 0.000000)	R:false  F:false
02-28 09:09:49.895 13511 13544 D NavServiceProvider: Second to last stop coordinates: 28.069269, -82.423516
02-28 09:09:49.895 13511 13544 D NavServiceProvider: Setting units automatically
02-28 09:09:49.896 13511 13544 D NavServiceProvider: Detecting stop. distance_d=877.03674. stop_type=1 speed=0.0
02-28 09:09:49.896 13511 13544 D NavigationTest: 81: (28.069314, -82.414594, 0.000000)	R:false  F:false
02-28 09:09:49.896 13511 13544 D NavigationTest: 82: (28.069314, -82.414594, 0.000000)	R:false  F:false
02-28 09:09:49.896 13511 13544 D NavigationTest: 83: (28.069314, -82.414594, 0.000000)	R:false  F:false
02-28 09:09:49.896 13511 13544 D NavServiceProvider: Second to last stop coordinates: 28.069269, -82.423516
02-28 09:09:49.897 13511 13544 D NavServiceProvider: Setting units automatically
02-28 09:09:49.898 13511 13544 D NavServiceProvider: Detecting stop. distance_d=876.7419. stop_type=1 speed=0.0
02-28 09:09:49.898 13511 13544 D NavigationTest: 84: (28.069314, -82.414597, 0.000000)	R:false  F:false
02-28 09:09:49.898 13511 13544 D NavigationTest: 85: (28.069314, -82.414597, 0.000000)	R:false  F:false
02-28 09:09:49.898 13511 13544 D NavigationTest: 86: (28.069314, -82.414597, 0.000000)	R:false  F:false
02-28 09:09:49.898 13511 13544 D NavServiceProvider: Second to last stop coordinates: 28.069269, -82.423516
02-28 09:09:49.898 13511 13544 D NavServiceProvider: Setting units automatically
02-28 09:09:49.899 13511 13544 D NavServiceProvider: Detecting stop. distance_d=876.5453. stop_type=1 speed=0.0
02-28 09:09:49.899 13511 13544 D NavigationTest: 87: (28.069314, -82.414599, 0.000000)	R:false  F:false
02-28 09:09:49.899 13511 13544 D NavigationTest: 88: (28.069314, -82.414599, 0.000000)	R:false  F:false
02-28 09:09:49.899 13511 13544 D NavServiceProvider: Second to last stop coordinates: 28.069269, -82.423516
02-28 09:09:49.900 13511 13544 D NavServiceProvider: Setting units automatically
02-28 09:09:49.901 13511 13544 D NavServiceProvider: Detecting stop. distance_d=876.44763. stop_type=1 speed=0.0
02-28 09:09:49.901 13511 13544 D NavigationTest: 89: (28.069315, -82.414600, 0.000000)	R:false  F:false
02-28 09:09:49.901 13511 13544 D NavigationTest: 90: (28.069315, -82.414600, 0.000000)	R:false  F:false
02-28 09:09:49.901 13511 13544 D NavigationTest: 91: (28.069315, -82.414600, 0.000000)	R:false  F:false
02-28 09:09:49.901 13511 13544 D NavServiceProvider: Second to last stop coordinates: 28.069269, -82.423516
02-28 09:09:49.901 13511 13544 D NavServiceProvider: Setting units automatically
02-28 09:09:49.902 13511 13544 D NavServiceProvider: Detecting stop. distance_d=876.3487. stop_type=1 speed=0.0
02-28 09:09:49.902 13511 13544 D NavigationTest: 92: (28.069314, -82.414601, 0.000000)	R:false  F:false
02-28 09:09:49.902 13511 13544 D NavigationTest: 93: (28.069314, -82.414601, 0.000000)	R:false  F:false
02-28 09:09:49.902 13511 13544 D NavServiceProvider: Second to last stop coordinates: 28.069269, -82.423516
02-28 09:09:49.902 13511 13544 D NavServiceProvider: Setting units automatically
02-28 09:09:49.903 13511 13544 D NavServiceProvider: Detecting stop. distance_d=876.3481. stop_type=1 speed=0.0
02-28 09:09:49.904 13511 13544 D NavigationTest: 94: (28.069313, -82.414601, 0.000000)	R:false  F:false
02-28 09:09:49.904 13511 13544 D NavigationTest: 95: (28.069313, -82.414601, 0.000000)	R:false  F:false
02-28 09:09:49.904 13511 13544 D NavigationTest: 96: (28.069313, -82.414601, 0.000000)	R:false  F:false
02-28 09:09:49.904 13511 13544 D NavServiceProvider: Second to last stop coordinates: 28.069269, -82.423516
02-28 09:09:49.904 13511 13544 D NavServiceProvider: Setting units automatically
02-28 09:09:49.905 13511 13544 D NavServiceProvider: Detecting stop. distance_d=876.3475. stop_type=1 speed=0.0
02-28 09:09:49.905 13511 13544 D NavigationTest: 97: (28.069312, -82.414601, 0.000000)	R:false  F:false
02-28 09:09:49.905 13511 13544 D NavigationTest: 98: (28.069312, -82.414601, 0.000000)	R:false  F:false
02-28 09:09:49.905 13511 13544 D NavigationTest: 99: (28.069312, -82.414601, 0.000000)	R:false  F:false
02-28 09:09:49.905 13511 13544 D NavServiceProvider: Second to last stop coordinates: 28.069269, -82.423516
02-28 09:09:49.905 13511 13544 D NavServiceProvider: Setting units automatically
02-28 09:09:49.906 13511 13544 D NavServiceProvider: Detecting stop. distance_d=876.3475. stop_type=1 speed=0.0
02-28 09:09:49.906 13511 13544 D NavigationTest: 100: (28.069312, -82.414601, 0.000000)	R:false  F:false
02-28 09:09:49.906 13511 13544 D NavigationTest: 101: (28.069312, -82.414601, 0.000000)	R:false  F:false
02-28 09:09:49.907 13511 13544 D NavigationTest: 102: (28.069312, -82.414601, 0.000000)	R:false  F:false
02-28 09:09:49.907 13511 13544 D NavServiceProvider: Second to last stop coordinates: 28.069269, -82.423516
02-28 09:09:49.907 13511 13544 D NavServiceProvider: Setting units automatically
02-28 09:09:49.908 13511 13544 D NavServiceProvider: Detecting stop. distance_d=876.3475. stop_type=1 speed=0.0
02-28 09:09:49.908 13511 13544 D NavigationTest: 103: (28.069312, -82.414601, 0.000000)	R:false  F:false
02-28 09:09:49.908 13511 13544 D NavigationTest: 104: (28.069312, -82.414601, 0.000000)	R:false  F:false
02-28 09:09:49.908 13511 13544 D NavigationTest: 105: (28.069312, -82.414601, 0.000000)	R:false  F:false
02-28 09:09:49.908 13511 13544 D NavServiceProvider: Second to last stop coordinates: 28.069269, -82.423516
02-28 09:09:49.908 13511 13544 D NavServiceProvider: Setting units automatically
02-28 09:09:49.909 13511 13544 D NavServiceProvider: Detecting stop. distance_d=876.44574. stop_type=1 speed=0.0
02-28 09:09:49.910 13511 13544 D NavigationTest: 106: (28.069312, -82.414600, 0.000000)	R:false  F:false
02-28 09:09:49.910 13511 13544 D NavigationTest: 107: (28.069312, -82.414600, 0.000000)	R:false  F:false
02-28 09:09:49.910 13511 13544 D NavigationTest: 108: (28.069312, -82.414600, 0.000000)	R:false  F:false
02-28 09:09:49.910 13511 13544 D NavServiceProvider: Second to last stop coordinates: 28.069269, -82.423516
02-28 09:09:49.910 13511 13544 D NavServiceProvider: Setting units automatically
02-28 09:09:49.911 13511 13544 D NavServiceProvider: Detecting stop. distance_d=876.4451. stop_type=1 speed=0.0
02-28 09:09:49.911 13511 13544 D NavigationTest: 109: (28.069311, -82.414600, 0.000000)	R:false  F:false
02-28 09:09:49.911 13511 13544 D NavigationTest: 110: (28.069311, -82.414600, 0.000000)	R:false  F:false
02-28 09:09:49.911 13511 13544 D NavServiceProvider: Second to last stop coordinates: 28.069269, -82.423516
02-28 09:09:49.911 13511 13544 D NavServiceProvider: Setting units automatically
02-28 09:09:49.912 13511 13544 D NavServiceProvider: Detecting stop. distance_d=876.4451. stop_type=1 speed=0.0
02-28 09:09:49.912 13511 13544 D NavigationTest: 111: (28.069311, -82.414600, 0.000000)	R:false  F:false
02-28 09:09:49.912 13511 13544 D NavigationTest: 112: (28.069311, -82.414600, 0.000000)	R:false  F:false
02-28 09:09:49.913 13511 13544 D NavigationTest: 113: (28.069311, -82.414600, 0.000000)	R:false  F:false
02-28 09:09:49.913 13511 13544 D NavServiceProvider: Second to last stop coordinates: 28.069269, -82.423516
02-28 09:09:49.913 13511 13544 D NavServiceProvider: Setting units automatically
02-28 09:09:49.914 13511 13544 D NavServiceProvider: Detecting stop. distance_d=876.4451. stop_type=1 speed=0.0
02-28 09:09:49.914 13511 13544 D NavigationTest: 114: (28.069311, -82.414600, 0.000000)	R:false  F:false
02-28 09:09:49.914 13511 13544 D NavigationTest: 115: (28.069311, -82.414600, 0.000000)	R:false  F:false
02-28 09:09:49.914 13511 13544 D NavigationTest: 116: (28.069311, -82.414600, 0.000000)	R:false  F:false
02-28 09:09:49.914 13511 13544 D NavServiceProvider: Second to last stop coordinates: 28.069269, -82.423516
02-28 09:09:49.914 13511 13544 D NavServiceProvider: Setting units automatically
02-28 09:09:49.915 13511 13544 D NavServiceProvider: Detecting stop. distance_d=876.4451. stop_type=1 speed=0.0
02-28 09:09:49.915 13511 13544 D NavigationTest: 117: (28.069311, -82.414600, 0.000000)	R:false  F:false
02-28 09:09:49.915 13511 13544 D NavigationTest: 118: (28.069311, -82.414600, 0.000000)	R:false  F:false
02-28 09:09:49.915 13511 13544 D NavigationTest: 119: (28.069311, -82.414600, 0.000000)	R:false  F:false
02-28 09:09:49.915 13511 13544 D NavServiceProvider: Second to last stop coordinates: 28.069269, -82.423516
02-28 09:09:49.916 13511 13544 D NavServiceProvider: Setting units automatically
02-28 09:09:49.917 13511 13544 D NavServiceProvider: Detecting stop. distance_d=876.4451. stop_type=1 speed=0.0
02-28 09:09:49.917 13511 13544 D NavigationTest: 120: (28.069311, -82.414600, 0.000000)	R:false  F:false
02-28 09:09:49.917 13511 13544 D NavigationTest: 121: (28.069311, -82.414600, 0.000000)	R:false  F:false
02-28 09:09:49.917 13511 13544 D NavServiceProvider: Second to last stop coordinates: 28.069269, -82.423516
02-28 09:09:49.917 13511 13544 D NavServiceProvider: Setting units automatically
02-28 09:09:49.918 13511 13544 D NavServiceProvider: Detecting stop. distance_d=876.4451. stop_type=1 speed=0.0
02-28 09:09:49.918 13511 13544 D NavigationTest: 122: (28.069311, -82.414600, 0.000000)	R:false  F:false
02-28 09:09:49.918 13511 13544 D NavigationTest: 123: (28.069311, -82.414600, 0.000000)	R:false  F:false
02-28 09:09:49.918 13511 13544 D NavigationTest: 124: (28.069311, -82.414600, 0.000000)	R:false  F:false
02-28 09:09:49.918 13511 13544 D NavServiceProvider: Second to last stop coordinates: 28.069269, -82.423516
02-28 09:09:49.919 13511 13544 D NavServiceProvider: Setting units automatically
02-28 09:09:49.920 13511 13544 D NavServiceProvider: Detecting stop. distance_d=876.4451. stop_type=1 speed=0.0
02-28 09:09:49.920 13511 13544 D NavigationTest: 125: (28.069311, -82.414600, 0.000000)	R:false  F:false
02-28 09:09:49.920 13511 13544 D NavigationTest: 126: (28.069311, -82.414600, 0.000000)	R:false  F:false
02-28 09:09:49.920 13511 13544 D NavServiceProvider: Second to last stop coordinates: 28.069269, -82.423516
02-28 09:09:49.920 13511 13544 D NavServiceProvider: Setting units automatically
02-28 09:09:49.921 13511 13544 D NavServiceProvider: Detecting stop. distance_d=876.4451. stop_type=1 speed=0.0
02-28 09:09:49.921 13511 13544 D NavigationTest: 127: (28.069311, -82.414600, 0.000000)	R:false  F:false
02-28 09:09:49.921 13511 13544 D NavigationTest: 128: (28.069311, -82.414600, 0.000000)	R:false  F:false
02-28 09:09:49.921 13511 13544 D NavigationTest: 129: (28.069311, -82.414600, 0.000000)	R:false  F:false
02-28 09:09:49.921 13511 13544 D NavServiceProvider: Second to last stop coordinates: 28.069269, -82.423516
02-28 09:09:49.922 13511 13544 D NavServiceProvider: Setting units automatically
02-28 09:09:49.923 13511 13544 D NavServiceProvider: Detecting stop. distance_d=876.4451. stop_type=1 speed=0.0
02-28 09:09:49.923 13511 13544 D NavigationTest: 130: (28.069311, -82.414600, 0.000000)	R:false  F:false
02-28 09:09:49.923 13511 13544 D NavigationTest: 131: (28.069311, -82.414600, 0.000000)	R:false  F:false
02-28 09:09:49.923 13511 13544 D NavigationTest: 132: (28.069311, -82.414600, 0.000000)	R:false  F:false
02-28 09:09:49.923 13511 13544 D NavServiceProvider: Second to last stop coordinates: 28.069269, -82.423516
02-28 09:09:49.923 13511 13544 D NavServiceProvider: Setting units automatically
02-28 09:09:49.924 13511 13544 D NavServiceProvider: Detecting stop. distance_d=876.4451. stop_type=1 speed=0.0
02-28 09:09:49.924 13511 13544 D NavigationTest: 133: (28.069311, -82.414600, 0.000000)	R:false  F:false
02-28 09:09:49.924 13511 13544 D NavigationTest: 134: (28.069311, -82.414600, 0.000000)	R:false  F:false
02-28 09:09:49.924 13511 13544 D NavServiceProvider: Second to last stop coordinates: 28.069269, -82.423516
02-28 09:09:49.925 13511 13544 D NavServiceProvider: Setting units automatically
02-28 09:09:49.926 13511 13544 D NavServiceProvider: Detecting stop. distance_d=876.4451. stop_type=1 speed=0.0
02-28 09:09:49.926 13511 13544 D NavigationTest: 135: (28.069311, -82.414600, 0.000000)	R:false  F:false
02-28 09:09:49.926 13511 13544 D NavigationTest: 136: (28.069311, -82.414600, 0.000000)	R:false  F:false
02-28 09:09:49.926 13511 13544 D NavigationTest: 137: (28.069311, -82.414600, 0.000000)	R:false  F:false
02-28 09:09:49.926 13511 13544 D NavServiceProvider: Second to last stop coordinates: 28.069269, -82.423516
02-28 09:09:49.926 13511 13544 D NavServiceProvider: Setting units automatically
02-28 09:09:49.927 13511 13544 D NavServiceProvider: Detecting stop. distance_d=876.4451. stop_type=1 speed=0.0
02-28 09:09:49.928 13511 13544 D NavigationTest: 138: (28.069311, -82.414600, 0.000000)	R:false  F:false
02-28 09:09:49.928 13511 13544 D NavigationTest: 139: (28.069311, -82.414600, 0.000000)	R:false  F:false
02-28 09:09:49.928 13511 13544 D NavServiceProvider: Second to last stop coordinates: 28.069269, -82.423516
02-28 09:09:49.928 13511 13544 D NavServiceProvider: Setting units automatically
02-28 09:09:49.929 13511 13544 D NavServiceProvider: Detecting stop. distance_d=876.4451. stop_type=1 speed=0.0
02-28 09:09:49.929 13511 13544 D NavigationTest: 140: (28.069311, -82.414600, 0.000000)	R:false  F:false
02-28 09:09:49.929 13511 13544 D NavigationTest: 141: (28.069311, -82.414600, 0.000000)	R:false  F:false
02-28 09:09:49.929 13511 13544 D NavigationTest: 142: (28.069311, -82.414600, 0.000000)	R:false  F:false
02-28 09:09:49.929 13511 13544 D NavServiceProvider: Second to last stop coordinates: 28.069269, -82.423516
02-28 09:09:49.930 13511 13544 D NavServiceProvider: Setting units automatically
02-28 09:09:49.931 13511 13544 D NavServiceProvider: Detecting stop. distance_d=876.4446. stop_type=1 speed=0.0
02-28 09:09:49.931 13511 13544 D NavigationTest: 143: (28.069310, -82.414600, 0.000000)	R:false  F:false
02-28 09:09:49.931 13511 13544 D NavigationTest: 144: (28.069310, -82.414600, 0.000000)	R:false  F:false
02-28 09:09:49.931 13511 13544 D NavigationTest: 145: (28.069310, -82.414600, 0.000000)	R:false  F:false
02-28 09:09:49.931 13511 13544 D NavigationTest: 146: (28.069310, -82.414600, 0.000000)	R:false  F:false
02-28 09:09:49.931 13511 13544 D NavigationTest: 147: (28.069310, -82.414600, 0.000000)	R:false  F:false
02-28 09:09:49.931 13511 13544 D NavServiceProvider: Second to last stop coordinates: 28.069269, -82.423516
02-28 09:09:49.931 13511 13544 D NavServiceProvider: Setting units automatically
02-28 09:09:49.933 13511 13544 D NavServiceProvider: Detecting stop. distance_d=876.4446. stop_type=1 speed=0.0
02-28 09:09:49.933 13511 13544 D NavigationTest: 148: (28.069310, -82.414600, 0.000000)	R:false  F:false
02-28 09:09:49.933 13511 13544 D NavigationTest: 149: (28.069310, -82.414600, 0.000000)	R:false  F:false
02-28 09:09:49.933 13511 13544 D NavServiceProvider: Second to last stop coordinates: 28.069269, -82.423516
02-28 09:09:49.933 13511 13544 D NavServiceProvider: Setting units automatically
02-28 09:09:49.934 13511 13544 D NavServiceProvider: Detecting stop. distance_d=876.4446. stop_type=1 speed=0.0
02-28 09:09:49.934 13511 13544 D NavigationTest: 150: (28.069310, -82.414600, 0.000000)	R:false  F:false
02-28 09:09:49.934 13511 13544 D NavigationTest: 151: (28.069310, -82.414600, 0.000000)	R:false  F:false
02-28 09:09:49.934 13511 13544 D NavigationTest: 152: (28.069310, -82.414600, 0.000000)	R:false  F:false
02-28 09:09:49.934 13511 13544 D NavServiceProvider: Second to last stop coordinates: 28.069269, -82.423516
02-28 09:09:49.935 13511 13544 D NavServiceProvider: Setting units automatically
02-28 09:09:49.935 13511 13544 D NavServiceProvider: Detecting stop. distance_d=876.4446. stop_type=1 speed=0.0
02-28 09:09:49.936 13511 13544 D NavigationTest: 153: (28.069310, -82.414600, 0.000000)	R:false  F:false
02-28 09:09:49.936 13511 13544 D NavigationTest: 154: (28.069310, -82.414600, 0.000000)	R:false  F:false
02-28 09:09:49.936 13511 13544 D NavServiceProvider: Second to last stop coordinates: 28.069269, -82.423516
02-28 09:09:49.936 13511 13544 D NavServiceProvider: Setting units automatically
02-28 09:09:49.937 13511 13544 D NavServiceProvider: Detecting stop. distance_d=876.4446. stop_type=1 speed=0.0
02-28 09:09:49.937 13511 13544 D NavigationTest: 155: (28.069310, -82.414600, 0.000000)	R:false  F:false
02-28 09:09:49.937 13511 13544 D NavigationTest: 156: (28.069310, -82.414600, 0.000000)	R:false  F:false
02-28 09:09:49.937 13511 13544 D NavigationTest: 157: (28.069310, -82.414600, 0.000000)	R:false  F:false
02-28 09:09:49.937 13511 13544 D NavServiceProvider: Second to last stop coordinates: 28.069269, -82.423516
02-28 09:09:49.937 13511 13544 D NavServiceProvider: Setting units automatically
02-28 09:09:49.938 13511 13544 D NavServiceProvider: Detecting stop. distance_d=876.4446. stop_type=1 speed=0.0
02-28 09:09:49.938 13511 13544 D NavigationTest: 158: (28.069310, -82.414600, 0.000000)	R:false  F:false
02-28 09:09:49.938 13511 13544 D NavigationTest: 159: (28.069310, -82.414600, 0.000000)	R:false  F:false
02-28 09:09:49.938 13511 13544 D NavigationTest: 160: (28.069310, -82.414600, 0.000000)	R:false  F:false
02-28 09:09:49.939 13511 13544 D NavServiceProvider: Second to last stop coordinates: 28.069269, -82.423516
02-28 09:09:49.939 13511 13544 D NavServiceProvider: Setting units automatically
02-28 09:09:49.940 13511 13544 D NavServiceProvider: Detecting stop. distance_d=876.4446. stop_type=1 speed=0.0
02-28 09:09:49.940 13511 13544 D NavigationTest: 161: (28.069310, -82.414600, 0.000000)	R:false  F:false
02-28 09:09:49.940 13511 13544 D NavigationTest: 162: (28.069310, -82.414600, 0.000000)	R:false  F:false
02-28 09:09:49.940 13511 13544 D NavServiceProvider: Second to last stop coordinates: 28.069269, -82.423516
02-28 09:09:49.940 13511 13544 D NavServiceProvider: Setting units automatically
02-28 09:09:49.941 13511 13544 D NavServiceProvider: Detecting stop. distance_d=876.4446. stop_type=1 speed=0.0
02-28 09:09:49.941 13511 13544 D NavigationTest: 163: (28.069310, -82.414600, 0.000000)	R:false  F:false
02-28 09:09:49.941 13511 13544 D NavigationTest: 164: (28.069310, -82.414600, 0.000000)	R:false  F:false
02-28 09:09:49.941 13511 13544 D NavigationTest: 165: (28.069310, -82.414600, 0.000000)	R:false  F:false
02-28 09:09:49.941 13511 13544 D NavServiceProvider: Second to last stop coordinates: 28.069269, -82.423516
02-28 09:09:49.942 13511 13544 D NavServiceProvider: Setting units automatically
02-28 09:09:49.943 13511 13544 D NavServiceProvider: Detecting stop. distance_d=876.4446. stop_type=1 speed=0.0
02-28 09:09:49.943 13511 13544 D NavigationTest: 166: (28.069310, -82.414600, 0.000000)	R:false  F:false
02-28 09:09:49.943 13511 13544 D NavigationTest: 167: (28.069310, -82.414600, 0.000000)	R:false  F:false
02-28 09:09:49.943 13511 13544 D NavigationTest: 168: (28.069310, -82.414600, 0.000000)	R:false  F:false
02-28 09:09:49.943 13511 13544 D NavServiceProvider: Second to last stop coordinates: 28.069269, -82.423516
02-28 09:09:49.943 13511 13544 D NavServiceProvider: Setting units automatically
02-28 09:09:49.944 13511 13544 D NavServiceProvider: Detecting stop. distance_d=876.3463. stop_type=1 speed=0.0
02-28 09:09:49.944 13511 13544 D NavigationTest: 169: (28.069310, -82.414601, 0.000000)	R:false  F:false
02-28 09:09:49.944 13511 13544 D NavigationTest: 170: (28.069310, -82.414601, 0.000000)	R:false  F:false
02-28 09:09:49.944 13511 13544 D NavServiceProvider: Second to last stop coordinates: 28.069269, -82.423516
02-28 09:09:49.945 13511 13544 D NavServiceProvider: Setting units automatically
02-28 09:09:49.946 13511 13544 D NavServiceProvider: Detecting stop. distance_d=876.3463. stop_type=1 speed=0.0
02-28 09:09:49.946 13511 13544 D NavigationTest: 171: (28.069310, -82.414601, 0.000000)	R:false  F:false
02-28 09:09:49.946 13511 13544 D NavigationTest: 172: (28.069310, -82.414601, 0.000000)	R:false  F:false
02-28 09:09:49.946 13511 13544 D NavigationTest: 173: (28.069310, -82.414601, 0.000000)	R:false  F:false
02-28 09:09:49.946 13511 13544 D NavServiceProvider: Second to last stop coordinates: 28.069269, -82.423516
02-28 09:09:49.946 13511 13544 D NavServiceProvider: Setting units automatically
02-28 09:09:49.947 13511 13544 D NavServiceProvider: Detecting stop. distance_d=876.3463. stop_type=1 speed=0.0
02-28 09:09:49.947 13511 13544 D NavigationTest: 174: (28.069310, -82.414601, 0.000000)	R:false  F:false
02-28 09:09:49.947 13511 13544 D NavigationTest: 175: (28.069310, -82.414601, 0.000000)	R:false  F:false
02-28 09:09:49.947 13511 13544 D NavigationTest: 176: (28.069310, -82.414601, 0.000000)	R:false  F:false
02-28 09:09:49.947 13511 13544 D NavServiceProvider: Second to last stop coordinates: 28.069269, -82.423516
02-28 09:09:49.947 13511 13544 D NavServiceProvider: Setting units automatically
