02-28 09:09:30.505 13511 13544 I TestRunner: started: testTrip15C(org.onebusaway.android.nav.test.NavigationTest)
02-28 09:09:30.506 13511 13511 I MonitoringInstr: Activities that are still in CREATED to STOPPED: 0
02-28 09:09:30.513 13511 13544 D NavServiceProvider: Creating NavigationServiceProvider...
02-28 09:09:30.513 13511 13544 D NavServiceProvider: Starting navigation for service
02-28 09:09:30.513 13511 13544 D NavServiceProvider: ProximityCalculator initializing...
02-28 09:09:30.513 13511 13544 D NavServiceProvider: Initializing ProximityCalculator
02-28 09:09:30.513 13511 13544 D NavServiceProvider: Number of path links: 1
02-28 09:09:30.513 13511 13544 D NavServiceProvider: Second to last stop coordinates: 28.032462, -82.426948
02-28 09:09:30.514 13511 13544 D NavServiceProvider: Setting units automatically
02-28 09:09:30.515 13511 13544 D NavServiceProvider: Detecting stop. distance_d=1995.7294. stop_type=1 speed=10.07
02-28 09:09:30.516 13511 13544 D NavigationTest: 0: (28.032700, -82.447242, 10.070000)	R:false  F:false
02-28 09:09:30.516 13511 13544 D NavigationTest: 1: (28.032700, -82.447242, 10.070000)	R:false  F:false
02-28 09:09:30.516 13511 13544 D NavigationTest: 2: (28.032700, -82.447242, 10.070000)	R:false  F:false
02-28 09:09:30.516 13511 13544 D NavServiceProvider: Second to last stop coordinates: 28.032462, -82.426948
02-28 09:09:30.516 13511 13544 D NavServiceProvider: Setting units automatically
02-28 09:09:30.517 13511 13544 D NavServiceProvider: Detecting stop. distance_d=1985.5905. stop_type=1 speed=10.500005
02-28 09:09:30.517 13511 13544 D NavigationTest: 3: (28.032692, -82.447139, 10.500005)	R:false  F:false
02-28 09:09:30.517 13511 13544 D NavigationTest: 4: (28.032692, -82.447139, 10.500005)	R:false  F:false
02-28 09:09:30.517 13511 13544 D NavServiceProvider: Second to last stop coordinates: 28.032462, -82.426948
02-28 09:09:30.518 13511 13544 D NavServiceProvider: Setting units automatically
02-28 09:09:30.522 13511 13544 D NavServiceProvider: Detecting stop. distance_d=1974.3635. stop_type=1 speed=11.353382
02-28 09:09:30.522 13511 13544 D NavigationTest: 5: (28.032679, -82.447025, 11.353382)	R:false  F:false
02-28 09:09:30.522 13511 13544 D NavServiceProvider: Second to last stop coordinates: 28.032462, -82.426948
02-28 09:09:30.522 13511 13544 D NavServiceProvider: Setting units automatically
02-28 09:09:30.524 13511 13544 D NavServiceProvider: Detecting stop. distance_d=1962.7429. stop_type=1 speed=11.62687
02-28 09:09:30.524 13511 13544 D NavigationTest: 6: (28.032665, -82.446907, 11.626870)	R:false  F:false
02-28 09:09:30.524 13511 13544 D NavigationTest: 7: (28.032665, -82.446907, 11.626870)	R:false  F:false
02-28 09:09:30.524 13511 13544 D NavServiceProvider: Second to last stop coordinates: 28.032462, -82.426948
02-28 09:09:30.524 13511 13544 D NavServiceProvider: Setting units automatically
02-28 09:09:30.526 13511 13544 D NavServiceProvider: Detecting stop. distance_d=1951.8152. stop_type=1 speed=11.100073
02-28 09:09:30.526 13511 13544 D NavigationTest: 8: (28.032654, -82.446796, 11.100073)	R:false  F:false
02-28 09:09:30.526 13511 13544 D NavigationTest: 9: (28.032654, -82.446796, 11.100073)	R:false  F:false
02-28 09:09:30.526 13511 13544 D NavServiceProvider: Second to last stop coordinates: 28.032462, -82.426948
02-28 09:09:30.526 13511 13544 D NavServiceProvider: Setting units automatically
02-28 09:09:30.527 13511 13544 D NavServiceProvider: Detecting stop. distance_d=1940.6783. stop_type=1 speed=10.940041
02-28 09:09:30.527 13511 13544 D NavigationTest: 10: (28.032631, -82.446683, 10.940041)	R:false  F:false
02-28 09:09:30.527 13511 13544 D NavigationTest: 11: (28.032631, -82.446683, 10.940041)	R:false  F:false
02-28 09:09:30.527 13511 13544 D NavServiceProvider: Second to last stop coordinates: 28.032462, -82.426948
02-28 09:09:30.528 13511 13544 D NavServiceProvider: Setting units automatically
02-28 09:09:30.529 13511 13544 D NavServiceProvider: Detecting stop. distance_d=1930.8445. stop_type=1 speed=10.510804
02-28 09:09:30.529 13511 13544 D NavigationTest: 12: (28.032630, -82.446583, 10.510804)	R:false  F:false
02-28 09:09:30.529 13511 13544 D NavServiceProvider: Second to last stop coordinates: 28.032462, -82.426948
02-28 09:09:30.529 13511 13544 D NavServiceProvider: Setting units automatically
02-28 09:09:30.530 13511 13544 D NavServiceProvider: Detecting stop. distance_d=1916.7902. stop_type=1 speed=12.110003
02-28 09:09:30.530 13511 13544 D NavigationTest: 13: (28.032636, -82.446440, 12.110003)	R:false  F:false
02-28 09:09:30.531 13511 13544 D NavigationTest: 14: (28.032636, -82.446440, 12.110003)	R:false  F:false
02-28 09:09:30.531 13511 13544 D NavServiceProvider: Second to last stop coordinates: 28.032462, -82.426948
02-28 09:09:30.531 13511 13544 D NavServiceProvider: Setting units automatically
02-28 09:09:30.532 13511 13544 D NavServiceProvider: Detecting stop. distance_d=1903.1118. stop_type=1 speed=12.830015
02-28 09:09:30.532 13511 13544 D NavigationTest: 15: (28.032626, -82.446301, 12.830015)	R:false  F:false
02-28 09:09:30.532 13511 13544 D NavigationTest: 16: (28.032626, -82.446301, 12.830015)	R:false  F:false
02-28 09:09:30.532 13511 13544 D NavServiceProvider: Second to last stop coordinates: 28.032462, -82.426948
02-28 09:09:30.532 13511 13544 D NavServiceProvider: Setting units automatically
02-28 09:09:30.533 13511 13544 D NavServiceProvider: Detecting stop. distance_d=1890.7438. stop_type=1 speed=12.710063
02-28 09:09:30.533 13511 13544 D NavigationTest: 17: (28.032645, -82.446175, 12.710063)	R:false  F:false
02-28 09:09:30.533 13511 13544 D NavigationTest: 18: (28.032645, -82.446175, 12.710063)	R:false  F:false
02-28 09:09:30.534 13511 13544 D NavServiceProvider: Second to last stop coordinates: 28.032462, -82.426948
02-28 09:09:30.534 13511 13544 D NavServiceProvider: Setting units automatically
02-28 09:09:30.535 13511 13544 D NavServiceProvider: Detecting stop. distance_d=1877.597. stop_type=1 speed=13.340135
02-28 09:09:30.535 13511 13544 D NavigationTest: 19: (28.032668, -82.446041, 13.340135)	R:false  F:false
02-28 09:09:30.535 13511 13544 D NavigationTest: 20: (28.032668, -82.446041, 13.340135)	R:false  F:false
02-28 09:09:30.535 13511 13544 D NavServiceProvider: Second to last stop coordinates: 28.032462, -82.426948
02-28 09:09:30.536 13511 13544 D NavServiceProvider: Setting units automatically
02-28 09:09:30.537 13511 13544 D NavServiceProvider: Detecting stop. distance_d=1865.393. stop_type=1 speed=13.600015
02-28 09:09:30.537 13511 13544 D NavigationTest: 21: (28.032659, -82.445917, 13.600015)	R:false  F:false
02-28 09:09:30.537 13511 13544 D NavigationTest: 22: (28.032659, -82.445917, 13.600015)	R:false  F:false
02-28 09:09:30.537 13511 13544 D NavServiceProvider: Second to last stop coordinates: 28.032462, -82.426948
02-28 09:09:30.538 13511 13544 D NavServiceProvider: Setting units automatically
02-28 09:09:30.539 13511 13544 D NavServiceProvider: Detecting stop. distance_d=1851.1517. stop_type=1 speed=13.820014
02-28 09:09:30.539 13511 13544 D NavigationTest: 23: (28.032671, -82.445772, 13.820014)	R:false  F:false
02-28 09:09:30.539 13511 13544 D NavServiceProvider: Second to last stop coordinates: 28.032462, -82.426948
02-28 09:09:30.540 13511 13544 D NavServiceProvider: Setting units automatically
02-28 09:09:30.541 13511 13544 D NavServiceProvider: Detecting stop. distance_d=1836.2092. stop_type=1 speed=14.160056
02-28 09:09:30.542 13511 13544 D NavigationTest: 24: (28.032673, -82.445620, 14.160056)	R:false  F:false
02-28 09:09:30.542 13511 13544 D NavigationTest: 25: (28.032673, -82.445620, 14.160056)	R:false  F:false
02-28 09:09:30.542 13511 13544 D NavServiceProvider: Second to last stop coordinates: 28.032462, -82.426948
02-28 09:09:30.542 13511 13544 D NavServiceProvider: Setting units automatically
02-28 09:09:30.544 13511 13544 D NavServiceProvider: Detecting stop. distance_d=1821.2269. stop_type=1 speed=14.890336
02-28 09:09:30.544 13511 13544 D NavigationTest: 26: (28.032645, -82.445468, 14.890336)	R:false  F:false
02-28 09:09:30.544 13511 13544 D NavigationTest: 27: (28.032645, -82.445468, 14.890336)	R:false  F:false
02-28 09:09:30.544 13511 13544 D NavServiceProvider: Second to last stop coordinates: 28.032462, -82.426948
02-28 09:09:30.544 13511 13544 D NavServiceProvider: Setting units automatically
02-28 09:09:30.546 13511 13544 D NavServiceProvider: Detecting stop. distance_d=1806.9797. stop_type=1 speed=14.3
02-28 09:09:30.546 13511 13544 D NavigationTest: 28: (28.032653, -82.445323, 14.300000)	R:false  F:false
02-28 09:09:30.546 13511 13544 D NavServiceProvider: Second to last stop coordinates: 28.032462, -82.426948
02-28 09:09:30.547 13511 13544 D NavServiceProvider: Setting units automatically
02-28 09:09:30.548 13511 13544 D NavServiceProvider: Detecting stop. distance_d=1793.9327. stop_type=1 speed=14.140173
02-28 09:09:30.548 13511 13544 D NavigationTest: 29: (28.032675, -82.445190, 14.140173)	R:false  F:false
02-28 09:09:30.549 13511 13544 D NavigationTest: 30: (28.032675, -82.445190, 14.140173)	R:false  F:false
02-28 09:09:30.549 13511 13544 D NavServiceProvider: Second to last stop coordinates: 28.032462, -82.426948
02-28 09:09:30.549 13511 13544 D NavServiceProvider: Setting units automatically
02-28 09:09:30.550 13579 13612 W EventProcessor: callback.start() returned error code: -1
02-28 09:09:30.551 13511 13544 D NavServiceProvider: Detecting stop. distance_d=1780.5787. stop_type=1 speed=13.680297
02-28 09:09:30.551 13511 13544 D NavigationTest: 31: (28.032687, -82.445054, 13.680297)	R:false  F:false
02-28 09:09:30.551 13511 13544 D NavigationTest: 32: (28.032687, -82.445054, 13.680297)	R:false  F:false
02-28 09:09:30.551 13511 13544 D NavServiceProvider: Second to last stop coordinates: 28.032462, -82.426948
02-28 09:09:30.552 13511 13544 D NavServiceProvider: Setting units automatically
02-28 09:09:30.553 13511 13544 D NavServiceProvider: Detecting stop. distance_d=1766.5844. stop_type=1 speed=13.580368
02-28 09:09:30.554 13511 13544 D NavigationTest: 33: (28.032665, -82.444912, 13.580368)	R:false  F:false
02-28 09:09:30.554 13511 13544 D NavigationTest: 34: (28.032665, -82.444912, 13.580368)	R:false  F:false
02-28 09:09:30.554 13511 13544 D NavServiceProvider: Second to last stop coordinates: 28.032462, -82.426948
02-28 09:09:30.554 13511 13544 D NavServiceProvider: Setting units automatically
02-28 09:09:30.555 13511 13544 D NavServiceProvider: Detecting stop. distance_d=1754.1254. stop_type=1 speed=13.810004
02-28 09:09:30.556 13511 13544 D NavigationTest: 35: (28.032684, -82.444785, 13.810004)	R:false  F:false
02-28 09:09:30.556 13511 13544 D NavigationTest: 36: (28.032684, -82.444785, 13.810004)	R:false  F:false
02-28 09:09:30.556 13511 13544 D NavServiceProvider: Second to last stop coordinates: 28.032462, -82.426948
02-28 09:09:30.556 13511 13544 D NavServiceProvider: Setting units automatically
02-28 09:09:30.557 13511 13544 D NavServiceProvider: Detecting stop. distance_d=1739.1028. stop_type=1 speed=14.180088
02-28 09:09:30.557 13511 13544 D NavigationTest: 37: (28.032697, -82.444632, 14.180088)	R:false  F:false
02-28 09:09:30.557 13511 13544 D NavServiceProvider: Second to last stop coordinates: 28.032462, -82.426948
02-28 09:09:30.558 13511 13544 D NavServiceProvider: Setting units automatically
02-28 09:09:30.559 13511 13544 D NavServiceProvider: Detecting stop. distance_d=1724.8341. stop_type=1 speed=14.520496
02-28 09:09:30.559 13511 13544 D NavigationTest: 38: (28.032744, -82.444486, 14.520496)	R:false  F:false
02-28 09:09:30.559 13511 13544 D NavigationTest: 39: (28.032744, -82.444486, 14.520496)	R:false  F:false
02-28 09:09:30.559 13511 13544 D NavServiceProvider: Second to last stop coordinates: 28.032462, -82.426948
02-28 09:09:30.560 13511 13544 D NavServiceProvider: Setting units automatically
02-28 09:09:30.561 13511 13544 D NavServiceProvider: Detecting stop. distance_d=1714.5994. stop_type=1 speed=12.960385
02-28 09:09:30.562 13511 13544 D NavigationTest: 40: (28.032785, -82.444381, 12.960385)	R:false  F:false
02-28 09:09:30.562 13511 13544 D NavigationTest: 41: (28.032785, -82.444381, 12.960385)	R:false  F:false
02-28 09:09:30.562 13511 13544 D NavServiceProvider: Second to last stop coordinates: 28.032462, -82.426948
02-28 09:09:30.562 13511 13544 D NavServiceProvider: Setting units automatically
02-28 09:09:30.563 13511 13544 D NavServiceProvider: Detecting stop. distance_d=1701.182. stop_type=1 speed=13.890609
02-28 09:09:30.563 13579 13612 I GoogleTTSServiceImpl: Synthesis request for locale eng-USA and name en-US-language
02-28 09:09:30.564 13511 13544 D NavigationTest: 42: (28.032764, -82.444245, 13.890609)	R:false  F:false
02-28 09:09:30.564 13511 13544 D NavServiceProvider: Second to last stop coordinates: 28.032462, -82.426948
02-28 09:09:30.564 13511 13544 D NavServiceProvider: Setting units automatically
02-28 09:09:30.564 13579 13612 I GoogleTTSServiceImpl: TTS dispatch: en-us-x-iog-seanet-embedded
02-28 09:09:30.565 13511 13544 D NavServiceProvider: Detecting stop. distance_d=1690.6047. stop_type=1 speed=13.850361
02-28 09:09:30.565 13511 13544 D NavigationTest: 43: (28.032782, -82.444137, 13.850361)	R:false  F:false
02-28 09:09:30.565 13511 13544 D NavigationTest: 44: (28.032782, -82.444137, 13.850361)	R:false  F:false
02-28 09:09:30.565 13511 13544 D NavServiceProvider: Second to last stop coordinates: 28.032462, -82.426948
02-28 09:09:30.565 13511 13544 D NavServiceProvider: Setting units automatically
02-28 09:09:30.567 13511 13544 D NavServiceProvider: Detecting stop. distance_d=1674.7446. stop_type=1 speed=14.080173
02-28 09:09:30.567 13511 13544 D NavigationTest: 45: (28.032768, -82.443976, 14.080173)	R:false  F:false
02-28 09:09:30.567 13511 13544 D NavigationTest: 46: (28.032768, -82.443976, 14.080173)	R:false  F:false
02-28 09:09:30.567 13511 13544 D NavServiceProvider: Second to last stop coordinates: 28.032462, -82.426948
02-28 09:09:30.567 13511 13544 D NavServiceProvider: Setting units automatically
02-28 09:09:30.568 13511 13544 D NavServiceProvider: Detecting stop. distance_d=1658.3666. stop_type=1 speed=14.07091
02-28 09:09:30.568 13511 13544 D NavigationTest: 47: (28.032741, -82.443810, 14.070910)	R:false  F:false
02-28 09:09:30.568 13511 13544 D NavigationTest: 48: (28.032741, -82.443810, 14.070910)	R:false  F:false
02-28 09:09:30.568 13511 13544 D NavServiceProvider: Second to last stop coordinates: 28.032462, -82.426948
02-28 09:09:30.569 13511 13544 D NavServiceProvider: Setting units automatically
02-28 09:09:30.570 13511 13544 D NavServiceProvider: Detecting stop. distance_d=1644.4818. stop_type=1 speed=14.59099
02-28 09:09:30.570 13511 13544 D NavigationTest: 49: (28.032730, -82.443669, 14.590990)	R:false  F:false
02-28 09:09:30.570 13511 13544 D NavServiceProvider: Second to last stop coordinates: 28.032462, -82.426948
02-28 09:09:30.570 13511 13544 D NavServiceProvider: Setting units automatically
02-28 09:09:30.571 13511 13544 D NavServiceProvider: Detecting stop. distance_d=1630.0707. stop_type=1 speed=14.060288
02-28 09:09:30.571   871  6793 D msm8974_platform: platform_split_snd_device: snd_device(2) num devices(1) new_snd_devices(0)
02-28 09:09:30.571 13511 13544 D NavigationTest: 50: (28.032700, -82.443523, 14.060288)	R:false  F:false
02-28 09:09:30.571   871  6793 D ACDB-LOADER: ACDB -> send_audvoltable
02-28 09:09:30.571   871  6793 D ACDB-LOADER: ACDB -> ACDB_CMD_GET_AUDPROC_VOL_STEP_TABLE_SIZE
02-28 09:09:30.571 13511 13544 D NavigationTest: 51: (28.032700, -82.443523, 14.060288)	R:false  F:false
02-28 09:09:30.571 13511 13544 D NavServiceProvider: Second to last stop coordinates: 28.032462, -82.426948
02-28 09:09:30.572   871  6793 D ACDB-LOADER: ACDB -> ACDB_CMD_GET_AUDPROC_GAIN_DEP_STEP_TABLE, vol index 0
02-28 09:09:30.572   871  6793 D         : Failed to fetch the lookup information of the device 0000000F
02-28 09:09:30.572   871  6793 E ACDB-LOADER: Error: ACDB AudProc vol returned = -19
02-28 09:09:30.572   871  6793 D ACDB-LOADER: ACDB -> AUDIO_SET_VOL_CAL cal type = 40
02-28 09:09:30.572 13511 13544 D NavServiceProvider: Setting units automatically
02-28 09:09:30.573 13511 13544 D NavServiceProvider: Detecting stop. distance_d=1613.3302. stop_type=1 speed=14.290056
02-28 09:09:30.573 13511 13544 D NavigationTest: 52: (28.032685, -82.443353, 14.290056)	R:false  F:false
02-28 09:09:30.573 13511 13544 D NavigationTest: 53: (28.032685, -82.443353, 14.290056)	R:false  F:false
02-28 09:09:30.573 13511 13544 D NavServiceProvider: Second to last stop coordinates: 28.032462, -82.426948
02-28 09:09:30.573   871  6793 D msm8974_platform: platform_split_snd_device: snd_device(2) num devices(1) new_snd_devices(0)
02-28 09:09:30.574 13511 13544 D NavServiceProvider: Setting units automatically
02-28 09:09:30.575 13511 13544 D NavServiceProvider: Detecting stop. distance_d=1598.5243. stop_type=1 speed=14.370421
02-28 09:09:30.575   871   911 V EffectDiracSound: DiracSound_command() start, cmdCode=20
02-28 09:09:30.575   871   911 V EffectDiracSound: DiracSound_Command EFFECT_CMD_OFFLOAD
02-28 09:09:30.575 13511 13544 D NavigationTest: 54: (28.032648, -82.443203, 14.370421)	R:false  F:false
02-28 09:09:30.575 13511 13544 D NavigationTest: 55: (28.032648, -82.443203, 14.370421)	R:false  F:false
02-28 09:09:30.575 13511 13544 D NavServiceProvider: Second to last stop coordinates: 28.032462, -82.426948
02-28 09:09:30.575   871   911 V EffectDiracSound: DiracSound_command() start, cmdCode=1
02-28 09:09:30.575   871   911 V EffectDiracSound: DiracSound_setConfig start
02-28 09:09:30.576   871   911 I EffectDiracSound: DiracSound_updateState(), enable=0, hifi=0, device=0x2, headset=5, samplingRate=48000
02-28 09:09:30.576   871   911 I EffectDiracSound: DiracSound_updateState(), mode=0, music=0, movie=0, reset=0
02-28 09:09:30.576   871   911 I EffectDiracSound: DiracSound_updateState(), Speaker Movie/Stereo Mode is not supported. Stop update state.
02-28 09:09:30.576   871   911 W EffectHAL: Effect 0xe4b38cd0 command SET_CONFIG returned status: Invalid argument
02-28 09:09:30.576   871  6793 V EffectDiracSound: DiracSound_command() start, cmdCode=1
02-28 09:09:30.576   871  6793 V EffectDiracSound: DiracSound_setConfig start
02-28 09:09:30.576   871  6793 I EffectDiracSound: DiracSound_updateState(), enable=0, hifi=0, device=0x2, headset=5, samplingRate=48000
02-28 09:09:30.576   871  6793 I EffectDiracSound: DiracSound_updateState(), mode=0, music=0, movie=0, reset=0
02-28 09:09:30.576 13511 13544 D NavServiceProvider: Setting units automatically
02-28 09:09:30.576   871  6793 I EffectDiracSound: DiracSound_updateState(), Speaker Movie/Stereo Mode is not supported. Stop update state.
02-28 09:09:30.576   871  6793 V EffectDiracSound: DiracSound_command() start, cmdCode=9
02-28 09:09:30.576   871  6793 V EffectDiracSound: DiracSound_Command EFFECT_CMD_SET_DEVICE: 0x00000002
02-28 09:09:30.576   871   871 V EffectDiracSound: DiracSound_command() start, cmdCode=11
02-28 09:09:30.576   871   871 V EffectDiracSound: DiracSound_Command EFFECT_CMD_SET_AUDIO_MODE: 0
02-28 09:09:30.577 13511 13544 D NavServiceProvider: Detecting stop. distance_d=1585.2435. stop_type=1 speed=14.120226
02-28 09:09:30.577 13511 13544 D NavigationTest: 56: (28.032643, -82.443068, 14.120226)	R:false  F:false
02-28 09:09:30.577 13511 13544 D NavigationTest: 57: (28.032643, -82.443068, 14.120226)	R:false  F:false
02-28 09:09:30.577 13511 13544 D NavServiceProvider: Second to last stop coordinates: 28.032462, -82.426948
02-28 09:09:30.578 13511 13544 D NavServiceProvider: Setting units automatically
02-28 09:09:30.579 13511 13544 D NavServiceProvider: Detecting stop. distance_d=1570.0879. stop_type=1 speed=14.143398
02-28 09:09:30.579 13511 13544 D NavigationTest: 58: (28.032633, -82.442914, 14.143398)	R:false  F:false
02-28 09:09:30.579 13511 13544 D NavigationTest: 59: (28.032633, -82.442914, 14.143398)	R:false  F:false
02-28 09:09:30.579 13511 13544 D NavServiceProvider: Second to last stop coordinates: 28.032462, -82.426948
02-28 09:09:30.579 13511 13544 D NavServiceProvider: Setting units automatically
02-28 09:09:30.581 13511 13544 D NavServiceProvider: Detecting stop. distance_d=1558.6545. stop_type=1 speed=14.015153
02-28 09:09:30.581 13511 13544 D NavigationTest: 60: (28.032611, -82.442798, 14.015153)	R:false  F:false
02-28 09:09:30.581 13511 13544 D NavigationTest: 61: (28.032611, -82.442798, 14.015153)	R:false  F:false
02-28 09:09:30.581 13511 13544 D NavServiceProvider: Second to last stop coordinates: 28.032462, -82.426948
02-28 09:09:30.581 13511 13544 D NavServiceProvider: Setting units automatically
02-28 09:09:30.582 13511 13544 D NavServiceProvider: Detecting stop. distance_d=1544.2821. stop_type=1 speed=14.391005
02-28 09:09:30.583 13511 13544 D NavigationTest: 62: (28.032596, -82.442652, 14.391005)	R:false  F:false
02-28 09:09:30.583 13511 13544 D NavServiceProvider: Second to last stop coordinates: 28.032462, -82.426948
02-28 09:09:30.583 13511 13544 D NavServiceProvider: Setting units automatically
02-28 09:09:30.584 13511 13544 D NavServiceProvider: Detecting stop. distance_d=1530.62. stop_type=1 speed=14.150056
02-28 09:09:30.585 13511 13544 D NavigationTest: 63: (28.032601, -82.442513, 14.150056)	R:false  F:false
02-28 09:09:30.585 13511 13544 D NavigationTest: 64: (28.032601, -82.442513, 14.150056)	R:false  F:false
02-28 09:09:30.585 13511 13544 D NavServiceProvider: Second to last stop coordinates: 28.032462, -82.426948
02-28 09:09:30.585 13511 13544 D NavServiceProvider: Setting units automatically
02-28 09:09:30.586 13511 13544 D NavServiceProvider: Detecting stop. distance_d=1514.3771. stop_type=1 speed=14.51
02-28 09:09:30.587 13511 13544 D NavigationTest: 65: (28.032583, -82.442348, 14.510000)	R:false  F:false
02-28 09:09:30.587 13511 13544 D NavigationTest: 66: (28.032583, -82.442348, 14.510000)	R:false  F:false
02-28 09:09:30.587 13511 13544 D NavServiceProvider: Second to last stop coordinates: 28.032462, -82.426948
02-28 09:09:30.587 13511 13544 D NavServiceProvider: Setting units automatically
02-28 09:09:30.588 13511 13544 D NavServiceProvider: Detecting stop. distance_d=1497.8271. stop_type=1 speed=15.000004
02-28 09:09:30.588 13511 13544 D NavigationTest: 67: (28.032546, -82.442180, 15.000004)	R:false  F:false
02-28 09:09:30.588 13511 13544 D NavServiceProvider: Second to last stop coordinates: 28.032462, -82.426948
02-28 09:09:30.589 13511 13544 D NavServiceProvider: Setting units automatically
02-28 09:09:30.590 13511 13544 D NavServiceProvider: Detecting stop. distance_d=1483.8762. stop_type=1 speed=14.68
02-28 09:09:30.590 13511 13544 D NavigationTest: 68: (28.032562, -82.442038, 14.680000)	R:false  F:false
02-28 09:09:30.590 13511 13544 D NavigationTest: 69: (28.032562, -82.442038, 14.680000)	R:false  F:false
02-28 09:09:30.590 13511 13544 D NavServiceProvider: Second to last stop coordinates: 28.032462, -82.426948
02-28 09:09:30.590 13511 13544 D NavServiceProvider: Setting units automatically
02-28 09:09:30.591 13511 13544 D NavServiceProvider: Detecting stop. distance_d=1470.2052. stop_type=1 speed=14.751098
02-28 09:09:30.591 13511 13544 D NavigationTest: 70: (28.032558, -82.441899, 14.751098)	R:false  F:false
02-28 09:09:30.591 13511 13544 D NavigationTest: 71: (28.032558, -82.441899, 14.751098)	R:false  F:false
02-28 09:09:30.591 13511 13544 D NavServiceProvider: Second to last stop coordinates: 28.032462, -82.426948
02-28 09:09:30.592 13511 13544 D NavServiceProvider: Setting units automatically
02-28 09:09:30.593 13511 13544 D NavServiceProvider: Detecting stop. distance_d=1455.6556. stop_type=1 speed=14.740664
02-28 09:09:30.593 13511 13544 D NavigationTest: 72: (28.032562, -82.441751, 14.740664)	R:false  F:false
02-28 09:09:30.593 13511 13544 D NavServiceProvider: Second to last stop coordinates: 28.032462, -82.426948
02-28 09:09:30.593 13511 13544 D NavServiceProvider: Setting units automatically
02-28 09:09:30.594 13511 13544 D NavServiceProvider: Detecting stop. distance_d=1439.2188. stop_type=1 speed=15.300265
02-28 09:09:30.594 13511 13544 D NavigationTest: 73: (28.032541, -82.441584, 15.300265)	R:false  F:false
02-28 09:09:30.594 13511 13544 D NavigationTest: 74: (28.032541, -82.441584, 15.300265)	R:false  F:false
02-28 09:09:30.594 13511 13544 D NavServiceProvider: Second to last stop coordinates: 28.032462, -82.426948
02-28 09:09:30.595 13511 13544 D NavServiceProvider: Setting units automatically
02-28 09:09:30.596 13511 13544 D NavServiceProvider: Detecting stop. distance_d=1425.1582. stop_type=1 speed=15.240082
02-28 09:09:30.596 13511 13544 D NavigationTest: 75: (28.032542, -82.441441, 15.240082)	R:false  F:false
02-28 09:09:30.596 13511 13544 D NavigationTest: 76: (28.032542, -82.441441, 15.240082)	R:false  F:false
02-28 09:09:30.596 13511 13544 D NavServiceProvider: Second to last stop coordinates: 28.032462, -82.426948
02-28 09:09:30.596 13511 13544 D NavServiceProvider: Setting units automatically
02-28 09:09:30.597 13511 13544 D NavServiceProvider: Detecting stop. distance_d=1408.7413. stop_type=1 speed=15.750029
02-28 09:09:30.597 13511 13544 D NavigationTest: 77: (28.032548, -82.441274, 15.750029)	R:false  F:false
02-28 09:09:30.597 13511 13544 D NavServiceProvider: Second to last stop coordinates: 28.032462, -82.426948
02-28 09:09:30.597 13511 13544 D NavServiceProvider: Setting units automatically
02-28 09:09:30.598 13511 13544 D NavServiceProvider: Detecting stop. distance_d=1392.3248. stop_type=1 speed=15.820079
02-28 09:09:30.598 13511 13544 D NavigationTest: 78: (28.032554, -82.441107, 15.820079)	R:false  F:false
02-28 09:09:30.599 13511 13544 D NavigationTest: 79: (28.032554, -82.441107, 15.820079)	R:false  F:false
02-28 09:09:30.599 13511 13544 D NavServiceProvider: Second to last stop coordinates: 28.032462, -82.426948
02-28 09:09:30.599 13511 13544 D NavServiceProvider: Setting units automatically
02-28 09:09:30.600 13511 13544 D NavServiceProvider: Detecting stop. distance_d=1376.2931. stop_type=1 speed=16.010078
02-28 09:09:30.600 13511 13544 D NavigationTest: 80: (28.032549, -82.440944, 16.010078)	R:false  F:false
02-28 09:09:30.600 13511 13544 D NavigationTest: 81: (28.032549, -82.440944, 16.010078)	R:false  F:false
02-28 09:09:30.600 13511 13544 D NavServiceProvider: Second to last stop coordinates: 28.032462, -82.426948
02-28 09:09:30.600 13511 13544 D NavServiceProvider: Setting units automatically
02-28 09:09:30.601 13511 13544 D NavServiceProvider: Detecting stop. distance_d=1359.2821. stop_type=1 speed=16.200445
02-28 09:09:30.601 13511 13544 D NavigationTest: 82: (28.032549, -82.440771, 16.200445)	R:false  F:false
02-28 09:09:30.601 13511 13544 D NavigationTest: 83: (28.032549, -82.440771, 16.200445)	R:false  F:false
02-28 09:09:30.601 13511 13544 D NavServiceProvider: Second to last stop coordinates: 28.032462, -82.426948
02-28 09:09:30.602 13511 13544 D NavServiceProvider: Setting units automatically
02-28 09:09:30.603 13511 13544 D NavServiceProvider: Detecting stop. distance_d=1342.7595. stop_type=1 speed=16.510244
02-28 09:09:30.603 13511 13544 D NavigationTest: 84: (28.032545, -82.440603, 16.510244)	R:false  F:false
02-28 09:09:30.603 13511 13544 D NavigationTest: 85: (28.032545, -82.440603, 16.510244)	R:false  F:false
02-28 09:09:30.603 13511 13544 D NavServiceProvider: Second to last stop coordinates: 28.032462, -82.426948
02-28 09:09:30.603 13511 13544 D NavServiceProvider: Setting units automatically
02-28 09:09:30.604 13511 13544 D NavServiceProvider: Detecting stop. distance_d=1326.4539. stop_type=1 speed=16.630075
02-28 09:09:30.604 13511 13544 D NavigationTest: 86: (28.032565, -82.440437, 16.630075)	R:false  F:false
02-28 09:09:30.604 13511 13544 D NavigationTest: 87: (28.032565, -82.440437, 16.630075)	R:false  F:false
02-28 09:09:30.604 13511 13544 D NavServiceProvider: Second to last stop coordinates: 28.032462, -82.426948
02-28 09:09:30.605 13511 13544 D NavServiceProvider: Setting units automatically
02-28 09:09:30.605 13511 13544 D NavServiceProvider: Detecting stop. distance_d=1308.945. stop_type=1 speed=16.780191
02-28 09:09:30.606 13511 13544 D NavigationTest: 88: (28.032558, -82.440259, 16.780191)	R:false  F:false
02-28 09:09:30.606 13511 13544 D NavServiceProvider: Second to last stop coordinates: 28.032462, -82.426948
02-28 09:09:30.606 13511 13544 D NavServiceProvider: Setting units automatically
02-28 09:09:30.607 13511 13544 D NavServiceProvider: Detecting stop. distance_d=1291.628. stop_type=1 speed=16.84
02-28 09:09:30.607 13511 13544 D NavigationTest: 89: (28.032545, -82.440083, 16.840000)	R:false  F:false
02-28 09:09:30.607 13511 13544 D NavigationTest: 90: (28.032545, -82.440083, 16.840000)	R:false  F:false
02-28 09:09:30.607 13511 13544 D NavServiceProvider: Second to last stop coordinates: 28.032462, -82.426948
02-28 09:09:30.607 13511 13544 D NavServiceProvider: Setting units automatically
02-28 09:09:30.608 13511 13544 D NavServiceProvider: Detecting stop. distance_d=1274.5105. stop_type=1 speed=16.920002
02-28 09:09:30.608 13511 13544 D NavigationTest: 91: (28.032534, -82.439909, 16.920002)	R:false  F:false
02-28 09:09:30.608 13511 13544 D NavServiceProvider: Second to last stop coordinates: 28.032462, -82.426948
02-28 09:09:30.609 13511 13544 D NavServiceProvider: Setting units automatically
02-28 09:09:30.610 13511 13544 D NavServiceProvider: Detecting stop. distance_d=1257.5. stop_type=1 speed=16.69145
02-28 09:09:30.610 13511 13544 D NavigationTest: 92: (28.032535, -82.439736, 16.691450)	R:false  F:false
02-28 09:09:30.610 13511 13544 D NavigationTest: 93: (28.032535, -82.439736, 16.691450)	R:false  F:false
02-28 09:09:30.611 13511 13544 D NavServiceProvider: Second to last stop coordinates: 28.032462, -82.426948
02-28 09:09:30.611 13511 13544 D NavServiceProvider: Setting units automatically
02-28 09:09:30.612 13511 13544 D NavServiceProvider: Detecting stop. distance_d=1240.8801. stop_type=1 speed=16.512375
02-28 09:09:30.612 13511 13544 D NavigationTest: 94: (28.032532, -82.439567, 16.512375)	R:false  F:false
02-28 09:09:30.612 13511 13544 D NavServiceProvider: Second to last stop coordinates: 28.032462, -82.426948
02-28 09:09:30.613 13511 13544 D NavServiceProvider: Setting units automatically
02-28 09:09:30.614 13511 13544 D NavServiceProvider: Detecting stop. distance_d=1224.9513. stop_type=1 speed=16.24399
02-28 09:09:30.614 13511 13544 D NavigationTest: 95: (28.032533, -82.439405, 16.243990)	R:false  F:false
02-28 09:09:30.614 13511 13544 D NavigationTest: 96: (28.032533, -82.439405, 16.243990)	R:false  F:false
02-28 09:09:30.614 13511 13544 D NavServiceProvider: Second to last stop coordinates: 28.032462, -82.426948
02-28 09:09:30.614 13511 13544 D NavServiceProvider: Setting units automatically
02-28 09:09:30.615 13511 13544 D NavServiceProvider: Detecting stop. distance_d=1207.8455. stop_type=1 speed=16.322401
02-28 09:09:30.615 13511 13544 D NavigationTest: 97: (28.032538, -82.439231, 16.322401)	R:false  F:false
02-28 09:09:30.615 13511 13544 D NavServiceProvider: Second to last stop coordinates: 28.032462, -82.426948
02-28 09:09:30.616 13511 13544 D NavServiceProvider: Setting units automatically
02-28 09:09:30.617 13511 13544 D NavServiceProvider: Detecting stop. distance_d=1191.9176. stop_type=1 speed=15.881137
02-28 09:09:30.617 13511 13544 D NavigationTest: 98: (28.032540, -82.439069, 15.881137)	R:false  F:false
02-28 09:09:30.617 13511 13544 D NavigationTest: 99: (28.032540, -82.439069, 15.881137)	R:false  F:false
02-28 09:09:30.617 13511 13544 D NavServiceProvider: Second to last stop coordinates: 28.032462, -82.426948
02-28 09:09:30.617 13511 13544 D NavServiceProvider: Setting units automatically
02-28 09:09:30.618 13511 13544 D NavServiceProvider: Detecting stop. distance_d=1175.2968. stop_type=1 speed=15.770004
02-28 09:09:30.618 13511 13544 D NavigationTest: 100: (28.032536, -82.438900, 15.770004)	R:false  F:false
02-28 09:09:30.618 13511 13544 D NavigationTest: 101: (28.032536, -82.438900, 15.770004)	R:false  F:false
02-28 09:09:30.618 13511 13544 D NavServiceProvider: Second to last stop coordinates: 28.032462, -82.426948
02-28 09:09:30.618 13511 13544 D NavServiceProvider: Setting units automatically
02-28 09:09:30.619 13511 13544 D NavServiceProvider: Detecting stop. distance_d=1158.7773. stop_type=1 speed=15.970004
02-28 09:09:30.620 13511 13544 D NavigationTest: 102: (28.032536, -82.438732, 15.970004)	R:false  F:false
02-28 09:09:30.620 13511 13544 D NavServiceProvider: Second to last stop coordinates: 28.032462, -82.426948
02-28 09:09:30.620 13511 13544 D NavServiceProvider: Setting units automatically
02-28 09:09:30.621 13511 13544 D NavServiceProvider: Detecting stop. distance_d=1142.453. stop_type=1 speed=15.941254
02-28 09:09:30.621 13511 13544 D NavigationTest: 103: (28.032534, -82.438566, 15.941254)	R:false  F:false
02-28 09:09:30.621 13511 13544 D NavigationTest: 104: (28.032534, -82.438566, 15.941254)	R:false  F:false
02-28 09:09:30.621 13511 13544 D NavServiceProvider: Second to last stop coordinates: 28.032462, -82.426948
02-28 09:09:30.621 13511 13544 D NavServiceProvider: Setting units automatically
02-28 09:09:30.622 13511 13544 D NavServiceProvider: Detecting stop. distance_d=1125.826. stop_type=1 speed=16.140001
02-28 09:09:30.622 13511 13544 D NavigationTest: 105: (28.032521, -82.438397, 16.140001)	R:false  F:false
02-28 09:09:30.622 13511 13544 D NavServiceProvider: Second to last stop coordinates: 28.032462, -82.426948
02-28 09:09:30.623 13511 13544 D NavServiceProvider: Setting units automatically
02-28 09:09:30.624 13511 13544 D NavServiceProvider: Detecting stop. distance_d=1109.6979. stop_type=1 speed=16.330992
02-28 09:09:30.624 13511 13544 D NavigationTest: 106: (28.032518, -82.438233, 16.330992)	R:false  F:false
02-28 09:09:30.624 13511 13544 D NavigationTest: 107: (28.032518, -82.438233, 16.330992)	R:false  F:false
02-28 09:09:30.624 13511 13544 D NavServiceProvider: Second to last stop coordinates: 28.032462, -82.426948
02-28 09:09:30.624 13511 13544 D NavServiceProvider: Setting units automatically
02-28 09:09:30.625 13511 13544 D NavServiceProvider: Detecting stop. distance_d=1093.5681. stop_type=1 speed=16.580048
02-28 09:09:30.625 13511 13544 D NavigationTest: 108: (28.032512, -82.438069, 16.580048)	R:false  F:false
02-28 09:09:30.625 13511 13544 D NavServiceProvider: Second to last stop coordinates: 28.032462, -82.426948
02-28 09:09:30.625 13511 13544 D NavServiceProvider: Setting units automatically
02-28 09:09:30.627 13511 13544 D NavServiceProvider: Detecting stop. distance_d=1076.8561. stop_type=1 speed=16.630108
02-28 09:09:30.627 13511 13544 D NavigationTest: 109: (28.032519, -82.437899, 16.630108)	R:false  F:false
02-28 09:09:30.627 13511 13544 D NavigationTest: 110: (28.032519, -82.437899, 16.630108)	R:false  F:false
02-28 09:09:30.627 13511 13544 D NavServiceProvider: Second to last stop coordinates: 28.032462, -82.426948
02-28 09:09:30.627 13511 13544 D NavServiceProvider: Setting units automatically
02-28 09:09:30.628 13511 13544 D NavServiceProvider: Detecting stop. distance_d=1059.9438. stop_type=1 speed=17.140291
02-28 09:09:30.628 13511 13544 D NavigationTest: 111: (28.032520, -82.437727, 17.140291)	R:false  F:false
02-28 09:09:30.628 13511 13544 D NavServiceProvider: Second to last stop coordinates: 28.032462, -82.426948
02-28 09:09:30.628 13511 13544 D NavServiceProvider: Setting units automatically
02-28 09:09:30.629 13511 13544 D NavServiceProvider: Detecting stop. distance_d=1042.2405. stop_type=1 speed=17.271278
02-28 09:09:30.629 13511 13544 D NavigationTest: 112: (28.032514, -82.437547, 17.271278)	R:false  F:false
02-28 09:09:30.629 13511 13544 D NavigationTest: 113: (28.032514, -82.437547, 17.271278)	R:false  F:false
02-28 09:09:30.629 13511 13544 D NavServiceProvider: Second to last stop coordinates: 28.032462, -82.426948
02-28 09:09:30.630 13511 13544 D NavServiceProvider: Setting units automatically
02-28 09:09:30.631 13511 13544 D NavServiceProvider: Detecting stop. distance_d=1024.9375. stop_type=1 speed=17.28074
02-28 09:09:30.631 13511 13544 D NavigationTest: 114: (28.032519, -82.437371, 17.280741)	R:false  F:false
02-28 09:09:30.631 13511 13544 D NavigationTest: 115: (28.032519, -82.437371, 17.280741)	R:false  F:false
02-28 09:09:30.631 13511 13544 D NavigationTest: 116: (28.032519, -82.437371, 17.280741)	R:false  F:false
02-28 09:09:30.631 13511 13544 D NavServiceProvider: Second to last stop coordinates: 28.032462, -82.426948
02-28 09:09:30.631 13511 13544 D NavServiceProvider: Setting units automatically
02-28 09:09:30.632 13511 13544 D NavServiceProvider: Detecting stop. distance_d=1006.9459. stop_type=1 speed=17.57023
02-28 09:09:30.632 13511 13544 D NavigationTest: 117: (28.032523, -82.437188, 17.570230)	R:false  F:false
02-28 09:09:30.632 13511 13544 D NavigationTest: 118: (28.032523, -82.437188, 17.570230)	R:false  F:false
02-28 09:09:30.632 13511 13544 D NavServiceProvider: Second to last stop coordinates: 28.032462, -82.426948
02-28 09:09:30.633 13511 13544 D NavServiceProvider: Setting units automatically
02-28 09:09:30.634 13511 13544 D NavServiceProvider: Detecting stop. distance_d=989.6342. stop_type=1 speed=17.361395
02-28 09:09:30.634 13511 13544 D NavigationTest: 119: (28.032515, -82.437012, 17.361395)	R:false  F:false
02-28 09:09:30.634 13511 13544 D NavServiceProvider: Second to last stop coordinates: 28.032462, -82.426948
02-28 09:09:30.634 13511 13544 D NavServiceProvider: Setting units automatically
02-28 09:09:30.635 13511 13544 D NavServiceProvider: Detecting stop. distance_d=972.5203. stop_type=1 speed=17.29035
02-28 09:09:30.635 13511 13544 D NavigationTest: 120: (28.032508, -82.436838, 17.290350)	R:false  F:false
02-28 09:09:30.635 13511 13544 D NavigationTest: 121: (28.032508, -82.436838, 17.290350)	R:false  F:false
02-28 09:09:30.635 13511 13544 D NavServiceProvider: Second to last stop coordinates: 28.032462, -82.426948
02-28 09:09:30.635 13511 13544 D NavServiceProvider: Setting units automatically
02-28 09:09:30.636 13511 13544 D NavServiceProvider: Detecting stop. distance_d=955.2124. stop_type=1 speed=17.380184
02-28 09:09:30.637 13511 13544 D NavigationTest: 122: (28.032505, -82.436662, 17.380184)	R:false  F:false
02-28 09:09:30.637 13511 13544 D NavServiceProvider: Second to last stop coordinates: 28.032462, -82.426948
02-28 09:09:30.637 13511 13544 D NavServiceProvider: Setting units automatically
02-28 09:09:30.638 13511 13544 D NavServiceProvider: Detecting stop. distance_d=938.30853. stop_type=1 speed=17.31
02-28 09:09:30.638 13511 13544 D NavigationTest: 123: (28.032519, -82.436490, 17.309999)	R:false  F:false
02-28 09:09:30.638 13511 13544 D NavigationTest: 124: (28.032519, -82.436490, 17.309999)	R:false  F:false
02-28 09:09:30.638 13511 13544 D NavServiceProvider: Second to last stop coordinates: 28.032462, -82.426948
02-28 09:09:30.638 13511 13544 D NavServiceProvider: Setting units automatically
02-28 09:09:30.639 13511 13544 D NavServiceProvider: Detecting stop. distance_d=921.19763. stop_type=1 speed=17.340073
02-28 09:09:30.639 13511 13544 D NavigationTest: 125: (28.032517, -82.436316, 17.340073)	R:false  F:false
02-28 09:09:30.639 13511 13544 D NavServiceProvider: Second to last stop coordinates: 28.032462, -82.426948
02-28 09:09:30.640 13511 13544 D NavServiceProvider: Setting units automatically
02-28 09:09:30.641 13511 13544 D NavServiceProvider: Detecting stop. distance_d=903.5029. stop_type=1 speed=17.501032
02-28 09:09:30.641 13511 13544 D NavigationTest: 126: (28.032523, -82.436136, 17.501032)	R:false  F:false
02-28 09:09:30.641 13511 13544 D NavigationTest: 127: (28.032523, -82.436136, 17.501032)	R:false  F:false
02-28 09:09:30.641 13511 13544 D NavServiceProvider: Second to last stop coordinates: 28.032462, -82.426948
02-28 09:09:30.641 13511 13544 D NavServiceProvider: Setting units automatically
02-28 09:09:30.642 13511 13544 D NavServiceProvider: Detecting stop. distance_d=885.80273. stop_type=1 speed=17.500025
02-28 09:09:30.642 13511 13544 D NavigationTest: 128: (28.032522, -82.435956, 17.500025)	R:false  F:false
02-28 09:09:30.642 13511 13544 D NavServiceProvider: Second to last stop coordinates: 28.032462, -82.426948
02-28 09:09:30.642 13511 13544 D NavServiceProvider: Setting units automatically
02-28 09:09:30.643 13511 13544 D NavServiceProvider: Detecting stop. distance_d=868.2976. stop_type=1 speed=17.58023
02-28 09:09:30.643 13511 13544 D NavigationTest: 129: (28.032519, -82.435778, 17.580231)	R:false  F:false
02-28 09:09:30.643 13511 13544 D NavigationTest: 130: (28.032519, -82.435778, 17.580231)	R:false  F:false
02-28 09:09:30.643 13511 13544 D NavServiceProvider: Second to last stop coordinates: 28.032462, -82.426948
02-28 09:09:30.644 13511 13544 D NavServiceProvider: Setting units automatically
02-28 09:09:30.645 13511 13544 D NavServiceProvider: Detecting stop. distance_d=850.69745. stop_type=1 speed=17.410414
02-28 09:09:30.645 13511 13544 D NavigationTest: 131: (28.032520, -82.435599, 17.410414)	R:false  F:false
02-28 09:09:30.645 13511 13544 D NavServiceProvider: Second to last stop coordinates: 28.032462, -82.426948
02-28 09:09:30.645 13511 13544 D NavServiceProvider: Setting units automatically
02-28 09:09:30.646 13511 13544 D NavServiceProvider: Detecting stop. distance_d=833.7743. stop_type=1 speed=17.150291
02-28 09:09:30.646 13511 13544 D NavigationTest: 132: (28.032506, -82.435427, 17.150291)	R:false  F:false
02-28 09:09:30.646 13511 13544 D NavigationTest: 133: (28.032506, -82.435427, 17.150291)	R:false  F:false
02-28 09:09:30.646 13511 13544 D NavServiceProvider: Second to last stop coordinates: 28.032462, -82.426948
02-28 09:09:30.646 13511 13544 D NavServiceProvider: Setting units automatically
02-28 09:09:30.647 13511 13544 D NavServiceProvider: Detecting stop. distance_d=817.1622. stop_type=1 speed=17.051418
02-28 09:09:30.647 13511 13544 D NavigationTest: 134: (28.032514, -82.435258, 17.051418)	R:false  F:false
02-28 09:09:30.647 13511 13544 D NavServiceProvider: Second to last stop coordinates: 28.032462, -82.426948
02-28 09:09:30.648 13511 13544 D NavServiceProvider: Setting units automatically
02-28 09:09:30.649 13511 13544 D NavServiceProvider: Detecting stop. distance_d=800.34937. stop_type=1 speed=16.840075
02-28 09:09:30.649 13511 13544 D NavigationTest: 135: (28.032516, -82.435087, 16.840075)	R:false  F:false
02-28 09:09:30.649 13511 13544 D NavigationTest: 136: (28.032516, -82.435087, 16.840075)	R:false  F:false
02-28 09:09:30.649 13511 13544 D NavServiceProvider: Second to last stop coordinates: 28.032462, -82.426948
02-28 09:09:30.649 13511 13544 D NavServiceProvider: Setting units automatically
02-28 09:09:30.650 13511 13544 D NavServiceProvider: Detecting stop. distance_d=783.73004. stop_type=1 speed=16.610434
02-28 09:09:30.650 13511 13544 D NavigationTest: 137: (28.032514, -82.434918, 16.610434)	R:false  F:false
02-28 09:09:30.650 13511 13544 D NavigationTest: 138: (28.032514, -82.434918, 16.610434)	R:false  F:false
02-28 09:09:30.650 13511 13544 D NavServiceProvider: Second to last stop coordinates: 28.032462, -82.426948
02-28 09:09:30.651 13511 13544 D NavServiceProvider: Setting units automatically
02-28 09:09:30.652 13511 13544 D NavServiceProvider: Detecting stop. distance_d=766.81415. stop_type=1 speed=16.650047
02-28 09:09:30.652 13511 13544 D NavigationTest: 139: (28.032510, -82.434746, 16.650047)	R:false  F:false
02-28 09:09:30.652 13511 13544 D NavigationTest: 140: (28.032510, -82.434746, 16.650047)	R:false  F:false
02-28 09:09:30.652 13511 13544 D NavServiceProvider: Second to last stop coordinates: 28.032462, -82.426948
02-28 09:09:30.652 13511 13544 D NavServiceProvider: Setting units automatically
02-28 09:09:30.653 13511 13544 D NavServiceProvider: Detecting stop. distance_d=749.99817. stop_type=1 speed=16.7
02-28 09:09:30.653 13511 13544 D NavigationTest: 141: (28.032508, -82.434575, 16.700001)	R:false  F:false
02-28 09:09:30.654 13511 13544 D NavigationTest: 142: (28.032508, -82.434575, 16.700001)	R:false  F:false
02-28 09:09:30.654 13511 13544 D NavServiceProvider: Second to last stop coordinates: 28.032462, -82.426948
02-28 09:09:30.654 13511 13544 D NavServiceProvider: Setting units automatically
02-28 09:09:30.655 13511 13544 D NavServiceProvider: Detecting stop. distance_d=733.47955. stop_type=1 speed=17.030048
02-28 09:09:30.655 13511 13544 D NavigationTest: 143: (28.032509, -82.434407, 17.030048)	R:false  F:false
02-28 09:09:30.655 13511 13544 D NavigationTest: 144: (28.032509, -82.434407, 17.030048)	R:false  F:false
02-28 09:09:30.655 13511 13544 D NavServiceProvider: Second to last stop coordinates: 28.032462, -82.426948
02-28 09:09:30.655 13511 13544 D NavServiceProvider: Setting units automatically
02-28 09:09:30.656 13511 13544 D NavServiceProvider: Detecting stop. distance_d=716.6702. stop_type=1 speed=17.261158
02-28 09:09:30.656 13511 13544 D NavigationTest: 145: (28.032515, -82.434236, 17.261158)	R:false  F:false
02-28 09:09:30.656 13511 13544 D NavServiceProvider: Second to last stop coordinates: 28.032462, -82.426948
02-28 09:09:30.657 13511 13544 D NavServiceProvider: Setting units automatically
02-28 09:09:30.658 13511 13544 D NavServiceProvider: Detecting stop. distance_d=699.3653. stop_type=1 speed=17.390646
02-28 09:09:30.658 13511 13544 D NavigationTest: 146: (28.032516, -82.434060, 17.390646)	R:false  F:false
02-28 09:09:30.658 13511 13544 D NavigationTest: 147: (28.032516, -82.434060, 17.390646)	R:false  F:false
02-28 09:09:30.658 13511 13544 D NavServiceProvider: Second to last stop coordinates: 28.032462, -82.426948
02-28 09:09:30.658 13511 13544 D NavServiceProvider: Setting units automatically
02-28 09:09:30.659 13511 13544 D NavServiceProvider: Detecting stop. distance_d=682.2591. stop_type=1 speed=17.320045
02-28 09:09:30.659 13511 13544 D NavigationTest: 148: (28.032519, -82.433886, 17.320045)	R:false  F:false
02-28 09:09:30.659 13511 13544 D NavigationTest: 149: (28.032519, -82.433886, 17.320045)	R:false  F:false
02-28 09:09:30.659 13511 13544 D NavigationTest: 150: (28.032519, -82.433886, 17.320045)	R:false  F:false
02-28 09:09:30.659 13511 13544 D NavServiceProvider: Second to last stop coordinates: 28.032462, -82.426948
02-28 09:09:30.659 13511 13544 D NavServiceProvider: Setting units automatically
02-28 09:09:30.660 13511 13544 D NavServiceProvider: Detecting stop. distance_d=664.7657. stop_type=1 speed=17.350288
02-28 09:09:30.661 13511 13544 D NavigationTest: 151: (28.032527, -82.433708, 17.350288)	R:false  F:false
02-28 09:09:30.661 13511 13544 D NavServiceProvider: Second to last stop coordinates: 28.032462, -82.426948
02-28 09:09:30.661 13511 13544 D NavServiceProvider: Setting units automatically
02-28 09:09:30.661  2953  3212 I QcrilOemhookMsgTunnel: [0]processOemHookIndication length=22
02-28 09:09:30.662 13511 13544 D NavServiceProvider: Detecting stop. distance_d=647.8573. stop_type=1 speed=17.170046
02-28 09:09:30.662 13511 13544 D NavigationTest: 152: (28.032530, -82.433536, 17.170046)	R:false  F:false
02-28 09:09:30.662 13511 13544 D NavigationTest: 153: (28.032530, -82.433536, 17.170046)	R:false  F:false
02-28 09:09:30.662 13511 13544 D NavServiceProvider: Second to last stop coordinates: 28.032462, -82.426948
02-28 09:09:30.662 13511 13544 D NavServiceProvider: Setting units automatically
02-28 09:09:30.663 13511 13544 D NavServiceProvider: Detecting stop. distance_d=631.2443. stop_type=1 speed=16.930027
02-28 09:09:30.663 13511 13544 D NavigationTest: 154: (28.032533, -82.433367, 16.930027)	R:false  F:false
02-28 09:09:30.663 13511 13544 D NavServiceProvider: Second to last stop coordinates: 28.032462, -82.426948
02-28 09:09:30.664 13511 13544 D NavServiceProvider: Setting units automatically
02-28 09:09:30.665 13511 13544 D NavServiceProvider: Detecting stop. distance_d=614.14325. stop_type=1 speed=17.04
02-28 09:09:30.665 13511 13544 D NavigationTest: 155: (28.032538, -82.433193, 17.040001)	R:false  F:false
02-28 09:09:30.665 13511 13544 D NavigationTest: 156: (28.032538, -82.433193, 17.040001)	R:false  F:false
02-28 09:09:30.665 13511 13544 D NavServiceProvider: Second to last stop coordinates: 28.032462, -82.426948
02-28 09:09:30.665 13511 13544 D NavServiceProvider: Setting units automatically
02-28 09:09:30.666 13511 13544 D NavServiceProvider: Detecting stop. distance_d=596.8294. stop_type=1 speed=17.070011
02-28 09:09:30.666 13511 13544 D NavigationTest: 157: (28.032532, -82.433017, 17.070011)	R:false  F:false
02-28 09:09:30.666 13511 13544 D NavServiceProvider: Second to last stop coordinates: 28.032462, -82.426948
02-28 09:09:30.667 13511 13544 D NavServiceProvider: Setting units automatically
02-28 09:09:30.668 13511 13544 D NavServiceProvider: Detecting stop. distance_d=579.31274. stop_type=1 speed=17.14
02-28 09:09:30.668 13511 13544 D NavigationTest: 158: (28.032521, -82.432839, 17.139999)	R:false  F:false
02-28 09:09:30.668 13511 13544 D NavigationTest: 159: (28.032521, -82.432839, 17.139999)	R:false  F:false
02-28 09:09:30.668 13511 13544 D NavServiceProvider: Second to last stop coordinates: 28.032462, -82.426948
02-28 09:09:30.668 13511 13544 D NavServiceProvider: Setting units automatically
02-28 09:09:30.669 13511 13544 D NavServiceProvider: Detecting stop. distance_d=561.5184. stop_type=1 speed=17.100143
02-28 09:09:30.669 13511 13544 D NavigationTest: 160: (28.032523, -82.432658, 17.100143)	R:false  F:false
02-28 09:09:30.669 13511 13544 D NavServiceProvider: Second to last stop coordinates: 28.032462, -82.426948
02-28 09:09:30.670 13511 13544 D NavServiceProvider: Setting units automatically
02-28 09:09:30.671 13511 13544 D NavServiceProvider: Detecting stop. distance_d=543.3325. stop_type=1 speed=17.340012
02-28 09:09:30.671 13511 13544 D NavigationTest: 161: (28.032526, -82.432473, 17.340012)	R:false  F:false
02-28 09:09:30.671 13511 13544 D NavigationTest: 162: (28.032526, -82.432473, 17.340012)	R:false  F:false
