02-28 09:09:47.524 13511 13544 I TestRunner: started: testTrip23(org.onebusaway.android.nav.test.NavigationTest)
02-28 09:09:47.525 13511 13511 I MonitoringInstr: Activities that are still in CREATED to STOPPED: 0
02-28 09:09:47.527 13579 13612 I GoogleTTSServiceImpl: Synthesis request for locale eng-USA and name en-US-language
02-28 09:09:47.527 13579 13612 I GoogleTTSServiceImpl: TTS dispatch: en-us-x-iog-seanet-embedded
02-28 09:09:47.529   871   871 D audio_hw_primary: adev_get_parameters:vr_audio_mode_on
02-28 09:09:47.529   871   871 I audio_hw_primary: getting vr mode to 0
02-28 09:09:47.529   871   871 D audio_hw_primary: adev_get_parameters: exit: returns - vr_audio_mode_on=false
02-28 09:09:47.529   959  2592 I hash_map_utils: key: 'vr_audio_mode_on' value: ''
02-28 09:09:47.529   959  2592 I AudioPolicyManagerCustom: VR mode is 0, switch to primary output if request is for fast|raw
02-28 09:09:47.529   959  2592 I AudioPolicyManagerCustom: setting force DEEP buffer now
02-28 09:09:47.529   959  2592 D AudioFlinger: Client defaulted notificationFrames to 2048 for frameCount 4096
02-28 09:09:47.531   959  2592 D AF::TrackHandle: OpPlayAudio: track:212 usage:1 not muted
02-28 09:09:47.533 13511 13544 D NavServiceProvider: Creating NavigationServiceProvider...
02-28 09:09:47.533 13511 13544 D NavServiceProvider: Starting navigation for service
02-28 09:09:47.533 13511 13544 D NavServiceProvider: ProximityCalculator initializing...
02-28 09:09:47.533 13511 13544 D NavServiceProvider: Initializing ProximityCalculator
02-28 09:09:47.533 13511 13544 D NavServiceProvider: Number of path links: 1
02-28 09:09:47.533 13511 13544 D NavServiceProvider: Second to last stop coordinates: 28.064358, -82.413793
02-28 09:09:47.533   871   871 D msm8974_platform: platform_split_snd_device: snd_device(2) num devices(1) new_snd_devices(0)
02-28 09:09:47.534   871   871 D ACDB-LOADER: ACDB -> send_audvoltable
02-28 09:09:47.534   871   871 D ACDB-LOADER: ACDB -> ACDB_CMD_GET_AUDPROC_VOL_STEP_TABLE_SIZE
02-28 09:09:47.534   871   871 D ACDB-LOADER: ACDB -> ACDB_CMD_GET_AUDPROC_GAIN_DEP_STEP_TABLE, vol index 0
02-28 09:09:47.534   871   871 D         : Failed to fetch the lookup information of the device 0000000F
02-28 09:09:47.534   871   871 E ACDB-LOADER: Error: ACDB AudProc vol returned = -19
02-28 09:09:47.534   871   871 D ACDB-LOADER: ACDB -> AUDIO_SET_VOL_CAL cal type = 40
02-28 09:09:47.534 13511 13544 D NavServiceProvider: Setting units automatically
02-28 09:09:47.535   871   871 D msm8974_platform: platform_split_snd_device: snd_device(2) num devices(1) new_snd_devices(0)
02-28 09:09:47.537 13579 13612 I GoogleTTSServiceImpl: Synthesis request for locale eng-USA and name en-US-language
02-28 09:09:47.537   871  1408 V EffectDiracSound: DiracSound_command() start, cmdCode=20
02-28 09:09:47.537   871  1408 V EffectDiracSound: DiracSound_Command EFFECT_CMD_OFFLOAD
02-28 09:09:47.537   871  1408 V EffectDiracSound: DiracSound_command() start, cmdCode=1
02-28 09:09:47.537   871  1408 V EffectDiracSound: DiracSound_setConfig start
02-28 09:09:47.537   871  1408 I EffectDiracSound: DiracSound_updateState(), enable=0, hifi=0, device=0x2, headset=5, samplingRate=48000
02-28 09:09:47.538   871  1408 I EffectDiracSound: DiracSound_updateState(), mode=0, music=0, movie=0, reset=0
02-28 09:09:47.538   871  1408 I EffectDiracSound: DiracSound_updateState(), Speaker Movie/Stereo Mode is not supported. Stop update state.
02-28 09:09:47.538   871  1408 W EffectHAL: Effect 0xe4b38cd0 command SET_CONFIG returned status: Invalid argument
02-28 09:09:47.538   871   871 V EffectDiracSound: DiracSound_command() start, cmdCode=1
02-28 09:09:47.538   871   871 V EffectDiracSound: DiracSound_setConfig start
02-28 09:09:47.538   871   871 I EffectDiracSound: DiracSound_updateState(), enable=0, hifi=0, device=0x2, headset=5, samplingRate=48000
02-28 09:09:47.538   871   871 I EffectDiracSound: DiracSound_updateState(), mode=0, music=0, movie=0, reset=0
02-28 09:09:47.538 13579 13612 I GoogleTTSServiceImpl: TTS dispatch: en-us-x-iog-seanet-embedded
02-28 09:09:47.538   871   871 I EffectDiracSound: DiracSound_updateState(), Speaker Movie/Stereo Mode is not supported. Stop update state.
02-28 09:09:47.538   871   871 V EffectDiracSound: DiracSound_command() start, cmdCode=9
02-28 09:09:47.538   871   871 V EffectDiracSound: DiracSound_Command EFFECT_CMD_SET_DEVICE: 0x00000002
02-28 09:09:47.538 13511 13544 D NavServiceProvider: -----Get ready!
02-28 09:09:47.538   871  1408 V EffectDiracSound: DiracSound_command() start, cmdCode=11
02-28 09:09:47.538   871  1408 V EffectDiracSound: DiracSound_Command EFFECT_CMD_SET_AUDIO_MODE: 0
02-28 09:09:47.538 13511 13544 D NavigationTest: 0: (28.064212, -82.413856, 0.000000)	R:true  F:false
02-28 09:09:47.538 13511 13544 D NavigationTest: 0: (28.064212, -82.413856, 0.000000)	R:true  F:false
02-28 09:09:47.538 13511 13544 D NavServiceProvider: Second to last stop coordinates: 28.064358, -82.413793
02-28 09:09:47.539 13511 13544 D NavServiceProvider: Setting units automatically
02-28 09:09:47.540 13511 13544 D NavServiceProvider: Detecting stop. distance_d=16.947557. stop_type=1 speed=0.0
02-28 09:09:47.540 13511 13544 D NavServiceProvider: Case 3: false
02-28 09:09:47.540 13511 13544 D NavigationTest: 1: (28.064216, -82.413857, 0.000000)	R:true  F:false
02-28 09:09:47.540 13511 13544 D NavigationTest: 2: (28.064216, -82.413857, 0.000000)	R:true  F:false
02-28 09:09:47.540 13511 13544 D NavServiceProvider: Second to last stop coordinates: 28.064358, -82.413793
02-28 09:09:47.541 13511 13544 D NavServiceProvider: Setting units automatically
02-28 09:09:47.542 13511 13544 D NavServiceProvider: Detecting stop. distance_d=33.214752. stop_type=1 speed=0.0
02-28 09:09:47.542 13511 13544 D NavServiceProvider: Case 2: false
02-28 09:09:47.543 13511 13544 D NavigationTest: 3: (28.064136, -82.413566, 0.000000)	R:true  F:false
02-28 09:09:47.543 13511 13544 D NavServiceProvider: Second to last stop coordinates: 28.064358, -82.413793
02-28 09:09:47.543 13511 13544 D NavServiceProvider: Setting units automatically
02-28 09:09:47.543  2666  3413 D Avrcp_ext: AudioManager Player: ID:23 -- type:android.media.SoundPool -- u/pid:10126/2688 -- state:idle -- attr:AudioAttributes: usage=USAGE_ASSISTANCE_SONIFICATION content=CONTENT_TYPE_SONIFICATION flags=0x800 tags= bundle=null
02-28 09:09:47.543  2666  3413 D Avrcp_ext: AudioManager Player: ID:1287 -- type:android.media.AudioTrack -- u/pid:10088/13579 -- state:stopped -- attr:AudioAttributes: usage=USAGE_MEDIA content=CONTENT_TYPE_SPEECH flags=0x800 tags= bundle=null
02-28 09:09:47.543  2666  3413 D Avrcp_ext: AudioManager Player: ID:15 -- type:android.media.SoundPool -- u/pid:1000/1493 -- state:idle -- attr:AudioAttributes: usage=USAGE_ASSISTANCE_SONIFICATION content=CONTENT_TYPE_SONIFICATION flags=0x800 tags= bundle=null
02-28 09:09:47.543  2666  3413 D Avrcp_ext: AudioManager isPlaying: false
02-28 09:09:47.543  2666  3413 D Avrcp_ext: AudioManager Player: ID:23 -- type:android.media.SoundPool -- u/pid:10126/2688 -- state:idle -- attr:AudioAttributes: usage=USAGE_ASSISTANCE_SONIFICATION content=CONTENT_TYPE_SONIFICATION flags=0x800 tags= bundle=null
02-28 09:09:47.543  2666  3413 D Avrcp_ext: AudioManager Player: ID:15 -- type:android.media.SoundPool -- u/pid:1000/1493 -- state:idle -- attr:AudioAttributes: usage=USAGE_ASSISTANCE_SONIFICATION content=CONTENT_TYPE_SONIFICATION flags=0x800 tags= bundle=null
02-28 09:09:47.543  2666  3413 D Avrcp_ext: AudioManager isPlaying: false
02-28 09:09:47.544 13511 13544 D NavServiceProvider: Detecting stop. distance_d=16.565971. stop_type=1 speed=0.0
02-28 09:09:47.545 13511 13544 D NavServiceProvider: Case 4: false
02-28 09:09:47.545 13511 13544 D NavigationTest: 4: (28.064219, -82.413855, 0.000000)	R:true  F:false
02-28 09:09:47.545 13511 13544 D NavServiceProvider: Second to last stop coordinates: 28.064358, -82.413793
02-28 09:09:47.545 13511 13544 D NavServiceProvider: Setting units automatically
02-28 09:09:47.547 13511 13544 D NavServiceProvider: Detecting stop. distance_d=16.633377. stop_type=1 speed=0.0
02-28 09:09:47.547 13511 13544 D NavigationTest: 5: (28.064218, -82.413854, 0.000000)	R:true  F:false
02-28 09:09:47.547 13511 13544 D NavigationTest: 6: (28.064218, -82.413854, 0.000000)	R:true  F:false
02-28 09:09:47.547 13511 13544 D NavServiceProvider: Second to last stop coordinates: 28.064358, -82.413793
02-28 09:09:47.548 13511 13544 D NavServiceProvider: Setting units automatically
02-28 09:09:47.549 13511 13544 D NavServiceProvider: Detecting stop. distance_d=16.391207. stop_type=1 speed=0.0
02-28 09:09:47.549 13511 13544 D NavigationTest: 7: (28.064220, -82.413853, 0.000000)	R:true  F:false
02-28 09:09:47.549 13511 13544 D NavigationTest: 8: (28.064220, -82.413853, 0.000000)	R:true  F:false
02-28 09:09:47.549 13511 13544 D NavServiceProvider: Second to last stop coordinates: 28.064358, -82.413793
02-28 09:09:47.550 13511 13544 D NavServiceProvider: Setting units automatically
02-28 09:09:47.552 13511 13544 D NavServiceProvider: Detecting stop. distance_d=15.669913. stop_type=1 speed=1.0
02-28 09:09:47.552 13511 13544 D NavigationTest: 9: (28.064227, -82.413853, 1.000000)	R:true  F:false
02-28 09:09:47.552 13511 13544 D NavigationTest: 10: (28.064227, -82.413853, 1.000000)	R:true  F:false
02-28 09:09:47.552 13511 13544 D NavServiceProvider: Second to last stop coordinates: 28.064358, -82.413793
02-28 09:09:47.552 13511 13544 D NavServiceProvider: Setting units automatically
02-28 09:09:47.554 13511 13544 D NavServiceProvider: Detecting stop. distance_d=13.927136. stop_type=1 speed=1.75
02-28 09:09:47.554 13511 13544 D NavigationTest: 11: (28.064245, -82.413855, 1.750000)	R:true  F:false
02-28 09:09:47.554 13511 13544 D NavServiceProvider: Second to last stop coordinates: 28.064358, -82.413793
02-28 09:09:47.554 13511 13544 D NavServiceProvider: Setting units automatically
02-28 09:09:47.556 13511 13544 D NavServiceProvider: Detecting stop. distance_d=12.502125. stop_type=1 speed=1.75
02-28 09:09:47.556 13511 13544 D NavigationTest: 12: (28.064260, -82.413856, 1.750000)	R:true  F:false
02-28 09:09:47.556 13511 13544 D NavigationTest: 13: (28.064260, -82.413856, 1.750000)	R:true  F:false
02-28 09:09:47.556 13511 13544 D NavServiceProvider: Second to last stop coordinates: 28.064358, -82.413793
02-28 09:09:47.556 13511 13544 D NavServiceProvider: Setting units automatically
02-28 09:09:47.557 13511 13544 D NavServiceProvider: Detecting stop. distance_d=8.856803. stop_type=1 speed=3.5
02-28 09:09:47.557 13511 13544 D NavigationTest: 14: (28.064318, -82.413871, 3.500000)	R:true  F:false
02-28 09:09:47.557 13511 13544 D NavigationTest: 15: (28.064318, -82.413871, 3.500000)	R:true  F:false
02-28 09:09:47.557 13511 13544 D NavServiceProvider: Second to last stop coordinates: 28.064358, -82.413793
02-28 09:09:47.558 13511 13544 D NavServiceProvider: Setting units automatically
02-28 09:09:47.560 13511 13544 D NavServiceProvider: Detecting stop. distance_d=8.555264. stop_type=1 speed=3.5
02-28 09:09:47.560 13511 13544 D NavigationTest: 16: (28.064356, -82.413880, 3.500000)	R:true  F:false
02-28 09:09:47.560 13511 13544 D NavigationTest: 17: (28.064356, -82.413880, 3.500000)	R:true  F:false
02-28 09:09:47.560 13511 13544 D NavServiceProvider: Second to last stop coordinates: 28.064358, -82.413793
02-28 09:09:47.560 13511 13544 D NavServiceProvider: Setting units automatically
02-28 09:09:47.562 13511 13544 D NavServiceProvider: Detecting stop. distance_d=10.021555. stop_type=1 speed=3.5
02-28 09:09:47.562 13511 13544 D NavigationTest: 18: (28.064393, -82.413887, 3.500000)	R:true  F:false
02-28 09:09:47.562 13511 13544 D NavServiceProvider: Second to last stop coordinates: 28.064358, -82.413793
02-28 09:09:47.563 13511 13544 D NavServiceProvider: Setting units automatically
02-28 09:09:47.564 13511 13544 D NavServiceProvider: Detecting stop. distance_d=12.723613. stop_type=1 speed=3.75
02-28 09:09:47.564 13511 13544 D NavigationTest: 19: (28.064433, -82.413891, 3.750000)	R:true  F:false
02-28 09:09:47.564 13511 13544 D NavigationTest: 20: (28.064433, -82.413891, 3.750000)	R:true  F:false
02-28 09:09:47.565 13511 13544 D NavServiceProvider: Second to last stop coordinates: 28.064358, -82.413793
02-28 09:09:47.565 13511 13544 D NavServiceProvider: Setting units automatically
02-28 09:09:47.567 13511 13544 D NavServiceProvider: Detecting stop. distance_d=16.095156. stop_type=1 speed=3.75
02-28 09:09:47.567 13511 13544 D NavigationTest: 21: (28.064473, -82.413893, 3.750000)	R:true  F:false
02-28 09:09:47.567 13511 13544 D NavServiceProvider: Second to last stop coordinates: 28.064358, -82.413793
02-28 09:09:47.567 13511 13544 D NavServiceProvider: Setting units automatically
02-28 09:09:47.569 13511 13544 D NavServiceProvider: Detecting stop. distance_d=19.695072. stop_type=1 speed=3.75
02-28 09:09:47.569 13511 13544 D NavigationTest: 22: (28.064512, -82.413893, 3.750000)	R:true  F:false
02-28 09:09:47.569 13511 13544 D NavigationTest: 23: (28.064512, -82.413893, 3.750000)	R:true  F:false
02-28 09:09:47.569 13511 13544 D NavServiceProvider: Second to last stop coordinates: 28.064358, -82.413793
02-28 09:09:47.569 13511 13544 D NavServiceProvider: Setting units automatically
02-28 09:09:47.571 13511 13544 D NavServiceProvider: Detecting stop. distance_d=23.255932. stop_type=1 speed=3.75
02-28 09:09:47.571 13511 13544 D NavServiceProvider: Case 5: true
02-28 09:09:47.571 13511 13544 D NavServiceProvider: Proximity Event fired
02-28 09:09:47.571 13511 13544 D NavServiceProvider: Checking if path has more path links left to be navigated
02-28 09:09:47.571 13511 13544 D NavServiceProvider: PathLink index: 0 Number of PathLinks: 1
02-28 09:09:47.571 13511 13544 D NavServiceProvider: %%%%%%N%%%%%%%%% No more PathLinks left in Path %%%%%%%%%%%%%%%%%%%%%
02-28 09:09:47.571 13511 13544 D NavServiceProvider: Got to last stop
02-28 09:09:47.571 13511 13544 D NavServiceProvider: Alert 1 screen before last stop
02-28 09:09:47.571 13511 13544 D NavServiceProvider: Calling destination reached...
02-28 09:09:47.577 13511 13544 D NavServiceProvider: -----Get off the bus!
02-28 09:09:47.578 13511 13544 D NavigationTest: 24: (28.064549, -82.413891, 3.750000)	R:true  F:true
02-28 09:09:47.578 13511 13544 I System.out: O311C: INFO Log level changed: DEBUG
02-28 09:09:47.578 13511 13544 I System.out: O311C: INFO Dry run mode changed: true
02-28 09:09:47.578 13511 13544 W Application: Open311 issue reporting is in debug/dry run mode - no issues will be submitted.
02-28 09:09:47.578 13511 13544 I System.out: O311C: INFO clearOpen311
02-28 09:09:47.578 13511 13544 I TestRunner: finished: testTrip23(org.onebusaway.android.nav.test.NavigationTest)
