02-28 09:09:53.427 13511 13544 I TestRunner: started: testTrip3C(org.onebusaway.android.nav.test.NavigationTest)
02-28 09:09:53.428 13511 13511 I MonitoringInstr: Activities that are still in CREATED to STOPPED: 0
02-28 09:09:53.433 13511 13544 D NavServiceProvider: Creating NavigationServiceProvider...
02-28 09:09:53.433 13511 13544 D NavServiceProvider: Starting navigation for service
02-28 09:09:53.433 13511 13544 D NavServiceProvider: ProximityCalculator initializing...
02-28 09:09:53.433 13511 13544 D NavServiceProvider: Initializing ProximityCalculator
02-28 09:09:53.433 13511 13544 D NavServiceProvider: Number of path links: 1
02-28 09:09:53.433 13511 13544 D NavServiceProvider: Second to last stop coordinates: 28.049276, -82.504196
02-28 09:09:53.434 13511 13544 D NavServiceProvider: Setting units automatically
02-28 09:09:53.436 13511 13544 D NavServiceProvider: Detecting stop. distance_d=1006.4484. stop_type=1 speed=15.5
02-28 09:09:53.436 13511 13544 D NavigationTest: 0: (28.040206, -82.504718, 15.500000)	R:false  F:false
02-28 09:09:53.436 13511 13544 D NavigationTest: 1: (28.040206, -82.504718, 15.500000)	R:false  F:false
02-28 09:09:53.436 13511 13544 D NavigationTest: 2: (28.040206, -82.504718, 15.500000)	R:false  F:false
02-28 09:09:53.436 13511 13544 D NavigationTest: 3: (28.040206, -82.504718, 15.500000)	R:false  F:false
02-28 09:09:53.436 13511 13544 D NavServiceProvider: Second to last stop coordinates: 28.049276, -82.504196
02-28 09:09:53.436 13511 13544 D NavServiceProvider: Setting units automatically
02-28 09:09:53.438 13511 13544 D NavServiceProvider: Detecting stop. distance_d=991.4571. stop_type=1 speed=15.0
02-28 09:09:53.438 13511 13544 D NavigationTest: 4: (28.040341, -82.504708, 15.000000)	R:false  F:false
02-28 09:09:53.438 13511 13544 D NavigationTest: 5: (28.040341, -82.504708, 15.000000)	R:false  F:false
02-28 09:09:53.438 13511 13544 D NavServiceProvider: Second to last stop coordinates: 28.049276, -82.504196
02-28 09:09:53.438 13511 13544 D NavServiceProvider: Setting units automatically
02-28 09:09:53.439 13511 13544 D NavServiceProvider: Detecting stop. distance_d=976.6317. stop_type=1 speed=15.5
02-28 09:09:53.439 13511 13544 D NavigationTest: 6: (28.040475, -82.504709, 15.500000)	R:false  F:false
02-28 09:09:53.439 13511 13544 D NavigationTest: 7: (28.040475, -82.504709, 15.500000)	R:false  F:false
02-28 09:09:53.439 13511 13544 D NavServiceProvider: Second to last stop coordinates: 28.049276, -82.504196
02-28 09:09:53.440 13511 13544 D NavServiceProvider: Setting units automatically
02-28 09:09:53.441 13511 13544 D NavServiceProvider: Detecting stop. distance_d=961.3904. stop_type=1 speed=15.75
02-28 09:09:53.442 13511 13544 D NavigationTest: 8: (28.040613, -82.504715, 15.750000)	R:false  F:false
02-28 09:09:53.442 13511 13544 D NavigationTest: 9: (28.040613, -82.504715, 15.750000)	R:false  F:false
02-28 09:09:53.442 13511 13544 D NavServiceProvider: Second to last stop coordinates: 28.049276, -82.504196
02-28 09:09:53.442 13511 13544 D NavServiceProvider: Setting units automatically
02-28 09:09:53.444 13511 13544 D NavServiceProvider: Detecting stop. distance_d=945.4499. stop_type=1 speed=16.0
02-28 09:09:53.444 13511 13544 D NavigationTest: 10: (28.040757, -82.504714, 16.000000)	R:false  F:false
02-28 09:09:53.444 13511 13544 D NavigationTest: 11: (28.040757, -82.504714, 16.000000)	R:false  F:false
02-28 09:09:53.444 13511 13544 D NavServiceProvider: Second to last stop coordinates: 28.049276, -82.504196
02-28 09:09:53.444 13511 13544 D NavServiceProvider: Setting units automatically
02-28 09:09:53.446 13511 13544 D NavServiceProvider: Detecting stop. distance_d=929.0727. stop_type=1 speed=16.0
02-28 09:09:53.446 13511 13544 D NavigationTest: 12: (28.040905, -82.504714, 16.000000)	R:false  F:false
02-28 09:09:53.446 13511 13544 D NavServiceProvider: Second to last stop coordinates: 28.049276, -82.504196
02-28 09:09:53.446 13511 13544 D NavServiceProvider: Setting units automatically
02-28 09:09:53.448 13511 13544 D NavServiceProvider: Detecting stop. distance_d=911.4088. stop_type=1 speed=16.75
02-28 09:09:53.448 13511 13544 D NavigationTest: 13: (28.041064, -82.504701, 16.750000)	R:false  F:false
02-28 09:09:53.448 13511 13544 D NavigationTest: 14: (28.041064, -82.504701, 16.750000)	R:false  F:false
02-28 09:09:53.448 13511 13544 D NavServiceProvider: Second to last stop coordinates: 28.049276, -82.504196
02-28 09:09:53.448 13511 13544 D NavServiceProvider: Setting units automatically
02-28 09:09:53.450 13511 13544 D NavServiceProvider: Detecting stop. distance_d=895.2372. stop_type=1 speed=16.25
02-28 09:09:53.450 13511 13544 D NavigationTest: 15: (28.041210, -82.504698, 16.250000)	R:false  F:false
02-28 09:09:53.450 13511 13544 D NavServiceProvider: Second to last stop coordinates: 28.049276, -82.504196
02-28 09:09:53.450 13511 13544 D NavServiceProvider: Setting units automatically
02-28 09:09:53.452 13511 13544 D NavServiceProvider: Detecting stop. distance_d=879.8792. stop_type=1 speed=16.0
02-28 09:09:53.452 13511 13544 D NavigationTest: 16: (28.041349, -82.504702, 16.000000)	R:false  F:false
02-28 09:09:53.452 13511 13544 D NavigationTest: 17: (28.041349, -82.504702, 16.000000)	R:false  F:false
02-28 09:09:53.452 13511 13544 D NavServiceProvider: Second to last stop coordinates: 28.049276, -82.504196
02-28 09:09:53.452 13511 13544 D NavServiceProvider: Setting units automatically
02-28 09:09:53.454 13511 13544 D NavServiceProvider: Detecting stop. distance_d=862.8294. stop_type=1 speed=16.5
02-28 09:09:53.454 13511 13544 D NavigationTest: 18: (28.041503, -82.504700, 16.500000)	R:false  F:false
02-28 09:09:53.454 13511 13544 D NavigationTest: 19: (28.041503, -82.504700, 16.500000)	R:false  F:false
02-28 09:09:53.454 13511 13544 D NavServiceProvider: Second to last stop coordinates: 28.049276, -82.504196
02-28 09:09:53.454 13511 13544 D NavServiceProvider: Setting units automatically
02-28 09:09:53.456 13511 13544 D NavServiceProvider: Detecting stop. distance_d=844.93. stop_type=1 speed=16.75
02-28 09:09:53.456 13511 13544 D NavigationTest: 20: (28.041665, -82.504704, 16.750000)	R:false  F:false
02-28 09:09:53.456 13511 13544 D NavServiceProvider: Second to last stop coordinates: 28.049276, -82.504196
02-28 09:09:53.457 13511 13544 D NavServiceProvider: Setting units automatically
02-28 09:09:53.460 13579 13612 W EventProcessor: callback.start() returned error code: -1
02-28 09:09:53.469 13511 13544 D NavServiceProvider: Detecting stop. distance_d=832.4645. stop_type=1 speed=15.5
02-28 09:09:53.470 13511 13544 D NavigationTest: 21: (28.041777, -82.504691, 15.500000)	R:false  F:false
02-28 09:09:53.470 13511 13544 D NavigationTest: 22: (28.041777, -82.504691, 15.500000)	R:false  F:false
02-28 09:09:53.470 13511 13544 D NavServiceProvider: Second to last stop coordinates: 28.049276, -82.504196
02-28 09:09:53.470 13511 13544 D NavServiceProvider: Setting units automatically
02-28 09:09:53.472 13511 13544 D NavServiceProvider: Detecting stop. distance_d=816.4177. stop_type=1 speed=15.5
02-28 09:09:53.473 13511 13544 D NavigationTest: 23: (28.041922, -82.504690, 15.500000)	R:false  F:false
02-28 09:09:53.473 13511 13544 D NavServiceProvider: Second to last stop coordinates: 28.049276, -82.504196
02-28 09:09:53.473 13511 13544 D NavServiceProvider: Setting units automatically
02-28 09:09:53.475 13511 13544 D NavServiceProvider: Detecting stop. distance_d=802.25226. stop_type=1 speed=15.25
02-28 09:09:53.475 13511 13544 D NavigationTest: 24: (28.042049, -82.504670, 15.250000)	R:false  F:false
02-28 09:09:53.475 13511 13544 D NavigationTest: 25: (28.042049, -82.504670, 15.250000)	R:false  F:false
02-28 09:09:53.475 13511 13544 D NavServiceProvider: Second to last stop coordinates: 28.049276, -82.504196
02-28 09:09:53.475 13579 13612 I GoogleTTSServiceImpl: Synthesis request for locale eng-USA and name en-US-language
02-28 09:09:53.475 13511 13544 D NavServiceProvider: Setting units automatically
02-28 09:09:53.476 13579 13612 I GoogleTTSServiceImpl: TTS dispatch: en-us-x-iog-seanet-embedded
02-28 09:09:53.476 13511 13544 D NavServiceProvider: Detecting stop. distance_d=789.501. stop_type=1 speed=14.0
02-28 09:09:53.476 13511 13544 D NavigationTest: 26: (28.042164, -82.504665, 14.000000)	R:false  F:false
02-28 09:09:53.477 13511 13544 D NavigationTest: 27: (28.042164, -82.504665, 14.000000)	R:false  F:false
02-28 09:09:53.477 13511 13544 D NavServiceProvider: Second to last stop coordinates: 28.049276, -82.504196
02-28 09:09:53.477 13511 13544 D NavServiceProvider: Setting units automatically
02-28 09:09:53.478 13511 13544 D NavServiceProvider: Detecting stop. distance_d=774.08887. stop_type=1 speed=14.25
02-28 09:09:53.478 13511 13544 D NavigationTest: 28: (28.042303, -82.504659, 14.250000)	R:false  F:false
02-28 09:09:53.478 13511 13544 D NavServiceProvider: Second to last stop coordinates: 28.049276, -82.504196
02-28 09:09:53.479 13511 13544 D NavServiceProvider: Setting units automatically
02-28 09:09:53.479   871   871 D audio_hw_primary: adev_get_parameters:vr_audio_mode_on
02-28 09:09:53.479   871   871 I audio_hw_primary: getting vr mode to 0
02-28 09:09:53.479   871   871 D audio_hw_primary: adev_get_parameters: exit: returns - vr_audio_mode_on=false
02-28 09:09:53.480   959  2592 I hash_map_utils: key: 'vr_audio_mode_on' value: ''
02-28 09:09:53.480   959  2592 I AudioPolicyManagerCustom: VR mode is 0, switch to primary output if request is for fast|raw
02-28 09:09:53.480   959  2592 I AudioPolicyManagerCustom: setting force DEEP buffer now
02-28 09:09:53.480 13511 13544 D NavServiceProvider: Detecting stop. distance_d=758.25195. stop_type=1 speed=15.0
02-28 09:09:53.480   959  2592 D AudioFlinger: Client defaulted notificationFrames to 2048 for frameCount 4096
02-28 09:09:53.480 13511 13544 D NavigationTest: 29: (28.042446, -82.504656, 15.000000)	R:false  F:false
02-28 09:09:53.480 13511 13544 D NavigationTest: 30: (28.042446, -82.504656, 15.000000)	R:false  F:false
02-28 09:09:53.480 13511 13544 D NavServiceProvider: Second to last stop coordinates: 28.049276, -82.504196
02-28 09:09:53.480 13511 13544 D NavServiceProvider: Setting units automatically
02-28 09:09:53.481   959  2592 D AF::TrackHandle: OpPlayAudio: track:223 usage:1 not muted
02-28 09:09:53.481 13511 13544 D NavServiceProvider: Detecting stop. distance_d=741.3669. stop_type=1 speed=15.5
02-28 09:09:53.482 13511 13544 D NavigationTest: 31: (28.042598, -82.504644, 15.500000)	R:false  F:false
02-28 09:09:53.482 13511 13544 D NavigationTest: 32: (28.042598, -82.504644, 15.500000)	R:false  F:false
02-28 09:09:53.482 13511 13544 D NavServiceProvider: Second to last stop coordinates: 28.049276, -82.504196
02-28 09:09:53.482 13511 13544 D NavServiceProvider: Setting units automatically
02-28 09:09:53.483 13511 13544 D NavServiceProvider: Detecting stop. distance_d=723.73096. stop_type=1 speed=16.0
02-28 09:09:53.483 13511 13544 D NavigationTest: 33: (28.042757, -82.504636, 16.000000)	R:false  F:false
02-28 09:09:53.483 13511 13544 D NavigationTest: 34: (28.042757, -82.504636, 16.000000)	R:false  F:false
02-28 09:09:53.483 13511 13544 D NavServiceProvider: Second to last stop coordinates: 28.049276, -82.504196
02-28 09:09:53.483 13511 13544 D NavServiceProvider: Setting units automatically
02-28 09:09:53.484  2666  3413 D Avrcp_ext: AudioManager Player: ID:23 -- type:android.media.SoundPool -- u/pid:10126/2688 -- state:idle -- attr:AudioAttributes: usage=USAGE_ASSISTANCE_SONIFICATION content=CONTENT_TYPE_SONIFICATION flags=0x800 tags= bundle=null
02-28 09:09:53.484  2666  3413 D Avrcp_ext: AudioManager Player: ID:15 -- type:android.media.SoundPool -- u/pid:1000/1493 -- state:idle -- attr:AudioAttributes: usage=USAGE_ASSISTANCE_SONIFICATION content=CONTENT_TYPE_SONIFICATION flags=0x800 tags= bundle=null
02-28 09:09:53.484  2666  3413 D Avrcp_ext: AudioManager Player: ID:1375 -- type:android.media.AudioTrack -- u/pid:10088/13579 -- state:started -- attr:AudioAttributes: usage=USAGE_MEDIA content=CONTENT_TYPE_SPEECH flags=0x800 tags= bundle=null
02-28 09:09:53.484  2666  3413 D Avrcp_ext: AudioManager isPlaying: true
02-28 09:09:53.484  2666  3413 V Avrcp_ext: updateCurrentMediaState: mMediaController: null
02-28 09:09:53.484  2666  3413 V Avrcp_ext: isMusicActive: true getBluetoothPlayState: 2
02-28 09:09:53.484  2666  3413 V Avrcp_ext: updateCurrentMediaState: isPlaying = false
02-28 09:09:53.484  2666  3413 V Avrcp_ext: Media update: id -1➡-1? [MediaAttributes: none] : [MediaAttributes: none]
02-28 09:09:53.484  2666  3413 V Avrcp_ext: newPlayStatus:2mReportedPlayStatus:-1
02-28 09:09:53.484  2666  3413 V Avrcp_ext: updatePlaybackState, state: PlaybackState {state=2, position=-1, buffered position=0, speed=0.0, updated=1796815, actions=0, custom actions=[], active item id=-1, error=null} device: null
02-28 09:09:53.484  2666  3413 V Avrcp_ext: Device: no name:
02-28 09:09:53.484  2666  3413 I chatty  : uid=1002(bluetooth) BluetoothAvrcpH identical 3 lines
02-28 09:09:53.484  2666  3413 V Avrcp_ext: Device: no name:
02-28 09:09:53.484  2666  3413 V Avrcp_ext: updatePlayerStateAndPosition, old=PlaybackState {state=2, position=-1, buffered position=0, speed=0.0, updated=1796689, actions=0, custom actions=[], active item id=-1, error=null}, state=PlaybackState {state=2, position=-1, buffered position=0, speed=0.0, updated=1796815, actions=0, custom actions=[], active item id=-1, error=null}
02-28 09:09:53.484  2666  3413 V Avrcp_ext: old state = PlaybackState {state=2, position=-1, buffered position=0, speed=0.0, updated=1796689, actions=0, custom actions=[], active item id=-1, error=null}, new state= PlaybackState {state=2, position=-1, buffered position=0, speed=0.0, updated=1796815, actions=0, custom actions=[], active item id=-1, error=null}
02-28 09:09:53.484  2666  3413 D HeadsetService: getHeadsetService(): returning com.android.bluetooth.hfp.HeadsetService@8a04d28
02-28 09:09:53.484  2666  3413 D HeadsetService:  isAudioOn: The number of audio connected devices 0
02-28 09:09:53.484  2666  3413 D HeadsetService: isScoOrCallActive(): Call Active:falseCall is Ringing:falseSCO is Active:false
02-28 09:09:53.485  2666  3413 D HeadsetService:  isAudioOn: The number of audio connected devices 0
02-28 09:09:53.485  2666  3413 I Avrcp_ext: updatePlayStatusForDevice: device: null
02-28 09:09:53.485  2666  3413 V Avrcp_ext: updatePlaybackState (1): old=PlaybackState {state=2, position=-1, buffered position=0, speed=0.0, updated=1796689, actions=0, custom actions=[], active item id=-1, error=null}(2), new=PlaybackState {state=2, position=-1, buffered position=0, speed=0.0, updated=1796815, actions=0, custom actions=[], active item id=-1, error=null}(2)
02-28 09:09:53.485  2666  3413 I Avrcp_ext: Exit updatePlayStatusForDevice
02-28 09:09:53.485 13511 13544 D NavServiceProvider: Detecting stop. distance_d=706.7945. stop_type=1 speed=15.75
02-28 09:09:53.485 13511 13544 D NavigationTest: 35: (28.042910, -82.504634, 15.750000)	R:false  F:false
02-28 09:09:53.485  2666  3413 D HeadsetService:  isAudioOn: The number of audio connected devices 0
02-28 09:09:53.485 13511 13544 D NavServiceProvider: Second to last stop coordinates: 28.049276, -82.504196
02-28 09:09:53.485  2666  3413 D HeadsetService: isScoOrCallActive(): Call Active:falseCall is Ringing:falseSCO is Active:false
02-28 09:09:53.485  2666  3413 D HeadsetService:  isAudioOn: The number of audio connected devices 0
02-28 09:09:53.485  2666  3413 I Avrcp_ext: updatePlayStatusForDevice: device: null
02-28 09:09:53.485  2666  3413 V Avrcp_ext: updatePlaybackState (1): old=PlaybackState {state=2, position=-1, buffered position=0, speed=0.0, updated=1796689, actions=0, custom actions=[], active item id=-1, error=null}(2), new=PlaybackState {state=2, position=-1, buffered position=0, speed=0.0, updated=1796815, actions=0, custom actions=[], active item id=-1, error=null}(2)
02-28 09:09:53.485  2666  3413 I Avrcp_ext: Exit updatePlayStatusForDevice
02-28 09:09:53.485  2666  3413 D HeadsetService:  isAudioOn: The number of audio connected devices 0
02-28 09:09:53.485  2666  3413 D HeadsetService: isScoOrCallActive(): Call Active:falseCall is Ringing:falseSCO is Active:false
02-28 09:09:53.485 13511 13544 D NavServiceProvider: Setting units automatically
02-28 09:09:53.485  2666  3413 D HeadsetService:  isAudioOn: The number of audio connected devices 0
02-28 09:09:53.485  2666  3413 I Avrcp_ext: updatePlayStatusForDevice: device: null
02-28 09:09:53.485  2666  3413 V Avrcp_ext: updatePlaybackState (1): old=PlaybackState {state=2, position=-1, buffered position=0, speed=0.0, updated=1796689, actions=0, custom actions=[], active item id=-1, error=null}(2), new=PlaybackState {state=2, position=-1, buffered position=0, speed=0.0, updated=1796815, actions=0, custom actions=[], active item id=-1, error=null}(2)
02-28 09:09:53.485  2666  3413 I Avrcp_ext: Exit updatePlayStatusForDevice
02-28 09:09:53.485  2666  3413 D HeadsetService:  isAudioOn: The number of audio connected devices 0
02-28 09:09:53.485  2666  3413 D HeadsetService: isScoOrCallActive(): Call Active:falseCall is Ringing:falseSCO is Active:false
02-28 09:09:53.485  2666  3413 D HeadsetService:  isAudioOn: The number of audio connected devices 0
02-28 09:09:53.485  2666  3413 I Avrcp_ext: updatePlayStatusForDevice: device: null
02-28 09:09:53.485  2666  3413 V Avrcp_ext: updatePlaybackState (1): old=PlaybackState {state=2, position=-1, buffered position=0, speed=0.0, updated=1796689, actions=0, custom actions=[], active item id=-1, error=null}(2), new=PlaybackState {state=2, position=-1, buffered position=0, speed=0.0, updated=1796815, actions=0, custom actions=[], active item id=-1, error=null}(2)
02-28 09:09:53.485  2666  3413 I Avrcp_ext: Exit updatePlayStatusForDevice
02-28 09:09:53.486  2666  3413 D HeadsetService:  isAudioOn: The number of audio connected devices 0
02-28 09:09:53.486  2666  3413 D HeadsetService: isScoOrCallActive(): Call Active:falseCall is Ringing:falseSCO is Active:false
02-28 09:09:53.486  2666  3413 D HeadsetService:  isAudioOn: The number of audio connected devices 0
02-28 09:09:53.486  2666  3413 I Avrcp_ext: updatePlayStatusForDevice: device: null
02-28 09:09:53.486  2666  3413 V Avrcp_ext: updatePlaybackState (1): old=PlaybackState {state=2, position=-1, buffered position=0, speed=0.0, updated=1796689, actions=0, custom actions=[], active item id=-1, error=null}(2), new=PlaybackState {state=2, position=-1, buffered position=0, speed=0.0, updated=1796815, actions=0, custom actions=[], active item id=-1, error=null}(2)
02-28 09:09:53.486  2666  3413 I Avrcp_ext: Exit updatePlayStatusForDevice
02-28 09:09:53.486  2666  3413 D Avrcp_ext: Enter sendPlayPosNotificationRsp
02-28 09:09:53.486  2666  3413 D Avrcp_ext: sendPlayPosNotificationRsp: Not registered or requesting.
02-28 09:09:53.486  2666  3413 D Avrcp_ext: Enter sendPlayPosNotificationRsp
02-28 09:09:53.486  2666  3413 D Avrcp_ext: sendPlayPosNotificationRsp: Not registered or requesting.
02-28 09:09:53.486  2666  3413 D Avrcp_ext: Enter sendPlayPosNotificationRsp
02-28 09:09:53.486  2666  3413 D Avrcp_ext: sendPlayPosNotificationRsp: Not registered or requesting.
02-28 09:09:53.486  2666  3413 D Avrcp_ext: Enter sendPlayPosNotificationRsp
02-28 09:09:53.486  2666  3413 D Avrcp_ext: sendPlayPosNotificationRsp: Not registered or requesting.
02-28 09:09:53.486  2666  3413 D Avrcp_ext: Enter sendPlayPosNotificationRsp
02-28 09:09:53.486  2666  3413 D Avrcp_ext: sendPlayPosNotificationRsp: Not registered or requesting.
02-28 09:09:53.486  2666  3413 V Avrcp_ext: Exit updatePlayerStateAndPosition
02-28 09:09:53.486 13511 13544 D NavServiceProvider: Detecting stop. distance_d=690.8852. stop_type=1 speed=15.75
02-28 09:09:53.486 13511 13544 D NavigationTest: 36: (28.043054, -82.504637, 15.750000)	R:false  F:false
02-28 09:09:53.486 13511 13544 D NavigationTest: 37: (28.043054, -82.504637, 15.750000)	R:false  F:false
02-28 09:09:53.486 13511 13544 D NavServiceProvider: Second to last stop coordinates: 28.049276, -82.504196
02-28 09:09:53.487 13511 13544 D NavServiceProvider: Setting units automatically
02-28 09:09:53.488 13511 13544 D NavServiceProvider: Detecting stop. distance_d=673.89526. stop_type=1 speed=16.0
02-28 09:09:53.488 13511 13544 D NavigationTest: 38: (28.043207, -82.504626, 16.000000)	R:false  F:false
02-28 09:09:53.488 13511 13544 D NavigationTest: 39: (28.043207, -82.504626, 16.000000)	R:false  F:false
02-28 09:09:53.488 13511 13544 D NavServiceProvider: Second to last stop coordinates: 28.049276, -82.504196
02-28 09:09:53.488 13511 13544 D NavServiceProvider: Setting units automatically
02-28 09:09:53.489 13511 13544 D NavServiceProvider: Detecting stop. distance_d=655.2711. stop_type=1 speed=16.75
02-28 09:09:53.489 13511 13544 D NavigationTest: 40: (28.043375, -82.504619, 16.750000)	R:false  F:false
02-28 09:09:53.490 13511 13544 D NavigationTest: 41: (28.043375, -82.504619, 16.750000)	R:false  F:false
02-28 09:09:53.490 13511 13544 D NavServiceProvider: Second to last stop coordinates: 28.049276, -82.504196
02-28 09:09:53.490 13511 13544 D NavServiceProvider: Setting units automatically
02-28 09:09:53.491 13511 13544 D NavServiceProvider: Detecting stop. distance_d=637.6302. stop_type=1 speed=17.0
02-28 09:09:53.491 13511 13544 D NavigationTest: 42: (28.043533, -82.504592, 17.000000)	R:false  F:false
02-28 09:09:53.491 13511 13544 D NavigationTest: 43: (28.043533, -82.504592, 17.000000)	R:false  F:false
02-28 09:09:53.491 13511 13544 D NavServiceProvider: Second to last stop coordinates: 28.049276, -82.504196
02-28 09:09:53.491 13511 13544 D NavServiceProvider: Setting units automatically
02-28 09:09:53.492   871   871 D msm8974_platform: platform_split_snd_device: snd_device(2) num devices(1) new_snd_devices(0)
02-28 09:09:53.492   871   871 D ACDB-LOADER: ACDB -> send_audvoltable
02-28 09:09:53.492   871   871 D ACDB-LOADER: ACDB -> ACDB_CMD_GET_AUDPROC_VOL_STEP_TABLE_SIZE
02-28 09:09:53.492   871   871 D ACDB-LOADER: ACDB -> ACDB_CMD_GET_AUDPROC_GAIN_DEP_STEP_TABLE, vol index 0
02-28 09:09:53.492   871   871 D         : Failed to fetch the lookup information of the device 0000000F
02-28 09:09:53.492   871   871 E ACDB-LOADER: Error: ACDB AudProc vol returned = -19
02-28 09:09:53.492   871   871 D ACDB-LOADER: ACDB -> AUDIO_SET_VOL_CAL cal type = 40
02-28 09:09:53.493 13511 13544 D NavServiceProvider: Detecting stop. distance_d=624.2551. stop_type=1 speed=16.5
02-28 09:09:53.493 13511 13544 D NavigationTest: 44: (28.043653, -82.504575, 16.500000)	R:false  F:false
02-28 09:09:53.493 13511 13544 D NavigationTest: 45: (28.043653, -82.504575, 16.500000)	R:false  F:false
02-28 09:09:53.493 13511 13544 D NavServiceProvider: Second to last stop coordinates: 28.049276, -82.504196
02-28 09:09:53.493   871   871 D msm8974_platform: platform_split_snd_device: snd_device(2) num devices(1) new_snd_devices(0)
02-28 09:09:53.493 13511 13544 D NavServiceProvider: Setting units automatically
02-28 09:09:53.494 13511 13544 D NavServiceProvider: Detecting stop. distance_d=608.3716. stop_type=1 speed=16.5
02-28 09:09:53.494 13511 13544 D NavigationTest: 46: (28.043796, -82.504564, 16.500000)	R:false  F:false
02-28 09:09:53.494 13511 13544 D NavServiceProvider: Second to last stop coordinates: 28.049276, -82.504196
02-28 09:09:53.495 13511 13544 D NavServiceProvider: Setting units automatically
02-28 09:09:53.495   871   911 D msm8974_platform: platform_split_snd_device: snd_device(2) num devices(1) new_snd_devices(0)
02-28 09:09:53.495   871   911 D ACDB-LOADER: ACDB -> send_audvoltable
02-28 09:09:53.495   871   911 D ACDB-LOADER: ACDB -> ACDB_CMD_GET_AUDPROC_VOL_STEP_TABLE_SIZE
02-28 09:09:53.495   871   911 D ACDB-LOADER: ACDB -> ACDB_CMD_GET_AUDPROC_GAIN_DEP_STEP_TABLE, vol index 5
02-28 09:09:53.495   871   911 D         : Failed to fetch the lookup information of the device 0000000F
02-28 09:09:53.495   871   911 E ACDB-LOADER: Error: ACDB AudProc vol returned = -19
02-28 09:09:53.495   871   911 D ACDB-LOADER: ACDB -> AUDIO_SET_VOL_CAL cal type = 40
02-28 09:09:53.496 13511 13544 D NavServiceProvider: Detecting stop. distance_d=597.5644. stop_type=1 speed=15.75
02-28 09:09:53.496 13511 13544 D NavigationTest: 47: (28.043892, -82.504531, 15.750000)	R:false  F:false
02-28 09:09:53.496 13511 13544 D NavigationTest: 48: (28.043892, -82.504531, 15.750000)	R:false  F:false
02-28 09:09:53.496 13511 13544 D NavServiceProvider: Second to last stop coordinates: 28.049276, -82.504196
02-28 09:09:53.496 13511 13544 D NavServiceProvider: Setting units automatically
02-28 09:09:53.498 13511 13544 D NavServiceProvider: Detecting stop. distance_d=579.0368. stop_type=1 speed=16.0
02-28 09:09:53.498 13511 13544 D NavigationTest: 49: (28.044059, -82.504522, 16.000000)	R:false  F:false
02-28 09:09:53.498 13511 13544 D NavServiceProvider: Second to last stop coordinates: 28.049276, -82.504196
02-28 09:09:53.498 13511 13544 D NavServiceProvider: Setting units automatically
02-28 09:09:53.499 13511 13544 D NavServiceProvider: Detecting stop. distance_d=564.72485. stop_type=1 speed=15.75
02-28 09:09:53.499 13511 13544 D NavigationTest: 50: (28.044188, -82.504515, 15.750000)	R:false  F:false
02-28 09:09:53.499 13511 13544 D NavigationTest: 51: (28.044188, -82.504515, 15.750000)	R:false  F:false
02-28 09:09:53.499 13511 13544 D NavServiceProvider: Second to last stop coordinates: 28.049276, -82.504196
02-28 09:09:53.500 13511 13544 D NavServiceProvider: Setting units automatically
02-28 09:09:53.501 13511 13544 D NavServiceProvider: Detecting stop. distance_d=545.0963. stop_type=1 speed=16.5
02-28 09:09:53.501 13511 13544 D NavigationTest: 52: (28.044365, -82.504507, 16.500000)	R:false  F:false
02-28 09:09:53.501 13511 13544 D NavigationTest: 53: (28.044365, -82.504507, 16.500000)	R:false  F:false
02-28 09:09:53.501 13511 13544 D NavServiceProvider: Second to last stop coordinates: 28.049276, -82.504196
02-28 09:09:53.501 13511 13544 D NavServiceProvider: Setting units automatically
02-28 09:09:53.502 13511 13544 D NavServiceProvider: Detecting stop. distance_d=526.9344. stop_type=1 speed=16.25
02-28 09:09:53.502 13511 13544 D NavigationTest: 54: (28.044529, -82.504504, 16.250000)	R:false  F:false
02-28 09:09:53.502 13511 13544 D NavigationTest: 55: (28.044529, -82.504504, 16.250000)	R:false  F:false
02-28 09:09:53.502 13511 13544 D NavServiceProvider: Second to last stop coordinates: 28.049276, -82.504196
02-28 09:09:53.503 13511 13544 D NavServiceProvider: Setting units automatically
02-28 09:09:53.504 13511 13544 D NavServiceProvider: Detecting stop. distance_d=513.6898. stop_type=1 speed=16.0
02-28 09:09:53.504 13511 13544 D NavigationTest: 56: (28.044648, -82.504490, 16.000000)	R:false  F:false
02-28 09:09:53.504 13511 13544 D NavServiceProvider: Second to last stop coordinates: 28.049276, -82.504196
02-28 09:09:53.504 13511 13544 D NavServiceProvider: Setting units automatically
02-28 09:09:53.505 13511 13544 D NavServiceProvider: Detecting stop. distance_d=500.41928. stop_type=1 speed=16.5
02-28 09:09:53.505 13511 13544 D NavigationTest: 57: (28.044767, -82.504471, 16.500000)	R:false  F:false
02-28 09:09:53.505 13511 13544 D NavigationTest: 58: (28.044767, -82.504471, 16.500000)	R:false  F:false
02-28 09:09:53.505 13511 13544 D NavServiceProvider: Second to last stop coordinates: 28.049276, -82.504196
02-28 09:09:53.505 13511 13544 D NavServiceProvider: Setting units automatically
02-28 09:09:53.506 13511 13544 D NavServiceProvider: Detecting stop. distance_d=484.27393. stop_type=1 speed=16.5
02-28 09:09:53.506 13511 13544 D NavigationTest: 59: (28.044912, -82.504452, 16.500000)	R:false  F:false
02-28 09:09:53.506 13511 13544 D NavServiceProvider: Second to last stop coordinates: 28.049276, -82.504196
02-28 09:09:53.507 13511 13544 D NavServiceProvider: Setting units automatically
02-28 09:09:53.508 13511 13544 D NavServiceProvider: Detecting stop. distance_d=468.4435. stop_type=1 speed=16.5
02-28 09:09:53.508 13511 13544 D NavigationTest: 60: (28.045055, -82.504451, 16.500000)	R:false  F:false
02-28 09:09:53.508 13511 13544 D NavigationTest: 61: (28.045055, -82.504451, 16.500000)	R:false  F:false
02-28 09:09:53.508 13511 13544 D NavServiceProvider: Second to last stop coordinates: 28.049276, -82.504196
02-28 09:09:53.508 13511 13544 D NavServiceProvider: Setting units automatically
02-28 09:09:53.509 13511 13544 D NavServiceProvider: Detecting stop. distance_d=450.2852. stop_type=1 speed=17.0
02-28 09:09:53.509 13511 13544 D NavigationTest: 62: (28.045219, -82.504449, 17.000000)	R:false  F:false
02-28 09:09:53.509 13511 13544 D NavServiceProvider: Second to last stop coordinates: 28.049276, -82.504196
02-28 09:09:53.510 13511 13544 D NavServiceProvider: Setting units automatically
02-28 09:09:53.511 13511 13544 D NavServiceProvider: Detecting stop. distance_d=432.7644. stop_type=1 speed=17.0
02-28 09:09:53.511 13511 13544 D NavigationTest: 63: (28.045377, -82.504442, 17.000000)	R:false  F:false
02-28 09:09:53.511 13511 13544 D NavigationTest: 64: (28.045377, -82.504442, 17.000000)	R:false  F:false
02-28 09:09:53.511 13511 13544 D NavServiceProvider: Second to last stop coordinates: 28.049276, -82.504196
02-28 09:09:53.511 13511 13544 D NavServiceProvider: Setting units automatically
02-28 09:09:53.512 13511 13544 D NavServiceProvider: Detecting stop. distance_d=415.532. stop_type=1 speed=17.5
02-28 09:09:53.512 13511 13544 D NavigationTest: 65: (28.045532, -82.504427, 17.500000)	R:false  F:false
02-28 09:09:53.512 13511 13544 D NavServiceProvider: Second to last stop coordinates: 28.049276, -82.504196
02-28 09:09:53.512 13511 13544 D NavServiceProvider: Setting units automatically
02-28 09:09:53.513 13511 13544 D NavServiceProvider: Detecting stop. distance_d=394.80777. stop_type=1 speed=17.75
02-28 09:09:53.513 13511 13544 D NavigationTest: 66: (28.045719, -82.504421, 17.750000)	R:false  F:false
02-28 09:09:53.513 13511 13544 D NavigationTest: 67: (28.045719, -82.504421, 17.750000)	R:false  F:false
02-28 09:09:53.513 13511 13544 D NavServiceProvider: Second to last stop coordinates: 28.049276, -82.504196
02-28 09:09:53.514 13511 13544 D NavServiceProvider: Setting units automatically
02-28 09:09:53.515 13511 13544 D NavServiceProvider: Detecting stop. distance_d=378.39804. stop_type=1 speed=17.5
02-28 09:09:53.515 13511 13544 D NavigationTest: 68: (28.045866, -82.504394, 17.500000)	R:false  F:false
02-28 09:09:53.515 13511 13544 D NavServiceProvider: Second to last stop coordinates: 28.049276, -82.504196
02-28 09:09:53.515 13511 13544 D NavServiceProvider: Setting units automatically
02-28 09:09:53.516 13511 13544 D NavServiceProvider: Detecting stop. distance_d=362.99957. stop_type=1 speed=16.25
02-28 09:09:53.516 13511 13544 D NavigationTest: 69: (28.046005, -82.504391, 16.250000)	R:false  F:false
02-28 09:09:53.516 13511 13544 D NavigationTest: 70: (28.046005, -82.504391, 16.250000)	R:false  F:false
02-28 09:09:53.516 13511 13544 D NavigationTest: 71: (28.046005, -82.504391, 16.250000)	R:false  F:false
02-28 09:09:53.516 13511 13544 D NavigationTest: 72: (28.046005, -82.504391, 16.250000)	R:false  F:false
02-28 09:09:53.516 13511 13544 D NavServiceProvider: Second to last stop coordinates: 28.049276, -82.504196
02-28 09:09:53.517 13511 13544 D NavServiceProvider: Setting units automatically
02-28 09:09:53.518 13511 13544 D NavServiceProvider: Detecting stop. distance_d=345.15146. stop_type=1 speed=17.0
02-28 09:09:53.518 13511 13544 D NavigationTest: 73: (28.046166, -82.504385, 17.000000)	R:false  F:false
02-28 09:09:53.518 13511 13544 D NavigationTest: 74: (28.046166, -82.504385, 17.000000)	R:false  F:false
02-28 09:09:53.518 13511 13544 D NavServiceProvider: Second to last stop coordinates: 28.049276, -82.504196
02-28 09:09:53.518 13511 13544 D NavServiceProvider: Setting units automatically
02-28 09:09:53.519 13511 13544 D NavServiceProvider: Detecting stop. distance_d=327.2205. stop_type=1 speed=17.75
02-28 09:09:53.519 13511 13544 D NavigationTest: 75: (28.046328, -82.504384, 17.750000)	R:false  F:false
02-28 09:09:53.519 13511 13544 D NavigationTest: 76: (28.046328, -82.504384, 17.750000)	R:false  F:false
02-28 09:09:53.519 13511 13544 D NavServiceProvider: Second to last stop coordinates: 28.049276, -82.504196
02-28 09:09:53.520 13511 13544 D NavServiceProvider: Setting units automatically
02-28 09:09:53.521 13511 13544 D NavServiceProvider: Detecting stop. distance_d=308.39542. stop_type=1 speed=18.0
02-28 09:09:53.521 13511 13544 D NavigationTest: 77: (28.046498, -82.504381, 18.000000)	R:false  F:false
02-28 09:09:53.521 13511 13544 D NavServiceProvider: Second to last stop coordinates: 28.049276, -82.504196
02-28 09:09:53.521 13511 13544 D NavServiceProvider: Setting units automatically
02-28 09:09:53.522 13511 13544 D NavServiceProvider: Detecting stop. distance_d=292.3347. stop_type=1 speed=17.5
02-28 09:09:53.522 13511 13544 D NavigationTest: 78: (28.046642, -82.504358, 17.500000)	R:false  F:false
02-28 09:09:53.522 13511 13544 D NavigationTest: 79: (28.046642, -82.504358, 17.500000)	R:false  F:false
02-28 09:09:53.522 13511 13544 D NavServiceProvider: Second to last stop coordinates: 28.049276, -82.504196
02-28 09:09:53.522 13511 13544 D NavServiceProvider: Setting units automatically
02-28 09:09:53.524 13511 13544 D NavServiceProvider: Detecting stop. distance_d=276.2468. stop_type=1 speed=17.0
02-28 09:09:53.524 13511 13544 D NavigationTest: 80: (28.046787, -82.504350, 17.000000)	R:false  F:false
02-28 09:09:53.524 13511 13544 D NavServiceProvider: Second to last stop coordinates: 28.049276, -82.504196
02-28 09:09:53.524 13511 13544 D NavServiceProvider: Setting units automatically
02-28 09:09:53.525 13511 13544 D NavServiceProvider: Detecting stop. distance_d=262.03464. stop_type=1 speed=16.75
02-28 09:09:53.525 13511 13544 D NavigationTest: 81: (28.046915, -82.504341, 16.750000)	R:false  F:false
02-28 09:09:53.525 13511 13544 D NavigationTest: 82: (28.046915, -82.504341, 16.750000)	R:false  F:false
02-28 09:09:53.525 13511 13544 D NavServiceProvider: Second to last stop coordinates: 28.049276, -82.504196
02-28 09:09:53.525 13511 13544 D NavServiceProvider: Setting units automatically
02-28 09:09:53.527 13511 13544 D NavServiceProvider: Detecting stop. distance_d=244.25513. stop_type=1 speed=17.0
02-28 09:09:53.527 13511 13544 D NavigationTest: 83: (28.047075, -82.504327, 17.000000)	R:false  F:false
02-28 09:09:53.527 13511 13544 D NavServiceProvider: Second to last stop coordinates: 28.049276, -82.504196
02-28 09:09:53.527 13511 13544 D NavServiceProvider: Setting units automatically
02-28 09:09:53.528 13511 13544 D NavServiceProvider: Detecting stop. distance_d=228.08302. stop_type=1 speed=16.5
02-28 09:09:53.528 13511 13544 D NavigationTest: 84: (28.047221, -82.504324, 16.500000)	R:false  F:false
02-28 09:09:53.528 13511 13544 D NavigationTest: 85: (28.047221, -82.504324, 16.500000)	R:false  F:false
02-28 09:09:53.528 13511 13544 D NavServiceProvider: Second to last stop coordinates: 28.049276, -82.504196
02-28 09:09:53.528 13511 13544 D NavServiceProvider: Setting units automatically
02-28 09:09:53.530 13511 13544 D NavServiceProvider: Detecting stop. distance_d=213.29637. stop_type=1 speed=16.5
02-28 09:09:53.530 13511 13544 D NavigationTest: 86: (28.047354, -82.504311, 16.500000)	R:false  F:false
02-28 09:09:53.530 13511 13544 D NavServiceProvider: Second to last stop coordinates: 28.049276, -82.504196
02-28 09:09:53.530 13511 13544 D NavServiceProvider: Setting units automatically
02-28 09:09:53.532 13579 13766 D AudioTrack: stop(191): called with 4096 frames delivered
02-28 09:09:53.532 13579 13612 I SynthesisCache: streamCachedRequest call to callback.audioAvailable failed: -1
02-28 09:09:53.534 13579 13612 I GoogleTTSServiceImpl: Synthesis request for locale eng-USA and name en-US-language
02-28 09:09:53.534 13511 13544 D NavServiceProvider: -----Get ready!
02-28 09:09:53.534 13511 13544 D NavigationTest: 87: (28.047504, -82.504295, 16.000000)	R:true  F:false
02-28 09:09:53.534 13511 13544 D NavServiceProvider: Second to last stop coordinates: 28.049276, -82.504196
02-28 09:09:53.535 13511 13544 D NavServiceProvider: Setting units automatically
02-28 09:09:53.535 13579 13612 I GoogleTTSServiceImpl: TTS dispatch: en-us-x-iog-seanet-embedded
02-28 09:09:53.536 13511 13544 D NavServiceProvider: Detecting stop. distance_d=196.61453. stop_type=1 speed=16.0
02-28 09:09:53.536 13511 13544 D NavigationTest: 87: (28.047504, -82.504295, 16.000000)	R:true  F:false
02-28 09:09:53.536 13511 13544 D NavigationTest: 88: (28.047504, -82.504295, 16.000000)	R:true  F:false
02-28 09:09:53.536 13511 13544 D NavServiceProvider: Second to last stop coordinates: 28.049276, -82.504196
02-28 09:09:53.536 13511 13544 D NavServiceProvider: Setting units automatically
02-28 09:09:53.538 13511 13544 D NavServiceProvider: Detecting stop. distance_d=186.59578. stop_type=1 speed=15.25
02-28 09:09:53.538 13511 13544 D NavigationTest: 89: (28.047594, -82.504283, 15.250000)	R:true  F:false
02-28 09:09:53.538 13511 13544 D NavServiceProvider: Second to last stop coordinates: 28.049276, -82.504196
02-28 09:09:53.538 13511 13544 D NavServiceProvider: Setting units automatically
02-28 09:09:53.540  2666  3413 D Avrcp_ext: AudioManager Player: ID:23 -- type:android.media.SoundPool -- u/pid:10126/2688 -- state:idle -- attr:AudioAttributes: usage=USAGE_ASSISTANCE_SONIFICATION content=CONTENT_TYPE_SONIFICATION flags=0x800 tags= bundle=null
02-28 09:09:53.540  2666  3413 D Avrcp_ext: AudioManager Player: ID:15 -- type:android.media.SoundPool -- u/pid:1000/1493 -- state:idle -- attr:AudioAttributes: usage=USAGE_ASSISTANCE_SONIFICATION content=CONTENT_TYPE_SONIFICATION flags=0x800 tags= bundle=null
02-28 09:09:53.540  2666  3413 D Avrcp_ext: AudioManager Player: ID:1375 -- type:android.media.AudioTrack -- u/pid:10088/13579 -- state:stopped -- attr:AudioAttributes: usage=USAGE_MEDIA content=CONTENT_TYPE_SPEECH flags=0x800 tags= bundle=null
02-28 09:09:53.540  2666  3413 D Avrcp_ext: AudioManager isPlaying: false
02-28 09:09:53.540  2666  3413 V Avrcp_ext: updateCurrentMediaState: mMediaController: null
02-28 09:09:53.541 13511 13544 D NavServiceProvider: Detecting stop. distance_d=171.27821. stop_type=1 speed=15.25
02-28 09:09:53.541  2666  3413 V Avrcp_ext: isMusicActive: true getBluetoothPlayState: 2
02-28 09:09:53.541  2666  3413 V Avrcp_ext: updateCurrentMediaState: isPlaying = false
02-28 09:09:53.541  2666  3413 V Avrcp_ext: Media update: id -1➡-1? [MediaAttributes: none] : [MediaAttributes: none]
02-28 09:09:53.541 13511 13544 D NavigationTest: 90: (28.047732, -82.504274, 15.250000)	R:true  F:false
02-28 09:09:53.541  2666  3413 V Avrcp_ext: newPlayStatus:2mReportedPlayStatus:-1
02-28 09:09:53.541 13511 13544 D NavigationTest: 91: (28.047732, -82.504274, 15.250000)	R:true  F:false
02-28 09:09:53.541 13511 13544 D NavServiceProvider: Second to last stop coordinates: 28.049276, -82.504196
02-28 09:09:53.541  2666  3413 V Avrcp_ext: updatePlaybackState, state: PlaybackState {state=2, position=-1, buffered position=0, speed=0.0, updated=1796871, actions=0, custom actions=[], active item id=-1, error=null} device: null
02-28 09:09:53.541  2666  3413 V Avrcp_ext: Device: no name:
02-28 09:09:53.541  2666  3413 I chatty  : uid=1002(bluetooth) BluetoothAvrcpH identical 3 lines
02-28 09:09:53.541  2666  3413 V Avrcp_ext: Device: no name:
02-28 09:09:53.541  2666  3413 V Avrcp_ext: updatePlayerStateAndPosition, old=PlaybackState {state=2, position=-1, buffered position=0, speed=0.0, updated=1796815, actions=0, custom actions=[], active item id=-1, error=null}, state=PlaybackState {state=2, position=-1, buffered position=0, speed=0.0, updated=1796871, actions=0, custom actions=[], active item id=-1, error=null}
02-28 09:09:53.541  2666  3413 V Avrcp_ext: old state = PlaybackState {state=2, position=-1, buffered position=0, speed=0.0, updated=1796815, actions=0, custom actions=[], active item id=-1, error=null}, new state= PlaybackState {state=2, position=-1, buffered position=0, speed=0.0, updated=1796871, actions=0, custom actions=[], active item id=-1, error=null}
02-28 09:09:53.541  2666  3413 D HeadsetService: getHeadsetService(): returning com.android.bluetooth.hfp.HeadsetService@8a04d28
02-28 09:09:53.541  2666  3413 D HeadsetService:  isAudioOn: The number of audio connected devices 0
02-28 09:09:53.541 13511 13544 D NavServiceProvider: Setting units automatically
02-28 09:09:53.541  2666  3413 D HeadsetService: isScoOrCallActive(): Call Active:falseCall is Ringing:falseSCO is Active:false
02-28 09:09:53.542  2666  3413 D HeadsetService:  isAudioOn: The number of audio connected devices 0
02-28 09:09:53.542  2666  3413 I Avrcp_ext: updatePlayStatusForDevice: device: null
02-28 09:09:53.542  2666  3413 V Avrcp_ext: updatePlaybackState (1): old=PlaybackState {state=2, position=-1, buffered position=0, speed=0.0, updated=1796815, actions=0, custom actions=[], active item id=-1, error=null}(2), new=PlaybackState {state=2, position=-1, buffered position=0, speed=0.0, updated=1796871, actions=0, custom actions=[], active item id=-1, error=null}(2)
02-28 09:09:53.542  2666  3413 I Avrcp_ext: Exit updatePlayStatusForDevice
02-28 09:09:53.542  2666  3413 D HeadsetService:  isAudioOn: The number of audio connected devices 0
02-28 09:09:53.542  2666  3413 D HeadsetService: isScoOrCallActive(): Call Active:falseCall is Ringing:falseSCO is Active:false
02-28 09:09:53.542  2666  3413 D HeadsetService:  isAudioOn: The number of audio connected devices 0
02-28 09:09:53.542  2666  3413 I Avrcp_ext: updatePlayStatusForDevice: device: null
02-28 09:09:53.542  2666  3413 V Avrcp_ext: updatePlaybackState (1): old=PlaybackState {state=2, position=-1, buffered position=0, speed=0.0, updated=1796815, actions=0, custom actions=[], active item id=-1, error=null}(2), new=PlaybackState {state=2, position=-1, buffered position=0, speed=0.0, updated=1796871, actions=0, custom actions=[], active item id=-1, error=null}(2)
02-28 09:09:53.542  2666  3413 I Avrcp_ext: Exit updatePlayStatusForDevice
02-28 09:09:53.542  2666  3413 D HeadsetService:  isAudioOn: The number of audio connected devices 0
02-28 09:09:53.542  2666  3413 D HeadsetService: isScoOrCallActive(): Call Active:falseCall is Ringing:falseSCO is Active:false
02-28 09:09:53.543  2666  3413 D HeadsetService:  isAudioOn: The number of audio connected devices 0
02-28 09:09:53.543  2666  3413 I Avrcp_ext: updatePlayStatusForDevice: device: null
02-28 09:09:53.543  2666  3413 V Avrcp_ext: updatePlaybackState (1): old=PlaybackState {state=2, position=-1, buffered position=0, speed=0.0, updated=1796815, actions=0, custom actions=[], active item id=-1, error=null}(2), new=PlaybackState {state=2, position=-1, buffered position=0, speed=0.0, updated=1796871, actions=0, custom actions=[], active item id=-1, error=null}(2)
02-28 09:09:53.543  2666  3413 I Avrcp_ext: Exit updatePlayStatusForDevice
02-28 09:09:53.543  2666  3413 D HeadsetService:  isAudioOn: The number of audio connected devices 0
02-28 09:09:53.543  2666  3413 D HeadsetService: isScoOrCallActive(): Call Active:falseCall is Ringing:falseSCO is Active:false
02-28 09:09:53.543 13511 13544 D NavServiceProvider: Detecting stop. distance_d=155.46404. stop_type=1 speed=15.25
02-28 09:09:53.543 13511 13544 D NavigationTest: 92: (28.047874, -82.504251, 15.250000)	R:true  F:false
02-28 09:09:53.543  2666  3413 D HeadsetService:  isAudioOn: The number of audio connected devices 0
02-28 09:09:53.543  2666  3413 I Avrcp_ext: updatePlayStatusForDevice: device: null
02-28 09:09:53.543 13511 13544 D NavServiceProvider: Second to last stop coordinates: 28.049276, -82.504196
02-28 09:09:53.543  2666  3413 V Avrcp_ext: updatePlaybackState (1): old=PlaybackState {state=2, position=-1, buffered position=0, speed=0.0, updated=1796815, actions=0, custom actions=[], active item id=-1, error=null}(2), new=PlaybackState {state=2, position=-1, buffered position=0, speed=0.0, updated=1796871, actions=0, custom actions=[], active item id=-1, error=null}(2)
02-28 09:09:53.543  2666  3413 I Avrcp_ext: Exit updatePlayStatusForDevice
02-28 09:09:53.543  2666  3413 D HeadsetService:  isAudioOn: The number of audio connected devices 0
02-28 09:09:53.543  2666  3413 D HeadsetService: isScoOrCallActive(): Call Active:falseCall is Ringing:falseSCO is Active:false
02-28 09:09:53.543  2666  3413 D HeadsetService:  isAudioOn: The number of audio connected devices 0
02-28 09:09:53.544  2666  3413 I Avrcp_ext: updatePlayStatusForDevice: device: null
02-28 09:09:53.544  2666  3413 V Avrcp_ext: updatePlaybackState (1): old=PlaybackState {state=2, position=-1, buffered position=0, speed=0.0, updated=1796815, actions=0, custom actions=[], active item id=-1, error=null}(2), new=PlaybackState {state=2, position=-1, buffered position=0, speed=0.0, updated=1796871, actions=0, custom actions=[], active item id=-1, error=null}(2)
02-28 09:09:53.544  2666  3413 I Avrcp_ext: Exit updatePlayStatusForDevice
02-28 09:09:53.544  2666  3413 D Avrcp_ext: Enter sendPlayPosNotificationRsp
02-28 09:09:53.544  2666  3413 D Avrcp_ext: sendPlayPosNotificationRsp: Not registered or requesting.
02-28 09:09:53.544  2666  3413 D Avrcp_ext: Enter sendPlayPosNotificationRsp
02-28 09:09:53.544  2666  3413 D Avrcp_ext: sendPlayPosNotificationRsp: Not registered or requesting.
02-28 09:09:53.544  2666  3413 D Avrcp_ext: Enter sendPlayPosNotificationRsp
02-28 09:09:53.544  2666  3413 D Avrcp_ext: sendPlayPosNotificationRsp: Not registered or requesting.
02-28 09:09:53.544  2666  3413 D Avrcp_ext: Enter sendPlayPosNotificationRsp
02-28 09:09:53.544  2666  3413 D Avrcp_ext: sendPlayPosNotificationRsp: Not registered or requesting.
02-28 09:09:53.544  2666  3413 D Avrcp_ext: Enter sendPlayPosNotificationRsp
02-28 09:09:53.544 13511 13544 D NavServiceProvider: Setting units automatically
02-28 09:09:53.544  2666  3413 D Avrcp_ext: sendPlayPosNotificationRsp: Not registered or requesting.
02-28 09:09:53.544  2666  3413 V Avrcp_ext: Exit updatePlayerStateAndPosition
02-28 09:09:53.544  2666  3413 D Avrcp_ext: AudioManager Player: ID:23 -- type:android.media.SoundPool -- u/pid:10126/2688 -- state:idle -- attr:AudioAttributes: usage=USAGE_ASSISTANCE_SONIFICATION content=CONTENT_TYPE_SONIFICATION flags=0x800 tags= bundle=null
02-28 09:09:53.544  2666  3413 D Avrcp_ext: AudioManager Player: ID:15 -- type:android.media.SoundPool -- u/pid:1000/1493 -- state:idle -- attr:AudioAttributes: usage=USAGE_ASSISTANCE_SONIFICATION content=CONTENT_TYPE_SONIFICATION flags=0x800 tags= bundle=null
02-28 09:09:53.544  2666  3413 D Avrcp_ext: AudioManager isPlaying: false
02-28 09:09:53.545 13511 13544 D NavServiceProvider: Detecting stop. distance_d=138.039. stop_type=1 speed=16.5
02-28 09:09:53.545 13511 13544 D NavigationTest: 93: (28.048031, -82.504240, 16.500000)	R:true  F:false
02-28 09:09:53.545 13511 13544 D NavigationTest: 94: (28.048031, -82.504240, 16.500000)	R:true  F:false
02-28 09:09:53.545 13511 13544 D NavServiceProvider: Second to last stop coordinates: 28.049276, -82.504196
02-28 09:09:53.546 13511 13544 D NavServiceProvider: Setting units automatically
02-28 09:09:53.547 13511 13544 D NavServiceProvider: Detecting stop. distance_d=120.40875. stop_type=1 speed=16.0
02-28 09:09:53.547 13511 13544 D NavigationTest: 95: (28.048190, -82.504234, 16.000000)	R:true  F:false
02-28 09:09:53.547 13511 13544 D NavServiceProvider: Second to last stop coordinates: 28.049276, -82.504196
02-28 09:09:53.548 13511 13544 D NavServiceProvider: Setting units automatically
02-28 09:09:53.549 13511 13544 D NavServiceProvider: Detecting stop. distance_d=105.529495. stop_type=1 speed=15.25
02-28 09:09:53.549 13511 13544 D NavigationTest: 96: (28.048324, -82.504221, 15.250000)	R:true  F:false
02-28 09:09:53.549 13511 13544 D NavigationTest: 97: (28.048324, -82.504221, 15.250000)	R:true  F:false
02-28 09:09:53.549 13511 13544 D NavServiceProvider: Second to last stop coordinates: 28.049276, -82.504196
02-28 09:09:53.550 13511 13544 D NavServiceProvider: Setting units automatically
02-28 09:09:53.552 13511 13544 D NavServiceProvider: Detecting stop. distance_d=91.09954. stop_type=1 speed=15.75
02-28 09:09:53.552 13511 13544 D NavServiceProvider: Case 1: false
02-28 09:09:53.552 13511 13544 D NavigationTest: 98: (28.048454, -82.504206, 15.750000)	R:true  F:false
02-28 09:09:53.552 13511 13544 D NavigationTest: 99: (28.048454, -82.504206, 15.750000)	R:true  F:false
02-28 09:09:53.552 13511 13544 D NavServiceProvider: Second to last stop coordinates: 28.049276, -82.504196
02-28 09:09:53.552 13511 13544 D NavServiceProvider: Setting units automatically
02-28 09:09:53.554 13511 13544 D NavServiceProvider: Detecting stop. distance_d=75.13612. stop_type=1 speed=16.0
02-28 09:09:53.554 13511 13544 D NavigationTest: 100: (28.048598, -82.504196, 16.000000)	R:true  F:false
02-28 09:09:53.554 13511 13544 D NavServiceProvider: Second to last stop coordinates: 28.049276, -82.504196
02-28 09:09:53.554 13511 13544 D NavServiceProvider: Setting units automatically
02-28 09:09:53.556 13511 13544 D NavServiceProvider: Detecting stop. distance_d=58.855484. stop_type=1 speed=15.75
02-28 09:09:53.556 13511 13544 D NavigationTest: 101: (28.048745, -82.504185, 15.750000)	R:true  F:false
02-28 09:09:53.556 13511 13544 D NavigationTest: 102: (28.048745, -82.504185, 15.750000)	R:true  F:false
02-28 09:09:53.556 13511 13544 D NavServiceProvider: Second to last stop coordinates: 28.049276, -82.504196
02-28 09:09:53.556 13511 13544 D NavServiceProvider: Setting units automatically
02-28 09:09:53.557 13511 13544 D NavServiceProvider: Detecting stop. distance_d=44.954933. stop_type=1 speed=15.75
02-28 09:09:53.558 13511 13544 D NavServiceProvider: Case 2: false
02-28 09:09:53.558 13511 13544 D NavigationTest: 103: (28.048871, -82.504170, 15.750000)	R:true  F:false
