02-28 09:09:45.275  2666  3413 D Avrcp_ext: AudioManager Player: ID:15 -- type:android.media.SoundPool -- u/pid:1000/1493 -- state:idle -- attr:AudioAttributes: usage=USAGE_ASSISTANCE_SONIFICATION content=CONTENT_TYPE_SONIFICATION flags=0x800 tags= bundle=null
02-28 09:09:45.275  2666  3413 D Avrcp_ext: AudioManager Player: ID:1231 -- type:android.media.AudioTrack -- u/pid:10088/13579 -- state:stopped -- attr:AudioAttributes: usage=USAGE_MEDIA content=CONTENT_TYPE_SPEECH flags=0x800 tags= bundle=null
02-28 09:09:45.275  2666  3413 D Avrcp_ext: AudioManager isPlaying: false
02-28 09:09:45.275  2666  3413 V Avrcp_ext: updateCurrentMediaState: mMediaController: null
02-28 09:09:45.275  2666  3413 V Avrcp_ext: isMusicActive: true getBluetoothPlayState: 2
02-28 09:09:45.275  2666  3413 V Avrcp_ext: updateCurrentMediaState: isPlaying = false
02-28 09:09:45.275  2666  3413 V Avrcp_ext: Media update: id -1➡-1? [MediaAttributes: none] : [MediaAttributes: none]
02-28 09:09:45.275  2666  3413 V Avrcp_ext: newPlayStatus:2mReportedPlayStatus:-1
02-28 09:09:45.275  2666  3413 V Avrcp_ext: updatePlaybackState, state: PlaybackState {state=2, position=-1, buffered position=0, speed=0.0, updated=1788606, actions=0, custom actions=[], active item id=-1, error=null} device: null
02-28 09:09:45.275  2666  3413 V Avrcp_ext: Device: no name:
02-28 09:09:45.275  2666  3413 I chatty  : uid=1002(bluetooth) BluetoothAvrcpH identical 3 lines
02-28 09:09:45.275  2666  3413 V Avrcp_ext: Device: no name:
02-28 09:09:45.275  2666  3413 V Avrcp_ext: updatePlayerStateAndPosition, old=PlaybackState {state=2, position=-1, buffered position=0, speed=0.0, updated=1788070, actions=0, custom actions=[], active item id=-1, error=null}, state=PlaybackState {state=2, position=-1, buffered position=0, speed=0.0, updated=1788606, actions=0, custom actions=[], active item id=-1, error=null}
02-28 09:09:45.275  2666  3413 V Avrcp_ext: old state = PlaybackState {state=2, position=-1, buffered position=0, speed=0.0, updated=1788070, actions=0, custom actions=[], active item id=-1, error=null}, new state= PlaybackState {state=2, position=-1, buffered position=0, speed=0.0, updated=1788606, actions=0, custom actions=[], active item id=-1, error=null}
02-28 09:09:45.275  2666  3413 D HeadsetService: getHeadsetService(): returning com.android.bluetooth.hfp.HeadsetService@8a04d28
02-28 09:09:45.275  2666  3413 D HeadsetService:  isAudioOn: The number of audio connected devices 0
02-28 09:09:45.276  2666  3413 D HeadsetService: isScoOrCallActive(): Call Active:falseCall is Ringing:falseSCO is Active:false
02-28 09:09:45.276  2666  3413 D HeadsetService:  isAudioOn: The number of audio connected devices 0
02-28 09:09:45.276  2666  3413 I Avrcp_ext: updatePlayStatusForDevice: device: null
02-28 09:09:45.276  2666  3413 V Avrcp_ext: updatePlaybackState (1): old=PlaybackState {state=2, position=-1, buffered position=0, speed=0.0, updated=1788070, actions=0, custom actions=[], active item id=-1, error=null}(2), new=PlaybackState {state=2, position=-1, buffered position=0, speed=0.0, updated=1788606, actions=0, custom actions=[], active item id=-1, error=null}(2)
02-28 09:09:45.276  2666  3413 I Avrcp_ext: Exit updatePlayStatusForDevice
02-28 09:09:45.276  2666  3413 D HeadsetService:  isAudioOn: The number of audio connected devices 0
02-28 09:09:45.276  2666  3413 D HeadsetService: isScoOrCallActive(): Call Active:falseCall is Ringing:falseSCO is Active:false
02-28 09:09:45.276 13511 13544 D NavServiceProvider: Detecting stop. distance_d=186.57922. stop_type=1 speed=10.0
02-28 09:09:45.276 13511 13544 D NavigationTest: 668: (28.065615, -82.425409, 10.000000)	R:true  F:false
02-28 09:09:45.276 13511 13544 D NavigationTest: 669: (28.065615, -82.425409, 10.000000)	R:true  F:false
02-28 09:09:45.277 13511 13544 D NavServiceProvider: Second to last stop coordinates: 28.065622, -82.427307
02-28 09:09:45.280  2666  3413 D HeadsetService:  isAudioOn: The number of audio connected devices 0
02-28 09:09:45.280  2666  3413 I Avrcp_ext: updatePlayStatusForDevice: device: null
02-28 09:09:45.280  2666  3413 V Avrcp_ext: updatePlaybackState (1): old=PlaybackState {state=2, position=-1, buffered position=0, speed=0.0, updated=1788070, actions=0, custom actions=[], active item id=-1, error=null}(2), new=PlaybackState {state=2, position=-1, buffered position=0, speed=0.0, updated=1788606, actions=0, custom actions=[], active item id=-1, error=null}(2)
02-28 09:09:45.280  2666  3413 I Avrcp_ext: Exit updatePlayStatusForDevice
02-28 09:09:45.281  2666  3413 D HeadsetService:  isAudioOn: The number of audio connected devices 0
02-28 09:09:45.281  2666  3413 D HeadsetService: isScoOrCallActive(): Call Active:falseCall is Ringing:falseSCO is Active:false
02-28 09:09:45.281 13511 13544 D NavServiceProvider: Setting units automatically
02-28 09:09:45.281  2666  3413 D HeadsetService:  isAudioOn: The number of audio connected devices 0
02-28 09:09:45.281  2666  3413 I Avrcp_ext: updatePlayStatusForDevice: device: null
02-28 09:09:45.281  2666  3413 V Avrcp_ext: updatePlaybackState (1): old=PlaybackState {state=2, position=-1, buffered position=0, speed=0.0, updated=1788070, actions=0, custom actions=[], active item id=-1, error=null}(2), new=PlaybackState {state=2, position=-1, buffered position=0, speed=0.0, updated=1788606, actions=0, custom actions=[], active item id=-1, error=null}(2)
02-28 09:09:45.281  2666  3413 I Avrcp_ext: Exit updatePlayStatusForDevice
02-28 09:09:45.281  2666  3413 D HeadsetService:  isAudioOn: The number of audio connected devices 0
02-28 09:09:45.281  2666  3413 D HeadsetService: isScoOrCallActive(): Call Active:falseCall is Ringing:falseSCO is Active:false
02-28 09:09:45.281  2666  3413 D HeadsetService:  isAudioOn: The number of audio connected devices 0
02-28 09:09:45.281  2666  3413 I Avrcp_ext: updatePlayStatusForDevice: device: null
02-28 09:09:45.281  2666  3413 V Avrcp_ext: updatePlaybackState (1): old=PlaybackState {state=2, position=-1, buffered position=0, speed=0.0, updated=1788070, actions=0, custom actions=[], active item id=-1, error=null}(2), new=PlaybackState {state=2, position=-1, buffered position=0, speed=0.0, updated=1788606, actions=0, custom actions=[], active item id=-1, error=null}(2)
02-28 09:09:45.281  2666  3413 I Avrcp_ext: Exit updatePlayStatusForDevice
02-28 09:09:45.282  2666  3413 D HeadsetService:  isAudioOn: The number of audio connected devices 0
02-28 09:09:45.282  2666  3413 D HeadsetService: isScoOrCallActive(): Call Active:falseCall is Ringing:falseSCO is Active:false
02-28 09:09:45.282  2666  3413 D HeadsetService:  isAudioOn: The number of audio connected devices 0
02-28 09:09:45.282  2666  3413 I Avrcp_ext: updatePlayStatusForDevice: device: null
02-28 09:09:45.282  2666  3413 V Avrcp_ext: updatePlaybackState (1): old=PlaybackState {state=2, position=-1, buffered position=0, speed=0.0, updated=1788070, actions=0, custom actions=[], active item id=-1, error=null}(2), new=PlaybackState {state=2, position=-1, buffered position=0, speed=0.0, updated=1788606, actions=0, custom actions=[], active item id=-1, error=null}(2)
02-28 09:09:45.282  2666  3413 I Avrcp_ext: Exit updatePlayStatusForDevice
02-28 09:09:45.282  2666  3413 D Avrcp_ext: Enter sendPlayPosNotificationRsp
02-28 09:09:45.282  2666  3413 D Avrcp_ext: sendPlayPosNotificationRsp: Not registered or requesting.
02-28 09:09:45.282  2666  3413 D Avrcp_ext: Enter sendPlayPosNotificationRsp
02-28 09:09:45.282  2666  3413 D Avrcp_ext: sendPlayPosNotificationRsp: Not registered or requesting.
02-28 09:09:45.282  2666  3413 D Avrcp_ext: Enter sendPlayPosNotificationRsp
02-28 09:09:45.282  2666  3413 D Avrcp_ext: sendPlayPosNotificationRsp: Not registered or requesting.
02-28 09:09:45.282  2666  3413 D Avrcp_ext: Enter sendPlayPosNotificationRsp
02-28 09:09:45.282  2666  3413 D Avrcp_ext: sendPlayPosNotificationRsp: Not registered or requesting.
02-28 09:09:45.282  2666  3413 D Avrcp_ext: Enter sendPlayPosNotificationRsp
02-28 09:09:45.282  2666  3413 D Avrcp_ext: sendPlayPosNotificationRsp: Not registered or requesting.
02-28 09:09:45.282  2666  3413 V Avrcp_ext: Exit updatePlayerStateAndPosition
02-28 09:09:45.282  2666  3413 D Avrcp_ext: AudioManager Player: ID:23 -- type:android.media.SoundPool -- u/pid:10126/2688 -- state:idle -- attr:AudioAttributes: usage=USAGE_ASSISTANCE_SONIFICATION content=CONTENT_TYPE_SONIFICATION flags=0x800 tags= bundle=null
02-28 09:09:45.282  2666  3413 D Avrcp_ext: AudioManager Player: ID:15 -- type:android.media.SoundPool -- u/pid:1000/1493 -- state:idle -- attr:AudioAttributes: usage=USAGE_ASSISTANCE_SONIFICATION content=CONTENT_TYPE_SONIFICATION flags=0x800 tags= bundle=null
02-28 09:09:45.282  2666  3413 D Avrcp_ext: AudioManager isPlaying: false
02-28 09:09:45.282 13511 13544 D NavServiceProvider: Detecting stop. distance_d=179.01112. stop_type=1 speed=9.5
02-28 09:09:45.283 13511 13544 D NavigationTest: 670: (28.065613, -82.425486, 9.500000)	R:true  F:false
02-28 09:09:45.283 13511 13544 D NavigationTest: 671: (28.065613, -82.425486, 9.500000)	R:true  F:false
02-28 09:09:45.283 13511 13544 D NavServiceProvider: Second to last stop coordinates: 28.065622, -82.427307
02-28 09:09:45.283 13511 13544 D NavServiceProvider: Setting units automatically
02-28 09:09:45.285 13511 13544 D NavServiceProvider: Detecting stop. distance_d=173.52924. stop_type=1 speed=8.0
02-28 09:09:45.286 13511 13544 D NavigationTest: 672: (28.065595, -82.425542, 8.000000)	R:true  F:false
02-28 09:09:45.286 13511 13544 D NavServiceProvider: Second to last stop coordinates: 28.065622, -82.427307
02-28 09:09:45.286 13511 13544 D NavServiceProvider: Setting units automatically
02-28 09:09:45.287 13511 13544 D NavServiceProvider: Detecting stop. distance_d=168.82652. stop_type=1 speed=7.0
02-28 09:09:45.287 13511 13544 D NavigationTest: 673: (28.065560, -82.425591, 7.000000)	R:true  F:false
02-28 09:09:45.287 13511 13544 D NavigationTest: 674: (28.065560, -82.425591, 7.000000)	R:true  F:false
02-28 09:09:45.287 13511 13544 D NavServiceProvider: Second to last stop coordinates: 28.065622, -82.427307
02-28 09:09:45.288 13511 13544 D NavServiceProvider: Setting units automatically
02-28 09:09:45.289 13511 13544 D NavServiceProvider: Detecting stop. distance_d=164.90715. stop_type=1 speed=4.75
02-28 09:09:45.289 13511 13544 D NavigationTest: 675: (28.065558, -82.425631, 4.750000)	R:true  F:false
02-28 09:09:45.289 13511 13544 D NavigationTest: 676: (28.065558, -82.425631, 4.750000)	R:true  F:false
02-28 09:09:45.290 13511 13544 D NavServiceProvider: Second to last stop coordinates: 28.065622, -82.427307
02-28 09:09:45.290 13511 13544 D NavServiceProvider: Setting units automatically
02-28 09:09:45.291 13511 13544 D NavServiceProvider: Detecting stop. distance_d=159.86487. stop_type=1 speed=4.0
02-28 09:09:45.291 13511 13544 D NavigationTest: 677: (28.065546, -82.425683, 4.000000)	R:true  F:false
02-28 09:09:45.291 13511 13544 D NavServiceProvider: Second to last stop coordinates: 28.065622, -82.427307
02-28 09:09:45.292 13511 13544 D NavServiceProvider: Setting units automatically
02-28 09:09:45.293 13511 13544 D NavServiceProvider: Detecting stop. distance_d=156.0686. stop_type=1 speed=3.75
02-28 09:09:45.293 13511 13544 D NavigationTest: 678: (28.065558, -82.425721, 3.750000)	R:true  F:false
02-28 09:09:45.293 13511 13544 D NavigationTest: 679: (28.065558, -82.425721, 3.750000)	R:true  F:false
02-28 09:09:45.293 13511 13544 D NavServiceProvider: Second to last stop coordinates: 28.065622, -82.427307
02-28 09:09:45.294 13511 13544 D NavServiceProvider: Setting units automatically
02-28 09:09:45.295 13511 13544 D NavServiceProvider: Detecting stop. distance_d=154.02747. stop_type=1 speed=2.5
02-28 09:09:45.295 13511 13544 D NavigationTest: 680: (28.065554, -82.425742, 2.500000)	R:true  F:false
02-28 09:09:45.295 13511 13544 D NavServiceProvider: Second to last stop coordinates: 28.065622, -82.427307
02-28 09:09:45.296 13511 13544 D NavServiceProvider: Setting units automatically
02-28 09:09:45.297 13511 13544 D NavServiceProvider: Detecting stop. distance_d=155.56766. stop_type=1 speed=1.0
02-28 09:09:45.298 13511 13544 D NavigationTest: 681: (28.065560, -82.425726, 1.000000)	R:true  F:false
02-28 09:09:45.298 13511 13544 D NavigationTest: 682: (28.065560, -82.425726, 1.000000)	R:true  F:false
02-28 09:09:45.298 13511 13544 D NavServiceProvider: Second to last stop coordinates: 28.065622, -82.427307
02-28 09:09:45.298 13511 13544 D NavServiceProvider: Setting units automatically
02-28 09:09:45.299 13511 13544 D NavServiceProvider: Detecting stop. distance_d=156.61958. stop_type=1 speed=0.5
02-28 09:09:45.299 13511 13544 D NavigationTest: 683: (28.065547, -82.425716, 0.500000)	R:true  F:false
02-28 09:09:45.299 13511 13544 D NavigationTest: 684: (28.065547, -82.425716, 0.500000)	R:true  F:false
02-28 09:09:45.299 13511 13544 D NavServiceProvider: Second to last stop coordinates: 28.065622, -82.427307
02-28 09:09:45.300 13511 13544 D NavServiceProvider: Setting units automatically
02-28 09:09:45.302 13511 13544 D NavServiceProvider: Detecting stop. distance_d=155.2453. stop_type=1 speed=0.5
02-28 09:09:45.302 13511 13544 D NavigationTest: 685: (28.065547, -82.425730, 0.500000)	R:true  F:false
02-28 09:09:45.302 13511 13544 D NavigationTest: 686: (28.065547, -82.425730, 0.500000)	R:true  F:false
02-28 09:09:45.302 13511 13544 D NavServiceProvider: Second to last stop coordinates: 28.065622, -82.427307
02-28 09:09:45.302 13511 13544 D NavServiceProvider: Setting units automatically
02-28 09:09:45.304 13511 13544 D NavServiceProvider: Detecting stop. distance_d=157.73584. stop_type=1 speed=0.0
02-28 09:09:45.304 13511 13544 D NavigationTest: 687: (28.065541, -82.425705, 0.000000)	R:true  F:false
02-28 09:09:45.304 13511 13544 D NavigationTest: 688: (28.065541, -82.425705, 0.000000)	R:true  F:false
02-28 09:09:45.304 13511 13544 D NavServiceProvider: Second to last stop coordinates: 28.065622, -82.427307
02-28 09:09:45.304 13511 13544 D NavServiceProvider: Setting units automatically
02-28 09:09:45.305 13511 13544 D NavServiceProvider: Detecting stop. distance_d=159.4781. stop_type=1 speed=0.0
02-28 09:09:45.306 13511 13544 D NavigationTest: 689: (28.065545, -82.425687, 0.000000)	R:true  F:false
02-28 09:09:45.306 13511 13544 D NavigationTest: 690: (28.065545, -82.425687, 0.000000)	R:true  F:false
02-28 09:09:45.306 13511 13544 D NavServiceProvider: Second to last stop coordinates: 28.065622, -82.427307
02-28 09:09:45.306 13511 13544 D NavServiceProvider: Setting units automatically
02-28 09:09:45.307 13511 13544 D NavServiceProvider: Detecting stop. distance_d=158.05849. stop_type=1 speed=0.5
02-28 09:09:45.307 13511 13544 D NavigationTest: 691: (28.065553, -82.425701, 0.500000)	R:true  F:false
02-28 09:09:45.307 13511 13544 D NavServiceProvider: Second to last stop coordinates: 28.065622, -82.427307
02-28 09:09:45.308 13511 13544 D NavServiceProvider: Setting units automatically
02-28 09:09:45.309 13511 13544 D NavServiceProvider: Detecting stop. distance_d=157.7804. stop_type=1 speed=0.5
02-28 09:09:45.309 13511 13544 D NavigationTest: 692: (28.065550, -82.425704, 0.500000)	R:true  F:false
02-28 09:09:45.309 13511 13544 D NavigationTest: 693: (28.065550, -82.425704, 0.500000)	R:true  F:false
02-28 09:09:45.309 13511 13544 D NavServiceProvider: Second to last stop coordinates: 28.065622, -82.427307
02-28 09:09:45.309 13511 13544 D NavServiceProvider: Setting units automatically
02-28 09:09:45.310 13511 13544 D NavServiceProvider: Detecting stop. distance_d=157.19699. stop_type=1 speed=0.5
02-28 09:09:45.311 13511 13544 D NavigationTest: 694: (28.065549, -82.425710, 0.500000)	R:true  F:false
02-28 09:09:45.311 13511 13544 D NavigationTest: 695: (28.065549, -82.425710, 0.500000)	R:true  F:false
02-28 09:09:45.311 13511 13544 D NavServiceProvider: Second to last stop coordinates: 28.065622, -82.427307
02-28 09:09:45.311 13511 13544 D NavServiceProvider: Setting units automatically
02-28 09:09:45.312 13511 13544 D NavServiceProvider: Detecting stop. distance_d=156.99498. stop_type=1 speed=0.5
02-28 09:09:45.312 13511 13544 D NavigationTest: 696: (28.065550, -82.425712, 0.500000)	R:true  F:false
02-28 09:09:45.312 13511 13544 D NavServiceProvider: Second to last stop coordinates: 28.065622, -82.427307
02-28 09:09:45.313 13511 13544 D NavServiceProvider: Setting units automatically
02-28 09:09:45.314 13511 13544 D NavServiceProvider: Detecting stop. distance_d=156.59668. stop_type=1 speed=0.5
02-28 09:09:45.314 13511 13544 D NavigationTest: 697: (28.065551, -82.425716, 0.500000)	R:true  F:false
02-28 09:09:45.314 13511 13544 D NavigationTest: 698: (28.065551, -82.425716, 0.500000)	R:true  F:false
02-28 09:09:45.314 13511 13544 D NavServiceProvider: Second to last stop coordinates: 28.065622, -82.427307
02-28 09:09:45.314 13511 13544 D NavServiceProvider: Setting units automatically
02-28 09:09:45.315 13511 13544 D NavServiceProvider: Detecting stop. distance_d=155.78949. stop_type=1 speed=0.5
02-28 09:09:45.316 13511 13544 D NavigationTest: 699: (28.065555, -82.425724, 0.500000)	R:true  F:false
02-28 09:09:45.316 13511 13544 D NavigationTest: 700: (28.065555, -82.425724, 0.500000)	R:true  F:false
02-28 09:09:45.316 13511 13544 D NavigationTest: 701: (28.065555, -82.425724, 0.500000)	R:true  F:false
02-28 09:09:45.316 13511 13544 D NavigationTest: 702: (28.065555, -82.425724, 0.500000)	R:true  F:false
02-28 09:09:45.316 13511 13544 D NavServiceProvider: Second to last stop coordinates: 28.065622, -82.427307
02-28 09:09:45.316 13511 13544 D NavServiceProvider: Setting units automatically
02-28 09:09:45.318 13511 13544 D NavServiceProvider: Detecting stop. distance_d=155.06696. stop_type=1 speed=0.5
02-28 09:09:45.318 13511 13544 D NavigationTest: 703: (28.065562, -82.425731, 0.500000)	R:true  F:false
02-28 09:09:45.318 13511 13544 D NavServiceProvider: Second to last stop coordinates: 28.065622, -82.427307
02-28 09:09:45.318 13511 13544 D NavServiceProvider: Setting units automatically
02-28 09:09:45.326 13511 13544 D NavServiceProvider: Detecting stop. distance_d=155.24063. stop_type=1 speed=0.5
02-28 09:09:45.326 13511 13544 D NavigationTest: 704: (28.065567, -82.425729, 0.500000)	R:true  F:false
02-28 09:09:45.326 13511 13544 D NavigationTest: 705: (28.065567, -82.425729, 0.500000)	R:true  F:false
02-28 09:09:45.326 13511 13544 D NavServiceProvider: Second to last stop coordinates: 28.065622, -82.427307
02-28 09:09:45.327 13511 13544 D NavServiceProvider: Setting units automatically
02-28 09:09:45.328 13511 13544 D NavServiceProvider: Detecting stop. distance_d=155.62088. stop_type=1 speed=0.5
02-28 09:09:45.328 13511 13544 D NavigationTest: 706: (28.065570, -82.425725, 0.500000)	R:true  F:false
02-28 09:09:45.328 13511 13544 D NavServiceProvider: Second to last stop coordinates: 28.065622, -82.427307
02-28 09:09:45.328 13511 13544 D NavServiceProvider: Setting units automatically
02-28 09:09:45.329 13511 13544 D NavServiceProvider: Detecting stop. distance_d=155.15128. stop_type=1 speed=0.5
02-28 09:09:45.330 13511 13544 D NavigationTest: 707: (28.065565, -82.425730, 0.500000)	R:true  F:false
02-28 09:09:45.330 13511 13544 D NavigationTest: 708: (28.065565, -82.425730, 0.500000)	R:true  F:false
02-28 09:09:45.330 13511 13544 D NavServiceProvider: Second to last stop coordinates: 28.065622, -82.427307
02-28 09:09:45.330 13511 13544 D NavServiceProvider: Setting units automatically
02-28 09:09:45.331 13511 13544 D NavServiceProvider: Detecting stop. distance_d=153.76726. stop_type=1 speed=0.5
02-28 09:09:45.331 13511 13544 D NavigationTest: 709: (28.065567, -82.425744, 0.500000)	R:true  F:false
02-28 09:09:45.331 13511 13544 D NavigationTest: 710: (28.065567, -82.425744, 0.500000)	R:true  F:false
02-28 09:09:45.331 13511 13544 D NavServiceProvider: Second to last stop coordinates: 28.065622, -82.427307
02-28 09:09:45.332 13511 13544 D NavServiceProvider: Setting units automatically
02-28 09:09:45.333 13511 13544 D NavServiceProvider: Detecting stop. distance_d=152.66566. stop_type=1 speed=0.5
02-28 09:09:45.333 13511 13544 D NavigationTest: 711: (28.065572, -82.425755, 0.500000)	R:true  F:false
02-28 09:09:45.333 13511 13544 D NavigationTest: 712: (28.065572, -82.425755, 0.500000)	R:true  F:false
02-28 09:09:45.333 13511 13544 D NavServiceProvider: Second to last stop coordinates: 28.065622, -82.427307
02-28 09:09:45.333 13511 13544 D NavServiceProvider: Setting units automatically
02-28 09:09:45.334 13511 13544 D NavServiceProvider: Detecting stop. distance_d=151.76976. stop_type=1 speed=0.5
02-28 09:09:45.334 13511 13544 D NavigationTest: 713: (28.065575, -82.425764, 0.500000)	R:true  F:false
02-28 09:09:45.334 13511 13544 D NavServiceProvider: Second to last stop coordinates: 28.065622, -82.427307
02-28 09:09:45.335 13511 13544 D NavServiceProvider: Setting units automatically
02-28 09:09:45.336 13511 13544 D NavServiceProvider: Detecting stop. distance_d=152.87033. stop_type=1 speed=0.0
02-28 09:09:45.336 13511 13544 D NavigationTest: 714: (28.065570, -82.425753, 0.000000)	R:true  F:false
02-28 09:09:45.336 13511 13544 D NavigationTest: 715: (28.065570, -82.425753, 0.000000)	R:true  F:false
02-28 09:09:45.336 13511 13544 D NavServiceProvider: Second to last stop coordinates: 28.065622, -82.427307
02-28 09:09:45.336 13511 13544 D NavServiceProvider: Setting units automatically
02-28 09:09:45.337 13511 13544 D NavServiceProvider: Detecting stop. distance_d=153.68257. stop_type=1 speed=0.0
02-28 09:09:45.337 13511 13544 D NavigationTest: 716: (28.065564, -82.425745, 0.000000)	R:true  F:false
02-28 09:09:45.337 13511 13544 D NavServiceProvider: Second to last stop coordinates: 28.065622, -82.427307
02-28 09:09:45.338 13511 13544 D NavServiceProvider: Setting units automatically
02-28 09:09:45.339 13511 13544 D NavServiceProvider: Detecting stop. distance_d=153.70676. stop_type=1 speed=0.0
02-28 09:09:45.339 13511 13544 D NavigationTest: 717: (28.065559, -82.425745, 0.000000)	R:true  F:false
02-28 09:09:45.339 13511 13544 D NavigationTest: 718: (28.065559, -82.425745, 0.000000)	R:true  F:false
02-28 09:09:45.339 13511 13544 D NavServiceProvider: Second to last stop coordinates: 28.065622, -82.427307
02-28 09:09:45.339 13511 13544 D NavServiceProvider: Setting units automatically
02-28 09:09:45.340 13511 13544 D NavServiceProvider: Detecting stop. distance_d=154.10461. stop_type=1 speed=0.0
02-28 09:09:45.340 13511 13544 D NavigationTest: 719: (28.065558, -82.425741, 0.000000)	R:true  F:false
02-28 09:09:45.340 13511 13544 D NavigationTest: 720: (28.065558, -82.425741, 0.000000)	R:true  F:false
02-28 09:09:45.340 13511 13544 D NavServiceProvider: Second to last stop coordinates: 28.065622, -82.427307
02-28 09:09:45.341 13511 13544 D NavServiceProvider: Setting units automatically
02-28 09:09:45.342 13511 13544 D NavServiceProvider: Detecting stop. distance_d=154.10461. stop_type=1 speed=0.0
02-28 09:09:45.342 13511 13544 D NavigationTest: 721: (28.065558, -82.425741, 0.000000)	R:true  F:false
02-28 09:09:45.342 13511 13544 D NavServiceProvider: Second to last stop coordinates: 28.065622, -82.427307
02-28 09:09:45.342 13511 13544 D NavServiceProvider: Setting units automatically
02-28 09:09:45.343 13511 13544 D NavServiceProvider: Detecting stop. distance_d=154.19775. stop_type=1 speed=0.0
02-28 09:09:45.343 13511 13544 D NavigationTest: 722: (28.065559, -82.425740, 0.000000)	R:true  F:false
02-28 09:09:45.344 13511 13544 D NavigationTest: 723: (28.065559, -82.425740, 0.000000)	R:true  F:false
02-28 09:09:45.344 13511 13544 D NavServiceProvider: Second to last stop coordinates: 28.065622, -82.427307
02-28 09:09:45.344 13511 13544 D NavServiceProvider: Setting units automatically
02-28 09:09:45.345 13511 13544 D NavServiceProvider: Detecting stop. distance_d=153.90822. stop_type=1 speed=0.0
02-28 09:09:45.345 13511 13544 D NavigationTest: 724: (28.065558, -82.425743, 0.000000)	R:true  F:false
02-28 09:09:45.345 13511 13544 D NavServiceProvider: Second to last stop coordinates: 28.065622, -82.427307
02-28 09:09:45.345 13511 13544 D NavServiceProvider: Setting units automatically
02-28 09:09:45.346 13511 13544 D NavServiceProvider: Detecting stop. distance_d=153.9239. stop_type=1 speed=0.0
02-28 09:09:45.346 13511 13544 D NavigationTest: 725: (28.065555, -82.425743, 0.000000)	R:true  F:false
02-28 09:09:45.346 13511 13544 D NavigationTest: 726: (28.065555, -82.425743, 0.000000)	R:true  F:false
02-28 09:09:45.346 13511 13544 D NavServiceProvider: Second to last stop coordinates: 28.065622, -82.427307
02-28 09:09:45.347 13511 13544 D NavServiceProvider: Setting units automatically
02-28 09:09:45.348 13511 13544 D NavServiceProvider: Detecting stop. distance_d=154.12566. stop_type=1 speed=0.0
02-28 09:09:45.348 13511 13544 D NavigationTest: 727: (28.065554, -82.425741, 0.000000)	R:true  F:false
02-28 09:09:45.348 13511 13544 D NavigationTest: 728: (28.065554, -82.425741, 0.000000)	R:true  F:false
02-28 09:09:45.348 13511 13544 D NavServiceProvider: Second to last stop coordinates: 28.065622, -82.427307
02-28 09:09:45.348 13511 13544 D NavServiceProvider: Setting units automatically
02-28 09:09:45.349 13511 13544 D NavServiceProvider: Detecting stop. distance_d=154.0441. stop_type=1 speed=0.0
02-28 09:09:45.349 13511 13544 D NavigationTest: 729: (28.065551, -82.425742, 0.000000)	R:true  F:false
02-28 09:09:45.349 13511 13544 D NavigationTest: 730: (28.065551, -82.425742, 0.000000)	R:true  F:false
02-28 09:09:45.349 13511 13544 D NavServiceProvider: Second to last stop coordinates: 28.065622, -82.427307
02-28 09:09:45.349 13511 13544 D NavServiceProvider: Setting units automatically
02-28 09:09:45.351 13511 13544 D NavServiceProvider: Detecting stop. distance_d=154.14796. stop_type=1 speed=0.0
02-28 09:09:45.351 13511 13544 D NavigationTest: 731: (28.065550, -82.425741, 0.000000)	R:true  F:false
02-28 09:09:45.351 13511 13544 D NavServiceProvider: Second to last stop coordinates: 28.065622, -82.427307
02-28 09:09:45.351 13511 13544 D NavServiceProvider: Setting units automatically
02-28 09:09:45.352 13511 13544 D NavServiceProvider: Detecting stop. distance_d=154.24614. stop_type=1 speed=0.0
02-28 09:09:45.352 13511 13544 D NavigationTest: 732: (28.065550, -82.425740, 0.000000)	R:true  F:false
02-28 09:09:45.352 13511 13544 D NavigationTest: 733: (28.065550, -82.425740, 0.000000)	R:true  F:false
02-28 09:09:45.352 13511 13544 D NavServiceProvider: Second to last stop coordinates: 28.065622, -82.427307
02-28 09:09:45.352 13511 13544 D NavServiceProvider: Setting units automatically
02-28 09:09:45.354 13511 13544 D NavServiceProvider: Detecting stop. distance_d=154.14796. stop_type=1 speed=0.0
02-28 09:09:45.354 13511 13544 D NavigationTest: 734: (28.065550, -82.425741, 0.000000)	R:true  F:false
02-28 09:09:45.354 13511 13544 D NavigationTest: 735: (28.065550, -82.425741, 0.000000)	R:true  F:false
02-28 09:09:45.354 13511 13544 D NavigationTest: 736: (28.065550, -82.425741, 0.000000)	R:true  F:false
02-28 09:09:45.354 13511 13544 D NavServiceProvider: Second to last stop coordinates: 28.065622, -82.427307
02-28 09:09:45.354 13511 13544 D NavServiceProvider: Setting units automatically
02-28 09:09:45.356 13511 13544 D NavServiceProvider: Detecting stop. distance_d=154.14796. stop_type=1 speed=0.0
02-28 09:09:45.356 13511 13544 D NavigationTest: 737: (28.065550, -82.425741, 0.000000)	R:true  F:false
02-28 09:09:45.356 13511 13544 D NavigationTest: 738: (28.065550, -82.425741, 0.000000)	R:true  F:false
02-28 09:09:45.356 13511 13544 D NavServiceProvider: Second to last stop coordinates: 28.065622, -82.427307
02-28 09:09:45.357 13511 13544 D NavServiceProvider: Setting units automatically
02-28 09:09:45.358 13511 13544 D NavServiceProvider: Detecting stop. distance_d=153.95163. stop_type=1 speed=0.0
02-28 09:09:45.358 13511 13544 D NavigationTest: 739: (28.065550, -82.425743, 0.000000)	R:true  F:false
02-28 09:09:45.358 13511 13544 D NavigationTest: 740: (28.065550, -82.425743, 0.000000)	R:true  F:false
02-28 09:09:45.358 13511 13544 D NavServiceProvider: Second to last stop coordinates: 28.065622, -82.427307
02-28 09:09:45.359 13511 13544 D NavServiceProvider: Setting units automatically
02-28 09:09:45.360 13511 13544 D NavServiceProvider: Detecting stop. distance_d=153.84775. stop_type=1 speed=0.0
02-28 09:09:45.360 13511 13544 D NavigationTest: 741: (28.065551, -82.425744, 0.000000)	R:true  F:false
02-28 09:09:45.360 13511 13544 D NavigationTest: 742: (28.065551, -82.425744, 0.000000)	R:true  F:false
02-28 09:09:45.360 13511 13544 D NavServiceProvider: Second to last stop coordinates: 28.065622, -82.427307
02-28 09:09:45.360 13511 13544 D NavServiceProvider: Setting units automatically
02-28 09:09:45.362 13511 13544 D NavServiceProvider: Detecting stop. distance_d=153.74394. stop_type=1 speed=0.0
02-28 09:09:45.362 13511 13544 D NavigationTest: 743: (28.065552, -82.425745, 0.000000)	R:true  F:false
02-28 09:09:45.362 13511 13544 D NavigationTest: 744: (28.065552, -82.425745, 0.000000)	R:true  F:false
02-28 09:09:45.362 13511 13544 D NavServiceProvider: Second to last stop coordinates: 28.065622, -82.427307
02-28 09:09:45.362 13511 13544 D NavServiceProvider: Setting units automatically
02-28 09:09:45.363 13511 13544 D NavServiceProvider: Detecting stop. distance_d=153.64577. stop_type=1 speed=0.0
02-28 09:09:45.363 13511 13544 D NavigationTest: 745: (28.065552, -82.425746, 0.000000)	R:true  F:false
02-28 09:09:45.363 13511 13544 D NavigationTest: 746: (28.065552, -82.425746, 0.000000)	R:true  F:false
02-28 09:09:45.363 13511 13544 D NavServiceProvider: Second to last stop coordinates: 28.065622, -82.427307
02-28 09:09:45.364 13511 13544 D NavServiceProvider: Setting units automatically
02-28 09:09:45.365 13511 13544 D NavServiceProvider: Detecting stop. distance_d=153.64577. stop_type=1 speed=0.0
02-28 09:09:45.365 13511 13544 D NavigationTest: 747: (28.065552, -82.425746, 0.000000)	R:true  F:false
02-28 09:09:45.365 13511 13544 D NavigationTest: 748: (28.065552, -82.425746, 0.000000)	R:true  F:false
02-28 09:09:45.365 13511 13544 D NavServiceProvider: Second to last stop coordinates: 28.065622, -82.427307
02-28 09:09:45.365 13511 13544 D NavServiceProvider: Setting units automatically
02-28 09:09:45.366 13511 13544 D NavServiceProvider: Detecting stop. distance_d=153.54759. stop_type=1 speed=0.0
02-28 09:09:45.366 13511 13544 D NavigationTest: 749: (28.065552, -82.425747, 0.000000)	R:true  F:false
02-28 09:09:45.366 13511 13544 D NavServiceProvider: Second to last stop coordinates: 28.065622, -82.427307
02-28 09:09:45.367 13511 13544 D NavServiceProvider: Setting units automatically
02-28 09:09:45.368 13511 13544 D NavServiceProvider: Detecting stop. distance_d=153.44385. stop_type=1 speed=0.0
02-28 09:09:45.368 13511 13544 D NavigationTest: 750: (28.065553, -82.425748, 0.000000)	R:true  F:false
02-28 09:09:45.368 13511 13544 D NavigationTest: 751: (28.065553, -82.425748, 0.000000)	R:true  F:false
02-28 09:09:45.368 13511 13544 D NavServiceProvider: Second to last stop coordinates: 28.065622, -82.427307
02-28 09:09:45.368 13511 13544 D NavServiceProvider: Setting units automatically
02-28 09:09:45.370 13511 13544 D NavServiceProvider: Detecting stop. distance_d=153.44385. stop_type=1 speed=0.0
02-28 09:09:45.370 13511 13544 D NavigationTest: 752: (28.065553, -82.425748, 0.000000)	R:true  F:false
02-28 09:09:45.370 13511 13544 D NavServiceProvider: Second to last stop coordinates: 28.065622, -82.427307
02-28 09:09:45.370 13511 13544 D NavServiceProvider: Setting units automatically
02-28 09:09:45.372 13511 13544 D NavServiceProvider: Detecting stop. distance_d=153.44385. stop_type=1 speed=0.0
02-28 09:09:45.372 13511 13544 D NavigationTest: 753: (28.065553, -82.425748, 0.000000)	R:true  F:false
02-28 09:09:45.372 13511 13544 D NavigationTest: 754: (28.065553, -82.425748, 0.000000)	R:true  F:false
02-28 09:09:45.372 13511 13544 D NavServiceProvider: Second to last stop coordinates: 28.065622, -82.427307
02-28 09:09:45.373 13511 13544 D NavServiceProvider: Setting units automatically
02-28 09:09:45.374 13511 13544 D NavServiceProvider: Detecting stop. distance_d=153.44385. stop_type=1 speed=0.0
02-28 09:09:45.374 13511 13544 D NavigationTest: 755: (28.065553, -82.425748, 0.000000)	R:true  F:false
02-28 09:09:45.374 13511 13544 D NavServiceProvider: Second to last stop coordinates: 28.065622, -82.427307
02-28 09:09:45.375 13511 13544 D NavServiceProvider: Setting units automatically
02-28 09:09:45.377   871  1408 D audio_hw_primary: adev_get_parameters:vr_audio_mode_on
02-28 09:09:45.377   871  1408 I audio_hw_primary: getting vr mode to 0
02-28 09:09:45.377   871  1408 D audio_hw_primary: adev_get_parameters: exit: returns - vr_audio_mode_on=false
02-28 09:09:45.377   959  1210 I hash_map_utils: key: 'vr_audio_mode_on' value: ''
02-28 09:09:45.377   959  1210 I AudioPolicyManagerCustom: VR mode is 0, switch to primary output if request is for fast|raw
02-28 09:09:45.377   959  1210 I AudioPolicyManagerCustom: setting force DEEP buffer now
02-28 09:09:45.378   959  1210 D AudioFlinger: Client defaulted notificationFrames to 2048 for frameCount 4096
02-28 09:09:45.378 13511 13544 D NavServiceProvider: Detecting stop. distance_d=153.34567. stop_type=1 speed=0.0
02-28 09:09:45.378 13511 13544 D NavigationTest: 756: (28.065553, -82.425749, 0.000000)	R:true  F:false
02-28 09:09:45.378 13511 13544 D NavigationTest: 757: (28.065553, -82.425749, 0.000000)	R:true  F:false
02-28 09:09:45.378 13511 13544 D NavServiceProvider: Second to last stop coordinates: 28.065622, -82.427307
02-28 09:09:45.379   959  1210 D AF::TrackHandle: OpPlayAudio: track:206 usage:1 not muted
02-28 09:09:45.379 13511 13544 D NavServiceProvider: Setting units automatically
02-28 09:09:45.380 13511 13544 D NavServiceProvider: Detecting stop. distance_d=153.34567. stop_type=1 speed=0.0
02-28 09:09:45.380 13511 13544 D NavigationTest: 758: (28.065553, -82.425749, 0.000000)	R:true  F:false
02-28 09:09:45.380 13511 13544 D NavServiceProvider: Second to last stop coordinates: 28.065622, -82.427307
02-28 09:09:45.381 13511 13544 D NavServiceProvider: Setting units automatically
02-28 09:09:45.382 13511 13544 D NavServiceProvider: Detecting stop. distance_d=153.2475. stop_type=1 speed=0.0
02-28 09:09:45.382 13511 13544 D NavigationTest: 759: (28.065553, -82.425750, 0.000000)	R:true  F:false
02-28 09:09:45.382 13511 13544 D NavigationTest: 760: (28.065553, -82.425750, 0.000000)	R:true  F:false
02-28 09:09:45.382 13511 13544 D NavServiceProvider: Second to last stop coordinates: 28.065622, -82.427307
02-28 09:09:45.382 13511 13544 D NavServiceProvider: Setting units automatically
02-28 09:09:45.383  2666  3413 D Avrcp_ext: AudioManager Player: ID:23 -- type:android.media.SoundPool -- u/pid:10126/2688 -- state:idle -- attr:AudioAttributes: usage=USAGE_ASSISTANCE_SONIFICATION content=CONTENT_TYPE_SONIFICATION flags=0x800 tags= bundle=null
02-28 09:09:45.383  2666  3413 D Avrcp_ext: AudioManager Player: ID:1239 -- type:android.media.AudioTrack -- u/pid:10088/13579 -- state:started -- attr:AudioAttributes: usage=USAGE_MEDIA content=CONTENT_TYPE_SPEECH flags=0x800 tags= bundle=null
02-28 09:09:45.383  2666  3413 D Avrcp_ext: AudioManager isPlaying: true
02-28 09:09:45.383  2666  3413 V Avrcp_ext: updateCurrentMediaState: mMediaController: null
02-28 09:09:45.383  2666  3413 V Avrcp_ext: isMusicActive: true getBluetoothPlayState: 2
02-28 09:09:45.383  2666  3413 V Avrcp_ext: updateCurrentMediaState: isPlaying = false
02-28 09:09:45.383  2666  3413 V Avrcp_ext: Media update: id -1➡-1? [MediaAttributes: none] : [MediaAttributes: none]
02-28 09:09:45.383  2666  3413 V Avrcp_ext: newPlayStatus:2mReportedPlayStatus:-1
02-28 09:09:45.383  2666  3413 V Avrcp_ext: updatePlaybackState, state: PlaybackState {state=2, position=-1, buffered position=0, speed=0.0, updated=1788714, actions=0, custom actions=[], active item id=-1, error=null} device: null
02-28 09:09:45.383  2666  3413 V Avrcp_ext: Device: no name:
02-28 09:09:45.383  2666  3413 I chatty  : uid=1002(bluetooth) BluetoothAvrcpH identical 3 lines
02-28 09:09:45.383  2666  3413 V Avrcp_ext: Device: no name:
02-28 09:09:45.384  2666  3413 V Avrcp_ext: updatePlayerStateAndPosition, old=PlaybackState {state=2, position=-1, buffered position=0, speed=0.0, updated=1788606, actions=0, custom actions=[], active item id=-1, error=null}, state=PlaybackState {state=2, position=-1, buffered position=0, speed=0.0, updated=1788714, actions=0, custom actions=[], active item id=-1, error=null}
02-28 09:09:45.384  2666  3413 V Avrcp_ext: old state = PlaybackState {state=2, position=-1, buffered position=0, speed=0.0, updated=1788606, actions=0, custom actions=[], active item id=-1, error=null}, new state= PlaybackState {state=2, position=-1, buffered position=0, speed=0.0, updated=1788714, actions=0, custom actions=[], active item id=-1, error=null}
02-28 09:09:45.384  2666  3413 D HeadsetService: getHeadsetService(): returning com.android.bluetooth.hfp.HeadsetService@8a04d28
02-28 09:09:45.384 13511 13544 D NavServiceProvider: Detecting stop. distance_d=153.2475. stop_type=1 speed=0.0
02-28 09:09:45.384 13511 13544 D NavigationTest: 761: (28.065553, -82.425750, 0.000000)	R:true  F:false
02-28 09:09:45.384 13511 13544 D NavigationTest: 762: (28.065553, -82.425750, 0.000000)	R:true  F:false
02-28 09:09:45.384 13511 13544 D NavServiceProvider: Second to last stop coordinates: 28.065622, -82.427307
02-28 09:09:45.384  2666  3413 D HeadsetService:  isAudioOn: The number of audio connected devices 0
02-28 09:09:45.384  2666  3413 D HeadsetService: isScoOrCallActive(): Call Active:falseCall is Ringing:falseSCO is Active:false
02-28 09:09:45.384  2666  3413 D HeadsetService:  isAudioOn: The number of audio connected devices 0
02-28 09:09:45.384  2666  3413 I Avrcp_ext: updatePlayStatusForDevice: device: null
02-28 09:09:45.384  2666  3413 V Avrcp_ext: updatePlaybackState (1): old=PlaybackState {state=2, position=-1, buffered position=0, speed=0.0, updated=1788606, actions=0, custom actions=[], active item id=-1, error=null}(2), new=PlaybackState {state=2, position=-1, buffered position=0, speed=0.0, updated=1788714, actions=0, custom actions=[], active item id=-1, error=null}(2)
02-28 09:09:45.384  2666  3413 I Avrcp_ext: Exit updatePlayStatusForDevice
02-28 09:09:45.384 13511 13544 D NavServiceProvider: Setting units automatically
02-28 09:09:45.385  2666  3413 D HeadsetService:  isAudioOn: The number of audio connected devices 0
02-28 09:09:45.385  2666  3413 D HeadsetService: isScoOrCallActive(): Call Active:falseCall is Ringing:falseSCO is Active:false
02-28 09:09:45.385  2666  3413 D HeadsetService:  isAudioOn: The number of audio connected devices 0
02-28 09:09:45.385  2666  3413 I Avrcp_ext: updatePlayStatusForDevice: device: null
02-28 09:09:45.385  2666  3413 V Avrcp_ext: updatePlaybackState (1): old=PlaybackState {state=2, position=-1, buffered position=0, speed=0.0, updated=1788606, actions=0, custom actions=[], active item id=-1, error=null}(2), new=PlaybackState {state=2, position=-1, buffered position=0, speed=0.0, updated=1788714, actions=0, custom actions=[], active item id=-1, error=null}(2)
02-28 09:09:45.385  2666  3413 I Avrcp_ext: Exit updatePlayStatusForDevice
02-28 09:09:45.385  2666  3413 D HeadsetService:  isAudioOn: The number of audio connected devices 0
02-28 09:09:45.385  2666  3413 D HeadsetService: isScoOrCallActive(): Call Active:falseCall is Ringing:falseSCO is Active:false
02-28 09:09:45.385  2666  3413 D HeadsetService:  isAudioOn: The number of audio connected devices 0
02-28 09:09:45.385  2666  3413 I Avrcp_ext: updatePlayStatusForDevice: device: null
02-28 09:09:45.385  2666  3413 V Avrcp_ext: updatePlaybackState (1): old=PlaybackState {state=2, position=-1, buffered position=0, speed=0.0, updated=1788606, actions=0, custom actions=[], active item id=-1, error=null}(2), new=PlaybackState {state=2, position=-1, buffered position=0, speed=0.0, updated=1788714, actions=0, custom actions=[], active item id=-1, error=null}(2)
02-28 09:09:45.386  2666  3413 I Avrcp_ext: Exit updatePlayStatusForDevice
02-28 09:09:45.386  2666  3413 D HeadsetService:  isAudioOn: The number of audio connected devices 0
02-28 09:09:45.386 13511 13544 D NavServiceProvider: Detecting stop. distance_d=153.1493. stop_type=1 speed=0.0
02-28 09:09:45.386  2666  3413 D HeadsetService: isScoOrCallActive(): Call Active:falseCall is Ringing:falseSCO is Active:false
02-28 09:09:45.386 13511 13544 D NavigationTest: 763: (28.065553, -82.425751, 0.000000)	R:true  F:false
02-28 09:09:45.386 13511 13544 D NavServiceProvider: Second to last stop coordinates: 28.065622, -82.427307
02-28 09:09:45.386  2666  3413 D HeadsetService:  isAudioOn: The number of audio connected devices 0
02-28 09:09:45.386  2666  3413 I Avrcp_ext: updatePlayStatusForDevice: device: null
02-28 09:09:45.386  2666  3413 V Avrcp_ext: updatePlaybackState (1): old=PlaybackState {state=2, position=-1, buffered position=0, speed=0.0, updated=1788606, actions=0, custom actions=[], active item id=-1, error=null}(2), new=PlaybackState {state=2, position=-1, buffered position=0, speed=0.0, updated=1788714, actions=0, custom actions=[], active item id=-1, error=null}(2)
02-28 09:09:45.386  2666  3413 I Avrcp_ext: Exit updatePlayStatusForDevice
02-28 09:09:45.387  2666  3413 D HeadsetService:  isAudioOn: The number of audio connected devices 0
02-28 09:09:45.387  2666  3413 D HeadsetService: isScoOrCallActive(): Call Active:falseCall is Ringing:falseSCO is Active:false
02-28 09:09:45.387 13511 13544 D NavServiceProvider: Setting units automatically
02-28 09:09:45.387  2666  3413 D HeadsetService:  isAudioOn: The number of audio connected devices 0
02-28 09:09:45.387  2666  3413 I Avrcp_ext: updatePlayStatusForDevice: device: null
02-28 09:09:45.387  2666  3413 V Avrcp_ext: updatePlaybackState (1): old=PlaybackState {state=2, position=-1, buffered position=0, speed=0.0, updated=1788606, actions=0, custom actions=[], active item id=-1, error=null}(2), new=PlaybackState {state=2, position=-1, buffered position=0, speed=0.0, updated=1788714, actions=0, custom actions=[], active item id=-1, error=null}(2)
02-28 09:09:45.387  2666  3413 I Avrcp_ext: Exit updatePlayStatusForDevice
02-28 09:09:45.387  2666  3413 D Avrcp_ext: Enter sendPlayPosNotificationRsp
02-28 09:09:45.387  2666  3413 D Avrcp_ext: sendPlayPosNotificationRsp: Not registered or requesting.
02-28 09:09:45.387  2666  3413 D Avrcp_ext: Enter sendPlayPosNotificationRsp
02-28 09:09:45.387  2666  3413 D Avrcp_ext: sendPlayPosNotificationRsp: Not registered or requesting.
02-28 09:09:45.387  2666  3413 D Avrcp_ext: Enter sendPlayPosNotificationRsp
02-28 09:09:45.387  2666  3413 D Avrcp_ext: sendPlayPosNotificationRsp: Not registered or requesting.
02-28 09:09:45.387  2666  3413 D Avrcp_ext: Enter sendPlayPosNotificationRsp
02-28 09:09:45.387  2666  3413 D Avrcp_ext: sendPlayPosNotificationRsp: Not registered or requesting.
02-28 09:09:45.387  2666  3413 D Avrcp_ext: Enter sendPlayPosNotificationRsp
02-28 09:09:45.387  2666  3413 D Avrcp_ext: sendPlayPosNotificationRsp: Not registered or requesting.
02-28 09:09:45.387  2666  3413 V Avrcp_ext: Exit updatePlayerStateAndPosition
02-28 09:09:45.388 13511 13544 D NavServiceProvider: Detecting stop. distance_d=153.1493. stop_type=1 speed=0.0
02-28 09:09:45.388 13511 13544 D NavigationTest: 764: (28.065553, -82.425751, 0.000000)	R:true  F:false
02-28 09:09:45.388 13511 13544 D NavigationTest: 765: (28.065553, -82.425751, 0.000000)	R:true  F:false
02-28 09:09:45.388 13511 13544 D NavServiceProvider: Second to last stop coordinates: 28.065622, -82.427307
02-28 09:09:45.389 13511 13544 D NavServiceProvider: Setting units automatically
02-28 09:09:45.390 13511 13544 D NavServiceProvider: Detecting stop. distance_d=153.1493. stop_type=1 speed=0.0
02-28 09:09:45.390 13511 13544 D NavigationTest: 766: (28.065553, -82.425751, 0.000000)	R:true  F:false
02-28 09:09:45.390 13511 13544 D NavigationTest: 767: (28.065553, -82.425751, 0.000000)	R:true  F:false
02-28 09:09:45.390 13511 13544 D NavServiceProvider: Second to last stop coordinates: 28.065622, -82.427307
02-28 09:09:45.391 13511 13544 D NavServiceProvider: Setting units automatically
02-28 09:09:45.392 13511 13544 D NavServiceProvider: Detecting stop. distance_d=153.1493. stop_type=1 speed=0.0
02-28 09:09:45.392 13511 13544 D NavigationTest: 768: (28.065553, -82.425751, 0.000000)	R:true  F:false
02-28 09:09:45.392 13511 13544 D NavigationTest: 769: (28.065553, -82.425751, 0.000000)	R:true  F:false
02-28 09:09:45.392 13511 13544 D NavigationTest: 770: (28.065553, -82.425751, 0.000000)	R:true  F:false
02-28 09:09:45.392 13511 13544 D NavigationTest: 771: (28.065553, -82.425751, 0.000000)	R:true  F:false
02-28 09:09:45.392 13511 13544 D NavServiceProvider: Second to last stop coordinates: 28.065622, -82.427307
02-28 09:09:45.392 13511 13544 D NavServiceProvider: Setting units automatically
02-28 09:09:45.393 13511 13544 D NavServiceProvider: Detecting stop. distance_d=153.1493. stop_type=1 speed=0.0
02-28 09:09:45.393 13511 13544 D NavigationTest: 772: (28.065553, -82.425751, 0.000000)	R:true  F:false
02-28 09:09:45.393 13511 13544 D NavServiceProvider: Second to last stop coordinates: 28.065622, -82.427307
02-28 09:09:45.394 13511 13544 D NavServiceProvider: Setting units automatically
02-28 09:09:45.395 13511 13544 D NavServiceProvider: Detecting stop. distance_d=153.1493. stop_type=1 speed=0.0
02-28 09:09:45.395 13511 13544 D NavigationTest: 773: (28.065553, -82.425751, 0.000000)	R:true  F:false
02-28 09:09:45.395 13511 13544 D NavigationTest: 774: (28.065553, -82.425751, 0.000000)	R:true  F:false
02-28 09:09:45.395 13511 13544 D NavServiceProvider: Second to last stop coordinates: 28.065622, -82.427307
02-28 09:09:45.395 13511 13544 D NavServiceProvider: Setting units automatically
02-28 09:09:45.396 13511 13544 D NavServiceProvider: Detecting stop. distance_d=153.1493. stop_type=1 speed=0.0
02-28 09:09:45.396 13511 13544 D NavigationTest: 775: (28.065553, -82.425751, 0.000000)	R:true  F:false
02-28 09:09:45.396 13511 13544 D NavServiceProvider: Second to last stop coordinates: 28.065622, -82.427307
02-28 09:09:45.396 13511 13544 D NavServiceProvider: Setting units automatically
02-28 09:09:45.397 13511 13544 D NavServiceProvider: Detecting stop. distance_d=153.1493. stop_type=1 speed=0.0
02-28 09:09:45.397 13511 13544 D NavigationTest: 776: (28.065553, -82.425751, 0.000000)	R:true  F:false
02-28 09:09:45.398 13511 13544 D NavigationTest: 777: (28.065553, -82.425751, 0.000000)	R:true  F:false
02-28 09:09:45.398 13511 13544 D NavServiceProvider: Second to last stop coordinates: 28.065622, -82.427307
02-28 09:09:45.398 13511 13544 D NavServiceProvider: Setting units automatically
02-28 09:09:45.399 13511 13544 D NavServiceProvider: Detecting stop. distance_d=153.1493. stop_type=1 speed=0.0
02-28 09:09:45.399 13511 13544 D NavigationTest: 778: (28.065553, -82.425751, 0.000000)	R:true  F:false
02-28 09:09:45.399 13511 13544 D NavigationTest: 779: (28.065553, -82.425751, 0.000000)	R:true  F:false
02-28 09:09:45.399 13511 13544 D NavServiceProvider: Second to last stop coordinates: 28.065622, -82.427307
02-28 09:09:45.399 13511 13544 D NavServiceProvider: Setting units automatically
02-28 09:09:45.400 13511 13544 D NavServiceProvider: Detecting stop. distance_d=153.1493. stop_type=1 speed=0.0
02-28 09:09:45.400 13511 13544 D NavigationTest: 780: (28.065553, -82.425751, 0.000000)	R:true  F:false
02-28 09:09:45.400 13511 13544 D NavigationTest: 781: (28.065553, -82.425751, 0.000000)	R:true  F:false
02-28 09:09:45.400 13511 13544 D NavServiceProvider: Second to last stop coordinates: 28.065622, -82.427307
02-28 09:09:45.401 13511 13544 D NavServiceProvider: Setting units automatically
02-28 09:09:45.402 13511 13544 D NavServiceProvider: Detecting stop. distance_d=153.05113. stop_type=1 speed=0.0
02-28 09:09:45.402 13511 13544 D NavigationTest: 782: (28.065553, -82.425752, 0.000000)	R:true  F:false
02-28 09:09:45.402 13511 13544 D NavServiceProvider: Second to last stop coordinates: 28.065622, -82.427307
02-28 09:09:45.402 13511 13544 D NavServiceProvider: Setting units automatically
02-28 09:09:45.403 13511 13544 D NavServiceProvider: Detecting stop. distance_d=153.05113. stop_type=1 speed=0.0
02-28 09:09:45.403 13511 13544 D NavigationTest: 783: (28.065553, -82.425752, 0.000000)	R:true  F:false
02-28 09:09:45.403 13511 13544 D NavigationTest: 784: (28.065553, -82.425752, 0.000000)	R:true  F:false
02-28 09:09:45.403 13511 13544 D NavServiceProvider: Second to last stop coordinates: 28.065622, -82.427307
02-28 09:09:45.404 13511 13544 D NavServiceProvider: Setting units automatically
02-28 09:09:45.404 13511 13544 D NavServiceProvider: Detecting stop. distance_d=153.05113. stop_type=1 speed=0.0
02-28 09:09:45.405 13511 13544 D NavigationTest: 785: (28.065553, -82.425752, 0.000000)	R:true  F:false
02-28 09:09:45.405 13511 13544 D NavServiceProvider: Second to last stop coordinates: 28.065622, -82.427307
02-28 09:09:45.405 13511 13544 D NavServiceProvider: Setting units automatically
02-28 09:09:45.406 13511 13544 D NavServiceProvider: Detecting stop. distance_d=153.05113. stop_type=1 speed=0.0
02-28 09:09:45.406 13511 13544 D NavigationTest: 786: (28.065553, -82.425752, 0.000000)	R:true  F:false
02-28 09:09:45.406 13511 13544 D NavigationTest: 787: (28.065553, -82.425752, 0.000000)	R:true  F:false
02-28 09:09:45.406 13511 13544 D NavServiceProvider: Second to last stop coordinates: 28.065622, -82.427307
02-28 09:09:45.406 13511 13544 D NavServiceProvider: Setting units automatically
02-28 09:09:45.407 13511 13544 D NavServiceProvider: Detecting stop. distance_d=153.05113. stop_type=1 speed=0.0
02-28 09:09:45.407 13511 13544 D NavigationTest: 788: (28.065553, -82.425752, 0.000000)	R:true  F:false
