02-28 09:09:44.663 13511 13544 I TestRunner: started: testTrip1C(org.onebusaway.android.nav.test.NavigationTest)
02-28 09:09:44.664 13511 13511 I MonitoringInstr: Activities that are still in CREATED to STOPPED: 0
02-28 09:09:44.677 13511 13544 D NavServiceProvider: Creating NavigationServiceProvider...
02-28 09:09:44.678 13511 13544 D NavServiceProvider: Starting navigation for service
02-28 09:09:44.678 13511 13544 D NavServiceProvider: ProximityCalculator initializing...
02-28 09:09:44.678 13511 13544 D NavServiceProvider: Initializing ProximityCalculator
02-28 09:09:44.678 13511 13544 D NavServiceProvider: Number of path links: 1
02-28 09:09:44.678 13511 13544 D NavServiceProvider: Second to last stop coordinates: 28.065622, -82.427307
02-28 09:09:44.678 13511 13544 D NavServiceProvider: Setting units automatically
02-28 09:09:44.680 13511 13544 D NavServiceProvider: Detecting stop. distance_d=2457.0273. stop_type=1 speed=0.0
02-28 09:09:44.680 13511 13544 D NavigationTest: 0: (28.045859, -82.415979, 0.000000)	R:false  F:false
02-28 09:09:44.680 13511 13544 D NavServiceProvider: Second to last stop coordinates: 28.065622, -82.427307
02-28 09:09:44.680 13511 13544 D NavServiceProvider: Setting units automatically
02-28 09:09:44.682 13511 13544 D NavServiceProvider: Detecting stop. distance_d=2457.0273. stop_type=1 speed=0.0
02-28 09:09:44.682 13511 13544 D NavigationTest: 1: (28.045859, -82.415979, 0.000000)	R:false  F:false
02-28 09:09:44.682 13511 13544 D NavServiceProvider: Second to last stop coordinates: 28.065622, -82.427307
02-28 09:09:44.682 13511 13544 D NavServiceProvider: Setting units automatically
02-28 09:09:44.683 13511 13544 D NavServiceProvider: Detecting stop. distance_d=2336.518. stop_type=1 speed=15.25
02-28 09:09:44.683 13511 13544 D NavigationTest: 2: (28.047001, -82.416160, 15.250000)	R:false  F:false
02-28 09:09:44.683 13511 13544 D NavigationTest: 3: (28.047001, -82.416160, 15.250000)	R:false  F:false
02-28 09:09:44.683 13511 13544 D NavServiceProvider: Second to last stop coordinates: 28.065622, -82.427307
02-28 09:09:44.684 13511 13544 D NavServiceProvider: Setting units automatically
02-28 09:09:44.685 13511 13544 D NavServiceProvider: Detecting stop. distance_d=2318.222. stop_type=1 speed=16.0
02-28 09:09:44.685 13511 13544 D NavigationTest: 4: (28.047146, -82.416249, 16.000000)	R:false  F:false
02-28 09:09:44.685 13511 13544 D NavigationTest: 5: (28.047146, -82.416249, 16.000000)	R:false  F:false
02-28 09:09:44.685 13511 13544 D NavServiceProvider: Second to last stop coordinates: 28.065622, -82.427307
02-28 09:09:44.686 13511 13544 D NavServiceProvider: Setting units automatically
02-28 09:09:44.688 13511 13544 D NavServiceProvider: Detecting stop. distance_d=2308.0203. stop_type=1 speed=15.75
02-28 09:09:44.688 13511 13544 D NavigationTest: 6: (28.047265, -82.416218, 15.750000)	R:false  F:false
02-28 09:09:44.688 13511 13544 D NavigationTest: 7: (28.047265, -82.416218, 15.750000)	R:false  F:false
02-28 09:09:44.688 13511 13544 D NavigationTest: 8: (28.047265, -82.416218, 15.750000)	R:false  F:false
02-28 09:09:44.688 13511 13544 D NavigationTest: 9: (28.047265, -82.416218, 15.750000)	R:false  F:false
02-28 09:09:44.688 13511 13544 D NavServiceProvider: Second to last stop coordinates: 28.065622, -82.427307
02-28 09:09:44.688 13511 13544 D NavServiceProvider: Setting units automatically
02-28 09:09:44.690 13511 13544 D NavServiceProvider: Detecting stop. distance_d=2291.004. stop_type=1 speed=16.25
02-28 09:09:44.690 13511 13544 D NavigationTest: 10: (28.047449, -82.416198, 16.250000)	R:false  F:false
02-28 09:09:44.690 13511 13544 D NavServiceProvider: Second to last stop coordinates: 28.065622, -82.427307
02-28 09:09:44.691 13511 13544 D NavServiceProvider: Setting units automatically
02-28 09:09:44.692 13511 13544 D NavServiceProvider: Detecting stop. distance_d=2279.0898. stop_type=1 speed=16.0
02-28 09:09:44.692 13511 13544 D NavigationTest: 11: (28.047584, -82.416172, 16.000000)	R:false  F:false
02-28 09:09:44.692 13511 13544 D NavigationTest: 12: (28.047584, -82.416172, 16.000000)	R:false  F:false
02-28 09:09:44.692 13511 13544 D NavServiceProvider: Second to last stop coordinates: 28.065622, -82.427307
02-28 09:09:44.692 13511 13544 D NavServiceProvider: Setting units automatically
02-28 09:09:44.694 13511 13544 D NavServiceProvider: Detecting stop. distance_d=2264.0842. stop_type=1 speed=16.25
02-28 09:09:44.694 13511 13544 D NavigationTest: 13: (28.047740, -82.416169, 16.250000)	R:false  F:false
02-28 09:09:44.694 13511 13544 D NavServiceProvider: Second to last stop coordinates: 28.065622, -82.427307
02-28 09:09:44.694 13511 13544 D NavServiceProvider: Setting units automatically
02-28 09:09:44.695 13511 13544 D NavServiceProvider: Detecting stop. distance_d=2247.956. stop_type=1 speed=16.5
02-28 09:09:44.695 13511 13544 D NavigationTest: 14: (28.047902, -82.416178, 16.500000)	R:false  F:false
02-28 09:09:44.695 13511 13544 D NavigationTest: 15: (28.047902, -82.416178, 16.500000)	R:false  F:false
02-28 09:09:44.695 13511 13544 D NavServiceProvider: Second to last stop coordinates: 28.065622, -82.427307
02-28 09:09:44.696 13511 13544 D NavServiceProvider: Setting units automatically
02-28 09:09:44.697 13511 13544 D NavServiceProvider: Detecting stop. distance_d=2232.8218. stop_type=1 speed=16.5
02-28 09:09:44.697 13511 13544 D NavigationTest: 16: (28.048056, -82.416183, 16.500000)	R:false  F:false
02-28 09:09:44.697 13511 13544 D NavigationTest: 17: (28.048056, -82.416183, 16.500000)	R:false  F:false
02-28 09:09:44.697 13511 13544 D NavServiceProvider: Second to last stop coordinates: 28.065622, -82.427307
02-28 09:09:44.697 13511 13544 D NavServiceProvider: Setting units automatically
02-28 09:09:44.699 13511 13544 D NavServiceProvider: Detecting stop. distance_d=2216.993. stop_type=1 speed=16.75
02-28 09:09:44.699 13511 13544 D NavigationTest: 18: (28.048218, -82.416187, 16.750000)	R:false  F:false
02-28 09:09:44.699 13511 13544 D NavigationTest: 19: (28.048218, -82.416187, 16.750000)	R:false  F:false
02-28 09:09:44.699 13511 13544 D NavServiceProvider: Second to last stop coordinates: 28.065622, -82.427307
02-28 09:09:44.699 13511 13544 D NavServiceProvider: Setting units automatically
02-28 09:09:44.701 13511 13544 D NavServiceProvider: Detecting stop. distance_d=2204.3867. stop_type=1 speed=16.75
02-28 09:09:44.701 13511 13544 D NavigationTest: 20: (28.048358, -82.416169, 16.750000)	R:false  F:false
02-28 09:09:44.701 13511 13544 D NavigationTest: 21: (28.048358, -82.416169, 16.750000)	R:false  F:false
02-28 09:09:44.701 13511 13544 D NavServiceProvider: Second to last stop coordinates: 28.065622, -82.427307
02-28 09:09:44.701 13511 13544 D NavServiceProvider: Setting units automatically
02-28 09:09:44.703 13511 13544 D NavServiceProvider: Detecting stop. distance_d=2191.473. stop_type=1 speed=16.25
02-28 09:09:44.703 13511 13544 D NavigationTest: 22: (28.048497, -82.416160, 16.250000)	R:false  F:false
02-28 09:09:44.703 13511 13544 D NavigationTest: 23: (28.048497, -82.416160, 16.250000)	R:false  F:false
02-28 09:09:44.703 13511 13544 D NavServiceProvider: Second to last stop coordinates: 28.065622, -82.427307
02-28 09:09:44.704 13511 13544 D NavServiceProvider: Setting units automatically
02-28 09:09:44.705 13511 13544 D NavServiceProvider: Detecting stop. distance_d=2177.476. stop_type=1 speed=16.0
02-28 09:09:44.705 13511 13544 D NavigationTest: 24: (28.048643, -82.416160, 16.000000)	R:false  F:false
02-28 09:09:44.705 13511 13544 D NavigationTest: 25: (28.048643, -82.416160, 16.000000)	R:false  F:false
02-28 09:09:44.705 13511 13544 D NavServiceProvider: Second to last stop coordinates: 28.065622, -82.427307
02-28 09:09:44.706 13511 13544 D NavServiceProvider: Setting units automatically
02-28 09:09:44.707 13511 13544 D NavServiceProvider: Detecting stop. distance_d=2163.0237. stop_type=1 speed=15.75
02-28 09:09:44.707 13511 13544 D NavigationTest: 26: (28.048792, -82.416164, 15.750000)	R:false  F:false
02-28 09:09:44.707 13511 13544 D NavServiceProvider: Second to last stop coordinates: 28.065622, -82.427307
02-28 09:09:44.708 13511 13544 D NavServiceProvider: Setting units automatically
02-28 09:09:44.709 13511 13544 D NavServiceProvider: Detecting stop. distance_d=2149.6292. stop_type=1 speed=15.75
02-28 09:09:44.709 13511 13544 D NavigationTest: 27: (28.048936, -82.416157, 15.750000)	R:false  F:false
02-28 09:09:44.709 13511 13544 D NavigationTest: 28: (28.048936, -82.416157, 15.750000)	R:false  F:false
02-28 09:09:44.709 13511 13544 D NavServiceProvider: Second to last stop coordinates: 28.065622, -82.427307
02-28 09:09:44.710 13511 13544 D NavServiceProvider: Setting units automatically
02-28 09:09:44.710 13579 13612 W EventProcessor: callback.start() returned error code: -1
02-28 09:09:44.711 13511 13544 D NavServiceProvider: Detecting stop. distance_d=2135.9966. stop_type=1 speed=15.5
02-28 09:09:44.711 13511 13544 D NavigationTest: 29: (28.049085, -82.416146, 15.500000)	R:false  F:false
02-28 09:09:44.711 13511 13544 D NavServiceProvider: Second to last stop coordinates: 28.065622, -82.427307
02-28 09:09:44.712 13511 13544 D NavServiceProvider: Setting units automatically
02-28 09:09:44.713 13511 13544 D NavServiceProvider: Detecting stop. distance_d=2123.7705. stop_type=1 speed=15.0
02-28 09:09:44.714 13511 13544 D NavigationTest: 30: (28.049218, -82.416138, 15.000000)	R:false  F:false
02-28 09:09:44.714 13511 13544 D NavigationTest: 31: (28.049218, -82.416138, 15.000000)	R:false  F:false
02-28 09:09:44.714 13511 13544 D NavServiceProvider: Second to last stop coordinates: 28.065622, -82.427307
02-28 09:09:44.714 13511 13544 D NavServiceProvider: Setting units automatically
02-28 09:09:44.715 13511 13544 D NavServiceProvider: Detecting stop. distance_d=2110.7173. stop_type=1 speed=15.0
02-28 09:09:44.715 13511 13544 D NavigationTest: 32: (28.049359, -82.416132, 15.000000)	R:false  F:false
02-28 09:09:44.715 13511 13544 D NavServiceProvider: Second to last stop coordinates: 28.065622, -82.427307
02-28 09:09:44.716 13511 13544 D NavServiceProvider: Setting units automatically
02-28 09:09:44.717 13511 13544 D NavServiceProvider: Detecting stop. distance_d=2099.2273. stop_type=1 speed=14.25
02-28 09:09:44.717 13511 13544 D NavigationTest: 33: (28.049480, -82.416133, 14.250000)	R:false  F:false
02-28 09:09:44.717 13511 13544 D NavigationTest: 34: (28.049480, -82.416133, 14.250000)	R:false  F:false
02-28 09:09:44.717 13511 13544 D NavServiceProvider: Second to last stop coordinates: 28.065622, -82.427307
02-28 09:09:44.717 13511 13544 D NavServiceProvider: Setting units automatically
02-28 09:09:44.718 13511 13544 D NavServiceProvider: Detecting stop. distance_d=2087.195. stop_type=1 speed=13.75
02-28 09:09:44.719 13511 13544 D NavigationTest: 35: (28.049607, -82.416134, 13.750000)	R:false  F:false
02-28 09:09:44.719 13511 13544 D NavServiceProvider: Second to last stop coordinates: 28.065622, -82.427307
02-28 09:09:44.719 13511 13544 D NavServiceProvider: Setting units automatically
02-28 09:09:44.720 13511 13544 D NavServiceProvider: Detecting stop. distance_d=2075.5544. stop_type=1 speed=13.5
02-28 09:09:44.720 13511 13544 D NavigationTest: 36: (28.049729, -82.416137, 13.500000)	R:false  F:false
02-28 09:09:44.721 13511 13544 D NavigationTest: 37: (28.049729, -82.416137, 13.500000)	R:false  F:false
02-28 09:09:44.721 13511 13544 D NavServiceProvider: Second to last stop coordinates: 28.065622, -82.427307
02-28 09:09:44.721 13511 13544 D NavServiceProvider: Setting units automatically
02-28 09:09:44.723 13511 13544 D NavServiceProvider: Detecting stop. distance_d=2065.012. stop_type=1 speed=12.75
02-28 09:09:44.723 13511 13544 D NavigationTest: 38: (28.049844, -82.416132, 12.750000)	R:false  F:false
02-28 09:09:44.723 13511 13544 D NavServiceProvider: Second to last stop coordinates: 28.065622, -82.427307
02-28 09:09:44.723 13511 13544 D NavServiceProvider: Setting units automatically
02-28 09:09:44.725 13511 13544 D NavServiceProvider: Detecting stop. distance_d=2055.244. stop_type=1 speed=12.25
02-28 09:09:44.725 13511 13544 D NavigationTest: 39: (28.049951, -82.416127, 12.250000)	R:false  F:false
02-28 09:09:44.725 13511 13544 D NavigationTest: 40: (28.049951, -82.416127, 12.250000)	R:false  F:false
02-28 09:09:44.725 13511 13544 D NavServiceProvider: Second to last stop coordinates: 28.065622, -82.427307
02-28 09:09:44.725 13579 13612 I GoogleTTSServiceImpl: Synthesis request for locale eng-USA and name en-US-language
02-28 09:09:44.725 13511 13544 D NavServiceProvider: Setting units automatically
02-28 09:09:44.726 13579 13612 I GoogleTTSServiceImpl: TTS dispatch: en-us-x-iog-seanet-embedded
02-28 09:09:44.726 13511 13544 D NavServiceProvider: Detecting stop. distance_d=2045.4695. stop_type=1 speed=11.5
02-28 09:09:44.726 13511 13544 D NavigationTest: 41: (28.050060, -82.416119, 11.500000)	R:false  F:false
02-28 09:09:44.726 13511 13544 D NavigationTest: 42: (28.050060, -82.416119, 11.500000)	R:false  F:false
02-28 09:09:44.726 13511 13544 D NavServiceProvider: Second to last stop coordinates: 28.065622, -82.427307
02-28 09:09:44.727 13511 13544 D NavServiceProvider: Setting units automatically
02-28 09:09:44.728 13511 13544 D NavServiceProvider: Detecting stop. distance_d=2036.308. stop_type=1 speed=10.75
02-28 09:09:44.728 13511 13544 D NavigationTest: 43: (28.050157, -82.416121, 10.750000)	R:false  F:false
02-28 09:09:44.728 13511 13544 D NavigationTest: 44: (28.050157, -82.416121, 10.750000)	R:false  F:false
02-28 09:09:44.728 13511 13544 D NavServiceProvider: Second to last stop coordinates: 28.065622, -82.427307
02-28 09:09:44.729 13511 13544 D NavServiceProvider: Setting units automatically
02-28 09:09:44.729   871  1408 D audio_hw_primary: adev_get_parameters:vr_audio_mode_on
02-28 09:09:44.729   871  1408 I audio_hw_primary: getting vr mode to 0
02-28 09:09:44.729   871  1408 D audio_hw_primary: adev_get_parameters: exit: returns - vr_audio_mode_on=false
02-28 09:09:44.729   959  1210 I hash_map_utils: key: 'vr_audio_mode_on' value: ''
02-28 09:09:44.729   959  1210 I AudioPolicyManagerCustom: VR mode is 0, switch to primary output if request is for fast|raw
02-28 09:09:44.729   959  1210 I AudioPolicyManagerCustom: setting force DEEP buffer now
02-28 09:09:44.730   959  1210 D AudioFlinger: Client defaulted notificationFrames to 2048 for frameCount 4096
02-28 09:09:44.730 13511 13544 D NavServiceProvider: Detecting stop. distance_d=2027.8943. stop_type=1 speed=10.25
02-28 09:09:44.730 13511 13544 D NavigationTest: 45: (28.050249, -82.416118, 10.250000)	R:false  F:false
02-28 09:09:44.730 13511 13544 D NavServiceProvider: Second to last stop coordinates: 28.065622, -82.427307
02-28 09:09:44.730 13511 13544 D NavServiceProvider: Setting units automatically
02-28 09:09:44.731 13511 13544 D NavServiceProvider: Detecting stop. distance_d=2021.9165. stop_type=1 speed=8.75
02-28 09:09:44.731 13511 13544 D NavigationTest: 46: (28.050319, -82.416108, 8.750000)	R:false  F:false
02-28 09:09:44.731 13511 13544 D NavigationTest: 47: (28.050319, -82.416108, 8.750000)	R:false  F:false
02-28 09:09:44.731 13511 13544 D NavServiceProvider: Second to last stop coordinates: 28.065622, -82.427307
02-28 09:09:44.732 13511 13544 D NavServiceProvider: Setting units automatically
02-28 09:09:44.732   959  1210 D AF::TrackHandle: OpPlayAudio: track:205 usage:1 not muted
02-28 09:09:44.733 13511 13544 D NavServiceProvider: Detecting stop. distance_d=2016.7086. stop_type=1 speed=7.5
02-28 09:09:44.733 13511 13544 D NavigationTest: 48: (28.050382, -82.416096, 7.500000)	R:false  F:false
02-28 09:09:44.733 13511 13544 D NavigationTest: 49: (28.050382, -82.416096, 7.500000)	R:false  F:false
02-28 09:09:44.733 13511 13544 D NavServiceProvider: Second to last stop coordinates: 28.065622, -82.427307
02-28 09:09:44.733 13511 13544 D NavServiceProvider: Setting units automatically
02-28 09:09:44.734   871  1408 D msm8974_platform: platform_split_snd_device: snd_device(2) num devices(1) new_snd_devices(0)
02-28 09:09:44.735 13511 13544 D NavServiceProvider: Detecting stop. distance_d=2012.7285. stop_type=1 speed=6.5
02-28 09:09:44.735 13511 13544 D NavigationTest: 50: (28.050422, -82.416101, 6.500000)	R:false  F:false
02-28 09:09:44.735 13511 13544 D NavigationTest: 51: (28.050422, -82.416101, 6.500000)	R:false  F:false
02-28 09:09:44.735 13511 13544 D NavServiceProvider: Second to last stop coordinates: 28.065622, -82.427307
02-28 09:09:44.735 13511 13544 D NavServiceProvider: Setting units automatically
02-28 09:09:44.737  2666  3413 D Avrcp_ext: AudioManager Player: ID:23 -- type:android.media.SoundPool -- u/pid:10126/2688 -- state:idle -- attr:AudioAttributes: usage=USAGE_ASSISTANCE_SONIFICATION content=CONTENT_TYPE_SONIFICATION flags=0x800 tags= bundle=null
02-28 09:09:44.737  2666  3413 D Avrcp_ext: AudioManager Player: ID:15 -- type:android.media.SoundPool -- u/pid:1000/1493 -- state:idle -- attr:AudioAttributes: usage=USAGE_ASSISTANCE_SONIFICATION content=CONTENT_TYPE_SONIFICATION flags=0x800 tags= bundle=null
02-28 09:09:44.737  2666  3413 D Avrcp_ext: AudioManager Player: ID:1231 -- type:android.media.AudioTrack -- u/pid:10088/13579 -- state:started -- attr:AudioAttributes: usage=USAGE_MEDIA content=CONTENT_TYPE_SPEECH flags=0x800 tags= bundle=null
02-28 09:09:44.738  2666  3413 D Avrcp_ext: AudioManager isPlaying: true
02-28 09:09:44.738  2666  3413 V Avrcp_ext: updateCurrentMediaState: mMediaController: null
02-28 09:09:44.738  2666  3413 V Avrcp_ext: isMusicActive: true getBluetoothPlayState: 2
02-28 09:09:44.738 13511 13544 D NavServiceProvider: Detecting stop. distance_d=2007.1212. stop_type=1 speed=5.75
02-28 09:09:44.738  2666  3413 V Avrcp_ext: updateCurrentMediaState: isPlaying = false
02-28 09:09:44.738 13511 13544 D NavigationTest: 52: (28.050479, -82.416107, 5.750000)	R:false  F:false
02-28 09:09:44.738 13511 13544 D NavigationTest: 53: (28.050479, -82.416107, 5.750000)	R:false  F:false
02-28 09:09:44.738 13511 13544 D NavServiceProvider: Second to last stop coordinates: 28.065622, -82.427307
02-28 09:09:44.738 13511 13544 D NavServiceProvider: Setting units automatically
02-28 09:09:44.739  2666  3413 V Avrcp_ext: Media update: id -1➡-1? [MediaAttributes: none] : [MediaAttributes: none]
02-28 09:09:44.739  2666  3413 V Avrcp_ext: newPlayStatus:2mReportedPlayStatus:-1
02-28 09:09:44.739  2666  3413 V Avrcp_ext: updatePlaybackState, state: PlaybackState {state=2, position=-1, buffered position=0, speed=0.0, updated=1788070, actions=0, custom actions=[], active item id=-1, error=null} device: null
02-28 09:09:44.739  2666  3413 V Avrcp_ext: Device: no name:
02-28 09:09:44.739  2666  3413 I chatty  : uid=1002(bluetooth) BluetoothAvrcpH identical 3 lines
02-28 09:09:44.739  2666  3413 V Avrcp_ext: Device: no name:
02-28 09:09:44.739  2666  3413 V Avrcp_ext: updatePlayerStateAndPosition, old=PlaybackState {state=2, position=-1, buffered position=0, speed=0.0, updated=1787951, actions=0, custom actions=[], active item id=-1, error=null}, state=PlaybackState {state=2, position=-1, buffered position=0, speed=0.0, updated=1788070, actions=0, custom actions=[], active item id=-1, error=null}
02-28 09:09:44.739  2666  3413 V Avrcp_ext: old state = PlaybackState {state=2, position=-1, buffered position=0, speed=0.0, updated=1787951, actions=0, custom actions=[], active item id=-1, error=null}, new state= PlaybackState {state=2, position=-1, buffered position=0, speed=0.0, updated=1788070, actions=0, custom actions=[], active item id=-1, error=null}
02-28 09:09:44.740  2666  3413 D HeadsetService: getHeadsetService(): returning com.android.bluetooth.hfp.HeadsetService@8a04d28
02-28 09:09:44.740 13511 13544 D NavServiceProvider: Detecting stop. distance_d=2003.5088. stop_type=1 speed=5.0
02-28 09:09:44.740 13511 13544 D NavigationTest: 54: (28.050518, -82.416107, 5.000000)	R:false  F:false
02-28 09:09:44.740 13511 13544 D NavigationTest: 55: (28.050518, -82.416107, 5.000000)	R:false  F:false
02-28 09:09:44.740 13511 13544 D NavServiceProvider: Second to last stop coordinates: 28.065622, -82.427307
02-28 09:09:44.740  2666  3413 D HeadsetService:  isAudioOn: The number of audio connected devices 0
02-28 09:09:44.740  2666  3413 D HeadsetService: isScoOrCallActive(): Call Active:falseCall is Ringing:falseSCO is Active:false
02-28 09:09:44.740  2666  3413 D HeadsetService:  isAudioOn: The number of audio connected devices 0
02-28 09:09:44.740  2666  3413 I Avrcp_ext: updatePlayStatusForDevice: device: null
02-28 09:09:44.740 13511 13544 D NavServiceProvider: Setting units automatically
02-28 09:09:44.740  2666  3413 V Avrcp_ext: updatePlaybackState (1): old=PlaybackState {state=2, position=-1, buffered position=0, speed=0.0, updated=1787951, actions=0, custom actions=[], active item id=-1, error=null}(2), new=PlaybackState {state=2, position=-1, buffered position=0, speed=0.0, updated=1788070, actions=0, custom actions=[], active item id=-1, error=null}(2)
02-28 09:09:44.740  2666  3413 I Avrcp_ext: Exit updatePlayStatusForDevice
02-28 09:09:44.740  2666  3413 D HeadsetService:  isAudioOn: The number of audio connected devices 0
02-28 09:09:44.741  2666  3413 D HeadsetService: isScoOrCallActive(): Call Active:falseCall is Ringing:falseSCO is Active:false
02-28 09:09:44.741  2666  3413 D HeadsetService:  isAudioOn: The number of audio connected devices 0
02-28 09:09:44.741  2666  3413 I Avrcp_ext: updatePlayStatusForDevice: device: null
02-28 09:09:44.741  2666  3413 V Avrcp_ext: updatePlaybackState (1): old=PlaybackState {state=2, position=-1, buffered position=0, speed=0.0, updated=1787951, actions=0, custom actions=[], active item id=-1, error=null}(2), new=PlaybackState {state=2, position=-1, buffered position=0, speed=0.0, updated=1788070, actions=0, custom actions=[], active item id=-1, error=null}(2)
02-28 09:09:44.741  2666  3413 I Avrcp_ext: Exit updatePlayStatusForDevice
02-28 09:09:44.741  2666  3413 D HeadsetService:  isAudioOn: The number of audio connected devices 0
02-28 09:09:44.741  2666  3413 D HeadsetService: isScoOrCallActive(): Call Active:falseCall is Ringing:falseSCO is Active:false
02-28 09:09:44.741 13511 13544 D NavServiceProvider: Detecting stop. distance_d=1998.7717. stop_type=1 speed=5.0
02-28 09:09:44.741  2666  3413 D HeadsetService:  isAudioOn: The number of audio connected devices 0
02-28 09:09:44.741 13511 13544 D NavigationTest: 56: (28.050561, -82.416121, 5.000000)	R:false  F:false
02-28 09:09:44.741  2666  3413 I Avrcp_ext: updatePlayStatusForDevice: device: null
02-28 09:09:44.741 13511 13544 D NavServiceProvider: Second to last stop coordinates: 28.065622, -82.427307
02-28 09:09:44.742  2666  3413 V Avrcp_ext: updatePlaybackState (1): old=PlaybackState {state=2, position=-1, buffered position=0, speed=0.0, updated=1787951, actions=0, custom actions=[], active item id=-1, error=null}(2), new=PlaybackState {state=2, position=-1, buffered position=0, speed=0.0, updated=1788070, actions=0, custom actions=[], active item id=-1, error=null}(2)
02-28 09:09:44.742  2666  3413 I Avrcp_ext: Exit updatePlayStatusForDevice
02-28 09:09:44.742  2666  3413 D HeadsetService:  isAudioOn: The number of audio connected devices 0
02-28 09:09:44.742  2666  3413 D HeadsetService: isScoOrCallActive(): Call Active:falseCall is Ringing:falseSCO is Active:false
02-28 09:09:44.742 13511 13544 D NavServiceProvider: Setting units automatically
02-28 09:09:44.742  2666  3413 D HeadsetService:  isAudioOn: The number of audio connected devices 0
02-28 09:09:44.742  2666  3413 I Avrcp_ext: updatePlayStatusForDevice: device: null
02-28 09:09:44.742  2666  3413 V Avrcp_ext: updatePlaybackState (1): old=PlaybackState {state=2, position=-1, buffered position=0, speed=0.0, updated=1787951, actions=0, custom actions=[], active item id=-1, error=null}(2), new=PlaybackState {state=2, position=-1, buffered position=0, speed=0.0, updated=1788070, actions=0, custom actions=[], active item id=-1, error=null}(2)
02-28 09:09:44.742  2666  3413 I Avrcp_ext: Exit updatePlayStatusForDevice
02-28 09:09:44.742  2666  3413 D HeadsetService:  isAudioOn: The number of audio connected devices 0
02-28 09:09:44.742  2666  3413 D HeadsetService: isScoOrCallActive(): Call Active:falseCall is Ringing:falseSCO is Active:false
02-28 09:09:44.742  2666  3413 D HeadsetService:  isAudioOn: The number of audio connected devices 0
02-28 09:09:44.742  2666  3413 I Avrcp_ext: updatePlayStatusForDevice: device: null
02-28 09:09:44.743  2666  3413 V Avrcp_ext: updatePlaybackState (1): old=PlaybackState {state=2, position=-1, buffered position=0, speed=0.0, updated=1787951, actions=0, custom actions=[], active item id=-1, error=null}(2), new=PlaybackState {state=2, position=-1, buffered position=0, speed=0.0, updated=1788070, actions=0, custom actions=[], active item id=-1, error=null}(2)
02-28 09:09:44.743  2666  3413 I Avrcp_ext: Exit updatePlayStatusForDevice
02-28 09:09:44.743  2666  3413 D Avrcp_ext: Enter sendPlayPosNotificationRsp
02-28 09:09:44.743  2666  3413 D Avrcp_ext: sendPlayPosNotificationRsp: Not registered or requesting.
02-28 09:09:44.743  2666  3413 D Avrcp_ext: Enter sendPlayPosNotificationRsp
02-28 09:09:44.743  2666  3413 D Avrcp_ext: sendPlayPosNotificationRsp: Not registered or requesting.
02-28 09:09:44.743  2666  3413 D Avrcp_ext: Enter sendPlayPosNotificationRsp
02-28 09:09:44.743  2666  3413 D Avrcp_ext: sendPlayPosNotificationRsp: Not registered or requesting.
02-28 09:09:44.743  2666  3413 D Avrcp_ext: Enter sendPlayPosNotificationRsp
02-28 09:09:44.743  2666  3413 D Avrcp_ext: sendPlayPosNotificationRsp: Not registered or requesting.
02-28 09:09:44.743  2666  3413 D Avrcp_ext: Enter sendPlayPosNotificationRsp
02-28 09:09:44.743  2666  3413 D Avrcp_ext: sendPlayPosNotificationRsp: Not registered or requesting.
02-28 09:09:44.743  2666  3413 V Avrcp_ext: Exit updatePlayerStateAndPosition
02-28 09:09:44.743 13511 13544 D NavServiceProvider: Detecting stop. distance_d=1992.5177. stop_type=1 speed=6.5
02-28 09:09:44.743 13511 13544 D NavigationTest: 57: (28.050621, -82.416134, 6.500000)	R:false  F:false
02-28 09:09:44.743 13511 13544 D NavigationTest: 58: (28.050621, -82.416134, 6.500000)	R:false  F:false
02-28 09:09:44.743 13511 13544 D NavServiceProvider: Second to last stop coordinates: 28.065622, -82.427307
02-28 09:09:44.743 13511 13544 D NavServiceProvider: Setting units automatically
02-28 09:09:44.745 13511 13544 D NavServiceProvider: Detecting stop. distance_d=1986.3052. stop_type=1 speed=7.5
02-28 09:09:44.745 13511 13544 D NavigationTest: 59: (28.050680, -82.416148, 7.500000)	R:false  F:false
02-28 09:09:44.745 13511 13544 D NavigationTest: 60: (28.050680, -82.416148, 7.500000)	R:false  F:false
02-28 09:09:44.745 13511 13544 D NavServiceProvider: Second to last stop coordinates: 28.065622, -82.427307
02-28 09:09:44.745 13511 13544 D NavServiceProvider: Setting units automatically
02-28 09:09:44.746 13511 13544 D NavServiceProvider: Detecting stop. distance_d=1979.2725. stop_type=1 speed=8.25
02-28 09:09:44.746 13511 13544 D NavigationTest: 61: (28.050755, -82.416150, 8.250000)	R:false  F:false
02-28 09:09:44.746 13511 13544 D NavServiceProvider: Second to last stop coordinates: 28.065622, -82.427307
02-28 09:09:44.747 13511 13544 D NavServiceProvider: Setting units automatically
02-28 09:09:44.748 13511 13544 D NavServiceProvider: Detecting stop. distance_d=1970.5894. stop_type=1 speed=9.75
02-28 09:09:44.748 13511 13544 D NavigationTest: 62: (28.050851, -82.416147, 9.750000)	R:false  F:false
02-28 09:09:44.748 13511 13544 D NavigationTest: 63: (28.050851, -82.416147, 9.750000)	R:false  F:false
02-28 09:09:44.748 13511 13544 D NavServiceProvider: Second to last stop coordinates: 28.065622, -82.427307
02-28 09:09:44.748 13511 13544 D NavServiceProvider: Setting units automatically
02-28 09:09:44.749 13511 13544 D NavServiceProvider: Detecting stop. distance_d=1962.8256. stop_type=1 speed=10.25
02-28 09:09:44.749 13511 13544 D NavigationTest: 64: (28.050939, -82.416141, 10.250000)	R:false  F:false
02-28 09:09:44.749 13511 13544 D NavServiceProvider: Second to last stop coordinates: 28.065622, -82.427307
02-28 09:09:44.750 13511 13544 D NavServiceProvider: Setting units automatically
02-28 09:09:44.751 13511 13544 D NavServiceProvider: Detecting stop. distance_d=1952.8419. stop_type=1 speed=11.5
02-28 09:09:44.751 13511 13544 D NavigationTest: 65: (28.051049, -82.416139, 11.500000)	R:false  F:false
02-28 09:09:44.751 13511 13544 D NavigationTest: 66: (28.051049, -82.416139, 11.500000)	R:false  F:false
02-28 09:09:44.751 13511 13544 D NavServiceProvider: Second to last stop coordinates: 28.065622, -82.427307
02-28 09:09:44.751 13511 13544 D NavServiceProvider: Setting units automatically
02-28 09:09:44.752 13511 13544 D NavServiceProvider: Detecting stop. distance_d=1941.9624. stop_type=1 speed=12.0
02-28 09:09:44.752 13511 13544 D NavigationTest: 67: (28.051163, -82.416147, 12.000000)	R:false  F:false
02-28 09:09:44.752 13511 13544 D NavigationTest: 68: (28.051163, -82.416147, 12.000000)	R:false  F:false
02-28 09:09:44.752 13511 13544 D NavServiceProvider: Second to last stop coordinates: 28.065622, -82.427307
02-28 09:09:44.753 13511 13544 D NavServiceProvider: Setting units automatically
02-28 09:09:44.753 13511 13544 D NavServiceProvider: Detecting stop. distance_d=1931.4749. stop_type=1 speed=12.25
02-28 09:09:44.754 13511 13544 D NavigationTest: 69: (28.051276, -82.416150, 12.250000)	R:false  F:false
02-28 09:09:44.754 13511 13544 D NavigationTest: 70: (28.051276, -82.416150, 12.250000)	R:false  F:false
02-28 09:09:44.754 13511 13544 D NavServiceProvider: Second to last stop coordinates: 28.065622, -82.427307
02-28 09:09:44.754 13511 13544 D NavServiceProvider: Setting units automatically
02-28 09:09:44.755 13511 13544 D NavServiceProvider: Detecting stop. distance_d=1919.2888. stop_type=1 speed=13.25
02-28 09:09:44.755 13511 13544 D NavigationTest: 71: (28.051403, -82.416161, 13.250000)	R:false  F:false
02-28 09:09:44.755 13511 13544 D NavServiceProvider: Second to last stop coordinates: 28.065622, -82.427307
02-28 09:09:44.755 13511 13544 D NavServiceProvider: Setting units automatically
02-28 09:09:44.756 13511 13544 D NavServiceProvider: Detecting stop. distance_d=1908.0225. stop_type=1 speed=13.5
02-28 09:09:44.756 13511 13544 D NavigationTest: 72: (28.051527, -82.416161, 13.500000)	R:false  F:false
02-28 09:09:44.756 13511 13544 D NavigationTest: 73: (28.051527, -82.416161, 13.500000)	R:false  F:false
02-28 09:09:44.756 13511 13544 D NavServiceProvider: Second to last stop coordinates: 28.065622, -82.427307
02-28 09:09:44.757 13511 13544 D NavServiceProvider: Setting units automatically
02-28 09:09:44.758 13511 13544 D NavServiceProvider: Detecting stop. distance_d=1896.7089. stop_type=1 speed=14.0
02-28 09:09:44.758 13511 13544 D NavigationTest: 74: (28.051650, -82.416164, 14.000000)	R:false  F:false
02-28 09:09:44.758 13511 13544 D NavServiceProvider: Second to last stop coordinates: 28.065622, -82.427307
02-28 09:09:44.758 13511 13544 D NavServiceProvider: Setting units automatically
02-28 09:09:44.759 13511 13544 D NavServiceProvider: Detecting stop. distance_d=1886.499. stop_type=1 speed=14.0
02-28 09:09:44.759 13511 13544 D NavigationTest: 75: (28.051751, -82.416183, 14.000000)	R:false  F:false
02-28 09:09:44.759 13511 13544 D NavigationTest: 76: (28.051751, -82.416183, 14.000000)	R:false  F:false
02-28 09:09:44.759 13511 13544 D NavigationTest: 77: (28.051751, -82.416183, 14.000000)	R:false  F:false
02-28 09:09:44.759 13511 13544 D NavServiceProvider: Second to last stop coordinates: 28.065622, -82.427307
02-28 09:09:44.760 13511 13544 D NavServiceProvider: Setting units automatically
02-28 09:09:44.761 13511 13544 D NavServiceProvider: Detecting stop. distance_d=1875.4434. stop_type=1 speed=14.0
02-28 09:09:44.761 13511 13544 D NavigationTest: 78: (28.051887, -82.416162, 14.000000)	R:false  F:false
02-28 09:09:44.761 13511 13544 D NavigationTest: 79: (28.051887, -82.416162, 14.000000)	R:false  F:false
02-28 09:09:44.761 13511 13544 D NavServiceProvider: Second to last stop coordinates: 28.065622, -82.427307
02-28 09:09:44.761 13511 13544 D NavServiceProvider: Setting units automatically
02-28 09:09:44.762 13511 13544 D NavServiceProvider: Detecting stop. distance_d=1863.4539. stop_type=1 speed=14.75
02-28 09:09:44.762 13511 13544 D NavigationTest: 80: (28.052007, -82.416183, 14.750000)	R:false  F:false
02-28 09:09:44.762 13511 13544 D NavigationTest: 81: (28.052007, -82.416183, 14.750000)	R:false  F:false
02-28 09:09:44.762 13511 13544 D NavServiceProvider: Second to last stop coordinates: 28.065622, -82.427307
02-28 09:09:44.762 13511 13544 D NavServiceProvider: Setting units automatically
02-28 09:09:44.763 13511 13544 D NavServiceProvider: Detecting stop. distance_d=1850.7394. stop_type=1 speed=14.5
02-28 09:09:44.763 13511 13544 D NavigationTest: 82: (28.052147, -82.416186, 14.500000)	R:false  F:false
02-28 09:09:44.763 13511 13544 D NavigationTest: 83: (28.052147, -82.416186, 14.500000)	R:false  F:false
02-28 09:09:44.763 13511 13544 D NavServiceProvider: Second to last stop coordinates: 28.065622, -82.427307
02-28 09:09:44.764 13511 13544 D NavServiceProvider: Setting units automatically
02-28 09:09:44.765 13511 13544 D NavServiceProvider: Detecting stop. distance_d=1839.1539. stop_type=1 speed=15.0
02-28 09:09:44.765 13511 13544 D NavigationTest: 84: (28.052284, -82.416175, 15.000000)	R:false  F:false
02-28 09:09:44.765 13511 13544 D NavServiceProvider: Second to last stop coordinates: 28.065622, -82.427307
02-28 09:09:44.765 13511 13544 D NavServiceProvider: Setting units automatically
02-28 09:09:44.766 13511 13544 D NavServiceProvider: Detecting stop. distance_d=1826.2385. stop_type=1 speed=14.5
02-28 09:09:44.766 13511 13544 D NavigationTest: 85: (28.052420, -82.416189, 14.500000)	R:false  F:false
02-28 09:09:44.766 13511 13544 D NavigationTest: 86: (28.052420, -82.416189, 14.500000)	R:false  F:false
02-28 09:09:44.766 13511 13544 D NavServiceProvider: Second to last stop coordinates: 28.065622, -82.427307
02-28 09:09:44.767 13511 13544 D NavServiceProvider: Setting units automatically
02-28 09:09:44.767 13511 13544 D NavServiceProvider: Detecting stop. distance_d=1813.774. stop_type=1 speed=16.0
02-28 09:09:44.768 13511 13544 D NavigationTest: 87: (28.052562, -82.416187, 16.000000)	R:false  F:false
02-28 09:09:44.768 13511 13544 D NavigationTest: 88: (28.052562, -82.416187, 16.000000)	R:false  F:false
02-28 09:09:44.768 13511 13544 D NavServiceProvider: Second to last stop coordinates: 28.065622, -82.427307
02-28 09:09:44.768 13511 13544 D NavServiceProvider: Setting units automatically
02-28 09:09:44.769 13511 13544 D NavServiceProvider: Detecting stop. distance_d=1800.4865. stop_type=1 speed=16.25
02-28 09:09:44.769 13511 13544 D NavigationTest: 89: (28.052718, -82.416179, 16.250000)	R:false  F:false
02-28 09:09:44.769 13511 13544 D NavServiceProvider: Second to last stop coordinates: 28.065622, -82.427307
02-28 09:09:44.769 13511 13544 D NavServiceProvider: Setting units automatically
02-28 09:09:44.770 13511 13544 D NavServiceProvider: Detecting stop. distance_d=1786.4524. stop_type=1 speed=16.25
02-28 09:09:44.770 13511 13544 D NavigationTest: 90: (28.052873, -82.416186, 16.250000)	R:false  F:false
02-28 09:09:44.770 13511 13544 D NavigationTest: 91: (28.052873, -82.416186, 16.250000)	R:false  F:false
02-28 09:09:44.770 13511 13544 D NavServiceProvider: Second to last stop coordinates: 28.065622, -82.427307
02-28 09:09:44.771 13511 13544 D NavServiceProvider: Setting units automatically
02-28 09:09:44.772 13511 13544 D NavServiceProvider: Detecting stop. distance_d=1772.8982. stop_type=1 speed=16.0
02-28 09:09:44.772 13511 13544 D NavigationTest: 92: (28.053028, -82.416186, 16.000000)	R:false  F:false
02-28 09:09:44.772 13511 13544 D NavigationTest: 93: (28.053028, -82.416186, 16.000000)	R:false  F:false
02-28 09:09:44.772 13511 13544 D NavServiceProvider: Second to last stop coordinates: 28.065622, -82.427307
02-28 09:09:44.772 13511 13544 D NavServiceProvider: Setting units automatically
02-28 09:09:44.773 13511 13544 D NavServiceProvider: Detecting stop. distance_d=1761.8304. stop_type=1 speed=15.5
02-28 09:09:44.774 13511 13544 D NavigationTest: 94: (28.053153, -82.416189, 15.500000)	R:false  F:false
02-28 09:09:44.774 13511 13544 D NavServiceProvider: Second to last stop coordinates: 28.065622, -82.427307
02-28 09:09:44.774 13511 13544 D NavServiceProvider: Setting units automatically
02-28 09:09:44.775 13511 13544 D NavServiceProvider: Detecting stop. distance_d=1750.2045. stop_type=1 speed=14.75
02-28 09:09:44.775 13511 13544 D NavigationTest: 95: (28.053292, -82.416182, 14.750000)	R:false  F:false
02-28 09:09:44.775   871   871 D msm8974_platform: platform_split_snd_device: snd_device(2) num devices(1) new_snd_devices(0)
02-28 09:09:44.775 13511 13544 D NavigationTest: 96: (28.053292, -82.416182, 14.750000)	R:false  F:false
02-28 09:09:44.775 13511 13544 D NavServiceProvider: Second to last stop coordinates: 28.065622, -82.427307
02-28 09:09:44.775 13511 13544 D NavServiceProvider: Setting units automatically
02-28 09:09:44.777 13511 13544 D NavServiceProvider: Detecting stop. distance_d=1737.6635. stop_type=1 speed=14.75
02-28 09:09:44.777 13511 13544 D NavigationTest: 97: (28.053438, -82.416181, 14.750000)	R:false  F:false
02-28 09:09:44.777 13511 13544 D NavigationTest: 98: (28.053438, -82.416181, 14.750000)	R:false  F:false
02-28 09:09:44.777 13511 13544 D NavServiceProvider: Second to last stop coordinates: 28.065622, -82.427307
02-28 09:09:44.777 13511 13544 D NavServiceProvider: Setting units automatically
02-28 09:09:44.778 13511 13544 D NavServiceProvider: Detecting stop. distance_d=1727.1079. stop_type=1 speed=14.25
02-28 09:09:44.778 13511 13544 D NavigationTest: 99: (28.053563, -82.416178, 14.250000)	R:false  F:false
02-28 09:09:44.778 13511 13544 D NavigationTest: 100: (28.053563, -82.416178, 14.250000)	R:false  F:false
02-28 09:09:44.778 13511 13544 D NavServiceProvider: Second to last stop coordinates: 28.065622, -82.427307
02-28 09:09:44.779 13511 13544 D NavServiceProvider: Setting units automatically
02-28 09:09:44.780 13511 13544 D NavServiceProvider: Detecting stop. distance_d=1716.7594. stop_type=1 speed=14.0
02-28 09:09:44.780 13511 13544 D NavigationTest: 101: (28.053692, -82.416167, 14.000000)	R:false  F:false
02-28 09:09:44.780 13511 13544 D NavServiceProvider: Second to last stop coordinates: 28.065622, -82.427307
02-28 09:09:44.780 13511 13544 D NavServiceProvider: Setting units automatically
02-28 09:09:44.781 13511 13544 D NavServiceProvider: Detecting stop. distance_d=1707.7622. stop_type=1 speed=13.75
02-28 09:09:44.781 13511 13544 D NavigationTest: 102: (28.053808, -82.416153, 13.750000)	R:false  F:false
02-28 09:09:44.781 13511 13544 D NavigationTest: 103: (28.053808, -82.416153, 13.750000)	R:false  F:false
02-28 09:09:44.781 13511 13544 D NavServiceProvider: Second to last stop coordinates: 28.065622, -82.427307
02-28 09:09:44.782 13511 13544 D NavServiceProvider: Setting units automatically
02-28 09:09:44.783 13511 13544 D NavServiceProvider: Detecting stop. distance_d=1700.5292. stop_type=1 speed=13.25
02-28 09:09:44.783 13511 13544 D NavigationTest: 104: (28.053909, -82.416132, 13.250000)	R:false  F:false
02-28 09:09:44.783 13511 13544 D NavigationTest: 105: (28.053909, -82.416132, 13.250000)	R:false  F:false
02-28 09:09:44.783 13511 13544 D NavServiceProvider: Second to last stop coordinates: 28.065622, -82.427307
02-28 09:09:44.783 13511 13544 D NavServiceProvider: Setting units automatically
02-28 09:09:44.784 13511 13544 D NavServiceProvider: Detecting stop. distance_d=1692.4502. stop_type=1 speed=11.5
02-28 09:09:44.784 13511 13544 D NavigationTest: 106: (28.054013, -82.416121, 11.500000)	R:false  F:false
02-28 09:09:44.784 13511 13544 D NavServiceProvider: Second to last stop coordinates: 28.065622, -82.427307
02-28 09:09:44.784 13511 13544 D NavServiceProvider: Setting units automatically
02-28 09:09:44.785 13511 13544 D NavServiceProvider: Detecting stop. distance_d=1688.426. stop_type=1 speed=10.0
02-28 09:09:44.785 13511 13544 D NavigationTest: 107: (28.054086, -82.416088, 10.000000)	R:false  F:false
02-28 09:09:44.785 13511 13544 D NavigationTest: 108: (28.054086, -82.416088, 10.000000)	R:false  F:false
02-28 09:09:44.786 13511 13544 D NavServiceProvider: Second to last stop coordinates: 28.065622, -82.427307
02-28 09:09:44.786 13511 13544 D NavServiceProvider: Setting units automatically
02-28 09:09:44.787 13511 13544 D NavServiceProvider: Detecting stop. distance_d=1687.2635. stop_type=1 speed=8.5
02-28 09:09:44.787 13511 13544 D NavigationTest: 109: (28.054136, -82.416041, 8.500000)	R:false  F:false
02-28 09:09:44.787 13511 13544 D NavigationTest: 110: (28.054136, -82.416041, 8.500000)	R:false  F:false
02-28 09:09:44.787 13511 13544 D NavServiceProvider: Second to last stop coordinates: 28.065622, -82.427307
02-28 09:09:44.787 13511 13544 D NavServiceProvider: Setting units automatically
02-28 09:09:44.788 13511 13544 D NavServiceProvider: Detecting stop. distance_d=1680.1967. stop_type=1 speed=8.0
02-28 09:09:44.788 13511 13544 D NavigationTest: 111: (28.054230, -82.416029, 8.000000)	R:false  F:false
02-28 09:09:44.788 13511 13544 D NavigationTest: 112: (28.054230, -82.416029, 8.000000)	R:false  F:false
02-28 09:09:44.788 13511 13544 D NavServiceProvider: Second to last stop coordinates: 28.065622, -82.427307
02-28 09:09:44.789 13511 13544 D NavServiceProvider: Setting units automatically
02-28 09:09:44.790 13511 13544 D NavServiceProvider: Detecting stop. distance_d=1680.075. stop_type=1 speed=6.75
02-28 09:09:44.790 13511 13544 D NavigationTest: 113: (28.054269, -82.415981, 6.750000)	R:false  F:false
02-28 09:09:44.790 13511 13544 D NavigationTest: 114: (28.054269, -82.415981, 6.750000)	R:false  F:false
02-28 09:09:44.790 13511 13544 D NavServiceProvider: Second to last stop coordinates: 28.065622, -82.427307
02-28 09:09:44.790 13511 13544 D NavServiceProvider: Setting units automatically
02-28 09:09:44.791 13511 13544 D NavServiceProvider: Detecting stop. distance_d=1679.0819. stop_type=1 speed=7.0
02-28 09:09:44.791 13511 13544 D NavigationTest: 115: (28.054322, -82.415929, 7.000000)	R:false  F:false
02-28 09:09:44.791 13511 13544 D NavigationTest: 116: (28.054322, -82.415929, 7.000000)	R:false  F:false
02-28 09:09:44.791 13511 13544 D NavServiceProvider: Second to last stop coordinates: 28.065622, -82.427307
02-28 09:09:44.792 13511 13544 D NavServiceProvider: Setting units automatically
02-28 09:09:44.793 13511 13544 D NavServiceProvider: Detecting stop. distance_d=1681.5166. stop_type=1 speed=7.25
02-28 09:09:44.793 13511 13544 D NavigationTest: 117: (28.054341, -82.415868, 7.250000)	R:false  F:false
02-28 09:09:44.793 13511 13544 D NavigationTest: 118: (28.054341, -82.415868, 7.250000)	R:false  F:false
02-28 09:09:44.793 13511 13544 D NavServiceProvider: Second to last stop coordinates: 28.065622, -82.427307
02-28 09:09:44.793 13511 13544 D NavServiceProvider: Setting units automatically
02-28 09:09:44.794 13511 13544 D NavServiceProvider: Detecting stop. distance_d=1683.9772. stop_type=1 speed=7.5
02-28 09:09:44.794 13511 13544 D NavigationTest: 119: (28.054372, -82.415792, 7.500000)	R:false  F:false
02-28 09:09:44.794 13511 13544 D NavigationTest: 120: (28.054372, -82.415792, 7.500000)	R:false  F:false
02-28 09:09:44.794 13511 13544 D NavServiceProvider: Second to last stop coordinates: 28.065622, -82.427307
02-28 09:09:44.794 13511 13544 D NavServiceProvider: Setting units automatically
02-28 09:09:44.795 13511 13544 D NavServiceProvider: Detecting stop. distance_d=1687.8075. stop_type=1 speed=8.0
02-28 09:09:44.795 13511 13544 D NavigationTest: 121: (28.054394, -82.415707, 8.000000)	R:false  F:false
02-28 09:09:44.795 13511 13544 D NavServiceProvider: Second to last stop coordinates: 28.065622, -82.427307
02-28 09:09:44.796 13511 13544 D NavServiceProvider: Setting units automatically
02-28 09:09:44.797 13511 13544 D NavServiceProvider: Detecting stop. distance_d=1687.9923. stop_type=1 speed=8.5
02-28 09:09:44.797 13511 13544 D NavigationTest: 122: (28.054458, -82.415626, 8.500000)	R:false  F:false
02-28 09:09:44.797 13511 13544 D NavigationTest: 123: (28.054458, -82.415626, 8.500000)	R:false  F:false
02-28 09:09:44.797 13511 13544 D NavServiceProvider: Second to last stop coordinates: 28.065622, -82.427307
02-28 09:09:44.797 13511 13544 D NavServiceProvider: Setting units automatically
02-28 09:09:44.798 13511 13544 D NavServiceProvider: Detecting stop. distance_d=1687.4637. stop_type=1 speed=9.0
02-28 09:09:44.798 13511 13544 D NavigationTest: 124: (28.054530, -82.415547, 9.000000)	R:false  F:false
02-28 09:09:44.798 13511 13544 D NavigationTest: 125: (28.054530, -82.415547, 9.000000)	R:false  F:false
02-28 09:09:44.798 13511 13544 D NavServiceProvider: Second to last stop coordinates: 28.065622, -82.427307
02-28 09:09:44.798 13511 13544 D NavServiceProvider: Setting units automatically
02-28 09:09:44.800 13511 13544 D NavServiceProvider: Detecting stop. distance_d=1692.2427. stop_type=1 speed=9.25
02-28 09:09:44.800 13511 13544 D NavigationTest: 126: (28.054552, -82.415450, 9.250000)	R:false  F:false
02-28 09:09:44.800 13511 13544 D NavigationTest: 127: (28.054552, -82.415450, 9.250000)	R:false  F:false
02-28 09:09:44.800 13511 13544 D NavServiceProvider: Second to last stop coordinates: 28.065622, -82.427307
02-28 09:09:44.800 13511 13544 D NavServiceProvider: Setting units automatically
02-28 09:09:44.801 13511 13544 D NavServiceProvider: Detecting stop. distance_d=1698.9985. stop_type=1 speed=9.75
02-28 09:09:44.801 13511 13544 D NavigationTest: 128: (28.054566, -82.415334, 9.750000)	R:false  F:false
02-28 09:09:44.801 13511 13544 D NavigationTest: 129: (28.054566, -82.415334, 9.750000)	R:false  F:false
02-28 09:09:44.801 13511 13544 D NavServiceProvider: Second to last stop coordinates: 28.065622, -82.427307
02-28 09:09:44.801 13511 13544 D NavServiceProvider: Setting units automatically
02-28 09:09:44.802 13511 13544 D NavServiceProvider: Detecting stop. distance_d=1711.3889. stop_type=1 speed=11.5
02-28 09:09:44.802 13511 13544 D NavigationTest: 130: (28.054571, -82.415147, 11.500000)	R:false  F:false
02-28 09:09:44.802 13511 13544 D NavServiceProvider: Second to last stop coordinates: 28.065622, -82.427307
02-28 09:09:44.803 13511 13544 D NavServiceProvider: Setting units automatically
02-28 09:09:44.804 13511 13544 D NavServiceProvider: Detecting stop. distance_d=1726.1887. stop_type=1 speed=12.75
02-28 09:09:44.804 13511 13544 D NavigationTest: 131: (28.054538, -82.414970, 12.750000)	R:false  F:false
02-28 09:09:44.804 13511 13544 D NavigationTest: 132: (28.054538, -82.414970, 12.750000)	R:false  F:false
02-28 09:09:44.804 13511 13544 D NavServiceProvider: Second to last stop coordinates: 28.065622, -82.427307
02-28 09:09:44.804 13511 13544 D NavServiceProvider: Setting units automatically
02-28 09:09:44.805 13511 13544 D NavServiceProvider: Detecting stop. distance_d=1739.9578. stop_type=1 speed=12.25
02-28 09:09:44.805 13511 13544 D NavigationTest: 133: (28.054458, -82.414862, 12.250000)	R:false  F:false
02-28 09:09:44.805 13511 13544 D NavigationTest: 134: (28.054458, -82.414862, 12.250000)	R:false  F:false
02-28 09:09:44.805 13511 13544 D NavServiceProvider: Second to last stop coordinates: 28.065622, -82.427307
02-28 09:09:44.806 13511 13544 D NavServiceProvider: Setting units automatically
02-28 09:09:44.806 13511 13544 D NavServiceProvider: Detecting stop. distance_d=1753.804. stop_type=1 speed=14.5
02-28 09:09:44.807 13511 13544 D NavigationTest: 135: (28.054496, -82.414620, 14.500000)	R:false  F:false
02-28 09:09:44.807 13511 13544 D NavigationTest: 136: (28.054496, -82.414620, 14.500000)	R:false  F:false
02-28 09:09:44.807 13511 13544 D NavServiceProvider: Second to last stop coordinates: 28.065622, -82.427307
02-28 09:09:44.807 13511 13544 D NavServiceProvider: Setting units automatically
02-28 09:09:44.808 13511 13544 D NavServiceProvider: Detecting stop. distance_d=1760.0879. stop_type=1 speed=12.75
02-28 09:09:44.808 13511 13544 D NavigationTest: 137: (28.054471, -82.414558, 12.750000)	R:false  F:false
02-28 09:09:44.808 13511 13544 D NavigationTest: 138: (28.054471, -82.414558, 12.750000)	R:false  F:false
02-28 09:09:44.808 13511 13544 D NavServiceProvider: Second to last stop coordinates: 28.065622, -82.427307
02-28 09:09:44.808 13511 13544 D NavServiceProvider: Setting units automatically
02-28 09:09:44.809 13511 13544 D NavServiceProvider: Detecting stop. distance_d=1771.9564. stop_type=1 speed=12.75
02-28 09:09:44.810 13511 13544 D NavigationTest: 139: (28.054441, -82.414422, 12.750000)	R:false  F:false
02-28 09:09:44.810 13511 13544 D NavServiceProvider: Second to last stop coordinates: 28.065622, -82.427307
02-28 09:09:44.810 13511 13544 D NavServiceProvider: Setting units automatically
02-28 09:09:44.811 13511 13544 D NavServiceProvider: Detecting stop. distance_d=1776.301. stop_type=1 speed=12.25
02-28 09:09:44.811 13511 13544 D NavigationTest: 140: (28.054498, -82.414298, 12.250000)	R:false  F:false
02-28 09:09:44.811 13511 13544 D NavigationTest: 141: (28.054498, -82.414298, 12.250000)	R:false  F:false
02-28 09:09:44.811 13511 13544 D NavServiceProvider: Second to last stop coordinates: 28.065622, -82.427307
02-28 09:09:44.811 13511 13544 D NavServiceProvider: Setting units automatically
02-28 09:09:44.812 13511 13544 D NavServiceProvider: Detecting stop. distance_d=1779.2101. stop_type=1 speed=11.75
02-28 09:09:44.813 13511 13544 D NavigationTest: 142: (28.054548, -82.414203, 11.750000)	R:false  F:false
02-28 09:09:44.813 13511 13544 D NavigationTest: 143: (28.054548, -82.414203, 11.750000)	R:false  F:false
02-28 09:09:44.813 13511 13544 D NavServiceProvider: Second to last stop coordinates: 28.065622, -82.427307
