02-28 09:09:53.574 13511 13544 I TestRunner: started: testTrip4C(org.onebusaway.android.nav.test.NavigationTest)
02-28 09:09:53.575 13511 13511 I MonitoringInstr: Activities that are still in CREATED to STOPPED: 0
02-28 09:09:53.584 13511 13544 D NavServiceProvider: Creating NavigationServiceProvider...
02-28 09:09:53.584 13511 13544 D NavServiceProvider: Starting navigation for service
02-28 09:09:53.584 13511 13544 D NavServiceProvider: ProximityCalculator initializing...
02-28 09:09:53.584 13511 13544 D NavServiceProvider: Initializing ProximityCalculator
02-28 09:09:53.584 13511 13544 D NavServiceProvider: Number of path links: 1
02-28 09:09:53.584 13511 13544 D NavServiceProvider: Second to last stop coordinates: 28.059186, -82.536
02-28 09:09:53.584 13511 13544 D NavServiceProvider: Setting units automatically
02-28 09:09:53.586 13511 13544 D NavServiceProvider: Detecting stop. distance_d=2763.2083. stop_type=1 speed=0.0
02-28 09:09:53.586 13511 13544 D NavigationTest: 0: (28.044012, -82.513698, 0.000000)	R:false  F:false
02-28 09:09:53.586 13511 13544 D NavServiceProvider: Second to last stop coordinates: 28.059186, -82.536
02-28 09:09:53.586 13511 13544 D NavServiceProvider: Setting units automatically
02-28 09:09:53.588 13511 13544 D NavServiceProvider: Detecting stop. distance_d=2763.2083. stop_type=1 speed=0.0
02-28 09:09:53.588 13511 13544 D NavigationTest: 1: (28.044012, -82.513698, 0.000000)	R:false  F:false
02-28 09:09:53.588 13511 13544 D NavigationTest: 2: (28.044012, -82.513698, 0.000000)	R:false  F:false
02-28 09:09:53.588 13511 13544 D NavServiceProvider: Second to last stop coordinates: 28.059186, -82.536
02-28 09:09:53.588 13511 13544 D NavServiceProvider: Setting units automatically
02-28 09:09:53.589 13511 13544 D NavServiceProvider: Detecting stop. distance_d=2672.1274. stop_type=1 speed=12.910015
02-28 09:09:53.589 13511 13544 D NavigationTest: 3: (28.044724, -82.514252, 12.910015)	R:false  F:false
02-28 09:09:53.589 13511 13544 D NavigationTest: 4: (28.044724, -82.514252, 12.910015)	R:false  F:false
02-28 09:09:53.590 13511 13544 D NavServiceProvider: Second to last stop coordinates: 28.059186, -82.536
02-28 09:09:53.590 13511 13544 D NavServiceProvider: Setting units automatically
02-28 09:09:53.591 13511 13544 D NavServiceProvider: Detecting stop. distance_d=2659.8313. stop_type=1 speed=13.810294
02-28 09:09:53.591 13511 13544 D NavigationTest: 5: (28.044793, -82.514350, 13.810294)	R:false  F:false
02-28 09:09:53.591 13511 13544 D NavigationTest: 6: (28.044793, -82.514350, 13.810294)	R:false  F:false
02-28 09:09:53.591 13511 13544 D NavServiceProvider: Second to last stop coordinates: 28.059186, -82.536
02-28 09:09:53.592 13511 13544 D NavServiceProvider: Setting units automatically
02-28 09:09:53.593 13511 13544 D NavServiceProvider: Detecting stop. distance_d=2645.3826. stop_type=1 speed=14.220088
02-28 09:09:53.593 13511 13544 D NavigationTest: 7: (28.044879, -82.514461, 14.220088)	R:false  F:false
02-28 09:09:53.593 13511 13544 D NavigationTest: 8: (28.044879, -82.514461, 14.220088)	R:false  F:false
02-28 09:09:53.593 13511 13544 D NavigationTest: 9: (28.044879, -82.514461, 14.220088)	R:false  F:false
02-28 09:09:53.593 13511 13544 D NavServiceProvider: Second to last stop coordinates: 28.059186, -82.536
02-28 09:09:53.593 13511 13544 D NavServiceProvider: Setting units automatically
02-28 09:09:53.595 13511 13544 D NavServiceProvider: Detecting stop. distance_d=2628.5713. stop_type=1 speed=15.160052
02-28 09:09:53.595 13511 13544 D NavigationTest: 10: (28.045003, -82.514570, 15.160052)	R:false  F:false
02-28 09:09:53.595 13511 13544 D NavigationTest: 11: (28.045003, -82.514570, 15.160052)	R:false  F:false
02-28 09:09:53.595 13511 13544 D NavServiceProvider: Second to last stop coordinates: 28.059186, -82.536
02-28 09:09:53.595 13511 13544 D NavServiceProvider: Setting units automatically
02-28 09:09:53.596 13511 13544 D NavServiceProvider: Detecting stop. distance_d=2613.1096. stop_type=1 speed=15.680004
02-28 09:09:53.596 13511 13544 D NavigationTest: 12: (28.045096, -82.514688, 15.680004)	R:false  F:false
02-28 09:09:53.596 13511 13544 D NavServiceProvider: Second to last stop coordinates: 28.059186, -82.536
02-28 09:09:53.597 13511 13544 D NavServiceProvider: Setting units automatically
02-28 09:09:53.598 13511 13544 D NavServiceProvider: Detecting stop. distance_d=2598.2668. stop_type=1 speed=15.980012
02-28 09:09:53.598 13511 13544 D NavigationTest: 13: (28.045188, -82.514799, 15.980012)	R:false  F:false
02-28 09:09:53.598 13511 13544 D NavigationTest: 14: (28.045188, -82.514799, 15.980012)	R:false  F:false
02-28 09:09:53.598 13511 13544 D NavServiceProvider: Second to last stop coordinates: 28.059186, -82.536
02-28 09:09:53.598 13511 13544 D NavServiceProvider: Setting units automatically
02-28 09:09:53.599 13511 13544 D NavServiceProvider: Detecting stop. distance_d=2582.5317. stop_type=1 speed=16.46
02-28 09:09:53.599 13511 13544 D NavigationTest: 15: (28.045278, -82.514923, 16.459999)	R:false  F:false
02-28 09:09:53.599 13511 13544 D NavigationTest: 16: (28.045278, -82.514923, 16.459999)	R:false  F:false
02-28 09:09:53.599 13511 13544 D NavServiceProvider: Second to last stop coordinates: 28.059186, -82.536
02-28 09:09:53.600 13511 13544 D NavServiceProvider: Setting units automatically
02-28 09:09:53.601 13511 13544 D NavServiceProvider: Detecting stop. distance_d=2565.1592. stop_type=1 speed=16.640003
02-28 09:09:53.601 13511 13544 D NavigationTest: 17: (28.045388, -82.515051, 16.640003)	R:false  F:false
02-28 09:09:53.601 13511 13544 D NavServiceProvider: Second to last stop coordinates: 28.059186, -82.536
02-28 09:09:53.601 13511 13544 D NavServiceProvider: Setting units automatically
02-28 09:09:53.602 13511 13544 D NavServiceProvider: Detecting stop. distance_d=2547.722. stop_type=1 speed=16.990026
02-28 09:09:53.602 13511 13544 D NavigationTest: 18: (28.045505, -82.515174, 16.990026)	R:false  F:false
02-28 09:09:53.602 13511 13544 D NavigationTest: 19: (28.045505, -82.515174, 16.990026)	R:false  F:false
02-28 09:09:53.602 13511 13544 D NavServiceProvider: Second to last stop coordinates: 28.059186, -82.536
02-28 09:09:53.603 13511 13544 D NavServiceProvider: Setting units automatically
02-28 09:09:53.604 13511 13544 D NavServiceProvider: Detecting stop. distance_d=2530.1963. stop_type=1 speed=17.010424
02-28 09:09:53.604 13511 13544 D NavigationTest: 20: (28.045615, -82.515304, 17.010424)	R:false  F:false
02-28 09:09:53.604 13511 13544 D NavServiceProvider: Second to last stop coordinates: 28.059186, -82.536
02-28 09:09:53.605 13511 13544 D NavServiceProvider: Setting units automatically
02-28 09:09:53.606 13511 13544 D NavServiceProvider: Detecting stop. distance_d=2513.094. stop_type=1 speed=16.900295
02-28 09:09:53.606 13511 13544 D NavigationTest: 21: (28.045721, -82.515432, 16.900295)	R:false  F:false
02-28 09:09:53.606 13511 13544 D NavigationTest: 22: (28.045721, -82.515432, 16.900295)	R:false  F:false
02-28 09:09:53.606 13511 13544 D NavServiceProvider: Second to last stop coordinates: 28.059186, -82.536
02-28 09:09:53.607 13511 13544 D NavServiceProvider: Setting units automatically
02-28 09:09:53.609 13511 13544 D NavServiceProvider: Detecting stop. distance_d=2496.059. stop_type=1 speed=16.890001
02-28 09:09:53.609 13511 13544 D NavigationTest: 23: (28.045826, -82.515560, 16.890001)	R:false  F:false
02-28 09:09:53.609 13511 13544 D NavigationTest: 24: (28.045826, -82.515560, 16.890001)	R:false  F:false
02-28 09:09:53.609 13511 13544 D NavServiceProvider: Second to last stop coordinates: 28.059186, -82.536
02-28 09:09:53.609 13511 13544 D NavServiceProvider: Setting units automatically
02-28 09:09:53.611 13511 13544 D NavServiceProvider: Detecting stop. distance_d=2480.911. stop_type=1 speed=16.36
02-28 09:09:53.611 13511 13544 D NavigationTest: 25: (28.045924, -82.515670, 16.360001)	R:false  F:false
02-28 09:09:53.611 13511 13544 D NavigationTest: 26: (28.045924, -82.515670, 16.360001)	R:false  F:false
02-28 09:09:53.611 13511 13544 D NavServiceProvider: Second to last stop coordinates: 28.059186, -82.536
02-28 09:09:53.611 13511 13544 D NavServiceProvider: Setting units automatically
02-28 09:09:53.613 13511 13544 D NavServiceProvider: Detecting stop. distance_d=2462.3875. stop_type=1 speed=17.08
02-28 09:09:53.613 13511 13544 D NavigationTest: 27: (28.046030, -82.515816, 17.080000)	R:false  F:false
02-28 09:09:53.613 13511 13544 D NavServiceProvider: Second to last stop coordinates: 28.059186, -82.536
02-28 09:09:53.613 13511 13544 D NavServiceProvider: Setting units automatically
02-28 09:09:53.614 13511 13544 D NavServiceProvider: Detecting stop. distance_d=2440.9705. stop_type=1 speed=18.3601
02-28 09:09:53.614 13511 13544 D NavigationTest: 28: (28.046162, -82.515977, 18.360100)	R:false  F:false
02-28 09:09:53.614 13511 13544 D NavigationTest: 29: (28.046162, -82.515977, 18.360100)	R:false  F:false
02-28 09:09:53.614 13511 13544 D NavServiceProvider: Second to last stop coordinates: 28.059186, -82.536
02-28 09:09:53.615 13511 13544 D NavServiceProvider: Setting units automatically
02-28 09:09:53.616 13511 13544 D NavServiceProvider: Detecting stop. distance_d=2426.6868. stop_type=1 speed=16.77
02-28 09:09:53.616 13511 13544 D NavigationTest: 30: (28.046259, -82.516077, 16.770000)	R:false  F:false
02-28 09:09:53.616 13511 13544 D NavServiceProvider: Second to last stop coordinates: 28.059186, -82.536
02-28 09:09:53.616 13511 13544 D NavServiceProvider: Setting units automatically
02-28 09:09:53.618 13511 13544 D NavServiceProvider: Detecting stop. distance_d=2410.7065. stop_type=1 speed=16.760004
02-28 09:09:53.618 13511 13544 D NavigationTest: 31: (28.046365, -82.516191, 16.760004)	R:false  F:false
02-28 09:09:53.618 13511 13544 D NavigationTest: 32: (28.046365, -82.516191, 16.760004)	R:false  F:false
02-28 09:09:53.618 13511 13544 D NavServiceProvider: Second to last stop coordinates: 28.059186, -82.536
02-28 09:09:53.618 13511 13544 D NavServiceProvider: Setting units automatically
02-28 09:09:53.619 13511 13544 D NavServiceProvider: Detecting stop. distance_d=2394.6953. stop_type=1 speed=16.64001
02-28 09:09:53.619 13511 13544 D NavigationTest: 33: (28.046463, -82.516312, 16.640011)	R:false  F:false
02-28 09:09:53.620 13511 13544 D NavServiceProvider: Second to last stop coordinates: 28.059186, -82.536
02-28 09:09:53.620 13511 13544 D NavServiceProvider: Setting units automatically
02-28 09:09:53.621 13511 13544 D NavServiceProvider: Detecting stop. distance_d=2378.453. stop_type=1 speed=16.120014
02-28 09:09:53.621 13511 13544 D NavigationTest: 34: (28.046578, -82.516422, 16.120014)	R:false  F:false
02-28 09:09:53.621 13511 13544 D NavigationTest: 35: (28.046578, -82.516422, 16.120014)	R:false  F:false
02-28 09:09:53.621 13511 13544 D NavServiceProvider: Second to last stop coordinates: 28.059186, -82.536
02-28 09:09:53.622 13511 13544 D NavServiceProvider: Setting units automatically
02-28 09:09:53.623 13511 13544 D NavServiceProvider: Detecting stop. distance_d=2362.0625. stop_type=1 speed=16.790298
02-28 09:09:53.623 13511 13544 D NavigationTest: 36: (28.046677, -82.516547, 16.790298)	R:false  F:false
02-28 09:09:53.623 13511 13544 D NavServiceProvider: Second to last stop coordinates: 28.059186, -82.536
02-28 09:09:53.624 13511 13544 D NavServiceProvider: Setting units automatically
02-28 09:09:53.625 13511 13544 D NavServiceProvider: Detecting stop. distance_d=2344.8733. stop_type=1 speed=16.59146
02-28 09:09:53.625 13511 13544 D NavigationTest: 37: (28.046792, -82.516669, 16.591459)	R:false  F:false
02-28 09:09:53.625 13511 13544 D NavigationTest: 38: (28.046792, -82.516669, 16.591459)	R:false  F:false
02-28 09:09:53.625 13511 13544 D NavServiceProvider: Second to last stop coordinates: 28.059186, -82.536
02-28 09:09:53.626 13511 13544 D NavServiceProvider: Setting units automatically
02-28 09:09:53.627 13511 13544 D NavServiceProvider: Detecting stop. distance_d=2326.4177. stop_type=1 speed=17.101416
02-28 09:09:53.627 13511 13544 D NavigationTest: 39: (28.046902, -82.516811, 17.101416)	R:false  F:false
02-28 09:09:53.627 13511 13544 D NavServiceProvider: Second to last stop coordinates: 28.059186, -82.536
02-28 09:09:53.627 13511 13544 D NavServiceProvider: Setting units automatically
02-28 09:09:53.628 13579 13612 W EventProcessor: callback.start() returned error code: -1
02-28 09:09:53.628 13511 13544 D NavServiceProvider: Detecting stop. distance_d=2309.803. stop_type=1 speed=17.180943
02-28 09:09:53.629 13511 13544 D NavigationTest: 40: (28.047007, -82.516934, 17.180943)	R:false  F:false
02-28 09:09:53.629 13511 13544 D NavigationTest: 41: (28.047007, -82.516934, 17.180943)	R:false  F:false
02-28 09:09:53.629 13511 13544 D NavigationTest: 42: (28.047007, -82.516934, 17.180943)	R:false  F:false
02-28 09:09:53.629 13511 13544 D NavServiceProvider: Second to last stop coordinates: 28.059186, -82.536
02-28 09:09:53.629 13511 13544 D NavServiceProvider: Setting units automatically
02-28 09:09:53.631 13511 13544 D NavServiceProvider: Detecting stop. distance_d=2292.2136. stop_type=1 speed=17.571377
02-28 09:09:53.631 13511 13544 D NavigationTest: 43: (28.047116, -82.517066, 17.571377)	R:false  F:false
02-28 09:09:53.631 13511 13544 D NavigationTest: 44: (28.047116, -82.517066, 17.571377)	R:false  F:false
02-28 09:09:53.631 13511 13544 D NavServiceProvider: Second to last stop coordinates: 28.059186, -82.536
02-28 09:09:53.632 13511 13544 D NavServiceProvider: Setting units automatically
02-28 09:09:53.633 13511 13544 D NavServiceProvider: Detecting stop. distance_d=2273.4336. stop_type=1 speed=18.020226
02-28 09:09:53.633 13511 13544 D NavigationTest: 45: (28.047241, -82.517200, 18.020226)	R:false  F:false
02-28 09:09:53.633 13511 13544 D NavServiceProvider: Second to last stop coordinates: 28.059186, -82.536
02-28 09:09:53.633 13511 13544 D NavServiceProvider: Setting units automatically
02-28 09:09:53.634 13511 13544 D NavServiceProvider: Detecting stop. distance_d=2257.1907. stop_type=1 speed=17.601254
02-28 09:09:53.635 13511 13544 D NavigationTest: 46: (28.047359, -82.517308, 17.601254)	R:false  F:false
02-28 09:09:53.635 13511 13544 D NavigationTest: 47: (28.047359, -82.517308, 17.601254)	R:false  F:false
02-28 09:09:53.635 13511 13544 D NavServiceProvider: Second to last stop coordinates: 28.059186, -82.536
02-28 09:09:53.635 13511 13544 D NavServiceProvider: Setting units automatically
02-28 09:09:53.636 13511 13544 D NavServiceProvider: Detecting stop. distance_d=2239.691. stop_type=1 speed=17.620409
02-28 09:09:53.636 13511 13544 D NavigationTest: 48: (28.047473, -82.517435, 17.620409)	R:false  F:false
02-28 09:09:53.636 13511 13544 D NavServiceProvider: Second to last stop coordinates: 28.059186, -82.536
02-28 09:09:53.637 13511 13544 D NavServiceProvider: Setting units automatically
02-28 09:09:53.638 13511 13544 D NavServiceProvider: Detecting stop. distance_d=2221.779. stop_type=1 speed=17.600012
02-28 09:09:53.638 13511 13544 D NavigationTest: 49: (28.047596, -82.517560, 17.600012)	R:false  F:false
02-28 09:09:53.638 13511 13544 D NavigationTest: 50: (28.047596, -82.517560, 17.600012)	R:false  F:false
02-28 09:09:53.638 13511 13544 D NavServiceProvider: Second to last stop coordinates: 28.059186, -82.536
02-28 09:09:53.638 13511 13544 D NavServiceProvider: Setting units automatically
02-28 09:09:53.640 13511 13544 D NavServiceProvider: Detecting stop. distance_d=2202.6042. stop_type=1 speed=18.190025
02-28 09:09:53.640 13511 13544 D NavigationTest: 51: (28.047715, -82.517704, 18.190025)	R:false  F:false
02-28 09:09:53.640 13511 13544 D NavigationTest: 52: (28.047715, -82.517704, 18.190025)	R:false  F:false
02-28 09:09:53.640 13511 13544 D NavServiceProvider: Second to last stop coordinates: 28.059186, -82.536
02-28 09:09:53.640 13511 13544 D NavServiceProvider: Setting units automatically
02-28 09:09:53.642 13511 13544 D NavServiceProvider: Detecting stop. distance_d=2185.2764. stop_type=1 speed=18.150011
02-28 09:09:53.642 13511 13544 D NavigationTest: 53: (28.047824, -82.517833, 18.150011)	R:false  F:false
02-28 09:09:53.642 13511 13544 D NavigationTest: 54: (28.047824, -82.517833, 18.150011)	R:false  F:false
02-28 09:09:53.642 13511 13544 D NavServiceProvider: Second to last stop coordinates: 28.059186, -82.536
02-28 09:09:53.643 13511 13544 D NavServiceProvider: Setting units automatically
02-28 09:09:53.643 13579 13612 I GoogleTTSServiceImpl: Synthesis request for locale eng-USA and name en-US-language
02-28 09:09:53.644 13511 13544 D NavServiceProvider: Detecting stop. distance_d=2167.1836. stop_type=1 speed=18.220068
02-28 09:09:53.644 13511 13544 D NavigationTest: 55: (28.047940, -82.517966, 18.220068)	R:false  F:false
02-28 09:09:53.644 13511 13544 D NavigationTest: 56: (28.047940, -82.517966, 18.220068)	R:false  F:false
02-28 09:09:53.644 13511 13544 D NavServiceProvider: Second to last stop coordinates: 28.059186, -82.536
02-28 09:09:53.644 13579 13612 I GoogleTTSServiceImpl: TTS dispatch: en-us-x-iog-seanet-embedded
02-28 09:09:53.644 13511 13544 D NavServiceProvider: Setting units automatically
02-28 09:09:53.646 13511 13544 D NavServiceProvider: Detecting stop. distance_d=2148.2812. stop_type=1 speed=18.740023
02-28 09:09:53.646 13511 13544 D NavigationTest: 57: (28.048065, -82.518102, 18.740023)	R:false  F:false
02-28 09:09:53.646 13511 13544 D NavServiceProvider: Second to last stop coordinates: 28.059186, -82.536
02-28 09:09:53.646 13511 13544 D NavServiceProvider: Setting units automatically
02-28 09:09:53.647   871   871 D audio_hw_primary: adev_get_parameters:vr_audio_mode_on
02-28 09:09:53.647   871   871 I audio_hw_primary: getting vr mode to 0
02-28 09:09:53.647   871   871 D audio_hw_primary: adev_get_parameters: exit: returns - vr_audio_mode_on=false
02-28 09:09:53.647   959  1211 I hash_map_utils: key: 'vr_audio_mode_on' value: ''
02-28 09:09:53.647   959  1211 I AudioPolicyManagerCustom: VR mode is 0, switch to primary output if request is for fast|raw
02-28 09:09:53.647   959  1211 I AudioPolicyManagerCustom: setting force DEEP buffer now
02-28 09:09:53.647   959  1211 D AudioFlinger: Client defaulted notificationFrames to 2048 for frameCount 4096
02-28 09:09:53.647 13511 13544 D NavServiceProvider: Detecting stop. distance_d=2131.1653. stop_type=1 speed=18.790451
02-28 09:09:53.647 13511 13544 D NavigationTest: 58: (28.048181, -82.518223, 18.790451)	R:false  F:false
02-28 09:09:53.647 13511 13544 D NavigationTest: 59: (28.048181, -82.518223, 18.790451)	R:false  F:false
02-28 09:09:53.647 13511 13544 D NavServiceProvider: Second to last stop coordinates: 28.059186, -82.536
02-28 09:09:53.648 13511 13544 D NavServiceProvider: Setting units automatically
02-28 09:09:53.648   959  1211 D AF::TrackHandle: OpPlayAudio: track:224 usage:1 not muted
02-28 09:09:53.649 13511 13544 D NavServiceProvider: Detecting stop. distance_d=2114.056. stop_type=1 speed=18.930214
02-28 09:09:53.649 13511 13544 D NavigationTest: 60: (28.048297, -82.518344, 18.930214)	R:false  F:false
02-28 09:09:53.649 13511 13544 D NavigationTest: 61: (28.048297, -82.518344, 18.930214)	R:false  F:false
02-28 09:09:53.649 13511 13544 D NavServiceProvider: Second to last stop coordinates: 28.059186, -82.536
02-28 09:09:53.650 13511 13544 D NavServiceProvider: Setting units automatically
02-28 09:09:53.651 13511 13544 D NavServiceProvider: Detecting stop. distance_d=2094.8772. stop_type=1 speed=19.520657
02-28 09:09:53.651 13511 13544 D NavigationTest: 62: (28.048419, -82.518486, 19.520657)	R:false  F:false
02-28 09:09:53.651 13511 13544 D NavServiceProvider: Second to last stop coordinates: 28.059186, -82.536
02-28 09:09:53.651 13511 13544 D NavServiceProvider: Setting units automatically
02-28 09:09:53.652 13511 13544 D NavServiceProvider: Detecting stop. distance_d=2075.3894. stop_type=1 speed=19.340933
02-28 09:09:53.652 13511 13544 D NavigationTest: 63: (28.048537, -82.518635, 19.340933)	R:false  F:false
02-28 09:09:53.652 13511 13544 D NavigationTest: 64: (28.048537, -82.518635, 19.340933)	R:false  F:false
02-28 09:09:53.652 13511 13544 D NavServiceProvider: Second to last stop coordinates: 28.059186, -82.536
02-28 09:09:53.653 13511 13544 D NavServiceProvider: Setting units automatically
02-28 09:09:53.653  2666  3413 D Avrcp_ext: AudioManager Player: ID:23 -- type:android.media.SoundPool -- u/pid:10126/2688 -- state:idle -- attr:AudioAttributes: usage=USAGE_ASSISTANCE_SONIFICATION content=CONTENT_TYPE_SONIFICATION flags=0x800 tags= bundle=null
02-28 09:09:53.653  2666  3413 D Avrcp_ext: AudioManager Player: ID:1383 -- type:android.media.AudioTrack -- u/pid:10088/13579 -- state:started -- attr:AudioAttributes: usage=USAGE_MEDIA content=CONTENT_TYPE_SPEECH flags=0x800 tags= bundle=null
02-28 09:09:53.653  2666  3413 D Avrcp_ext: AudioManager isPlaying: true
02-28 09:09:53.653  2666  3413 V Avrcp_ext: updateCurrentMediaState: mMediaController: null
02-28 09:09:53.654 13511 13544 D NavServiceProvider: Detecting stop. distance_d=2055.9583. stop_type=1 speed=19.5805
02-28 09:09:53.654 13511 13544 D NavigationTest: 65: (28.048649, -82.518788, 19.580500)	R:false  F:false
02-28 09:09:53.654  2666  3413 V Avrcp_ext: isMusicActive: true getBluetoothPlayState: 2
02-28 09:09:53.654  2666  3413 V Avrcp_ext: updateCurrentMediaState: isPlaying = false
02-28 09:09:53.654 13511 13544 D NavigationTest: 66: (28.048649, -82.518788, 19.580500)	R:false  F:false
02-28 09:09:53.654 13511 13544 D NavServiceProvider: Second to last stop coordinates: 28.059186, -82.536
02-28 09:09:53.654  2666  3413 V Avrcp_ext: Media update: id -1➡-1? [MediaAttributes: none] : [MediaAttributes: none]
02-28 09:09:53.654  2666  3413 V Avrcp_ext: newPlayStatus:2mReportedPlayStatus:-1
02-28 09:09:53.654  2666  3413 V Avrcp_ext: updatePlaybackState, state: PlaybackState {state=2, position=-1, buffered position=0, speed=0.0, updated=1796985, actions=0, custom actions=[], active item id=-1, error=null} device: null
02-28 09:09:53.654  2666  3413 V Avrcp_ext: Device: no name:
02-28 09:09:53.654  2666  3413 I chatty  : uid=1002(bluetooth) BluetoothAvrcpH identical 3 lines
02-28 09:09:53.654  2666  3413 V Avrcp_ext: Device: no name:
02-28 09:09:53.654  2666  3413 V Avrcp_ext: updatePlayerStateAndPosition, old=PlaybackState {state=2, position=-1, buffered position=0, speed=0.0, updated=1796871, actions=0, custom actions=[], active item id=-1, error=null}, state=PlaybackState {state=2, position=-1, buffered position=0, speed=0.0, updated=1796985, actions=0, custom actions=[], active item id=-1, error=null}
02-28 09:09:53.654  2666  3413 V Avrcp_ext: old state = PlaybackState {state=2, position=-1, buffered position=0, speed=0.0, updated=1796871, actions=0, custom actions=[], active item id=-1, error=null}, new state= PlaybackState {state=2, position=-1, buffered position=0, speed=0.0, updated=1796985, actions=0, custom actions=[], active item id=-1, error=null}
02-28 09:09:53.654  2666  3413 D HeadsetService: getHeadsetService(): returning com.android.bluetooth.hfp.HeadsetService@8a04d28
02-28 09:09:53.654 13511 13544 D NavServiceProvider: Setting units automatically
02-28 09:09:53.655  2666  3413 D HeadsetService:  isAudioOn: The number of audio connected devices 0
02-28 09:09:53.655  2666  3413 D HeadsetService: isScoOrCallActive(): Call Active:falseCall is Ringing:falseSCO is Active:false
02-28 09:09:53.655  2666  3413 D HeadsetService:  isAudioOn: The number of audio connected devices 0
02-28 09:09:53.655  2666  3413 I Avrcp_ext: updatePlayStatusForDevice: device: null
02-28 09:09:53.655  2666  3413 V Avrcp_ext: updatePlaybackState (1): old=PlaybackState {state=2, position=-1, buffered position=0, speed=0.0, updated=1796871, actions=0, custom actions=[], active item id=-1, error=null}(2), new=PlaybackState {state=2, position=-1, buffered position=0, speed=0.0, updated=1796985, actions=0, custom actions=[], active item id=-1, error=null}(2)
02-28 09:09:53.655  2666  3413 I Avrcp_ext: Exit updatePlayStatusForDevice
02-28 09:09:53.655  2666  3413 D HeadsetService:  isAudioOn: The number of audio connected devices 0
02-28 09:09:53.655  2666  3413 D HeadsetService: isScoOrCallActive(): Call Active:falseCall is Ringing:falseSCO is Active:false
02-28 09:09:53.655 13511 13544 D NavServiceProvider: Detecting stop. distance_d=2035.072. stop_type=1 speed=19.980001
02-28 09:09:53.655  2666  3413 D HeadsetService:  isAudioOn: The number of audio connected devices 0
02-28 09:09:53.655  2666  3413 I Avrcp_ext: updatePlayStatusForDevice: device: null
02-28 09:09:53.656 13511 13544 D NavigationTest: 67: (28.048770, -82.518952, 19.980001)	R:false  F:false
02-28 09:09:53.656 13511 13544 D NavServiceProvider: Second to last stop coordinates: 28.059186, -82.536
02-28 09:09:53.656  2666  3413 V Avrcp_ext: updatePlaybackState (1): old=PlaybackState {state=2, position=-1, buffered position=0, speed=0.0, updated=1796871, actions=0, custom actions=[], active item id=-1, error=null}(2), new=PlaybackState {state=2, position=-1, buffered position=0, speed=0.0, updated=1796985, actions=0, custom actions=[], active item id=-1, error=null}(2)
02-28 09:09:53.656  2666  3413 I Avrcp_ext: Exit updatePlayStatusForDevice
02-28 09:09:53.656  2666  3413 D HeadsetService:  isAudioOn: The number of audio connected devices 0
02-28 09:09:53.656  2666  3413 D HeadsetService: isScoOrCallActive(): Call Active:falseCall is Ringing:falseSCO is Active:false
02-28 09:09:53.656  2666  3413 D HeadsetService:  isAudioOn: The number of audio connected devices 0
02-28 09:09:53.656  2666  3413 I Avrcp_ext: updatePlayStatusForDevice: device: null
02-28 09:09:53.656  2666  3413 V Avrcp_ext: updatePlaybackState (1): old=PlaybackState {state=2, position=-1, buffered position=0, speed=0.0, updated=1796871, actions=0, custom actions=[], active item id=-1, error=null}(2), new=PlaybackState {state=2, position=-1, buffered position=0, speed=0.0, updated=1796985, actions=0, custom actions=[], active item id=-1, error=null}(2)
02-28 09:09:53.656  2666  3413 I Avrcp_ext: Exit updatePlayStatusForDevice
02-28 09:09:53.656  2666  3413 D HeadsetService:  isAudioOn: The number of audio connected devices 0
02-28 09:09:53.656  2666  3413 D HeadsetService: isScoOrCallActive(): Call Active:falseCall is Ringing:falseSCO is Active:false
02-28 09:09:53.657  2666  3413 D HeadsetService:  isAudioOn: The number of audio connected devices 0
02-28 09:09:53.657  2666  3413 I Avrcp_ext: updatePlayStatusForDevice: device: null
02-28 09:09:53.657  2666  3413 V Avrcp_ext: updatePlaybackState (1): old=PlaybackState {state=2, position=-1, buffered position=0, speed=0.0, updated=1796871, actions=0, custom actions=[], active item id=-1, error=null}(2), new=PlaybackState {state=2, position=-1, buffered position=0, speed=0.0, updated=1796985, actions=0, custom actions=[], active item id=-1, error=null}(2)
02-28 09:09:53.657  2666  3413 I Avrcp_ext: Exit updatePlayStatusForDevice
02-28 09:09:53.657 13511 13544 D NavServiceProvider: Setting units automatically
02-28 09:09:53.657  2666  3413 D HeadsetService:  isAudioOn: The number of audio connected devices 0
02-28 09:09:53.657  2666  3413 D HeadsetService: isScoOrCallActive(): Call Active:falseCall is Ringing:falseSCO is Active:false
02-28 09:09:53.657  2666  3413 D HeadsetService:  isAudioOn: The number of audio connected devices 0
02-28 09:09:53.657  2666  3413 I Avrcp_ext: updatePlayStatusForDevice: device: null
02-28 09:09:53.657  2666  3413 V Avrcp_ext: updatePlaybackState (1): old=PlaybackState {state=2, position=-1, buffered position=0, speed=0.0, updated=1796871, actions=0, custom actions=[], active item id=-1, error=null}(2), new=PlaybackState {state=2, position=-1, buffered position=0, speed=0.0, updated=1796985, actions=0, custom actions=[], active item id=-1, error=null}(2)
02-28 09:09:53.657  2666  3413 I Avrcp_ext: Exit updatePlayStatusForDevice
02-28 09:09:53.657  2666  3413 D Avrcp_ext: Enter sendPlayPosNotificationRsp
02-28 09:09:53.657  2666  3413 D Avrcp_ext: sendPlayPosNotificationRsp: Not registered or requesting.
02-28 09:09:53.657  2666  3413 D Avrcp_ext: Enter sendPlayPosNotificationRsp
02-28 09:09:53.657  2666  3413 D Avrcp_ext: sendPlayPosNotificationRsp: Not registered or requesting.
02-28 09:09:53.657  2666  3413 D Avrcp_ext: Enter sendPlayPosNotificationRsp
02-28 09:09:53.657  2666  3413 D Avrcp_ext: sendPlayPosNotificationRsp: Not registered or requesting.
02-28 09:09:53.657  2666  3413 D Avrcp_ext: Enter sendPlayPosNotificationRsp
02-28 09:09:53.657  2666  3413 D Avrcp_ext: sendPlayPosNotificationRsp: Not registered or requesting.
02-28 09:09:53.657  2666  3413 D Avrcp_ext: Enter sendPlayPosNotificationRsp
02-28 09:09:53.657  2666  3413 D Avrcp_ext: sendPlayPosNotificationRsp: Not registered or requesting.
02-28 09:09:53.657  2666  3413 V Avrcp_ext: Exit updatePlayerStateAndPosition
02-28 09:09:53.658 13511 13544 D NavServiceProvider: Detecting stop. distance_d=2015.492. stop_type=1 speed=19.830002
02-28 09:09:53.658 13511 13544 D NavigationTest: 68: (28.048887, -82.519103, 19.830002)	R:false  F:false
02-28 09:09:53.658 13511 13544 D NavigationTest: 69: (28.048887, -82.519103, 19.830002)	R:false  F:false
02-28 09:09:53.658 13511 13544 D NavServiceProvider: Second to last stop coordinates: 28.059186, -82.536
02-28 09:09:53.658 13511 13544 D NavServiceProvider: Setting units automatically
02-28 09:09:53.660 13511 13544 D NavServiceProvider: Detecting stop. distance_d=1994.5654. stop_type=1 speed=20.15004
02-28 09:09:53.660 13511 13544 D NavigationTest: 70: (28.049010, -82.519266, 20.150040)	R:false  F:false
02-28 09:09:53.660 13511 13544 D NavigationTest: 71: (28.049010, -82.519266, 20.150040)	R:false  F:false
02-28 09:09:53.660 13511 13544 D NavServiceProvider: Second to last stop coordinates: 28.059186, -82.536
02-28 09:09:53.660 13511 13544 D NavServiceProvider: Setting units automatically
02-28 09:09:53.661 13511 13544 D NavServiceProvider: Detecting stop. distance_d=1973.5416. stop_type=1 speed=20.10001
02-28 09:09:53.661 13511 13544 D NavigationTest: 72: (28.049132, -82.519431, 20.100010)	R:false  F:false
02-28 09:09:53.661 13511 13544 D NavigationTest: 73: (28.049132, -82.519431, 20.100010)	R:false  F:false
02-28 09:09:53.661 13511 13544 D NavServiceProvider: Second to last stop coordinates: 28.059186, -82.536
02-28 09:09:53.662 13511 13544 D NavServiceProvider: Setting units automatically
02-28 09:09:53.663 13511 13544 D NavServiceProvider: Detecting stop. distance_d=1954.7628. stop_type=1 speed=20.190895
02-28 09:09:53.663 13511 13544 D NavigationTest: 74: (28.049235, -82.519583, 20.190895)	R:false  F:false
02-28 09:09:53.663 13511 13544 D NavigationTest: 75: (28.049235, -82.519583, 20.190895)	R:false  F:false
02-28 09:09:53.663 13511 13544 D NavServiceProvider: Second to last stop coordinates: 28.059186, -82.536
02-28 09:09:53.663 13511 13544 D NavServiceProvider: Setting units automatically
02-28 09:09:53.664 13511 13544 D NavServiceProvider: Detecting stop. distance_d=1934.067. stop_type=1 speed=20.230087
02-28 09:09:53.664 13511 13544 D NavigationTest: 76: (28.049357, -82.519744, 20.230087)	R:false  F:false
02-28 09:09:53.664 13511 13544 D NavigationTest: 77: (28.049357, -82.519744, 20.230087)	R:false  F:false
02-28 09:09:53.664 13511 13544 D NavigationTest: 78: (28.049357, -82.519744, 20.230087)	R:false  F:false
02-28 09:09:53.664 13511 13544 D NavServiceProvider: Second to last stop coordinates: 28.059186, -82.536
02-28 09:09:53.665 13511 13544 D NavServiceProvider: Setting units automatically
02-28 09:09:53.666 13511 13544 D NavServiceProvider: Detecting stop. distance_d=1914.111. stop_type=1 speed=20.340002
02-28 09:09:53.666 13511 13544 D NavigationTest: 79: (28.049475, -82.519899, 20.340002)	R:false  F:false
02-28 09:09:53.666 13511 13544 D NavigationTest: 80: (28.049475, -82.519899, 20.340002)	R:false  F:false
02-28 09:09:53.666 13511 13544 D NavServiceProvider: Second to last stop coordinates: 28.059186, -82.536
02-28 09:09:53.666 13511 13544 D NavServiceProvider: Setting units automatically
02-28 09:09:53.667 13511 13544 D NavServiceProvider: Detecting stop. distance_d=1892.148. stop_type=1 speed=20.781166
02-28 09:09:53.667 13511 13544 D NavigationTest: 81: (28.049590, -82.520081, 20.781166)	R:false  F:false
02-28 09:09:53.667 13511 13544 D NavigationTest: 82: (28.049590, -82.520081, 20.781166)	R:false  F:false
02-28 09:09:53.667 13511 13544 D NavServiceProvider: Second to last stop coordinates: 28.059186, -82.536
02-28 09:09:53.668 13511 13544 D NavServiceProvider: Setting units automatically
02-28 09:09:53.669 13511 13544 D NavServiceProvider: Detecting stop. distance_d=1871.4916. stop_type=1 speed=20.470001
02-28 09:09:53.669 13511 13544 D NavigationTest: 83: (28.049701, -82.520250, 20.470001)	R:false  F:false
02-28 09:09:53.669 13511 13544 D NavigationTest: 84: (28.049701, -82.520250, 20.470001)	R:false  F:false
02-28 09:09:53.669 13511 13544 D NavServiceProvider: Second to last stop coordinates: 28.059186, -82.536
02-28 09:09:53.669 13511 13544 D NavServiceProvider: Setting units automatically
02-28 09:09:53.670 13511 13544 D NavServiceProvider: Detecting stop. distance_d=1851.4777. stop_type=1 speed=20.1702
02-28 09:09:53.670 13511 13544 D NavigationTest: 85: (28.049820, -82.520405, 20.170200)	R:false  F:false
02-28 09:09:53.670 13511 13544 D NavServiceProvider: Second to last stop coordinates: 28.059186, -82.536
02-28 09:09:53.670 13511 13544 D NavServiceProvider: Setting units automatically
02-28 09:09:53.671 13511 13544 D NavServiceProvider: Detecting stop. distance_d=1831.0562. stop_type=1 speed=20.71087
02-28 09:09:53.671 13511 13544 D NavigationTest: 86: (28.049922, -82.520578, 20.710871)	R:false  F:false
02-28 09:09:53.672 13511 13544 D NavigationTest: 87: (28.049922, -82.520578, 20.710871)	R:false  F:false
02-28 09:09:53.672 13511 13544 D NavServiceProvider: Second to last stop coordinates: 28.059186, -82.536
02-28 09:09:53.672 13511 13544 D NavServiceProvider: Setting units automatically
02-28 09:09:53.673 13511 13544 D NavServiceProvider: Detecting stop. distance_d=1809.8619. stop_type=1 speed=21.350002
02-28 09:09:53.673 13511 13544 D NavigationTest: 88: (28.050043, -82.520746, 21.350002)	R:false  F:false
02-28 09:09:53.673 13511 13544 D NavigationTest: 89: (28.050043, -82.520746, 21.350002)	R:false  F:false
02-28 09:09:53.673 13511 13544 D NavServiceProvider: Second to last stop coordinates: 28.059186, -82.536
02-28 09:09:53.673 13511 13544 D NavServiceProvider: Setting units automatically
02-28 09:09:53.674 13511 13544 D NavServiceProvider: Detecting stop. distance_d=1789.713. stop_type=1 speed=21.180944
02-28 09:09:53.674 13511 13544 D NavigationTest: 90: (28.050159, -82.520905, 21.180944)	R:false  F:false
02-28 09:09:53.674 13511 13544 D NavServiceProvider: Second to last stop coordinates: 28.059186, -82.536
02-28 09:09:53.675 13511 13544 D NavServiceProvider: Setting units automatically
02-28 09:09:53.676 13511 13544 D NavServiceProvider: Detecting stop. distance_d=1768.315. stop_type=1 speed=21.220942
02-28 09:09:53.676 13511 13544 D NavigationTest: 91: (28.050286, -82.521071, 21.220942)	R:false  F:false
02-28 09:09:53.676 13511 13544 D NavigationTest: 92: (28.050286, -82.521071, 21.220942)	R:false  F:false
02-28 09:09:53.676 13511 13544 D NavServiceProvider: Second to last stop coordinates: 28.059186, -82.536
02-28 09:09:53.676 13511 13544 D NavServiceProvider: Setting units automatically
02-28 09:09:53.677 13511 13544 D NavServiceProvider: Detecting stop. distance_d=1747.1656. stop_type=1 speed=21.34006
02-28 09:09:53.677 13511 13544 D NavigationTest: 93: (28.050413, -82.521234, 21.340059)	R:false  F:false
02-28 09:09:53.677 13511 13544 D NavServiceProvider: Second to last stop coordinates: 28.059186, -82.536
02-28 09:09:53.677 13511 13544 D NavServiceProvider: Setting units automatically
02-28 09:09:53.678 13511 13544 D NavServiceProvider: Detecting stop. distance_d=1724.5685. stop_type=1 speed=21.490114
02-28 09:09:53.679 13511 13544 D NavigationTest: 94: (28.050545, -82.521411, 21.490114)	R:false  F:false
02-28 09:09:53.679 13511 13544 D NavigationTest: 95: (28.050545, -82.521411, 21.490114)	R:false  F:false
02-28 09:09:53.679 13511 13544 D NavServiceProvider: Second to last stop coordinates: 28.059186, -82.536
02-28 09:09:53.679 13511 13544 D NavServiceProvider: Setting units automatically
02-28 09:09:53.680 13511 13544 D NavServiceProvider: Detecting stop. distance_d=1701.6064. stop_type=1 speed=21.850082
02-28 09:09:53.680 13511 13544 D NavigationTest: 96: (28.050679, -82.521591, 21.850082)	R:false  F:false
02-28 09:09:53.680 13511 13544 D NavigationTest: 97: (28.050679, -82.521591, 21.850082)	R:false  F:false
02-28 09:09:53.680 13511 13544 D NavServiceProvider: Second to last stop coordinates: 28.059186, -82.536
02-28 09:09:53.680 13511 13544 D NavServiceProvider: Setting units automatically
02-28 09:09:53.681 13511 13544 D NavServiceProvider: Detecting stop. distance_d=1681.412. stop_type=1 speed=20.960037
02-28 09:09:53.681 13511 13544 D NavigationTest: 98: (28.050804, -82.521744, 20.960037)	R:false  F:false
02-28 09:09:53.681 13511 13544 D NavigationTest: 99: (28.050804, -82.521744, 20.960037)	R:false  F:false
02-28 09:09:53.682 13511 13544 D NavServiceProvider: Second to last stop coordinates: 28.059186, -82.536
02-28 09:09:53.682 13511 13544 D NavServiceProvider: Setting units automatically
02-28 09:09:53.683 13511 13544 D NavServiceProvider: Detecting stop. distance_d=1662.6096. stop_type=1 speed=20.25109
02-28 09:09:53.683 13511 13544 D NavigationTest: 100: (28.050909, -82.521895, 20.251089)	R:false  F:false
02-28 09:09:53.683 13511 13544 D NavServiceProvider: Second to last stop coordinates: 28.059186, -82.536
02-28 09:09:53.683 13511 13544 D NavServiceProvider: Setting units automatically
02-28 09:09:53.684 13511 13544 D NavServiceProvider: Detecting stop. distance_d=1641.852. stop_type=1 speed=20.320482
02-28 09:09:53.684 13511 13544 D NavigationTest: 101: (28.051038, -82.522052, 20.320482)	R:false  F:false
02-28 09:09:53.684 13511 13544 D NavigationTest: 102: (28.051038, -82.522052, 20.320482)	R:false  F:false
02-28 09:09:53.684 13511 13544 D NavServiceProvider: Second to last stop coordinates: 28.059186, -82.536
02-28 09:09:53.685 13511 13544 D NavServiceProvider: Setting units automatically
02-28 09:09:53.685 13511 13544 D NavServiceProvider: Detecting stop. distance_d=1623.7695. stop_type=1 speed=19.3
02-28 09:09:53.686 13511 13544 D NavigationTest: 103: (28.051138, -82.522198, 19.299999)	R:false  F:false
02-28 09:09:53.686 13511 13544 D NavServiceProvider: Second to last stop coordinates: 28.059186, -82.536
02-28 09:09:53.686 13511 13544 D NavServiceProvider: Setting units automatically
02-28 09:09:53.687 13511 13544 D NavServiceProvider: Detecting stop. distance_d=1604.3777. stop_type=1 speed=19.390009
02-28 09:09:53.687 13511 13544 D NavigationTest: 104: (28.051265, -82.522340, 19.390009)	R:false  F:false
02-28 09:09:53.687 13511 13544 D NavigationTest: 105: (28.051265, -82.522340, 19.390009)	R:false  F:false
02-28 09:09:53.687 13511 13544 D NavServiceProvider: Second to last stop coordinates: 28.059186, -82.536
02-28 09:09:53.687 13511 13544 D NavServiceProvider: Setting units automatically
02-28 09:09:53.688 13511 13544 D NavServiceProvider: Detecting stop. distance_d=1597.3665. stop_type=1 speed=13.771602
02-28 09:09:53.688 13511 13544 D NavigationTest: 106: (28.051287, -82.522409, 13.771602)	R:false  F:false
02-28 09:09:53.688 13511 13544 D NavigationTest: 107: (28.051287, -82.522409, 13.771602)	R:false  F:false
02-28 09:09:53.688 13511 13544 D NavServiceProvider: Second to last stop coordinates: 28.059186, -82.536
02-28 09:09:53.689 13511 13544 D NavServiceProvider: Setting units automatically
02-28 09:09:53.690 13511 13544 D NavServiceProvider: Detecting stop. distance_d=1584.3722. stop_type=1 speed=12.93
02-28 09:09:53.690 13511 13544 D NavigationTest: 108: (28.051371, -82.522505, 12.930000)	R:false  F:false
02-28 09:09:53.690 13511 13544 D NavigationTest: 109: (28.051371, -82.522505, 12.930000)	R:false  F:false
02-28 09:09:53.690 13511 13544 D NavServiceProvider: Second to last stop coordinates: 28.059186, -82.536
02-28 09:09:53.690 13511 13544 D NavServiceProvider: Setting units automatically
02-28 09:09:53.692 13511 13544 D NavServiceProvider: Detecting stop. distance_d=1571.8123. stop_type=1 speed=12.790063
02-28 09:09:53.692 13511 13544 D NavigationTest: 110: (28.051467, -82.522587, 12.790063)	R:false  F:false
02-28 09:09:53.692 13511 13544 D NavigationTest: 111: (28.051467, -82.522587, 12.790063)	R:false  F:false
02-28 09:09:53.692 13511 13544 D NavServiceProvider: Second to last stop coordinates: 28.059186, -82.536
02-28 09:09:53.692 13511 13544 D NavServiceProvider: Setting units automatically
02-28 09:09:53.692   871   871 D msm8974_platform: platform_split_snd_device: snd_device(2) num devices(1) new_snd_devices(0)
02-28 09:09:53.693 13511 13544 D NavServiceProvider: Detecting stop. distance_d=1559.4081. stop_type=1 speed=12.610015
02-28 09:09:53.693 13511 13544 D NavigationTest: 112: (28.051551, -82.522676, 12.610015)	R:false  F:false
02-28 09:09:53.693 13511 13544 D NavigationTest: 113: (28.051551, -82.522676, 12.610015)	R:false  F:false
02-28 09:09:53.693 13511 13544 D NavigationTest: 114: (28.051551, -82.522676, 12.610015)	R:false  F:false
02-28 09:09:53.693 13511 13544 D NavServiceProvider: Second to last stop coordinates: 28.059186, -82.536
02-28 09:09:53.694 13511 13544 D NavServiceProvider: Setting units automatically
02-28 09:09:53.695 13511 13544 D NavServiceProvider: Detecting stop. distance_d=1547.5519. stop_type=1 speed=12.410036
02-28 09:09:53.695 13511 13544 D NavigationTest: 115: (28.051637, -82.522757, 12.410036)	R:false  F:false
02-28 09:09:53.695 13511 13544 D NavServiceProvider: Second to last stop coordinates: 28.059186, -82.536
02-28 09:09:53.695 13511 13544 D NavServiceProvider: Setting units automatically
02-28 09:09:53.696 13511 13544 D NavServiceProvider: Detecting stop. distance_d=1534.6881. stop_type=1 speed=12.750004
02-28 09:09:53.696 13511 13544 D NavigationTest: 116: (28.051747, -82.522833, 12.750004)	R:false  F:false
02-28 09:09:53.696 13511 13544 D NavigationTest: 117: (28.051747, -82.522833, 12.750004)	R:false  F:false
02-28 09:09:53.696 13511 13544 D NavServiceProvider: Second to last stop coordinates: 28.059186, -82.536
02-28 09:09:53.696 13511 13544 D NavServiceProvider: Setting units automatically
02-28 09:09:53.697 13511 13544 D NavServiceProvider: Detecting stop. distance_d=1524.5885. stop_type=1 speed=12.09
02-28 09:09:53.697 13511 13544 D NavigationTest: 118: (28.051815, -82.522906, 12.090000)	R:false  F:false
02-28 09:09:53.698 13511 13544 D NavServiceProvider: Second to last stop coordinates: 28.059186, -82.536
02-28 09:09:53.698 13511 13544 D NavServiceProvider: Setting units automatically
02-28 09:09:53.699 13511 13544 D NavServiceProvider: Detecting stop. distance_d=1520.7937. stop_type=1 speed=9.670047
02-28 09:09:53.699 13511 13544 D NavigationTest: 119: (28.051823, -82.522946, 9.670047)	R:false  F:false
02-28 09:09:53.699 13511 13544 D NavigationTest: 120: (28.051823, -82.522946, 9.670047)	R:false  F:false
02-28 09:09:53.699 13511 13544 D NavServiceProvider: Second to last stop coordinates: 28.059186, -82.536
02-28 09:09:53.699 13511 13544 D NavServiceProvider: Setting units automatically
02-28 09:09:53.700 13511 13544 D NavServiceProvider: Detecting stop. distance_d=1519.7454. stop_type=1 speed=7.230028
02-28 09:09:53.700 13511 13544 D NavigationTest: 121: (28.051785, -82.522986, 7.230028)	R:false  F:false
02-28 09:09:53.701 13511 13544 D NavigationTest: 122: (28.051785, -82.522986, 7.230028)	R:false  F:false
02-28 09:09:53.701 13511 13544 D NavServiceProvider: Second to last stop coordinates: 28.059186, -82.536
02-28 09:09:53.701 13511 13544 D NavServiceProvider: Setting units automatically
02-28 09:09:53.702 13511 13544 D NavServiceProvider: Detecting stop. distance_d=1521.0255. stop_type=1 speed=5.260238
02-28 09:09:53.702 13511 13544 D NavigationTest: 123: (28.051765, -82.522985, 5.260238)	R:false  F:false
02-28 09:09:53.702 13511 13544 D NavServiceProvider: Second to last stop coordinates: 28.059186, -82.536
02-28 09:09:53.702 13511 13544 D NavServiceProvider: Setting units automatically
02-28 09:09:53.703 13511 13544 D NavServiceProvider: Detecting stop. distance_d=1516.0941. stop_type=1 speed=5.550577
02-28 09:09:53.703 13511 13544 D NavigationTest: 124: (28.051799, -82.523020, 5.550577)	R:false  F:false
02-28 09:09:53.703 13511 13544 D NavigationTest: 125: (28.051799, -82.523020, 5.550577)	R:false  F:false
02-28 09:09:53.703 13511 13544 D NavServiceProvider: Second to last stop coordinates: 28.059186, -82.536
02-28 09:09:53.704 13511 13544 D NavServiceProvider: Setting units automatically
02-28 09:09:53.705 13511 13544 D NavServiceProvider: Detecting stop. distance_d=1510.1582. stop_type=1 speed=6.880727
02-28 09:09:53.705 13511 13544 D NavigationTest: 126: (28.051818, -82.523078, 6.880727)	R:false  F:false
02-28 09:09:53.705 13511 13544 D NavigationTest: 127: (28.051818, -82.523078, 6.880727)	R:false  F:false
02-28 09:09:53.705 13511 13544 D NavServiceProvider: Second to last stop coordinates: 28.059186, -82.536
02-28 09:09:53.705 13511 13544 D NavServiceProvider: Setting units automatically
02-28 09:09:53.706 13511 13544 D NavServiceProvider: Detecting stop. distance_d=1503.3612. stop_type=1 speed=6.990028
02-28 09:09:53.706 13511 13544 D NavigationTest: 128: (28.051850, -82.523137, 6.990028)	R:false  F:false
02-28 09:09:53.706 13511 13544 D NavServiceProvider: Second to last stop coordinates: 28.059186, -82.536
02-28 09:09:53.706 13511 13544 D NavServiceProvider: Setting units automatically
02-28 09:09:53.707 13511 13544 D NavServiceProvider: Detecting stop. distance_d=1493.7261. stop_type=1 speed=8.900808
02-28 09:09:53.707 13511 13544 D NavigationTest: 129: (28.051899, -82.523218, 8.900808)	R:false  F:false
02-28 09:09:53.707 13511 13544 D NavigationTest: 130: (28.051899, -82.523218, 8.900808)	R:false  F:false
02-28 09:09:53.707 13511 13544 D NavServiceProvider: Second to last stop coordinates: 28.059186, -82.536
02-28 09:09:53.708 13511 13544 D NavServiceProvider: Setting units automatically
02-28 09:09:53.709 13511 13544 D NavServiceProvider: Detecting stop. distance_d=1481.1007. stop_type=1 speed=10.822444
02-28 09:09:53.709 13511 13544 D NavigationTest: 131: (28.051980, -82.523312, 10.822444)	R:false  F:false
02-28 09:09:53.709 13511 13544 D NavServiceProvider: Second to last stop coordinates: 28.059186, -82.536
02-28 09:09:53.709 13511 13544 D NavServiceProvider: Setting units automatically
02-28 09:09:53.710 13511 13544 D NavServiceProvider: Detecting stop. distance_d=1469.1113. stop_type=1 speed=11.550624
02-28 09:09:53.710 13511 13544 D NavigationTest: 132: (28.052031, -82.523420, 11.550624)	R:false  F:false
02-28 09:09:53.710 13511 13544 D NavigationTest: 133: (28.052031, -82.523420, 11.550624)	R:false  F:false
02-28 09:09:53.710 13511 13544 D NavServiceProvider: Second to last stop coordinates: 28.059186, -82.536
02-28 09:09:53.711 13511 13544 D NavServiceProvider: Setting units automatically
02-28 09:09:53.712 13511 13544 D NavServiceProvider: Detecting stop. distance_d=1460.6138. stop_type=1 speed=11.161008
02-28 09:09:53.712 13511 13544 D NavigationTest: 134: (28.052061, -82.523501, 11.161008)	R:false  F:false
02-28 09:09:53.712 13511 13544 D NavigationTest: 135: (28.052061, -82.523501, 11.161008)	R:false  F:false
02-28 09:09:53.712 13511 13544 D NavServiceProvider: Second to last stop coordinates: 28.059186, -82.536
02-28 09:09:53.712 13511 13544 D NavServiceProvider: Setting units automatically
02-28 09:09:53.713 13511 13544 D NavServiceProvider: Detecting stop. distance_d=1447.0319. stop_type=1 speed=12.040598
02-28 09:09:53.713 13511 13544 D NavigationTest: 136: (28.052140, -82.523608, 12.040598)	R:false  F:false
02-28 09:09:53.713 13511 13544 D NavServiceProvider: Second to last stop coordinates: 28.059186, -82.536
02-28 09:09:53.713 13511 13544 D NavServiceProvider: Setting units automatically
02-28 09:09:53.714 13511 13544 D NavServiceProvider: Detecting stop. distance_d=1433.5157. stop_type=1 speed=13.260456
02-28 09:09:53.714 13511 13544 D NavigationTest: 137: (28.052211, -82.523720, 13.260456)	R:false  F:false
02-28 09:09:53.714 13511 13544 D NavigationTest: 138: (28.052211, -82.523720, 13.260456)	R:false  F:false
02-28 09:09:53.715 13511 13544 D NavServiceProvider: Second to last stop coordinates: 28.059186, -82.536
02-28 09:09:53.715 13511 13544 D NavServiceProvider: Setting units automatically
02-28 09:09:53.716 13511 13544 D NavServiceProvider: Detecting stop. distance_d=1417.7992. stop_type=1 speed=13.870032
02-28 09:09:53.716 13511 13544 D NavigationTest: 139: (28.052305, -82.523842, 13.870032)	R:false  F:false
02-28 09:09:53.716 13511 13544 D NavigationTest: 140: (28.052305, -82.523842, 13.870032)	R:false  F:false
02-28 09:09:53.716 13511 13544 D NavServiceProvider: Second to last stop coordinates: 28.059186, -82.536
02-28 09:09:53.716 13511 13544 D NavServiceProvider: Setting units automatically
02-28 09:09:53.717 13511 13544 D NavServiceProvider: Detecting stop. distance_d=1401.9246. stop_type=1 speed=15.110744
02-28 09:09:53.717 13511 13544 D NavigationTest: 141: (28.052385, -82.523976, 15.110744)	R:false  F:false
02-28 09:09:53.717 13511 13544 D NavServiceProvider: Second to last stop coordinates: 28.059186, -82.536
02-28 09:09:53.718 13511 13544 D NavServiceProvider: Setting units automatically
02-28 09:09:53.718 13511 13544 D NavServiceProvider: Detecting stop. distance_d=1388.2338. stop_type=1 speed=15.25016
02-28 09:09:53.719 13511 13544 D NavigationTest: 142: (28.052452, -82.524093, 15.250160)	R:false  F:false
02-28 09:09:53.719 13511 13544 D NavigationTest: 143: (28.052452, -82.524093, 15.250160)	R:false  F:false
02-28 09:09:53.719 13511 13544 D NavServiceProvider: Second to last stop coordinates: 28.059186, -82.536
