02-28 09:09:39.430  2666  3413 V Avrcp_ext: updatePlaybackState (1): old=PlaybackState {state=2, position=-1, buffered position=0, speed=0.0, updated=1782241, actions=0, custom actions=[], active item id=-1, error=null}(2), new=PlaybackState {state=2, position=-1, buffered position=0, speed=0.0, updated=1782758, actions=0, custom actions=[], active item id=-1, error=null}(2)
02-28 09:09:39.430  2666  3413 I Avrcp_ext: Exit updatePlayStatusForDevice
02-28 09:09:39.431 13511 13544 D NavServiceProvider: Detecting stop. distance_d=995.3291. stop_type=1 speed=0.0
02-28 09:09:39.431 13511 13544 D NavigationTest: 119: (28.032403, -82.415584, 0.000000)	R:false  F:false
02-28 09:09:39.431 13511 13544 D NavServiceProvider: Second to last stop coordinates: 28.03244, -82.405462
02-28 09:09:39.431 13511 13544 D NavServiceProvider: Setting units automatically
02-28 09:09:39.432  3648  3648 D BoundBrokerSvc: onUnbind: Intent { act=com.google.android.gms.checkin.START pkg=com.google.android.gms }
02-28 09:09:39.432  2666  3413 D HeadsetService:  isAudioOn: The number of audio connected devices 0
02-28 09:09:39.432  2666  3413 D HeadsetService: isScoOrCallActive(): Call Active:falseCall is Ringing:falseSCO is Active:false
02-28 09:09:39.434  2666  3413 D HeadsetService:  isAudioOn: The number of audio connected devices 0
02-28 09:09:39.434  2666  3413 I Avrcp_ext: updatePlayStatusForDevice: device: null
02-28 09:09:39.434  2666  3413 V Avrcp_ext: updatePlaybackState (1): old=PlaybackState {state=2, position=-1, buffered position=0, speed=0.0, updated=1782241, actions=0, custom actions=[], active item id=-1, error=null}(2), new=PlaybackState {state=2, position=-1, buffered position=0, speed=0.0, updated=1782758, actions=0, custom actions=[], active item id=-1, error=null}(2)
02-28 09:09:39.434  2666  3413 I Avrcp_ext: Exit updatePlayStatusForDevice
02-28 09:09:39.435  2666  3413 D HeadsetService:  isAudioOn: The number of audio connected devices 0
02-28 09:09:39.435  2666  3413 D HeadsetService: isScoOrCallActive(): Call Active:falseCall is Ringing:falseSCO is Active:false
02-28 09:09:39.435  2666  3413 D HeadsetService:  isAudioOn: The number of audio connected devices 0
02-28 09:09:39.435  2666  3413 I Avrcp_ext: updatePlayStatusForDevice: device: null
02-28 09:09:39.435  2666  3413 V Avrcp_ext: updatePlaybackState (1): old=PlaybackState {state=2, position=-1, buffered position=0, speed=0.0, updated=1782241, actions=0, custom actions=[], active item id=-1, error=null}(2), new=PlaybackState {state=2, position=-1, buffered position=0, speed=0.0, updated=1782758, actions=0, custom actions=[], active item id=-1, error=null}(2)
02-28 09:09:39.435  2666  3413 I Avrcp_ext: Exit updatePlayStatusForDevice
02-28 09:09:39.435 13511 13544 D NavServiceProvider: Detecting stop. distance_d=995.3291. stop_type=1 speed=0.0
02-28 09:09:39.436 13511 13544 D NavigationTest: 120: (28.032403, -82.415584, 0.000000)	R:false  F:false
02-28 09:09:39.436 13511 13544 D NavServiceProvider: Second to last stop coordinates: 28.03244, -82.405462
02-28 09:09:39.436 13511 13544 D NavServiceProvider: Setting units automatically
02-28 09:09:39.435  2666  3413 D HeadsetService:  isAudioOn: The number of audio connected devices 0
02-28 09:09:39.436  2666  3413 D HeadsetService: isScoOrCallActive(): Call Active:falseCall is Ringing:falseSCO is Active:false
02-28 09:09:39.438 13511 13544 D NavServiceProvider: Detecting stop. distance_d=995.3291. stop_type=1 speed=0.0
02-28 09:09:39.438 13511 13544 D NavigationTest: 121: (28.032403, -82.415584, 0.000000)	R:false  F:false
02-28 09:09:39.438 13511 13544 D NavServiceProvider: Second to last stop coordinates: 28.03244, -82.405462
02-28 09:09:39.438 13511 13544 D NavServiceProvider: Setting units automatically
02-28 09:09:39.438  2666  3413 D HeadsetService:  isAudioOn: The number of audio connected devices 0
02-28 09:09:39.439  2666  3413 I Avrcp_ext: updatePlayStatusForDevice: device: null
02-28 09:09:39.439  2666  3413 V Avrcp_ext: updatePlaybackState (1): old=PlaybackState {state=2, position=-1, buffered position=0, speed=0.0, updated=1782241, actions=0, custom actions=[], active item id=-1, error=null}(2), new=PlaybackState {state=2, position=-1, buffered position=0, speed=0.0, updated=1782758, actions=0, custom actions=[], active item id=-1, error=null}(2)
02-28 09:09:39.439  2666  3413 I Avrcp_ext: Exit updatePlayStatusForDevice
02-28 09:09:39.440  2666  3413 D HeadsetService:  isAudioOn: The number of audio connected devices 0
02-28 09:09:39.440  2666  3413 D HeadsetService: isScoOrCallActive(): Call Active:falseCall is Ringing:falseSCO is Active:false
02-28 09:09:39.440 13511 13544 D NavServiceProvider: Detecting stop. distance_d=995.3291. stop_type=1 speed=0.0
02-28 09:09:39.440 13511 13544 D NavigationTest: 122: (28.032403, -82.415584, 0.000000)	R:false  F:false
02-28 09:09:39.440 13511 13544 D NavServiceProvider: Second to last stop coordinates: 28.03244, -82.405462
02-28 09:09:39.440 13511 13544 D NavServiceProvider: Setting units automatically
02-28 09:09:39.441  2666  3413 D HeadsetService:  isAudioOn: The number of audio connected devices 0
02-28 09:09:39.441  2666  3413 I Avrcp_ext: updatePlayStatusForDevice: device: null
02-28 09:09:39.441  2666  3413 V Avrcp_ext: updatePlaybackState (1): old=PlaybackState {state=2, position=-1, buffered position=0, speed=0.0, updated=1782241, actions=0, custom actions=[], active item id=-1, error=null}(2), new=PlaybackState {state=2, position=-1, buffered position=0, speed=0.0, updated=1782758, actions=0, custom actions=[], active item id=-1, error=null}(2)
02-28 09:09:39.441  2666  3413 I Avrcp_ext: Exit updatePlayStatusForDevice
02-28 09:09:39.441  2666  3413 D Avrcp_ext: Enter sendPlayPosNotificationRsp
02-28 09:09:39.441  2666  3413 D Avrcp_ext: sendPlayPosNotificationRsp: Not registered or requesting.
02-28 09:09:39.441  2666  3413 D Avrcp_ext: Enter sendPlayPosNotificationRsp
02-28 09:09:39.441  2666  3413 D Avrcp_ext: sendPlayPosNotificationRsp: Not registered or requesting.
02-28 09:09:39.441  2666  3413 D Avrcp_ext: Enter sendPlayPosNotificationRsp
02-28 09:09:39.441  2666  3413 D Avrcp_ext: sendPlayPosNotificationRsp: Not registered or requesting.
02-28 09:09:39.441  2666  3413 D Avrcp_ext: Enter sendPlayPosNotificationRsp
02-28 09:09:39.441  2666  3413 D Avrcp_ext: sendPlayPosNotificationRsp: Not registered or requesting.
02-28 09:09:39.441  2666  3413 D Avrcp_ext: Enter sendPlayPosNotificationRsp
02-28 09:09:39.441  2666  3413 D Avrcp_ext: sendPlayPosNotificationRsp: Not registered or requesting.
02-28 09:09:39.441  2666  3413 V Avrcp_ext: Exit updatePlayerStateAndPosition
02-28 09:09:39.442 13511 13544 D NavServiceProvider: Detecting stop. distance_d=995.3291. stop_type=1 speed=0.0
02-28 09:09:39.442   871  6793 V EffectDiracSound: DiracSound_command() start, cmdCode=20
02-28 09:09:39.442   871  6793 V EffectDiracSound: DiracSound_Command EFFECT_CMD_OFFLOAD
02-28 09:09:39.442 13511 13544 D NavigationTest: 123: (28.032403, -82.415584, 0.000000)	R:false  F:false
02-28 09:09:39.442 13511 13544 D NavServiceProvider: Second to last stop coordinates: 28.03244, -82.405462
02-28 09:09:39.442   871  6793 V EffectDiracSound: DiracSound_command() start, cmdCode=1
02-28 09:09:39.442   871  6793 V EffectDiracSound: DiracSound_setConfig start
02-28 09:09:39.442   871  6793 I EffectDiracSound: DiracSound_updateState(), enable=0, hifi=0, device=0x2, headset=5, samplingRate=48000
02-28 09:09:39.442   871  6793 I EffectDiracSound: DiracSound_updateState(), mode=0, music=0, movie=0, reset=0
02-28 09:09:39.442   871  6793 I EffectDiracSound: DiracSound_updateState(), Speaker Movie/Stereo Mode is not supported. Stop update state.
02-28 09:09:39.442   871  6793 W EffectHAL: Effect 0xe4b38cd0 command SET_CONFIG returned status: Invalid argument
02-28 09:09:39.442   871  6793 V EffectDiracSound: DiracSound_command() start, cmdCode=1
02-28 09:09:39.442   871  6793 V EffectDiracSound: DiracSound_setConfig start
02-28 09:09:39.443   871  6793 I EffectDiracSound: DiracSound_updateState(), enable=0, hifi=0, device=0x2, headset=5, samplingRate=48000
02-28 09:09:39.443   871  6793 I EffectDiracSound: DiracSound_updateState(), mode=0, music=0, movie=0, reset=0
02-28 09:09:39.443   871  6793 I EffectDiracSound: DiracSound_updateState(), Speaker Movie/Stereo Mode is not supported. Stop update state.
02-28 09:09:39.443 13511 13544 D NavServiceProvider: Setting units automatically
02-28 09:09:39.443   871  6793 V EffectDiracSound: DiracSound_command() start, cmdCode=9
02-28 09:09:39.443   871  6793 V EffectDiracSound: DiracSound_Command EFFECT_CMD_SET_DEVICE: 0x00000002
02-28 09:09:39.443   871  6793 V EffectDiracSound: DiracSound_command() start, cmdCode=11
02-28 09:09:39.443   871  6793 V EffectDiracSound: DiracSound_Command EFFECT_CMD_SET_AUDIO_MODE: 0
02-28 09:09:39.443   871  6793 D msm8974_platform: platform_split_snd_device: snd_device(2) num devices(1) new_snd_devices(0)
02-28 09:09:39.443   871  6793 D ACDB-LOADER: ACDB -> send_audvoltable
02-28 09:09:39.443   871  6793 D ACDB-LOADER: ACDB -> ACDB_CMD_GET_AUDPROC_VOL_STEP_TABLE_SIZE
02-28 09:09:39.444   871  6793 D ACDB-LOADER: ACDB -> ACDB_CMD_GET_AUDPROC_GAIN_DEP_STEP_TABLE, vol index 5
02-28 09:09:39.444   871  6793 D         : Failed to fetch the lookup information of the device 0000000F
02-28 09:09:39.444   871  6793 E ACDB-LOADER: Error: ACDB AudProc vol returned = -19
02-28 09:09:39.444   871  6793 D ACDB-LOADER: ACDB -> AUDIO_SET_VOL_CAL cal type = 40
02-28 09:09:39.444 13511 13544 D NavServiceProvider: Detecting stop. distance_d=995.3291. stop_type=1 speed=0.0
02-28 09:09:39.444 13511 13544 D NavigationTest: 124: (28.032403, -82.415584, 0.000000)	R:false  F:false
02-28 09:09:39.444 13511 13544 D NavServiceProvider: Second to last stop coordinates: 28.03244, -82.405462
02-28 09:09:39.445 13511 13544 D NavServiceProvider: Setting units automatically
02-28 09:09:39.446 13511 13544 D NavServiceProvider: Detecting stop. distance_d=995.3291. stop_type=1 speed=0.0
02-28 09:09:39.446 13511 13544 D NavigationTest: 125: (28.032403, -82.415584, 0.000000)	R:false  F:false
02-28 09:09:39.446 13511 13544 D NavServiceProvider: Second to last stop coordinates: 28.03244, -82.405462
02-28 09:09:39.446 13511 13544 D NavServiceProvider: Setting units automatically
02-28 09:09:39.448 13511 13544 D NavServiceProvider: Detecting stop. distance_d=995.3291. stop_type=1 speed=0.0
02-28 09:09:39.448 13511 13544 D NavigationTest: 126: (28.032403, -82.415584, 0.000000)	R:false  F:false
02-28 09:09:39.448 13511 13544 D NavServiceProvider: Second to last stop coordinates: 28.03244, -82.405462
02-28 09:09:39.448 13511 13544 D NavServiceProvider: Setting units automatically
02-28 09:09:39.449 13511 13544 D NavServiceProvider: Detecting stop. distance_d=995.3291. stop_type=1 speed=0.0
02-28 09:09:39.449 13511 13544 D NavigationTest: 127: (28.032403, -82.415584, 0.000000)	R:false  F:false
02-28 09:09:39.449 13511 13544 D NavServiceProvider: Second to last stop coordinates: 28.03244, -82.405462
02-28 09:09:39.449 13511 13544 D NavServiceProvider: Setting units automatically
02-28 09:09:39.451 13511 13544 D NavServiceProvider: Detecting stop. distance_d=995.3291. stop_type=1 speed=0.0
02-28 09:09:39.452 13511 13544 D NavigationTest: 128: (28.032403, -82.415584, 0.000000)	R:false  F:false
02-28 09:09:39.452 13511 13544 D NavServiceProvider: Second to last stop coordinates: 28.03244, -82.405462
02-28 09:09:39.452 13511 13544 D NavServiceProvider: Setting units automatically
02-28 09:09:39.453 13511 13544 D NavServiceProvider: Detecting stop. distance_d=995.3291. stop_type=1 speed=0.0
02-28 09:09:39.453 13511 13544 D NavigationTest: 129: (28.032403, -82.415584, 0.000000)	R:false  F:false
02-28 09:09:39.453 13511 13544 D NavServiceProvider: Second to last stop coordinates: 28.03244, -82.405462
02-28 09:09:39.453 13511 13544 D NavServiceProvider: Setting units automatically
02-28 09:09:39.455 13511 13544 D NavServiceProvider: Detecting stop. distance_d=995.3291. stop_type=1 speed=0.0
02-28 09:09:39.455 13511 13544 D NavigationTest: 130: (28.032403, -82.415584, 0.000000)	R:false  F:false
02-28 09:09:39.455 13511 13544 D NavServiceProvider: Second to last stop coordinates: 28.03244, -82.405462
02-28 09:09:39.455 13511 13544 D NavServiceProvider: Setting units automatically
02-28 09:09:39.456 13511 13544 D NavServiceProvider: Detecting stop. distance_d=995.3291. stop_type=1 speed=0.0
02-28 09:09:39.456 13511 13544 D NavigationTest: 131: (28.032403, -82.415584, 0.000000)	R:false  F:false
02-28 09:09:39.456 13511 13544 D NavServiceProvider: Second to last stop coordinates: 28.03244, -82.405462
02-28 09:09:39.456 13511 13544 D NavServiceProvider: Setting units automatically
02-28 09:09:39.457 13511 13544 D NavServiceProvider: Detecting stop. distance_d=995.3291. stop_type=1 speed=0.0
02-28 09:09:39.458 13511 13544 D NavigationTest: 132: (28.032403, -82.415584, 0.000000)	R:false  F:false
02-28 09:09:39.458 13511 13544 D NavServiceProvider: Second to last stop coordinates: 28.03244, -82.405462
02-28 09:09:39.458 13511 13544 D NavServiceProvider: Setting units automatically
02-28 09:09:39.459 13511 13544 D NavServiceProvider: Detecting stop. distance_d=995.3291. stop_type=1 speed=0.0
02-28 09:09:39.459 13511 13544 D NavigationTest: 133: (28.032403, -82.415584, 0.000000)	R:false  F:false
02-28 09:09:39.459 13511 13544 D NavServiceProvider: Second to last stop coordinates: 28.03244, -82.405462
02-28 09:09:39.459 13511 13544 D NavServiceProvider: Setting units automatically
02-28 09:09:39.461 13511 13544 D NavServiceProvider: Detecting stop. distance_d=995.3291. stop_type=1 speed=0.0
02-28 09:09:39.461 13511 13544 D NavigationTest: 134: (28.032403, -82.415584, 0.000000)	R:false  F:false
02-28 09:09:39.461 13511 13544 D NavServiceProvider: Second to last stop coordinates: 28.03244, -82.405462
02-28 09:09:39.461 13511 13544 D NavServiceProvider: Setting units automatically
02-28 09:09:39.462 13511 13544 D NavServiceProvider: Detecting stop. distance_d=995.3291. stop_type=1 speed=0.0
02-28 09:09:39.462 13511 13544 D NavigationTest: 135: (28.032403, -82.415584, 0.000000)	R:false  F:false
02-28 09:09:39.462 13511 13544 D NavigationTest: 136: (28.032403, -82.415584, 0.000000)	R:false  F:false
02-28 09:09:39.462 13511 13544 D NavigationTest: 137: (28.032403, -82.415584, 0.000000)	R:false  F:false
02-28 09:09:39.462 13511 13544 D NavServiceProvider: Second to last stop coordinates: 28.03244, -82.405462
02-28 09:09:39.462 13511 13544 D NavServiceProvider: Setting units automatically
02-28 09:09:39.463 13511 13544 D NavServiceProvider: Detecting stop. distance_d=995.3291. stop_type=1 speed=0.0
02-28 09:09:39.464 13511 13544 D NavigationTest: 138: (28.032403, -82.415584, 0.000000)	R:false  F:false
02-28 09:09:39.464 13511 13544 D NavServiceProvider: Second to last stop coordinates: 28.03244, -82.405462
02-28 09:09:39.464 13511 13544 D NavServiceProvider: Setting units automatically
02-28 09:09:39.465 13511 13544 D NavServiceProvider: Detecting stop. distance_d=995.3291. stop_type=1 speed=0.0
02-28 09:09:39.465 13511 13544 D NavigationTest: 139: (28.032403, -82.415584, 0.000000)	R:false  F:false
02-28 09:09:39.465 13511 13544 D NavServiceProvider: Second to last stop coordinates: 28.03244, -82.405462
02-28 09:09:39.465 13511 13544 D NavServiceProvider: Setting units automatically
02-28 09:09:39.466 13511 13544 D NavServiceProvider: Detecting stop. distance_d=995.3291. stop_type=1 speed=0.0
02-28 09:09:39.466 13511 13544 D NavigationTest: 140: (28.032403, -82.415584, 0.000000)	R:false  F:false
02-28 09:09:39.466 13511 13544 D NavServiceProvider: Second to last stop coordinates: 28.03244, -82.405462
02-28 09:09:39.467 13511 13544 D NavServiceProvider: Setting units automatically
02-28 09:09:39.468 13511 13544 D NavServiceProvider: Detecting stop. distance_d=995.3291. stop_type=1 speed=0.0
02-28 09:09:39.468 13511 13544 D NavigationTest: 141: (28.032403, -82.415584, 0.000000)	R:false  F:false
02-28 09:09:39.468 13511 13544 D NavServiceProvider: Second to last stop coordinates: 28.03244, -82.405462
02-28 09:09:39.468 13511 13544 D NavServiceProvider: Setting units automatically
02-28 09:09:39.469 13511 13544 D NavServiceProvider: Detecting stop. distance_d=995.3291. stop_type=1 speed=0.0
02-28 09:09:39.469 13511 13544 D NavigationTest: 142: (28.032403, -82.415584, 0.000000)	R:false  F:false
02-28 09:09:39.469 13511 13544 D NavServiceProvider: Second to last stop coordinates: 28.03244, -82.405462
02-28 09:09:39.469 13511 13544 D NavServiceProvider: Setting units automatically
02-28 09:09:39.471 13511 13544 D NavServiceProvider: Detecting stop. distance_d=995.3291. stop_type=1 speed=0.0
02-28 09:09:39.471 13511 13544 D NavigationTest: 143: (28.032403, -82.415584, 0.000000)	R:false  F:false
02-28 09:09:39.471 13511 13544 D NavServiceProvider: Second to last stop coordinates: 28.03244, -82.405462
02-28 09:09:39.471 13511 13544 D NavServiceProvider: Setting units automatically
02-28 09:09:39.472 13511 13544 D NavServiceProvider: Detecting stop. distance_d=995.3291. stop_type=1 speed=0.0
02-28 09:09:39.472 13511 13544 D NavigationTest: 144: (28.032403, -82.415584, 0.000000)	R:false  F:false
02-28 09:09:39.472 13511 13544 D NavServiceProvider: Second to last stop coordinates: 28.03244, -82.405462
02-28 09:09:39.472 13511 13544 D NavServiceProvider: Setting units automatically
02-28 09:09:39.473 13511 13544 D NavServiceProvider: Detecting stop. distance_d=995.3291. stop_type=1 speed=0.0
02-28 09:09:39.473 13511 13544 D NavigationTest: 145: (28.032403, -82.415584, 0.000000)	R:false  F:false
02-28 09:09:39.473 13511 13544 D NavServiceProvider: Second to last stop coordinates: 28.03244, -82.405462
02-28 09:09:39.474 13511 13544 D NavServiceProvider: Setting units automatically
02-28 09:09:39.475 13511 13544 D NavServiceProvider: Detecting stop. distance_d=995.3291. stop_type=1 speed=0.0
02-28 09:09:39.475 13511 13544 D NavigationTest: 146: (28.032403, -82.415584, 0.000000)	R:false  F:false
02-28 09:09:39.475 13511 13544 D NavServiceProvider: Second to last stop coordinates: 28.03244, -82.405462
02-28 09:09:39.475 13511 13544 D NavServiceProvider: Setting units automatically
02-28 09:09:39.476 13511 13544 D NavServiceProvider: Detecting stop. distance_d=995.3291. stop_type=1 speed=0.0
02-28 09:09:39.476 13511 13544 D NavigationTest: 147: (28.032403, -82.415584, 0.000000)	R:false  F:false
02-28 09:09:39.476 13511 13544 D NavServiceProvider: Second to last stop coordinates: 28.03244, -82.405462
02-28 09:09:39.476 13511 13544 D NavServiceProvider: Setting units automatically
02-28 09:09:39.477 13511 13544 D NavServiceProvider: Detecting stop. distance_d=995.3291. stop_type=1 speed=0.0
02-28 09:09:39.477 13511 13544 D NavigationTest: 148: (28.032403, -82.415584, 0.000000)	R:false  F:false
02-28 09:09:39.477 13511 13544 D NavServiceProvider: Second to last stop coordinates: 28.03244, -82.405462
02-28 09:09:39.478 13511 13544 D NavServiceProvider: Setting units automatically
02-28 09:09:39.479 13511 13544 D NavServiceProvider: Detecting stop. distance_d=995.3291. stop_type=1 speed=0.0
02-28 09:09:39.479 13511 13544 D NavigationTest: 149: (28.032403, -82.415584, 0.000000)	R:false  F:false
02-28 09:09:39.479 13511 13544 D NavServiceProvider: Second to last stop coordinates: 28.03244, -82.405462
02-28 09:09:39.479 13511 13544 D NavServiceProvider: Setting units automatically
02-28 09:09:39.480 13511 13544 D NavServiceProvider: Detecting stop. distance_d=995.3291. stop_type=1 speed=0.0
02-28 09:09:39.480 13511 13544 D NavigationTest: 150: (28.032403, -82.415584, 0.000000)	R:false  F:false
02-28 09:09:39.480 13511 13544 D NavServiceProvider: Second to last stop coordinates: 28.03244, -82.405462
02-28 09:09:39.481 13511 13544 D NavServiceProvider: Setting units automatically
02-28 09:09:39.482 13511 13544 D NavServiceProvider: Detecting stop. distance_d=995.3291. stop_type=1 speed=0.0
02-28 09:09:39.482 13511 13544 D NavigationTest: 151: (28.032403, -82.415584, 0.000000)	R:false  F:false
02-28 09:09:39.482 13511 13544 D NavServiceProvider: Second to last stop coordinates: 28.03244, -82.405462
02-28 09:09:39.482 13511 13544 D NavServiceProvider: Setting units automatically
02-28 09:09:39.483 13511 13544 D NavServiceProvider: Detecting stop. distance_d=995.3291. stop_type=1 speed=0.0
02-28 09:09:39.483 13511 13544 D NavigationTest: 152: (28.032403, -82.415584, 0.000000)	R:false  F:false
02-28 09:09:39.483 13511 13544 D NavServiceProvider: Second to last stop coordinates: 28.03244, -82.405462
02-28 09:09:39.483 13511 13544 D NavServiceProvider: Setting units automatically
02-28 09:09:39.484 13511 13544 D NavServiceProvider: Detecting stop. distance_d=995.3291. stop_type=1 speed=0.0
02-28 09:09:39.484 13511 13544 D NavigationTest: 153: (28.032403, -82.415584, 0.000000)	R:false  F:false
02-28 09:09:39.484 13511 13544 D NavServiceProvider: Second to last stop coordinates: 28.03244, -82.405462
02-28 09:09:39.485 13511 13544 D NavServiceProvider: Setting units automatically
02-28 09:09:39.486 13511 13544 D NavServiceProvider: Detecting stop. distance_d=995.3291. stop_type=1 speed=0.0
02-28 09:09:39.486 13511 13544 D NavigationTest: 154: (28.032403, -82.415584, 0.000000)	R:false  F:false
02-28 09:09:39.486 13511 13544 D NavServiceProvider: Second to last stop coordinates: 28.03244, -82.405462
02-28 09:09:39.486 13511 13544 D NavServiceProvider: Setting units automatically
02-28 09:09:39.487 13511 13544 D NavServiceProvider: Detecting stop. distance_d=995.3291. stop_type=1 speed=0.0
02-28 09:09:39.487 13511 13544 D NavigationTest: 155: (28.032403, -82.415584, 0.000000)	R:false  F:false
02-28 09:09:39.487 13511 13544 D NavServiceProvider: Second to last stop coordinates: 28.03244, -82.405462
02-28 09:09:39.487 13511 13544 D NavServiceProvider: Setting units automatically
02-28 09:09:39.488 13511 13544 D NavServiceProvider: Detecting stop. distance_d=995.3291. stop_type=1 speed=0.0
02-28 09:09:39.488 13511 13544 D NavigationTest: 156: (28.032403, -82.415584, 0.000000)	R:false  F:false
02-28 09:09:39.488 13511 13544 D NavServiceProvider: Second to last stop coordinates: 28.03244, -82.405462
02-28 09:09:39.489 13511 13544 D NavServiceProvider: Setting units automatically
02-28 09:09:39.490 13511 13544 D NavServiceProvider: Detecting stop. distance_d=995.3291. stop_type=1 speed=0.0
02-28 09:09:39.490 13511 13544 D NavigationTest: 157: (28.032403, -82.415584, 0.000000)	R:false  F:false
02-28 09:09:39.490 13511 13544 D NavServiceProvider: Second to last stop coordinates: 28.03244, -82.405462
02-28 09:09:39.490 13511 13544 D NavServiceProvider: Setting units automatically
02-28 09:09:39.491 13511 13544 D NavServiceProvider: Detecting stop. distance_d=995.3291. stop_type=1 speed=0.0
02-28 09:09:39.491 13511 13544 D NavigationTest: 158: (28.032403, -82.415584, 0.000000)	R:false  F:false
02-28 09:09:39.491 13511 13544 D NavServiceProvider: Second to last stop coordinates: 28.03244, -82.405462
02-28 09:09:39.492 13511 13544 D NavServiceProvider: Setting units automatically
02-28 09:09:39.493 13511 13544 D NavServiceProvider: Detecting stop. distance_d=995.3291. stop_type=1 speed=0.0
02-28 09:09:39.493 13511 13544 D NavigationTest: 159: (28.032403, -82.415584, 0.000000)	R:false  F:false
02-28 09:09:39.493 13511 13544 D NavigationTest: 160: (28.032403, -82.415584, 0.000000)	R:false  F:false
02-28 09:09:39.493 13511 13544 D NavServiceProvider: Second to last stop coordinates: 28.03244, -82.405462
02-28 09:09:39.493 13511 13544 D NavServiceProvider: Setting units automatically
02-28 09:09:39.494 13511 13544 D NavServiceProvider: Detecting stop. distance_d=995.3291. stop_type=1 speed=0.0
02-28 09:09:39.494 13511 13544 D NavigationTest: 161: (28.032403, -82.415584, 0.000000)	R:false  F:false
02-28 09:09:39.494 13511 13544 D NavServiceProvider: Second to last stop coordinates: 28.03244, -82.405462
02-28 09:09:39.494 13511 13544 D NavServiceProvider: Setting units automatically
02-28 09:09:39.495 13511 13544 D NavServiceProvider: Detecting stop. distance_d=995.3291. stop_type=1 speed=0.0
02-28 09:09:39.496 13511 13544 D NavigationTest: 162: (28.032403, -82.415584, 0.000000)	R:false  F:false
02-28 09:09:39.496 13511 13544 D NavServiceProvider: Second to last stop coordinates: 28.03244, -82.405462
02-28 09:09:39.496 13511 13544 D NavServiceProvider: Setting units automatically
02-28 09:09:39.497 13511 13544 D NavServiceProvider: Detecting stop. distance_d=995.3291. stop_type=1 speed=0.0
02-28 09:09:39.497 13511 13544 D NavigationTest: 163: (28.032403, -82.415584, 0.000000)	R:false  F:false
02-28 09:09:39.497 13511 13544 D NavServiceProvider: Second to last stop coordinates: 28.03244, -82.405462
02-28 09:09:39.497 13511 13544 D NavServiceProvider: Setting units automatically
02-28 09:09:39.498 13511 13544 D NavServiceProvider: Detecting stop. distance_d=995.3291. stop_type=1 speed=0.0
02-28 09:09:39.498 13511 13544 D NavigationTest: 164: (28.032403, -82.415584, 0.000000)	R:false  F:false
02-28 09:09:39.498 13511 13544 D NavServiceProvider: Second to last stop coordinates: 28.03244, -82.405462
02-28 09:09:39.499 13511 13544 D NavServiceProvider: Setting units automatically
02-28 09:09:39.500 13511 13544 D NavServiceProvider: Detecting stop. distance_d=995.3291. stop_type=1 speed=0.0
02-28 09:09:39.500 13511 13544 D NavigationTest: 165: (28.032403, -82.415584, 0.000000)	R:false  F:false
02-28 09:09:39.500 13511 13544 D NavServiceProvider: Second to last stop coordinates: 28.03244, -82.405462
02-28 09:09:39.500 13511 13544 D NavServiceProvider: Setting units automatically
02-28 09:09:39.501 13511 13544 D NavServiceProvider: Detecting stop. distance_d=995.3291. stop_type=1 speed=0.0
02-28 09:09:39.501 13511 13544 D NavigationTest: 166: (28.032403, -82.415584, 0.000000)	R:false  F:false
02-28 09:09:39.501 13511 13544 D NavServiceProvider: Second to last stop coordinates: 28.03244, -82.405462
02-28 09:09:39.501 13511 13544 D NavServiceProvider: Setting units automatically
02-28 09:09:39.502 13511 13544 D NavServiceProvider: Detecting stop. distance_d=995.3291. stop_type=1 speed=0.0
02-28 09:09:39.503 13511 13544 D NavigationTest: 167: (28.032403, -82.415584, 0.000000)	R:false  F:false
02-28 09:09:39.503 13511 13544 D NavServiceProvider: Second to last stop coordinates: 28.03244, -82.405462
02-28 09:09:39.503 13511 13544 D NavServiceProvider: Setting units automatically
02-28 09:09:39.504 13511 13544 D NavServiceProvider: Detecting stop. distance_d=995.3291. stop_type=1 speed=0.0
02-28 09:09:39.504 13511 13544 D NavigationTest: 168: (28.032403, -82.415584, 0.000000)	R:false  F:false
02-28 09:09:39.504 13511 13544 D NavServiceProvider: Second to last stop coordinates: 28.03244, -82.405462
02-28 09:09:39.504 13511 13544 D NavServiceProvider: Setting units automatically
02-28 09:09:39.505 13511 13544 D NavServiceProvider: Detecting stop. distance_d=995.3291. stop_type=1 speed=0.0
02-28 09:09:39.505 13511 13544 D NavigationTest: 169: (28.032403, -82.415584, 0.000000)	R:false  F:false
02-28 09:09:39.505 13511 13544 D NavServiceProvider: Second to last stop coordinates: 28.03244, -82.405462
02-28 09:09:39.506 13511 13544 D NavServiceProvider: Setting units automatically
02-28 09:09:39.507 13511 13544 D NavServiceProvider: Detecting stop. distance_d=995.3291. stop_type=1 speed=0.0
02-28 09:09:39.507 13511 13544 D NavigationTest: 170: (28.032403, -82.415584, 0.000000)	R:false  F:false
02-28 09:09:39.507 13511 13544 D NavServiceProvider: Second to last stop coordinates: 28.03244, -82.405462
02-28 09:09:39.507 13511 13544 D NavServiceProvider: Setting units automatically
02-28 09:09:39.508 13511 13544 D NavServiceProvider: Detecting stop. distance_d=995.3291. stop_type=1 speed=0.0
02-28 09:09:39.508 13511 13544 D NavigationTest: 171: (28.032403, -82.415584, 0.000000)	R:false  F:false
02-28 09:09:39.508 13511 13544 D NavServiceProvider: Second to last stop coordinates: 28.03244, -82.405462
02-28 09:09:39.508 13511 13544 D NavServiceProvider: Setting units automatically
02-28 09:09:39.509 13511 13544 D NavServiceProvider: Detecting stop. distance_d=995.3291. stop_type=1 speed=0.0
02-28 09:09:39.509 13511 13544 D NavigationTest: 172: (28.032403, -82.415584, 0.000000)	R:false  F:false
02-28 09:09:39.509 13511 13544 D NavServiceProvider: Second to last stop coordinates: 28.03244, -82.405462
02-28 09:09:39.510 13511 13544 D NavServiceProvider: Setting units automatically
02-28 09:09:39.511 13511 13544 D NavServiceProvider: Detecting stop. distance_d=995.3291. stop_type=1 speed=0.0
02-28 09:09:39.511 13511 13544 D NavigationTest: 173: (28.032403, -82.415584, 0.000000)	R:false  F:false
02-28 09:09:39.511 13511 13544 D NavServiceProvider: Second to last stop coordinates: 28.03244, -82.405462
02-28 09:09:39.511 13511 13544 D NavServiceProvider: Setting units automatically
02-28 09:09:39.512 13511 13544 D NavServiceProvider: Detecting stop. distance_d=995.3291. stop_type=1 speed=0.0
02-28 09:09:39.512 13511 13544 D NavigationTest: 174: (28.032403, -82.415584, 0.000000)	R:false  F:false
02-28 09:09:39.512 13511 13544 D NavServiceProvider: Second to last stop coordinates: 28.03244, -82.405462
02-28 09:09:39.513 13511 13544 D NavServiceProvider: Setting units automatically
02-28 09:09:39.514 13511 13544 D NavServiceProvider: Detecting stop. distance_d=995.3291. stop_type=1 speed=0.0
02-28 09:09:39.514 13511 13544 D NavigationTest: 175: (28.032403, -82.415584, 0.000000)	R:false  F:false
02-28 09:09:39.514 13511 13544 D NavServiceProvider: Second to last stop coordinates: 28.03244, -82.405462
02-28 09:09:39.514 13511 13544 D NavServiceProvider: Setting units automatically
02-28 09:09:39.515 13511 13544 D NavServiceProvider: Detecting stop. distance_d=995.3291. stop_type=1 speed=0.0
02-28 09:09:39.515 13511 13544 D NavigationTest: 176: (28.032403, -82.415584, 0.000000)	R:false  F:false
02-28 09:09:39.515 13511 13544 D NavServiceProvider: Second to last stop coordinates: 28.03244, -82.405462
02-28 09:09:39.515 13511 13544 D NavServiceProvider: Setting units automatically
02-28 09:09:39.516 13511 13544 D NavServiceProvider: Detecting stop. distance_d=995.3291. stop_type=1 speed=0.0
02-28 09:09:39.516 13511 13544 D NavigationTest: 177: (28.032403, -82.415584, 0.000000)	R:false  F:false
02-28 09:09:39.516 13511 13544 D NavServiceProvider: Second to last stop coordinates: 28.03244, -82.405462
02-28 09:09:39.517 13511 13544 D NavServiceProvider: Setting units automatically
02-28 09:09:39.518 13511 13544 D NavServiceProvider: Detecting stop. distance_d=995.3291. stop_type=1 speed=0.0
02-28 09:09:39.518 13511 13544 D NavigationTest: 178: (28.032403, -82.415584, 0.000000)	R:false  F:false
02-28 09:09:39.518 13511 13544 D NavServiceProvider: Second to last stop coordinates: 28.03244, -82.405462
02-28 09:09:39.518 13511 13544 D NavServiceProvider: Setting units automatically
02-28 09:09:39.519 13511 13544 D NavServiceProvider: Detecting stop. distance_d=995.3291. stop_type=1 speed=0.0
02-28 09:09:39.519 13511 13544 D NavigationTest: 179: (28.032403, -82.415584, 0.000000)	R:false  F:false
02-28 09:09:39.519 13511 13544 D NavServiceProvider: Second to last stop coordinates: 28.03244, -82.405462
02-28 09:09:39.519 13511 13544 D NavServiceProvider: Setting units automatically
02-28 09:09:39.521 13511 13544 D NavServiceProvider: Detecting stop. distance_d=995.3291. stop_type=1 speed=0.0
02-28 09:09:39.521 13511 13544 D NavigationTest: 180: (28.032403, -82.415584, 0.000000)	R:false  F:false
02-28 09:09:39.521 13511 13544 D NavServiceProvider: Second to last stop coordinates: 28.03244, -82.405462
02-28 09:09:39.521 13511 13544 D NavServiceProvider: Setting units automatically
02-28 09:09:39.524 13511 13544 D NavServiceProvider: Detecting stop. distance_d=1061.0651. stop_type=1 speed=0.0
02-28 09:09:39.524 13511 13544 D NavigationTest: 181: (28.032541, -82.416252, 0.000000)	R:false  F:false
02-28 09:09:39.524 13511 13544 D NavServiceProvider: Second to last stop coordinates: 28.03244, -82.405462
02-28 09:09:39.524 13511 13544 D NavServiceProvider: Setting units automatically
02-28 09:09:39.525 13511 13544 D NavServiceProvider: Detecting stop. distance_d=995.3291. stop_type=1 speed=0.0
02-28 09:09:39.525 13511 13544 D NavigationTest: 182: (28.032403, -82.415584, 0.000000)	R:false  F:false
02-28 09:09:39.526 13511 13544 D NavServiceProvider: Second to last stop coordinates: 28.03244, -82.405462
02-28 09:09:39.526 13511 13544 D NavServiceProvider: Setting units automatically
02-28 09:09:39.527 13511 13544 D NavServiceProvider: Detecting stop. distance_d=995.3291. stop_type=1 speed=0.0
02-28 09:09:39.527 13511 13544 D NavigationTest: 183: (28.032403, -82.415584, 0.000000)	R:false  F:false
02-28 09:09:39.527 13511 13544 D NavServiceProvider: Second to last stop coordinates: 28.03244, -82.405462
02-28 09:09:39.527 13511 13544 D NavServiceProvider: Setting units automatically
02-28 09:09:39.529 13511 13544 D NavServiceProvider: Detecting stop. distance_d=995.3291. stop_type=1 speed=0.0
02-28 09:09:39.529 13511 13544 D NavigationTest: 184: (28.032403, -82.415584, 0.000000)	R:false  F:false
02-28 09:09:39.529 13511 13544 D NavServiceProvider: Second to last stop coordinates: 28.03244, -82.405462
02-28 09:09:39.529 13511 13544 D NavServiceProvider: Setting units automatically
02-28 09:09:39.530 13511 13544 D NavServiceProvider: Detecting stop. distance_d=995.3291. stop_type=1 speed=0.0
02-28 09:09:39.530 13511 13544 D NavigationTest: 185: (28.032403, -82.415584, 0.000000)	R:false  F:false
02-28 09:09:39.530 13511 13544 D NavServiceProvider: Second to last stop coordinates: 28.03244, -82.405462
02-28 09:09:39.531 13511 13544 D NavServiceProvider: Setting units automatically
02-28 09:09:39.532 13511 13544 D NavServiceProvider: Detecting stop. distance_d=995.3291. stop_type=1 speed=0.0
02-28 09:09:39.532 13511 13544 D NavigationTest: 186: (28.032403, -82.415584, 0.000000)	R:false  F:false
02-28 09:09:39.532 13511 13544 D NavServiceProvider: Second to last stop coordinates: 28.03244, -82.405462
02-28 09:09:39.533 13511 13544 D NavServiceProvider: Setting units automatically
02-28 09:09:39.535 13511 13544 D NavServiceProvider: Detecting stop. distance_d=995.3291. stop_type=1 speed=0.0
02-28 09:09:39.535 13511 13544 D NavigationTest: 187: (28.032403, -82.415584, 0.000000)	R:false  F:false
02-28 09:09:39.535 13511 13544 D NavServiceProvider: Second to last stop coordinates: 28.03244, -82.405462
02-28 09:09:39.535 13511 13544 D NavServiceProvider: Setting units automatically
02-28 09:09:39.537 13511 13544 D NavServiceProvider: Detecting stop. distance_d=995.3291. stop_type=1 speed=0.0
02-28 09:09:39.537 13511 13544 D NavigationTest: 188: (28.032403, -82.415584, 0.000000)	R:false  F:false
02-28 09:09:39.537 13511 13544 D NavServiceProvider: Second to last stop coordinates: 28.03244, -82.405462
02-28 09:09:39.538 13511 13544 D NavServiceProvider: Setting units automatically
02-28 09:09:39.540 13511 13544 D NavServiceProvider: Detecting stop. distance_d=995.3291. stop_type=1 speed=0.0
02-28 09:09:39.540 13511 13544 D NavigationTest: 189: (28.032403, -82.415584, 0.000000)	R:false  F:false
02-28 09:09:39.540 13511 13544 D NavServiceProvider: Second to last stop coordinates: 28.03244, -82.405462
02-28 09:09:39.541 13511 13544 D NavServiceProvider: Setting units automatically
02-28 09:09:39.542 13511 13544 D NavServiceProvider: Detecting stop. distance_d=995.3291. stop_type=1 speed=0.0
02-28 09:09:39.542 13511 13544 D NavigationTest: 190: (28.032403, -82.415584, 0.000000)	R:false  F:false
02-28 09:09:39.542 13511 13544 D NavServiceProvider: Second to last stop coordinates: 28.03244, -82.405462
02-28 09:09:39.542 13511 13544 D NavServiceProvider: Setting units automatically
02-28 09:09:39.543 13511 13544 D NavServiceProvider: Detecting stop. distance_d=995.3291. stop_type=1 speed=0.0
02-28 09:09:39.544 13511 13544 D NavigationTest: 191: (28.032403, -82.415584, 0.000000)	R:false  F:false
02-28 09:09:39.544 13511 13544 D NavServiceProvider: Second to last stop coordinates: 28.03244, -82.405462
02-28 09:09:39.544 13511 13544 D NavServiceProvider: Setting units automatically
02-28 09:09:39.545 13511 13544 D NavServiceProvider: Detecting stop. distance_d=995.3291. stop_type=1 speed=0.0
02-28 09:09:39.545 13511 13544 D NavigationTest: 192: (28.032403, -82.415584, 0.000000)	R:false  F:false
02-28 09:09:39.545 13511 13544 D NavServiceProvider: Second to last stop coordinates: 28.03244, -82.405462
02-28 09:09:39.545 13511 13544 D NavServiceProvider: Setting units automatically
02-28 09:09:39.546  1047  1166 I ThermalEngine: handle_thresh_sig: TM Id SKIN-BATTERY-MONITOR Sensor xo_therm Temp 38072
02-28 09:09:39.546  1047  1166 I ThermalEngine: TM Id 'SKIN-BATTERY-MONITOR' Sensor 'xo_therm' - alarm  raised 5 at 38.0 degC
02-28 09:09:39.547 13511 13544 D NavServiceProvider: Detecting stop. distance_d=995.3291. stop_type=1 speed=0.0
02-28 09:09:39.547 13511 13544 D NavigationTest: 193: (28.032403, -82.415584, 0.000000)	R:false  F:false
02-28 09:09:39.547 13511 13544 D NavServiceProvider: Second to last stop coordinates: 28.03244, -82.405462
02-28 09:09:39.547 13511 13544 D NavServiceProvider: Setting units automatically
02-28 09:09:39.548 13511 13544 D NavServiceProvider: Detecting stop. distance_d=995.3296. stop_type=1 speed=0.0
02-28 09:09:39.548 13511 13544 D NavigationTest: 194: (28.032402, -82.415584, 0.000000)	R:false  F:false
02-28 09:09:39.548 13511 13544 D NavServiceProvider: Second to last stop coordinates: 28.03244, -82.405462
02-28 09:09:39.548  1047  1166 I ThermalEngine: j=0 i=4 TM Id SKIN-BATTERY-MONITOR Sensor xo_therm: Action battery value 17
02-28 09:09:39.548  1047  1166 I ThermalEngine: ACTION: BATTERY - Setting battery charging mitigation to 9
02-28 09:09:39.548  1047  1166 I ThermalEngine: Mitigation:Battery:9
02-28 09:09:39.549 13511 13544 D NavServiceProvider: Setting units automatically
02-28 09:09:39.550 13511 13544 D NavServiceProvider: Detecting stop. distance_d=995.3296. stop_type=1 speed=0.0
02-28 09:09:39.550 13511 13544 D NavigationTest: 195: (28.032402, -82.415584, 0.000000)	R:false  F:false
02-28 09:09:39.550 13511 13544 D NavServiceProvider: Second to last stop coordinates: 28.03244, -82.405462
02-28 09:09:39.550 13511 13544 D NavServiceProvider: Setting units automatically
02-28 09:09:39.551 13511 13544 D NavServiceProvider: Detecting stop. distance_d=995.3301. stop_type=1 speed=0.0
02-28 09:09:39.552 13511 13544 D NavigationTest: 196: (28.032401, -82.415584, 0.000000)	R:false  F:false
02-28 09:09:39.552 13511 13544 D NavServiceProvider: Second to last stop coordinates: 28.03244, -82.405462
02-28 09:09:39.552 13511 13544 D NavServiceProvider: Setting units automatically
02-28 09:09:39.553 13511 13544 D NavServiceProvider: Detecting stop. distance_d=995.3301. stop_type=1 speed=0.0
02-28 09:09:39.553 13511 13544 D NavigationTest: 197: (28.032401, -82.415584, 0.000000)	R:false  F:false
02-28 09:09:39.553 13511 13544 D NavServiceProvider: Second to last stop coordinates: 28.03244, -82.405462
02-28 09:09:39.554 13511 13544 D NavServiceProvider: Setting units automatically
02-28 09:09:39.555 13511 13544 D NavServiceProvider: Detecting stop. distance_d=995.3301. stop_type=1 speed=0.0
02-28 09:09:39.555 13511 13544 D NavigationTest: 198: (28.032401, -82.415584, 0.000000)	R:false  F:false
02-28 09:09:39.555 13511 13544 D NavServiceProvider: Second to last stop coordinates: 28.03244, -82.405462
02-28 09:09:39.555 13511 13544 D NavServiceProvider: Setting units automatically
02-28 09:09:39.557 13511 13544 D NavServiceProvider: Detecting stop. distance_d=995.33057. stop_type=1 speed=0.0
02-28 09:09:39.557 13511 13544 D NavigationTest: 199: (28.032400, -82.415584, 0.000000)	R:false  F:false
02-28 09:09:39.557 13511 13544 D NavServiceProvider: Second to last stop coordinates: 28.03244, -82.405462
02-28 09:09:39.557 13511 13544 D NavServiceProvider: Setting units automatically
02-28 09:09:39.561 13511 13544 D NavServiceProvider: Detecting stop. distance_d=995.33057. stop_type=1 speed=0.0
02-28 09:09:39.561 13511 13544 D NavigationTest: 200: (28.032400, -82.415584, 0.000000)	R:false  F:false
02-28 09:09:39.561 13511 13544 D NavServiceProvider: Second to last stop coordinates: 28.03244, -82.405462
02-28 09:09:39.562 13511 13544 D NavServiceProvider: Setting units automatically
02-28 09:09:39.563 13511 13544 D NavServiceProvider: Detecting stop. distance_d=995.33057. stop_type=1 speed=0.0
02-28 09:09:39.563 13511 13544 D NavigationTest: 201: (28.032400, -82.415584, 0.000000)	R:false  F:false
02-28 09:09:39.563 13511 13544 D NavServiceProvider: Second to last stop coordinates: 28.03244, -82.405462
02-28 09:09:39.564 13511 13544 D NavServiceProvider: Setting units automatically
02-28 09:09:39.565 13511 13544 D NavServiceProvider: Detecting stop. distance_d=1053.1674. stop_type=1 speed=0.0
02-28 09:09:39.565 13511 13544 D NavigationTest: 202: (28.032509, -82.416172, 0.000000)	R:false  F:false
02-28 09:09:39.565 13511 13544 D NavServiceProvider: Second to last stop coordinates: 28.03244, -82.405462
02-28 09:09:39.565 13511 13544 D NavServiceProvider: Setting units automatically
02-28 09:09:39.566 13511 13544 D NavServiceProvider: Detecting stop. distance_d=995.33057. stop_type=1 speed=0.0
02-28 09:09:39.566 13511 13544 D NavigationTest: 203: (28.032400, -82.415584, 0.000000)	R:false  F:false
02-28 09:09:39.566 13511 13544 D NavServiceProvider: Second to last stop coordinates: 28.03244, -82.405462
02-28 09:09:39.567 13511 13544 D NavServiceProvider: Setting units automatically
02-28 09:09:39.568 13511 13544 D NavServiceProvider: Detecting stop. distance_d=995.82275. stop_type=1 speed=0.71
02-28 09:09:39.568 13511 13544 D NavigationTest: 204: (28.032399, -82.415589, 0.710000)	R:false  F:false
02-28 09:09:39.568 13511 13544 D NavServiceProvider: Second to last stop coordinates: 28.03244, -82.405462
02-28 09:09:39.568 13511 13544 D NavServiceProvider: Setting units automatically
02-28 09:09:39.569 13511 13544 D NavServiceProvider: Detecting stop. distance_d=995.33435. stop_type=1 speed=0.0
02-28 09:09:39.569 13511 13544 D NavigationTest: 205: (28.032393, -82.415584, 0.000000)	R:false  F:false
02-28 09:09:39.569 13511 13544 D NavServiceProvider: Second to last stop coordinates: 28.03244, -82.405462
02-28 09:09:39.569 13511 13544 D NavServiceProvider: Setting units automatically
02-28 09:09:39.570 13511 13544 D NavServiceProvider: Detecting stop. distance_d=995.0412. stop_type=1 speed=0.0
02-28 09:09:39.571 13511 13544 D NavigationTest: 206: (28.032390, -82.415581, 0.000000)	R:false  F:false
02-28 09:09:39.571 13511 13544 D NavServiceProvider: Second to last stop coordinates: 28.03244, -82.405462
02-28 09:09:39.571 13511 13544 D NavServiceProvider: Setting units automatically
02-28 09:09:39.572 13511 13544 D NavServiceProvider: Detecting stop. distance_d=994.9461. stop_type=1 speed=0.0
02-28 09:09:39.572 13511 13544 D NavigationTest: 207: (28.032385, -82.415580, 0.000000)	R:false  F:false
02-28 09:09:39.572 13511 13544 D NavServiceProvider: Second to last stop coordinates: 28.03244, -82.405462
02-28 09:09:39.572 13511 13544 D NavServiceProvider: Setting units automatically
02-28 09:09:39.573 13511 13544 D NavServiceProvider: Detecting stop. distance_d=994.55347. stop_type=1 speed=0.0
02-28 09:09:39.573 13511 13544 D NavigationTest: 208: (28.032384, -82.415576, 0.000000)	R:false  F:false
02-28 09:09:39.574 13511 13544 D NavServiceProvider: Second to last stop coordinates: 28.03244, -82.405462
02-28 09:09:39.574 13511 13544 D NavServiceProvider: Setting units automatically
02-28 09:09:39.575 13511 13544 D NavServiceProvider: Detecting stop. distance_d=995.3485. stop_type=1 speed=0.360555
02-28 09:09:39.575 13511 13544 D NavigationTest: 209: (28.032373, -82.415584, 0.360555)	R:false  F:false
02-28 09:09:39.576 13511 13544 D NavServiceProvider: Second to last stop coordinates: 28.03244, -82.405462
02-28 09:09:39.576 13511 13544 D NavServiceProvider: Setting units automatically
02-28 09:09:39.577 13511 13544 D NavServiceProvider: Detecting stop. distance_d=996.63666. stop_type=1 speed=0.0
02-28 09:09:39.577 13511 13544 D NavigationTest: 210: (28.032362, -82.415597, 0.000000)	R:false  F:false
02-28 09:09:39.577 13511 13544 D NavServiceProvider: Second to last stop coordinates: 28.03244, -82.405462
02-28 09:09:39.577 13511 13544 D NavServiceProvider: Setting units automatically
02-28 09:09:39.579 13511 13544 D NavServiceProvider: Detecting stop. distance_d=996.43445. stop_type=1 speed=0.0
02-28 09:09:39.579 13511 13544 D NavigationTest: 211: (28.032368, -82.415595, 0.000000)	R:false  F:false
02-28 09:09:39.579 13511 13544 D NavServiceProvider: Second to last stop coordinates: 28.03244, -82.405462
02-28 09:09:39.579 13511 13544 D NavServiceProvider: Setting units automatically
02-28 09:09:39.580 13511 13544 D NavServiceProvider: Detecting stop. distance_d=996.9226. stop_type=1 speed=0.494975
02-28 09:09:39.580 13511 13544 D NavigationTest: 212: (28.032372, -82.415600, 0.494975)	R:false  F:false
02-28 09:09:39.580 13511 13544 D NavServiceProvider: Second to last stop coordinates: 28.03244, -82.405462
02-28 09:09:39.580 13511 13544 D NavServiceProvider: Setting units automatically
02-28 09:09:39.581 13511 13544 D NavServiceProvider: Detecting stop. distance_d=996.23267. stop_type=1 speed=0.584209
02-28 09:09:39.582 13511 13544 D NavigationTest: 213: (28.032374, -82.415593, 0.584209)	R:false  F:false
02-28 09:09:39.582 13511 13544 D NavServiceProvider: Second to last stop coordinates: 28.03244, -82.405462
02-28 09:09:39.582 13511 13544 D NavServiceProvider: Setting units automatically
02-28 09:09:39.583 13511 13544 D NavServiceProvider: Detecting stop. distance_d=996.62933. stop_type=1 speed=0.0
02-28 09:09:39.583 13511 13544 D NavigationTest: 214: (28.032370, -82.415597, 0.000000)	R:false  F:false
02-28 09:09:39.583 13511 13544 D NavServiceProvider: Second to last stop coordinates: 28.03244, -82.405462
02-28 09:09:39.583 13511 13544 D NavServiceProvider: Setting units automatically
02-28 09:09:39.584 13511 13544 D NavServiceProvider: Detecting stop. distance_d=996.7227. stop_type=1 speed=0.986712
02-28 09:09:39.584 13511 13544 D NavigationTest: 215: (28.032376, -82.415598, 0.986712)	R:false  F:false
02-28 09:09:39.584 13511 13544 D NavServiceProvider: Second to last stop coordinates: 28.03244, -82.405462
02-28 09:09:39.585 13511 13544 D NavServiceProvider: Setting units automatically
02-28 09:09:39.586 13511 13544 D NavServiceProvider: Detecting stop. distance_d=996.9261. stop_type=1 speed=0.260768
02-28 09:09:39.586 13511 13544 D NavigationTest: 216: (28.032368, -82.415600, 0.260768)	R:false  F:false
02-28 09:09:39.586 13511 13544 D NavServiceProvider: Second to last stop coordinates: 28.03244, -82.405462
02-28 09:09:39.586 13511 13544 D NavServiceProvider: Setting units automatically
02-28 09:09:39.587 13511 13544 D NavServiceProvider: Detecting stop. distance_d=998.0172. stop_type=1 speed=0.0
02-28 09:09:39.587 13511 13544 D NavigationTest: 217: (28.032358, -82.415611, 0.000000)	R:false  F:false
02-28 09:09:39.587 13511 13544 D NavServiceProvider: Second to last stop coordinates: 28.03244, -82.405462
02-28 09:09:39.587 13511 13544 D NavServiceProvider: Setting units automatically
02-28 09:09:39.588 13511 13544 D NavServiceProvider: Detecting stop. distance_d=998.2191. stop_type=1 speed=0.0
02-28 09:09:39.588 13511 13544 D NavigationTest: 218: (28.032353, -82.415613, 0.000000)	R:false  F:false
02-28 09:09:39.588 13511 13544 D NavServiceProvider: Second to last stop coordinates: 28.03244, -82.405462
02-28 09:09:39.589 13511 13544 D NavServiceProvider: Setting units automatically
02-28 09:09:39.590 13511 13544 D NavServiceProvider: Detecting stop. distance_d=998.1219. stop_type=1 speed=0.0
02-28 09:09:39.590 13511 13544 D NavigationTest: 219: (28.032352, -82.415612, 0.000000)	R:false  F:false
02-28 09:09:39.590 13511 13544 D NavServiceProvider: Second to last stop coordinates: 28.03244, -82.405462
02-28 09:09:39.590 13511 13544 D NavServiceProvider: Setting units automatically
02-28 09:09:39.592 13511 13544 D NavServiceProvider: Detecting stop. distance_d=998.2191. stop_type=1 speed=0.0
02-28 09:09:39.592 13511 13544 D NavigationTest: 220: (28.032353, -82.415613, 0.000000)	R:false  F:false
02-28 09:09:39.592 13511 13544 D NavServiceProvider: Second to last stop coordinates: 28.03244, -82.405462
02-28 09:09:39.592 13511 13544 D NavServiceProvider: Setting units automatically
02-28 09:09:39.593 13511 13544 D NavServiceProvider: Detecting stop. distance_d=998.1166. stop_type=1 speed=0.0
02-28 09:09:39.593 13511 13544 D NavigationTest: 221: (28.032357, -82.415612, 0.000000)	R:false  F:false
02-28 09:09:39.593 13511 13544 D NavServiceProvider: Second to last stop coordinates: 28.03244, -82.405462
02-28 09:09:39.593 13511 13544 D NavServiceProvider: Setting units automatically
02-28 09:09:39.594 13511 13544 D NavServiceProvider: Detecting stop. distance_d=997.9179. stop_type=1 speed=0.0
02-28 09:09:39.595 13511 13544 D NavigationTest: 222: (28.032359, -82.415610, 0.000000)	R:false  F:false
02-28 09:09:39.595 13511 13544 D NavServiceProvider: Second to last stop coordinates: 28.03244, -82.405462
02-28 09:09:39.595 13511 13544 D NavServiceProvider: Setting units automatically
02-28 09:09:39.596 13511 13544 D NavServiceProvider: Detecting stop. distance_d=1054.1412. stop_type=1 speed=0.0
02-28 09:09:39.596 13511 13544 D NavigationTest: 223: (28.032496, -82.416182, 0.000000)	R:false  F:false
02-28 09:09:39.596 13511 13544 D NavServiceProvider: Second to last stop coordinates: 28.03244, -82.405462
02-28 09:09:39.596 13511 13544 D NavServiceProvider: Setting units automatically
02-28 09:09:39.597 13511 13544 D NavServiceProvider: Detecting stop. distance_d=998.0142. stop_type=1 speed=0.0
02-28 09:09:39.597 13511 13544 D NavigationTest: 224: (28.032361, -82.415611, 0.000000)	R:false  F:false
