02-28 09:09:53.719 13511 13544 D NavServiceProvider: Setting units automatically
02-28 09:09:53.720 13511 13544 D NavServiceProvider: Detecting stop. distance_d=1370.9113. stop_type=1 speed=16.461214
02-28 09:09:53.720 13511 13544 D NavigationTest: 144: (28.052541, -82.524238, 16.461214)	R:false  F:false
02-28 09:09:53.720 13511 13544 D NavServiceProvider: Second to last stop coordinates: 28.059186, -82.536
02-28 09:09:53.720 13511 13544 D NavServiceProvider: Setting units automatically
02-28 09:09:53.721 13511 13544 D NavServiceProvider: Detecting stop. distance_d=1353.5161. stop_type=1 speed=16.670301
02-28 09:09:53.721 13511 13544 D NavigationTest: 145: (28.052641, -82.524376, 16.670301)	R:false  F:false
02-28 09:09:53.721 13511 13544 D NavigationTest: 146: (28.052641, -82.524376, 16.670301)	R:false  F:false
02-28 09:09:53.721 13511 13544 D NavigationTest: 147: (28.052641, -82.524376, 16.670301)	R:false  F:false
02-28 09:09:53.722 13511 13544 D NavigationTest: 148: (28.052641, -82.524376, 16.670301)	R:false  F:false
02-28 09:09:53.722 13511 13544 D NavServiceProvider: Second to last stop coordinates: 28.059186, -82.536
02-28 09:09:53.722 13511 13544 D NavServiceProvider: Setting units automatically
02-28 09:09:53.723 13511 13544 D NavServiceProvider: Detecting stop. distance_d=1334.167. stop_type=1 speed=17.24035
02-28 09:09:53.723 13511 13544 D NavigationTest: 149: (28.052753, -82.524529, 17.240351)	R:false  F:false
02-28 09:09:53.723 13511 13544 D NavigationTest: 150: (28.052753, -82.524529, 17.240351)	R:false  F:false
02-28 09:09:53.723 13511 13544 D NavServiceProvider: Second to last stop coordinates: 28.059186, -82.536
02-28 09:09:53.723 13511 13544 D NavServiceProvider: Setting units automatically
02-28 09:09:53.724 13511 13544 D NavServiceProvider: Detecting stop. distance_d=1317.06. stop_type=1 speed=17.231405
02-28 09:09:53.724 13511 13544 D NavigationTest: 151: (28.052837, -82.524675, 17.231405)	R:false  F:false
02-28 09:09:53.724 13511 13544 D NavServiceProvider: Second to last stop coordinates: 28.059186, -82.536
02-28 09:09:53.725 13511 13544 D NavServiceProvider: Setting units automatically
02-28 09:09:53.726 13511 13544 D NavServiceProvider: Detecting stop. distance_d=1300.0884. stop_type=1 speed=17.64347
02-28 09:09:53.726 13511 13544 D NavigationTest: 152: (28.052937, -82.524808, 17.643471)	R:false  F:false
02-28 09:09:53.726 13511 13544 D NavigationTest: 153: (28.052937, -82.524808, 17.643471)	R:false  F:false
02-28 09:09:53.726 13511 13544 D NavServiceProvider: Second to last stop coordinates: 28.059186, -82.536
02-28 09:09:53.726 13511 13544 D NavServiceProvider: Setting units automatically
02-28 09:09:53.727 13511 13544 D NavServiceProvider: Detecting stop. distance_d=1283.932. stop_type=1 speed=17.270144
02-28 09:09:53.727 13511 13544 D NavigationTest: 154: (28.053019, -82.524944, 17.270144)	R:false  F:false
02-28 09:09:53.727 13511 13544 D NavigationTest: 155: (28.053019, -82.524944, 17.270144)	R:false  F:false
02-28 09:09:53.727 13511 13544 D NavServiceProvider: Second to last stop coordinates: 28.059186, -82.536
02-28 09:09:53.727 13511 13544 D NavServiceProvider: Setting units automatically
02-28 09:09:53.728 13511 13544 D NavServiceProvider: Detecting stop. distance_d=1265.7509. stop_type=1 speed=17.540073
02-28 09:09:53.728 13511 13544 D NavigationTest: 156: (28.053117, -82.525093, 17.540073)	R:false  F:false
02-28 09:09:53.728 13511 13544 D NavigationTest: 157: (28.053117, -82.525093, 17.540073)	R:false  F:false
02-28 09:09:53.728 13511 13544 D NavServiceProvider: Second to last stop coordinates: 28.059186, -82.536
02-28 09:09:53.729 13511 13544 D NavServiceProvider: Setting units automatically
02-28 09:09:53.730 13511 13544 D NavServiceProvider: Detecting stop. distance_d=1247.1448. stop_type=1 speed=18.410011
02-28 09:09:53.730 13511 13544 D NavigationTest: 158: (28.053218, -82.525245, 18.410011)	R:false  F:false
02-28 09:09:53.730 13511 13544 D NavigationTest: 159: (28.053218, -82.525245, 18.410011)	R:false  F:false
02-28 09:09:53.730 13511 13544 D NavServiceProvider: Second to last stop coordinates: 28.059186, -82.536
02-28 09:09:53.730 13511 13544 D NavServiceProvider: Setting units automatically
02-28 09:09:53.732 13511 13544 D NavServiceProvider: Detecting stop. distance_d=1228.6241. stop_type=1 speed=18.87068
02-28 09:09:53.732 13511 13544 D NavigationTest: 160: (28.053319, -82.525396, 18.870680)	R:false  F:false
02-28 09:09:53.732 13511 13544 D NavServiceProvider: Second to last stop coordinates: 28.059186, -82.536
02-28 09:09:53.732 13511 13544 D NavServiceProvider: Setting units automatically
02-28 09:09:53.733 13511 13544 D NavServiceProvider: Detecting stop. distance_d=1208.6522. stop_type=1 speed=19.17
02-28 09:09:53.733 13511 13544 D NavigationTest: 161: (28.053432, -82.525556, 19.170000)	R:false  F:false
02-28 09:09:53.733 13511 13544 D NavigationTest: 162: (28.053432, -82.525556, 19.170000)	R:false  F:false
02-28 09:09:53.733 13511 13544 D NavServiceProvider: Second to last stop coordinates: 28.059186, -82.536
02-28 09:09:53.733 13511 13544 D NavServiceProvider: Setting units automatically
02-28 09:09:53.734 13511 13544 D NavServiceProvider: Detecting stop. distance_d=1190.3121. stop_type=1 speed=18.97017
02-28 09:09:53.735 13511 13544 D NavigationTest: 163: (28.053530, -82.525707, 18.970169)	R:false  F:false
02-28 09:09:53.735 13511 13544 D NavigationTest: 164: (28.053530, -82.525707, 18.970169)	R:false  F:false
02-28 09:09:53.735 13511 13544 D NavServiceProvider: Second to last stop coordinates: 28.059186, -82.536
02-28 09:09:53.735 13511 13544 D NavServiceProvider: Setting units automatically
02-28 09:09:53.736 13511 13544 D NavServiceProvider: Detecting stop. distance_d=1170.5477. stop_type=1 speed=19.26
02-28 09:09:53.736 13511 13544 D NavigationTest: 165: (28.053641, -82.525866, 19.260000)	R:false  F:false
02-28 09:09:53.736 13511 13544 D NavigationTest: 166: (28.053641, -82.525866, 19.260000)	R:false  F:false
02-28 09:09:53.736 13511 13544 D NavServiceProvider: Second to last stop coordinates: 28.059186, -82.536
02-28 09:09:53.736 13511 13544 D NavServiceProvider: Setting units automatically
02-28 09:09:53.737 13511 13544 D NavServiceProvider: Detecting stop. distance_d=1151.7672. stop_type=1 speed=19.580309
02-28 09:09:53.737 13511 13544 D NavigationTest: 167: (28.053751, -82.526014, 19.580309)	R:false  F:false
02-28 09:09:53.737 13511 13544 D NavigationTest: 168: (28.053751, -82.526014, 19.580309)	R:false  F:false
02-28 09:09:53.737 13511 13544 D NavServiceProvider: Second to last stop coordinates: 28.059186, -82.536
02-28 09:09:53.738 13511 13544 D NavServiceProvider: Setting units automatically
02-28 09:09:53.739 13511 13544 D NavServiceProvider: Detecting stop. distance_d=1134.6322. stop_type=1 speed=19.080023
02-28 09:09:53.739 13511 13544 D NavigationTest: 169: (28.053824, -82.526168, 19.080023)	R:false  F:false
02-28 09:09:53.739 13511 13544 D NavigationTest: 170: (28.053824, -82.526168, 19.080023)	R:false  F:false
02-28 09:09:53.739 13511 13544 D NavServiceProvider: Second to last stop coordinates: 28.059186, -82.536
02-28 09:09:53.739 13511 13544 D NavServiceProvider: Setting units automatically
02-28 09:09:53.740 13511 13544 D NavServiceProvider: Detecting stop. distance_d=1115.7778. stop_type=1 speed=19.16001
02-28 09:09:53.740 13511 13544 D NavigationTest: 171: (28.053931, -82.526319, 19.160009)	R:false  F:false
02-28 09:09:53.740 13511 13544 D NavigationTest: 172: (28.053931, -82.526319, 19.160009)	R:false  F:false
02-28 09:09:53.740 13511 13544 D NavServiceProvider: Second to last stop coordinates: 28.059186, -82.536
02-28 09:09:53.741 13511 13544 D NavServiceProvider: Setting units automatically
02-28 09:09:53.742 13511 13544 D NavServiceProvider: Detecting stop. distance_d=1096.8446. stop_type=1 speed=19.090317
02-28 09:09:53.742 13511 13544 D NavigationTest: 173: (28.054038, -82.526471, 19.090317)	R:false  F:false
02-28 09:09:53.742 13511 13544 D NavigationTest: 174: (28.054038, -82.526471, 19.090317)	R:false  F:false
02-28 09:09:53.742 13511 13544 D NavServiceProvider: Second to last stop coordinates: 28.059186, -82.536
02-28 09:09:53.742 13511 13544 D NavServiceProvider: Setting units automatically
02-28 09:09:53.743 13511 13544 D NavServiceProvider: Detecting stop. distance_d=1077.726. stop_type=1 speed=19.10013
02-28 09:09:53.743 13511 13544 D NavigationTest: 175: (28.054141, -82.526628, 19.100130)	R:false  F:false
02-28 09:09:53.743 13511 13544 D NavServiceProvider: Second to last stop coordinates: 28.059186, -82.536
02-28 09:09:53.743 13511 13544 D NavServiceProvider: Setting units automatically
02-28 09:09:53.744 13511 13544 D NavServiceProvider: Detecting stop. distance_d=1056.3641. stop_type=1 speed=19.460009
02-28 09:09:53.744 13511 13544 D NavigationTest: 176: (28.054270, -82.526794, 19.460009)	R:false  F:false
02-28 09:09:53.744 13511 13544 D NavigationTest: 177: (28.054270, -82.526794, 19.460009)	R:false  F:false
02-28 09:09:53.744 13511 13544 D NavServiceProvider: Second to last stop coordinates: 28.059186, -82.536
02-28 09:09:53.745 13511 13544 D NavServiceProvider: Setting units automatically
02-28 09:09:53.746 13511 13544 D NavServiceProvider: Detecting stop. distance_d=1038.4424. stop_type=1 speed=19.160023
02-28 09:09:53.746 13511 13544 D NavigationTest: 178: (28.054364, -82.526943, 19.160023)	R:false  F:false
02-28 09:09:53.746 13511 13544 D NavServiceProvider: Second to last stop coordinates: 28.059186, -82.536
02-28 09:09:53.746 13511 13544 D NavServiceProvider: Setting units automatically
02-28 09:09:53.747 13511 13544 D NavServiceProvider: Detecting stop. distance_d=1020.7757. stop_type=1 speed=19.110003
02-28 09:09:53.747 13511 13544 D NavigationTest: 179: (28.054458, -82.527089, 19.110003)	R:false  F:false
02-28 09:09:53.747 13511 13544 D NavigationTest: 180: (28.054458, -82.527089, 19.110003)	R:false  F:false
02-28 09:09:53.747 13511 13544 D NavServiceProvider: Second to last stop coordinates: 28.059186, -82.536
02-28 09:09:53.747 13511 13544 D NavServiceProvider: Setting units automatically
02-28 09:09:53.748 13511 13544 D NavServiceProvider: Detecting stop. distance_d=1001.50073. stop_type=1 speed=19.000042
02-28 09:09:53.748 13511 13544 D NavigationTest: 181: (28.054567, -82.527244, 19.000042)	R:false  F:false
02-28 09:09:53.748 13511 13544 D NavigationTest: 182: (28.054567, -82.527244, 19.000042)	R:false  F:false
02-28 09:09:53.748 13511 13544 D NavServiceProvider: Second to last stop coordinates: 28.059186, -82.536
02-28 09:09:53.749 13511 13544 D NavServiceProvider: Setting units automatically
02-28 09:09:53.750 13511 13544 D NavServiceProvider: Detecting stop. distance_d=981.2737. stop_type=1 speed=19.250023
02-28 09:09:53.750 13511 13544 D NavigationTest: 183: (28.054684, -82.527405, 19.250023)	R:false  F:false
02-28 09:09:53.750 13511 13544 D NavigationTest: 184: (28.054684, -82.527405, 19.250023)	R:false  F:false
02-28 09:09:53.750 13511 13544 D NavigationTest: 185: (28.054684, -82.527405, 19.250023)	R:false  F:false
02-28 09:09:53.750 13511 13544 D NavigationTest: 186: (28.054684, -82.527405, 19.250023)	R:false  F:false
02-28 09:09:53.750 13511 13544 D NavServiceProvider: Second to last stop coordinates: 28.059186, -82.536
02-28 09:09:53.750 13511 13544 D NavServiceProvider: Setting units automatically
02-28 09:09:53.751 13511 13544 D NavServiceProvider: Detecting stop. distance_d=961.8507. stop_type=1 speed=19.23
02-28 09:09:53.751 13511 13544 D NavigationTest: 187: (28.054805, -82.527554, 19.230000)	R:false  F:false
02-28 09:09:53.751 13511 13544 D NavigationTest: 188: (28.054805, -82.527554, 19.230000)	R:false  F:false
02-28 09:09:53.751 13511 13544 D NavServiceProvider: Second to last stop coordinates: 28.059186, -82.536
02-28 09:09:53.752 13511 13544 D NavServiceProvider: Setting units automatically
02-28 09:09:53.753 13511 13544 D NavServiceProvider: Detecting stop. distance_d=943.15485. stop_type=1 speed=19.111383
02-28 09:09:53.753 13511 13544 D NavigationTest: 189: (28.054898, -82.527713, 19.111383)	R:false  F:false
02-28 09:09:53.753 13511 13544 D NavigationTest: 190: (28.054898, -82.527713, 19.111383)	R:false  F:false
02-28 09:09:53.753 13511 13544 D NavServiceProvider: Second to last stop coordinates: 28.059186, -82.536
02-28 09:09:53.753 13511 13544 D NavServiceProvider: Setting units automatically
02-28 09:09:53.754 13511 13544 D NavServiceProvider: Detecting stop. distance_d=920.85486. stop_type=1 speed=19.060316
02-28 09:09:53.754 13511 13544 D NavigationTest: 191: (28.055036, -82.527885, 19.060316)	R:false  F:false
02-28 09:09:53.754 13511 13544 D NavServiceProvider: Second to last stop coordinates: 28.059186, -82.536
02-28 09:09:53.755 13511 13544 D NavServiceProvider: Setting units automatically
02-28 09:09:53.756 13511 13544 D NavServiceProvider: Detecting stop. distance_d=901.1182. stop_type=1 speed=19.160128
02-28 09:09:53.756 13511 13544 D NavigationTest: 192: (28.055148, -82.528044, 19.160128)	R:false  F:false
02-28 09:09:53.756 13511 13544 D NavigationTest: 193: (28.055148, -82.528044, 19.160128)	R:false  F:false
02-28 09:09:53.756 13511 13544 D NavServiceProvider: Second to last stop coordinates: 28.059186, -82.536
02-28 09:09:53.756 13511 13544 D NavServiceProvider: Setting units automatically
02-28 09:09:53.757 13511 13544 D NavServiceProvider: Detecting stop. distance_d=882.8051. stop_type=1 speed=19.120377
02-28 09:09:53.757 13511 13544 D NavigationTest: 194: (28.055242, -82.528198, 19.120377)	R:false  F:false
02-28 09:09:53.757 13511 13544 D NavigationTest: 195: (28.055242, -82.528198, 19.120377)	R:false  F:false
02-28 09:09:53.757 13511 13544 D NavServiceProvider: Second to last stop coordinates: 28.059186, -82.536
02-28 09:09:53.757 13511 13544 D NavServiceProvider: Setting units automatically
02-28 09:09:53.758 13511 13544 D NavServiceProvider: Detecting stop. distance_d=862.91284. stop_type=1 speed=19.280066
02-28 09:09:53.758 13511 13544 D NavigationTest: 196: (28.055354, -82.528359, 19.280066)	R:false  F:false
02-28 09:09:53.759 13511 13544 D NavServiceProvider: Second to last stop coordinates: 28.059186, -82.536
02-28 09:09:53.759 13511 13544 D NavServiceProvider: Setting units automatically
02-28 09:09:53.760 13511 13544 D NavServiceProvider: Detecting stop. distance_d=842.9112. stop_type=1 speed=19.630161
02-28 09:09:53.760 13511 13544 D NavigationTest: 197: (28.055454, -82.528529, 19.630161)	R:false  F:false
02-28 09:09:53.760 13511 13544 D NavigationTest: 198: (28.055454, -82.528529, 19.630161)	R:false  F:false
02-28 09:09:53.760 13511 13544 D NavServiceProvider: Second to last stop coordinates: 28.059186, -82.536
02-28 09:09:53.760 13511 13544 D NavServiceProvider: Setting units automatically
02-28 09:09:53.761 13511 13544 D NavServiceProvider: Detecting stop. distance_d=823.3951. stop_type=1 speed=19.411741
02-28 09:09:53.761 13511 13544 D NavigationTest: 199: (28.055553, -82.528694, 19.411741)	R:false  F:false
02-28 09:09:53.761 13511 13544 D NavServiceProvider: Second to last stop coordinates: 28.059186, -82.536
02-28 09:09:53.762 13511 13544 D NavServiceProvider: Setting units automatically
02-28 09:09:53.763 13511 13544 D NavServiceProvider: Detecting stop. distance_d=802.71967. stop_type=1 speed=20.000902
02-28 09:09:53.763 13511 13544 D NavigationTest: 200: (28.055664, -82.528865, 20.000902)	R:false  F:false
02-28 09:09:53.763 13511 13544 D NavigationTest: 201: (28.055664, -82.528865, 20.000902)	R:false  F:false
02-28 09:09:53.763 13511 13544 D NavServiceProvider: Second to last stop coordinates: 28.059186, -82.536
02-28 09:09:53.763 13511 13544 D NavServiceProvider: Setting units automatically
02-28 09:09:53.764 13511 13544 D NavServiceProvider: Detecting stop. distance_d=782.3966. stop_type=1 speed=19.58004
02-28 09:09:53.764 13511 13544 D NavigationTest: 202: (28.055751, -82.529047, 19.580040)	R:false  F:false
02-28 09:09:53.764 13511 13544 D NavigationTest: 203: (28.055751, -82.529047, 19.580040)	R:false  F:false
02-28 09:09:53.764 13511 13544 D NavServiceProvider: Second to last stop coordinates: 28.059186, -82.536
02-28 09:09:53.764 13511 13544 D NavServiceProvider: Setting units automatically
02-28 09:09:53.765 13511 13544 D NavServiceProvider: Detecting stop. distance_d=765.1956. stop_type=1 speed=19.29084
02-28 09:09:53.765 13511 13544 D NavigationTest: 204: (28.055812, -82.529209, 19.290840)	R:false  F:false
02-28 09:09:53.765 13511 13544 D NavigationTest: 205: (28.055812, -82.529209, 19.290840)	R:false  F:false
02-28 09:09:53.765 13511 13544 D NavServiceProvider: Second to last stop coordinates: 28.059186, -82.536
02-28 09:09:53.766 13511 13544 D NavServiceProvider: Setting units automatically
02-28 09:09:53.767 13511 13544 D NavServiceProvider: Detecting stop. distance_d=745.5339. stop_type=1 speed=18.760067
02-28 09:09:53.767 13511 13544 D NavigationTest: 206: (28.055909, -82.529377, 18.760067)	R:false  F:false
02-28 09:09:53.767 13511 13544 D NavigationTest: 207: (28.055909, -82.529377, 18.760067)	R:false  F:false
02-28 09:09:53.767 13511 13544 D NavServiceProvider: Second to last stop coordinates: 28.059186, -82.536
02-28 09:09:53.767 13511 13544 D NavServiceProvider: Setting units automatically
02-28 09:09:53.768 13511 13544 D NavServiceProvider: Detecting stop. distance_d=727.04584. stop_type=1 speed=18.15054
02-28 09:09:53.768 13511 13544 D NavigationTest: 208: (28.056005, -82.529532, 18.150539)	R:false  F:false
02-28 09:09:53.768 13511 13544 D NavigationTest: 209: (28.056005, -82.529532, 18.150539)	R:false  F:false
02-28 09:09:53.768 13511 13544 D NavServiceProvider: Second to last stop coordinates: 28.059186, -82.536
02-28 09:09:53.769 13511 13544 D NavServiceProvider: Setting units automatically
02-28 09:09:53.770 13511 13544 D NavServiceProvider: Detecting stop. distance_d=707.8942. stop_type=1 speed=18.020226
02-28 09:09:53.770 13511 13544 D NavigationTest: 210: (28.056083, -82.529706, 18.020226)	R:false  F:false
02-28 09:09:53.770 13511 13544 D NavServiceProvider: Second to last stop coordinates: 28.059186, -82.536
02-28 09:09:53.770 13511 13544 D NavServiceProvider: Setting units automatically
02-28 09:09:53.771 13511 13544 D NavServiceProvider: Detecting stop. distance_d=692.56903. stop_type=1 speed=17.23049
02-28 09:09:53.771 13511 13544 D NavigationTest: 211: (28.056165, -82.529833, 17.230490)	R:false  F:false
02-28 09:09:53.771 13511 13544 D NavigationTest: 212: (28.056165, -82.529833, 17.230490)	R:false  F:false
02-28 09:09:53.771 13511 13544 D NavServiceProvider: Second to last stop coordinates: 28.059186, -82.536
02-28 09:09:53.772 13511 13544 D NavServiceProvider: Setting units automatically
02-28 09:09:53.773 13511 13544 D NavServiceProvider: Detecting stop. distance_d=674.21344. stop_type=1 speed=17.460045
02-28 09:09:53.773 13511 13544 D NavigationTest: 213: (28.056249, -82.529994, 17.460045)	R:false  F:false
02-28 09:09:53.773 13511 13544 D NavServiceProvider: Second to last stop coordinates: 28.059186, -82.536
02-28 09:09:53.773 13511 13544 D NavServiceProvider: Setting units automatically
02-28 09:09:53.774 13511 13544 D NavServiceProvider: Detecting stop. distance_d=657.82764. stop_type=1 speed=17.100187
02-28 09:09:53.774 13511 13544 D NavigationTest: 214: (28.056330, -82.530134, 17.100187)	R:false  F:false
02-28 09:09:53.774 13511 13544 D NavigationTest: 215: (28.056330, -82.530134, 17.100187)	R:false  F:false
02-28 09:09:53.774 13511 13544 D NavServiceProvider: Second to last stop coordinates: 28.059186, -82.536
02-28 09:09:53.774 13511 13544 D NavServiceProvider: Setting units automatically
02-28 09:09:53.775 13511 13544 D NavServiceProvider: Detecting stop. distance_d=624.60443. stop_type=1 speed=16.710026
02-28 09:09:53.775 13511 13544 D NavigationTest: 216: (28.056486, -82.530423, 16.710026)	R:false  F:false
02-28 09:09:53.775 13511 13544 D NavServiceProvider: Second to last stop coordinates: 28.059186, -82.536
02-28 09:09:53.776 13511 13544 D NavServiceProvider: Setting units automatically
02-28 09:09:53.777 13511 13544 D NavServiceProvider: Detecting stop. distance_d=607.3933. stop_type=1 speed=16.660192
02-28 09:09:53.777 13511 13544 D NavigationTest: 217: (28.056555, -82.530580, 16.660192)	R:false  F:false
02-28 09:09:53.777 13511 13544 D NavServiceProvider: Second to last stop coordinates: 28.059186, -82.536
02-28 09:09:53.777 13511 13544 D NavServiceProvider: Setting units automatically
02-28 09:09:53.778 13511 13544 D NavServiceProvider: Detecting stop. distance_d=590.7496. stop_type=1 speed=16.460594
02-28 09:09:53.778 13511 13544 D NavigationTest: 218: (28.056615, -82.530736, 16.460594)	R:false  F:false
02-28 09:09:53.778 13511 13544 D NavigationTest: 219: (28.056615, -82.530736, 16.460594)	R:false  F:false
02-28 09:09:53.778 13511 13544 D NavigationTest: 220: (28.056615, -82.530736, 16.460594)	R:false  F:false
02-28 09:09:53.778 13511 13544 D NavServiceProvider: Second to last stop coordinates: 28.059186, -82.536
02-28 09:09:53.778 13511 13544 D NavServiceProvider: Setting units automatically
02-28 09:09:53.779 13511 13544 D NavServiceProvider: Detecting stop. distance_d=574.47644. stop_type=1 speed=15.31
02-28 09:09:53.780 13511 13544 D NavigationTest: 221: (28.056681, -82.530884, 15.310000)	R:false  F:false
02-28 09:09:53.780 13511 13544 D NavServiceProvider: Second to last stop coordinates: 28.059186, -82.536
02-28 09:09:53.780 13511 13544 D NavServiceProvider: Setting units automatically
02-28 09:09:53.781 13511 13544 D NavServiceProvider: Detecting stop. distance_d=559.0463. stop_type=1 speed=15.050748
02-28 09:09:53.781 13511 13544 D NavigationTest: 222: (28.056757, -82.531016, 15.050748)	R:false  F:false
02-28 09:09:53.781 13511 13544 D NavigationTest: 223: (28.056757, -82.531016, 15.050748)	R:false  F:false
02-28 09:09:53.781 13511 13544 D NavServiceProvider: Second to last stop coordinates: 28.059186, -82.536
02-28 09:09:53.781 13511 13544 D NavServiceProvider: Setting units automatically
02-28 09:09:53.782 13511 13544 D NavServiceProvider: Detecting stop. distance_d=543.6103. stop_type=1 speed=15.350082
02-28 09:09:53.782 13511 13544 D NavigationTest: 224: (28.056817, -82.531158, 15.350082)	R:false  F:false
02-28 09:09:53.782 13511 13544 D NavigationTest: 225: (28.056817, -82.531158, 15.350082)	R:false  F:false
02-28 09:09:53.782 13511 13544 D NavServiceProvider: Second to last stop coordinates: 28.059186, -82.536
02-28 09:09:53.783 13511 13544 D NavServiceProvider: Setting units automatically
02-28 09:09:53.784 13511 13544 D NavServiceProvider: Detecting stop. distance_d=529.6267. stop_type=1 speed=15.04003
02-28 09:09:53.784 13511 13544 D NavigationTest: 226: (28.056866, -82.531290, 15.040030)	R:false  F:false
02-28 09:09:53.784 13511 13544 D NavServiceProvider: Second to last stop coordinates: 28.059186, -82.536
02-28 09:09:53.784 13511 13544 D NavServiceProvider: Setting units automatically
02-28 09:09:53.785 13511 13544 D NavServiceProvider: Detecting stop. distance_d=511.8247. stop_type=1 speed=16.160309
02-28 09:09:53.785 13511 13544 D NavigationTest: 227: (28.056967, -82.531434, 16.160309)	R:false  F:false
02-28 09:09:53.785 13511 13544 D NavigationTest: 228: (28.056967, -82.531434, 16.160309)	R:false  F:false
02-28 09:09:53.785 13511 13544 D NavServiceProvider: Second to last stop coordinates: 28.059186, -82.536
02-28 09:09:53.785 13511 13544 D NavServiceProvider: Setting units automatically
02-28 09:09:53.786 13511 13544 D NavServiceProvider: Detecting stop. distance_d=495.0974. stop_type=1 speed=16.500244
02-28 09:09:53.786 13511 13544 D NavigationTest: 229: (28.057048, -82.531578, 16.500244)	R:false  F:false
02-28 09:09:53.786 13511 13544 D NavServiceProvider: Second to last stop coordinates: 28.059186, -82.536
02-28 09:09:53.787 13511 13544 D NavServiceProvider: Setting units automatically
02-28 09:09:53.788 13511 13544 D NavServiceProvider: Detecting stop. distance_d=478.61752. stop_type=1 speed=16.480776
02-28 09:09:53.788 13511 13544 D NavigationTest: 230: (28.057126, -82.531721, 16.480776)	R:false  F:false
02-28 09:09:53.788 13511 13544 D NavigationTest: 231: (28.057126, -82.531721, 16.480776)	R:false  F:false
02-28 09:09:53.788 13511 13544 D NavServiceProvider: Second to last stop coordinates: 28.059186, -82.536
02-28 09:09:53.788 13511 13544 D NavServiceProvider: Setting units automatically
02-28 09:09:53.789 13511 13544 D NavServiceProvider: Detecting stop. distance_d=460.49677. stop_type=1 speed=17.441265
02-28 09:09:53.789 13511 13544 D NavigationTest: 232: (28.057204, -82.531883, 17.441265)	R:false  F:false
02-28 09:09:53.789 13511 13544 D NavServiceProvider: Second to last stop coordinates: 28.059186, -82.536
02-28 09:09:53.790 13511 13544 D NavServiceProvider: Setting units automatically
02-28 09:09:53.791 13511 13544 D NavServiceProvider: Detecting stop. distance_d=443.45792. stop_type=1 speed=16.9205
02-28 09:09:53.791 13511 13544 D NavigationTest: 233: (28.057260, -82.532046, 16.920500)	R:false  F:false
02-28 09:09:53.791 13511 13544 D NavigationTest: 234: (28.057260, -82.532046, 16.920500)	R:false  F:false
02-28 09:09:53.791 13511 13544 D NavServiceProvider: Second to last stop coordinates: 28.059186, -82.536
02-28 09:09:53.791 13511 13544 D NavServiceProvider: Setting units automatically
02-28 09:09:53.795 13511 13544 D NavServiceProvider: Detecting stop. distance_d=423.6898. stop_type=1 speed=17.12
02-28 09:09:53.795 13511 13544 D NavigationTest: 235: (28.057356, -82.532216, 17.120001)	R:false  F:false
02-28 09:09:53.795 13511 13544 D NavServiceProvider: Second to last stop coordinates: 28.059186, -82.536
02-28 09:09:53.795 13511 13544 D NavServiceProvider: Setting units automatically
02-28 09:09:53.797 13511 13544 D NavServiceProvider: Detecting stop. distance_d=405.04514. stop_type=1 speed=17.240234
02-28 09:09:53.797 13511 13544 D NavigationTest: 236: (28.057467, -82.532364, 17.240234)	R:false  F:false
02-28 09:09:53.797 13511 13544 D NavigationTest: 237: (28.057467, -82.532364, 17.240234)	R:false  F:false
02-28 09:09:53.797 13511 13544 D NavServiceProvider: Second to last stop coordinates: 28.059186, -82.536
02-28 09:09:53.797 13511 13544 D NavServiceProvider: Setting units automatically
02-28 09:09:53.798 13511 13544 D NavServiceProvider: Detecting stop. distance_d=393.77106. stop_type=1 speed=16.190695
02-28 09:09:53.798 13511 13544 D NavigationTest: 238: (28.057497, -82.532476, 16.190695)	R:false  F:false
02-28 09:09:53.798 13511 13544 D NavigationTest: 239: (28.057497, -82.532476, 16.190695)	R:false  F:false
02-28 09:09:53.798 13511 13544 D NavServiceProvider: Second to last stop coordinates: 28.059186, -82.536
02-28 09:09:53.799 13511 13544 D NavServiceProvider: Setting units automatically
02-28 09:09:53.800 13511 13544 D NavServiceProvider: Detecting stop. distance_d=380.4005. stop_type=1 speed=14.960482
02-28 09:09:53.800 13511 13544 D NavigationTest: 240: (28.057582, -82.532579, 14.960482)	R:false  F:false
02-28 09:09:53.800 13511 13544 D NavigationTest: 241: (28.057582, -82.532579, 14.960482)	R:false  F:false
02-28 09:09:53.800 13511 13544 D NavServiceProvider: Second to last stop coordinates: 28.059186, -82.536
02-28 09:09:53.801 13511 13544 D NavServiceProvider: Setting units automatically
02-28 09:09:53.802 13511 13544 D NavServiceProvider: Detecting stop. distance_d=370.98303. stop_type=1 speed=12.510005
02-28 09:09:53.802 13511 13544 D NavigationTest: 242: (28.057593, -82.532681, 12.510005)	R:false  F:false
02-28 09:09:53.802 13511 13544 D NavServiceProvider: Second to last stop coordinates: 28.059186, -82.536
02-28 09:09:53.803 13511 13544 D NavServiceProvider: Setting units automatically
02-28 09:09:53.804 13511 13544 D NavServiceProvider: Detecting stop. distance_d=360.35367. stop_type=1 speed=12.02
02-28 09:09:53.804 13511 13544 D NavigationTest: 243: (28.057629, -82.532782, 12.020000)	R:false  F:false
02-28 09:09:53.804 13511 13544 D NavigationTest: 244: (28.057629, -82.532782, 12.020000)	R:false  F:false
02-28 09:09:53.804 13511 13544 D NavServiceProvider: Second to last stop coordinates: 28.059186, -82.536
02-28 09:09:53.804 13511 13544 D NavServiceProvider: Setting units automatically
02-28 09:09:53.806 13511 13544 D NavServiceProvider: Detecting stop. distance_d=349.74088. stop_type=1 speed=11.480017
02-28 09:09:53.806 13511 13544 D NavigationTest: 245: (28.057668, -82.532881, 11.480017)	R:false  F:false
02-28 09:09:53.806 13511 13544 D NavServiceProvider: Second to last stop coordinates: 28.059186, -82.536
02-28 09:09:53.806 13511 13544 D NavServiceProvider: Setting units automatically
02-28 09:09:53.807 13511 13544 D NavServiceProvider: Detecting stop. distance_d=338.87515. stop_type=1 speed=10.990018
02-28 09:09:53.807 13511 13544 D NavigationTest: 246: (28.057715, -82.532978, 10.990018)	R:false  F:false
02-28 09:09:53.807 13511 13544 D NavigationTest: 247: (28.057715, -82.532978, 10.990018)	R:false  F:false
02-28 09:09:53.807 13511 13544 D NavServiceProvider: Second to last stop coordinates: 28.059186, -82.536
02-28 09:09:53.808 13511 13544 D NavServiceProvider: Setting units automatically
02-28 09:09:53.809 13511 13544 D NavServiceProvider: Detecting stop. distance_d=331.46216. stop_type=1 speed=9.840127
02-28 09:09:53.809 13511 13544 D NavigationTest: 248: (28.057762, -82.533035, 9.840127)	R:false  F:false
02-28 09:09:53.809 13511 13544 D NavigationTest: 249: (28.057762, -82.533035, 9.840127)	R:false  F:false
02-28 09:09:53.809 13511 13544 D NavServiceProvider: Second to last stop coordinates: 28.059186, -82.536
02-28 09:09:53.809 13511 13544 D NavServiceProvider: Setting units automatically
02-28 09:09:53.810 13511 13544 D NavServiceProvider: Detecting stop. distance_d=322.34183. stop_type=1 speed=9.60075
02-28 09:09:53.810 13511 13544 D NavigationTest: 250: (28.057817, -82.533107, 9.600750)	R:false  F:false
02-28 09:09:53.811 13511 13544 D NavServiceProvider: Second to last stop coordinates: 28.059186, -82.536
02-28 09:09:53.811 13511 13544 D NavServiceProvider: Setting units automatically
02-28 09:09:53.812 13511 13544 D NavServiceProvider: Detecting stop. distance_d=316.25272. stop_type=1 speed=8.620284
02-28 09:09:53.812 13511 13544 D NavigationTest: 251: (28.057834, -82.533167, 8.620284)	R:false  F:false
02-28 09:09:53.812 13511 13544 D NavigationTest: 252: (28.057834, -82.533167, 8.620284)	R:false  F:false
02-28 09:09:53.812 13511 13544 D NavServiceProvider: Second to last stop coordinates: 28.059186, -82.536
02-28 09:09:53.813 13511 13544 D NavServiceProvider: Setting units automatically
02-28 09:09:53.815 13579 13766 D AudioTrack: stop(192): called with 6976 frames delivered
02-28 09:09:53.815 13579 13612 I SynthesisCache: streamCachedRequest call to callback.audioAvailable failed: -1
02-28 09:09:53.816 13579 13612 I GoogleTTSServiceImpl: Synthesis request for locale eng-USA and name en-US-language
02-28 09:09:53.817 13511 13544 D NavServiceProvider: -----Get ready!
02-28 09:09:53.817 13511 13544 D NavigationTest: 253: (28.058538, -82.534719, 0.000000)	R:true  F:false
02-28 09:09:53.817 13511 13544 D NavServiceProvider: Second to last stop coordinates: 28.059186, -82.536
02-28 09:09:53.818 13511 13544 D NavServiceProvider: Setting units automatically
02-28 09:09:53.818 13579 13612 I GoogleTTSServiceImpl: TTS dispatch: en-us-x-iog-seanet-embedded
02-28 09:09:53.819  2666  3413 D Avrcp_ext: AudioManager Player: ID:23 -- type:android.media.SoundPool -- u/pid:10126/2688 -- state:idle -- attr:AudioAttributes: usage=USAGE_ASSISTANCE_SONIFICATION content=CONTENT_TYPE_SONIFICATION flags=0x800 tags= bundle=null
02-28 09:09:53.819  2666  3413 D Avrcp_ext: AudioManager Player: ID:1383 -- type:android.media.AudioTrack -- u/pid:10088/13579 -- state:stopped -- attr:AudioAttributes: usage=USAGE_MEDIA content=CONTENT_TYPE_SPEECH flags=0x800 tags= bundle=null
02-28 09:09:53.819  2666  3413 D Avrcp_ext: AudioManager Player: ID:15 -- type:android.media.SoundPool -- u/pid:1000/1493 -- state:idle -- attr:AudioAttributes: usage=USAGE_ASSISTANCE_SONIFICATION content=CONTENT_TYPE_SONIFICATION flags=0x800 tags= bundle=null
02-28 09:09:53.819  2666  3413 D Avrcp_ext: AudioManager isPlaying: false
02-28 09:09:53.819  2666  3413 V Avrcp_ext: updateCurrentMediaState: mMediaController: null
02-28 09:09:53.819 13511 13544 D NavServiceProvider: Detecting stop. distance_d=144.96909. stop_type=1 speed=0.0
02-28 09:09:53.819 13511 13544 D NavigationTest: 253: (28.058538, -82.534719, 0.000000)	R:true  F:false
02-28 09:09:53.819 13511 13544 D NavServiceProvider: Second to last stop coordinates: 28.059186, -82.536
02-28 09:09:53.819  2666  3413 V Avrcp_ext: isMusicActive: true getBluetoothPlayState: 2
02-28 09:09:53.819  2666  3413 V Avrcp_ext: updateCurrentMediaState: isPlaying = false
02-28 09:09:53.819  2666  3413 V Avrcp_ext: Media update: id -1➡-1? [MediaAttributes: none] : [MediaAttributes: none]
02-28 09:09:53.819  2666  3413 V Avrcp_ext: newPlayStatus:2mReportedPlayStatus:-1
02-28 09:09:53.819  2666  3413 V Avrcp_ext: updatePlaybackState, state: PlaybackState {state=2, position=-1, buffered position=0, speed=0.0, updated=1797150, actions=0, custom actions=[], active item id=-1, error=null} device: null
02-28 09:09:53.819  2666  3413 V Avrcp_ext: Device: no name:
02-28 09:09:53.819  2666  3413 I chatty  : uid=1002(bluetooth) BluetoothAvrcpH identical 3 lines
02-28 09:09:53.819  2666  3413 V Avrcp_ext: Device: no name:
02-28 09:09:53.819  2666  3413 V Avrcp_ext: updatePlayerStateAndPosition, old=PlaybackState {state=2, position=-1, buffered position=0, speed=0.0, updated=1796985, actions=0, custom actions=[], active item id=-1, error=null}, state=PlaybackState {state=2, position=-1, buffered position=0, speed=0.0, updated=1797150, actions=0, custom actions=[], active item id=-1, error=null}
02-28 09:09:53.819 13511 13544 D NavServiceProvider: Setting units automatically
02-28 09:09:53.819  2666  3413 V Avrcp_ext: old state = PlaybackState {state=2, position=-1, buffered position=0, speed=0.0, updated=1796985, actions=0, custom actions=[], active item id=-1, error=null}, new state= PlaybackState {state=2, position=-1, buffered position=0, speed=0.0, updated=1797150, actions=0, custom actions=[], active item id=-1, error=null}
02-28 09:09:53.820  2666  3413 D HeadsetService: getHeadsetService(): returning com.android.bluetooth.hfp.HeadsetService@8a04d28
02-28 09:09:53.821 13511 13544 D NavServiceProvider: Detecting stop. distance_d=313.52994. stop_type=1 speed=7.280027
02-28 09:09:53.821 13511 13544 D NavigationTest: 254: (28.057817, -82.533209, 7.280027)	R:true  F:false
02-28 09:09:53.821 13511 13544 D NavServiceProvider: Second to last stop coordinates: 28.059186, -82.536
02-28 09:09:53.821 13511 13544 D NavServiceProvider: Setting units automatically
02-28 09:09:53.822  2666  3413 D HeadsetService:  isAudioOn: The number of audio connected devices 0
02-28 09:09:53.822  2666  3413 D HeadsetService: isScoOrCallActive(): Call Active:falseCall is Ringing:falseSCO is Active:false
02-28 09:09:53.822 13511 13544 D NavServiceProvider: Detecting stop. distance_d=304.28113. stop_type=1 speed=7.791643
02-28 09:09:53.822 13511 13544 D NavigationTest: 255: (28.057879, -82.533278, 7.791643)	R:true  F:false
02-28 09:09:53.823 13511 13544 D NavigationTest: 256: (28.057879, -82.533278, 7.791643)	R:true  F:false
02-28 09:09:53.823 13511 13544 D NavServiceProvider: Second to last stop coordinates: 28.059186, -82.536
02-28 09:09:53.822  2666  3413 D HeadsetService:  isAudioOn: The number of audio connected devices 0
02-28 09:09:53.823  2666  3413 I Avrcp_ext: updatePlayStatusForDevice: device: null
02-28 09:09:53.823 13511 13544 D NavServiceProvider: Setting units automatically
02-28 09:09:53.823  2666  3413 V Avrcp_ext: updatePlaybackState (1): old=PlaybackState {state=2, position=-1, buffered position=0, speed=0.0, updated=1796985, actions=0, custom actions=[], active item id=-1, error=null}(2), new=PlaybackState {state=2, position=-1, buffered position=0, speed=0.0, updated=1797150, actions=0, custom actions=[], active item id=-1, error=null}(2)
02-28 09:09:53.823  2666  3413 I Avrcp_ext: Exit updatePlayStatusForDevice
02-28 09:09:53.823  2666  3413 D HeadsetService:  isAudioOn: The number of audio connected devices 0
02-28 09:09:53.823  2666  3413 D HeadsetService: isScoOrCallActive(): Call Active:falseCall is Ringing:falseSCO is Active:false
02-28 09:09:53.823  2666  3413 D HeadsetService:  isAudioOn: The number of audio connected devices 0
02-28 09:09:53.823  2666  3413 I Avrcp_ext: updatePlayStatusForDevice: device: null
02-28 09:09:53.824  2666  3413 V Avrcp_ext: updatePlaybackState (1): old=PlaybackState {state=2, position=-1, buffered position=0, speed=0.0, updated=1796985, actions=0, custom actions=[], active item id=-1, error=null}(2), new=PlaybackState {state=2, position=-1, buffered position=0, speed=0.0, updated=1797150, actions=0, custom actions=[], active item id=-1, error=null}(2)
02-28 09:09:53.824  2666  3413 I Avrcp_ext: Exit updatePlayStatusForDevice
02-28 09:09:53.824  2666  3413 D HeadsetService:  isAudioOn: The number of audio connected devices 0
02-28 09:09:53.824  2666  3413 D HeadsetService: isScoOrCallActive(): Call Active:falseCall is Ringing:falseSCO is Active:false
02-28 09:09:53.824  2666  3413 D HeadsetService:  isAudioOn: The number of audio connected devices 0
02-28 09:09:53.824  2666  3413 I Avrcp_ext: updatePlayStatusForDevice: device: null
02-28 09:09:53.825 13511 13544 D NavServiceProvider: Detecting stop. distance_d=295.34564. stop_type=1 speed=8.020505
02-28 09:09:53.825 13511 13544 D NavigationTest: 257: (28.057914, -82.533360, 8.020505)	R:true  F:false
02-28 09:09:53.825 13511 13544 D NavigationTest: 258: (28.057914, -82.533360, 8.020505)	R:true  F:false
02-28 09:09:53.825 13511 13544 D NavServiceProvider: Second to last stop coordinates: 28.059186, -82.536
02-28 09:09:53.825  2666  3413 V Avrcp_ext: updatePlaybackState (1): old=PlaybackState {state=2, position=-1, buffered position=0, speed=0.0, updated=1796985, actions=0, custom actions=[], active item id=-1, error=null}(2), new=PlaybackState {state=2, position=-1, buffered position=0, speed=0.0, updated=1797150, actions=0, custom actions=[], active item id=-1, error=null}(2)
02-28 09:09:53.825  2666  3413 I Avrcp_ext: Exit updatePlayStatusForDevice
02-28 09:09:53.825  2666  3413 D HeadsetService:  isAudioOn: The number of audio connected devices 0
02-28 09:09:53.825  2666  3413 D HeadsetService: isScoOrCallActive(): Call Active:falseCall is Ringing:falseSCO is Active:false
02-28 09:09:53.826 13511 13544 D NavServiceProvider: Setting units automatically
02-28 09:09:53.826  2666  3413 D HeadsetService:  isAudioOn: The number of audio connected devices 0
02-28 09:09:53.826  2666  3413 I Avrcp_ext: updatePlayStatusForDevice: device: null
02-28 09:09:53.826  2666  3413 V Avrcp_ext: updatePlaybackState (1): old=PlaybackState {state=2, position=-1, buffered position=0, speed=0.0, updated=1796985, actions=0, custom actions=[], active item id=-1, error=null}(2), new=PlaybackState {state=2, position=-1, buffered position=0, speed=0.0, updated=1797150, actions=0, custom actions=[], active item id=-1, error=null}(2)
02-28 09:09:53.826  2666  3413 I Avrcp_ext: Exit updatePlayStatusForDevice
02-28 09:09:53.826  2666  3413 D HeadsetService:  isAudioOn: The number of audio connected devices 0
02-28 09:09:53.826  2666  3413 D HeadsetService: isScoOrCallActive(): Call Active:falseCall is Ringing:falseSCO is Active:false
02-28 09:09:53.826  2666  3413 D HeadsetService:  isAudioOn: The number of audio connected devices 0
02-28 09:09:53.826  2666  3413 I Avrcp_ext: updatePlayStatusForDevice: device: null
02-28 09:09:53.826  2666  3413 V Avrcp_ext: updatePlaybackState (1): old=PlaybackState {state=2, position=-1, buffered position=0, speed=0.0, updated=1796985, actions=0, custom actions=[], active item id=-1, error=null}(2), new=PlaybackState {state=2, position=-1, buffered position=0, speed=0.0, updated=1797150, actions=0, custom actions=[], active item id=-1, error=null}(2)
02-28 09:09:53.826  2666  3413 I Avrcp_ext: Exit updatePlayStatusForDevice
02-28 09:09:53.826  2666  3413 D Avrcp_ext: Enter sendPlayPosNotificationRsp
02-28 09:09:53.826  2666  3413 D Avrcp_ext: sendPlayPosNotificationRsp: Not registered or requesting.
02-28 09:09:53.826  2666  3413 D Avrcp_ext: Enter sendPlayPosNotificationRsp
02-28 09:09:53.826  2666  3413 D Avrcp_ext: sendPlayPosNotificationRsp: Not registered or requesting.
02-28 09:09:53.826  2666  3413 D Avrcp_ext: Enter sendPlayPosNotificationRsp
02-28 09:09:53.826  2666  3413 D Avrcp_ext: sendPlayPosNotificationRsp: Not registered or requesting.
02-28 09:09:53.826  2666  3413 D Avrcp_ext: Enter sendPlayPosNotificationRsp
02-28 09:09:53.826  2666  3413 D Avrcp_ext: sendPlayPosNotificationRsp: Not registered or requesting.
02-28 09:09:53.826  2666  3413 D Avrcp_ext: Enter sendPlayPosNotificationRsp
02-28 09:09:53.826  2666  3413 D Avrcp_ext: sendPlayPosNotificationRsp: Not registered or requesting.
02-28 09:09:53.826  2666  3413 V Avrcp_ext: Exit updatePlayerStateAndPosition
02-28 09:09:53.827  2666  3413 D Avrcp_ext: AudioManager Player: ID:23 -- type:android.media.SoundPool -- u/pid:10126/2688 -- state:idle -- attr:AudioAttributes: usage=USAGE_ASSISTANCE_SONIFICATION content=CONTENT_TYPE_SONIFICATION flags=0x800 tags= bundle=null
02-28 09:09:53.827  2666  3413 D Avrcp_ext: AudioManager Player: ID:15 -- type:android.media.SoundPool -- u/pid:1000/1493 -- state:idle -- attr:AudioAttributes: usage=USAGE_ASSISTANCE_SONIFICATION content=CONTENT_TYPE_SONIFICATION flags=0x800 tags= bundle=null
02-28 09:09:53.827  2666  3413 D Avrcp_ext: AudioManager isPlaying: false
02-28 09:09:53.827 13511 13544 D NavServiceProvider: Detecting stop. distance_d=286.27744. stop_type=1 speed=8.140222
02-28 09:09:53.827 13511 13544 D NavigationTest: 259: (28.057963, -82.533435, 8.140222)	R:true  F:false
02-28 09:09:53.827 13511 13544 D NavigationTest: 260: (28.057963, -82.533435, 8.140222)	R:true  F:false
02-28 09:09:53.827 13511 13544 D NavServiceProvider: Second to last stop coordinates: 28.059186, -82.536
02-28 09:09:53.827 13511 13544 D NavServiceProvider: Setting units automatically
02-28 09:09:53.829 13511 13544 D NavServiceProvider: Detecting stop. distance_d=276.51007. stop_type=1 speed=8.660052
02-28 09:09:53.829 13511 13544 D NavigationTest: 261: (28.058029, -82.533508, 8.660052)	R:true  F:false
02-28 09:09:53.829 13511 13544 D NavigationTest: 262: (28.058029, -82.533508, 8.660052)	R:true  F:false
02-28 09:09:53.829 13511 13544 D NavServiceProvider: Second to last stop coordinates: 28.059186, -82.536
02-28 09:09:53.829 13511 13544 D NavServiceProvider: Setting units automatically
02-28 09:09:53.830 13511 13544 D NavServiceProvider: Detecting stop. distance_d=272.15457. stop_type=1 speed=7.470026
02-28 09:09:53.830 13511 13544 D NavigationTest: 263: (28.058016, -82.533566, 7.470026)	R:true  F:false
02-28 09:09:53.830 13511 13544 D NavServiceProvider: Second to last stop coordinates: 28.059186, -82.536
02-28 09:09:53.831 13511 13544 D NavServiceProvider: Setting units automatically
02-28 09:09:53.832 13511 13544 D NavServiceProvider: Detecting stop. distance_d=263.84903. stop_type=1 speed=8.200152
02-28 09:09:53.832 13511 13544 D NavigationTest: 264: (28.058020, -82.533660, 8.200152)	R:true  F:false
02-28 09:09:53.832 13511 13544 D NavigationTest: 265: (28.058020, -82.533660, 8.200152)	R:true  F:false
02-28 09:09:53.832 13511 13544 D NavServiceProvider: Second to last stop coordinates: 28.059186, -82.536
02-28 09:09:53.832 13511 13544 D NavServiceProvider: Setting units automatically
02-28 09:09:53.834 13511 13544 D NavServiceProvider: Detecting stop. distance_d=253.46336. stop_type=1 speed=8.660145
02-28 09:09:53.834 13511 13544 D NavigationTest: 266: (28.058074, -82.533747, 8.660145)	R:true  F:false
02-28 09:09:53.834 13511 13544 D NavServiceProvider: Second to last stop coordinates: 28.059186, -82.536
02-28 09:09:53.834 13511 13544 D NavServiceProvider: Setting units automatically
02-28 09:09:53.835 13511 13544 D NavServiceProvider: Detecting stop. distance_d=245.05331. stop_type=1 speed=8.571312
02-28 09:09:53.835 13511 13544 D NavigationTest: 267: (28.058101, -82.533828, 8.571312)	R:true  F:false
02-28 09:09:53.835 13511 13544 D NavigationTest: 268: (28.058101, -82.533828, 8.571312)	R:true  F:false
02-28 09:09:53.835 13511 13544 D NavServiceProvider: Second to last stop coordinates: 28.059186, -82.536
02-28 09:09:53.836 13511 13544 D NavServiceProvider: Setting units automatically
02-28 09:09:53.837 13511 13544 D NavServiceProvider: Detecting stop. distance_d=236.07977. stop_type=1 speed=8.610981
02-28 09:09:53.837 13511 13544 D NavigationTest: 269: (28.058140, -82.533908, 8.610981)	R:true  F:false
02-28 09:09:53.837 13511 13544 D NavigationTest: 270: (28.058140, -82.533908, 8.610981)	R:true  F:false
02-28 09:09:53.837 13511 13544 D NavServiceProvider: Second to last stop coordinates: 28.059186, -82.536
02-28 09:09:53.838 13511 13544 D NavServiceProvider: Setting units automatically
02-28 09:09:53.839 13511 13544 D NavServiceProvider: Detecting stop. distance_d=229.6293. stop_type=1 speed=8.110005
02-28 09:09:53.839 13511 13544 D NavigationTest: 271: (28.058161, -82.533970, 8.110005)	R:true  F:false
02-28 09:09:53.839 13511 13544 D NavServiceProvider: Second to last stop coordinates: 28.059186, -82.536
02-28 09:09:53.840 13511 13544 D NavServiceProvider: Setting units automatically
02-28 09:09:53.841 13511 13544 D NavServiceProvider: Detecting stop. distance_d=222.56914. stop_type=1 speed=6.99
02-28 09:09:53.842 13511 13544 D NavigationTest: 272: (28.058201, -82.534027, 6.990000)	R:true  F:false
02-28 09:09:53.842 13511 13544 D NavigationTest: 273: (28.058201, -82.534027, 6.990000)	R:true  F:false
02-28 09:09:53.842 13511 13544 D NavServiceProvider: Second to last stop coordinates: 28.059186, -82.536
02-28 09:09:53.842 13511 13544 D NavServiceProvider: Setting units automatically
02-28 09:09:53.844 13511 13544 D NavServiceProvider: Detecting stop. distance_d=217.06671. stop_type=1 speed=5.360009
02-28 09:09:53.844 13511 13544 D NavigationTest: 274: (28.058225, -82.534076, 5.360009)	R:true  F:false
02-28 09:09:53.844 13511 13544 D NavigationTest: 275: (28.058225, -82.534076, 5.360009)	R:true  F:false
02-28 09:09:53.844 13511 13544 D NavServiceProvider: Second to last stop coordinates: 28.059186, -82.536
02-28 09:09:53.844 13511 13544 D NavServiceProvider: Setting units automatically
02-28 09:09:53.846 13511 13544 D NavServiceProvider: Detecting stop. distance_d=213.59367. stop_type=1 speed=4.48
02-28 09:09:53.846 13511 13544 D NavigationTest: 276: (28.058226, -82.534116, 4.480000)	R:true  F:false
02-28 09:09:53.846 13511 13544 D NavigationTest: 277: (28.058226, -82.534116, 4.480000)	R:true  F:false
02-28 09:09:53.846 13511 13544 D NavServiceProvider: Second to last stop coordinates: 28.059186, -82.536
02-28 09:09:53.847 13511 13544 D NavServiceProvider: Setting units automatically
02-28 09:09:53.848 13511 13544 D NavServiceProvider: Detecting stop. distance_d=210.1098. stop_type=1 speed=3.830052
02-28 09:09:53.848 13511 13544 D NavigationTest: 278: (28.058249, -82.534142, 3.830052)	R:true  F:false
02-28 09:09:53.848 13511 13544 D NavServiceProvider: Second to last stop coordinates: 28.059186, -82.536
02-28 09:09:53.849 13511 13544 D NavServiceProvider: Setting units automatically
02-28 09:09:53.850 13511 13544 D NavServiceProvider: Detecting stop. distance_d=209.0754. stop_type=1 speed=2.04022
02-28 09:09:53.850 13511 13544 D NavigationTest: 279: (28.058243, -82.534158, 2.040220)	R:true  F:false
02-28 09:09:53.850 13511 13544 D NavigationTest: 280: (28.058243, -82.534158, 2.040220)	R:true  F:false
02-28 09:09:53.850 13511 13544 D NavServiceProvider: Second to last stop coordinates: 28.059186, -82.536
02-28 09:09:53.851 13511 13544 D NavServiceProvider: Setting units automatically
02-28 09:09:53.852 13511 13544 D NavServiceProvider: Detecting stop. distance_d=209.43036. stop_type=1 speed=2.084059
02-28 09:09:53.852 13511 13544 D NavigationTest: 281: (28.058226, -82.534165, 2.084059)	R:true  F:false
02-28 09:09:53.852 13511 13544 D NavigationTest: 282: (28.058226, -82.534165, 2.084059)	R:true  F:false
02-28 09:09:53.852 13511 13544 D NavServiceProvider: Second to last stop coordinates: 28.059186, -82.536
02-28 09:09:53.852 13511 13544 D NavServiceProvider: Setting units automatically
02-28 09:09:53.854 13511 13544 D NavServiceProvider: Detecting stop. distance_d=207.99176. stop_type=1 speed=2.270352
02-28 09:09:53.854 13511 13544 D NavigationTest: 283: (28.058232, -82.534178, 2.270352)	R:true  F:false
02-28 09:09:53.854 13511 13544 D NavigationTest: 284: (28.058232, -82.534178, 2.270352)	R:true  F:false
02-28 09:09:53.854 13511 13544 D NavServiceProvider: Second to last stop coordinates: 28.059186, -82.536
02-28 09:09:53.854 13511 13544 D NavServiceProvider: Setting units automatically
02-28 09:09:53.855 13511 13544 D NavServiceProvider: Detecting stop. distance_d=204.69162. stop_type=1 speed=3.18
02-28 09:09:53.855 13511 13544 D NavigationTest: 285: (28.058247, -82.534207, 3.180000)	R:true  F:false
02-28 09:09:53.855 13511 13544 D NavServiceProvider: Second to last stop coordinates: 28.059186, -82.536
02-28 09:09:53.856 13511 13544 D NavServiceProvider: Setting units automatically
02-28 09:09:53.857 13511 13544 D NavServiceProvider: Detecting stop. distance_d=198.65671. stop_type=1 speed=4.620097
02-28 09:09:53.857 13511 13544 D NavigationTest: 286: (28.058279, -82.534257, 4.620097)	R:true  F:false
02-28 09:09:53.857 13511 13544 D NavigationTest: 287: (28.058279, -82.534257, 4.620097)	R:true  F:false
02-28 09:09:53.857 13511 13544 D NavigationTest: 288: (28.058279, -82.534257, 4.620097)	R:true  F:false
02-28 09:09:53.857 13511 13544 D NavigationTest: 289: (28.058279, -82.534257, 4.620097)	R:true  F:false
02-28 09:09:53.857 13511 13544 D NavServiceProvider: Second to last stop coordinates: 28.059186, -82.536
02-28 09:09:53.857 13511 13544 D NavServiceProvider: Setting units automatically
