02-28 09:09:30.671 13511 13544 D NavServiceProvider: Second to last stop coordinates: 28.032462, -82.426948
02-28 09:09:30.671 13511 13544 D NavServiceProvider: Setting units automatically
02-28 09:09:30.672 13511 13544 D NavServiceProvider: Detecting stop. distance_d=526.363. stop_type=1 speed=17.081291
02-28 09:09:30.672 13511 13544 D NavigationTest: 163: (28.032549, -82.432300, 17.081291)	R:false  F:false
02-28 09:09:30.673 13511 13544 D NavigationTest: 164: (28.032549, -82.432300, 17.081291)	R:false  F:false
02-28 09:09:30.673 13511 13544 D NavServiceProvider: Second to last stop coordinates: 28.032462, -82.426948
02-28 09:09:30.673 13511 13544 D NavServiceProvider: Setting units automatically
02-28 09:09:30.674 13511 13544 D NavServiceProvider: Detecting stop. distance_d=508.76877. stop_type=1 speed=17.180105
02-28 09:09:30.674 13511 13544 D NavigationTest: 165: (28.032551, -82.432121, 17.180105)	R:false  F:false
02-28 09:09:30.674 13511 13544 D NavigationTest: 166: (28.032551, -82.432121, 17.180105)	R:false  F:false
02-28 09:09:30.674 13511 13544 D NavServiceProvider: Second to last stop coordinates: 28.032462, -82.426948
02-28 09:09:30.674 13511 13544 D NavServiceProvider: Setting units automatically
02-28 09:09:30.675 13511 13544 D NavServiceProvider: Detecting stop. distance_d=491.09344. stop_type=1 speed=17.281277
02-28 09:09:30.675 13511 13544 D NavigationTest: 167: (28.032560, -82.431941, 17.281277)	R:false  F:false
02-28 09:09:30.675 13511 13544 D NavServiceProvider: Second to last stop coordinates: 28.032462, -82.426948
02-28 09:09:30.676 13511 13544 D NavServiceProvider: Setting units automatically
02-28 09:09:30.677 13511 13544 D NavServiceProvider: Detecting stop. distance_d=474.75037. stop_type=1 speed=16.770027
02-28 09:09:30.677 13511 13544 D NavigationTest: 168: (28.032550, -82.431775, 16.770027)	R:false  F:false
02-28 09:09:30.677 13511 13544 D NavigationTest: 169: (28.032550, -82.431775, 16.770027)	R:false  F:false
02-28 09:09:30.677 13511 13544 D NavServiceProvider: Second to last stop coordinates: 28.032462, -82.426948
02-28 09:09:30.678 13511 13544 D NavServiceProvider: Setting units automatically
02-28 09:09:30.679 13511 13544 D NavServiceProvider: Detecting stop. distance_d=458.88428. stop_type=1 speed=16.140078
02-28 09:09:30.679 13511 13544 D NavigationTest: 170: (28.032532, -82.431614, 16.140078)	R:false  F:false
02-28 09:09:30.680 13511 13544 D NavigationTest: 171: (28.032532, -82.431614, 16.140078)	R:false  F:false
02-28 09:09:30.680 13511 13544 D NavServiceProvider: Second to last stop coordinates: 28.032462, -82.426948
02-28 09:09:30.680 13511 13544 D NavServiceProvider: Setting units automatically
02-28 09:09:30.681 13511 13544 D NavServiceProvider: Detecting stop. distance_d=444.1291. stop_type=1 speed=14.791491
02-28 09:09:30.681 13511 13544 D NavigationTest: 172: (28.032528, -82.431464, 14.791491)	R:false  F:false
02-28 09:09:30.681 13511 13544 D NavServiceProvider: Second to last stop coordinates: 28.032462, -82.426948
02-28 09:09:30.682 13511 13544 D NavServiceProvider: Setting units automatically
02-28 09:09:30.683 13511 13544 D NavServiceProvider: Detecting stop. distance_d=431.64264. stop_type=1 speed=12.490577
02-28 09:09:30.683 13511 13544 D NavigationTest: 173: (28.032528, -82.431337, 12.490577)	R:false  F:false
02-28 09:09:30.683 13511 13544 D NavigationTest: 174: (28.032528, -82.431337, 12.490577)	R:false  F:false
02-28 09:09:30.683 13511 13544 D NavServiceProvider: Second to last stop coordinates: 28.032462, -82.426948
02-28 09:09:30.684 13511 13544 D NavServiceProvider: Setting units automatically
02-28 09:09:30.684  2869  3669 D QCNEJ/WwanInfoRelay: onServiceStateChanged: dataState: 2 DDS:2 Notify service state update
02-28 09:09:30.685 13511 13544 D NavServiceProvider: Detecting stop. distance_d=421.81277. stop_type=1 speed=10.710229
02-28 09:09:30.685 13511 13544 D NavigationTest: 175: (28.032529, -82.431237, 10.710229)	R:false  F:false
02-28 09:09:30.685 13511 13544 D NavServiceProvider: Second to last stop coordinates: 28.032462, -82.426948
02-28 09:09:30.685 13511 13544 D NavServiceProvider: Setting units automatically
02-28 09:09:30.693  7189  7189 D CellBroadcastReceiver: onReceive Intent { act=android.intent.action.SERVICE_STATE flg=0x1000010 cmp=com.android.cellbroadcastreceiver/.CellBroadcastReceiver (has extras) }
02-28 09:09:30.693 13511 13544 D NavServiceProvider: Detecting stop. distance_d=412.2952. stop_type=1 speed=9.55
02-28 09:09:30.694 13511 13544 D NavigationTest: 176: (28.032538, -82.431140, 9.550000)	R:false  F:false
02-28 09:09:30.694 13511 13544 D NavigationTest: 177: (28.032538, -82.431140, 9.550000)	R:false  F:false
02-28 09:09:30.694 13511 13544 D NavServiceProvider: Second to last stop coordinates: 28.032462, -82.426948
02-28 09:09:30.694 13511 13544 D NavServiceProvider: Setting units automatically
02-28 09:09:30.696 13511 13544 D NavServiceProvider: Detecting stop. distance_d=403.9482. stop_type=1 speed=8.490288
02-28 09:09:30.696 13511 13544 D NavigationTest: 178: (28.032542, -82.431055, 8.490288)	R:false  F:false
02-28 09:09:30.696 13511 13544 D NavServiceProvider: Second to last stop coordinates: 28.032462, -82.426948
02-28 09:09:30.697 13511 13544 D NavServiceProvider: Setting units automatically
02-28 09:09:30.698 13511 13544 D NavServiceProvider: Detecting stop. distance_d=396.9974. stop_type=1 speed=7.290439
02-28 09:09:30.698 13511 13544 D NavigationTest: 179: (28.032553, -82.430984, 7.290439)	R:false  F:false
02-28 09:09:30.698 13511 13544 D NavigationTest: 180: (28.032553, -82.430984, 7.290439)	R:false  F:false
02-28 09:09:30.698 13511 13544 D NavServiceProvider: Second to last stop coordinates: 28.032462, -82.426948
02-28 09:09:30.699 13511 13544 D NavServiceProvider: Setting units automatically
02-28 09:09:30.701 13511 13544 D NavServiceProvider: Detecting stop. distance_d=390.99826. stop_type=1 speed=5.68088
02-28 09:09:30.701 13511 13544 D NavigationTest: 181: (28.032552, -82.430923, 5.680880)	R:false  F:false
02-28 09:09:30.701 13511 13544 D NavigationTest: 182: (28.032552, -82.430923, 5.680880)	R:false  F:false
02-28 09:09:30.701 13511 13544 D NavServiceProvider: Second to last stop coordinates: 28.032462, -82.426948
02-28 09:09:30.701 13511 13544 D NavServiceProvider: Setting units automatically
02-28 09:09:30.703 13511 13544 D NavServiceProvider: Detecting stop. distance_d=386.9623. stop_type=1 speed=4.270047
02-28 09:09:30.703 13511 13544 D NavigationTest: 183: (28.032550, -82.430882, 4.270047)	R:false  F:false
02-28 09:09:30.703 13511 13544 D NavigationTest: 184: (28.032550, -82.430882, 4.270047)	R:false  F:false
02-28 09:09:30.703 13511 13544 D NavServiceProvider: Second to last stop coordinates: 28.032462, -82.426948
02-28 09:09:30.704 13511 13544 D NavServiceProvider: Setting units automatically
02-28 09:09:30.705 13511 13544 D NavServiceProvider: Detecting stop. distance_d=384.40094. stop_type=1 speed=3.170773
02-28 09:09:30.705 13511 13544 D NavigationTest: 185: (28.032548, -82.430856, 3.170773)	R:false  F:false
02-28 09:09:30.705 13511 13544 D NavServiceProvider: Second to last stop coordinates: 28.032462, -82.426948
02-28 09:09:30.706 13511 13544 D NavServiceProvider: Setting units automatically
02-28 09:09:30.706   871   911 D audio_hw_primary: adev_get_parameters:vr_audio_mode_on
02-28 09:09:30.706   871   911 I audio_hw_primary: getting vr mode to 0
02-28 09:09:30.706   871   911 D audio_hw_primary: adev_get_parameters: exit: returns - vr_audio_mode_on=false
02-28 09:09:30.707   959  7466 I hash_map_utils: key: 'vr_audio_mode_on' value: ''
02-28 09:09:30.707 13511 13544 D NavServiceProvider: Detecting stop. distance_d=381.62244. stop_type=1 speed=2.901724
02-28 09:09:30.707   959  7466 I AudioPolicyManagerCustom: VR mode is 0, switch to primary output if request is for fast|raw
02-28 09:09:30.707   959  7466 I AudioPolicyManagerCustom: setting force DEEP buffer now
02-28 09:09:30.707 13511 13544 D NavigationTest: 186: (28.032538, -82.430828, 2.901724)	R:false  F:false
02-28 09:09:30.707 13511 13544 D NavigationTest: 187: (28.032538, -82.430828, 2.901724)	R:false  F:false
02-28 09:09:30.707 13511 13544 D NavServiceProvider: Second to last stop coordinates: 28.032462, -82.426948
02-28 09:09:30.708 13511 13544 D NavServiceProvider: Setting units automatically
02-28 09:09:30.709   959  7466 D AudioFlinger: Client defaulted notificationFrames to 2048 for frameCount 4096
02-28 09:09:30.709 13511 13544 D NavServiceProvider: Detecting stop. distance_d=378.99435. stop_type=1 speed=2.601557
02-28 09:09:30.709 13511 13544 D NavigationTest: 188: (28.032548, -82.430801, 2.601557)	R:false  F:false
02-28 09:09:30.709 13511 13544 D NavigationTest: 189: (28.032548, -82.430801, 2.601557)	R:false  F:false
02-28 09:09:30.709 13511 13544 D NavServiceProvider: Second to last stop coordinates: 28.032462, -82.426948
02-28 09:09:30.710 13511 13544 D NavServiceProvider: Setting units automatically
02-28 09:09:30.711   959  7466 D AF::TrackHandle: OpPlayAudio: track:180 usage:1 not muted
02-28 09:09:30.712 13511 13544 D NavServiceProvider: Detecting stop. distance_d=375.73944. stop_type=1 speed=3.531416
02-28 09:09:30.712 13511 13544 D NavigationTest: 190: (28.032544, -82.430768, 3.531416)	R:false  F:false
02-28 09:09:30.712 13511 13544 D NavServiceProvider: Second to last stop coordinates: 28.032462, -82.426948
02-28 09:09:30.712 13511 13544 D NavServiceProvider: Setting units automatically
02-28 09:09:30.714 13511 13544 D NavServiceProvider: Detecting stop. distance_d=369.42487. stop_type=1 speed=5.03009
02-28 09:09:30.714 13511 13544 D NavigationTest: 191: (28.032535, -82.430704, 5.030090)	R:false  F:false
02-28 09:09:30.714 13511 13544 D NavigationTest: 192: (28.032535, -82.430704, 5.030090)	R:false  F:false
02-28 09:09:30.714 13511 13544 D NavServiceProvider: Second to last stop coordinates: 28.032462, -82.426948
02-28 09:09:30.715 13511 13544 D NavServiceProvider: Setting units automatically
02-28 09:09:30.716  2666  3413 D Avrcp_ext: AudioManager Player: ID:23 -- type:android.media.SoundPool -- u/pid:10126/2688 -- state:idle -- attr:AudioAttributes: usage=USAGE_ASSISTANCE_SONIFICATION content=CONTENT_TYPE_SONIFICATION flags=0x800 tags= bundle=null
02-28 09:09:30.716  2666  3413 D Avrcp_ext: AudioManager Player: ID:1031 -- type:android.media.AudioTrack -- u/pid:10088/13579 -- state:started -- attr:AudioAttributes: usage=USAGE_MEDIA content=CONTENT_TYPE_SPEECH flags=0x800 tags= bundle=null
02-28 09:09:30.716  2666  3413 D Avrcp_ext: AudioManager isPlaying: true
02-28 09:09:30.716  2666  3413 V Avrcp_ext: updateCurrentMediaState: mMediaController: null
02-28 09:09:30.716  2666  3413 V Avrcp_ext: isMusicActive: false getBluetoothPlayState: 2
02-28 09:09:30.716  2666  3413 V Avrcp_ext: updateCurrentMediaState: isPlaying = false
02-28 09:09:30.716 13511 13544 D NavServiceProvider: Detecting stop. distance_d=363.7493. stop_type=1 speed=5.900847
02-28 09:09:30.716  2666  3413 V Avrcp_ext: Media update: id -1-1? [MediaAttributes: none] : [MediaAttributes: none]
02-28 09:09:30.716  2666  3413 V Avrcp_ext: newPlayStatus:2mReportedPlayStatus:-1
02-28 09:09:30.716 13511 13544 D NavigationTest: 193: (28.032545, -82.430646, 5.900847)	R:false  F:false
02-28 09:09:30.716  2666  3413 V Avrcp_ext: updatePlaybackState, state: PlaybackState {state=2, position=-1, buffered position=0, speed=0.0, updated=1774047, actions=0, custom actions=[], active item id=-1, error=null} device: null
02-28 09:09:30.716 13511 13544 D NavServiceProvider: Second to last stop coordinates: 28.032462, -82.426948
02-28 09:09:30.716  2666  3413 V Avrcp_ext: Device: no name:
02-28 09:09:30.717  2666  3413 I chatty  : uid=1002(bluetooth) BluetoothAvrcpH identical 3 lines
02-28 09:09:30.717  2666  3413 V Avrcp_ext: Device: no name:
02-28 09:09:30.717  2666  3413 V Avrcp_ext: updatePlayerStateAndPosition, old=PlaybackState {state=2, position=-1, buffered position=0, speed=0.0, updated=1773789, actions=0, custom actions=[], active item id=-1, error=null}, state=PlaybackState {state=2, position=-1, buffered position=0, speed=0.0, updated=1774047, actions=0, custom actions=[], active item id=-1, error=null}
02-28 09:09:30.717  2666  3413 V Avrcp_ext: old state = PlaybackState {state=2, position=-1, buffered position=0, speed=0.0, updated=1773789, actions=0, custom actions=[], active item id=-1, error=null}, new state= PlaybackState {state=2, position=-1, buffered position=0, speed=0.0, updated=1774047, actions=0, custom actions=[], active item id=-1, error=null}
02-28 09:09:30.717  2666  3413 D HeadsetService: getHeadsetService(): returning com.android.bluetooth.hfp.HeadsetService@8a04d28
02-28 09:09:30.717 13511 13544 D NavServiceProvider: Setting units automatically
02-28 09:09:30.717  2666  3413 D HeadsetService:  isAudioOn: The number of audio connected devices 0
02-28 09:09:30.717  2666  3413 D HeadsetService: isScoOrCallActive(): Call Active:falseCall is Ringing:falseSCO is Active:false
02-28 09:09:30.717  2666  3413 D HeadsetService:  isAudioOn: The number of audio connected devices 0
02-28 09:09:30.717  2666  3413 I Avrcp_ext: updatePlayStatusForDevice: device: null
02-28 09:09:30.717  2666  3413 V Avrcp_ext: updatePlaybackState (1): old=PlaybackState {state=2, position=-1, buffered position=0, speed=0.0, updated=1773789, actions=0, custom actions=[], active item id=-1, error=null}(2), new=PlaybackState {state=2, position=-1, buffered position=0, speed=0.0, updated=1774047, actions=0, custom actions=[], active item id=-1, error=null}(2)
02-28 09:09:30.718  2666  3413 I Avrcp_ext: Exit updatePlayStatusForDevice
02-28 09:09:30.718  2666  3413 D HeadsetService:  isAudioOn: The number of audio connected devices 0
02-28 09:09:30.718  2666  3413 D HeadsetService: isScoOrCallActive(): Call Active:falseCall is Ringing:falseSCO is Active:false
02-28 09:09:30.718  2666  3413 D HeadsetService:  isAudioOn: The number of audio connected devices 0
02-28 09:09:30.718  2666  3413 I Avrcp_ext: updatePlayStatusForDevice: device: null
02-28 09:09:30.718  2666  3413 V Avrcp_ext: updatePlaybackState (1): old=PlaybackState {state=2, position=-1, buffered position=0, speed=0.0, updated=1773789, actions=0, custom actions=[], active item id=-1, error=null}(2), new=PlaybackState {state=2, position=-1, buffered position=0, speed=0.0, updated=1774047, actions=0, custom actions=[], active item id=-1, error=null}(2)
02-28 09:09:30.718  2666  3413 I Avrcp_ext: Exit updatePlayStatusForDevice
02-28 09:09:30.718  2666  3413 D HeadsetService:  isAudioOn: The number of audio connected devices 0
02-28 09:09:30.718  2666  3413 D HeadsetService: isScoOrCallActive(): Call Active:falseCall is Ringing:falseSCO is Active:false
02-28 09:09:30.719  2666  3413 D HeadsetService:  isAudioOn: The number of audio connected devices 0
02-28 09:09:30.719  2666  3413 I Avrcp_ext: updatePlayStatusForDevice: device: null
02-28 09:09:30.719  2666  3413 V Avrcp_ext: updatePlaybackState (1): old=PlaybackState {state=2, position=-1, buffered position=0, speed=0.0, updated=1773789, actions=0, custom actions=[], active item id=-1, error=null}(2), new=PlaybackState {state=2, position=-1, buffered position=0, speed=0.0, updated=1774047, actions=0, custom actions=[], active item id=-1, error=null}(2)
02-28 09:09:30.719  2666  3413 I Avrcp_ext: Exit updatePlayStatusForDevice
02-28 09:09:30.719 13511 13544 D NavServiceProvider: Detecting stop. distance_d=356.5942. stop_type=1 speed=7.140175
02-28 09:09:30.719 13511 13544 D NavigationTest: 194: (28.032552, -82.430573, 7.140175)	R:false  F:false
02-28 09:09:30.719 13511 13544 D NavigationTest: 195: (28.032552, -82.430573, 7.140175)	R:false  F:false
02-28 09:09:30.719 13511 13544 D NavServiceProvider: Second to last stop coordinates: 28.032462, -82.426948
02-28 09:09:30.719  2666  3413 D HeadsetService:  isAudioOn: The number of audio connected devices 0
02-28 09:09:30.719  2666  3413 D HeadsetService: isScoOrCallActive(): Call Active:falseCall is Ringing:falseSCO is Active:false
02-28 09:09:30.719  2666  3413 D HeadsetService:  isAudioOn: The number of audio connected devices 0
02-28 09:09:30.720  2666  3413 I Avrcp_ext: updatePlayStatusForDevice: device: null
02-28 09:09:30.720  2666  3413 V Avrcp_ext: updatePlaybackState (1): old=PlaybackState {state=2, position=-1, buffered position=0, speed=0.0, updated=1773789, actions=0, custom actions=[], active item id=-1, error=null}(2), new=PlaybackState {state=2, position=-1, buffered position=0, speed=0.0, updated=1774047, actions=0, custom actions=[], active item id=-1, error=null}(2)
02-28 09:09:30.720  2666  3413 I Avrcp_ext: Exit updatePlayStatusForDevice
02-28 09:09:30.720 13511 13544 D NavServiceProvider: Setting units automatically
02-28 09:09:30.720  2666  3413 D HeadsetService:  isAudioOn: The number of audio connected devices 0
02-28 09:09:30.720  2666  3413 D HeadsetService: isScoOrCallActive(): Call Active:falseCall is Ringing:falseSCO is Active:false
02-28 09:09:30.720  2666  3413 D HeadsetService:  isAudioOn: The number of audio connected devices 0
02-28 09:09:30.720  2666  3413 I Avrcp_ext: updatePlayStatusForDevice: device: null
02-28 09:09:30.720  2666  3413 V Avrcp_ext: updatePlaybackState (1): old=PlaybackState {state=2, position=-1, buffered position=0, speed=0.0, updated=1773789, actions=0, custom actions=[], active item id=-1, error=null}(2), new=PlaybackState {state=2, position=-1, buffered position=0, speed=0.0, updated=1774047, actions=0, custom actions=[], active item id=-1, error=null}(2)
02-28 09:09:30.720  2666  3413 I Avrcp_ext: Exit updatePlayStatusForDevice
02-28 09:09:30.720  2666  3413 D Avrcp_ext: Enter sendPlayPosNotificationRsp
02-28 09:09:30.720  2666  3413 D Avrcp_ext: sendPlayPosNotificationRsp: Not registered or requesting.
02-28 09:09:30.720  2666  3413 D Avrcp_ext: Enter sendPlayPosNotificationRsp
02-28 09:09:30.720  2666  3413 D Avrcp_ext: sendPlayPosNotificationRsp: Not registered or requesting.
02-28 09:09:30.720  2666  3413 D Avrcp_ext: Enter sendPlayPosNotificationRsp
02-28 09:09:30.720  2666  3413 D Avrcp_ext: sendPlayPosNotificationRsp: Not registered or requesting.
02-28 09:09:30.720  2666  3413 D Avrcp_ext: Enter sendPlayPosNotificationRsp
02-28 09:09:30.720  2666  3413 D Avrcp_ext: sendPlayPosNotificationRsp: Not registered or requesting.
02-28 09:09:30.720  2666  3413 D Avrcp_ext: Enter sendPlayPosNotificationRsp
02-28 09:09:30.720  2666  3413 D Avrcp_ext: sendPlayPosNotificationRsp: Not registered or requesting.
02-28 09:09:30.720  2666  3413 V Avrcp_ext: Exit updatePlayerStateAndPosition
02-28 09:09:30.721 13511 13544 D NavServiceProvider: Detecting stop. distance_d=348.23932. stop_type=1 speed=7.692106
02-28 09:09:30.722 13511 13544 D NavigationTest: 196: (28.032552, -82.430488, 7.692106)	R:false  F:false
02-28 09:09:30.722 13511 13544 D NavigationTest: 197: (28.032552, -82.430488, 7.692106)	R:false  F:false
02-28 09:09:30.722 13511 13544 D NavServiceProvider: Second to last stop coordinates: 28.032462, -82.426948
02-28 09:09:30.722 13511 13544 D NavServiceProvider: Setting units automatically
02-28 09:09:30.724 13511 13544 D NavServiceProvider: Detecting stop. distance_d=338.204. stop_type=1 speed=8.920454
02-28 09:09:30.724 13511 13544 D NavigationTest: 198: (28.032549, -82.430386, 8.920454)	R:false  F:false
02-28 09:09:30.724 13511 13544 D NavigationTest: 199: (28.032549, -82.430386, 8.920454)	R:false  F:false
02-28 09:09:30.724 13511 13544 D NavServiceProvider: Second to last stop coordinates: 28.032462, -82.426948
02-28 09:09:30.725 13511 13544 D NavServiceProvider: Setting units automatically
02-28 09:09:30.725   871   911 V EffectDiracSound: DiracSound_command() start, cmdCode=20
02-28 09:09:30.725   871   911 V EffectDiracSound: DiracSound_Command EFFECT_CMD_OFFLOAD
02-28 09:09:30.725   871   911 V EffectDiracSound: DiracSound_command() start, cmdCode=1
02-28 09:09:30.725   871   911 V EffectDiracSound: DiracSound_setConfig start
02-28 09:09:30.725   871   911 I EffectDiracSound: DiracSound_updateState(), enable=0, hifi=0, device=0x2, headset=5, samplingRate=48000
02-28 09:09:30.725   871   911 I EffectDiracSound: DiracSound_updateState(), mode=0, music=0, movie=0, reset=0
02-28 09:09:30.725   871   911 I EffectDiracSound: DiracSound_updateState(), Speaker Movie/Stereo Mode is not supported. Stop update state.
02-28 09:09:30.725   871   911 W EffectHAL: Effect 0xe4b38cd0 command SET_CONFIG returned status: Invalid argument
02-28 09:09:30.725   871   911 V EffectDiracSound: DiracSound_command() start, cmdCode=1
02-28 09:09:30.726   871   911 V EffectDiracSound: DiracSound_setConfig start
02-28 09:09:30.726   871   911 I EffectDiracSound: DiracSound_updateState(), enable=0, hifi=0, device=0x2, headset=5, samplingRate=48000
02-28 09:09:30.726   871   911 I EffectDiracSound: DiracSound_updateState(), mode=0, music=0, movie=0, reset=0
02-28 09:09:30.726   871   911 I EffectDiracSound: DiracSound_updateState(), Speaker Movie/Stereo Mode is not supported. Stop update state.
02-28 09:09:30.726   871   911 V EffectDiracSound: DiracSound_command() start, cmdCode=9
02-28 09:09:30.726   871   911 V EffectDiracSound: DiracSound_Command EFFECT_CMD_SET_DEVICE: 0x00000002
02-28 09:09:30.726   871   911 V EffectDiracSound: DiracSound_command() start, cmdCode=11
02-28 09:09:30.726   871   911 V EffectDiracSound: DiracSound_Command EFFECT_CMD_SET_AUDIO_MODE: 0
02-28 09:09:30.726 13511 13544 D NavServiceProvider: Detecting stop. distance_d=328.85678. stop_type=1 speed=9.591173
02-28 09:09:30.727 13511 13544 D NavigationTest: 200: (28.032546, -82.430291, 9.591173)	R:false  F:false
02-28 09:09:30.727 13511 13544 D NavigationTest: 201: (28.032546, -82.430291, 9.591173)	R:false  F:false
02-28 09:09:30.727 13511 13544 D NavServiceProvider: Second to last stop coordinates: 28.032462, -82.426948
02-28 09:09:30.727 13511 13544 D NavServiceProvider: Setting units automatically
02-28 09:09:30.728 13511 13544 D NavServiceProvider: Detecting stop. distance_d=318.16315. stop_type=1 speed=10.300019
02-28 09:09:30.728 13511 13544 D NavigationTest: 202: (28.032552, -82.430182, 10.300019)	R:false  F:false
02-28 09:09:30.729 13511 13544 D NavServiceProvider: Second to last stop coordinates: 28.032462, -82.426948
02-28 09:09:30.729 13511 13544 D NavServiceProvider: Setting units automatically
02-28 09:09:30.730  2972  2972 D ServiceStateProvider: subId=2
02-28 09:09:30.731  2869  3669 D QCNEJ/WwanInfoRelay: onServiceStateChanged: dataState: 2 DDS:2 Notify service state update
02-28 09:09:30.731 13511 13544 D NavServiceProvider: Detecting stop. distance_d=306.93146. stop_type=1 speed=11.180072
02-28 09:09:30.731 13511 13544 D NavigationTest: 203: (28.032544, -82.430068, 11.180072)	R:false  F:false
02-28 09:09:30.731 13511 13544 D NavigationTest: 204: (28.032544, -82.430068, 11.180072)	R:false  F:false
02-28 09:09:30.732 13511 13544 D NavServiceProvider: Second to last stop coordinates: 28.032462, -82.426948
02-28 09:09:30.732 13511 13544 D NavServiceProvider: Setting units automatically
02-28 09:09:30.733  7189  7189 D CellBroadcastReceiver: onReceive Intent { act=android.intent.action.SERVICE_STATE flg=0x1000010 cmp=com.android.cellbroadcastreceiver/.CellBroadcastReceiver (has extras) }
02-28 09:09:30.733   871  6793 D msm8974_platform: platform_split_snd_device: snd_device(2) num devices(1) new_snd_devices(0)
02-28 09:09:30.733   871  6793 D ACDB-LOADER: ACDB -> send_audvoltable
02-28 09:09:30.733   871  6793 D ACDB-LOADER: ACDB -> ACDB_CMD_GET_AUDPROC_VOL_STEP_TABLE_SIZE
02-28 09:09:30.733   871  6793 D ACDB-LOADER: ACDB -> ACDB_CMD_GET_AUDPROC_GAIN_DEP_STEP_TABLE, vol index 5
02-28 09:09:30.733   871  6793 D         : Failed to fetch the lookup information of the device 0000000F
02-28 09:09:30.733   871  6793 E ACDB-LOADER: Error: ACDB AudProc vol returned = -19
02-28 09:09:30.733   871  6793 D ACDB-LOADER: ACDB -> AUDIO_SET_VOL_CAL cal type = 40
02-28 09:09:30.733 13511 13544 D NavServiceProvider: Detecting stop. distance_d=295.52005. stop_type=1 speed=11.822859
02-28 09:09:30.733 13511 13544 D NavigationTest: 205: (28.032541, -82.429952, 11.822859)	R:false  F:false
02-28 09:09:30.733 13511 13544 D NavigationTest: 206: (28.032541, -82.429952, 11.822859)	R:false  F:false
02-28 09:09:30.734 13511 13544 D NavServiceProvider: Second to last stop coordinates: 28.032462, -82.426948
02-28 09:09:30.734 13511 13544 D NavServiceProvider: Setting units automatically
02-28 09:09:30.736 13511 13544 D NavServiceProvider: Detecting stop. distance_d=282.8212. stop_type=1 speed=12.530898
02-28 09:09:30.736 13511 13544 D NavigationTest: 207: (28.032535, -82.429823, 12.530898)	R:false  F:false
02-28 09:09:30.736 13511 13544 D NavServiceProvider: Second to last stop coordinates: 28.032462, -82.426948
02-28 09:09:30.736 13511 13544 D NavServiceProvider: Setting units automatically
02-28 09:09:30.737 13511 13544 D NavServiceProvider: Detecting stop. distance_d=269.7235. stop_type=1 speed=13.100463
02-28 09:09:30.737 13511 13544 D NavigationTest: 208: (28.032527, -82.429690, 13.100463)	R:false  F:false
02-28 09:09:30.737 13511 13544 D NavigationTest: 209: (28.032527, -82.429690, 13.100463)	R:false  F:false
02-28 09:09:30.737 13511 13544 D NavServiceProvider: Second to last stop coordinates: 28.032462, -82.426948
02-28 09:09:30.738 13511 13544 D NavServiceProvider: Setting units automatically
02-28 09:09:30.739 13511 13544 D NavServiceProvider: Detecting stop. distance_d=255.953. stop_type=1 speed=13.570446
02-28 09:09:30.739 13511 13544 D NavigationTest: 210: (28.032524, -82.429550, 13.570446)	R:false  F:false
02-28 09:09:30.739 13511 13544 D NavigationTest: 211: (28.032524, -82.429550, 13.570446)	R:false  F:false
02-28 09:09:30.739 13511 13544 D NavServiceProvider: Second to last stop coordinates: 28.032462, -82.426948
02-28 09:09:30.740 13511 13544 D NavServiceProvider: Setting units automatically
02-28 09:09:30.741 13511 13544 D NavServiceProvider: Detecting stop. distance_d=242.10979. stop_type=1 speed=13.680034
02-28 09:09:30.741 13511 13544 D NavigationTest: 212: (28.032529, -82.429409, 13.680034)	R:false  F:false
02-28 09:09:30.741 13511 13544 D NavServiceProvider: Second to last stop coordinates: 28.032462, -82.426948
02-28 09:09:30.741 13511 13544 D NavServiceProvider: Setting units automatically
02-28 09:09:30.742 13511 13544 D NavServiceProvider: Detecting stop. distance_d=227.02995. stop_type=1 speed=14.220285
02-28 09:09:30.743 13511 13544 D NavigationTest: 213: (28.032516, -82.429256, 14.220285)	R:false  F:false
02-28 09:09:30.743 13511 13544 D NavigationTest: 214: (28.032516, -82.429256, 14.220285)	R:false  F:false
02-28 09:09:30.743 13511 13544 D NavServiceProvider: Second to last stop coordinates: 28.032462, -82.426948
02-28 09:09:30.743 13511 13544 D NavServiceProvider: Setting units automatically
02-28 09:09:30.744 13511 13544 D NavServiceProvider: Detecting stop. distance_d=213.87114. stop_type=1 speed=14.120796
02-28 09:09:30.744 13511 13544 D NavigationTest: 215: (28.032520, -82.429122, 14.120796)	R:false  F:false
02-28 09:09:30.744 13511 13544 D NavigationTest: 216: (28.032520, -82.429122, 14.120796)	R:false  F:false
02-28 09:09:30.744 13511 13544 D NavServiceProvider: Second to last stop coordinates: 28.032462, -82.426948
02-28 09:09:30.745 13511 13544 D NavServiceProvider: Setting units automatically
02-28 09:09:30.747 13579 13616 D AudioTrack: stop(148): called with 4096 frames delivered
02-28 09:09:30.747 13579 13612 I EventProcessor: synthesizeMarkup call to callback.audioAvailable failed: -1
02-28 09:09:30.748 13511 13544 D NavServiceProvider: -----Get ready!
02-28 09:09:30.749 13511 13544 D NavigationTest: 217: (28.032509, -82.428968, 14.320684)	R:true  F:false
02-28 09:09:30.749 13511 13544 D NavServiceProvider: Second to last stop coordinates: 28.032462, -82.426948
02-28 09:09:30.749 13511 13544 D NavServiceProvider: Setting units automatically
02-28 09:09:30.750 13579 13612 I GoogleTTSServiceImpl: Synthesis request for locale eng-USA and name en-US-language
02-28 09:09:30.750 13579 13612 I GoogleTTSServiceImpl: TTS dispatch: en-us-x-iog-seanet-embedded
02-28 09:09:30.751 13511 13544 D NavServiceProvider: Detecting stop. distance_d=198.69963. stop_type=1 speed=14.320684
02-28 09:09:30.751 13511 13544 D NavigationTest: 217: (28.032509, -82.428968, 14.320684)	R:true  F:false
02-28 09:09:30.752 13511 13544 D NavigationTest: 218: (28.032509, -82.428968, 14.320684)	R:true  F:false
02-28 09:09:30.752 13511 13544 D NavServiceProvider: Second to last stop coordinates: 28.032462, -82.426948
02-28 09:09:30.752 13511 13544 D NavServiceProvider: Setting units automatically
02-28 09:09:30.753 13511 13544 D NavServiceProvider: Detecting stop. distance_d=185.03038. stop_type=1 speed=14.06
02-28 09:09:30.754 13511 13544 D NavigationTest: 219: (28.032507, -82.428829, 14.060000)	R:true  F:false
02-28 09:09:30.754 13511 13544 D NavServiceProvider: Second to last stop coordinates: 28.032462, -82.426948
02-28 09:09:30.754 13511 13544 D NavServiceProvider: Setting units automatically
02-28 09:09:30.754  2666  3413 D Avrcp_ext: AudioManager Player: ID:23 -- type:android.media.SoundPool -- u/pid:10126/2688 -- state:idle -- attr:AudioAttributes: usage=USAGE_ASSISTANCE_SONIFICATION content=CONTENT_TYPE_SONIFICATION flags=0x800 tags= bundle=null
02-28 09:09:30.754  2666  3413 D Avrcp_ext: AudioManager Player: ID:1031 -- type:android.media.AudioTrack -- u/pid:10088/13579 -- state:stopped -- attr:AudioAttributes: usage=USAGE_MEDIA content=CONTENT_TYPE_SPEECH flags=0x800 tags= bundle=null
02-28 09:09:30.754  2666  3413 D Avrcp_ext: AudioManager Player: ID:15 -- type:android.media.SoundPool -- u/pid:1000/1493 -- state:idle -- attr:AudioAttributes: usage=USAGE_ASSISTANCE_SONIFICATION content=CONTENT_TYPE_SONIFICATION flags=0x800 tags= bundle=null
02-28 09:09:30.754  2666  3413 D Avrcp_ext: AudioManager isPlaying: false
02-28 09:09:30.754  2666  3413 V Avrcp_ext: updateCurrentMediaState: mMediaController: null
02-28 09:09:30.755  2666  3413 V Avrcp_ext: isMusicActive: true getBluetoothPlayState: 2
02-28 09:09:30.755  2666  3413 V Avrcp_ext: updateCurrentMediaState: isPlaying = false
02-28 09:09:30.755  2666  3413 V Avrcp_ext: Media update: id -1-1? [MediaAttributes: none] : [MediaAttributes: none]
02-28 09:09:30.755  2666  3413 V Avrcp_ext: newPlayStatus:2mReportedPlayStatus:-1
02-28 09:09:30.755  2666  3413 V Avrcp_ext: updatePlaybackState, state: PlaybackState {state=2, position=-1, buffered position=0, speed=0.0, updated=1774086, actions=0, custom actions=[], active item id=-1, error=null} device: null
02-28 09:09:30.755  2666  3413 V Avrcp_ext: Device: no name:
02-28 09:09:30.755  2666  3413 I chatty  : uid=1002(bluetooth) BluetoothAvrcpH identical 3 lines
02-28 09:09:30.755  2666  3413 V Avrcp_ext: Device: no name:
02-28 09:09:30.755  2666  3413 V Avrcp_ext: updatePlayerStateAndPosition, old=PlaybackState {state=2, position=-1, buffered position=0, speed=0.0, updated=1774047, actions=0, custom actions=[], active item id=-1, error=null}, state=PlaybackState {state=2, position=-1, buffered position=0, speed=0.0, updated=1774086, actions=0, custom actions=[], active item id=-1, error=null}
02-28 09:09:30.755  2666  3413 V Avrcp_ext: old state = PlaybackState {state=2, position=-1, buffered position=0, speed=0.0, updated=1774047, actions=0, custom actions=[], active item id=-1, error=null}, new state= PlaybackState {state=2, position=-1, buffered position=0, speed=0.0, updated=1774086, actions=0, custom actions=[], active item id=-1, error=null}
02-28 09:09:30.755 13511 13544 D NavServiceProvider: Detecting stop. distance_d=170.98787. stop_type=1 speed=14.390282
02-28 09:09:30.755  2666  3413 D HeadsetService: getHeadsetService(): returning com.android.bluetooth.hfp.HeadsetService@8a04d28
02-28 09:09:30.756 13511 13544 D NavigationTest: 220: (28.032511, -82.428686, 14.390282)	R:true  F:false
02-28 09:09:30.756 13511 13544 D NavigationTest: 221: (28.032511, -82.428686, 14.390282)	R:true  F:false
02-28 09:09:30.756 13511 13544 D NavServiceProvider: Second to last stop coordinates: 28.032462, -82.426948
02-28 09:09:30.756  1047  1166 I ThermalEngine: handle_thresh_sig: TM Id SKIN-BATTERY-MONITOR Sensor xo_therm Temp 36093
02-28 09:09:30.756  1047  1166 I ThermalEngine: TM Id 'SKIN-BATTERY-MONITOR' Sensor 'xo_therm' - alarm  raised 3 at 36.0 degC
02-28 09:09:30.756  1047  1166 I ThermalEngine: j=0 i=2 TM Id SKIN-BATTERY-MONITOR Sensor xo_therm: Action battery value 15
02-28 09:09:30.757  2666  3413 D HeadsetService:  isAudioOn: The number of audio connected devices 0
02-28 09:09:30.757  2666  3413 D HeadsetService: isScoOrCallActive(): Call Active:falseCall is Ringing:falseSCO is Active:false
02-28 09:09:30.757  2666  3413 D HeadsetService:  isAudioOn: The number of audio connected devices 0
02-28 09:09:30.757  2666  3413 I Avrcp_ext: updatePlayStatusForDevice: device: null
02-28 09:09:30.757  2666  3413 V Avrcp_ext: updatePlaybackState (1): old=PlaybackState {state=2, position=-1, buffered position=0, speed=0.0, updated=1774047, actions=0, custom actions=[], active item id=-1, error=null}(2), new=PlaybackState {state=2, position=-1, buffered position=0, speed=0.0, updated=1774086, actions=0, custom actions=[], active item id=-1, error=null}(2)
02-28 09:09:30.757  2666  3413 I Avrcp_ext: Exit updatePlayStatusForDevice
02-28 09:09:30.757 13511 13544 D NavServiceProvider: Setting units automatically
02-28 09:09:30.757  2666  3413 D HeadsetService:  isAudioOn: The number of audio connected devices 0
02-28 09:09:30.757  2666  3413 D HeadsetService: isScoOrCallActive(): Call Active:falseCall is Ringing:falseSCO is Active:false
02-28 09:09:30.757  2666  3413 D HeadsetService:  isAudioOn: The number of audio connected devices 0
02-28 09:09:30.757  2666  3413 I Avrcp_ext: updatePlayStatusForDevice: device: null
02-28 09:09:30.757  2666  3413 V Avrcp_ext: updatePlaybackState (1): old=PlaybackState {state=2, position=-1, buffered position=0, speed=0.0, updated=1774047, actions=0, custom actions=[], active item id=-1, error=null}(2), new=PlaybackState {state=2, position=-1, buffered position=0, speed=0.0, updated=1774086, actions=0, custom actions=[], active item id=-1, error=null}(2)
02-28 09:09:30.757  2666  3413 I Avrcp_ext: Exit updatePlayStatusForDevice
02-28 09:09:30.758  2666  3413 D HeadsetService:  isAudioOn: The number of audio connected devices 0
02-28 09:09:30.758  2666  3413 D HeadsetService: isScoOrCallActive(): Call Active:falseCall is Ringing:falseSCO is Active:false
02-28 09:09:30.758  2666  3413 D HeadsetService:  isAudioOn: The number of audio connected devices 0
02-28 09:09:30.758  2666  3413 I Avrcp_ext: updatePlayStatusForDevice: device: null
02-28 09:09:30.758  2666  3413 V Avrcp_ext: updatePlaybackState (1): old=PlaybackState {state=2, position=-1, buffered position=0, speed=0.0, updated=1774047, actions=0, custom actions=[], active item id=-1, error=null}(2), new=PlaybackState {state=2, position=-1, buffered position=0, speed=0.0, updated=1774086, actions=0, custom actions=[], active item id=-1, error=null}(2)
02-28 09:09:30.758  2666  3413 I Avrcp_ext: Exit updatePlayStatusForDevice
02-28 09:09:30.758  2666  3413 D HeadsetService:  isAudioOn: The number of audio connected devices 0
02-28 09:09:30.758  2666  3413 D HeadsetService: isScoOrCallActive(): Call Active:falseCall is Ringing:falseSCO is Active:false
02-28 09:09:30.758  2666  3413 D HeadsetService:  isAudioOn: The number of audio connected devices 0
02-28 09:09:30.758  2666  3413 I Avrcp_ext: updatePlayStatusForDevice: device: null
02-28 09:09:30.758  2666  3413 V Avrcp_ext: updatePlaybackState (1): old=PlaybackState {state=2, position=-1, buffered position=0, speed=0.0, updated=1774047, actions=0, custom actions=[], active item id=-1, error=null}(2), new=PlaybackState {state=2, position=-1, buffered position=0, speed=0.0, updated=1774086, actions=0, custom actions=[], active item id=-1, error=null}(2)
02-28 09:09:30.758  2666  3413 I Avrcp_ext: Exit updatePlayStatusForDevice
02-28 09:09:30.759  1047  1166 I ThermalEngine: ACTION: BATTERY - Setting battery charging mitigation to 5
02-28 09:09:30.759  1047  1166 I ThermalEngine: Mitigation:Battery:5
02-28 09:09:30.759  2666  3413 D HeadsetService:  isAudioOn: The number of audio connected devices 0
02-28 09:09:30.759 13511 13544 D NavServiceProvider: Detecting stop. distance_d=157.0986. stop_type=1 speed=14.400281
02-28 09:09:30.759  2666  3413 D HeadsetService: isScoOrCallActive(): Call Active:falseCall is Ringing:falseSCO is Active:false
02-28 09:09:30.759 13511 13544 D NavigationTest: 222: (28.032526, -82.428544, 14.400281)	R:true  F:false
02-28 09:09:30.759 13511 13544 D NavigationTest: 223: (28.032526, -82.428544, 14.400281)	R:true  F:false
02-28 09:09:30.759 13511 13544 D NavServiceProvider: Second to last stop coordinates: 28.032462, -82.426948
02-28 09:09:30.759  2666  3413 D HeadsetService:  isAudioOn: The number of audio connected devices 0
02-28 09:09:30.759  2666  3413 I Avrcp_ext: updatePlayStatusForDevice: device: null
02-28 09:09:30.759  2666  3413 V Avrcp_ext: updatePlaybackState (1): old=PlaybackState {state=2, position=-1, buffered position=0, speed=0.0, updated=1774047, actions=0, custom actions=[], active item id=-1, error=null}(2), new=PlaybackState {state=2, position=-1, buffered position=0, speed=0.0, updated=1774086, actions=0, custom actions=[], active item id=-1, error=null}(2)
02-28 09:09:30.759  2666  3413 I Avrcp_ext: Exit updatePlayStatusForDevice
02-28 09:09:30.759  2666  3413 D Avrcp_ext: Enter sendPlayPosNotificationRsp
02-28 09:09:30.759  2666  3413 D Avrcp_ext: sendPlayPosNotificationRsp: Not registered or requesting.
02-28 09:09:30.759  2666  3413 D Avrcp_ext: Enter sendPlayPosNotificationRsp
02-28 09:09:30.759  2666  3413 D Avrcp_ext: sendPlayPosNotificationRsp: Not registered or requesting.
02-28 09:09:30.759  2666  3413 D Avrcp_ext: Enter sendPlayPosNotificationRsp
02-28 09:09:30.759  2666  3413 D Avrcp_ext: sendPlayPosNotificationRsp: Not registered or requesting.
02-28 09:09:30.759  2666  3413 D Avrcp_ext: Enter sendPlayPosNotificationRsp
02-28 09:09:30.759  2666  3413 D Avrcp_ext: sendPlayPosNotificationRsp: Not registered or requesting.
02-28 09:09:30.759  2666  3413 D Avrcp_ext: Enter sendPlayPosNotificationRsp
02-28 09:09:30.759  2666  3413 D Avrcp_ext: sendPlayPosNotificationRsp: Not registered or requesting.
02-28 09:09:30.759  2666  3413 V Avrcp_ext: Exit updatePlayerStateAndPosition
02-28 09:09:30.759  2666  3413 D Avrcp_ext: AudioManager Player: ID:23 -- type:android.media.SoundPool -- u/pid:10126/2688 -- state:idle -- attr:AudioAttributes: usage=USAGE_ASSISTANCE_SONIFICATION content=CONTENT_TYPE_SONIFICATION flags=0x800 tags= bundle=null
02-28 09:09:30.759  2666  3413 D Avrcp_ext: AudioManager Player: ID:15 -- type:android.media.SoundPool -- u/pid:1000/1493 -- state:idle -- attr:AudioAttributes: usage=USAGE_ASSISTANCE_SONIFICATION content=CONTENT_TYPE_SONIFICATION flags=0x800 tags= bundle=null
02-28 09:09:30.759 13511 13544 D NavServiceProvider: Setting units automatically
02-28 09:09:30.759  2666  3413 D Avrcp_ext: AudioManager isPlaying: false
02-28 09:09:30.761 13511 13544 D NavServiceProvider: Detecting stop. distance_d=144.66435. stop_type=1 speed=14.170032
02-28 09:09:30.761 13511 13544 D NavigationTest: 224: (28.032533, -82.428417, 14.170032)	R:true  F:false
02-28 09:09:30.761 13511 13544 D NavigationTest: 225: (28.032533, -82.428417, 14.170032)	R:true  F:false
02-28 09:09:30.761 13511 13544 D NavServiceProvider: Second to last stop coordinates: 28.032462, -82.426948
02-28 09:09:30.761 13511 13544 D NavServiceProvider: Setting units automatically
02-28 09:09:30.763 13511 13544 D NavServiceProvider: Detecting stop. distance_d=130.92033. stop_type=1 speed=13.870057
02-28 09:09:30.763 13511 13544 D NavigationTest: 226: (28.032533, -82.428277, 13.870057)	R:true  F:false
02-28 09:09:30.763 13511 13544 D NavigationTest: 227: (28.032533, -82.428277, 13.870057)	R:true  F:false
02-28 09:09:30.763 13511 13544 D NavServiceProvider: Second to last stop coordinates: 28.032462, -82.426948
02-28 09:09:30.764 13511 13544 D NavServiceProvider: Setting units automatically
02-28 09:09:30.765 13511 13544 D NavServiceProvider: Detecting stop. distance_d=116.61586. stop_type=1 speed=13.740091
02-28 09:09:30.765 13511 13544 D NavigationTest: 228: (28.032536, -82.428131, 13.740091)	R:true  F:false
02-28 09:09:30.765 13511 13544 D NavigationTest: 229: (28.032536, -82.428131, 13.740091)	R:true  F:false
02-28 09:09:30.765 13511 13544 D NavServiceProvider: Second to last stop coordinates: 28.032462, -82.426948
02-28 09:09:30.766 13511 13544 D NavServiceProvider: Setting units automatically
02-28 09:09:30.767 13511 13544 D NavServiceProvider: Detecting stop. distance_d=103.003876. stop_type=1 speed=13.641466
02-28 09:09:30.767 13511 13544 D NavigationTest: 230: (28.032538, -82.427992, 13.641466)	R:true  F:false
02-28 09:09:30.767 13511 13544 D NavServiceProvider: Second to last stop coordinates: 28.032462, -82.426948
02-28 09:09:30.768 13511 13544 D NavServiceProvider: Setting units automatically
02-28 09:09:30.769 13511 13544 D NavServiceProvider: Detecting stop. distance_d=89.269905. stop_type=1 speed=13.562891
02-28 09:09:30.769 13511 13544 D NavServiceProvider: Case 1: false
02-28 09:09:30.769 13511 13544 D NavigationTest: 231: (28.032536, -82.427852, 13.562891)	R:true  F:false
02-28 09:09:30.769 13511 13544 D NavigationTest: 232: (28.032536, -82.427852, 13.562891)	R:true  F:false
02-28 09:09:30.769 13511 13544 D NavServiceProvider: Second to last stop coordinates: 28.032462, -82.426948
02-28 09:09:30.770 13511 13544 D NavServiceProvider: Setting units automatically
02-28 09:09:30.771 13511 13544 D NavServiceProvider: Detecting stop. distance_d=75.53682. stop_type=1 speed=12.971249
02-28 09:09:30.771 13511 13544 D NavigationTest: 233: (28.032533, -82.427712, 12.971249)	R:true  F:false
02-28 09:09:30.771 13511 13544 D NavigationTest: 234: (28.032533, -82.427712, 12.971249)	R:true  F:false
02-28 09:09:30.771 13511 13544 D NavServiceProvider: Second to last stop coordinates: 28.032462, -82.426948
02-28 09:09:30.772 13511 13544 D NavServiceProvider: Setting units automatically
02-28 09:09:30.773 13511 13544 D NavServiceProvider: Detecting stop. distance_d=63.617447. stop_type=1 speed=12.160201
02-28 09:09:30.773 13511 13544 D NavigationTest: 235: (28.032546, -82.427588, 12.160201)	R:true  F:false
02-28 09:09:30.773 13511 13544 D NavigationTest: 236: (28.032546, -82.427588, 12.160201)	R:true  F:false
02-28 09:09:30.773 13511 13544 D NavServiceProvider: Second to last stop coordinates: 28.032462, -82.426948
02-28 09:09:30.773 13511 13544 D NavServiceProvider: Setting units automatically
02-28 09:09:30.775 13511 13544 D NavServiceProvider: Detecting stop. distance_d=52.921604. stop_type=1 speed=10.950005
02-28 09:09:30.775 13511 13544 D NavigationTest: 237: (28.032545, -82.427478, 10.950005)	R:true  F:false
02-28 09:09:30.775 13511 13544 D NavigationTest: 238: (28.032545, -82.427478, 10.950005)	R:true  F:false
02-28 09:09:30.775 13511 13544 D NavServiceProvider: Second to last stop coordinates: 28.032462, -82.426948
02-28 09:09:30.775 13511 13544 D NavServiceProvider: Setting units automatically
02-28 09:09:30.777 13511 13544 D NavServiceProvider: Detecting stop. distance_d=43.57459. stop_type=1 speed=8.850204
02-28 09:09:30.777 13511 13544 D NavServiceProvider: Case 2: false
02-28 09:09:30.777 13511 13544 D NavigationTest: 239: (28.032537, -82.427383, 8.850204)	R:true  F:false
02-28 09:09:30.777 13511 13544 D NavigationTest: 240: (28.032537, -82.427383, 8.850204)	R:true  F:false
02-28 09:09:30.777 13511 13544 D NavServiceProvider: Second to last stop coordinates: 28.032462, -82.426948
02-28 09:09:30.777 13511 13544 D NavServiceProvider: Setting units automatically
02-28 09:09:30.778 13511 13544 D NavServiceProvider: Detecting stop. distance_d=36.891735. stop_type=1 speed=7.070028
02-28 09:09:30.779 13511 13544 D NavigationTest: 241: (28.032539, -82.427313, 7.070028)	R:true  F:false
02-28 09:09:30.779 13511 13544 D NavigationTest: 242: (28.032539, -82.427313, 7.070028)	R:true  F:false
02-28 09:09:30.779 13511 13544 D NavServiceProvider: Second to last stop coordinates: 28.032462, -82.426948
02-28 09:09:30.779 13511 13544 D NavServiceProvider: Setting units automatically
02-28 09:09:30.781 13511 13544 D NavServiceProvider: Detecting stop. distance_d=31.41488. stop_type=1 speed=5.42059
02-28 09:09:30.781 13511 13544 D NavigationTest: 243: (28.032534, -82.427257, 5.420590)	R:true  F:false
02-28 09:09:30.781 13511 13544 D NavServiceProvider: Second to last stop coordinates: 28.032462, -82.426948
02-28 09:09:30.781 13511 13544 D NavServiceProvider: Setting units automatically
02-28 09:09:30.783 13511 13544 D NavServiceProvider: Detecting stop. distance_d=27.633806. stop_type=1 speed=4.424523
02-28 09:09:30.783 13511 13544 D NavigationTest: 244: (28.032545, -82.427213, 4.424523)	R:true  F:false
02-28 09:09:30.783 13511 13544 D NavigationTest: 245: (28.032545, -82.427213, 4.424523)	R:true  F:false
02-28 09:09:30.783 13511 13544 D NavServiceProvider: Second to last stop coordinates: 28.032462, -82.426948
02-28 09:09:30.783 13511 13544 D NavServiceProvider: Setting units automatically
02-28 09:09:30.784 13511 13544 D NavServiceProvider: Detecting stop. distance_d=24.457277. stop_type=1 speed=4.163892
02-28 09:09:30.784 13511 13544 D NavigationTest: 246: (28.032546, -82.427178, 4.163892)	R:true  F:false
02-28 09:09:30.784 13511 13544 D NavigationTest: 247: (28.032546, -82.427178, 4.163892)	R:true  F:false
02-28 09:09:30.784 13511 13544 D NavServiceProvider: Second to last stop coordinates: 28.032462, -82.426948
02-28 09:09:30.785 13511 13544 D NavServiceProvider: Setting units automatically
02-28 09:09:30.786 13511 13544 D NavServiceProvider: Detecting stop. distance_d=20.987797. stop_type=1 speed=3.400368
02-28 09:09:30.786 13511 13544 D NavigationTest: 248: (28.032539, -82.427143, 3.400368)	R:true  F:false
02-28 09:09:30.786 13511 13544 D NavServiceProvider: Second to last stop coordinates: 28.032462, -82.426948
02-28 09:09:30.786 13511 13544 D NavServiceProvider: Setting units automatically
02-28 09:09:30.788 13511 13544 D NavServiceProvider: Detecting stop. distance_d=19.15871. stop_type=1 speed=2.206558
02-28 09:09:30.788 13511 13544 D NavServiceProvider: Case 3: false
02-28 09:09:30.788 13511 13544 D NavigationTest: 249: (28.032538, -82.427123, 2.206558)	R:true  F:false
02-28 09:09:30.788 13511 13544 D NavigationTest: 250: (28.032538, -82.427123, 2.206558)	R:true  F:false
02-28 09:09:30.788 13511 13544 D NavServiceProvider: Second to last stop coordinates: 28.032462, -82.426948
02-28 09:09:30.788 13511 13544 D NavServiceProvider: Setting units automatically
02-28 09:09:30.789 13511 13544 D NavServiceProvider: Detecting stop. distance_d=17.156158. stop_type=1 speed=1.780253
02-28 09:09:30.789 13511 13544 D NavServiceProvider: Case 4: false
02-28 09:09:30.790 13511 13544 D NavigationTest: 251: (28.032538, -82.427100, 1.780253)	R:true  F:false
02-28 09:09:30.790 13511 13544 D NavigationTest: 252: (28.032538, -82.427100, 1.780253)	R:true  F:false
02-28 09:09:30.790 13511 13544 D NavigationTest: 253: (28.032538, -82.427100, 1.780253)	R:true  F:false
02-28 09:09:30.790 13511 13544 D NavigationTest: 254: (28.032538, -82.427100, 1.780253)	R:true  F:false
02-28 09:09:30.790 13511 13544 D NavServiceProvider: Second to last stop coordinates: 28.032462, -82.426948
02-28 09:09:30.791 13511 13544 D NavServiceProvider: Setting units automatically
02-28 09:09:30.792 13511 13544 D NavServiceProvider: Detecting stop. distance_d=15.094464. stop_type=1 speed=1.73104
02-28 09:09:30.792 13511 13544 D NavigationTest: 255: (28.032533, -82.427079, 1.731040)	R:true  F:false
02-28 09:09:30.792 13511 13544 D NavServiceProvider: Second to last stop coordinates: 28.032462, -82.426948
02-28 09:09:30.793 13511 13544 D NavServiceProvider: Setting units automatically
02-28 09:09:30.794 13511 13544 D NavServiceProvider: Detecting stop. distance_d=14.048507. stop_type=1 speed=1.701059
02-28 09:09:30.794 13511 13544 D NavigationTest: 256: (28.032536, -82.427064, 1.701059)	R:true  F:false
02-28 09:09:30.794 13511 13544 D NavigationTest: 257: (28.032536, -82.427064, 1.701059)	R:true  F:false
02-28 09:09:30.794 13511 13544 D NavServiceProvider: Second to last stop coordinates: 28.032462, -82.426948
02-28 09:09:30.795 13511 13544 D NavServiceProvider: Setting units automatically
02-28 09:09:30.796 13511 13544 D NavServiceProvider: Detecting stop. distance_d=12.98123. stop_type=1 speed=1.413542
02-28 09:09:30.796 13511 13544 D NavigationTest: 258: (28.032533, -82.427053, 1.413542)	R:true  F:false
02-28 09:09:30.796 13511 13544 D NavServiceProvider: Second to last stop coordinates: 28.032462, -82.426948
02-28 09:09:30.796 13511 13544 D NavServiceProvider: Setting units automatically
02-28 09:09:30.797 13511 13544 D NavServiceProvider: Detecting stop. distance_d=11.698663. stop_type=1 speed=0.874757
02-28 09:09:30.797 13511 13544 D NavigationTest: 259: (28.032530, -82.427039, 0.874757)	R:true  F:false
02-28 09:09:30.797 13511 13544 D NavigationTest: 260: (28.032530, -82.427039, 0.874757)	R:true  F:false
02-28 09:09:30.797 13511 13544 D NavServiceProvider: Second to last stop coordinates: 28.032462, -82.426948
02-28 09:09:30.798 13511 13544 D NavServiceProvider: Setting units automatically
02-28 09:09:30.799 13511 13544 D NavServiceProvider: Detecting stop. distance_d=11.476927. stop_type=1 speed=0.5004
02-28 09:09:30.799 13511 13544 D NavigationTest: 261: (28.032529, -82.427037, 0.500400)	R:true  F:false
02-28 09:09:30.799 13511 13544 D NavServiceProvider: Second to last stop coordinates: 28.032462, -82.426948
02-28 09:09:30.799 13511 13544 D NavServiceProvider: Setting units automatically
02-28 09:09:30.800 13511 13544 D NavServiceProvider: Detecting stop. distance_d=11.710067. stop_type=1 speed=0.0
