02-28 09:09:40.674 13511 13544 D NavServiceProvider: Detecting stop. distance_d=1006.14923. stop_type=1 speed=0.372156
02-28 09:09:40.674 13511 13544 D NavigationTest: 984: (28.032485, -82.415694, 0.372156)	R:false  F:false
02-28 09:09:40.674 13511 13544 D NavServiceProvider: Second to last stop coordinates: 28.03244, -82.405462
02-28 09:09:40.674 13511 13544 D NavServiceProvider: Setting units automatically
02-28 09:09:40.675 13511 13544 D NavServiceProvider: Detecting stop. distance_d=1005.0665. stop_type=1 speed=0.458912
02-28 09:09:40.675 13511 13544 D NavigationTest: 985: (28.032483, -82.415683, 0.458912)	R:false  F:false
02-28 09:09:40.675 13511 13544 D NavServiceProvider: Second to last stop coordinates: 28.03244, -82.405462
02-28 09:09:40.676 13511 13544 D NavServiceProvider: Setting units automatically
02-28 09:09:40.677 13511 13544 D NavServiceProvider: Detecting stop. distance_d=1004.6712. stop_type=1 speed=0.0
02-28 09:09:40.677 13511 13544 D NavigationTest: 986: (28.032479, -82.415679, 0.000000)	R:false  F:false
02-28 09:09:40.677 13511 13544 D NavServiceProvider: Second to last stop coordinates: 28.03244, -82.405462
02-28 09:09:40.677 13511 13544 D NavServiceProvider: Setting units automatically
02-28 09:09:40.678 13511 13544 D NavServiceProvider: Detecting stop. distance_d=1005.0636. stop_type=1 speed=0.0
02-28 09:09:40.678 13511 13544 D NavigationTest: 987: (28.032477, -82.415683, 0.000000)	R:false  F:false
02-28 09:09:40.678 13511 13544 D NavServiceProvider: Second to last stop coordinates: 28.03244, -82.405462
02-28 09:09:40.678 13511 13544 D NavServiceProvider: Setting units automatically
02-28 09:09:40.679 13511 13544 D NavServiceProvider: Detecting stop. distance_d=1004.9653. stop_type=1 speed=0.0
02-28 09:09:40.680 13511 13544 D NavigationTest: 988: (28.032477, -82.415682, 0.000000)	R:false  F:false
02-28 09:09:40.680 13511 13544 D NavServiceProvider: Second to last stop coordinates: 28.03244, -82.405462
02-28 09:09:40.680 13511 13544 D NavServiceProvider: Setting units automatically
02-28 09:09:40.681 13511 13544 D NavServiceProvider: Detecting stop. distance_d=1003.5886. stop_type=1 speed=0.25
02-28 09:09:40.681 13511 13544 D NavigationTest: 989: (28.032477, -82.415668, 0.250000)	R:false  F:false
02-28 09:09:40.681 13511 13544 D NavServiceProvider: Second to last stop coordinates: 28.03244, -82.405462
02-28 09:09:40.681 13511 13544 D NavServiceProvider: Setting units automatically
02-28 09:09:40.682 13511 13544 D NavServiceProvider: Detecting stop. distance_d=1056.2289. stop_type=1 speed=0.0
02-28 09:09:40.682 13511 13544 D NavigationTest: 990: (28.032524, -82.416203, 0.000000)	R:false  F:false
02-28 09:09:40.682 13511 13544 D NavServiceProvider: Second to last stop coordinates: 28.03244, -82.405462
02-28 09:09:40.683 13511 13544 D NavServiceProvider: Setting units automatically
02-28 09:09:40.684 13511 13544 D NavServiceProvider: Detecting stop. distance_d=1002.604. stop_type=1 speed=0.520096
02-28 09:09:40.684 13511 13544 D NavigationTest: 991: (28.032474, -82.415658, 0.520096)	R:false  F:false
02-28 09:09:40.684 13511 13544 D NavServiceProvider: Second to last stop coordinates: 28.03244, -82.405462
02-28 09:09:40.684 13511 13544 D NavServiceProvider: Setting units automatically
02-28 09:09:40.685 13511 13544 D NavServiceProvider: Detecting stop. distance_d=1002.90076. stop_type=1 speed=0.300832
02-28 09:09:40.685 13511 13544 D NavigationTest: 992: (28.032478, -82.415661, 0.300832)	R:false  F:false
02-28 09:09:40.685 13511 13544 D NavServiceProvider: Second to last stop coordinates: 28.03244, -82.405462
02-28 09:09:40.686 13511 13544 D NavServiceProvider: Setting units automatically
02-28 09:09:40.687 13511 13544 D NavServiceProvider: Detecting stop. distance_d=1002.41003. stop_type=1 speed=0.0
02-28 09:09:40.687 13511 13544 D NavigationTest: 993: (28.032480, -82.415656, 0.000000)	R:false  F:false
02-28 09:09:40.687 13511 13544 D NavServiceProvider: Second to last stop coordinates: 28.03244, -82.405462
02-28 09:09:40.687 13511 13544 D NavServiceProvider: Setting units automatically
02-28 09:09:40.688 13511 13544 D NavServiceProvider: Detecting stop. distance_d=1001.5241. stop_type=1 speed=0.0
02-28 09:09:40.688 13511 13544 D NavigationTest: 994: (28.032478, -82.415647, 0.000000)	R:false  F:false
02-28 09:09:40.688 13511 13544 D NavServiceProvider: Second to last stop coordinates: 28.03244, -82.405462
02-28 09:09:40.688 13511 13544 D NavServiceProvider: Setting units automatically
02-28 09:09:40.689 13511 13544 D NavServiceProvider: Detecting stop. distance_d=1001.03204. stop_type=1 speed=0.0
02-28 09:09:40.690 13511 13544 D NavigationTest: 995: (28.032477, -82.415642, 0.000000)	R:false  F:false
02-28 09:09:40.690 13511 13544 D NavServiceProvider: Second to last stop coordinates: 28.03244, -82.405462
02-28 09:09:40.690 13511 13544 D NavServiceProvider: Setting units automatically
02-28 09:09:40.691 13511 13544 D NavServiceProvider: Detecting stop. distance_d=1001.42773. stop_type=1 speed=0.408044
02-28 09:09:40.691 13511 13544 D NavigationTest: 996: (28.032482, -82.415646, 0.408044)	R:false  F:false
02-28 09:09:40.691 13511 13544 D NavServiceProvider: Second to last stop coordinates: 28.03244, -82.405462
02-28 09:09:40.691 13511 13544 D NavServiceProvider: Setting units automatically
02-28 09:09:40.692 13511 13544 D NavServiceProvider: Detecting stop. distance_d=1000.83405. stop_type=1 speed=0.189737
02-28 09:09:40.692 13511 13544 D NavigationTest: 997: (28.032474, -82.415640, 0.189737)	R:false  F:false
02-28 09:09:40.692 13511 13544 D NavServiceProvider: Second to last stop coordinates: 28.03244, -82.405462
02-28 09:09:40.693 13511 13544 D NavServiceProvider: Setting units automatically
02-28 09:09:40.694 13511 13544 D NavServiceProvider: Detecting stop. distance_d=1000.73224. stop_type=1 speed=0.0
02-28 09:09:40.694 13511 13544 D NavigationTest: 998: (28.032464, -82.415639, 0.000000)	R:false  F:false
02-28 09:09:40.694 13511 13544 D NavServiceProvider: Second to last stop coordinates: 28.03244, -82.405462
02-28 09:09:40.694 13511 13544 D NavServiceProvider: Setting units automatically
02-28 09:09:40.695 13511 13544 D NavServiceProvider: Detecting stop. distance_d=1001.02594. stop_type=1 speed=0.0
02-28 09:09:40.695 13511 13544 D NavigationTest: 999: (28.032459, -82.415642, 0.000000)	R:false  F:false
02-28 09:09:40.695 13511 13544 D NavServiceProvider: Second to last stop coordinates: 28.03244, -82.405462
02-28 09:09:40.696 13511 13544 D NavServiceProvider: Setting units automatically
02-28 09:09:40.697 13511 13544 D NavServiceProvider: Detecting stop. distance_d=1001.3214. stop_type=1 speed=0.50448
02-28 09:09:40.697 13511 13544 D NavigationTest: 1000: (28.032461, -82.415645, 0.504480)	R:false  F:false
02-28 09:09:40.697 13511 13544 D NavServiceProvider: Second to last stop coordinates: 28.03244, -82.405462
02-28 09:09:40.697 13511 13544 D NavServiceProvider: Setting units automatically
02-28 09:09:40.698 13511 13544 D NavServiceProvider: Detecting stop. distance_d=1000.2425. stop_type=1 speed=0.582151
02-28 09:09:40.698 13511 13544 D NavigationTest: 1001: (28.032470, -82.415634, 0.582151)	R:false  F:false
02-28 09:09:40.698 13511 13544 D NavServiceProvider: Second to last stop coordinates: 28.03244, -82.405462
02-28 09:09:40.698 13511 13544 D NavServiceProvider: Setting units automatically
02-28 09:09:40.700 13511 13544 D NavServiceProvider: Detecting stop. distance_d=1001.5186. stop_type=1 speed=0.0
02-28 09:09:40.700 13511 13544 D NavigationTest: 1002: (28.032463, -82.415647, 0.000000)	R:false  F:false
02-28 09:09:40.700 13511 13544 D NavServiceProvider: Second to last stop coordinates: 28.03244, -82.405462
02-28 09:09:40.700 13511 13544 D NavServiceProvider: Setting units automatically
02-28 09:09:40.701 13511 13544 D NavServiceProvider: Detecting stop. distance_d=1001.8128. stop_type=1 speed=0.0
02-28 09:09:40.701 13511 13544 D NavigationTest: 1003: (28.032460, -82.415650, 0.000000)	R:false  F:false
02-28 09:09:40.701 13511 13544 D NavServiceProvider: Second to last stop coordinates: 28.03244, -82.405462
02-28 09:09:40.701 13511 13544 D NavServiceProvider: Setting units automatically
02-28 09:09:40.702 13511 13544 D NavServiceProvider: Detecting stop. distance_d=1002.0084. stop_type=1 speed=0.0
02-28 09:09:40.702 13511 13544 D NavigationTest: 1004: (28.032455, -82.415652, 0.000000)	R:false  F:false
02-28 09:09:40.702 13511 13544 D NavServiceProvider: Second to last stop coordinates: 28.03244, -82.405462
02-28 09:09:40.703 13511 13544 D NavServiceProvider: Setting units automatically
02-28 09:09:40.704 13511 13544 D NavServiceProvider: Detecting stop. distance_d=1002.6966. stop_type=1 speed=0.538145
02-28 09:09:40.704 13511 13544 D NavigationTest: 1005: (28.032454, -82.415659, 0.538145)	R:false  F:false
02-28 09:09:40.704 13511 13544 D NavServiceProvider: Second to last stop coordinates: 28.03244, -82.405462
02-28 09:09:40.704 13511 13544 D NavServiceProvider: Setting units automatically
02-28 09:09:40.705 13511 13544 D NavServiceProvider: Detecting stop. distance_d=1002.30237. stop_type=1 speed=0.0
02-28 09:09:40.705 13511 13544 D NavigationTest: 1006: (28.032447, -82.415655, 0.000000)	R:false  F:false
02-28 09:09:40.705 13511 13544 D NavServiceProvider: Second to last stop coordinates: 28.03244, -82.405462
02-28 09:09:40.705 13511 13544 D NavServiceProvider: Setting units automatically
02-28 09:09:40.706 13511 13544 D NavServiceProvider: Detecting stop. distance_d=1003.08875. stop_type=1 speed=0.0
02-28 09:09:40.707 13511 13544 D NavigationTest: 1007: (28.032441, -82.415663, 0.000000)	R:false  F:false
02-28 09:09:40.707 13511 13544 D NavServiceProvider: Second to last stop coordinates: 28.03244, -82.405462
02-28 09:09:40.707 13511 13544 D NavServiceProvider: Setting units automatically
02-28 09:09:40.708 13511 13544 D NavServiceProvider: Detecting stop. distance_d=1003.38403. stop_type=1 speed=0.372021
02-28 09:09:40.708 13511 13544 D NavigationTest: 1008: (28.032434, -82.415666, 0.372021)	R:false  F:false
02-28 09:09:40.708 13511 13544 D NavServiceProvider: Second to last stop coordinates: 28.03244, -82.405462
02-28 09:09:40.708 13511 13544 D NavServiceProvider: Setting units automatically
02-28 09:09:40.709 13511 13544 D NavServiceProvider: Detecting stop. distance_d=1003.6792. stop_type=1 speed=0.0
02-28 09:09:40.709 13511 13544 D NavigationTest: 1009: (28.032432, -82.415669, 0.000000)	R:false  F:false
02-28 09:09:40.709 13511 13544 D NavServiceProvider: Second to last stop coordinates: 28.03244, -82.405462
02-28 09:09:40.710 13511 13544 D NavServiceProvider: Setting units automatically
02-28 09:09:40.711 13511 13544 D NavServiceProvider: Detecting stop. distance_d=1003.67957. stop_type=1 speed=0.0
02-28 09:09:40.711 13511 13544 D NavigationTest: 1010: (28.032429, -82.415669, 0.000000)	R:false  F:false
02-28 09:09:40.711 13511 13544 D NavServiceProvider: Second to last stop coordinates: 28.03244, -82.405462
02-28 09:09:40.711 13511 13544 D NavServiceProvider: Setting units automatically
02-28 09:09:40.712 13511 13544 D NavServiceProvider: Detecting stop. distance_d=1056.2289. stop_type=1 speed=0.0
02-28 09:09:40.712 13511 13544 D NavigationTest: 1011: (28.032524, -82.416203, 0.000000)	R:false  F:false
02-28 09:09:40.713 13511 13544 D NavServiceProvider: Second to last stop coordinates: 28.03244, -82.405462
02-28 09:09:40.713 13511 13544 D NavServiceProvider: Setting units automatically
02-28 09:09:40.714 13511 13544 D NavServiceProvider: Detecting stop. distance_d=1004.1715. stop_type=1 speed=0.0
02-28 09:09:40.715 13511 13544 D NavigationTest: 1012: (28.032427, -82.415674, 0.000000)	R:false  F:false
02-28 09:09:40.715 13511 13544 D NavigationTest: 1013: (28.032427, -82.415674, 0.000000)	R:false  F:false
02-28 09:09:40.715 13511 13544 D NavServiceProvider: Second to last stop coordinates: 28.03244, -82.405462
02-28 09:09:40.715 13511 13544 D NavServiceProvider: Setting units automatically
02-28 09:09:40.716 13511 13544 D NavServiceProvider: Detecting stop. distance_d=1004.1715. stop_type=1 speed=0.0
02-28 09:09:40.716 13511 13544 D NavigationTest: 1014: (28.032427, -82.415674, 0.000000)	R:false  F:false
02-28 09:09:40.716 13511 13544 D NavServiceProvider: Second to last stop coordinates: 28.03244, -82.405462
02-28 09:09:40.716 13511 13544 D NavServiceProvider: Setting units automatically
02-28 09:09:40.717 13511 13544 D NavServiceProvider: Detecting stop. distance_d=1003.6821. stop_type=1 speed=0.40025
02-28 09:09:40.718 13511 13544 D NavigationTest: 1015: (28.032417, -82.415669, 0.400250)	R:false  F:false
02-28 09:09:40.718 13511 13544 D NavServiceProvider: Second to last stop coordinates: 28.03244, -82.405462
02-28 09:09:40.718 13511 13544 D NavServiceProvider: Setting units automatically
02-28 09:09:40.719 13511 13544 D NavServiceProvider: Detecting stop. distance_d=1002.208. stop_type=1 speed=0.0
02-28 09:09:40.719 13511 13544 D NavigationTest: 1016: (28.032414, -82.415654, 0.000000)	R:false  F:false
02-28 09:09:40.719 13511 13544 D NavServiceProvider: Second to last stop coordinates: 28.03244, -82.405462
02-28 09:09:40.719 13511 13544 D NavServiceProvider: Setting units automatically
02-28 09:09:40.720 13511 13544 D NavServiceProvider: Detecting stop. distance_d=1001.4244. stop_type=1 speed=0.283019
02-28 09:09:40.721 13511 13544 D NavigationTest: 1017: (28.032406, -82.415646, 0.283019)	R:false  F:false
02-28 09:09:40.721 13511 13544 D NavServiceProvider: Second to last stop coordinates: 28.03244, -82.405462
02-28 09:09:40.721 13511 13544 D NavServiceProvider: Setting units automatically
02-28 09:09:40.722 13511 13544 D NavServiceProvider: Detecting stop. distance_d=1000.63727. stop_type=1 speed=0.01
02-28 09:09:40.722 13511 13544 D NavigationTest: 1018: (28.032407, -82.415638, 0.010000)	R:false  F:false
02-28 09:09:40.722 13511 13544 D NavServiceProvider: Second to last stop coordinates: 28.03244, -82.405462
02-28 09:09:40.722 13511 13544 D NavServiceProvider: Setting units automatically
02-28 09:09:40.725 13511 13544 D NavServiceProvider: Detecting stop. distance_d=1001.32275. stop_type=1 speed=0.0
02-28 09:09:40.725 13511 13544 D NavigationTest: 1019: (28.032415, -82.415645, 0.000000)	R:false  F:false
02-28 09:09:40.725 13511 13544 D NavServiceProvider: Second to last stop coordinates: 28.03244, -82.405462
02-28 09:09:40.726 13511 13544 D NavServiceProvider: Setting units automatically
02-28 09:09:40.727 13511 13544 D NavServiceProvider: Detecting stop. distance_d=1002.4065. stop_type=1 speed=0.0
02-28 09:09:40.727 13511 13544 D NavigationTest: 1020: (28.032409, -82.415656, 0.000000)	R:false  F:false
02-28 09:09:40.727 13511 13544 D NavServiceProvider: Second to last stop coordinates: 28.03244, -82.405462
02-28 09:09:40.727 13511 13544 D NavServiceProvider: Setting units automatically
02-28 09:09:40.728  2953  3212 I QcrilOemhookMsgTunnel: [0]processOemHookIndication length=22
02-28 09:09:40.728 13511 13544 D NavServiceProvider: Detecting stop. distance_d=1002.50085. stop_type=1 speed=0.0
02-28 09:09:40.729 13511 13544 D NavigationTest: 1021: (28.032422, -82.415657, 0.000000)	R:false  F:false
02-28 09:09:40.729 13511 13544 D NavServiceProvider: Second to last stop coordinates: 28.03244, -82.405462
02-28 09:09:40.729 13511 13544 D NavServiceProvider: Setting units automatically
02-28 09:09:40.730 13511 13544 D NavServiceProvider: Detecting stop. distance_d=1002.2049. stop_type=1 speed=0.0
02-28 09:09:40.730 13511 13544 D NavigationTest: 1022: (28.032427, -82.415654, 0.000000)	R:false  F:false
02-28 09:09:40.730 13511 13544 D NavServiceProvider: Second to last stop coordinates: 28.03244, -82.405462
02-28 09:09:40.731 13511 13544 D NavServiceProvider: Setting units automatically
02-28 09:09:40.732 13511 13544 D NavServiceProvider: Detecting stop. distance_d=1002.50024. stop_type=1 speed=0.0
02-28 09:09:40.732 13511 13544 D NavigationTest: 1023: (28.032425, -82.415657, 0.000000)	R:false  F:false
02-28 09:09:40.732 13511 13544 D NavServiceProvider: Second to last stop coordinates: 28.03244, -82.405462
02-28 09:09:40.733 13511 13544 D NavServiceProvider: Setting units automatically
02-28 09:09:40.734 13511 13544 D NavServiceProvider: Detecting stop. distance_d=1002.20404. stop_type=1 speed=0.0
02-28 09:09:40.734 13511 13544 D NavigationTest: 1024: (28.032434, -82.415654, 0.000000)	R:false  F:false
02-28 09:09:40.734 13511 13544 D NavServiceProvider: Second to last stop coordinates: 28.03244, -82.405462
02-28 09:09:40.734 13511 13544 D NavServiceProvider: Setting units automatically
02-28 09:09:40.736 13511 13544 D NavServiceProvider: Detecting stop. distance_d=1002.499. stop_type=1 speed=0.286531
02-28 09:09:40.736 13511 13544 D NavigationTest: 1025: (28.032447, -82.415657, 0.286531)	R:false  F:false
02-28 09:09:40.736 13511 13544 D NavServiceProvider: Second to last stop coordinates: 28.03244, -82.405462
02-28 09:09:40.736 13511 13544 D NavServiceProvider: Setting units automatically
02-28 09:09:40.738 13511 13544 D NavServiceProvider: Detecting stop. distance_d=1001.51544. stop_type=1 speed=0.706116
02-28 09:09:40.738 13511 13544 D NavigationTest: 1026: (28.032442, -82.415647, 0.706116)	R:false  F:false
02-28 09:09:40.738 13511 13544 D NavServiceProvider: Second to last stop coordinates: 28.03244, -82.405462
02-28 09:09:40.738 13511 13544 D NavServiceProvider: Setting units automatically
02-28 09:09:40.740 13511 13544 D NavServiceProvider: Detecting stop. distance_d=1000.9255. stop_type=1 speed=0.473814
02-28 09:09:40.740 13511 13544 D NavigationTest: 1027: (28.032438, -82.415641, 0.473814)	R:false  F:false
02-28 09:09:40.740 13511 13544 D NavServiceProvider: Second to last stop coordinates: 28.03244, -82.405462
02-28 09:09:40.740 13511 13544 D NavServiceProvider: Setting units automatically
02-28 09:09:40.742 13511 13544 D NavServiceProvider: Detecting stop. distance_d=1000.6305. stop_type=1 speed=0.0
02-28 09:09:40.742 13511 13544 D NavigationTest: 1028: (28.032439, -82.415638, 0.000000)	R:false  F:false
02-28 09:09:40.742 13511 13544 D NavServiceProvider: Second to last stop coordinates: 28.03244, -82.405462
02-28 09:09:40.742 13511 13544 D NavServiceProvider: Setting units automatically
02-28 09:09:40.744 13511 13544 D NavServiceProvider: Detecting stop. distance_d=1000.63055. stop_type=1 speed=0.0
02-28 09:09:40.744 13511 13544 D NavigationTest: 1029: (28.032444, -82.415638, 0.000000)	R:false  F:false
02-28 09:09:40.744 13511 13544 D NavServiceProvider: Second to last stop coordinates: 28.03244, -82.405462
02-28 09:09:40.744 13511 13544 D NavServiceProvider: Setting units automatically
02-28 09:09:40.744 13579 13612 I GoogleTTSServiceImpl: Synthesis request for locale eng-USA and name en-US-language
02-28 09:09:40.745 13511 13544 D NavServiceProvider: Detecting stop. distance_d=1001.12213. stop_type=1 speed=0.294279
02-28 09:09:40.745 13511 13544 D NavigationTest: 1030: (28.032439, -82.415643, 0.294279)	R:false  F:false
02-28 09:09:40.746 13511 13544 D NavServiceProvider: Second to last stop coordinates: 28.03244, -82.405462
02-28 09:09:40.746 13579 13612 I GoogleTTSServiceImpl: TTS dispatch: en-us-x-iog-seanet-embedded
02-28 09:09:40.746 13511 13544 D NavServiceProvider: Setting units automatically
02-28 09:09:40.747 13511 13544 D NavServiceProvider: Detecting stop. distance_d=1000.4341. stop_type=1 speed=0.391152
02-28 09:09:40.747 13511 13544 D NavigationTest: 1031: (28.032447, -82.415636, 0.391152)	R:false  F:false
02-28 09:09:40.747 13511 13544 D NavServiceProvider: Second to last stop coordinates: 28.03244, -82.405462
02-28 09:09:40.748 13511 13544 D NavServiceProvider: Setting units automatically
02-28 09:09:40.749 13511 13544 D NavServiceProvider: Detecting stop. distance_d=1002.4048. stop_type=1 speed=0.617414
02-28 09:09:40.749 13511 13544 D NavigationTest: 1032: (28.032467, -82.415656, 0.617414)	R:false  F:false
02-28 09:09:40.749 13511 13544 D NavServiceProvider: Second to last stop coordinates: 28.03244, -82.405462
02-28 09:09:40.750 13511 13544 D NavServiceProvider: Setting units automatically
02-28 09:09:40.751 13511 13544 D NavServiceProvider: Detecting stop. distance_d=1002.4048. stop_type=1 speed=0.0
02-28 09:09:40.751 13511 13544 D NavigationTest: 1033: (28.032467, -82.415656, 0.000000)	R:false  F:false
02-28 09:09:40.751 13511 13544 D NavigationTest: 1034: (28.032467, -82.415656, 0.000000)	R:false  F:false
02-28 09:09:40.751 13511 13544 D NavServiceProvider: Second to last stop coordinates: 28.03244, -82.405462
02-28 09:09:40.751 13511 13544 D NavServiceProvider: Setting units automatically
02-28 09:09:40.753 13511 13544 D NavServiceProvider: Detecting stop. distance_d=1002.4028. stop_type=1 speed=0.224722
02-28 09:09:40.753 13511 13544 D NavigationTest: 1035: (28.032460, -82.415656, 0.224722)	R:false  F:false
02-28 09:09:40.753 13511 13544 D NavServiceProvider: Second to last stop coordinates: 28.03244, -82.405462
02-28 09:09:40.753  2869  3669 D QCNEJ/WwanInfoRelay: onServiceStateChanged: dataState: 2 DDS:2 Notify service state update
02-28 09:09:40.754 13511 13544 D NavServiceProvider: Setting units automatically
02-28 09:09:40.755 13511 13544 D NavServiceProvider: Detecting stop. distance_d=1002.40234. stop_type=1 speed=0.199249
02-28 09:09:40.755 13511 13544 D NavigationTest: 1036: (28.032458, -82.415656, 0.199249)	R:false  F:false
02-28 09:09:40.755 13511 13544 D NavServiceProvider: Second to last stop coordinates: 28.03244, -82.405462
02-28 09:09:40.756 13511 13544 D NavServiceProvider: Setting units automatically
02-28 09:09:40.756  7189  7189 D CellBroadcastReceiver: onReceive Intent { act=android.intent.action.SERVICE_STATE flg=0x1000010 cmp=com.android.cellbroadcastreceiver/.CellBroadcastReceiver (has extras) }
02-28 09:09:40.757 13511 13544 D NavServiceProvider: Detecting stop. distance_d=1003.48987. stop_type=1 speed=0.361386
02-28 09:09:40.758 13511 13544 D NavigationTest: 1037: (28.032476, -82.415667, 0.361386)	R:false  F:false
02-28 09:09:40.758 13511 13544 D NavServiceProvider: Second to last stop coordinates: 28.03244, -82.405462
02-28 09:09:40.758 13511 13544 D NavServiceProvider: Setting units automatically
02-28 09:09:40.759 13511 13544 D NavServiceProvider: Detecting stop. distance_d=1003.9829. stop_type=1 speed=0.360555
02-28 09:09:40.760 13511 13544 D NavigationTest: 1038: (28.032479, -82.415672, 0.360555)	R:false  F:false
02-28 09:09:40.760 13511 13544 D NavServiceProvider: Second to last stop coordinates: 28.03244, -82.405462
02-28 09:09:40.760 13511 13544 D NavServiceProvider: Setting units automatically
02-28 09:09:40.761 13511 13544 D NavServiceProvider: Detecting stop. distance_d=1002.7071. stop_type=1 speed=0.306105
02-28 09:09:40.761 13511 13544 D NavigationTest: 1039: (28.032484, -82.415659, 0.306105)	R:false  F:false
02-28 09:09:40.761 13511 13544 D NavigationTest: 1040: (28.032484, -82.415659, 0.306105)	R:false  F:false
02-28 09:09:40.761 13511 13544 D NavServiceProvider: Second to last stop coordinates: 28.03244, -82.405462
02-28 09:09:40.762 13511 13544 D NavServiceProvider: Setting units automatically
02-28 09:09:40.763 13511 13544 D NavServiceProvider: Detecting stop. distance_d=1001.92773. stop_type=1 speed=0.297321
02-28 09:09:40.763 13511 13544 D NavigationTest: 1041: (28.032496, -82.415651, 0.297321)	R:false  F:false
02-28 09:09:40.763 13511 13544 D NavServiceProvider: Second to last stop coordinates: 28.03244, -82.405462
02-28 09:09:40.763 13511 13544 D NavServiceProvider: Setting units automatically
02-28 09:09:40.764 13511 13544 D NavServiceProvider: Detecting stop. distance_d=1000.54724. stop_type=1 speed=0.0
02-28 09:09:40.765 13511 13544 D NavigationTest: 1042: (28.032490, -82.415637, 0.000000)	R:false  F:false
02-28 09:09:40.765 13511 13544 D NavServiceProvider: Second to last stop coordinates: 28.03244, -82.405462
02-28 09:09:40.765 13511 13544 D NavServiceProvider: Setting units automatically
02-28 09:09:40.766 13511 13544 D NavServiceProvider: Detecting stop. distance_d=1000.64435. stop_type=1 speed=0.0
02-28 09:09:40.766 13511 13544 D NavigationTest: 1043: (28.032488, -82.415638, 0.000000)	R:false  F:false
02-28 09:09:40.766 13511 13544 D NavServiceProvider: Second to last stop coordinates: 28.03244, -82.405462
02-28 09:09:40.766 13511 13544 D NavServiceProvider: Setting units automatically
02-28 09:09:40.768 13511 13544 D NavServiceProvider: Detecting stop. distance_d=1000.7458. stop_type=1 speed=0.0
02-28 09:09:40.768 13511 13544 D NavigationTest: 1044: (28.032493, -82.415639, 0.000000)	R:false  F:false
02-28 09:09:40.768 13511 13544 D NavServiceProvider: Second to last stop coordinates: 28.03244, -82.405462
02-28 09:09:40.768 13511 13544 D NavServiceProvider: Setting units automatically
02-28 09:09:40.769 13511 13544 D NavServiceProvider: Detecting stop. distance_d=1001.72723. stop_type=1 speed=0.632535
02-28 09:09:40.770 13511 13544 D NavigationTest: 1045: (28.032490, -82.415649, 0.632535)	R:false  F:false
02-28 09:09:40.770 13511 13544 D NavServiceProvider: Second to last stop coordinates: 28.03244, -82.405462
02-28 09:09:40.770 13511 13544 D NavServiceProvider: Setting units automatically
02-28 09:09:40.771 13511 13544 D NavServiceProvider: Detecting stop. distance_d=1001.3294. stop_type=1 speed=0.181108
02-28 09:09:40.771 13511 13544 D NavigationTest: 1046: (28.032482, -82.415645, 0.181108)	R:false  F:false
02-28 09:09:40.771 13511 13544 D NavServiceProvider: Second to last stop coordinates: 28.03244, -82.405462
02-28 09:09:40.772 13511 13544 D NavServiceProvider: Setting units automatically
02-28 09:09:40.773 13511 13544 D NavServiceProvider: Detecting stop. distance_d=1001.2282. stop_type=1 speed=0.43909
02-28 09:09:40.773 13511 13544 D NavigationTest: 1047: (28.032476, -82.415644, 0.439090)	R:false  F:false
02-28 09:09:40.773 13511 13544 D NavServiceProvider: Second to last stop coordinates: 28.03244, -82.405462
02-28 09:09:40.773 13511 13544 D NavServiceProvider: Setting units automatically
02-28 09:09:40.775 13511 13544 D NavServiceProvider: Detecting stop. distance_d=1001.9157. stop_type=1 speed=0.292062
02-28 09:09:40.775 13511 13544 D NavigationTest: 1048: (28.032474, -82.415651, 0.292062)	R:false  F:false
02-28 09:09:40.775 13511 13544 D NavServiceProvider: Second to last stop coordinates: 28.03244, -82.405462
02-28 09:09:40.775 13511 13544 D NavServiceProvider: Setting units automatically
02-28 09:09:40.776 13511 13544 D NavServiceProvider: Detecting stop. distance_d=1002.0129. stop_type=1 speed=0.0
02-28 09:09:40.776 13511 13544 D NavigationTest: 1049: (28.032471, -82.415652, 0.000000)	R:false  F:false
02-28 09:09:40.776 13511 13544 D NavServiceProvider: Second to last stop coordinates: 28.03244, -82.405462
02-28 09:09:40.777 13511 13544 D NavServiceProvider: Setting units automatically
02-28 09:09:40.778 13511 13544 D NavServiceProvider: Detecting stop. distance_d=1002.0125. stop_type=1 speed=0.0
02-28 09:09:40.778 13511 13544 D NavigationTest: 1050: (28.032470, -82.415652, 0.000000)	R:false  F:false
02-28 09:09:40.778 13511 13544 D NavServiceProvider: Second to last stop coordinates: 28.03244, -82.405462
02-28 09:09:40.778 13511 13544 D NavServiceProvider: Setting units automatically
02-28 09:09:40.779 13511 13544 D NavServiceProvider: Detecting stop. distance_d=1002.0115. stop_type=1 speed=0.0
02-28 09:09:40.780 13511 13544 D NavigationTest: 1051: (28.032467, -82.415652, 0.000000)	R:false  F:false
02-28 09:09:40.780 13511 13544 D NavServiceProvider: Second to last stop coordinates: 28.03244, -82.405462
02-28 09:09:40.780 13511 13544 D NavServiceProvider: Setting units automatically
02-28 09:09:40.781 13511 13544 D NavServiceProvider: Detecting stop. distance_d=1002.30615. stop_type=1 speed=0.0
02-28 09:09:40.781 13511 13544 D NavigationTest: 1052: (28.032466, -82.415655, 0.000000)	R:false  F:false
02-28 09:09:40.781 13511 13544 D NavServiceProvider: Second to last stop coordinates: 28.03244, -82.405462
02-28 09:09:40.781 13511 13544 D NavServiceProvider: Setting units automatically
02-28 09:09:40.782 13511 13544 D NavServiceProvider: Detecting stop. distance_d=1002.30524. stop_type=1 speed=0.0
02-28 09:09:40.783 13511 13544 D NavigationTest: 1053: (28.032463, -82.415655, 0.000000)	R:false  F:false
02-28 09:09:40.783 13511 13544 D NavServiceProvider: Second to last stop coordinates: 28.03244, -82.405462
02-28 09:09:40.783 13511 13544 D NavServiceProvider: Setting units automatically
02-28 09:09:40.784 13511 13544 D NavServiceProvider: Detecting stop. distance_d=1002.3047. stop_type=1 speed=0.0
02-28 09:09:40.784 13511 13544 D NavigationTest: 1054: (28.032461, -82.415655, 0.000000)	R:false  F:false
02-28 09:09:40.784 13511 13544 D NavServiceProvider: Second to last stop coordinates: 28.03244, -82.405462
02-28 09:09:40.784 13511 13544 D NavServiceProvider: Setting units automatically
02-28 09:09:40.785 13511 13544 D NavServiceProvider: Detecting stop. distance_d=1002.59973. stop_type=1 speed=0.0
02-28 09:09:40.785 13511 13544 D NavigationTest: 1055: (28.032461, -82.415658, 0.000000)	R:false  F:false
02-28 09:09:40.785 13511 13544 D NavServiceProvider: Second to last stop coordinates: 28.03244, -82.405462
02-28 09:09:40.786 13511 13544 D NavServiceProvider: Setting units automatically
02-28 09:09:40.787 13511 13544 D NavServiceProvider: Detecting stop. distance_d=1051.2991. stop_type=1 speed=0.0
02-28 09:09:40.787 13511 13544 D NavigationTest: 1056: (28.032509, -82.416153, 0.000000)	R:false  F:false
02-28 09:09:40.787 13511 13544 D NavigationTest: 1057: (28.032509, -82.416153, 0.000000)	R:false  F:false
02-28 09:09:40.787 13511 13544 D NavServiceProvider: Second to last stop coordinates: 28.03244, -82.405462
02-28 09:09:40.787 13511 13544 D NavServiceProvider: Setting units automatically
02-28 09:09:40.788 13511 13544 D NavServiceProvider: Detecting stop. distance_d=1002.59973. stop_type=1 speed=0.0
02-28 09:09:40.788 13511 13544 D NavigationTest: 1058: (28.032461, -82.415658, 0.000000)	R:false  F:false
02-28 09:09:40.788 13511 13544 D NavServiceProvider: Second to last stop coordinates: 28.03244, -82.405462
02-28 09:09:40.789 13511 13544 D NavServiceProvider: Setting units automatically
02-28 09:09:40.790 13511 13544 D NavServiceProvider: Detecting stop. distance_d=1002.1098. stop_type=1 speed=0.52345
02-28 09:09:40.790 13511 13544 D NavigationTest: 1059: (28.032467, -82.415653, 0.523450)	R:false  F:false
02-28 09:09:40.790 13511 13544 D NavServiceProvider: Second to last stop coordinates: 28.03244, -82.405462
02-28 09:09:40.790 13511 13544 D NavServiceProvider: Setting units automatically
02-28 09:09:40.791 13511 13544 D NavServiceProvider: Detecting stop. distance_d=1000.83057. stop_type=1 speed=0.0
02-28 09:09:40.791 13511 13544 D NavigationTest: 1060: (28.032464, -82.415640, 0.000000)	R:false  F:false
02-28 09:09:40.791 13511 13544 D NavServiceProvider: Second to last stop coordinates: 28.03244, -82.405462
02-28 09:09:40.792 13511 13544 D NavServiceProvider: Setting units automatically
02-28 09:09:40.792  2869  3669 D QCNEJ/WwanInfoRelay: onServiceStateChanged: dataState: 2 DDS:2 Notify service state update
02-28 09:09:40.793 13511 13544 D NavServiceProvider: Detecting stop. distance_d=1001.8133. stop_type=1 speed=1.370328
02-28 09:09:40.793  2972  2972 D ServiceStateProvider: subId=2
02-28 09:09:40.793 13511 13544 D NavigationTest: 1061: (28.032462, -82.415650, 1.370328)	R:false  F:false
02-28 09:09:40.793 13511 13544 D NavServiceProvider: Second to last stop coordinates: 28.03244, -82.405462
02-28 09:09:40.793 13511 13544 D NavServiceProvider: Setting units automatically
02-28 09:09:40.795 13511 13544 D NavServiceProvider: Detecting stop. distance_d=1002.403. stop_type=1 speed=0.497393
02-28 09:09:40.795 13511 13544 D NavigationTest: 1062: (28.032461, -82.415656, 0.497393)	R:false  F:false
02-28 09:09:40.795 13511 13544 D NavServiceProvider: Second to last stop coordinates: 28.03244, -82.405462
02-28 09:09:40.796 13511 13544 D NavServiceProvider: Setting units automatically
02-28 09:09:40.796  7189  7189 D CellBroadcastReceiver: onReceive Intent { act=android.intent.action.SERVICE_STATE flg=0x1000010 cmp=com.android.cellbroadcastreceiver/.CellBroadcastReceiver (has extras) }
02-28 09:09:40.797 13511 13544 D NavServiceProvider: Detecting stop. distance_d=1002.99255. stop_type=1 speed=0.592284
02-28 09:09:40.797 13511 13544 D NavigationTest: 1063: (28.032459, -82.415662, 0.592284)	R:false  F:false
02-28 09:09:40.797 13511 13544 D NavServiceProvider: Second to last stop coordinates: 28.03244, -82.405462
02-28 09:09:40.798 13511 13544 D NavServiceProvider: Setting units automatically
02-28 09:09:40.800 13511 13544 D NavServiceProvider: Detecting stop. distance_d=1002.7969. stop_type=1 speed=0.1
02-28 09:09:40.800 13511 13544 D NavigationTest: 1064: (28.032463, -82.415660, 0.100000)	R:false  F:false
02-28 09:09:40.800 13511 13544 D NavServiceProvider: Second to last stop coordinates: 28.03244, -82.405462
02-28 09:09:40.800 13511 13544 D NavServiceProvider: Setting units automatically
02-28 09:09:40.801 13511 13544 D NavServiceProvider: Detecting stop. distance_d=1003.2888. stop_type=1 speed=0.0
02-28 09:09:40.801 13511 13544 D NavigationTest: 1065: (28.032464, -82.415665, 0.000000)	R:false  F:false
02-28 09:09:40.801 13511 13544 D NavServiceProvider: Second to last stop coordinates: 28.03244, -82.405462
02-28 09:09:40.802 13511 13544 D NavServiceProvider: Setting units automatically
02-28 09:09:40.803 13511 13544 D NavServiceProvider: Detecting stop. distance_d=1003.58276. stop_type=1 speed=0.0
02-28 09:09:40.803 13511 13544 D NavigationTest: 1066: (28.032460, -82.415668, 0.000000)	R:false  F:false
02-28 09:09:40.803 13511 13544 D NavServiceProvider: Second to last stop coordinates: 28.03244, -82.405462
02-28 09:09:40.803 13511 13544 D NavServiceProvider: Setting units automatically
02-28 09:09:40.804 13511 13544 D NavServiceProvider: Detecting stop. distance_d=1003.77924. stop_type=1 speed=0.0
02-28 09:09:40.804 13511 13544 D NavigationTest: 1067: (28.032459, -82.415670, 0.000000)	R:false  F:false
02-28 09:09:40.805 13511 13544 D NavServiceProvider: Second to last stop coordinates: 28.03244, -82.405462
02-28 09:09:40.805 13511 13544 D NavServiceProvider: Setting units automatically
02-28 09:09:40.806 13511 13544 D NavServiceProvider: Detecting stop. distance_d=1004.2697. stop_type=1 speed=0.0
02-28 09:09:40.806 13511 13544 D NavigationTest: 1068: (28.032453, -82.415675, 0.000000)	R:false  F:false
02-28 09:09:40.806 13511 13544 D NavServiceProvider: Second to last stop coordinates: 28.03244, -82.405462
02-28 09:09:40.806 13511 13544 D NavServiceProvider: Setting units automatically
02-28 09:09:40.807 13511 13544 D NavServiceProvider: Detecting stop. distance_d=1004.5641. stop_type=1 speed=0.0
02-28 09:09:40.807 13511 13544 D NavigationTest: 1069: (28.032448, -82.415678, 0.000000)	R:false  F:false
02-28 09:09:40.807 13511 13544 D NavServiceProvider: Second to last stop coordinates: 28.03244, -82.405462
02-28 09:09:40.808 13511 13544 D NavServiceProvider: Setting units automatically
02-28 09:09:40.809 13511 13544 D NavServiceProvider: Detecting stop. distance_d=1003.3838. stop_type=1 speed=0.0
02-28 09:09:40.809 13511 13544 D NavigationTest: 1070: (28.032442, -82.415666, 0.000000)	R:false  F:false
02-28 09:09:40.809 13511 13544 D NavServiceProvider: Second to last stop coordinates: 28.03244, -82.405462
02-28 09:09:40.809 13511 13544 D NavServiceProvider: Setting units automatically
02-28 09:09:40.810 13511 13544 D NavServiceProvider: Detecting stop. distance_d=1002.69556. stop_type=1 speed=0.0
02-28 09:09:40.810 13511 13544 D NavigationTest: 1071: (28.032436, -82.415659, 0.000000)	R:false  F:false
02-28 09:09:40.810 13511 13544 D NavServiceProvider: Second to last stop coordinates: 28.03244, -82.405462
02-28 09:09:40.811 13511 13544 D NavServiceProvider: Setting units automatically
02-28 09:09:40.812 13511 13544 D NavServiceProvider: Detecting stop. distance_d=1002.8932. stop_type=1 speed=0.226274
02-28 09:09:40.812 13511 13544 D NavigationTest: 1072: (28.032427, -82.415661, 0.226274)	R:false  F:false
02-28 09:09:40.812 13511 13544 D NavServiceProvider: Second to last stop coordinates: 28.03244, -82.405462
02-28 09:09:40.812 13511 13544 D NavServiceProvider: Setting units automatically
02-28 09:09:40.813 13511 13544 D NavServiceProvider: Detecting stop. distance_d=1002.208. stop_type=1 speed=1.33645
02-28 09:09:40.813 13511 13544 D NavigationTest: 1073: (28.032414, -82.415654, 1.336450)	R:false  F:false
02-28 09:09:40.813 13511 13544 D NavServiceProvider: Second to last stop coordinates: 28.03244, -82.405462
02-28 09:09:40.813 13511 13544 D NavServiceProvider: Setting units automatically
02-28 09:09:40.814 13511 13544 D NavServiceProvider: Detecting stop. distance_d=1002.11035. stop_type=1 speed=0.0
02-28 09:09:40.814 13511 13544 D NavigationTest: 1074: (28.032412, -82.415653, 0.000000)	R:false  F:false
02-28 09:09:40.814 13511 13544 D NavServiceProvider: Second to last stop coordinates: 28.03244, -82.405462
02-28 09:09:40.815 13511 13544 D NavServiceProvider: Setting units automatically
02-28 09:09:40.816 13511 13544 D NavServiceProvider: Detecting stop. distance_d=1001.71356. stop_type=1 speed=0.990202
02-28 09:09:40.816 13511 13544 D NavigationTest: 1075: (28.032425, -82.415649, 0.990202)	R:false  F:false
02-28 09:09:40.816 13511 13544 D NavServiceProvider: Second to last stop coordinates: 28.03244, -82.405462
02-28 09:09:40.816 13511 13544 D NavServiceProvider: Setting units automatically
02-28 09:09:40.817 13511 13544 D NavServiceProvider: Detecting stop. distance_d=1002.1069. stop_type=1 speed=0.608769
02-28 09:09:40.817 13511 13544 D NavigationTest: 1076: (28.032425, -82.415653, 0.608769)	R:false  F:false
02-28 09:09:40.817 13511 13544 D NavServiceProvider: Second to last stop coordinates: 28.03244, -82.405462
02-28 09:09:40.817 13511 13544 D NavServiceProvider: Setting units automatically
02-28 09:09:40.818 13511 13544 D NavServiceProvider: Detecting stop. distance_d=1001.9102. stop_type=1 speed=0.404475
02-28 09:09:40.819 13511 13544 D NavigationTest: 1077: (28.032425, -82.415651, 0.404475)	R:false  F:false
02-28 09:09:40.819 13511 13544 D NavServiceProvider: Second to last stop coordinates: 28.03244, -82.405462
02-28 09:09:40.819 13511 13544 D NavServiceProvider: Setting units automatically
02-28 09:09:40.820 13511 13544 D NavServiceProvider: Detecting stop. distance_d=1051.595. stop_type=1 speed=0.0
02-28 09:09:40.820 13511 13544 D NavigationTest: 1078: (28.032510, -82.416156, 0.000000)	R:false  F:false
02-28 09:09:40.820 13511 13544 D NavServiceProvider: Second to last stop coordinates: 28.03244, -82.405462
02-28 09:09:40.820 13511 13544 D NavServiceProvider: Setting units automatically
02-28 09:09:40.821 13511 13544 D NavServiceProvider: Detecting stop. distance_d=1002.40125. stop_type=1 speed=0.313847
02-28 09:09:40.821 13511 13544 D NavigationTest: 1079: (28.032429, -82.415656, 0.313847)	R:false  F:false
02-28 09:09:40.821 13511 13544 D NavServiceProvider: Second to last stop coordinates: 28.03244, -82.405462
02-28 09:09:40.822 13511 13544 D NavServiceProvider: Setting units automatically
02-28 09:09:40.823 13511 13544 D NavServiceProvider: Detecting stop. distance_d=1002.1061. stop_type=1 speed=0.746324
02-28 09:09:40.823 13511 13544 D NavigationTest: 1080: (28.032430, -82.415653, 0.746324)	R:false  F:false
02-28 09:09:40.823 13511 13544 D NavServiceProvider: Second to last stop coordinates: 28.03244, -82.405462
02-28 09:09:40.823 13511 13544 D NavServiceProvider: Setting units automatically
02-28 09:09:40.824 13511 13544 D NavServiceProvider: Detecting stop. distance_d=1001.8121. stop_type=1 speed=0.765768
02-28 09:09:40.824 13511 13544 D NavigationTest: 1081: (28.032424, -82.415650, 0.765768)	R:false  F:false
02-28 09:09:40.824 13511 13544 D NavServiceProvider: Second to last stop coordinates: 28.03244, -82.405462
02-28 09:09:40.824 13511 13544 D NavServiceProvider: Setting units automatically
02-28 09:09:40.825 13511 13544 D NavServiceProvider: Detecting stop. distance_d=1001.81323. stop_type=1 speed=0.563028
02-28 09:09:40.826 13511 13544 D NavigationTest: 1082: (28.032419, -82.415650, 0.563028)	R:false  F:false
02-28 09:09:40.826 13511 13544 D NavServiceProvider: Second to last stop coordinates: 28.03244, -82.405462
02-28 09:09:40.826 13511 13544 D NavServiceProvider: Setting units automatically
02-28 09:09:40.827 13511 13544 D NavServiceProvider: Detecting stop. distance_d=1001.81354. stop_type=1 speed=0.396232
02-28 09:09:40.827 13511 13544 D NavigationTest: 1083: (28.032418, -82.415650, 0.396232)	R:false  F:false
02-28 09:09:40.827 13511 13544 D NavServiceProvider: Second to last stop coordinates: 28.03244, -82.405462
02-28 09:09:40.827 13511 13544 D NavServiceProvider: Setting units automatically
02-28 09:09:40.828 13511 13544 D NavServiceProvider: Detecting stop. distance_d=1001.1252. stop_type=1 speed=0.347131
02-28 09:09:40.828 13511 13544 D NavigationTest: 1084: (28.032418, -82.415643, 0.347131)	R:false  F:false
02-28 09:09:40.828 13511 13544 D NavServiceProvider: Second to last stop coordinates: 28.03244, -82.405462
02-28 09:09:40.829 13511 13544 D NavServiceProvider: Setting units automatically
02-28 09:09:40.830 13511 13544 D NavServiceProvider: Detecting stop. distance_d=1000.7319. stop_type=1 speed=0.0
02-28 09:09:40.830 13511 13544 D NavigationTest: 1085: (28.032418, -82.415639, 0.000000)	R:false  F:false
02-28 09:09:40.830 13511 13544 D NavServiceProvider: Second to last stop coordinates: 28.03244, -82.405462
02-28 09:09:40.830 13511 13544 D NavServiceProvider: Setting units automatically
02-28 09:09:40.831 13511 13544 D NavServiceProvider: Detecting stop. distance_d=1000.9291. stop_type=1 speed=0.520096
02-28 09:09:40.831 13511 13544 D NavigationTest: 1086: (28.032416, -82.415641, 0.520096)	R:false  F:false
02-28 09:09:40.831 13511 13544 D NavServiceProvider: Second to last stop coordinates: 28.03244, -82.405462
02-28 09:09:40.832 13511 13544 D NavServiceProvider: Setting units automatically
02-28 09:09:40.832 13511 13544 D NavServiceProvider: Detecting stop. distance_d=1001.32306. stop_type=1 speed=0.219317
02-28 09:09:40.833 13511 13544 D NavigationTest: 1087: (28.032414, -82.415645, 0.219317)	R:false  F:false
02-28 09:09:40.833 13511 13544 D NavServiceProvider: Second to last stop coordinates: 28.03244, -82.405462
02-28 09:09:40.833 13511 13544 D NavServiceProvider: Setting units automatically
02-28 09:09:40.834 13511 13544 D NavServiceProvider: Detecting stop. distance_d=1001.5197. stop_type=1 speed=0.0
02-28 09:09:40.834 13511 13544 D NavigationTest: 1088: (28.032414, -82.415647, 0.000000)	R:false  F:false
02-28 09:09:40.834 13511 13544 D NavServiceProvider: Second to last stop coordinates: 28.03244, -82.405462
02-28 09:09:40.834 13511 13544 D NavServiceProvider: Setting units automatically
02-28 09:09:40.835 13511 13544 D NavServiceProvider: Detecting stop. distance_d=1001.32245. stop_type=1 speed=0.344384
02-28 09:09:40.835 13511 13544 D NavigationTest: 1089: (28.032416, -82.415645, 0.344384)	R:false  F:false
02-28 09:09:40.835 13511 13544 D NavServiceProvider: Second to last stop coordinates: 28.03244, -82.405462
02-28 09:09:40.836 13511 13544 D NavServiceProvider: Setting units automatically
02-28 09:09:40.837 13511 13544 D NavServiceProvider: Detecting stop. distance_d=1001.2238. stop_type=1 speed=0.0
02-28 09:09:40.837 13511 13544 D NavigationTest: 1090: (28.032417, -82.415644, 0.000000)	R:false  F:false
02-28 09:09:40.837 13511 13544 D NavServiceProvider: Second to last stop coordinates: 28.03244, -82.405462
02-28 09:09:40.837 13511 13544 D NavServiceProvider: Setting units automatically
02-28 09:09:40.838 13511 13544 D NavServiceProvider: Detecting stop. distance_d=1001.02716. stop_type=1 speed=0.0
02-28 09:09:40.838 13511 13544 D NavigationTest: 1091: (28.032417, -82.415642, 0.000000)	R:false  F:false
02-28 09:09:40.838 13511 13544 D NavServiceProvider: Second to last stop coordinates: 28.03244, -82.405462
02-28 09:09:40.838 13511 13544 D NavServiceProvider: Setting units automatically
02-28 09:09:40.839 13511 13544 D NavServiceProvider: Detecting stop. distance_d=1001.4199. stop_type=1 speed=0.0
02-28 09:09:40.840 13511 13544 D NavigationTest: 1092: (28.032419, -82.415646, 0.000000)	R:false  F:false
02-28 09:09:40.840 13511 13544 D NavServiceProvider: Second to last stop coordinates: 28.03244, -82.405462
02-28 09:09:40.840 13511 13544 D NavServiceProvider: Setting units automatically
02-28 09:09:40.841 13511 13544 D NavServiceProvider: Detecting stop. distance_d=1001.12494. stop_type=1 speed=0.0
02-28 09:09:40.841 13511 13544 D NavigationTest: 1093: (28.032419, -82.415643, 0.000000)	R:false  F:false
02-28 09:09:40.841 13511 13544 D NavServiceProvider: Second to last stop coordinates: 28.03244, -82.405462
02-28 09:09:40.841 13511 13544 D NavServiceProvider: Setting units automatically
02-28 09:09:40.842 13511 13544 D NavServiceProvider: Detecting stop. distance_d=1001.2228. stop_type=1 speed=0.0
02-28 09:09:40.842 13511 13544 D NavigationTest: 1094: (28.032421, -82.415644, 0.000000)	R:false  F:false
02-28 09:09:40.842 13511 13544 D NavServiceProvider: Second to last stop coordinates: 28.03244, -82.405462
02-28 09:09:40.843 13511 13544 D NavServiceProvider: Setting units automatically
02-28 09:09:40.844 13511 13544 D NavServiceProvider: Detecting stop. distance_d=1001.51636. stop_type=1 speed=0.0
02-28 09:09:40.844 13511 13544 D NavigationTest: 1095: (28.032428, -82.415647, 0.000000)	R:false  F:false
02-28 09:09:40.844 13511 13544 D NavServiceProvider: Second to last stop coordinates: 28.03244, -82.405462
02-28 09:09:40.844 13511 13544 D NavServiceProvider: Setting units automatically
02-28 09:09:40.845 13511 13544 D NavServiceProvider: Detecting stop. distance_d=1001.4182. stop_type=1 speed=0.0
02-28 09:09:40.845 13511 13544 D NavigationTest: 1096: (28.032427, -82.415646, 0.000000)	R:false  F:false
02-28 09:09:40.845 13511 13544 D NavServiceProvider: Second to last stop coordinates: 28.03244, -82.405462
02-28 09:09:40.845 13511 13544 D NavServiceProvider: Setting units automatically
02-28 09:09:40.846 13511 13544 D NavServiceProvider: Detecting stop. distance_d=1001.0249. stop_type=1 speed=0.0
02-28 09:09:40.846 13511 13544 D NavigationTest: 1097: (28.032427, -82.415642, 0.000000)	R:false  F:false
02-28 09:09:40.846 13511 13544 D NavServiceProvider: Second to last stop coordinates: 28.03244, -82.405462
02-28 09:09:40.847 13511 13544 D NavServiceProvider: Setting units automatically
02-28 09:09:40.848 13511 13544 D NavServiceProvider: Detecting stop. distance_d=1001.3197. stop_type=1 speed=0.0
02-28 09:09:40.848 13511 13544 D NavigationTest: 1098: (28.032428, -82.415645, 0.000000)	R:false  F:false
02-28 09:09:40.848 13511 13544 D NavServiceProvider: Second to last stop coordinates: 28.03244, -82.405462
02-28 09:09:40.848 13511 13544 D NavServiceProvider: Setting units automatically
02-28 09:09:40.849 13511 13544 D NavServiceProvider: Detecting stop. distance_d=1001.3197. stop_type=1 speed=0.0
02-28 09:09:40.849 13511 13544 D NavigationTest: 1099: (28.032428, -82.415645, 0.000000)	R:false  F:false
02-28 09:09:40.849 13511 13544 D NavigationTest: 1100: (28.032428, -82.415645, 0.000000)	R:false  F:false
02-28 09:09:40.849 13511 13544 D NavServiceProvider: Second to last stop coordinates: 28.03244, -82.405462
02-28 09:09:40.850 13511 13544 D NavServiceProvider: Setting units automatically
02-28 09:09:40.851 13511 13544 D NavServiceProvider: Detecting stop. distance_d=1001.51636. stop_type=1 speed=0.0
02-28 09:09:40.851 13511 13544 D NavigationTest: 1101: (28.032428, -82.415647, 0.000000)	R:false  F:false
02-28 09:09:40.851 13511 13544 D NavServiceProvider: Second to last stop coordinates: 28.03244, -82.405462
02-28 09:09:40.851 13511 13544 D NavServiceProvider: Setting units automatically
02-28 09:09:40.852 13511 13544 D NavServiceProvider: Detecting stop. distance_d=1000.3358. stop_type=1 speed=0.90471
02-28 09:09:40.852 13511 13544 D NavigationTest: 1102: (28.032433, -82.415635, 0.904710)	R:false  F:false
02-28 09:09:40.852 13511 13544 D NavServiceProvider: Second to last stop coordinates: 28.03244, -82.405462
02-28 09:09:40.852 13511 13544 D NavServiceProvider: Setting units automatically
02-28 09:09:40.853 13511 13544 D NavServiceProvider: Detecting stop. distance_d=1000.0496. stop_type=1 speed=0.0
02-28 09:09:40.853 13511 13544 D NavigationTest: 1103: (28.032479, -82.415632, 0.000000)	R:false  F:false
02-28 09:09:40.853 13511 13544 D NavServiceProvider: Second to last stop coordinates: 28.03244, -82.405462
02-28 09:09:40.854 13511 13544 D NavServiceProvider: Setting units automatically
02-28 09:09:40.855 13511 13544 D NavServiceProvider: Detecting stop. distance_d=998.673. stop_type=1 speed=0.0
02-28 09:09:40.855 13511 13544 D NavigationTest: 1104: (28.032479, -82.415618, 0.000000)	R:false  F:false
02-28 09:09:40.855 13511 13544 D NavServiceProvider: Second to last stop coordinates: 28.03244, -82.405462
02-28 09:09:40.855 13511 13544 D NavServiceProvider: Setting units automatically
02-28 09:09:40.856 13511 13544 D NavServiceProvider: Detecting stop. distance_d=998.68567. stop_type=1 speed=0.0
02-28 09:09:40.856 13511 13544 D NavigationTest: 1105: (28.032500, -82.415618, 0.000000)	R:false  F:false
02-28 09:09:40.856 13511 13544 D NavServiceProvider: Second to last stop coordinates: 28.03244, -82.405462
02-28 09:09:40.857 13511 13544 D NavServiceProvider: Setting units automatically
02-28 09:09:40.858 13511 13544 D NavServiceProvider: Detecting stop. distance_d=999.27423. stop_type=1 speed=0.0
02-28 09:09:40.858 13511 13544 D NavigationTest: 1106: (28.032498, -82.415624, 0.000000)	R:false  F:false
02-28 09:09:40.858 13511 13544 D NavServiceProvider: Second to last stop coordinates: 28.03244, -82.405462
02-28 09:09:40.858 13511 13544 D NavServiceProvider: Setting units automatically
02-28 09:09:40.859 13511 13544 D NavServiceProvider: Detecting stop. distance_d=999.8642. stop_type=1 speed=0.0
