02-28 09:09:50.468 13511 13544 I TestRunner: started: testTrip31(org.onebusaway.android.nav.test.NavigationTest)
02-28 09:09:50.470 13511 13511 I MonitoringInstr: Activities that are still in CREATED to STOPPED: 0
02-28 09:09:50.502 13511 13544 D NavServiceProvider: Creating NavigationServiceProvider...
02-28 09:09:50.502 13511 13544 D NavServiceProvider: Starting navigation for service
02-28 09:09:50.502 13511 13544 D NavServiceProvider: ProximityCalculator initializing...
02-28 09:09:50.503 13511 13544 D NavServiceProvider: Initializing ProximityCalculator
02-28 09:09:50.503 13511 13544 D NavServiceProvider: Number of path links: 1
02-28 09:09:50.503 13511 13544 D NavServiceProvider: Second to last stop coordinates: 28.064702, -82.442885
02-28 09:09:50.503 13511 13544 D NavServiceProvider: Setting units automatically
02-28 09:09:50.505 13511 13544 D NavServiceProvider: Detecting stop. distance_d=1307.8063. stop_type=1 speed=0.0
02-28 09:09:50.505 13511 13544 D NavigationTest: 0: (28.066296, -82.429703, 0.000000)	R:false  F:false
02-28 09:09:50.505 13511 13544 D NavServiceProvider: Second to last stop coordinates: 28.064702, -82.442885
02-28 09:09:50.505 13511 13544 D NavServiceProvider: Setting units automatically
02-28 09:09:50.507 13511 13544 D NavServiceProvider: Detecting stop. distance_d=1307.9037. stop_type=1 speed=0.0
02-28 09:09:50.507 13511 13544 D NavigationTest: 1: (28.066296, -82.429702, 0.000000)	R:false  F:false
02-28 09:09:50.507 13511 13544 D NavigationTest: 2: (28.066296, -82.429702, 0.000000)	R:false  F:false
02-28 09:09:50.507 13511 13544 D NavigationTest: 3: (28.066296, -82.429702, 0.000000)	R:false  F:false
02-28 09:09:50.507 13511 13544 D NavServiceProvider: Second to last stop coordinates: 28.064702, -82.442885
02-28 09:09:50.507 13511 13544 D NavServiceProvider: Setting units automatically
02-28 09:09:50.509 13511 13544 D NavServiceProvider: Detecting stop. distance_d=1300.3728. stop_type=1 speed=0.0
02-28 09:09:50.509 13511 13544 D NavigationTest: 4: (28.066376, -82.429792, 0.000000)	R:false  F:false
02-28 09:09:50.509 13511 13544 D NavigationTest: 5: (28.066376, -82.429792, 0.000000)	R:false  F:false
02-28 09:09:50.509 13511 13544 D NavServiceProvider: Second to last stop coordinates: 28.064702, -82.442885
02-28 09:09:50.509 13511 13544 D NavServiceProvider: Setting units automatically
02-28 09:09:50.511 13511 13544 D NavServiceProvider: Detecting stop. distance_d=1307.9037. stop_type=1 speed=0.0
02-28 09:09:50.511 13511 13544 D NavigationTest: 6: (28.066296, -82.429702, 0.000000)	R:false  F:false
02-28 09:09:50.511 13511 13544 D NavigationTest: 7: (28.066296, -82.429702, 0.000000)	R:false  F:false
02-28 09:09:50.511 13511 13544 D NavServiceProvider: Second to last stop coordinates: 28.064702, -82.442885
02-28 09:09:50.511 13511 13544 D NavServiceProvider: Setting units automatically
02-28 09:09:50.513 13511 13544 D NavServiceProvider: Detecting stop. distance_d=1307.9037. stop_type=1 speed=0.0
02-28 09:09:50.514 13511 13544 D NavigationTest: 8: (28.066296, -82.429702, 0.000000)	R:false  F:false
02-28 09:09:50.514 13511 13544 D NavigationTest: 9: (28.066296, -82.429702, 0.000000)	R:false  F:false
02-28 09:09:50.514 13511 13544 D NavigationTest: 10: (28.066296, -82.429702, 0.000000)	R:false  F:false
02-28 09:09:50.514 13511 13544 D NavServiceProvider: Second to last stop coordinates: 28.064702, -82.442885
02-28 09:09:50.514 13511 13544 D NavServiceProvider: Setting units automatically
02-28 09:09:50.516 13511 13544 D NavServiceProvider: Detecting stop. distance_d=1307.9037. stop_type=1 speed=0.0
02-28 09:09:50.516 13511 13544 D NavigationTest: 11: (28.066296, -82.429702, 0.000000)	R:false  F:false
02-28 09:09:50.516 13511 13544 D NavigationTest: 12: (28.066296, -82.429702, 0.000000)	R:false  F:false
02-28 09:09:50.516 13511 13544 D NavigationTest: 13: (28.066296, -82.429702, 0.000000)	R:false  F:false
02-28 09:09:50.516 13511 13544 D NavServiceProvider: Second to last stop coordinates: 28.064702, -82.442885
02-28 09:09:50.517 13511 13544 D NavServiceProvider: Setting units automatically
02-28 09:09:50.518 13511 13544 D NavServiceProvider: Detecting stop. distance_d=1307.9037. stop_type=1 speed=0.0
02-28 09:09:50.518 13511 13544 D NavigationTest: 14: (28.066296, -82.429702, 0.000000)	R:false  F:false
02-28 09:09:50.518 13511 13544 D NavigationTest: 15: (28.066296, -82.429702, 0.000000)	R:false  F:false
02-28 09:09:50.518 13511 13544 D NavigationTest: 16: (28.066296, -82.429702, 0.000000)	R:false  F:false
02-28 09:09:50.518 13511 13544 D NavServiceProvider: Second to last stop coordinates: 28.064702, -82.442885
02-28 09:09:50.518 13511 13544 D NavServiceProvider: Setting units automatically
02-28 09:09:50.520 13511 13544 D NavServiceProvider: Detecting stop. distance_d=1307.9037. stop_type=1 speed=0.0
02-28 09:09:50.520 13511 13544 D NavigationTest: 17: (28.066296, -82.429702, 0.000000)	R:false  F:false
02-28 09:09:50.520 13511 13544 D NavigationTest: 18: (28.066296, -82.429702, 0.000000)	R:false  F:false
02-28 09:09:50.520 13511 13544 D NavigationTest: 19: (28.066296, -82.429702, 0.000000)	R:false  F:false
02-28 09:09:50.520 13511 13544 D NavServiceProvider: Second to last stop coordinates: 28.064702, -82.442885
02-28 09:09:50.521 13511 13544 D NavServiceProvider: Setting units automatically
02-28 09:09:50.522 13511 13544 D NavServiceProvider: Detecting stop. distance_d=1307.9037. stop_type=1 speed=0.0
02-28 09:09:50.522 13511 13544 D NavigationTest: 20: (28.066296, -82.429702, 0.000000)	R:false  F:false
02-28 09:09:50.522 13511 13544 D NavigationTest: 21: (28.066296, -82.429702, 0.000000)	R:false  F:false
02-28 09:09:50.522 13511 13544 D NavServiceProvider: Second to last stop coordinates: 28.064702, -82.442885
02-28 09:09:50.523 13511 13544 D NavServiceProvider: Setting units automatically
02-28 09:09:50.525 13511 13544 D NavServiceProvider: Detecting stop. distance_d=1307.9037. stop_type=1 speed=0.0
02-28 09:09:50.525 13511 13544 D NavigationTest: 22: (28.066296, -82.429702, 0.000000)	R:false  F:false
02-28 09:09:50.525 13511 13544 D NavigationTest: 23: (28.066296, -82.429702, 0.000000)	R:false  F:false
02-28 09:09:50.525 13511 13544 D NavigationTest: 24: (28.066296, -82.429702, 0.000000)	R:false  F:false
02-28 09:09:50.525 13511 13544 D NavServiceProvider: Second to last stop coordinates: 28.064702, -82.442885
02-28 09:09:50.525 13511 13544 D NavServiceProvider: Setting units automatically
02-28 09:09:50.526 13579 13612 W EventProcessor: callback.start() returned error code: -1
02-28 09:09:50.527 13511 13544 D NavServiceProvider: Detecting stop. distance_d=1307.9037. stop_type=1 speed=0.0
02-28 09:09:50.527 13511 13544 D NavigationTest: 25: (28.066296, -82.429702, 0.000000)	R:false  F:false
02-28 09:09:50.527 13511 13544 D NavigationTest: 26: (28.066296, -82.429702, 0.000000)	R:false  F:false
02-28 09:09:50.527 13511 13544 D NavigationTest: 27: (28.066296, -82.429702, 0.000000)	R:false  F:false
02-28 09:09:50.527 13511 13544 D NavServiceProvider: Second to last stop coordinates: 28.064702, -82.442885
02-28 09:09:50.528 13511 13544 D NavServiceProvider: Setting units automatically
02-28 09:09:50.529 13511 13544 D NavServiceProvider: Detecting stop. distance_d=1308.0011. stop_type=1 speed=0.0
02-28 09:09:50.529 13511 13544 D NavigationTest: 28: (28.066296, -82.429701, 0.000000)	R:false  F:false
02-28 09:09:50.529 13511 13544 D NavigationTest: 29: (28.066296, -82.429701, 0.000000)	R:false  F:false
02-28 09:09:50.530 13511 13544 D NavigationTest: 30: (28.066296, -82.429701, 0.000000)	R:false  F:false
02-28 09:09:50.530 13511 13544 D NavServiceProvider: Second to last stop coordinates: 28.064702, -82.442885
02-28 09:09:50.530 13511 13544 D NavServiceProvider: Setting units automatically
02-28 09:09:50.531 13511 13544 D NavServiceProvider: Detecting stop. distance_d=1308.0985. stop_type=1 speed=0.0
02-28 09:09:50.531 13511 13544 D NavigationTest: 31: (28.066296, -82.429700, 0.000000)	R:false  F:false
02-28 09:09:50.532 13511 13544 D NavigationTest: 32: (28.066296, -82.429700, 0.000000)	R:false  F:false
02-28 09:09:50.532 13511 13544 D NavServiceProvider: Second to last stop coordinates: 28.064702, -82.442885
02-28 09:09:50.532 13511 13544 D NavServiceProvider: Setting units automatically
02-28 09:09:50.533 13511 13544 D NavServiceProvider: Detecting stop. distance_d=1308.2108. stop_type=1 speed=0.0
02-28 09:09:50.533 13511 13544 D NavigationTest: 33: (28.066297, -82.429699, 0.000000)	R:false  F:false
02-28 09:09:50.533 13511 13544 D NavigationTest: 34: (28.066297, -82.429699, 0.000000)	R:false  F:false
02-28 09:09:50.533 13511 13544 D NavigationTest: 35: (28.066297, -82.429699, 0.000000)	R:false  F:false
02-28 09:09:50.533 13511 13544 D NavServiceProvider: Second to last stop coordinates: 28.064702, -82.442885
02-28 09:09:50.534 13511 13544 D NavServiceProvider: Setting units automatically
02-28 09:09:50.535 13511 13544 D NavServiceProvider: Detecting stop. distance_d=1308.4056. stop_type=1 speed=0.0
02-28 09:09:50.535 13511 13544 D NavigationTest: 36: (28.066297, -82.429697, 0.000000)	R:false  F:false
02-28 09:09:50.535 13511 13544 D NavigationTest: 37: (28.066297, -82.429697, 0.000000)	R:false  F:false
02-28 09:09:50.535 13511 13544 D NavigationTest: 38: (28.066297, -82.429697, 0.000000)	R:false  F:false
02-28 09:09:50.535 13511 13544 D NavServiceProvider: Second to last stop coordinates: 28.064702, -82.442885
02-28 09:09:50.535 13511 13544 D NavServiceProvider: Setting units automatically
02-28 09:09:50.537 13511 13544 D NavServiceProvider: Detecting stop. distance_d=1308.5181. stop_type=1 speed=0.0
02-28 09:09:50.537 13511 13544 D NavigationTest: 39: (28.066298, -82.429696, 0.000000)	R:false  F:false
02-28 09:09:50.537 13511 13544 D NavigationTest: 40: (28.066298, -82.429696, 0.000000)	R:false  F:false
02-28 09:09:50.537 13511 13544 D NavServiceProvider: Second to last stop coordinates: 28.064702, -82.442885
02-28 09:09:50.537 13511 13544 D NavServiceProvider: Setting units automatically
02-28 09:09:50.539 13511 13544 D NavServiceProvider: Detecting stop. distance_d=1308.5181. stop_type=1 speed=0.0
02-28 09:09:50.539 13511 13544 D NavigationTest: 41: (28.066298, -82.429696, 0.000000)	R:false  F:false
02-28 09:09:50.539 13511 13544 D NavigationTest: 42: (28.066298, -82.429696, 0.000000)	R:false  F:false
02-28 09:09:50.539 13511 13544 D NavigationTest: 43: (28.066298, -82.429696, 0.000000)	R:false  F:false
02-28 09:09:50.539 13511 13544 D NavServiceProvider: Second to last stop coordinates: 28.064702, -82.442885
02-28 09:09:50.540 13511 13544 D NavServiceProvider: Setting units automatically
02-28 09:09:50.541 13511 13544 D NavServiceProvider: Detecting stop. distance_d=1308.5181. stop_type=1 speed=0.0
02-28 09:09:50.541 13511 13544 D NavigationTest: 44: (28.066298, -82.429696, 0.000000)	R:false  F:false
02-28 09:09:50.541 13511 13544 D NavigationTest: 45: (28.066298, -82.429696, 0.000000)	R:false  F:false
02-28 09:09:50.541 13511 13544 D NavigationTest: 46: (28.066298, -82.429696, 0.000000)	R:false  F:false
02-28 09:09:50.541 13579 13612 I GoogleTTSServiceImpl: Synthesis request for locale eng-USA and name en-US-language
02-28 09:09:50.541 13511 13544 D NavServiceProvider: Second to last stop coordinates: 28.064702, -82.442885
02-28 09:09:50.542 13511 13544 D NavServiceProvider: Setting units automatically
02-28 09:09:50.542 13579 13612 I GoogleTTSServiceImpl: TTS dispatch: en-us-x-iog-seanet-embedded
02-28 09:09:50.543 13511 13544 D NavServiceProvider: Detecting stop. distance_d=1308.5181. stop_type=1 speed=0.0
02-28 09:09:50.543 13511 13544 D NavigationTest: 47: (28.066298, -82.429696, 0.000000)	R:false  F:false
02-28 09:09:50.543 13511 13544 D NavigationTest: 48: (28.066298, -82.429696, 0.000000)	R:false  F:false
02-28 09:09:50.543 13511 13544 D NavigationTest: 49: (28.066298, -82.429696, 0.000000)	R:false  F:false
02-28 09:09:50.543 13511 13544 D NavServiceProvider: Second to last stop coordinates: 28.064702, -82.442885
02-28 09:09:50.543 13511 13544 D NavServiceProvider: Setting units automatically
02-28 09:09:50.545 13511 13544 D NavServiceProvider: Detecting stop. distance_d=1308.6155. stop_type=1 speed=0.0
02-28 09:09:50.545 13511 13544 D NavigationTest: 50: (28.066298, -82.429695, 0.000000)	R:false  F:false
02-28 09:09:50.545   871   871 D audio_hw_primary: adev_get_parameters:vr_audio_mode_on
02-28 09:09:50.545 13511 13544 D NavigationTest: 51: (28.066298, -82.429695, 0.000000)	R:false  F:false
02-28 09:09:50.545   871   871 I audio_hw_primary: getting vr mode to 0
02-28 09:09:50.545 13511 13544 D NavServiceProvider: Second to last stop coordinates: 28.064702, -82.442885
02-28 09:09:50.545   871   871 D audio_hw_primary: adev_get_parameters: exit: returns - vr_audio_mode_on=false
02-28 09:09:50.545   959 13782 I hash_map_utils: key: 'vr_audio_mode_on' value: ''
02-28 09:09:50.545 13511 13544 D NavServiceProvider: Setting units automatically
02-28 09:09:50.545   959 13782 I AudioPolicyManagerCustom: VR mode is 0, switch to primary output if request is for fast|raw
02-28 09:09:50.546   959 13782 I AudioPolicyManagerCustom: setting force DEEP buffer now
02-28 09:09:50.546   959 13782 D AudioFlinger: Client defaulted notificationFrames to 2048 for frameCount 4096
02-28 09:09:50.547 13511 13544 D NavServiceProvider: Detecting stop. distance_d=1308.6155. stop_type=1 speed=0.0
02-28 09:09:50.547 13511 13544 D NavigationTest: 52: (28.066298, -82.429695, 0.000000)	R:false  F:false
02-28 09:09:50.547   959 13782 D AF::TrackHandle: OpPlayAudio: track:220 usage:1 not muted
02-28 09:09:50.547 13511 13544 D NavigationTest: 53: (28.066298, -82.429695, 0.000000)	R:false  F:false
02-28 09:09:50.547 13511 13544 D NavigationTest: 54: (28.066298, -82.429695, 0.000000)	R:false  F:false
02-28 09:09:50.547 13511 13544 D NavServiceProvider: Second to last stop coordinates: 28.064702, -82.442885
02-28 09:09:50.548 13511 13544 D NavServiceProvider: Setting units automatically
02-28 09:09:50.549 13511 13544 D NavServiceProvider: Detecting stop. distance_d=1308.6155. stop_type=1 speed=0.0
02-28 09:09:50.550 13511 13544 D NavigationTest: 55: (28.066298, -82.429695, 0.000000)	R:false  F:false
02-28 09:09:50.550 13511 13544 D NavigationTest: 56: (28.066298, -82.429695, 0.000000)	R:false  F:false
02-28 09:09:50.550 13511 13544 D NavigationTest: 57: (28.066298, -82.429695, 0.000000)	R:false  F:false
02-28 09:09:50.550 13511 13544 D NavServiceProvider: Second to last stop coordinates: 28.064702, -82.442885
02-28 09:09:50.550 13511 13544 D NavServiceProvider: Setting units automatically
02-28 09:09:50.552 13511 13544 D NavServiceProvider: Detecting stop. distance_d=1308.6155. stop_type=1 speed=0.0
02-28 09:09:50.552 13511 13544 D NavigationTest: 58: (28.066298, -82.429695, 0.000000)	R:false  F:false
02-28 09:09:50.552 13511 13544 D NavigationTest: 59: (28.066298, -82.429695, 0.000000)	R:false  F:false
02-28 09:09:50.552 13511 13544 D NavigationTest: 60: (28.066298, -82.429695, 0.000000)	R:false  F:false
02-28 09:09:50.552 13511 13544 D NavServiceProvider: Second to last stop coordinates: 28.064702, -82.442885
02-28 09:09:50.552  2666  3413 D Avrcp_ext: AudioManager Player: ID:23 -- type:android.media.SoundPool -- u/pid:10126/2688 -- state:idle -- attr:AudioAttributes: usage=USAGE_ASSISTANCE_SONIFICATION content=CONTENT_TYPE_SONIFICATION flags=0x800 tags= bundle=null
02-28 09:09:50.552  2666  3413 D Avrcp_ext: AudioManager Player: ID:1351 -- type:android.media.AudioTrack -- u/pid:10088/13579 -- state:started -- attr:AudioAttributes: usage=USAGE_MEDIA content=CONTENT_TYPE_SPEECH flags=0x800 tags= bundle=null
02-28 09:09:50.552  2666  3413 D Avrcp_ext: AudioManager isPlaying: true
02-28 09:09:50.552  2666  3413 V Avrcp_ext: updateCurrentMediaState: mMediaController: null
02-28 09:09:50.552 13511 13544 D NavServiceProvider: Setting units automatically
02-28 09:09:50.553  2666  3413 V Avrcp_ext: isMusicActive: true getBluetoothPlayState: 2
02-28 09:09:50.553  2666  3413 V Avrcp_ext: updateCurrentMediaState: isPlaying = false
02-28 09:09:50.553  2666  3413 V Avrcp_ext: Media update: id -1➡-1? [MediaAttributes: none] : [MediaAttributes: none]
02-28 09:09:50.553  2666  3413 V Avrcp_ext: newPlayStatus:2mReportedPlayStatus:-1
02-28 09:09:50.553  2666  3413 V Avrcp_ext: updatePlaybackState, state: PlaybackState {state=2, position=-1, buffered position=0, speed=0.0, updated=1793883, actions=0, custom actions=[], active item id=-1, error=null} device: null
02-28 09:09:50.553  2666  3413 V Avrcp_ext: Device: no name:
02-28 09:09:50.553  2666  3413 I chatty  : uid=1002(bluetooth) BluetoothAvrcpH identical 3 lines
02-28 09:09:50.553  2666  3413 V Avrcp_ext: Device: no name:
02-28 09:09:50.553  2666  3413 V Avrcp_ext: updatePlayerStateAndPosition, old=PlaybackState {state=2, position=-1, buffered position=0, speed=0.0, updated=1793759, actions=0, custom actions=[], active item id=-1, error=null}, state=PlaybackState {state=2, position=-1, buffered position=0, speed=0.0, updated=1793883, actions=0, custom actions=[], active item id=-1, error=null}
02-28 09:09:50.553  2666  3413 V Avrcp_ext: old state = PlaybackState {state=2, position=-1, buffered position=0, speed=0.0, updated=1793759, actions=0, custom actions=[], active item id=-1, error=null}, new state= PlaybackState {state=2, position=-1, buffered position=0, speed=0.0, updated=1793883, actions=0, custom actions=[], active item id=-1, error=null}
02-28 09:09:50.553  2666  3413 D HeadsetService: getHeadsetService(): returning com.android.bluetooth.hfp.HeadsetService@8a04d28
02-28 09:09:50.554 13511 13544 D NavServiceProvider: Detecting stop. distance_d=1308.6155. stop_type=1 speed=0.0
02-28 09:09:50.554 13511 13544 D NavigationTest: 61: (28.066298, -82.429695, 0.000000)	R:false  F:false
02-28 09:09:50.554 13511 13544 D NavigationTest: 62: (28.066298, -82.429695, 0.000000)	R:false  F:false
02-28 09:09:50.554 13511 13544 D NavServiceProvider: Second to last stop coordinates: 28.064702, -82.442885
02-28 09:09:50.554  2666  3413 D HeadsetService:  isAudioOn: The number of audio connected devices 0
02-28 09:09:50.554  2666  3413 D HeadsetService: isScoOrCallActive(): Call Active:falseCall is Ringing:falseSCO is Active:false
02-28 09:09:50.554 13511 13544 D NavServiceProvider: Setting units automatically
02-28 09:09:50.555  2666  3413 D HeadsetService:  isAudioOn: The number of audio connected devices 0
02-28 09:09:50.555  2666  3413 I Avrcp_ext: updatePlayStatusForDevice: device: null
02-28 09:09:50.555  2666  3413 V Avrcp_ext: updatePlaybackState (1): old=PlaybackState {state=2, position=-1, buffered position=0, speed=0.0, updated=1793759, actions=0, custom actions=[], active item id=-1, error=null}(2), new=PlaybackState {state=2, position=-1, buffered position=0, speed=0.0, updated=1793883, actions=0, custom actions=[], active item id=-1, error=null}(2)
02-28 09:09:50.555  2666  3413 I Avrcp_ext: Exit updatePlayStatusForDevice
02-28 09:09:50.556  2666  3413 D HeadsetService:  isAudioOn: The number of audio connected devices 0
02-28 09:09:50.556  2666  3413 D HeadsetService: isScoOrCallActive(): Call Active:falseCall is Ringing:falseSCO is Active:false
02-28 09:09:50.556  2666  3413 D HeadsetService:  isAudioOn: The number of audio connected devices 0
02-28 09:09:50.556  2666  3413 I Avrcp_ext: updatePlayStatusForDevice: device: null
02-28 09:09:50.556  2666  3413 V Avrcp_ext: updatePlaybackState (1): old=PlaybackState {state=2, position=-1, buffered position=0, speed=0.0, updated=1793759, actions=0, custom actions=[], active item id=-1, error=null}(2), new=PlaybackState {state=2, position=-1, buffered position=0, speed=0.0, updated=1793883, actions=0, custom actions=[], active item id=-1, error=null}(2)
02-28 09:09:50.556  2666  3413 I Avrcp_ext: Exit updatePlayStatusForDevice
02-28 09:09:50.556  2666  3413 D HeadsetService:  isAudioOn: The number of audio connected devices 0
02-28 09:09:50.556  2666  3413 D HeadsetService: isScoOrCallActive(): Call Active:falseCall is Ringing:falseSCO is Active:false
02-28 09:09:50.556  2666  3413 D HeadsetService:  isAudioOn: The number of audio connected devices 0
02-28 09:09:50.556  2666  3413 I Avrcp_ext: updatePlayStatusForDevice: device: null
02-28 09:09:50.557  2666  3413 V Avrcp_ext: updatePlaybackState (1): old=PlaybackState {state=2, position=-1, buffered position=0, speed=0.0, updated=1793759, actions=0, custom actions=[], active item id=-1, error=null}(2), new=PlaybackState {state=2, position=-1, buffered position=0, speed=0.0, updated=1793883, actions=0, custom actions=[], active item id=-1, error=null}(2)
02-28 09:09:50.557  2666  3413 I Avrcp_ext: Exit updatePlayStatusForDevice
02-28 09:09:50.557  2666  3413 D HeadsetService:  isAudioOn: The number of audio connected devices 0
02-28 09:09:50.557  2666  3413 D HeadsetService: isScoOrCallActive(): Call Active:falseCall is Ringing:falseSCO is Active:false
02-28 09:09:50.557  2666  3413 D HeadsetService:  isAudioOn: The number of audio connected devices 0
02-28 09:09:50.557  2666  3413 I Avrcp_ext: updatePlayStatusForDevice: device: null
02-28 09:09:50.557  2666  3413 V Avrcp_ext: updatePlaybackState (1): old=PlaybackState {state=2, position=-1, buffered position=0, speed=0.0, updated=1793759, actions=0, custom actions=[], active item id=-1, error=null}(2), new=PlaybackState {state=2, position=-1, buffered position=0, speed=0.0, updated=1793883, actions=0, custom actions=[], active item id=-1, error=null}(2)
02-28 09:09:50.557  2666  3413 I Avrcp_ext: Exit updatePlayStatusForDevice
02-28 09:09:50.557  2666  3413 D HeadsetService:  isAudioOn: The number of audio connected devices 0
02-28 09:09:50.557  2666  3413 D HeadsetService: isScoOrCallActive(): Call Active:falseCall is Ringing:falseSCO is Active:false
02-28 09:09:50.557 13511 13544 D NavServiceProvider: Detecting stop. distance_d=1308.5181. stop_type=1 speed=0.0
02-28 09:09:50.557  2666  3413 D HeadsetService:  isAudioOn: The number of audio connected devices 0
02-28 09:09:50.557  2666  3413 I Avrcp_ext: updatePlayStatusForDevice: device: null
02-28 09:09:50.557 13511 13544 D NavigationTest: 63: (28.066298, -82.429696, 0.000000)	R:false  F:false
02-28 09:09:50.558  2666  3413 V Avrcp_ext: updatePlaybackState (1): old=PlaybackState {state=2, position=-1, buffered position=0, speed=0.0, updated=1793759, actions=0, custom actions=[], active item id=-1, error=null}(2), new=PlaybackState {state=2, position=-1, buffered position=0, speed=0.0, updated=1793883, actions=0, custom actions=[], active item id=-1, error=null}(2)
02-28 09:09:50.558 13511 13544 D NavigationTest: 64: (28.066298, -82.429696, 0.000000)	R:false  F:false
02-28 09:09:50.558  2666  3413 I Avrcp_ext: Exit updatePlayStatusForDevice
02-28 09:09:50.558  2666  3413 D Avrcp_ext: Enter sendPlayPosNotificationRsp
02-28 09:09:50.558  2666  3413 D Avrcp_ext: sendPlayPosNotificationRsp: Not registered or requesting.
02-28 09:09:50.558 13511 13544 D NavigationTest: 65: (28.066298, -82.429696, 0.000000)	R:false  F:false
02-28 09:09:50.558  2666  3413 D Avrcp_ext: Enter sendPlayPosNotificationRsp
02-28 09:09:50.558  2666  3413 D Avrcp_ext: sendPlayPosNotificationRsp: Not registered or requesting.
02-28 09:09:50.558 13511 13544 D NavServiceProvider: Second to last stop coordinates: 28.064702, -82.442885
02-28 09:09:50.558  2666  3413 D Avrcp_ext: Enter sendPlayPosNotificationRsp
02-28 09:09:50.558  2666  3413 D Avrcp_ext: sendPlayPosNotificationRsp: Not registered or requesting.
02-28 09:09:50.558  2666  3413 D Avrcp_ext: Enter sendPlayPosNotificationRsp
02-28 09:09:50.558  2666  3413 D Avrcp_ext: sendPlayPosNotificationRsp: Not registered or requesting.
02-28 09:09:50.558  2666  3413 D Avrcp_ext: Enter sendPlayPosNotificationRsp
02-28 09:09:50.558  2666  3413 D Avrcp_ext: sendPlayPosNotificationRsp: Not registered or requesting.
02-28 09:09:50.558  2666  3413 V Avrcp_ext: Exit updatePlayerStateAndPosition
02-28 09:09:50.558 13511 13544 D NavServiceProvider: Setting units automatically
02-28 09:09:50.560 13511 13544 D NavServiceProvider: Detecting stop. distance_d=1308.6155. stop_type=1 speed=0.0
02-28 09:09:50.560 13511 13544 D NavigationTest: 66: (28.066298, -82.429695, 0.000000)	R:false  F:false
02-28 09:09:50.560 13511 13544 D NavigationTest: 67: (28.066298, -82.429695, 0.000000)	R:false  F:false
02-28 09:09:50.560 13511 13544 D NavigationTest: 68: (28.066298, -82.429695, 0.000000)	R:false  F:false
02-28 09:09:50.560 13511 13544 D NavigationTest: 69: (28.066298, -82.429695, 0.000000)	R:false  F:false
02-28 09:09:50.560 13511 13544 D NavServiceProvider: Second to last stop coordinates: 28.064702, -82.442885
02-28 09:09:50.561 13511 13544 D NavServiceProvider: Setting units automatically
02-28 09:09:50.562 13511 13544 D NavServiceProvider: Detecting stop. distance_d=1308.6155. stop_type=1 speed=0.0
02-28 09:09:50.562 13511 13544 D NavigationTest: 70: (28.066298, -82.429695, 0.000000)	R:false  F:false
02-28 09:09:50.562 13511 13544 D NavigationTest: 71: (28.066298, -82.429695, 0.000000)	R:false  F:false
02-28 09:09:50.562 13511 13544 D NavigationTest: 72: (28.066298, -82.429695, 0.000000)	R:false  F:false
02-28 09:09:50.562 13511 13544 D NavServiceProvider: Second to last stop coordinates: 28.064702, -82.442885
02-28 09:09:50.563 13511 13544 D NavServiceProvider: Setting units automatically
02-28 09:09:50.564 13511 13544 D NavServiceProvider: Detecting stop. distance_d=1308.6155. stop_type=1 speed=0.0
02-28 09:09:50.564 13511 13544 D NavigationTest: 73: (28.066298, -82.429695, 0.000000)	R:false  F:false
02-28 09:09:50.564 13511 13544 D NavigationTest: 74: (28.066298, -82.429695, 0.000000)	R:false  F:false
02-28 09:09:50.564 13511 13544 D NavigationTest: 75: (28.066298, -82.429695, 0.000000)	R:false  F:false
02-28 09:09:50.564 13511 13544 D NavServiceProvider: Second to last stop coordinates: 28.064702, -82.442885
02-28 09:09:50.564 13511 13544 D NavServiceProvider: Setting units automatically
02-28 09:09:50.565 13511 13544 D NavServiceProvider: Detecting stop. distance_d=1308.6155. stop_type=1 speed=0.0
02-28 09:09:50.565 13511 13544 D NavigationTest: 76: (28.066298, -82.429695, 0.000000)	R:false  F:false
02-28 09:09:50.565 13511 13544 D NavigationTest: 77: (28.066298, -82.429695, 0.000000)	R:false  F:false
02-28 09:09:50.565 13511 13544 D NavigationTest: 78: (28.066298, -82.429695, 0.000000)	R:false  F:false
02-28 09:09:50.565 13511 13544 D NavServiceProvider: Second to last stop coordinates: 28.064702, -82.442885
02-28 09:09:50.566 13511 13544 D NavServiceProvider: Setting units automatically
02-28 09:09:50.567 13511 13544 D NavServiceProvider: Detecting stop. distance_d=1308.6155. stop_type=1 speed=0.0
02-28 09:09:50.567 13511 13544 D NavigationTest: 79: (28.066298, -82.429695, 0.000000)	R:false  F:false
02-28 09:09:50.567 13511 13544 D NavigationTest: 80: (28.066298, -82.429695, 0.000000)	R:false  F:false
02-28 09:09:50.567 13511 13544 D NavServiceProvider: Second to last stop coordinates: 28.064702, -82.442885
02-28 09:09:50.567 13511 13544 D NavServiceProvider: Setting units automatically
02-28 09:09:50.568 13511 13544 D NavServiceProvider: Detecting stop. distance_d=1308.6155. stop_type=1 speed=0.0
02-28 09:09:50.568 13511 13544 D NavigationTest: 81: (28.066298, -82.429695, 0.000000)	R:false  F:false
02-28 09:09:50.568 13511 13544 D NavigationTest: 82: (28.066298, -82.429695, 0.000000)	R:false  F:false
02-28 09:09:50.568 13511 13544 D NavigationTest: 83: (28.066298, -82.429695, 0.000000)	R:false  F:false
02-28 09:09:50.568 13511 13544 D NavServiceProvider: Second to last stop coordinates: 28.064702, -82.442885
02-28 09:09:50.569 13511 13544 D NavServiceProvider: Setting units automatically
02-28 09:09:50.570 13511 13544 D NavServiceProvider: Detecting stop. distance_d=1308.6155. stop_type=1 speed=0.0
02-28 09:09:50.570 13511 13544 D NavigationTest: 84: (28.066298, -82.429695, 0.000000)	R:false  F:false
02-28 09:09:50.570 13511 13544 D NavigationTest: 85: (28.066298, -82.429695, 0.000000)	R:false  F:false
02-28 09:09:50.570 13511 13544 D NavigationTest: 86: (28.066298, -82.429695, 0.000000)	R:false  F:false
02-28 09:09:50.570 13511 13544 D NavServiceProvider: Second to last stop coordinates: 28.064702, -82.442885
02-28 09:09:50.570 13511 13544 D NavServiceProvider: Setting units automatically
02-28 09:09:50.572 13511 13544 D NavServiceProvider: Detecting stop. distance_d=1308.6155. stop_type=1 speed=0.0
02-28 09:09:50.572 13511 13544 D NavigationTest: 87: (28.066298, -82.429695, 0.000000)	R:false  F:false
02-28 09:09:50.572 13511 13544 D NavigationTest: 88: (28.066298, -82.429695, 0.000000)	R:false  F:false
02-28 09:09:50.572 13511 13544 D NavServiceProvider: Second to last stop coordinates: 28.064702, -82.442885
02-28 09:09:50.572 13511 13544 D NavServiceProvider: Setting units automatically
02-28 09:09:50.573   871   911 D msm8974_platform: platform_split_snd_device: snd_device(2) num devices(1) new_snd_devices(0)
02-28 09:09:50.574 13511 13544 D NavServiceProvider: Detecting stop. distance_d=1308.6155. stop_type=1 speed=0.0
02-28 09:09:50.574 13511 13544 D NavigationTest: 89: (28.066298, -82.429695, 0.000000)	R:false  F:false
02-28 09:09:50.574 13511 13544 D NavigationTest: 90: (28.066298, -82.429695, 0.000000)	R:false  F:false
02-28 09:09:50.574 13511 13544 D NavigationTest: 91: (28.066298, -82.429695, 0.000000)	R:false  F:false
02-28 09:09:50.574 13511 13544 D NavServiceProvider: Second to last stop coordinates: 28.064702, -82.442885
02-28 09:09:50.574 13511 13544 D NavServiceProvider: Setting units automatically
02-28 09:09:50.576 13511 13544 D NavServiceProvider: Detecting stop. distance_d=1308.6155. stop_type=1 speed=0.0
02-28 09:09:50.576 13511 13544 D NavigationTest: 92: (28.066298, -82.429695, 0.000000)	R:false  F:false
02-28 09:09:50.576 13511 13544 D NavigationTest: 93: (28.066298, -82.429695, 0.000000)	R:false  F:false
02-28 09:09:50.576 13511 13544 D NavigationTest: 94: (28.066298, -82.429695, 0.000000)	R:false  F:false
02-28 09:09:50.576 13511 13544 D NavServiceProvider: Second to last stop coordinates: 28.064702, -82.442885
02-28 09:09:50.577 13511 13544 D NavServiceProvider: Setting units automatically
02-28 09:09:50.578 13511 13544 D NavServiceProvider: Detecting stop. distance_d=1308.6304. stop_type=1 speed=0.0
02-28 09:09:50.578 13511 13544 D NavigationTest: 95: (28.066299, -82.429695, 0.000000)	R:false  F:false
02-28 09:09:50.578 13511 13544 D NavigationTest: 96: (28.066299, -82.429695, 0.000000)	R:false  F:false
02-28 09:09:50.578 13511 13544 D NavServiceProvider: Second to last stop coordinates: 28.064702, -82.442885
02-28 09:09:50.578 13511 13544 D NavServiceProvider: Setting units automatically
02-28 09:09:50.580 13511 13544 D NavServiceProvider: Detecting stop. distance_d=1308.7278. stop_type=1 speed=0.0
02-28 09:09:50.580 13511 13544 D NavigationTest: 97: (28.066299, -82.429694, 0.000000)	R:false  F:false
02-28 09:09:50.580 13511 13544 D NavigationTest: 98: (28.066299, -82.429694, 0.000000)	R:false  F:false
02-28 09:09:50.580 13511 13544 D NavigationTest: 99: (28.066299, -82.429694, 0.000000)	R:false  F:false
02-28 09:09:50.580 13511 13544 D NavServiceProvider: Second to last stop coordinates: 28.064702, -82.442885
02-28 09:09:50.580 13511 13544 D NavServiceProvider: Setting units automatically
02-28 09:09:50.581 13511 13544 D NavServiceProvider: Detecting stop. distance_d=1308.7278. stop_type=1 speed=0.0
02-28 09:09:50.581 13511 13544 D NavigationTest: 100: (28.066299, -82.429694, 0.000000)	R:false  F:false
02-28 09:09:50.581 13511 13544 D NavigationTest: 101: (28.066299, -82.429694, 0.000000)	R:false  F:false
02-28 09:09:50.581 13511 13544 D NavServiceProvider: Second to last stop coordinates: 28.064702, -82.442885
02-28 09:09:50.582 13511 13544 D NavServiceProvider: Setting units automatically
02-28 09:09:50.583 13511 13544 D NavServiceProvider: Detecting stop. distance_d=1308.7278. stop_type=1 speed=0.0
02-28 09:09:50.583 13511 13544 D NavigationTest: 102: (28.066299, -82.429694, 0.000000)	R:false  F:false
02-28 09:09:50.583 13511 13544 D NavigationTest: 103: (28.066299, -82.429694, 0.000000)	R:false  F:false
02-28 09:09:50.583 13511 13544 D NavigationTest: 104: (28.066299, -82.429694, 0.000000)	R:false  F:false
02-28 09:09:50.583 13511 13544 D NavServiceProvider: Second to last stop coordinates: 28.064702, -82.442885
02-28 09:09:50.583 13511 13544 D NavServiceProvider: Setting units automatically
02-28 09:09:50.584 13511 13544 D NavServiceProvider: Detecting stop. distance_d=1308.7278. stop_type=1 speed=0.0
02-28 09:09:50.584 13511 13544 D NavigationTest: 105: (28.066299, -82.429694, 0.000000)	R:false  F:false
02-28 09:09:50.584 13511 13544 D NavigationTest: 106: (28.066299, -82.429694, 0.000000)	R:false  F:false
02-28 09:09:50.584 13511 13544 D NavigationTest: 107: (28.066299, -82.429694, 0.000000)	R:false  F:false
02-28 09:09:50.584 13511 13544 D NavServiceProvider: Second to last stop coordinates: 28.064702, -82.442885
02-28 09:09:50.585 13511 13544 D NavServiceProvider: Setting units automatically
02-28 09:09:50.586 13511 13544 D NavServiceProvider: Detecting stop. distance_d=1308.7278. stop_type=1 speed=0.0
02-28 09:09:50.586 13511 13544 D NavigationTest: 108: (28.066299, -82.429694, 0.000000)	R:false  F:false
02-28 09:09:50.586 13511 13544 D NavigationTest: 109: (28.066299, -82.429694, 0.000000)	R:false  F:false
02-28 09:09:50.586 13511 13544 D NavigationTest: 110: (28.066299, -82.429694, 0.000000)	R:false  F:false
02-28 09:09:50.586 13511 13544 D NavServiceProvider: Second to last stop coordinates: 28.064702, -82.442885
02-28 09:09:50.586 13511 13544 D NavServiceProvider: Setting units automatically
02-28 09:09:50.587 13511 13544 D NavServiceProvider: Detecting stop. distance_d=1308.7428. stop_type=1 speed=0.0
02-28 09:09:50.587 13511 13544 D NavigationTest: 111: (28.066300, -82.429694, 0.000000)	R:false  F:false
02-28 09:09:50.587 13511 13544 D NavigationTest: 112: (28.066300, -82.429694, 0.000000)	R:false  F:false
02-28 09:09:50.587 13511 13544 D NavServiceProvider: Second to last stop coordinates: 28.064702, -82.442885
02-28 09:09:50.588 13511 13544 D NavServiceProvider: Setting units automatically
02-28 09:09:50.589 13511 13544 D NavServiceProvider: Detecting stop. distance_d=1308.7428. stop_type=1 speed=0.0
02-28 09:09:50.589 13511 13544 D NavigationTest: 113: (28.066300, -82.429694, 0.000000)	R:false  F:false
02-28 09:09:50.589 13511 13544 D NavigationTest: 114: (28.066300, -82.429694, 0.000000)	R:false  F:false
02-28 09:09:50.589 13511 13544 D NavigationTest: 115: (28.066300, -82.429694, 0.000000)	R:false  F:false
02-28 09:09:50.589 13511 13544 D NavServiceProvider: Second to last stop coordinates: 28.064702, -82.442885
02-28 09:09:50.589 13511 13544 D NavServiceProvider: Setting units automatically
02-28 09:09:50.590 13511 13544 D NavServiceProvider: Detecting stop. distance_d=1308.7428. stop_type=1 speed=0.0
02-28 09:09:50.590 13511 13544 D NavigationTest: 116: (28.066300, -82.429694, 0.000000)	R:false  F:false
02-28 09:09:50.590 13511 13544 D NavigationTest: 117: (28.066300, -82.429694, 0.000000)	R:false  F:false
02-28 09:09:50.590 13511 13544 D NavigationTest: 118: (28.066300, -82.429694, 0.000000)	R:false  F:false
02-28 09:09:50.590 13511 13544 D NavigationTest: 119: (28.066300, -82.429694, 0.000000)	R:false  F:false
02-28 09:09:50.590 13511 13544 D NavServiceProvider: Second to last stop coordinates: 28.064702, -82.442885
02-28 09:09:50.591 13511 13544 D NavServiceProvider: Setting units automatically
02-28 09:09:50.592 13511 13544 D NavServiceProvider: Detecting stop. distance_d=1308.7428. stop_type=1 speed=0.0
02-28 09:09:50.592 13511 13544 D NavigationTest: 120: (28.066300, -82.429694, 0.000000)	R:false  F:false
02-28 09:09:50.592 13511 13544 D NavigationTest: 121: (28.066300, -82.429694, 0.000000)	R:false  F:false
02-28 09:09:50.592 13511 13544 D NavigationTest: 122: (28.066300, -82.429694, 0.000000)	R:false  F:false
02-28 09:09:50.592 13511 13544 D NavServiceProvider: Second to last stop coordinates: 28.064702, -82.442885
02-28 09:09:50.592 13511 13544 D NavServiceProvider: Setting units automatically
02-28 09:09:50.593 13511 13544 D NavServiceProvider: Detecting stop. distance_d=1308.8402. stop_type=1 speed=0.0
02-28 09:09:50.593 13511 13544 D NavigationTest: 123: (28.066300, -82.429693, 0.000000)	R:false  F:false
02-28 09:09:50.593 13511 13544 D NavigationTest: 124: (28.066300, -82.429693, 0.000000)	R:false  F:false
02-28 09:09:50.593 13511 13544 D NavigationTest: 125: (28.066300, -82.429693, 0.000000)	R:false  F:false
02-28 09:09:50.593 13511 13544 D NavServiceProvider: Second to last stop coordinates: 28.064702, -82.442885
02-28 09:09:50.594 13511 13544 D NavServiceProvider: Setting units automatically
02-28 09:09:50.595 13511 13544 D NavServiceProvider: Detecting stop. distance_d=1308.8402. stop_type=1 speed=0.0
02-28 09:09:50.595 13511 13544 D NavigationTest: 126: (28.066300, -82.429693, 0.000000)	R:false  F:false
02-28 09:09:50.595 13511 13544 D NavigationTest: 127: (28.066300, -82.429693, 0.000000)	R:false  F:false
02-28 09:09:50.595 13511 13544 D NavServiceProvider: Second to last stop coordinates: 28.064702, -82.442885
02-28 09:09:50.595 13511 13544 D NavServiceProvider: Setting units automatically
02-28 09:09:50.596 13511 13544 D NavServiceProvider: Detecting stop. distance_d=1308.8402. stop_type=1 speed=0.0
02-28 09:09:50.596 13511 13544 D NavigationTest: 128: (28.066300, -82.429693, 0.000000)	R:false  F:false
02-28 09:09:50.596 13511 13544 D NavigationTest: 129: (28.066300, -82.429693, 0.000000)	R:false  F:false
02-28 09:09:50.596 13511 13544 D NavigationTest: 130: (28.066300, -82.429693, 0.000000)	R:false  F:false
02-28 09:09:50.596 13511 13544 D NavServiceProvider: Second to last stop coordinates: 28.064702, -82.442885
02-28 09:09:50.596 13511 13544 D NavServiceProvider: Setting units automatically
02-28 09:09:50.597 13511 13544 D NavServiceProvider: Detecting stop. distance_d=1308.8402. stop_type=1 speed=0.0
02-28 09:09:50.597 13511 13544 D NavigationTest: 131: (28.066300, -82.429693, 0.000000)	R:false  F:false
02-28 09:09:50.597 13511 13544 D NavigationTest: 132: (28.066300, -82.429693, 0.000000)	R:false  F:false
02-28 09:09:50.598 13511 13544 D NavigationTest: 133: (28.066300, -82.429693, 0.000000)	R:false  F:false
02-28 09:09:50.598 13511 13544 D NavServiceProvider: Second to last stop coordinates: 28.064702, -82.442885
02-28 09:09:50.598 13511 13544 D NavServiceProvider: Setting units automatically
02-28 09:09:50.599 13511 13544 D NavServiceProvider: Detecting stop. distance_d=1308.8402. stop_type=1 speed=0.0
02-28 09:09:50.599 13511 13544 D NavigationTest: 134: (28.066300, -82.429693, 0.000000)	R:false  F:false
02-28 09:09:50.599 13511 13544 D NavigationTest: 135: (28.066300, -82.429693, 0.000000)	R:false  F:false
02-28 09:09:50.599 13511 13544 D NavServiceProvider: Second to last stop coordinates: 28.064702, -82.442885
02-28 09:09:50.599 13511 13544 D NavServiceProvider: Setting units automatically
02-28 09:09:50.600 13511 13544 D NavServiceProvider: Detecting stop. distance_d=1308.8402. stop_type=1 speed=0.0
02-28 09:09:50.600 13511 13544 D NavigationTest: 136: (28.066300, -82.429693, 0.000000)	R:false  F:false
02-28 09:09:50.600 13511 13544 D NavigationTest: 137: (28.066300, -82.429693, 0.000000)	R:false  F:false
02-28 09:09:50.601 13511 13544 D NavigationTest: 138: (28.066300, -82.429693, 0.000000)	R:false  F:false
02-28 09:09:50.601 13511 13544 D NavServiceProvider: Second to last stop coordinates: 28.064702, -82.442885
02-28 09:09:50.601 13511 13544 D NavServiceProvider: Setting units automatically
02-28 09:09:50.602 13511 13544 D NavServiceProvider: Detecting stop. distance_d=1308.8402. stop_type=1 speed=0.0
02-28 09:09:50.602 13511 13544 D NavigationTest: 139: (28.066300, -82.429693, 0.000000)	R:false  F:false
02-28 09:09:50.602 13511 13544 D NavigationTest: 140: (28.066300, -82.429693, 0.000000)	R:false  F:false
02-28 09:09:50.602 13511 13544 D NavServiceProvider: Second to last stop coordinates: 28.064702, -82.442885
02-28 09:09:50.602 13511 13544 D NavServiceProvider: Setting units automatically
02-28 09:09:50.603 13511 13544 D NavServiceProvider: Detecting stop. distance_d=1308.8402. stop_type=1 speed=0.0
02-28 09:09:50.603 13511 13544 D NavigationTest: 141: (28.066300, -82.429693, 0.000000)	R:false  F:false
02-28 09:09:50.603 13511 13544 D NavigationTest: 142: (28.066300, -82.429693, 0.000000)	R:false  F:false
02-28 09:09:50.603 13511 13544 D NavigationTest: 143: (28.066300, -82.429693, 0.000000)	R:false  F:false
02-28 09:09:50.603 13511 13544 D NavServiceProvider: Second to last stop coordinates: 28.064702, -82.442885
02-28 09:09:50.604 13511 13544 D NavServiceProvider: Setting units automatically
02-28 09:09:50.605 13511 13544 D NavServiceProvider: Detecting stop. distance_d=1308.8402. stop_type=1 speed=0.0
02-28 09:09:50.605 13511 13544 D NavigationTest: 144: (28.066300, -82.429693, 0.000000)	R:false  F:false
02-28 09:09:50.605 13511 13544 D NavigationTest: 145: (28.066300, -82.429693, 0.000000)	R:false  F:false
02-28 09:09:50.605 13511 13544 D NavServiceProvider: Second to last stop coordinates: 28.064702, -82.442885
02-28 09:09:50.605 13511 13544 D NavServiceProvider: Setting units automatically
02-28 09:09:50.606 13511 13544 D NavServiceProvider: Detecting stop. distance_d=1308.8402. stop_type=1 speed=0.0
02-28 09:09:50.606 13511 13544 D NavigationTest: 146: (28.066300, -82.429693, 0.000000)	R:false  F:false
02-28 09:09:50.606 13511 13544 D NavigationTest: 147: (28.066300, -82.429693, 0.000000)	R:false  F:false
02-28 09:09:50.606 13511 13544 D NavigationTest: 148: (28.066300, -82.429693, 0.000000)	R:false  F:false
02-28 09:09:50.606 13511 13544 D NavServiceProvider: Second to last stop coordinates: 28.064702, -82.442885
02-28 09:09:50.607 13511 13544 D NavServiceProvider: Setting units automatically
02-28 09:09:50.608 13511 13544 D NavServiceProvider: Detecting stop. distance_d=1308.8402. stop_type=1 speed=0.0
02-28 09:09:50.608 13511 13544 D NavigationTest: 149: (28.066300, -82.429693, 0.000000)	R:false  F:false
02-28 09:09:50.608 13511 13544 D NavigationTest: 150: (28.066300, -82.429693, 0.000000)	R:false  F:false
02-28 09:09:50.608 13511 13544 D NavigationTest: 151: (28.066300, -82.429693, 0.000000)	R:false  F:false
02-28 09:09:50.608 13511 13544 D NavServiceProvider: Second to last stop coordinates: 28.064702, -82.442885
02-28 09:09:50.608 13511 13544 D NavServiceProvider: Setting units automatically
02-28 09:09:50.609 13511 13544 D NavServiceProvider: Detecting stop. distance_d=1308.8402. stop_type=1 speed=0.0
02-28 09:09:50.609 13511 13544 D NavigationTest: 152: (28.066300, -82.429693, 0.000000)	R:false  F:false
02-28 09:09:50.610 13511 13544 D NavigationTest: 153: (28.066300, -82.429693, 0.000000)	R:false  F:false
02-28 09:09:50.610 13511 13544 D NavigationTest: 154: (28.066300, -82.429693, 0.000000)	R:false  F:false
02-28 09:09:50.610 13511 13544 D NavServiceProvider: Second to last stop coordinates: 28.064702, -82.442885
02-28 09:09:50.610 13511 13544 D NavServiceProvider: Setting units automatically
02-28 09:09:50.611 13511 13544 D NavServiceProvider: Detecting stop. distance_d=1308.8402. stop_type=1 speed=0.0
02-28 09:09:50.611 13511 13544 D NavigationTest: 155: (28.066300, -82.429693, 0.000000)	R:false  F:false
02-28 09:09:50.611 13511 13544 D NavigationTest: 156: (28.066300, -82.429693, 0.000000)	R:false  F:false
02-28 09:09:50.611 13511 13544 D NavServiceProvider: Second to last stop coordinates: 28.064702, -82.442885
02-28 09:09:50.612 13511 13544 D NavServiceProvider: Setting units automatically
02-28 09:09:50.613 13511 13544 D NavServiceProvider: Detecting stop. distance_d=1308.8402. stop_type=1 speed=0.0
02-28 09:09:50.613 13511 13544 D NavigationTest: 157: (28.066300, -82.429693, 0.000000)	R:false  F:false
02-28 09:09:50.613 13511 13544 D NavigationTest: 158: (28.066300, -82.429693, 0.000000)	R:false  F:false
02-28 09:09:50.613 13511 13544 D NavigationTest: 159: (28.066300, -82.429693, 0.000000)	R:false  F:false
02-28 09:09:50.613 13511 13544 D NavServiceProvider: Second to last stop coordinates: 28.064702, -82.442885
02-28 09:09:50.613 13511 13544 D NavServiceProvider: Setting units automatically
02-28 09:09:50.614 13511 13544 D NavServiceProvider: Detecting stop. distance_d=1308.8402. stop_type=1 speed=0.0
02-28 09:09:50.614 13511 13544 D NavigationTest: 160: (28.066300, -82.429693, 0.000000)	R:false  F:false
02-28 09:09:50.614 13511 13544 D NavigationTest: 161: (28.066300, -82.429693, 0.000000)	R:false  F:false
02-28 09:09:50.614 13511 13544 D NavServiceProvider: Second to last stop coordinates: 28.064702, -82.442885
02-28 09:09:50.615 13511 13544 D NavServiceProvider: Setting units automatically
02-28 09:09:50.616 13511 13544 D NavServiceProvider: Detecting stop. distance_d=1308.8402. stop_type=1 speed=0.0
02-28 09:09:50.616 13511 13544 D NavigationTest: 162: (28.066300, -82.429693, 0.000000)	R:false  F:false
02-28 09:09:50.616 13511 13544 D NavigationTest: 163: (28.066300, -82.429693, 0.000000)	R:false  F:false
02-28 09:09:50.616 13511 13544 D NavigationTest: 164: (28.066300, -82.429693, 0.000000)	R:false  F:false
02-28 09:09:50.616 13511 13544 D NavServiceProvider: Second to last stop coordinates: 28.064702, -82.442885
02-28 09:09:50.616 13511 13544 D NavServiceProvider: Setting units automatically
02-28 09:09:50.617 13511 13544 D NavServiceProvider: Detecting stop. distance_d=1308.8402. stop_type=1 speed=0.0
02-28 09:09:50.617 13511 13544 D NavigationTest: 165: (28.066300, -82.429693, 0.000000)	R:false  F:false
02-28 09:09:50.617 13511 13544 D NavigationTest: 166: (28.066300, -82.429693, 0.000000)	R:false  F:false
02-28 09:09:50.617 13511 13544 D NavServiceProvider: Second to last stop coordinates: 28.064702, -82.442885
02-28 09:09:50.617 13511 13544 D NavServiceProvider: Setting units automatically
02-28 09:09:50.618 13511 13544 D NavServiceProvider: Detecting stop. distance_d=1308.8402. stop_type=1 speed=0.0
02-28 09:09:50.618 13511 13544 D NavigationTest: 167: (28.066300, -82.429693, 0.000000)	R:false  F:false
02-28 09:09:50.618 13511 13544 D NavigationTest: 168: (28.066300, -82.429693, 0.000000)	R:false  F:false
02-28 09:09:50.619 13511 13544 D NavigationTest: 169: (28.066300, -82.429693, 0.000000)	R:false  F:false
02-28 09:09:50.619 13511 13544 D NavServiceProvider: Second to last stop coordinates: 28.064702, -82.442885
02-28 09:09:50.619 13511 13544 D NavServiceProvider: Setting units automatically
02-28 09:09:50.620 13511 13544 D NavServiceProvider: Detecting stop. distance_d=1300.3885. stop_type=1 speed=0.0
02-28 09:09:50.620 13511 13544 D NavigationTest: 170: (28.066377, -82.429792, 0.000000)	R:false  F:false
02-28 09:09:50.620 13511 13544 D NavigationTest: 171: (28.066377, -82.429792, 0.000000)	R:false  F:false
02-28 09:09:50.620 13511 13544 D NavigationTest: 172: (28.066377, -82.429792, 0.000000)	R:false  F:false
02-28 09:09:50.620 13511 13544 D NavigationTest: 173: (28.066377, -82.429792, 0.000000)	R:false  F:false
02-28 09:09:50.620 13511 13544 D NavServiceProvider: Second to last stop coordinates: 28.064702, -82.442885
02-28 09:09:50.620 13511 13544 D NavServiceProvider: Setting units automatically
02-28 09:09:50.621 13511 13544 D NavServiceProvider: Detecting stop. distance_d=1308.8402. stop_type=1 speed=0.0
02-28 09:09:50.622 13511 13544 D NavigationTest: 174: (28.066300, -82.429693, 0.000000)	R:false  F:false
02-28 09:09:50.622 13511 13544 D NavigationTest: 175: (28.066300, -82.429693, 0.000000)	R:false  F:false
02-28 09:09:50.622 13511 13544 D NavigationTest: 176: (28.066300, -82.429693, 0.000000)	R:false  F:false
02-28 09:09:50.622 13511 13544 D NavServiceProvider: Second to last stop coordinates: 28.064702, -82.442885
02-28 09:09:50.622 13511 13544 D NavServiceProvider: Setting units automatically
02-28 09:09:50.623 13511 13544 D NavServiceProvider: Detecting stop. distance_d=1308.8402. stop_type=1 speed=0.0
02-28 09:09:50.623 13511 13544 D NavigationTest: 177: (28.066300, -82.429693, 0.000000)	R:false  F:false
02-28 09:09:50.623 13511 13544 D NavigationTest: 178: (28.066300, -82.429693, 0.000000)	R:false  F:false
02-28 09:09:50.623 13511 13544 D NavigationTest: 179: (28.066300, -82.429693, 0.000000)	R:false  F:false
02-28 09:09:50.623 13511 13544 D NavServiceProvider: Second to last stop coordinates: 28.064702, -82.442885
02-28 09:09:50.623 13511 13544 D NavServiceProvider: Setting units automatically
02-28 09:09:50.624 13511 13544 D NavServiceProvider: Detecting stop. distance_d=1308.8402. stop_type=1 speed=0.0
02-28 09:09:50.624 13511 13544 D NavigationTest: 180: (28.066300, -82.429693, 0.000000)	R:false  F:false
02-28 09:09:50.624 13511 13544 D NavigationTest: 181: (28.066300, -82.429693, 0.000000)	R:false  F:false
02-28 09:09:50.624 13511 13544 D NavServiceProvider: Second to last stop coordinates: 28.064702, -82.442885
02-28 09:09:50.625 13511 13544 D NavServiceProvider: Setting units automatically
02-28 09:09:50.626 13511 13544 D NavServiceProvider: Detecting stop. distance_d=1308.8402. stop_type=1 speed=0.0
02-28 09:09:50.626 13511 13544 D NavigationTest: 182: (28.066300, -82.429693, 0.000000)	R:false  F:false
02-28 09:09:50.626 13511 13544 D NavigationTest: 183: (28.066300, -82.429693, 0.000000)	R:false  F:false
02-28 09:09:50.626 13511 13544 D NavigationTest: 184: (28.066300, -82.429693, 0.000000)	R:false  F:false
02-28 09:09:50.626 13511 13544 D NavServiceProvider: Second to last stop coordinates: 28.064702, -82.442885
02-28 09:09:50.626 13511 13544 D NavServiceProvider: Setting units automatically
02-28 09:09:50.627 13511 13544 D NavServiceProvider: Detecting stop. distance_d=1308.8402. stop_type=1 speed=0.0
02-28 09:09:50.627 13511 13544 D NavigationTest: 185: (28.066300, -82.429693, 0.000000)	R:false  F:false
02-28 09:09:50.627 13511 13544 D NavigationTest: 186: (28.066300, -82.429693, 0.000000)	R:false  F:false
02-28 09:09:50.627 13511 13544 D NavigationTest: 187: (28.066300, -82.429693, 0.000000)	R:false  F:false
