02-28 09:09:39.206 13511 13544 I TestRunner: started: testTrip13(org.onebusaway.android.nav.test.NavigationTest)
02-28 09:09:39.207 13511 13511 I MonitoringInstr: Activities that are still in CREATED to STOPPED: 0
02-28 09:09:39.238 13511 13544 D NavServiceProvider: Creating NavigationServiceProvider...
02-28 09:09:39.238 13511 13544 D NavServiceProvider: Starting navigation for service
02-28 09:09:39.238 13511 13544 D NavServiceProvider: ProximityCalculator initializing...
02-28 09:09:39.238 13511 13544 D NavServiceProvider: Initializing ProximityCalculator
02-28 09:09:39.238 13511 13544 D NavServiceProvider: Number of path links: 1
02-28 09:09:39.238 13511 13544 D NavServiceProvider: Second to last stop coordinates: 28.03244, -82.405462
02-28 09:09:39.239 13511 13544 D NavServiceProvider: Setting units automatically
02-28 09:09:39.241 13511 13544 D NavServiceProvider: Detecting stop. distance_d=1079.3351. stop_type=1 speed=0.0
02-28 09:09:39.241 13511 13544 D NavigationTest: 0: (28.032358, -82.416438, 0.000000)	R:false  F:false
02-28 09:09:39.241 13511 13544 D NavServiceProvider: Second to last stop coordinates: 28.03244, -82.405462
02-28 09:09:39.241 13511 13544 D NavServiceProvider: Setting units automatically
02-28 09:09:39.242 13511 13544 D NavServiceProvider: Detecting stop. distance_d=1079.1384. stop_type=1 speed=0.0
02-28 09:09:39.242 13511 13544 D NavigationTest: 1: (28.032358, -82.416436, 0.000000)	R:false  F:false
02-28 09:09:39.242 13511 13544 D NavigationTest: 2: (28.032358, -82.416436, 0.000000)	R:false  F:false
02-28 09:09:39.243 13511 13544 D NavServiceProvider: Second to last stop coordinates: 28.03244, -82.405462
02-28 09:09:39.243 13511 13544 D NavServiceProvider: Setting units automatically
02-28 09:09:39.245 13511 13544 D NavServiceProvider: Detecting stop. distance_d=1079.1384. stop_type=1 speed=0.0
02-28 09:09:39.245 13511 13544 D NavigationTest: 3: (28.032358, -82.416436, 0.000000)	R:false  F:false
02-28 09:09:39.245 13511 13544 D NavigationTest: 4: (28.032358, -82.416436, 0.000000)	R:false  F:false
02-28 09:09:39.245 13511 13544 D NavServiceProvider: Second to last stop coordinates: 28.03244, -82.405462
02-28 09:09:39.245 13511 13544 D NavServiceProvider: Setting units automatically
02-28 09:09:39.247 13511 13544 D NavServiceProvider: Detecting stop. distance_d=995.5293. stop_type=1 speed=0.317805
02-28 09:09:39.247 13511 13544 D NavigationTest: 5: (28.032396, -82.415586, 0.317805)	R:false  F:false
02-28 09:09:39.247 13511 13544 D NavServiceProvider: Second to last stop coordinates: 28.03244, -82.405462
02-28 09:09:39.248 13511 13544 D NavServiceProvider: Setting units automatically
02-28 09:09:39.249 13511 13544 D NavServiceProvider: Detecting stop. distance_d=993.1583. stop_type=1 speed=0.60407
02-28 09:09:39.249 13511 13544 D NavigationTest: 6: (28.032454, -82.415562, 0.604070)	R:false  F:false
02-28 09:09:39.249 13511 13544 D NavServiceProvider: Second to last stop coordinates: 28.03244, -82.405462
02-28 09:09:39.249 13511 13544 D NavServiceProvider: Setting units automatically
02-28 09:09:39.251 13511 13544 D NavServiceProvider: Detecting stop. distance_d=991.2018. stop_type=1 speed=0.0
02-28 09:09:39.251 13511 13544 D NavigationTest: 7: (28.032483, -82.415542, 0.000000)	R:false  F:false
02-28 09:09:39.251 13511 13544 D NavServiceProvider: Second to last stop coordinates: 28.03244, -82.405462
02-28 09:09:39.251 13511 13544 D NavServiceProvider: Setting units automatically
02-28 09:09:39.253 13511 13544 D NavServiceProvider: Detecting stop. distance_d=991.1921. stop_type=1 speed=0.0
02-28 09:09:39.253 13511 13544 D NavigationTest: 8: (28.032456, -82.415542, 0.000000)	R:false  F:false
02-28 09:09:39.253 13511 13544 D NavServiceProvider: Second to last stop coordinates: 28.03244, -82.405462
02-28 09:09:39.253 13511 13544 D NavServiceProvider: Setting units automatically
02-28 09:09:39.255 13511 13544 D NavServiceProvider: Detecting stop. distance_d=990.5037. stop_type=1 speed=0.0
02-28 09:09:39.255 13511 13544 D NavigationTest: 9: (28.032456, -82.415535, 0.000000)	R:false  F:false
02-28 09:09:39.255 13511 13544 D NavigationTest: 10: (28.032456, -82.415535, 0.000000)	R:false  F:false
02-28 09:09:39.255 13511 13544 D NavigationTest: 11: (28.032456, -82.415535, 0.000000)	R:false  F:false
02-28 09:09:39.255 13511 13544 D NavServiceProvider: Second to last stop coordinates: 28.03244, -82.405462
02-28 09:09:39.256 13511 13544 D NavServiceProvider: Setting units automatically
02-28 09:09:39.257 13511 13544 D NavServiceProvider: Detecting stop. distance_d=990.6008. stop_type=1 speed=0.0
02-28 09:09:39.257 13511 13544 D NavigationTest: 12: (28.032447, -82.415536, 0.000000)	R:false  F:false
02-28 09:09:39.257 13511 13544 D NavServiceProvider: Second to last stop coordinates: 28.03244, -82.405462
02-28 09:09:39.258 13511 13544 D NavServiceProvider: Setting units automatically
02-28 09:09:39.258 13579 13612 W EventProcessor: callback.start() returned error code: -1
02-28 09:09:39.260 13511 13544 D NavServiceProvider: Detecting stop. distance_d=991.19055. stop_type=1 speed=0.0
02-28 09:09:39.260 13511 13544 D NavigationTest: 13: (28.032440, -82.415542, 0.000000)	R:false  F:false
02-28 09:09:39.260 13511 13544 D NavServiceProvider: Second to last stop coordinates: 28.03244, -82.405462
02-28 09:09:39.261 13511 13544 D NavServiceProvider: Setting units automatically
02-28 09:09:39.262 13511 13544 D NavServiceProvider: Detecting stop. distance_d=992.1752. stop_type=1 speed=0.0
02-28 09:09:39.262 13511 13544 D NavigationTest: 14: (28.032426, -82.415552, 0.000000)	R:false  F:false
02-28 09:09:39.262 13511 13544 D NavServiceProvider: Second to last stop coordinates: 28.03244, -82.405462
02-28 09:09:39.263 13511 13544 D NavServiceProvider: Setting units automatically
02-28 09:09:39.264 13511 13544 D NavServiceProvider: Detecting stop. distance_d=993.5578. stop_type=1 speed=0.0
02-28 09:09:39.264 13511 13544 D NavigationTest: 15: (28.032406, -82.415566, 0.000000)	R:false  F:false
02-28 09:09:39.264 13511 13544 D NavServiceProvider: Second to last stop coordinates: 28.03244, -82.405462
02-28 09:09:39.265 13511 13544 D NavServiceProvider: Setting units automatically
02-28 09:09:39.266 13511 13544 D NavServiceProvider: Detecting stop. distance_d=993.7545. stop_type=1 speed=0.0
02-28 09:09:39.266 13511 13544 D NavigationTest: 16: (28.032406, -82.415568, 0.000000)	R:false  F:false
02-28 09:09:39.266 13511 13544 D NavServiceProvider: Second to last stop coordinates: 28.03244, -82.405462
02-28 09:09:39.266 13511 13544 D NavServiceProvider: Setting units automatically
02-28 09:09:39.268 13511 13544 D NavServiceProvider: Detecting stop. distance_d=994.83655. stop_type=1 speed=0.0
02-28 09:09:39.268 13511 13544 D NavigationTest: 17: (28.032405, -82.415579, 0.000000)	R:false  F:false
02-28 09:09:39.268 13511 13544 D NavServiceProvider: Second to last stop coordinates: 28.03244, -82.405462
02-28 09:09:39.268 13511 13544 D NavServiceProvider: Setting units automatically
02-28 09:09:39.270 13511 13544 D NavServiceProvider: Detecting stop. distance_d=994.9349. stop_type=1 speed=0.0
02-28 09:09:39.270 13511 13544 D NavigationTest: 18: (28.032405, -82.415580, 0.000000)	R:false  F:false
02-28 09:09:39.270 13511 13544 D NavServiceProvider: Second to last stop coordinates: 28.03244, -82.405462
02-28 09:09:39.270 13511 13544 D NavServiceProvider: Setting units automatically
02-28 09:09:39.272 13511 13544 D NavServiceProvider: Detecting stop. distance_d=994.63904. stop_type=1 speed=0.0
02-28 09:09:39.272 13511 13544 D NavigationTest: 19: (28.032407, -82.415577, 0.000000)	R:false  F:false
02-28 09:09:39.272 13511 13544 D NavServiceProvider: Second to last stop coordinates: 28.03244, -82.405462
02-28 09:09:39.273 13511 13544 D NavServiceProvider: Setting units automatically
02-28 09:09:39.273 13579 13612 I GoogleTTSServiceImpl: Synthesis request for locale eng-USA and name en-US-language
02-28 09:09:39.274 13511 13544 D NavServiceProvider: Detecting stop. distance_d=994.8361. stop_type=1 speed=0.0
02-28 09:09:39.274 13511 13544 D NavigationTest: 20: (28.032406, -82.415579, 0.000000)	R:false  F:false
02-28 09:09:39.274 13511 13544 D NavServiceProvider: Second to last stop coordinates: 28.03244, -82.405462
02-28 09:09:39.274 13579 13612 I GoogleTTSServiceImpl: TTS dispatch: en-us-x-iog-seanet-embedded
02-28 09:09:39.274 13511 13544 D NavServiceProvider: Setting units automatically
02-28 09:09:39.275 13511 13544 D NavServiceProvider: Detecting stop. distance_d=994.9349. stop_type=1 speed=0.0
02-28 09:09:39.275 13511 13544 D NavigationTest: 21: (28.032405, -82.415580, 0.000000)	R:false  F:false
02-28 09:09:39.275 13511 13544 D NavServiceProvider: Second to last stop coordinates: 28.03244, -82.405462
02-28 09:09:39.276 13511 13544 D NavServiceProvider: Setting units automatically
02-28 09:09:39.277 13511 13544 D NavServiceProvider: Detecting stop. distance_d=995.0332. stop_type=1 speed=0.0
02-28 09:09:39.277 13511 13544 D NavigationTest: 22: (28.032405, -82.415581, 0.000000)	R:false  F:false
02-28 09:09:39.277 13511 13544 D NavServiceProvider: Second to last stop coordinates: 28.03244, -82.405462
02-28 09:09:39.277 13511 13544 D NavServiceProvider: Setting units automatically
02-28 09:09:39.278 13511 13544 D NavServiceProvider: Detecting stop. distance_d=995.0332. stop_type=1 speed=0.0
02-28 09:09:39.279 13511 13544 D NavigationTest: 23: (28.032405, -82.415581, 0.000000)	R:false  F:false
02-28 09:09:39.279 13511 13544 D NavServiceProvider: Second to last stop coordinates: 28.03244, -82.405462
02-28 09:09:39.279 13511 13544 D NavServiceProvider: Setting units automatically
02-28 09:09:39.280 13511 13544 D NavServiceProvider: Detecting stop. distance_d=995.0332. stop_type=1 speed=0.0
02-28 09:09:39.280 13511 13544 D NavigationTest: 24: (28.032405, -82.415581, 0.000000)	R:false  F:false
02-28 09:09:39.280 13511 13544 D NavServiceProvider: Second to last stop coordinates: 28.03244, -82.405462
02-28 09:09:39.280 13511 13544 D NavServiceProvider: Setting units automatically
02-28 09:09:39.282 13511 13544 D NavServiceProvider: Detecting stop. distance_d=995.0332. stop_type=1 speed=0.0
02-28 09:09:39.282 13511 13544 D NavigationTest: 25: (28.032405, -82.415581, 0.000000)	R:false  F:false
02-28 09:09:39.282 13511 13544 D NavServiceProvider: Second to last stop coordinates: 28.03244, -82.405462
02-28 09:09:39.282 13511 13544 D NavServiceProvider: Setting units automatically
02-28 09:09:39.283 13511 13544 D NavServiceProvider: Detecting stop. distance_d=995.0332. stop_type=1 speed=0.0
02-28 09:09:39.283 13511 13544 D NavigationTest: 26: (28.032405, -82.415581, 0.000000)	R:false  F:false
02-28 09:09:39.283 13511 13544 D NavServiceProvider: Second to last stop coordinates: 28.03244, -82.405462
02-28 09:09:39.284 13511 13544 D NavServiceProvider: Setting units automatically
02-28 09:09:39.285 13511 13544 D NavServiceProvider: Detecting stop. distance_d=995.0332. stop_type=1 speed=0.0
02-28 09:09:39.285 13511 13544 D NavigationTest: 27: (28.032405, -82.415581, 0.000000)	R:false  F:false
02-28 09:09:39.285 13511 13544 D NavServiceProvider: Second to last stop coordinates: 28.03244, -82.405462
02-28 09:09:39.286 13511 13544 D NavServiceProvider: Setting units automatically
02-28 09:09:39.287 13511 13544 D NavServiceProvider: Detecting stop. distance_d=995.0332. stop_type=1 speed=0.0
02-28 09:09:39.287 13511 13544 D NavigationTest: 28: (28.032405, -82.415581, 0.000000)	R:false  F:false
02-28 09:09:39.288 13511 13544 D NavServiceProvider: Second to last stop coordinates: 28.03244, -82.405462
02-28 09:09:39.288 13511 13544 D NavServiceProvider: Setting units automatically
02-28 09:09:39.289 13511 13544 D NavServiceProvider: Detecting stop. distance_d=995.0332. stop_type=1 speed=0.0
02-28 09:09:39.289 13511 13544 D NavigationTest: 29: (28.032405, -82.415581, 0.000000)	R:false  F:false
02-28 09:09:39.289 13511 13544 D NavigationTest: 30: (28.032405, -82.415581, 0.000000)	R:false  F:false
02-28 09:09:39.289 13511 13544 D NavServiceProvider: Second to last stop coordinates: 28.03244, -82.405462
02-28 09:09:39.290 13511 13544 D NavServiceProvider: Setting units automatically
02-28 09:09:39.291 13511 13544 D NavServiceProvider: Detecting stop. distance_d=995.0332. stop_type=1 speed=0.0
02-28 09:09:39.291 13511 13544 D NavigationTest: 31: (28.032405, -82.415581, 0.000000)	R:false  F:false
02-28 09:09:39.291 13511 13544 D NavServiceProvider: Second to last stop coordinates: 28.03244, -82.405462
02-28 09:09:39.291 13511 13544 D NavServiceProvider: Setting units automatically
02-28 09:09:39.292 13511 13544 D NavServiceProvider: Detecting stop. distance_d=995.0332. stop_type=1 speed=0.0
02-28 09:09:39.292 13511 13544 D NavigationTest: 32: (28.032405, -82.415581, 0.000000)	R:false  F:false
02-28 09:09:39.292 13511 13544 D NavServiceProvider: Second to last stop coordinates: 28.03244, -82.405462
02-28 09:09:39.293 13511 13544 D NavServiceProvider: Setting units automatically
02-28 09:09:39.294 13511 13544 D NavServiceProvider: Detecting stop. distance_d=995.0332. stop_type=1 speed=0.0
02-28 09:09:39.294 13511 13544 D NavigationTest: 33: (28.032405, -82.415581, 0.000000)	R:false  F:false
02-28 09:09:39.294 13511 13544 D NavServiceProvider: Second to last stop coordinates: 28.03244, -82.405462
02-28 09:09:39.294 13511 13544 D NavServiceProvider: Setting units automatically
02-28 09:09:39.296 13511 13544 D NavServiceProvider: Detecting stop. distance_d=995.0332. stop_type=1 speed=0.0
02-28 09:09:39.296 13511 13544 D NavigationTest: 34: (28.032405, -82.415581, 0.000000)	R:false  F:false
02-28 09:09:39.296 13511 13544 D NavServiceProvider: Second to last stop coordinates: 28.03244, -82.405462
02-28 09:09:39.296 13511 13544 D NavServiceProvider: Setting units automatically
02-28 09:09:39.298 13511 13544 D NavServiceProvider: Detecting stop. distance_d=995.0332. stop_type=1 speed=0.0
02-28 09:09:39.298 13511 13544 D NavigationTest: 35: (28.032405, -82.415581, 0.000000)	R:false  F:false
02-28 09:09:39.298 13511 13544 D NavServiceProvider: Second to last stop coordinates: 28.03244, -82.405462
02-28 09:09:39.298 13511 13544 D NavServiceProvider: Setting units automatically
02-28 09:09:39.300 13511 13544 D NavServiceProvider: Detecting stop. distance_d=995.0332. stop_type=1 speed=0.0
02-28 09:09:39.300 13511 13544 D NavigationTest: 36: (28.032405, -82.415581, 0.000000)	R:false  F:false
02-28 09:09:39.300 13511 13544 D NavServiceProvider: Second to last stop coordinates: 28.03244, -82.405462
02-28 09:09:39.300 13511 13544 D NavServiceProvider: Setting units automatically
02-28 09:09:39.301 13511 13544 D NavServiceProvider: Detecting stop. distance_d=995.0332. stop_type=1 speed=0.0
02-28 09:09:39.301 13511 13544 D NavigationTest: 37: (28.032405, -82.415581, 0.000000)	R:false  F:false
02-28 09:09:39.301 13511 13544 D NavServiceProvider: Second to last stop coordinates: 28.03244, -82.405462
02-28 09:09:39.302 13511 13544 D NavServiceProvider: Setting units automatically
02-28 09:09:39.303 13511 13544 D NavServiceProvider: Detecting stop. distance_d=995.0332. stop_type=1 speed=0.0
02-28 09:09:39.303 13511 13544 D NavigationTest: 38: (28.032405, -82.415581, 0.000000)	R:false  F:false
02-28 09:09:39.303 13511 13544 D NavServiceProvider: Second to last stop coordinates: 28.03244, -82.405462
02-28 09:09:39.303 13511 13544 D NavServiceProvider: Setting units automatically
02-28 09:09:39.304 13511 13544 D NavServiceProvider: Detecting stop. distance_d=995.0332. stop_type=1 speed=0.0
02-28 09:09:39.304 13511 13544 D NavigationTest: 39: (28.032405, -82.415581, 0.000000)	R:false  F:false
02-28 09:09:39.304 13511 13544 D NavServiceProvider: Second to last stop coordinates: 28.03244, -82.405462
02-28 09:09:39.305 13511 13544 D NavServiceProvider: Setting units automatically
02-28 09:09:39.306 13511 13544 D NavServiceProvider: Detecting stop. distance_d=995.0332. stop_type=1 speed=0.0
02-28 09:09:39.306 13511 13544 D NavigationTest: 40: (28.032405, -82.415581, 0.000000)	R:false  F:false
02-28 09:09:39.306 13511 13544 D NavServiceProvider: Second to last stop coordinates: 28.03244, -82.405462
02-28 09:09:39.306 13511 13544 D NavServiceProvider: Setting units automatically
02-28 09:09:39.307 13511 13544 D NavServiceProvider: Detecting stop. distance_d=995.0332. stop_type=1 speed=0.0
02-28 09:09:39.307 13511 13544 D NavigationTest: 41: (28.032405, -82.415581, 0.000000)	R:false  F:false
02-28 09:09:39.307 13511 13544 D NavServiceProvider: Second to last stop coordinates: 28.03244, -82.405462
02-28 09:09:39.308 13511 13544 D NavServiceProvider: Setting units automatically
02-28 09:09:39.309 13511 13544 D NavServiceProvider: Detecting stop. distance_d=995.0332. stop_type=1 speed=0.0
02-28 09:09:39.309 13511 13544 D NavigationTest: 42: (28.032405, -82.415581, 0.000000)	R:false  F:false
02-28 09:09:39.309 13511 13544 D NavServiceProvider: Second to last stop coordinates: 28.03244, -82.405462
02-28 09:09:39.309 13511 13544 D NavServiceProvider: Setting units automatically
02-28 09:09:39.310 13511 13544 D NavServiceProvider: Detecting stop. distance_d=995.0332. stop_type=1 speed=0.0
02-28 09:09:39.310 13511 13544 D NavigationTest: 43: (28.032405, -82.415581, 0.000000)	R:false  F:false
02-28 09:09:39.310 13511 13544 D NavServiceProvider: Second to last stop coordinates: 28.03244, -82.405462
02-28 09:09:39.311 13511 13544 D NavServiceProvider: Setting units automatically
02-28 09:09:39.312 13511 13544 D NavServiceProvider: Detecting stop. distance_d=995.0332. stop_type=1 speed=0.0
02-28 09:09:39.312 13511 13544 D NavigationTest: 44: (28.032405, -82.415581, 0.000000)	R:false  F:false
02-28 09:09:39.312 13511 13544 D NavServiceProvider: Second to last stop coordinates: 28.03244, -82.405462
02-28 09:09:39.312 13511 13544 D NavServiceProvider: Setting units automatically
02-28 09:09:39.313 13511 13544 D NavServiceProvider: Detecting stop. distance_d=995.0332. stop_type=1 speed=0.0
02-28 09:09:39.313 13511 13544 D NavigationTest: 45: (28.032405, -82.415581, 0.000000)	R:false  F:false
02-28 09:09:39.313 13511 13544 D NavServiceProvider: Second to last stop coordinates: 28.03244, -82.405462
02-28 09:09:39.314 13511 13544 D NavServiceProvider: Setting units automatically
02-28 09:09:39.315 13511 13544 D NavServiceProvider: Detecting stop. distance_d=995.0332. stop_type=1 speed=0.0
02-28 09:09:39.315 13511 13544 D NavigationTest: 46: (28.032405, -82.415581, 0.000000)	R:false  F:false
02-28 09:09:39.315 13511 13544 D NavServiceProvider: Second to last stop coordinates: 28.03244, -82.405462
02-28 09:09:39.315 13511 13544 D NavServiceProvider: Setting units automatically
02-28 09:09:39.316 13511 13544 D NavServiceProvider: Detecting stop. distance_d=995.0332. stop_type=1 speed=0.0
02-28 09:09:39.316 13511 13544 D NavigationTest: 47: (28.032405, -82.415581, 0.000000)	R:false  F:false
02-28 09:09:39.316 13511 13544 D NavServiceProvider: Second to last stop coordinates: 28.03244, -82.405462
02-28 09:09:39.317 13511 13544 D NavServiceProvider: Setting units automatically
02-28 09:09:39.318 13511 13544 D NavServiceProvider: Detecting stop. distance_d=995.0332. stop_type=1 speed=0.0
02-28 09:09:39.318 13511 13544 D NavigationTest: 48: (28.032405, -82.415581, 0.000000)	R:false  F:false
02-28 09:09:39.318 13511 13544 D NavServiceProvider: Second to last stop coordinates: 28.03244, -82.405462
02-28 09:09:39.318 13511 13544 D NavServiceProvider: Setting units automatically
02-28 09:09:39.319 13511 13544 D NavServiceProvider: Detecting stop. distance_d=995.0332. stop_type=1 speed=0.0
02-28 09:09:39.319 13511 13544 D NavigationTest: 49: (28.032405, -82.415581, 0.000000)	R:false  F:false
02-28 09:09:39.319 13511 13544 D NavServiceProvider: Second to last stop coordinates: 28.03244, -82.405462
02-28 09:09:39.319 13511 13544 D NavServiceProvider: Setting units automatically
02-28 09:09:39.321 13511 13544 D NavServiceProvider: Detecting stop. distance_d=995.0332. stop_type=1 speed=0.0
02-28 09:09:39.321 13511 13544 D NavigationTest: 50: (28.032405, -82.415581, 0.000000)	R:false  F:false
02-28 09:09:39.321 13511 13544 D NavigationTest: 51: (28.032405, -82.415581, 0.000000)	R:false  F:false
02-28 09:09:39.321 13511 13544 D NavServiceProvider: Second to last stop coordinates: 28.03244, -82.405462
02-28 09:09:39.321 13511 13544 D NavServiceProvider: Setting units automatically
02-28 09:09:39.322 13511 13544 D NavServiceProvider: Detecting stop. distance_d=995.0332. stop_type=1 speed=0.0
02-28 09:09:39.322 13511 13544 D NavigationTest: 52: (28.032405, -82.415581, 0.000000)	R:false  F:false
02-28 09:09:39.322 13511 13544 D NavServiceProvider: Second to last stop coordinates: 28.03244, -82.405462
02-28 09:09:39.323 13511 13544 D NavServiceProvider: Setting units automatically
02-28 09:09:39.324 13511 13544 D NavServiceProvider: Detecting stop. distance_d=995.0332. stop_type=1 speed=0.0
02-28 09:09:39.324 13511 13544 D NavigationTest: 53: (28.032405, -82.415581, 0.000000)	R:false  F:false
02-28 09:09:39.324 13511 13544 D NavServiceProvider: Second to last stop coordinates: 28.03244, -82.405462
02-28 09:09:39.325 13511 13544 D NavServiceProvider: Setting units automatically
02-28 09:09:39.326 13511 13544 D NavServiceProvider: Detecting stop. distance_d=995.0332. stop_type=1 speed=0.0
02-28 09:09:39.326 13511 13544 D NavigationTest: 54: (28.032405, -82.415581, 0.000000)	R:false  F:false
02-28 09:09:39.326 13511 13544 D NavServiceProvider: Second to last stop coordinates: 28.03244, -82.405462
02-28 09:09:39.327 13511 13544 D NavServiceProvider: Setting units automatically
02-28 09:09:39.328 13511 13544 D NavServiceProvider: Detecting stop. distance_d=995.0332. stop_type=1 speed=0.0
02-28 09:09:39.328 13511 13544 D NavigationTest: 55: (28.032405, -82.415581, 0.000000)	R:false  F:false
02-28 09:09:39.328 13511 13544 D NavServiceProvider: Second to last stop coordinates: 28.03244, -82.405462
02-28 09:09:39.329 13511 13544 D NavServiceProvider: Setting units automatically
02-28 09:09:39.330 13511 13544 D NavServiceProvider: Detecting stop. distance_d=995.0332. stop_type=1 speed=0.0
02-28 09:09:39.330 13511 13544 D NavigationTest: 56: (28.032405, -82.415581, 0.000000)	R:false  F:false
02-28 09:09:39.330 13511 13544 D NavServiceProvider: Second to last stop coordinates: 28.03244, -82.405462
02-28 09:09:39.331 13511 13544 D NavServiceProvider: Setting units automatically
02-28 09:09:39.332 13511 13544 D NavServiceProvider: Detecting stop. distance_d=995.0332. stop_type=1 speed=0.0
02-28 09:09:39.332 13511 13544 D NavigationTest: 57: (28.032405, -82.415581, 0.000000)	R:false  F:false
02-28 09:09:39.332 13511 13544 D NavServiceProvider: Second to last stop coordinates: 28.03244, -82.405462
02-28 09:09:39.332 13511 13544 D NavServiceProvider: Setting units automatically
02-28 09:09:39.333 13511 13544 D NavServiceProvider: Detecting stop. distance_d=995.0332. stop_type=1 speed=0.0
02-28 09:09:39.333 13511 13544 D NavigationTest: 58: (28.032405, -82.415581, 0.000000)	R:false  F:false
02-28 09:09:39.333 13511 13544 D NavServiceProvider: Second to last stop coordinates: 28.03244, -82.405462
02-28 09:09:39.334 13511 13544 D NavServiceProvider: Setting units automatically
02-28 09:09:39.335 13511 13544 D NavServiceProvider: Detecting stop. distance_d=995.0332. stop_type=1 speed=0.0
02-28 09:09:39.335 13511 13544 D NavigationTest: 59: (28.032405, -82.415581, 0.000000)	R:false  F:false
02-28 09:09:39.335 13511 13544 D NavServiceProvider: Second to last stop coordinates: 28.03244, -82.405462
02-28 09:09:39.335 13511 13544 D NavServiceProvider: Setting units automatically
02-28 09:09:39.336 13511 13544 D NavServiceProvider: Detecting stop. distance_d=995.0332. stop_type=1 speed=0.0
02-28 09:09:39.336 13511 13544 D NavigationTest: 60: (28.032405, -82.415581, 0.000000)	R:false  F:false
02-28 09:09:39.336 13511 13544 D NavServiceProvider: Second to last stop coordinates: 28.03244, -82.405462
02-28 09:09:39.337 13511 13544 D NavServiceProvider: Setting units automatically
02-28 09:09:39.338 13511 13544 D NavServiceProvider: Detecting stop. distance_d=995.1316. stop_type=1 speed=0.0
02-28 09:09:39.338 13511 13544 D NavigationTest: 61: (28.032405, -82.415582, 0.000000)	R:false  F:false
02-28 09:09:39.338 13511 13544 D NavServiceProvider: Second to last stop coordinates: 28.03244, -82.405462
02-28 09:09:39.338 13511 13544 D NavServiceProvider: Setting units automatically
02-28 09:09:39.339 13511 13544 D NavServiceProvider: Detecting stop. distance_d=995.1316. stop_type=1 speed=0.0
02-28 09:09:39.340 13511 13544 D NavigationTest: 62: (28.032405, -82.415582, 0.000000)	R:false  F:false
02-28 09:09:39.340 13511 13544 D NavServiceProvider: Second to last stop coordinates: 28.03244, -82.405462
02-28 09:09:39.340 13511 13544 D NavServiceProvider: Setting units automatically
02-28 09:09:39.341 13511 13544 D NavServiceProvider: Detecting stop. distance_d=995.1316. stop_type=1 speed=0.0
02-28 09:09:39.341 13511 13544 D NavigationTest: 63: (28.032405, -82.415582, 0.000000)	R:false  F:false
02-28 09:09:39.341 13511 13544 D NavServiceProvider: Second to last stop coordinates: 28.03244, -82.405462
02-28 09:09:39.342 13511 13544 D NavServiceProvider: Setting units automatically
02-28 09:09:39.343 13511 13544 D NavServiceProvider: Detecting stop. distance_d=995.1316. stop_type=1 speed=0.0
02-28 09:09:39.343 13511 13544 D NavigationTest: 64: (28.032405, -82.415582, 0.000000)	R:false  F:false
02-28 09:09:39.343 13511 13544 D NavServiceProvider: Second to last stop coordinates: 28.03244, -82.405462
02-28 09:09:39.343 13511 13544 D NavServiceProvider: Setting units automatically
02-28 09:09:39.344 13511 13544 D NavServiceProvider: Detecting stop. distance_d=995.132. stop_type=1 speed=0.0
02-28 09:09:39.345 13511 13544 D NavigationTest: 65: (28.032404, -82.415582, 0.000000)	R:false  F:false
02-28 09:09:39.345 13511 13544 D NavServiceProvider: Second to last stop coordinates: 28.03244, -82.405462
02-28 09:09:39.345 13511 13544 D NavServiceProvider: Setting units automatically
02-28 09:09:39.346 13511 13544 D NavServiceProvider: Detecting stop. distance_d=995.132. stop_type=1 speed=0.0
02-28 09:09:39.346 13511 13544 D NavigationTest: 66: (28.032404, -82.415582, 0.000000)	R:false  F:false
02-28 09:09:39.346 13511 13544 D NavServiceProvider: Second to last stop coordinates: 28.03244, -82.405462
02-28 09:09:39.346 13511 13544 D NavServiceProvider: Setting units automatically
02-28 09:09:39.347 13511 13544 D NavServiceProvider: Detecting stop. distance_d=995.132. stop_type=1 speed=0.0
02-28 09:09:39.347 13511 13544 D NavigationTest: 67: (28.032404, -82.415582, 0.000000)	R:false  F:false
02-28 09:09:39.347 13511 13544 D NavServiceProvider: Second to last stop coordinates: 28.03244, -82.405462
02-28 09:09:39.348 13511 13544 D NavServiceProvider: Setting units automatically
02-28 09:09:39.349 13511 13544 D NavServiceProvider: Detecting stop. distance_d=995.1316. stop_type=1 speed=0.0
02-28 09:09:39.349 13511 13544 D NavigationTest: 68: (28.032405, -82.415582, 0.000000)	R:false  F:false
02-28 09:09:39.349 13511 13544 D NavServiceProvider: Second to last stop coordinates: 28.03244, -82.405462
02-28 09:09:39.349 13511 13544 D NavServiceProvider: Setting units automatically
02-28 09:09:39.350 13511 13544 D NavServiceProvider: Detecting stop. distance_d=995.132. stop_type=1 speed=0.0
02-28 09:09:39.351 13511 13544 D NavigationTest: 69: (28.032404, -82.415582, 0.000000)	R:false  F:false
02-28 09:09:39.351 13511 13544 D NavServiceProvider: Second to last stop coordinates: 28.03244, -82.405462
02-28 09:09:39.351 13511 13544 D NavServiceProvider: Setting units automatically
02-28 09:09:39.352 13511 13544 D NavServiceProvider: Detecting stop. distance_d=995.132. stop_type=1 speed=0.0
02-28 09:09:39.352 13511 13544 D NavigationTest: 70: (28.032404, -82.415582, 0.000000)	R:false  F:false
02-28 09:09:39.352 13511 13544 D NavServiceProvider: Second to last stop coordinates: 28.03244, -82.405462
02-28 09:09:39.352 13511 13544 D NavServiceProvider: Setting units automatically
02-28 09:09:39.354 13511 13544 D NavServiceProvider: Detecting stop. distance_d=995.132. stop_type=1 speed=0.0
02-28 09:09:39.354 13511 13544 D NavigationTest: 71: (28.032404, -82.415582, 0.000000)	R:false  F:false
02-28 09:09:39.354 13511 13544 D NavigationTest: 72: (28.032404, -82.415582, 0.000000)	R:false  F:false
02-28 09:09:39.354 13511 13544 D NavServiceProvider: Second to last stop coordinates: 28.03244, -82.405462
02-28 09:09:39.354 13511 13544 D NavServiceProvider: Setting units automatically
02-28 09:09:39.355 13511 13544 D NavServiceProvider: Detecting stop. distance_d=995.132. stop_type=1 speed=0.0
02-28 09:09:39.355 13511 13544 D NavigationTest: 73: (28.032404, -82.415582, 0.000000)	R:false  F:false
02-28 09:09:39.355 13511 13544 D NavServiceProvider: Second to last stop coordinates: 28.03244, -82.405462
02-28 09:09:39.356 13511 13544 D NavServiceProvider: Setting units automatically
02-28 09:09:39.357 13511 13544 D NavServiceProvider: Detecting stop. distance_d=995.132. stop_type=1 speed=0.0
02-28 09:09:39.357 13511 13544 D NavigationTest: 74: (28.032404, -82.415582, 0.000000)	R:false  F:false
02-28 09:09:39.357 13511 13544 D NavServiceProvider: Second to last stop coordinates: 28.03244, -82.405462
02-28 09:09:39.357 13511 13544 D NavServiceProvider: Setting units automatically
02-28 09:09:39.358 13511 13544 D NavServiceProvider: Detecting stop. distance_d=995.132. stop_type=1 speed=0.0
02-28 09:09:39.358 13511 13544 D NavigationTest: 75: (28.032404, -82.415582, 0.000000)	R:false  F:false
02-28 09:09:39.358 13511 13544 D NavServiceProvider: Second to last stop coordinates: 28.03244, -82.405462
02-28 09:09:39.359 13511 13544 D NavServiceProvider: Setting units automatically
02-28 09:09:39.360 13511 13544 D NavServiceProvider: Detecting stop. distance_d=995.132. stop_type=1 speed=0.0
02-28 09:09:39.360 13511 13544 D NavigationTest: 76: (28.032404, -82.415582, 0.000000)	R:false  F:false
02-28 09:09:39.360 13511 13544 D NavServiceProvider: Second to last stop coordinates: 28.03244, -82.405462
02-28 09:09:39.360 13511 13544 D NavServiceProvider: Setting units automatically
02-28 09:09:39.362 13511 13544 D NavServiceProvider: Detecting stop. distance_d=995.132. stop_type=1 speed=0.0
02-28 09:09:39.362 13511 13544 D NavigationTest: 77: (28.032404, -82.415582, 0.000000)	R:false  F:false
02-28 09:09:39.362 13511 13544 D NavServiceProvider: Second to last stop coordinates: 28.03244, -82.405462
02-28 09:09:39.362 13511 13544 D NavServiceProvider: Setting units automatically
02-28 09:09:39.363 13511 13544 D NavServiceProvider: Detecting stop. distance_d=995.132. stop_type=1 speed=0.0
02-28 09:09:39.363 13511 13544 D NavigationTest: 78: (28.032404, -82.415582, 0.000000)	R:false  F:false
02-28 09:09:39.363 13511 13544 D NavServiceProvider: Second to last stop coordinates: 28.03244, -82.405462
02-28 09:09:39.363 13511 13544 D NavServiceProvider: Setting units automatically
02-28 09:09:39.364 13511 13544 D NavServiceProvider: Detecting stop. distance_d=995.132. stop_type=1 speed=0.0
02-28 09:09:39.364 13511 13544 D NavigationTest: 79: (28.032404, -82.415582, 0.000000)	R:false  F:false
02-28 09:09:39.364 13511 13544 D NavServiceProvider: Second to last stop coordinates: 28.03244, -82.405462
02-28 09:09:39.365 13511 13544 D NavServiceProvider: Setting units automatically
02-28 09:09:39.366 13511 13544 D NavServiceProvider: Detecting stop. distance_d=995.132. stop_type=1 speed=0.0
02-28 09:09:39.366 13511 13544 D NavigationTest: 80: (28.032404, -82.415582, 0.000000)	R:false  F:false
02-28 09:09:39.366 13511 13544 D NavServiceProvider: Second to last stop coordinates: 28.03244, -82.405462
02-28 09:09:39.366 13511 13544 D NavServiceProvider: Setting units automatically
02-28 09:09:39.367 13511 13544 D NavServiceProvider: Detecting stop. distance_d=995.132. stop_type=1 speed=0.0
02-28 09:09:39.367 13511 13544 D NavigationTest: 81: (28.032404, -82.415582, 0.000000)	R:false  F:false
02-28 09:09:39.367 13511 13544 D NavServiceProvider: Second to last stop coordinates: 28.03244, -82.405462
02-28 09:09:39.367 13511 13544 D NavServiceProvider: Setting units automatically
02-28 09:09:39.368 13511 13544 D NavServiceProvider: Detecting stop. distance_d=995.132. stop_type=1 speed=0.0
02-28 09:09:39.368 13511 13544 D NavigationTest: 82: (28.032404, -82.415582, 0.000000)	R:false  F:false
02-28 09:09:39.369 13511 13544 D NavServiceProvider: Second to last stop coordinates: 28.03244, -82.405462
02-28 09:09:39.369 13511 13544 D NavServiceProvider: Setting units automatically
02-28 09:09:39.370 13511 13544 D NavServiceProvider: Detecting stop. distance_d=995.132. stop_type=1 speed=0.0
02-28 09:09:39.370 13511 13544 D NavigationTest: 83: (28.032404, -82.415582, 0.000000)	R:false  F:false
02-28 09:09:39.370 13511 13544 D NavServiceProvider: Second to last stop coordinates: 28.03244, -82.405462
02-28 09:09:39.371 13511 13544 D NavServiceProvider: Setting units automatically
02-28 09:09:39.372 13511 13544 D NavServiceProvider: Detecting stop. distance_d=995.132. stop_type=1 speed=0.0
02-28 09:09:39.372 13511 13544 D NavigationTest: 84: (28.032404, -82.415582, 0.000000)	R:false  F:false
02-28 09:09:39.372 13511 13544 D NavServiceProvider: Second to last stop coordinates: 28.03244, -82.405462
02-28 09:09:39.372 13511 13544 D NavServiceProvider: Setting units automatically
02-28 09:09:39.373 13511 13544 D NavServiceProvider: Detecting stop. distance_d=995.132. stop_type=1 speed=0.0
02-28 09:09:39.373 13511 13544 D NavigationTest: 85: (28.032404, -82.415582, 0.000000)	R:false  F:false
02-28 09:09:39.374 13511 13544 D NavServiceProvider: Second to last stop coordinates: 28.03244, -82.405462
02-28 09:09:39.374 13511 13544 D NavServiceProvider: Setting units automatically
02-28 09:09:39.375 13511 13544 D NavServiceProvider: Detecting stop. distance_d=995.132. stop_type=1 speed=0.0
02-28 09:09:39.375 13511 13544 D NavigationTest: 86: (28.032404, -82.415582, 0.000000)	R:false  F:false
02-28 09:09:39.375 13511 13544 D NavServiceProvider: Second to last stop coordinates: 28.03244, -82.405462
02-28 09:09:39.375 13511 13544 D NavServiceProvider: Setting units automatically
02-28 09:09:39.376 13511 13544 D NavServiceProvider: Detecting stop. distance_d=995.132. stop_type=1 speed=0.0
02-28 09:09:39.377 13511 13544 D NavigationTest: 87: (28.032404, -82.415582, 0.000000)	R:false  F:false
02-28 09:09:39.377 13511 13544 D NavServiceProvider: Second to last stop coordinates: 28.03244, -82.405462
02-28 09:09:39.377 13511 13544 D NavServiceProvider: Setting units automatically
02-28 09:09:39.378 13511 13544 D NavServiceProvider: Detecting stop. distance_d=995.132. stop_type=1 speed=0.0
02-28 09:09:39.378 13511 13544 D NavigationTest: 88: (28.032404, -82.415582, 0.000000)	R:false  F:false
02-28 09:09:39.378 13511 13544 D NavServiceProvider: Second to last stop coordinates: 28.03244, -82.405462
02-28 09:09:39.378 13511 13544 D NavServiceProvider: Setting units automatically
02-28 09:09:39.379 13511 13544 D NavServiceProvider: Detecting stop. distance_d=995.132. stop_type=1 speed=0.0
02-28 09:09:39.379 13511 13544 D NavigationTest: 89: (28.032404, -82.415582, 0.000000)	R:false  F:false
02-28 09:09:39.380 13511 13544 D NavServiceProvider: Second to last stop coordinates: 28.03244, -82.405462
02-28 09:09:39.380 13511 13544 D NavServiceProvider: Setting units automatically
02-28 09:09:39.381 13511 13544 D NavServiceProvider: Detecting stop. distance_d=995.132. stop_type=1 speed=0.0
02-28 09:09:39.381 13511 13544 D NavigationTest: 90: (28.032404, -82.415582, 0.000000)	R:false  F:false
02-28 09:09:39.381 13511 13544 D NavServiceProvider: Second to last stop coordinates: 28.03244, -82.405462
02-28 09:09:39.381 13511 13544 D NavServiceProvider: Setting units automatically
02-28 09:09:39.382 13511 13544 D NavServiceProvider: Detecting stop. distance_d=995.132. stop_type=1 speed=0.0
02-28 09:09:39.382 13511 13544 D NavigationTest: 91: (28.032404, -82.415582, 0.000000)	R:false  F:false
02-28 09:09:39.382 13511 13544 D NavServiceProvider: Second to last stop coordinates: 28.03244, -82.405462
02-28 09:09:39.383 13511 13544 D NavServiceProvider: Setting units automatically
02-28 09:09:39.384 13511 13544 D NavServiceProvider: Detecting stop. distance_d=995.132. stop_type=1 speed=0.0
02-28 09:09:39.384 13511 13544 D NavigationTest: 92: (28.032404, -82.415582, 0.000000)	R:false  F:false
02-28 09:09:39.384 13511 13544 D NavigationTest: 93: (28.032404, -82.415582, 0.000000)	R:false  F:false
02-28 09:09:39.384 13511 13544 D NavigationTest: 94: (28.032404, -82.415582, 0.000000)	R:false  F:false
02-28 09:09:39.384 13511 13544 D NavServiceProvider: Second to last stop coordinates: 28.03244, -82.405462
02-28 09:09:39.384 13511 13544 D NavServiceProvider: Setting units automatically
02-28 09:09:39.385 13511 13544 D NavServiceProvider: Detecting stop. distance_d=995.132. stop_type=1 speed=0.0
02-28 09:09:39.385 13511 13544 D NavigationTest: 95: (28.032404, -82.415582, 0.000000)	R:false  F:false
02-28 09:09:39.385 13511 13544 D NavServiceProvider: Second to last stop coordinates: 28.03244, -82.405462
02-28 09:09:39.386 13511 13544 D NavServiceProvider: Setting units automatically
02-28 09:09:39.387 13511 13544 D NavServiceProvider: Detecting stop. distance_d=995.132. stop_type=1 speed=0.0
02-28 09:09:39.387 13511 13544 D NavigationTest: 96: (28.032404, -82.415582, 0.000000)	R:false  F:false
02-28 09:09:39.387 13511 13544 D NavServiceProvider: Second to last stop coordinates: 28.03244, -82.405462
02-28 09:09:39.387 13511 13544 D NavServiceProvider: Setting units automatically
02-28 09:09:39.388 13511 13544 D NavServiceProvider: Detecting stop. distance_d=995.132. stop_type=1 speed=0.0
02-28 09:09:39.388 13511 13544 D NavigationTest: 97: (28.032404, -82.415582, 0.000000)	R:false  F:false
02-28 09:09:39.388 13511 13544 D NavServiceProvider: Second to last stop coordinates: 28.03244, -82.405462
02-28 09:09:39.389 13511 13544 D NavServiceProvider: Setting units automatically
02-28 09:09:39.390 13511 13544 D NavServiceProvider: Detecting stop. distance_d=995.132. stop_type=1 speed=0.0
02-28 09:09:39.390 13511 13544 D NavigationTest: 98: (28.032404, -82.415582, 0.000000)	R:false  F:false
02-28 09:09:39.390 13511 13544 D NavServiceProvider: Second to last stop coordinates: 28.03244, -82.405462
02-28 09:09:39.390 13511 13544 D NavServiceProvider: Setting units automatically
02-28 09:09:39.391 13511 13544 D NavServiceProvider: Detecting stop. distance_d=995.132. stop_type=1 speed=0.0
02-28 09:09:39.392 13511 13544 D NavigationTest: 99: (28.032404, -82.415582, 0.000000)	R:false  F:false
02-28 09:09:39.392 13511 13544 D NavServiceProvider: Second to last stop coordinates: 28.03244, -82.405462
02-28 09:09:39.392 13511 13544 D NavServiceProvider: Setting units automatically
02-28 09:09:39.393 13511 13544 D NavServiceProvider: Detecting stop. distance_d=995.132. stop_type=1 speed=0.0
02-28 09:09:39.393 13511 13544 D NavigationTest: 100: (28.032404, -82.415582, 0.000000)	R:false  F:false
02-28 09:09:39.393 13511 13544 D NavServiceProvider: Second to last stop coordinates: 28.03244, -82.405462
02-28 09:09:39.393 13511 13544 D NavServiceProvider: Setting units automatically
02-28 09:09:39.394 13511 13544 D NavServiceProvider: Detecting stop. distance_d=995.132. stop_type=1 speed=0.0
02-28 09:09:39.394 13511 13544 D NavigationTest: 101: (28.032404, -82.415582, 0.000000)	R:false  F:false
02-28 09:09:39.394 13511 13544 D NavServiceProvider: Second to last stop coordinates: 28.03244, -82.405462
02-28 09:09:39.395 13511 13544 D NavServiceProvider: Setting units automatically
02-28 09:09:39.396 13511 13544 D NavServiceProvider: Detecting stop. distance_d=995.132. stop_type=1 speed=0.0
02-28 09:09:39.396 13511 13544 D NavigationTest: 102: (28.032404, -82.415582, 0.000000)	R:false  F:false
02-28 09:09:39.396 13511 13544 D NavServiceProvider: Second to last stop coordinates: 28.03244, -82.405462
02-28 09:09:39.396 13511 13544 D NavServiceProvider: Setting units automatically
02-28 09:09:39.398 13511 13544 D NavServiceProvider: Detecting stop. distance_d=995.132. stop_type=1 speed=0.0
02-28 09:09:39.398 13511 13544 D NavigationTest: 103: (28.032404, -82.415582, 0.000000)	R:false  F:false
02-28 09:09:39.398 13511 13544 D NavServiceProvider: Second to last stop coordinates: 28.03244, -82.405462
02-28 09:09:39.398 13511 13544 D NavServiceProvider: Setting units automatically
02-28 09:09:39.400 13511 13544 D NavServiceProvider: Detecting stop. distance_d=995.1316. stop_type=1 speed=0.0
02-28 09:09:39.400 13511 13544 D NavigationTest: 104: (28.032405, -82.415582, 0.000000)	R:false  F:false
02-28 09:09:39.400 13511 13544 D NavServiceProvider: Second to last stop coordinates: 28.03244, -82.405462
02-28 09:09:39.400 13511 13544 D NavServiceProvider: Setting units automatically
02-28 09:09:39.401 13511 13544 D NavServiceProvider: Detecting stop. distance_d=995.132. stop_type=1 speed=0.0
02-28 09:09:39.402 13511 13544 D NavigationTest: 105: (28.032404, -82.415582, 0.000000)	R:false  F:false
02-28 09:09:39.402 13511 13544 D NavServiceProvider: Second to last stop coordinates: 28.03244, -82.405462
02-28 09:09:39.402 13511 13544 D NavServiceProvider: Setting units automatically
02-28 09:09:39.403 13511 13544 D NavServiceProvider: Detecting stop. distance_d=995.132. stop_type=1 speed=0.0
02-28 09:09:39.403 13511 13544 D NavigationTest: 106: (28.032404, -82.415582, 0.000000)	R:false  F:false
02-28 09:09:39.403 13511 13544 D NavServiceProvider: Second to last stop coordinates: 28.03244, -82.405462
02-28 09:09:39.403 13511 13544 D NavServiceProvider: Setting units automatically
02-28 09:09:39.405 13511 13544 D NavServiceProvider: Detecting stop. distance_d=995.132. stop_type=1 speed=0.0
02-28 09:09:39.405 13511 13544 D NavigationTest: 107: (28.032404, -82.415582, 0.000000)	R:false  F:false
02-28 09:09:39.405 13511 13544 D NavServiceProvider: Second to last stop coordinates: 28.03244, -82.405462
02-28 09:09:39.405 13511 13544 D NavServiceProvider: Setting units automatically
02-28 09:09:39.406 13511 13544 D NavServiceProvider: Detecting stop. distance_d=995.132. stop_type=1 speed=0.0
02-28 09:09:39.406 13511 13544 D NavigationTest: 108: (28.032404, -82.415582, 0.000000)	R:false  F:false
02-28 09:09:39.406 13511 13544 D NavServiceProvider: Second to last stop coordinates: 28.03244, -82.405462
02-28 09:09:39.406 13511 13544 D NavServiceProvider: Setting units automatically
02-28 09:09:39.408 13511 13544 D NavServiceProvider: Detecting stop. distance_d=995.132. stop_type=1 speed=0.0
02-28 09:09:39.408 13511 13544 D NavigationTest: 109: (28.032404, -82.415582, 0.000000)	R:false  F:false
02-28 09:09:39.408 13511 13544 D NavServiceProvider: Second to last stop coordinates: 28.03244, -82.405462
02-28 09:09:39.408 13511 13544 D NavServiceProvider: Setting units automatically
02-28 09:09:39.409 13511 13544 D NavServiceProvider: Detecting stop. distance_d=995.132. stop_type=1 speed=0.0
02-28 09:09:39.409 13511 13544 D NavigationTest: 110: (28.032404, -82.415582, 0.000000)	R:false  F:false
02-28 09:09:39.409 13511 13544 D NavServiceProvider: Second to last stop coordinates: 28.03244, -82.405462
02-28 09:09:39.410 13511 13544 D NavServiceProvider: Setting units automatically
02-28 09:09:39.412 13511 13544 D NavServiceProvider: Detecting stop. distance_d=995.132. stop_type=1 speed=0.0
02-28 09:09:39.413 13511 13544 D NavigationTest: 111: (28.032404, -82.415582, 0.000000)	R:false  F:false
02-28 09:09:39.413 13511 13544 D NavServiceProvider: Second to last stop coordinates: 28.03244, -82.405462
02-28 09:09:39.414 13511 13544 D NavServiceProvider: Setting units automatically
02-28 09:09:39.417 13511 13544 D NavServiceProvider: Detecting stop. distance_d=995.132. stop_type=1 speed=0.0
02-28 09:09:39.417 13511 13544 D NavigationTest: 112: (28.032404, -82.415582, 0.000000)	R:false  F:false
02-28 09:09:39.417 13511 13544 D NavServiceProvider: Second to last stop coordinates: 28.03244, -82.405462
02-28 09:09:39.418 13511 13544 D NavServiceProvider: Setting units automatically
02-28 09:09:39.420   871  6793 D audio_hw_primary: adev_get_parameters:vr_audio_mode_on
02-28 09:09:39.420   871  6793 I audio_hw_primary: getting vr mode to 0
02-28 09:09:39.420   871  6793 D audio_hw_primary: adev_get_parameters: exit: returns - vr_audio_mode_on=false
02-28 09:09:39.420   959  2593 I hash_map_utils: key: 'vr_audio_mode_on' value: ''
02-28 09:09:39.420   959  2593 I AudioPolicyManagerCustom: VR mode is 0, switch to primary output if request is for fast|raw
02-28 09:09:39.420   959  2593 I AudioPolicyManagerCustom: setting force DEEP buffer now
02-28 09:09:39.421   959  2593 D AudioFlinger: Client defaulted notificationFrames to 2048 for frameCount 4096
02-28 09:09:39.421 13511 13544 D NavServiceProvider: Detecting stop. distance_d=995.132. stop_type=1 speed=0.0
02-28 09:09:39.421 13511 13544 D NavigationTest: 113: (28.032404, -82.415582, 0.000000)	R:false  F:false
02-28 09:09:39.421 13511 13544 D NavServiceProvider: Second to last stop coordinates: 28.03244, -82.405462
02-28 09:09:39.422 13511 13544 D NavServiceProvider: Setting units automatically
02-28 09:09:39.422   959  2593 D AF::TrackHandle: OpPlayAudio: track:195 usage:1 not muted
02-28 09:09:39.423 13511 13544 D NavServiceProvider: Detecting stop. distance_d=995.132. stop_type=1 speed=0.0
02-28 09:09:39.423 13511 13544 D NavigationTest: 114: (28.032404, -82.415582, 0.000000)	R:false  F:false
02-28 09:09:39.423 13511 13544 D NavigationTest: 115: (28.032404, -82.415582, 0.000000)	R:false  F:false
02-28 09:09:39.423 13511 13544 D NavigationTest: 116: (28.032404, -82.415582, 0.000000)	R:false  F:false
02-28 09:09:39.423 13511 13544 D NavServiceProvider: Second to last stop coordinates: 28.03244, -82.405462
02-28 09:09:39.424 13511 13544 D NavServiceProvider: Setting units automatically
02-28 09:09:39.425 13511 13544 D NavServiceProvider: Detecting stop. distance_d=995.132. stop_type=1 speed=0.0
02-28 09:09:39.425 13511 13544 D NavigationTest: 117: (28.032404, -82.415582, 0.000000)	R:false  F:false
02-28 09:09:39.426 13511 13544 D NavServiceProvider: Second to last stop coordinates: 28.03244, -82.405462
02-28 09:09:39.426 13511 13544 D NavServiceProvider: Setting units automatically
02-28 09:09:39.426  2666  3413 D Avrcp_ext: AudioManager Player: ID:23 -- type:android.media.SoundPool -- u/pid:10126/2688 -- state:idle -- attr:AudioAttributes: usage=USAGE_ASSISTANCE_SONIFICATION content=CONTENT_TYPE_SONIFICATION flags=0x800 tags= bundle=null
02-28 09:09:39.426  2666  3413 D Avrcp_ext: AudioManager Player: ID:15 -- type:android.media.SoundPool -- u/pid:1000/1493 -- state:idle -- attr:AudioAttributes: usage=USAGE_ASSISTANCE_SONIFICATION content=CONTENT_TYPE_SONIFICATION flags=0x800 tags= bundle=null
02-28 09:09:39.427  2666  3413 D Avrcp_ext: AudioManager Player: ID:1151 -- type:android.media.AudioTrack -- u/pid:10088/13579 -- state:started -- attr:AudioAttributes: usage=USAGE_MEDIA content=CONTENT_TYPE_SPEECH flags=0x800 tags= bundle=null
02-28 09:09:39.427  2666  3413 D Avrcp_ext: AudioManager isPlaying: true
02-28 09:09:39.427  2666  3413 V Avrcp_ext: updateCurrentMediaState: mMediaController: null
02-28 09:09:39.427  2666  3413 V Avrcp_ext: isMusicActive: false getBluetoothPlayState: 2
02-28 09:09:39.427  2666  3413 V Avrcp_ext: updateCurrentMediaState: isPlaying = false
02-28 09:09:39.427  2666  3413 V Avrcp_ext: Media update: id -1➡-1? [MediaAttributes: none] : [MediaAttributes: none]
02-28 09:09:39.427  2666  3413 V Avrcp_ext: newPlayStatus:2mReportedPlayStatus:-1
02-28 09:09:39.427  2666  3413 V Avrcp_ext: updatePlaybackState, state: PlaybackState {state=2, position=-1, buffered position=0, speed=0.0, updated=1782758, actions=0, custom actions=[], active item id=-1, error=null} device: null
02-28 09:09:39.427  2666  3413 V Avrcp_ext: Device: no name:
02-28 09:09:39.427  2666  3413 I chatty  : uid=1002(bluetooth) BluetoothAvrcpH identical 3 lines
02-28 09:09:39.427  2666  3413 V Avrcp_ext: Device: no name:
02-28 09:09:39.427  2666  3413 V Avrcp_ext: updatePlayerStateAndPosition, old=PlaybackState {state=2, position=-1, buffered position=0, speed=0.0, updated=1782241, actions=0, custom actions=[], active item id=-1, error=null}, state=PlaybackState {state=2, position=-1, buffered position=0, speed=0.0, updated=1782758, actions=0, custom actions=[], active item id=-1, error=null}
02-28 09:09:39.427  2666  3413 V Avrcp_ext: old state = PlaybackState {state=2, position=-1, buffered position=0, speed=0.0, updated=1782241, actions=0, custom actions=[], active item id=-1, error=null}, new state= PlaybackState {state=2, position=-1, buffered position=0, speed=0.0, updated=1782758, actions=0, custom actions=[], active item id=-1, error=null}
02-28 09:09:39.427  2666  3413 D HeadsetService: getHeadsetService(): returning com.android.bluetooth.hfp.HeadsetService@8a04d28
02-28 09:09:39.428 13511 13544 D NavServiceProvider: Detecting stop. distance_d=995.3291. stop_type=1 speed=0.0
02-28 09:09:39.428 13511 13544 D NavigationTest: 118: (28.032403, -82.415584, 0.000000)	R:false  F:false
02-28 09:09:39.428 13511 13544 D NavServiceProvider: Second to last stop coordinates: 28.03244, -82.405462
02-28 09:09:39.428  2666  3413 D HeadsetService:  isAudioOn: The number of audio connected devices 0
02-28 09:09:39.428  2666  3413 D HeadsetService: isScoOrCallActive(): Call Active:falseCall is Ringing:falseSCO is Active:false
02-28 09:09:39.428 13511 13544 D NavServiceProvider: Setting units automatically
02-28 09:09:39.429  2666  3413 D HeadsetService:  isAudioOn: The number of audio connected devices 0
02-28 09:09:39.430  2666  3413 I Avrcp_ext: updatePlayStatusForDevice: device: null
