02-28 09:09:50.343 13511 13544 D NavigationTest: 863: (28.069226, -82.414743, 5.440000)	R:false  F:false
02-28 09:09:50.343 13511 13544 D NavServiceProvider: Second to last stop coordinates: 28.069269, -82.423516
02-28 09:09:50.343 13511 13544 D NavServiceProvider: Setting units automatically
02-28 09:09:50.344 13511 13544 D NavServiceProvider: Detecting stop. distance_d=857.08844. stop_type=1 speed=7.07
02-28 09:09:50.344 13511 13544 D NavigationTest: 864: (28.069216, -82.414797, 7.070000)	R:false  F:false
02-28 09:09:50.344 13511 13544 D NavigationTest: 865: (28.069216, -82.414797, 7.070000)	R:false  F:false
02-28 09:09:50.344 13511 13544 D NavigationTest: 866: (28.069216, -82.414797, 7.070000)	R:false  F:false
02-28 09:09:50.344 13511 13544 D NavServiceProvider: Second to last stop coordinates: 28.069269, -82.423516
02-28 09:09:50.345 13511 13544 D NavServiceProvider: Setting units automatically
02-28 09:09:50.346 13511 13544 D NavServiceProvider: Detecting stop. distance_d=849.92596. stop_type=1 speed=8.41
02-28 09:09:50.346 13511 13544 D NavigationTest: 867: (28.069201, -82.414870, 8.410000)	R:false  F:false
02-28 09:09:50.346 13511 13544 D NavigationTest: 868: (28.069201, -82.414870, 8.410000)	R:false  F:false
02-28 09:09:50.346 13511 13544 D NavigationTest: 869: (28.069201, -82.414870, 8.410000)	R:false  F:false
02-28 09:09:50.346 13511 13544 D NavServiceProvider: Second to last stop coordinates: 28.069269, -82.423516
02-28 09:09:50.346 13511 13544 D NavServiceProvider: Setting units automatically
02-28 09:09:50.347 13511 13544 D NavServiceProvider: Detecting stop. distance_d=841.9692. stop_type=1 speed=8.02
02-28 09:09:50.347 13511 13544 D NavigationTest: 870: (28.069196, -82.414951, 8.020000)	R:false  F:false
02-28 09:09:50.347 13511 13544 D NavigationTest: 871: (28.069196, -82.414951, 8.020000)	R:false  F:false
02-28 09:09:50.347 13511 13544 D NavServiceProvider: Second to last stop coordinates: 28.069269, -82.423516
02-28 09:09:50.348 13511 13544 D NavServiceProvider: Setting units automatically
02-28 09:09:50.349 13511 13544 D NavServiceProvider: Detecting stop. distance_d=831.9511. stop_type=1 speed=9.69
02-28 09:09:50.349 13511 13544 D NavigationTest: 872: (28.069189, -82.415053, 9.690000)	R:false  F:false
02-28 09:09:50.349 13511 13544 D NavigationTest: 873: (28.069189, -82.415053, 9.690000)	R:false  F:false
02-28 09:09:50.349 13511 13544 D NavigationTest: 874: (28.069189, -82.415053, 9.690000)	R:false  F:false
02-28 09:09:50.349 13511 13544 D NavServiceProvider: Second to last stop coordinates: 28.069269, -82.423516
02-28 09:09:50.349 13511 13544 D NavServiceProvider: Setting units automatically
02-28 09:09:50.350 13511 13544 D NavServiceProvider: Detecting stop. distance_d=819.5698. stop_type=1 speed=11.84
02-28 09:09:50.350 13511 13544 D NavigationTest: 875: (28.069186, -82.415179, 11.840000)	R:false  F:false
02-28 09:09:50.350 13511 13544 D NavigationTest: 876: (28.069186, -82.415179, 11.840000)	R:false  F:false
02-28 09:09:50.350 13511 13544 D NavigationTest: 877: (28.069186, -82.415179, 11.840000)	R:false  F:false
02-28 09:09:50.350 13511 13544 D NavServiceProvider: Second to last stop coordinates: 28.069269, -82.423516
02-28 09:09:50.351 13511 13544 D NavServiceProvider: Setting units automatically
02-28 09:09:50.352 13511 13544 D NavServiceProvider: Detecting stop. distance_d=806.5952. stop_type=1 speed=12.85
02-28 09:09:50.352 13511 13544 D NavigationTest: 878: (28.069186, -82.415311, 12.850000)	R:false  F:false
02-28 09:09:50.352 13511 13544 D NavigationTest: 879: (28.069186, -82.415311, 12.850000)	R:false  F:false
02-28 09:09:50.352 13511 13544 D NavServiceProvider: Second to last stop coordinates: 28.069269, -82.423516
02-28 09:09:50.352 13511 13544 D NavServiceProvider: Setting units automatically
02-28 09:09:50.353 13511 13544 D NavServiceProvider: Detecting stop. distance_d=793.12787. stop_type=1 speed=13.29
02-28 09:09:50.353 13511 13544 D NavigationTest: 880: (28.069187, -82.415448, 13.290000)	R:false  F:false
02-28 09:09:50.353 13511 13544 D NavigationTest: 881: (28.069187, -82.415448, 13.290000)	R:false  F:false
02-28 09:09:50.353 13511 13544 D NavigationTest: 882: (28.069187, -82.415448, 13.290000)	R:false  F:false
02-28 09:09:50.353 13511 13544 D NavServiceProvider: Second to last stop coordinates: 28.069269, -82.423516
02-28 09:09:50.354 13511 13544 D NavServiceProvider: Setting units automatically
02-28 09:09:50.355 13511 13544 D NavServiceProvider: Detecting stop. distance_d=779.8509. stop_type=1 speed=13.79
02-28 09:09:50.355 13511 13544 D NavigationTest: 883: (28.069193, -82.415583, 13.790000)	R:false  F:false
02-28 09:09:50.355 13511 13544 D NavigationTest: 884: (28.069193, -82.415583, 13.790000)	R:false  F:false
02-28 09:09:50.355 13511 13544 D NavServiceProvider: Second to last stop coordinates: 28.069269, -82.423516
02-28 09:09:50.355 13511 13544 D NavServiceProvider: Setting units automatically
02-28 09:09:50.356 13511 13544 D NavServiceProvider: Detecting stop. distance_d=766.38354. stop_type=1 speed=14.25
02-28 09:09:50.356 13511 13544 D NavigationTest: 885: (28.069194, -82.415720, 14.250000)	R:false  F:false
02-28 09:09:50.356 13511 13544 D NavigationTest: 886: (28.069194, -82.415720, 14.250000)	R:false  F:false
02-28 09:09:50.356 13511 13544 D NavigationTest: 887: (28.069194, -82.415720, 14.250000)	R:false  F:false
02-28 09:09:50.356 13511 13544 D NavServiceProvider: Second to last stop coordinates: 28.069269, -82.423516
02-28 09:09:50.357 13511 13544 D NavServiceProvider: Setting units automatically
02-28 09:09:50.358 13511 13544 D NavServiceProvider: Detecting stop. distance_d=751.64856. stop_type=1 speed=14.43
02-28 09:09:50.358 13511 13544 D NavigationTest: 888: (28.069187, -82.415870, 14.430000)	R:false  F:false
02-28 09:09:50.358 13511 13544 D NavigationTest: 889: (28.069187, -82.415870, 14.430000)	R:false  F:false
02-28 09:09:50.358 13511 13544 D NavServiceProvider: Second to last stop coordinates: 28.069269, -82.423516
02-28 09:09:50.358 13511 13544 D NavServiceProvider: Setting units automatically
02-28 09:09:50.359 13511 13544 D NavServiceProvider: Detecting stop. distance_d=737.1001. stop_type=1 speed=14.76
02-28 09:09:50.359 13511 13544 D NavigationTest: 890: (28.069188, -82.416018, 14.760000)	R:false  F:false
02-28 09:09:50.359 13511 13544 D NavigationTest: 891: (28.069188, -82.416018, 14.760000)	R:false  F:false
02-28 09:09:50.359 13511 13544 D NavigationTest: 892: (28.069188, -82.416018, 14.760000)	R:false  F:false
02-28 09:09:50.359 13511 13544 D NavServiceProvider: Second to last stop coordinates: 28.069269, -82.423516
02-28 09:09:50.360 13511 13544 D NavServiceProvider: Setting units automatically
02-28 09:09:50.361 13511 13544 D NavServiceProvider: Detecting stop. distance_d=722.23706. stop_type=1 speed=15.0
02-28 09:09:50.361 13511 13544 D NavigationTest: 893: (28.069205, -82.416169, 15.000000)	R:false  F:false
02-28 09:09:50.361 13511 13544 D NavigationTest: 894: (28.069205, -82.416169, 15.000000)	R:false  F:false
02-28 09:09:50.361 13511 13544 D NavigationTest: 895: (28.069205, -82.416169, 15.000000)	R:false  F:false
02-28 09:09:50.361 13511 13544 D NavServiceProvider: Second to last stop coordinates: 28.069269, -82.423516
02-28 09:09:50.361 13511 13544 D NavServiceProvider: Setting units automatically
02-28 09:09:50.362 13511 13544 D NavServiceProvider: Detecting stop. distance_d=707.09973. stop_type=1 speed=15.33
02-28 09:09:50.362 13511 13544 D NavigationTest: 896: (28.069205, -82.416323, 15.330000)	R:false  F:false
02-28 09:09:50.362 13511 13544 D NavigationTest: 897: (28.069205, -82.416323, 15.330000)	R:false  F:false
02-28 09:09:50.362 13511 13544 D NavigationTest: 898: (28.069205, -82.416323, 15.330000)	R:false  F:false
02-28 09:09:50.362 13511 13544 D NavServiceProvider: Second to last stop coordinates: 28.069269, -82.423516
02-28 09:09:50.363 13511 13544 D NavServiceProvider: Setting units automatically
02-28 09:09:50.364 13511 13544 D NavServiceProvider: Detecting stop. distance_d=691.35425. stop_type=1 speed=15.1
02-28 09:09:50.364 13511 13544 D NavigationTest: 899: (28.069224, -82.416483, 15.100000)	R:false  F:false
02-28 09:09:50.364 13511 13544 D NavigationTest: 900: (28.069224, -82.416483, 15.100000)	R:false  F:false
02-28 09:09:50.364 13511 13544 D NavServiceProvider: Second to last stop coordinates: 28.069269, -82.423516
02-28 09:09:50.364 13511 13544 D NavServiceProvider: Setting units automatically
02-28 09:09:50.365 13511 13544 D NavServiceProvider: Detecting stop. distance_d=677.1996. stop_type=1 speed=14.61
02-28 09:09:50.365 13511 13544 D NavigationTest: 901: (28.069224, -82.416627, 14.610000)	R:false  F:false
02-28 09:09:50.365 13511 13544 D NavigationTest: 902: (28.069224, -82.416627, 14.610000)	R:false  F:false
02-28 09:09:50.365 13511 13544 D NavigationTest: 903: (28.069224, -82.416627, 14.610000)	R:false  F:false
02-28 09:09:50.365 13511 13544 D NavServiceProvider: Second to last stop coordinates: 28.069269, -82.423516
02-28 09:09:50.365 13511 13544 D NavServiceProvider: Setting units automatically
02-28 09:09:50.366 13511 13544 D NavServiceProvider: Detecting stop. distance_d=662.7484. stop_type=1 speed=14.52
02-28 09:09:50.366 13511 13544 D NavigationTest: 904: (28.069226, -82.416774, 14.520000)	R:false  F:false
02-28 09:09:50.367 13511 13544 D NavigationTest: 905: (28.069226, -82.416774, 14.520000)	R:false  F:false
02-28 09:09:50.367 13511 13544 D NavigationTest: 906: (28.069226, -82.416774, 14.520000)	R:false  F:false
02-28 09:09:50.367 13511 13544 D NavServiceProvider: Second to last stop coordinates: 28.069269, -82.423516
02-28 09:09:50.367 13511 13544 D NavServiceProvider: Setting units automatically
02-28 09:09:50.368 13511 13544 D NavServiceProvider: Detecting stop. distance_d=647.6062. stop_type=1 speed=15.06
02-28 09:09:50.368 13511 13544 D NavigationTest: 907: (28.069232, -82.416928, 15.060000)	R:false  F:false
02-28 09:09:50.368 13511 13544 D NavigationTest: 908: (28.069232, -82.416928, 15.060000)	R:false  F:false
02-28 09:09:50.368 13511 13544 D NavigationTest: 909: (28.069232, -82.416928, 15.060000)	R:false  F:false
02-28 09:09:50.368 13511 13544 D NavServiceProvider: Second to last stop coordinates: 28.069269, -82.423516
02-28 09:09:50.368 13511 13544 D NavServiceProvider: Setting units automatically
02-28 09:09:50.369 13511 13544 D NavServiceProvider: Detecting stop. distance_d=636.90094. stop_type=1 speed=13.09
02-28 09:09:50.370 13511 13544 D NavigationTest: 910: (28.069221, -82.417037, 13.090000)	R:false  F:false
02-28 09:09:50.370 13511 13544 D NavigationTest: 911: (28.069221, -82.417037, 13.090000)	R:false  F:false
02-28 09:09:50.370 13511 13544 D NavServiceProvider: Second to last stop coordinates: 28.069269, -82.423516
02-28 09:09:50.370 13511 13544 D NavServiceProvider: Setting units automatically
02-28 09:09:50.371 13511 13544 D NavServiceProvider: Detecting stop. distance_d=623.52826. stop_type=1 speed=13.45
02-28 09:09:50.371 13511 13544 D NavigationTest: 912: (28.069226, -82.417173, 13.450000)	R:false  F:false
02-28 09:09:50.371 13511 13544 D NavigationTest: 913: (28.069226, -82.417173, 13.450000)	R:false  F:false
02-28 09:09:50.371 13511 13544 D NavigationTest: 914: (28.069226, -82.417173, 13.450000)	R:false  F:false
02-28 09:09:50.371 13511 13544 D NavServiceProvider: Second to last stop coordinates: 28.069269, -82.423516
02-28 09:09:50.371 13511 13544 D NavServiceProvider: Setting units automatically
02-28 09:09:50.373 13511 13544 D NavServiceProvider: Detecting stop. distance_d=611.4508. stop_type=1 speed=13.1
02-28 09:09:50.373 13511 13544 D NavigationTest: 915: (28.069213, -82.417296, 13.100000)	R:false  F:false
02-28 09:09:50.373 13511 13544 D NavigationTest: 916: (28.069213, -82.417296, 13.100000)	R:false  F:false
02-28 09:09:50.373 13511 13544 D NavigationTest: 917: (28.069213, -82.417296, 13.100000)	R:false  F:false
02-28 09:09:50.373 13511 13544 D NavServiceProvider: Second to last stop coordinates: 28.069269, -82.423516
02-28 09:09:50.373 13511 13544 D NavServiceProvider: Setting units automatically
02-28 09:09:50.374 13511 13544 D NavServiceProvider: Detecting stop. distance_d=597.49426. stop_type=1 speed=13.1
02-28 09:09:50.374 13511 13544 D NavigationTest: 918: (28.069212, -82.417438, 13.100000)	R:false  F:false
02-28 09:09:50.374 13511 13544 D NavigationTest: 919: (28.069212, -82.417438, 13.100000)	R:false  F:false
02-28 09:09:50.374 13511 13544 D NavigationTest: 920: (28.069212, -82.417438, 13.100000)	R:false  F:false
02-28 09:09:50.374 13511 13544 D NavServiceProvider: Second to last stop coordinates: 28.069269, -82.423516
02-28 09:09:50.375 13511 13544 D NavServiceProvider: Setting units automatically
02-28 09:09:50.376 13511 13544 D NavServiceProvider: Detecting stop. distance_d=585.21515. stop_type=1 speed=12.66
02-28 09:09:50.376 13511 13544 D NavigationTest: 921: (28.069206, -82.417563, 12.660000)	R:false  F:false
02-28 09:09:50.376 13511 13544 D NavigationTest: 922: (28.069206, -82.417563, 12.660000)	R:false  F:false
02-28 09:09:50.376 13511 13544 D NavServiceProvider: Second to last stop coordinates: 28.069269, -82.423516
02-28 09:09:50.376 13511 13544 D NavServiceProvider: Setting units automatically
02-28 09:09:50.377 13511 13544 D NavServiceProvider: Detecting stop. distance_d=572.4534. stop_type=1 speed=12.25
02-28 09:09:50.377 13511 13544 D NavigationTest: 923: (28.069195, -82.417693, 12.250000)	R:false  F:false
02-28 09:09:50.377 13511 13544 D NavigationTest: 924: (28.069195, -82.417693, 12.250000)	R:false  F:false
02-28 09:09:50.377 13511 13544 D NavigationTest: 925: (28.069195, -82.417693, 12.250000)	R:false  F:false
02-28 09:09:50.377 13511 13544 D NavServiceProvider: Second to last stop coordinates: 28.069269, -82.423516
02-28 09:09:50.378 13511 13544 D NavServiceProvider: Setting units automatically
02-28 09:09:50.379 13511 13544 D NavServiceProvider: Detecting stop. distance_d=559.1813. stop_type=1 speed=12.28
02-28 09:09:50.379 13511 13544 D NavigationTest: 926: (28.069197, -82.417828, 12.280000)	R:false  F:false
02-28 09:09:50.379 13511 13544 D NavigationTest: 927: (28.069197, -82.417828, 12.280000)	R:false  F:false
02-28 09:09:50.379 13511 13544 D NavigationTest: 928: (28.069197, -82.417828, 12.280000)	R:false  F:false
02-28 09:09:50.379 13511 13544 D NavServiceProvider: Second to last stop coordinates: 28.069269, -82.423516
02-28 09:09:50.379 13511 13544 D NavServiceProvider: Setting units automatically
02-28 09:09:50.380 13511 13544 D NavServiceProvider: Detecting stop. distance_d=547.27325. stop_type=1 speed=12.6
02-28 09:09:50.380 13511 13544 D NavigationTest: 929: (28.069207, -82.417949, 12.600000)	R:false  F:false
02-28 09:09:50.380 13511 13544 D NavigationTest: 930: (28.069207, -82.417949, 12.600000)	R:false  F:false
02-28 09:09:50.380 13511 13544 D NavigationTest: 931: (28.069207, -82.417949, 12.600000)	R:false  F:false
02-28 09:09:50.380 13511 13544 D NavServiceProvider: Second to last stop coordinates: 28.069269, -82.423516
02-28 09:09:50.381 13511 13544 D NavServiceProvider: Setting units automatically
02-28 09:09:50.382 13511 13544 D NavServiceProvider: Detecting stop. distance_d=533.98737. stop_type=1 speed=12.78
02-28 09:09:50.382 13511 13544 D NavigationTest: 932: (28.069220, -82.418084, 12.780000)	R:false  F:false
02-28 09:09:50.382 13511 13544 D NavigationTest: 933: (28.069220, -82.418084, 12.780000)	R:false  F:false
02-28 09:09:50.382 13511 13544 D NavServiceProvider: Second to last stop coordinates: 28.069269, -82.423516
02-28 09:09:50.382 13511 13544 D NavServiceProvider: Setting units automatically
02-28 09:09:50.383 13511 13544 D NavServiceProvider: Detecting stop. distance_d=522.1094. stop_type=1 speed=12.73
02-28 09:09:50.383 13511 13544 D NavigationTest: 934: (28.069208, -82.418205, 12.730000)	R:false  F:false
02-28 09:09:50.383 13511 13544 D NavigationTest: 935: (28.069208, -82.418205, 12.730000)	R:false  F:false
02-28 09:09:50.383 13511 13544 D NavigationTest: 936: (28.069208, -82.418205, 12.730000)	R:false  F:false
02-28 09:09:50.383 13511 13544 D NavServiceProvider: Second to last stop coordinates: 28.069269, -82.423516
02-28 09:09:50.384 13511 13544 D NavServiceProvider: Setting units automatically
02-28 09:09:50.384 13511 13544 D NavServiceProvider: Detecting stop. distance_d=507.03897. stop_type=1 speed=13.56
02-28 09:09:50.385 13511 13544 D NavigationTest: 937: (28.069236, -82.418358, 13.560000)	R:false  F:false
02-28 09:09:50.385 13511 13544 D NavigationTest: 938: (28.069236, -82.418358, 13.560000)	R:false  F:false
02-28 09:09:50.385 13511 13544 D NavServiceProvider: Second to last stop coordinates: 28.069269, -82.423516
02-28 09:09:50.385 13511 13544 D NavServiceProvider: Setting units automatically
02-28 09:09:50.386 13511 13544 D NavServiceProvider: Detecting stop. distance_d=494.0594. stop_type=1 speed=13.5
02-28 09:09:50.386 13511 13544 D NavigationTest: 939: (28.069242, -82.418490, 13.500000)	R:false  F:false
02-28 09:09:50.386 13511 13544 D NavigationTest: 940: (28.069242, -82.418490, 13.500000)	R:false  F:false
02-28 09:09:50.386 13511 13544 D NavigationTest: 941: (28.069242, -82.418490, 13.500000)	R:false  F:false
02-28 09:09:50.386 13511 13544 D NavServiceProvider: Second to last stop coordinates: 28.069269, -82.423516
02-28 09:09:50.386 13511 13544 D NavServiceProvider: Setting units automatically
02-28 09:09:50.387 13511 13544 D NavServiceProvider: Detecting stop. distance_d=480.70993. stop_type=1 speed=13.37
02-28 09:09:50.387 13511 13544 D NavigationTest: 942: (28.069222, -82.418626, 13.370000)	R:false  F:false
02-28 09:09:50.387 13511 13544 D NavigationTest: 943: (28.069222, -82.418626, 13.370000)	R:false  F:false
02-28 09:09:50.388 13511 13544 D NavServiceProvider: Second to last stop coordinates: 28.069269, -82.423516
02-28 09:09:50.388 13511 13544 D NavServiceProvider: Setting units automatically
02-28 09:09:50.389 13511 13544 D NavServiceProvider: Detecting stop. distance_d=466.7367. stop_type=1 speed=13.68
02-28 09:09:50.389 13511 13544 D NavigationTest: 944: (28.069237, -82.418768, 13.680000)	R:false  F:false
02-28 09:09:50.389 13511 13544 D NavigationTest: 945: (28.069237, -82.418768, 13.680000)	R:false  F:false
02-28 09:09:50.389 13511 13544 D NavigationTest: 946: (28.069237, -82.418768, 13.680000)	R:false  F:false
02-28 09:09:50.389 13511 13544 D NavServiceProvider: Second to last stop coordinates: 28.069269, -82.423516
02-28 09:09:50.389 13511 13544 D NavServiceProvider: Setting units automatically
02-28 09:09:50.390 13511 13544 D NavServiceProvider: Detecting stop. distance_d=452.67365. stop_type=1 speed=13.64
02-28 09:09:50.390 13511 13544 D NavigationTest: 947: (28.069246, -82.418911, 13.640000)	R:false  F:false
02-28 09:09:50.391 13511 13544 D NavigationTest: 948: (28.069246, -82.418911, 13.640000)	R:false  F:false
02-28 09:09:50.391 13511 13544 D NavigationTest: 949: (28.069246, -82.418911, 13.640000)	R:false  F:false
02-28 09:09:50.391 13511 13544 D NavServiceProvider: Second to last stop coordinates: 28.069269, -82.423516
02-28 09:09:50.391 13511 13544 D NavServiceProvider: Setting units automatically
02-28 09:09:50.392 13511 13544 D NavServiceProvider: Detecting stop. distance_d=439.3046. stop_type=1 speed=13.49
02-28 09:09:50.392 13511 13544 D NavigationTest: 950: (28.069247, -82.419047, 13.490000)	R:false  F:false
02-28 09:09:50.392 13511 13544 D NavigationTest: 951: (28.069247, -82.419047, 13.490000)	R:false  F:false
02-28 09:09:50.392 13511 13544 D NavServiceProvider: Second to last stop coordinates: 28.069269, -82.423516
02-28 09:09:50.392 13511 13544 D NavServiceProvider: Setting units automatically
02-28 09:09:50.393 13511 13544 D NavServiceProvider: Detecting stop. distance_d=425.7358. stop_type=1 speed=13.78
02-28 09:09:50.393 13511 13544 D NavigationTest: 952: (28.069254, -82.419185, 13.780000)	R:false  F:false
02-28 09:09:50.394 13511 13544 D NavigationTest: 953: (28.069254, -82.419185, 13.780000)	R:false  F:false
02-28 09:09:50.394 13511 13544 D NavigationTest: 954: (28.069254, -82.419185, 13.780000)	R:false  F:false
02-28 09:09:50.394 13511 13544 D NavServiceProvider: Second to last stop coordinates: 28.069269, -82.423516
02-28 09:09:50.394 13511 13544 D NavServiceProvider: Setting units automatically
02-28 09:09:50.395 13511 13544 D NavServiceProvider: Detecting stop. distance_d=412.464. stop_type=1 speed=13.8
02-28 09:09:50.395 13511 13544 D NavigationTest: 955: (28.069258, -82.419320, 13.800000)	R:false  F:false
02-28 09:09:50.395 13511 13544 D NavigationTest: 956: (28.069258, -82.419320, 13.800000)	R:false  F:false
02-28 09:09:50.395 13511 13544 D NavigationTest: 957: (28.069258, -82.419320, 13.800000)	R:false  F:false
02-28 09:09:50.395 13511 13544 D NavServiceProvider: Second to last stop coordinates: 28.069269, -82.423516
02-28 09:09:50.395 13511 13544 D NavServiceProvider: Setting units automatically
02-28 09:09:50.396 13511 13544 D NavServiceProvider: Detecting stop. distance_d=398.2101. stop_type=1 speed=14.01
02-28 09:09:50.396 13511 13544 D NavigationTest: 958: (28.069260, -82.419465, 14.010000)	R:false  F:false
02-28 09:09:50.397 13511 13544 D NavigationTest: 959: (28.069260, -82.419465, 14.010000)	R:false  F:false
02-28 09:09:50.397 13511 13544 D NavigationTest: 960: (28.069260, -82.419465, 14.010000)	R:false  F:false
02-28 09:09:50.397 13511 13544 D NavigationTest: 961: (28.069260, -82.419465, 14.010000)	R:false  F:false
02-28 09:09:50.397 13511 13544 D NavServiceProvider: Second to last stop coordinates: 28.069269, -82.423516
02-28 09:09:50.397 13511 13544 D NavServiceProvider: Setting units automatically
02-28 09:09:50.398 13511 13544 D NavServiceProvider: Detecting stop. distance_d=384.6449. stop_type=1 speed=13.63
02-28 09:09:50.398 13511 13544 D NavigationTest: 962: (28.069260, -82.419603, 13.630000)	R:false  F:false
02-28 09:09:50.398 13511 13544 D NavigationTest: 963: (28.069260, -82.419603, 13.630000)	R:false  F:false
02-28 09:09:50.398 13511 13544 D NavigationTest: 964: (28.069260, -82.419603, 13.630000)	R:false  F:false
02-28 09:09:50.398 13511 13544 D NavServiceProvider: Second to last stop coordinates: 28.069269, -82.423516
02-28 09:09:50.398 13511 13544 D NavServiceProvider: Setting units automatically
02-28 09:09:50.400 13511 13544 D NavServiceProvider: Detecting stop. distance_d=370.29202. stop_type=1 speed=14.06
02-28 09:09:50.400 13511 13544 D NavigationTest: 965: (28.069267, -82.419749, 14.060000)	R:false  F:false
02-28 09:09:50.400 13511 13544 D NavigationTest: 966: (28.069267, -82.419749, 14.060000)	R:false  F:false
02-28 09:09:50.400 13511 13544 D NavigationTest: 967: (28.069267, -82.419749, 14.060000)	R:false  F:false
02-28 09:09:50.400 13511 13544 D NavServiceProvider: Second to last stop coordinates: 28.069269, -82.423516
02-28 09:09:50.400 13511 13544 D NavServiceProvider: Setting units automatically
02-28 09:09:50.401 13511 13544 D NavServiceProvider: Detecting stop. distance_d=356.33414. stop_type=1 speed=14.04
02-28 09:09:50.401 13511 13544 D NavigationTest: 968: (28.069263, -82.419891, 14.040000)	R:false  F:false
02-28 09:09:50.401 13511 13544 D NavigationTest: 969: (28.069263, -82.419891, 14.040000)	R:false  F:false
02-28 09:09:50.401 13511 13544 D NavServiceProvider: Second to last stop coordinates: 28.069269, -82.423516
02-28 09:09:50.402 13511 13544 D NavServiceProvider: Setting units automatically
02-28 09:09:50.403 13511 13544 D NavServiceProvider: Detecting stop. distance_d=343.26065. stop_type=1 speed=13.72
02-28 09:09:50.403 13511 13544 D NavigationTest: 970: (28.069262, -82.420024, 13.720000)	R:false  F:false
02-28 09:09:50.403 13511 13544 D NavigationTest: 971: (28.069262, -82.420024, 13.720000)	R:false  F:false
02-28 09:09:50.403 13511 13544 D NavigationTest: 972: (28.069262, -82.420024, 13.720000)	R:false  F:false
02-28 09:09:50.403 13511 13544 D NavServiceProvider: Second to last stop coordinates: 28.069269, -82.423516
02-28 09:09:50.403 13511 13544 D NavServiceProvider: Setting units automatically
02-28 09:09:50.404 13511 13544 D NavServiceProvider: Detecting stop. distance_d=328.62073. stop_type=1 speed=14.1
02-28 09:09:50.404 13511 13544 D NavigationTest: 973: (28.069249, -82.420173, 14.100000)	R:false  F:false
02-28 09:09:50.404 13511 13544 D NavigationTest: 974: (28.069249, -82.420173, 14.100000)	R:false  F:false
02-28 09:09:50.404 13511 13544 D NavigationTest: 975: (28.069249, -82.420173, 14.100000)	R:false  F:false
02-28 09:09:50.404 13511 13544 D NavServiceProvider: Second to last stop coordinates: 28.069269, -82.423516
02-28 09:09:50.405 13511 13544 D NavServiceProvider: Setting units automatically
02-28 09:09:50.406 13511 13544 D NavServiceProvider: Detecting stop. distance_d=313.2929. stop_type=1 speed=14.5
02-28 09:09:50.406 13511 13544 D NavigationTest: 976: (28.069242, -82.420329, 14.500000)	R:false  F:false
02-28 09:09:50.406 13511 13544 D NavigationTest: 977: (28.069242, -82.420329, 14.500000)	R:false  F:false
02-28 09:09:50.406 13511 13544 D NavigationTest: 978: (28.069242, -82.420329, 14.500000)	R:false  F:false
02-28 09:09:50.406 13511 13544 D NavServiceProvider: Second to last stop coordinates: 28.069269, -82.423516
02-28 09:09:50.406 13511 13544 D NavServiceProvider: Setting units automatically
02-28 09:09:50.407 13511 13544 D NavServiceProvider: Detecting stop. distance_d=299.5234. stop_type=1 speed=14.18
02-28 09:09:50.407 13511 13544 D NavigationTest: 979: (28.069251, -82.420469, 14.180000)	R:false  F:false
02-28 09:09:50.407 13511 13544 D NavigationTest: 980: (28.069251, -82.420469, 14.180000)	R:false  F:false
02-28 09:09:50.407 13511 13544 D NavServiceProvider: Second to last stop coordinates: 28.069269, -82.423516
02-28 09:09:50.407 13511 13544 D NavServiceProvider: Setting units automatically
02-28 09:09:50.408 13511 13544 D NavServiceProvider: Detecting stop. distance_d=284.48566. stop_type=1 speed=14.56
02-28 09:09:50.409 13511 13544 D NavigationTest: 981: (28.069249, -82.420622, 14.560000)	R:false  F:false
02-28 09:09:50.409 13511 13544 D NavigationTest: 982: (28.069249, -82.420622, 14.560000)	R:false  F:false
02-28 09:09:50.409 13511 13544 D NavigationTest: 983: (28.069249, -82.420622, 14.560000)	R:false  F:false
02-28 09:09:50.409 13511 13544 D NavServiceProvider: Second to last stop coordinates: 28.069269, -82.423516
02-28 09:09:50.409 13511 13544 D NavServiceProvider: Setting units automatically
02-28 09:09:50.410 13511 13544 D NavServiceProvider: Detecting stop. distance_d=270.24698. stop_type=1 speed=14.41
02-28 09:09:50.410 13511 13544 D NavigationTest: 984: (28.069237, -82.420767, 14.410000)	R:false  F:false
02-28 09:09:50.410 13511 13544 D NavigationTest: 985: (28.069237, -82.420767, 14.410000)	R:false  F:false
02-28 09:09:50.410 13511 13544 D NavigationTest: 986: (28.069237, -82.420767, 14.410000)	R:false  F:false
02-28 09:09:50.410 13511 13544 D NavServiceProvider: Second to last stop coordinates: 28.069269, -82.423516
02-28 09:09:50.411 13511 13544 D NavServiceProvider: Setting units automatically
02-28 09:09:50.412 13511 13544 D NavServiceProvider: Detecting stop. distance_d=254.91374. stop_type=1 speed=14.58
02-28 09:09:50.412 13511 13544 D NavigationTest: 987: (28.069237, -82.420923, 14.580000)	R:false  F:false
02-28 09:09:50.412 13511 13544 D NavigationTest: 988: (28.069237, -82.420923, 14.580000)	R:false  F:false
02-28 09:09:50.412 13511 13544 D NavServiceProvider: Second to last stop coordinates: 28.069269, -82.423516
02-28 09:09:50.412 13511 13544 D NavServiceProvider: Setting units automatically
02-28 09:09:50.413 13511 13544 D NavServiceProvider: Detecting stop. distance_d=241.53896. stop_type=1 speed=13.74
02-28 09:09:50.413 13511 13544 D NavigationTest: 989: (28.069242, -82.421059, 13.740000)	R:false  F:false
02-28 09:09:50.413 13511 13544 D NavigationTest: 990: (28.069242, -82.421059, 13.740000)	R:false  F:false
02-28 09:09:50.414 13511 13544 D NavigationTest: 991: (28.069242, -82.421059, 13.740000)	R:false  F:false
02-28 09:09:50.414 13511 13544 D NavServiceProvider: Second to last stop coordinates: 28.069269, -82.423516
02-28 09:09:50.414 13511 13544 D NavServiceProvider: Setting units automatically
02-28 09:09:50.415 13511 13544 D NavServiceProvider: Detecting stop. distance_d=227.38655. stop_type=1 speed=13.83
02-28 09:09:50.415 13511 13544 D NavigationTest: 992: (28.069241, -82.421203, 13.830000)	R:false  F:false
02-28 09:09:50.415 13511 13544 D NavigationTest: 993: (28.069241, -82.421203, 13.830000)	R:false  F:false
02-28 09:09:50.415 13511 13544 D NavigationTest: 994: (28.069241, -82.421203, 13.830000)	R:false  F:false
02-28 09:09:50.415 13511 13544 D NavigationTest: 995: (28.069241, -82.421203, 13.830000)	R:false  F:false
02-28 09:09:50.415 13511 13544 D NavServiceProvider: Second to last stop coordinates: 28.069269, -82.423516
02-28 09:09:50.415 13511 13544 D NavServiceProvider: Setting units automatically
02-28 09:09:50.416 13511 13544 D NavServiceProvider: Detecting stop. distance_d=213.53111. stop_type=1 speed=14.14
02-28 09:09:50.416 13511 13544 D NavigationTest: 996: (28.069239, -82.421344, 14.140000)	R:false  F:false
02-28 09:09:50.417 13511 13544 D NavigationTest: 997: (28.069239, -82.421344, 14.140000)	R:false  F:false
02-28 09:09:50.417 13511 13544 D NavigationTest: 998: (28.069239, -82.421344, 14.140000)	R:false  F:false
02-28 09:09:50.417 13511 13544 D NavServiceProvider: Second to last stop coordinates: 28.069269, -82.423516
02-28 09:09:50.417 13511 13544 D NavServiceProvider: Setting units automatically
02-28 09:09:50.418 13511 13544 D NavServiceProvider: Detecting stop. distance_d=200.1642. stop_type=1 speed=13.94
02-28 09:09:50.418 13511 13544 D NavigationTest: 999: (28.069239, -82.421480, 13.940000)	R:false  F:false
02-28 09:09:50.418 13511 13544 D NavigationTest: 1000: (28.069239, -82.421480, 13.940000)	R:false  F:false
02-28 09:09:50.418 13511 13544 D NavServiceProvider: Second to last stop coordinates: 28.069269, -82.423516
02-28 09:09:50.418 13511 13544 D NavServiceProvider: Setting units automatically
02-28 09:09:50.420 13579 13616 D AudioTrack: stop(187): called with 15616 frames delivered
02-28 09:09:50.421 13579 13612 I SynthesisCache: streamCachedRequest call to callback.audioAvailable failed: -1
02-28 09:09:50.422 13579 13612 I GoogleTTSServiceImpl: Synthesis request for locale eng-USA and name en-US-language
02-28 09:09:50.422 13511 13544 D NavServiceProvider: -----Get ready!
02-28 09:09:50.422  2666  3413 D Avrcp_ext: AudioManager Player: ID:23 -- type:android.media.SoundPool -- u/pid:10126/2688 -- state:idle -- attr:AudioAttributes: usage=USAGE_ASSISTANCE_SONIFICATION content=CONTENT_TYPE_SONIFICATION flags=0x800 tags= bundle=null
02-28 09:09:50.422  2666  3413 D Avrcp_ext: AudioManager Player: ID:15 -- type:android.media.SoundPool -- u/pid:1000/1493 -- state:idle -- attr:AudioAttributes: usage=USAGE_ASSISTANCE_SONIFICATION content=CONTENT_TYPE_SONIFICATION flags=0x800 tags= bundle=null
02-28 09:09:50.422  2666  3413 D Avrcp_ext: AudioManager Player: ID:1343 -- type:android.media.AudioTrack -- u/pid:10088/13579 -- state:stopped -- attr:AudioAttributes: usage=USAGE_MEDIA content=CONTENT_TYPE_SPEECH flags=0x800 tags= bundle=null
02-28 09:09:50.422  2666  3413 D Avrcp_ext: AudioManager isPlaying: false
02-28 09:09:50.422  2666  3413 V Avrcp_ext: updateCurrentMediaState: mMediaController: null
02-28 09:09:50.422 13511 13544 D NavigationTest: 1001: (28.069238, -82.421624, 14.460000)	R:true  F:false
02-28 09:09:50.423 13511 13544 D NavServiceProvider: Second to last stop coordinates: 28.069269, -82.423516
02-28 09:09:50.423 13511 13544 D NavServiceProvider: Setting units automatically
02-28 09:09:50.423 13579 13612 I GoogleTTSServiceImpl: TTS dispatch: en-us-x-iog-seanet-embedded
02-28 09:09:50.424 13511 13544 D NavServiceProvider: Detecting stop. distance_d=186.01328. stop_type=1 speed=14.46
02-28 09:09:50.424 13511 13544 D NavigationTest: 1001: (28.069238, -82.421624, 14.460000)	R:true  F:false
02-28 09:09:50.424 13511 13544 D NavigationTest: 1002: (28.069238, -82.421624, 14.460000)	R:true  F:false
02-28 09:09:50.424 13511 13544 D NavigationTest: 1003: (28.069238, -82.421624, 14.460000)	R:true  F:false
02-28 09:09:50.424 13511 13544 D NavServiceProvider: Second to last stop coordinates: 28.069269, -82.423516
02-28 09:09:50.425 13511 13544 D NavServiceProvider: Setting units automatically
02-28 09:09:50.426 13511 13544 D NavServiceProvider: Detecting stop. distance_d=171.57059. stop_type=1 speed=14.53
02-28 09:09:50.426 13511 13544 D NavigationTest: 1004: (28.069236, -82.421771, 14.530000)	R:true  F:false
02-28 09:09:50.426 13511 13544 D NavigationTest: 1005: (28.069236, -82.421771, 14.530000)	R:true  F:false
02-28 09:09:50.426 13511 13544 D NavServiceProvider: Second to last stop coordinates: 28.069269, -82.423516
02-28 09:09:50.427 13511 13544 D NavServiceProvider: Setting units automatically
02-28 09:09:50.428 13511 13544 D NavServiceProvider: Detecting stop. distance_d=157.21996. stop_type=1 speed=14.39
02-28 09:09:50.428  2666  3413 V Avrcp_ext: isMusicActive: true getBluetoothPlayState: 2
02-28 09:09:50.428  2666  3413 V Avrcp_ext: updateCurrentMediaState: isPlaying = false
02-28 09:09:50.428 13511 13544 D NavigationTest: 1006: (28.069237, -82.421917, 14.390000)	R:true  F:false
02-28 09:09:50.428  2666  3413 V Avrcp_ext: Media update: id -1➡-1? [MediaAttributes: none] : [MediaAttributes: none]
02-28 09:09:50.428 13511 13544 D NavigationTest: 1007: (28.069237, -82.421917, 14.390000)	R:true  F:false
02-28 09:09:50.428  2666  3413 V Avrcp_ext: newPlayStatus:2mReportedPlayStatus:-1
02-28 09:09:50.428 13511 13544 D NavigationTest: 1008: (28.069237, -82.421917, 14.390000)	R:true  F:false
02-28 09:09:50.428 13511 13544 D NavServiceProvider: Second to last stop coordinates: 28.069269, -82.423516
02-28 09:09:50.428  2666  3413 V Avrcp_ext: updatePlaybackState, state: PlaybackState {state=2, position=-1, buffered position=0, speed=0.0, updated=1793759, actions=0, custom actions=[], active item id=-1, error=null} device: null
02-28 09:09:50.428  2666  3413 V Avrcp_ext: Device: no name:
02-28 09:09:50.428  2666  3413 I chatty  : uid=1002(bluetooth) BluetoothAvrcpH identical 3 lines
02-28 09:09:50.428  2666  3413 V Avrcp_ext: Device: no name:
02-28 09:09:50.428  2666  3413 V Avrcp_ext: updatePlayerStateAndPosition, old=PlaybackState {state=2, position=-1, buffered position=0, speed=0.0, updated=1793183, actions=0, custom actions=[], active item id=-1, error=null}, state=PlaybackState {state=2, position=-1, buffered position=0, speed=0.0, updated=1793759, actions=0, custom actions=[], active item id=-1, error=null}
02-28 09:09:50.428  2666  3413 V Avrcp_ext: old state = PlaybackState {state=2, position=-1, buffered position=0, speed=0.0, updated=1793183, actions=0, custom actions=[], active item id=-1, error=null}, new state= PlaybackState {state=2, position=-1, buffered position=0, speed=0.0, updated=1793759, actions=0, custom actions=[], active item id=-1, error=null}
02-28 09:09:50.428  2666  3413 D HeadsetService: getHeadsetService(): returning com.android.bluetooth.hfp.HeadsetService@8a04d28
02-28 09:09:50.429 13511 13544 D NavServiceProvider: Setting units automatically
02-28 09:09:50.429  2666  3413 D HeadsetService:  isAudioOn: The number of audio connected devices 0
02-28 09:09:50.429  2666  3413 D HeadsetService: isScoOrCallActive(): Call Active:falseCall is Ringing:falseSCO is Active:false
02-28 09:09:50.429  2666  3413 D HeadsetService:  isAudioOn: The number of audio connected devices 0
02-28 09:09:50.429  2666  3413 I Avrcp_ext: updatePlayStatusForDevice: device: null
02-28 09:09:50.429  2666  3413 V Avrcp_ext: updatePlaybackState (1): old=PlaybackState {state=2, position=-1, buffered position=0, speed=0.0, updated=1793183, actions=0, custom actions=[], active item id=-1, error=null}(2), new=PlaybackState {state=2, position=-1, buffered position=0, speed=0.0, updated=1793759, actions=0, custom actions=[], active item id=-1, error=null}(2)
02-28 09:09:50.429  2666  3413 I Avrcp_ext: Exit updatePlayStatusForDevice
02-28 09:09:50.429  2666  3413 D HeadsetService:  isAudioOn: The number of audio connected devices 0
02-28 09:09:50.430  2666  3413 D HeadsetService: isScoOrCallActive(): Call Active:falseCall is Ringing:falseSCO is Active:false
02-28 09:09:50.430  2666  3413 D HeadsetService:  isAudioOn: The number of audio connected devices 0
02-28 09:09:50.430  2666  3413 I Avrcp_ext: updatePlayStatusForDevice: device: null
02-28 09:09:50.430  2666  3413 V Avrcp_ext: updatePlaybackState (1): old=PlaybackState {state=2, position=-1, buffered position=0, speed=0.0, updated=1793183, actions=0, custom actions=[], active item id=-1, error=null}(2), new=PlaybackState {state=2, position=-1, buffered position=0, speed=0.0, updated=1793759, actions=0, custom actions=[], active item id=-1, error=null}(2)
02-28 09:09:50.430  2666  3413 I Avrcp_ext: Exit updatePlayStatusForDevice
02-28 09:09:50.430 13511 13544 D NavServiceProvider: Detecting stop. distance_d=145.90189. stop_type=1 speed=12.92
02-28 09:09:50.430  2666  3413 D HeadsetService:  isAudioOn: The number of audio connected devices 0
02-28 09:09:50.430  2666  3413 D HeadsetService: isScoOrCallActive(): Call Active:falseCall is Ringing:falseSCO is Active:false
02-28 09:09:50.430 13511 13544 D NavigationTest: 1009: (28.069244, -82.422032, 12.920000)	R:true  F:false
02-28 09:09:50.430 13511 13544 D NavigationTest: 1010: (28.069244, -82.422032, 12.920000)	R:true  F:false
02-28 09:09:50.430 13511 13544 D NavServiceProvider: Second to last stop coordinates: 28.069269, -82.423516
02-28 09:09:50.430  2666  3413 D HeadsetService:  isAudioOn: The number of audio connected devices 0
02-28 09:09:50.430  2666  3413 I Avrcp_ext: updatePlayStatusForDevice: device: null
02-28 09:09:50.430  2666  3413 V Avrcp_ext: updatePlaybackState (1): old=PlaybackState {state=2, position=-1, buffered position=0, speed=0.0, updated=1793183, actions=0, custom actions=[], active item id=-1, error=null}(2), new=PlaybackState {state=2, position=-1, buffered position=0, speed=0.0, updated=1793759, actions=0, custom actions=[], active item id=-1, error=null}(2)
02-28 09:09:50.430  2666  3413 I Avrcp_ext: Exit updatePlayStatusForDevice
02-28 09:09:50.431 13511 13544 D NavServiceProvider: Setting units automatically
02-28 09:09:50.431  2666  3413 D HeadsetService:  isAudioOn: The number of audio connected devices 0
02-28 09:09:50.432  2666  3413 D HeadsetService: isScoOrCallActive(): Call Active:falseCall is Ringing:falseSCO is Active:false
02-28 09:09:50.432 13511 13544 D NavServiceProvider: Detecting stop. distance_d=131.07748. stop_type=1 speed=13.98
02-28 09:09:50.432 13511 13544 D NavigationTest: 1011: (28.069238, -82.422183, 13.980000)	R:true  F:false
02-28 09:09:50.432  2666  3413 D HeadsetService:  isAudioOn: The number of audio connected devices 0
02-28 09:09:50.432 13511 13544 D NavigationTest: 1012: (28.069238, -82.422183, 13.980000)	R:true  F:false
02-28 09:09:50.432  2666  3413 I Avrcp_ext: updatePlayStatusForDevice: device: null
02-28 09:09:50.432 13511 13544 D NavigationTest: 1013: (28.069238, -82.422183, 13.980000)	R:true  F:false
02-28 09:09:50.432 13511 13544 D NavServiceProvider: Second to last stop coordinates: 28.069269, -82.423516
02-28 09:09:50.432  2666  3413 V Avrcp_ext: updatePlaybackState (1): old=PlaybackState {state=2, position=-1, buffered position=0, speed=0.0, updated=1793183, actions=0, custom actions=[], active item id=-1, error=null}(2), new=PlaybackState {state=2, position=-1, buffered position=0, speed=0.0, updated=1793759, actions=0, custom actions=[], active item id=-1, error=null}(2)
02-28 09:09:50.432  2666  3413 I Avrcp_ext: Exit updatePlayStatusForDevice
02-28 09:09:50.433 13511 13544 D NavServiceProvider: Setting units automatically
02-28 09:09:50.434 13511 13544 D NavServiceProvider: Detecting stop. distance_d=118.60152. stop_type=1 speed=13.12
02-28 09:09:50.434 13511 13544 D NavigationTest: 1014: (28.069237, -82.422310, 13.120000)	R:true  F:false
02-28 09:09:50.434 13511 13544 D NavigationTest: 1015: (28.069237, -82.422310, 13.120000)	R:true  F:false
02-28 09:09:50.434 13511 13544 D NavServiceProvider: Second to last stop coordinates: 28.069269, -82.423516
02-28 09:09:50.434 13511 13544 D NavServiceProvider: Setting units automatically
02-28 09:09:50.434  2666  3413 D HeadsetService:  isAudioOn: The number of audio connected devices 0
02-28 09:09:50.435  2666  3413 D HeadsetService: isScoOrCallActive(): Call Active:falseCall is Ringing:falseSCO is Active:false
02-28 09:09:50.435  2666  3413 D HeadsetService:  isAudioOn: The number of audio connected devices 0
02-28 09:09:50.435  2666  3413 I Avrcp_ext: updatePlayStatusForDevice: device: null
02-28 09:09:50.435  2666  3413 V Avrcp_ext: updatePlaybackState (1): old=PlaybackState {state=2, position=-1, buffered position=0, speed=0.0, updated=1793183, actions=0, custom actions=[], active item id=-1, error=null}(2), new=PlaybackState {state=2, position=-1, buffered position=0, speed=0.0, updated=1793759, actions=0, custom actions=[], active item id=-1, error=null}(2)
02-28 09:09:50.435  2666  3413 I Avrcp_ext: Exit updatePlayStatusForDevice
02-28 09:09:50.435  2666  3413 D Avrcp_ext: Enter sendPlayPosNotificationRsp
02-28 09:09:50.435  2666  3413 D Avrcp_ext: sendPlayPosNotificationRsp: Not registered or requesting.
02-28 09:09:50.435  2666  3413 D Avrcp_ext: Enter sendPlayPosNotificationRsp
02-28 09:09:50.435  2666  3413 D Avrcp_ext: sendPlayPosNotificationRsp: Not registered or requesting.
02-28 09:09:50.435  2666  3413 D Avrcp_ext: Enter sendPlayPosNotificationRsp
02-28 09:09:50.435  2666  3413 D Avrcp_ext: sendPlayPosNotificationRsp: Not registered or requesting.
02-28 09:09:50.435  2666  3413 D Avrcp_ext: Enter sendPlayPosNotificationRsp
02-28 09:09:50.435  2666  3413 D Avrcp_ext: sendPlayPosNotificationRsp: Not registered or requesting.
02-28 09:09:50.435  2666  3413 D Avrcp_ext: Enter sendPlayPosNotificationRsp
02-28 09:09:50.435  2666  3413 D Avrcp_ext: sendPlayPosNotificationRsp: Not registered or requesting.
02-28 09:09:50.435  2666  3413 V Avrcp_ext: Exit updatePlayerStateAndPosition
02-28 09:09:50.435  2666  3413 D Avrcp_ext: AudioManager Player: ID:23 -- type:android.media.SoundPool -- u/pid:10126/2688 -- state:idle -- attr:AudioAttributes: usage=USAGE_ASSISTANCE_SONIFICATION content=CONTENT_TYPE_SONIFICATION flags=0x800 tags= bundle=null
02-28 09:09:50.435  2666  3413 D Avrcp_ext: AudioManager Player: ID:15 -- type:android.media.SoundPool -- u/pid:1000/1493 -- state:idle -- attr:AudioAttributes: usage=USAGE_ASSISTANCE_SONIFICATION content=CONTENT_TYPE_SONIFICATION flags=0x800 tags= bundle=null
02-28 09:09:50.435  2666  3413 D Avrcp_ext: AudioManager isPlaying: false
02-28 09:09:50.435 13511 13544 D NavServiceProvider: Detecting stop. distance_d=104.98817. stop_type=1 speed=13.07
02-28 09:09:50.435 13511 13544 D NavigationTest: 1016: (28.069227, -82.422449, 13.070000)	R:true  F:false
02-28 09:09:50.435 13511 13544 D NavigationTest: 1017: (28.069227, -82.422449, 13.070000)	R:true  F:false
02-28 09:09:50.435 13511 13544 D NavigationTest: 1018: (28.069227, -82.422449, 13.070000)	R:true  F:false
02-28 09:09:50.436 13511 13544 D NavServiceProvider: Second to last stop coordinates: 28.069269, -82.423516
02-28 09:09:50.436 13511 13544 D NavServiceProvider: Setting units automatically
02-28 09:09:50.437 13511 13544 D NavServiceProvider: Detecting stop. distance_d=92.928085. stop_type=1 speed=12.32
02-28 09:09:50.437 13511 13544 D NavServiceProvider: Case 1: false
02-28 09:09:50.437 13511 13544 D NavigationTest: 1019: (28.069224, -82.422572, 12.320000)	R:true  F:false
02-28 09:09:50.437 13511 13544 D NavigationTest: 1020: (28.069224, -82.422572, 12.320000)	R:true  F:false
02-28 09:09:50.437 13511 13544 D NavigationTest: 1021: (28.069224, -82.422572, 12.320000)	R:true  F:false
02-28 09:09:50.437 13511 13544 D NavServiceProvider: Second to last stop coordinates: 28.069269, -82.423516
02-28 09:09:50.437 13511 13544 D NavServiceProvider: Setting units automatically
02-28 09:09:50.438 13511 13544 D NavServiceProvider: Detecting stop. distance_d=78.51719. stop_type=1 speed=12.83
02-28 09:09:50.438 13511 13544 D NavigationTest: 1022: (28.069222, -82.422719, 12.830000)	R:true  F:false
02-28 09:09:50.439 13511 13544 D NavigationTest: 1023: (28.069222, -82.422719, 12.830000)	R:true  F:false
02-28 09:09:50.439 13511 13544 D NavigationTest: 1024: (28.069222, -82.422719, 12.830000)	R:true  F:false
02-28 09:09:50.439 13511 13544 D NavServiceProvider: Second to last stop coordinates: 28.069269, -82.423516
02-28 09:09:50.439 13511 13544 D NavServiceProvider: Setting units automatically
02-28 09:09:50.440 13511 13544 D NavServiceProvider: Detecting stop. distance_d=67.04321. stop_type=1 speed=12.11
02-28 09:09:50.440 13511 13544 D NavigationTest: 1025: (28.069212, -82.422837, 12.110000)	R:true  F:false
02-28 09:09:50.440 13511 13544 D NavigationTest: 1026: (28.069212, -82.422837, 12.110000)	R:true  F:false
02-28 09:09:50.440 13511 13544 D NavigationTest: 1027: (28.069212, -82.422837, 12.110000)	R:true  F:false
02-28 09:09:50.440 13511 13544 D NavigationTest: 1028: (28.069212, -82.422837, 12.110000)	R:true  F:false
02-28 09:09:50.441 13511 13544 D NavServiceProvider: Second to last stop coordinates: 28.069269, -82.423516
02-28 09:09:50.441 13511 13544 D NavServiceProvider: Setting units automatically
02-28 09:09:50.443 13511 13544 D NavServiceProvider: Detecting stop. distance_d=55.18841. stop_type=1 speed=12.45
02-28 09:09:50.443 13511 13544 D NavigationTest: 1029: (28.069214, -82.422958, 12.450000)	R:true  F:false
02-28 09:09:50.443 13511 13544 D NavigationTest: 1030: (28.069214, -82.422958, 12.450000)	R:true  F:false
02-28 09:09:50.443 13511 13544 D NavigationTest: 1031: (28.069214, -82.422958, 12.450000)	R:true  F:false
02-28 09:09:50.443 13511 13544 D NavServiceProvider: Second to last stop coordinates: 28.069269, -82.423516
02-28 09:09:50.443 13511 13544 D NavServiceProvider: Setting units automatically
02-28 09:09:50.445 13511 13544 D NavServiceProvider: Detecting stop. distance_d=42.693073. stop_type=1 speed=12.68
02-28 09:09:50.445 13511 13544 D NavServiceProvider: Case 2: false
02-28 09:09:50.445 13511 13544 D NavigationTest: 1032: (28.069239, -82.423083, 12.680000)	R:true  F:false
02-28 09:09:50.445 13511 13544 D NavigationTest: 1033: (28.069239, -82.423083, 12.680000)	R:true  F:false
02-28 09:09:50.445 13511 13544 D NavServiceProvider: Second to last stop coordinates: 28.069269, -82.423516
02-28 09:09:50.445 13511 13544 D NavServiceProvider: Setting units automatically
02-28 09:09:50.447 13511 13544 D NavServiceProvider: Detecting stop. distance_d=36.64838. stop_type=1 speed=9.9
02-28 09:09:50.447 13511 13544 D NavigationTest: 1034: (28.069247, -82.423144, 9.900000)	R:true  F:false
02-28 09:09:50.447 13511 13544 D NavigationTest: 1035: (28.069247, -82.423144, 9.900000)	R:true  F:false
02-28 09:09:50.447 13511 13544 D NavigationTest: 1036: (28.069247, -82.423144, 9.900000)	R:true  F:false
02-28 09:09:50.447 13511 13544 D NavServiceProvider: Second to last stop coordinates: 28.069269, -82.423516
02-28 09:09:50.447 13511 13544 D NavServiceProvider: Setting units automatically
02-28 09:09:50.449 13511 13544 D NavServiceProvider: Detecting stop. distance_d=26.806515. stop_type=1 speed=10.65
02-28 09:09:50.449 13511 13544 D NavigationTest: 1037: (28.069296, -82.423245, 10.650000)	R:true  F:false
02-28 09:09:50.449 13511 13544 D NavigationTest: 1038: (28.069296, -82.423245, 10.650000)	R:true  F:false
02-28 09:09:50.449 13511 13544 D NavigationTest: 1039: (28.069296, -82.423245, 10.650000)	R:true  F:false
02-28 09:09:50.449 13511 13544 D NavServiceProvider: Second to last stop coordinates: 28.069269, -82.423516
02-28 09:09:50.449 13511 13544 D NavServiceProvider: Setting units automatically
02-28 09:09:50.450 13511 13544 D NavServiceProvider: Detecting stop. distance_d=18.137997. stop_type=1 speed=10.17
02-28 09:09:50.450 13511 13544 D NavServiceProvider: Case 3: false
02-28 09:09:50.450 13511 13544 D NavigationTest: 1040: (28.069305, -82.423336, 10.170000)	R:true  F:false
02-28 09:09:50.450 13511 13544 D NavigationTest: 1041: (28.069305, -82.423336, 10.170000)	R:true  F:false
02-28 09:09:50.451 13511 13544 D NavServiceProvider: Second to last stop coordinates: 28.069269, -82.423516
02-28 09:09:50.451 13511 13544 D NavServiceProvider: Setting units automatically
02-28 09:09:50.452 13511 13544 D NavServiceProvider: Detecting stop. distance_d=13.650293. stop_type=1 speed=9.91
02-28 09:09:50.452 13511 13544 D NavServiceProvider: Case 4: false
02-28 09:09:50.452 13511 13544 D NavigationTest: 1042: (28.069358, -82.423420, 9.910000)	R:true  F:false
02-28 09:09:50.452 13511 13544 D NavigationTest: 1043: (28.069358, -82.423420, 9.910000)	R:true  F:false
02-28 09:09:50.452 13511 13544 D NavigationTest: 1044: (28.069358, -82.423420, 9.910000)	R:true  F:false
02-28 09:09:50.452 13511 13544 D NavServiceProvider: Second to last stop coordinates: 28.069269, -82.423516
02-28 09:09:50.453 13511 13544 D NavServiceProvider: Setting units automatically
02-28 09:09:50.454 13511 13544 D NavServiceProvider: Detecting stop. distance_d=18.597475. stop_type=1 speed=9.48
02-28 09:09:50.454 13511 13544 D NavigationTest: 1045: (28.069432, -82.423471, 9.480000)	R:true  F:false
02-28 09:09:50.454 13511 13544 D NavigationTest: 1046: (28.069432, -82.423471, 9.480000)	R:true  F:false
02-28 09:09:50.454 13511 13544 D NavigationTest: 1047: (28.069432, -82.423471, 9.480000)	R:true  F:false
02-28 09:09:50.454 13511 13544 D NavServiceProvider: Second to last stop coordinates: 28.069269, -82.423516
02-28 09:09:50.454 13511 13544 D NavServiceProvider: Setting units automatically
02-28 09:09:50.456 13511 13544 D NavServiceProvider: Detecting stop. distance_d=21.992388. stop_type=1 speed=7.87
02-28 09:09:50.456 13511 13544 D NavServiceProvider: Case 5: true
02-28 09:09:50.456 13511 13544 D NavServiceProvider: Proximity Event fired
