02-28 09:09:34.789 13511 13544 D NavServiceProvider: Detecting stop. distance_d=1460.8274. stop_type=1 speed=10.659502
02-28 09:09:34.789 13511 13544 D NavigationTest: 162: (28.037382, -82.541936, 10.659502)	R:false  F:false
02-28 09:09:34.789 13511 13544 D NavigationTest: 163: (28.037382, -82.541936, 10.659502)	R:false  F:false
02-28 09:09:34.789 13511 13544 D NavServiceProvider: Second to last stop coordinates: 28.024847, -82.537339
02-28 09:09:34.790 13511 13544 D NavServiceProvider: Setting units automatically
02-28 09:09:34.791 13511 13544 D NavServiceProvider: Detecting stop. distance_d=1450.684. stop_type=1 speed=10.651521
02-28 09:09:34.791 13511 13544 D NavigationTest: 164: (28.037286, -82.541935, 10.651521)	R:false  F:false
02-28 09:09:34.791 13511 13544 D NavServiceProvider: Second to last stop coordinates: 28.024847, -82.537339
02-28 09:09:34.792 13511 13544 D NavServiceProvider: Setting units automatically
02-28 09:09:34.795 13511 13544 D NavServiceProvider: Detecting stop. distance_d=1437.9298. stop_type=1 speed=10.810296
02-28 09:09:34.795 13511 13544 D NavigationTest: 165: (28.037166, -82.541931, 10.810296)	R:false  F:false
02-28 09:09:34.795 13511 13544 D NavigationTest: 166: (28.037166, -82.541931, 10.810296)	R:false  F:false
02-28 09:09:34.795 13511 13544 D NavServiceProvider: Second to last stop coordinates: 28.024847, -82.537339
02-28 09:09:34.796 13511 13544 D NavServiceProvider: Setting units automatically
02-28 09:09:34.799 13511 13544 D NavServiceProvider: Detecting stop. distance_d=1426.1868. stop_type=1 speed=11.140647
02-28 09:09:34.799 13511 13544 D NavigationTest: 167: (28.037057, -82.541922, 11.140647)	R:false  F:false
02-28 09:09:34.799 13511 13544 D NavigationTest: 168: (28.037057, -82.541922, 11.140647)	R:false  F:false
02-28 09:09:34.799 13511 13544 D NavServiceProvider: Second to last stop coordinates: 28.024847, -82.537339
02-28 09:09:34.799 13511 13544 D NavServiceProvider: Setting units automatically
02-28 09:09:34.809 13511 13544 D NavServiceProvider: Detecting stop. distance_d=1415.6681. stop_type=1 speed=10.970292
02-28 09:09:34.810 13511 13544 D NavigationTest: 169: (28.036959, -82.541915, 10.970292)	R:false  F:false
02-28 09:09:34.810 13511 13544 D NavServiceProvider: Second to last stop coordinates: 28.024847, -82.537339
02-28 09:09:34.810 13511 13544 D NavServiceProvider: Setting units automatically
02-28 09:09:34.812 13511 13544 D NavServiceProvider: Detecting stop. distance_d=1406.1943. stop_type=1 speed=11.007271
02-28 09:09:34.812 13511 13544 D NavigationTest: 170: (28.036870, -82.541911, 11.007271)	R:false  F:false
02-28 09:09:34.812 13511 13544 D NavigationTest: 171: (28.036870, -82.541911, 11.007271)	R:false  F:false
02-28 09:09:34.812 13511 13544 D NavServiceProvider: Second to last stop coordinates: 28.024847, -82.537339
02-28 09:09:34.812   871  6793 D audio_hw_primary: adev_get_parameters:vr_audio_mode_on
02-28 09:09:34.812   871  6793 I audio_hw_primary: getting vr mode to 0
02-28 09:09:34.812   871  6793 D audio_hw_primary: adev_get_parameters: exit: returns - vr_audio_mode_on=false
02-28 09:09:34.812   959  7466 I hash_map_utils: key: 'vr_audio_mode_on' value: ''
02-28 09:09:34.812 13511 13544 D NavServiceProvider: Setting units automatically
02-28 09:09:34.813   959  7466 I AudioPolicyManagerCustom: VR mode is 0, switch to primary output if request is for fast|raw
02-28 09:09:34.813   959  7466 I AudioPolicyManagerCustom: setting force DEEP buffer now
02-28 09:09:34.814   959  7466 D AudioFlinger: Client defaulted notificationFrames to 2048 for frameCount 4096
02-28 09:09:34.814 10929 10929 I Finsky  : [2] abqv.onStartJob(128): SCH: job service start with id 9612.
02-28 09:09:34.814 13511 13544 D NavServiceProvider: Detecting stop. distance_d=1395.4987. stop_type=1 speed=10.550385
02-28 09:09:34.814 13511 13544 D NavigationTest: 172: (28.036769, -82.541908, 10.550385)	R:false  F:false
02-28 09:09:34.814 13511 13544 D NavigationTest: 173: (28.036769, -82.541908, 10.550385)	R:false  F:false
02-28 09:09:34.814 13511 13544 D NavServiceProvider: Second to last stop coordinates: 28.024847, -82.537339
02-28 09:09:34.814   959  7466 D AF::TrackHandle: OpPlayAudio: track:188 usage:1 not muted
02-28 09:09:34.815 13511 13544 D NavServiceProvider: Setting units automatically
02-28 09:09:34.816 13511 13544 D NavServiceProvider: Detecting stop. distance_d=1385.6404. stop_type=1 speed=9.910046
02-28 09:09:34.816 13511 13544 D NavigationTest: 174: (28.036675, -82.541908, 9.910046)	R:false  F:false
02-28 09:09:34.816 13511 13544 D NavServiceProvider: Second to last stop coordinates: 28.024847, -82.537339
02-28 09:09:34.817 13511 13544 D NavServiceProvider: Setting units automatically
02-28 09:09:34.819 13511 13544 D NavServiceProvider: Detecting stop. distance_d=1376.113. stop_type=1 speed=9.91
02-28 09:09:34.819 13511 13544 D NavigationTest: 175: (28.036585, -82.541905, 9.910000)	R:false  F:false
02-28 09:09:34.819 13511 13544 D NavigationTest: 176: (28.036585, -82.541905, 9.910000)	R:false  F:false
02-28 09:09:34.819 13511 13544 D NavServiceProvider: Second to last stop coordinates: 28.024847, -82.537339
02-28 09:09:34.819  2666  3413 D Avrcp_ext: AudioManager Player: ID:23 -- type:android.media.SoundPool -- u/pid:10126/2688 -- state:idle -- attr:AudioAttributes: usage=USAGE_ASSISTANCE_SONIFICATION content=CONTENT_TYPE_SONIFICATION flags=0x800 tags= bundle=null
02-28 09:09:34.820  2666  3413 D Avrcp_ext: AudioManager Player: ID:1095 -- type:android.media.AudioTrack -- u/pid:10088/13579 -- state:started -- attr:AudioAttributes: usage=USAGE_MEDIA content=CONTENT_TYPE_SPEECH flags=0x800 tags= bundle=null
02-28 09:09:34.820  2666  3413 D Avrcp_ext: AudioManager isPlaying: true
02-28 09:09:34.820  2666  3413 V Avrcp_ext: updateCurrentMediaState: mMediaController: null
02-28 09:09:34.820 13511 13544 D NavServiceProvider: Setting units automatically
02-28 09:09:34.820  2666  3413 V Avrcp_ext: isMusicActive: false getBluetoothPlayState: 2
02-28 09:09:34.820  2666  3413 V Avrcp_ext: updateCurrentMediaState: isPlaying = false
02-28 09:09:34.820  2666  3413 V Avrcp_ext: Media update: id -1-1? [MediaAttributes: none] : [MediaAttributes: none]
02-28 09:09:34.820  2666  3413 V Avrcp_ext: newPlayStatus:2mReportedPlayStatus:-1
02-28 09:09:34.820  2666  3413 V Avrcp_ext: updatePlaybackState, state: PlaybackState {state=2, position=-1, buffered position=0, speed=0.0, updated=1778151, actions=0, custom actions=[], active item id=-1, error=null} device: null
02-28 09:09:34.820  2666  3413 V Avrcp_ext: Device: no name:
02-28 09:09:34.820  2666  3413 I chatty  : uid=1002(bluetooth) BluetoothAvrcpH identical 3 lines
02-28 09:09:34.820  2666  3413 V Avrcp_ext: Device: no name:
02-28 09:09:34.820  2666  3413 V Avrcp_ext: updatePlayerStateAndPosition, old=PlaybackState {state=2, position=-1, buffered position=0, speed=0.0, updated=1777896, actions=0, custom actions=[], active item id=-1, error=null}, state=PlaybackState {state=2, position=-1, buffered position=0, speed=0.0, updated=1778151, actions=0, custom actions=[], active item id=-1, error=null}
02-28 09:09:34.820  2666  3413 V Avrcp_ext: old state = PlaybackState {state=2, position=-1, buffered position=0, speed=0.0, updated=1777896, actions=0, custom actions=[], active item id=-1, error=null}, new state= PlaybackState {state=2, position=-1, buffered position=0, speed=0.0, updated=1778151, actions=0, custom actions=[], active item id=-1, error=null}
02-28 09:09:34.820  2666  3413 D HeadsetService: getHeadsetService(): returning com.android.bluetooth.hfp.HeadsetService@8a04d28
02-28 09:09:34.821 13511 13544 D NavServiceProvider: Detecting stop. distance_d=1368.8069. stop_type=1 speed=8.650976
02-28 09:09:34.821 13511 13544 D NavigationTest: 177: (28.036514, -82.541909, 8.650976)	R:false  F:false
02-28 09:09:34.822 13511 13544 D NavigationTest: 178: (28.036514, -82.541909, 8.650976)	R:false  F:false
02-28 09:09:34.822 13511 13544 D NavServiceProvider: Second to last stop coordinates: 28.024847, -82.537339
02-28 09:09:34.822 13511 13544 D NavServiceProvider: Setting units automatically
02-28 09:09:34.822  2666  3413 D HeadsetService:  isAudioOn: The number of audio connected devices 0
02-28 09:09:34.822  2666  3413 D HeadsetService: isScoOrCallActive(): Call Active:falseCall is Ringing:falseSCO is Active:false
02-28 09:09:34.823  2666  3413 D HeadsetService:  isAudioOn: The number of audio connected devices 0
02-28 09:09:34.823  2666  3413 I Avrcp_ext: updatePlayStatusForDevice: device: null
02-28 09:09:34.823  2666  3413 V Avrcp_ext: updatePlaybackState (1): old=PlaybackState {state=2, position=-1, buffered position=0, speed=0.0, updated=1777896, actions=0, custom actions=[], active item id=-1, error=null}(2), new=PlaybackState {state=2, position=-1, buffered position=0, speed=0.0, updated=1778151, actions=0, custom actions=[], active item id=-1, error=null}(2)
02-28 09:09:34.823  2666  3413 I Avrcp_ext: Exit updatePlayStatusForDevice
02-28 09:09:34.824 13511 13544 D NavServiceProvider: Detecting stop. distance_d=1360.079. stop_type=1 speed=7.912047
02-28 09:09:34.824 13511 13544 D NavigationTest: 179: (28.036434, -82.541898, 7.912047)	R:false  F:false
02-28 09:09:34.824 13511 13544 D NavigationTest: 180: (28.036434, -82.541898, 7.912047)	R:false  F:false
02-28 09:09:34.824 13511 13544 D NavServiceProvider: Second to last stop coordinates: 28.024847, -82.537339
02-28 09:09:34.824  2666  3413 D HeadsetService:  isAudioOn: The number of audio connected devices 0
02-28 09:09:34.824  2666  3413 D HeadsetService: isScoOrCallActive(): Call Active:falseCall is Ringing:falseSCO is Active:false
02-28 09:09:34.824  2666  3413 D HeadsetService:  isAudioOn: The number of audio connected devices 0
02-28 09:09:34.824  2666  3413 I Avrcp_ext: updatePlayStatusForDevice: device: null
02-28 09:09:34.824  2666  3413 V Avrcp_ext: updatePlaybackState (1): old=PlaybackState {state=2, position=-1, buffered position=0, speed=0.0, updated=1777896, actions=0, custom actions=[], active item id=-1, error=null}(2), new=PlaybackState {state=2, position=-1, buffered position=0, speed=0.0, updated=1778151, actions=0, custom actions=[], active item id=-1, error=null}(2)
02-28 09:09:34.824  2666  3413 I Avrcp_ext: Exit updatePlayStatusForDevice
02-28 09:09:34.824 13511 13544 D NavServiceProvider: Setting units automatically
02-28 09:09:34.826  2666  3413 D HeadsetService:  isAudioOn: The number of audio connected devices 0
02-28 09:09:34.826  2666  3413 D HeadsetService: isScoOrCallActive(): Call Active:falseCall is Ringing:falseSCO is Active:false
02-28 09:09:34.826 13511 13544 D NavServiceProvider: Detecting stop. distance_d=1352.9667. stop_type=1 speed=7.380007
02-28 09:09:34.826  2666  3413 D HeadsetService:  isAudioOn: The number of audio connected devices 0
02-28 09:09:34.826  2666  3413 I Avrcp_ext: updatePlayStatusForDevice: device: null
02-28 09:09:34.826 13511 13544 D NavigationTest: 181: (28.036366, -82.541898, 7.380007)	R:false  F:false
02-28 09:09:34.826 13511 13544 D NavServiceProvider: Second to last stop coordinates: 28.024847, -82.537339
02-28 09:09:34.826  2666  3413 V Avrcp_ext: updatePlaybackState (1): old=PlaybackState {state=2, position=-1, buffered position=0, speed=0.0, updated=1777896, actions=0, custom actions=[], active item id=-1, error=null}(2), new=PlaybackState {state=2, position=-1, buffered position=0, speed=0.0, updated=1778151, actions=0, custom actions=[], active item id=-1, error=null}(2)
02-28 09:09:34.826  2666  3413 I Avrcp_ext: Exit updatePlayStatusForDevice
02-28 09:09:34.826  2666  3413 D HeadsetService:  isAudioOn: The number of audio connected devices 0
02-28 09:09:34.826  2666  3413 D HeadsetService: isScoOrCallActive(): Call Active:falseCall is Ringing:falseSCO is Active:false
02-28 09:09:34.826 13511 13544 D NavServiceProvider: Setting units automatically
02-28 09:09:34.827  2666  3413 D HeadsetService:  isAudioOn: The number of audio connected devices 0
02-28 09:09:34.827  2666  3413 I Avrcp_ext: updatePlayStatusForDevice: device: null
02-28 09:09:34.827  2666  3413 V Avrcp_ext: updatePlaybackState (1): old=PlaybackState {state=2, position=-1, buffered position=0, speed=0.0, updated=1777896, actions=0, custom actions=[], active item id=-1, error=null}(2), new=PlaybackState {state=2, position=-1, buffered position=0, speed=0.0, updated=1778151, actions=0, custom actions=[], active item id=-1, error=null}(2)
02-28 09:09:34.827  2666  3413 I Avrcp_ext: Exit updatePlayStatusForDevice
02-28 09:09:34.827  2666  3413 D HeadsetService:  isAudioOn: The number of audio connected devices 0
02-28 09:09:34.827  2666  3413 D HeadsetService: isScoOrCallActive(): Call Active:falseCall is Ringing:falseSCO is Active:false
02-28 09:09:34.827  2666  3413 D HeadsetService:  isAudioOn: The number of audio connected devices 0
02-28 09:09:34.827  2666  3413 I Avrcp_ext: updatePlayStatusForDevice: device: null
02-28 09:09:34.827  2666  3413 V Avrcp_ext: updatePlaybackState (1): old=PlaybackState {state=2, position=-1, buffered position=0, speed=0.0, updated=1777896, actions=0, custom actions=[], active item id=-1, error=null}(2), new=PlaybackState {state=2, position=-1, buffered position=0, speed=0.0, updated=1778151, actions=0, custom actions=[], active item id=-1, error=null}(2)
02-28 09:09:34.827  2666  3413 I Avrcp_ext: Exit updatePlayStatusForDevice
02-28 09:09:34.827  2666  3413 D Avrcp_ext: Enter sendPlayPosNotificationRsp
02-28 09:09:34.827  2666  3413 D Avrcp_ext: sendPlayPosNotificationRsp: Not registered or requesting.
02-28 09:09:34.827  2666  3413 D Avrcp_ext: Enter sendPlayPosNotificationRsp
02-28 09:09:34.827  2666  3413 D Avrcp_ext: sendPlayPosNotificationRsp: Not registered or requesting.
02-28 09:09:34.827  2666  3413 D Avrcp_ext: Enter sendPlayPosNotificationRsp
02-28 09:09:34.827  2666  3413 D Avrcp_ext: sendPlayPosNotificationRsp: Not registered or requesting.
02-28 09:09:34.827  2666  3413 D Avrcp_ext: Enter sendPlayPosNotificationRsp
02-28 09:09:34.827  2666  3413 D Avrcp_ext: sendPlayPosNotificationRsp: Not registered or requesting.
02-28 09:09:34.827  2666  3413 D Avrcp_ext: Enter sendPlayPosNotificationRsp
02-28 09:09:34.827  2666  3413 D Avrcp_ext: sendPlayPosNotificationRsp: Not registered or requesting.
02-28 09:09:34.827  2666  3413 V Avrcp_ext: Exit updatePlayerStateAndPosition
02-28 09:09:34.827 10929 13300 I Finsky  : [717] aaiq.a(116): SCH: Satisfied jobs for 9612 are: 12-1
02-28 09:09:34.828 13511 13544 D NavServiceProvider: Detecting stop. distance_d=1348.354. stop_type=1 speed=5.391122
02-28 09:09:34.828 13511 13544 D NavigationTest: 182: (28.036325, -82.541888, 5.391122)	R:false  F:false
02-28 09:09:34.828 13511 13544 D NavigationTest: 183: (28.036325, -82.541888, 5.391122)	R:false  F:false
02-28 09:09:34.828 13511 13544 D NavServiceProvider: Second to last stop coordinates: 28.024847, -82.537339
02-28 09:09:34.829 13511 13544 D NavServiceProvider: Setting units automatically
02-28 09:09:34.831 13511 13544 D NavServiceProvider: Detecting stop. distance_d=1343.1735. stop_type=1 speed=5.390148
02-28 09:09:34.831 13511 13544 D NavigationTest: 184: (28.036277, -82.541883, 5.390148)	R:false  F:false
02-28 09:09:34.831 13511 13544 D NavigationTest: 185: (28.036277, -82.541883, 5.390148)	R:false  F:false
02-28 09:09:34.831 13511 13544 D NavServiceProvider: Second to last stop coordinates: 28.024847, -82.537339
02-28 09:09:34.831 13511 13544 D NavServiceProvider: Setting units automatically
02-28 09:09:34.831   871  6793 D msm8974_platform: platform_split_snd_device: snd_device(2) num devices(1) new_snd_devices(0)
02-28 09:09:34.831   871  6793 D ACDB-LOADER: ACDB -> send_audvoltable
02-28 09:09:34.831   871  6793 D ACDB-LOADER: ACDB -> ACDB_CMD_GET_AUDPROC_VOL_STEP_TABLE_SIZE
02-28 09:09:34.831   871  6793 D ACDB-LOADER: ACDB -> ACDB_CMD_GET_AUDPROC_GAIN_DEP_STEP_TABLE, vol index 5
02-28 09:09:34.832   871  6793 D         : Failed to fetch the lookup information of the device 0000000F
02-28 09:09:34.832   871  6793 E ACDB-LOADER: Error: ACDB AudProc vol returned = -19
02-28 09:09:34.832   871  6793 D ACDB-LOADER: ACDB -> AUDIO_SET_VOL_CAL cal type = 40
02-28 09:09:34.833 13511 13544 D NavServiceProvider: Detecting stop. distance_d=1341.397. stop_type=1 speed=2.753071
02-28 09:09:34.833 13511 13544 D NavigationTest: 186: (28.036260, -82.541883, 2.753071)	R:false  F:false
02-28 09:09:34.833 13511 13544 D NavigationTest: 187: (28.036260, -82.541883, 2.753071)	R:false  F:false
02-28 09:09:34.833 13511 13544 D NavServiceProvider: Second to last stop coordinates: 28.024847, -82.537339
02-28 09:09:34.833 13511 13544 D NavServiceProvider: Setting units automatically
02-28 09:09:34.834 13511 13544 D NavServiceProvider: Detecting stop. distance_d=1339.7048. stop_type=1 speed=1.974968
02-28 09:09:34.834 13511 13544 D NavigationTest: 188: (28.036246, -82.541876, 1.974968)	R:false  F:false
02-28 09:09:34.834 13511 13544 D NavigationTest: 189: (28.036246, -82.541876, 1.974968)	R:false  F:false
02-28 09:09:34.834 13511 13544 D NavServiceProvider: Second to last stop coordinates: 28.024847, -82.537339
02-28 09:09:34.835 13511 13544 D NavServiceProvider: Setting units automatically
02-28 09:09:34.835   871  6793 V EffectDiracSound: DiracSound_command() start, cmdCode=20
02-28 09:09:34.835   871  6793 V EffectDiracSound: DiracSound_Command EFFECT_CMD_OFFLOAD
02-28 09:09:34.835   871  6793 V EffectDiracSound: DiracSound_command() start, cmdCode=1
02-28 09:09:34.835   871  6793 V EffectDiracSound: DiracSound_setConfig start
02-28 09:09:34.835   871  6793 I EffectDiracSound: DiracSound_updateState(), enable=0, hifi=0, device=0x2, headset=5, samplingRate=48000
02-28 09:09:34.835   871  6793 I EffectDiracSound: DiracSound_updateState(), mode=0, music=0, movie=0, reset=0
02-28 09:09:34.835   871  6793 I EffectDiracSound: DiracSound_updateState(), Speaker Movie/Stereo Mode is not supported. Stop update state.
02-28 09:09:34.835   871  6793 W EffectHAL: Effect 0xe4b38cd0 command SET_CONFIG returned status: Invalid argument
02-28 09:09:34.835   871  6793 V EffectDiracSound: DiracSound_command() start, cmdCode=1
02-28 09:09:34.835   871  6793 V EffectDiracSound: DiracSound_setConfig start
02-28 09:09:34.835   871  6793 I EffectDiracSound: DiracSound_updateState(), enable=0, hifi=0, device=0x2, headset=5, samplingRate=48000
02-28 09:09:34.836   871  6793 I EffectDiracSound: DiracSound_updateState(), mode=0, music=0, movie=0, reset=0
02-28 09:09:34.836   871  6793 I EffectDiracSound: DiracSound_updateState(), Speaker Movie/Stereo Mode is not supported. Stop update state.
02-28 09:09:34.836   871  6793 V EffectDiracSound: DiracSound_command() start, cmdCode=9
02-28 09:09:34.836   871  6793 V EffectDiracSound: DiracSound_Command EFFECT_CMD_SET_DEVICE: 0x00000002
02-28 09:09:34.836   871  6793 V EffectDiracSound: DiracSound_command() start, cmdCode=11
02-28 09:09:34.836   871  6793 V EffectDiracSound: DiracSound_Command EFFECT_CMD_SET_AUDIO_MODE: 0
02-28 09:09:34.836 13511 13544 D NavServiceProvider: Detecting stop. distance_d=1337.8037. stop_type=1 speed=2.078701
02-28 09:09:34.836 13511 13544 D NavigationTest: 190: (28.036230, -82.541869, 2.078701)	R:false  F:false
02-28 09:09:34.836 13511 13544 D NavServiceProvider: Second to last stop coordinates: 28.024847, -82.537339
02-28 09:09:34.836 13511 13544 D NavServiceProvider: Setting units automatically
02-28 09:09:34.838 13511 13544 D NavServiceProvider: Detecting stop. distance_d=1335.7592. stop_type=1 speed=2.072921
02-28 09:09:34.838 13511 13544 D NavigationTest: 191: (28.036212, -82.541864, 2.072921)	R:false  F:false
02-28 09:09:34.838 13511 13544 D NavigationTest: 192: (28.036212, -82.541864, 2.072921)	R:false  F:false
02-28 09:09:34.838 13511 13544 D NavServiceProvider: Second to last stop coordinates: 28.024847, -82.537339
02-28 09:09:34.838 13511 13544 D NavServiceProvider: Setting units automatically
02-28 09:09:34.839 13511 13544 D NavServiceProvider: Detecting stop. distance_d=1332.7292. stop_type=1 speed=3.35
02-28 09:09:34.839 13511 13544 D NavigationTest: 193: (28.036171, -82.541902, 3.350000)	R:false  F:false
02-28 09:09:34.840 13511 13544 D NavigationTest: 194: (28.036171, -82.541902, 3.350000)	R:false  F:false
02-28 09:09:34.840 13511 13544 D NavServiceProvider: Second to last stop coordinates: 28.024847, -82.537339
02-28 09:09:34.840 10929 13712 I Finsky  : [724] abpw.accept(574): SCH: Job 12-1 starting
02-28 09:09:34.840 13511 13544 D NavServiceProvider: Setting units automatically
02-28 09:09:34.841 10929 10929 I Finsky  : [2] ContentSyncJob.h(14): [ContentSync] job started
02-28 09:09:34.842 13511 13544 D NavServiceProvider: Detecting stop. distance_d=1327.4045. stop_type=1 speed=4.370732
02-28 09:09:34.842 13511 13544 D NavigationTest: 195: (28.036126, -82.541883, 4.370732)	R:false  F:false
02-28 09:09:34.842 13511 13544 D NavigationTest: 196: (28.036126, -82.541883, 4.370732)	R:false  F:false
02-28 09:09:34.842 13511 13544 D NavServiceProvider: Second to last stop coordinates: 28.024847, -82.537339
02-28 09:09:34.842 13511 13544 D NavServiceProvider: Setting units automatically
02-28 09:09:34.844 13511 13544 D NavServiceProvider: Detecting stop. distance_d=1322.5437. stop_type=1 speed=5.542923
02-28 09:09:34.844 13511 13544 D NavigationTest: 197: (28.036081, -82.541878, 5.542923)	R:false  F:false
02-28 09:09:34.844 13511 13544 D NavigationTest: 198: (28.036081, -82.541878, 5.542923)	R:false  F:false
02-28 09:09:34.844 13511 13544 D NavServiceProvider: Second to last stop coordinates: 28.024847, -82.537339
02-28 09:09:34.844 13511 13544 D NavServiceProvider: Setting units automatically
02-28 09:09:34.845 13511 13544 D NavServiceProvider: Detecting stop. distance_d=1318.5139. stop_type=1 speed=6.02747
02-28 09:09:34.845 13511 13544 D NavigationTest: 199: (28.036043, -82.541876, 6.027470)	R:false  F:false
02-28 09:09:34.845 13511 13544 D NavigationTest: 200: (28.036043, -82.541876, 6.027470)	R:false  F:false
02-28 09:09:34.845 13511 13544 D NavServiceProvider: Second to last stop coordinates: 28.024847, -82.537339
02-28 09:09:34.846 13511 13544 D NavServiceProvider: Setting units automatically
02-28 09:09:34.847 13511 13544 D NavServiceProvider: Detecting stop. distance_d=1312.6504. stop_type=1 speed=6.021627
02-28 09:09:34.847 13511 13544 D NavigationTest: 201: (28.035989, -82.541869, 6.021627)	R:false  F:false
02-28 09:09:34.847 13511 13544 D NavServiceProvider: Second to last stop coordinates: 28.024847, -82.537339
02-28 09:09:34.847 13511 13544 D NavServiceProvider: Setting units automatically
02-28 09:09:34.849 13511 13544 D NavServiceProvider: Detecting stop. distance_d=1304.191. stop_type=1 speed=6.69
02-28 09:09:34.849 13511 13544 D NavigationTest: 202: (28.035912, -82.541856, 6.690000)	R:false  F:false
02-28 09:09:34.849 13511 13544 D NavigationTest: 203: (28.035912, -82.541856, 6.690000)	R:false  F:false
02-28 09:09:34.849 13511 13544 D NavServiceProvider: Second to last stop coordinates: 28.024847, -82.537339
02-28 09:09:34.849 13511 13544 D NavServiceProvider: Setting units automatically
02-28 09:09:34.850 13511 13544 D NavServiceProvider: Detecting stop. distance_d=1296.8425. stop_type=1 speed=7.480241
02-28 09:09:34.850 13511 13544 D NavigationTest: 204: (28.035845, -82.541845, 7.480241)	R:false  F:false
02-28 09:09:34.850 13511 13544 D NavigationTest: 205: (28.035845, -82.541845, 7.480241)	R:false  F:false
02-28 09:09:34.850 13511 13544 D NavServiceProvider: Second to last stop coordinates: 28.024847, -82.537339
02-28 09:09:34.851 13511 13544 D NavServiceProvider: Setting units automatically
02-28 09:09:34.852 13511 13544 D NavServiceProvider: Detecting stop. distance_d=1289.69. stop_type=1 speed=7.921237
02-28 09:09:34.852 13511 13544 D NavigationTest: 206: (28.035775, -82.541849, 7.921237)	R:false  F:false
02-28 09:09:34.852 13511 13544 D NavServiceProvider: Second to last stop coordinates: 28.024847, -82.537339
02-28 09:09:34.853 13511 13544 D NavServiceProvider: Setting units automatically
02-28 09:09:34.854 13511 13544 D NavServiceProvider: Detecting stop. distance_d=1282.1005. stop_type=1 speed=7.920228
02-28 09:09:34.854 13511 13544 D NavigationTest: 207: (28.035704, -82.541843, 7.920228)	R:false  F:false
02-28 09:09:34.854 13511 13544 D NavigationTest: 208: (28.035704, -82.541843, 7.920228)	R:false  F:false
02-28 09:09:34.854 13511 13544 D NavServiceProvider: Second to last stop coordinates: 28.024847, -82.537339
02-28 09:09:34.854 13511 13544 D NavServiceProvider: Setting units automatically
02-28 09:09:34.856 13511 13544 D NavServiceProvider: Detecting stop. distance_d=1274.3136. stop_type=1 speed=7.860006
02-28 09:09:34.856 13511 13544 D NavigationTest: 209: (28.035635, -82.541825, 7.860006)	R:false  F:false
02-28 09:09:34.856 13511 13544 D NavServiceProvider: Second to last stop coordinates: 28.024847, -82.537339
02-28 09:09:34.856 13511 13544 D NavServiceProvider: Setting units automatically
02-28 09:09:34.857 13511 13544 D NavServiceProvider: Detecting stop. distance_d=1266.6284. stop_type=1 speed=7.86
02-28 09:09:34.857 13511 13544 D NavigationTest: 210: (28.035565, -82.541813, 7.860000)	R:false  F:false
02-28 09:09:34.857 13511 13544 D NavigationTest: 211: (28.035565, -82.541813, 7.860000)	R:false  F:false
02-28 09:09:34.857 13511 13544 D NavServiceProvider: Second to last stop coordinates: 28.024847, -82.537339
02-28 09:09:34.858 13511 13544 D NavServiceProvider: Setting units automatically
02-28 09:09:34.859 13511 13544 D NavServiceProvider: Detecting stop. distance_d=1257.4568. stop_type=1 speed=8.560842
02-28 09:09:34.859 13511 13544 D NavigationTest: 212: (28.035481, -82.541800, 8.560842)	R:false  F:false
02-28 09:09:34.859 13511 13544 D NavigationTest: 213: (28.035481, -82.541800, 8.560842)	R:false  F:false
02-28 09:09:34.859 13511 13544 D NavServiceProvider: Second to last stop coordinates: 28.024847, -82.537339
02-28 09:09:34.859 13511 13544 D NavServiceProvider: Setting units automatically
02-28 09:09:34.861 13511 13544 D NavServiceProvider: Detecting stop. distance_d=1249.1544. stop_type=1 speed=8.673604
02-28 09:09:34.861 13511 13544 D NavigationTest: 214: (28.035407, -82.541782, 8.673604)	R:false  F:false
02-28 09:09:34.861 13511 13544 D NavigationTest: 215: (28.035407, -82.541782, 8.673604)	R:false  F:false
02-28 09:09:34.861 13511 13544 D NavServiceProvider: Second to last stop coordinates: 28.024847, -82.537339
02-28 09:09:34.861 13511 13544 D NavServiceProvider: Setting units automatically
02-28 09:09:34.862 13511 13544 D NavServiceProvider: Detecting stop. distance_d=1240.5764. stop_type=1 speed=8.670698
02-28 09:09:34.863 13511 13544 D NavigationTest: 216: (28.035330, -82.541765, 8.670698)	R:false  F:false
02-28 09:09:34.863 13511 13544 D NavServiceProvider: Second to last stop coordinates: 28.024847, -82.537339
02-28 09:09:34.863 13511 13544 D NavServiceProvider: Setting units automatically
02-28 09:09:34.864 13511 13544 D NavServiceProvider: Detecting stop. distance_d=1227.9198. stop_type=1 speed=9.417272
02-28 09:09:34.864 13511 13544 D NavigationTest: 217: (28.035222, -82.541723, 9.417272)	R:false  F:false
02-28 09:09:34.864 13511 13544 D NavigationTest: 218: (28.035222, -82.541723, 9.417272)	R:false  F:false
02-28 09:09:34.864 13511 13544 D NavServiceProvider: Second to last stop coordinates: 28.024847, -82.537339
02-28 09:09:34.864 13511 13544 D NavServiceProvider: Setting units automatically
02-28 09:09:34.873 13511 13544 D NavServiceProvider: Detecting stop. distance_d=1218.4446. stop_type=1 speed=9.540524
02-28 09:09:34.873 13511 13544 D NavigationTest: 219: (28.035138, -82.541701, 9.540524)	R:false  F:false
02-28 09:09:34.874 13511 13544 D NavigationTest: 220: (28.035138, -82.541701, 9.540524)	R:false  F:false
02-28 09:09:34.874 13511 13544 D NavigationTest: 221: (28.035138, -82.541701, 9.540524)	R:false  F:false
02-28 09:09:34.874 13511 13544 D NavServiceProvider: Second to last stop coordinates: 28.024847, -82.537339
02-28 09:09:34.874 13511 13544 D NavServiceProvider: Setting units automatically
02-28 09:09:34.875 13511 13544 D NavServiceProvider: Detecting stop. distance_d=1208.9712. stop_type=1 speed=9.540047
02-28 09:09:34.875 13511 13544 D NavigationTest: 222: (28.035053, -82.541682, 9.540047)	R:false  F:false
02-28 09:09:34.875 13511 13544 D NavServiceProvider: Second to last stop coordinates: 28.024847, -82.537339
02-28 09:09:34.876 13511 13544 D NavServiceProvider: Setting units automatically
02-28 09:09:34.877 13511 13544 D NavServiceProvider: Detecting stop. distance_d=1197.1868. stop_type=1 speed=11.046199
02-28 09:09:34.877 13511 13544 D NavigationTest: 223: (28.034945, -82.541665, 11.046199)	R:false  F:false
02-28 09:09:34.877 13511 13544 D NavigationTest: 224: (28.034945, -82.541665, 11.046199)	R:false  F:false
02-28 09:09:34.877 13511 13544 D NavServiceProvider: Second to last stop coordinates: 28.024847, -82.537339
02-28 09:09:34.877 13511 13544 D NavServiceProvider: Setting units automatically
02-28 09:09:34.878 13511 13544 D NavServiceProvider: Detecting stop. distance_d=1186.4066. stop_type=1 speed=11.031813
02-28 09:09:34.878 13511 13544 D NavigationTest: 225: (28.034848, -82.541644, 11.031813)	R:false  F:false
02-28 09:09:34.878 13511 13544 D NavServiceProvider: Second to last stop coordinates: 28.024847, -82.537339
02-28 09:09:34.879 13511 13544 D NavServiceProvider: Setting units automatically
02-28 09:09:34.880 13511 13544 D NavServiceProvider: Detecting stop. distance_d=1173.6527. stop_type=1 speed=11.780152
02-28 09:09:34.880 13511 13544 D NavigationTest: 226: (28.034737, -82.541608, 11.780152)	R:false  F:false
02-28 09:09:34.880 13511 13544 D NavigationTest: 227: (28.034737, -82.541608, 11.780152)	R:false  F:false
02-28 09:09:34.880 13511 13544 D NavServiceProvider: Second to last stop coordinates: 28.024847, -82.537339
02-28 09:09:34.880 13511 13544 D NavServiceProvider: Setting units automatically
02-28 09:09:34.881 13511 13544 D NavServiceProvider: Detecting stop. distance_d=1162.7336. stop_type=1 speed=11.509518
02-28 09:09:34.881 13511 13544 D NavigationTest: 228: (28.034641, -82.541580, 11.509518)	R:false  F:false
02-28 09:09:34.881 13511 13544 D NavigationTest: 229: (28.034641, -82.541580, 11.509518)	R:false  F:false
02-28 09:09:34.881 13511 13544 D NavServiceProvider: Second to last stop coordinates: 28.024847, -82.537339
02-28 09:09:34.882 13511 13544 D NavServiceProvider: Setting units automatically
02-28 09:09:34.883 13511 13544 D NavServiceProvider: Detecting stop. distance_d=1151.2013. stop_type=1 speed=11.532709
02-28 09:09:34.883 13511 13544 D NavigationTest: 230: (28.034537, -82.541558, 11.532709)	R:false  F:false
02-28 09:09:34.883 13511 13544 D NavServiceProvider: Second to last stop coordinates: 28.024847, -82.537339
02-28 09:09:34.883 13511 13544 D NavServiceProvider: Setting units automatically
02-28 09:09:34.884 13511 13544 D NavServiceProvider: Detecting stop. distance_d=1138.7007. stop_type=1 speed=12.450679
02-28 09:09:34.884 13511 13544 D NavigationTest: 231: (28.034426, -82.541529, 12.450679)	R:false  F:false
02-28 09:09:34.884 13511 13544 D NavigationTest: 232: (28.034426, -82.541529, 12.450679)	R:false  F:false
02-28 09:09:34.884 13511 13544 D NavServiceProvider: Second to last stop coordinates: 28.024847, -82.537339
02-28 09:09:34.885 13511 13544 D NavServiceProvider: Setting units automatically
02-28 09:09:34.886 13511 13544 D NavServiceProvider: Detecting stop. distance_d=1126.1353. stop_type=1 speed=12.414387
02-28 09:09:34.886 13511 13544 D NavigationTest: 233: (28.034314, -82.541501, 12.414387)	R:false  F:false
02-28 09:09:34.886 13511 13544 D NavServiceProvider: Second to last stop coordinates: 28.024847, -82.537339
02-28 09:09:34.886 13511 13544 D NavServiceProvider: Setting units automatically
02-28 09:09:34.887 13511 13544 D NavServiceProvider: Detecting stop. distance_d=1113.8339. stop_type=1 speed=12.410682
02-28 09:09:34.887 13511 13544 D NavigationTest: 234: (28.034208, -82.541463, 12.410682)	R:false  F:false
02-28 09:09:34.888 13511 13544 D NavigationTest: 235: (28.034208, -82.541463, 12.410682)	R:false  F:false
02-28 09:09:34.888 13511 13544 D NavServiceProvider: Second to last stop coordinates: 28.024847, -82.537339
02-28 09:09:34.888 13511 13544 D NavServiceProvider: Setting units automatically
02-28 09:09:34.889 13511 13544 D NavServiceProvider: Detecting stop. distance_d=1100.3219. stop_type=1 speed=13.51
02-28 09:09:34.889 13511 13544 D NavigationTest: 236: (28.034092, -82.541420, 13.510000)	R:false  F:false
02-28 09:09:34.889 13511 13544 D NavigationTest: 237: (28.034092, -82.541420, 13.510000)	R:false  F:false
02-28 09:09:34.889 13511 13544 D NavServiceProvider: Second to last stop coordinates: 28.024847, -82.537339
02-28 09:09:34.889 13511 13544 D NavServiceProvider: Setting units automatically
02-28 09:09:34.891 13511 13544 D NavServiceProvider: Detecting stop. distance_d=1086.9182. stop_type=1 speed=13.91013
02-28 09:09:34.891 13511 13544 D NavigationTest: 238: (28.033976, -82.541380, 13.910130)	R:false  F:false
02-28 09:09:34.891 13511 13544 D NavServiceProvider: Second to last stop coordinates: 28.024847, -82.537339
02-28 09:09:34.891 13511 13544 D NavServiceProvider: Setting units automatically
02-28 09:09:34.892 13511 13544 D NavServiceProvider: Detecting stop. distance_d=1073.1083. stop_type=1 speed=13.91
02-28 09:09:34.892 13511 13544 D NavigationTest: 239: (28.033855, -82.541343, 13.910000)	R:false  F:false
02-28 09:09:34.892 13511 13544 D NavigationTest: 240: (28.033855, -82.541343, 13.910000)	R:false  F:false
02-28 09:09:34.892 13511 13544 D NavServiceProvider: Second to last stop coordinates: 28.024847, -82.537339
02-28 09:09:34.893 13511 13544 D NavServiceProvider: Setting units automatically
02-28 09:09:34.894 13511 13544 D NavServiceProvider: Detecting stop. distance_d=1059.1141. stop_type=1 speed=13.820004
02-28 09:09:34.894 13511 13544 D NavigationTest: 241: (28.033735, -82.541298, 13.820004)	R:false  F:false
02-28 09:09:34.894 13511 13544 D NavigationTest: 242: (28.033735, -82.541298, 13.820004)	R:false  F:false
02-28 09:09:34.894 13511 13544 D NavServiceProvider: Second to last stop coordinates: 28.024847, -82.537339
02-28 09:09:34.894 13511 13544 D NavServiceProvider: Setting units automatically
02-28 09:09:34.895 13511 13544 D NavServiceProvider: Detecting stop. distance_d=1047.6659. stop_type=1 speed=13.800014
02-28 09:09:34.895 13511 13544 D NavigationTest: 243: (28.033639, -82.541255, 13.800014)	R:false  F:false
02-28 09:09:34.895 13511 13544 D NavigationTest: 244: (28.033639, -82.541255, 13.800014)	R:false  F:false
02-28 09:09:34.895 13511 13544 D NavServiceProvider: Second to last stop coordinates: 28.024847, -82.537339
02-28 09:09:34.895 13511 13544 D NavServiceProvider: Setting units automatically
02-28 09:09:34.896 13511 13544 D NavServiceProvider: Detecting stop. distance_d=1033.575. stop_type=1 speed=14.340348
02-28 09:09:34.897 13511 13544 D NavigationTest: 245: (28.033517, -82.541213, 14.340348)	R:false  F:false
02-28 09:09:34.897 13511 13544 D NavigationTest: 246: (28.033517, -82.541213, 14.340348)	R:false  F:false
02-28 09:09:34.897 13511 13544 D NavServiceProvider: Second to last stop coordinates: 28.024847, -82.537339
02-28 09:09:34.897 13511 13544 D NavServiceProvider: Setting units automatically
02-28 09:09:34.898 13511 13544 D NavServiceProvider: Detecting stop. distance_d=1019.6246. stop_type=1 speed=14.691991
02-28 09:09:34.898 13511 13544 D NavigationTest: 247: (28.033396, -82.541172, 14.691991)	R:false  F:false
02-28 09:09:34.898 13511 13544 D NavigationTest: 248: (28.033396, -82.541172, 14.691991)	R:false  F:false
02-28 09:09:34.898 13511 13544 D NavServiceProvider: Second to last stop coordinates: 28.024847, -82.537339
02-28 09:09:34.898 13511 13544 D NavServiceProvider: Setting units automatically
02-28 09:09:34.900 13511 13544 D NavServiceProvider: Detecting stop. distance_d=1005.3239. stop_type=1 speed=14.778126
02-28 09:09:34.900 13511 13544 D NavigationTest: 249: (28.033273, -82.541127, 14.778126)	R:false  F:false
02-28 09:09:34.900 13511 13544 D NavServiceProvider: Second to last stop coordinates: 28.024847, -82.537339
02-28 09:09:34.900 13511 13544 D NavServiceProvider: Setting units automatically
02-28 09:09:34.901 13511 13544 D NavServiceProvider: Detecting stop. distance_d=989.75305. stop_type=1 speed=14.98003
02-28 09:09:34.901 13511 13544 D NavigationTest: 250: (28.033138, -82.541081, 14.980030)	R:false  F:false
02-28 09:09:34.901 13511 13544 D NavigationTest: 251: (28.033138, -82.541081, 14.980030)	R:false  F:false
02-28 09:09:34.901 13511 13544 D NavServiceProvider: Second to last stop coordinates: 28.024847, -82.537339
02-28 09:09:34.901 13511 13544 D NavServiceProvider: Setting units automatically
02-28 09:09:34.902 13511 13544 D NavServiceProvider: Detecting stop. distance_d=972.33405. stop_type=1 speed=15.064067
02-28 09:09:34.903 13511 13544 D NavigationTest: 252: (28.032990, -82.541021, 15.064067)	R:false  F:false
02-28 09:09:34.903 13511 13544 D NavServiceProvider: Second to last stop coordinates: 28.024847, -82.537339
02-28 09:09:34.903 13511 13544 D NavServiceProvider: Setting units automatically
02-28 09:09:34.904 13511 13544 D NavServiceProvider: Detecting stop. distance_d=955.099. stop_type=1 speed=14.980854
02-28 09:09:34.904 13511 13544 D NavigationTest: 253: (28.032842, -82.540966, 14.980854)	R:false  F:false
02-28 09:09:34.904 13511 13544 D NavigationTest: 254: (28.032842, -82.540966, 14.980854)	R:false  F:false
02-28 09:09:34.904 13511 13544 D NavigationTest: 255: (28.032842, -82.540966, 14.980854)	R:false  F:false
02-28 09:09:34.904 13511 13544 D NavServiceProvider: Second to last stop coordinates: 28.024847, -82.537339
02-28 09:09:34.904 13511 13544 D NavServiceProvider: Setting units automatically
02-28 09:09:34.905 13511 13544 D NavServiceProvider: Detecting stop. distance_d=939.8104. stop_type=1 speed=15.17119
02-28 09:09:34.906 13511 13544 D NavigationTest: 256: (28.032714, -82.540908, 15.171190)	R:false  F:false
02-28 09:09:34.906 13511 13544 D NavigationTest: 257: (28.032714, -82.540908, 15.171190)	R:false  F:false
02-28 09:09:34.906 13511 13544 D NavServiceProvider: Second to last stop coordinates: 28.024847, -82.537339
02-28 09:09:34.906 13511 13544 D NavServiceProvider: Setting units automatically
02-28 09:09:34.907 13511 13544 D NavServiceProvider: Detecting stop. distance_d=924.6321. stop_type=1 speed=15.160118
02-28 09:09:34.907 13511 13544 D NavigationTest: 258: (28.032586, -82.540853, 15.160118)	R:false  F:false
02-28 09:09:34.907 13511 13544 D NavServiceProvider: Second to last stop coordinates: 28.024847, -82.537339
02-28 09:09:34.907 13511 13544 D NavServiceProvider: Setting units automatically
02-28 09:09:34.909 13511 13544 D NavServiceProvider: Detecting stop. distance_d=908.8237. stop_type=1 speed=15.200397
02-28 09:09:34.909 13511 13544 D NavigationTest: 259: (28.032449, -82.540806, 15.200397)	R:false  F:false
02-28 09:09:34.909 13511 13544 D NavigationTest: 260: (28.032449, -82.540806, 15.200397)	R:false  F:false
02-28 09:09:34.909 13511 13544 D NavServiceProvider: Second to last stop coordinates: 28.024847, -82.537339
02-28 09:09:34.909 13511 13544 D NavServiceProvider: Setting units automatically
02-28 09:09:34.910 13511 13544 D NavServiceProvider: Detecting stop. distance_d=893.9333. stop_type=1 speed=15.503099
02-28 09:09:34.910 13511 13544 D NavigationTest: 261: (28.032322, -82.540756, 15.503099)	R:false  F:false
02-28 09:09:34.910 13511 13544 D NavigationTest: 262: (28.032322, -82.540756, 15.503099)	R:false  F:false
02-28 09:09:34.910 13511 13544 D NavServiceProvider: Second to last stop coordinates: 28.024847, -82.537339
02-28 09:09:34.911 13511 13544 D NavServiceProvider: Setting units automatically
02-28 09:09:34.912 13511 13544 D NavServiceProvider: Detecting stop. distance_d=878.64484. stop_type=1 speed=15.124774
02-28 09:09:34.912 13511 13544 D NavigationTest: 263: (28.032194, -82.540698, 15.124774)	R:false  F:false
02-28 09:09:34.912 13511 13544 D NavServiceProvider: Second to last stop coordinates: 28.024847, -82.537339
02-28 09:09:34.912 13511 13544 D NavServiceProvider: Setting units automatically
02-28 09:09:34.913 13511 13544 D NavServiceProvider: Detecting stop. distance_d=863.4878. stop_type=1 speed=15.04096
02-28 09:09:34.913 13511 13544 D NavigationTest: 264: (28.032068, -82.540638, 15.040960)	R:false  F:false
02-28 09:09:34.913 13511 13544 D NavigationTest: 265: (28.032068, -82.540638, 15.040960)	R:false  F:false
02-28 09:09:34.913 13511 13544 D NavServiceProvider: Second to last stop coordinates: 28.024847, -82.537339
02-28 09:09:34.914 13511 13544 D NavServiceProvider: Setting units automatically
02-28 09:09:34.915 13511 13544 D NavServiceProvider: Detecting stop. distance_d=848.0475. stop_type=1 speed=14.639741
02-28 09:09:34.915 13511 13544 D NavigationTest: 266: (28.031936, -82.540587, 14.639741)	R:false  F:false
02-28 09:09:34.915 13511 13544 D NavServiceProvider: Second to last stop coordinates: 28.024847, -82.537339
02-28 09:09:34.915 13511 13544 D NavServiceProvider: Setting units automatically
02-28 09:09:34.916 13511 13544 D NavServiceProvider: Detecting stop. distance_d=834.0449. stop_type=1 speed=14.600343
02-28 09:09:34.916 13511 13544 D NavigationTest: 267: (28.031818, -82.540536, 14.600343)	R:false  F:false
02-28 09:09:34.916 13511 13544 D NavigationTest: 268: (28.031818, -82.540536, 14.600343)	R:false  F:false
02-28 09:09:34.916 13511 13544 D NavServiceProvider: Second to last stop coordinates: 28.024847, -82.537339
02-28 09:09:34.917 13511 13544 D NavServiceProvider: Setting units automatically
02-28 09:09:34.918 13511 13544 D NavServiceProvider: Detecting stop. distance_d=818.90485. stop_type=1 speed=14.788029
02-28 09:09:34.918 13511 13544 D NavigationTest: 269: (28.031690, -82.540482, 14.788029)	R:false  F:false
02-28 09:09:34.918 13511 13544 D NavigationTest: 270: (28.031690, -82.540482, 14.788029)	R:false  F:false
02-28 09:09:34.918 13511 13544 D NavServiceProvider: Second to last stop coordinates: 28.024847, -82.537339
02-28 09:09:34.918 13511 13544 D NavServiceProvider: Setting units automatically
02-28 09:09:34.919 13511 13544 D NavServiceProvider: Detecting stop. distance_d=804.24976. stop_type=1 speed=14.474478
02-28 09:09:34.919 13511 13544 D NavigationTest: 271: (28.031566, -82.540430, 14.474478)	R:false  F:false
02-28 09:09:34.919 13511 13544 D NavServiceProvider: Second to last stop coordinates: 28.024847, -82.537339
02-28 09:09:34.920 13511 13544 D NavServiceProvider: Setting units automatically
02-28 09:09:34.921 13511 13544 D NavServiceProvider: Detecting stop. distance_d=791.0773. stop_type=1 speed=13.030553
02-28 09:09:34.921 13511 13544 D NavigationTest: 272: (28.031455, -82.540382, 13.030553)	R:false  F:false
02-28 09:09:34.921 13511 13544 D NavigationTest: 273: (28.031455, -82.540382, 13.030553)	R:false  F:false
02-28 09:09:34.921 13511 13544 D NavServiceProvider: Second to last stop coordinates: 28.024847, -82.537339
02-28 09:09:34.921 13511 13544 D NavServiceProvider: Setting units automatically
02-28 09:09:34.922 13511 13544 D NavServiceProvider: Detecting stop. distance_d=780.0491. stop_type=1 speed=11.985111
02-28 09:09:34.922 13511 13544 D NavigationTest: 274: (28.031358, -82.540353, 11.985111)	R:false  F:false
02-28 09:09:34.922 13511 13544 D NavServiceProvider: Second to last stop coordinates: 28.024847, -82.537339
02-28 09:09:34.923 13511 13544 D NavServiceProvider: Setting units automatically
02-28 09:09:34.924 13511 13544 D NavServiceProvider: Detecting stop. distance_d=769.0784. stop_type=1 speed=10.650469
02-28 09:09:34.924 13511 13544 D NavigationTest: 275: (28.031263, -82.540320, 10.650469)	R:false  F:false
02-28 09:09:34.924 13511 13544 D NavigationTest: 276: (28.031263, -82.540320, 10.650469)	R:false  F:false
02-28 09:09:34.924 13511 13544 D NavServiceProvider: Second to last stop coordinates: 28.024847, -82.537339
02-28 09:09:34.924 13511 13544 D NavServiceProvider: Setting units automatically
02-28 09:09:34.925 13511 13544 D NavServiceProvider: Detecting stop. distance_d=759.5907. stop_type=1 speed=9.260049
02-28 09:09:34.925 13511 13544 D NavigationTest: 277: (28.031181, -82.540291, 9.260049)	R:false  F:false
02-28 09:09:34.925 13511 13544 D NavigationTest: 278: (28.031181, -82.540291, 9.260049)	R:false  F:false
02-28 09:09:34.925 13511 13544 D NavServiceProvider: Second to last stop coordinates: 28.024847, -82.537339
02-28 09:09:34.926 13511 13544 D NavServiceProvider: Setting units automatically
02-28 09:09:34.927 13511 13544 D NavServiceProvider: Detecting stop. distance_d=751.35364. stop_type=1 speed=8.242936
02-28 09:09:34.927 13511 13544 D NavigationTest: 279: (28.031109, -82.540268, 8.242936)	R:false  F:false
02-28 09:09:34.927 13511 13544 D NavServiceProvider: Second to last stop coordinates: 28.024847, -82.537339
02-28 09:09:34.927 13511 13544 D NavServiceProvider: Setting units automatically
02-28 09:09:34.928 13511 13544 D NavServiceProvider: Detecting stop. distance_d=744.06537. stop_type=1 speed=7.383902
02-28 09:09:34.928 13511 13544 D NavigationTest: 280: (28.031047, -82.540243, 7.383902)	R:false  F:false
02-28 09:09:34.928 13511 13544 D NavigationTest: 281: (28.031047, -82.540243, 7.383902)	R:false  F:false
02-28 09:09:34.928 13511 13544 D NavServiceProvider: Second to last stop coordinates: 28.024847, -82.537339
02-28 09:09:34.929 13511 13544 D NavServiceProvider: Setting units automatically
02-28 09:09:34.930 13511 13544 D NavServiceProvider: Detecting stop. distance_d=738.4632. stop_type=1 speed=5.530082
02-28 09:09:34.930 13511 13544 D NavigationTest: 282: (28.031000, -82.540222, 5.530082)	R:false  F:false
02-28 09:09:34.930 13511 13544 D NavigationTest: 283: (28.031000, -82.540222, 5.530082)	R:false  F:false
02-28 09:09:34.930 13511 13544 D NavServiceProvider: Second to last stop coordinates: 28.024847, -82.537339
02-28 09:09:34.930 13511 13544 D NavServiceProvider: Setting units automatically
02-28 09:09:34.931 13511 13544 D NavServiceProvider: Detecting stop. distance_d=735.8566. stop_type=1 speed=3.745344
02-28 09:09:34.931 13511 13544 D NavigationTest: 284: (28.030976, -82.540218, 3.745344)	R:false  F:false
02-28 09:09:34.931 13511 13544 D NavServiceProvider: Second to last stop coordinates: 28.024847, -82.537339
02-28 09:09:34.932 13511 13544 D NavServiceProvider: Setting units automatically
02-28 09:09:34.933 13511 13544 D NavServiceProvider: Detecting stop. distance_d=734.3605. stop_type=1 speed=1.198207
02-28 09:09:34.933 13511 13544 D NavigationTest: 285: (28.030961, -82.540219, 1.198207)	R:false  F:false
02-28 09:09:34.933 13511 13544 D NavigationTest: 286: (28.030961, -82.540219, 1.198207)	R:false  F:false
02-28 09:09:34.933 13511 13544 D NavServiceProvider: Second to last stop coordinates: 28.024847, -82.537339
02-28 09:09:34.933 13511 13544 D NavServiceProvider: Setting units automatically
02-28 09:09:34.934 13511 13544 D NavServiceProvider: Detecting stop. distance_d=735.1785. stop_type=1 speed=0.976524
02-28 09:09:34.934 13511 13544 D NavigationTest: 287: (28.030969, -82.540219, 0.976524)	R:false  F:false
02-28 09:09:34.934 13511 13544 D NavigationTest: 288: (28.030969, -82.540219, 0.976524)	R:false  F:false
02-28 09:09:34.934 13511 13544 D NavigationTest: 289: (28.030969, -82.540219, 0.976524)	R:false  F:false
02-28 09:09:34.934 13511 13544 D NavServiceProvider: Second to last stop coordinates: 28.024847, -82.537339
02-28 09:09:34.935 13511 13544 D NavServiceProvider: Setting units automatically
02-28 09:09:34.936 13511 13544 D NavServiceProvider: Detecting stop. distance_d=735.16364. stop_type=1 speed=0.0
02-28 09:09:34.936 13511 13544 D NavigationTest: 290: (28.030967, -82.540224, 0.000000)	R:false  F:false
02-28 09:09:34.936 13511 13544 D NavServiceProvider: Second to last stop coordinates: 28.024847, -82.537339
02-28 09:09:34.936 13511 13544 D NavServiceProvider: Setting units automatically
02-28 09:09:34.937 13511 13544 D NavServiceProvider: Detecting stop. distance_d=735.33014. stop_type=1 speed=0.0
02-28 09:09:34.937 13511 13544 D NavigationTest: 291: (28.030969, -82.540223, 0.000000)	R:false  F:false
02-28 09:09:34.937 13511 13544 D NavigationTest: 292: (28.030969, -82.540223, 0.000000)	R:false  F:false
02-28 09:09:34.937 13511 13544 D NavServiceProvider: Second to last stop coordinates: 28.024847, -82.537339
02-28 09:09:34.938 13511 13544 D NavServiceProvider: Setting units automatically
02-28 09:09:34.939 13511 13544 D NavServiceProvider: Detecting stop. distance_d=735.52325. stop_type=1 speed=0.0
02-28 09:09:34.939 13511 13544 D NavigationTest: 293: (28.030972, -82.540220, 0.000000)	R:false  F:false
02-28 09:09:34.939 13511 13544 D NavigationTest: 294: (28.030972, -82.540220, 0.000000)	R:false  F:false
02-28 09:09:34.939 13511 13544 D NavServiceProvider: Second to last stop coordinates: 28.024847, -82.537339
02-28 09:09:34.939 13511 13544 D NavServiceProvider: Setting units automatically
02-28 09:09:34.940 13511 13544 D NavServiceProvider: Detecting stop. distance_d=735.7656. stop_type=1 speed=0.0
02-28 09:09:34.940 13511 13544 D NavigationTest: 295: (28.030974, -82.540221, 0.000000)	R:false  F:false
02-28 09:09:34.940 13511 13544 D NavServiceProvider: Second to last stop coordinates: 28.024847, -82.537339
02-28 09:09:34.941 13511 13544 D NavServiceProvider: Setting units automatically
02-28 09:09:34.942 13511 13544 D NavServiceProvider: Detecting stop. distance_d=736.0346. stop_type=1 speed=0.0
02-28 09:09:34.942 13511 13544 D NavigationTest: 296: (28.030977, -82.540220, 0.000000)	R:false  F:false
02-28 09:09:34.942 13511 13544 D NavigationTest: 297: (28.030977, -82.540220, 0.000000)	R:false  F:false
02-28 09:09:34.942 13511 13544 D NavServiceProvider: Second to last stop coordinates: 28.024847, -82.537339
02-28 09:09:34.942 13511 13544 D NavServiceProvider: Setting units automatically
02-28 09:09:34.943 13511 13544 D NavServiceProvider: Detecting stop. distance_d=736.724. stop_type=1 speed=0.0
