02-28 09:09:31.552 13511 13544 D NavServiceProvider: Setting units automatically
02-28 09:09:31.552 13511 13544 D NavServiceProvider: Detecting stop. distance_d=223.55559. stop_type=1 speed=10.280078
02-28 09:09:31.552 13511 13544 D NavigationTest: 313: (28.064475, -82.408093, 10.280078)	R:false  F:false
02-28 09:09:31.553 13511 13544 D NavigationTest: 314: (28.064475, -82.408093, 10.280078)	R:false  F:false
02-28 09:09:31.553 13511 13544 D NavigationTest: 315: (28.064475, -82.408093, 10.280078)	R:false  F:false
02-28 09:09:31.553 13511 13544 D NavigationTest: 316: (28.064475, -82.408093, 10.280078)	R:false  F:false
02-28 09:09:31.553 13511 13544 D NavServiceProvider: Second to last stop coordinates: 28.065759, -82.409847
02-28 09:09:31.553 13511 13544 D NavServiceProvider: Setting units automatically
02-28 09:09:31.554 13511 13544 D NavServiceProvider: Detecting stop. distance_d=216.3127. stop_type=1 speed=9.961129
02-28 09:09:31.554 13511 13544 D NavigationTest: 317: (28.064578, -82.408095, 9.961129)	R:false  F:false
02-28 09:09:31.554 13511 13544 D NavServiceProvider: Second to last stop coordinates: 28.065759, -82.409847
02-28 09:09:31.554 13511 13544 D NavServiceProvider: Setting units automatically
02-28 09:09:31.555 13511 13544 D NavServiceProvider: Detecting stop. distance_d=211.90057. stop_type=1 speed=9.670419
02-28 09:09:31.555 13511 13544 D NavigationTest: 318: (28.064655, -82.408087, 9.670419)	R:false  F:false
02-28 09:09:31.555 13511 13544 D NavigationTest: 319: (28.064655, -82.408087, 9.670419)	R:false  F:false
02-28 09:09:31.555 13511 13544 D NavServiceProvider: Second to last stop coordinates: 28.065759, -82.409847
02-28 09:09:31.555 13511 13544 D NavServiceProvider: Setting units automatically
02-28 09:09:31.556 13511 13544 D NavServiceProvider: Detecting stop. distance_d=207.58102. stop_type=1 speed=9.060795
02-28 09:09:31.556 13511 13544 D NavigationTest: 320: (28.064728, -82.408084, 9.060795)	R:false  F:false
02-28 09:09:31.556 13511 13544 D NavigationTest: 321: (28.064728, -82.408084, 9.060795)	R:false  F:false
02-28 09:09:31.557 13511 13544 D NavServiceProvider: Second to last stop coordinates: 28.065759, -82.409847
02-28 09:09:31.557 13511 13544 D NavServiceProvider: Setting units automatically
02-28 09:09:31.558 13511 13544 D NavServiceProvider: Detecting stop. distance_d=201.10043. stop_type=1 speed=9.56
02-28 09:09:31.558 13511 13544 D NavigationTest: 322: (28.064834, -82.408087, 9.560000)	R:false  F:false
02-28 09:09:31.558 13511 13544 D NavServiceProvider: Second to last stop coordinates: 28.065759, -82.409847
02-28 09:09:31.558 13511 13544 D NavServiceProvider: Setting units automatically
02-28 09:09:31.560 13579 13616 D AudioTrack: stop(149): called with 6976 frames delivered
02-28 09:09:31.561 13579 13612 I EventProcessor: synthesizeMarkup call to callback.audioAvailable failed: -1
02-28 09:09:31.561  2666  3413 D Avrcp_ext: AudioManager Player: ID:23 -- type:android.media.SoundPool -- u/pid:10126/2688 -- state:idle -- attr:AudioAttributes: usage=USAGE_ASSISTANCE_SONIFICATION content=CONTENT_TYPE_SONIFICATION flags=0x800 tags= bundle=null
02-28 09:09:31.561  2666  3413 D Avrcp_ext: AudioManager Player: ID:15 -- type:android.media.SoundPool -- u/pid:1000/1493 -- state:idle -- attr:AudioAttributes: usage=USAGE_ASSISTANCE_SONIFICATION content=CONTENT_TYPE_SONIFICATION flags=0x800 tags= bundle=null
02-28 09:09:31.561  2666  3413 D Avrcp_ext: AudioManager Player: ID:1039 -- type:android.media.AudioTrack -- u/pid:10088/13579 -- state:stopped -- attr:AudioAttributes: usage=USAGE_MEDIA content=CONTENT_TYPE_SPEECH flags=0x800 tags= bundle=null
02-28 09:09:31.561  2666  3413 D Avrcp_ext: AudioManager isPlaying: false
02-28 09:09:31.561  2666  3413 V Avrcp_ext: updateCurrentMediaState: mMediaController: null
02-28 09:09:31.561  2666  3413 V Avrcp_ext: isMusicActive: true getBluetoothPlayState: 2
02-28 09:09:31.561  2666  3413 V Avrcp_ext: updateCurrentMediaState: isPlaying = false
02-28 09:09:31.562  2666  3413 V Avrcp_ext: Media update: id -1➡-1? [MediaAttributes: none] : [MediaAttributes: none]
02-28 09:09:31.562  2666  3413 V Avrcp_ext: newPlayStatus:2mReportedPlayStatus:-1
02-28 09:09:31.562  2666  3413 V Avrcp_ext: updatePlaybackState, state: PlaybackState {state=2, position=-1, buffered position=0, speed=0.0, updated=1774892, actions=0, custom actions=[], active item id=-1, error=null} device: null
02-28 09:09:31.562  2666  3413 V Avrcp_ext: Device: no name:
02-28 09:09:31.562  2666  3413 I chatty  : uid=1002(bluetooth) BluetoothAvrcpH identical 3 lines
02-28 09:09:31.562  2666  3413 V Avrcp_ext: Device: no name:
02-28 09:09:31.562  2666  3413 V Avrcp_ext: updatePlayerStateAndPosition, old=PlaybackState {state=2, position=-1, buffered position=0, speed=0.0, updated=1774750, actions=0, custom actions=[], active item id=-1, error=null}, state=PlaybackState {state=2, position=-1, buffered position=0, speed=0.0, updated=1774892, actions=0, custom actions=[], active item id=-1, error=null}
02-28 09:09:31.562  2666  3413 V Avrcp_ext: old state = PlaybackState {state=2, position=-1, buffered position=0, speed=0.0, updated=1774750, actions=0, custom actions=[], active item id=-1, error=null}, new state= PlaybackState {state=2, position=-1, buffered position=0, speed=0.0, updated=1774892, actions=0, custom actions=[], active item id=-1, error=null}
02-28 09:09:31.562  2666  3413 D HeadsetService: getHeadsetService(): returning com.android.bluetooth.hfp.HeadsetService@8a04d28
02-28 09:09:31.562 13511 13544 D NavServiceProvider: -----Get ready!
02-28 09:09:31.562  2666  3413 D HeadsetService:  isAudioOn: The number of audio connected devices 0
02-28 09:09:31.562  2666  3413 D HeadsetService: isScoOrCallActive(): Call Active:falseCall is Ringing:falseSCO is Active:false
02-28 09:09:31.562 13511 13544 D NavigationTest: 323: (28.064922, -82.408084, 9.470529)	R:true  F:false
02-28 09:09:31.562 13511 13544 D NavServiceProvider: Second to last stop coordinates: 28.065759, -82.409847
02-28 09:09:31.563 13511 13544 D NavServiceProvider: Setting units automatically
02-28 09:09:31.563 13579 13612 I GoogleTTSServiceImpl: Synthesis request for locale eng-USA and name en-US-language
02-28 09:09:31.563 13579 13612 I GoogleTTSServiceImpl: TTS dispatch: en-us-x-iog-seanet-embedded
02-28 09:09:31.564  2666  3413 D HeadsetService:  isAudioOn: The number of audio connected devices 0
02-28 09:09:31.564  2666  3413 I Avrcp_ext: updatePlayStatusForDevice: device: null
02-28 09:09:31.564 13511 13544 D NavServiceProvider: Detecting stop. distance_d=196.56862. stop_type=1 speed=9.470529
02-28 09:09:31.564  2666  3413 V Avrcp_ext: updatePlaybackState (1): old=PlaybackState {state=2, position=-1, buffered position=0, speed=0.0, updated=1774750, actions=0, custom actions=[], active item id=-1, error=null}(2), new=PlaybackState {state=2, position=-1, buffered position=0, speed=0.0, updated=1774892, actions=0, custom actions=[], active item id=-1, error=null}(2)
02-28 09:09:31.564  2666  3413 I Avrcp_ext: Exit updatePlayStatusForDevice
02-28 09:09:31.564 13511 13544 D NavigationTest: 323: (28.064922, -82.408084, 9.470529)	R:true  F:false
02-28 09:09:31.564 13511 13544 D NavigationTest: 324: (28.064922, -82.408084, 9.470529)	R:true  F:false
02-28 09:09:31.564 13511 13544 D NavServiceProvider: Second to last stop coordinates: 28.065759, -82.409847
02-28 09:09:31.564 13511 13544 D NavServiceProvider: Setting units automatically
02-28 09:09:31.565 13511 13544 D NavServiceProvider: Detecting stop. distance_d=191.66823. stop_type=1 speed=9.590522
02-28 09:09:31.566 13511 13544 D NavigationTest: 325: (28.065000, -82.408095, 9.590522)	R:true  F:false
02-28 09:09:31.566 13511 13544 D NavigationTest: 326: (28.065000, -82.408095, 9.590522)	R:true  F:false
02-28 09:09:31.566 13511 13544 D NavServiceProvider: Second to last stop coordinates: 28.065759, -82.409847
02-28 09:09:31.566  2666  3413 D HeadsetService:  isAudioOn: The number of audio connected devices 0
02-28 09:09:31.566 13511 13544 D NavServiceProvider: Setting units automatically
02-28 09:09:31.566  2666  3413 D HeadsetService: isScoOrCallActive(): Call Active:falseCall is Ringing:falseSCO is Active:false
02-28 09:09:31.566  2666  3413 D HeadsetService:  isAudioOn: The number of audio connected devices 0
02-28 09:09:31.566  2666  3413 I Avrcp_ext: updatePlayStatusForDevice: device: null
02-28 09:09:31.566  2666  3413 V Avrcp_ext: updatePlaybackState (1): old=PlaybackState {state=2, position=-1, buffered position=0, speed=0.0, updated=1774750, actions=0, custom actions=[], active item id=-1, error=null}(2), new=PlaybackState {state=2, position=-1, buffered position=0, speed=0.0, updated=1774892, actions=0, custom actions=[], active item id=-1, error=null}(2)
02-28 09:09:31.566  2666  3413 I Avrcp_ext: Exit updatePlayStatusForDevice
02-28 09:09:31.567  2666  3413 D HeadsetService:  isAudioOn: The number of audio connected devices 0
02-28 09:09:31.567  2666  3413 D HeadsetService: isScoOrCallActive(): Call Active:falseCall is Ringing:falseSCO is Active:false
02-28 09:09:31.567  2666  3413 D HeadsetService:  isAudioOn: The number of audio connected devices 0
02-28 09:09:31.567  2666  3413 I Avrcp_ext: updatePlayStatusForDevice: device: null
02-28 09:09:31.567  2666  3413 V Avrcp_ext: updatePlaybackState (1): old=PlaybackState {state=2, position=-1, buffered position=0, speed=0.0, updated=1774750, actions=0, custom actions=[], active item id=-1, error=null}(2), new=PlaybackState {state=2, position=-1, buffered position=0, speed=0.0, updated=1774892, actions=0, custom actions=[], active item id=-1, error=null}(2)
02-28 09:09:31.567  2666  3413 I Avrcp_ext: Exit updatePlayStatusForDevice
02-28 09:09:31.567 13511 13544 D NavServiceProvider: Detecting stop. distance_d=188.13487. stop_type=1 speed=9.586391
02-28 09:09:31.567  2666  3413 D HeadsetService:  isAudioOn: The number of audio connected devices 0
02-28 09:09:31.567 13511 13544 D NavigationTest: 327: (28.065088, -82.408089, 9.586391)	R:true  F:false
02-28 09:09:31.567  2666  3413 D HeadsetService: isScoOrCallActive(): Call Active:falseCall is Ringing:falseSCO is Active:false
02-28 09:09:31.567 13511 13544 D NavigationTest: 328: (28.065088, -82.408089, 9.586391)	R:true  F:false
02-28 09:09:31.567 13511 13544 D NavServiceProvider: Second to last stop coordinates: 28.065759, -82.409847
02-28 09:09:31.567  2666  3413 D HeadsetService:  isAudioOn: The number of audio connected devices 0
02-28 09:09:31.567  2666  3413 I Avrcp_ext: updatePlayStatusForDevice: device: null
02-28 09:09:31.567  2666  3413 V Avrcp_ext: updatePlaybackState (1): old=PlaybackState {state=2, position=-1, buffered position=0, speed=0.0, updated=1774750, actions=0, custom actions=[], active item id=-1, error=null}(2), new=PlaybackState {state=2, position=-1, buffered position=0, speed=0.0, updated=1774892, actions=0, custom actions=[], active item id=-1, error=null}(2)
02-28 09:09:31.567  2666  3413 I Avrcp_ext: Exit updatePlayStatusForDevice
02-28 09:09:31.568 13511 13544 D NavServiceProvider: Setting units automatically
02-28 09:09:31.568  2666  3413 D HeadsetService:  isAudioOn: The number of audio connected devices 0
02-28 09:09:31.568  2666  3413 D HeadsetService: isScoOrCallActive(): Call Active:falseCall is Ringing:falseSCO is Active:false
02-28 09:09:31.568  2666  3413 D HeadsetService:  isAudioOn: The number of audio connected devices 0
02-28 09:09:31.568  2666  3413 I Avrcp_ext: updatePlayStatusForDevice: device: null
02-28 09:09:31.568  2666  3413 V Avrcp_ext: updatePlaybackState (1): old=PlaybackState {state=2, position=-1, buffered position=0, speed=0.0, updated=1774750, actions=0, custom actions=[], active item id=-1, error=null}(2), new=PlaybackState {state=2, position=-1, buffered position=0, speed=0.0, updated=1774892, actions=0, custom actions=[], active item id=-1, error=null}(2)
02-28 09:09:31.568  2666  3413 I Avrcp_ext: Exit updatePlayStatusForDevice
02-28 09:09:31.568  2666  3413 D Avrcp_ext: Enter sendPlayPosNotificationRsp
02-28 09:09:31.568  2666  3413 D Avrcp_ext: sendPlayPosNotificationRsp: Not registered or requesting.
02-28 09:09:31.568  2666  3413 D Avrcp_ext: Enter sendPlayPosNotificationRsp
02-28 09:09:31.568  2666  3413 D Avrcp_ext: sendPlayPosNotificationRsp: Not registered or requesting.
02-28 09:09:31.568  2666  3413 D Avrcp_ext: Enter sendPlayPosNotificationRsp
02-28 09:09:31.568  2666  3413 D Avrcp_ext: sendPlayPosNotificationRsp: Not registered or requesting.
02-28 09:09:31.568  2666  3413 D Avrcp_ext: Enter sendPlayPosNotificationRsp
02-28 09:09:31.568  2666  3413 D Avrcp_ext: sendPlayPosNotificationRsp: Not registered or requesting.
02-28 09:09:31.568  2666  3413 D Avrcp_ext: Enter sendPlayPosNotificationRsp
02-28 09:09:31.568  2666  3413 D Avrcp_ext: sendPlayPosNotificationRsp: Not registered or requesting.
02-28 09:09:31.568  2666  3413 V Avrcp_ext: Exit updatePlayerStateAndPosition
02-28 09:09:31.569 13511 13544 D NavServiceProvider: Detecting stop. distance_d=183.84373. stop_type=1 speed=9.31421
02-28 09:09:31.569 13511 13544 D NavigationTest: 329: (28.065181, -82.408094, 9.314210)	R:true  F:false
02-28 09:09:31.569 13511 13544 D NavigationTest: 330: (28.065181, -82.408094, 9.314210)	R:true  F:false
02-28 09:09:31.569 13511 13544 D NavServiceProvider: Second to last stop coordinates: 28.065759, -82.409847
02-28 09:09:31.569 13511 13544 D NavServiceProvider: Setting units automatically
02-28 09:09:31.570  2666  3413 D Avrcp_ext: AudioManager Player: ID:23 -- type:android.media.SoundPool -- u/pid:10126/2688 -- state:idle -- attr:AudioAttributes: usage=USAGE_ASSISTANCE_SONIFICATION content=CONTENT_TYPE_SONIFICATION flags=0x800 tags= bundle=null
02-28 09:09:31.570  2666  3413 D Avrcp_ext: AudioManager Player: ID:15 -- type:android.media.SoundPool -- u/pid:1000/1493 -- state:idle -- attr:AudioAttributes: usage=USAGE_ASSISTANCE_SONIFICATION content=CONTENT_TYPE_SONIFICATION flags=0x800 tags= bundle=null
02-28 09:09:31.570  2666  3413 D Avrcp_ext: AudioManager isPlaying: false
02-28 09:09:31.571 13511 13544 D NavServiceProvider: Detecting stop. distance_d=179.72269. stop_type=1 speed=9.070353
02-28 09:09:31.571 13511 13544 D NavigationTest: 331: (28.065278, -82.408101, 9.070353)	R:true  F:false
02-28 09:09:31.571 13511 13544 D NavServiceProvider: Second to last stop coordinates: 28.065759, -82.409847
02-28 09:09:31.571 13511 13544 D NavServiceProvider: Setting units automatically
02-28 09:09:31.573 13511 13544 D NavServiceProvider: Detecting stop. distance_d=176.65375. stop_type=1 speed=8.400148
02-28 09:09:31.573 13511 13544 D NavigationTest: 332: (28.065371, -82.408104, 8.400148)	R:true  F:false
02-28 09:09:31.573 13511 13544 D NavigationTest: 333: (28.065371, -82.408104, 8.400148)	R:true  F:false
02-28 09:09:31.573 13511 13544 D NavServiceProvider: Second to last stop coordinates: 28.065759, -82.409847
02-28 09:09:31.573 13511 13544 D NavServiceProvider: Setting units automatically
02-28 09:09:31.575 13511 13544 D NavServiceProvider: Detecting stop. distance_d=174.27014. stop_type=1 speed=7.600322
02-28 09:09:31.575 13511 13544 D NavigationTest: 334: (28.065436, -82.408112, 7.600322)	R:true  F:false
02-28 09:09:31.575 13511 13544 D NavServiceProvider: Second to last stop coordinates: 28.065759, -82.409847
02-28 09:09:31.575 13511 13544 D NavServiceProvider: Setting units automatically
02-28 09:09:31.577 13511 13544 D NavServiceProvider: Detecting stop. distance_d=173.4496. stop_type=1 speed=6.020532
02-28 09:09:31.577 13511 13544 D NavigationTest: 335: (28.065489, -82.408109, 6.020532)	R:true  F:false
02-28 09:09:31.577 13511 13544 D NavigationTest: 336: (28.065489, -82.408109, 6.020532)	R:true  F:false
02-28 09:09:31.577 13511 13544 D NavServiceProvider: Second to last stop coordinates: 28.065759, -82.409847
02-28 09:09:31.578 13511 13544 D NavServiceProvider: Setting units automatically
02-28 09:09:31.579 13511 13544 D NavServiceProvider: Detecting stop. distance_d=171.96486. stop_type=1 speed=5.541092
02-28 09:09:31.579 13511 13544 D NavigationTest: 337: (28.065541, -82.408115, 5.541092)	R:true  F:false
02-28 09:09:31.579 13511 13544 D NavServiceProvider: Second to last stop coordinates: 28.065759, -82.409847
02-28 09:09:31.580 13511 13544 D NavServiceProvider: Setting units automatically
02-28 09:09:31.581 13511 13544 D NavServiceProvider: Detecting stop. distance_d=171.75089. stop_type=1 speed=5.257462
02-28 09:09:31.581 13511 13544 D NavigationTest: 338: (28.065592, -82.408110, 5.257462)	R:true  F:false
02-28 09:09:31.581 13511 13544 D NavigationTest: 339: (28.065592, -82.408110, 5.257462)	R:true  F:false
02-28 09:09:31.581 13511 13544 D NavServiceProvider: Second to last stop coordinates: 28.065759, -82.409847
02-28 09:09:31.581 13511 13544 D NavServiceProvider: Setting units automatically
02-28 09:09:31.583 13511 13544 D NavServiceProvider: Detecting stop. distance_d=171.53496. stop_type=1 speed=5.150476
02-28 09:09:31.583 13511 13544 D NavigationTest: 340: (28.065631, -82.408108, 5.150476)	R:true  F:false
02-28 09:09:31.583 13511 13544 D NavigationTest: 341: (28.065631, -82.408108, 5.150476)	R:true  F:false
02-28 09:09:31.583 13511 13544 D NavServiceProvider: Second to last stop coordinates: 28.065759, -82.409847
02-28 09:09:31.583 13511 13544 D NavServiceProvider: Setting units automatically
02-28 09:09:31.584 13511 13544 D NavServiceProvider: Detecting stop. distance_d=169.55696. stop_type=1 speed=5.160038
02-28 09:09:31.584 13511 13544 D NavigationTest: 342: (28.065671, -82.408125, 5.160038)	R:true  F:false
02-28 09:09:31.584 13511 13544 D NavServiceProvider: Second to last stop coordinates: 28.065759, -82.409847
02-28 09:09:31.585 13511 13544 D NavServiceProvider: Setting units automatically
02-28 09:09:31.586 13511 13544 D NavServiceProvider: Detecting stop. distance_d=167.19475. stop_type=1 speed=5.080246
02-28 09:09:31.586 13511 13544 D NavigationTest: 343: (28.065712, -82.408147, 5.080246)	R:true  F:false
02-28 09:09:31.586 13511 13544 D NavigationTest: 344: (28.065712, -82.408147, 5.080246)	R:true  F:false
02-28 09:09:31.586 13511 13544 D NavServiceProvider: Second to last stop coordinates: 28.065759, -82.409847
02-28 09:09:31.586 13511 13544 D NavServiceProvider: Setting units automatically
02-28 09:09:31.587 13511 13544 D NavServiceProvider: Detecting stop. distance_d=161.84914. stop_type=1 speed=5.461318
02-28 09:09:31.588 13511 13544 D NavigationTest: 345: (28.065725, -82.408201, 5.461318)	R:true  F:false
02-28 09:09:31.588 13511 13544 D NavigationTest: 346: (28.065725, -82.408201, 5.461318)	R:true  F:false
02-28 09:09:31.588 13511 13544 D NavServiceProvider: Second to last stop coordinates: 28.065759, -82.409847
02-28 09:09:31.588 13511 13544 D NavServiceProvider: Setting units automatically
02-28 09:09:31.589 13511 13544 D NavServiceProvider: Detecting stop. distance_d=157.58142. stop_type=1 speed=5.483293
02-28 09:09:31.589 13511 13544 D NavigationTest: 347: (28.065750, -82.408244, 5.483293)	R:true  F:false
02-28 09:09:31.589 13511 13544 D NavServiceProvider: Second to last stop coordinates: 28.065759, -82.409847
02-28 09:09:31.590 13511 13544 D NavServiceProvider: Setting units automatically
02-28 09:09:31.591 13511 13544 D NavServiceProvider: Detecting stop. distance_d=152.56972. stop_type=1 speed=4.779425
02-28 09:09:31.591 13511 13544 D NavigationTest: 348: (28.065748, -82.408295, 4.779425)	R:true  F:false
02-28 09:09:31.591 13511 13544 D NavigationTest: 349: (28.065748, -82.408295, 4.779425)	R:true  F:false
02-28 09:09:31.591 13511 13544 D NavigationTest: 350: (28.065748, -82.408295, 4.779425)	R:true  F:false
02-28 09:09:31.591 13511 13544 D NavigationTest: 351: (28.065748, -82.408295, 4.779425)	R:true  F:false
02-28 09:09:31.592 13511 13544 D NavServiceProvider: Second to last stop coordinates: 28.065759, -82.409847
02-28 09:09:31.592 13511 13544 D NavServiceProvider: Setting units automatically
02-28 09:09:31.593 13511 13544 D NavServiceProvider: Detecting stop. distance_d=148.23972. stop_type=1 speed=4.810374
02-28 09:09:31.593 13511 13544 D NavigationTest: 352: (28.065761, -82.408339, 4.810374)	R:true  F:false
02-28 09:09:31.593 13511 13544 D NavServiceProvider: Second to last stop coordinates: 28.065759, -82.409847
02-28 09:09:31.594 13511 13544 D NavServiceProvider: Setting units automatically
02-28 09:09:31.595 13511 13544 D NavServiceProvider: Detecting stop. distance_d=142.54015. stop_type=1 speed=5.170619
02-28 09:09:31.595 13511 13544 D NavigationTest: 353: (28.065752, -82.408397, 5.170619)	R:true  F:false
02-28 09:09:31.595 13511 13544 D NavigationTest: 354: (28.065752, -82.408397, 5.170619)	R:true  F:false
02-28 09:09:31.595 13511 13544 D NavServiceProvider: Second to last stop coordinates: 28.065759, -82.409847
02-28 09:09:31.595 13511 13544 D NavServiceProvider: Setting units automatically
02-28 09:09:31.596 13511 13544 D NavServiceProvider: Detecting stop. distance_d=137.13304. stop_type=1 speed=5.360084
02-28 09:09:31.596 13511 13544 D NavigationTest: 355: (28.065753, -82.408452, 5.360084)	R:true  F:false
02-28 09:09:31.596 13511 13544 D NavigationTest: 356: (28.065753, -82.408452, 5.360084)	R:true  F:false
02-28 09:09:31.596 13511 13544 D NavServiceProvider: Second to last stop coordinates: 28.065759, -82.409847
02-28 09:09:31.597 13511 13544 D NavServiceProvider: Setting units automatically
02-28 09:09:31.598 13511 13544 D NavServiceProvider: Detecting stop. distance_d=131.23372. stop_type=1 speed=5.661272
02-28 09:09:31.598 13511 13544 D NavigationTest: 357: (28.065756, -82.408512, 5.661272)	R:true  F:false
02-28 09:09:31.598 13511 13544 D NavigationTest: 358: (28.065756, -82.408512, 5.661272)	R:true  F:false
02-28 09:09:31.598 13511 13544 D NavServiceProvider: Second to last stop coordinates: 28.065759, -82.409847
02-28 09:09:31.598 13511 13544 D NavServiceProvider: Setting units automatically
02-28 09:09:31.600 13511 13544 D NavServiceProvider: Detecting stop. distance_d=126.715324. stop_type=1 speed=5.100157
02-28 09:09:31.600 13511 13544 D NavigationTest: 359: (28.065750, -82.408558, 5.100157)	R:true  F:false
02-28 09:09:31.600 13511 13544 D NavigationTest: 360: (28.065750, -82.408558, 5.100157)	R:true  F:false
02-28 09:09:31.600 13511 13544 D NavServiceProvider: Second to last stop coordinates: 28.065759, -82.409847
02-28 09:09:31.600 13511 13544 D NavServiceProvider: Setting units automatically
02-28 09:09:31.601 13511 13544 D NavServiceProvider: Detecting stop. distance_d=119.24064. stop_type=1 speed=6.192334
02-28 09:09:31.602 13511 13544 D NavigationTest: 361: (28.065761, -82.408634, 6.192334)	R:true  F:false
02-28 09:09:31.602 13511 13544 D NavServiceProvider: Second to last stop coordinates: 28.065759, -82.409847
02-28 09:09:31.602 13511 13544 D NavServiceProvider: Setting units automatically
02-28 09:09:31.603 13511 13544 D NavServiceProvider: Detecting stop. distance_d=112.46109. stop_type=1 speed=6.46007
02-28 09:09:31.603 13511 13544 D NavigationTest: 362: (28.065751, -82.408703, 6.460070)	R:true  F:false
02-28 09:09:31.603 13511 13544 D NavigationTest: 363: (28.065751, -82.408703, 6.460070)	R:true  F:false
02-28 09:09:31.603 13511 13544 D NavServiceProvider: Second to last stop coordinates: 28.065759, -82.409847
02-28 09:09:31.604 13511 13544 D NavServiceProvider: Setting units automatically
02-28 09:09:31.605 13511 13544 D NavServiceProvider: Detecting stop. distance_d=104.69179. stop_type=1 speed=6.651083
02-28 09:09:31.605 13511 13544 D NavigationTest: 364: (28.065758, -82.408782, 6.651083)	R:true  F:false
02-28 09:09:31.605 13511 13544 D NavigationTest: 365: (28.065758, -82.408782, 6.651083)	R:true  F:false
02-28 09:09:31.605 13511 13544 D NavServiceProvider: Second to last stop coordinates: 28.065759, -82.409847
02-28 09:09:31.605 13511 13544 D NavServiceProvider: Setting units automatically
02-28 09:09:31.606 13511 13544 D NavServiceProvider: Detecting stop. distance_d=97.810646. stop_type=1 speed=6.691263
02-28 09:09:31.606 13511 13544 D NavServiceProvider: Case 1: false
02-28 09:09:31.606 13511 13544 D NavigationTest: 366: (28.065760, -82.408852, 6.691263)	R:true  F:false
02-28 09:09:31.606 13511 13544 D NavigationTest: 367: (28.065760, -82.408852, 6.691263)	R:true  F:false
02-28 09:09:31.606 13511 13544 D NavServiceProvider: Second to last stop coordinates: 28.065759, -82.409847
02-28 09:09:31.607 13511 13544 D NavServiceProvider: Setting units automatically
02-28 09:09:31.608 13511 13544 D NavServiceProvider: Detecting stop. distance_d=91.62183. stop_type=1 speed=6.770598
02-28 09:09:31.608 13511 13544 D NavigationTest: 368: (28.065767, -82.408915, 6.770598)	R:true  F:false
02-28 09:09:31.608 13511 13544 D NavServiceProvider: Second to last stop coordinates: 28.065759, -82.409847
02-28 09:09:31.608 13511 13544 D NavServiceProvider: Setting units automatically
02-28 09:09:31.609 13511 13544 D NavServiceProvider: Detecting stop. distance_d=86.316345. stop_type=1 speed=6.221358
02-28 09:09:31.610 13511 13544 D NavigationTest: 369: (28.065769, -82.408969, 6.221358)	R:true  F:false
02-28 09:09:31.610 13511 13544 D NavigationTest: 370: (28.065769, -82.408969, 6.221358)	R:true  F:false
02-28 09:09:31.610 13511 13544 D NavServiceProvider: Second to last stop coordinates: 28.065759, -82.409847
02-28 09:09:31.610 13511 13544 D NavServiceProvider: Setting units automatically
02-28 09:09:31.611 13511 13544 D NavServiceProvider: Detecting stop. distance_d=79.77111. stop_type=1 speed=6.780737
02-28 09:09:31.611 13511 13544 D NavigationTest: 371: (28.065784, -82.409036, 6.780737)	R:true  F:false
02-28 09:09:31.611 13511 13544 D NavigationTest: 372: (28.065784, -82.409036, 6.780737)	R:true  F:false
02-28 09:09:31.611 13511 13544 D NavServiceProvider: Second to last stop coordinates: 28.065759, -82.409847
02-28 09:09:31.612 13511 13544 D NavServiceProvider: Setting units automatically
02-28 09:09:31.613 13511 13544 D NavServiceProvider: Detecting stop. distance_d=72.16063. stop_type=1 speed=5.691977
02-28 09:09:31.613 13511 13544 D NavigationTest: 373: (28.065768, -82.409113, 5.691977)	R:true  F:false
02-28 09:09:31.613 13511 13544 D NavigationTest: 374: (28.065768, -82.409113, 5.691977)	R:true  F:false
02-28 09:09:31.613 13511 13544 D NavServiceProvider: Second to last stop coordinates: 28.065759, -82.409847
02-28 09:09:31.613 13511 13544 D NavServiceProvider: Setting units automatically
02-28 09:09:31.614 13511 13544 D NavServiceProvider: Detecting stop. distance_d=67.82989. stop_type=1 speed=3.940051
02-28 09:09:31.615 13511 13544 D NavigationTest: 375: (28.065763, -82.409157, 3.940051)	R:true  F:false
02-28 09:09:31.615 13511 13544 D NavigationTest: 376: (28.065763, -82.409157, 3.940051)	R:true  F:false
02-28 09:09:31.615 13511 13544 D NavServiceProvider: Second to last stop coordinates: 28.065759, -82.409847
02-28 09:09:31.615 13511 13544 D NavServiceProvider: Setting units automatically
02-28 09:09:31.616 13511 13544 D NavServiceProvider: Detecting stop. distance_d=62.815136. stop_type=1 speed=4.300419
02-28 09:09:31.616 13511 13544 D NavigationTest: 377: (28.065760, -82.409208, 4.300419)	R:true  F:false
02-28 09:09:31.616 13511 13544 D NavigationTest: 378: (28.065760, -82.409208, 4.300419)	R:true  F:false
02-28 09:09:31.616 13511 13544 D NavServiceProvider: Second to last stop coordinates: 28.065759, -82.409847
02-28 09:09:31.616 13511 13544 D NavServiceProvider: Setting units automatically
02-28 09:09:31.617 13511 13544 D NavServiceProvider: Detecting stop. distance_d=57.016182. stop_type=1 speed=4.640043
02-28 09:09:31.617 13511 13544 D NavigationTest: 379: (28.065762, -82.409267, 4.640043)	R:true  F:false
02-28 09:09:31.617 13511 13544 D NavigationTest: 380: (28.065762, -82.409267, 4.640043)	R:true  F:false
02-28 09:09:31.618 13511 13544 D NavServiceProvider: Second to last stop coordinates: 28.065759, -82.409847
02-28 09:09:31.619 13511 13544 D NavServiceProvider: Setting units automatically
02-28 09:09:31.621 13511 13544 D NavServiceProvider: Detecting stop. distance_d=55.154602. stop_type=1 speed=2.900845
02-28 09:09:31.621 13511 13544 D NavigationTest: 381: (28.065751, -82.409286, 2.900845)	R:true  F:false
02-28 09:09:31.621 13511 13544 D NavServiceProvider: Second to last stop coordinates: 28.065759, -82.409847
02-28 09:09:31.621 13511 13544 D NavServiceProvider: Setting units automatically
02-28 09:09:31.622 13511 13544 D NavServiceProvider: Detecting stop. distance_d=51.414978. stop_type=1 speed=2.80216
02-28 09:09:31.622 13511 13544 D NavigationTest: 382: (28.065764, -82.409324, 2.802160)	R:true  F:false
02-28 09:09:31.622 13511 13544 D NavigationTest: 383: (28.065764, -82.409324, 2.802160)	R:true  F:false
02-28 09:09:31.622 13511 13544 D NavServiceProvider: Second to last stop coordinates: 28.065759, -82.409847
02-28 09:09:31.623 13511 13544 D NavServiceProvider: Setting units automatically
02-28 09:09:31.624 13511 13544 D NavServiceProvider: Detecting stop. distance_d=47.28538. stop_type=1 speed=3.041644
02-28 09:09:31.624 13511 13544 D NavServiceProvider: Case 2: false
02-28 09:09:31.624 13511 13544 D NavigationTest: 384: (28.065763, -82.409366, 3.041644)	R:true  F:false
02-28 09:09:31.624 13511 13544 D NavigationTest: 385: (28.065763, -82.409366, 3.041644)	R:true  F:false
02-28 09:09:31.624 13511 13544 D NavServiceProvider: Second to last stop coordinates: 28.065759, -82.409847
02-28 09:09:31.624 13511 13544 D NavServiceProvider: Setting units automatically
02-28 09:09:31.626 13511 13544 D NavServiceProvider: Detecting stop. distance_d=45.723904. stop_type=1 speed=3.435826
02-28 09:09:31.626 13511 13544 D NavigationTest: 386: (28.065769, -82.409382, 3.435826)	R:true  F:false
02-28 09:09:31.626 13511 13544 D NavigationTest: 387: (28.065769, -82.409382, 3.435826)	R:true  F:false
02-28 09:09:31.626 13511 13544 D NavServiceProvider: Second to last stop coordinates: 28.065759, -82.409847
02-28 09:09:31.626 13511 13544 D NavServiceProvider: Setting units automatically
02-28 09:09:31.627 13511 13544 D NavServiceProvider: Detecting stop. distance_d=41.751328. stop_type=1 speed=4.307261
02-28 09:09:31.628 13511 13544 D NavigationTest: 388: (28.065781, -82.409423, 4.307261)	R:true  F:false
02-28 09:09:31.628 13511 13544 D NavigationTest: 389: (28.065781, -82.409423, 4.307261)	R:true  F:false
02-28 09:09:31.628 13511 13544 D NavigationTest: 390: (28.065781, -82.409423, 4.307261)	R:true  F:false
02-28 09:09:31.628 13511 13544 D NavServiceProvider: Second to last stop coordinates: 28.065759, -82.409847
02-28 09:09:31.628 13511 13544 D NavServiceProvider: Setting units automatically
02-28 09:09:31.629 13511 13544 D NavServiceProvider: Detecting stop. distance_d=36.75516. stop_type=1 speed=5.05099
02-28 09:09:31.629 13511 13544 D NavigationTest: 391: (28.065782, -82.409474, 5.050990)	R:true  F:false
02-28 09:09:31.629 13511 13544 D NavServiceProvider: Second to last stop coordinates: 28.065759, -82.409847
02-28 09:09:31.630 13511 13544 D NavServiceProvider: Setting units automatically
02-28 09:09:31.631 13511 13544 D NavServiceProvider: Detecting stop. distance_d=29.369596. stop_type=1 speed=7.16252
02-28 09:09:31.631 13511 13544 D NavigationTest: 392: (28.065778, -82.409549, 7.162520)	R:true  F:false
02-28 09:09:31.631 13511 13544 D NavigationTest: 393: (28.065778, -82.409549, 7.162520)	R:true  F:false
02-28 09:09:31.631 13511 13544 D NavServiceProvider: Second to last stop coordinates: 28.065759, -82.409847
02-28 09:09:31.631 13511 13544 D NavServiceProvider: Setting units automatically
02-28 09:09:31.632 13511 13544 D NavServiceProvider: Detecting stop. distance_d=22.694826. stop_type=1 speed=7.012853
02-28 09:09:31.632 13511 13544 D NavigationTest: 394: (28.065785, -82.409618, 7.012853)	R:true  F:false
02-28 09:09:31.633 13511 13544 D NavigationTest: 395: (28.065785, -82.409618, 7.012853)	R:true  F:false
02-28 09:09:31.633 13511 13544 D NavServiceProvider: Second to last stop coordinates: 28.065759, -82.409847
02-28 09:09:31.633 13511 13544 D NavServiceProvider: Setting units automatically
02-28 09:09:31.634 13511 13544 D NavServiceProvider: Detecting stop. distance_d=14.445769. stop_type=1 speed=7.702103
02-28 09:09:31.634 13511 13544 D NavServiceProvider: Case 3: false
02-28 09:09:31.634 13511 13544 D NavigationTest: 396: (28.065785, -82.409703, 7.702103)	R:true  F:false
02-28 09:09:31.634 13511 13544 D NavigationTest: 397: (28.065785, -82.409703, 7.702103)	R:true  F:false
02-28 09:09:31.634 13511 13544 D NavServiceProvider: Second to last stop coordinates: 28.065759, -82.409847
02-28 09:09:31.634 13511 13544 D NavServiceProvider: Setting units automatically
02-28 09:09:31.636 13511 13544 D NavServiceProvider: Detecting stop. distance_d=7.008324. stop_type=1 speed=8.102987
02-28 09:09:31.636 13511 13544 D NavServiceProvider: Case 4: false
02-28 09:09:31.636 13511 13544 D NavigationTest: 398: (28.065778, -82.409779, 8.102987)	R:true  F:false
02-28 09:09:31.636 13511 13544 D NavServiceProvider: Second to last stop coordinates: 28.065759, -82.409847
02-28 09:09:31.636 13511 13544 D NavServiceProvider: Setting units automatically
02-28 09:09:31.637 13511 13544 D NavServiceProvider: Detecting stop. distance_d=2.3923848. stop_type=1 speed=7.931822
02-28 09:09:31.637 13511 13544 D NavigationTest: 399: (28.065776, -82.409862, 7.931822)	R:true  F:false
02-28 09:09:31.637 13511 13544 D NavigationTest: 400: (28.065776, -82.409862, 7.931822)	R:true  F:false
02-28 09:09:31.637 13511 13544 D NavServiceProvider: Second to last stop coordinates: 28.065759, -82.409847
02-28 09:09:31.637 13511 13544 D NavServiceProvider: Setting units automatically
02-28 09:09:31.639 13511 13544 D NavServiceProvider: Detecting stop. distance_d=9.3697405. stop_type=1 speed=7.920006
02-28 09:09:31.639 13511 13544 D NavigationTest: 401: (28.065773, -82.409941, 7.920006)	R:true  F:false
02-28 09:09:31.639 13511 13544 D NavServiceProvider: Second to last stop coordinates: 28.065759, -82.409847
02-28 09:09:31.639 13511 13544 D NavServiceProvider: Setting units automatically
02-28 09:09:31.640 13511 13544 D NavServiceProvider: Detecting stop. distance_d=20.318342. stop_type=1 speed=8.500588
02-28 09:09:31.640 13511 13544 D NavServiceProvider: Case 5: true
02-28 09:09:31.640 13511 13544 D NavServiceProvider: Proximity Event fired
02-28 09:09:31.640 13511 13544 D NavServiceProvider: Checking if path has more path links left to be navigated
02-28 09:09:31.640 13511 13544 D NavServiceProvider: PathLink index: 0 Number of PathLinks: 1
02-28 09:09:31.640 13511 13544 D NavServiceProvider: %%%%%%N%%%%%%%%% No more PathLinks left in Path %%%%%%%%%%%%%%%%%%%%%
02-28 09:09:31.640 13511 13544 D NavServiceProvider: Got to last stop
02-28 09:09:31.640 13511 13544 D NavServiceProvider: Alert 1 screen before last stop
02-28 09:09:31.640 13511 13544 D NavServiceProvider: Calling destination reached...
02-28 09:09:31.646 13511 13544 D NavServiceProvider: -----Get off the bus!
02-28 09:09:31.646 13511 13544 D NavigationTest: 402: (28.065774, -82.410053, 8.500588)	R:true  F:true
02-28 09:09:31.647 13511 13544 I System.out: O311C: INFO Log level changed: DEBUG
02-28 09:09:31.647 13511 13544 I System.out: O311C: INFO Dry run mode changed: true
02-28 09:09:31.647 13511 13544 W Application: Open311 issue reporting is in debug/dry run mode - no issues will be submitted.
02-28 09:09:31.647 13511 13544 I System.out: O311C: INFO clearOpen311
02-28 09:09:31.647 13511 13544 I TestRunner: finished: testTrip21C(org.onebusaway.android.nav.test.NavigationTest)
