02-28 09:09:43.617 13511 13544 D NavServiceProvider: Detecting stop. distance_d=602.77747. stop_type=1 speed=13.200015
02-28 09:09:43.617 13511 13544 D NavigationTest: 500: (28.032691, -82.426263, 13.200015)	R:false  F:false
02-28 09:09:43.617 13511 13544 D NavigationTest: 501: (28.032691, -82.426263, 13.200015)	R:false  F:false
02-28 09:09:43.617 13511 13544 D NavigationTest: 502: (28.032691, -82.426263, 13.200015)	R:false  F:false
02-28 09:09:43.617 13511 13544 D NavServiceProvider: Second to last stop coordinates: 28.03268, -82.432393
02-28 09:09:43.617 13511 13544 D NavServiceProvider: Setting units automatically
02-28 09:09:43.618 13511 13544 D NavServiceProvider: Detecting stop. distance_d=587.92834. stop_type=1 speed=13.730033
02-28 09:09:43.618 13511 13544 D NavigationTest: 503: (28.032685, -82.426414, 13.730033)	R:false  F:false
02-28 09:09:43.619 13511 13544 D NavServiceProvider: Second to last stop coordinates: 28.03268, -82.432393
02-28 09:09:43.619 13511 13544 D NavServiceProvider: Setting units automatically
02-28 09:09:43.620 13511 13544 D NavServiceProvider: Detecting stop. distance_d=574.16156. stop_type=1 speed=14.200089
02-28 09:09:43.620 13511 13544 D NavigationTest: 504: (28.032680, -82.426554, 14.200089)	R:false  F:false
02-28 09:09:43.620 13511 13544 D NavigationTest: 505: (28.032680, -82.426554, 14.200089)	R:false  F:false
02-28 09:09:43.620 13511 13544 D NavServiceProvider: Second to last stop coordinates: 28.03268, -82.432393
02-28 09:09:43.620 13511 13544 D NavServiceProvider: Setting units automatically
02-28 09:09:43.621 13511 13544 D NavServiceProvider: Detecting stop. distance_d=560.8874. stop_type=1 speed=14.820485
02-28 09:09:43.621 13511 13544 D NavigationTest: 506: (28.032688, -82.426689, 14.820485)	R:false  F:false
02-28 09:09:43.621 13511 13544 D NavigationTest: 507: (28.032688, -82.426689, 14.820485)	R:false  F:false
02-28 09:09:43.621 13511 13544 D NavServiceProvider: Second to last stop coordinates: 28.03268, -82.432393
02-28 09:09:43.622 13511 13544 D NavServiceProvider: Setting units automatically
02-28 09:09:43.623 13511 13544 D NavServiceProvider: Detecting stop. distance_d=545.4486. stop_type=1 speed=15.120004
02-28 09:09:43.623 13511 13544 D NavigationTest: 508: (28.032679, -82.426846, 15.120004)	R:false  F:false
02-28 09:09:43.623 13511 13544 D NavServiceProvider: Second to last stop coordinates: 28.03268, -82.432393
02-28 09:09:43.623 13511 13544 D NavServiceProvider: Setting units automatically
02-28 09:09:43.624 13511 13544 D NavServiceProvider: Detecting stop. distance_d=528.73254. stop_type=1 speed=15.39003
02-28 09:09:43.624 13511 13544 D NavigationTest: 509: (28.032674, -82.427016, 15.390030)	R:false  F:false
02-28 09:09:43.624 13511 13544 D NavigationTest: 510: (28.032674, -82.427016, 15.390030)	R:false  F:false
02-28 09:09:43.624 13511 13544 D NavServiceProvider: Second to last stop coordinates: 28.03268, -82.432393
02-28 09:09:43.625 13511 13544 D NavServiceProvider: Setting units automatically
02-28 09:09:43.626 13511 13544 D NavServiceProvider: Detecting stop. distance_d=512.7071. stop_type=1 speed=15.530004
02-28 09:09:43.626 13511 13544 D NavigationTest: 511: (28.032664, -82.427179, 15.530004)	R:false  F:false
02-28 09:09:43.626 13511 13544 D NavigationTest: 512: (28.032664, -82.427179, 15.530004)	R:false  F:false
02-28 09:09:43.626 13511 13544 D NavServiceProvider: Second to last stop coordinates: 28.03268, -82.432393
02-28 09:09:43.626 13511 13544 D NavServiceProvider: Setting units automatically
02-28 09:09:43.627 13511 13544 D NavServiceProvider: Detecting stop. distance_d=496.68362. stop_type=1 speed=15.630387
02-28 09:09:43.627 13511 13544 D NavigationTest: 513: (28.032655, -82.427342, 15.630387)	R:false  F:false
02-28 09:09:43.627 13511 13544 D NavServiceProvider: Second to last stop coordinates: 28.03268, -82.432393
02-28 09:09:43.627 13511 13544 D NavServiceProvider: Setting units automatically
02-28 09:09:43.628 13511 13544 D NavServiceProvider: Detecting stop. distance_d=481.25. stop_type=1 speed=15.740715
02-28 09:09:43.628 13511 13544 D NavigationTest: 514: (28.032649, -82.427499, 15.740715)	R:false  F:false
02-28 09:09:43.628 13511 13544 D NavigationTest: 515: (28.032649, -82.427499, 15.740715)	R:false  F:false
02-28 09:09:43.628 13511 13544 D NavServiceProvider: Second to last stop coordinates: 28.03268, -82.432393
02-28 09:09:43.629 13511 13544 D NavServiceProvider: Setting units automatically
02-28 09:09:43.630 13511 13544 D NavServiceProvider: Detecting stop. distance_d=465.1284. stop_type=1 speed=15.580051
02-28 09:09:43.630 13511 13544 D NavigationTest: 516: (28.032644, -82.427663, 15.580051)	R:false  F:false
02-28 09:09:43.630 13511 13544 D NavServiceProvider: Second to last stop coordinates: 28.03268, -82.432393
02-28 09:09:43.630 13511 13544 D NavServiceProvider: Setting units automatically
02-28 09:09:43.631 13511 13544 D NavServiceProvider: Detecting stop. distance_d=448.821. stop_type=1 speed=15.59
02-28 09:09:43.631 13511 13544 D NavigationTest: 517: (28.032631, -82.427829, 15.590000)	R:false  F:false
02-28 09:09:43.631 13511 13544 D NavigationTest: 518: (28.032631, -82.427829, 15.590000)	R:false  F:false
02-28 09:09:43.631 13511 13544 D NavServiceProvider: Second to last stop coordinates: 28.03268, -82.432393
02-28 09:09:43.632 13511 13544 D NavServiceProvider: Setting units automatically
02-28 09:09:43.633 13511 13544 D NavServiceProvider: Detecting stop. distance_d=432.37943. stop_type=1 speed=15.610156
02-28 09:09:43.633 13511 13544 D NavigationTest: 519: (28.032650, -82.427996, 15.610156)	R:false  F:false
02-28 09:09:43.633 13511 13544 D NavServiceProvider: Second to last stop coordinates: 28.03268, -82.432393
02-28 09:09:43.633 13511 13544 D NavServiceProvider: Setting units automatically
02-28 09:09:43.634 13511 13544 D NavServiceProvider: Detecting stop. distance_d=417.82852. stop_type=1 speed=15.080004
02-28 09:09:43.634 13511 13544 D NavigationTest: 520: (28.032648, -82.428144, 15.080004)	R:false  F:false
02-28 09:09:43.634 13511 13544 D NavigationTest: 521: (28.032648, -82.428144, 15.080004)	R:false  F:false
02-28 09:09:43.634 13511 13544 D NavServiceProvider: Second to last stop coordinates: 28.03268, -82.432393
02-28 09:09:43.634 13511 13544 D NavServiceProvider: Setting units automatically
02-28 09:09:43.635 13511 13544 D NavServiceProvider: Detecting stop. distance_d=402.67126. stop_type=1 speed=14.890014
02-28 09:09:43.635 13511 13544 D NavigationTest: 522: (28.032672, -82.428298, 14.890014)	R:false  F:false
02-28 09:09:43.636 13511 13544 D NavigationTest: 523: (28.032672, -82.428298, 14.890014)	R:false  F:false
02-28 09:09:43.636 13511 13544 D NavServiceProvider: Second to last stop coordinates: 28.03268, -82.432393
02-28 09:09:43.636 13511 13544 D NavServiceProvider: Setting units automatically
02-28 09:09:43.637 13511 13544 D NavServiceProvider: Detecting stop. distance_d=387.3522. stop_type=1 speed=14.710031
02-28 09:09:43.637 13511 13544 D NavigationTest: 524: (28.032643, -82.428454, 14.710031)	R:false  F:false
02-28 09:09:43.637 13511 13544 D NavigationTest: 525: (28.032643, -82.428454, 14.710031)	R:false  F:false
02-28 09:09:43.637 13511 13544 D NavServiceProvider: Second to last stop coordinates: 28.03268, -82.432393
02-28 09:09:43.637 13511 13544 D NavServiceProvider: Setting units automatically
02-28 09:09:43.638 13511 13544 D NavServiceProvider: Detecting stop. distance_d=373.2691. stop_type=1 speed=14.550004
02-28 09:09:43.638 13511 13544 D NavigationTest: 526: (28.032677, -82.428597, 14.550004)	R:false  F:false
02-28 09:09:43.638 13511 13544 D NavigationTest: 527: (28.032677, -82.428597, 14.550004)	R:false  F:false
02-28 09:09:43.638 13511 13544 D NavServiceProvider: Second to last stop coordinates: 28.03268, -82.432393
02-28 09:09:43.639 13511 13544 D NavServiceProvider: Setting units automatically
02-28 09:09:43.640 13511 13544 D NavServiceProvider: Detecting stop. distance_d=359.0141. stop_type=1 speed=14.610003
02-28 09:09:43.640 13511 13544 D NavigationTest: 528: (28.032694, -82.428742, 14.610003)	R:false  F:false
02-28 09:09:43.640 13511 13544 D NavigationTest: 529: (28.032694, -82.428742, 14.610003)	R:false  F:false
02-28 09:09:43.640 13511 13544 D NavServiceProvider: Second to last stop coordinates: 28.03268, -82.432393
02-28 09:09:43.640 13511 13544 D NavServiceProvider: Setting units automatically
02-28 09:09:43.641 13511 13544 D NavServiceProvider: Detecting stop. distance_d=344.0661. stop_type=1 speed=15.012998
02-28 09:09:43.641 13511 13544 D NavigationTest: 530: (28.032670, -82.428894, 15.012998)	R:false  F:false
02-28 09:09:43.641 13511 13544 D NavigationTest: 531: (28.032670, -82.428894, 15.012998)	R:false  F:false
02-28 09:09:43.641 13511 13544 D NavServiceProvider: Second to last stop coordinates: 28.03268, -82.432393
02-28 09:09:43.642 13511 13544 D NavServiceProvider: Setting units automatically
02-28 09:09:43.643 13511 13544 D NavServiceProvider: Detecting stop. distance_d=331.28262. stop_type=1 speed=14.960404
02-28 09:09:43.643 13511 13544 D NavigationTest: 532: (28.032671, -82.429024, 14.960404)	R:false  F:false
02-28 09:09:43.643 13511 13544 D NavServiceProvider: Second to last stop coordinates: 28.03268, -82.432393
02-28 09:09:43.643 13511 13544 D NavServiceProvider: Setting units automatically
02-28 09:09:43.644 13511 13544 D NavServiceProvider: Detecting stop. distance_d=315.67017. stop_type=1 speed=15.050479
02-28 09:09:43.644 13511 13544 D NavigationTest: 533: (28.032645, -82.429183, 15.050479)	R:false  F:false
02-28 09:09:43.644 13511 13544 D NavigationTest: 534: (28.032645, -82.429183, 15.050479)	R:false  F:false
02-28 09:09:43.644 13511 13544 D NavServiceProvider: Second to last stop coordinates: 28.03268, -82.432393
02-28 09:09:43.645 13511 13544 D NavServiceProvider: Setting units automatically
02-28 09:09:43.646 13511 13544 D NavServiceProvider: Detecting stop. distance_d=300.8433. stop_type=1 speed=15.116699
02-28 09:09:43.646 13511 13544 D NavigationTest: 535: (28.032633, -82.429334, 15.116699)	R:false  F:false
02-28 09:09:43.646 13511 13544 D NavigationTest: 536: (28.032633, -82.429334, 15.116699)	R:false  F:false
02-28 09:09:43.646 13511 13544 D NavigationTest: 537: (28.032633, -82.429334, 15.116699)	R:false  F:false
02-28 09:09:43.646 13511 13544 D NavServiceProvider: Second to last stop coordinates: 28.03268, -82.432393
02-28 09:09:43.646 13511 13544 D NavServiceProvider: Setting units automatically
02-28 09:09:43.647 13511 13544 D NavServiceProvider: Detecting stop. distance_d=286.3197. stop_type=1 speed=14.942814
02-28 09:09:43.647 13511 13544 D NavigationTest: 538: (28.032621, -82.429482, 14.942814)	R:false  F:false
02-28 09:09:43.647 13511 13544 D NavServiceProvider: Second to last stop coordinates: 28.03268, -82.432393
02-28 09:09:43.647 13511 13544 D NavServiceProvider: Setting units automatically
02-28 09:09:43.648 13511 13544 D NavServiceProvider: Detecting stop. distance_d=270.7797. stop_type=1 speed=14.700013
02-28 09:09:43.649 13511 13544 D NavigationTest: 539: (28.032624, -82.429640, 14.700013)	R:false  F:false
02-28 09:09:43.649 13511 13544 D NavigationTest: 540: (28.032624, -82.429640, 14.700013)	R:false  F:false
02-28 09:09:43.649 13511 13544 D NavServiceProvider: Second to last stop coordinates: 28.03268, -82.432393
02-28 09:09:43.649 13511 13544 D NavServiceProvider: Setting units automatically
02-28 09:09:43.650 13511 13544 D NavServiceProvider: Detecting stop. distance_d=256.22018. stop_type=1 speed=14.750085
02-28 09:09:43.650 13511 13544 D NavigationTest: 541: (28.032628, -82.429788, 14.750085)	R:false  F:false
02-28 09:09:43.650 13511 13544 D NavigationTest: 542: (28.032628, -82.429788, 14.750085)	R:false  F:false
02-28 09:09:43.650 13511 13544 D NavServiceProvider: Second to last stop coordinates: 28.03268, -82.432393
02-28 09:09:43.651 13511 13544 D NavServiceProvider: Setting units automatically
02-28 09:09:43.652 13511 13544 D NavServiceProvider: Detecting stop. distance_d=239.06429. stop_type=1 speed=15.380208
02-28 09:09:43.652 13511 13544 D NavigationTest: 543: (28.032653, -82.429962, 15.380208)	R:false  F:false
02-28 09:09:43.652 13511 13544 D NavServiceProvider: Second to last stop coordinates: 28.03268, -82.432393
02-28 09:09:43.652 13511 13544 D NavServiceProvider: Setting units automatically
02-28 09:09:43.653 13511 13544 D NavServiceProvider: Detecting stop. distance_d=223.9169. stop_type=1 speed=15.600321
02-28 09:09:43.653 13511 13544 D NavigationTest: 544: (28.032657, -82.430116, 15.600321)	R:false  F:false
02-28 09:09:43.653 13511 13544 D NavigationTest: 545: (28.032657, -82.430116, 15.600321)	R:false  F:false
02-28 09:09:43.653 13511 13544 D NavServiceProvider: Second to last stop coordinates: 28.03268, -82.432393
02-28 09:09:43.654 13511 13544 D NavServiceProvider: Setting units automatically
02-28 09:09:43.655 13511 13544 D NavServiceProvider: Detecting stop. distance_d=208.66513. stop_type=1 speed=15.87
02-28 09:09:43.655 13511 13544 D NavigationTest: 546: (28.032668, -82.430271, 15.870000)	R:false  F:false
02-28 09:09:43.655 13511 13544 D NavigationTest: 547: (28.032668, -82.430271, 15.870000)	R:false  F:false
02-28 09:09:43.655 13511 13544 D NavServiceProvider: Second to last stop coordinates: 28.03268, -82.432393
02-28 09:09:43.655 13511 13544 D NavServiceProvider: Setting units automatically
02-28 09:09:43.657 13579 13668 D AudioTrack: stop(166): called with 15616 frames delivered
02-28 09:09:43.658 13579 13612 I SynthesisCache: streamCachedRequest call to callback.audioAvailable failed: -1
02-28 09:09:43.659 13511 13544 D NavServiceProvider: -----Get ready!
02-28 09:09:43.660 13511 13544 D NavigationTest: 548: (28.032659, -82.430438, 15.990028)	R:true  F:false
02-28 09:09:43.660 13511 13544 D NavServiceProvider: Second to last stop coordinates: 28.03268, -82.432393
02-28 09:09:43.660 13579 13612 I GoogleTTSServiceImpl: Synthesis request for locale eng-USA and name en-US-language
02-28 09:09:43.660 13511 13544 D NavServiceProvider: Setting units automatically
02-28 09:09:43.661  2666  3413 D Avrcp_ext: AudioManager Player: ID:23 -- type:android.media.SoundPool -- u/pid:10126/2688 -- state:idle -- attr:AudioAttributes: usage=USAGE_ASSISTANCE_SONIFICATION content=CONTENT_TYPE_SONIFICATION flags=0x800 tags= bundle=null
02-28 09:09:43.661  2666  3413 D Avrcp_ext: AudioManager Player: ID:1175 -- type:android.media.AudioTrack -- u/pid:10088/13579 -- state:stopped -- attr:AudioAttributes: usage=USAGE_MEDIA content=CONTENT_TYPE_SPEECH flags=0x800 tags= bundle=null
02-28 09:09:43.661  2666  3413 D Avrcp_ext: AudioManager Player: ID:15 -- type:android.media.SoundPool -- u/pid:1000/1493 -- state:idle -- attr:AudioAttributes: usage=USAGE_ASSISTANCE_SONIFICATION content=CONTENT_TYPE_SONIFICATION flags=0x800 tags= bundle=null
02-28 09:09:43.661  2666  3413 D Avrcp_ext: AudioManager isPlaying: false
02-28 09:09:43.661  2666  3413 V Avrcp_ext: updateCurrentMediaState: mMediaController: null
02-28 09:09:43.662 13511 13544 D NavServiceProvider: Detecting stop. distance_d=192.25351. stop_type=1 speed=15.990028
02-28 09:09:43.662 13511 13544 D NavigationTest: 548: (28.032659, -82.430438, 15.990028)	R:true  F:false
02-28 09:09:43.662 13579 13612 I GoogleTTSServiceImpl: TTS dispatch: en-us-x-iog-seanet-embedded
02-28 09:09:43.662 13511 13544 D NavServiceProvider: Second to last stop coordinates: 28.03268, -82.432393
02-28 09:09:43.662  2666  3413 V Avrcp_ext: isMusicActive: true getBluetoothPlayState: 2
02-28 09:09:43.662 13511 13544 D NavServiceProvider: Setting units automatically
02-28 09:09:43.663  2666  3413 V Avrcp_ext: updateCurrentMediaState: isPlaying = false
02-28 09:09:43.663  2666  3413 V Avrcp_ext: Media update: id -1➡-1? [MediaAttributes: none] : [MediaAttributes: none]
02-28 09:09:43.663  2666  3413 V Avrcp_ext: newPlayStatus:2mReportedPlayStatus:-1
02-28 09:09:43.663  2666  3413 V Avrcp_ext: updatePlaybackState, state: PlaybackState {state=2, position=-1, buffered position=0, speed=0.0, updated=1786993, actions=0, custom actions=[], active item id=-1, error=null} device: null
02-28 09:09:43.663  2666  3413 V Avrcp_ext: Device: no name:
02-28 09:09:43.663  2666  3413 I chatty  : uid=1002(bluetooth) BluetoothAvrcpH identical 3 lines
02-28 09:09:43.663  2666  3413 V Avrcp_ext: Device: no name:
02-28 09:09:43.663  2666  3413 V Avrcp_ext: updatePlayerStateAndPosition, old=PlaybackState {state=2, position=-1, buffered position=0, speed=0.0, updated=1786500, actions=0, custom actions=[], active item id=-1, error=null}, state=PlaybackState {state=2, position=-1, buffered position=0, speed=0.0, updated=1786993, actions=0, custom actions=[], active item id=-1, error=null}
02-28 09:09:43.663  2666  3413 V Avrcp_ext: old state = PlaybackState {state=2, position=-1, buffered position=0, speed=0.0, updated=1786500, actions=0, custom actions=[], active item id=-1, error=null}, new state= PlaybackState {state=2, position=-1, buffered position=0, speed=0.0, updated=1786993, actions=0, custom actions=[], active item id=-1, error=null}
02-28 09:09:43.663  2666  3413 D HeadsetService: getHeadsetService(): returning com.android.bluetooth.hfp.HeadsetService@8a04d28
02-28 09:09:43.663  2666  3413 D HeadsetService:  isAudioOn: The number of audio connected devices 0
02-28 09:09:43.663  2666  3413 D HeadsetService: isScoOrCallActive(): Call Active:falseCall is Ringing:falseSCO is Active:false
02-28 09:09:43.664  2666  3413 D HeadsetService:  isAudioOn: The number of audio connected devices 0
02-28 09:09:43.664  2666  3413 I Avrcp_ext: updatePlayStatusForDevice: device: null
02-28 09:09:43.664  2666  3413 V Avrcp_ext: updatePlaybackState (1): old=PlaybackState {state=2, position=-1, buffered position=0, speed=0.0, updated=1786500, actions=0, custom actions=[], active item id=-1, error=null}(2), new=PlaybackState {state=2, position=-1, buffered position=0, speed=0.0, updated=1786993, actions=0, custom actions=[], active item id=-1, error=null}(2)
02-28 09:09:43.664  2666  3413 I Avrcp_ext: Exit updatePlayStatusForDevice
02-28 09:09:43.664  2666  3413 D HeadsetService:  isAudioOn: The number of audio connected devices 0
02-28 09:09:43.664  2666  3413 D HeadsetService: isScoOrCallActive(): Call Active:falseCall is Ringing:falseSCO is Active:false
02-28 09:09:43.665 13511 13544 D NavServiceProvider: Detecting stop. distance_d=176.61465. stop_type=1 speed=16.051373
02-28 09:09:43.665 13511 13544 D NavigationTest: 549: (28.032663, -82.430597, 16.051373)	R:true  F:false
02-28 09:09:43.665 13511 13544 D NavigationTest: 550: (28.032663, -82.430597, 16.051373)	R:true  F:false
02-28 09:09:43.665 13511 13544 D NavServiceProvider: Second to last stop coordinates: 28.03268, -82.432393
02-28 09:09:43.665 13511 13544 D NavServiceProvider: Setting units automatically
02-28 09:09:43.667 13511 13544 D NavServiceProvider: Detecting stop. distance_d=159.59964. stop_type=1 speed=16.220198
02-28 09:09:43.667 13511 13544 D NavigationTest: 551: (28.032667, -82.430770, 16.220198)	R:true  F:false
02-28 09:09:43.667 13511 13544 D NavigationTest: 552: (28.032667, -82.430770, 16.220198)	R:true  F:false
02-28 09:09:43.667 13511 13544 D NavServiceProvider: Second to last stop coordinates: 28.03268, -82.432393
02-28 09:09:43.667 13511 13544 D NavServiceProvider: Setting units automatically
02-28 09:09:43.669 13511 13544 D NavServiceProvider: Detecting stop. distance_d=143.43347. stop_type=1 speed=16.200153
02-28 09:09:43.669 13511 13544 D NavigationTest: 553: (28.032641, -82.430935, 16.200153)	R:true  F:false
02-28 09:09:43.669 13511 13544 D NavigationTest: 554: (28.032641, -82.430935, 16.200153)	R:true  F:false
02-28 09:09:43.669 13511 13544 D NavServiceProvider: Second to last stop coordinates: 28.03268, -82.432393
02-28 09:09:43.665  2666  3413 D HeadsetService:  isAudioOn: The number of audio connected devices 0
02-28 09:09:43.669  2666  3413 I Avrcp_ext: updatePlayStatusForDevice: device: null
02-28 09:09:43.669 13511 13544 D NavServiceProvider: Setting units automatically
02-28 09:09:43.669  2666  3413 V Avrcp_ext: updatePlaybackState (1): old=PlaybackState {state=2, position=-1, buffered position=0, speed=0.0, updated=1786500, actions=0, custom actions=[], active item id=-1, error=null}(2), new=PlaybackState {state=2, position=-1, buffered position=0, speed=0.0, updated=1786993, actions=0, custom actions=[], active item id=-1, error=null}(2)
02-28 09:09:43.669  2666  3413 I Avrcp_ext: Exit updatePlayStatusForDevice
02-28 09:09:43.670  2666  3413 D HeadsetService:  isAudioOn: The number of audio connected devices 0
02-28 09:09:43.670  2666  3413 D HeadsetService: isScoOrCallActive(): Call Active:falseCall is Ringing:falseSCO is Active:false
02-28 09:09:43.670  2666  3413 D HeadsetService:  isAudioOn: The number of audio connected devices 0
02-28 09:09:43.670  2666  3413 I Avrcp_ext: updatePlayStatusForDevice: device: null
02-28 09:09:43.670  2666  3413 V Avrcp_ext: updatePlaybackState (1): old=PlaybackState {state=2, position=-1, buffered position=0, speed=0.0, updated=1786500, actions=0, custom actions=[], active item id=-1, error=null}(2), new=PlaybackState {state=2, position=-1, buffered position=0, speed=0.0, updated=1786993, actions=0, custom actions=[], active item id=-1, error=null}(2)
02-28 09:09:43.670  2666  3413 I Avrcp_ext: Exit updatePlayStatusForDevice
02-28 09:09:43.670  2666  3413 D HeadsetService:  isAudioOn: The number of audio connected devices 0
02-28 09:09:43.670  2666  3413 D HeadsetService: isScoOrCallActive(): Call Active:falseCall is Ringing:falseSCO is Active:false
02-28 09:09:43.671  2666  3413 D HeadsetService:  isAudioOn: The number of audio connected devices 0
02-28 09:09:43.671  2666  3413 I Avrcp_ext: updatePlayStatusForDevice: device: null
02-28 09:09:43.671  2666  3413 V Avrcp_ext: updatePlaybackState (1): old=PlaybackState {state=2, position=-1, buffered position=0, speed=0.0, updated=1786500, actions=0, custom actions=[], active item id=-1, error=null}(2), new=PlaybackState {state=2, position=-1, buffered position=0, speed=0.0, updated=1786993, actions=0, custom actions=[], active item id=-1, error=null}(2)
02-28 09:09:43.671  2666  3413 I Avrcp_ext: Exit updatePlayStatusForDevice
02-28 09:09:43.671  2666  3413 D HeadsetService:  isAudioOn: The number of audio connected devices 0
02-28 09:09:43.671  2666  3413 D HeadsetService: isScoOrCallActive(): Call Active:falseCall is Ringing:falseSCO is Active:false
02-28 09:09:43.671  2666  3413 D HeadsetService:  isAudioOn: The number of audio connected devices 0
02-28 09:09:43.671  2666  3413 I Avrcp_ext: updatePlayStatusForDevice: device: null
02-28 09:09:43.671  2666  3413 V Avrcp_ext: updatePlaybackState (1): old=PlaybackState {state=2, position=-1, buffered position=0, speed=0.0, updated=1786500, actions=0, custom actions=[], active item id=-1, error=null}(2), new=PlaybackState {state=2, position=-1, buffered position=0, speed=0.0, updated=1786993, actions=0, custom actions=[], active item id=-1, error=null}(2)
02-28 09:09:43.671  2666  3413 I Avrcp_ext: Exit updatePlayStatusForDevice
02-28 09:09:43.671  2666  3413 D Avrcp_ext: Enter sendPlayPosNotificationRsp
02-28 09:09:43.671  2666  3413 D Avrcp_ext: sendPlayPosNotificationRsp: Not registered or requesting.
02-28 09:09:43.671  2666  3413 D Avrcp_ext: Enter sendPlayPosNotificationRsp
02-28 09:09:43.671  2666  3413 D Avrcp_ext: sendPlayPosNotificationRsp: Not registered or requesting.
02-28 09:09:43.671  2666  3413 D Avrcp_ext: Enter sendPlayPosNotificationRsp
02-28 09:09:43.671  2666  3413 D Avrcp_ext: sendPlayPosNotificationRsp: Not registered or requesting.
02-28 09:09:43.671  2666  3413 D Avrcp_ext: Enter sendPlayPosNotificationRsp
02-28 09:09:43.671  2666  3413 D Avrcp_ext: sendPlayPosNotificationRsp: Not registered or requesting.
02-28 09:09:43.671  2666  3413 D Avrcp_ext: Enter sendPlayPosNotificationRsp
02-28 09:09:43.671  2666  3413 D Avrcp_ext: sendPlayPosNotificationRsp: Not registered or requesting.
02-28 09:09:43.671  2666  3413 V Avrcp_ext: Exit updatePlayerStateAndPosition
02-28 09:09:43.672  2666  3413 D Avrcp_ext: AudioManager Player: ID:23 -- type:android.media.SoundPool -- u/pid:10126/2688 -- state:idle -- attr:AudioAttributes: usage=USAGE_ASSISTANCE_SONIFICATION content=CONTENT_TYPE_SONIFICATION flags=0x800 tags= bundle=null
02-28 09:09:43.672  2666  3413 D Avrcp_ext: AudioManager Player: ID:15 -- type:android.media.SoundPool -- u/pid:1000/1493 -- state:idle -- attr:AudioAttributes: usage=USAGE_ASSISTANCE_SONIFICATION content=CONTENT_TYPE_SONIFICATION flags=0x800 tags= bundle=null
02-28 09:09:43.672  2666  3413 D Avrcp_ext: AudioManager isPlaying: false
02-28 09:09:43.672 13511 13544 D NavServiceProvider: Detecting stop. distance_d=127.600525. stop_type=1 speed=16.190153
02-28 09:09:43.672 13511 13544 D NavigationTest: 555: (28.032622, -82.431097, 16.190153)	R:true  F:false
02-28 09:09:43.672 13511 13544 D NavServiceProvider: Second to last stop coordinates: 28.03268, -82.432393
02-28 09:09:43.672 13511 13544 D NavServiceProvider: Setting units automatically
02-28 09:09:43.673 13511 13544 D NavServiceProvider: Detecting stop. distance_d=114.78197. stop_type=1 speed=15.330264
02-28 09:09:43.673 13511 13544 D NavigationTest: 556: (28.032657, -82.431226, 15.330264)	R:true  F:false
02-28 09:09:43.674 13511 13544 D NavigationTest: 557: (28.032657, -82.431226, 15.330264)	R:true  F:false
02-28 09:09:43.674 13511 13544 D NavServiceProvider: Second to last stop coordinates: 28.03268, -82.432393
02-28 09:09:43.674 13511 13544 D NavServiceProvider: Setting units automatically
02-28 09:09:43.675 13511 13544 D NavServiceProvider: Detecting stop. distance_d=97.48657. stop_type=1 speed=15.71008
02-28 09:09:43.675 13511 13544 D NavServiceProvider: Case 1: false
02-28 09:09:43.675 13511 13544 D NavigationTest: 558: (28.032655, -82.431402, 15.710080)	R:true  F:false
02-28 09:09:43.675 13511 13544 D NavigationTest: 559: (28.032655, -82.431402, 15.710080)	R:true  F:false
02-28 09:09:43.675 13511 13544 D NavServiceProvider: Second to last stop coordinates: 28.03268, -82.432393
02-28 09:09:43.676 13511 13544 D NavServiceProvider: Setting units automatically
02-28 09:09:43.677 13511 13544 D NavServiceProvider: Detecting stop. distance_d=83.02499. stop_type=1 speed=15.280838
02-28 09:09:43.677 13511 13544 D NavigationTest: 560: (28.032659, -82.431549, 15.280838)	R:true  F:false
02-28 09:09:43.677 13511 13544 D NavServiceProvider: Second to last stop coordinates: 28.03268, -82.432393
02-28 09:09:43.677 13511 13544 D NavServiceProvider: Setting units automatically
02-28 09:09:43.679 13511 13544 D NavServiceProvider: Detecting stop. distance_d=67.60228. stop_type=1 speed=15.010084
02-28 09:09:43.679 13511 13544 D NavigationTest: 561: (28.032657, -82.431706, 15.010084)	R:true  F:false
02-28 09:09:43.679 13511 13544 D NavigationTest: 562: (28.032657, -82.431706, 15.010084)	R:true  F:false
02-28 09:09:43.679 13511 13544 D NavServiceProvider: Second to last stop coordinates: 28.03268, -82.432393
02-28 09:09:43.679 13511 13544 D NavServiceProvider: Setting units automatically
02-28 09:09:43.681 13511 13544 D NavServiceProvider: Detecting stop. distance_d=51.976604. stop_type=1 speed=15.100401
02-28 09:09:43.681 13511 13544 D NavigationTest: 563: (28.032658, -82.431865, 15.100401)	R:true  F:false
02-28 09:09:43.681 13511 13544 D NavigationTest: 564: (28.032658, -82.431865, 15.100401)	R:true  F:false
02-28 09:09:43.681 13511 13544 D NavServiceProvider: Second to last stop coordinates: 28.03268, -82.432393
02-28 09:09:43.681 13511 13544 D NavServiceProvider: Setting units automatically
02-28 09:09:43.682 13511 13544 D NavServiceProvider: Detecting stop. distance_d=36.664085. stop_type=1 speed=15.120331
02-28 09:09:43.682 13511 13544 D NavServiceProvider: Case 2: false
02-28 09:09:43.682 13511 13544 D NavigationTest: 565: (28.032647, -82.432022, 15.120331)	R:true  F:false
02-28 09:09:43.682 13511 13544 D NavigationTest: 566: (28.032647, -82.432022, 15.120331)	R:true  F:false
02-28 09:09:43.683 13511 13544 D NavServiceProvider: Second to last stop coordinates: 28.03268, -82.432393
02-28 09:09:43.683 13511 13544 D NavServiceProvider: Setting units automatically
02-28 09:09:43.684 13511 13544 D NavServiceProvider: Detecting stop. distance_d=22.074842. stop_type=1 speed=15.470081
02-28 09:09:43.684 13511 13544 D NavigationTest: 567: (28.032645, -82.432172, 15.470081)	R:true  F:false
02-28 09:09:43.684 13511 13544 D NavigationTest: 568: (28.032645, -82.432172, 15.470081)	R:true  F:false
02-28 09:09:43.684 13511 13544 D NavServiceProvider: Second to last stop coordinates: 28.03268, -82.432393
02-28 09:09:43.685 13511 13544 D NavServiceProvider: Setting units automatically
02-28 09:09:43.686 13511 13544 D NavServiceProvider: Detecting stop. distance_d=7.7237387. stop_type=1 speed=15.600116
02-28 09:09:43.686 13511 13544 D NavServiceProvider: Case 3: false
02-28 09:09:43.686 13511 13544 D NavigationTest: 569: (28.032633, -82.432335, 15.600116)	R:true  F:false
02-28 09:09:43.686 13511 13544 D NavigationTest: 570: (28.032633, -82.432335, 15.600116)	R:true  F:false
02-28 09:09:43.686 13511 13544 D NavServiceProvider: Second to last stop coordinates: 28.03268, -82.432393
02-28 09:09:43.687 13511 13544 D NavServiceProvider: Setting units automatically
02-28 09:09:43.688 13511 13544 D NavServiceProvider: Detecting stop. distance_d=11.740178. stop_type=1 speed=15.760203
02-28 09:09:43.688 13511 13544 D NavServiceProvider: Case 4: true
02-28 09:09:43.688 13511 13544 D NavServiceProvider: Proximity Event fired
02-28 09:09:43.688 13511 13544 D NavServiceProvider: Checking if path has more path links left to be navigated
02-28 09:09:43.688 13511 13544 D NavServiceProvider: PathLink index: 0 Number of PathLinks: 1
02-28 09:09:43.688 13511 13544 D NavServiceProvider: %%%%%%N%%%%%%%%% No more PathLinks left in Path %%%%%%%%%%%%%%%%%%%%%
02-28 09:09:43.688 13511 13544 D NavServiceProvider: Got to last stop
02-28 09:09:43.688 13511 13544 D NavServiceProvider: Alert 1 screen before last stop
02-28 09:09:43.688 13511 13544 D NavServiceProvider: Calling destination reached...
02-28 09:09:43.695 13511 13544 D NavServiceProvider: -----Get off the bus!
02-28 09:09:43.695 13511 13544 D NavigationTest: 571: (28.032633, -82.432500, 15.760203)	R:true  F:true
02-28 09:09:43.696 13511 13544 I System.out: O311C: INFO Log level changed: DEBUG
02-28 09:09:43.696 13511 13544 I System.out: O311C: INFO Dry run mode changed: true
02-28 09:09:43.696 13511 13544 W Application: Open311 issue reporting is in debug/dry run mode - no issues will be submitted.
02-28 09:09:43.696 13511 13544 I System.out: O311C: INFO clearOpen311
02-28 09:09:43.696 13511 13544 I TestRunner: finished: testTrip14(org.onebusaway.android.nav.test.NavigationTest)
