02-28 09:09:35.080 13511 13544 D NavServiceProvider: Detecting stop. distance_d=127.520035. stop_type=1 speed=0.0
02-28 09:09:35.080 13511 13544 D NavigationTest: 443: (28.025896, -82.537872, 0.000000)	R:true  F:false
02-28 09:09:35.080 13511 13544 D NavigationTest: 444: (28.025896, -82.537872, 0.000000)	R:true  F:false
02-28 09:09:35.080 13511 13544 D NavServiceProvider: Second to last stop coordinates: 28.024847, -82.537339
02-28 09:09:35.081 13511 13544 D NavServiceProvider: Setting units automatically
02-28 09:09:35.082 13511 13544 D NavServiceProvider: Detecting stop. distance_d=126.95438. stop_type=1 speed=0.0
02-28 09:09:35.082 13511 13544 D NavigationTest: 445: (28.025892, -82.537868, 0.000000)	R:true  F:false
02-28 09:09:35.082 13511 13544 D NavServiceProvider: Second to last stop coordinates: 28.024847, -82.537339
02-28 09:09:35.082 13511 13544 D NavServiceProvider: Setting units automatically
02-28 09:09:35.083 13511 13544 D NavServiceProvider: Detecting stop. distance_d=126.63144. stop_type=1 speed=0.0
02-28 09:09:35.083 13511 13544 D NavigationTest: 446: (28.025890, -82.537865, 0.000000)	R:true  F:false
02-28 09:09:35.083 13511 13544 D NavigationTest: 447: (28.025890, -82.537865, 0.000000)	R:true  F:false
02-28 09:09:35.083 13511 13544 D NavServiceProvider: Second to last stop coordinates: 28.024847, -82.537339
02-28 09:09:35.084 13511 13544 D NavServiceProvider: Setting units automatically
02-28 09:09:35.085 13511 13544 D NavServiceProvider: Detecting stop. distance_d=126.5913. stop_type=1 speed=0.0
02-28 09:09:35.085 13511 13544 D NavigationTest: 448: (28.025890, -82.537864, 0.000000)	R:true  F:false
02-28 09:09:35.085 13511 13544 D NavigationTest: 449: (28.025890, -82.537864, 0.000000)	R:true  F:false
02-28 09:09:35.085 13511 13544 D NavServiceProvider: Second to last stop coordinates: 28.024847, -82.537339
02-28 09:09:35.085 13511 13544 D NavServiceProvider: Setting units automatically
02-28 09:09:35.086 13511 13544 D NavServiceProvider: Detecting stop. distance_d=126.511215. stop_type=1 speed=0.0
02-28 09:09:35.086 13511 13544 D NavigationTest: 450: (28.025890, -82.537862, 0.000000)	R:true  F:false
02-28 09:09:35.086 13511 13544 D NavServiceProvider: Second to last stop coordinates: 28.024847, -82.537339
02-28 09:09:35.087 13511 13544 D NavServiceProvider: Setting units automatically
02-28 09:09:35.088 13511 13544 D NavServiceProvider: Detecting stop. distance_d=126.33008. stop_type=1 speed=0.0
02-28 09:09:35.088 13511 13544 D NavigationTest: 451: (28.025889, -82.537860, 0.000000)	R:true  F:false
02-28 09:09:35.088 13511 13544 D NavigationTest: 452: (28.025889, -82.537860, 0.000000)	R:true  F:false
02-28 09:09:35.088 13511 13544 D NavServiceProvider: Second to last stop coordinates: 28.024847, -82.537339
02-28 09:09:35.088 13511 13544 D NavServiceProvider: Setting units automatically
02-28 09:09:35.089 13511 13544 D NavServiceProvider: Detecting stop. distance_d=126.47127. stop_type=1 speed=0.0
02-28 09:09:35.089 13511 13544 D NavigationTest: 453: (28.025890, -82.537861, 0.000000)	R:true  F:false
02-28 09:09:35.089 13511 13544 D NavigationTest: 454: (28.025890, -82.537861, 0.000000)	R:true  F:false
02-28 09:09:35.089 13511 13544 D NavServiceProvider: Second to last stop coordinates: 28.024847, -82.537339
02-28 09:09:35.090 13511 13544 D NavServiceProvider: Setting units automatically
02-28 09:09:35.091 13511 13544 D NavServiceProvider: Detecting stop. distance_d=126.53271. stop_type=1 speed=0.0
02-28 09:09:35.091 13511 13544 D NavigationTest: 455: (28.025891, -82.537860, 0.000000)	R:true  F:false
02-28 09:09:35.091 13511 13544 D NavigationTest: 456: (28.025891, -82.537860, 0.000000)	R:true  F:false
02-28 09:09:35.091 13511 13544 D NavigationTest: 457: (28.025891, -82.537860, 0.000000)	R:true  F:false
02-28 09:09:35.092 13511 13544 D NavigationTest: 458: (28.025891, -82.537860, 0.000000)	R:true  F:false
02-28 09:09:35.092 13511 13544 D NavServiceProvider: Second to last stop coordinates: 28.024847, -82.537339
02-28 09:09:35.092 13511 13544 D NavServiceProvider: Setting units automatically
02-28 09:09:35.094 13511 13544 D NavServiceProvider: Detecting stop. distance_d=126.572556. stop_type=1 speed=0.0
02-28 09:09:35.094 13511 13544 D NavigationTest: 459: (28.025891, -82.537861, 0.000000)	R:true  F:false
02-28 09:09:35.094 13511 13544 D NavigationTest: 460: (28.025891, -82.537861, 0.000000)	R:true  F:false
02-28 09:09:35.094 13511 13544 D NavServiceProvider: Second to last stop coordinates: 28.024847, -82.537339
02-28 09:09:35.094 13511 13544 D NavServiceProvider: Setting units automatically
02-28 09:09:35.096 13511 13544 D NavServiceProvider: Detecting stop. distance_d=126.53271. stop_type=1 speed=0.0
02-28 09:09:35.096 13511 13544 D NavigationTest: 461: (28.025891, -82.537860, 0.000000)	R:true  F:false
02-28 09:09:35.096 13511 13544 D NavigationTest: 462: (28.025891, -82.537860, 0.000000)	R:true  F:false
02-28 09:09:35.096 13511 13544 D NavigationTest: 463: (28.025891, -82.537860, 0.000000)	R:true  F:false
02-28 09:09:35.096 13511 13544 D NavigationTest: 464: (28.025891, -82.537860, 0.000000)	R:true  F:false
02-28 09:09:35.096 13511 13544 D NavigationTest: 465: (28.025891, -82.537860, 0.000000)	R:true  F:false
02-28 09:09:35.096 13511 13544 D NavigationTest: 466: (28.025891, -82.537860, 0.000000)	R:true  F:false
02-28 09:09:35.096 13511 13544 D NavigationTest: 467: (28.025891, -82.537860, 0.000000)	R:true  F:false
02-28 09:09:35.096 13511 13544 D NavigationTest: 468: (28.025891, -82.537860, 0.000000)	R:true  F:false
02-28 09:09:35.096 13511 13544 D NavigationTest: 469: (28.025891, -82.537860, 0.000000)	R:true  F:false
02-28 09:09:35.097 13511 13544 D NavigationTest: 470: (28.025891, -82.537860, 0.000000)	R:true  F:false
02-28 09:09:35.097 13511 13544 D NavigationTest: 471: (28.025891, -82.537860, 0.000000)	R:true  F:false
02-28 09:09:35.097 13511 13544 D NavigationTest: 472: (28.025891, -82.537860, 0.000000)	R:true  F:false
02-28 09:09:35.097 13511 13544 D NavigationTest: 473: (28.025891, -82.537860, 0.000000)	R:true  F:false
02-28 09:09:35.097 13511 13544 D NavigationTest: 474: (28.025891, -82.537860, 0.000000)	R:true  F:false
02-28 09:09:35.097 13511 13544 D NavigationTest: 475: (28.025891, -82.537860, 0.000000)	R:true  F:false
02-28 09:09:35.097 13511 13544 D NavigationTest: 476: (28.025891, -82.537860, 0.000000)	R:true  F:false
02-28 09:09:35.097 13511 13544 D NavigationTest: 477: (28.025891, -82.537860, 0.000000)	R:true  F:false
02-28 09:09:35.097 13511 13544 D NavigationTest: 478: (28.025891, -82.537860, 0.000000)	R:true  F:false
02-28 09:09:35.097 13511 13544 D NavigationTest: 479: (28.025891, -82.537860, 0.000000)	R:true  F:false
02-28 09:09:35.097 13511 13544 D NavigationTest: 480: (28.025891, -82.537860, 0.000000)	R:true  F:false
02-28 09:09:35.097 13511 13544 D NavigationTest: 481: (28.025891, -82.537860, 0.000000)	R:true  F:false
02-28 09:09:35.097 13511 13544 D NavigationTest: 482: (28.025891, -82.537860, 0.000000)	R:true  F:false
02-28 09:09:35.097 13511 13544 D NavigationTest: 483: (28.025891, -82.537860, 0.000000)	R:true  F:false
02-28 09:09:35.097 13511 13544 D NavigationTest: 484: (28.025891, -82.537860, 0.000000)	R:true  F:false
02-28 09:09:35.097 13511 13544 D NavigationTest: 485: (28.025891, -82.537860, 0.000000)	R:true  F:false
02-28 09:09:35.097 13511 13544 D NavigationTest: 486: (28.025891, -82.537860, 0.000000)	R:true  F:false
02-28 09:09:35.097 13511 13544 D NavigationTest: 487: (28.025891, -82.537860, 0.000000)	R:true  F:false
02-28 09:09:35.097 13511 13544 D NavigationTest: 488: (28.025891, -82.537860, 0.000000)	R:true  F:false
02-28 09:09:35.097 13511 13544 D NavigationTest: 489: (28.025891, -82.537860, 0.000000)	R:true  F:false
02-28 09:09:35.097 13511 13544 D NavigationTest: 490: (28.025891, -82.537860, 0.000000)	R:true  F:false
02-28 09:09:35.097 13511 13544 D NavigationTest: 491: (28.025891, -82.537860, 0.000000)	R:true  F:false
02-28 09:09:35.097 13511 13544 D NavigationTest: 492: (28.025891, -82.537860, 0.000000)	R:true  F:false
02-28 09:09:35.097 13511 13544 D NavigationTest: 493: (28.025891, -82.537860, 0.000000)	R:true  F:false
02-28 09:09:35.097 13511 13544 D NavigationTest: 494: (28.025891, -82.537860, 0.000000)	R:true  F:false
02-28 09:09:35.097 13511 13544 D NavigationTest: 495: (28.025891, -82.537860, 0.000000)	R:true  F:false
02-28 09:09:35.097 13511 13544 D NavigationTest: 496: (28.025891, -82.537860, 0.000000)	R:true  F:false
02-28 09:09:35.097 13511 13544 D NavigationTest: 497: (28.025891, -82.537860, 0.000000)	R:true  F:false
02-28 09:09:35.097 13511 13544 D NavigationTest: 498: (28.025891, -82.537860, 0.000000)	R:true  F:false
02-28 09:09:35.098 13511 13544 D NavigationTest: 499: (28.025891, -82.537860, 0.000000)	R:true  F:false
02-28 09:09:35.098 13511 13544 D NavigationTest: 500: (28.025891, -82.537860, 0.000000)	R:true  F:false
02-28 09:09:35.098 13511 13544 D NavigationTest: 501: (28.025891, -82.537860, 0.000000)	R:true  F:false
02-28 09:09:35.098 13511 13544 D NavigationTest: 502: (28.025891, -82.537860, 0.000000)	R:true  F:false
02-28 09:09:35.098 13511 13544 D NavigationTest: 503: (28.025891, -82.537860, 0.000000)	R:true  F:false
02-28 09:09:35.098 13511 13544 D NavigationTest: 504: (28.025891, -82.537860, 0.000000)	R:true  F:false
02-28 09:09:35.098 13511 13544 D NavigationTest: 505: (28.025891, -82.537860, 0.000000)	R:true  F:false
02-28 09:09:35.098 13511 13544 D NavigationTest: 506: (28.025891, -82.537860, 0.000000)	R:true  F:false
02-28 09:09:35.098 13511 13544 D NavigationTest: 507: (28.025891, -82.537860, 0.000000)	R:true  F:false
02-28 09:09:35.098 13511 13544 D NavigationTest: 508: (28.025891, -82.537860, 0.000000)	R:true  F:false
02-28 09:09:35.098 13511 13544 D NavigationTest: 509: (28.025891, -82.537860, 0.000000)	R:true  F:false
02-28 09:09:35.098 13511 13544 D NavigationTest: 510: (28.025891, -82.537860, 0.000000)	R:true  F:false
02-28 09:09:35.098 13511 13544 D NavigationTest: 511: (28.025891, -82.537860, 0.000000)	R:true  F:false
02-28 09:09:35.098 13511 13544 D NavigationTest: 512: (28.025891, -82.537860, 0.000000)	R:true  F:false
02-28 09:09:35.098 13511 13544 D NavigationTest: 513: (28.025891, -82.537860, 0.000000)	R:true  F:false
02-28 09:09:35.098 13511 13544 D NavigationTest: 514: (28.025891, -82.537860, 0.000000)	R:true  F:false
02-28 09:09:35.098 13511 13544 D NavigationTest: 515: (28.025891, -82.537860, 0.000000)	R:true  F:false
02-28 09:09:35.098   871  6793 D audio_hw_primary: adev_get_parameters:vr_audio_mode_on
02-28 09:09:35.098 13511 13544 D NavigationTest: 516: (28.025891, -82.537860, 0.000000)	R:true  F:false
02-28 09:09:35.098   871  6793 I audio_hw_primary: getting vr mode to 0
02-28 09:09:35.098 13511 13544 D NavigationTest: 517: (28.025891, -82.537860, 0.000000)	R:true  F:false
02-28 09:09:35.098   871  6793 D audio_hw_primary: adev_get_parameters: exit: returns - vr_audio_mode_on=false
02-28 09:09:35.098 13511 13544 D NavigationTest: 518: (28.025891, -82.537860, 0.000000)	R:true  F:false
02-28 09:09:35.098 13511 13544 D NavigationTest: 519: (28.025891, -82.537860, 0.000000)	R:true  F:false
02-28 09:09:35.098 13511 13544 D NavigationTest: 520: (28.025891, -82.537860, 0.000000)	R:true  F:false
02-28 09:09:35.098 13511 13544 D NavigationTest: 521: (28.025891, -82.537860, 0.000000)	R:true  F:false
02-28 09:09:35.098 13511 13544 D NavigationTest: 522: (28.025891, -82.537860, 0.000000)	R:true  F:false
02-28 09:09:35.098 13511 13544 D NavigationTest: 523: (28.025891, -82.537860, 0.000000)	R:true  F:false
02-28 09:09:35.098   959  1210 I hash_map_utils: key: 'vr_audio_mode_on' value: ''
02-28 09:09:35.098 13511 13544 D NavigationTest: 524: (28.025891, -82.537860, 0.000000)	R:true  F:false
02-28 09:09:35.098 13511 13544 D NavigationTest: 525: (28.025891, -82.537860, 0.000000)	R:true  F:false
02-28 09:09:35.098 13511 13544 D NavigationTest: 526: (28.025891, -82.537860, 0.000000)	R:true  F:false
02-28 09:09:35.098 13511 13544 D NavigationTest: 527: (28.025891, -82.537860, 0.000000)	R:true  F:false
02-28 09:09:35.099 13511 13544 D NavigationTest: 528: (28.025891, -82.537860, 0.000000)	R:true  F:false
02-28 09:09:35.099 13511 13544 D NavigationTest: 529: (28.025891, -82.537860, 0.000000)	R:true  F:false
02-28 09:09:35.099 13511 13544 D NavigationTest: 530: (28.025891, -82.537860, 0.000000)	R:true  F:false
02-28 09:09:35.099 13511 13544 D NavigationTest: 531: (28.025891, -82.537860, 0.000000)	R:true  F:false
02-28 09:09:35.099   959  1210 I AudioPolicyManagerCustom: VR mode is 0, switch to primary output if request is for fast|raw
02-28 09:09:35.099 13511 13544 D NavigationTest: 532: (28.025891, -82.537860, 0.000000)	R:true  F:false
02-28 09:09:35.099   959  1210 I AudioPolicyManagerCustom: setting force DEEP buffer now
02-28 09:09:35.099 13511 13544 D NavigationTest: 533: (28.025891, -82.537860, 0.000000)	R:true  F:false
02-28 09:09:35.099 13511 13544 D NavigationTest: 534: (28.025891, -82.537860, 0.000000)	R:true  F:false
02-28 09:09:35.099 13511 13544 D NavServiceProvider: Second to last stop coordinates: 28.024847, -82.537339
02-28 09:09:35.099   959  1210 D AudioFlinger: Client defaulted notificationFrames to 2048 for frameCount 4096
02-28 09:09:35.099 13511 13544 D NavServiceProvider: Setting units automatically
02-28 09:09:35.100   959  1210 D AF::TrackHandle: OpPlayAudio: track:189 usage:1 not muted
02-28 09:09:35.101 13511 13544 D NavServiceProvider: Detecting stop. distance_d=127.33824. stop_type=1 speed=0.610983
02-28 09:09:35.101 13511 13544 D NavigationTest: 535: (28.025895, -82.537870, 0.610983)	R:true  F:false
02-28 09:09:35.101 13511 13544 D NavServiceProvider: Second to last stop coordinates: 28.024847, -82.537339
02-28 09:09:35.101 13511 13544 D NavServiceProvider: Setting units automatically
02-28 09:09:35.103 13511 13544 D NavServiceProvider: Detecting stop. distance_d=127.25771. stop_type=1 speed=0.89822
02-28 09:09:35.103 13511 13544 D NavigationTest: 536: (28.025895, -82.537868, 0.898220)	R:true  F:false
02-28 09:09:35.103 13511 13544 D NavigationTest: 537: (28.025895, -82.537868, 0.898220)	R:true  F:false
02-28 09:09:35.103 13511 13544 D NavServiceProvider: Second to last stop coordinates: 28.024847, -82.537339
02-28 09:09:35.103 13511 13544 D NavServiceProvider: Setting units automatically
02-28 09:09:35.105 13511 13544 D NavServiceProvider: Detecting stop. distance_d=127.926125. stop_type=1 speed=1.330601
02-28 09:09:35.105 13511 13544 D NavigationTest: 538: (28.025902, -82.537867, 1.330601)	R:true  F:false
02-28 09:09:35.105 13511 13544 D NavigationTest: 539: (28.025902, -82.537867, 1.330601)	R:true  F:false
02-28 09:09:35.105 13511 13544 D NavServiceProvider: Second to last stop coordinates: 28.024847, -82.537339
02-28 09:09:35.106 13511 13544 D NavServiceProvider: Setting units automatically
02-28 09:09:35.106  2666  3413 D Avrcp_ext: AudioManager Player: ID:23 -- type:android.media.SoundPool -- u/pid:10126/2688 -- state:idle -- attr:AudioAttributes: usage=USAGE_ASSISTANCE_SONIFICATION content=CONTENT_TYPE_SONIFICATION flags=0x800 tags= bundle=null
02-28 09:09:35.106  2666  3413 D Avrcp_ext: AudioManager Player: ID:15 -- type:android.media.SoundPool -- u/pid:1000/1493 -- state:idle -- attr:AudioAttributes: usage=USAGE_ASSISTANCE_SONIFICATION content=CONTENT_TYPE_SONIFICATION flags=0x800 tags= bundle=null
02-28 09:09:35.106  2666  3413 D Avrcp_ext: AudioManager Player: ID:1103 -- type:android.media.AudioTrack -- u/pid:10088/13579 -- state:started -- attr:AudioAttributes: usage=USAGE_MEDIA content=CONTENT_TYPE_SPEECH flags=0x800 tags= bundle=null
02-28 09:09:35.106  2666  3413 D Avrcp_ext: AudioManager isPlaying: true
02-28 09:09:35.106  2666  3413 V Avrcp_ext: updateCurrentMediaState: mMediaController: null
02-28 09:09:35.106  2666  3413 V Avrcp_ext: isMusicActive: true getBluetoothPlayState: 2
02-28 09:09:35.106  2666  3413 V Avrcp_ext: updateCurrentMediaState: isPlaying = false
02-28 09:09:35.106  2666  3413 V Avrcp_ext: Media update: id -1-1? [MediaAttributes: none] : [MediaAttributes: none]
02-28 09:09:35.106  2666  3413 V Avrcp_ext: newPlayStatus:2mReportedPlayStatus:-1
02-28 09:09:35.106  2666  3413 V Avrcp_ext: updatePlaybackState, state: PlaybackState {state=2, position=-1, buffered position=0, speed=0.0, updated=1778437, actions=0, custom actions=[], active item id=-1, error=null} device: null
02-28 09:09:35.106  2666  3413 V Avrcp_ext: Device: no name:
02-28 09:09:35.106  2666  3413 I chatty  : uid=1002(bluetooth) BluetoothAvrcpH identical 3 lines
02-28 09:09:35.106  2666  3413 V Avrcp_ext: Device: no name:
02-28 09:09:35.106  2666  3413 V Avrcp_ext: updatePlayerStateAndPosition, old=PlaybackState {state=2, position=-1, buffered position=0, speed=0.0, updated=1778339, actions=0, custom actions=[], active item id=-1, error=null}, state=PlaybackState {state=2, position=-1, buffered position=0, speed=0.0, updated=1778437, actions=0, custom actions=[], active item id=-1, error=null}
02-28 09:09:35.106  2666  3413 V Avrcp_ext: old state = PlaybackState {state=2, position=-1, buffered position=0, speed=0.0, updated=1778339, actions=0, custom actions=[], active item id=-1, error=null}, new state= PlaybackState {state=2, position=-1, buffered position=0, speed=0.0, updated=1778437, actions=0, custom actions=[], active item id=-1, error=null}
02-28 09:09:35.106  2666  3413 D HeadsetService: getHeadsetService(): returning com.android.bluetooth.hfp.HeadsetService@8a04d28
02-28 09:09:35.107  2666  3413 D HeadsetService:  isAudioOn: The number of audio connected devices 0
02-28 09:09:35.107  2666  3413 D HeadsetService: isScoOrCallActive(): Call Active:falseCall is Ringing:falseSCO is Active:false
02-28 09:09:35.107  2666  3413 D HeadsetService:  isAudioOn: The number of audio connected devices 0
02-28 09:09:35.107  2666  3413 I Avrcp_ext: updatePlayStatusForDevice: device: null
02-28 09:09:35.107  2666  3413 V Avrcp_ext: updatePlaybackState (1): old=PlaybackState {state=2, position=-1, buffered position=0, speed=0.0, updated=1778339, actions=0, custom actions=[], active item id=-1, error=null}(2), new=PlaybackState {state=2, position=-1, buffered position=0, speed=0.0, updated=1778437, actions=0, custom actions=[], active item id=-1, error=null}(2)
02-28 09:09:35.107 13511 13544 D NavServiceProvider: Detecting stop. distance_d=128.57385. stop_type=1 speed=0.626259
02-28 09:09:35.107  2666  3413 I Avrcp_ext: Exit updatePlayStatusForDevice
02-28 09:09:35.107 13511 13544 D NavigationTest: 540: (28.025908, -82.537868, 0.626259)	R:true  F:false
02-28 09:09:35.107 13511 13544 D NavServiceProvider: Second to last stop coordinates: 28.024847, -82.537339
02-28 09:09:35.107  2666  3413 D HeadsetService:  isAudioOn: The number of audio connected devices 0
02-28 09:09:35.107  2666  3413 D HeadsetService: isScoOrCallActive(): Call Active:falseCall is Ringing:falseSCO is Active:false
02-28 09:09:35.108  2666  3413 D HeadsetService:  isAudioOn: The number of audio connected devices 0
02-28 09:09:35.108  2666  3413 I Avrcp_ext: updatePlayStatusForDevice: device: null
02-28 09:09:35.108  2666  3413 V Avrcp_ext: updatePlaybackState (1): old=PlaybackState {state=2, position=-1, buffered position=0, speed=0.0, updated=1778339, actions=0, custom actions=[], active item id=-1, error=null}(2), new=PlaybackState {state=2, position=-1, buffered position=0, speed=0.0, updated=1778437, actions=0, custom actions=[], active item id=-1, error=null}(2)
02-28 09:09:35.108  2666  3413 I Avrcp_ext: Exit updatePlayStatusForDevice
02-28 09:09:35.108 13511 13544 D NavServiceProvider: Setting units automatically
02-28 09:09:35.108  2666  3413 D HeadsetService:  isAudioOn: The number of audio connected devices 0
02-28 09:09:35.108  2666  3413 D HeadsetService: isScoOrCallActive(): Call Active:falseCall is Ringing:falseSCO is Active:false
02-28 09:09:35.108  2666  3413 D HeadsetService:  isAudioOn: The number of audio connected devices 0
02-28 09:09:35.108  2666  3413 I Avrcp_ext: updatePlayStatusForDevice: device: null
02-28 09:09:35.108  2666  3413 V Avrcp_ext: updatePlaybackState (1): old=PlaybackState {state=2, position=-1, buffered position=0, speed=0.0, updated=1778339, actions=0, custom actions=[], active item id=-1, error=null}(2), new=PlaybackState {state=2, position=-1, buffered position=0, speed=0.0, updated=1778437, actions=0, custom actions=[], active item id=-1, error=null}(2)
02-28 09:09:35.108  2666  3413 I Avrcp_ext: Exit updatePlayStatusForDevice
02-28 09:09:35.108  2666  3413 D HeadsetService:  isAudioOn: The number of audio connected devices 0
02-28 09:09:35.109  2666  3413 D HeadsetService: isScoOrCallActive(): Call Active:falseCall is Ringing:falseSCO is Active:false
02-28 09:09:35.109  2666  3413 D HeadsetService:  isAudioOn: The number of audio connected devices 0
02-28 09:09:35.109  2666  3413 I Avrcp_ext: updatePlayStatusForDevice: device: null
02-28 09:09:35.109  2666  3413 V Avrcp_ext: updatePlaybackState (1): old=PlaybackState {state=2, position=-1, buffered position=0, speed=0.0, updated=1778339, actions=0, custom actions=[], active item id=-1, error=null}(2), new=PlaybackState {state=2, position=-1, buffered position=0, speed=0.0, updated=1778437, actions=0, custom actions=[], active item id=-1, error=null}(2)
02-28 09:09:35.109  2666  3413 I Avrcp_ext: Exit updatePlayStatusForDevice
02-28 09:09:35.109 13511 13544 D NavServiceProvider: Detecting stop. distance_d=129.68246. stop_type=1 speed=0.773692
02-28 09:09:35.109 13511 13544 D NavigationTest: 541: (28.025915, -82.537878, 0.773692)	R:true  F:false
02-28 09:09:35.109 13511 13544 D NavigationTest: 542: (28.025915, -82.537878, 0.773692)	R:true  F:false
02-28 09:09:35.109 13511 13544 D NavServiceProvider: Second to last stop coordinates: 28.024847, -82.537339
02-28 09:09:35.109  2666  3413 D HeadsetService:  isAudioOn: The number of audio connected devices 0
02-28 09:09:35.109  2666  3413 D HeadsetService: isScoOrCallActive(): Call Active:falseCall is Ringing:falseSCO is Active:false
02-28 09:09:35.109 13511 13544 D NavServiceProvider: Setting units automatically
02-28 09:09:35.111 13511 13544 D NavServiceProvider: Detecting stop. distance_d=130.98096. stop_type=1 speed=1.896154
02-28 09:09:35.111 13511 13544 D NavigationTest: 543: (28.025929, -82.537875, 1.896154)	R:true  F:false
02-28 09:09:35.111 13511 13544 D NavigationTest: 544: (28.025929, -82.537875, 1.896154)	R:true  F:false
02-28 09:09:35.111  2666  3413 D HeadsetService:  isAudioOn: The number of audio connected devices 0
02-28 09:09:35.111 13511 13544 D NavServiceProvider: Second to last stop coordinates: 28.024847, -82.537339
02-28 09:09:35.111  2666  3413 I Avrcp_ext: updatePlayStatusForDevice: device: null
02-28 09:09:35.111  2666  3413 V Avrcp_ext: updatePlaybackState (1): old=PlaybackState {state=2, position=-1, buffered position=0, speed=0.0, updated=1778339, actions=0, custom actions=[], active item id=-1, error=null}(2), new=PlaybackState {state=2, position=-1, buffered position=0, speed=0.0, updated=1778437, actions=0, custom actions=[], active item id=-1, error=null}(2)
02-28 09:09:35.111  2666  3413 I Avrcp_ext: Exit updatePlayStatusForDevice
02-28 09:09:35.111  2666  3413 D Avrcp_ext: Enter sendPlayPosNotificationRsp
02-28 09:09:35.111  2666  3413 D Avrcp_ext: sendPlayPosNotificationRsp: Not registered or requesting.
02-28 09:09:35.111  2666  3413 D Avrcp_ext: Enter sendPlayPosNotificationRsp
02-28 09:09:35.111  2666  3413 D Avrcp_ext: sendPlayPosNotificationRsp: Not registered or requesting.
02-28 09:09:35.111  2666  3413 D Avrcp_ext: Enter sendPlayPosNotificationRsp
02-28 09:09:35.111  2666  3413 D Avrcp_ext: sendPlayPosNotificationRsp: Not registered or requesting.
02-28 09:09:35.111  2666  3413 D Avrcp_ext: Enter sendPlayPosNotificationRsp
02-28 09:09:35.111  2666  3413 D Avrcp_ext: sendPlayPosNotificationRsp: Not registered or requesting.
02-28 09:09:35.111  2666  3413 D Avrcp_ext: Enter sendPlayPosNotificationRsp
02-28 09:09:35.111  2666  3413 D Avrcp_ext: sendPlayPosNotificationRsp: Not registered or requesting.
02-28 09:09:35.111  2666  3413 V Avrcp_ext: Exit updatePlayerStateAndPosition
02-28 09:09:35.111 13511 13544 D NavServiceProvider: Setting units automatically
02-28 09:09:35.112 13511 13544 D NavServiceProvider: Detecting stop. distance_d=130.8308. stop_type=1 speed=0.51614
02-28 09:09:35.112 13511 13544 D NavigationTest: 545: (28.025931, -82.537866, 0.516140)	R:true  F:false
02-28 09:09:35.112 13511 13544 D NavigationTest: 546: (28.025931, -82.537866, 0.516140)	R:true  F:false
02-28 09:09:35.112 13511 13544 D NavServiceProvider: Second to last stop coordinates: 28.024847, -82.537339
02-28 09:09:35.113 13511 13544 D NavServiceProvider: Setting units automatically
02-28 09:09:35.114 13511 13544 D NavServiceProvider: Detecting stop. distance_d=130.95667. stop_type=1 speed=0.378021
02-28 09:09:35.114 13511 13544 D NavigationTest: 547: (28.025933, -82.537864, 0.378021)	R:true  F:false
02-28 09:09:35.114 13511 13544 D NavServiceProvider: Second to last stop coordinates: 28.024847, -82.537339
02-28 09:09:35.114 13511 13544 D NavServiceProvider: Setting units automatically
02-28 09:09:35.115 13511 13544 D NavServiceProvider: Detecting stop. distance_d=128.60693. stop_type=1 speed=0.0
02-28 09:09:35.115 13511 13544 D NavigationTest: 548: (28.025916, -82.537848, 0.000000)	R:true  F:false
02-28 09:09:35.115 13511 13544 D NavigationTest: 549: (28.025916, -82.537848, 0.000000)	R:true  F:false
02-28 09:09:35.115 13511 13544 D NavServiceProvider: Second to last stop coordinates: 28.024847, -82.537339
02-28 09:09:35.115 13511 13544 D NavServiceProvider: Setting units automatically
02-28 09:09:35.116 13511 13544 D NavServiceProvider: Detecting stop. distance_d=129.06648. stop_type=1 speed=0.0
02-28 09:09:35.116 13511 13544 D NavigationTest: 550: (28.025919, -82.537852, 0.000000)	R:true  F:false
02-28 09:09:35.116 13511 13544 D NavigationTest: 551: (28.025919, -82.537852, 0.000000)	R:true  F:false
02-28 09:09:35.116 13511 13544 D NavServiceProvider: Second to last stop coordinates: 28.024847, -82.537339
02-28 09:09:35.117 13511 13544 D NavServiceProvider: Setting units automatically
02-28 09:09:35.118 13511 13544 D NavServiceProvider: Detecting stop. distance_d=129.08018. stop_type=1 speed=0.0
02-28 09:09:35.118 13511 13544 D NavigationTest: 552: (28.025918, -82.537855, 0.000000)	R:true  F:false
02-28 09:09:35.118 13511 13544 D NavigationTest: 553: (28.025918, -82.537855, 0.000000)	R:true  F:false
02-28 09:09:35.118 13511 13544 D NavServiceProvider: Second to last stop coordinates: 28.024847, -82.537339
02-28 09:09:35.118 13511 13544 D NavServiceProvider: Setting units automatically
02-28 09:09:35.119 13511 13544 D NavServiceProvider: Detecting stop. distance_d=128.49338. stop_type=1 speed=0.0
02-28 09:09:35.119 13511 13544 D NavigationTest: 554: (28.025913, -82.537853, 0.000000)	R:true  F:false
02-28 09:09:35.119 13511 13544 D NavigationTest: 555: (28.025913, -82.537853, 0.000000)	R:true  F:false
02-28 09:09:35.119 13511 13544 D NavServiceProvider: Second to last stop coordinates: 28.024847, -82.537339
02-28 09:09:35.119 13511 13544 D NavServiceProvider: Setting units automatically
02-28 09:09:35.120 13511 13544 D NavServiceProvider: Detecting stop. distance_d=128.90103. stop_type=1 speed=0.0
02-28 09:09:35.120 13511 13544 D NavigationTest: 556: (28.025917, -82.537853, 0.000000)	R:true  F:false
02-28 09:09:35.120 13511 13544 D NavigationTest: 557: (28.025917, -82.537853, 0.000000)	R:true  F:false
02-28 09:09:35.120 13511 13544 D NavServiceProvider: Second to last stop coordinates: 28.024847, -82.537339
02-28 09:09:35.121 13511 13544 D NavServiceProvider: Setting units automatically
02-28 09:09:35.122 13511 13544 D NavServiceProvider: Detecting stop. distance_d=128.65858. stop_type=1 speed=0.0
02-28 09:09:35.122 13511 13544 D NavigationTest: 558: (28.025915, -82.537852, 0.000000)	R:true  F:false
02-28 09:09:35.122 13511 13544 D NavigationTest: 559: (28.025915, -82.537852, 0.000000)	R:true  F:false
02-28 09:09:35.122 13511 13544 D NavServiceProvider: Second to last stop coordinates: 28.024847, -82.537339
02-28 09:09:35.122 13511 13544 D NavServiceProvider: Setting units automatically
02-28 09:09:35.123 13511 13544 D NavServiceProvider: Detecting stop. distance_d=127.994705. stop_type=1 speed=0.39
02-28 09:09:35.123 13511 13544 D NavigationTest: 560: (28.025910, -82.537848, 0.390000)	R:true  F:false
02-28 09:09:35.123 13511 13544 D NavServiceProvider: Second to last stop coordinates: 28.024847, -82.537339
02-28 09:09:35.123 13511 13544 D NavServiceProvider: Setting units automatically
02-28 09:09:35.124 13511 13544 D NavServiceProvider: Detecting stop. distance_d=127.77754. stop_type=1 speed=0.0
02-28 09:09:35.124 13511 13544 D NavigationTest: 561: (28.025909, -82.537845, 0.000000)	R:true  F:false
02-28 09:09:35.124 13511 13544 D NavigationTest: 562: (28.025909, -82.537845, 0.000000)	R:true  F:false
02-28 09:09:35.124 13511 13544 D NavServiceProvider: Second to last stop coordinates: 28.024847, -82.537339
02-28 09:09:35.125 13511 13544 D NavServiceProvider: Setting units automatically
02-28 09:09:35.125 13511 13544 D NavServiceProvider: Detecting stop. distance_d=127.80322. stop_type=1 speed=0.0
02-28 09:09:35.126 13511 13544 D NavigationTest: 563: (28.025910, -82.537843, 0.000000)	R:true  F:false
02-28 09:09:35.126 13511 13544 D NavServiceProvider: Second to last stop coordinates: 28.024847, -82.537339
02-28 09:09:35.126 13511 13544 D NavServiceProvider: Setting units automatically
02-28 09:09:35.127 13511 13544 D NavServiceProvider: Detecting stop. distance_d=127.037834. stop_type=1 speed=0.0
02-28 09:09:35.127 13511 13544 D NavigationTest: 564: (28.025904, -82.537839, 0.000000)	R:true  F:false
02-28 09:09:35.127 13511 13544 D NavigationTest: 565: (28.025904, -82.537839, 0.000000)	R:true  F:false
02-28 09:09:35.127 13511 13544 D NavigationTest: 566: (28.025904, -82.537839, 0.000000)	R:true  F:false
02-28 09:09:35.127 13511 13544 D NavServiceProvider: Second to last stop coordinates: 28.024847, -82.537339
02-28 09:09:35.127 13511 13544 D NavServiceProvider: Setting units automatically
02-28 09:09:35.128 13511 13544 D NavServiceProvider: Detecting stop. distance_d=126.18256. stop_type=1 speed=0.0
02-28 09:09:35.128 13511 13544 D NavigationTest: 567: (28.025896, -82.537838, 0.000000)	R:true  F:false
02-28 09:09:35.128 13511 13544 D NavServiceProvider: Second to last stop coordinates: 28.024847, -82.537339
02-28 09:09:35.128 13511 13544 D NavServiceProvider: Setting units automatically
02-28 09:09:35.129 13511 13544 D NavServiceProvider: Detecting stop. distance_d=125.41706. stop_type=1 speed=0.0
02-28 09:09:35.129 13511 13544 D NavigationTest: 568: (28.025890, -82.537834, 0.000000)	R:true  F:false
02-28 09:09:35.130 13511 13544 D NavigationTest: 569: (28.025890, -82.537834, 0.000000)	R:true  F:false
02-28 09:09:35.130 13511 13544 D NavServiceProvider: Second to last stop coordinates: 28.024847, -82.537339
02-28 09:09:35.130 13511 13544 D NavServiceProvider: Setting units automatically
02-28 09:09:35.131 13511 13544 D NavServiceProvider: Detecting stop. distance_d=125.34085. stop_type=1 speed=0.0
02-28 09:09:35.131 13511 13544 D NavigationTest: 570: (28.025890, -82.537832, 0.000000)	R:true  F:false
02-28 09:09:35.131 13511 13544 D NavigationTest: 571: (28.025890, -82.537832, 0.000000)	R:true  F:false
02-28 09:09:35.131 13511 13544 D NavServiceProvider: Second to last stop coordinates: 28.024847, -82.537339
02-28 09:09:35.131 13511 13544 D NavServiceProvider: Setting units automatically
02-28 09:09:35.132 13511 13544 D NavServiceProvider: Detecting stop. distance_d=124.958206. stop_type=1 speed=0.0
02-28 09:09:35.132 13511 13544 D NavigationTest: 572: (28.025887, -82.537830, 0.000000)	R:true  F:false
02-28 09:09:35.132 13511 13544 D NavServiceProvider: Second to last stop coordinates: 28.024847, -82.537339
02-28 09:09:35.133 13511 13544 D NavServiceProvider: Setting units automatically
02-28 09:09:35.133   871  6793 D msm8974_platform: platform_split_snd_device: snd_device(2) num devices(1) new_snd_devices(0)
02-28 09:09:35.134 13511 13544 D NavServiceProvider: Detecting stop. distance_d=125.03434. stop_type=1 speed=0.0
02-28 09:09:35.134 13511 13544 D NavigationTest: 573: (28.025887, -82.537832, 0.000000)	R:true  F:false
02-28 09:09:35.134 13511 13544 D NavigationTest: 574: (28.025887, -82.537832, 0.000000)	R:true  F:false
02-28 09:09:35.134 13511 13544 D NavServiceProvider: Second to last stop coordinates: 28.024847, -82.537339
02-28 09:09:35.134 13511 13544 D NavServiceProvider: Setting units automatically
02-28 09:09:35.135 13511 13544 D NavServiceProvider: Detecting stop. distance_d=125.085365. stop_type=1 speed=0.0
02-28 09:09:35.135 13511 13544 D NavigationTest: 575: (28.025886, -82.537836, 0.000000)	R:true  F:false
02-28 09:09:35.135 13511 13544 D NavigationTest: 576: (28.025886, -82.537836, 0.000000)	R:true  F:false
02-28 09:09:35.135 13511 13544 D NavServiceProvider: Second to last stop coordinates: 28.024847, -82.537339
02-28 09:09:35.135 13511 13544 D NavServiceProvider: Setting units automatically
02-28 09:09:35.136 13511 13544 D NavServiceProvider: Detecting stop. distance_d=125.123825. stop_type=1 speed=0.0
02-28 09:09:35.136 13511 13544 D NavigationTest: 577: (28.025886, -82.537837, 0.000000)	R:true  F:false
02-28 09:09:35.137 13511 13544 D NavServiceProvider: Second to last stop coordinates: 28.024847, -82.537339
02-28 09:09:35.137 13511 13544 D NavServiceProvider: Setting units automatically
02-28 09:09:35.138 13511 13544 D NavServiceProvider: Detecting stop. distance_d=125.36627. stop_type=1 speed=0.0
02-28 09:09:35.138 13511 13544 D NavigationTest: 578: (28.025888, -82.537838, 0.000000)	R:true  F:false
02-28 09:09:35.138 13511 13544 D NavigationTest: 579: (28.025888, -82.537838, 0.000000)	R:true  F:false
02-28 09:09:35.138 13511 13544 D NavServiceProvider: Second to last stop coordinates: 28.024847, -82.537339
02-28 09:09:35.138 13511 13544 D NavServiceProvider: Setting units automatically
02-28 09:09:35.139 13511 13544 D NavServiceProvider: Detecting stop. distance_d=125.5453. stop_type=1 speed=0.0
02-28 09:09:35.139 13511 13544 D NavigationTest: 580: (28.025889, -82.537840, 0.000000)	R:true  F:false
02-28 09:09:35.139 13511 13544 D NavServiceProvider: Second to last stop coordinates: 28.024847, -82.537339
02-28 09:09:35.140 13511 13544 D NavServiceProvider: Setting units automatically
02-28 09:09:35.141 13511 13544 D NavServiceProvider: Detecting stop. distance_d=125.27677. stop_type=1 speed=1.125389
02-28 09:09:35.141 13511 13544 D NavigationTest: 581: (28.025889, -82.537833, 1.125389)	R:true  F:false
02-28 09:09:35.141 13511 13544 D NavigationTest: 582: (28.025889, -82.537833, 1.125389)	R:true  F:false
02-28 09:09:35.141 13511 13544 D NavServiceProvider: Second to last stop coordinates: 28.024847, -82.537339
02-28 09:09:35.141 13511 13544 D NavServiceProvider: Setting units automatically
02-28 09:09:35.142 13511 13544 D NavServiceProvider: Detecting stop. distance_d=124.856. stop_type=1 speed=0.240832
02-28 09:09:35.142 13511 13544 D NavigationTest: 583: (28.025886, -82.537830, 0.240832)	R:true  F:false
02-28 09:09:35.142 13511 13544 D NavigationTest: 584: (28.025886, -82.537830, 0.240832)	R:true  F:false
02-28 09:09:35.142 13511 13544 D NavServiceProvider: Second to last stop coordinates: 28.024847, -82.537339
02-28 09:09:35.142 13511 13544 D NavServiceProvider: Setting units automatically
02-28 09:09:35.143 13511 13544 D NavServiceProvider: Detecting stop. distance_d=124.052826. stop_type=1 speed=0.05
02-28 09:09:35.143 13511 13544 D NavigationTest: 585: (28.025880, -82.537825, 0.050000)	R:true  F:false
02-28 09:09:35.143 13511 13544 D NavigationTest: 586: (28.025880, -82.537825, 0.050000)	R:true  F:false
02-28 09:09:35.143 13511 13544 D NavServiceProvider: Second to last stop coordinates: 28.024847, -82.537339
02-28 09:09:35.144 13511 13544 D NavServiceProvider: Setting units automatically
02-28 09:09:35.145 13511 13544 D NavServiceProvider: Detecting stop. distance_d=123.98852. stop_type=1 speed=0.02
02-28 09:09:35.145 13511 13544 D NavigationTest: 587: (28.025879, -82.537826, 0.020000)	R:true  F:false
02-28 09:09:35.145 13511 13544 D NavServiceProvider: Second to last stop coordinates: 28.024847, -82.537339
02-28 09:09:35.145 13511 13544 D NavServiceProvider: Setting units automatically
02-28 09:09:35.146 13511 13544 D NavServiceProvider: Detecting stop. distance_d=123.6307. stop_type=1 speed=0.0
02-28 09:09:35.146 13511 13544 D NavigationTest: 588: (28.025874, -82.537830, 0.000000)	R:true  F:false
02-28 09:09:35.146 13511 13544 D NavigationTest: 589: (28.025874, -82.537830, 0.000000)	R:true  F:false
02-28 09:09:35.146 13511 13544 D NavServiceProvider: Second to last stop coordinates: 28.024847, -82.537339
02-28 09:09:35.146 13511 13544 D NavServiceProvider: Setting units automatically
02-28 09:09:35.147 13511 13544 D NavServiceProvider: Detecting stop. distance_d=123.45195. stop_type=1 speed=0.0
02-28 09:09:35.147 13511 13544 D NavigationTest: 590: (28.025873, -82.537828, 0.000000)	R:true  F:false
02-28 09:09:35.147 13511 13544 D NavigationTest: 591: (28.025873, -82.537828, 0.000000)	R:true  F:false
02-28 09:09:35.147 13511 13544 D NavServiceProvider: Second to last stop coordinates: 28.024847, -82.537339
02-28 09:09:35.148 13511 13544 D NavServiceProvider: Setting units automatically
02-28 09:09:35.149 13511 13544 D NavServiceProvider: Detecting stop. distance_d=123.55402. stop_type=1 speed=0.0
02-28 09:09:35.149 13511 13544 D NavigationTest: 592: (28.025874, -82.537828, 0.000000)	R:true  F:false
02-28 09:09:35.149 13511 13544 D NavigationTest: 593: (28.025874, -82.537828, 0.000000)	R:true  F:false
02-28 09:09:35.149 13511 13544 D NavigationTest: 594: (28.025874, -82.537828, 0.000000)	R:true  F:false
02-28 09:09:35.149 13511 13544 D NavServiceProvider: Second to last stop coordinates: 28.024847, -82.537339
02-28 09:09:35.149 13511 13544 D NavServiceProvider: Setting units automatically
02-28 09:09:35.150 13511 13544 D NavServiceProvider: Detecting stop. distance_d=123.22275. stop_type=1 speed=0.0
02-28 09:09:35.150 13511 13544 D NavigationTest: 595: (28.025870, -82.537830, 0.000000)	R:true  F:false
02-28 09:09:35.150 13511 13544 D NavigationTest: 596: (28.025870, -82.537830, 0.000000)	R:true  F:false
02-28 09:09:35.150 13511 13544 D NavServiceProvider: Second to last stop coordinates: 28.024847, -82.537339
02-28 09:09:35.150 13511 13544 D NavServiceProvider: Setting units automatically
02-28 09:09:35.151 13511 13544 D NavServiceProvider: Detecting stop. distance_d=123.353386. stop_type=1 speed=0.0
02-28 09:09:35.151 13511 13544 D NavigationTest: 597: (28.025869, -82.537836, 0.000000)	R:true  F:false
02-28 09:09:35.151 13511 13544 D NavigationTest: 598: (28.025869, -82.537836, 0.000000)	R:true  F:false
02-28 09:09:35.152 13511 13544 D NavServiceProvider: Second to last stop coordinates: 28.024847, -82.537339
02-28 09:09:35.152 13511 13544 D NavServiceProvider: Setting units automatically
02-28 09:09:35.153 13511 13544 D NavServiceProvider: Detecting stop. distance_d=123.65063. stop_type=1 speed=0.0
02-28 09:09:35.153 13511 13544 D NavigationTest: 599: (28.025870, -82.537841, 0.000000)	R:true  F:false
02-28 09:09:35.153 13511 13544 D NavServiceProvider: Second to last stop coordinates: 28.024847, -82.537339
02-28 09:09:35.153 13511 13544 D NavServiceProvider: Setting units automatically
02-28 09:09:35.154 13511 13544 D NavServiceProvider: Detecting stop. distance_d=123.71304. stop_type=1 speed=0.0
02-28 09:09:35.154 13511 13544 D NavigationTest: 600: (28.025871, -82.537840, 0.000000)	R:true  F:false
02-28 09:09:35.154 13511 13544 D NavigationTest: 601: (28.025871, -82.537840, 0.000000)	R:true  F:false
02-28 09:09:35.154 13511 13544 D NavigationTest: 602: (28.025871, -82.537840, 0.000000)	R:true  F:false
02-28 09:09:35.154 13511 13544 D NavServiceProvider: Second to last stop coordinates: 28.024847, -82.537339
02-28 09:09:35.154 13511 13544 D NavServiceProvider: Setting units automatically
02-28 09:09:35.155 13511 13544 D NavServiceProvider: Detecting stop. distance_d=124.39462. stop_type=1 speed=0.0
02-28 09:09:35.155 13511 13544 D NavigationTest: 603: (28.025875, -82.537847, 0.000000)	R:true  F:false
02-28 09:09:35.155 13511 13544 D NavServiceProvider: Second to last stop coordinates: 28.024847, -82.537339
02-28 09:09:35.156 13511 13544 D NavServiceProvider: Setting units automatically
02-28 09:09:35.157 13511 13544 D NavServiceProvider: Detecting stop. distance_d=124.05067. stop_type=1 speed=0.0
02-28 09:09:35.157 13511 13544 D NavigationTest: 604: (28.025872, -82.537846, 0.000000)	R:true  F:false
02-28 09:09:35.157 13511 13544 D NavigationTest: 605: (28.025872, -82.537846, 0.000000)	R:true  F:false
02-28 09:09:35.157 13511 13544 D NavServiceProvider: Second to last stop coordinates: 28.024847, -82.537339
02-28 09:09:35.157 13511 13544 D NavServiceProvider: Setting units automatically
02-28 09:09:35.158 13511 13544 D NavServiceProvider: Detecting stop. distance_d=123.91638. stop_type=1 speed=0.618466
02-28 09:09:35.158 13511 13544 D NavigationTest: 606: (28.025873, -82.537840, 0.618466)	R:true  F:false
02-28 09:09:35.158 13511 13544 D NavServiceProvider: Second to last stop coordinates: 28.024847, -82.537339
02-28 09:09:35.158 13511 13544 D NavServiceProvider: Setting units automatically
02-28 09:09:35.159 13511 13544 D NavServiceProvider: Detecting stop. distance_d=123.59585. stop_type=1 speed=0.739256
02-28 09:09:35.159 13511 13544 D NavigationTest: 607: (28.025871, -82.537837, 0.739256)	R:true  F:false
02-28 09:09:35.160 13511 13544 D NavigationTest: 608: (28.025871, -82.537837, 0.739256)	R:true  F:false
02-28 09:09:35.160 13511 13544 D NavServiceProvider: Second to last stop coordinates: 28.024847, -82.537339
02-28 09:09:35.160 13511 13544 D NavServiceProvider: Setting units automatically
02-28 09:09:35.161 13511 13544 D NavServiceProvider: Detecting stop. distance_d=123.10341. stop_type=1 speed=0.0
02-28 09:09:35.161 13511 13544 D NavigationTest: 609: (28.025865, -82.537840, 0.000000)	R:true  F:false
02-28 09:09:35.161 13511 13544 D NavigationTest: 610: (28.025865, -82.537840, 0.000000)	R:true  F:false
02-28 09:09:35.161 13511 13544 D NavServiceProvider: Second to last stop coordinates: 28.024847, -82.537339
02-28 09:09:35.161 13511 13544 D NavServiceProvider: Setting units automatically
02-28 09:09:35.162 13511 13544 D NavServiceProvider: Detecting stop. distance_d=123.00186. stop_type=1 speed=0.0
02-28 09:09:35.162 13511 13544 D NavigationTest: 611: (28.025864, -82.537840, 0.000000)	R:true  F:false
02-28 09:09:35.162 13511 13544 D NavServiceProvider: Second to last stop coordinates: 28.024847, -82.537339
02-28 09:09:35.162 13511 13544 D NavServiceProvider: Setting units automatically
02-28 09:09:35.163 13511 13544 D NavServiceProvider: Detecting stop. distance_d=122.61847. stop_type=1 speed=0.480208
02-28 09:09:35.163 13511 13544 D NavigationTest: 612: (28.025861, -82.537838, 0.480208)	R:true  F:false
02-28 09:09:35.164 13511 13544 D NavigationTest: 613: (28.025861, -82.537838, 0.480208)	R:true  F:false
02-28 09:09:35.164 13511 13544 D NavServiceProvider: Second to last stop coordinates: 28.024847, -82.537339
02-28 09:09:35.164 13511 13544 D NavServiceProvider: Setting units automatically
02-28 09:09:35.165 13511 13544 D NavServiceProvider: Detecting stop. distance_d=121.98427. stop_type=1 speed=0.751864
02-28 09:09:35.165 13511 13544 D NavigationTest: 614: (28.025852, -82.537845, 0.751864)	R:true  F:false
02-28 09:09:35.165 13511 13544 D NavigationTest: 615: (28.025852, -82.537845, 0.751864)	R:true  F:false
02-28 09:09:35.165 13511 13544 D NavServiceProvider: Second to last stop coordinates: 28.024847, -82.537339
02-28 09:09:35.165 13511 13544 D NavServiceProvider: Setting units automatically
02-28 09:09:35.166 13511 13544 D NavServiceProvider: Detecting stop. distance_d=121.94319. stop_type=1 speed=0.33121
02-28 09:09:35.166 13511 13544 D NavigationTest: 616: (28.025850, -82.537849, 0.331210)	R:true  F:false
02-28 09:09:35.166 13511 13544 D NavigationTest: 617: (28.025850, -82.537849, 0.331210)	R:true  F:false
02-28 09:09:35.166 13511 13544 D NavServiceProvider: Second to last stop coordinates: 28.024847, -82.537339
02-28 09:09:35.166 13511 13544 D NavServiceProvider: Setting units automatically
02-28 09:09:35.167 13511 13544 D NavServiceProvider: Detecting stop. distance_d=121.15731. stop_type=1 speed=0.60075
02-28 09:09:35.167 13511 13544 D NavigationTest: 618: (28.025841, -82.537852, 0.600750)	R:true  F:false
02-28 09:09:35.167 13511 13544 D NavServiceProvider: Second to last stop coordinates: 28.024847, -82.537339
02-28 09:09:35.168 13511 13544 D NavServiceProvider: Setting units automatically
02-28 09:09:35.169 13511 13544 D NavServiceProvider: Detecting stop. distance_d=120.63148. stop_type=1 speed=0.600083
02-28 09:09:35.169 13511 13544 D NavigationTest: 619: (28.025837, -82.537849, 0.600083)	R:true  F:false
02-28 09:09:35.169 13511 13544 D NavigationTest: 620: (28.025837, -82.537849, 0.600083)	R:true  F:false
02-28 09:09:35.169 13511 13544 D NavServiceProvider: Second to last stop coordinates: 28.024847, -82.537339
02-28 09:09:35.169 13511 13544 D NavServiceProvider: Setting units automatically
02-28 09:09:35.170 13511 13544 D NavServiceProvider: Detecting stop. distance_d=121.90278. stop_type=1 speed=0.459674
02-28 09:09:35.170 13511 13544 D NavigationTest: 621: (28.025850, -82.537848, 0.459674)	R:true  F:false
02-28 09:09:35.170 13511 13544 D NavigationTest: 622: (28.025850, -82.537848, 0.459674)	R:true  F:false
02-28 09:09:35.170 13511 13544 D NavServiceProvider: Second to last stop coordinates: 28.024847, -82.537339
02-28 09:09:35.170 13511 13544 D NavServiceProvider: Setting units automatically
02-28 09:09:35.171 13511 13544 D NavServiceProvider: Detecting stop. distance_d=121.68081. stop_type=1 speed=1.24952
02-28 09:09:35.172 13511 13544 D NavigationTest: 623: (28.025847, -82.537850, 1.249520)	R:true  F:false
02-28 09:09:35.172 13511 13544 D NavigationTest: 624: (28.025847, -82.537850, 1.249520)	R:true  F:false
02-28 09:09:35.172 13511 13544 D NavServiceProvider: Second to last stop coordinates: 28.024847, -82.537339
02-28 09:09:35.172 13511 13544 D NavServiceProvider: Setting units automatically
02-28 09:09:35.173 13511 13544 D NavServiceProvider: Detecting stop. distance_d=120.686295. stop_type=1 speed=1.360919
02-28 09:09:35.173 13511 13544 D NavigationTest: 625: (28.025847, -82.537825, 1.360919)	R:true  F:false
02-28 09:09:35.173 13511 13544 D NavServiceProvider: Second to last stop coordinates: 28.024847, -82.537339
02-28 09:09:35.173 13511 13544 D NavServiceProvider: Setting units automatically
02-28 09:09:35.174 13511 13544 D NavServiceProvider: Detecting stop. distance_d=119.33329. stop_type=1 speed=1.360331
02-28 09:09:35.174 13511 13544 D NavigationTest: 626: (28.025836, -82.537819, 1.360331)	R:true  F:false
02-28 09:09:35.174 13511 13544 D NavigationTest: 627: (28.025836, -82.537819, 1.360331)	R:true  F:false
02-28 09:09:35.174 13511 13544 D NavServiceProvider: Second to last stop coordinates: 28.024847, -82.537339
02-28 09:09:35.175 13511 13544 D NavServiceProvider: Setting units automatically
02-28 09:09:35.175 13511 13544 D NavServiceProvider: Detecting stop. distance_d=113.936264. stop_type=1 speed=2.260199
02-28 09:09:35.176 13511 13544 D NavigationTest: 628: (28.025797, -82.537782, 2.260199)	R:true  F:false
02-28 09:09:35.176 13511 13544 D NavServiceProvider: Second to last stop coordinates: 28.024847, -82.537339
02-28 09:09:35.176 13511 13544 D NavServiceProvider: Setting units automatically
02-28 09:09:35.177 13511 13544 D NavServiceProvider: Detecting stop. distance_d=111.42807. stop_type=1 speed=2.561952
02-28 09:09:35.177 13511 13544 D NavigationTest: 629: (28.025778, -82.537767, 2.561952)	R:true  F:false
02-28 09:09:35.177 13511 13544 D NavigationTest: 630: (28.025778, -82.537767, 2.561952)	R:true  F:false
02-28 09:09:35.177 13511 13544 D NavServiceProvider: Second to last stop coordinates: 28.024847, -82.537339
02-28 09:09:35.177 13511 13544 D NavServiceProvider: Setting units automatically
02-28 09:09:35.178 13511 13544 D NavServiceProvider: Detecting stop. distance_d=107.9695. stop_type=1 speed=3.154061
02-28 09:09:35.178 13511 13544 D NavigationTest: 631: (28.025749, -82.537754, 3.154061)	R:true  F:false
02-28 09:09:35.178 13511 13544 D NavServiceProvider: Second to last stop coordinates: 28.024847, -82.537339
02-28 09:09:35.179 13511 13544 D NavServiceProvider: Setting units automatically
02-28 09:09:35.180 13511 13544 D NavServiceProvider: Detecting stop. distance_d=102.2111. stop_type=1 speed=4.420181
02-28 09:09:35.180 13511 13544 D NavigationTest: 632: (28.025703, -82.537726, 4.420181)	R:true  F:false
02-28 09:09:35.180 13511 13544 D NavigationTest: 633: (28.025703, -82.537726, 4.420181)	R:true  F:false
02-28 09:09:35.180 13511 13544 D NavServiceProvider: Second to last stop coordinates: 28.024847, -82.537339
02-28 09:09:35.180 13511 13544 D NavServiceProvider: Setting units automatically
02-28 09:09:35.181 13511 13544 D NavServiceProvider: Detecting stop. distance_d=97.80738. stop_type=1 speed=4.420045
02-28 09:09:35.181 13511 13544 D NavServiceProvider: Case 1: false
02-28 09:09:35.181 13511 13544 D NavigationTest: 634: (28.025668, -82.537704, 4.420045)	R:true  F:false
02-28 09:09:35.181 13511 13544 D NavigationTest: 635: (28.025668, -82.537704, 4.420045)	R:true  F:false
02-28 09:09:35.181 13511 13544 D NavServiceProvider: Second to last stop coordinates: 28.024847, -82.537339
02-28 09:09:35.181 13511 13544 D NavServiceProvider: Setting units automatically
02-28 09:09:35.182 13511 13544 D NavServiceProvider: Detecting stop. distance_d=92.24652. stop_type=1 speed=5.415321
02-28 09:09:35.182 13511 13544 D NavigationTest: 636: (28.025620, -82.537687, 5.415321)	R:true  F:false
02-28 09:09:35.182 13511 13544 D NavigationTest: 637: (28.025620, -82.537687, 5.415321)	R:true  F:false
