02-28 09:09:48.197 13511 13544 D NavServiceProvider: Setting units automatically
02-28 09:09:48.198 13511 13544 D NavServiceProvider: Detecting stop. distance_d=956.7628. stop_type=1 speed=0.0
02-28 09:09:48.198 13511 13544 D NavigationTest: 187: (28.069214, -82.413783, 0.000000)	R:false  F:false
02-28 09:09:48.198 13511 13544 D NavigationTest: 188: (28.069214, -82.413783, 0.000000)	R:false  F:false
02-28 09:09:48.199 13511 13544 D NavigationTest: 189: (28.069214, -82.413783, 0.000000)	R:false  F:false
02-28 09:09:48.199 13511 13544 D NavServiceProvider: Second to last stop coordinates: 28.069269, -82.423516
02-28 09:09:48.199 13511 13544 D NavServiceProvider: Setting units automatically
02-28 09:09:48.200 13511 13544 D NavServiceProvider: Detecting stop. distance_d=949.6031. stop_type=1 speed=5.43
02-28 09:09:48.200 13511 13544 D NavigationTest: 190: (28.069195, -82.413856, 5.430000)	R:false  F:false
02-28 09:09:48.200 13511 13544 D NavigationTest: 191: (28.069195, -82.413856, 5.430000)	R:false  F:false
02-28 09:09:48.200 13511 13544 D NavigationTest: 192: (28.069195, -82.413856, 5.430000)	R:false  F:false
02-28 09:09:48.200 13511 13544 D NavServiceProvider: Second to last stop coordinates: 28.069269, -82.423516
02-28 09:09:48.200 13511 13544 D NavServiceProvider: Setting units automatically
02-28 09:09:48.201 13511 13544 D NavServiceProvider: Detecting stop. distance_d=943.7946. stop_type=1 speed=6.48
02-28 09:09:48.201 13511 13544 D NavigationTest: 193: (28.069205, -82.413915, 6.480000)	R:false  F:false
02-28 09:09:48.201 13511 13544 D NavigationTest: 194: (28.069205, -82.413915, 6.480000)	R:false  F:false
02-28 09:09:48.201 13511 13544 D NavServiceProvider: Second to last stop coordinates: 28.069269, -82.423516
02-28 09:09:48.202 13511 13544 D NavServiceProvider: Setting units automatically
02-28 09:09:48.203 13511 13544 D NavServiceProvider: Detecting stop. distance_d=936.81476. stop_type=1 speed=7.6
02-28 09:09:48.203 13511 13544 D NavigationTest: 195: (28.069206, -82.413986, 7.600000)	R:false  F:false
02-28 09:09:48.203 13511 13544 D NavigationTest: 196: (28.069206, -82.413986, 7.600000)	R:false  F:false
02-28 09:09:48.203 13511 13544 D NavigationTest: 197: (28.069206, -82.413986, 7.600000)	R:false  F:false
02-28 09:09:48.203 13511 13544 D NavServiceProvider: Second to last stop coordinates: 28.069269, -82.423516
02-28 09:09:48.203 13511 13544 D NavServiceProvider: Setting units automatically
02-28 09:09:48.204 13511 13544 D NavServiceProvider: Detecting stop. distance_d=930.63824. stop_type=1 speed=8.42
02-28 09:09:48.204 13511 13544 D NavigationTest: 198: (28.069189, -82.414049, 8.420000)	R:false  F:false
02-28 09:09:48.204 13511 13544 D NavigationTest: 199: (28.069189, -82.414049, 8.420000)	R:false  F:false
02-28 09:09:48.204 13511 13544 D NavigationTest: 200: (28.069189, -82.414049, 8.420000)	R:false  F:false
02-28 09:09:48.204 13511 13544 D NavServiceProvider: Second to last stop coordinates: 28.069269, -82.423516
02-28 09:09:48.205 13511 13544 D NavServiceProvider: Setting units automatically
02-28 09:09:48.206 13511 13544 D NavServiceProvider: Detecting stop. distance_d=921.7928. stop_type=1 speed=9.3
02-28 09:09:48.206 13511 13544 D NavigationTest: 201: (28.069188, -82.414139, 9.300000)	R:false  F:false
02-28 09:09:48.206 13511 13544 D NavigationTest: 202: (28.069188, -82.414139, 9.300000)	R:false  F:false
02-28 09:09:48.206 13511 13544 D NavServiceProvider: Second to last stop coordinates: 28.069269, -82.423516
02-28 09:09:48.206 13511 13544 D NavServiceProvider: Setting units automatically
02-28 09:09:48.207 13511 13544 D NavServiceProvider: Detecting stop. distance_d=911.17487. stop_type=1 speed=10.52
02-28 09:09:48.207 13511 13544 D NavigationTest: 203: (28.069190, -82.414247, 10.520000)	R:false  F:false
02-28 09:09:48.207 13511 13544 D NavigationTest: 204: (28.069190, -82.414247, 10.520000)	R:false  F:false
02-28 09:09:48.207 13511 13544 D NavigationTest: 205: (28.069190, -82.414247, 10.520000)	R:false  F:false
02-28 09:09:48.207 13511 13544 D NavServiceProvider: Second to last stop coordinates: 28.069269, -82.423516
02-28 09:09:48.208 13511 13544 D NavServiceProvider: Setting units automatically
02-28 09:09:48.209 13511 13544 D NavServiceProvider: Detecting stop. distance_d=901.3433. stop_type=1 speed=10.77
02-28 09:09:48.209 13511 13544 D NavigationTest: 206: (28.069192, -82.414347, 10.770000)	R:false  F:false
02-28 09:09:48.209 13511 13544 D NavigationTest: 207: (28.069192, -82.414347, 10.770000)	R:false  F:false
02-28 09:09:48.209 13511 13544 D NavigationTest: 208: (28.069192, -82.414347, 10.770000)	R:false  F:false
02-28 09:09:48.209 13511 13544 D NavServiceProvider: Second to last stop coordinates: 28.069269, -82.423516
02-28 09:09:48.209 13511 13544 D NavServiceProvider: Setting units automatically
02-28 09:09:48.211 13511 13544 D NavServiceProvider: Detecting stop. distance_d=889.64954. stop_type=1 speed=11.84
02-28 09:09:48.211 13511 13544 D NavigationTest: 209: (28.069189, -82.414466, 11.840000)	R:false  F:false
02-28 09:09:48.211 13511 13544 D NavigationTest: 210: (28.069189, -82.414466, 11.840000)	R:false  F:false
02-28 09:09:48.211 13511 13544 D NavServiceProvider: Second to last stop coordinates: 28.069269, -82.423516
02-28 09:09:48.211 13511 13544 D NavServiceProvider: Setting units automatically
02-28 09:09:48.212 13511 13544 D NavServiceProvider: Detecting stop. distance_d=877.84985. stop_type=1 speed=12.53
02-28 09:09:48.212 13511 13544 D NavigationTest: 211: (28.069193, -82.414586, 12.530000)	R:false  F:false
02-28 09:09:48.212 13511 13544 D NavigationTest: 212: (28.069193, -82.414586, 12.530000)	R:false  F:false
02-28 09:09:48.212 13511 13544 D NavigationTest: 213: (28.069193, -82.414586, 12.530000)	R:false  F:false
02-28 09:09:48.212 13511 13544 D NavServiceProvider: Second to last stop coordinates: 28.069269, -82.423516
02-28 09:09:48.213 13511 13544 D NavServiceProvider: Setting units automatically
02-28 09:09:48.214 13511 13544 D NavServiceProvider: Detecting stop. distance_d=864.9789. stop_type=1 speed=13.17
02-28 09:09:48.214 13511 13544 D NavigationTest: 214: (28.069188, -82.414717, 13.170000)	R:false  F:false
02-28 09:09:48.214 13511 13544 D NavigationTest: 215: (28.069188, -82.414717, 13.170000)	R:false  F:false
02-28 09:09:48.214 13511 13544 D NavigationTest: 216: (28.069188, -82.414717, 13.170000)	R:false  F:false
02-28 09:09:48.214 13511 13544 D NavServiceProvider: Second to last stop coordinates: 28.069269, -82.423516
02-28 09:09:48.214 13511 13544 D NavServiceProvider: Setting units automatically
02-28 09:09:48.215 13511 13544 D NavServiceProvider: Detecting stop. distance_d=852.003. stop_type=1 speed=13.61
02-28 09:09:48.215 13511 13544 D NavigationTest: 217: (28.069189, -82.414849, 13.610000)	R:false  F:false
02-28 09:09:48.215 13511 13544 D NavigationTest: 218: (28.069189, -82.414849, 13.610000)	R:false  F:false
02-28 09:09:48.215 13511 13544 D NavServiceProvider: Second to last stop coordinates: 28.069269, -82.423516
02-28 09:09:48.215 13511 13544 D NavServiceProvider: Setting units automatically
02-28 09:09:48.216 13511 13544 D NavServiceProvider: Detecting stop. distance_d=838.24426. stop_type=1 speed=14.4
02-28 09:09:48.217 13511 13544 D NavigationTest: 219: (28.069187, -82.414989, 14.400000)	R:false  F:false
02-28 09:09:48.217 13511 13544 D NavigationTest: 220: (28.069187, -82.414989, 14.400000)	R:false  F:false
02-28 09:09:48.217 13511 13544 D NavigationTest: 221: (28.069187, -82.414989, 14.400000)	R:false  F:false
02-28 09:09:48.217 13511 13544 D NavServiceProvider: Second to last stop coordinates: 28.069269, -82.423516
02-28 09:09:48.217 13511 13544 D NavServiceProvider: Setting units automatically
02-28 09:09:48.218 13511 13544 D NavServiceProvider: Detecting stop. distance_d=823.4991. stop_type=1 speed=15.13
02-28 09:09:48.218 13511 13544 D NavigationTest: 222: (28.069188, -82.415139, 15.130000)	R:false  F:false
02-28 09:09:48.218 13511 13544 D NavigationTest: 223: (28.069188, -82.415139, 15.130000)	R:false  F:false
02-28 09:09:48.218 13511 13544 D NavServiceProvider: Second to last stop coordinates: 28.069269, -82.423516
02-28 09:09:48.218 13511 13544 D NavServiceProvider: Setting units automatically
02-28 09:09:48.219 13511 13544 D NavServiceProvider: Detecting stop. distance_d=807.07587. stop_type=1 speed=15.73
02-28 09:09:48.220 13511 13544 D NavigationTest: 224: (28.069195, -82.415306, 15.730000)	R:false  F:false
02-28 09:09:48.220 13511 13544 D NavigationTest: 225: (28.069195, -82.415306, 15.730000)	R:false  F:false
02-28 09:09:48.220 13511 13544 D NavigationTest: 226: (28.069195, -82.415306, 15.730000)	R:false  F:false
02-28 09:09:48.220 13511 13544 D NavServiceProvider: Second to last stop coordinates: 28.069269, -82.423516
02-28 09:09:48.220 13511 13544 D NavServiceProvider: Setting units automatically
02-28 09:09:48.221 13511 13544 D NavServiceProvider: Detecting stop. distance_d=790.8646. stop_type=1 speed=16.3
02-28 09:09:48.221 13511 13544 D NavigationTest: 227: (28.069189, -82.415471, 16.299999)	R:false  F:false
02-28 09:09:48.221 13511 13544 D NavigationTest: 228: (28.069189, -82.415471, 16.299999)	R:false  F:false
02-28 09:09:48.221 13511 13544 D NavServiceProvider: Second to last stop coordinates: 28.069269, -82.423516
02-28 09:09:48.221 13511 13544 D NavServiceProvider: Setting units automatically
02-28 09:09:48.222 13511 13544 D NavServiceProvider: Detecting stop. distance_d=774.1575. stop_type=1 speed=16.37
02-28 09:09:48.222 13511 13544 D NavigationTest: 229: (28.069187, -82.415641, 16.370001)	R:false  F:false
02-28 09:09:48.222 13511 13544 D NavigationTest: 230: (28.069187, -82.415641, 16.370001)	R:false  F:false
02-28 09:09:48.223 13511 13544 D NavigationTest: 231: (28.069187, -82.415641, 16.370001)	R:false  F:false
02-28 09:09:48.223 13511 13544 D NavServiceProvider: Second to last stop coordinates: 28.069269, -82.423516
02-28 09:09:48.223 13511 13544 D NavServiceProvider: Setting units automatically
02-28 09:09:48.224 13511 13544 D NavServiceProvider: Detecting stop. distance_d=757.3495. stop_type=1 speed=17.04
02-28 09:09:48.224 13511 13544 D NavigationTest: 232: (28.069187, -82.415812, 17.040001)	R:false  F:false
02-28 09:09:48.224 13511 13544 D NavigationTest: 233: (28.069187, -82.415812, 17.040001)	R:false  F:false
02-28 09:09:48.224 13511 13544 D NavServiceProvider: Second to last stop coordinates: 28.069269, -82.423516
02-28 09:09:48.224 13511 13544 D NavServiceProvider: Setting units automatically
02-28 09:09:48.225 13511 13544 D NavServiceProvider: Detecting stop. distance_d=740.0488. stop_type=1 speed=17.62
02-28 09:09:48.225 13511 13544 D NavigationTest: 234: (28.069188, -82.415988, 17.620001)	R:false  F:false
02-28 09:09:48.225 13511 13544 D NavigationTest: 235: (28.069188, -82.415988, 17.620001)	R:false  F:false
02-28 09:09:48.225 13511 13544 D NavigationTest: 236: (28.069188, -82.415988, 17.620001)	R:false  F:false
02-28 09:09:48.225 13511 13544 D NavServiceProvider: Second to last stop coordinates: 28.069269, -82.423516
02-28 09:09:48.226 13511 13544 D NavServiceProvider: Setting units automatically
02-28 09:09:48.227 13511 13544 D NavServiceProvider: Detecting stop. distance_d=722.371. stop_type=1 speed=18.95
02-28 09:09:48.227 13511 13544 D NavigationTest: 237: (28.069178, -82.416168, 18.950001)	R:false  F:false
02-28 09:09:48.227 13511 13544 D NavigationTest: 238: (28.069178, -82.416168, 18.950001)	R:false  F:false
02-28 09:09:48.227 13511 13544 D NavigationTest: 239: (28.069178, -82.416168, 18.950001)	R:false  F:false
02-28 09:09:48.227 13511 13544 D NavServiceProvider: Second to last stop coordinates: 28.069269, -82.423516
02-28 09:09:48.227 13511 13544 D NavServiceProvider: Setting units automatically
02-28 09:09:48.228 13511 13544 D NavServiceProvider: Detecting stop. distance_d=704.1025. stop_type=1 speed=18.57
02-28 09:09:48.228 13511 13544 D NavigationTest: 240: (28.069170, -82.416354, 18.570000)	R:false  F:false
02-28 09:09:48.228 13511 13544 D NavigationTest: 241: (28.069170, -82.416354, 18.570000)	R:false  F:false
02-28 09:09:48.228 13511 13544 D NavServiceProvider: Second to last stop coordinates: 28.069269, -82.423516
02-28 09:09:48.229 13511 13544 D NavServiceProvider: Setting units automatically
02-28 09:09:48.230 13511 13544 D NavServiceProvider: Detecting stop. distance_d=685.4353. stop_type=1 speed=18.56
02-28 09:09:48.230 13511 13544 D NavigationTest: 242: (28.069166, -82.416544, 18.559999)	R:false  F:false
02-28 09:09:48.230 13511 13544 D NavigationTest: 243: (28.069166, -82.416544, 18.559999)	R:false  F:false
02-28 09:09:48.230 13511 13544 D NavigationTest: 244: (28.069166, -82.416544, 18.559999)	R:false  F:false
02-28 09:09:48.230 13511 13544 D NavServiceProvider: Second to last stop coordinates: 28.069269, -82.423516
02-28 09:09:48.230 13511 13544 D NavServiceProvider: Setting units automatically
02-28 09:09:48.231 13511 13544 D NavServiceProvider: Detecting stop. distance_d=665.0079. stop_type=1 speed=19.44
02-28 09:09:48.231 13511 13544 D NavigationTest: 245: (28.069158, -82.416752, 19.440001)	R:false  F:false
02-28 09:09:48.231 13511 13544 D NavigationTest: 246: (28.069158, -82.416752, 19.440001)	R:false  F:false
02-28 09:09:48.231 13511 13544 D NavServiceProvider: Second to last stop coordinates: 28.069269, -82.423516
02-28 09:09:48.232 13511 13544 D NavServiceProvider: Setting units automatically
02-28 09:09:48.233 13511 13544 D NavServiceProvider: Detecting stop. distance_d=644.86224. stop_type=1 speed=19.57
02-28 09:09:48.233 13511 13544 D NavigationTest: 247: (28.069157, -82.416957, 19.570000)	R:false  F:false
02-28 09:09:48.233 13511 13544 D NavigationTest: 248: (28.069157, -82.416957, 19.570000)	R:false  F:false
02-28 09:09:48.233 13511 13544 D NavigationTest: 249: (28.069157, -82.416957, 19.570000)	R:false  F:false
02-28 09:09:48.233 13511 13544 D NavigationTest: 250: (28.069157, -82.416957, 19.570000)	R:false  F:false
02-28 09:09:48.233 13511 13544 D NavigationTest: 251: (28.069157, -82.416957, 19.570000)	R:false  F:false
02-28 09:09:48.233 13511 13544 D NavigationTest: 252: (28.069157, -82.416957, 19.570000)	R:false  F:false
02-28 09:09:48.233 13511 13544 D NavServiceProvider: Second to last stop coordinates: 28.069269, -82.423516
02-28 09:09:48.233 13511 13544 D NavServiceProvider: Setting units automatically
02-28 09:09:48.234 13511 13544 D NavServiceProvider: Detecting stop. distance_d=625.9903. stop_type=1 speed=19.26
02-28 09:09:48.234 13511 13544 D NavigationTest: 253: (28.069158, -82.417149, 19.260000)	R:false  F:false
02-28 09:09:48.234 13511 13544 D NavigationTest: 254: (28.069158, -82.417149, 19.260000)	R:false  F:false
02-28 09:09:48.234 13511 13544 D NavServiceProvider: Second to last stop coordinates: 28.069269, -82.423516
02-28 09:09:48.235 13511 13544 D NavServiceProvider: Setting units automatically
02-28 09:09:48.237 13511 13544 D NavServiceProvider: Detecting stop. distance_d=606.98706. stop_type=1 speed=19.54
02-28 09:09:48.237 13511 13544 D NavigationTest: 255: (28.069175, -82.417342, 19.540001)	R:false  F:false
02-28 09:09:48.237 13511 13544 D NavigationTest: 256: (28.069175, -82.417342, 19.540001)	R:false  F:false
02-28 09:09:48.237 13511 13544 D NavigationTest: 257: (28.069175, -82.417342, 19.540001)	R:false  F:false
02-28 09:09:48.237 13511 13544 D NavServiceProvider: Second to last stop coordinates: 28.069269, -82.423516
02-28 09:09:48.237 13511 13544 D NavServiceProvider: Setting units automatically
02-28 09:09:48.238 13511 13544 D NavServiceProvider: Detecting stop. distance_d=584.3684. stop_type=1 speed=20.62
02-28 09:09:48.238 13511 13544 D NavigationTest: 258: (28.069182, -82.417572, 20.620001)	R:false  F:false
02-28 09:09:48.238 13511 13544 D NavigationTest: 259: (28.069182, -82.417572, 20.620001)	R:false  F:false
02-28 09:09:48.238 13511 13544 D NavServiceProvider: Second to last stop coordinates: 28.069269, -82.423516
02-28 09:09:48.239 13511 13544 D NavServiceProvider: Setting units automatically
02-28 09:09:48.240 13511 13544 D NavServiceProvider: Detecting stop. distance_d=563.60425. stop_type=1 speed=20.37
02-28 09:09:48.240 13511 13544 D NavigationTest: 260: (28.069197, -82.417783, 20.370001)	R:false  F:false
02-28 09:09:48.240 13511 13544 D NavigationTest: 261: (28.069197, -82.417783, 20.370001)	R:false  F:false
02-28 09:09:48.240 13511 13544 D NavigationTest: 262: (28.069197, -82.417783, 20.370001)	R:false  F:false
02-28 09:09:48.240 13511 13544 D NavServiceProvider: Second to last stop coordinates: 28.069269, -82.423516
02-28 09:09:48.241 13511 13544 D NavServiceProvider: Setting units automatically
02-28 09:09:48.242 13511 13544 D NavServiceProvider: Detecting stop. distance_d=544.1843. stop_type=1 speed=19.82
02-28 09:09:48.242 13511 13544 D NavigationTest: 263: (28.069175, -82.417981, 19.820000)	R:false  F:false
02-28 09:09:48.242 13511 13544 D NavigationTest: 264: (28.069175, -82.417981, 19.820000)	R:false  F:false
02-28 09:09:48.242 13511 13544 D NavServiceProvider: Second to last stop coordinates: 28.069269, -82.423516
02-28 09:09:48.242 13511 13544 D NavServiceProvider: Setting units automatically
02-28 09:09:48.243 13511 13544 D NavServiceProvider: Detecting stop. distance_d=525.62067. stop_type=1 speed=19.23
02-28 09:09:48.243 13511 13544 D NavigationTest: 265: (28.069170, -82.418170, 19.230000)	R:false  F:false
02-28 09:09:48.243 13511 13544 D NavigationTest: 266: (28.069170, -82.418170, 19.230000)	R:false  F:false
02-28 09:09:48.243 13511 13544 D NavigationTest: 267: (28.069170, -82.418170, 19.230000)	R:false  F:false
02-28 09:09:48.243 13511 13544 D NavServiceProvider: Second to last stop coordinates: 28.069269, -82.423516
02-28 09:09:48.244 13511 13544 D NavServiceProvider: Setting units automatically
02-28 09:09:48.245 13511 13544 D NavServiceProvider: Detecting stop. distance_d=504.7526. stop_type=1 speed=19.7
02-28 09:09:48.245 13511 13544 D NavigationTest: 268: (28.069185, -82.418382, 19.700001)	R:false  F:false
02-28 09:09:48.245 13511 13544 D NavigationTest: 269: (28.069185, -82.418382, 19.700001)	R:false  F:false
02-28 09:09:48.245 13511 13544 D NavServiceProvider: Second to last stop coordinates: 28.069269, -82.423516
02-28 09:09:48.245 13511 13544 D NavServiceProvider: Setting units automatically
02-28 09:09:48.246 13511 13544 D NavServiceProvider: Detecting stop. distance_d=485.95712. stop_type=1 speed=18.41
02-28 09:09:48.246 13511 13544 D NavigationTest: 270: (28.069197, -82.418573, 18.410000)	R:false  F:false
02-28 09:09:48.246 13511 13544 D NavigationTest: 271: (28.069197, -82.418573, 18.410000)	R:false  F:false
02-28 09:09:48.246 13511 13544 D NavigationTest: 272: (28.069197, -82.418573, 18.410000)	R:false  F:false
02-28 09:09:48.247 13511 13544 D NavServiceProvider: Second to last stop coordinates: 28.069269, -82.423516
02-28 09:09:48.247 13511 13544 D NavServiceProvider: Setting units automatically
02-28 09:09:48.248 13511 13544 D NavServiceProvider: Detecting stop. distance_d=466.15167. stop_type=1 speed=18.24
02-28 09:09:48.248 13511 13544 D NavigationTest: 273: (28.069175, -82.418775, 18.240000)	R:false  F:false
02-28 09:09:48.248 13511 13544 D NavigationTest: 274: (28.069175, -82.418775, 18.240000)	R:false  F:false
02-28 09:09:48.248 13511 13544 D NavServiceProvider: Second to last stop coordinates: 28.069269, -82.423516
02-28 09:09:48.248 13511 13544 D NavServiceProvider: Setting units automatically
02-28 09:09:48.250 13511 13544 D NavServiceProvider: Detecting stop. distance_d=446.28302. stop_type=1 speed=18.33
02-28 09:09:48.250 13511 13544 D NavigationTest: 275: (28.069182, -82.418977, 18.330000)	R:false  F:false
02-28 09:09:48.250 13511 13544 D NavigationTest: 276: (28.069182, -82.418977, 18.330000)	R:false  F:false
02-28 09:09:48.250 13511 13544 D NavigationTest: 277: (28.069182, -82.418977, 18.330000)	R:false  F:false
02-28 09:09:48.250 13511 13544 D NavServiceProvider: Second to last stop coordinates: 28.069269, -82.423516
02-28 09:09:48.250 13511 13544 D NavServiceProvider: Setting units automatically
02-28 09:09:48.251 13511 13544 D NavServiceProvider: Detecting stop. distance_d=429.5917. stop_type=1 speed=16.91
02-28 09:09:48.251 13511 13544 D NavigationTest: 278: (28.069176, -82.419147, 16.910000)	R:false  F:false
02-28 09:09:48.251 13511 13544 D NavigationTest: 279: (28.069176, -82.419147, 16.910000)	R:false  F:false
02-28 09:09:48.251 13511 13544 D NavServiceProvider: Second to last stop coordinates: 28.069269, -82.423516
02-28 09:09:48.252 13511 13544 D NavServiceProvider: Setting units automatically
02-28 09:09:48.253 13511 13544 D NavServiceProvider: Detecting stop. distance_d=412.97333. stop_type=1 speed=15.93
02-28 09:09:48.253 13511 13544 D NavigationTest: 280: (28.069180, -82.419316, 15.930000)	R:false  F:false
02-28 09:09:48.253 13511 13544 D NavigationTest: 281: (28.069180, -82.419316, 15.930000)	R:false  F:false
02-28 09:09:48.253 13511 13544 D NavigationTest: 282: (28.069180, -82.419316, 15.930000)	R:false  F:false
02-28 09:09:48.253 13511 13544 D NavServiceProvider: Second to last stop coordinates: 28.069269, -82.423516
02-28 09:09:48.253 13511 13544 D NavServiceProvider: Setting units automatically
02-28 09:09:48.254 13511 13544 D NavServiceProvider: Detecting stop. distance_d=397.74707. stop_type=1 speed=15.58
02-28 09:09:48.254 13511 13544 D NavigationTest: 283: (28.069178, -82.419471, 15.580000)	R:false  F:false
02-28 09:09:48.254 13511 13544 D NavigationTest: 284: (28.069178, -82.419471, 15.580000)	R:false  F:false
02-28 09:09:48.254 13511 13544 D NavigationTest: 285: (28.069178, -82.419471, 15.580000)	R:false  F:false
02-28 09:09:48.254 13511 13544 D NavServiceProvider: Second to last stop coordinates: 28.069269, -82.423516
02-28 09:09:48.255 13511 13544 D NavServiceProvider: Setting units automatically
02-28 09:09:48.256 13511 13544 D NavServiceProvider: Detecting stop. distance_d=383.87463. stop_type=1 speed=14.58
02-28 09:09:48.256 13511 13544 D NavigationTest: 286: (28.069184, -82.419612, 14.580000)	R:false  F:false
02-28 09:09:48.256 13511 13544 D NavigationTest: 287: (28.069184, -82.419612, 14.580000)	R:false  F:false
02-28 09:09:48.256 13511 13544 D NavServiceProvider: Second to last stop coordinates: 28.069269, -82.423516
02-28 09:09:48.256 13511 13544 D NavServiceProvider: Setting units automatically
02-28 09:09:48.257 13511 13544 D NavServiceProvider: Detecting stop. distance_d=370.50735. stop_type=1 speed=13.23
02-28 09:09:48.257 13511 13544 D NavigationTest: 288: (28.069185, -82.419748, 13.230000)	R:false  F:false
02-28 09:09:48.257 13511 13544 D NavigationTest: 289: (28.069185, -82.419748, 13.230000)	R:false  F:false
02-28 09:09:48.258 13511 13544 D NavigationTest: 290: (28.069185, -82.419748, 13.230000)	R:false  F:false
02-28 09:09:48.258 13511 13544 D NavServiceProvider: Second to last stop coordinates: 28.069269, -82.423516
02-28 09:09:48.258 13511 13544 D NavServiceProvider: Setting units automatically
02-28 09:09:48.259 13511 13544 D NavServiceProvider: Detecting stop. distance_d=357.52762. stop_type=1 speed=12.26
02-28 09:09:48.259 13511 13544 D NavigationTest: 291: (28.069188, -82.419880, 12.260000)	R:false  F:false
02-28 09:09:48.259 13511 13544 D NavigationTest: 292: (28.069188, -82.419880, 12.260000)	R:false  F:false
02-28 09:09:48.259 13511 13544 D NavServiceProvider: Second to last stop coordinates: 28.069269, -82.423516
02-28 09:09:48.260 13511 13544 D NavServiceProvider: Setting units automatically
02-28 09:09:48.261 13511 13544 D NavServiceProvider: Detecting stop. distance_d=346.69644. stop_type=1 speed=9.94
02-28 09:09:48.261 13511 13544 D NavigationTest: 293: (28.069196, -82.419990, 9.940000)	R:false  F:false
02-28 09:09:48.261 13511 13544 D NavigationTest: 294: (28.069196, -82.419990, 9.940000)	R:false  F:false
02-28 09:09:48.261 13511 13544 D NavigationTest: 295: (28.069196, -82.419990, 9.940000)	R:false  F:false
02-28 09:09:48.261 13511 13544 D NavServiceProvider: Second to last stop coordinates: 28.069269, -82.423516
02-28 09:09:48.261 13511 13544 D NavServiceProvider: Setting units automatically
02-28 09:09:48.262 13511 13544 D NavServiceProvider: Detecting stop. distance_d=337.55194. stop_type=1 speed=8.29
02-28 09:09:48.262 13511 13544 D NavigationTest: 296: (28.069198, -82.420083, 8.290000)	R:false  F:false
02-28 09:09:48.262 13511 13544 D NavigationTest: 297: (28.069198, -82.420083, 8.290000)	R:false  F:false
02-28 09:09:48.262 13511 13544 D NavServiceProvider: Second to last stop coordinates: 28.069269, -82.423516
02-28 09:09:48.263 13511 13544 D NavServiceProvider: Setting units automatically
02-28 09:09:48.264 13511 13544 D NavServiceProvider: Detecting stop. distance_d=329.57196. stop_type=1 speed=7.52
02-28 09:09:48.264 13511 13544 D NavigationTest: 298: (28.069206, -82.420164, 7.520000)	R:false  F:false
02-28 09:09:48.264 13511 13544 D NavigationTest: 299: (28.069206, -82.420164, 7.520000)	R:false  F:false
02-28 09:09:48.264 13511 13544 D NavigationTest: 300: (28.069206, -82.420164, 7.520000)	R:false  F:false
02-28 09:09:48.264 13511 13544 D NavServiceProvider: Second to last stop coordinates: 28.069269, -82.423516
02-28 09:09:48.264 13511 13544 D NavServiceProvider: Setting units automatically
02-28 09:09:48.265 13511 13544 D NavServiceProvider: Detecting stop. distance_d=322.7077. stop_type=1 speed=6.9
02-28 09:09:48.265 13511 13544 D NavigationTest: 301: (28.069200, -82.420234, 6.900000)	R:false  F:false
02-28 09:09:48.265 13511 13544 D NavigationTest: 302: (28.069200, -82.420234, 6.900000)	R:false  F:false
02-28 09:09:48.265 13511 13544 D NavServiceProvider: Second to last stop coordinates: 28.069269, -82.423516
02-28 09:09:48.266 13511 13544 D NavServiceProvider: Setting units automatically
02-28 09:09:48.267 13511 13544 D NavServiceProvider: Detecting stop. distance_d=317.56836. stop_type=1 speed=5.0
02-28 09:09:48.267 13511 13544 D NavigationTest: 303: (28.069212, -82.420286, 5.000000)	R:false  F:false
02-28 09:09:48.267 13511 13544 D NavigationTest: 304: (28.069212, -82.420286, 5.000000)	R:false  F:false
02-28 09:09:48.267 13511 13544 D NavigationTest: 305: (28.069212, -82.420286, 5.000000)	R:false  F:false
02-28 09:09:48.267 13511 13544 D NavServiceProvider: Second to last stop coordinates: 28.069269, -82.423516
02-28 09:09:48.267 13511 13544 D NavServiceProvider: Setting units automatically
02-28 09:09:48.268 13511 13544 D NavServiceProvider: Detecting stop. distance_d=314.5567. stop_type=1 speed=3.21
02-28 09:09:48.268 13511 13544 D NavigationTest: 306: (28.069198, -82.420317, 3.210000)	R:false  F:false
02-28 09:09:48.268 13511 13544 D NavigationTest: 307: (28.069198, -82.420317, 3.210000)	R:false  F:false
02-28 09:09:48.268 13511 13544 D NavigationTest: 308: (28.069198, -82.420317, 3.210000)	R:false  F:false
02-28 09:09:48.268 13511 13544 D NavServiceProvider: Second to last stop coordinates: 28.069269, -82.423516
02-28 09:09:48.269 13511 13544 D NavServiceProvider: Setting units automatically
02-28 09:09:48.270 13511 13544 D NavServiceProvider: Detecting stop. distance_d=314.16925. stop_type=1 speed=1.17
02-28 09:09:48.270 13511 13544 D NavigationTest: 309: (28.069145, -82.420323, 1.170000)	R:false  F:false
02-28 09:09:48.270 13511 13544 D NavigationTest: 310: (28.069145, -82.420323, 1.170000)	R:false  F:false
02-28 09:09:48.270 13511 13544 D NavigationTest: 311: (28.069145, -82.420323, 1.170000)	R:false  F:false
02-28 09:09:48.270 13511 13544 D NavServiceProvider: Second to last stop coordinates: 28.069269, -82.423516
02-28 09:09:48.271 13511 13544 D NavServiceProvider: Setting units automatically
02-28 09:09:48.272 13511 13544 D NavServiceProvider: Detecting stop. distance_d=314.91223. stop_type=1 speed=2.4
02-28 09:09:48.272 13511 13544 D NavigationTest: 312: (28.069134, -82.420316, 2.400000)	R:false  F:false
02-28 09:09:48.272 13511 13544 D NavigationTest: 313: (28.069134, -82.420316, 2.400000)	R:false  F:false
02-28 09:09:48.272 13511 13544 D NavServiceProvider: Second to last stop coordinates: 28.069269, -82.423516
02-28 09:09:48.272 13511 13544 D NavServiceProvider: Setting units automatically
02-28 09:09:48.273 13511 13544 D NavServiceProvider: Detecting stop. distance_d=314.4592. stop_type=1 speed=0.0
02-28 09:09:48.273 13511 13544 D NavigationTest: 314: (28.069127, -82.420321, 0.000000)	R:false  F:false
02-28 09:09:48.273 13511 13544 D NavigationTest: 315: (28.069127, -82.420321, 0.000000)	R:false  F:false
02-28 09:09:48.273 13511 13544 D NavigationTest: 316: (28.069127, -82.420321, 0.000000)	R:false  F:false
02-28 09:09:48.273 13511 13544 D NavServiceProvider: Second to last stop coordinates: 28.069269, -82.423516
02-28 09:09:48.274 13511 13544 D NavServiceProvider: Setting units automatically
02-28 09:09:48.275 13511 13544 D NavServiceProvider: Detecting stop. distance_d=313.39047. stop_type=1 speed=0.0
02-28 09:09:48.275 13511 13544 D NavigationTest: 317: (28.069125, -82.420332, 0.000000)	R:false  F:false
02-28 09:09:48.275 13511 13544 D NavigationTest: 318: (28.069125, -82.420332, 0.000000)	R:false  F:false
02-28 09:09:48.275 13511 13544 D NavServiceProvider: Second to last stop coordinates: 28.069269, -82.423516
02-28 09:09:48.275 13511 13544 D NavServiceProvider: Setting units automatically
02-28 09:09:48.276 13511 13544 D NavServiceProvider: Detecting stop. distance_d=313.5706. stop_type=1 speed=0.0
02-28 09:09:48.277 13511 13544 D NavigationTest: 319: (28.069096, -82.420332, 0.000000)	R:false  F:false
02-28 09:09:48.277 13511 13544 D NavigationTest: 320: (28.069096, -82.420332, 0.000000)	R:false  F:false
02-28 09:09:48.277 13511 13544 D NavigationTest: 321: (28.069096, -82.420332, 0.000000)	R:false  F:false
02-28 09:09:48.277 13511 13544 D NavServiceProvider: Second to last stop coordinates: 28.069269, -82.423516
02-28 09:09:48.277 13511 13544 D NavServiceProvider: Setting units automatically
02-28 09:09:48.278 13511 13544 D NavServiceProvider: Detecting stop. distance_d=313.5706. stop_type=1 speed=0.0
02-28 09:09:48.278 13511 13544 D NavigationTest: 322: (28.069096, -82.420332, 0.000000)	R:false  F:false
02-28 09:09:48.278 13511 13544 D NavigationTest: 323: (28.069096, -82.420332, 0.000000)	R:false  F:false
02-28 09:09:48.278 13511 13544 D NavServiceProvider: Second to last stop coordinates: 28.069269, -82.423516
02-28 09:09:48.278 13511 13544 D NavServiceProvider: Setting units automatically
02-28 09:09:48.280 13511 13544 D NavServiceProvider: Detecting stop. distance_d=313.98907. stop_type=1 speed=0.0
02-28 09:09:48.280 13511 13544 D NavigationTest: 324: (28.069107, -82.420327, 0.000000)	R:false  F:false
02-28 09:09:48.280 13511 13544 D NavigationTest: 325: (28.069107, -82.420327, 0.000000)	R:false  F:false
02-28 09:09:48.280 13511 13544 D NavigationTest: 326: (28.069107, -82.420327, 0.000000)	R:false  F:false
02-28 09:09:48.280 13511 13544 D NavServiceProvider: Second to last stop coordinates: 28.069269, -82.423516
02-28 09:09:48.280 13511 13544 D NavServiceProvider: Setting units automatically
02-28 09:09:48.281 13511 13544 D NavServiceProvider: Detecting stop. distance_d=313.98276. stop_type=1 speed=0.0
02-28 09:09:48.281 13511 13544 D NavigationTest: 327: (28.069108, -82.420327, 0.000000)	R:false  F:false
02-28 09:09:48.281 13511 13544 D NavigationTest: 328: (28.069108, -82.420327, 0.000000)	R:false  F:false
02-28 09:09:48.281 13511 13544 D NavServiceProvider: Second to last stop coordinates: 28.069269, -82.423516
02-28 09:09:48.281 13511 13544 D NavServiceProvider: Setting units automatically
02-28 09:09:48.282 13511 13544 D NavServiceProvider: Detecting stop. distance_d=313.98276. stop_type=1 speed=0.0
02-28 09:09:48.283 13511 13544 D NavigationTest: 329: (28.069108, -82.420327, 0.000000)	R:false  F:false
02-28 09:09:48.283 13511 13544 D NavigationTest: 330: (28.069108, -82.420327, 0.000000)	R:false  F:false
02-28 09:09:48.283 13511 13544 D NavigationTest: 331: (28.069108, -82.420327, 0.000000)	R:false  F:false
02-28 09:09:48.283 13511 13544 D NavServiceProvider: Second to last stop coordinates: 28.069269, -82.423516
02-28 09:09:48.283 13511 13544 D NavServiceProvider: Setting units automatically
02-28 09:09:48.284 13511 13544 D NavServiceProvider: Detecting stop. distance_d=314.22214. stop_type=1 speed=0.0
02-28 09:09:48.284 13511 13544 D NavigationTest: 332: (28.069117, -82.420324, 0.000000)	R:false  F:false
02-28 09:09:48.284 13511 13544 D NavigationTest: 333: (28.069117, -82.420324, 0.000000)	R:false  F:false
02-28 09:09:48.284 13511 13544 D NavigationTest: 334: (28.069117, -82.420324, 0.000000)	R:false  F:false
02-28 09:09:48.284 13511 13544 D NavServiceProvider: Second to last stop coordinates: 28.069269, -82.423516
02-28 09:09:48.284 13511 13544 D NavServiceProvider: Setting units automatically
02-28 09:09:48.285 13511 13544 D NavServiceProvider: Detecting stop. distance_d=313.98514. stop_type=1 speed=0.0
02-28 09:09:48.285 13511 13544 D NavigationTest: 335: (28.069124, -82.420326, 0.000000)	R:false  F:false
02-28 09:09:48.285 13511 13544 D NavigationTest: 336: (28.069124, -82.420326, 0.000000)	R:false  F:false
02-28 09:09:48.285 13511 13544 D NavigationTest: 337: (28.069124, -82.420326, 0.000000)	R:false  F:false
02-28 09:09:48.285 13511 13544 D NavServiceProvider: Second to last stop coordinates: 28.069269, -82.423516
02-28 09:09:48.286 13511 13544 D NavServiceProvider: Setting units automatically
02-28 09:09:48.287 13511 13544 D NavServiceProvider: Detecting stop. distance_d=313.96277. stop_type=1 speed=0.0
02-28 09:09:48.287 13511 13544 D NavigationTest: 338: (28.069128, -82.420326, 0.000000)	R:false  F:false
02-28 09:09:48.287 13511 13544 D NavigationTest: 339: (28.069128, -82.420326, 0.000000)	R:false  F:false
02-28 09:09:48.287 13511 13544 D NavigationTest: 340: (28.069128, -82.420326, 0.000000)	R:false  F:false
02-28 09:09:48.287 13511 13544 D NavServiceProvider: Second to last stop coordinates: 28.069269, -82.423516
02-28 09:09:48.287 13511 13544 D NavServiceProvider: Setting units automatically
02-28 09:09:48.288 13511 13544 D NavServiceProvider: Detecting stop. distance_d=303.39792. stop_type=1 speed=6.43
02-28 09:09:48.288 13511 13544 D NavigationTest: 341: (28.069139, -82.420433, 6.430000)	R:false  F:false
02-28 09:09:48.288 13511 13544 D NavigationTest: 342: (28.069139, -82.420433, 6.430000)	R:false  F:false
02-28 09:09:48.289 13511 13544 D NavigationTest: 343: (28.069139, -82.420433, 6.430000)	R:false  F:false
02-28 09:09:48.289 13511 13544 D NavServiceProvider: Second to last stop coordinates: 28.069269, -82.423516
02-28 09:09:48.289 13511 13544 D NavServiceProvider: Setting units automatically
02-28 09:09:48.290 13511 13544 D NavServiceProvider: Detecting stop. distance_d=296.4214. stop_type=1 speed=7.51
02-28 09:09:48.290 13511 13544 D NavigationTest: 344: (28.069140, -82.420504, 7.510000)	R:false  F:false
02-28 09:09:48.290 13511 13544 D NavigationTest: 345: (28.069140, -82.420504, 7.510000)	R:false  F:false
02-28 09:09:48.290 13511 13544 D NavServiceProvider: Second to last stop coordinates: 28.069269, -82.423516
02-28 09:09:48.291 13511 13544 D NavServiceProvider: Setting units automatically
02-28 09:09:48.292 13511 13544 D NavServiceProvider: Detecting stop. distance_d=290.051. stop_type=1 speed=8.07
02-28 09:09:48.292 13511 13544 D NavigationTest: 346: (28.069157, -82.420568, 8.070000)	R:false  F:false
02-28 09:09:48.292 13511 13544 D NavigationTest: 347: (28.069157, -82.420568, 8.070000)	R:false  F:false
02-28 09:09:48.292 13511 13544 D NavigationTest: 348: (28.069157, -82.420568, 8.070000)	R:false  F:false
02-28 09:09:48.292 13511 13544 D NavServiceProvider: Second to last stop coordinates: 28.069269, -82.423516
02-28 09:09:48.292 13511 13544 D NavServiceProvider: Setting units automatically
02-28 09:09:48.293 13511 13544 D NavServiceProvider: Detecting stop. distance_d=280.97827. stop_type=1 speed=9.3
02-28 09:09:48.293 13511 13544 D NavigationTest: 349: (28.069165, -82.420660, 9.300000)	R:false  F:false
02-28 09:09:48.293 13511 13544 D NavigationTest: 350: (28.069165, -82.420660, 9.300000)	R:false  F:false
02-28 09:09:48.293 13511 13544 D NavServiceProvider: Second to last stop coordinates: 28.069269, -82.423516
02-28 09:09:48.294 13511 13544 D NavServiceProvider: Setting units automatically
02-28 09:09:48.295 13511 13544 D NavServiceProvider: Detecting stop. distance_d=271.06348. stop_type=1 speed=10.45
02-28 09:09:48.295 13511 13544 D NavigationTest: 351: (28.069164, -82.420761, 10.450000)	R:false  F:false
02-28 09:09:48.295 13511 13544 D NavigationTest: 352: (28.069164, -82.420761, 10.450000)	R:false  F:false
02-28 09:09:48.295 13511 13544 D NavigationTest: 353: (28.069164, -82.420761, 10.450000)	R:false  F:false
02-28 09:09:48.295 13511 13544 D NavServiceProvider: Second to last stop coordinates: 28.069269, -82.423516
02-28 09:09:48.295 13511 13544 D NavServiceProvider: Setting units automatically
02-28 09:09:48.296 13511 13544 D NavServiceProvider: Detecting stop. distance_d=259.41196. stop_type=1 speed=11.56
02-28 09:09:48.296 13511 13544 D NavigationTest: 354: (28.069140, -82.420881, 11.560000)	R:false  F:false
02-28 09:09:48.296 13511 13544 D NavigationTest: 355: (28.069140, -82.420881, 11.560000)	R:false  F:false
02-28 09:09:48.296 13511 13544 D NavigationTest: 356: (28.069140, -82.420881, 11.560000)	R:false  F:false
02-28 09:09:48.296 13511 13544 D NavServiceProvider: Second to last stop coordinates: 28.069269, -82.423516
02-28 09:09:48.297 13511 13544 D NavServiceProvider: Setting units automatically
02-28 09:09:48.298 13511 13544 D NavServiceProvider: Detecting stop. distance_d=247.16365. stop_type=1 speed=12.99
02-28 09:09:48.298 13511 13544 D NavigationTest: 357: (28.069137, -82.421006, 12.990000)	R:false  F:false
02-28 09:09:48.298 13511 13544 D NavigationTest: 358: (28.069137, -82.421006, 12.990000)	R:false  F:false
02-28 09:09:48.298 13511 13544 D NavServiceProvider: Second to last stop coordinates: 28.069269, -82.423516
02-28 09:09:48.298 13511 13544 D NavServiceProvider: Setting units automatically
02-28 09:09:48.299 13511 13544 D NavServiceProvider: Detecting stop. distance_d=237.40327. stop_type=1 speed=11.06
02-28 09:09:48.299 13511 13544 D NavigationTest: 359: (28.069144, -82.421105, 11.060000)	R:false  F:false
02-28 09:09:48.299 13511 13544 D NavigationTest: 360: (28.069144, -82.421105, 11.060000)	R:false  F:false
02-28 09:09:48.299 13511 13544 D NavigationTest: 361: (28.069144, -82.421105, 11.060000)	R:false  F:false
02-28 09:09:48.299 13511 13544 D NavServiceProvider: Second to last stop coordinates: 28.069269, -82.423516
02-28 09:09:48.300 13511 13544 D NavServiceProvider: Setting units automatically
02-28 09:09:48.301 13511 13544 D NavServiceProvider: Detecting stop. distance_d=225.58456. stop_type=1 speed=13.51
02-28 09:09:48.301 13511 13544 D NavigationTest: 362: (28.069167, -82.421224, 13.510000)	R:false  F:false
02-28 09:09:48.301 13511 13544 D NavigationTest: 363: (28.069167, -82.421224, 13.510000)	R:false  F:false
02-28 09:09:48.301 13511 13544 D NavigationTest: 364: (28.069167, -82.421224, 13.510000)	R:false  F:false
02-28 09:09:48.301 13511 13544 D NavServiceProvider: Second to last stop coordinates: 28.069269, -82.423516
02-28 09:09:48.301 13511 13544 D NavServiceProvider: Setting units automatically
02-28 09:09:48.302 13511 13544 D NavServiceProvider: Detecting stop. distance_d=212.34937. stop_type=1 speed=12.59
02-28 09:09:48.302 13511 13544 D NavigationTest: 365: (28.069149, -82.421360, 12.590000)	R:false  F:false
02-28 09:09:48.302 13511 13544 D NavigationTest: 366: (28.069149, -82.421360, 12.590000)	R:false  F:false
02-28 09:09:48.302 13511 13544 D NavServiceProvider: Second to last stop coordinates: 28.069269, -82.423516
02-28 09:09:48.302 13511 13544 D NavServiceProvider: Setting units automatically
02-28 09:09:48.304 13579 13616 D AudioTrack: stop(183): called with 6976 frames delivered
02-28 09:09:48.304 13579 13612 I SynthesisCache: streamCachedRequest call to callback.audioAvailable failed: -1
02-28 09:09:48.306 13579 13612 I GoogleTTSServiceImpl: Synthesis request for locale eng-USA and name en-US-language
02-28 09:09:48.306 13511 13544 D NavServiceProvider: -----Get ready!
02-28 09:09:48.306 13511 13544 D NavigationTest: 367: (28.069148, -82.421495, 12.270000)	R:true  F:false
02-28 09:09:48.306 13511 13544 D NavServiceProvider: Second to last stop coordinates: 28.069269, -82.423516
02-28 09:09:48.306  2666  3413 D Avrcp_ext: AudioManager Player: ID:23 -- type:android.media.SoundPool -- u/pid:10126/2688 -- state:idle -- attr:AudioAttributes: usage=USAGE_ASSISTANCE_SONIFICATION content=CONTENT_TYPE_SONIFICATION flags=0x800 tags= bundle=null
02-28 09:09:48.306  2666  3413 D Avrcp_ext: AudioManager Player: ID:15 -- type:android.media.SoundPool -- u/pid:1000/1493 -- state:idle -- attr:AudioAttributes: usage=USAGE_ASSISTANCE_SONIFICATION content=CONTENT_TYPE_SONIFICATION flags=0x800 tags= bundle=null
02-28 09:09:48.306  2666  3413 D Avrcp_ext: AudioManager Player: ID:1311 -- type:android.media.AudioTrack -- u/pid:10088/13579 -- state:stopped -- attr:AudioAttributes: usage=USAGE_MEDIA content=CONTENT_TYPE_SPEECH flags=0x800 tags= bundle=null
02-28 09:09:48.306  2666  3413 D Avrcp_ext: AudioManager isPlaying: false
02-28 09:09:48.307  2666  3413 V Avrcp_ext: updateCurrentMediaState: mMediaController: null
02-28 09:09:48.307 13511 13544 D NavServiceProvider: Setting units automatically
02-28 09:09:48.307 13579 13612 I GoogleTTSServiceImpl: TTS dispatch: en-us-x-iog-seanet-embedded
02-28 09:09:48.310  2666  3413 V Avrcp_ext: isMusicActive: true getBluetoothPlayState: 2
02-28 09:09:48.310  2666  3413 V Avrcp_ext: updateCurrentMediaState: isPlaying = false
02-28 09:09:48.310  2666  3413 V Avrcp_ext: Media update: id -1➡-1? [MediaAttributes: none] : [MediaAttributes: none]
02-28 09:09:48.310  2666  3413 V Avrcp_ext: newPlayStatus:2mReportedPlayStatus:-1
02-28 09:09:48.310  2666  3413 V Avrcp_ext: updatePlaybackState, state: PlaybackState {state=2, position=-1, buffered position=0, speed=0.0, updated=1791640, actions=0, custom actions=[], active item id=-1, error=null} device: null
02-28 09:09:48.310  2666  3413 V Avrcp_ext: Device: no name:
02-28 09:09:48.310  2666  3413 I chatty  : uid=1002(bluetooth) BluetoothAvrcpH identical 3 lines
02-28 09:09:48.310  2666  3413 V Avrcp_ext: Device: no name:
02-28 09:09:48.310  2666  3413 V Avrcp_ext: updatePlayerStateAndPosition, old=PlaybackState {state=2, position=-1, buffered position=0, speed=0.0, updated=1791486, actions=0, custom actions=[], active item id=-1, error=null}, state=PlaybackState {state=2, position=-1, buffered position=0, speed=0.0, updated=1791640, actions=0, custom actions=[], active item id=-1, error=null}
02-28 09:09:48.310  2666  3413 V Avrcp_ext: old state = PlaybackState {state=2, position=-1, buffered position=0, speed=0.0, updated=1791486, actions=0, custom actions=[], active item id=-1, error=null}, new state= PlaybackState {state=2, position=-1, buffered position=0, speed=0.0, updated=1791640, actions=0, custom actions=[], active item id=-1, error=null}
02-28 09:09:48.310  2666  3413 D HeadsetService: getHeadsetService(): returning com.android.bluetooth.hfp.HeadsetService@8a04d28
02-28 09:09:48.311  2666  3413 D HeadsetService:  isAudioOn: The number of audio connected devices 0
02-28 09:09:48.311  2666  3413 D HeadsetService: isScoOrCallActive(): Call Active:falseCall is Ringing:falseSCO is Active:false
02-28 09:09:48.313  2666  3413 D HeadsetService:  isAudioOn: The number of audio connected devices 0
02-28 09:09:48.313  2666  3413 I Avrcp_ext: updatePlayStatusForDevice: device: null
02-28 09:09:48.313  2666  3413 V Avrcp_ext: updatePlaybackState (1): old=PlaybackState {state=2, position=-1, buffered position=0, speed=0.0, updated=1791486, actions=0, custom actions=[], active item id=-1, error=null}(2), new=PlaybackState {state=2, position=-1, buffered position=0, speed=0.0, updated=1791640, actions=0, custom actions=[], active item id=-1, error=null}(2)
02-28 09:09:48.313  2666  3413 I Avrcp_ext: Exit updatePlayStatusForDevice
02-28 09:09:48.315  2666  3413 D HeadsetService:  isAudioOn: The number of audio connected devices 0
02-28 09:09:48.315  2666  3413 D HeadsetService: isScoOrCallActive(): Call Active:falseCall is Ringing:falseSCO is Active:false
02-28 09:09:48.315 13511 13544 D NavServiceProvider: Detecting stop. distance_d=199.11421. stop_type=1 speed=12.27
02-28 09:09:48.315 13511 13544 D NavigationTest: 367: (28.069148, -82.421495, 12.270000)	R:true  F:false
02-28 09:09:48.315 13511 13544 D NavigationTest: 368: (28.069148, -82.421495, 12.270000)	R:true  F:false
02-28 09:09:48.315  2666  3413 D HeadsetService:  isAudioOn: The number of audio connected devices 0
02-28 09:09:48.315 13511 13544 D NavigationTest: 369: (28.069148, -82.421495, 12.270000)	R:true  F:false
02-28 09:09:48.315 13511 13544 D NavServiceProvider: Second to last stop coordinates: 28.069269, -82.423516
02-28 09:09:48.315  2666  3413 I Avrcp_ext: updatePlayStatusForDevice: device: null
02-28 09:09:48.315  2666  3413 V Avrcp_ext: updatePlaybackState (1): old=PlaybackState {state=2, position=-1, buffered position=0, speed=0.0, updated=1791486, actions=0, custom actions=[], active item id=-1, error=null}(2), new=PlaybackState {state=2, position=-1, buffered position=0, speed=0.0, updated=1791640, actions=0, custom actions=[], active item id=-1, error=null}(2)
02-28 09:09:48.315  2666  3413 I Avrcp_ext: Exit updatePlayStatusForDevice
02-28 09:09:48.315  2666  3413 D HeadsetService:  isAudioOn: The number of audio connected devices 0
02-28 09:09:48.315  2666  3413 D HeadsetService: isScoOrCallActive(): Call Active:falseCall is Ringing:falseSCO is Active:false
02-28 09:09:48.315 13511 13544 D NavServiceProvider: Setting units automatically
02-28 09:09:48.315  2666  3413 D HeadsetService:  isAudioOn: The number of audio connected devices 0
02-28 09:09:48.315  2666  3413 I Avrcp_ext: updatePlayStatusForDevice: device: null
02-28 09:09:48.315  2666  3413 V Avrcp_ext: updatePlaybackState (1): old=PlaybackState {state=2, position=-1, buffered position=0, speed=0.0, updated=1791486, actions=0, custom actions=[], active item id=-1, error=null}(2), new=PlaybackState {state=2, position=-1, buffered position=0, speed=0.0, updated=1791640, actions=0, custom actions=[], active item id=-1, error=null}(2)
02-28 09:09:48.316  2666  3413 I Avrcp_ext: Exit updatePlayStatusForDevice
02-28 09:09:48.316  2666  3413 D HeadsetService:  isAudioOn: The number of audio connected devices 0
02-28 09:09:48.316  2666  3413 D HeadsetService: isScoOrCallActive(): Call Active:falseCall is Ringing:falseSCO is Active:false
02-28 09:09:48.316  2666  3413 D HeadsetService:  isAudioOn: The number of audio connected devices 0
02-28 09:09:48.316  2666  3413 I Avrcp_ext: updatePlayStatusForDevice: device: null
02-28 09:09:48.316  2666  3413 V Avrcp_ext: updatePlaybackState (1): old=PlaybackState {state=2, position=-1, buffered position=0, speed=0.0, updated=1791486, actions=0, custom actions=[], active item id=-1, error=null}(2), new=PlaybackState {state=2, position=-1, buffered position=0, speed=0.0, updated=1791640, actions=0, custom actions=[], active item id=-1, error=null}(2)
02-28 09:09:48.316  2666  3413 I Avrcp_ext: Exit updatePlayStatusForDevice
02-28 09:09:48.316  2666  3413 D HeadsetService:  isAudioOn: The number of audio connected devices 0
02-28 09:09:48.316  2666  3413 D HeadsetService: isScoOrCallActive(): Call Active:falseCall is Ringing:falseSCO is Active:false
02-28 09:09:48.316  2666  3413 D HeadsetService:  isAudioOn: The number of audio connected devices 0
02-28 09:09:48.316  2666  3413 I Avrcp_ext: updatePlayStatusForDevice: device: null
02-28 09:09:48.317  2666  3413 V Avrcp_ext: updatePlaybackState (1): old=PlaybackState {state=2, position=-1, buffered position=0, speed=0.0, updated=1791486, actions=0, custom actions=[], active item id=-1, error=null}(2), new=PlaybackState {state=2, position=-1, buffered position=0, speed=0.0, updated=1791640, actions=0, custom actions=[], active item id=-1, error=null}(2)
02-28 09:09:48.317  2666  3413 I Avrcp_ext: Exit updatePlayStatusForDevice
02-28 09:09:48.317  2666  3413 D Avrcp_ext: Enter sendPlayPosNotificationRsp
02-28 09:09:48.317  2666  3413 D Avrcp_ext: sendPlayPosNotificationRsp: Not registered or requesting.
02-28 09:09:48.317  2666  3413 D Avrcp_ext: Enter sendPlayPosNotificationRsp
02-28 09:09:48.317  2666  3413 D Avrcp_ext: sendPlayPosNotificationRsp: Not registered or requesting.
02-28 09:09:48.317  2666  3413 D Avrcp_ext: Enter sendPlayPosNotificationRsp
02-28 09:09:48.317  2666  3413 D Avrcp_ext: sendPlayPosNotificationRsp: Not registered or requesting.
02-28 09:09:48.317  2666  3413 D Avrcp_ext: Enter sendPlayPosNotificationRsp
02-28 09:09:48.317  2666  3413 D Avrcp_ext: sendPlayPosNotificationRsp: Not registered or requesting.
02-28 09:09:48.317  2666  3413 D Avrcp_ext: Enter sendPlayPosNotificationRsp
02-28 09:09:48.317  2666  3413 D Avrcp_ext: sendPlayPosNotificationRsp: Not registered or requesting.
02-28 09:09:48.317  2666  3413 V Avrcp_ext: Exit updatePlayerStateAndPosition
02-28 09:09:48.317 13511 13544 D NavServiceProvider: Detecting stop. distance_d=186.5824. stop_type=1 speed=12.66
02-28 09:09:48.317  2666  3413 D Avrcp_ext: AudioManager Player: ID:23 -- type:android.media.SoundPool -- u/pid:10126/2688 -- state:idle -- attr:AudioAttributes: usage=USAGE_ASSISTANCE_SONIFICATION content=CONTENT_TYPE_SONIFICATION flags=0x800 tags= bundle=null
02-28 09:09:48.317 13511 13544 D NavigationTest: 370: (28.069134, -82.421624, 12.660000)	R:true  F:false
02-28 09:09:48.317  2666  3413 D Avrcp_ext: AudioManager Player: ID:15 -- type:android.media.SoundPool -- u/pid:1000/1493 -- state:idle -- attr:AudioAttributes: usage=USAGE_ASSISTANCE_SONIFICATION content=CONTENT_TYPE_SONIFICATION flags=0x800 tags= bundle=null
02-28 09:09:48.317 13511 13544 D NavigationTest: 371: (28.069134, -82.421624, 12.660000)	R:true  F:false
02-28 09:09:48.317  2666  3413 D Avrcp_ext: AudioManager isPlaying: false
