02-28 09:09:34.943 13511 13544 D NavigationTest: 298: (28.030983, -82.540222, 0.000000)	R:false  F:false
02-28 09:09:34.943 13511 13544 D NavigationTest: 299: (28.030983, -82.540222, 0.000000)	R:false  F:false
02-28 09:09:34.943 13511 13544 D NavServiceProvider: Second to last stop coordinates: 28.024847, -82.537339
02-28 09:09:34.943 13511 13544 D NavServiceProvider: Setting units automatically
02-28 09:09:34.944 13511 13544 D NavServiceProvider: Detecting stop. distance_d=736.8529. stop_type=1 speed=0.0
02-28 09:09:34.944 13511 13544 D NavigationTest: 300: (28.030985, -82.540220, 0.000000)	R:false  F:false
02-28 09:09:34.944 13511 13544 D NavServiceProvider: Second to last stop coordinates: 28.024847, -82.537339
02-28 09:09:34.945 13511 13544 D NavServiceProvider: Setting units automatically
02-28 09:09:34.946 13511 13544 D NavServiceProvider: Detecting stop. distance_d=737.19763. stop_type=1 speed=0.0
02-28 09:09:34.946 13511 13544 D NavigationTest: 301: (28.030988, -82.540221, 0.000000)	R:false  F:false
02-28 09:09:34.946 13511 13544 D NavigationTest: 302: (28.030988, -82.540221, 0.000000)	R:false  F:false
02-28 09:09:34.946 13511 13544 D NavServiceProvider: Second to last stop coordinates: 28.024847, -82.537339
02-28 09:09:34.946 13511 13544 D NavServiceProvider: Setting units automatically
02-28 09:09:34.947 13511 13544 D NavServiceProvider: Detecting stop. distance_d=736.8529. stop_type=1 speed=0.0
02-28 09:09:34.947 13511 13544 D NavigationTest: 303: (28.030985, -82.540220, 0.000000)	R:false  F:false
02-28 09:09:34.947 13511 13544 D NavigationTest: 304: (28.030985, -82.540220, 0.000000)	R:false  F:false
02-28 09:09:34.947 13511 13544 D NavServiceProvider: Second to last stop coordinates: 28.024847, -82.537339
02-28 09:09:34.948 13511 13544 D NavServiceProvider: Setting units automatically
02-28 09:09:34.948 13511 13544 D NavServiceProvider: Detecting stop. distance_d=737.0309. stop_type=1 speed=0.0
02-28 09:09:34.949 13511 13544 D NavigationTest: 305: (28.030986, -82.540222, 0.000000)	R:false  F:false
02-28 09:09:34.949 13511 13544 D NavServiceProvider: Second to last stop coordinates: 28.024847, -82.537339
02-28 09:09:34.949 13511 13544 D NavServiceProvider: Setting units automatically
02-28 09:09:34.950 13511 13544 D NavServiceProvider: Detecting stop. distance_d=736.67505. stop_type=1 speed=0.567539
02-28 09:09:34.950 13511 13544 D NavigationTest: 306: (28.030984, -82.540218, 0.567539)	R:false  F:false
02-28 09:09:34.950 13511 13544 D NavigationTest: 307: (28.030984, -82.540218, 0.567539)	R:false  F:false
02-28 09:09:34.950 13511 13544 D NavServiceProvider: Second to last stop coordinates: 28.024847, -82.537339
02-28 09:09:34.950 13511 13544 D NavServiceProvider: Setting units automatically
02-28 09:09:34.951 13511 13544 D NavServiceProvider: Detecting stop. distance_d=736.87964. stop_type=1 speed=0.0
02-28 09:09:34.951 13511 13544 D NavigationTest: 308: (28.030986, -82.540218, 0.000000)	R:false  F:false
02-28 09:09:34.951 13511 13544 D NavigationTest: 309: (28.030986, -82.540218, 0.000000)	R:false  F:false
02-28 09:09:34.952 13511 13544 D NavServiceProvider: Second to last stop coordinates: 28.024847, -82.537339
02-28 09:09:34.952 13511 13544 D NavServiceProvider: Setting units automatically
02-28 09:09:34.953 13511 13544 D NavServiceProvider: Detecting stop. distance_d=736.84186. stop_type=1 speed=0.0
02-28 09:09:34.953 13511 13544 D NavigationTest: 310: (28.030986, -82.540217, 0.000000)	R:false  F:false
02-28 09:09:34.953 13511 13544 D NavServiceProvider: Second to last stop coordinates: 28.024847, -82.537339
02-28 09:09:34.953 13511 13544 D NavServiceProvider: Setting units automatically
02-28 09:09:34.954 13511 13544 D NavServiceProvider: Detecting stop. distance_d=734.0353. stop_type=1 speed=2.694754
02-28 09:09:34.954 13511 13544 D NavigationTest: 311: (28.030963, -82.540205, 2.694754)	R:false  F:false
02-28 09:09:34.954 13511 13544 D NavigationTest: 312: (28.030963, -82.540205, 2.694754)	R:false  F:false
02-28 09:09:34.954 13511 13544 D NavServiceProvider: Second to last stop coordinates: 28.024847, -82.537339
02-28 09:09:34.955 13511 13544 D NavServiceProvider: Setting units automatically
02-28 09:09:34.956 13511 13544 D NavServiceProvider: Detecting stop. distance_d=727.9861. stop_type=1 speed=4.93146
02-28 09:09:34.956 13511 13544 D NavigationTest: 313: (28.030912, -82.540183, 4.931460)	R:false  F:false
02-28 09:09:34.956 13511 13544 D NavigationTest: 314: (28.030912, -82.540183, 4.931460)	R:false  F:false
02-28 09:09:34.956 13511 13544 D NavServiceProvider: Second to last stop coordinates: 28.024847, -82.537339
02-28 09:09:34.956 13511 13544 D NavServiceProvider: Setting units automatically
02-28 09:09:34.957 13511 13544 D NavServiceProvider: Detecting stop. distance_d=720.17554. stop_type=1 speed=6.831054
02-28 09:09:34.957 13511 13544 D NavigationTest: 315: (28.030846, -82.540155, 6.831054)	R:false  F:false
02-28 09:09:34.957 13511 13544 D NavigationTest: 316: (28.030846, -82.540155, 6.831054)	R:false  F:false
02-28 09:09:34.957 13511 13544 D NavServiceProvider: Second to last stop coordinates: 28.024847, -82.537339
02-28 09:09:34.958 13511 13544 D NavServiceProvider: Setting units automatically
02-28 09:09:34.959 13511 13544 D NavServiceProvider: Detecting stop. distance_d=705.03955. stop_type=1 speed=8.487638
02-28 09:09:34.959 13511 13544 D NavigationTest: 317: (28.030718, -82.540101, 8.487638)	R:false  F:false
02-28 09:09:34.959 13511 13544 D NavServiceProvider: Second to last stop coordinates: 28.024847, -82.537339
02-28 09:09:34.959 13511 13544 D NavServiceProvider: Setting units automatically
02-28 09:09:34.960 13511 13544 D NavServiceProvider: Detecting stop. distance_d=696.4757. stop_type=1 speed=8.481704
02-28 09:09:34.960 13511 13544 D NavigationTest: 318: (28.030645, -82.540072, 8.481704)	R:false  F:false
02-28 09:09:34.961 13511 13544 D NavServiceProvider: Second to last stop coordinates: 28.024847, -82.537339
02-28 09:09:34.961 13511 13544 D NavServiceProvider: Setting units automatically
02-28 09:09:34.962 13511 13544 D NavServiceProvider: Detecting stop. distance_d=679.8713. stop_type=1 speed=11.064344
02-28 09:09:34.962 13511 13544 D NavigationTest: 319: (28.030513, -82.539990, 11.064344)	R:false  F:false
02-28 09:09:34.962 13511 13544 D NavigationTest: 320: (28.030513, -82.539990, 11.064344)	R:false  F:false
02-28 09:09:34.962 13511 13544 D NavServiceProvider: Second to last stop coordinates: 28.024847, -82.537339
02-28 09:09:34.962 13511 13544 D NavServiceProvider: Setting units automatically
02-28 09:09:34.963 13511 13544 D NavServiceProvider: Detecting stop. distance_d=672.53455. stop_type=1 speed=44.0
02-28 09:09:34.964 13511 13544 D NavigationTest: 321: (28.030452, -82.539961, 44.000000)	R:false  F:false
02-28 09:09:34.964 13511 13544 D NavServiceProvider: Second to last stop coordinates: 28.024847, -82.537339
02-28 09:09:34.964 13511 13544 D NavServiceProvider: Setting units automatically
02-28 09:09:34.965 13511 13544 D NavServiceProvider: Detecting stop. distance_d=668.79614. stop_type=1 speed=11.051158
02-28 09:09:34.965 13511 13544 D NavigationTest: 322: (28.030421, -82.539946, 11.051158)	R:false  F:false
02-28 09:09:34.965 13511 13544 D NavigationTest: 323: (28.030421, -82.539946, 11.051158)	R:false  F:false
02-28 09:09:34.965 13511 13544 D NavServiceProvider: Second to last stop coordinates: 28.024847, -82.537339
02-28 09:09:34.965 13511 13544 D NavServiceProvider: Setting units automatically
02-28 09:09:34.966 13511 13544 D NavServiceProvider: Detecting stop. distance_d=655.3674. stop_type=1 speed=12.761728
02-28 09:09:34.966 13511 13544 D NavigationTest: 324: (28.030306, -82.539902, 12.761728)	R:false  F:false
02-28 09:09:34.966 13511 13544 D NavServiceProvider: Second to last stop coordinates: 28.024847, -82.537339
02-28 09:09:34.967 13511 13544 D NavServiceProvider: Setting units automatically
02-28 09:09:34.968 13511 13544 D NavServiceProvider: Detecting stop. distance_d=642.57983. stop_type=1 speed=12.760318
02-28 09:09:34.968 13511 13544 D NavigationTest: 325: (28.030198, -82.539856, 12.760318)	R:false  F:false
02-28 09:09:34.968 13511 13544 D NavigationTest: 326: (28.030198, -82.539856, 12.760318)	R:false  F:false
02-28 09:09:34.968 13511 13544 D NavServiceProvider: Second to last stop coordinates: 28.024847, -82.537339
02-28 09:09:34.968 13511 13544 D NavServiceProvider: Setting units automatically
02-28 09:09:34.969 13511 13544 D NavServiceProvider: Detecting stop. distance_d=627.17566. stop_type=1 speed=14.660123
02-28 09:09:34.969 13511 13544 D NavigationTest: 327: (28.030067, -82.539803, 14.660123)	R:false  F:false
02-28 09:09:34.969 13511 13544 D NavigationTest: 328: (28.030067, -82.539803, 14.660123)	R:false  F:false
02-28 09:09:34.969 13511 13544 D NavServiceProvider: Second to last stop coordinates: 28.024847, -82.537339
02-28 09:09:34.970 13511 13544 D NavServiceProvider: Setting units automatically
02-28 09:09:34.971 13511 13544 D NavServiceProvider: Detecting stop. distance_d=613.6617. stop_type=1 speed=14.920272
02-28 09:09:34.971 13511 13544 D NavigationTest: 329: (28.029953, -82.539754, 14.920272)	R:false  F:false
02-28 09:09:34.971 13511 13544 D NavServiceProvider: Second to last stop coordinates: 28.024847, -82.537339
02-28 09:09:34.971 13511 13544 D NavServiceProvider: Setting units automatically
02-28 09:09:34.972 13511 13544 D NavServiceProvider: Detecting stop. distance_d=598.7698. stop_type=1 speed=14.920013
02-28 09:09:34.972 13511 13544 D NavigationTest: 330: (28.029827, -82.539701, 14.920013)	R:false  F:false
02-28 09:09:34.972 13511 13544 D NavigationTest: 331: (28.029827, -82.539701, 14.920013)	R:false  F:false
02-28 09:09:34.972 13511 13544 D NavServiceProvider: Second to last stop coordinates: 28.024847, -82.537339
02-28 09:09:34.973 13511 13544 D NavServiceProvider: Setting units automatically
02-28 09:09:34.974 13511 13544 D NavServiceProvider: Detecting stop. distance_d=580.25714. stop_type=1 speed=16.170153
02-28 09:09:34.974 13511 13544 D NavigationTest: 332: (28.029676, -82.539620, 16.170153)	R:false  F:false
02-28 09:09:34.974 13511 13544 D NavigationTest: 333: (28.029676, -82.539620, 16.170153)	R:false  F:false
02-28 09:09:34.974 13511 13544 D NavServiceProvider: Second to last stop coordinates: 28.024847, -82.537339
02-28 09:09:34.974 13511 13544 D NavServiceProvider: Setting units automatically
02-28 09:09:34.975 13511 13544 D NavServiceProvider: Detecting stop. distance_d=563.23346. stop_type=1 speed=16.980024
02-28 09:09:34.975 13511 13544 D NavigationTest: 334: (28.029531, -82.539562, 16.980024)	R:false  F:false
02-28 09:09:34.975 13511 13544 D NavigationTest: 335: (28.029531, -82.539562, 16.980024)	R:false  F:false
02-28 09:09:34.975 13511 13544 D NavServiceProvider: Second to last stop coordinates: 28.024847, -82.537339
02-28 09:09:34.975 13511 13544 D NavServiceProvider: Setting units automatically
02-28 09:09:34.976 13511 13544 D NavServiceProvider: Detecting stop. distance_d=543.8001. stop_type=1 speed=17.190073
02-28 09:09:34.976 13511 13544 D NavigationTest: 336: (28.029365, -82.539497, 17.190073)	R:false  F:false
02-28 09:09:34.977 13511 13544 D NavServiceProvider: Second to last stop coordinates: 28.024847, -82.537339
02-28 09:09:34.977 13511 13544 D NavServiceProvider: Setting units automatically
02-28 09:09:34.978 13511 13544 D NavServiceProvider: Detecting stop. distance_d=525.7226. stop_type=1 speed=17.691628
02-28 09:09:34.978 13511 13544 D NavigationTest: 337: (28.029210, -82.539438, 17.691628)	R:false  F:false
02-28 09:09:34.978 13511 13544 D NavigationTest: 338: (28.029210, -82.539438, 17.691628)	R:false  F:false
02-28 09:09:34.978 13511 13544 D NavServiceProvider: Second to last stop coordinates: 28.024847, -82.537339
02-28 09:09:34.978 13511 13544 D NavServiceProvider: Setting units automatically
02-28 09:09:34.979 13511 13544 D NavServiceProvider: Detecting stop. distance_d=508.06592. stop_type=1 speed=17.70048
02-28 09:09:34.979 13511 13544 D NavigationTest: 339: (28.029061, -82.539374, 17.700480)	R:false  F:false
02-28 09:09:34.979 13511 13544 D NavServiceProvider: Second to last stop coordinates: 28.024847, -82.537339
02-28 09:09:34.980 13511 13544 D NavServiceProvider: Setting units automatically
02-28 09:09:34.981 13511 13544 D NavServiceProvider: Detecting stop. distance_d=489.09613. stop_type=1 speed=18.173182
02-28 09:09:34.981 13511 13544 D NavigationTest: 340: (28.028901, -82.539305, 18.173182)	R:false  F:false
02-28 09:09:34.981 13511 13544 D NavigationTest: 341: (28.028901, -82.539305, 18.173182)	R:false  F:false
02-28 09:09:34.981 13511 13544 D NavServiceProvider: Second to last stop coordinates: 28.024847, -82.537339
02-28 09:09:34.981 13511 13544 D NavServiceProvider: Setting units automatically
02-28 09:09:34.982 13511 13544 D NavServiceProvider: Detecting stop. distance_d=469.83795. stop_type=1 speed=17.807304
02-28 09:09:34.982 13511 13544 D NavigationTest: 342: (28.028737, -82.539239, 17.807304)	R:false  F:false
02-28 09:09:34.982 13511 13544 D NavigationTest: 343: (28.028737, -82.539239, 17.807304)	R:false  F:false
02-28 09:09:34.982 13511 13544 D NavServiceProvider: Second to last stop coordinates: 28.024847, -82.537339
02-28 09:09:34.983 13511 13544 D NavServiceProvider: Setting units automatically
02-28 09:09:34.984 13511 13544 D NavServiceProvider: Detecting stop. distance_d=452.97528. stop_type=1 speed=18.219233
02-28 09:09:34.984 13511 13544 D NavigationTest: 344: (28.028595, -82.539177, 18.219233)	R:false  F:false
02-28 09:09:34.984 13511 13544 D NavServiceProvider: Second to last stop coordinates: 28.024847, -82.537339
02-28 09:09:34.984 13511 13544 D NavServiceProvider: Setting units automatically
02-28 09:09:34.985 13511 13544 D NavServiceProvider: Detecting stop. distance_d=434.856. stop_type=1 speed=18.21247
02-28 09:09:34.985 13511 13544 D NavigationTest: 345: (28.028441, -82.539114, 18.212469)	R:false  F:false
02-28 09:09:34.985 13511 13544 D NavigationTest: 346: (28.028441, -82.539114, 18.212469)	R:false  F:false
02-28 09:09:34.985 13511 13544 D NavServiceProvider: Second to last stop coordinates: 28.024847, -82.537339
02-28 09:09:34.985 13511 13544 D NavServiceProvider: Setting units automatically
02-28 09:09:34.986 13511 13544 D NavServiceProvider: Detecting stop. distance_d=416.95248. stop_type=1 speed=17.71522
02-28 09:09:34.986 13511 13544 D NavigationTest: 347: (28.028293, -82.539041, 17.715219)	R:false  F:false
02-28 09:09:34.986 13511 13544 D NavigationTest: 348: (28.028293, -82.539041, 17.715219)	R:false  F:false
02-28 09:09:34.986 13511 13544 D NavServiceProvider: Second to last stop coordinates: 28.024847, -82.537339
02-28 09:09:34.987 13511 13544 D NavServiceProvider: Setting units automatically
02-28 09:09:34.988 13511 13544 D NavServiceProvider: Detecting stop. distance_d=399.24197. stop_type=1 speed=17.81091
02-28 09:09:34.988 13511 13544 D NavigationTest: 349: (28.028143, -82.538978, 17.810909)	R:false  F:false
02-28 09:09:34.988 13511 13544 D NavServiceProvider: Second to last stop coordinates: 28.024847, -82.537339
02-28 09:09:34.988 13511 13544 D NavServiceProvider: Setting units automatically
02-28 09:09:34.989 13511 13544 D NavServiceProvider: Detecting stop. distance_d=381.11057. stop_type=1 speed=18.311321
02-28 09:09:34.989 13511 13544 D NavigationTest: 350: (28.027990, -82.538912, 18.311321)	R:false  F:false
02-28 09:09:34.989 13511 13544 D NavigationTest: 351: (28.027990, -82.538912, 18.311321)	R:false  F:false
02-28 09:09:34.989 13511 13544 D NavServiceProvider: Second to last stop coordinates: 28.024847, -82.537339
02-28 09:09:34.990 13511 13544 D NavServiceProvider: Setting units automatically
02-28 09:09:34.991 13511 13544 D NavServiceProvider: Detecting stop. distance_d=364.05136. stop_type=1 speed=17.570284
02-28 09:09:34.991 13511 13544 D NavigationTest: 352: (28.027844, -82.538855, 17.570284)	R:false  F:false
02-28 09:09:34.991 13511 13544 D NavServiceProvider: Second to last stop coordinates: 28.024847, -82.537339
02-28 09:09:34.991 13511 13544 D NavServiceProvider: Setting units automatically
02-28 09:09:34.992 13511 13544 D NavServiceProvider: Detecting stop. distance_d=346.47192. stop_type=1 speed=17.570011
02-28 09:09:34.992 13511 13544 D NavigationTest: 353: (28.027696, -82.538790, 17.570011)	R:false  F:false
02-28 09:09:34.992 13511 13544 D NavigationTest: 354: (28.027696, -82.538790, 17.570011)	R:false  F:false
02-28 09:09:34.992 13511 13544 D NavServiceProvider: Second to last stop coordinates: 28.024847, -82.537339
02-28 09:09:34.992 13511 13544 D NavServiceProvider: Setting units automatically
02-28 09:09:34.993 13511 13544 D NavServiceProvider: Detecting stop. distance_d=328.16757. stop_type=1 speed=17.421389
02-28 09:09:34.993 13511 13544 D NavigationTest: 355: (28.027542, -82.538722, 17.421389)	R:false  F:false
02-28 09:09:34.993 13511 13544 D NavigationTest: 356: (28.027542, -82.538722, 17.421389)	R:false  F:false
02-28 09:09:34.993 13511 13544 D NavigationTest: 357: (28.027542, -82.538722, 17.421389)	R:false  F:false
02-28 09:09:34.993 13511 13544 D NavServiceProvider: Second to last stop coordinates: 28.024847, -82.537339
02-28 09:09:34.994 13511 13544 D NavServiceProvider: Setting units automatically
02-28 09:09:34.995 13511 13544 D NavServiceProvider: Detecting stop. distance_d=311.84348. stop_type=1 speed=16.850298
02-28 09:09:34.995 13511 13544 D NavigationTest: 358: (28.027406, -82.538658, 16.850298)	R:false  F:false
02-28 09:09:34.995 13511 13544 D NavigationTest: 359: (28.027406, -82.538658, 16.850298)	R:false  F:false
02-28 09:09:34.995 13511 13544 D NavServiceProvider: Second to last stop coordinates: 28.024847, -82.537339
02-28 09:09:34.995 13511 13544 D NavServiceProvider: Setting units automatically
02-28 09:09:34.996 13511 13544 D NavServiceProvider: Detecting stop. distance_d=294.39026. stop_type=1 speed=16.93019
02-28 09:09:34.996 13511 13544 D NavigationTest: 360: (28.027260, -82.538591, 16.930189)	R:false  F:false
02-28 09:09:34.996 13511 13544 D NavigationTest: 361: (28.027260, -82.538591, 16.930189)	R:false  F:false
02-28 09:09:34.996 13511 13544 D NavServiceProvider: Second to last stop coordinates: 28.024847, -82.537339
02-28 09:09:34.997 13511 13544 D NavServiceProvider: Setting units automatically
02-28 09:09:34.998 13511 13544 D NavServiceProvider: Detecting stop. distance_d=280.54422. stop_type=1 speed=15.270396
02-28 09:09:34.998 13511 13544 D NavigationTest: 362: (28.027149, -82.538526, 15.270396)	R:false  F:false
02-28 09:09:34.998 13511 13544 D NavigationTest: 363: (28.027149, -82.538526, 15.270396)	R:false  F:false
02-28 09:09:34.998 13511 13544 D NavServiceProvider: Second to last stop coordinates: 28.024847, -82.537339
02-28 09:09:34.998 13511 13544 D NavServiceProvider: Setting units automatically
02-28 09:09:34.999 13511 13544 D NavServiceProvider: Detecting stop. distance_d=265.32657. stop_type=1 speed=15.26016
02-28 09:09:35.000 13511 13544 D NavigationTest: 364: (28.027026, -82.538457, 15.260160)	R:false  F:false
02-28 09:09:35.000 13511 13544 D NavServiceProvider: Second to last stop coordinates: 28.024847, -82.537339
02-28 09:09:35.000 13511 13544 D NavServiceProvider: Setting units automatically
02-28 09:09:35.001 13511 13544 D NavServiceProvider: Detecting stop. distance_d=251.28221. stop_type=1 speed=15.730155
02-28 09:09:35.001 13511 13544 D NavigationTest: 365: (28.026902, -82.538419, 15.730155)	R:false  F:false
02-28 09:09:35.001 13511 13544 D NavigationTest: 366: (28.026902, -82.538419, 15.730155)	R:false  F:false
02-28 09:09:35.001 13511 13544 D NavServiceProvider: Second to last stop coordinates: 28.024847, -82.537339
02-28 09:09:35.001 13511 13544 D NavServiceProvider: Setting units automatically
02-28 09:09:35.002 13511 13544 D NavServiceProvider: Detecting stop. distance_d=235.82542. stop_type=1 speed=14.410419
02-28 09:09:35.002 13511 13544 D NavigationTest: 367: (28.026775, -82.538354, 14.410419)	R:false  F:false
02-28 09:09:35.002 13511 13544 D NavigationTest: 368: (28.026775, -82.538354, 14.410419)	R:false  F:false
02-28 09:09:35.002 13511 13544 D NavServiceProvider: Second to last stop coordinates: 28.024847, -82.537339
02-28 09:09:35.003 13511 13544 D NavServiceProvider: Setting units automatically
02-28 09:09:35.004 13511 13544 D NavServiceProvider: Detecting stop. distance_d=222.177. stop_type=1 speed=13.800058
02-28 09:09:35.004 13511 13544 D NavigationTest: 369: (28.026666, -82.538289, 13.800058)	R:false  F:false
02-28 09:09:35.004 13511 13544 D NavServiceProvider: Second to last stop coordinates: 28.024847, -82.537339
02-28 09:09:35.004 13511 13544 D NavServiceProvider: Setting units automatically
02-28 09:09:35.005 13511 13544 D NavServiceProvider: Detecting stop. distance_d=208.39355. stop_type=1 speed=13.800033
02-28 09:09:35.005 13511 13544 D NavigationTest: 370: (28.026554, -82.538228, 13.800033)	R:false  F:false
02-28 09:09:35.005 13511 13544 D NavigationTest: 371: (28.026554, -82.538228, 13.800033)	R:false  F:false
02-28 09:09:35.005 13511 13544 D NavServiceProvider: Second to last stop coordinates: 28.024847, -82.537339
02-28 09:09:35.005 13511 13544 D NavServiceProvider: Setting units automatically
02-28 09:09:35.007 10929 13715 I Finsky  : [727] kuj.f(41): Completed 0 account content syncs with 0 successful.
02-28 09:09:35.007 13579 13598 D AudioTrack: stop(156): called with 6976 frames delivered
02-28 09:09:35.007 10929 10929 I Finsky  : [2] ContentSyncJob.a(14): [ContentSync] Installation state replication succeeded.
02-28 09:09:35.007 10929 10929 I Finsky  : [2] abpb.r(83): SCH: jobFinished: 12-1. TimeElapsed: 167ms.
02-28 09:09:35.008 13579 13612 I EventProcessor: synthesizeMarkup call to callback.audioAvailable failed: -1
02-28 09:09:35.008  2666  3413 D Avrcp_ext: AudioManager Player: ID:23 -- type:android.media.SoundPool -- u/pid:10126/2688 -- state:idle -- attr:AudioAttributes: usage=USAGE_ASSISTANCE_SONIFICATION content=CONTENT_TYPE_SONIFICATION flags=0x800 tags= bundle=null
02-28 09:09:35.008  2666  3413 D Avrcp_ext: AudioManager Player: ID:1095 -- type:android.media.AudioTrack -- u/pid:10088/13579 -- state:stopped -- attr:AudioAttributes: usage=USAGE_MEDIA content=CONTENT_TYPE_SPEECH flags=0x800 tags= bundle=null
02-28 09:09:35.008  2666  3413 D Avrcp_ext: AudioManager Player: ID:15 -- type:android.media.SoundPool -- u/pid:1000/1493 -- state:idle -- attr:AudioAttributes: usage=USAGE_ASSISTANCE_SONIFICATION content=CONTENT_TYPE_SONIFICATION flags=0x800 tags= bundle=null
02-28 09:09:35.008  2666  3413 D Avrcp_ext: AudioManager isPlaying: false
02-28 09:09:35.009  2666  3413 V Avrcp_ext: updateCurrentMediaState: mMediaController: null
02-28 09:09:35.009 13511 13544 D NavServiceProvider: -----Get ready!
02-28 09:09:35.009  2666  3413 V Avrcp_ext: isMusicActive: true getBluetoothPlayState: 2
02-28 09:09:35.009  2666  3413 V Avrcp_ext: updateCurrentMediaState: isPlaying = false
02-28 09:09:35.009  2666  3413 V Avrcp_ext: Media update: id -1-1? [MediaAttributes: none] : [MediaAttributes: none]
02-28 09:09:35.009  2666  3413 V Avrcp_ext: newPlayStatus:2mReportedPlayStatus:-1
02-28 09:09:35.009  2666  3413 V Avrcp_ext: updatePlaybackState, state: PlaybackState {state=2, position=-1, buffered position=0, speed=0.0, updated=1778339, actions=0, custom actions=[], active item id=-1, error=null} device: null
02-28 09:09:35.009  2666  3413 V Avrcp_ext: Device: no name:
02-28 09:09:35.009  2666  3413 I chatty  : uid=1002(bluetooth) BluetoothAvrcpH identical 3 lines
02-28 09:09:35.009  2666  3413 V Avrcp_ext: Device: no name:
02-28 09:09:35.009 13511 13544 D NavigationTest: 372: (28.026468, -82.538167, 11.660005)	R:true  F:false
02-28 09:09:35.009  2666  3413 V Avrcp_ext: updatePlayerStateAndPosition, old=PlaybackState {state=2, position=-1, buffered position=0, speed=0.0, updated=1778151, actions=0, custom actions=[], active item id=-1, error=null}, state=PlaybackState {state=2, position=-1, buffered position=0, speed=0.0, updated=1778339, actions=0, custom actions=[], active item id=-1, error=null}
02-28 09:09:35.009  2666  3413 V Avrcp_ext: old state = PlaybackState {state=2, position=-1, buffered position=0, speed=0.0, updated=1778151, actions=0, custom actions=[], active item id=-1, error=null}, new state= PlaybackState {state=2, position=-1, buffered position=0, speed=0.0, updated=1778339, actions=0, custom actions=[], active item id=-1, error=null}
02-28 09:09:35.009 13511 13544 D NavServiceProvider: Second to last stop coordinates: 28.024847, -82.537339
02-28 09:09:35.009  2666  3413 D HeadsetService: getHeadsetService(): returning com.android.bluetooth.hfp.HeadsetService@8a04d28
02-28 09:09:35.010 13511 13544 D NavServiceProvider: Setting units automatically
02-28 09:09:35.011 13579 13612 I GoogleTTSServiceImpl: Synthesis request for locale eng-USA and name en-US-language
02-28 09:09:35.012  2666  3413 D HeadsetService:  isAudioOn: The number of audio connected devices 0
02-28 09:09:35.012  2666  3413 D HeadsetService: isScoOrCallActive(): Call Active:falseCall is Ringing:falseSCO is Active:false
02-28 09:09:35.012 13579 13612 I GoogleTTSServiceImpl: TTS dispatch: en-us-x-iog-seanet-embedded
02-28 09:09:35.012  2666  3413 D HeadsetService:  isAudioOn: The number of audio connected devices 0
02-28 09:09:35.012  2666  3413 I Avrcp_ext: updatePlayStatusForDevice: device: null
02-28 09:09:35.012  2666  3413 V Avrcp_ext: updatePlaybackState (1): old=PlaybackState {state=2, position=-1, buffered position=0, speed=0.0, updated=1778151, actions=0, custom actions=[], active item id=-1, error=null}(2), new=PlaybackState {state=2, position=-1, buffered position=0, speed=0.0, updated=1778339, actions=0, custom actions=[], active item id=-1, error=null}(2)
02-28 09:09:35.012  2666  3413 I Avrcp_ext: Exit updatePlayStatusForDevice
02-28 09:09:35.014  2666  3413 D HeadsetService:  isAudioOn: The number of audio connected devices 0
02-28 09:09:35.014  2666  3413 D HeadsetService: isScoOrCallActive(): Call Active:falseCall is Ringing:falseSCO is Active:false
02-28 09:09:35.014  2666  3413 D HeadsetService:  isAudioOn: The number of audio connected devices 0
02-28 09:09:35.014  2666  3413 I Avrcp_ext: updatePlayStatusForDevice: device: null
02-28 09:09:35.014  2666  3413 V Avrcp_ext: updatePlaybackState (1): old=PlaybackState {state=2, position=-1, buffered position=0, speed=0.0, updated=1778151, actions=0, custom actions=[], active item id=-1, error=null}(2), new=PlaybackState {state=2, position=-1, buffered position=0, speed=0.0, updated=1778339, actions=0, custom actions=[], active item id=-1, error=null}(2)
02-28 09:09:35.014  2666  3413 I Avrcp_ext: Exit updatePlayStatusForDevice
02-28 09:09:35.014 13511 13544 D NavServiceProvider: Detecting stop. distance_d=197.23106. stop_type=1 speed=11.660005
02-28 09:09:35.014  2666  3413 D HeadsetService:  isAudioOn: The number of audio connected devices 0
02-28 09:09:35.014  2666  3413 D HeadsetService: isScoOrCallActive(): Call Active:falseCall is Ringing:falseSCO is Active:false
02-28 09:09:35.014 13511 13544 D NavigationTest: 372: (28.026468, -82.538167, 11.660005)	R:true  F:false
02-28 09:09:35.014 13511 13544 D NavServiceProvider: Second to last stop coordinates: 28.024847, -82.537339
02-28 09:09:35.015  2666  3413 D HeadsetService:  isAudioOn: The number of audio connected devices 0
02-28 09:09:35.015  2666  3413 I Avrcp_ext: updatePlayStatusForDevice: device: null
02-28 09:09:35.015  2666  3413 V Avrcp_ext: updatePlaybackState (1): old=PlaybackState {state=2, position=-1, buffered position=0, speed=0.0, updated=1778151, actions=0, custom actions=[], active item id=-1, error=null}(2), new=PlaybackState {state=2, position=-1, buffered position=0, speed=0.0, updated=1778339, actions=0, custom actions=[], active item id=-1, error=null}(2)
02-28 09:09:35.015  2666  3413 I Avrcp_ext: Exit updatePlayStatusForDevice
02-28 09:09:35.015  2666  3413 D HeadsetService:  isAudioOn: The number of audio connected devices 0
02-28 09:09:35.015  2666  3413 D HeadsetService: isScoOrCallActive(): Call Active:falseCall is Ringing:falseSCO is Active:false
02-28 09:09:35.015 13511 13544 D NavServiceProvider: Setting units automatically
02-28 09:09:35.015  2666  3413 D HeadsetService:  isAudioOn: The number of audio connected devices 0
02-28 09:09:35.015  2666  3413 I Avrcp_ext: updatePlayStatusForDevice: device: null
02-28 09:09:35.015  2666  3413 V Avrcp_ext: updatePlaybackState (1): old=PlaybackState {state=2, position=-1, buffered position=0, speed=0.0, updated=1778151, actions=0, custom actions=[], active item id=-1, error=null}(2), new=PlaybackState {state=2, position=-1, buffered position=0, speed=0.0, updated=1778339, actions=0, custom actions=[], active item id=-1, error=null}(2)
02-28 09:09:35.015  2666  3413 I Avrcp_ext: Exit updatePlayStatusForDevice
02-28 09:09:35.016  2666  3413 D HeadsetService:  isAudioOn: The number of audio connected devices 0
02-28 09:09:35.016  2666  3413 D HeadsetService: isScoOrCallActive(): Call Active:falseCall is Ringing:falseSCO is Active:false
02-28 09:09:35.016  2666  3413 D HeadsetService:  isAudioOn: The number of audio connected devices 0
02-28 09:09:35.016  2666  3413 I Avrcp_ext: updatePlayStatusForDevice: device: null
02-28 09:09:35.016  2666  3413 V Avrcp_ext: updatePlaybackState (1): old=PlaybackState {state=2, position=-1, buffered position=0, speed=0.0, updated=1778151, actions=0, custom actions=[], active item id=-1, error=null}(2), new=PlaybackState {state=2, position=-1, buffered position=0, speed=0.0, updated=1778339, actions=0, custom actions=[], active item id=-1, error=null}(2)
02-28 09:09:35.016  2666  3413 I Avrcp_ext: Exit updatePlayStatusForDevice
02-28 09:09:35.016  2666  3413 D Avrcp_ext: Enter sendPlayPosNotificationRsp
02-28 09:09:35.016  2666  3413 D Avrcp_ext: sendPlayPosNotificationRsp: Not registered or requesting.
02-28 09:09:35.016  2666  3413 D Avrcp_ext: Enter sendPlayPosNotificationRsp
02-28 09:09:35.016  2666  3413 D Avrcp_ext: sendPlayPosNotificationRsp: Not registered or requesting.
02-28 09:09:35.016  2666  3413 D Avrcp_ext: Enter sendPlayPosNotificationRsp
02-28 09:09:35.016  2666  3413 D Avrcp_ext: sendPlayPosNotificationRsp: Not registered or requesting.
02-28 09:09:35.016  2666  3413 D Avrcp_ext: Enter sendPlayPosNotificationRsp
02-28 09:09:35.016  2666  3413 D Avrcp_ext: sendPlayPosNotificationRsp: Not registered or requesting.
02-28 09:09:35.016  2666  3413 D Avrcp_ext: Enter sendPlayPosNotificationRsp
02-28 09:09:35.016  2666  3413 D Avrcp_ext: sendPlayPosNotificationRsp: Not registered or requesting.
02-28 09:09:35.016  2666  3413 V Avrcp_ext: Exit updatePlayerStateAndPosition
02-28 09:09:35.016  2666  3413 D Avrcp_ext: AudioManager Player: ID:23 -- type:android.media.SoundPool -- u/pid:10126/2688 -- state:idle -- attr:AudioAttributes: usage=USAGE_ASSISTANCE_SONIFICATION content=CONTENT_TYPE_SONIFICATION flags=0x800 tags= bundle=null
02-28 09:09:35.016  2666  3413 D Avrcp_ext: AudioManager Player: ID:15 -- type:android.media.SoundPool -- u/pid:1000/1493 -- state:idle -- attr:AudioAttributes: usage=USAGE_ASSISTANCE_SONIFICATION content=CONTENT_TYPE_SONIFICATION flags=0x800 tags= bundle=null
02-28 09:09:35.016  2666  3413 D Avrcp_ext: AudioManager isPlaying: false
02-28 09:09:35.017 13511 13544 D NavServiceProvider: Detecting stop. distance_d=186.26234. stop_type=1 speed=11.107944
02-28 09:09:35.017 13511 13544 D NavigationTest: 373: (28.026375, -82.538128, 11.107944)	R:true  F:false
02-28 09:09:35.017 13511 13544 D NavigationTest: 374: (28.026375, -82.538128, 11.107944)	R:true  F:false
02-28 09:09:35.017 13511 13544 D NavServiceProvider: Second to last stop coordinates: 28.024847, -82.537339
02-28 09:09:35.017 13511 13544 D NavServiceProvider: Setting units automatically
02-28 09:09:35.019 13511 13544 D NavServiceProvider: Detecting stop. distance_d=174.33728. stop_type=1 speed=8.741121
02-28 09:09:35.019 13511 13544 D NavigationTest: 375: (28.026281, -82.538068, 8.741121)	R:true  F:false
02-28 09:09:35.019 13511 13544 D NavigationTest: 376: (28.026281, -82.538068, 8.741121)	R:true  F:false
02-28 09:09:35.019 13511 13544 D NavServiceProvider: Second to last stop coordinates: 28.024847, -82.537339
02-28 09:09:35.019 13511 13544 D NavServiceProvider: Setting units automatically
02-28 09:09:35.021 13511 13544 D NavServiceProvider: Detecting stop. distance_d=165.18495. stop_type=1 speed=9.390431
02-28 09:09:35.021 13511 13544 D NavigationTest: 377: (28.026208, -82.538024, 9.390431)	R:true  F:false
02-28 09:09:35.021 13511 13544 D NavServiceProvider: Second to last stop coordinates: 28.024847, -82.537339
02-28 09:09:35.022 13511 13544 D NavServiceProvider: Setting units automatically
02-28 09:09:35.023 13511 13544 D NavServiceProvider: Detecting stop. distance_d=156.93994. stop_type=1 speed=8.710092
02-28 09:09:35.023 13511 13544 D NavigationTest: 378: (28.026138, -82.537995, 8.710092)	R:true  F:false
02-28 09:09:35.023 13511 13544 D NavigationTest: 379: (28.026138, -82.537995, 8.710092)	R:true  F:false
02-28 09:09:35.023 13511 13544 D NavServiceProvider: Second to last stop coordinates: 28.024847, -82.537339
02-28 09:09:35.024 13511 13544 D NavServiceProvider: Setting units automatically
02-28 09:09:35.025 13511 13544 D NavServiceProvider: Detecting stop. distance_d=151.16154. stop_type=1 speed=7.600105
02-28 09:09:35.025 13511 13544 D NavigationTest: 380: (28.026092, -82.537967, 7.600105)	R:true  F:false
02-28 09:09:35.025 13511 13544 D NavServiceProvider: Second to last stop coordinates: 28.024847, -82.537339
02-28 09:09:35.026 13511 13544 D NavServiceProvider: Setting units automatically
02-28 09:09:35.027 13511 13544 D NavServiceProvider: Detecting stop. distance_d=145.09969. stop_type=1 speed=6.11553
02-28 09:09:35.027 13511 13544 D NavigationTest: 381: (28.026042, -82.537942, 6.115530)	R:true  F:false
02-28 09:09:35.027 13511 13544 D NavigationTest: 382: (28.026042, -82.537942, 6.115530)	R:true  F:false
02-28 09:09:35.027 13511 13544 D NavServiceProvider: Second to last stop coordinates: 28.024847, -82.537339
02-28 09:09:35.028 13511 13544 D NavServiceProvider: Setting units automatically
02-28 09:09:35.029 13511 13544 D NavServiceProvider: Detecting stop. distance_d=138.26967. stop_type=1 speed=5.946133
02-28 09:09:35.030 13511 13544 D NavigationTest: 383: (28.025984, -82.537918, 5.946133)	R:true  F:false
02-28 09:09:35.030 13511 13544 D NavigationTest: 384: (28.025984, -82.537918, 5.946133)	R:true  F:false
02-28 09:09:35.030 13511 13544 D NavServiceProvider: Second to last stop coordinates: 28.024847, -82.537339
02-28 09:09:35.030 13511 13544 D NavServiceProvider: Setting units automatically
02-28 09:09:35.031 13511 13544 D NavServiceProvider: Detecting stop. distance_d=133.58282. stop_type=1 speed=5.264256
02-28 09:09:35.032 13511 13544 D NavigationTest: 385: (28.025944, -82.537902, 5.264256)	R:true  F:false
02-28 09:09:35.032 13511 13544 D NavigationTest: 386: (28.025944, -82.537902, 5.264256)	R:true  F:false
02-28 09:09:35.032 13511 13544 D NavServiceProvider: Second to last stop coordinates: 28.024847, -82.537339
02-28 09:09:35.032 13511 13544 D NavServiceProvider: Setting units automatically
02-28 09:09:35.033 13511 13544 D NavServiceProvider: Detecting stop. distance_d=127.44117. stop_type=1 speed=4.482164
02-28 09:09:35.033 13511 13544 D NavigationTest: 387: (28.025898, -82.537865, 4.482164)	R:true  F:false
02-28 09:09:35.033 13511 13544 D NavServiceProvider: Second to last stop coordinates: 28.024847, -82.537339
02-28 09:09:35.034 13511 13544 D NavServiceProvider: Setting units automatically
02-28 09:09:35.035 13511 13544 D NavServiceProvider: Detecting stop. distance_d=123.706726. stop_type=1 speed=3.16242
02-28 09:09:35.035 13511 13544 D NavigationTest: 388: (28.025869, -82.537845, 3.162420)	R:true  F:false
02-28 09:09:35.035 13511 13544 D NavigationTest: 389: (28.025869, -82.537845, 3.162420)	R:true  F:false
02-28 09:09:35.035 13511 13544 D NavServiceProvider: Second to last stop coordinates: 28.024847, -82.537339
02-28 09:09:35.035 13511 13544 D NavServiceProvider: Setting units automatically
02-28 09:09:35.036 13511 13544 D NavServiceProvider: Detecting stop. distance_d=123.0748. stop_type=1 speed=2.320345
02-28 09:09:35.036 13511 13544 D NavigationTest: 390: (28.025860, -82.537852, 2.320345)	R:true  F:false
02-28 09:09:35.037 13511 13544 D NavigationTest: 391: (28.025860, -82.537852, 2.320345)	R:true  F:false
02-28 09:09:35.037 13511 13544 D NavigationTest: 392: (28.025860, -82.537852, 2.320345)	R:true  F:false
02-28 09:09:35.037 13511 13544 D NavServiceProvider: Second to last stop coordinates: 28.024847, -82.537339
02-28 09:09:35.037 13511 13544 D NavServiceProvider: Setting units automatically
02-28 09:09:35.038 13511 13544 D NavServiceProvider: Detecting stop. distance_d=121.49873. stop_type=1 speed=1.865503
02-28 09:09:35.038 13511 13544 D NavigationTest: 393: (28.025846, -82.537848, 1.865503)	R:true  F:false
02-28 09:09:35.038 13511 13544 D NavServiceProvider: Second to last stop coordinates: 28.024847, -82.537339
02-28 09:09:35.039 13511 13544 D NavServiceProvider: Setting units automatically
02-28 09:09:35.040 10929 10993 I Finsky  : [628] qhl.accept(61): SCH: Scheduling phonesky job Id: 1-1337, CT: 1709086787910, Constraints: [{ L: 40438829, D: 83638829, C: 1, I: 1, N: 1 }]
02-28 09:09:35.040 13511 13544 D NavServiceProvider: Detecting stop. distance_d=121.781746. stop_type=1 speed=1.010445
02-28 09:09:35.040 13511 13544 D NavigationTest: 394: (28.025848, -82.537850, 1.010445)	R:true  F:false
02-28 09:09:35.040 13511 13544 D NavigationTest: 395: (28.025848, -82.537850, 1.010445)	R:true  F:false
02-28 09:09:35.040 13511 13544 D NavServiceProvider: Second to last stop coordinates: 28.024847, -82.537339
02-28 09:09:35.041 10929 10993 I Finsky  : [628] qhl.accept(61): SCH: Scheduling phonesky job Id: 34-1409, CT: 1709044298165, Constraints: [{ L: 79191593, D: 1375191593, C: 1, I: 1, N: 1 }]
02-28 09:09:35.041 13511 13544 D NavServiceProvider: Setting units automatically
02-28 09:09:35.042 13511 13544 D NavServiceProvider: Detecting stop. distance_d=122.18566. stop_type=1 speed=0.0
02-28 09:09:35.042 13511 13544 D NavigationTest: 396: (28.025852, -82.537850, 0.000000)	R:true  F:false
02-28 09:09:35.042 13511 13544 D NavigationTest: 397: (28.025852, -82.537850, 0.000000)	R:true  F:false
02-28 09:09:35.042 13511 13544 D NavServiceProvider: Second to last stop coordinates: 28.024847, -82.537339
02-28 09:09:35.043 13511 13544 D NavServiceProvider: Setting units automatically
02-28 09:09:35.044 13511 13544 D NavServiceProvider: Detecting stop. distance_d=122.6507. stop_type=1 speed=0.0
02-28 09:09:35.045 13511 13544 D NavigationTest: 398: (28.025857, -82.537849, 0.000000)	R:true  F:false
02-28 09:09:35.045 13511 13544 D NavServiceProvider: Second to last stop coordinates: 28.024847, -82.537339
02-28 09:09:35.045 13511 13544 D NavServiceProvider: Setting units automatically
02-28 09:09:35.046 13511 13544 D NavServiceProvider: Detecting stop. distance_d=122.44847. stop_type=1 speed=0.0
02-28 09:09:35.046 10929 10992 I Finsky  : [626] knm.apply(333): SCH: Scheduling 1 system job(s)
02-28 09:09:35.046 13511 13544 D NavigationTest: 399: (28.025855, -82.537849, 0.000000)	R:true  F:false
02-28 09:09:35.046 13511 13544 D NavigationTest: 400: (28.025855, -82.537849, 0.000000)	R:true  F:false
02-28 09:09:35.046 13511 13544 D NavigationTest: 401: (28.025855, -82.537849, 0.000000)	R:true  F:false
02-28 09:09:35.046 13511 13544 D NavServiceProvider: Second to last stop coordinates: 28.024847, -82.537339
02-28 09:09:35.047 10929 10992 I Finsky  : [626] aboy.d(263): SCH: Scheduling system job Id: 9615, L: 1314712, D: 48251693, C: false, I: false, N: 1
02-28 09:09:35.047 13511 13544 D NavServiceProvider: Setting units automatically
02-28 09:09:35.048 13511 13544 D NavServiceProvider: Detecting stop. distance_d=122.32713. stop_type=1 speed=0.0
02-28 09:09:35.048 13511 13544 D NavigationTest: 402: (28.025853, -82.537851, 0.000000)	R:true  F:false
02-28 09:09:35.048 13511 13544 D NavigationTest: 403: (28.025853, -82.537851, 0.000000)	R:true  F:false
02-28 09:09:35.048 13511 13544 D NavServiceProvider: Second to last stop coordinates: 28.024847, -82.537339
02-28 09:09:35.048 13511 13544 D NavServiceProvider: Setting units automatically
02-28 09:09:35.049 13511 13544 D NavServiceProvider: Detecting stop. distance_d=121.619965. stop_type=1 speed=0.0
02-28 09:09:35.050 13511 13544 D NavigationTest: 404: (28.025848, -82.537846, 0.000000)	R:true  F:false
02-28 09:09:35.050 13511 13544 D NavigationTest: 405: (28.025848, -82.537846, 0.000000)	R:true  F:false
02-28 09:09:35.050 13511 13544 D NavServiceProvider: Second to last stop coordinates: 28.024847, -82.537339
02-28 09:09:35.050 13511 13544 D NavServiceProvider: Setting units automatically
02-28 09:09:35.051 13511 13544 D NavServiceProvider: Detecting stop. distance_d=121.842186. stop_type=1 speed=0.0
02-28 09:09:35.051 13511 13544 D NavigationTest: 406: (28.025849, -82.537849, 0.000000)	R:true  F:false
02-28 09:09:35.051 13511 13544 D NavigationTest: 407: (28.025849, -82.537849, 0.000000)	R:true  F:false
02-28 09:09:35.051 13511 13544 D NavServiceProvider: Second to last stop coordinates: 28.024847, -82.537339
02-28 09:09:35.052 13511 13544 D NavServiceProvider: Setting units automatically
02-28 09:09:35.053 13511 13544 D NavServiceProvider: Detecting stop. distance_d=121.8827. stop_type=1 speed=0.0
02-28 09:09:35.053 13511 13544 D NavigationTest: 408: (28.025849, -82.537850, 0.000000)	R:true  F:false
02-28 09:09:35.053 13511 13544 D NavigationTest: 409: (28.025849, -82.537850, 0.000000)	R:true  F:false
02-28 09:09:35.053 13511 13544 D NavigationTest: 410: (28.025849, -82.537850, 0.000000)	R:true  F:false
02-28 09:09:35.053 13511 13544 D NavServiceProvider: Second to last stop coordinates: 28.024847, -82.537339
02-28 09:09:35.053 13511 13544 D NavServiceProvider: Setting units automatically
02-28 09:09:35.054 10929 13712 I Finsky  : [724] abqv.a(26): SCH: job service finished with id 9612.
02-28 09:09:35.054 13511 13544 D NavServiceProvider: Detecting stop. distance_d=122.9553. stop_type=1 speed=0.0
02-28 09:09:35.055 13511 13544 D NavigationTest: 411: (28.025856, -82.537859, 0.000000)	R:true  F:false
02-28 09:09:35.055 13511 13544 D NavigationTest: 412: (28.025856, -82.537859, 0.000000)	R:true  F:false
02-28 09:09:35.055 13511 13544 D NavServiceProvider: Second to last stop coordinates: 28.024847, -82.537339
02-28 09:09:35.055 13511 13544 D NavServiceProvider: Setting units automatically
02-28 09:09:35.056 13511 13544 D NavServiceProvider: Detecting stop. distance_d=124.22769. stop_type=1 speed=0.383275
02-28 09:09:35.056 13511 13544 D NavigationTest: 413: (28.025871, -82.537853, 0.383275)	R:true  F:false
02-28 09:09:35.056 13511 13544 D NavigationTest: 414: (28.025871, -82.537853, 0.383275)	R:true  F:false
02-28 09:09:35.056 13511 13544 D NavServiceProvider: Second to last stop coordinates: 28.024847, -82.537339
02-28 09:09:35.057 13511 13544 D NavServiceProvider: Setting units automatically
02-28 09:09:35.058 13511 13544 D NavServiceProvider: Detecting stop. distance_d=123.994705. stop_type=1 speed=1.192686
02-28 09:09:35.058 13511 13544 D NavigationTest: 415: (28.025873, -82.537842, 1.192686)	R:true  F:false
02-28 09:09:35.058 13511 13544 D NavigationTest: 416: (28.025873, -82.537842, 1.192686)	R:true  F:false
02-28 09:09:35.058 13511 13544 D NavServiceProvider: Second to last stop coordinates: 28.024847, -82.537339
02-28 09:09:35.058 13511 13544 D NavServiceProvider: Setting units automatically
02-28 09:09:35.060 13511 13544 D NavServiceProvider: Detecting stop. distance_d=125.52022. stop_type=1 speed=0.0
02-28 09:09:35.060 13511 13544 D NavigationTest: 417: (28.025881, -82.537860, 0.000000)	R:true  F:false
02-28 09:09:35.060 13511 13544 D NavigationTest: 418: (28.025881, -82.537860, 0.000000)	R:true  F:false
02-28 09:09:35.060 13511 13544 D NavigationTest: 419: (28.025881, -82.537860, 0.000000)	R:true  F:false
02-28 09:09:35.060 13511 13544 D NavServiceProvider: Second to last stop coordinates: 28.024847, -82.537339
02-28 09:09:35.060 13511 13544 D NavServiceProvider: Setting units automatically
02-28 09:09:35.061 13511 13544 D NavServiceProvider: Detecting stop. distance_d=125.86686. stop_type=1 speed=0.0
02-28 09:09:35.062 13511 13544 D NavigationTest: 420: (28.025886, -82.537856, 0.000000)	R:true  F:false
02-28 09:09:35.062 13511 13544 D NavigationTest: 421: (28.025886, -82.537856, 0.000000)	R:true  F:false
02-28 09:09:35.062 13511 13544 D NavServiceProvider: Second to last stop coordinates: 28.024847, -82.537339
02-28 09:09:35.062 13511 13544 D NavServiceProvider: Setting units automatically
02-28 09:09:35.063 13511 13544 D NavServiceProvider: Detecting stop. distance_d=125.68611. stop_type=1 speed=0.0
02-28 09:09:35.063 13511 13544 D NavigationTest: 422: (28.025885, -82.537854, 0.000000)	R:true  F:false
02-28 09:09:35.063 13511 13544 D NavigationTest: 423: (28.025885, -82.537854, 0.000000)	R:true  F:false
02-28 09:09:35.063 13511 13544 D NavServiceProvider: Second to last stop coordinates: 28.024847, -82.537339
02-28 09:09:35.064 13511 13544 D NavServiceProvider: Setting units automatically
02-28 09:09:35.065 13511 13544 D NavServiceProvider: Detecting stop. distance_d=126.554596. stop_type=1 speed=0.34
02-28 09:09:35.065 13511 13544 D NavigationTest: 424: (28.025892, -82.537858, 0.340000)	R:true  F:false
02-28 09:09:35.065 13511 13544 D NavigationTest: 425: (28.025892, -82.537858, 0.340000)	R:true  F:false
02-28 09:09:35.065 13511 13544 D NavServiceProvider: Second to last stop coordinates: 28.024847, -82.537339
02-28 09:09:35.065 13511 13544 D NavServiceProvider: Setting units automatically
02-28 09:09:35.067 13511 13544 D NavServiceProvider: Detecting stop. distance_d=126.786896. stop_type=1 speed=0.0
02-28 09:09:35.067 13511 13544 D NavigationTest: 426: (28.025897, -82.537851, 0.000000)	R:true  F:false
02-28 09:09:35.067 13511 13544 D NavigationTest: 427: (28.025897, -82.537851, 0.000000)	R:true  F:false
02-28 09:09:35.067 13511 13544 D NavigationTest: 428: (28.025897, -82.537851, 0.000000)	R:true  F:false
02-28 09:09:35.067 13511 13544 D NavServiceProvider: Second to last stop coordinates: 28.024847, -82.537339
02-28 09:09:35.067 13511 13544 D NavServiceProvider: Setting units automatically
02-28 09:09:35.068 13511 13544 D NavServiceProvider: Detecting stop. distance_d=128.95503. stop_type=1 speed=0.596825
02-28 09:09:35.068 13511 13544 D NavigationTest: 429: (28.025909, -82.537875, 0.596825)	R:true  F:false
02-28 09:09:35.068 13511 13544 D NavigationTest: 430: (28.025909, -82.537875, 0.596825)	R:true  F:false
02-28 09:09:35.068 13511 13544 D NavServiceProvider: Second to last stop coordinates: 28.024847, -82.537339
02-28 09:09:35.069 13511 13544 D NavServiceProvider: Setting units automatically
02-28 09:09:35.070 13511 13544 D NavServiceProvider: Detecting stop. distance_d=128.69202. stop_type=1 speed=0.398246
02-28 09:09:35.070 13511 13544 D NavigationTest: 431: (28.025906, -82.537876, 0.398246)	R:true  F:false
02-28 09:09:35.070 13511 13544 D NavServiceProvider: Second to last stop coordinates: 28.024847, -82.537339
02-28 09:09:35.070 13511 13544 D NavServiceProvider: Setting units automatically
02-28 09:09:35.071 13511 13544 D NavServiceProvider: Detecting stop. distance_d=129.31932. stop_type=1 speed=0.31241
02-28 09:09:35.072 13511 13544 D NavigationTest: 432: (28.025909, -82.537884, 0.312410)	R:true  F:false
02-28 09:09:35.072 13511 13544 D NavigationTest: 433: (28.025909, -82.537884, 0.312410)	R:true  F:false
02-28 09:09:35.072 13511 13544 D NavServiceProvider: Second to last stop coordinates: 28.024847, -82.537339
02-28 09:09:35.072 13511 13544 D NavServiceProvider: Setting units automatically
02-28 09:09:35.073 13511 13544 D NavServiceProvider: Detecting stop. distance_d=129.30017. stop_type=1 speed=0.228254
02-28 09:09:35.073 13511 13544 D NavigationTest: 434: (28.025908, -82.537886, 0.228254)	R:true  F:false
02-28 09:09:35.073 13511 13544 D NavigationTest: 435: (28.025908, -82.537886, 0.228254)	R:true  F:false
02-28 09:09:35.073 13511 13544 D NavServiceProvider: Second to last stop coordinates: 28.024847, -82.537339
02-28 09:09:35.073 13511 13544 D NavServiceProvider: Setting units automatically
02-28 09:09:35.074 13511 13544 D NavServiceProvider: Detecting stop. distance_d=128.24745. stop_type=1 speed=0.0
02-28 09:09:35.075 13511 13544 D NavigationTest: 436: (28.025902, -82.537875, 0.000000)	R:true  F:false
02-28 09:09:35.075 13511 13544 D NavigationTest: 437: (28.025902, -82.537875, 0.000000)	R:true  F:false
02-28 09:09:35.075 13511 13544 D NavigationTest: 438: (28.025902, -82.537875, 0.000000)	R:true  F:false
02-28 09:09:35.075 13511 13544 D NavServiceProvider: Second to last stop coordinates: 28.024847, -82.537339
02-28 09:09:35.075 13511 13544 D NavServiceProvider: Setting units automatically
02-28 09:09:35.076 13511 13544 D NavServiceProvider: Detecting stop. distance_d=128.53036. stop_type=1 speed=0.0
02-28 09:09:35.076 13511 13544 D NavigationTest: 439: (28.025904, -82.537877, 0.000000)	R:true  F:false
02-28 09:09:35.076 13511 13544 D NavigationTest: 440: (28.025904, -82.537877, 0.000000)	R:true  F:false
02-28 09:09:35.076 13511 13544 D NavServiceProvider: Second to last stop coordinates: 28.024847, -82.537339
02-28 09:09:35.077 13511 13544 D NavServiceProvider: Setting units automatically
02-28 09:09:35.078 13511 13544 D NavServiceProvider: Detecting stop. distance_d=127.92427. stop_type=1 speed=0.0
02-28 09:09:35.078 13511 13544 D NavigationTest: 441: (28.025900, -82.537872, 0.000000)	R:true  F:false
02-28 09:09:35.078 13511 13544 D NavigationTest: 442: (28.025900, -82.537872, 0.000000)	R:true  F:false
02-28 09:09:35.078 13511 13544 D NavServiceProvider: Second to last stop coordinates: 28.024847, -82.537339
02-28 09:09:35.079 13511 13544 D NavServiceProvider: Setting units automatically
