02-28 09:09:48.067 13511 13544 I TestRunner: started: testTrip26(org.onebusaway.android.nav.test.NavigationTest)
02-28 09:09:48.068 13511 13511 I MonitoringInstr: Activities that are still in CREATED to STOPPED: 0
02-28 09:09:48.078 13511 13544 D NavServiceProvider: Creating NavigationServiceProvider...
02-28 09:09:48.078 13511 13544 D NavServiceProvider: Starting navigation for service
02-28 09:09:48.078 13511 13544 D NavServiceProvider: ProximityCalculator initializing...
02-28 09:09:48.078 13511 13544 D NavServiceProvider: Initializing ProximityCalculator
02-28 09:09:48.078 13511 13544 D NavServiceProvider: Number of path links: 1
02-28 09:09:48.078 13511 13544 D NavServiceProvider: Second to last stop coordinates: 28.069269, -82.423516
02-28 09:09:48.079 13511 13544 D NavServiceProvider: Setting units automatically
02-28 09:09:48.080 13511 13544 D NavServiceProvider: Detecting stop. distance_d=1243.7074. stop_type=1 speed=1.65
02-28 09:09:48.081 13511 13544 D NavigationTest: 0: (28.069192, -82.410864, 1.650000)	R:false  F:false
02-28 09:09:48.081 13511 13544 D NavigationTest: 1: (28.069192, -82.410864, 1.650000)	R:false  F:false
02-28 09:09:48.081 13511 13544 D NavigationTest: 2: (28.069192, -82.410864, 1.650000)	R:false  F:false
02-28 09:09:48.081 13511 13544 D NavServiceProvider: Second to last stop coordinates: 28.069269, -82.423516
02-28 09:09:48.081 13511 13544 D NavServiceProvider: Setting units automatically
02-28 09:09:48.082 13511 13544 D NavServiceProvider: Detecting stop. distance_d=1240.7527. stop_type=1 speed=2.92
02-28 09:09:48.083 13511 13544 D NavigationTest: 3: (28.069200, -82.410894, 2.920000)	R:false  F:false
02-28 09:09:48.083 13511 13544 D NavigationTest: 4: (28.069200, -82.410894, 2.920000)	R:false  F:false
02-28 09:09:48.083 13511 13544 D NavigationTest: 5: (28.069200, -82.410894, 2.920000)	R:false  F:false
02-28 09:09:48.083 13511 13544 D NavigationTest: 6: (28.069200, -82.410894, 2.920000)	R:false  F:false
02-28 09:09:48.083 13511 13544 D NavServiceProvider: Second to last stop coordinates: 28.069269, -82.423516
02-28 09:09:48.083 13511 13544 D NavServiceProvider: Setting units automatically
02-28 09:09:48.084 13511 13544 D NavServiceProvider: Detecting stop. distance_d=1236.7197. stop_type=1 speed=4.18
02-28 09:09:48.084 13511 13544 D NavigationTest: 7: (28.069204, -82.410935, 4.180000)	R:false  F:false
02-28 09:09:48.084 13511 13544 D NavigationTest: 8: (28.069204, -82.410935, 4.180000)	R:false  F:false
02-28 09:09:48.084 13511 13544 D NavigationTest: 9: (28.069204, -82.410935, 4.180000)	R:false  F:false
02-28 09:09:48.084 13511 13544 D NavServiceProvider: Second to last stop coordinates: 28.069269, -82.423516
02-28 09:09:48.085 13511 13544 D NavServiceProvider: Setting units automatically
02-28 09:09:48.086 13511 13544 D NavServiceProvider: Detecting stop. distance_d=1229.241. stop_type=1 speed=5.78
02-28 09:09:48.086 13511 13544 D NavigationTest: 10: (28.069218, -82.411011, 5.780000)	R:false  F:false
02-28 09:09:48.086 13511 13544 D NavigationTest: 11: (28.069218, -82.411011, 5.780000)	R:false  F:false
02-28 09:09:48.086 13511 13544 D NavigationTest: 12: (28.069218, -82.411011, 5.780000)	R:false  F:false
02-28 09:09:48.086 13511 13544 D NavServiceProvider: Second to last stop coordinates: 28.069269, -82.423516
02-28 09:09:48.087 13511 13544 D NavServiceProvider: Setting units automatically
02-28 09:09:48.088 13511 13544 D NavServiceProvider: Detecting stop. distance_d=1224.725. stop_type=1 speed=6.0
02-28 09:09:48.088 13511 13544 D NavigationTest: 13: (28.069208, -82.411057, 6.000000)	R:false  F:false
02-28 09:09:48.088 13511 13544 D NavigationTest: 14: (28.069208, -82.411057, 6.000000)	R:false  F:false
02-28 09:09:48.088 13511 13544 D NavigationTest: 15: (28.069208, -82.411057, 6.000000)	R:false  F:false
02-28 09:09:48.088 13511 13544 D NavServiceProvider: Second to last stop coordinates: 28.069269, -82.423516
02-28 09:09:48.089 13511 13544 D NavServiceProvider: Setting units automatically
02-28 09:09:48.090 13511 13544 D NavServiceProvider: Detecting stop. distance_d=1217.4452. stop_type=1 speed=7.47
02-28 09:09:48.090 13511 13544 D NavigationTest: 16: (28.069218, -82.411131, 7.470000)	R:false  F:false
02-28 09:09:48.090 13511 13544 D NavigationTest: 17: (28.069218, -82.411131, 7.470000)	R:false  F:false
02-28 09:09:48.090 13511 13544 D NavServiceProvider: Second to last stop coordinates: 28.069269, -82.423516
02-28 09:09:48.091 13511 13544 D NavServiceProvider: Setting units automatically
02-28 09:09:48.092 13511 13544 D NavServiceProvider: Detecting stop. distance_d=1209.5853. stop_type=1 speed=7.93
02-28 09:09:48.092 13511 13544 D NavigationTest: 18: (28.069211, -82.411211, 7.930000)	R:false  F:false
02-28 09:09:48.092 13511 13544 D NavigationTest: 19: (28.069211, -82.411211, 7.930000)	R:false  F:false
02-28 09:09:48.092 13511 13544 D NavigationTest: 20: (28.069211, -82.411211, 7.930000)	R:false  F:false
02-28 09:09:48.092 13511 13544 D NavServiceProvider: Second to last stop coordinates: 28.069269, -82.423516
02-28 09:09:48.093 13511 13544 D NavServiceProvider: Setting units automatically
02-28 09:09:48.094 13511 13544 D NavServiceProvider: Detecting stop. distance_d=1200.8441. stop_type=1 speed=9.64
02-28 09:09:48.094 13511 13544 D NavigationTest: 21: (28.069200, -82.411300, 9.640000)	R:false  F:false
02-28 09:09:48.094 13511 13544 D NavigationTest: 22: (28.069200, -82.411300, 9.640000)	R:false  F:false
02-28 09:09:48.094 13511 13544 D NavigationTest: 23: (28.069200, -82.411300, 9.640000)	R:false  F:false
02-28 09:09:48.094 13511 13544 D NavServiceProvider: Second to last stop coordinates: 28.069269, -82.423516
02-28 09:09:48.095 13511 13544 D NavServiceProvider: Setting units automatically
02-28 09:09:48.096 13511 13544 D NavServiceProvider: Detecting stop. distance_d=1193.6705. stop_type=1 speed=8.35
02-28 09:09:48.096 13511 13544 D NavigationTest: 24: (28.069197, -82.411373, 8.350000)	R:false  F:false
02-28 09:09:48.096 13511 13544 D NavigationTest: 25: (28.069197, -82.411373, 8.350000)	R:false  F:false
02-28 09:09:48.096 13511 13544 D NavServiceProvider: Second to last stop coordinates: 28.069269, -82.423516
02-28 09:09:48.096 13511 13544 D NavServiceProvider: Setting units automatically
02-28 09:09:48.097 13511 13544 D NavServiceProvider: Detecting stop. distance_d=1184.9346. stop_type=1 speed=9.3
02-28 09:09:48.097 13511 13544 D NavigationTest: 26: (28.069182, -82.411462, 9.300000)	R:false  F:false
02-28 09:09:48.097 13511 13544 D NavigationTest: 27: (28.069182, -82.411462, 9.300000)	R:false  F:false
02-28 09:09:48.097 13511 13544 D NavigationTest: 28: (28.069182, -82.411462, 9.300000)	R:false  F:false
02-28 09:09:48.097 13511 13544 D NavServiceProvider: Second to last stop coordinates: 28.069269, -82.423516
02-28 09:09:48.098 13511 13544 D NavServiceProvider: Setting units automatically
02-28 09:09:48.099 13511 13544 D NavServiceProvider: Detecting stop. distance_d=1172.7488. stop_type=1 speed=11.04
02-28 09:09:48.099 13511 13544 D NavigationTest: 29: (28.069179, -82.411586, 11.040000)	R:false  F:false
02-28 09:09:48.099 13511 13544 D NavigationTest: 30: (28.069179, -82.411586, 11.040000)	R:false  F:false
02-28 09:09:48.099 13511 13544 D NavigationTest: 31: (28.069179, -82.411586, 11.040000)	R:false  F:false
02-28 09:09:48.099 13511 13544 D NavServiceProvider: Second to last stop coordinates: 28.069269, -82.423516
02-28 09:09:48.100 13511 13544 D NavServiceProvider: Setting units automatically
02-28 09:09:48.101 13511 13544 D NavServiceProvider: Detecting stop. distance_d=1159.874. stop_type=1 speed=11.56
02-28 09:09:48.101 13511 13544 D NavigationTest: 32: (28.069177, -82.411717, 11.560000)	R:false  F:false
02-28 09:09:48.101 13511 13544 D NavigationTest: 33: (28.069177, -82.411717, 11.560000)	R:false  F:false
02-28 09:09:48.101 13511 13544 D NavigationTest: 34: (28.069177, -82.411717, 11.560000)	R:false  F:false
02-28 09:09:48.101 13511 13544 D NavServiceProvider: Second to last stop coordinates: 28.069269, -82.423516
02-28 09:09:48.101 13511 13544 D NavServiceProvider: Setting units automatically
02-28 09:09:48.102 13511 13544 D NavServiceProvider: Detecting stop. distance_d=1145.7986. stop_type=1 speed=12.87
02-28 09:09:48.102 13511 13544 D NavigationTest: 35: (28.069199, -82.411860, 12.870000)	R:false  F:false
02-28 09:09:48.102 13511 13544 D NavigationTest: 36: (28.069199, -82.411860, 12.870000)	R:false  F:false
02-28 09:09:48.102 13511 13544 D NavServiceProvider: Second to last stop coordinates: 28.069269, -82.423516
02-28 09:09:48.103 13511 13544 D NavServiceProvider: Setting units automatically
02-28 09:09:48.104 13511 13544 D NavServiceProvider: Detecting stop. distance_d=1133.897. stop_type=1 speed=12.74
02-28 09:09:48.104 13511 13544 D NavigationTest: 37: (28.069210, -82.411981, 12.740000)	R:false  F:false
02-28 09:09:48.104 13511 13544 D NavigationTest: 38: (28.069210, -82.411981, 12.740000)	R:false  F:false
02-28 09:09:48.104 13511 13544 D NavigationTest: 39: (28.069210, -82.411981, 12.740000)	R:false  F:false
02-28 09:09:48.104 13511 13544 D NavServiceProvider: Second to last stop coordinates: 28.069269, -82.423516
02-28 09:09:48.105 13511 13544 D NavServiceProvider: Setting units automatically
02-28 09:09:48.107 13511 13544 D NavServiceProvider: Detecting stop. distance_d=1121.5186. stop_type=1 speed=13.24
02-28 09:09:48.107 13511 13544 D NavigationTest: 40: (28.069200, -82.412107, 13.240000)	R:false  F:false
02-28 09:09:48.107 13511 13544 D NavigationTest: 41: (28.069200, -82.412107, 13.240000)	R:false  F:false
02-28 09:09:48.107 13511 13544 D NavServiceProvider: Second to last stop coordinates: 28.069269, -82.423516
02-28 09:09:48.108 13511 13544 D NavServiceProvider: Setting units automatically
02-28 09:09:48.109 13511 13544 D NavServiceProvider: Detecting stop. distance_d=1107.0659. stop_type=1 speed=14.35
02-28 09:09:48.109 13511 13544 D NavigationTest: 42: (28.069204, -82.412254, 14.350000)	R:false  F:false
02-28 09:09:48.109 13511 13544 D NavigationTest: 43: (28.069204, -82.412254, 14.350000)	R:false  F:false
02-28 09:09:48.109 13511 13544 D NavigationTest: 44: (28.069204, -82.412254, 14.350000)	R:false  F:false
02-28 09:09:48.109 13511 13544 D NavServiceProvider: Second to last stop coordinates: 28.069269, -82.423516
02-28 09:09:48.110 13511 13544 D NavServiceProvider: Setting units automatically
02-28 09:09:48.111 13511 13544 D NavServiceProvider: Detecting stop. distance_d=1091.6298. stop_type=1 speed=14.58
02-28 09:09:48.111 13511 13544 D NavigationTest: 45: (28.069209, -82.412411, 14.580000)	R:false  F:false
02-28 09:09:48.111 13511 13544 D NavigationTest: 46: (28.069209, -82.412411, 14.580000)	R:false  F:false
02-28 09:09:48.111 13511 13544 D NavServiceProvider: Second to last stop coordinates: 28.069269, -82.423516
02-28 09:09:48.112 13511 13544 D NavServiceProvider: Setting units automatically
02-28 09:09:48.113 13511 13544 D NavServiceProvider: Detecting stop. distance_d=1075.4166. stop_type=1 speed=15.37
02-28 09:09:48.113 13511 13544 D NavigationTest: 47: (28.069201, -82.412576, 15.370000)	R:false  F:false
02-28 09:09:48.113 13511 13544 D NavigationTest: 48: (28.069201, -82.412576, 15.370000)	R:false  F:false
02-28 09:09:48.113 13511 13544 D NavigationTest: 49: (28.069201, -82.412576, 15.370000)	R:false  F:false
02-28 09:09:48.113 13511 13544 D NavServiceProvider: Second to last stop coordinates: 28.069269, -82.423516
02-28 09:09:48.113 13511 13544 D NavServiceProvider: Setting units automatically
02-28 09:09:48.114 13511 13544 D NavServiceProvider: Detecting stop. distance_d=1059.191. stop_type=1 speed=15.9
02-28 09:09:48.115 13511 13544 D NavigationTest: 50: (28.069210, -82.412741, 15.900000)	R:false  F:false
02-28 09:09:48.115 13511 13544 D NavigationTest: 51: (28.069210, -82.412741, 15.900000)	R:false  F:false
02-28 09:09:48.115 13511 13544 D NavigationTest: 52: (28.069210, -82.412741, 15.900000)	R:false  F:false
02-28 09:09:48.115 13511 13544 D NavServiceProvider: Second to last stop coordinates: 28.069269, -82.423516
02-28 09:09:48.115 13511 13544 D NavServiceProvider: Setting units automatically
02-28 09:09:48.116 13511 13544 D NavServiceProvider: Detecting stop. distance_d=1042.9681. stop_type=1 speed=16.31
02-28 09:09:48.116 13511 13544 D NavigationTest: 53: (28.069216, -82.412906, 16.309999)	R:false  F:false
02-28 09:09:48.116 13511 13544 D NavigationTest: 54: (28.069216, -82.412906, 16.309999)	R:false  F:false
02-28 09:09:48.116 13511 13544 D NavServiceProvider: Second to last stop coordinates: 28.069269, -82.423516
02-28 09:09:48.117 13511 13544 D NavServiceProvider: Setting units automatically
02-28 09:09:48.118 13511 13544 D NavServiceProvider: Detecting stop. distance_d=1026.451. stop_type=1 speed=16.37
02-28 09:09:48.118 13511 13544 D NavigationTest: 55: (28.069221, -82.413074, 16.370001)	R:false  F:false
02-28 09:09:48.118 13511 13544 D NavigationTest: 56: (28.069221, -82.413074, 16.370001)	R:false  F:false
02-28 09:09:48.118 13511 13544 D NavigationTest: 57: (28.069221, -82.413074, 16.370001)	R:false  F:false
02-28 09:09:48.118 13511 13544 D NavServiceProvider: Second to last stop coordinates: 28.069269, -82.423516
02-28 09:09:48.118 13511 13544 D NavServiceProvider: Setting units automatically
02-28 09:09:48.119 13511 13544 D NavServiceProvider: Detecting stop. distance_d=1009.93713. stop_type=1 speed=16.62
02-28 09:09:48.120 13511 13544 D NavigationTest: 58: (28.069221, -82.413242, 16.620001)	R:false  F:false
02-28 09:09:48.120 13511 13544 D NavigationTest: 59: (28.069221, -82.413242, 16.620001)	R:false  F:false
02-28 09:09:48.120 13511 13544 D NavigationTest: 60: (28.069221, -82.413242, 16.620001)	R:false  F:false
02-28 09:09:48.120 13511 13544 D NavServiceProvider: Second to last stop coordinates: 28.069269, -82.423516
02-28 09:09:48.120 13511 13544 D NavServiceProvider: Setting units automatically
02-28 09:09:48.121 13511 13544 D NavServiceProvider: Detecting stop. distance_d=995.48737. stop_type=1 speed=13.69
02-28 09:09:48.121 13511 13544 D NavigationTest: 61: (28.069221, -82.413389, 13.690000)	R:false  F:false
02-28 09:09:48.121 13511 13544 D NavigationTest: 62: (28.069221, -82.413389, 13.690000)	R:false  F:false
02-28 09:09:48.121 13511 13544 D NavigationTest: 63: (28.069221, -82.413389, 13.690000)	R:false  F:false
02-28 09:09:48.121 13511 13544 D NavServiceProvider: Second to last stop coordinates: 28.069269, -82.423516
02-28 09:09:48.122 13511 13544 D NavServiceProvider: Setting units automatically
02-28 09:09:48.123 13511 13544 D NavServiceProvider: Detecting stop. distance_d=984.08545. stop_type=1 speed=11.99
02-28 09:09:48.123 13511 13544 D NavigationTest: 64: (28.069220, -82.413505, 11.990000)	R:false  F:false
02-28 09:09:48.123 13511 13544 D NavigationTest: 65: (28.069220, -82.413505, 11.990000)	R:false  F:false
02-28 09:09:48.123 13511 13544 D NavigationTest: 66: (28.069220, -82.413505, 11.990000)	R:false  F:false
02-28 09:09:48.123 13511 13544 D NavServiceProvider: Second to last stop coordinates: 28.069269, -82.423516
02-28 09:09:48.124 13511 13544 D NavServiceProvider: Setting units automatically
02-28 09:09:48.125 13511 13544 D NavServiceProvider: Detecting stop. distance_d=974.3511. stop_type=1 speed=7.91
02-28 09:09:48.125 13511 13544 D NavigationTest: 67: (28.069225, -82.413604, 7.910000)	R:false  F:false
02-28 09:09:48.125 13511 13544 D NavigationTest: 68: (28.069225, -82.413604, 7.910000)	R:false  F:false
02-28 09:09:48.126 13511 13544 D NavigationTest: 69: (28.069225, -82.413604, 7.910000)	R:false  F:false
02-28 09:09:48.126 13511 13544 D NavServiceProvider: Second to last stop coordinates: 28.069269, -82.423516
02-28 09:09:48.126 13511 13544 D NavServiceProvider: Setting units automatically
02-28 09:09:48.127 13511 13544 D NavServiceProvider: Detecting stop. distance_d=967.1699. stop_type=1 speed=6.29
02-28 09:09:48.127 13511 13544 D NavigationTest: 70: (28.069236, -82.413677, 6.290000)	R:false  F:false
02-28 09:09:48.127 13511 13544 D NavigationTest: 71: (28.069236, -82.413677, 6.290000)	R:false  F:false
02-28 09:09:48.127 13511 13544 D NavServiceProvider: Second to last stop coordinates: 28.069269, -82.423516
02-28 09:09:48.128 13511 13544 D NavServiceProvider: Setting units automatically
02-28 09:09:48.129 13511 13544 D NavServiceProvider: Detecting stop. distance_d=961.3736. stop_type=1 speed=5.31
02-28 09:09:48.129 13511 13544 D NavigationTest: 72: (28.069229, -82.413736, 5.310000)	R:false  F:false
02-28 09:09:48.129 13511 13544 D NavigationTest: 73: (28.069229, -82.413736, 5.310000)	R:false  F:false
02-28 09:09:48.129 13511 13544 D NavigationTest: 74: (28.069229, -82.413736, 5.310000)	R:false  F:false
02-28 09:09:48.129 13511 13544 D NavServiceProvider: Second to last stop coordinates: 28.069269, -82.423516
02-28 09:09:48.129 13511 13544 D NavServiceProvider: Setting units automatically
02-28 09:09:48.130 13579 13612 W EventProcessor: callback.start() returned error code: -1
02-28 09:09:48.131 13511 13544 D NavServiceProvider: Detecting stop. distance_d=957.74115. stop_type=1 speed=2.47
02-28 09:09:48.131 13511 13544 D NavigationTest: 75: (28.069221, -82.413773, 2.470000)	R:false  F:false
02-28 09:09:48.131 13511 13544 D NavigationTest: 76: (28.069221, -82.413773, 2.470000)	R:false  F:false
02-28 09:09:48.131 13511 13544 D NavigationTest: 77: (28.069221, -82.413773, 2.470000)	R:false  F:false
02-28 09:09:48.131 13511 13544 D NavServiceProvider: Second to last stop coordinates: 28.069269, -82.423516
02-28 09:09:48.132 13511 13544 D NavServiceProvider: Setting units automatically
02-28 09:09:48.133 13511 13544 D NavServiceProvider: Detecting stop. distance_d=957.15533. stop_type=1 speed=0.56
02-28 09:09:48.133 13511 13544 D NavigationTest: 78: (28.069215, -82.413779, 0.560000)	R:false  F:false
02-28 09:09:48.134 13511 13544 D NavigationTest: 79: (28.069215, -82.413779, 0.560000)	R:false  F:false
02-28 09:09:48.134 13511 13544 D NavServiceProvider: Second to last stop coordinates: 28.069269, -82.423516
02-28 09:09:48.134 13511 13544 D NavServiceProvider: Setting units automatically
02-28 09:09:48.135 13511 13544 D NavServiceProvider: Detecting stop. distance_d=956.6625. stop_type=1 speed=0.0
02-28 09:09:48.135 13511 13544 D NavigationTest: 80: (28.069217, -82.413784, 0.000000)	R:false  F:false
02-28 09:09:48.135 13511 13544 D NavigationTest: 81: (28.069217, -82.413784, 0.000000)	R:false  F:false
02-28 09:09:48.135 13511 13544 D NavigationTest: 82: (28.069217, -82.413784, 0.000000)	R:false  F:false
02-28 09:09:48.135 13511 13544 D NavServiceProvider: Second to last stop coordinates: 28.069269, -82.423516
02-28 09:09:48.136 13511 13544 D NavServiceProvider: Setting units automatically
02-28 09:09:48.137 13511 13544 D NavServiceProvider: Detecting stop. distance_d=957.2516. stop_type=1 speed=0.0
02-28 09:09:48.137 13511 13544 D NavigationTest: 83: (28.069218, -82.413778, 0.000000)	R:false  F:false
02-28 09:09:48.137 13511 13544 D NavigationTest: 84: (28.069218, -82.413778, 0.000000)	R:false  F:false
02-28 09:09:48.137 13511 13544 D NavigationTest: 85: (28.069218, -82.413778, 0.000000)	R:false  F:false
02-28 09:09:48.137 13511 13544 D NavServiceProvider: Second to last stop coordinates: 28.069269, -82.423516
02-28 09:09:48.137 13511 13544 D NavServiceProvider: Setting units automatically
02-28 09:09:48.139 13511 13544 D NavServiceProvider: Detecting stop. distance_d=957.2516. stop_type=1 speed=0.0
02-28 09:09:48.139 13511 13544 D NavigationTest: 86: (28.069218, -82.413778, 0.000000)	R:false  F:false
02-28 09:09:48.139 13511 13544 D NavigationTest: 87: (28.069218, -82.413778, 0.000000)	R:false  F:false
02-28 09:09:48.139 13511 13544 D NavServiceProvider: Second to last stop coordinates: 28.069269, -82.423516
02-28 09:09:48.139 13511 13544 D NavServiceProvider: Setting units automatically
02-28 09:09:48.141 13511 13544 D NavServiceProvider: Detecting stop. distance_d=957.34985. stop_type=1 speed=0.0
02-28 09:09:48.141 13511 13544 D NavigationTest: 88: (28.069218, -82.413777, 0.000000)	R:false  F:false
02-28 09:09:48.141 13511 13544 D NavigationTest: 89: (28.069218, -82.413777, 0.000000)	R:false  F:false
02-28 09:09:48.141 13511 13544 D NavigationTest: 90: (28.069218, -82.413777, 0.000000)	R:false  F:false
02-28 09:09:48.141 13511 13544 D NavServiceProvider: Second to last stop coordinates: 28.069269, -82.423516
02-28 09:09:48.141 13511 13544 D NavServiceProvider: Setting units automatically
02-28 09:09:48.143 13511 13544 D NavServiceProvider: Detecting stop. distance_d=957.4495. stop_type=1 speed=0.0
02-28 09:09:48.143 13511 13544 D NavigationTest: 91: (28.069216, -82.413776, 0.000000)	R:false  F:false
02-28 09:09:48.143 13511 13544 D NavigationTest: 92: (28.069216, -82.413776, 0.000000)	R:false  F:false
02-28 09:09:48.143 13511 13544 D NavServiceProvider: Second to last stop coordinates: 28.069269, -82.423516
02-28 09:09:48.144 13511 13544 D NavServiceProvider: Setting units automatically
02-28 09:09:48.145 13579 13612 I GoogleTTSServiceImpl: Synthesis request for locale eng-USA and name en-US-language
02-28 09:09:48.145 13511 13544 D NavServiceProvider: Detecting stop. distance_d=957.05774. stop_type=1 speed=0.0
02-28 09:09:48.145 13511 13544 D NavigationTest: 93: (28.069214, -82.413780, 0.000000)	R:false  F:false
02-28 09:09:48.145 13511 13544 D NavigationTest: 94: (28.069214, -82.413780, 0.000000)	R:false  F:false
02-28 09:09:48.145 13511 13544 D NavigationTest: 95: (28.069214, -82.413780, 0.000000)	R:false  F:false
02-28 09:09:48.145 13511 13544 D NavServiceProvider: Second to last stop coordinates: 28.069269, -82.423516
02-28 09:09:48.145 13511 13544 D NavServiceProvider: Setting units automatically
02-28 09:09:48.145 13579 13612 I GoogleTTSServiceImpl: TTS dispatch: en-us-x-iog-seanet-embedded
02-28 09:09:48.147 13511 13544 D NavServiceProvider: Detecting stop. distance_d=957.05634. stop_type=1 speed=0.0
02-28 09:09:48.147 13511 13544 D NavigationTest: 96: (28.069216, -82.413780, 0.000000)	R:false  F:false
02-28 09:09:48.147 13511 13544 D NavigationTest: 97: (28.069216, -82.413780, 0.000000)	R:false  F:false
02-28 09:09:48.147 13511 13544 D NavigationTest: 98: (28.069216, -82.413780, 0.000000)	R:false  F:false
02-28 09:09:48.147 13511 13544 D NavServiceProvider: Second to last stop coordinates: 28.069269, -82.423516
02-28 09:09:48.147 13511 13544 D NavServiceProvider: Setting units automatically
02-28 09:09:48.148   871  1408 D audio_hw_primary: adev_get_parameters:vr_audio_mode_on
02-28 09:09:48.148   871  1408 I audio_hw_primary: getting vr mode to 0
02-28 09:09:48.148   871  1408 D audio_hw_primary: adev_get_parameters: exit: returns - vr_audio_mode_on=false
02-28 09:09:48.148   959 13782 I hash_map_utils: key: 'vr_audio_mode_on' value: ''
02-28 09:09:48.148   959 13782 I AudioPolicyManagerCustom: VR mode is 0, switch to primary output if request is for fast|raw
02-28 09:09:48.148   959 13782 I AudioPolicyManagerCustom: setting force DEEP buffer now
02-28 09:09:48.148 13511 13544 D NavServiceProvider: Detecting stop. distance_d=956.8591. stop_type=1 speed=0.0
02-28 09:09:48.148   959 13782 D AudioFlinger: Client defaulted notificationFrames to 2048 for frameCount 4096
02-28 09:09:48.148 13511 13544 D NavigationTest: 99: (28.069217, -82.413782, 0.000000)	R:false  F:false
02-28 09:09:48.148 13511 13544 D NavigationTest: 100: (28.069217, -82.413782, 0.000000)	R:false  F:false
02-28 09:09:48.149 13511 13544 D NavServiceProvider: Second to last stop coordinates: 28.069269, -82.423516
02-28 09:09:48.149 13511 13544 D NavServiceProvider: Setting units automatically
02-28 09:09:48.149   959 13782 D AF::TrackHandle: OpPlayAudio: track:215 usage:1 not muted
02-28 09:09:48.150 13511 13544 D NavServiceProvider: Detecting stop. distance_d=956.7614. stop_type=1 speed=0.0
02-28 09:09:48.150 13511 13544 D NavigationTest: 101: (28.069216, -82.413783, 0.000000)	R:false  F:false
02-28 09:09:48.150 13511 13544 D NavigationTest: 102: (28.069216, -82.413783, 0.000000)	R:false  F:false
02-28 09:09:48.150 13511 13544 D NavigationTest: 103: (28.069216, -82.413783, 0.000000)	R:false  F:false
02-28 09:09:48.150 13511 13544 D NavServiceProvider: Second to last stop coordinates: 28.069269, -82.423516
02-28 09:09:48.151 13511 13544 D NavServiceProvider: Setting units automatically
02-28 09:09:48.152 13511 13544 D NavServiceProvider: Detecting stop. distance_d=956.85974. stop_type=1 speed=0.0
02-28 09:09:48.152 13511 13544 D NavigationTest: 104: (28.069216, -82.413782, 0.000000)	R:false  F:false
02-28 09:09:48.152 13511 13544 D NavigationTest: 105: (28.069216, -82.413782, 0.000000)	R:false  F:false
02-28 09:09:48.152 13511 13544 D NavigationTest: 106: (28.069216, -82.413782, 0.000000)	R:false  F:false
02-28 09:09:48.152 13511 13544 D NavServiceProvider: Second to last stop coordinates: 28.069269, -82.423516
02-28 09:09:48.152 13511 13544 D NavServiceProvider: Setting units automatically
02-28 09:09:48.153 13511 13544 D NavServiceProvider: Detecting stop. distance_d=956.8604. stop_type=1 speed=0.0
02-28 09:09:48.153 13511 13544 D NavigationTest: 107: (28.069215, -82.413782, 0.000000)	R:false  F:false
02-28 09:09:48.153 13511 13544 D NavigationTest: 108: (28.069215, -82.413782, 0.000000)	R:false  F:false
02-28 09:09:48.153 13511 13544 D NavServiceProvider: Second to last stop coordinates: 28.069269, -82.423516
02-28 09:09:48.154 13511 13544 D NavServiceProvider: Setting units automatically
02-28 09:09:48.154  2666  3413 D Avrcp_ext: AudioManager Player: ID:23 -- type:android.media.SoundPool -- u/pid:10126/2688 -- state:idle -- attr:AudioAttributes: usage=USAGE_ASSISTANCE_SONIFICATION content=CONTENT_TYPE_SONIFICATION flags=0x800 tags= bundle=null
02-28 09:09:48.155  2666  3413 D Avrcp_ext: AudioManager Player: ID:15 -- type:android.media.SoundPool -- u/pid:1000/1493 -- state:idle -- attr:AudioAttributes: usage=USAGE_ASSISTANCE_SONIFICATION content=CONTENT_TYPE_SONIFICATION flags=0x800 tags= bundle=null
02-28 09:09:48.155  2666  3413 D Avrcp_ext: AudioManager Player: ID:1311 -- type:android.media.AudioTrack -- u/pid:10088/13579 -- state:started -- attr:AudioAttributes: usage=USAGE_MEDIA content=CONTENT_TYPE_SPEECH flags=0x800 tags= bundle=null
02-28 09:09:48.155  2666  3413 D Avrcp_ext: AudioManager isPlaying: true
02-28 09:09:48.155  2666  3413 V Avrcp_ext: updateCurrentMediaState: mMediaController: null
02-28 09:09:48.155 13511 13544 D NavServiceProvider: Detecting stop. distance_d=956.8604. stop_type=1 speed=0.0
02-28 09:09:48.155 13511 13544 D NavigationTest: 109: (28.069215, -82.413782, 0.000000)	R:false  F:false
02-28 09:09:48.155 13511 13544 D NavigationTest: 110: (28.069215, -82.413782, 0.000000)	R:false  F:false
02-28 09:09:48.155 13511 13544 D NavigationTest: 111: (28.069215, -82.413782, 0.000000)	R:false  F:false
02-28 09:09:48.155 13511 13544 D NavServiceProvider: Second to last stop coordinates: 28.069269, -82.423516
02-28 09:09:48.155  2666  3413 V Avrcp_ext: isMusicActive: true getBluetoothPlayState: 2
02-28 09:09:48.155  2666  3413 V Avrcp_ext: updateCurrentMediaState: isPlaying = false
02-28 09:09:48.155  2666  3413 V Avrcp_ext: Media update: id -1➡-1? [MediaAttributes: none] : [MediaAttributes: none]
02-28 09:09:48.155  2666  3413 V Avrcp_ext: newPlayStatus:2mReportedPlayStatus:-1
02-28 09:09:48.155  2666  3413 V Avrcp_ext: updatePlaybackState, state: PlaybackState {state=2, position=-1, buffered position=0, speed=0.0, updated=1791486, actions=0, custom actions=[], active item id=-1, error=null} device: null
02-28 09:09:48.155 13511 13544 D NavServiceProvider: Setting units automatically
02-28 09:09:48.155  2666  3413 V Avrcp_ext: Device: no name:
02-28 09:09:48.155  2666  3413 I chatty  : uid=1002(bluetooth) BluetoothAvrcpH identical 3 lines
02-28 09:09:48.155  2666  3413 V Avrcp_ext: Device: no name:
02-28 09:09:48.155  2666  3413 V Avrcp_ext: updatePlayerStateAndPosition, old=PlaybackState {state=2, position=-1, buffered position=0, speed=0.0, updated=1791351, actions=0, custom actions=[], active item id=-1, error=null}, state=PlaybackState {state=2, position=-1, buffered position=0, speed=0.0, updated=1791486, actions=0, custom actions=[], active item id=-1, error=null}
02-28 09:09:48.155  2666  3413 V Avrcp_ext: old state = PlaybackState {state=2, position=-1, buffered position=0, speed=0.0, updated=1791351, actions=0, custom actions=[], active item id=-1, error=null}, new state= PlaybackState {state=2, position=-1, buffered position=0, speed=0.0, updated=1791486, actions=0, custom actions=[], active item id=-1, error=null}
02-28 09:09:48.156  2666  3413 D HeadsetService: getHeadsetService(): returning com.android.bluetooth.hfp.HeadsetService@8a04d28
02-28 09:09:48.156  2666  3413 D HeadsetService:  isAudioOn: The number of audio connected devices 0
02-28 09:09:48.156  2666  3413 D HeadsetService: isScoOrCallActive(): Call Active:falseCall is Ringing:falseSCO is Active:false
02-28 09:09:48.156  2666  3413 D HeadsetService:  isAudioOn: The number of audio connected devices 0
02-28 09:09:48.156  2666  3413 I Avrcp_ext: updatePlayStatusForDevice: device: null
02-28 09:09:48.156  2666  3413 V Avrcp_ext: updatePlaybackState (1): old=PlaybackState {state=2, position=-1, buffered position=0, speed=0.0, updated=1791351, actions=0, custom actions=[], active item id=-1, error=null}(2), new=PlaybackState {state=2, position=-1, buffered position=0, speed=0.0, updated=1791486, actions=0, custom actions=[], active item id=-1, error=null}(2)
02-28 09:09:48.156  2666  3413 I Avrcp_ext: Exit updatePlayStatusForDevice
02-28 09:09:48.156 13511 13544 D NavServiceProvider: Detecting stop. distance_d=956.8604. stop_type=1 speed=0.0
02-28 09:09:48.156 13511 13544 D NavigationTest: 112: (28.069215, -82.413782, 0.000000)	R:false  F:false
02-28 09:09:48.156 13511 13544 D NavigationTest: 113: (28.069215, -82.413782, 0.000000)	R:false  F:false
02-28 09:09:48.157  2666  3413 D HeadsetService:  isAudioOn: The number of audio connected devices 0
02-28 09:09:48.157 13511 13544 D NavigationTest: 114: (28.069215, -82.413782, 0.000000)	R:false  F:false
02-28 09:09:48.157  2666  3413 D HeadsetService: isScoOrCallActive(): Call Active:falseCall is Ringing:falseSCO is Active:false
02-28 09:09:48.157 13511 13544 D NavServiceProvider: Second to last stop coordinates: 28.069269, -82.423516
02-28 09:09:48.157  2666  3413 D HeadsetService:  isAudioOn: The number of audio connected devices 0
02-28 09:09:48.157  2666  3413 I Avrcp_ext: updatePlayStatusForDevice: device: null
02-28 09:09:48.157  2666  3413 V Avrcp_ext: updatePlaybackState (1): old=PlaybackState {state=2, position=-1, buffered position=0, speed=0.0, updated=1791351, actions=0, custom actions=[], active item id=-1, error=null}(2), new=PlaybackState {state=2, position=-1, buffered position=0, speed=0.0, updated=1791486, actions=0, custom actions=[], active item id=-1, error=null}(2)
02-28 09:09:48.157  2666  3413 I Avrcp_ext: Exit updatePlayStatusForDevice
02-28 09:09:48.157 13511 13544 D NavServiceProvider: Setting units automatically
02-28 09:09:48.157  2666  3413 D HeadsetService:  isAudioOn: The number of audio connected devices 0
02-28 09:09:48.157  2666  3413 D HeadsetService: isScoOrCallActive(): Call Active:falseCall is Ringing:falseSCO is Active:false
02-28 09:09:48.157  2666  3413 D HeadsetService:  isAudioOn: The number of audio connected devices 0
02-28 09:09:48.157  2666  3413 I Avrcp_ext: updatePlayStatusForDevice: device: null
02-28 09:09:48.158  2666  3413 V Avrcp_ext: updatePlaybackState (1): old=PlaybackState {state=2, position=-1, buffered position=0, speed=0.0, updated=1791351, actions=0, custom actions=[], active item id=-1, error=null}(2), new=PlaybackState {state=2, position=-1, buffered position=0, speed=0.0, updated=1791486, actions=0, custom actions=[], active item id=-1, error=null}(2)
02-28 09:09:48.158  2666  3413 I Avrcp_ext: Exit updatePlayStatusForDevice
02-28 09:09:48.158  2666  3413 D HeadsetService:  isAudioOn: The number of audio connected devices 0
02-28 09:09:48.158  2666  3413 D HeadsetService: isScoOrCallActive(): Call Active:falseCall is Ringing:falseSCO is Active:false
02-28 09:09:48.158  2666  3413 D HeadsetService:  isAudioOn: The number of audio connected devices 0
02-28 09:09:48.158  2666  3413 I Avrcp_ext: updatePlayStatusForDevice: device: null
02-28 09:09:48.158  2666  3413 V Avrcp_ext: updatePlaybackState (1): old=PlaybackState {state=2, position=-1, buffered position=0, speed=0.0, updated=1791351, actions=0, custom actions=[], active item id=-1, error=null}(2), new=PlaybackState {state=2, position=-1, buffered position=0, speed=0.0, updated=1791486, actions=0, custom actions=[], active item id=-1, error=null}(2)
02-28 09:09:48.158  2666  3413 I Avrcp_ext: Exit updatePlayStatusForDevice
02-28 09:09:48.158  2666  3413 D HeadsetService:  isAudioOn: The number of audio connected devices 0
02-28 09:09:48.158  2666  3413 D HeadsetService: isScoOrCallActive(): Call Active:falseCall is Ringing:falseSCO is Active:false
02-28 09:09:48.158  2666  3413 D HeadsetService:  isAudioOn: The number of audio connected devices 0
02-28 09:09:48.158  2666  3413 I Avrcp_ext: updatePlayStatusForDevice: device: null
02-28 09:09:48.158  2666  3413 V Avrcp_ext: updatePlaybackState (1): old=PlaybackState {state=2, position=-1, buffered position=0, speed=0.0, updated=1791351, actions=0, custom actions=[], active item id=-1, error=null}(2), new=PlaybackState {state=2, position=-1, buffered position=0, speed=0.0, updated=1791486, actions=0, custom actions=[], active item id=-1, error=null}(2)
02-28 09:09:48.158  2666  3413 I Avrcp_ext: Exit updatePlayStatusForDevice
02-28 09:09:48.159  2666  3413 D Avrcp_ext: Enter sendPlayPosNotificationRsp
02-28 09:09:48.159  2666  3413 D Avrcp_ext: sendPlayPosNotificationRsp: Not registered or requesting.
02-28 09:09:48.159  2666  3413 D Avrcp_ext: Enter sendPlayPosNotificationRsp
02-28 09:09:48.159  2666  3413 D Avrcp_ext: sendPlayPosNotificationRsp: Not registered or requesting.
02-28 09:09:48.159  2666  3413 D Avrcp_ext: Enter sendPlayPosNotificationRsp
02-28 09:09:48.159  2666  3413 D Avrcp_ext: sendPlayPosNotificationRsp: Not registered or requesting.
02-28 09:09:48.159  2666  3413 D Avrcp_ext: Enter sendPlayPosNotificationRsp
02-28 09:09:48.159  2666  3413 D Avrcp_ext: sendPlayPosNotificationRsp: Not registered or requesting.
02-28 09:09:48.159  2666  3413 D Avrcp_ext: Enter sendPlayPosNotificationRsp
02-28 09:09:48.159  2666  3413 D Avrcp_ext: sendPlayPosNotificationRsp: Not registered or requesting.
02-28 09:09:48.159  2666  3413 V Avrcp_ext: Exit updatePlayerStateAndPosition
02-28 09:09:48.159 13511 13544 D NavServiceProvider: Detecting stop. distance_d=956.8604. stop_type=1 speed=0.0
02-28 09:09:48.159 13511 13544 D NavigationTest: 115: (28.069215, -82.413782, 0.000000)	R:false  F:false
02-28 09:09:48.159 13511 13544 D NavigationTest: 116: (28.069215, -82.413782, 0.000000)	R:false  F:false
02-28 09:09:48.159 13511 13544 D NavigationTest: 117: (28.069215, -82.413782, 0.000000)	R:false  F:false
02-28 09:09:48.159 13511 13544 D NavServiceProvider: Second to last stop coordinates: 28.069269, -82.423516
02-28 09:09:48.160 13511 13544 D NavServiceProvider: Setting units automatically
02-28 09:09:48.161 13511 13544 D NavServiceProvider: Detecting stop. distance_d=956.8604. stop_type=1 speed=0.0
02-28 09:09:48.161 13511 13544 D NavigationTest: 118: (28.069215, -82.413782, 0.000000)	R:false  F:false
02-28 09:09:48.161 13511 13544 D NavigationTest: 119: (28.069215, -82.413782, 0.000000)	R:false  F:false
02-28 09:09:48.161 13511 13544 D NavServiceProvider: Second to last stop coordinates: 28.069269, -82.423516
02-28 09:09:48.162 13511 13544 D NavServiceProvider: Setting units automatically
02-28 09:09:48.163 13511 13544 D NavServiceProvider: Detecting stop. distance_d=956.86115. stop_type=1 speed=0.0
02-28 09:09:48.163 13511 13544 D NavigationTest: 120: (28.069214, -82.413782, 0.000000)	R:false  F:false
02-28 09:09:48.163 13511 13544 D NavigationTest: 121: (28.069214, -82.413782, 0.000000)	R:false  F:false
02-28 09:09:48.163 13511 13544 D NavigationTest: 122: (28.069214, -82.413782, 0.000000)	R:false  F:false
02-28 09:09:48.163 13511 13544 D NavServiceProvider: Second to last stop coordinates: 28.069269, -82.423516
02-28 09:09:48.163 13511 13544 D NavServiceProvider: Setting units automatically
02-28 09:09:48.164 13511 13544 D NavServiceProvider: Detecting stop. distance_d=956.8604. stop_type=1 speed=0.0
02-28 09:09:48.164 13511 13544 D NavigationTest: 123: (28.069215, -82.413782, 0.000000)	R:false  F:false
02-28 09:09:48.164 13511 13544 D NavigationTest: 124: (28.069215, -82.413782, 0.000000)	R:false  F:false
02-28 09:09:48.164 13511 13544 D NavigationTest: 125: (28.069215, -82.413782, 0.000000)	R:false  F:false
02-28 09:09:48.164 13511 13544 D NavServiceProvider: Second to last stop coordinates: 28.069269, -82.423516
02-28 09:09:48.165 13511 13544 D NavServiceProvider: Setting units automatically
02-28 09:09:48.166 13511 13544 D NavServiceProvider: Detecting stop. distance_d=956.86115. stop_type=1 speed=0.0
02-28 09:09:48.166 13511 13544 D NavigationTest: 126: (28.069214, -82.413782, 0.000000)	R:false  F:false
02-28 09:09:48.166 13511 13544 D NavigationTest: 127: (28.069214, -82.413782, 0.000000)	R:false  F:false
02-28 09:09:48.166 13511 13544 D NavigationTest: 128: (28.069214, -82.413782, 0.000000)	R:false  F:false
02-28 09:09:48.166 13511 13544 D NavServiceProvider: Second to last stop coordinates: 28.069269, -82.423516
02-28 09:09:48.166 13511 13544 D NavServiceProvider: Setting units automatically
02-28 09:09:48.167 13511 13544 D NavServiceProvider: Detecting stop. distance_d=956.86115. stop_type=1 speed=0.0
02-28 09:09:48.167 13511 13544 D NavigationTest: 129: (28.069214, -82.413782, 0.000000)	R:false  F:false
02-28 09:09:48.167 13511 13544 D NavigationTest: 130: (28.069214, -82.413782, 0.000000)	R:false  F:false
02-28 09:09:48.167 13511 13544 D NavServiceProvider: Second to last stop coordinates: 28.069269, -82.423516
02-28 09:09:48.167 13511 13544 D NavServiceProvider: Setting units automatically
02-28 09:09:48.168 13511 13544 D NavServiceProvider: Detecting stop. distance_d=956.86115. stop_type=1 speed=0.0
02-28 09:09:48.168 13511 13544 D NavigationTest: 131: (28.069214, -82.413782, 0.000000)	R:false  F:false
02-28 09:09:48.169 13511 13544 D NavigationTest: 132: (28.069214, -82.413782, 0.000000)	R:false  F:false
02-28 09:09:48.169 13511 13544 D NavigationTest: 133: (28.069214, -82.413782, 0.000000)	R:false  F:false
02-28 09:09:48.169 13511 13544 D NavServiceProvider: Second to last stop coordinates: 28.069269, -82.423516
02-28 09:09:48.169 13511 13544 D NavServiceProvider: Setting units automatically
02-28 09:09:48.170 13511 13544 D NavServiceProvider: Detecting stop. distance_d=956.86115. stop_type=1 speed=0.0
02-28 09:09:48.170 13511 13544 D NavigationTest: 134: (28.069214, -82.413782, 0.000000)	R:false  F:false
02-28 09:09:48.170 13511 13544 D NavigationTest: 135: (28.069214, -82.413782, 0.000000)	R:false  F:false
02-28 09:09:48.170 13511 13544 D NavigationTest: 136: (28.069214, -82.413782, 0.000000)	R:false  F:false
02-28 09:09:48.170 13511 13544 D NavServiceProvider: Second to last stop coordinates: 28.069269, -82.423516
02-28 09:09:48.171 13511 13544 D NavServiceProvider: Setting units automatically
02-28 09:09:48.172 13511 13544 D NavServiceProvider: Detecting stop. distance_d=956.86115. stop_type=1 speed=0.0
02-28 09:09:48.172 13511 13544 D NavigationTest: 137: (28.069214, -82.413782, 0.000000)	R:false  F:false
02-28 09:09:48.172 13511 13544 D NavigationTest: 138: (28.069214, -82.413782, 0.000000)	R:false  F:false
02-28 09:09:48.172 13511 13544 D NavigationTest: 139: (28.069214, -82.413782, 0.000000)	R:false  F:false
02-28 09:09:48.172 13511 13544 D NavServiceProvider: Second to last stop coordinates: 28.069269, -82.423516
02-28 09:09:48.172 13511 13544 D NavServiceProvider: Setting units automatically
02-28 09:09:48.173 13511 13544 D NavServiceProvider: Detecting stop. distance_d=956.86115. stop_type=1 speed=0.0
02-28 09:09:48.173 13511 13544 D NavigationTest: 140: (28.069214, -82.413782, 0.000000)	R:false  F:false
02-28 09:09:48.173 13511 13544 D NavigationTest: 141: (28.069214, -82.413782, 0.000000)	R:false  F:false
02-28 09:09:48.173 13511 13544 D NavServiceProvider: Second to last stop coordinates: 28.069269, -82.423516
02-28 09:09:48.174   871   871 D msm8974_platform: platform_split_snd_device: snd_device(2) num devices(1) new_snd_devices(0)
02-28 09:09:48.174 13511 13544 D NavServiceProvider: Setting units automatically
02-28 09:09:48.175 13511 13544 D NavServiceProvider: Detecting stop. distance_d=956.86115. stop_type=1 speed=0.0
02-28 09:09:48.175 13511 13544 D NavigationTest: 142: (28.069214, -82.413782, 0.000000)	R:false  F:false
02-28 09:09:48.175 13511 13544 D NavigationTest: 143: (28.069214, -82.413782, 0.000000)	R:false  F:false
02-28 09:09:48.175 13511 13544 D NavigationTest: 144: (28.069214, -82.413782, 0.000000)	R:false  F:false
02-28 09:09:48.175 13511 13544 D NavServiceProvider: Second to last stop coordinates: 28.069269, -82.423516
02-28 09:09:48.175 13511 13544 D NavServiceProvider: Setting units automatically
02-28 09:09:48.176 13511 13544 D NavServiceProvider: Detecting stop. distance_d=956.86115. stop_type=1 speed=0.0
02-28 09:09:48.176 13511 13544 D NavigationTest: 145: (28.069214, -82.413782, 0.000000)	R:false  F:false
02-28 09:09:48.176 13511 13544 D NavigationTest: 146: (28.069214, -82.413782, 0.000000)	R:false  F:false
02-28 09:09:48.177 13511 13544 D NavigationTest: 147: (28.069214, -82.413782, 0.000000)	R:false  F:false
02-28 09:09:48.177 13511 13544 D NavServiceProvider: Second to last stop coordinates: 28.069269, -82.423516
02-28 09:09:48.177 13511 13544 D NavServiceProvider: Setting units automatically
02-28 09:09:48.178 13511 13544 D NavServiceProvider: Detecting stop. distance_d=956.7628. stop_type=1 speed=0.0
02-28 09:09:48.178 13511 13544 D NavigationTest: 148: (28.069214, -82.413783, 0.000000)	R:false  F:false
02-28 09:09:48.178 13511 13544 D NavigationTest: 149: (28.069214, -82.413783, 0.000000)	R:false  F:false
02-28 09:09:48.178 13511 13544 D NavServiceProvider: Second to last stop coordinates: 28.069269, -82.423516
02-28 09:09:48.178 13511 13544 D NavServiceProvider: Setting units automatically
02-28 09:09:48.179 13511 13544 D NavServiceProvider: Detecting stop. distance_d=956.7628. stop_type=1 speed=0.0
02-28 09:09:48.180 13511 13544 D NavigationTest: 150: (28.069214, -82.413783, 0.000000)	R:false  F:false
02-28 09:09:48.180 13511 13544 D NavigationTest: 151: (28.069214, -82.413783, 0.000000)	R:false  F:false
02-28 09:09:48.180 13511 13544 D NavigationTest: 152: (28.069214, -82.413783, 0.000000)	R:false  F:false
02-28 09:09:48.180 13511 13544 D NavServiceProvider: Second to last stop coordinates: 28.069269, -82.423516
02-28 09:09:48.180 13511 13544 D NavServiceProvider: Setting units automatically
02-28 09:09:48.181 13511 13544 D NavServiceProvider: Detecting stop. distance_d=956.7628. stop_type=1 speed=0.0
02-28 09:09:48.181 13511 13544 D NavigationTest: 153: (28.069214, -82.413783, 0.000000)	R:false  F:false
02-28 09:09:48.181 13511 13544 D NavigationTest: 154: (28.069214, -82.413783, 0.000000)	R:false  F:false
02-28 09:09:48.181 13511 13544 D NavServiceProvider: Second to last stop coordinates: 28.069269, -82.423516
02-28 09:09:48.181 13511 13544 D NavServiceProvider: Setting units automatically
02-28 09:09:48.182 13511 13544 D NavServiceProvider: Detecting stop. distance_d=956.7628. stop_type=1 speed=0.0
02-28 09:09:48.182 13511 13544 D NavigationTest: 155: (28.069214, -82.413783, 0.000000)	R:false  F:false
02-28 09:09:48.183 13511 13544 D NavigationTest: 156: (28.069214, -82.413783, 0.000000)	R:false  F:false
02-28 09:09:48.183 13511 13544 D NavigationTest: 157: (28.069214, -82.413783, 0.000000)	R:false  F:false
02-28 09:09:48.183 13511 13544 D NavServiceProvider: Second to last stop coordinates: 28.069269, -82.423516
02-28 09:09:48.183 13511 13544 D NavServiceProvider: Setting units automatically
02-28 09:09:48.184 13511 13544 D NavServiceProvider: Detecting stop. distance_d=956.7628. stop_type=1 speed=0.0
02-28 09:09:48.184 13511 13544 D NavigationTest: 158: (28.069214, -82.413783, 0.000000)	R:false  F:false
02-28 09:09:48.184 13511 13544 D NavigationTest: 159: (28.069214, -82.413783, 0.000000)	R:false  F:false
02-28 09:09:48.184 13511 13544 D NavigationTest: 160: (28.069214, -82.413783, 0.000000)	R:false  F:false
02-28 09:09:48.184 13511 13544 D NavServiceProvider: Second to last stop coordinates: 28.069269, -82.423516
02-28 09:09:48.184 13511 13544 D NavServiceProvider: Setting units automatically
02-28 09:09:48.185 13511 13544 D NavServiceProvider: Detecting stop. distance_d=956.7628. stop_type=1 speed=0.0
02-28 09:09:48.185 13511 13544 D NavigationTest: 161: (28.069214, -82.413783, 0.000000)	R:false  F:false
02-28 09:09:48.185 13511 13544 D NavigationTest: 162: (28.069214, -82.413783, 0.000000)	R:false  F:false
02-28 09:09:48.185 13511 13544 D NavServiceProvider: Second to last stop coordinates: 28.069269, -82.423516
02-28 09:09:48.186 13511 13544 D NavServiceProvider: Setting units automatically
02-28 09:09:48.187 13511 13544 D NavServiceProvider: Detecting stop. distance_d=956.7628. stop_type=1 speed=0.0
02-28 09:09:48.187 13511 13544 D NavigationTest: 163: (28.069214, -82.413783, 0.000000)	R:false  F:false
02-28 09:09:48.187 13511 13544 D NavigationTest: 164: (28.069214, -82.413783, 0.000000)	R:false  F:false
02-28 09:09:48.187 13511 13544 D NavigationTest: 165: (28.069214, -82.413783, 0.000000)	R:false  F:false
02-28 09:09:48.187 13511 13544 D NavServiceProvider: Second to last stop coordinates: 28.069269, -82.423516
02-28 09:09:48.187 13511 13544 D NavServiceProvider: Setting units automatically
02-28 09:09:48.188 13511 13544 D NavServiceProvider: Detecting stop. distance_d=956.7628. stop_type=1 speed=0.0
02-28 09:09:48.188 13511 13544 D NavigationTest: 166: (28.069214, -82.413783, 0.000000)	R:false  F:false
02-28 09:09:48.188 13511 13544 D NavigationTest: 167: (28.069214, -82.413783, 0.000000)	R:false  F:false
02-28 09:09:48.188 13511 13544 D NavigationTest: 168: (28.069214, -82.413783, 0.000000)	R:false  F:false
02-28 09:09:48.188 13511 13544 D NavServiceProvider: Second to last stop coordinates: 28.069269, -82.423516
02-28 09:09:48.189 13511 13544 D NavServiceProvider: Setting units automatically
02-28 09:09:48.190 13511 13544 D NavServiceProvider: Detecting stop. distance_d=956.7628. stop_type=1 speed=0.0
02-28 09:09:48.190 13511 13544 D NavigationTest: 169: (28.069214, -82.413783, 0.000000)	R:false  F:false
02-28 09:09:48.190 13511 13544 D NavigationTest: 170: (28.069214, -82.413783, 0.000000)	R:false  F:false
02-28 09:09:48.190 13511 13544 D NavServiceProvider: Second to last stop coordinates: 28.069269, -82.423516
02-28 09:09:48.190 13511 13544 D NavServiceProvider: Setting units automatically
02-28 09:09:48.191 13511 13544 D NavServiceProvider: Detecting stop. distance_d=956.7628. stop_type=1 speed=0.0
02-28 09:09:48.191 13511 13544 D NavigationTest: 171: (28.069214, -82.413783, 0.000000)	R:false  F:false
02-28 09:09:48.191 13511 13544 D NavigationTest: 172: (28.069214, -82.413783, 0.000000)	R:false  F:false
02-28 09:09:48.191 13511 13544 D NavigationTest: 173: (28.069214, -82.413783, 0.000000)	R:false  F:false
02-28 09:09:48.191 13511 13544 D NavigationTest: 174: (28.069214, -82.413783, 0.000000)	R:false  F:false
02-28 09:09:48.191 13511 13544 D NavigationTest: 175: (28.069214, -82.413783, 0.000000)	R:false  F:false
02-28 09:09:48.191 13511 13544 D NavServiceProvider: Second to last stop coordinates: 28.069269, -82.423516
02-28 09:09:48.192 13511 13544 D NavServiceProvider: Setting units automatically
02-28 09:09:48.193 13511 13544 D NavServiceProvider: Detecting stop. distance_d=956.7628. stop_type=1 speed=0.0
02-28 09:09:48.193 13511 13544 D NavigationTest: 176: (28.069214, -82.413783, 0.000000)	R:false  F:false
02-28 09:09:48.193 13511 13544 D NavigationTest: 177: (28.069214, -82.413783, 0.000000)	R:false  F:false
02-28 09:09:48.193 13511 13544 D NavigationTest: 178: (28.069214, -82.413783, 0.000000)	R:false  F:false
02-28 09:09:48.193 13511 13544 D NavServiceProvider: Second to last stop coordinates: 28.069269, -82.423516
02-28 09:09:48.193 13511 13544 D NavServiceProvider: Setting units automatically
02-28 09:09:48.194 13511 13544 D NavServiceProvider: Detecting stop. distance_d=956.7628. stop_type=1 speed=0.0
02-28 09:09:48.194 13511 13544 D NavigationTest: 179: (28.069214, -82.413783, 0.000000)	R:false  F:false
02-28 09:09:48.194 13511 13544 D NavigationTest: 180: (28.069214, -82.413783, 0.000000)	R:false  F:false
02-28 09:09:48.194 13511 13544 D NavigationTest: 181: (28.069214, -82.413783, 0.000000)	R:false  F:false
02-28 09:09:48.194 13511 13544 D NavServiceProvider: Second to last stop coordinates: 28.069269, -82.423516
02-28 09:09:48.195 13511 13544 D NavServiceProvider: Setting units automatically
02-28 09:09:48.196 13511 13544 D NavServiceProvider: Detecting stop. distance_d=956.7628. stop_type=1 speed=0.0
02-28 09:09:48.196 13511 13544 D NavigationTest: 182: (28.069214, -82.413783, 0.000000)	R:false  F:false
02-28 09:09:48.196 13511 13544 D NavigationTest: 183: (28.069214, -82.413783, 0.000000)	R:false  F:false
02-28 09:09:48.196 13511 13544 D NavigationTest: 184: (28.069214, -82.413783, 0.000000)	R:false  F:false
02-28 09:09:48.196 13511 13544 D NavServiceProvider: Second to last stop coordinates: 28.069269, -82.423516
02-28 09:09:48.196 13511 13544 D NavServiceProvider: Setting units automatically
02-28 09:09:48.197 13511 13544 D NavServiceProvider: Detecting stop. distance_d=956.7628. stop_type=1 speed=0.0
02-28 09:09:48.197 13511 13544 D NavigationTest: 185: (28.069214, -82.413783, 0.000000)	R:false  F:false
02-28 09:09:48.197 13511 13544 D NavigationTest: 186: (28.069214, -82.413783, 0.000000)	R:false  F:false
02-28 09:09:48.197 13511 13544 D NavServiceProvider: Second to last stop coordinates: 28.069269, -82.423516
