02-28 09:09:31.268 13511 13544 I TestRunner: started: testTrip21C(org.onebusaway.android.nav.test.NavigationTest)
02-28 09:09:31.269 13511 13511 I MonitoringInstr: Activities that are still in CREATED to STOPPED: 0
02-28 09:09:31.278 13511 13544 D NavServiceProvider: Creating NavigationServiceProvider...
02-28 09:09:31.278 13511 13544 D NavServiceProvider: Starting navigation for service
02-28 09:09:31.278 13511 13544 D NavServiceProvider: ProximityCalculator initializing...
02-28 09:09:31.278 13511 13544 D NavServiceProvider: Initializing ProximityCalculator
02-28 09:09:31.278 13511 13544 D NavServiceProvider: Number of path links: 1
02-28 09:09:31.278 13511 13544 D NavServiceProvider: Second to last stop coordinates: 28.065759, -82.409847
02-28 09:09:31.278 13579 13612 W EventProcessor: callback.start() returned error code: -1
02-28 09:09:31.279 13511 13544 D NavServiceProvider: Setting units automatically
02-28 09:09:31.281 13511 13544 D NavServiceProvider: Detecting stop. distance_d=780.5637. stop_type=1 speed=7.27176
02-28 09:09:31.281 13511 13544 D NavigationTest: 0: (28.059445, -82.413366, 7.271760)	R:false  F:false
02-28 09:09:31.281 13511 13544 D NavServiceProvider: Second to last stop coordinates: 28.065759, -82.409847
02-28 09:09:31.282 13511 13544 D NavServiceProvider: Setting units automatically
02-28 09:09:31.283 13511 13544 D NavServiceProvider: Detecting stop. distance_d=795.81494. stop_type=1 speed=7.240062
02-28 09:09:31.283 13511 13544 D NavigationTest: 1: (28.059300, -82.413385, 7.240062)	R:false  F:false
02-28 09:09:31.283 13511 13544 D NavigationTest: 2: (28.059300, -82.413385, 7.240062)	R:false  F:false
02-28 09:09:31.283 13511 13544 D NavServiceProvider: Second to last stop coordinates: 28.065759, -82.409847
02-28 09:09:31.284 13511 13544 D NavServiceProvider: Setting units automatically
02-28 09:09:31.285 13511 13544 D NavServiceProvider: Detecting stop. distance_d=803.05457. stop_type=1 speed=7.390332
02-28 09:09:31.285 13511 13544 D NavigationTest: 3: (28.059233, -82.413398, 7.390332)	R:false  F:false
02-28 09:09:31.285 13511 13544 D NavServiceProvider: Second to last stop coordinates: 28.065759, -82.409847
02-28 09:09:31.285 13511 13544 D NavServiceProvider: Setting units automatically
02-28 09:09:31.286 13511 13544 D NavServiceProvider: Detecting stop. distance_d=810.0174. stop_type=1 speed=7.662114
02-28 09:09:31.286 13511 13544 D NavigationTest: 4: (28.059165, -82.413402, 7.662114)	R:false  F:false
02-28 09:09:31.287 13511 13544 D NavigationTest: 5: (28.059165, -82.413402, 7.662114)	R:false  F:false
02-28 09:09:31.287 13511 13544 D NavServiceProvider: Second to last stop coordinates: 28.065759, -82.409847
02-28 09:09:31.287 13511 13544 D NavServiceProvider: Setting units automatically
02-28 09:09:31.288 13511 13544 D NavServiceProvider: Detecting stop. distance_d=817.5498. stop_type=1 speed=7.360978
02-28 09:09:31.289 13511 13544 D NavigationTest: 6: (28.059099, -82.413424, 7.360978)	R:false  F:false
02-28 09:09:31.289 13511 13544 D NavigationTest: 7: (28.059099, -82.413424, 7.360978)	R:false  F:false
02-28 09:09:31.289 13511 13544 D NavServiceProvider: Second to last stop coordinates: 28.065759, -82.409847
02-28 09:09:31.289 13511 13544 D NavServiceProvider: Setting units automatically
02-28 09:09:31.291 13511 13544 D NavServiceProvider: Detecting stop. distance_d=825.7723. stop_type=1 speed=8.561145
02-28 09:09:31.291 13511 13544 D NavigationTest: 8: (28.059009, -82.413405, 8.561145)	R:false  F:false
02-28 09:09:31.291 13511 13544 D NavigationTest: 9: (28.059009, -82.413405, 8.561145)	R:false  F:false
02-28 09:09:31.291 13511 13544 D NavigationTest: 10: (28.059009, -82.413405, 8.561145)	R:false  F:false
02-28 09:09:31.291 13511 13544 D NavServiceProvider: Second to last stop coordinates: 28.065759, -82.409847
02-28 09:09:31.292 13511 13544 D NavServiceProvider: Setting units automatically
02-28 09:09:31.292 13579 13612 I GoogleTTSServiceImpl: Synthesis request for locale eng-USA and name en-US-language
02-28 09:09:31.293 13579 13612 I GoogleTTSServiceImpl: TTS dispatch: en-us-x-iog-seanet-embedded
02-28 09:09:31.293 13511 13544 D NavServiceProvider: Detecting stop. distance_d=833.9928. stop_type=1 speed=8.773016
02-28 09:09:31.293 13511 13544 D NavigationTest: 11: (28.058917, -82.413380, 8.773016)	R:false  F:false
02-28 09:09:31.293 13511 13544 D NavServiceProvider: Second to last stop coordinates: 28.065759, -82.409847
02-28 09:09:31.293 13511 13544 D NavServiceProvider: Setting units automatically
02-28 09:09:31.294 13511 13544 D NavServiceProvider: Detecting stop. distance_d=841.05054. stop_type=1 speed=8.560374
02-28 09:09:31.294 13511 13544 D NavigationTest: 12: (28.058837, -82.413355, 8.560374)	R:false  F:false
02-28 09:09:31.295 13511 13544 D NavigationTest: 13: (28.058837, -82.413355, 8.560374)	R:false  F:false
02-28 09:09:31.295 13511 13544 D NavServiceProvider: Second to last stop coordinates: 28.065759, -82.409847
02-28 09:09:31.295 13511 13544 D NavServiceProvider: Setting units automatically
02-28 09:09:31.296 13511 13544 D NavServiceProvider: Detecting stop. distance_d=848.7823. stop_type=1 speed=8.680093
02-28 09:09:31.296 13511 13544 D NavigationTest: 14: (28.058759, -82.413351, 8.680093)	R:false  F:false
02-28 09:09:31.296 13511 13544 D NavServiceProvider: Second to last stop coordinates: 28.065759, -82.409847
02-28 09:09:31.296 13511 13544 D NavServiceProvider: Setting units automatically
02-28 09:09:31.297 13511 13544 D NavServiceProvider: Detecting stop. distance_d=858.1951. stop_type=1 speed=8.763288
02-28 09:09:31.297 13511 13544 D NavigationTest: 15: (28.058665, -82.413348, 8.763288)	R:false  F:false
02-28 09:09:31.298 13511 13544 D NavigationTest: 16: (28.058665, -82.413348, 8.763288)	R:false  F:false
02-28 09:09:31.298 13511 13544 D NavServiceProvider: Second to last stop coordinates: 28.065759, -82.409847
02-28 09:09:31.298 13511 13544 D NavServiceProvider: Setting units automatically
02-28 09:09:31.299 13511 13544 D NavServiceProvider: Detecting stop. distance_d=865.3023. stop_type=1 speed=8.681475
02-28 09:09:31.299 13511 13544 D NavigationTest: 17: (28.058587, -82.413327, 8.681475)	R:false  F:false
02-28 09:09:31.299 13511 13544 D NavigationTest: 18: (28.058587, -82.413327, 8.681475)	R:false  F:false
02-28 09:09:31.299 13511 13544 D NavServiceProvider: Second to last stop coordinates: 28.065759, -82.409847
02-28 09:09:31.299 13511 13544 D NavServiceProvider: Setting units automatically
02-28 09:09:31.301 13511 13544 D NavServiceProvider: Detecting stop. distance_d=873.7858. stop_type=1 speed=8.680208
02-28 09:09:31.301 13511 13544 D NavigationTest: 19: (28.058506, -82.413333, 8.680208)	R:false  F:false
02-28 09:09:31.301 13511 13544 D NavigationTest: 20: (28.058506, -82.413333, 8.680208)	R:false  F:false
02-28 09:09:31.301 13511 13544 D NavServiceProvider: Second to last stop coordinates: 28.065759, -82.409847
02-28 09:09:31.301 13511 13544 D NavServiceProvider: Setting units automatically
02-28 09:09:31.303 13511 13544 D NavServiceProvider: Detecting stop. distance_d=880.5755. stop_type=1 speed=8.850052
02-28 09:09:31.303 13511 13544 D NavigationTest: 21: (28.058429, -82.413305, 8.850052)	R:false  F:false
02-28 09:09:31.303 13511 13544 D NavigationTest: 22: (28.058429, -82.413305, 8.850052)	R:false  F:false
02-28 09:09:31.303 13511 13544 D NavServiceProvider: Second to last stop coordinates: 28.065759, -82.409847
02-28 09:09:31.303 13511 13544 D NavServiceProvider: Setting units automatically
02-28 09:09:31.305 13511 13544 D NavServiceProvider: Detecting stop. distance_d=890.05426. stop_type=1 speed=9.43
02-28 09:09:31.305 13511 13544 D NavigationTest: 23: (28.058336, -82.413304, 9.430000)	R:false  F:false
02-28 09:09:31.305 13511 13544 D NavigationTest: 24: (28.058336, -82.413304, 9.430000)	R:false  F:false
02-28 09:09:31.305 13511 13544 D NavServiceProvider: Second to last stop coordinates: 28.065759, -82.409847
02-28 09:09:31.305 13511 13544 D NavServiceProvider: Setting units automatically
02-28 09:09:31.307 13511 13544 D NavServiceProvider: Detecting stop. distance_d=898.76135. stop_type=1 speed=9.800046
02-28 09:09:31.307 13511 13544 D NavigationTest: 25: (28.058246, -82.413290, 9.800046)	R:false  F:false
02-28 09:09:31.307 13511 13544 D NavServiceProvider: Second to last stop coordinates: 28.065759, -82.409847
02-28 09:09:31.307 13511 13544 D NavServiceProvider: Setting units automatically
02-28 09:09:31.308 13511 13544 D NavServiceProvider: Detecting stop. distance_d=909.2033. stop_type=1 speed=10.150004
02-28 09:09:31.308 13511 13544 D NavigationTest: 26: (28.058138, -82.413272, 10.150004)	R:false  F:false
02-28 09:09:31.308 13511 13544 D NavigationTest: 27: (28.058138, -82.413272, 10.150004)	R:false  F:false
02-28 09:09:31.308 13511 13544 D NavServiceProvider: Second to last stop coordinates: 28.065759, -82.409847
02-28 09:09:31.309 13511 13544 D NavServiceProvider: Setting units automatically
02-28 09:09:31.310 13511 13544 D NavServiceProvider: Detecting stop. distance_d=916.09686. stop_type=1 speed=9.320343
02-28 09:09:31.310 13511 13544 D NavigationTest: 28: (28.058062, -82.413246, 9.320343)	R:false  F:false
02-28 09:09:31.310 13511 13544 D NavigationTest: 29: (28.058062, -82.413246, 9.320343)	R:false  F:false
02-28 09:09:31.310 13511 13544 D NavServiceProvider: Second to last stop coordinates: 28.065759, -82.409847
02-28 09:09:31.310 13511 13544 D NavServiceProvider: Setting units automatically
02-28 09:09:31.312 13511 13544 D NavServiceProvider: Detecting stop. distance_d=926.90283. stop_type=1 speed=9.530256
02-28 09:09:31.312 13511 13544 D NavigationTest: 30: (28.057956, -82.413242, 9.530256)	R:false  F:false
02-28 09:09:31.312 13511 13544 D NavigationTest: 31: (28.057956, -82.413242, 9.530256)	R:false  F:false
02-28 09:09:31.312 13511 13544 D NavServiceProvider: Second to last stop coordinates: 28.065759, -82.409847
02-28 09:09:31.312 13511 13544 D NavServiceProvider: Setting units automatically
02-28 09:09:31.314 13511 13544 D NavServiceProvider: Detecting stop. distance_d=934.104. stop_type=1 speed=9.430763
02-28 09:09:31.314 13511 13544 D NavigationTest: 32: (28.057883, -82.413232, 9.430763)	R:false  F:false
02-28 09:09:31.314 13511 13544 D NavigationTest: 33: (28.057883, -82.413232, 9.430763)	R:false  F:false
02-28 09:09:31.314 13511 13544 D NavServiceProvider: Second to last stop coordinates: 28.065759, -82.409847
02-28 09:09:31.314 13511 13544 D NavServiceProvider: Setting units automatically
02-28 09:09:31.316 13511 13544 D NavServiceProvider: Detecting stop. distance_d=942.9805. stop_type=1 speed=9.360085
02-28 09:09:31.316 13511 13544 D NavigationTest: 34: (28.057796, -82.413228, 9.360085)	R:false  F:false
02-28 09:09:31.316 13511 13544 D NavServiceProvider: Second to last stop coordinates: 28.065759, -82.409847
02-28 09:09:31.316 13511 13544 D NavServiceProvider: Setting units automatically
02-28 09:09:31.318 13511 13544 D NavServiceProvider: Detecting stop. distance_d=950.24756. stop_type=1 speed=8.61
02-28 09:09:31.318 13511 13544 D NavigationTest: 35: (28.057722, -82.413216, 8.610000)	R:false  F:false
02-28 09:09:31.318 13511 13544 D NavigationTest: 36: (28.057722, -82.413216, 8.610000)	R:false  F:false
02-28 09:09:31.318 13511 13544 D NavigationTest: 37: (28.057722, -82.413216, 8.610000)	R:false  F:false
02-28 09:09:31.318 13511 13544 D NavServiceProvider: Second to last stop coordinates: 28.065759, -82.409847
02-28 09:09:31.318 13511 13544 D NavServiceProvider: Setting units automatically
02-28 09:09:31.320 13511 13544 D NavServiceProvider: Detecting stop. distance_d=956.8686. stop_type=1 speed=7.480107
02-28 09:09:31.320 13511 13544 D NavigationTest: 38: (28.057656, -82.413209, 7.480107)	R:false  F:false
02-28 09:09:31.320 13511 13544 D NavigationTest: 39: (28.057656, -82.413209, 7.480107)	R:false  F:false
02-28 09:09:31.320 13511 13544 D NavServiceProvider: Second to last stop coordinates: 28.065759, -82.409847
02-28 09:09:31.320 13511 13544 D NavServiceProvider: Setting units automatically
02-28 09:09:31.321 13511 13544 D NavServiceProvider: Detecting stop. distance_d=961.657. stop_type=1 speed=5.830077
02-28 09:09:31.321 13511 13544 D NavigationTest: 40: (28.057609, -82.413206, 5.830077)	R:false  F:false
02-28 09:09:31.321 13511 13544 D NavServiceProvider: Second to last stop coordinates: 28.065759, -82.409847
02-28 09:09:31.322 13511 13544 D NavServiceProvider: Setting units automatically
02-28 09:09:31.323 13511 13544 D NavServiceProvider: Detecting stop. distance_d=964.55554. stop_type=1 speed=4.800375
02-28 09:09:31.323 13511 13544 D NavigationTest: 41: (28.057576, -82.413190, 4.800375)	R:false  F:false
02-28 09:09:31.323 13511 13544 D NavigationTest: 42: (28.057576, -82.413190, 4.800375)	R:false  F:false
02-28 09:09:31.323 13511 13544 D NavServiceProvider: Second to last stop coordinates: 28.065759, -82.409847
02-28 09:09:31.323 13511 13544 D NavServiceProvider: Setting units automatically
02-28 09:09:31.324 13511 13544 D NavServiceProvider: Detecting stop. distance_d=966.7229. stop_type=1 speed=3.580223
02-28 09:09:31.324 13511 13544 D NavigationTest: 43: (28.057552, -82.413180, 3.580223)	R:false  F:false
02-28 09:09:31.324 13511 13544 D NavigationTest: 44: (28.057552, -82.413180, 3.580223)	R:false  F:false
02-28 09:09:31.324 13511 13544 D NavServiceProvider: Second to last stop coordinates: 28.065759, -82.409847
02-28 09:09:31.325 13511 13544 D NavServiceProvider: Setting units automatically
02-28 09:09:31.326 13511 13544 D NavServiceProvider: Detecting stop. distance_d=967.7991. stop_type=1 speed=2.930017
02-28 09:09:31.326 13511 13544 D NavigationTest: 45: (28.057535, -82.413159, 2.930017)	R:false  F:false
02-28 09:09:31.326 13511 13544 D NavServiceProvider: Second to last stop coordinates: 28.065759, -82.409847
02-28 09:09:31.326 13511 13544 D NavServiceProvider: Setting units automatically
02-28 09:09:31.327 13511 13544 D NavServiceProvider: Detecting stop. distance_d=966.02026. stop_type=1 speed=1.590126
02-28 09:09:31.327 13511 13544 D NavigationTest: 46: (28.057553, -82.413162, 1.590126)	R:false  F:false
02-28 09:09:31.327 13511 13544 D NavigationTest: 47: (28.057553, -82.413162, 1.590126)	R:false  F:false
02-28 09:09:31.327 13511 13544 D NavServiceProvider: Second to last stop coordinates: 28.065759, -82.409847
02-28 09:09:31.328 13511 13544 D NavServiceProvider: Setting units automatically
02-28 09:09:31.329 13511 13544 D NavServiceProvider: Detecting stop. distance_d=965.9264. stop_type=1 speed=0.840536
02-28 09:09:31.329 13511 13544 D NavigationTest: 48: (28.057559, -82.413178, 0.840536)	R:false  F:false
02-28 09:09:31.329 13511 13544 D NavigationTest: 49: (28.057559, -82.413178, 0.840536)	R:false  F:false
02-28 09:09:31.329 13511 13544 D NavServiceProvider: Second to last stop coordinates: 28.065759, -82.409847
02-28 09:09:31.329 13511 13544 D NavServiceProvider: Setting units automatically
02-28 09:09:31.331 13511 13544 D NavServiceProvider: Detecting stop. distance_d=968.7041. stop_type=1 speed=0.660681
02-28 09:09:31.331 13511 13544 D NavigationTest: 50: (28.057533, -82.413180, 0.660681)	R:false  F:false
02-28 09:09:31.331 13511 13544 D NavServiceProvider: Second to last stop coordinates: 28.065759, -82.409847
02-28 09:09:31.331 13511 13544 D NavServiceProvider: Setting units automatically
02-28 09:09:31.332 13511 13544 D NavServiceProvider: Detecting stop. distance_d=970.64746. stop_type=1 speed=1.241451
02-28 09:09:31.332 13511 13544 D NavigationTest: 51: (28.057533, -82.413238, 1.241451)	R:false  F:false
02-28 09:09:31.332 13511 13544 D NavigationTest: 52: (28.057533, -82.413238, 1.241451)	R:false  F:false
02-28 09:09:31.332 13511 13544 D NavServiceProvider: Second to last stop coordinates: 28.065759, -82.409847
02-28 09:09:31.333 13511 13544 D NavServiceProvider: Setting units automatically
02-28 09:09:31.334 13511 13544 D NavServiceProvider: Detecting stop. distance_d=974.35236. stop_type=1 speed=2.66047
02-28 09:09:31.334 13511 13544 D NavigationTest: 53: (28.057500, -82.413246, 2.660470)	R:false  F:false
02-28 09:09:31.334 13511 13544 D NavServiceProvider: Second to last stop coordinates: 28.065759, -82.409847
02-28 09:09:31.334 13511 13544 D NavServiceProvider: Setting units automatically
02-28 09:09:31.335 13511 13544 D NavServiceProvider: Detecting stop. distance_d=977.7885. stop_type=1 speed=3.120144
02-28 09:09:31.335 13511 13544 D NavigationTest: 54: (28.057467, -82.413246, 3.120144)	R:false  F:false
02-28 09:09:31.335 13511 13544 D NavigationTest: 55: (28.057467, -82.413246, 3.120144)	R:false  F:false
02-28 09:09:31.335 13511 13544 D NavServiceProvider: Second to last stop coordinates: 28.065759, -82.409847
02-28 09:09:31.335 13511 13544 D NavServiceProvider: Setting units automatically
02-28 09:09:31.336 13511 13544 D NavServiceProvider: Detecting stop. distance_d=980.2885. stop_type=1 speed=2.89762
02-28 09:09:31.336 13511 13544 D NavigationTest: 56: (28.057443, -82.413246, 2.897620)	R:false  F:false
02-28 09:09:31.336 13511 13544 D NavServiceProvider: Second to last stop coordinates: 28.065759, -82.409847
02-28 09:09:31.337 13511 13544 D NavServiceProvider: Setting units automatically
02-28 09:09:31.338 13511 13544 D NavServiceProvider: Detecting stop. distance_d=990.92773. stop_type=1 speed=6.132642
02-28 09:09:31.338 13511 13544 D NavigationTest: 57: (28.057340, -82.413243, 6.132642)	R:false  F:false
02-28 09:09:31.338 13511 13544 D NavigationTest: 58: (28.057340, -82.413243, 6.132642)	R:false  F:false
02-28 09:09:31.338 13511 13544 D NavServiceProvider: Second to last stop coordinates: 28.065759, -82.409847
02-28 09:09:31.339 13511 13544 D NavServiceProvider: Setting units automatically
02-28 09:09:31.340 13511 13544 D NavServiceProvider: Detecting stop. distance_d=996.6842. stop_type=1 speed=5.860137
02-28 09:09:31.340 13511 13544 D NavigationTest: 59: (28.057277, -82.413218, 5.860137)	R:false  F:false
02-28 09:09:31.340 13511 13544 D NavigationTest: 60: (28.057277, -82.413218, 5.860137)	R:false  F:false
02-28 09:09:31.340 13511 13544 D NavServiceProvider: Second to last stop coordinates: 28.065759, -82.409847
02-28 09:09:31.340 13511 13544 D NavServiceProvider: Setting units automatically
02-28 09:09:31.342 13511 13544 D NavServiceProvider: Detecting stop. distance_d=999.09814. stop_type=1 speed=5.050485
02-28 09:09:31.342 13511 13544 D NavigationTest: 61: (28.057248, -82.413199, 5.050485)	R:false  F:false
02-28 09:09:31.342 13511 13544 D NavServiceProvider: Second to last stop coordinates: 28.065759, -82.409847
02-28 09:09:31.342 13511 13544 D NavServiceProvider: Setting units automatically
02-28 09:09:31.343 13511 13544 D NavServiceProvider: Detecting stop. distance_d=1001.5452. stop_type=1 speed=5.532314
02-28 09:09:31.343 13511 13544 D NavigationTest: 62: (28.057216, -82.413171, 5.532314)	R:false  F:false
02-28 09:09:31.343 13511 13544 D NavigationTest: 63: (28.057216, -82.413171, 5.532314)	R:false  F:false
02-28 09:09:31.343 13511 13544 D NavServiceProvider: Second to last stop coordinates: 28.065759, -82.409847
02-28 09:09:31.343 13511 13544 D NavServiceProvider: Setting units automatically
02-28 09:09:31.344 13511 13544 D NavServiceProvider: Detecting stop. distance_d=1001.0549. stop_type=1 speed=6.180073
02-28 09:09:31.344 13511 13544 D NavigationTest: 64: (28.057207, -82.413126, 6.180073)	R:false  F:false
02-28 09:09:31.345 13511 13544 D NavigationTest: 65: (28.057207, -82.413126, 6.180073)	R:false  F:false
02-28 09:09:31.345 13511 13544 D NavServiceProvider: Second to last stop coordinates: 28.065759, -82.409847
02-28 09:09:31.345 13511 13544 D NavServiceProvider: Setting units automatically
02-28 09:09:31.346 13511 13544 D NavServiceProvider: Detecting stop. distance_d=1001.9908. stop_type=1 speed=6.840029
02-28 09:09:31.346 13511 13544 D NavigationTest: 66: (28.057179, -82.413062, 6.840029)	R:false  F:false
02-28 09:09:31.346 13511 13544 D NavigationTest: 67: (28.057179, -82.413062, 6.840029)	R:false  F:false
02-28 09:09:31.346 13511 13544 D NavServiceProvider: Second to last stop coordinates: 28.065759, -82.409847
02-28 09:09:31.346 13511 13544 D NavServiceProvider: Setting units automatically
02-28 09:09:31.347 13511 13544 D NavServiceProvider: Detecting stop. distance_d=1002.97687. stop_type=1 speed=7.29011
02-28 09:09:31.347 13511 13544 D NavigationTest: 68: (28.057153, -82.413005, 7.290110)	R:false  F:false
02-28 09:09:31.347 13511 13544 D NavigationTest: 69: (28.057153, -82.413005, 7.290110)	R:false  F:false
02-28 09:09:31.347 13511 13544 D NavServiceProvider: Second to last stop coordinates: 28.065759, -82.409847
02-28 09:09:31.348 13511 13544 D NavServiceProvider: Setting units automatically
02-28 09:09:31.348 13511 13544 D NavServiceProvider: Detecting stop. distance_d=998.5535. stop_type=1 speed=8.250218
02-28 09:09:31.349 13511 13544 D NavigationTest: 70: (28.057169, -82.412914, 8.250218)	R:false  F:false
02-28 09:09:31.349 13511 13544 D NavigationTest: 71: (28.057169, -82.412914, 8.250218)	R:false  F:false
02-28 09:09:31.349 13511 13544 D NavigationTest: 72: (28.057169, -82.412914, 8.250218)	R:false  F:false
02-28 09:09:31.349 13511 13544 D NavServiceProvider: Second to last stop coordinates: 28.065759, -82.409847
02-28 09:09:31.349 13511 13544 D NavServiceProvider: Setting units automatically
02-28 09:09:31.350 13511 13544 D NavServiceProvider: Detecting stop. distance_d=996.3804. stop_type=1 speed=8.87009
02-28 09:09:31.350 13511 13544 D NavigationTest: 73: (28.057163, -82.412818, 8.870090)	R:false  F:false
02-28 09:09:31.350 13511 13544 D NavServiceProvider: Second to last stop coordinates: 28.065759, -82.409847
02-28 09:09:31.350 13511 13544 D NavServiceProvider: Setting units automatically
02-28 09:09:31.351 13511 13544 D NavServiceProvider: Detecting stop. distance_d=993.3253. stop_type=1 speed=9.732718
02-28 09:09:31.351 13511 13544 D NavigationTest: 74: (28.057164, -82.412714, 9.732718)	R:false  F:false
02-28 09:09:31.352 13511 13544 D NavigationTest: 75: (28.057164, -82.412714, 9.732718)	R:false  F:false
02-28 09:09:31.352 13511 13544 D NavServiceProvider: Second to last stop coordinates: 28.065759, -82.409847
02-28 09:09:31.352 13511 13544 D NavServiceProvider: Setting units automatically
02-28 09:09:31.353 13511 13544 D NavServiceProvider: Detecting stop. distance_d=992.76495. stop_type=1 speed=10.062862
02-28 09:09:31.353 13511 13544 D NavigationTest: 76: (28.057143, -82.412612, 10.062862)	R:false  F:false
02-28 09:09:31.353 13511 13544 D NavServiceProvider: Second to last stop coordinates: 28.065759, -82.409847
02-28 09:09:31.353 13511 13544 D NavServiceProvider: Setting units automatically
02-28 09:09:31.354 13511 13544 D NavServiceProvider: Detecting stop. distance_d=990.9246. stop_type=1 speed=10.160019
02-28 09:09:31.354 13511 13544 D NavigationTest: 77: (28.057134, -82.412506, 10.160019)	R:false  F:false
02-28 09:09:31.354 13511 13544 D NavigationTest: 78: (28.057134, -82.412506, 10.160019)	R:false  F:false
02-28 09:09:31.354 13511 13544 D NavServiceProvider: Second to last stop coordinates: 28.065759, -82.409847
02-28 09:09:31.355 13511 13544 D NavServiceProvider: Setting units automatically
02-28 09:09:31.356 13511 13544 D NavServiceProvider: Detecting stop. distance_d=988.70294. stop_type=1 speed=11.310535
02-28 09:09:31.356 13511 13544 D NavigationTest: 79: (28.057124, -82.412376, 11.310535)	R:false  F:false
02-28 09:09:31.356 13511 13544 D NavServiceProvider: Second to last stop coordinates: 28.065759, -82.409847
02-28 09:09:31.356 13511 13544 D NavServiceProvider: Setting units automatically
02-28 09:09:31.357 13511 13544 D NavServiceProvider: Detecting stop. distance_d=986.1756. stop_type=1 speed=11.650518
02-28 09:09:31.357 13511 13544 D NavigationTest: 80: (28.057119, -82.412249, 11.650518)	R:false  F:false
02-28 09:09:31.357 13511 13544 D NavigationTest: 81: (28.057119, -82.412249, 11.650518)	R:false  F:false
02-28 09:09:31.357 13511 13544 D NavServiceProvider: Second to last stop coordinates: 28.065759, -82.409847
02-28 09:09:31.357 13511 13544 D NavServiceProvider: Setting units automatically
02-28 09:09:31.358 13511 13544 D NavServiceProvider: Detecting stop. distance_d=982.5687. stop_type=1 speed=12.410487
02-28 09:09:31.358 13511 13544 D NavigationTest: 82: (28.057125, -82.412120, 12.410487)	R:false  F:false
02-28 09:09:31.358 13511 13544 D NavigationTest: 83: (28.057125, -82.412120, 12.410487)	R:false  F:false
02-28 09:09:31.358 13511 13544 D NavServiceProvider: Second to last stop coordinates: 28.065759, -82.409847
02-28 09:09:31.359 13511 13544 D NavServiceProvider: Setting units automatically
02-28 09:09:31.360 13511 13544 D NavServiceProvider: Detecting stop. distance_d=979.4405. stop_type=1 speed=12.83
02-28 09:09:31.360 13511 13544 D NavigationTest: 84: (28.057127, -82.411986, 12.830000)	R:false  F:false
02-28 09:09:31.360 13511 13544 D NavigationTest: 85: (28.057127, -82.411986, 12.830000)	R:false  F:false
02-28 09:09:31.360 13511 13544 D NavServiceProvider: Second to last stop coordinates: 28.065759, -82.409847
02-28 09:09:31.360 13511 13544 D NavServiceProvider: Setting units automatically
02-28 09:09:31.362 13511 13544 D NavServiceProvider: Detecting stop. distance_d=974.7726. stop_type=1 speed=13.180547
02-28 09:09:31.362 13511 13544 D NavigationTest: 86: (28.057144, -82.411848, 13.180547)	R:false  F:false
02-28 09:09:31.362 13511 13544 D NavigationTest: 87: (28.057144, -82.411848, 13.180547)	R:false  F:false
02-28 09:09:31.362 13511 13544 D NavServiceProvider: Second to last stop coordinates: 28.065759, -82.409847
02-28 09:09:31.362 13511 13544 D NavServiceProvider: Setting units automatically
02-28 09:09:31.363 13511 13544 D NavServiceProvider: Detecting stop. distance_d=971.01886. stop_type=1 speed=13.360134
02-28 09:09:31.363 13511 13544 D NavigationTest: 88: (28.057154, -82.411709, 13.360134)	R:false  F:false
02-28 09:09:31.363 13511 13544 D NavigationTest: 89: (28.057154, -82.411709, 13.360134)	R:false  F:false
02-28 09:09:31.363 13511 13544 D NavServiceProvider: Second to last stop coordinates: 28.065759, -82.409847
02-28 09:09:31.363 13511 13544 D NavServiceProvider: Setting units automatically
02-28 09:09:31.364 13511 13544 D NavServiceProvider: Detecting stop. distance_d=969.1906. stop_type=1 speed=13.041384
02-28 09:09:31.364 13511 13544 D NavigationTest: 90: (28.057148, -82.411570, 13.041384)	R:false  F:false
02-28 09:09:31.365 13511 13544 D NavigationTest: 91: (28.057148, -82.411570, 13.041384)	R:false  F:false
02-28 09:09:31.365 13511 13544 D NavServiceProvider: Second to last stop coordinates: 28.065759, -82.409847
02-28 09:09:31.365 13511 13544 D NavServiceProvider: Setting units automatically
02-28 09:09:31.366 13511 13544 D NavServiceProvider: Detecting stop. distance_d=964.53766. stop_type=1 speed=13.120015
02-28 09:09:31.366 13511 13544 D NavigationTest: 92: (28.057170, -82.411434, 13.120015)	R:false  F:false
02-28 09:09:31.366 13511 13544 D NavServiceProvider: Second to last stop coordinates: 28.065759, -82.409847
02-28 09:09:31.366 13511 13544 D NavServiceProvider: Setting units automatically
02-28 09:09:31.367 13511 13544 D NavServiceProvider: Detecting stop. distance_d=959.52216. stop_type=1 speed=13.160973
02-28 09:09:31.367 13511 13544 D NavigationTest: 93: (28.057195, -82.411284, 13.160973)	R:false  F:false
02-28 09:09:31.367 13511 13544 D NavigationTest: 94: (28.057195, -82.411284, 13.160973)	R:false  F:false
02-28 09:09:31.367 13511 13544 D NavServiceProvider: Second to last stop coordinates: 28.065759, -82.409847
02-28 09:09:31.368 13511 13544 D NavServiceProvider: Setting units automatically
02-28 09:09:31.369 13511 13544 D NavServiceProvider: Detecting stop. distance_d=953.92413. stop_type=1 speed=13.260456
02-28 09:09:31.369 13511 13544 D NavigationTest: 95: (28.057235, -82.411198, 13.260456)	R:false  F:false
02-28 09:09:31.369 13511 13544 D NavigationTest: 96: (28.057235, -82.411198, 13.260456)	R:false  F:false
02-28 09:09:31.369 13511 13544 D NavServiceProvider: Second to last stop coordinates: 28.065759, -82.409847
02-28 09:09:31.369 13511 13544 D NavServiceProvider: Setting units automatically
02-28 09:09:31.370 13511 13544 D NavServiceProvider: Detecting stop. distance_d=950.61475. stop_type=1 speed=13.420004
02-28 09:09:31.370 13511 13544 D NavigationTest: 97: (28.057248, -82.411053, 13.420004)	R:false  F:false
02-28 09:09:31.370 13511 13544 D NavServiceProvider: Second to last stop coordinates: 28.065759, -82.409847
02-28 09:09:31.371 13511 13544 D NavServiceProvider: Setting units automatically
02-28 09:09:31.372 13511 13544 D NavServiceProvider: Detecting stop. distance_d=948.0263. stop_type=1 speed=13.060004
02-28 09:09:31.372 13511 13544 D NavigationTest: 98: (28.057258, -82.410925, 13.060004)	R:false  F:false
02-28 09:09:31.372 13511 13544 D NavigationTest: 99: (28.057258, -82.410925, 13.060004)	R:false  F:false
02-28 09:09:31.372 13511 13544 D NavServiceProvider: Second to last stop coordinates: 28.065759, -82.409847
02-28 09:09:31.372 13511 13544 D NavServiceProvider: Setting units automatically
02-28 09:09:31.373 13511 13544 D NavServiceProvider: Detecting stop. distance_d=946.79767. stop_type=1 speed=12.860062
02-28 09:09:31.373 13511 13544 D NavigationTest: 100: (28.057256, -82.410784, 12.860062)	R:false  F:false
02-28 09:09:31.373 13511 13544 D NavigationTest: 101: (28.057256, -82.410784, 12.860062)	R:false  F:false
02-28 09:09:31.373 13511 13544 D NavServiceProvider: Second to last stop coordinates: 28.065759, -82.409847
02-28 09:09:31.373 13511 13544 D NavServiceProvider: Setting units automatically
02-28 09:09:31.374 13511 13544 D NavServiceProvider: Detecting stop. distance_d=946.4252. stop_type=1 speed=13.000384
02-28 09:09:31.374 13511 13544 D NavigationTest: 102: (28.057248, -82.410642, 13.000384)	R:false  F:false
02-28 09:09:31.374 13511 13544 D NavigationTest: 103: (28.057248, -82.410642, 13.000384)	R:false  F:false
02-28 09:09:31.374 13511 13544 D NavServiceProvider: Second to last stop coordinates: 28.065759, -82.409847
02-28 09:09:31.375 13511 13544 D NavServiceProvider: Setting units automatically
02-28 09:09:31.376 13511 13544 D NavServiceProvider: Detecting stop. distance_d=946.94946. stop_type=1 speed=13.551332
02-28 09:09:31.376 13511 13544 D NavigationTest: 104: (28.057234, -82.410504, 13.551332)	R:false  F:false
02-28 09:09:31.376 13511 13544 D NavServiceProvider: Second to last stop coordinates: 28.065759, -82.409847
02-28 09:09:31.376 13511 13544 D NavServiceProvider: Setting units automatically
02-28 09:09:31.377 13511 13544 D NavServiceProvider: Detecting stop. distance_d=947.217. stop_type=1 speed=13.78
02-28 09:09:31.377 13511 13544 D NavigationTest: 105: (28.057224, -82.410364, 13.780000)	R:false  F:false
02-28 09:09:31.377 13511 13544 D NavigationTest: 106: (28.057224, -82.410364, 13.780000)	R:false  F:false
02-28 09:09:31.377 13511 13544 D NavigationTest: 107: (28.057224, -82.410364, 13.780000)	R:false  F:false
02-28 09:09:31.377 13511 13544 D NavigationTest: 108: (28.057224, -82.410364, 13.780000)	R:false  F:false
02-28 09:09:31.377 13511 13544 D NavServiceProvider: Second to last stop coordinates: 28.065759, -82.409847
02-28 09:09:31.378 13511 13544 D NavServiceProvider: Setting units automatically
02-28 09:09:31.379 13511 13544 D NavServiceProvider: Detecting stop. distance_d=948.0832. stop_type=1 speed=14.05
02-28 09:09:31.379 13511 13544 D NavigationTest: 109: (28.057210, -82.410212, 14.050000)	R:false  F:false
02-28 09:09:31.379 13511 13544 D NavigationTest: 110: (28.057210, -82.410212, 14.050000)	R:false  F:false
02-28 09:09:31.379 13511 13544 D NavServiceProvider: Second to last stop coordinates: 28.065759, -82.409847
02-28 09:09:31.380 13511 13544 D NavServiceProvider: Setting units automatically
02-28 09:09:31.381 13511 13544 D NavServiceProvider: Detecting stop. distance_d=949.3149. stop_type=1 speed=13.860176
02-28 09:09:31.381 13511 13544 D NavigationTest: 111: (28.057195, -82.410068, 13.860176)	R:false  F:false
02-28 09:09:31.381 13511 13544 D NavServiceProvider: Second to last stop coordinates: 28.065759, -82.409847
02-28 09:09:31.381 13511 13544 D NavServiceProvider: Setting units automatically
02-28 09:09:31.382 13511 13544 D NavServiceProvider: Detecting stop. distance_d=950.2166. stop_type=1 speed=13.400003
02-28 09:09:31.382 13511 13544 D NavigationTest: 112: (28.057185, -82.409938, 13.400003)	R:false  F:false
02-28 09:09:31.382 13511 13544 D NavigationTest: 113: (28.057185, -82.409938, 13.400003)	R:false  F:false
02-28 09:09:31.382 13511 13544 D NavServiceProvider: Second to last stop coordinates: 28.065759, -82.409847
02-28 09:09:31.383 13511 13544 D NavServiceProvider: Setting units automatically
02-28 09:09:31.384 13511 13544 D NavServiceProvider: Detecting stop. distance_d=951.3969. stop_type=1 speed=12.942043
02-28 09:09:31.384 13511 13544 D NavigationTest: 114: (28.057174, -82.409821, 12.942043)	R:false  F:false
02-28 09:09:31.384 13511 13544 D NavServiceProvider: Second to last stop coordinates: 28.065759, -82.409847
02-28 09:09:31.384 13511 13544 D NavServiceProvider: Setting units automatically
02-28 09:09:31.385 13511 13544 D NavServiceProvider: Detecting stop. distance_d=952.839. stop_type=1 speed=12.650015
02-28 09:09:31.385 13511 13544 D NavigationTest: 115: (28.057162, -82.409696, 12.650015)	R:false  F:false
02-28 09:09:31.385 13511 13544 D NavigationTest: 116: (28.057162, -82.409696, 12.650015)	R:false  F:false
02-28 09:09:31.385 13511 13544 D NavServiceProvider: Second to last stop coordinates: 28.065759, -82.409847
02-28 09:09:31.385 13511 13544 D NavServiceProvider: Setting units automatically
02-28 09:09:31.386 13511 13544 D NavServiceProvider: Detecting stop. distance_d=954.1038. stop_type=1 speed=12.170262
02-28 09:09:31.386 13511 13544 D NavigationTest: 117: (28.057153, -82.409572, 12.170262)	R:false  F:false
02-28 09:09:31.386 13511 13544 D NavServiceProvider: Second to last stop coordinates: 28.065759, -82.409847
02-28 09:09:31.387 13511 13544 D NavServiceProvider: Setting units automatically
02-28 09:09:31.387 13511 13544 D NavServiceProvider: Detecting stop. distance_d=953.37585. stop_type=1 speed=11.490626
02-28 09:09:31.388 13511 13544 D NavigationTest: 118: (28.057163, -82.409459, 11.490626)	R:false  F:false
02-28 09:09:31.388 13511 13544 D NavigationTest: 119: (28.057163, -82.409459, 11.490626)	R:false  F:false
02-28 09:09:31.388 13511 13544 D NavServiceProvider: Second to last stop coordinates: 28.065759, -82.409847
02-28 09:09:31.388 13511 13544 D NavServiceProvider: Setting units automatically
02-28 09:09:31.389 13511 13544 D NavServiceProvider: Detecting stop. distance_d=953.9361. stop_type=1 speed=11.180112
02-28 09:09:31.389 13511 13544 D NavigationTest: 120: (28.057163, -82.409336, 11.180112)	R:false  F:false
02-28 09:09:31.389 13511 13544 D NavigationTest: 121: (28.057163, -82.409336, 11.180112)	R:false  F:false
02-28 09:09:31.389 13511 13544 D NavServiceProvider: Second to last stop coordinates: 28.065759, -82.409847
02-28 09:09:31.389 13511 13544 D NavServiceProvider: Setting units automatically
02-28 09:09:31.391 13511 13544 D NavServiceProvider: Detecting stop. distance_d=955.5369. stop_type=1 speed=10.480305
02-28 09:09:31.391 13511 13544 D NavigationTest: 122: (28.057154, -82.409230, 10.480305)	R:false  F:false
02-28 09:09:31.391 13511 13544 D NavigationTest: 123: (28.057154, -82.409230, 10.480305)	R:false  F:false
02-28 09:09:31.391 13511 13544 D NavServiceProvider: Second to last stop coordinates: 28.065759, -82.409847
02-28 09:09:31.392 13511 13544 D NavServiceProvider: Setting units automatically
02-28 09:09:31.393 13511 13544 D NavServiceProvider: Detecting stop. distance_d=957.08435. stop_type=1 speed=9.69132
02-28 09:09:31.393 13511 13544 D NavigationTest: 124: (28.057145, -82.409147, 9.691320)	R:false  F:false
02-28 09:09:31.393 13511 13544 D NavServiceProvider: Second to last stop coordinates: 28.065759, -82.409847
02-28 09:09:31.394 13511 13544 D NavServiceProvider: Setting units automatically
02-28 09:09:31.395 13511 13544 D NavServiceProvider: Detecting stop. distance_d=959.1416. stop_type=1 speed=9.250346
02-28 09:09:31.395 13511 13544 D NavigationTest: 125: (28.057132, -82.409064, 9.250346)	R:false  F:false
02-28 09:09:31.395 13511 13544 D NavigationTest: 126: (28.057132, -82.409064, 9.250346)	R:false  F:false
02-28 09:09:31.395 13511 13544 D NavServiceProvider: Second to last stop coordinates: 28.065759, -82.409847
02-28 09:09:31.395 13511 13544 D NavServiceProvider: Setting units automatically
02-28 09:09:31.396 13511 13544 D NavServiceProvider: Detecting stop. distance_d=962.54126. stop_type=1 speed=9.190919
02-28 09:09:31.396 13511 13544 D NavigationTest: 127: (28.057108, -82.408974, 9.190919)	R:false  F:false
02-28 09:09:31.397 13511 13544 D NavigationTest: 128: (28.057108, -82.408974, 9.190919)	R:false  F:false
02-28 09:09:31.397 13511 13544 D NavServiceProvider: Second to last stop coordinates: 28.065759, -82.409847
02-28 09:09:31.397 13511 13544 D NavServiceProvider: Setting units automatically
02-28 09:09:31.398 13511 13544 D NavServiceProvider: Detecting stop. distance_d=964.781. stop_type=1 speed=8.950804
02-28 09:09:31.398 13511 13544 D NavigationTest: 129: (28.057096, -82.408875, 8.950804)	R:false  F:false
02-28 09:09:31.398 13511 13544 D NavServiceProvider: Second to last stop coordinates: 28.065759, -82.409847
02-28 09:09:31.399 13511 13544 D NavServiceProvider: Setting units automatically
02-28 09:09:31.400 13511 13544 D NavServiceProvider: Detecting stop. distance_d=964.4898. stop_type=1 speed=8.420381
02-28 09:09:31.400 13511 13544 D NavigationTest: 130: (28.057106, -82.408795, 8.420381)	R:false  F:false
02-28 09:09:31.400 13511 13544 D NavigationTest: 131: (28.057106, -82.408795, 8.420381)	R:false  F:false
02-28 09:09:31.400 13511 13544 D NavServiceProvider: Second to last stop coordinates: 28.065759, -82.409847
02-28 09:09:31.401 13511 13544 D NavServiceProvider: Setting units automatically
02-28 09:09:31.403 13511 13544 D NavServiceProvider: Detecting stop. distance_d=964.9018. stop_type=1 speed=8.080303
02-28 09:09:31.403 13511 13544 D NavigationTest: 132: (28.057110, -82.408717, 8.080303)	R:false  F:false
02-28 09:09:31.403 13511 13544 D NavigationTest: 133: (28.057110, -82.408717, 8.080303)	R:false  F:false
02-28 09:09:31.403 13511 13544 D NavServiceProvider: Second to last stop coordinates: 28.065759, -82.409847
02-28 09:09:31.403 13511 13544 D NavServiceProvider: Setting units automatically
02-28 09:09:31.405 13511 13544 D NavServiceProvider: Detecting stop. distance_d=956.12335. stop_type=1 speed=7.061388
02-28 09:09:31.405 13511 13544 D NavigationTest: 134: (28.057191, -82.408705, 7.061388)	R:false  F:false
02-28 09:09:31.405 13511 13544 D NavServiceProvider: Second to last stop coordinates: 28.065759, -82.409847
02-28 09:09:31.405 13511 13544 D NavServiceProvider: Setting units automatically
02-28 09:09:31.407 13511 13544 D NavServiceProvider: Detecting stop. distance_d=950.5099. stop_type=1 speed=6.910007
02-28 09:09:31.407 13511 13544 D NavigationTest: 135: (28.057245, -82.408677, 6.910007)	R:false  F:false
02-28 09:09:31.407 13511 13544 D NavigationTest: 136: (28.057245, -82.408677, 6.910007)	R:false  F:false
02-28 09:09:31.407 13511 13544 D NavServiceProvider: Second to last stop coordinates: 28.065759, -82.409847
02-28 09:09:31.408 13511 13544 D NavServiceProvider: Setting units automatically
02-28 09:09:31.409 13511 13544 D NavServiceProvider: Detecting stop. distance_d=944.1325. stop_type=1 speed=6.530069
02-28 09:09:31.409 13511 13544 D NavigationTest: 137: (28.057302, -82.408686, 6.530069)	R:false  F:false
02-28 09:09:31.409 13511 13544 D NavServiceProvider: Second to last stop coordinates: 28.065759, -82.409847
02-28 09:09:31.410 13511 13544 D NavServiceProvider: Setting units automatically
02-28 09:09:31.410   871  6793 D audio_hw_primary: adev_get_parameters:vr_audio_mode_on
02-28 09:09:31.410   871  6793 I audio_hw_primary: getting vr mode to 0
02-28 09:09:31.410   871  6793 D audio_hw_primary: adev_get_parameters: exit: returns - vr_audio_mode_on=false
02-28 09:09:31.410   959  7466 I hash_map_utils: key: 'vr_audio_mode_on' value: ''
02-28 09:09:31.411   959  7466 I AudioPolicyManagerCustom: VR mode is 0, switch to primary output if request is for fast|raw
02-28 09:09:31.411   959  7466 I AudioPolicyManagerCustom: setting force DEEP buffer now
02-28 09:09:31.411 13511 13544 D NavServiceProvider: Detecting stop. distance_d=934.7705. stop_type=1 speed=7.590059
02-28 09:09:31.411 13511 13544 D NavigationTest: 138: (28.057387, -82.408687, 7.590059)	R:false  F:false
02-28 09:09:31.411 13511 13544 D NavigationTest: 139: (28.057387, -82.408687, 7.590059)	R:false  F:false
02-28 09:09:31.411 13511 13544 D NavServiceProvider: Second to last stop coordinates: 28.065759, -82.409847
02-28 09:09:31.411 13511 13544 D NavServiceProvider: Setting units automatically
02-28 09:09:31.412   959  7466 D AudioFlinger: Client defaulted notificationFrames to 2048 for frameCount 4096
02-28 09:09:31.412 13511 13544 D NavServiceProvider: Detecting stop. distance_d=922.2955. stop_type=1 speed=9.760251
02-28 09:09:31.413 13511 13544 D NavigationTest: 140: (28.057499, -82.408700, 9.760251)	R:false  F:false
02-28 09:09:31.413 13511 13544 D NavigationTest: 141: (28.057499, -82.408700, 9.760251)	R:false  F:false
02-28 09:09:31.413   959  7466 D AF::TrackHandle: OpPlayAudio: track:181 usage:1 not muted
02-28 09:09:31.413 13511 13544 D NavServiceProvider: Second to last stop coordinates: 28.065759, -82.409847
02-28 09:09:31.413 13511 13544 D NavServiceProvider: Setting units automatically
02-28 09:09:31.414 13511 13544 D NavServiceProvider: Detecting stop. distance_d=911.6762. stop_type=1 speed=10.420307
02-28 09:09:31.414 13511 13544 D NavigationTest: 142: (28.057596, -82.408696, 10.420307)	R:false  F:false
02-28 09:09:31.414 13511 13544 D NavigationTest: 143: (28.057596, -82.408696, 10.420307)	R:false  F:false
02-28 09:09:31.414 13511 13544 D NavigationTest: 144: (28.057596, -82.408696, 10.420307)	R:false  F:false
02-28 09:09:31.414 13511 13544 D NavServiceProvider: Second to last stop coordinates: 28.065759, -82.409847
02-28 09:09:31.415 13511 13544 D NavServiceProvider: Setting units automatically
02-28 09:09:31.416 13511 13544 D NavServiceProvider: Detecting stop. distance_d=900.39905. stop_type=1 speed=10.800782
02-28 09:09:31.417 13511 13544 D NavigationTest: 145: (28.057697, -82.408710, 10.800782)	R:false  F:false
02-28 09:09:31.417 13511 13544 D NavServiceProvider: Second to last stop coordinates: 28.065759, -82.409847
02-28 09:09:31.417 13511 13544 D NavServiceProvider: Setting units automatically
02-28 09:09:31.419 13511 13544 D NavServiceProvider: Detecting stop. distance_d=885.75586. stop_type=1 speed=12.131818
02-28 09:09:31.419 13511 13544 D NavigationTest: 146: (28.057832, -82.408694, 12.131818)	R:false  F:false
02-28 09:09:31.419  2666  3413 D Avrcp_ext: AudioManager Player: ID:23 -- type:android.media.SoundPool -- u/pid:10126/2688 -- state:idle -- attr:AudioAttributes: usage=USAGE_ASSISTANCE_SONIFICATION content=CONTENT_TYPE_SONIFICATION flags=0x800 tags= bundle=null
02-28 09:09:31.419 13511 13544 D NavigationTest: 147: (28.057832, -82.408694, 12.131818)	R:false  F:false
02-28 09:09:31.419 13511 13544 D NavServiceProvider: Second to last stop coordinates: 28.065759, -82.409847
02-28 09:09:31.419  2666  3413 D Avrcp_ext: AudioManager Player: ID:15 -- type:android.media.SoundPool -- u/pid:1000/1493 -- state:idle -- attr:AudioAttributes: usage=USAGE_ASSISTANCE_SONIFICATION content=CONTENT_TYPE_SONIFICATION flags=0x800 tags= bundle=null
02-28 09:09:31.419  2666  3413 D Avrcp_ext: AudioManager Player: ID:1039 -- type:android.media.AudioTrack -- u/pid:10088/13579 -- state:started -- attr:AudioAttributes: usage=USAGE_MEDIA content=CONTENT_TYPE_SPEECH flags=0x800 tags= bundle=null
02-28 09:09:31.419  2666  3413 D Avrcp_ext: AudioManager isPlaying: true
02-28 09:09:31.419  2666  3413 V Avrcp_ext: updateCurrentMediaState: mMediaController: null
02-28 09:09:31.420  2666  3413 V Avrcp_ext: isMusicActive: false getBluetoothPlayState: 2
02-28 09:09:31.420 13511 13544 D NavServiceProvider: Setting units automatically
02-28 09:09:31.420  2666  3413 V Avrcp_ext: updateCurrentMediaState: isPlaying = false
02-28 09:09:31.420  2666  3413 V Avrcp_ext: Media update: id -1➡-1? [MediaAttributes: none] : [MediaAttributes: none]
02-28 09:09:31.420  2666  3413 V Avrcp_ext: newPlayStatus:2mReportedPlayStatus:-1
02-28 09:09:31.420  2666  3413 V Avrcp_ext: updatePlaybackState, state: PlaybackState {state=2, position=-1, buffered position=0, speed=0.0, updated=1774750, actions=0, custom actions=[], active item id=-1, error=null} device: null
02-28 09:09:31.420  2666  3413 V Avrcp_ext: Device: no name:
02-28 09:09:31.420  2666  3413 I chatty  : uid=1002(bluetooth) BluetoothAvrcpH identical 3 lines
02-28 09:09:31.420  2666  3413 V Avrcp_ext: Device: no name:
02-28 09:09:31.420  2666  3413 V Avrcp_ext: updatePlayerStateAndPosition, old=PlaybackState {state=2, position=-1, buffered position=0, speed=0.0, updated=1774086, actions=0, custom actions=[], active item id=-1, error=null}, state=PlaybackState {state=2, position=-1, buffered position=0, speed=0.0, updated=1774750, actions=0, custom actions=[], active item id=-1, error=null}
02-28 09:09:31.420  2666  3413 V Avrcp_ext: old state = PlaybackState {state=2, position=-1, buffered position=0, speed=0.0, updated=1774086, actions=0, custom actions=[], active item id=-1, error=null}, new state= PlaybackState {state=2, position=-1, buffered position=0, speed=0.0, updated=1774750, actions=0, custom actions=[], active item id=-1, error=null}
02-28 09:09:31.420  2666  3413 D HeadsetService: getHeadsetService(): returning com.android.bluetooth.hfp.HeadsetService@8a04d28
02-28 09:09:31.420  2666  3413 D HeadsetService:  isAudioOn: The number of audio connected devices 0
02-28 09:09:31.421  2666  3413 D HeadsetService: isScoOrCallActive(): Call Active:falseCall is Ringing:falseSCO is Active:false
02-28 09:09:31.421  2666  3413 D HeadsetService:  isAudioOn: The number of audio connected devices 0
02-28 09:09:31.421  2666  3413 I Avrcp_ext: updatePlayStatusForDevice: device: null
02-28 09:09:31.421  2666  3413 V Avrcp_ext: updatePlaybackState (1): old=PlaybackState {state=2, position=-1, buffered position=0, speed=0.0, updated=1774086, actions=0, custom actions=[], active item id=-1, error=null}(2), new=PlaybackState {state=2, position=-1, buffered position=0, speed=0.0, updated=1774750, actions=0, custom actions=[], active item id=-1, error=null}(2)
02-28 09:09:31.421  2666  3413 I Avrcp_ext: Exit updatePlayStatusForDevice
02-28 09:09:31.421  2666  3413 D HeadsetService:  isAudioOn: The number of audio connected devices 0
02-28 09:09:31.421  2666  3413 D HeadsetService: isScoOrCallActive(): Call Active:falseCall is Ringing:falseSCO is Active:false
02-28 09:09:31.421 13511 13544 D NavServiceProvider: Detecting stop. distance_d=878.9136. stop_type=1 speed=10.880295
02-28 09:09:31.421 13511 13544 D NavigationTest: 148: (28.057896, -82.408679, 10.880295)	R:false  F:false
02-28 09:09:31.421 13511 13544 D NavigationTest: 149: (28.057896, -82.408679, 10.880295)	R:false  F:false
02-28 09:09:31.421 13511 13544 D NavServiceProvider: Second to last stop coordinates: 28.065759, -82.409847
02-28 09:09:31.421  2666  3413 D HeadsetService:  isAudioOn: The number of audio connected devices 0
02-28 09:09:31.421  2666  3413 I Avrcp_ext: updatePlayStatusForDevice: device: null
02-28 09:09:31.421  2666  3413 V Avrcp_ext: updatePlaybackState (1): old=PlaybackState {state=2, position=-1, buffered position=0, speed=0.0, updated=1774086, actions=0, custom actions=[], active item id=-1, error=null}(2), new=PlaybackState {state=2, position=-1, buffered position=0, speed=0.0, updated=1774750, actions=0, custom actions=[], active item id=-1, error=null}(2)
02-28 09:09:31.421  2666  3413 I Avrcp_ext: Exit updatePlayStatusForDevice
02-28 09:09:31.422  2666  3413 D HeadsetService:  isAudioOn: The number of audio connected devices 0
02-28 09:09:31.422  2666  3413 D HeadsetService: isScoOrCallActive(): Call Active:falseCall is Ringing:falseSCO is Active:false
02-28 09:09:31.422  2666  3413 D HeadsetService:  isAudioOn: The number of audio connected devices 0
02-28 09:09:31.422  2666  3413 I Avrcp_ext: updatePlayStatusForDevice: device: null
02-28 09:09:31.422  2666  3413 V Avrcp_ext: updatePlaybackState (1): old=PlaybackState {state=2, position=-1, buffered position=0, speed=0.0, updated=1774086, actions=0, custom actions=[], active item id=-1, error=null}(2), new=PlaybackState {state=2, position=-1, buffered position=0, speed=0.0, updated=1774750, actions=0, custom actions=[], active item id=-1, error=null}(2)
02-28 09:09:31.422  2666  3413 I Avrcp_ext: Exit updatePlayStatusForDevice
02-28 09:09:31.422 13511 13544 D NavServiceProvider: Setting units automatically
02-28 09:09:31.422  2666  3413 D HeadsetService:  isAudioOn: The number of audio connected devices 0
02-28 09:09:31.422  2666  3413 D HeadsetService: isScoOrCallActive(): Call Active:falseCall is Ringing:falseSCO is Active:false
02-28 09:09:31.423  2666  3413 D HeadsetService:  isAudioOn: The number of audio connected devices 0
02-28 09:09:31.423  2666  3413 I Avrcp_ext: updatePlayStatusForDevice: device: null
02-28 09:09:31.423  2666  3413 V Avrcp_ext: updatePlaybackState (1): old=PlaybackState {state=2, position=-1, buffered position=0, speed=0.0, updated=1774086, actions=0, custom actions=[], active item id=-1, error=null}(2), new=PlaybackState {state=2, position=-1, buffered position=0, speed=0.0, updated=1774750, actions=0, custom actions=[], active item id=-1, error=null}(2)
02-28 09:09:31.423  2666  3413 I Avrcp_ext: Exit updatePlayStatusForDevice
02-28 09:09:31.423  2666  3413 D HeadsetService:  isAudioOn: The number of audio connected devices 0
02-28 09:09:31.423  2666  3413 D HeadsetService: isScoOrCallActive(): Call Active:falseCall is Ringing:falseSCO is Active:false
