02-28 09:09:49.315 13511 13544 I TestRunner: started: testTrip29(org.onebusaway.android.nav.test.NavigationTest)
02-28 09:09:49.316 13511 13511 I MonitoringInstr: Activities that are still in CREATED to STOPPED: 0
02-28 09:09:49.326 13511 13544 D NavServiceProvider: Creating NavigationServiceProvider...
02-28 09:09:49.326 13511 13544 D NavServiceProvider: Starting navigation for service
02-28 09:09:49.326 13511 13544 D NavServiceProvider: ProximityCalculator initializing...
02-28 09:09:49.326 13511 13544 D NavServiceProvider: Initializing ProximityCalculator
02-28 09:09:49.326 13511 13544 D NavServiceProvider: Number of path links: 1
02-28 09:09:49.327 13511 13544 D NavServiceProvider: Second to last stop coordinates: 28.069259, -82.410618
02-28 09:09:49.327 13511 13544 D NavServiceProvider: Setting units automatically
02-28 09:09:49.329 13511 13544 D NavServiceProvider: Detecting stop. distance_d=1713.1505. stop_type=1 speed=0.0
02-28 09:09:49.329 13511 13544 D NavigationTest: 0: (28.065955, -82.393593, 0.000000)	R:false  F:false
02-28 09:09:49.329 13511 13544 D NavigationTest: 1: (28.065955, -82.393593, 0.000000)	R:false  F:false
02-28 09:09:49.329 13511 13544 D NavigationTest: 2: (28.065955, -82.393593, 0.000000)	R:false  F:false
02-28 09:09:49.329 13511 13544 D NavServiceProvider: Second to last stop coordinates: 28.069259, -82.410618
02-28 09:09:49.330 13511 13544 D NavServiceProvider: Setting units automatically
02-28 09:09:49.332 13511 13544 D NavServiceProvider: Detecting stop. distance_d=1677.9762. stop_type=1 speed=14.23
02-28 09:09:49.332 13511 13544 D NavigationTest: 3: (28.067243, -82.393700, 14.230000)	R:false  F:false
02-28 09:09:49.332 13511 13544 D NavigationTest: 4: (28.067243, -82.393700, 14.230000)	R:false  F:false
02-28 09:09:49.332 13511 13544 D NavigationTest: 5: (28.067243, -82.393700, 14.230000)	R:false  F:false
02-28 09:09:49.332 13511 13544 D NavServiceProvider: Second to last stop coordinates: 28.069259, -82.410618
02-28 09:09:49.332 13511 13544 D NavServiceProvider: Setting units automatically
02-28 09:09:49.334 13511 13544 D NavServiceProvider: Detecting stop. distance_d=1680.3105. stop_type=1 speed=13.82
02-28 09:09:49.334 13511 13544 D NavigationTest: 6: (28.067359, -82.393659, 13.820000)	R:false  F:false
02-28 09:09:49.334 13511 13544 D NavigationTest: 7: (28.067359, -82.393659, 13.820000)	R:false  F:false
02-28 09:09:49.334 13511 13544 D NavigationTest: 8: (28.067359, -82.393659, 13.820000)	R:false  F:false
02-28 09:09:49.334 13511 13544 D NavServiceProvider: Second to last stop coordinates: 28.069259, -82.410618
02-28 09:09:49.334 13511 13544 D NavServiceProvider: Setting units automatically
02-28 09:09:49.336 13511 13544 D NavServiceProvider: Detecting stop. distance_d=1677.195. stop_type=1 speed=14.75
02-28 09:09:49.336 13511 13544 D NavigationTest: 9: (28.067512, -82.393670, 14.750000)	R:false  F:false
02-28 09:09:49.336 13511 13544 D NavigationTest: 10: (28.067512, -82.393670, 14.750000)	R:false  F:false
02-28 09:09:49.336 13511 13544 D NavServiceProvider: Second to last stop coordinates: 28.069259, -82.410618
02-28 09:09:49.336 13511 13544 D NavServiceProvider: Setting units automatically
02-28 09:09:49.337 13511 13544 D NavServiceProvider: Detecting stop. distance_d=1676.5221. stop_type=1 speed=14.93
02-28 09:09:49.337 13511 13544 D NavigationTest: 11: (28.067646, -82.393660, 14.930000)	R:false  F:false
02-28 09:09:49.337 13511 13544 D NavigationTest: 12: (28.067646, -82.393660, 14.930000)	R:false  F:false
02-28 09:09:49.337 13511 13544 D NavigationTest: 13: (28.067646, -82.393660, 14.930000)	R:false  F:false
02-28 09:09:49.337 13511 13544 D NavServiceProvider: Second to last stop coordinates: 28.069259, -82.410618
02-28 09:09:49.338 13511 13544 D NavServiceProvider: Setting units automatically
02-28 09:09:49.339 13511 13544 D NavServiceProvider: Detecting stop. distance_d=1674.3181. stop_type=1 speed=13.11
02-28 09:09:49.339 13511 13544 D NavigationTest: 14: (28.067771, -82.393668, 13.110000)	R:false  F:false
02-28 09:09:49.339 13511 13544 D NavigationTest: 15: (28.067771, -82.393668, 13.110000)	R:false  F:false
02-28 09:09:49.339 13511 13544 D NavServiceProvider: Second to last stop coordinates: 28.069259, -82.410618
02-28 09:09:49.339 13511 13544 D NavServiceProvider: Setting units automatically
02-28 09:09:49.341 13511 13544 D NavServiceProvider: Detecting stop. distance_d=1673.0022. stop_type=1 speed=12.03
02-28 09:09:49.341 13511 13544 D NavigationTest: 16: (28.067887, -82.393669, 12.030000)	R:false  F:false
02-28 09:09:49.341 13511 13544 D NavigationTest: 17: (28.067887, -82.393669, 12.030000)	R:false  F:false
02-28 09:09:49.341 13511 13544 D NavigationTest: 18: (28.067887, -82.393669, 12.030000)	R:false  F:false
02-28 09:09:49.341 13511 13544 D NavServiceProvider: Second to last stop coordinates: 28.069259, -82.410618
02-28 09:09:49.341 13511 13544 D NavServiceProvider: Setting units automatically
02-28 09:09:49.343 13511 13544 D NavServiceProvider: Detecting stop. distance_d=1671.6282. stop_type=1 speed=12.25
02-28 09:09:49.343 13511 13544 D NavigationTest: 19: (28.068020, -82.393670, 12.250000)	R:false  F:false
02-28 09:09:49.343 13511 13544 D NavigationTest: 20: (28.068020, -82.393670, 12.250000)	R:false  F:false
02-28 09:09:49.343 13511 13544 D NavigationTest: 21: (28.068020, -82.393670, 12.250000)	R:false  F:false
02-28 09:09:49.343 13511 13544 D NavServiceProvider: Second to last stop coordinates: 28.069259, -82.410618
02-28 09:09:49.344 13511 13544 D NavServiceProvider: Setting units automatically
02-28 09:09:49.345 13511 13544 D NavServiceProvider: Detecting stop. distance_d=1671.7484. stop_type=1 speed=10.3
02-28 09:09:49.345 13511 13544 D NavigationTest: 22: (28.068130, -82.393659, 10.300000)	R:false  F:false
02-28 09:09:49.346 13511 13544 D NavigationTest: 23: (28.068130, -82.393659, 10.300000)	R:false  F:false
02-28 09:09:49.346 13511 13544 D NavigationTest: 24: (28.068130, -82.393659, 10.300000)	R:false  F:false
02-28 09:09:49.346 13511 13544 D NavServiceProvider: Second to last stop coordinates: 28.069259, -82.410618
02-28 09:09:49.346 13511 13544 D NavServiceProvider: Setting units automatically
02-28 09:09:49.347 13511 13544 D NavServiceProvider: Detecting stop. distance_d=1669.6951. stop_type=1 speed=10.35
02-28 09:09:49.347 13511 13544 D NavigationTest: 25: (28.068241, -82.393671, 10.350000)	R:false  F:false
02-28 09:09:49.347 13511 13544 D NavigationTest: 26: (28.068241, -82.393671, 10.350000)	R:false  F:false
02-28 09:09:49.347 13511 13544 D NavigationTest: 27: (28.068241, -82.393671, 10.350000)	R:false  F:false
02-28 09:09:49.347 13511 13544 D NavServiceProvider: Second to last stop coordinates: 28.069259, -82.410618
02-28 09:09:49.348 13511 13544 D NavServiceProvider: Setting units automatically
02-28 09:09:49.349 13511 13544 D NavServiceProvider: Detecting stop. distance_d=1669.2463. stop_type=1 speed=9.32
02-28 09:09:49.349 13511 13544 D NavigationTest: 28: (28.068331, -82.393669, 9.320000)	R:false  F:false
02-28 09:09:49.349 13511 13544 D NavigationTest: 29: (28.068331, -82.393669, 9.320000)	R:false  F:false
02-28 09:09:49.349 13511 13544 D NavigationTest: 30: (28.068331, -82.393669, 9.320000)	R:false  F:false
02-28 09:09:49.349 13511 13544 D NavServiceProvider: Second to last stop coordinates: 28.069259, -82.410618
02-28 09:09:49.350 13511 13544 D NavServiceProvider: Setting units automatically
02-28 09:09:49.351 13511 13544 D NavServiceProvider: Detecting stop. distance_d=1669.033. stop_type=1 speed=7.68
02-28 09:09:49.351 13511 13544 D NavigationTest: 31: (28.068393, -82.393667, 7.680000)	R:false  F:false
02-28 09:09:49.351 13511 13544 D NavigationTest: 32: (28.068393, -82.393667, 7.680000)	R:false  F:false
02-28 09:09:49.351 13511 13544 D NavigationTest: 33: (28.068393, -82.393667, 7.680000)	R:false  F:false
02-28 09:09:49.351 13511 13544 D NavServiceProvider: Second to last stop coordinates: 28.069259, -82.410618
02-28 09:09:49.352 13511 13544 D NavServiceProvider: Setting units automatically
02-28 09:09:49.353 13511 13544 D NavServiceProvider: Detecting stop. distance_d=1669.1304. stop_type=1 speed=6.32
02-28 09:09:49.354 13511 13544 D NavigationTest: 34: (28.068457, -82.393662, 6.320000)	R:false  F:false
02-28 09:09:49.354 13511 13544 D NavigationTest: 35: (28.068457, -82.393662, 6.320000)	R:false  F:false
02-28 09:09:49.354 13511 13544 D NavServiceProvider: Second to last stop coordinates: 28.069259, -82.410618
02-28 09:09:49.354 13511 13544 D NavServiceProvider: Setting units automatically
02-28 09:09:49.356 13511 13544 D NavServiceProvider: Detecting stop. distance_d=1669.4437. stop_type=1 speed=5.72
02-28 09:09:49.356 13511 13544 D NavigationTest: 36: (28.068523, -82.393655, 5.720000)	R:false  F:false
02-28 09:09:49.356 13511 13544 D NavigationTest: 37: (28.068523, -82.393655, 5.720000)	R:false  F:false
02-28 09:09:49.356 13511 13544 D NavigationTest: 38: (28.068523, -82.393655, 5.720000)	R:false  F:false
02-28 09:09:49.356 13511 13544 D NavServiceProvider: Second to last stop coordinates: 28.069259, -82.410618
02-28 09:09:49.357 13511 13544 D NavServiceProvider: Setting units automatically
02-28 09:09:49.357 13579 13612 W EventProcessor: callback.start() returned error code: -1
02-28 09:09:49.358 13511 13544 D NavServiceProvider: Detecting stop. distance_d=1667.9053. stop_type=1 speed=5.15
02-28 09:09:49.358 13511 13544 D NavigationTest: 39: (28.068573, -82.393668, 5.150000)	R:false  F:false
02-28 09:09:49.358 13511 13544 D NavigationTest: 40: (28.068573, -82.393668, 5.150000)	R:false  F:false
02-28 09:09:49.358 13511 13544 D NavServiceProvider: Second to last stop coordinates: 28.069259, -82.410618
02-28 09:09:49.359 13511 13544 D NavServiceProvider: Setting units automatically
02-28 09:09:49.361 13511 13544 D NavServiceProvider: Detecting stop. distance_d=1667.8345. stop_type=1 speed=4.4
02-28 09:09:49.361 13511 13544 D NavigationTest: 41: (28.068628, -82.393666, 4.400000)	R:false  F:false
02-28 09:09:49.361 13511 13544 D NavigationTest: 42: (28.068628, -82.393666, 4.400000)	R:false  F:false
02-28 09:09:49.361 13511 13544 D NavigationTest: 43: (28.068628, -82.393666, 4.400000)	R:false  F:false
02-28 09:09:49.361 13511 13544 D NavServiceProvider: Second to last stop coordinates: 28.069259, -82.410618
02-28 09:09:49.361 13511 13544 D NavServiceProvider: Setting units automatically
02-28 09:09:49.362 13511 13544 D NavServiceProvider: Detecting stop. distance_d=1667.8638. stop_type=1 speed=3.85
02-28 09:09:49.363 13511 13544 D NavigationTest: 44: (28.068665, -82.393664, 3.850000)	R:false  F:false
02-28 09:09:49.363 13511 13544 D NavigationTest: 45: (28.068665, -82.393664, 3.850000)	R:false  F:false
02-28 09:09:49.363 13511 13544 D NavServiceProvider: Second to last stop coordinates: 28.069259, -82.410618
02-28 09:09:49.363 13511 13544 D NavServiceProvider: Setting units automatically
02-28 09:09:49.364 13511 13544 D NavServiceProvider: Detecting stop. distance_d=1667.5309. stop_type=1 speed=3.47
02-28 09:09:49.364 13511 13544 D NavigationTest: 46: (28.068697, -82.393666, 3.470000)	R:false  F:false
02-28 09:09:49.364 13511 13544 D NavigationTest: 47: (28.068697, -82.393666, 3.470000)	R:false  F:false
02-28 09:09:49.364 13511 13544 D NavigationTest: 48: (28.068697, -82.393666, 3.470000)	R:false  F:false
02-28 09:09:49.364 13511 13544 D NavServiceProvider: Second to last stop coordinates: 28.069259, -82.410618
02-28 09:09:49.365 13511 13544 D NavServiceProvider: Setting units automatically
02-28 09:09:49.366 13511 13544 D NavServiceProvider: Detecting stop. distance_d=1667.3431. stop_type=1 speed=2.77
02-28 09:09:49.366 13511 13544 D NavigationTest: 49: (28.068719, -82.393667, 2.770000)	R:false  F:false
02-28 09:09:49.366 13511 13544 D NavigationTest: 50: (28.068719, -82.393667, 2.770000)	R:false  F:false
02-28 09:09:49.366 13511 13544 D NavServiceProvider: Second to last stop coordinates: 28.069259, -82.410618
02-28 09:09:49.367 13511 13544 D NavServiceProvider: Setting units automatically
02-28 09:09:49.370 13511 13544 D NavServiceProvider: Detecting stop. distance_d=1668.0547. stop_type=1 speed=1.66
02-28 09:09:49.370 13511 13544 D NavigationTest: 51: (28.068738, -82.393659, 1.660000)	R:false  F:false
02-28 09:09:49.370 13511 13544 D NavigationTest: 52: (28.068738, -82.393659, 1.660000)	R:false  F:false
02-28 09:09:49.370 13511 13544 D NavigationTest: 53: (28.068738, -82.393659, 1.660000)	R:false  F:false
02-28 09:09:49.370 13511 13544 D NavServiceProvider: Second to last stop coordinates: 28.069259, -82.410618
02-28 09:09:49.371 13511 13544 D NavServiceProvider: Setting units automatically
02-28 09:09:49.372 13579 13612 I GoogleTTSServiceImpl: Synthesis request for locale eng-USA and name en-US-language
02-28 09:09:49.372 13579 13612 I GoogleTTSServiceImpl: TTS dispatch: en-us-x-iog-seanet-embedded
02-28 09:09:49.372 13511 13544 D NavServiceProvider: Detecting stop. distance_d=1668.3002. stop_type=1 speed=0.83
02-28 09:09:49.373 13511 13544 D NavigationTest: 54: (28.068751, -82.393656, 0.830000)	R:false  F:false
02-28 09:09:49.373 13511 13544 D NavigationTest: 55: (28.068751, -82.393656, 0.830000)	R:false  F:false
02-28 09:09:49.373 13511 13544 D NavigationTest: 56: (28.068751, -82.393656, 0.830000)	R:false  F:false
02-28 09:09:49.373 13511 13544 D NavServiceProvider: Second to last stop coordinates: 28.069259, -82.410618
02-28 09:09:49.373 13511 13544 D NavServiceProvider: Setting units automatically
02-28 09:09:49.374 13511 13544 D NavServiceProvider: Detecting stop. distance_d=1668.0924. stop_type=1 speed=0.0
02-28 09:09:49.374 13511 13544 D NavigationTest: 57: (28.068754, -82.393658, 0.000000)	R:false  F:false
02-28 09:09:49.374 13511 13544 D NavigationTest: 58: (28.068754, -82.393658, 0.000000)	R:false  F:false
02-28 09:09:49.374 13511 13544 D NavServiceProvider: Second to last stop coordinates: 28.069259, -82.410618
02-28 09:09:49.375 13511 13544 D NavServiceProvider: Setting units automatically
02-28 09:09:49.376 13511 13544 D NavServiceProvider: Detecting stop. distance_d=1668.2964. stop_type=1 speed=0.0
02-28 09:09:49.376 13511 13544 D NavigationTest: 59: (28.068752, -82.393656, 0.000000)	R:false  F:false
02-28 09:09:49.376 13511 13544 D NavigationTest: 60: (28.068752, -82.393656, 0.000000)	R:false  F:false
02-28 09:09:49.376 13511 13544 D NavigationTest: 61: (28.068752, -82.393656, 0.000000)	R:false  F:false
02-28 09:09:49.376 13511 13544 D NavServiceProvider: Second to last stop coordinates: 28.069259, -82.410618
02-28 09:09:49.376   871   871 D audio_hw_primary: adev_get_parameters:vr_audio_mode_on
02-28 09:09:49.376   871   871 I audio_hw_primary: getting vr mode to 0
02-28 09:09:49.376   871   871 D audio_hw_primary: adev_get_parameters: exit: returns - vr_audio_mode_on=false
02-28 09:09:49.376 13511 13544 D NavServiceProvider: Setting units automatically
02-28 09:09:49.377   959  7905 I hash_map_utils: key: 'vr_audio_mode_on' value: ''
02-28 09:09:49.377   959  7905 I AudioPolicyManagerCustom: VR mode is 0, switch to primary output if request is for fast|raw
02-28 09:09:49.377   959  7905 I AudioPolicyManagerCustom: setting force DEEP buffer now
02-28 09:09:49.377   959  7905 D AudioFlinger: Client defaulted notificationFrames to 2048 for frameCount 4096
02-28 09:09:49.378 13511 13544 D NavServiceProvider: Detecting stop. distance_d=1667.8126. stop_type=1 speed=0.0
02-28 09:09:49.378 13511 13544 D NavigationTest: 62: (28.068750, -82.393661, 0.000000)	R:false  F:false
02-28 09:09:49.378 13511 13544 D NavigationTest: 63: (28.068750, -82.393661, 0.000000)	R:false  F:false
02-28 09:09:49.378 13511 13544 D NavServiceProvider: Second to last stop coordinates: 28.069259, -82.410618
02-28 09:09:49.378   959  7905 D AF::TrackHandle: OpPlayAudio: track:218 usage:1 not muted
02-28 09:09:49.378 13511 13544 D NavServiceProvider: Setting units automatically
02-28 09:09:49.379 13511 13544 D NavServiceProvider: Detecting stop. distance_d=1667.8052. stop_type=1 speed=0.0
02-28 09:09:49.379 13511 13544 D NavigationTest: 64: (28.068752, -82.393661, 0.000000)	R:false  F:false
02-28 09:09:49.379 13511 13544 D NavigationTest: 65: (28.068752, -82.393661, 0.000000)	R:false  F:false
02-28 09:09:49.380 13511 13544 D NavigationTest: 66: (28.068752, -82.393661, 0.000000)	R:false  F:false
02-28 09:09:49.380 13511 13544 D NavServiceProvider: Second to last stop coordinates: 28.069259, -82.410618
02-28 09:09:49.380 13511 13544 D NavServiceProvider: Setting units automatically
02-28 09:09:49.381 13511 13544 D NavServiceProvider: Detecting stop. distance_d=1667.7977. stop_type=1 speed=0.0
02-28 09:09:49.381 13511 13544 D NavigationTest: 67: (28.068754, -82.393661, 0.000000)	R:false  F:false
02-28 09:09:49.381 13511 13544 D NavigationTest: 68: (28.068754, -82.393661, 0.000000)	R:false  F:false
02-28 09:09:49.381 13511 13544 D NavServiceProvider: Second to last stop coordinates: 28.069259, -82.410618
02-28 09:09:49.382 13511 13544 D NavServiceProvider: Setting units automatically
02-28 09:09:49.382  2666  3413 D Avrcp_ext: AudioManager Player: ID:23 -- type:android.media.SoundPool -- u/pid:10126/2688 -- state:idle -- attr:AudioAttributes: usage=USAGE_ASSISTANCE_SONIFICATION content=CONTENT_TYPE_SONIFICATION flags=0x800 tags= bundle=null
02-28 09:09:49.382  2666  3413 D Avrcp_ext: AudioManager Player: ID:1335 -- type:android.media.AudioTrack -- u/pid:10088/13579 -- state:started -- attr:AudioAttributes: usage=USAGE_MEDIA content=CONTENT_TYPE_SPEECH flags=0x800 tags= bundle=null
02-28 09:09:49.382  2666  3413 D Avrcp_ext: AudioManager isPlaying: true
02-28 09:09:49.382  2666  3413 V Avrcp_ext: updateCurrentMediaState: mMediaController: null
02-28 09:09:49.383  2666  3413 V Avrcp_ext: isMusicActive: true getBluetoothPlayState: 2
02-28 09:09:49.383 13511 13544 D NavServiceProvider: Detecting stop. distance_d=1667.6086. stop_type=1 speed=0.0
02-28 09:09:49.383  2666  3413 V Avrcp_ext: updateCurrentMediaState: isPlaying = false
02-28 09:09:49.383 13511 13544 D NavigationTest: 69: (28.068752, -82.393663, 0.000000)	R:false  F:false
02-28 09:09:49.383  2666  3413 V Avrcp_ext: Media update: id -1➡-1? [MediaAttributes: none] : [MediaAttributes: none]
02-28 09:09:49.383 13511 13544 D NavigationTest: 70: (28.068752, -82.393663, 0.000000)	R:false  F:false
02-28 09:09:49.383  2666  3413 V Avrcp_ext: newPlayStatus:2mReportedPlayStatus:-1
02-28 09:09:49.383 13511 13544 D NavigationTest: 71: (28.068752, -82.393663, 0.000000)	R:false  F:false
02-28 09:09:49.383  2666  3413 V Avrcp_ext: updatePlaybackState, state: PlaybackState {state=2, position=-1, buffered position=0, speed=0.0, updated=1792714, actions=0, custom actions=[], active item id=-1, error=null} device: null
02-28 09:09:49.383 13511 13544 D NavServiceProvider: Second to last stop coordinates: 28.069259, -82.410618
02-28 09:09:49.383  2666  3413 V Avrcp_ext: Device: no name:
02-28 09:09:49.383  2666  3413 I chatty  : uid=1002(bluetooth) BluetoothAvrcpH identical 3 lines
02-28 09:09:49.383  2666  3413 V Avrcp_ext: Device: no name:
02-28 09:09:49.383  2666  3413 V Avrcp_ext: updatePlayerStateAndPosition, old=PlaybackState {state=2, position=-1, buffered position=0, speed=0.0, updated=1792583, actions=0, custom actions=[], active item id=-1, error=null}, state=PlaybackState {state=2, position=-1, buffered position=0, speed=0.0, updated=1792714, actions=0, custom actions=[], active item id=-1, error=null}
02-28 09:09:49.383  2666  3413 V Avrcp_ext: old state = PlaybackState {state=2, position=-1, buffered position=0, speed=0.0, updated=1792583, actions=0, custom actions=[], active item id=-1, error=null}, new state= PlaybackState {state=2, position=-1, buffered position=0, speed=0.0, updated=1792714, actions=0, custom actions=[], active item id=-1, error=null}
02-28 09:09:49.383  2666  3413 D HeadsetService: getHeadsetService(): returning com.android.bluetooth.hfp.HeadsetService@8a04d28
02-28 09:09:49.384 13511 13544 D NavServiceProvider: Setting units automatically
02-28 09:09:49.384  2666  3413 D HeadsetService:  isAudioOn: The number of audio connected devices 0
02-28 09:09:49.384  2666  3413 D HeadsetService: isScoOrCallActive(): Call Active:falseCall is Ringing:falseSCO is Active:false
02-28 09:09:49.384  2666  3413 D HeadsetService:  isAudioOn: The number of audio connected devices 0
02-28 09:09:49.384  2666  3413 I Avrcp_ext: updatePlayStatusForDevice: device: null
02-28 09:09:49.384  2666  3413 V Avrcp_ext: updatePlaybackState (1): old=PlaybackState {state=2, position=-1, buffered position=0, speed=0.0, updated=1792583, actions=0, custom actions=[], active item id=-1, error=null}(2), new=PlaybackState {state=2, position=-1, buffered position=0, speed=0.0, updated=1792714, actions=0, custom actions=[], active item id=-1, error=null}(2)
02-28 09:09:49.384  2666  3413 I Avrcp_ext: Exit updatePlayStatusForDevice
02-28 09:09:49.385  2666  3413 D HeadsetService:  isAudioOn: The number of audio connected devices 0
02-28 09:09:49.385  2666  3413 D HeadsetService: isScoOrCallActive(): Call Active:falseCall is Ringing:falseSCO is Active:false
02-28 09:09:49.385  2666  3413 D HeadsetService:  isAudioOn: The number of audio connected devices 0
02-28 09:09:49.385  2666  3413 I Avrcp_ext: updatePlayStatusForDevice: device: null
02-28 09:09:49.385  2666  3413 V Avrcp_ext: updatePlaybackState (1): old=PlaybackState {state=2, position=-1, buffered position=0, speed=0.0, updated=1792583, actions=0, custom actions=[], active item id=-1, error=null}(2), new=PlaybackState {state=2, position=-1, buffered position=0, speed=0.0, updated=1792714, actions=0, custom actions=[], active item id=-1, error=null}(2)
02-28 09:09:49.385  2666  3413 I Avrcp_ext: Exit updatePlayStatusForDevice
02-28 09:09:49.385 13511 13544 D NavServiceProvider: Detecting stop. distance_d=1667.4993. stop_type=1 speed=0.0
02-28 09:09:49.385 13511 13544 D NavigationTest: 72: (28.068755, -82.393664, 0.000000)	R:false  F:false
02-28 09:09:49.385 13511 13544 D NavigationTest: 73: (28.068755, -82.393664, 0.000000)	R:false  F:false
02-28 09:09:49.385  2666  3413 D HeadsetService:  isAudioOn: The number of audio connected devices 0
02-28 09:09:49.385 13511 13544 D NavigationTest: 74: (28.068755, -82.393664, 0.000000)	R:false  F:false
02-28 09:09:49.385  2666  3413 D HeadsetService: isScoOrCallActive(): Call Active:falseCall is Ringing:falseSCO is Active:false
02-28 09:09:49.385 13511 13544 D NavServiceProvider: Second to last stop coordinates: 28.069259, -82.410618
02-28 09:09:49.385  2666  3413 D HeadsetService:  isAudioOn: The number of audio connected devices 0
02-28 09:09:49.385  2666  3413 I Avrcp_ext: updatePlayStatusForDevice: device: null
02-28 09:09:49.385  2666  3413 V Avrcp_ext: updatePlaybackState (1): old=PlaybackState {state=2, position=-1, buffered position=0, speed=0.0, updated=1792583, actions=0, custom actions=[], active item id=-1, error=null}(2), new=PlaybackState {state=2, position=-1, buffered position=0, speed=0.0, updated=1792714, actions=0, custom actions=[], active item id=-1, error=null}(2)
02-28 09:09:49.385  2666  3413 I Avrcp_ext: Exit updatePlayStatusForDevice
02-28 09:09:49.386 13511 13544 D NavServiceProvider: Setting units automatically
02-28 09:09:49.386  2666  3413 D HeadsetService:  isAudioOn: The number of audio connected devices 0
02-28 09:09:49.386  2666  3413 D HeadsetService: isScoOrCallActive(): Call Active:falseCall is Ringing:falseSCO is Active:false
02-28 09:09:49.386  2666  3413 D HeadsetService:  isAudioOn: The number of audio connected devices 0
02-28 09:09:49.386  2666  3413 I Avrcp_ext: updatePlayStatusForDevice: device: null
02-28 09:09:49.386  2666  3413 V Avrcp_ext: updatePlaybackState (1): old=PlaybackState {state=2, position=-1, buffered position=0, speed=0.0, updated=1792583, actions=0, custom actions=[], active item id=-1, error=null}(2), new=PlaybackState {state=2, position=-1, buffered position=0, speed=0.0, updated=1792714, actions=0, custom actions=[], active item id=-1, error=null}(2)
02-28 09:09:49.386  2666  3413 I Avrcp_ext: Exit updatePlayStatusForDevice
02-28 09:09:49.386  2666  3413 D HeadsetService:  isAudioOn: The number of audio connected devices 0
02-28 09:09:49.386  2666  3413 D HeadsetService: isScoOrCallActive(): Call Active:falseCall is Ringing:falseSCO is Active:false
02-28 09:09:49.387 13511 13544 D NavServiceProvider: Detecting stop. distance_d=1667.6124. stop_type=1 speed=0.0
02-28 09:09:49.387  2666  3413 D HeadsetService:  isAudioOn: The number of audio connected devices 0
02-28 09:09:49.387  2666  3413 I Avrcp_ext: updatePlayStatusForDevice: device: null
02-28 09:09:49.387 13511 13544 D NavigationTest: 75: (28.068751, -82.393663, 0.000000)	R:false  F:false
02-28 09:09:49.387  2666  3413 V Avrcp_ext: updatePlaybackState (1): old=PlaybackState {state=2, position=-1, buffered position=0, speed=0.0, updated=1792583, actions=0, custom actions=[], active item id=-1, error=null}(2), new=PlaybackState {state=2, position=-1, buffered position=0, speed=0.0, updated=1792714, actions=0, custom actions=[], active item id=-1, error=null}(2)
02-28 09:09:49.387  2666  3413 I Avrcp_ext: Exit updatePlayStatusForDevice
02-28 09:09:49.387 13511 13544 D NavigationTest: 76: (28.068751, -82.393663, 0.000000)	R:false  F:false
02-28 09:09:49.387  2666  3413 D Avrcp_ext: Enter sendPlayPosNotificationRsp
02-28 09:09:49.387 13511 13544 D NavServiceProvider: Second to last stop coordinates: 28.069259, -82.410618
02-28 09:09:49.387  2666  3413 D Avrcp_ext: sendPlayPosNotificationRsp: Not registered or requesting.
02-28 09:09:49.387  2666  3413 D Avrcp_ext: Enter sendPlayPosNotificationRsp
02-28 09:09:49.387  2666  3413 D Avrcp_ext: sendPlayPosNotificationRsp: Not registered or requesting.
02-28 09:09:49.387  2666  3413 D Avrcp_ext: Enter sendPlayPosNotificationRsp
02-28 09:09:49.387  2666  3413 D Avrcp_ext: sendPlayPosNotificationRsp: Not registered or requesting.
02-28 09:09:49.387  2666  3413 D Avrcp_ext: Enter sendPlayPosNotificationRsp
02-28 09:09:49.387  2666  3413 D Avrcp_ext: sendPlayPosNotificationRsp: Not registered or requesting.
02-28 09:09:49.387  2666  3413 D Avrcp_ext: Enter sendPlayPosNotificationRsp
02-28 09:09:49.387  2666  3413 D Avrcp_ext: sendPlayPosNotificationRsp: Not registered or requesting.
02-28 09:09:49.387  2666  3413 V Avrcp_ext: Exit updatePlayerStateAndPosition
02-28 09:09:49.388 13511 13544 D NavServiceProvider: Setting units automatically
02-28 09:09:49.389 13511 13544 D NavServiceProvider: Detecting stop. distance_d=1667.6162. stop_type=1 speed=0.0
02-28 09:09:49.389 13511 13544 D NavigationTest: 77: (28.068750, -82.393663, 0.000000)	R:false  F:false
02-28 09:09:49.389 13511 13544 D NavigationTest: 78: (28.068750, -82.393663, 0.000000)	R:false  F:false
02-28 09:09:49.389 13511 13544 D NavigationTest: 79: (28.068750, -82.393663, 0.000000)	R:false  F:false
02-28 09:09:49.389 13511 13544 D NavServiceProvider: Second to last stop coordinates: 28.069259, -82.410618
02-28 09:09:49.389 13511 13544 D NavServiceProvider: Setting units automatically
02-28 09:09:49.390 13511 13544 D NavServiceProvider: Detecting stop. distance_d=1667.6162. stop_type=1 speed=0.0
02-28 09:09:49.391 13511 13544 D NavigationTest: 80: (28.068750, -82.393663, 0.000000)	R:false  F:false
02-28 09:09:49.391 13511 13544 D NavigationTest: 81: (28.068750, -82.393663, 0.000000)	R:false  F:false
02-28 09:09:49.391 13511 13544 D NavigationTest: 82: (28.068750, -82.393663, 0.000000)	R:false  F:false
02-28 09:09:49.391 13511 13544 D NavServiceProvider: Second to last stop coordinates: 28.069259, -82.410618
02-28 09:09:49.391 13511 13544 D NavServiceProvider: Setting units automatically
02-28 09:09:49.392 13511 13544 D NavServiceProvider: Detecting stop. distance_d=1667.6162. stop_type=1 speed=0.0
02-28 09:09:49.392 13511 13544 D NavigationTest: 83: (28.068750, -82.393663, 0.000000)	R:false  F:false
02-28 09:09:49.392 13511 13544 D NavigationTest: 84: (28.068750, -82.393663, 0.000000)	R:false  F:false
02-28 09:09:49.392 13511 13544 D NavServiceProvider: Second to last stop coordinates: 28.069259, -82.410618
02-28 09:09:49.393 13511 13544 D NavServiceProvider: Setting units automatically
02-28 09:09:49.394 13511 13544 D NavServiceProvider: Detecting stop. distance_d=1667.6162. stop_type=1 speed=0.0
02-28 09:09:49.394 13511 13544 D NavigationTest: 85: (28.068750, -82.393663, 0.000000)	R:false  F:false
02-28 09:09:49.394 13511 13544 D NavigationTest: 86: (28.068750, -82.393663, 0.000000)	R:false  F:false
02-28 09:09:49.394 13511 13544 D NavigationTest: 87: (28.068750, -82.393663, 0.000000)	R:false  F:false
02-28 09:09:49.394 13511 13544 D NavServiceProvider: Second to last stop coordinates: 28.069259, -82.410618
02-28 09:09:49.394 13511 13544 D NavServiceProvider: Setting units automatically
02-28 09:09:49.395 13511 13544 D NavServiceProvider: Detecting stop. distance_d=1667.6162. stop_type=1 speed=0.0
02-28 09:09:49.395 13511 13544 D NavigationTest: 88: (28.068750, -82.393663, 0.000000)	R:false  F:false
02-28 09:09:49.395 13511 13544 D NavigationTest: 89: (28.068750, -82.393663, 0.000000)	R:false  F:false
02-28 09:09:49.395 13511 13544 D NavigationTest: 90: (28.068750, -82.393663, 0.000000)	R:false  F:false
02-28 09:09:49.395 13511 13544 D NavServiceProvider: Second to last stop coordinates: 28.069259, -82.410618
02-28 09:09:49.396 13511 13544 D NavServiceProvider: Setting units automatically
02-28 09:09:49.397 13511 13544 D NavServiceProvider: Detecting stop. distance_d=1667.6162. stop_type=1 speed=0.0
02-28 09:09:49.397 13511 13544 D NavigationTest: 91: (28.068750, -82.393663, 0.000000)	R:false  F:false
02-28 09:09:49.397 13511 13544 D NavigationTest: 92: (28.068750, -82.393663, 0.000000)	R:false  F:false
02-28 09:09:49.397 13511 13544 D NavServiceProvider: Second to last stop coordinates: 28.069259, -82.410618
02-28 09:09:49.397 13511 13544 D NavServiceProvider: Setting units automatically
02-28 09:09:49.398 13511 13544 D NavServiceProvider: Detecting stop. distance_d=1667.6162. stop_type=1 speed=0.0
02-28 09:09:49.398 13511 13544 D NavigationTest: 93: (28.068750, -82.393663, 0.000000)	R:false  F:false
02-28 09:09:49.398 13511 13544 D NavigationTest: 94: (28.068750, -82.393663, 0.000000)	R:false  F:false
02-28 09:09:49.398 13511 13544 D NavigationTest: 95: (28.068750, -82.393663, 0.000000)	R:false  F:false
02-28 09:09:49.398 13511 13544 D NavServiceProvider: Second to last stop coordinates: 28.069259, -82.410618
02-28 09:09:49.399 13511 13544 D NavServiceProvider: Setting units automatically
02-28 09:09:49.400 13511 13544 D NavServiceProvider: Detecting stop. distance_d=1667.6162. stop_type=1 speed=0.0
02-28 09:09:49.400 13511 13544 D NavigationTest: 96: (28.068750, -82.393663, 0.000000)	R:false  F:false
02-28 09:09:49.400 13511 13544 D NavigationTest: 97: (28.068750, -82.393663, 0.000000)	R:false  F:false
02-28 09:09:49.400 13511 13544 D NavServiceProvider: Second to last stop coordinates: 28.069259, -82.410618
02-28 09:09:49.400 13511 13544 D NavServiceProvider: Setting units automatically
02-28 09:09:49.401 13511 13544 D NavServiceProvider: Detecting stop. distance_d=1667.6162. stop_type=1 speed=0.0
02-28 09:09:49.401 13511 13544 D NavigationTest: 98: (28.068750, -82.393663, 0.000000)	R:false  F:false
02-28 09:09:49.401 13511 13544 D NavigationTest: 99: (28.068750, -82.393663, 0.000000)	R:false  F:false
02-28 09:09:49.401 13511 13544 D NavigationTest: 100: (28.068750, -82.393663, 0.000000)	R:false  F:false
02-28 09:09:49.401 13511 13544 D NavServiceProvider: Second to last stop coordinates: 28.069259, -82.410618
02-28 09:09:49.402 13511 13544 D NavServiceProvider: Setting units automatically
02-28 09:09:49.403 13511 13544 D NavServiceProvider: Detecting stop. distance_d=1667.6162. stop_type=1 speed=0.0
02-28 09:09:49.403 13511 13544 D NavigationTest: 101: (28.068750, -82.393663, 0.000000)	R:false  F:false
02-28 09:09:49.403 13511 13544 D NavigationTest: 102: (28.068750, -82.393663, 0.000000)	R:false  F:false
02-28 09:09:49.403 13511 13544 D NavigationTest: 103: (28.068750, -82.393663, 0.000000)	R:false  F:false
02-28 09:09:49.403 13511 13544 D NavServiceProvider: Second to last stop coordinates: 28.069259, -82.410618
02-28 09:09:49.403 13511 13544 D NavServiceProvider: Setting units automatically
02-28 09:09:49.404 13511 13544 D NavServiceProvider: Detecting stop. distance_d=1667.6162. stop_type=1 speed=0.0
02-28 09:09:49.404 13511 13544 D NavigationTest: 104: (28.068750, -82.393663, 0.000000)	R:false  F:false
02-28 09:09:49.404 13511 13544 D NavigationTest: 105: (28.068750, -82.393663, 0.000000)	R:false  F:false
02-28 09:09:49.404 13511 13544 D NavServiceProvider: Second to last stop coordinates: 28.069259, -82.410618
02-28 09:09:49.404 13511 13544 D NavServiceProvider: Setting units automatically
02-28 09:09:49.405 13511 13544 D NavServiceProvider: Detecting stop. distance_d=1667.7181. stop_type=1 speed=0.0
02-28 09:09:49.405 13511 13544 D NavigationTest: 106: (28.068749, -82.393662, 0.000000)	R:false  F:false
02-28 09:09:49.406 13511 13544 D NavigationTest: 107: (28.068749, -82.393662, 0.000000)	R:false  F:false
02-28 09:09:49.406 13511 13544 D NavigationTest: 108: (28.068749, -82.393662, 0.000000)	R:false  F:false
02-28 09:09:49.406 13511 13544 D NavServiceProvider: Second to last stop coordinates: 28.069259, -82.410618
02-28 09:09:49.406 13511 13544 D NavServiceProvider: Setting units automatically
02-28 09:09:49.407 13511 13544 D NavServiceProvider: Detecting stop. distance_d=1667.7181. stop_type=1 speed=0.0
02-28 09:09:49.407 13511 13544 D NavigationTest: 109: (28.068749, -82.393662, 0.000000)	R:false  F:false
02-28 09:09:49.407 13511 13544 D NavigationTest: 110: (28.068749, -82.393662, 0.000000)	R:false  F:false
02-28 09:09:49.407 13511 13544 D NavServiceProvider: Second to last stop coordinates: 28.069259, -82.410618
02-28 09:09:49.407 13511 13544 D NavServiceProvider: Setting units automatically
02-28 09:09:49.408 13511 13544 D NavServiceProvider: Detecting stop. distance_d=1667.7219. stop_type=1 speed=0.0
02-28 09:09:49.408 13511 13544 D NavigationTest: 111: (28.068748, -82.393662, 0.000000)	R:false  F:false
02-28 09:09:49.408 13511 13544 D NavigationTest: 112: (28.068748, -82.393662, 0.000000)	R:false  F:false
02-28 09:09:49.408 13511 13544 D NavigationTest: 113: (28.068748, -82.393662, 0.000000)	R:false  F:false
02-28 09:09:49.408 13511 13544 D NavServiceProvider: Second to last stop coordinates: 28.069259, -82.410618
02-28 09:09:49.409 13511 13544 D NavServiceProvider: Setting units automatically
02-28 09:09:49.410 13511 13544 D NavServiceProvider: Detecting stop. distance_d=1667.7219. stop_type=1 speed=0.0
02-28 09:09:49.410 13511 13544 D NavigationTest: 114: (28.068748, -82.393662, 0.000000)	R:false  F:false
02-28 09:09:49.410 13511 13544 D NavigationTest: 115: (28.068748, -82.393662, 0.000000)	R:false  F:false
02-28 09:09:49.410 13511 13544 D NavigationTest: 116: (28.068748, -82.393662, 0.000000)	R:false  F:false
02-28 09:09:49.410 13511 13544 D NavServiceProvider: Second to last stop coordinates: 28.069259, -82.410618
02-28 09:09:49.410 13511 13544 D NavServiceProvider: Setting units automatically
02-28 09:09:49.411 13511 13544 D NavServiceProvider: Detecting stop. distance_d=1667.7219. stop_type=1 speed=0.0
02-28 09:09:49.411 13511 13544 D NavigationTest: 117: (28.068748, -82.393662, 0.000000)	R:false  F:false
02-28 09:09:49.411 13511 13544 D NavigationTest: 118: (28.068748, -82.393662, 0.000000)	R:false  F:false
02-28 09:09:49.411 13511 13544 D NavServiceProvider: Second to last stop coordinates: 28.069259, -82.410618
02-28 09:09:49.412 13511 13544 D NavServiceProvider: Setting units automatically
02-28 09:09:49.413 13511 13544 D NavServiceProvider: Detecting stop. distance_d=1667.7219. stop_type=1 speed=0.0
02-28 09:09:49.413 13511 13544 D NavigationTest: 119: (28.068748, -82.393662, 0.000000)	R:false  F:false
02-28 09:09:49.413 13511 13544 D NavigationTest: 120: (28.068748, -82.393662, 0.000000)	R:false  F:false
02-28 09:09:49.413 13511 13544 D NavigationTest: 121: (28.068748, -82.393662, 0.000000)	R:false  F:false
02-28 09:09:49.413 13511 13544 D NavServiceProvider: Second to last stop coordinates: 28.069259, -82.410618
02-28 09:09:49.413 13511 13544 D NavServiceProvider: Setting units automatically
02-28 09:09:49.414   871   911 D msm8974_platform: platform_split_snd_device: snd_device(2) num devices(1) new_snd_devices(0)
02-28 09:09:49.415 13511 13544 D NavServiceProvider: Detecting stop. distance_d=1667.7219. stop_type=1 speed=0.0
02-28 09:09:49.415 13511 13544 D NavigationTest: 122: (28.068748, -82.393662, 0.000000)	R:false  F:false
02-28 09:09:49.415 13511 13544 D NavigationTest: 123: (28.068748, -82.393662, 0.000000)	R:false  F:false
02-28 09:09:49.415 13511 13544 D NavServiceProvider: Second to last stop coordinates: 28.069259, -82.410618
02-28 09:09:49.415 13511 13544 D NavServiceProvider: Setting units automatically
02-28 09:09:49.416 13511 13544 D NavServiceProvider: Detecting stop. distance_d=1667.3176. stop_type=1 speed=0.0
02-28 09:09:49.416 13511 13544 D NavigationTest: 124: (28.068751, -82.393666, 0.000000)	R:false  F:false
02-28 09:09:49.416 13511 13544 D NavigationTest: 125: (28.068751, -82.393666, 0.000000)	R:false  F:false
02-28 09:09:49.416 13511 13544 D NavigationTest: 126: (28.068751, -82.393666, 0.000000)	R:false  F:false
02-28 09:09:49.416 13511 13544 D NavServiceProvider: Second to last stop coordinates: 28.069259, -82.410618
02-28 09:09:49.417 13511 13544 D NavServiceProvider: Setting units automatically
02-28 09:09:49.419 13511 13544 D NavServiceProvider: Detecting stop. distance_d=1667.3176. stop_type=1 speed=0.0
02-28 09:09:49.419 13511 13544 D NavigationTest: 127: (28.068751, -82.393666, 0.000000)	R:false  F:false
02-28 09:09:49.419 13511 13544 D NavigationTest: 128: (28.068751, -82.393666, 0.000000)	R:false  F:false
02-28 09:09:49.419 13511 13544 D NavServiceProvider: Second to last stop coordinates: 28.069259, -82.410618
02-28 09:09:49.419 13511 13544 D NavServiceProvider: Setting units automatically
02-28 09:09:49.420 13511 13544 D NavServiceProvider: Detecting stop. distance_d=1667.3176. stop_type=1 speed=0.0
02-28 09:09:49.420 13511 13544 D NavigationTest: 129: (28.068751, -82.393666, 0.000000)	R:false  F:false
02-28 09:09:49.420 13511 13544 D NavigationTest: 130: (28.068751, -82.393666, 0.000000)	R:false  F:false
02-28 09:09:49.420 13511 13544 D NavigationTest: 131: (28.068751, -82.393666, 0.000000)	R:false  F:false
02-28 09:09:49.421 13511 13544 D NavServiceProvider: Second to last stop coordinates: 28.069259, -82.410618
02-28 09:09:49.421 13511 13544 D NavServiceProvider: Setting units automatically
02-28 09:09:49.422 13511 13544 D NavServiceProvider: Detecting stop. distance_d=1667.3102. stop_type=1 speed=0.0
02-28 09:09:49.422 13511 13544 D NavigationTest: 132: (28.068753, -82.393666, 0.000000)	R:false  F:false
02-28 09:09:49.422 13511 13544 D NavigationTest: 133: (28.068753, -82.393666, 0.000000)	R:false  F:false
02-28 09:09:49.422 13511 13544 D NavServiceProvider: Second to last stop coordinates: 28.069259, -82.410618
02-28 09:09:49.423 13511 13544 D NavServiceProvider: Setting units automatically
02-28 09:09:49.424 13511 13544 D NavServiceProvider: Detecting stop. distance_d=1667.3102. stop_type=1 speed=0.0
02-28 09:09:49.424 13511 13544 D NavigationTest: 134: (28.068753, -82.393666, 0.000000)	R:false  F:false
02-28 09:09:49.424 13511 13544 D NavigationTest: 135: (28.068753, -82.393666, 0.000000)	R:false  F:false
02-28 09:09:49.424 13511 13544 D NavigationTest: 136: (28.068753, -82.393666, 0.000000)	R:false  F:false
02-28 09:09:49.424 13511 13544 D NavServiceProvider: Second to last stop coordinates: 28.069259, -82.410618
02-28 09:09:49.424 13511 13544 D NavServiceProvider: Setting units automatically
02-28 09:09:49.425 13511 13544 D NavServiceProvider: Detecting stop. distance_d=1667.2119. stop_type=1 speed=0.0
02-28 09:09:49.425 13511 13544 D NavigationTest: 137: (28.068753, -82.393667, 0.000000)	R:false  F:false
02-28 09:09:49.425 13511 13544 D NavigationTest: 138: (28.068753, -82.393667, 0.000000)	R:false  F:false
02-28 09:09:49.426 13511 13544 D NavigationTest: 139: (28.068753, -82.393667, 0.000000)	R:false  F:false
02-28 09:09:49.426 13511 13544 D NavServiceProvider: Second to last stop coordinates: 28.069259, -82.410618
02-28 09:09:49.426 13511 13544 D NavServiceProvider: Setting units automatically
02-28 09:09:49.427 13511 13544 D NavServiceProvider: Detecting stop. distance_d=1667.2119. stop_type=1 speed=0.0
02-28 09:09:49.427 13511 13544 D NavigationTest: 140: (28.068753, -82.393667, 0.000000)	R:false  F:false
02-28 09:09:49.427 13511 13544 D NavigationTest: 141: (28.068753, -82.393667, 0.000000)	R:false  F:false
02-28 09:09:49.427 13511 13544 D NavigationTest: 142: (28.068753, -82.393667, 0.000000)	R:false  F:false
02-28 09:09:49.427 13511 13544 D NavServiceProvider: Second to last stop coordinates: 28.069259, -82.410618
02-28 09:09:49.428 13511 13544 D NavServiceProvider: Setting units automatically
02-28 09:09:49.429 13511 13544 D NavServiceProvider: Detecting stop. distance_d=1667.3065. stop_type=1 speed=0.0
02-28 09:09:49.429 13511 13544 D NavigationTest: 143: (28.068754, -82.393666, 0.000000)	R:false  F:false
02-28 09:09:49.429 13511 13544 D NavigationTest: 144: (28.068754, -82.393666, 0.000000)	R:false  F:false
02-28 09:09:49.429 13511 13544 D NavServiceProvider: Second to last stop coordinates: 28.069259, -82.410618
02-28 09:09:49.429 13511 13544 D NavServiceProvider: Setting units automatically
02-28 09:09:49.430 13511 13544 D NavServiceProvider: Detecting stop. distance_d=1667.3065. stop_type=1 speed=0.0
02-28 09:09:49.430 13511 13544 D NavigationTest: 145: (28.068754, -82.393666, 0.000000)	R:false  F:false
02-28 09:09:49.430 13511 13544 D NavigationTest: 146: (28.068754, -82.393666, 0.000000)	R:false  F:false
02-28 09:09:49.431 13511 13544 D NavigationTest: 147: (28.068754, -82.393666, 0.000000)	R:false  F:false
02-28 09:09:49.431 13511 13544 D NavServiceProvider: Second to last stop coordinates: 28.069259, -82.410618
02-28 09:09:49.431 13511 13544 D NavServiceProvider: Setting units automatically
02-28 09:09:49.432 13511 13544 D NavServiceProvider: Detecting stop. distance_d=1667.3065. stop_type=1 speed=0.0
02-28 09:09:49.432 13511 13544 D NavigationTest: 148: (28.068754, -82.393666, 0.000000)	R:false  F:false
02-28 09:09:49.432 13511 13544 D NavigationTest: 149: (28.068754, -82.393666, 0.000000)	R:false  F:false
02-28 09:09:49.432 13511 13544 D NavServiceProvider: Second to last stop coordinates: 28.069259, -82.410618
02-28 09:09:49.432 13511 13544 D NavServiceProvider: Setting units automatically
02-28 09:09:49.433 13511 13544 D NavServiceProvider: Detecting stop. distance_d=1667.3065. stop_type=1 speed=0.0
02-28 09:09:49.433 13511 13544 D NavigationTest: 150: (28.068754, -82.393666, 0.000000)	R:false  F:false
02-28 09:09:49.433 13511 13544 D NavigationTest: 151: (28.068754, -82.393666, 0.000000)	R:false  F:false
02-28 09:09:49.433 13511 13544 D NavigationTest: 152: (28.068754, -82.393666, 0.000000)	R:false  F:false
02-28 09:09:49.433 13511 13544 D NavServiceProvider: Second to last stop coordinates: 28.069259, -82.410618
02-28 09:09:49.434 13511 13544 D NavServiceProvider: Setting units automatically
02-28 09:09:49.435 13511 13544 D NavServiceProvider: Detecting stop. distance_d=1667.3065. stop_type=1 speed=0.0
02-28 09:09:49.435 13511 13544 D NavigationTest: 153: (28.068754, -82.393666, 0.000000)	R:false  F:false
02-28 09:09:49.435 13511 13544 D NavigationTest: 154: (28.068754, -82.393666, 0.000000)	R:false  F:false
02-28 09:09:49.435 13511 13544 D NavigationTest: 155: (28.068754, -82.393666, 0.000000)	R:false  F:false
02-28 09:09:49.435 13511 13544 D NavServiceProvider: Second to last stop coordinates: 28.069259, -82.410618
02-28 09:09:49.435 13511 13544 D NavServiceProvider: Setting units automatically
02-28 09:09:49.436 13511 13544 D NavServiceProvider: Detecting stop. distance_d=1667.3065. stop_type=1 speed=0.0
02-28 09:09:49.436 13511 13544 D NavigationTest: 156: (28.068754, -82.393666, 0.000000)	R:false  F:false
02-28 09:09:49.436 13511 13544 D NavigationTest: 157: (28.068754, -82.393666, 0.000000)	R:false  F:false
02-28 09:09:49.436 13511 13544 D NavServiceProvider: Second to last stop coordinates: 28.069259, -82.410618
02-28 09:09:49.436 13511 13544 D NavServiceProvider: Setting units automatically
02-28 09:09:49.437 13511 13544 D NavServiceProvider: Detecting stop. distance_d=1667.3065. stop_type=1 speed=0.0
02-28 09:09:49.438 13511 13544 D NavigationTest: 158: (28.068754, -82.393666, 0.000000)	R:false  F:false
02-28 09:09:49.438 13511 13544 D NavigationTest: 159: (28.068754, -82.393666, 0.000000)	R:false  F:false
02-28 09:09:49.438 13511 13544 D NavigationTest: 160: (28.068754, -82.393666, 0.000000)	R:false  F:false
02-28 09:09:49.438 13511 13544 D NavServiceProvider: Second to last stop coordinates: 28.069259, -82.410618
02-28 09:09:49.438 13511 13544 D NavServiceProvider: Setting units automatically
02-28 09:09:49.439 13511 13544 D NavServiceProvider: Detecting stop. distance_d=1667.3065. stop_type=1 speed=0.0
02-28 09:09:49.439 13511 13544 D NavigationTest: 161: (28.068754, -82.393666, 0.000000)	R:false  F:false
02-28 09:09:49.439 13511 13544 D NavigationTest: 162: (28.068754, -82.393666, 0.000000)	R:false  F:false
02-28 09:09:49.439 13511 13544 D NavServiceProvider: Second to last stop coordinates: 28.069259, -82.410618
02-28 09:09:49.439 13511 13544 D NavServiceProvider: Setting units automatically
02-28 09:09:49.440 13511 13544 D NavServiceProvider: Detecting stop. distance_d=1667.3065. stop_type=1 speed=0.0
02-28 09:09:49.440 13511 13544 D NavigationTest: 163: (28.068754, -82.393666, 0.000000)	R:false  F:false
02-28 09:09:49.440 13511 13544 D NavigationTest: 164: (28.068754, -82.393666, 0.000000)	R:false  F:false
02-28 09:09:49.440 13511 13544 D NavigationTest: 165: (28.068754, -82.393666, 0.000000)	R:false  F:false
02-28 09:09:49.441 13511 13544 D NavServiceProvider: Second to last stop coordinates: 28.069259, -82.410618
02-28 09:09:49.441 13511 13544 D NavServiceProvider: Setting units automatically
02-28 09:09:49.442 13511 13544 D NavServiceProvider: Detecting stop. distance_d=1667.3936. stop_type=1 speed=0.8
02-28 09:09:49.442 13511 13544 D NavigationTest: 166: (28.068757, -82.393665, 0.800000)	R:false  F:false
02-28 09:09:49.442 13511 13544 D NavigationTest: 167: (28.068757, -82.393665, 0.800000)	R:false  F:false
02-28 09:09:49.442 13511 13544 D NavServiceProvider: Second to last stop coordinates: 28.069259, -82.410618
02-28 09:09:49.442 13511 13544 D NavServiceProvider: Setting units automatically
02-28 09:09:49.443 13511 13544 D NavServiceProvider: Detecting stop. distance_d=1666.5278. stop_type=1 speed=2.17
02-28 09:09:49.443 13511 13544 D NavigationTest: 168: (28.068779, -82.393673, 2.170000)	R:false  F:false
02-28 09:09:49.443 13511 13544 D NavigationTest: 169: (28.068779, -82.393673, 2.170000)	R:false  F:false
02-28 09:09:49.443 13511 13544 D NavigationTest: 170: (28.068779, -82.393673, 2.170000)	R:false  F:false
02-28 09:09:49.443 13511 13544 D NavServiceProvider: Second to last stop coordinates: 28.069259, -82.410618
02-28 09:09:49.444 13511 13544 D NavServiceProvider: Setting units automatically
02-28 09:09:49.445 13511 13544 D NavServiceProvider: Detecting stop. distance_d=1666.2417. stop_type=1 speed=3.45
02-28 09:09:49.445 13511 13544 D NavigationTest: 171: (28.068805, -82.393675, 3.450000)	R:false  F:false
02-28 09:09:49.445 13511 13544 D NavigationTest: 172: (28.068805, -82.393675, 3.450000)	R:false  F:false
02-28 09:09:49.445 13511 13544 D NavigationTest: 173: (28.068805, -82.393675, 3.450000)	R:false  F:false
02-28 09:09:49.445 13511 13544 D NavServiceProvider: Second to last stop coordinates: 28.069259, -82.410618
02-28 09:09:49.445 13511 13544 D NavServiceProvider: Setting units automatically
02-28 09:09:49.446 13511 13544 D NavServiceProvider: Detecting stop. distance_d=1665.7357. stop_type=1 speed=4.51
02-28 09:09:49.446 13511 13544 D NavigationTest: 174: (28.068840, -82.393679, 4.510000)	R:false  F:false
02-28 09:09:49.446 13511 13544 D NavigationTest: 175: (28.068840, -82.393679, 4.510000)	R:false  F:false
02-28 09:09:49.446 13511 13544 D NavServiceProvider: Second to last stop coordinates: 28.069259, -82.410618
02-28 09:09:49.446 13511 13544 D NavServiceProvider: Setting units automatically
02-28 09:09:49.447 13511 13544 D NavServiceProvider: Detecting stop. distance_d=1665.8004. stop_type=1 speed=5.6
02-28 09:09:49.447 13511 13544 D NavigationTest: 176: (28.068885, -82.393677, 5.600000)	R:false  F:false
02-28 09:09:49.448 13511 13544 D NavigationTest: 177: (28.068885, -82.393677, 5.600000)	R:false  F:false
02-28 09:09:49.448 13511 13544 D NavigationTest: 178: (28.068885, -82.393677, 5.600000)	R:false  F:false
02-28 09:09:49.448 13511 13544 D NavServiceProvider: Second to last stop coordinates: 28.069259, -82.410618
02-28 09:09:49.448 13511 13544 D NavServiceProvider: Setting units automatically
02-28 09:09:49.449 13511 13544 D NavServiceProvider: Detecting stop. distance_d=1666.472. stop_type=1 speed=6.1
02-28 09:09:49.449 13511 13544 D NavigationTest: 179: (28.068929, -82.393669, 6.100000)	R:false  F:false
02-28 09:09:49.449 13511 13544 D NavigationTest: 180: (28.068929, -82.393669, 6.100000)	R:false  F:false
02-28 09:09:49.449 13511 13544 D NavigationTest: 181: (28.068929, -82.393669, 6.100000)	R:false  F:false
02-28 09:09:49.449 13511 13544 D NavServiceProvider: Second to last stop coordinates: 28.069259, -82.410618
02-28 09:09:49.449 13511 13544 D NavServiceProvider: Setting units automatically
02-28 09:09:49.450 13511 13544 D NavServiceProvider: Detecting stop. distance_d=1665.8556. stop_type=1 speed=6.28
02-28 09:09:49.451 13511 13544 D NavigationTest: 182: (28.068985, -82.393674, 6.280000)	R:false  F:false
02-28 09:09:49.451 13511 13544 D NavigationTest: 183: (28.068985, -82.393674, 6.280000)	R:false  F:false
