02-28 09:09:45.544 13511 13544 I TestRunner: started: testTrip20(org.onebusaway.android.nav.test.NavigationTest)
02-28 09:09:45.545  2666  3413 D Avrcp_ext: AudioManager Player: ID:23 -- type:android.media.SoundPool -- u/pid:10126/2688 -- state:idle -- attr:AudioAttributes: usage=USAGE_ASSISTANCE_SONIFICATION content=CONTENT_TYPE_SONIFICATION flags=0x800 tags= bundle=null
02-28 09:09:45.545  2666  3413 D Avrcp_ext: AudioManager Player: ID:15 -- type:android.media.SoundPool -- u/pid:1000/1493 -- state:idle -- attr:AudioAttributes: usage=USAGE_ASSISTANCE_SONIFICATION content=CONTENT_TYPE_SONIFICATION flags=0x800 tags= bundle=null
02-28 09:09:45.545  2666  3413 D Avrcp_ext: AudioManager Player: ID:1247 -- type:android.media.AudioTrack -- u/pid:10088/13579 -- state:started -- attr:AudioAttributes: usage=USAGE_MEDIA content=CONTENT_TYPE_SPEECH flags=0x800 tags= bundle=null
02-28 09:09:45.545  2666  3413 D Avrcp_ext: AudioManager isPlaying: true
02-28 09:09:45.545  2666  3413 V Avrcp_ext: updateCurrentMediaState: mMediaController: null
02-28 09:09:45.545 13511 13511 I MonitoringInstr: Activities that are still in CREATED to STOPPED: 0
02-28 09:09:45.546  2666  3413 V Avrcp_ext: isMusicActive: true getBluetoothPlayState: 2
02-28 09:09:45.546  2666  3413 V Avrcp_ext: updateCurrentMediaState: isPlaying = false
02-28 09:09:45.546  2666  3413 V Avrcp_ext: Media update: id -1➡-1? [MediaAttributes: none] : [MediaAttributes: none]
02-28 09:09:45.546  2666  3413 V Avrcp_ext: newPlayStatus:2mReportedPlayStatus:-1
02-28 09:09:45.546  2666  3413 V Avrcp_ext: updatePlaybackState, state: PlaybackState {state=2, position=-1, buffered position=0, speed=0.0, updated=1788876, actions=0, custom actions=[], active item id=-1, error=null} device: null
02-28 09:09:45.546  2666  3413 V Avrcp_ext: Device: no name:
02-28 09:09:45.546  2666  3413 I chatty  : uid=1002(bluetooth) BluetoothAvrcpH identical 3 lines
02-28 09:09:45.546  2666  3413 V Avrcp_ext: Device: no name:
02-28 09:09:45.546  2666  3413 V Avrcp_ext: updatePlayerStateAndPosition, old=PlaybackState {state=2, position=-1, buffered position=0, speed=0.0, updated=1788860, actions=0, custom actions=[], active item id=-1, error=null}, state=PlaybackState {state=2, position=-1, buffered position=0, speed=0.0, updated=1788876, actions=0, custom actions=[], active item id=-1, error=null}
02-28 09:09:45.546  2666  3413 V Avrcp_ext: old state = PlaybackState {state=2, position=-1, buffered position=0, speed=0.0, updated=1788860, actions=0, custom actions=[], active item id=-1, error=null}, new state= PlaybackState {state=2, position=-1, buffered position=0, speed=0.0, updated=1788876, actions=0, custom actions=[], active item id=-1, error=null}
02-28 09:09:45.546  2666  3413 D HeadsetService: getHeadsetService(): returning com.android.bluetooth.hfp.HeadsetService@8a04d28
02-28 09:09:45.547  2666  3413 D HeadsetService:  isAudioOn: The number of audio connected devices 0
02-28 09:09:45.547  2666  3413 D HeadsetService: isScoOrCallActive(): Call Active:falseCall is Ringing:falseSCO is Active:false
02-28 09:09:45.548  2666  3413 D HeadsetService:  isAudioOn: The number of audio connected devices 0
02-28 09:09:45.548  2666  3413 I Avrcp_ext: updatePlayStatusForDevice: device: null
02-28 09:09:45.548  2666  3413 V Avrcp_ext: updatePlaybackState (1): old=PlaybackState {state=2, position=-1, buffered position=0, speed=0.0, updated=1788860, actions=0, custom actions=[], active item id=-1, error=null}(2), new=PlaybackState {state=2, position=-1, buffered position=0, speed=0.0, updated=1788876, actions=0, custom actions=[], active item id=-1, error=null}(2)
02-28 09:09:45.548  2666  3413 I Avrcp_ext: Exit updatePlayStatusForDevice
02-28 09:09:45.549  2666  3413 D HeadsetService:  isAudioOn: The number of audio connected devices 0
02-28 09:09:45.549  2666  3413 D HeadsetService: isScoOrCallActive(): Call Active:falseCall is Ringing:falseSCO is Active:false
02-28 09:09:45.549  2666  3413 D HeadsetService:  isAudioOn: The number of audio connected devices 0
02-28 09:09:45.549  2666  3413 I Avrcp_ext: updatePlayStatusForDevice: device: null
02-28 09:09:45.549  2666  3413 V Avrcp_ext: updatePlaybackState (1): old=PlaybackState {state=2, position=-1, buffered position=0, speed=0.0, updated=1788860, actions=0, custom actions=[], active item id=-1, error=null}(2), new=PlaybackState {state=2, position=-1, buffered position=0, speed=0.0, updated=1788876, actions=0, custom actions=[], active item id=-1, error=null}(2)
02-28 09:09:45.549  2666  3413 I Avrcp_ext: Exit updatePlayStatusForDevice
02-28 09:09:45.549  2666  3413 D HeadsetService:  isAudioOn: The number of audio connected devices 0
02-28 09:09:45.549  2666  3413 D HeadsetService: isScoOrCallActive(): Call Active:falseCall is Ringing:falseSCO is Active:false
02-28 09:09:45.549  2666  3413 D HeadsetService:  isAudioOn: The number of audio connected devices 0
02-28 09:09:45.549  2666  3413 I Avrcp_ext: updatePlayStatusForDevice: device: null
02-28 09:09:45.549  2666  3413 V Avrcp_ext: updatePlaybackState (1): old=PlaybackState {state=2, position=-1, buffered position=0, speed=0.0, updated=1788860, actions=0, custom actions=[], active item id=-1, error=null}(2), new=PlaybackState {state=2, position=-1, buffered position=0, speed=0.0, updated=1788876, actions=0, custom actions=[], active item id=-1, error=null}(2)
02-28 09:09:45.549  2666  3413 I Avrcp_ext: Exit updatePlayStatusForDevice
02-28 09:09:45.550  2666  3413 D HeadsetService:  isAudioOn: The number of audio connected devices 0
02-28 09:09:45.550  2666  3413 D HeadsetService: isScoOrCallActive(): Call Active:falseCall is Ringing:falseSCO is Active:false
02-28 09:09:45.550  2666  3413 D HeadsetService:  isAudioOn: The number of audio connected devices 0
02-28 09:09:45.550  2666  3413 I Avrcp_ext: updatePlayStatusForDevice: device: null
02-28 09:09:45.550  2666  3413 V Avrcp_ext: updatePlaybackState (1): old=PlaybackState {state=2, position=-1, buffered position=0, speed=0.0, updated=1788860, actions=0, custom actions=[], active item id=-1, error=null}(2), new=PlaybackState {state=2, position=-1, buffered position=0, speed=0.0, updated=1788876, actions=0, custom actions=[], active item id=-1, error=null}(2)
02-28 09:09:45.550  2666  3413 I Avrcp_ext: Exit updatePlayStatusForDevice
02-28 09:09:45.550  2666  3413 D HeadsetService:  isAudioOn: The number of audio connected devices 0
02-28 09:09:45.550  2666  3413 D HeadsetService: isScoOrCallActive(): Call Active:falseCall is Ringing:falseSCO is Active:false
02-28 09:09:45.550  2666  3413 D HeadsetService:  isAudioOn: The number of audio connected devices 0
02-28 09:09:45.550  2666  3413 I Avrcp_ext: updatePlayStatusForDevice: device: null
02-28 09:09:45.550  2666  3413 V Avrcp_ext: updatePlaybackState (1): old=PlaybackState {state=2, position=-1, buffered position=0, speed=0.0, updated=1788860, actions=0, custom actions=[], active item id=-1, error=null}(2), new=PlaybackState {state=2, position=-1, buffered position=0, speed=0.0, updated=1788876, actions=0, custom actions=[], active item id=-1, error=null}(2)
02-28 09:09:45.550  2666  3413 I Avrcp_ext: Exit updatePlayStatusForDevice
02-28 09:09:45.550  2666  3413 D Avrcp_ext: Enter sendPlayPosNotificationRsp
02-28 09:09:45.550  2666  3413 D Avrcp_ext: sendPlayPosNotificationRsp: Not registered or requesting.
02-28 09:09:45.550  2666  3413 D Avrcp_ext: Enter sendPlayPosNotificationRsp
02-28 09:09:45.550  2666  3413 D Avrcp_ext: sendPlayPosNotificationRsp: Not registered or requesting.
02-28 09:09:45.550  2666  3413 D Avrcp_ext: Enter sendPlayPosNotificationRsp
02-28 09:09:45.550  2666  3413 D Avrcp_ext: sendPlayPosNotificationRsp: Not registered or requesting.
02-28 09:09:45.550  2666  3413 D Avrcp_ext: Enter sendPlayPosNotificationRsp
02-28 09:09:45.550  2666  3413 D Avrcp_ext: sendPlayPosNotificationRsp: Not registered or requesting.
02-28 09:09:45.550  2666  3413 D Avrcp_ext: Enter sendPlayPosNotificationRsp
02-28 09:09:45.550  2666  3413 D Avrcp_ext: sendPlayPosNotificationRsp: Not registered or requesting.
02-28 09:09:45.550  2666  3413 V Avrcp_ext: Exit updatePlayerStateAndPosition
02-28 09:09:45.552 13511 13544 D NavServiceProvider: Creating NavigationServiceProvider...
02-28 09:09:45.552 13511 13544 D NavServiceProvider: Starting navigation for service
02-28 09:09:45.552 13511 13544 D NavServiceProvider: ProximityCalculator initializing...
02-28 09:09:45.552 13511 13544 D NavServiceProvider: Initializing ProximityCalculator
02-28 09:09:45.552 13511 13544 D NavServiceProvider: Number of path links: 1
02-28 09:09:45.552 13511 13544 D NavServiceProvider: Second to last stop coordinates: 28.0573, -82.409642
02-28 09:09:45.553 13511 13544 D NavServiceProvider: Setting units automatically
02-28 09:09:45.555 13511 13544 D NavServiceProvider: Detecting stop. distance_d=556.9532. stop_type=1 speed=0.0
02-28 09:09:45.555 13511 13544 D NavigationTest: 0: (28.062191, -82.408339, 0.000000)	R:false  F:false
02-28 09:09:45.555 13511 13544 D NavigationTest: 1: (28.062191, -82.408339, 0.000000)	R:false  F:false
02-28 09:09:45.555 13511 13544 D NavigationTest: 2: (28.062191, -82.408339, 0.000000)	R:false  F:false
02-28 09:09:45.555 13511 13544 D NavServiceProvider: Second to last stop coordinates: 28.0573, -82.409642
02-28 09:09:45.555 13511 13544 D NavServiceProvider: Setting units automatically
02-28 09:09:45.561 13511 13544 D NavServiceProvider: Detecting stop. distance_d=641.7417. stop_type=1 speed=0.5
02-28 09:09:45.561 13511 13544 D NavigationTest: 3: (28.062939, -82.408157, 0.500000)	R:false  F:false
02-28 09:09:45.561 13511 13544 D NavigationTest: 4: (28.062939, -82.408157, 0.500000)	R:false  F:false
02-28 09:09:45.561 13511 13544 D NavServiceProvider: Second to last stop coordinates: 28.0573, -82.409642
02-28 09:09:45.562 13511 13544 D NavServiceProvider: Setting units automatically
02-28 09:09:45.563 13511 13544 D NavServiceProvider: Detecting stop. distance_d=645.12244. stop_type=1 speed=1.0
02-28 09:09:45.563 13511 13544 D NavigationTest: 5: (28.062984, -82.408225, 1.000000)	R:false  F:false
02-28 09:09:45.563 13511 13544 D NavServiceProvider: Second to last stop coordinates: 28.0573, -82.409642
02-28 09:09:45.564 13511 13544 D NavServiceProvider: Setting units automatically
02-28 09:09:45.565 13511 13544 D NavServiceProvider: Detecting stop. distance_d=645.9845. stop_type=1 speed=0.25
02-28 09:09:45.565 13511 13544 D NavigationTest: 6: (28.062990, -82.408215, 0.250000)	R:false  F:false
02-28 09:09:45.565 13511 13544 D NavigationTest: 7: (28.062990, -82.408215, 0.250000)	R:false  F:false
02-28 09:09:45.565 13511 13544 D NavigationTest: 8: (28.062990, -82.408215, 0.250000)	R:false  F:false
02-28 09:09:45.565 13511 13544 D NavigationTest: 9: (28.062990, -82.408215, 0.250000)	R:false  F:false
02-28 09:09:45.565 13511 13544 D NavServiceProvider: Second to last stop coordinates: 28.0573, -82.409642
02-28 09:09:45.566 13511 13544 D NavServiceProvider: Setting units automatically
02-28 09:09:45.567 13511 13544 D NavServiceProvider: Detecting stop. distance_d=646.8058. stop_type=1 speed=0.25
02-28 09:09:45.567 13511 13544 D NavigationTest: 10: (28.062997, -82.408212, 0.250000)	R:false  F:false
02-28 09:09:45.567 13511 13544 D NavigationTest: 11: (28.062997, -82.408212, 0.250000)	R:false  F:false
02-28 09:09:45.567 13511 13544 D NavServiceProvider: Second to last stop coordinates: 28.0573, -82.409642
02-28 09:09:45.568 13511 13544 D NavServiceProvider: Setting units automatically
02-28 09:09:45.569 13511 13544 D NavServiceProvider: Detecting stop. distance_d=647.3668. stop_type=1 speed=0.25
02-28 09:09:45.569 13511 13544 D NavigationTest: 12: (28.063001, -82.408206, 0.250000)	R:false  F:false
02-28 09:09:45.569 13511 13544 D NavigationTest: 13: (28.063001, -82.408206, 0.250000)	R:false  F:false
02-28 09:09:45.569 13511 13544 D NavServiceProvider: Second to last stop coordinates: 28.0573, -82.409642
02-28 09:09:45.569 13511 13544 D NavServiceProvider: Setting units automatically
02-28 09:09:45.571 13511 13544 D NavServiceProvider: Detecting stop. distance_d=647.3026. stop_type=1 speed=0.0
02-28 09:09:45.571 13511 13544 D NavigationTest: 14: (28.063001, -82.408209, 0.000000)	R:false  F:false
02-28 09:09:45.571 13511 13544 D NavigationTest: 15: (28.063001, -82.408209, 0.000000)	R:false  F:false
02-28 09:09:45.571 13511 13544 D NavServiceProvider: Second to last stop coordinates: 28.0573, -82.409642
02-28 09:09:45.571 13511 13544 D NavServiceProvider: Setting units automatically
02-28 09:09:45.572 13511 13544 D NavServiceProvider: Detecting stop. distance_d=647.34827. stop_type=1 speed=0.25
02-28 09:09:45.572 13511 13544 D NavigationTest: 16: (28.063003, -82.408217, 0.250000)	R:false  F:false
02-28 09:09:45.572 13511 13544 D NavServiceProvider: Second to last stop coordinates: 28.0573, -82.409642
02-28 09:09:45.573 13511 13544 D NavServiceProvider: Setting units automatically
02-28 09:09:45.574 13511 13544 D NavServiceProvider: Detecting stop. distance_d=647.1151. stop_type=1 speed=0.0
02-28 09:09:45.574 13511 13544 D NavigationTest: 17: (28.063003, -82.408228, 0.000000)	R:false  F:false
02-28 09:09:45.574 13511 13544 D NavigationTest: 18: (28.063003, -82.408228, 0.000000)	R:false  F:false
02-28 09:09:45.574 13511 13544 D NavServiceProvider: Second to last stop coordinates: 28.0573, -82.409642
02-28 09:09:45.574 13511 13544 D NavServiceProvider: Setting units automatically
02-28 09:09:45.576 13511 13544 D NavServiceProvider: Detecting stop. distance_d=647.2052. stop_type=1 speed=0.0
02-28 09:09:45.576 13511 13544 D NavigationTest: 19: (28.063005, -82.408234, 0.000000)	R:false  F:false
02-28 09:09:45.576 13511 13544 D NavigationTest: 20: (28.063005, -82.408234, 0.000000)	R:false  F:false
02-28 09:09:45.576 13511 13544 D NavServiceProvider: Second to last stop coordinates: 28.0573, -82.409642
02-28 09:09:45.576 13511 13544 D NavServiceProvider: Setting units automatically
02-28 09:09:45.577 13511 13544 D NavServiceProvider: Detecting stop. distance_d=647.3587. stop_type=1 speed=0.0
02-28 09:09:45.577 13511 13544 D NavigationTest: 21: (28.063007, -82.408237, 0.000000)	R:false  F:false
02-28 09:09:45.578 13511 13544 D NavigationTest: 22: (28.063007, -82.408237, 0.000000)	R:false  F:false
02-28 09:09:45.578 13511 13544 D NavServiceProvider: Second to last stop coordinates: 28.0573, -82.409642
02-28 09:09:45.578 13511 13544 D NavServiceProvider: Setting units automatically
02-28 09:09:45.579 13511 13544 D NavServiceProvider: Detecting stop. distance_d=647.3587. stop_type=1 speed=0.0
02-28 09:09:45.579 13511 13544 D NavigationTest: 23: (28.063007, -82.408237, 0.000000)	R:false  F:false
02-28 09:09:45.579 13511 13544 D NavServiceProvider: Second to last stop coordinates: 28.0573, -82.409642
02-28 09:09:45.580 13511 13544 D NavServiceProvider: Setting units automatically
02-28 09:09:45.581 13511 13544 D NavServiceProvider: Detecting stop. distance_d=646.6462. stop_type=1 speed=0.0
02-28 09:09:45.581 13511 13544 D NavigationTest: 24: (28.063001, -82.408240, 0.000000)	R:false  F:false
02-28 09:09:45.581 13511 13544 D NavigationTest: 25: (28.063001, -82.408240, 0.000000)	R:false  F:false
02-28 09:09:45.581 13511 13544 D NavServiceProvider: Second to last stop coordinates: 28.0573, -82.409642
02-28 09:09:45.581 13511 13544 D NavServiceProvider: Setting units automatically
02-28 09:09:45.583 13511 13544 D NavServiceProvider: Detecting stop. distance_d=646.36334. stop_type=1 speed=0.0
02-28 09:09:45.583 13511 13544 D NavigationTest: 26: (28.062998, -82.408238, 0.000000)	R:false  F:false
02-28 09:09:45.583 13511 13544 D NavServiceProvider: Second to last stop coordinates: 28.0573, -82.409642
02-28 09:09:45.585 13511 13544 D NavServiceProvider: Setting units automatically
02-28 09:09:45.586 13511 13544 D NavServiceProvider: Detecting stop. distance_d=646.4264. stop_type=1 speed=0.0
02-28 09:09:45.586 13511 13544 D NavigationTest: 27: (28.062998, -82.408235, 0.000000)	R:false  F:false
02-28 09:09:45.586 13511 13544 D NavigationTest: 28: (28.062998, -82.408235, 0.000000)	R:false  F:false
02-28 09:09:45.586 13511 13544 D NavServiceProvider: Second to last stop coordinates: 28.0573, -82.409642
02-28 09:09:45.587 13511 13544 D NavServiceProvider: Setting units automatically
02-28 09:09:45.588 13511 13544 D NavServiceProvider: Detecting stop. distance_d=646.75116. stop_type=1 speed=0.0
02-28 09:09:45.588 13511 13544 D NavigationTest: 29: (28.063001, -82.408235, 0.000000)	R:false  F:false
02-28 09:09:45.588 13511 13544 D NavServiceProvider: Second to last stop coordinates: 28.0573, -82.409642
02-28 09:09:45.588 13511 13544 D NavServiceProvider: Setting units automatically
02-28 09:09:45.589 13511 13544 D NavServiceProvider: Detecting stop. distance_d=647.52997. stop_type=1 speed=0.0
02-28 09:09:45.589 13511 13544 D NavigationTest: 30: (28.063008, -82.408234, 0.000000)	R:false  F:false
02-28 09:09:45.590 13511 13544 D NavigationTest: 31: (28.063008, -82.408234, 0.000000)	R:false  F:false
02-28 09:09:45.590 13511 13544 D NavServiceProvider: Second to last stop coordinates: 28.0573, -82.409642
02-28 09:09:45.590 13511 13544 D NavServiceProvider: Setting units automatically
02-28 09:09:45.591 13511 13544 D NavServiceProvider: Detecting stop. distance_d=647.3587. stop_type=1 speed=0.0
02-28 09:09:45.591 13511 13544 D NavigationTest: 32: (28.063007, -82.408237, 0.000000)	R:false  F:false
02-28 09:09:45.591 13511 13544 D NavigationTest: 33: (28.063007, -82.408237, 0.000000)	R:false  F:false
02-28 09:09:45.591 13511 13544 D NavServiceProvider: Second to last stop coordinates: 28.0573, -82.409642
02-28 09:09:45.592 13511 13544 D NavServiceProvider: Setting units automatically
02-28 09:09:45.593 13511 13544 D NavServiceProvider: Detecting stop. distance_d=647.5333. stop_type=1 speed=0.0
02-28 09:09:45.593 13511 13544 D NavigationTest: 34: (28.063009, -82.408239, 0.000000)	R:false  F:false
02-28 09:09:45.593 13511 13544 D NavigationTest: 35: (28.063009, -82.408239, 0.000000)	R:false  F:false
02-28 09:09:45.593 13511 13544 D NavServiceProvider: Second to last stop coordinates: 28.0573, -82.409642
02-28 09:09:45.593 13511 13544 D NavServiceProvider: Setting units automatically
02-28 09:09:45.595 13511 13544 D NavServiceProvider: Detecting stop. distance_d=647.4706. stop_type=1 speed=0.0
02-28 09:09:45.595 13511 13544 D NavigationTest: 36: (28.063009, -82.408242, 0.000000)	R:false  F:false
02-28 09:09:45.595 13511 13544 D NavigationTest: 37: (28.063009, -82.408242, 0.000000)	R:false  F:false
02-28 09:09:45.595 13511 13544 D NavServiceProvider: Second to last stop coordinates: 28.0573, -82.409642
02-28 09:09:45.595 13511 13544 D NavServiceProvider: Setting units automatically
02-28 09:09:45.596 13511 13544 D NavServiceProvider: Detecting stop. distance_d=643.9505. stop_type=1 speed=6.0
02-28 09:09:45.596 13511 13544 D NavigationTest: 38: (28.062979, -82.408255, 6.000000)	R:false  F:false
02-28 09:09:45.596 13511 13544 D NavServiceProvider: Second to last stop coordinates: 28.0573, -82.409642
02-28 09:09:45.597 13511 13544 D NavServiceProvider: Setting units automatically
02-28 09:09:45.598 13511 13544 D NavServiceProvider: Detecting stop. distance_d=638.3259. stop_type=1 speed=6.0
02-28 09:09:45.598 13511 13544 D NavigationTest: 39: (28.062933, -82.408286, 6.000000)	R:false  F:false
02-28 09:09:45.598 13511 13544 D NavigationTest: 40: (28.062933, -82.408286, 6.000000)	R:false  F:false
02-28 09:09:45.598 13511 13544 D NavServiceProvider: Second to last stop coordinates: 28.0573, -82.409642
02-28 09:09:45.598 13511 13544 D NavServiceProvider: Setting units automatically
02-28 09:09:45.599 13511 13544 D NavServiceProvider: Detecting stop. distance_d=632.16565. stop_type=1 speed=6.25
02-28 09:09:45.599 13511 13544 D NavigationTest: 41: (28.062879, -82.408301, 6.250000)	R:false  F:false
02-28 09:09:45.599 13511 13544 D NavigationTest: 42: (28.062879, -82.408301, 6.250000)	R:false  F:false
02-28 09:09:45.599 13511 13544 D NavServiceProvider: Second to last stop coordinates: 28.0573, -82.409642
02-28 09:09:45.600 13511 13544 D NavServiceProvider: Setting units automatically
02-28 09:09:45.601 13511 13544 D NavServiceProvider: Detecting stop. distance_d=619.2974. stop_type=1 speed=8.75
02-28 09:09:45.601 13511 13544 D NavigationTest: 43: (28.062777, -82.408391, 8.750000)	R:false  F:false
02-28 09:09:45.601 13511 13544 D NavigationTest: 44: (28.062777, -82.408391, 8.750000)	R:false  F:false
02-28 09:09:45.601 13511 13544 D NavigationTest: 45: (28.062777, -82.408391, 8.750000)	R:false  F:false
02-28 09:09:45.601 13511 13544 D NavigationTest: 46: (28.062777, -82.408391, 8.750000)	R:false  F:false
02-28 09:09:45.601 13511 13544 D NavServiceProvider: Second to last stop coordinates: 28.0573, -82.409642
02-28 09:09:45.601 13511 13544 D NavServiceProvider: Setting units automatically
02-28 09:09:45.602 13511 13544 D NavServiceProvider: Detecting stop. distance_d=609.97815. stop_type=1 speed=8.5
02-28 09:09:45.602 13511 13544 D NavigationTest: 47: (28.062698, -82.408429, 8.500000)	R:false  F:false
02-28 09:09:45.602 13511 13544 D NavServiceProvider: Second to last stop coordinates: 28.0573, -82.409642
02-28 09:09:45.602 13511 13544 D NavServiceProvider: Setting units automatically
02-28 09:09:45.603 13511 13544 D NavServiceProvider: Detecting stop. distance_d=599.60004. stop_type=1 speed=9.5
02-28 09:09:45.604 13511 13544 D NavigationTest: 48: (28.062613, -82.408489, 9.500000)	R:false  F:false
02-28 09:09:45.604 13511 13544 D NavigationTest: 49: (28.062613, -82.408489, 9.500000)	R:false  F:false
02-28 09:09:45.604 13511 13544 D NavServiceProvider: Second to last stop coordinates: 28.0573, -82.409642
02-28 09:09:45.604 13511 13544 D NavServiceProvider: Setting units automatically
02-28 09:09:45.605 13511 13544 D NavServiceProvider: Detecting stop. distance_d=588.10535. stop_type=1 speed=10.0
02-28 09:09:45.605 13511 13544 D NavigationTest: 50: (28.062518, -82.408552, 10.000000)	R:false  F:false
02-28 09:09:45.605 13511 13544 D NavigationTest: 51: (28.062518, -82.408552, 10.000000)	R:false  F:false
02-28 09:09:45.605 13511 13544 D NavServiceProvider: Second to last stop coordinates: 28.0573, -82.409642
02-28 09:09:45.605 13511 13544 D NavServiceProvider: Setting units automatically
02-28 09:09:45.606 13511 13544 D NavServiceProvider: Detecting stop. distance_d=578.0826. stop_type=1 speed=10.0
02-28 09:09:45.606 13511 13544 D NavigationTest: 52: (28.062434, -82.408601, 10.000000)	R:false  F:false
02-28 09:09:45.607 13511 13544 D NavigationTest: 53: (28.062434, -82.408601, 10.000000)	R:false  F:false
02-28 09:09:45.607 13511 13544 D NavServiceProvider: Second to last stop coordinates: 28.0573, -82.409642
02-28 09:09:45.607 13511 13544 D NavServiceProvider: Setting units automatically
02-28 09:09:45.608 13511 13544 D NavServiceProvider: Detecting stop. distance_d=568.2222. stop_type=1 speed=10.5
02-28 09:09:45.608 13511 13544 D NavigationTest: 54: (28.062349, -82.408635, 10.500000)	R:false  F:false
02-28 09:09:45.608 13511 13544 D NavServiceProvider: Second to last stop coordinates: 28.0573, -82.409642
02-28 09:09:45.608 13511 13544 D NavServiceProvider: Setting units automatically
02-28 09:09:45.609 13511 13544 D NavServiceProvider: Detecting stop. distance_d=558.2827. stop_type=1 speed=10.5
02-28 09:09:45.609 13511 13544 D NavigationTest: 55: (28.062264, -82.408674, 10.500000)	R:false  F:false
02-28 09:09:45.609 13511 13544 D NavigationTest: 56: (28.062264, -82.408674, 10.500000)	R:false  F:false
02-28 09:09:45.609 13511 13544 D NavServiceProvider: Second to last stop coordinates: 28.0573, -82.409642
02-28 09:09:45.610 13511 13544 D NavServiceProvider: Setting units automatically
02-28 09:09:45.611 13511 13544 D NavServiceProvider: Detecting stop. distance_d=545.83307. stop_type=1 speed=11.0
02-28 09:09:45.611 13511 13544 D NavigationTest: 57: (28.062157, -82.408720, 11.000000)	R:false  F:false
02-28 09:09:45.611 13511 13544 D NavServiceProvider: Second to last stop coordinates: 28.0573, -82.409642
02-28 09:09:45.611 13511 13544 D NavServiceProvider: Setting units automatically
02-28 09:09:45.612 13511 13544 D NavServiceProvider: Detecting stop. distance_d=537.3871. stop_type=1 speed=9.25
02-28 09:09:45.613 13511 13544 D NavigationTest: 58: (28.062080, -82.408722, 9.250000)	R:false  F:false
02-28 09:09:45.613 13511 13544 D NavigationTest: 59: (28.062080, -82.408722, 9.250000)	R:false  F:false
02-28 09:09:45.613 13511 13544 D NavServiceProvider: Second to last stop coordinates: 28.0573, -82.409642
02-28 09:09:45.613 13511 13544 D NavServiceProvider: Setting units automatically
02-28 09:09:45.614 13511 13544 D NavServiceProvider: Detecting stop. distance_d=531.8925. stop_type=1 speed=7.25
02-28 09:09:45.614 13511 13544 D NavigationTest: 60: (28.062030, -82.408724, 7.250000)	R:false  F:false
02-28 09:09:45.614 13511 13544 D NavigationTest: 61: (28.062030, -82.408724, 7.250000)	R:false  F:false
02-28 09:09:45.614 13511 13544 D NavServiceProvider: Second to last stop coordinates: 28.0573, -82.409642
02-28 09:09:45.615 13511 13544 D NavServiceProvider: Setting units automatically
02-28 09:09:45.616 13511 13544 D NavServiceProvider: Detecting stop. distance_d=529.1289. stop_type=1 speed=4.75
02-28 09:09:45.616 13511 13544 D NavigationTest: 62: (28.062005, -82.408726, 4.750000)	R:false  F:false
02-28 09:09:45.616 13511 13544 D NavServiceProvider: Second to last stop coordinates: 28.0573, -82.409642
02-28 09:09:45.616 13511 13544 D NavServiceProvider: Setting units automatically
02-28 09:09:45.617 13511 13544 D NavServiceProvider: Detecting stop. distance_d=527.239. stop_type=1 speed=3.0
02-28 09:09:45.617 13511 13544 D NavigationTest: 63: (28.061988, -82.408728, 3.000000)	R:false  F:false
02-28 09:09:45.617 13511 13544 D NavigationTest: 64: (28.061988, -82.408728, 3.000000)	R:false  F:false
02-28 09:09:45.617 13511 13544 D NavServiceProvider: Second to last stop coordinates: 28.0573, -82.409642
02-28 09:09:45.618 13511 13544 D NavServiceProvider: Setting units automatically
02-28 09:09:45.619 13511 13544 D NavServiceProvider: Detecting stop. distance_d=524.148. stop_type=1 speed=2.5
02-28 09:09:45.619 13511 13544 D NavigationTest: 65: (28.061960, -82.408730, 2.500000)	R:false  F:false
02-28 09:09:45.619 13511 13544 D NavServiceProvider: Second to last stop coordinates: 28.0573, -82.409642
02-28 09:09:45.619 13511 13544 D NavServiceProvider: Setting units automatically
02-28 09:09:45.620 13511 13544 D NavServiceProvider: Detecting stop. distance_d=519.7889. stop_type=1 speed=3.75
02-28 09:09:45.620 13511 13544 D NavigationTest: 66: (28.061921, -82.408736, 3.750000)	R:false  F:false
02-28 09:09:45.620 13511 13544 D NavigationTest: 67: (28.061921, -82.408736, 3.750000)	R:false  F:false
02-28 09:09:45.620 13511 13544 D NavigationTest: 68: (28.061921, -82.408736, 3.750000)	R:false  F:false
02-28 09:09:45.621 13511 13544 D NavigationTest: 69: (28.061921, -82.408736, 3.750000)	R:false  F:false
02-28 09:09:45.621 13511 13544 D NavServiceProvider: Second to last stop coordinates: 28.0573, -82.409642
02-28 09:09:45.621 13511 13544 D NavServiceProvider: Setting units automatically
02-28 09:09:45.622 13511 13544 D NavServiceProvider: Detecting stop. distance_d=514.07837. stop_type=1 speed=5.0
02-28 09:09:45.622 13511 13544 D NavigationTest: 70: (28.061869, -82.408738, 5.000000)	R:false  F:false
02-28 09:09:45.622 13511 13544 D NavigationTest: 71: (28.061869, -82.408738, 5.000000)	R:false  F:false
02-28 09:09:45.622 13511 13544 D NavServiceProvider: Second to last stop coordinates: 28.0573, -82.409642
02-28 09:09:45.622 13511 13544 D NavServiceProvider: Setting units automatically
02-28 09:09:45.623 13511 13544 D NavServiceProvider: Detecting stop. distance_d=507.7789. stop_type=1 speed=6.75
02-28 09:09:45.623 13511 13544 D NavigationTest: 72: (28.061813, -82.408749, 6.750000)	R:false  F:false
02-28 09:09:45.623 13511 13544 D NavigationTest: 73: (28.061813, -82.408749, 6.750000)	R:false  F:false
02-28 09:09:45.623 13511 13544 D NavServiceProvider: Second to last stop coordinates: 28.0573, -82.409642
02-28 09:09:45.624 13511 13544 D NavServiceProvider: Setting units automatically
02-28 09:09:45.625 13511 13544 D NavServiceProvider: Detecting stop. distance_d=500.2692. stop_type=1 speed=7.25
02-28 09:09:45.625 13511 13544 D NavigationTest: 74: (28.061747, -82.408767, 7.250000)	R:false  F:false
02-28 09:09:45.625 13511 13544 D NavigationTest: 75: (28.061747, -82.408767, 7.250000)	R:false  F:false
02-28 09:09:45.625 13511 13544 D NavServiceProvider: Second to last stop coordinates: 28.0573, -82.409642
02-28 09:09:45.625 13511 13544 D NavServiceProvider: Setting units automatically
02-28 09:09:45.626 13511 13544 D NavServiceProvider: Detecting stop. distance_d=493.47354. stop_type=1 speed=7.5
02-28 09:09:45.626 13511 13544 D NavigationTest: 76: (28.061683, -82.408756, 7.500000)	R:false  F:false
02-28 09:09:45.626 13511 13544 D NavigationTest: 77: (28.061683, -82.408756, 7.500000)	R:false  F:false
02-28 09:09:45.626 13511 13544 D NavServiceProvider: Second to last stop coordinates: 28.0573, -82.409642
02-28 09:09:45.627 13511 13544 D NavServiceProvider: Setting units automatically
02-28 09:09:45.628 13511 13544 D NavServiceProvider: Detecting stop. distance_d=483.16772. stop_type=1 speed=8.5
02-28 09:09:45.628 13511 13544 D NavigationTest: 78: (28.061588, -82.408753, 8.500000)	R:false  F:false
02-28 09:09:45.628 13511 13544 D NavigationTest: 79: (28.061588, -82.408753, 8.500000)	R:false  F:false
02-28 09:09:45.628 13511 13544 D NavServiceProvider: Second to last stop coordinates: 28.0573, -82.409642
02-28 09:09:45.628 13511 13544 D NavServiceProvider: Setting units automatically
02-28 09:09:45.629 13511 13544 D NavServiceProvider: Detecting stop. distance_d=471.7514. stop_type=1 speed=9.5
02-28 09:09:45.629 13511 13544 D NavigationTest: 80: (28.061480, -82.408734, 9.500000)	R:false  F:false
02-28 09:09:45.629 13511 13544 D NavServiceProvider: Second to last stop coordinates: 28.0573, -82.409642
02-28 09:09:45.630 13511 13544 D NavServiceProvider: Setting units automatically
02-28 09:09:45.631 13511 13544 D NavServiceProvider: Detecting stop. distance_d=460.51584. stop_type=1 speed=10.75
02-28 09:09:45.631 13511 13544 D NavigationTest: 81: (28.061376, -82.408730, 10.750000)	R:false  F:false
02-28 09:09:45.631 13511 13544 D NavigationTest: 82: (28.061376, -82.408730, 10.750000)	R:false  F:false
02-28 09:09:45.631 13511 13544 D NavServiceProvider: Second to last stop coordinates: 28.0573, -82.409642
02-28 09:09:45.631 13511 13544 D NavServiceProvider: Setting units automatically
02-28 09:09:45.632 13511 13544 D NavServiceProvider: Detecting stop. distance_d=451.7764. stop_type=1 speed=10.5
02-28 09:09:45.632 13511 13544 D NavigationTest: 83: (28.061297, -82.408738, 10.500000)	R:false  F:false
02-28 09:09:45.632 13511 13544 D NavServiceProvider: Second to last stop coordinates: 28.0573, -82.409642
02-28 09:09:45.632 13511 13544 D NavServiceProvider: Setting units automatically
02-28 09:09:45.633 13511 13544 D NavServiceProvider: Detecting stop. distance_d=441.25177. stop_type=1 speed=10.5
02-28 09:09:45.633 13511 13544 D NavigationTest: 84: (28.061201, -82.408743, 10.500000)	R:false  F:false
02-28 09:09:45.633 13511 13544 D NavigationTest: 85: (28.061201, -82.408743, 10.500000)	R:false  F:false
02-28 09:09:45.633 13511 13544 D NavServiceProvider: Second to last stop coordinates: 28.0573, -82.409642
02-28 09:09:45.634 13511 13544 D NavServiceProvider: Setting units automatically
02-28 09:09:45.635 13511 13544 D NavServiceProvider: Detecting stop. distance_d=431.9953. stop_type=1 speed=10.5
02-28 09:09:45.635 13511 13544 D NavigationTest: 86: (28.061117, -82.408750, 10.500000)	R:false  F:false
02-28 09:09:45.635 13511 13544 D NavigationTest: 87: (28.061117, -82.408750, 10.500000)	R:false  F:false
02-28 09:09:45.635 13511 13544 D NavServiceProvider: Second to last stop coordinates: 28.0573, -82.409642
02-28 09:09:45.635 13511 13544 D NavServiceProvider: Setting units automatically
02-28 09:09:45.636 13511 13544 D NavServiceProvider: Detecting stop. distance_d=422.5329. stop_type=1 speed=10.25
02-28 09:09:45.636 13511 13544 D NavigationTest: 88: (28.061032, -82.408762, 10.250000)	R:false  F:false
02-28 09:09:45.636 13511 13544 D NavServiceProvider: Second to last stop coordinates: 28.0573, -82.409642
02-28 09:09:45.637 13511 13544 D NavServiceProvider: Setting units automatically
02-28 09:09:45.638 13511 13544 D NavServiceProvider: Detecting stop. distance_d=410.3146. stop_type=1 speed=10.75
02-28 09:09:45.638 13511 13544 D NavigationTest: 89: (28.060921, -82.408771, 10.750000)	R:false  F:false
02-28 09:09:45.638 13511 13544 D NavigationTest: 90: (28.060921, -82.408771, 10.750000)	R:false  F:false
02-28 09:09:45.638 13511 13544 D NavServiceProvider: Second to last stop coordinates: 28.0573, -82.409642
02-28 09:09:45.638 13511 13544 D NavServiceProvider: Setting units automatically
02-28 09:09:45.639 13511 13544 D NavServiceProvider: Detecting stop. distance_d=395.54163. stop_type=1 speed=12.0
02-28 09:09:45.639 13511 13544 D NavigationTest: 91: (28.060782, -82.408758, 12.000000)	R:false  F:false
02-28 09:09:45.639 13511 13544 D NavigationTest: 92: (28.060782, -82.408758, 12.000000)	R:false  F:false
02-28 09:09:45.639 13511 13544 D NavServiceProvider: Second to last stop coordinates: 28.0573, -82.409642
02-28 09:09:45.640 13511 13544 D NavServiceProvider: Setting units automatically
02-28 09:09:45.641 13511 13544 D NavServiceProvider: Detecting stop. distance_d=383.3291. stop_type=1 speed=12.25
02-28 09:09:45.641 13511 13544 D NavigationTest: 93: (28.060671, -82.408768, 12.250000)	R:false  F:false
02-28 09:09:45.641 13511 13544 D NavigationTest: 94: (28.060671, -82.408768, 12.250000)	R:false  F:false
02-28 09:09:45.641 13511 13544 D NavServiceProvider: Second to last stop coordinates: 28.0573, -82.409642
02-28 09:09:45.641 13511 13544 D NavServiceProvider: Setting units automatically
02-28 09:09:45.642 13511 13544 D NavServiceProvider: Detecting stop. distance_d=372.24265. stop_type=1 speed=11.25
02-28 09:09:45.642 13511 13544 D NavigationTest: 95: (28.060567, -82.408762, 11.250000)	R:false  F:false
02-28 09:09:45.642 13511 13544 D NavigationTest: 96: (28.060567, -82.408762, 11.250000)	R:false  F:false
02-28 09:09:45.642 13511 13544 D NavServiceProvider: Second to last stop coordinates: 28.0573, -82.409642
02-28 09:09:45.642 13511 13544 D NavServiceProvider: Setting units automatically
02-28 09:09:45.643 13511 13544 D NavServiceProvider: Detecting stop. distance_d=360.53226. stop_type=1 speed=11.0
02-28 09:09:45.643 13511 13544 D NavigationTest: 97: (28.060460, -82.408770, 11.000000)	R:false  F:false
02-28 09:09:45.644 13511 13544 D NavServiceProvider: Second to last stop coordinates: 28.0573, -82.409642
02-28 09:09:45.644 13511 13544 D NavServiceProvider: Setting units automatically
02-28 09:09:45.645 13511 13544 D NavServiceProvider: Detecting stop. distance_d=350.01697. stop_type=1 speed=10.0
02-28 09:09:45.645 13511 13544 D NavigationTest: 98: (28.060362, -82.408769, 10.000000)	R:false  F:false
02-28 09:09:45.645 13511 13544 D NavigationTest: 99: (28.060362, -82.408769, 10.000000)	R:false  F:false
02-28 09:09:45.645 13511 13544 D NavServiceProvider: Second to last stop coordinates: 28.0573, -82.409642
02-28 09:09:45.645 13511 13544 D NavServiceProvider: Setting units automatically
02-28 09:09:45.646 13511 13544 D NavServiceProvider: Detecting stop. distance_d=342.04785. stop_type=1 speed=8.5
02-28 09:09:45.646 13511 13544 D NavigationTest: 100: (28.060288, -82.408770, 8.500000)	R:false  F:false
02-28 09:09:45.646 13511 13544 D NavigationTest: 101: (28.060288, -82.408770, 8.500000)	R:false  F:false
02-28 09:09:45.646 13511 13544 D NavServiceProvider: Second to last stop coordinates: 28.0573, -82.409642
02-28 09:09:45.647 13511 13544 D NavServiceProvider: Setting units automatically
02-28 09:09:45.648 13511 13544 D NavServiceProvider: Detecting stop. distance_d=336.47946. stop_type=1 speed=5.75
02-28 09:09:45.648 13511 13544 D NavigationTest: 102: (28.060237, -82.408774, 5.750000)	R:false  F:false
02-28 09:09:45.648 13511 13544 D NavigationTest: 103: (28.060237, -82.408774, 5.750000)	R:false  F:false
02-28 09:09:45.648 13511 13544 D NavServiceProvider: Second to last stop coordinates: 28.0573, -82.409642
02-28 09:09:45.648 13511 13544 D NavServiceProvider: Setting units automatically
02-28 09:09:45.649 13511 13544 D NavServiceProvider: Detecting stop. distance_d=331.8918. stop_type=1 speed=3.75
02-28 09:09:45.649 13511 13544 D NavigationTest: 104: (28.060193, -82.408769, 3.750000)	R:false  F:false
02-28 09:09:45.649 13511 13544 D NavigationTest: 105: (28.060193, -82.408769, 3.750000)	R:false  F:false
02-28 09:09:45.649 13511 13544 D NavServiceProvider: Second to last stop coordinates: 28.0573, -82.409642
02-28 09:09:45.650 13511 13544 D NavServiceProvider: Setting units automatically
02-28 09:09:45.651 13511 13544 D NavServiceProvider: Detecting stop. distance_d=330.04214. stop_type=1 speed=3.0
02-28 09:09:45.651 13511 13544 D NavigationTest: 106: (28.060175, -82.408766, 3.000000)	R:false  F:false
02-28 09:09:45.651 13511 13544 D NavServiceProvider: Second to last stop coordinates: 28.0573, -82.409642
02-28 09:09:45.651 13511 13544 D NavServiceProvider: Setting units automatically
02-28 09:09:45.652 13511 13544 D NavServiceProvider: Detecting stop. distance_d=327.04456. stop_type=1 speed=3.25
02-28 09:09:45.653 13511 13544 D NavigationTest: 107: (28.060146, -82.408762, 3.250000)	R:false  F:false
02-28 09:09:45.653 13511 13544 D NavigationTest: 108: (28.060146, -82.408762, 3.250000)	R:false  F:false
02-28 09:09:45.653 13511 13544 D NavigationTest: 109: (28.060146, -82.408762, 3.250000)	R:false  F:false
02-28 09:09:45.653 13511 13544 D NavServiceProvider: Second to last stop coordinates: 28.0573, -82.409642
02-28 09:09:45.653 13511 13544 D NavServiceProvider: Setting units automatically
02-28 09:09:45.653   871  1408 D msm8974_platform: platform_split_snd_device: snd_device(2) num devices(1) new_snd_devices(0)
02-28 09:09:45.654 13511 13544 D NavServiceProvider: Detecting stop. distance_d=323.43753. stop_type=1 speed=3.5
02-28 09:09:45.654 13511 13544 D NavigationTest: 110: (28.060111, -82.408757, 3.500000)	R:false  F:false
02-28 09:09:45.654 13511 13544 D NavServiceProvider: Second to last stop coordinates: 28.0573, -82.409642
02-28 09:09:45.654 13511 13544 D NavServiceProvider: Setting units automatically
02-28 09:09:45.655 13511 13544 D NavServiceProvider: Detecting stop. distance_d=319.22665. stop_type=1 speed=4.5
02-28 09:09:45.656 13511 13544 D NavigationTest: 111: (28.060069, -82.408747, 4.500000)	R:false  F:false
02-28 09:09:45.656 13511 13544 D NavigationTest: 112: (28.060069, -82.408747, 4.500000)	R:false  F:false
02-28 09:09:45.656 13511 13544 D NavServiceProvider: Second to last stop coordinates: 28.0573, -82.409642
02-28 09:09:45.656 13511 13544 D NavServiceProvider: Setting units automatically
02-28 09:09:45.657 13511 13544 D NavServiceProvider: Detecting stop. distance_d=313.07397. stop_type=1 speed=5.5
02-28 09:09:45.657 13511 13544 D NavigationTest: 113: (28.060007, -82.408731, 5.500000)	R:false  F:false
02-28 09:09:45.657 13511 13544 D NavServiceProvider: Second to last stop coordinates: 28.0573, -82.409642
02-28 09:09:45.657 13511 13544 D NavServiceProvider: Setting units automatically
02-28 09:09:45.658 13511 13544 D NavServiceProvider: Detecting stop. distance_d=305.49677. stop_type=1 speed=6.75
02-28 09:09:45.658 13511 13544 D NavigationTest: 114: (28.059938, -82.408740, 6.750000)	R:false  F:false
02-28 09:09:45.658 13511 13544 D NavigationTest: 115: (28.059938, -82.408740, 6.750000)	R:false  F:false
02-28 09:09:45.658 13511 13544 D NavServiceProvider: Second to last stop coordinates: 28.0573, -82.409642
02-28 09:09:45.659 13511 13544 D NavServiceProvider: Setting units automatically
02-28 09:09:45.660 13511 13544 D NavServiceProvider: Detecting stop. distance_d=298.10858. stop_type=1 speed=7.75
02-28 09:09:45.660 13511 13544 D NavigationTest: 116: (28.059871, -82.408750, 7.750000)	R:false  F:false
02-28 09:09:45.660 13511 13544 D NavigationTest: 117: (28.059871, -82.408750, 7.750000)	R:false  F:false
02-28 09:09:45.660 13511 13544 D NavServiceProvider: Second to last stop coordinates: 28.0573, -82.409642
02-28 09:09:45.660 13511 13544 D NavServiceProvider: Setting units automatically
02-28 09:09:45.661 13511 13544 D NavServiceProvider: Detecting stop. distance_d=289.91776. stop_type=1 speed=8.5
02-28 09:09:45.661 13511 13544 D NavigationTest: 118: (28.059793, -82.408748, 8.500000)	R:false  F:false
02-28 09:09:45.661 13511 13544 D NavigationTest: 119: (28.059793, -82.408748, 8.500000)	R:false  F:false
02-28 09:09:45.662 13511 13544 D NavServiceProvider: Second to last stop coordinates: 28.0573, -82.409642
02-28 09:09:45.662 13511 13544 D NavServiceProvider: Setting units automatically
02-28 09:09:45.663 13511 13544 D NavServiceProvider: Detecting stop. distance_d=281.01306. stop_type=1 speed=9.5
02-28 09:09:45.663 13511 13544 D NavigationTest: 120: (28.059710, -82.408753, 9.500000)	R:false  F:false
02-28 09:09:45.663 13511 13544 D NavigationTest: 121: (28.059710, -82.408753, 9.500000)	R:false  F:false
02-28 09:09:45.663 13511 13544 D NavServiceProvider: Second to last stop coordinates: 28.0573, -82.409642
02-28 09:09:45.663 13511 13544 D NavServiceProvider: Setting units automatically
02-28 09:09:45.664 13511 13544 D NavServiceProvider: Detecting stop. distance_d=272.0619. stop_type=1 speed=9.75
02-28 09:09:45.664 13511 13544 D NavigationTest: 122: (28.059620, -82.408737, 9.750000)	R:false  F:false
02-28 09:09:45.664 13511 13544 D NavServiceProvider: Second to last stop coordinates: 28.0573, -82.409642
02-28 09:09:45.665 13511 13544 D NavServiceProvider: Setting units automatically
02-28 09:09:45.666 13511 13544 D NavServiceProvider: Detecting stop. distance_d=261.31982. stop_type=1 speed=10.75
02-28 09:09:45.666 13511 13544 D NavigationTest: 123: (28.059521, -82.408749, 10.750000)	R:false  F:false
02-28 09:09:45.666 13511 13544 D NavigationTest: 124: (28.059521, -82.408749, 10.750000)	R:false  F:false
02-28 09:09:45.666 13511 13544 D NavServiceProvider: Second to last stop coordinates: 28.0573, -82.409642
02-28 09:09:45.666 13511 13544 D NavServiceProvider: Setting units automatically
02-28 09:09:45.667 13511 13544 D NavServiceProvider: Detecting stop. distance_d=250.56444. stop_type=1 speed=11.0
02-28 09:09:45.667 13511 13544 D NavigationTest: 125: (28.059419, -82.408753, 11.000000)	R:false  F:false
02-28 09:09:45.667 13511 13544 D NavServiceProvider: Second to last stop coordinates: 28.0573, -82.409642
02-28 09:09:45.667 13511 13544 D NavServiceProvider: Setting units automatically
02-28 09:09:45.668 13511 13544 D NavServiceProvider: Detecting stop. distance_d=240.2811. stop_type=1 speed=11.75
02-28 09:09:45.669 13511 13544 D NavigationTest: 126: (28.059319, -82.408751, 11.750000)	R:false  F:false
02-28 09:09:45.669 13511 13544 D NavigationTest: 127: (28.059319, -82.408751, 11.750000)	R:false  F:false
02-28 09:09:45.669 13511 13544 D NavServiceProvider: Second to last stop coordinates: 28.0573, -82.409642
02-28 09:09:45.669 13511 13544 D NavServiceProvider: Setting units automatically
02-28 09:09:45.670 13511 13544 D NavServiceProvider: Detecting stop. distance_d=229.16756. stop_type=1 speed=11.5
02-28 09:09:45.670 13511 13544 D NavigationTest: 128: (28.059212, -82.408754, 11.500000)	R:false  F:false
02-28 09:09:45.670 13511 13544 D NavigationTest: 129: (28.059212, -82.408754, 11.500000)	R:false  F:false
02-28 09:09:45.670 13511 13544 D NavServiceProvider: Second to last stop coordinates: 28.0573, -82.409642
02-28 09:09:45.671 13511 13544 D NavServiceProvider: Setting units automatically
02-28 09:09:45.671 13511 13544 D NavServiceProvider: Detecting stop. distance_d=217.89035. stop_type=1 speed=11.75
02-28 09:09:45.672 13511 13544 D NavigationTest: 130: (28.059103, -82.408758, 11.750000)	R:false  F:false
02-28 09:09:45.672 13511 13544 D NavServiceProvider: Second to last stop coordinates: 28.0573, -82.409642
02-28 09:09:45.672 13511 13544 D NavServiceProvider: Setting units automatically
02-28 09:09:45.673 13511 13544 D NavServiceProvider: Detecting stop. distance_d=207.52675. stop_type=1 speed=11.5
02-28 09:09:45.673 13511 13544 D NavigationTest: 131: (28.059005, -82.408769, 11.500000)	R:false  F:false
02-28 09:09:45.673 13511 13544 D NavigationTest: 132: (28.059005, -82.408769, 11.500000)	R:false  F:false
02-28 09:09:45.673 13511 13544 D NavServiceProvider: Second to last stop coordinates: 28.0573, -82.409642
02-28 09:09:45.673 13511 13544 D NavServiceProvider: Setting units automatically
02-28 09:09:45.675 13579 13616 D AudioTrack: stop(175): called with 6976 frames delivered
02-28 09:09:45.675 13579 13612 I SynthesisCache: streamCachedRequest call to callback.audioAvailable failed: -1
02-28 09:09:45.677 13579 13612 I GoogleTTSServiceImpl: Synthesis request for locale eng-USA and name en-US-language
02-28 09:09:45.677 13511 13544 D NavServiceProvider: -----Get ready!
02-28 09:09:45.677  2666  3413 D Avrcp_ext: AudioManager Player: ID:23 -- type:android.media.SoundPool -- u/pid:10126/2688 -- state:idle -- attr:AudioAttributes: usage=USAGE_ASSISTANCE_SONIFICATION content=CONTENT_TYPE_SONIFICATION flags=0x800 tags= bundle=null
02-28 09:09:45.677  2666  3413 D Avrcp_ext: AudioManager Player: ID:15 -- type:android.media.SoundPool -- u/pid:1000/1493 -- state:idle -- attr:AudioAttributes: usage=USAGE_ASSISTANCE_SONIFICATION content=CONTENT_TYPE_SONIFICATION flags=0x800 tags= bundle=null
02-28 09:09:45.677  2666  3413 D Avrcp_ext: AudioManager Player: ID:1247 -- type:android.media.AudioTrack -- u/pid:10088/13579 -- state:stopped -- attr:AudioAttributes: usage=USAGE_MEDIA content=CONTENT_TYPE_SPEECH flags=0x800 tags= bundle=null
02-28 09:09:45.677  2666  3413 D Avrcp_ext: AudioManager isPlaying: false
02-28 09:09:45.677  2666  3413 V Avrcp_ext: updateCurrentMediaState: mMediaController: null
02-28 09:09:45.677 13511 13544 D NavigationTest: 133: (28.058909, -82.408776, 10.750000)	R:true  F:false
02-28 09:09:45.677 13511 13544 D NavServiceProvider: Second to last stop coordinates: 28.0573, -82.409642
02-28 09:09:45.677 13511 13544 D NavServiceProvider: Setting units automatically
02-28 09:09:45.678 13579 13612 I GoogleTTSServiceImpl: TTS dispatch: en-us-x-iog-seanet-embedded
02-28 09:09:45.678  2666  3413 V Avrcp_ext: isMusicActive: true getBluetoothPlayState: 2
02-28 09:09:45.678  2666  3413 V Avrcp_ext: updateCurrentMediaState: isPlaying = false
02-28 09:09:45.678  2666  3413 V Avrcp_ext: Media update: id -1➡-1? [MediaAttributes: none] : [MediaAttributes: none]
02-28 09:09:45.678  2666  3413 V Avrcp_ext: newPlayStatus:2mReportedPlayStatus:-1
02-28 09:09:45.678  2666  3413 V Avrcp_ext: updatePlaybackState, state: PlaybackState {state=2, position=-1, buffered position=0, speed=0.0, updated=1789008, actions=0, custom actions=[], active item id=-1, error=null} device: null
02-28 09:09:45.678  2666  3413 V Avrcp_ext: Device: no name:
02-28 09:09:45.678  2666  3413 I chatty  : uid=1002(bluetooth) BluetoothAvrcpH identical 3 lines
02-28 09:09:45.678  2666  3413 V Avrcp_ext: Device: no name:
02-28 09:09:45.678  2666  3413 V Avrcp_ext: updatePlayerStateAndPosition, old=PlaybackState {state=2, position=-1, buffered position=0, speed=0.0, updated=1788876, actions=0, custom actions=[], active item id=-1, error=null}, state=PlaybackState {state=2, position=-1, buffered position=0, speed=0.0, updated=1789008, actions=0, custom actions=[], active item id=-1, error=null}
02-28 09:09:45.678  2666  3413 V Avrcp_ext: old state = PlaybackState {state=2, position=-1, buffered position=0, speed=0.0, updated=1788876, actions=0, custom actions=[], active item id=-1, error=null}, new state= PlaybackState {state=2, position=-1, buffered position=0, speed=0.0, updated=1789008, actions=0, custom actions=[], active item id=-1, error=null}
02-28 09:09:45.678  2666  3413 D HeadsetService: getHeadsetService(): returning com.android.bluetooth.hfp.HeadsetService@8a04d28
02-28 09:09:45.679 13511 13544 D NavServiceProvider: Detecting stop. distance_d=197.59184. stop_type=1 speed=10.75
02-28 09:09:45.679  2666  3413 D HeadsetService:  isAudioOn: The number of audio connected devices 0
02-28 09:09:45.679  2666  3413 D HeadsetService: isScoOrCallActive(): Call Active:falseCall is Ringing:falseSCO is Active:false
02-28 09:09:45.679 13511 13544 D NavigationTest: 133: (28.058909, -82.408776, 10.750000)	R:true  F:false
02-28 09:09:45.679 13511 13544 D NavServiceProvider: Second to last stop coordinates: 28.0573, -82.409642
02-28 09:09:45.679  2666  3413 D HeadsetService:  isAudioOn: The number of audio connected devices 0
02-28 09:09:45.679  2666  3413 I Avrcp_ext: updatePlayStatusForDevice: device: null
02-28 09:09:45.679  2666  3413 V Avrcp_ext: updatePlaybackState (1): old=PlaybackState {state=2, position=-1, buffered position=0, speed=0.0, updated=1788876, actions=0, custom actions=[], active item id=-1, error=null}(2), new=PlaybackState {state=2, position=-1, buffered position=0, speed=0.0, updated=1789008, actions=0, custom actions=[], active item id=-1, error=null}(2)
02-28 09:09:45.679  2666  3413 I Avrcp_ext: Exit updatePlayStatusForDevice
02-28 09:09:45.679 13511 13544 D NavServiceProvider: Setting units automatically
02-28 09:09:45.679  2666  3413 D HeadsetService:  isAudioOn: The number of audio connected devices 0
02-28 09:09:45.679  2666  3413 D HeadsetService: isScoOrCallActive(): Call Active:falseCall is Ringing:falseSCO is Active:false
02-28 09:09:45.680  2666  3413 D HeadsetService:  isAudioOn: The number of audio connected devices 0
02-28 09:09:45.680  2666  3413 I Avrcp_ext: updatePlayStatusForDevice: device: null
