02-28 09:09:34.631 13511 13544 I TestRunner: started: testTrip5(org.onebusaway.android.nav.test.NavigationTest)
02-28 09:09:34.632 13511 13511 I MonitoringInstr: Activities that are still in CREATED to STOPPED: 0
02-28 09:09:34.642 13511 13544 D NavServiceProvider: Creating NavigationServiceProvider...
02-28 09:09:34.643 13511 13544 D NavServiceProvider: Starting navigation for service
02-28 09:09:34.643 13511 13544 D NavServiceProvider: ProximityCalculator initializing...
02-28 09:09:34.643 13511 13544 D NavServiceProvider: Initializing ProximityCalculator
02-28 09:09:34.643 13511 13544 D NavServiceProvider: Number of path links: 1
02-28 09:09:34.643 13511 13544 D NavServiceProvider: Second to last stop coordinates: 28.024847, -82.537339
02-28 09:09:34.643 13511 13544 D NavServiceProvider: Setting units automatically
02-28 09:09:34.645 13511 13544 D NavServiceProvider: Detecting stop. distance_d=2048.702. stop_type=1 speed=0.0
02-28 09:09:34.645 13511 13544 D NavigationTest: 0: (28.039975, -82.549314, 0.000000)	R:false  F:false
02-28 09:09:34.645 13511 13544 D NavServiceProvider: Second to last stop coordinates: 28.024847, -82.537339
02-28 09:09:34.646 13511 13544 D NavServiceProvider: Setting units automatically
02-28 09:09:34.647 13511 13544 D NavServiceProvider: Detecting stop. distance_d=2054.1462. stop_type=1 speed=0.0
02-28 09:09:34.647 13511 13544 D NavigationTest: 1: (28.040035, -82.549314, 0.000000)	R:false  F:false
02-28 09:09:34.647 13511 13544 D NavigationTest: 2: (28.040035, -82.549314, 0.000000)	R:false  F:false
02-28 09:09:34.647 13511 13544 D NavServiceProvider: Second to last stop coordinates: 28.024847, -82.537339
02-28 09:09:34.648 13511 13544 D NavServiceProvider: Setting units automatically
02-28 09:09:34.649 13511 13544 D NavServiceProvider: Detecting stop. distance_d=2051.7148. stop_type=1 speed=3.00413
02-28 09:09:34.649 13511 13544 D NavigationTest: 3: (28.040326, -82.548786, 3.004130)	R:false  F:false
02-28 09:09:34.649 13511 13544 D NavigationTest: 4: (28.040326, -82.548786, 3.004130)	R:false  F:false
02-28 09:09:34.649 13511 13544 D NavigationTest: 5: (28.040326, -82.548786, 3.004130)	R:false  F:false
02-28 09:09:34.649 13511 13544 D NavigationTest: 6: (28.040326, -82.548786, 3.004130)	R:false  F:false
02-28 09:09:34.649 13511 13544 D NavServiceProvider: Second to last stop coordinates: 28.024847, -82.537339
02-28 09:09:34.650 13511 13544 D NavServiceProvider: Setting units automatically
02-28 09:09:34.651 13579 13612 W EventProcessor: callback.start() returned error code: -1
02-28 09:09:34.651 13511 13544 D NavServiceProvider: Detecting stop. distance_d=2050.723. stop_type=1 speed=4.202011
02-28 09:09:34.652 13511 13544 D NavigationTest: 7: (28.040331, -82.548759, 4.202011)	R:false  F:false
02-28 09:09:34.652 13511 13544 D NavigationTest: 8: (28.040331, -82.548759, 4.202011)	R:false  F:false
02-28 09:09:34.652 13511 13544 D NavServiceProvider: Second to last stop coordinates: 28.024847, -82.537339
02-28 09:09:34.652 13511 13544 D NavServiceProvider: Setting units automatically
02-28 09:09:34.652   871   871 D msm8974_platform: platform_split_snd_device: snd_device(2) num devices(1) new_snd_devices(0)
02-28 09:09:34.652   871   871 D ACDB-LOADER: ACDB -> send_audvoltable
02-28 09:09:34.652   871   871 D ACDB-LOADER: ACDB -> ACDB_CMD_GET_AUDPROC_VOL_STEP_TABLE_SIZE
02-28 09:09:34.652   871   871 D ACDB-LOADER: ACDB -> ACDB_CMD_GET_AUDPROC_GAIN_DEP_STEP_TABLE, vol index 0
02-28 09:09:34.652   871   871 D         : Failed to fetch the lookup information of the device 0000000F
02-28 09:09:34.652   871   871 E ACDB-LOADER: Error: ACDB AudProc vol returned = -19
02-28 09:09:34.652   871   871 D ACDB-LOADER: ACDB -> AUDIO_SET_VOL_CAL cal type = 40
02-28 09:09:34.653   871   911 D msm8974_platform: platform_split_snd_device: snd_device(2) num devices(1) new_snd_devices(0)
02-28 09:09:34.654 13511 13544 D NavServiceProvider: Detecting stop. distance_d=2047.5767. stop_type=1 speed=5.68014
02-28 09:09:34.654 13511 13544 D NavigationTest: 9: (28.040333, -82.548697, 5.680140)	R:false  F:false
02-28 09:09:34.654 13511 13544 D NavServiceProvider: Second to last stop coordinates: 28.024847, -82.537339
02-28 09:09:34.654 13511 13544 D NavServiceProvider: Setting units automatically
02-28 09:09:34.655  1047  1168 I ThermalEngine: algo_monitor: Thresh EVT
02-28 09:09:34.656 13511 13544 D NavServiceProvider: Detecting stop. distance_d=2043.243. stop_type=1 speed=7.093412
02-28 09:09:34.656 13511 13544 D NavigationTest: 10: (28.040333, -82.548616, 7.093412)	R:false  F:false
02-28 09:09:34.656 13511 13544 D NavigationTest: 11: (28.040333, -82.548616, 7.093412)	R:false  F:false
02-28 09:09:34.656 13511 13544 D NavServiceProvider: Second to last stop coordinates: 28.024847, -82.537339
02-28 09:09:34.656 13511 13544 D NavServiceProvider: Setting units automatically
02-28 09:09:34.657   871  6793 V EffectDiracSound: DiracSound_command() start, cmdCode=20
02-28 09:09:34.657   871  6793 V EffectDiracSound: DiracSound_Command EFFECT_CMD_OFFLOAD
02-28 09:09:34.657  1047  1168 I ThermalEngine: handle_thresh_sig: SS Id SS-CPU4-SP1, Read xo_therm 37083mC
02-28 09:09:34.658 13511 13544 D NavServiceProvider: Detecting stop. distance_d=2038.5325. stop_type=1 speed=7.887769
02-28 09:09:34.658   871  6793 V EffectDiracSound: DiracSound_command() start, cmdCode=1
02-28 09:09:34.658   871  6793 V EffectDiracSound: DiracSound_setConfig start
02-28 09:09:34.658 13511 13544 D NavigationTest: 12: (28.040331, -82.548531, 7.887769)	R:false  F:false
02-28 09:09:34.658   871  6793 I EffectDiracSound: DiracSound_updateState(), enable=0, hifi=0, device=0x2, headset=5, samplingRate=48000
02-28 09:09:34.658   871  6793 I EffectDiracSound: DiracSound_updateState(), mode=0, music=0, movie=0, reset=0
02-28 09:09:34.658 13511 13544 D NavServiceProvider: Second to last stop coordinates: 28.024847, -82.537339
02-28 09:09:34.658   871  6793 I EffectDiracSound: DiracSound_updateState(), Speaker Movie/Stereo Mode is not supported. Stop update state.
02-28 09:09:34.658   871  6793 W EffectHAL: Effect 0xe4b38cd0 command SET_CONFIG returned status: Invalid argument
02-28 09:09:34.658   871   871 V EffectDiracSound: DiracSound_command() start, cmdCode=1
02-28 09:09:34.658   871   871 V EffectDiracSound: DiracSound_setConfig start
02-28 09:09:34.658   871   871 I EffectDiracSound: DiracSound_updateState(), enable=0, hifi=0, device=0x2, headset=5, samplingRate=48000
02-28 09:09:34.658   871   871 I EffectDiracSound: DiracSound_updateState(), mode=0, music=0, movie=0, reset=0
02-28 09:09:34.658   871   871 I EffectDiracSound: DiracSound_updateState(), Speaker Movie/Stereo Mode is not supported. Stop update state.
02-28 09:09:34.658   871   871 V EffectDiracSound: DiracSound_command() start, cmdCode=9
02-28 09:09:34.658   871   871 V EffectDiracSound: DiracSound_Command EFFECT_CMD_SET_DEVICE: 0x00000002
02-28 09:09:34.658 13511 13544 D NavServiceProvider: Setting units automatically
02-28 09:09:34.658   871   911 V EffectDiracSound: DiracSound_command() start, cmdCode=11
02-28 09:09:34.658   871   911 V EffectDiracSound: DiracSound_Command EFFECT_CMD_SET_AUDIO_MODE: 0
02-28 09:09:34.660 13511 13544 D NavServiceProvider: Detecting stop. distance_d=2031.0808. stop_type=1 speed=10.140124
02-28 09:09:34.660 13511 13544 D NavigationTest: 13: (28.040331, -82.548390, 10.140124)	R:false  F:false
02-28 09:09:34.660 13511 13544 D NavigationTest: 14: (28.040331, -82.548390, 10.140124)	R:false  F:false
02-28 09:09:34.660 13511 13544 D NavServiceProvider: Second to last stop coordinates: 28.024847, -82.537339
02-28 09:09:34.661 13511 13544 D NavServiceProvider: Setting units automatically
02-28 09:09:34.661  1047  1166 I ThermalEngine: handle_thresh_sig: TM Id SKIN-BATTERY-MONITOR Sensor xo_therm Temp 37083
02-28 09:09:34.661  1047  1166 I ThermalEngine: TM Id 'SKIN-BATTERY-MONITOR' Sensor 'xo_therm' - alarm  raised 4 at 37.0 degC
02-28 09:09:34.662 13511 13544 D NavServiceProvider: Detecting stop. distance_d=2025.1471. stop_type=1 speed=10.980072
02-28 09:09:34.663 13511 13544 D NavigationTest: 15: (28.040332, -82.548275, 10.980072)	R:false  F:false
02-28 09:09:34.663 13511 13544 D NavServiceProvider: Second to last stop coordinates: 28.024847, -82.537339
02-28 09:09:34.663  1047  1166 I ThermalEngine: j=0 i=3 TM Id SKIN-BATTERY-MONITOR Sensor xo_therm: Action battery value 16
02-28 09:09:34.663  1047  1166 I ThermalEngine: ACTION: BATTERY - Setting battery charging mitigation to 7
02-28 09:09:34.663  1047  1166 I ThermalEngine: Mitigation:Battery:7
02-28 09:09:34.663 13511 13544 D NavServiceProvider: Setting units automatically
02-28 09:09:34.665 13511 13544 D NavServiceProvider: Detecting stop. distance_d=2017.226. stop_type=1 speed=11.880421
02-28 09:09:34.665 13579 13612 I GoogleTTSServiceImpl: Synthesis request for locale eng-USA and name en-US-language
02-28 09:09:34.665 13511 13544 D NavigationTest: 16: (28.040329, -82.548128, 11.880421)	R:false  F:false
02-28 09:09:34.665 13511 13544 D NavigationTest: 17: (28.040329, -82.548128, 11.880421)	R:false  F:false
02-28 09:09:34.665 13511 13544 D NavServiceProvider: Second to last stop coordinates: 28.024847, -82.537339
02-28 09:09:34.665 13511 13544 D NavServiceProvider: Setting units automatically
02-28 09:09:34.665 13579 13612 I GoogleTTSServiceImpl: TTS dispatch: en-us-x-iog-seanet-embedded
02-28 09:09:34.666 13511 13544 D NavServiceProvider: Detecting stop. distance_d=2010.5404. stop_type=1 speed=12.140594
02-28 09:09:34.666 13511 13544 D NavigationTest: 18: (28.040328, -82.548000, 12.140594)	R:false  F:false
02-28 09:09:34.666 13511 13544 D NavigationTest: 19: (28.040328, -82.548000, 12.140594)	R:false  F:false
02-28 09:09:34.667 13511 13544 D NavServiceProvider: Second to last stop coordinates: 28.024847, -82.537339
02-28 09:09:34.667 13511 13544 D NavServiceProvider: Setting units automatically
02-28 09:09:34.668 13511 13544 D NavServiceProvider: Detecting stop. distance_d=2003.8539. stop_type=1 speed=12.731005
02-28 09:09:34.668 13511 13544 D NavigationTest: 20: (28.040328, -82.547869, 12.731005)	R:false  F:false
02-28 09:09:34.668 13511 13544 D NavigationTest: 21: (28.040328, -82.547869, 12.731005)	R:false  F:false
02-28 09:09:34.668 13511 13544 D NavServiceProvider: Second to last stop coordinates: 28.024847, -82.537339
02-28 09:09:34.669 13511 13544 D NavServiceProvider: Setting units automatically
02-28 09:09:34.670 13511 13544 D NavServiceProvider: Detecting stop. distance_d=1996.4447. stop_type=1 speed=13.150973
02-28 09:09:34.670 13511 13544 D NavigationTest: 22: (28.040324, -82.547730, 13.150973)	R:false  F:false
02-28 09:09:34.670 13511 13544 D NavigationTest: 23: (28.040324, -82.547730, 13.150973)	R:false  F:false
02-28 09:09:34.670 13511 13544 D NavServiceProvider: Second to last stop coordinates: 28.024847, -82.537339
02-28 09:09:34.670 13511 13544 D NavServiceProvider: Setting units automatically
02-28 09:09:34.672 13511 13544 D NavServiceProvider: Detecting stop. distance_d=1989.4342. stop_type=1 speed=13.76
02-28 09:09:34.672 13511 13544 D NavigationTest: 24: (28.040324, -82.547590, 13.760000)	R:false  F:false
02-28 09:09:34.672 13511 13544 D NavigationTest: 25: (28.040324, -82.547590, 13.760000)	R:false  F:false
02-28 09:09:34.672 13511 13544 D NavServiceProvider: Second to last stop coordinates: 28.024847, -82.537339
02-28 09:09:34.672 13511 13544 D NavServiceProvider: Setting units automatically
02-28 09:09:34.674 13511 13544 D NavServiceProvider: Detecting stop. distance_d=1982.6263. stop_type=1 speed=13.990004
02-28 09:09:34.674 13511 13544 D NavigationTest: 26: (28.040330, -82.547441, 13.990004)	R:false  F:false
02-28 09:09:34.674 13511 13544 D NavServiceProvider: Second to last stop coordinates: 28.024847, -82.537339
02-28 09:09:34.674 13511 13544 D NavServiceProvider: Setting units automatically
02-28 09:09:34.676 13511 13544 D NavServiceProvider: Detecting stop. distance_d=1975.6672. stop_type=1 speed=14.200901
02-28 09:09:34.676 13511 13544 D NavigationTest: 27: (28.040330, -82.547299, 14.200901)	R:false  F:false
02-28 09:09:34.676 13511 13544 D NavigationTest: 28: (28.040330, -82.547299, 14.200901)	R:false  F:false
02-28 09:09:34.676 13511 13544 D NavServiceProvider: Second to last stop coordinates: 28.024847, -82.537339
02-28 09:09:34.677 13511 13544 D NavServiceProvider: Setting units automatically
02-28 09:09:34.678 13511 13544 D NavServiceProvider: Detecting stop. distance_d=1969.0239. stop_type=1 speed=14.402531
02-28 09:09:34.678 13511 13544 D NavigationTest: 29: (28.040330, -82.547162, 14.402531)	R:false  F:false
02-28 09:09:34.678 13511 13544 D NavServiceProvider: Second to last stop coordinates: 28.024847, -82.537339
02-28 09:09:34.679 13511 13544 D NavServiceProvider: Setting units automatically
02-28 09:09:34.680 13511 13544 D NavServiceProvider: Detecting stop. distance_d=1961.8303. stop_type=1 speed=15.000053
02-28 09:09:34.680 13511 13544 D NavigationTest: 30: (28.040330, -82.547012, 15.000053)	R:false  F:false
02-28 09:09:34.680 13511 13544 D NavigationTest: 31: (28.040330, -82.547012, 15.000053)	R:false  F:false
02-28 09:09:34.680 13511 13544 D NavServiceProvider: Second to last stop coordinates: 28.024847, -82.537339
02-28 09:09:34.680 13511 13544 D NavServiceProvider: Setting units automatically
02-28 09:09:34.681 13511 13544 D NavServiceProvider: Detecting stop. distance_d=1954.6274. stop_type=1 speed=14.760014
02-28 09:09:34.682 13511 13544 D NavigationTest: 32: (28.040330, -82.546860, 14.760014)	R:false  F:false
02-28 09:09:34.682 13511 13544 D NavigationTest: 33: (28.040330, -82.546860, 14.760014)	R:false  F:false
02-28 09:09:34.682 13511 13544 D NavServiceProvider: Second to last stop coordinates: 28.024847, -82.537339
02-28 09:09:34.682 13511 13544 D NavServiceProvider: Setting units automatically
02-28 09:09:34.683 13511 13544 D NavServiceProvider: Detecting stop. distance_d=1947.1824. stop_type=1 speed=15.100054
02-28 09:09:34.683 13511 13544 D NavigationTest: 34: (28.040329, -82.546703, 15.100054)	R:false  F:false
02-28 09:09:34.683 13511 13544 D NavServiceProvider: Second to last stop coordinates: 28.024847, -82.537339
02-28 09:09:34.683 13511 13544 D NavServiceProvider: Setting units automatically
02-28 09:09:34.685 13511 13544 D NavServiceProvider: Detecting stop. distance_d=1939.9756. stop_type=1 speed=15.060748
02-28 09:09:34.685 13511 13544 D NavigationTest: 35: (28.040329, -82.546547, 15.060748)	R:false  F:false
02-28 09:09:34.685 13511 13544 D NavigationTest: 36: (28.040329, -82.546547, 15.060748)	R:false  F:false
02-28 09:09:34.685 13511 13544 D NavServiceProvider: Second to last stop coordinates: 28.024847, -82.537339
02-28 09:09:34.685 13511 13544 D NavServiceProvider: Setting units automatically
02-28 09:09:34.687 13511 13544 D NavServiceProvider: Detecting stop. distance_d=1933.2637. stop_type=1 speed=14.820661
02-28 09:09:34.687 13511 13544 D NavigationTest: 37: (28.040328, -82.546402, 14.820661)	R:false  F:false
02-28 09:09:34.687 13511 13544 D NavigationTest: 38: (28.040328, -82.546402, 14.820661)	R:false  F:false
02-28 09:09:34.687 13511 13544 D NavServiceProvider: Second to last stop coordinates: 28.024847, -82.537339
02-28 09:09:34.687 13511 13544 D NavServiceProvider: Setting units automatically
02-28 09:09:34.689 13511 13544 D NavServiceProvider: Detecting stop. distance_d=1925.6931. stop_type=1 speed=14.950053
02-28 09:09:34.689 13511 13544 D NavigationTest: 39: (28.040322, -82.546247, 14.950053)	R:false  F:false
02-28 09:09:34.689 13511 13544 D NavServiceProvider: Second to last stop coordinates: 28.024847, -82.537339
02-28 09:09:34.689 13511 13544 D NavServiceProvider: Setting units automatically
02-28 09:09:34.690 13511 13544 D NavServiceProvider: Detecting stop. distance_d=1918.5552. stop_type=1 speed=15.0
02-28 09:09:34.690 13511 13544 D NavigationTest: 40: (28.040319, -82.546093, 15.000000)	R:false  F:false
02-28 09:09:34.690 13511 13544 D NavigationTest: 41: (28.040319, -82.546093, 15.000000)	R:false  F:false
02-28 09:09:34.690 13511 13544 D NavServiceProvider: Second to last stop coordinates: 28.024847, -82.537339
02-28 09:09:34.691 13511 13544 D NavServiceProvider: Setting units automatically
02-28 09:09:34.692 13511 13544 D NavServiceProvider: Detecting stop. distance_d=1911.6165. stop_type=1 speed=14.634933
02-28 09:09:34.692 13511 13544 D NavigationTest: 42: (28.040314, -82.545946, 14.634933)	R:false  F:false
02-28 09:09:34.692 13511 13544 D NavigationTest: 43: (28.040314, -82.545946, 14.634933)	R:false  F:false
02-28 09:09:34.692 13511 13544 D NavServiceProvider: Second to last stop coordinates: 28.024847, -82.537339
02-28 09:09:34.692 13511 13544 D NavServiceProvider: Setting units automatically
02-28 09:09:34.693 13511 13544 D NavServiceProvider: Detecting stop. distance_d=1906.0017. stop_type=1 speed=15.380468
02-28 09:09:34.693 13511 13544 D NavigationTest: 44: (28.040321, -82.545800, 15.380468)	R:false  F:false
02-28 09:09:34.693 13511 13544 D NavigationTest: 45: (28.040321, -82.545800, 15.380468)	R:false  F:false
02-28 09:09:34.693 13511 13544 D NavServiceProvider: Second to last stop coordinates: 28.024847, -82.537339
02-28 09:09:34.693 13511 13544 D NavServiceProvider: Setting units automatically
02-28 09:09:34.694 13511 13544 D NavServiceProvider: Detecting stop. distance_d=1898.9979. stop_type=1 speed=14.904348
02-28 09:09:34.694 13511 13544 D NavigationTest: 46: (28.040317, -82.545645, 14.904348)	R:false  F:false
02-28 09:09:34.694 13511 13544 D NavigationTest: 47: (28.040317, -82.545645, 14.904348)	R:false  F:false
02-28 09:09:34.695 13511 13544 D NavServiceProvider: Second to last stop coordinates: 28.024847, -82.537339
02-28 09:09:34.695 13511 13544 D NavServiceProvider: Setting units automatically
02-28 09:09:34.696 13511 13544 D NavServiceProvider: Detecting stop. distance_d=1892.5172. stop_type=1 speed=14.890861
02-28 09:09:34.696 13511 13544 D NavigationTest: 48: (28.040316, -82.545493, 14.890861)	R:false  F:false
02-28 09:09:34.696 13511 13544 D NavigationTest: 49: (28.040316, -82.545493, 14.890861)	R:false  F:false
02-28 09:09:34.696 13511 13544 D NavServiceProvider: Second to last stop coordinates: 28.024847, -82.537339
02-28 09:09:34.696 13511 13544 D NavServiceProvider: Setting units automatically
02-28 09:09:34.697 13511 13544 D NavServiceProvider: Detecting stop. distance_d=1886.0955. stop_type=1 speed=14.240224
02-28 09:09:34.697 13511 13544 D NavigationTest: 50: (28.040313, -82.545345, 14.240224)	R:false  F:false
02-28 09:09:34.697 13511 13544 D NavigationTest: 51: (28.040313, -82.545345, 14.240224)	R:false  F:false
02-28 09:09:34.697 13511 13544 D NavServiceProvider: Second to last stop coordinates: 28.024847, -82.537339
02-28 09:09:34.697 13511 13544 D NavServiceProvider: Setting units automatically
02-28 09:09:34.698 13511 13544 D NavServiceProvider: Detecting stop. distance_d=1879.3402. stop_type=1 speed=14.400003
02-28 09:09:34.698 13511 13544 D NavigationTest: 52: (28.040305, -82.545199, 14.400003)	R:false  F:false
02-28 09:09:34.698 13511 13544 D NavServiceProvider: Second to last stop coordinates: 28.024847, -82.537339
02-28 09:09:34.699 13511 13544 D NavServiceProvider: Setting units automatically
02-28 09:09:34.700 13511 13544 D NavServiceProvider: Detecting stop. distance_d=1872.9751. stop_type=1 speed=14.4
02-28 09:09:34.700 13511 13544 D NavigationTest: 53: (28.040300, -82.545053, 14.400000)	R:false  F:false
02-28 09:09:34.700 13511 13544 D NavigationTest: 54: (28.040300, -82.545053, 14.400000)	R:false  F:false
02-28 09:09:34.700 13511 13544 D NavServiceProvider: Second to last stop coordinates: 28.024847, -82.537339
02-28 09:09:34.700 13511 13544 D NavServiceProvider: Setting units automatically
02-28 09:09:34.701 13511 13544 D NavServiceProvider: Detecting stop. distance_d=1866.5261. stop_type=1 speed=14.484726
02-28 09:09:34.701 13511 13544 D NavigationTest: 55: (28.040296, -82.544900, 14.484726)	R:false  F:false
02-28 09:09:34.701 13511 13544 D NavigationTest: 56: (28.040296, -82.544900, 14.484726)	R:false  F:false
02-28 09:09:34.701 13511 13544 D NavServiceProvider: Second to last stop coordinates: 28.024847, -82.537339
02-28 09:09:34.702 13511 13544 D NavServiceProvider: Setting units automatically
02-28 09:09:34.703 13511 13544 D NavServiceProvider: Detecting stop. distance_d=1860.923. stop_type=1 speed=14.296469
02-28 09:09:34.703 13511 13544 D NavigationTest: 57: (28.040291, -82.544769, 14.296469)	R:false  F:false
02-28 09:09:34.703 13511 13544 D NavigationTest: 58: (28.040291, -82.544769, 14.296469)	R:false  F:false
02-28 09:09:34.703 13511 13544 D NavServiceProvider: Second to last stop coordinates: 28.024847, -82.537339
02-28 09:09:34.703 13511 13544 D NavServiceProvider: Setting units automatically
02-28 09:09:34.704 13511 13544 D NavServiceProvider: Detecting stop. distance_d=1854.5537. stop_type=1 speed=14.808444
02-28 09:09:34.704 13511 13544 D NavigationTest: 59: (28.040283, -82.544624, 14.808444)	R:false  F:false
02-28 09:09:34.704 13511 13544 D NavServiceProvider: Second to last stop coordinates: 28.024847, -82.537339
02-28 09:09:34.704 13511 13544 D NavServiceProvider: Setting units automatically
02-28 09:09:34.705 13511 13544 D NavServiceProvider: Detecting stop. distance_d=1848.5801. stop_type=1 speed=15.300004
02-28 09:09:34.705 13511 13544 D NavigationTest: 60: (28.040282, -82.544468, 15.300004)	R:false  F:false
02-28 09:09:34.705 13511 13544 D NavigationTest: 61: (28.040282, -82.544468, 15.300004)	R:false  F:false
02-28 09:09:34.705 13511 13544 D NavServiceProvider: Second to last stop coordinates: 28.024847, -82.537339
02-28 09:09:34.706 13511 13544 D NavServiceProvider: Setting units automatically
02-28 09:09:34.707 13511 13544 D NavServiceProvider: Detecting stop. distance_d=1842.5822. stop_type=1 speed=15.067505
02-28 09:09:34.707 13511 13544 D NavigationTest: 62: (28.040279, -82.544314, 15.067505)	R:false  F:false
02-28 09:09:34.707 13511 13544 D NavigationTest: 63: (28.040279, -82.544314, 15.067505)	R:false  F:false
02-28 09:09:34.707 13511 13544 D NavServiceProvider: Second to last stop coordinates: 28.024847, -82.537339
02-28 09:09:34.707 13511 13544 D NavServiceProvider: Setting units automatically
02-28 09:09:34.708 13511 13544 D NavServiceProvider: Detecting stop. distance_d=1835.2003. stop_type=1 speed=14.905103
02-28 09:09:34.708 13511 13544 D NavigationTest: 64: (28.040264, -82.544153, 14.905103)	R:false  F:false
02-28 09:09:34.708 13511 13544 D NavigationTest: 65: (28.040264, -82.544153, 14.905103)	R:false  F:false
02-28 09:09:34.708 13511 13544 D NavServiceProvider: Second to last stop coordinates: 28.024847, -82.537339
02-28 09:09:34.708 13511 13544 D NavServiceProvider: Setting units automatically
02-28 09:09:34.709 13511 13544 D NavServiceProvider: Detecting stop. distance_d=1829.0719. stop_type=1 speed=15.467237
02-28 09:09:34.709 13511 13544 D NavigationTest: 66: (28.040257, -82.544001, 15.467237)	R:false  F:false
02-28 09:09:34.709 13511 13544 D NavServiceProvider: Second to last stop coordinates: 28.024847, -82.537339
02-28 09:09:34.710 13511 13544 D NavServiceProvider: Setting units automatically
02-28 09:09:34.711 13511 13544 D NavServiceProvider: Detecting stop. distance_d=1823.2535. stop_type=1 speed=15.156681
02-28 09:09:34.711 13511 13544 D NavigationTest: 67: (28.040253, -82.543846, 15.156681)	R:false  F:false
02-28 09:09:34.711 13511 13544 D NavigationTest: 68: (28.040253, -82.543846, 15.156681)	R:false  F:false
02-28 09:09:34.711 13511 13544 D NavServiceProvider: Second to last stop coordinates: 28.024847, -82.537339
02-28 09:09:34.712 13511 13544 D NavServiceProvider: Setting units automatically
02-28 09:09:34.713 13511 13544 D NavServiceProvider: Detecting stop. distance_d=1816.5038. stop_type=1 speed=14.85303
02-28 09:09:34.713 13511 13544 D NavigationTest: 69: (28.040239, -82.543691, 14.853030)	R:false  F:false
02-28 09:09:34.713 13511 13544 D NavServiceProvider: Second to last stop coordinates: 28.024847, -82.537339
02-28 09:09:34.713 13511 13544 D NavServiceProvider: Setting units automatically
02-28 09:09:34.714 13511 13544 D NavServiceProvider: Detecting stop. distance_d=1810.3041. stop_type=1 speed=14.85057
02-28 09:09:34.714 13511 13544 D NavigationTest: 70: (28.040228, -82.543540, 14.850570)	R:false  F:false
02-28 09:09:34.715 13511 13544 D NavigationTest: 71: (28.040228, -82.543540, 14.850570)	R:false  F:false
02-28 09:09:34.715 13511 13544 D NavServiceProvider: Second to last stop coordinates: 28.024847, -82.537339
02-28 09:09:34.715 13511 13544 D NavServiceProvider: Setting units automatically
02-28 09:09:34.716 13511 13544 D NavServiceProvider: Detecting stop. distance_d=1804.5164. stop_type=1 speed=14.030057
02-28 09:09:34.716 13511 13544 D NavigationTest: 72: (28.040215, -82.543405, 14.030057)	R:false  F:false
02-28 09:09:34.716 13511 13544 D NavigationTest: 73: (28.040215, -82.543405, 14.030057)	R:false  F:false
02-28 09:09:34.716 13511 13544 D NavServiceProvider: Second to last stop coordinates: 28.024847, -82.537339
02-28 09:09:34.716 13511 13544 D NavServiceProvider: Setting units automatically
02-28 09:09:34.717 13511 13544 D NavServiceProvider: Detecting stop. distance_d=1798.9005. stop_type=1 speed=14.030004
02-28 09:09:34.717 13511 13544 D NavigationTest: 74: (28.040205, -82.543263, 14.030004)	R:false  F:false
02-28 09:09:34.717 13511 13544 D NavServiceProvider: Second to last stop coordinates: 28.024847, -82.537339
02-28 09:09:34.718 13511 13544 D NavServiceProvider: Setting units automatically
02-28 09:09:34.719 13511 13544 D NavServiceProvider: Detecting stop. distance_d=1792.4788. stop_type=1 speed=13.990701
02-28 09:09:34.719 13511 13544 D NavigationTest: 75: (28.040182, -82.543136, 13.990701)	R:false  F:false
02-28 09:09:34.719 13511 13544 D NavigationTest: 76: (28.040182, -82.543136, 13.990701)	R:false  F:false
02-28 09:09:34.719 13511 13544 D NavServiceProvider: Second to last stop coordinates: 28.024847, -82.537339
02-28 09:09:34.719 13511 13544 D NavServiceProvider: Setting units automatically
02-28 09:09:34.721 13511 13544 D NavServiceProvider: Detecting stop. distance_d=1786.5112. stop_type=1 speed=13.120004
02-28 09:09:34.721 13511 13544 D NavigationTest: 77: (28.040165, -82.543001, 13.120004)	R:false  F:false
02-28 09:09:34.721 13511 13544 D NavigationTest: 78: (28.040165, -82.543001, 13.120004)	R:false  F:false
02-28 09:09:34.721 13511 13544 D NavServiceProvider: Second to last stop coordinates: 28.024847, -82.537339
02-28 09:09:34.721 13511 13544 D NavServiceProvider: Setting units automatically
02-28 09:09:34.722 13511 13544 D NavServiceProvider: Detecting stop. distance_d=1779.7952. stop_type=1 speed=13.240004
02-28 09:09:34.722 13511 13544 D NavigationTest: 79: (28.040139, -82.542870, 13.240004)	R:false  F:false
02-28 09:09:34.722 13511 13544 D NavServiceProvider: Second to last stop coordinates: 28.024847, -82.537339
02-28 09:09:34.722 13511 13544 D NavServiceProvider: Setting units automatically
02-28 09:09:34.723 13511 13544 D NavServiceProvider: Detecting stop. distance_d=1773.4102. stop_type=1 speed=13.24
02-28 09:09:34.723 13511 13544 D NavigationTest: 80: (28.040116, -82.542737, 13.240000)	R:false  F:false
02-28 09:09:34.723 13511 13544 D NavigationTest: 81: (28.040116, -82.542737, 13.240000)	R:false  F:false
02-28 09:09:34.724 13511 13544 D NavigationTest: 82: (28.040116, -82.542737, 13.240000)	R:false  F:false
02-28 09:09:34.724 13511 13544 D NavServiceProvider: Second to last stop coordinates: 28.024847, -82.537339
02-28 09:09:34.724 13511 13544 D NavServiceProvider: Setting units automatically
02-28 09:09:34.725 13511 13544 D NavServiceProvider: Detecting stop. distance_d=1769.2979. stop_type=1 speed=10.060974
02-28 09:09:34.725 13511 13544 D NavigationTest: 83: (28.040105, -82.542636, 10.060974)	R:false  F:false
02-28 09:09:34.725 13511 13544 D NavigationTest: 84: (28.040105, -82.542636, 10.060974)	R:false  F:false
02-28 09:09:34.725 13511 13544 D NavServiceProvider: Second to last stop coordinates: 28.024847, -82.537339
02-28 09:09:34.725 13511 13544 D NavServiceProvider: Setting units automatically
02-28 09:09:34.726 13511 13544 D NavServiceProvider: Detecting stop. distance_d=1763.426. stop_type=1 speed=10.24125
02-28 09:09:34.726 13511 13544 D NavigationTest: 85: (28.040085, -82.542505, 10.241250)	R:false  F:false
02-28 09:09:34.726 13511 13544 D NavigationTest: 86: (28.040085, -82.542505, 10.241250)	R:false  F:false
02-28 09:09:34.726 13511 13544 D NavServiceProvider: Second to last stop coordinates: 28.024847, -82.537339
02-28 09:09:34.727 13511 13544 D NavServiceProvider: Setting units automatically
02-28 09:09:34.728 13511 13544 D NavServiceProvider: Detecting stop. distance_d=1760.2212. stop_type=1 speed=9.77148
02-28 09:09:34.728 13511 13544 D NavigationTest: 87: (28.040081, -82.542406, 9.771480)	R:false  F:false
02-28 09:09:34.728 13511 13544 D NavigationTest: 88: (28.040081, -82.542406, 9.771480)	R:false  F:false
02-28 09:09:34.728 13511 13544 D NavServiceProvider: Second to last stop coordinates: 28.024847, -82.537339
02-28 09:09:34.728 13511 13544 D NavServiceProvider: Setting units automatically
02-28 09:09:34.729 13511 13544 D NavServiceProvider: Detecting stop. distance_d=1756.6692. stop_type=1 speed=9.360534
02-28 09:09:34.729 13511 13544 D NavigationTest: 89: (28.040072, -82.542312, 9.360534)	R:false  F:false
02-28 09:09:34.729 13511 13544 D NavServiceProvider: Second to last stop coordinates: 28.024847, -82.537339
02-28 09:09:34.730 13511 13544 D NavServiceProvider: Setting units automatically
02-28 09:09:34.730 13511 13544 D NavServiceProvider: Detecting stop. distance_d=1752.9462. stop_type=1 speed=9.360085
02-28 09:09:34.731 13511 13544 D NavigationTest: 90: (28.040061, -82.542218, 9.360085)	R:false  F:false
02-28 09:09:34.731 13511 13544 D NavigationTest: 91: (28.040061, -82.542218, 9.360085)	R:false  F:false
02-28 09:09:34.731 13511 13544 D NavServiceProvider: Second to last stop coordinates: 28.024847, -82.537339
02-28 09:09:34.731 13511 13544 D NavServiceProvider: Setting units automatically
02-28 09:09:34.732 13511 13544 D NavServiceProvider: Detecting stop. distance_d=1749.3964. stop_type=1 speed=8.010006
02-28 09:09:34.732 13511 13544 D NavigationTest: 92: (28.040049, -82.542133, 8.010006)	R:false  F:false
02-28 09:09:34.732 13511 13544 D NavServiceProvider: Second to last stop coordinates: 28.024847, -82.537339
02-28 09:09:34.732 13511 13544 D NavServiceProvider: Setting units automatically
02-28 09:09:34.733 13511 13544 D NavServiceProvider: Detecting stop. distance_d=1746.9014. stop_type=1 speed=6.980064
02-28 09:09:34.733 13511 13544 D NavigationTest: 93: (28.040037, -82.542087, 6.980064)	R:false  F:false
02-28 09:09:34.733 13511 13544 D NavigationTest: 94: (28.040037, -82.542087, 6.980064)	R:false  F:false
02-28 09:09:34.733 13511 13544 D NavServiceProvider: Second to last stop coordinates: 28.024847, -82.537339
02-28 09:09:34.734 13511 13544 D NavServiceProvider: Setting units automatically
02-28 09:09:34.735 13511 13544 D NavServiceProvider: Detecting stop. distance_d=1742.7557. stop_type=1 speed=6.64
02-28 09:09:34.735 13511 13544 D NavigationTest: 95: (28.040008, -82.542047, 6.640000)	R:false  F:false
02-28 09:09:34.735 13511 13544 D NavigationTest: 96: (28.040008, -82.542047, 6.640000)	R:false  F:false
02-28 09:09:34.735 13511 13544 D NavServiceProvider: Second to last stop coordinates: 28.024847, -82.537339
02-28 09:09:34.735 13511 13544 D NavServiceProvider: Setting units automatically
02-28 09:09:34.736 13511 13544 D NavServiceProvider: Detecting stop. distance_d=1737.5524. stop_type=1 speed=6.301492
02-28 09:09:34.736 13511 13544 D NavigationTest: 97: (28.039971, -82.541999, 6.301492)	R:false  F:false
02-28 09:09:34.736 13511 13544 D NavServiceProvider: Second to last stop coordinates: 28.024847, -82.537339
02-28 09:09:34.736 13511 13544 D NavServiceProvider: Setting units automatically
02-28 09:09:34.737 13511 13544 D NavServiceProvider: Detecting stop. distance_d=1731.5303. stop_type=1 speed=6.723132
02-28 09:09:34.737 13511 13544 D NavigationTest: 98: (28.039920, -82.541977, 6.723132)	R:false  F:false
02-28 09:09:34.737 13511 13544 D NavigationTest: 99: (28.039920, -82.541977, 6.723132)	R:false  F:false
02-28 09:09:34.737 13511 13544 D NavServiceProvider: Second to last stop coordinates: 28.024847, -82.537339
02-28 09:09:34.738 13511 13544 D NavServiceProvider: Setting units automatically
02-28 09:09:34.739 13511 13544 D NavServiceProvider: Detecting stop. distance_d=1726.5642. stop_type=1 speed=5.970837
02-28 09:09:34.739 13511 13544 D NavigationTest: 100: (28.039875, -82.541971, 5.970837)	R:false  F:false
02-28 09:09:34.739 13511 13544 D NavServiceProvider: Second to last stop coordinates: 28.024847, -82.537339
02-28 09:09:34.739 13511 13544 D NavServiceProvider: Setting units automatically
02-28 09:09:34.740 13511 13544 D NavServiceProvider: Detecting stop. distance_d=1720.4335. stop_type=1 speed=6.711461
02-28 09:09:34.740 13511 13544 D NavigationTest: 101: (28.039813, -82.541990, 6.711461)	R:false  F:false
02-28 09:09:34.740 13511 13544 D NavigationTest: 102: (28.039813, -82.541990, 6.711461)	R:false  F:false
02-28 09:09:34.740 13511 13544 D NavServiceProvider: Second to last stop coordinates: 28.024847, -82.537339
02-28 09:09:34.740 13511 13544 D NavServiceProvider: Setting units automatically
02-28 09:09:34.741 13511 13544 D NavServiceProvider: Detecting stop. distance_d=1713.839. stop_type=1 speed=6.710186
02-28 09:09:34.741 13511 13544 D NavigationTest: 103: (28.039752, -82.541987, 6.710186)	R:false  F:false
02-28 09:09:34.741 13511 13544 D NavServiceProvider: Second to last stop coordinates: 28.024847, -82.537339
02-28 09:09:34.742 13511 13544 D NavServiceProvider: Setting units automatically
02-28 09:09:34.743 13511 13544 D NavServiceProvider: Detecting stop. distance_d=1697.9685. stop_type=1 speed=9.41
02-28 09:09:34.743 13511 13544 D NavigationTest: 104: (28.039612, -82.541952, 9.410000)	R:false  F:false
02-28 09:09:34.743 13511 13544 D NavigationTest: 105: (28.039612, -82.541952, 9.410000)	R:false  F:false
02-28 09:09:34.743 13511 13544 D NavServiceProvider: Second to last stop coordinates: 28.024847, -82.537339
02-28 09:09:34.743 13511 13544 D NavServiceProvider: Setting units automatically
02-28 09:09:34.744 13511 13544 D NavServiceProvider: Detecting stop. distance_d=1688.9723. stop_type=1 speed=9.410005
02-28 09:09:34.744 13511 13544 D NavigationTest: 106: (28.039527, -82.541955, 9.410005)	R:false  F:false
02-28 09:09:34.744 13511 13544 D NavServiceProvider: Second to last stop coordinates: 28.024847, -82.537339
02-28 09:09:34.744 13511 13544 D NavServiceProvider: Setting units automatically
02-28 09:09:34.745 13511 13544 D NavServiceProvider: Detecting stop. distance_d=1675.5803. stop_type=1 speed=12.021834
02-28 09:09:34.745 13511 13544 D NavigationTest: 107: (28.039402, -82.541953, 12.021834)	R:false  F:false
02-28 09:09:34.745 13511 13544 D NavigationTest: 108: (28.039402, -82.541953, 12.021834)	R:false  F:false
02-28 09:09:34.745 13511 13544 D NavServiceProvider: Second to last stop coordinates: 28.024847, -82.537339
02-28 09:09:34.745 13511 13544 D NavServiceProvider: Setting units automatically
02-28 09:09:34.746 13511 13544 D NavServiceProvider: Detecting stop. distance_d=1664.2767. stop_type=1 speed=12.070597
02-28 09:09:34.746 13511 13544 D NavigationTest: 109: (28.039294, -82.541961, 12.070597)	R:false  F:false
02-28 09:09:34.746 13511 13544 D NavigationTest: 110: (28.039294, -82.541961, 12.070597)	R:false  F:false
02-28 09:09:34.746 13511 13544 D NavServiceProvider: Second to last stop coordinates: 28.024847, -82.537339
02-28 09:09:34.747 13511 13544 D NavServiceProvider: Setting units automatically
02-28 09:09:34.748 13511 13544 D NavServiceProvider: Detecting stop. distance_d=1652.183. stop_type=1 speed=12.560144
02-28 09:09:34.748 13511 13544 D NavigationTest: 111: (28.039179, -82.541967, 12.560144)	R:false  F:false
02-28 09:09:34.748 13511 13544 D NavServiceProvider: Second to last stop coordinates: 28.024847, -82.537339
02-28 09:09:34.748 13511 13544 D NavServiceProvider: Setting units automatically
02-28 09:09:34.749 13511 13544 D NavServiceProvider: Detecting stop. distance_d=1640.0394. stop_type=1 speed=12.55
02-28 09:09:34.749 13511 13544 D NavigationTest: 112: (28.039066, -82.541963, 12.550000)	R:false  F:false
02-28 09:09:34.749 13511 13544 D NavigationTest: 113: (28.039066, -82.541963, 12.550000)	R:false  F:false
02-28 09:09:34.749 13511 13544 D NavServiceProvider: Second to last stop coordinates: 28.024847, -82.537339
02-28 09:09:34.750 13511 13544 D NavServiceProvider: Setting units automatically
02-28 09:09:34.751 13511 13544 D NavServiceProvider: Detecting stop. distance_d=1625.1422. stop_type=1 speed=13.115799
02-28 09:09:34.751 13511 13544 D NavigationTest: 114: (28.038925, -82.541967, 13.115799)	R:false  F:false
02-28 09:09:34.751 13511 13544 D NavigationTest: 115: (28.038925, -82.541967, 13.115799)	R:false  F:false
02-28 09:09:34.751 13511 13544 D NavigationTest: 116: (28.038925, -82.541967, 13.115799)	R:false  F:false
02-28 09:09:34.751 13511 13544 D NavServiceProvider: Second to last stop coordinates: 28.024847, -82.537339
02-28 09:09:34.751 13511 13544 D NavServiceProvider: Setting units automatically
02-28 09:09:34.752 13511 13544 D NavServiceProvider: Detecting stop. distance_d=1611.8486. stop_type=1 speed=13.182007
02-28 09:09:34.752 13511 13544 D NavigationTest: 117: (28.038800, -82.541967, 13.182007)	R:false  F:false
02-28 09:09:34.752 13511 13544 D NavigationTest: 118: (28.038800, -82.541967, 13.182007)	R:false  F:false
02-28 09:09:34.752 13511 13544 D NavServiceProvider: Second to last stop coordinates: 28.024847, -82.537339
02-28 09:09:34.752 13511 13544 D NavServiceProvider: Setting units automatically
02-28 09:09:34.753 13511 13544 D NavServiceProvider: Detecting stop. distance_d=1598.9615. stop_type=1 speed=12.970386
02-28 09:09:34.754 13511 13544 D NavigationTest: 119: (28.038679, -82.541966, 12.970386)	R:false  F:false
02-28 09:09:34.754 13511 13544 D NavServiceProvider: Second to last stop coordinates: 28.024847, -82.537339
02-28 09:09:34.754 13511 13544 D NavServiceProvider: Setting units automatically
02-28 09:09:34.755 13511 13544 D NavServiceProvider: Detecting stop. distance_d=1586.5078. stop_type=1 speed=12.960015
02-28 09:09:34.755 13511 13544 D NavigationTest: 120: (28.038562, -82.541965, 12.960015)	R:false  F:false
02-28 09:09:34.755 13511 13544 D NavigationTest: 121: (28.038562, -82.541965, 12.960015)	R:false  F:false
02-28 09:09:34.755 13511 13544 D NavServiceProvider: Second to last stop coordinates: 28.024847, -82.537339
02-28 09:09:34.755 13511 13544 D NavServiceProvider: Setting units automatically
02-28 09:09:34.756 13511 13544 D NavServiceProvider: Detecting stop. distance_d=1574.6495. stop_type=1 speed=11.910151
02-28 09:09:34.756 13511 13544 D NavigationTest: 122: (28.038450, -82.541966, 11.910151)	R:false  F:false
02-28 09:09:34.756 13511 13544 D NavigationTest: 123: (28.038450, -82.541966, 11.910151)	R:false  F:false
02-28 09:09:34.756 13511 13544 D NavServiceProvider: Second to last stop coordinates: 28.024847, -82.537339
02-28 09:09:34.757 13511 13544 D NavServiceProvider: Setting units automatically
02-28 09:09:34.757 13511 13544 D NavServiceProvider: Detecting stop. distance_d=1565.7687. stop_type=1 speed=10.37012
02-28 09:09:34.757 13511 13544 D NavigationTest: 124: (28.038366, -82.541967, 10.370120)	R:false  F:false
02-28 09:09:34.758 13511 13544 D NavigationTest: 125: (28.038366, -82.541967, 10.370120)	R:false  F:false
02-28 09:09:34.758 13511 13544 D NavServiceProvider: Second to last stop coordinates: 28.024847, -82.537339
02-28 09:09:34.758 13511 13544 D NavServiceProvider: Setting units automatically
02-28 09:09:34.759 13511 13544 D NavServiceProvider: Detecting stop. distance_d=1555.8726. stop_type=1 speed=9.170311
02-28 09:09:34.759 13511 13544 D NavigationTest: 126: (28.038274, -82.541962, 9.170311)	R:false  F:false
02-28 09:09:34.759 13511 13544 D NavigationTest: 127: (28.038274, -82.541962, 9.170311)	R:false  F:false
02-28 09:09:34.759 13511 13544 D NavServiceProvider: Second to last stop coordinates: 28.024847, -82.537339
02-28 09:09:34.759 13511 13544 D NavServiceProvider: Setting units automatically
02-28 09:09:34.760 13511 13544 D NavServiceProvider: Detecting stop. distance_d=1546.3271. stop_type=1 speed=8.297385
02-28 09:09:34.760 13511 13544 D NavigationTest: 128: (28.038185, -82.541958, 8.297385)	R:false  F:false
02-28 09:09:34.760 13511 13544 D NavServiceProvider: Second to last stop coordinates: 28.024847, -82.537339
02-28 09:09:34.760 13511 13544 D NavServiceProvider: Setting units automatically
02-28 09:09:34.761 13511 13544 D NavServiceProvider: Detecting stop. distance_d=1539.9044. stop_type=1 speed=7.258933
02-28 09:09:34.761 13511 13544 D NavigationTest: 129: (28.038126, -82.541952, 7.258933)	R:false  F:false
02-28 09:09:34.761 13511 13544 D NavigationTest: 130: (28.038126, -82.541952, 7.258933)	R:false  F:false
02-28 09:09:34.761 13511 13544 D NavServiceProvider: Second to last stop coordinates: 28.024847, -82.537339
02-28 09:09:34.762 13511 13544 D NavServiceProvider: Setting units automatically
02-28 09:09:34.763 13511 13544 D NavServiceProvider: Detecting stop. distance_d=1534.6393. stop_type=1 speed=5.960209
02-28 09:09:34.763 13511 13544 D NavigationTest: 131: (28.038076, -82.541953, 5.960209)	R:false  F:false
02-28 09:09:34.763 13511 13544 D NavigationTest: 132: (28.038076, -82.541953, 5.960209)	R:false  F:false
02-28 09:09:34.763 13511 13544 D NavServiceProvider: Second to last stop coordinates: 28.024847, -82.537339
02-28 09:09:34.763 13511 13544 D NavServiceProvider: Setting units automatically
02-28 09:09:34.764 13511 13544 D NavServiceProvider: Detecting stop. distance_d=1530.8502. stop_type=1 speed=4.203867
02-28 09:09:34.764 13511 13544 D NavigationTest: 133: (28.038038, -82.541961, 4.203867)	R:false  F:false
02-28 09:09:34.764 13511 13544 D NavServiceProvider: Second to last stop coordinates: 28.024847, -82.537339
02-28 09:09:34.764 13511 13544 D NavServiceProvider: Setting units automatically
02-28 09:09:34.765 13511 13544 D NavServiceProvider: Detecting stop. distance_d=1527.4644. stop_type=1 speed=4.134368
02-28 09:09:34.765 13511 13544 D NavigationTest: 134: (28.038006, -82.541961, 4.134368)	R:false  F:false
02-28 09:09:34.765 13511 13544 D NavigationTest: 135: (28.038006, -82.541961, 4.134368)	R:false  F:false
02-28 09:09:34.765 13511 13544 D NavServiceProvider: Second to last stop coordinates: 28.024847, -82.537339
02-28 09:09:34.765 13511 13544 D NavServiceProvider: Setting units automatically
02-28 09:09:34.766 13511 13544 D NavServiceProvider: Detecting stop. distance_d=1523.5209. stop_type=1 speed=4.140978
02-28 09:09:34.766 13511 13544 D NavigationTest: 136: (28.037969, -82.541960, 4.140978)	R:false  F:false
02-28 09:09:34.766 13511 13544 D NavServiceProvider: Second to last stop coordinates: 28.024847, -82.537339
02-28 09:09:34.767 13511 13544 D NavServiceProvider: Setting units automatically
02-28 09:09:34.767 13511 13544 D NavServiceProvider: Detecting stop. distance_d=1522.5336. stop_type=1 speed=2.65
02-28 09:09:34.767 13511 13544 D NavigationTest: 137: (28.037958, -82.541966, 2.650000)	R:false  F:false
02-28 09:09:34.767 13511 13544 D NavigationTest: 138: (28.037958, -82.541966, 2.650000)	R:false  F:false
02-28 09:09:34.767 13511 13544 D NavServiceProvider: Second to last stop coordinates: 28.024847, -82.537339
02-28 09:09:34.768 13511 13544 D NavServiceProvider: Setting units automatically
02-28 09:09:34.769 13511 13544 D NavServiceProvider: Detecting stop. distance_d=1524.7546. stop_type=1 speed=0.0
02-28 09:09:34.769 13511 13544 D NavigationTest: 139: (28.037979, -82.541966, 0.000000)	R:false  F:false
02-28 09:09:34.769 13511 13544 D NavigationTest: 140: (28.037979, -82.541966, 0.000000)	R:false  F:false
02-28 09:09:34.769 13511 13544 D NavServiceProvider: Second to last stop coordinates: 28.024847, -82.537339
02-28 09:09:34.769 13511 13544 D NavServiceProvider: Setting units automatically
02-28 09:09:34.770 13511 13544 D NavServiceProvider: Detecting stop. distance_d=1524.6959. stop_type=1 speed=1.031601
02-28 09:09:34.770 13511 13544 D NavigationTest: 141: (28.037979, -82.541964, 1.031601)	R:false  F:false
02-28 09:09:34.770 13511 13544 D NavigationTest: 142: (28.037979, -82.541964, 1.031601)	R:false  F:false
02-28 09:09:34.770 13511 13544 D NavServiceProvider: Second to last stop coordinates: 28.024847, -82.537339
02-28 09:09:34.770 13511 13544 D NavServiceProvider: Setting units automatically
02-28 09:09:34.771 13511 13544 D NavServiceProvider: Detecting stop. distance_d=1526.8881. stop_type=1 speed=0.0
02-28 09:09:34.771 13511 13544 D NavigationTest: 143: (28.038000, -82.541963, 0.000000)	R:false  F:false
02-28 09:09:34.772 13511 13544 D NavServiceProvider: Second to last stop coordinates: 28.024847, -82.537339
02-28 09:09:34.772 13511 13544 D NavServiceProvider: Setting units automatically
02-28 09:09:34.773 13511 13544 D NavServiceProvider: Detecting stop. distance_d=1526.6179. stop_type=1 speed=0.0
02-28 09:09:34.773 13511 13544 D NavigationTest: 144: (28.037998, -82.541961, 0.000000)	R:false  F:false
02-28 09:09:34.773 13511 13544 D NavigationTest: 145: (28.037998, -82.541961, 0.000000)	R:false  F:false
02-28 09:09:34.773 13511 13544 D NavServiceProvider: Second to last stop coordinates: 28.024847, -82.537339
02-28 09:09:34.773 13511 13544 D NavServiceProvider: Setting units automatically
02-28 09:09:34.774 13511 13544 D NavServiceProvider: Detecting stop. distance_d=1524.9905. stop_type=1 speed=2.110592
02-28 09:09:34.774 13511 13544 D NavigationTest: 146: (28.037984, -82.541956, 2.110592)	R:false  F:false
02-28 09:09:34.774 13511 13544 D NavServiceProvider: Second to last stop coordinates: 28.024847, -82.537339
02-28 09:09:34.774 13511 13544 D NavServiceProvider: Setting units automatically
02-28 09:09:34.775 13511 13544 D NavServiceProvider: Detecting stop. distance_d=1521.7876. stop_type=1 speed=3.483102
02-28 09:09:34.775 13511 13544 D NavigationTest: 147: (28.037954, -82.541955, 3.483102)	R:false  F:false
02-28 09:09:34.775 13511 13544 D NavigationTest: 148: (28.037954, -82.541955, 3.483102)	R:false  F:false
02-28 09:09:34.775 13511 13544 D NavServiceProvider: Second to last stop coordinates: 28.024847, -82.537339
02-28 09:09:34.776 13511 13544 D NavServiceProvider: Setting units automatically
02-28 09:09:34.777 13511 13544 D NavServiceProvider: Detecting stop. distance_d=1518.0095. stop_type=1 speed=4.35409
02-28 09:09:34.777 13511 13544 D NavigationTest: 149: (28.037918, -82.541956, 4.354090)	R:false  F:false
02-28 09:09:34.777 13511 13544 D NavigationTest: 150: (28.037918, -82.541956, 4.354090)	R:false  F:false
02-28 09:09:34.777 13511 13544 D NavServiceProvider: Second to last stop coordinates: 28.024847, -82.537339
02-28 09:09:34.777 13511 13544 D NavServiceProvider: Setting units automatically
02-28 09:09:34.778 13511 13544 D NavServiceProvider: Detecting stop. distance_d=1513.3625. stop_type=1 speed=5.564396
02-28 09:09:34.778 13511 13544 D NavigationTest: 151: (28.037876, -82.541949, 5.564396)	R:false  F:false
02-28 09:09:34.778 13511 13544 D NavigationTest: 152: (28.037876, -82.541949, 5.564396)	R:false  F:false
02-28 09:09:34.778 13511 13544 D NavServiceProvider: Second to last stop coordinates: 28.024847, -82.537339
02-28 09:09:34.779 13511 13544 D NavServiceProvider: Setting units automatically
02-28 09:09:34.780 13511 13544 D NavServiceProvider: Detecting stop. distance_d=1508.4406. stop_type=1 speed=5.428268
02-28 09:09:34.780 13511 13544 D NavigationTest: 153: (28.037830, -82.541947, 5.428268)	R:false  F:false
02-28 09:09:34.780 13511 13544 D NavigationTest: 154: (28.037830, -82.541947, 5.428268)	R:false  F:false
02-28 09:09:34.780 13511 13544 D NavServiceProvider: Second to last stop coordinates: 28.024847, -82.537339
02-28 09:09:34.781 13511 13544 D NavServiceProvider: Setting units automatically
02-28 09:09:34.783 13511 13544 D NavServiceProvider: Detecting stop. distance_d=1504.2556. stop_type=1 speed=5.392931
02-28 09:09:34.783 13511 13544 D NavigationTest: 155: (28.037789, -82.541952, 5.392931)	R:false  F:false
02-28 09:09:34.783 13511 13544 D NavigationTest: 156: (28.037789, -82.541952, 5.392931)	R:false  F:false
02-28 09:09:34.783 13511 13544 D NavServiceProvider: Second to last stop coordinates: 28.024847, -82.537339
02-28 09:09:34.783 13511 13544 D NavServiceProvider: Setting units automatically
02-28 09:09:34.784 13511 13544 D NavServiceProvider: Detecting stop. distance_d=1492.2909. stop_type=1 speed=10.580302
02-28 09:09:34.784 13511 13544 D NavigationTest: 157: (28.037676, -82.541951, 10.580302)	R:false  F:false
02-28 09:09:34.784 13511 13544 D NavigationTest: 158: (28.037676, -82.541951, 10.580302)	R:false  F:false
02-28 09:09:34.784 13511 13544 D NavServiceProvider: Second to last stop coordinates: 28.024847, -82.537339
02-28 09:09:34.785 13511 13544 D NavServiceProvider: Setting units automatically
02-28 09:09:34.786 13511 13544 D NavServiceProvider: Detecting stop. distance_d=1482.2496. stop_type=1 speed=10.241098
02-28 09:09:34.786 13511 13544 D NavigationTest: 159: (28.037582, -82.541947, 10.241098)	R:false  F:false
02-28 09:09:34.786 13511 13544 D NavServiceProvider: Second to last stop coordinates: 28.024847, -82.537339
02-28 09:09:34.786 13511 13544 D NavServiceProvider: Setting units automatically
02-28 09:09:34.787 13511 13544 D NavServiceProvider: Detecting stop. distance_d=1471.8369. stop_type=1 speed=10.660019
02-28 09:09:34.787 13511 13544 D NavigationTest: 160: (28.037485, -82.541941, 10.660019)	R:false  F:false
02-28 09:09:34.787 13511 13544 D NavigationTest: 161: (28.037485, -82.541941, 10.660019)	R:false  F:false
02-28 09:09:34.788 13511 13544 D NavServiceProvider: Second to last stop coordinates: 28.024847, -82.537339
02-28 09:09:34.788 13511 13544 D NavServiceProvider: Setting units automatically
