02-28 09:09:45.680  2666  3413 V Avrcp_ext: updatePlaybackState (1): old=PlaybackState {state=2, position=-1, buffered position=0, speed=0.0, updated=1788876, actions=0, custom actions=[], active item id=-1, error=null}(2), new=PlaybackState {state=2, position=-1, buffered position=0, speed=0.0, updated=1789008, actions=0, custom actions=[], active item id=-1, error=null}(2)
02-28 09:09:45.680  2666  3413 I Avrcp_ext: Exit updatePlayStatusForDevice
02-28 09:09:45.680  2666  3413 D HeadsetService:  isAudioOn: The number of audio connected devices 0
02-28 09:09:45.680  2666  3413 D HeadsetService: isScoOrCallActive(): Call Active:falseCall is Ringing:falseSCO is Active:false
02-28 09:09:45.680  2666  3413 D HeadsetService:  isAudioOn: The number of audio connected devices 0
02-28 09:09:45.680  2666  3413 I Avrcp_ext: updatePlayStatusForDevice: device: null
02-28 09:09:45.680  2666  3413 V Avrcp_ext: updatePlaybackState (1): old=PlaybackState {state=2, position=-1, buffered position=0, speed=0.0, updated=1788876, actions=0, custom actions=[], active item id=-1, error=null}(2), new=PlaybackState {state=2, position=-1, buffered position=0, speed=0.0, updated=1789008, actions=0, custom actions=[], active item id=-1, error=null}(2)
02-28 09:09:45.680  2666  3413 I Avrcp_ext: Exit updatePlayStatusForDevice
02-28 09:09:45.681  2666  3413 D HeadsetService:  isAudioOn: The number of audio connected devices 0
02-28 09:09:45.681  2666  3413 D HeadsetService: isScoOrCallActive(): Call Active:falseCall is Ringing:falseSCO is Active:false
02-28 09:09:45.681  2666  3413 D HeadsetService:  isAudioOn: The number of audio connected devices 0
02-28 09:09:45.681  2666  3413 I Avrcp_ext: updatePlayStatusForDevice: device: null
02-28 09:09:45.681  2666  3413 V Avrcp_ext: updatePlaybackState (1): old=PlaybackState {state=2, position=-1, buffered position=0, speed=0.0, updated=1788876, actions=0, custom actions=[], active item id=-1, error=null}(2), new=PlaybackState {state=2, position=-1, buffered position=0, speed=0.0, updated=1789008, actions=0, custom actions=[], active item id=-1, error=null}(2)
02-28 09:09:45.681  2666  3413 I Avrcp_ext: Exit updatePlayStatusForDevice
02-28 09:09:45.681  2666  3413 D HeadsetService:  isAudioOn: The number of audio connected devices 0
02-28 09:09:45.681  2666  3413 D HeadsetService: isScoOrCallActive(): Call Active:falseCall is Ringing:falseSCO is Active:false
02-28 09:09:45.681 13511 13544 D NavServiceProvider: Detecting stop. distance_d=187.64824. stop_type=1 speed=11.0
02-28 09:09:45.681  2666  3413 D HeadsetService:  isAudioOn: The number of audio connected devices 0
02-28 09:09:45.681  2666  3413 I Avrcp_ext: updatePlayStatusForDevice: device: null
02-28 09:09:45.681 13511 13544 D NavigationTest: 134: (28.058813, -82.408785, 11.000000)	R:true  F:false
02-28 09:09:45.681  2666  3413 V Avrcp_ext: updatePlaybackState (1): old=PlaybackState {state=2, position=-1, buffered position=0, speed=0.0, updated=1788876, actions=0, custom actions=[], active item id=-1, error=null}(2), new=PlaybackState {state=2, position=-1, buffered position=0, speed=0.0, updated=1789008, actions=0, custom actions=[], active item id=-1, error=null}(2)
02-28 09:09:45.681  2666  3413 I Avrcp_ext: Exit updatePlayStatusForDevice
02-28 09:09:45.682  2666  3413 D Avrcp_ext: Enter sendPlayPosNotificationRsp
02-28 09:09:45.682 13511 13544 D NavigationTest: 135: (28.058813, -82.408785, 11.000000)	R:true  F:false
02-28 09:09:45.682  2666  3413 D Avrcp_ext: sendPlayPosNotificationRsp: Not registered or requesting.
02-28 09:09:45.682  2666  3413 D Avrcp_ext: Enter sendPlayPosNotificationRsp
02-28 09:09:45.682  2666  3413 D Avrcp_ext: sendPlayPosNotificationRsp: Not registered or requesting.
02-28 09:09:45.682 13511 13544 D NavServiceProvider: Second to last stop coordinates: 28.0573, -82.409642
02-28 09:09:45.682  2666  3413 D Avrcp_ext: Enter sendPlayPosNotificationRsp
02-28 09:09:45.682  2666  3413 D Avrcp_ext: sendPlayPosNotificationRsp: Not registered or requesting.
02-28 09:09:45.682  2666  3413 D Avrcp_ext: Enter sendPlayPosNotificationRsp
02-28 09:09:45.682  2666  3413 D Avrcp_ext: sendPlayPosNotificationRsp: Not registered or requesting.
02-28 09:09:45.682  2666  3413 D Avrcp_ext: Enter sendPlayPosNotificationRsp
02-28 09:09:45.682  2666  3413 D Avrcp_ext: sendPlayPosNotificationRsp: Not registered or requesting.
02-28 09:09:45.682  2666  3413 V Avrcp_ext: Exit updatePlayerStateAndPosition
02-28 09:09:45.682 13511 13544 D NavServiceProvider: Setting units automatically
02-28 09:09:45.683 13511 13544 D NavServiceProvider: Detecting stop. distance_d=179.97893. stop_type=1 speed=9.25
02-28 09:09:45.683 13511 13544 D NavigationTest: 136: (28.058728, -82.408770, 9.250000)	R:true  F:false
02-28 09:09:45.683 13511 13544 D NavigationTest: 137: (28.058728, -82.408770, 9.250000)	R:true  F:false
02-28 09:09:45.683 13511 13544 D NavServiceProvider: Second to last stop coordinates: 28.0573, -82.409642
02-28 09:09:45.684 13511 13544 D NavServiceProvider: Setting units automatically
02-28 09:09:45.685 13511 13544 D NavServiceProvider: Detecting stop. distance_d=175.56091. stop_type=1 speed=6.0
02-28 09:09:45.685 13511 13544 D NavigationTest: 138: (28.058680, -82.408765, 6.000000)	R:true  F:false
02-28 09:09:45.685 13511 13544 D NavigationTest: 139: (28.058680, -82.408765, 6.000000)	R:true  F:false
02-28 09:09:45.685 13511 13544 D NavServiceProvider: Second to last stop coordinates: 28.0573, -82.409642
02-28 09:09:45.685 13511 13544 D NavServiceProvider: Setting units automatically
02-28 09:09:45.686 13511 13544 D NavServiceProvider: Detecting stop. distance_d=171.36516. stop_type=1 speed=4.25
02-28 09:09:45.686 13511 13544 D NavigationTest: 140: (28.058642, -82.408776, 4.250000)	R:true  F:false
02-28 09:09:45.687 13511 13544 D NavServiceProvider: Second to last stop coordinates: 28.0573, -82.409642
02-28 09:09:45.687 13511 13544 D NavServiceProvider: Setting units automatically
02-28 09:09:45.688 13511 13544 D NavServiceProvider: Detecting stop. distance_d=168.67928. stop_type=1 speed=2.75
02-28 09:09:45.688 13511 13544 D NavigationTest: 141: (28.058614, -82.408776, 2.750000)	R:true  F:false
02-28 09:09:45.688 13511 13544 D NavigationTest: 142: (28.058614, -82.408776, 2.750000)	R:true  F:false
02-28 09:09:45.688 13511 13544 D NavServiceProvider: Second to last stop coordinates: 28.0573, -82.409642
02-28 09:09:45.689 13511 13544 D NavServiceProvider: Setting units automatically
02-28 09:09:45.690 13511 13544 D NavServiceProvider: Detecting stop. distance_d=166.44843. stop_type=1 speed=2.5
02-28 09:09:45.690 13511 13544 D NavigationTest: 143: (28.058600, -82.408794, 2.500000)	R:true  F:false
02-28 09:09:45.690 13511 13544 D NavigationTest: 144: (28.058600, -82.408794, 2.500000)	R:true  F:false
02-28 09:09:45.690 13511 13544 D NavigationTest: 145: (28.058600, -82.408794, 2.500000)	R:true  F:false
02-28 09:09:45.690 13511 13544 D NavServiceProvider: Second to last stop coordinates: 28.0573, -82.409642
02-28 09:09:45.690  2666  3413 D Avrcp_ext: AudioManager Player: ID:23 -- type:android.media.SoundPool -- u/pid:10126/2688 -- state:idle -- attr:AudioAttributes: usage=USAGE_ASSISTANCE_SONIFICATION content=CONTENT_TYPE_SONIFICATION flags=0x800 tags= bundle=null
02-28 09:09:45.690  2666  3413 D Avrcp_ext: AudioManager Player: ID:15 -- type:android.media.SoundPool -- u/pid:1000/1493 -- state:idle -- attr:AudioAttributes: usage=USAGE_ASSISTANCE_SONIFICATION content=CONTENT_TYPE_SONIFICATION flags=0x800 tags= bundle=null
02-28 09:09:45.690  2666  3413 D Avrcp_ext: AudioManager isPlaying: false
02-28 09:09:45.691 13511 13544 D NavServiceProvider: Setting units automatically
02-28 09:09:45.692 13511 13544 D NavServiceProvider: Detecting stop. distance_d=162.98068. stop_type=1 speed=3.75
02-28 09:09:45.692 13511 13544 D NavigationTest: 146: (28.058560, -82.408787, 3.750000)	R:true  F:false
02-28 09:09:45.692 13511 13544 D NavServiceProvider: Second to last stop coordinates: 28.0573, -82.409642
02-28 09:09:45.693 13511 13544 D NavServiceProvider: Setting units automatically
02-28 09:09:45.694 13511 13544 D NavServiceProvider: Detecting stop. distance_d=159.52417. stop_type=1 speed=4.5
02-28 09:09:45.694 13511 13544 D NavigationTest: 147: (28.058524, -82.408788, 4.500000)	R:true  F:false
02-28 09:09:45.694 13511 13544 D NavigationTest: 148: (28.058524, -82.408788, 4.500000)	R:true  F:false
02-28 09:09:45.694 13511 13544 D NavServiceProvider: Second to last stop coordinates: 28.0573, -82.409642
02-28 09:09:45.695 13511 13544 D NavServiceProvider: Setting units automatically
02-28 09:09:45.696 13511 13544 D NavServiceProvider: Detecting stop. distance_d=154.4425. stop_type=1 speed=5.5
02-28 09:09:45.696 13511 13544 D NavigationTest: 149: (28.058468, -82.408785, 5.500000)	R:true  F:false
02-28 09:09:45.696 13511 13544 D NavigationTest: 150: (28.058468, -82.408785, 5.500000)	R:true  F:false
02-28 09:09:45.696 13511 13544 D NavServiceProvider: Second to last stop coordinates: 28.0573, -82.409642
02-28 09:09:45.697 13511 13544 D NavServiceProvider: Setting units automatically
02-28 09:09:45.698 13511 13544 D NavServiceProvider: Detecting stop. distance_d=149.16882. stop_type=1 speed=7.0
02-28 09:09:45.698 13511 13544 D NavigationTest: 151: (28.058412, -82.408787, 7.000000)	R:true  F:false
02-28 09:09:45.698 13511 13544 D NavigationTest: 152: (28.058412, -82.408787, 7.000000)	R:true  F:false
02-28 09:09:45.698 13511 13544 D NavServiceProvider: Second to last stop coordinates: 28.0573, -82.409642
02-28 09:09:45.699 13511 13544 D NavServiceProvider: Setting units automatically
02-28 09:09:45.701 13511 13544 D NavServiceProvider: Detecting stop. distance_d=139.87248. stop_type=1 speed=9.0
02-28 09:09:45.701 13511 13544 D NavigationTest: 153: (28.058320, -82.408804, 9.000000)	R:true  F:false
02-28 09:09:45.701 13511 13544 D NavServiceProvider: Second to last stop coordinates: 28.0573, -82.409642
02-28 09:09:45.701 13511 13544 D NavServiceProvider: Setting units automatically
02-28 09:09:45.703 13511 13544 D NavServiceProvider: Detecting stop. distance_d=131.53175. stop_type=1 speed=10.25
02-28 09:09:45.703 13511 13544 D NavigationTest: 154: (28.058233, -82.408815, 10.250000)	R:true  F:false
02-28 09:09:45.703 13511 13544 D NavigationTest: 155: (28.058233, -82.408815, 10.250000)	R:true  F:false
02-28 09:09:45.703 13511 13544 D NavServiceProvider: Second to last stop coordinates: 28.0573, -82.409642
02-28 09:09:45.703 13511 13544 D NavServiceProvider: Setting units automatically
02-28 09:09:45.704 13511 13544 D NavServiceProvider: Detecting stop. distance_d=123.25247. stop_type=1 speed=10.25
02-28 09:09:45.704 13511 13544 D NavigationTest: 156: (28.058139, -82.408819, 10.250000)	R:true  F:false
02-28 09:09:45.704 13511 13544 D NavServiceProvider: Second to last stop coordinates: 28.0573, -82.409642
02-28 09:09:45.705 13511 13544 D NavServiceProvider: Setting units automatically
02-28 09:09:45.706 13511 13544 D NavServiceProvider: Detecting stop. distance_d=116.14093. stop_type=1 speed=10.25
02-28 09:09:45.706 13511 13544 D NavigationTest: 157: (28.058051, -82.408818, 10.250000)	R:true  F:false
02-28 09:09:45.706 13511 13544 D NavigationTest: 158: (28.058051, -82.408818, 10.250000)	R:true  F:false
02-28 09:09:45.706 13511 13544 D NavServiceProvider: Second to last stop coordinates: 28.0573, -82.409642
02-28 09:09:45.706 13511 13544 D NavServiceProvider: Setting units automatically
02-28 09:09:45.707 13511 13544 D NavServiceProvider: Detecting stop. distance_d=107.44616. stop_type=1 speed=11.0
02-28 09:09:45.708 13511 13544 D NavigationTest: 159: (28.057941, -82.408822, 11.000000)	R:true  F:false
02-28 09:09:45.708 13511 13544 D NavigationTest: 160: (28.057941, -82.408822, 11.000000)	R:true  F:false
02-28 09:09:45.708 13511 13544 D NavServiceProvider: Second to last stop coordinates: 28.0573, -82.409642
02-28 09:09:45.708 13511 13544 D NavServiceProvider: Setting units automatically
02-28 09:09:45.709 13511 13544 D NavServiceProvider: Detecting stop. distance_d=98.25183. stop_type=1 speed=11.75
02-28 09:09:45.709 13511 13544 D NavServiceProvider: Case 1: false
02-28 09:09:45.709 13511 13544 D NavigationTest: 161: (28.057823, -82.408835, 11.750000)	R:true  F:false
02-28 09:09:45.709 13511 13544 D NavServiceProvider: Second to last stop coordinates: 28.0573, -82.409642
02-28 09:09:45.710 13511 13544 D NavServiceProvider: Setting units automatically
02-28 09:09:45.711 13511 13544 D NavServiceProvider: Detecting stop. distance_d=92.06618. stop_type=1 speed=11.25
02-28 09:09:45.711 13511 13544 D NavigationTest: 162: (28.057720, -82.408834, 11.250000)	R:true  F:false
02-28 09:09:45.711 13511 13544 D NavigationTest: 163: (28.057720, -82.408834, 11.250000)	R:true  F:false
02-28 09:09:45.711 13511 13544 D NavServiceProvider: Second to last stop coordinates: 28.0573, -82.409642
02-28 09:09:45.712 13511 13544 D NavServiceProvider: Setting units automatically
02-28 09:09:45.713 13511 13544 D NavServiceProvider: Detecting stop. distance_d=87.0354. stop_type=1 speed=11.25
02-28 09:09:45.713 13511 13544 D NavigationTest: 164: (28.057619, -82.408833, 11.250000)	R:true  F:false
02-28 09:09:45.713 13511 13544 D NavigationTest: 165: (28.057619, -82.408833, 11.250000)	R:true  F:false
02-28 09:09:45.713 13511 13544 D NavServiceProvider: Second to last stop coordinates: 28.0573, -82.409642
02-28 09:09:45.713 13511 13544 D NavServiceProvider: Setting units automatically
02-28 09:09:45.714 13511 13544 D NavServiceProvider: Detecting stop. distance_d=83.54337. stop_type=1 speed=9.75
02-28 09:09:45.715 13511 13544 D NavigationTest: 166: (28.057528, -82.408832, 9.750000)	R:true  F:false
02-28 09:09:45.715 13511 13544 D NavigationTest: 167: (28.057528, -82.408832, 9.750000)	R:true  F:false
02-28 09:09:45.715 13511 13544 D NavServiceProvider: Second to last stop coordinates: 28.0573, -82.409642
02-28 09:09:45.715 13511 13544 D NavServiceProvider: Setting units automatically
02-28 09:09:45.716 13511 13544 D NavServiceProvider: Detecting stop. distance_d=80.924995. stop_type=1 speed=8.25
02-28 09:09:45.717 13511 13544 D NavigationTest: 168: (28.057444, -82.408835, 8.250000)	R:true  F:false
02-28 09:09:45.717 13511 13544 D NavServiceProvider: Second to last stop coordinates: 28.0573, -82.409642
02-28 09:09:45.717 13511 13544 D NavServiceProvider: Setting units automatically
02-28 09:09:45.718 13511 13544 D NavServiceProvider: Detecting stop. distance_d=80.56375. stop_type=1 speed=5.75
02-28 09:09:45.719 13511 13544 D NavigationTest: 169: (28.057384, -82.408828, 5.750000)	R:true  F:false
02-28 09:09:45.719 13511 13544 D NavigationTest: 170: (28.057384, -82.408828, 5.750000)	R:true  F:false
02-28 09:09:45.719 13511 13544 D NavServiceProvider: Second to last stop coordinates: 28.0573, -82.409642
02-28 09:09:45.719 13511 13544 D NavServiceProvider: Setting units automatically
02-28 09:09:45.720 13511 13544 D NavServiceProvider: Detecting stop. distance_d=81.630295. stop_type=1 speed=5.5
02-28 09:09:45.720 13511 13544 D NavigationTest: 171: (28.057321, -82.408812, 5.500000)	R:true  F:false
02-28 09:09:45.720 13511 13544 D NavServiceProvider: Second to last stop coordinates: 28.0573, -82.409642
02-28 09:09:45.721 13511 13544 D NavServiceProvider: Setting units automatically
02-28 09:09:45.722 13511 13544 D NavServiceProvider: Detecting stop. distance_d=81.12998. stop_type=1 speed=6.75
02-28 09:09:45.722 13511 13544 D NavigationTest: 172: (28.057246, -82.408819, 6.750000)	R:true  F:false
02-28 09:09:45.722 13511 13544 D NavigationTest: 173: (28.057246, -82.408819, 6.750000)	R:true  F:false
02-28 09:09:45.722 13511 13544 D NavServiceProvider: Second to last stop coordinates: 28.0573, -82.409642
02-28 09:09:45.723 13511 13544 D NavServiceProvider: Setting units automatically
02-28 09:09:45.724 13511 13544 D NavServiceProvider: Detecting stop. distance_d=79.89545. stop_type=1 speed=6.5
02-28 09:09:45.724 13511 13544 D NavigationTest: 174: (28.057189, -82.408839, 6.500000)	R:true  F:false
02-28 09:09:45.724 13511 13544 D NavServiceProvider: Second to last stop coordinates: 28.0573, -82.409642
02-28 09:09:45.724 13511 13544 D NavServiceProvider: Setting units automatically
02-28 09:09:45.725 13511 13544 D NavServiceProvider: Detecting stop. distance_d=81.17682. stop_type=1 speed=4.25
02-28 09:09:45.725 13511 13544 D NavigationTest: 175: (28.057177, -82.408828, 4.250000)	R:true  F:false
02-28 09:09:45.726 13511 13544 D NavigationTest: 176: (28.057177, -82.408828, 4.250000)	R:true  F:false
02-28 09:09:45.726 13511 13544 D NavigationTest: 177: (28.057177, -82.408828, 4.250000)	R:true  F:false
02-28 09:09:45.726 13511 13544 D NavigationTest: 178: (28.057177, -82.408828, 4.250000)	R:true  F:false
02-28 09:09:45.726 13511 13544 D NavServiceProvider: Second to last stop coordinates: 28.0573, -82.409642
02-28 09:09:45.726 13511 13544 D NavServiceProvider: Setting units automatically
02-28 09:09:45.727 13511 13544 D NavServiceProvider: Detecting stop. distance_d=75.813065. stop_type=1 speed=4.0
02-28 09:09:45.727 13511 13544 D NavigationTest: 179: (28.057165, -82.408886, 4.000000)	R:true  F:false
02-28 09:09:45.727 13511 13544 D NavServiceProvider: Second to last stop coordinates: 28.0573, -82.409642
02-28 09:09:45.728 13511 13544 D NavServiceProvider: Setting units automatically
02-28 09:09:45.729 13511 13544 D NavServiceProvider: Detecting stop. distance_d=71.057014. stop_type=1 speed=4.25
02-28 09:09:45.729 13511 13544 D NavigationTest: 180: (28.057151, -82.408939, 4.250000)	R:true  F:false
02-28 09:09:45.729 13511 13544 D NavigationTest: 181: (28.057151, -82.408939, 4.250000)	R:true  F:false
02-28 09:09:45.729 13511 13544 D NavServiceProvider: Second to last stop coordinates: 28.0573, -82.409642
02-28 09:09:45.729 13511 13544 D NavServiceProvider: Setting units automatically
02-28 09:09:45.730 13511 13544 D NavServiceProvider: Detecting stop. distance_d=65.33117. stop_type=1 speed=6.25
02-28 09:09:45.731 13511 13544 D NavigationTest: 182: (28.057186, -82.408990, 6.250000)	R:true  F:false
02-28 09:09:45.731 13511 13544 D NavigationTest: 183: (28.057186, -82.408990, 6.250000)	R:true  F:false
02-28 09:09:45.731 13511 13544 D NavServiceProvider: Second to last stop coordinates: 28.0573, -82.409642
02-28 09:09:45.731 13511 13544 D NavServiceProvider: Setting units automatically
02-28 09:09:45.732 13511 13544 D NavServiceProvider: Detecting stop. distance_d=58.90822. stop_type=1 speed=8.0
02-28 09:09:45.732 13511 13544 D NavigationTest: 184: (28.057189, -82.409056, 8.000000)	R:true  F:false
02-28 09:09:45.732 13511 13544 D NavServiceProvider: Second to last stop coordinates: 28.0573, -82.409642
02-28 09:09:45.733 13511 13544 D NavServiceProvider: Setting units automatically
02-28 09:09:45.734 13511 13544 D NavServiceProvider: Detecting stop. distance_d=49.023666. stop_type=1 speed=9.25
02-28 09:09:45.734 13511 13544 D NavServiceProvider: Case 2: false
02-28 09:09:45.734 13511 13544 D NavigationTest: 185: (28.057209, -82.409154, 9.250000)	R:true  F:false
02-28 09:09:45.734 13511 13544 D NavigationTest: 186: (28.057209, -82.409154, 9.250000)	R:true  F:false
02-28 09:09:45.734 13511 13544 D NavServiceProvider: Second to last stop coordinates: 28.0573, -82.409642
02-28 09:09:45.734 13511 13544 D NavServiceProvider: Setting units automatically
02-28 09:09:45.736 13511 13544 D NavServiceProvider: Detecting stop. distance_d=40.169926. stop_type=1 speed=9.5
02-28 09:09:45.736 13511 13544 D NavigationTest: 187: (28.057226, -82.409242, 9.500000)	R:true  F:false
02-28 09:09:45.736 13511 13544 D NavigationTest: 188: (28.057226, -82.409242, 9.500000)	R:true  F:false
02-28 09:09:45.736 13511 13544 D NavServiceProvider: Second to last stop coordinates: 28.0573, -82.409642
02-28 09:09:45.737 13511 13544 D NavServiceProvider: Setting units automatically
02-28 09:09:45.738 13511 13544 D NavServiceProvider: Detecting stop. distance_d=29.911587. stop_type=1 speed=10.0
02-28 09:09:45.739 13511 13544 D NavigationTest: 189: (28.057255, -82.409342, 10.000000)	R:true  F:false
02-28 09:09:45.739 13511 13544 D NavServiceProvider: Second to last stop coordinates: 28.0573, -82.409642
02-28 09:09:45.739 13511 13544 D NavServiceProvider: Setting units automatically
02-28 09:09:45.740 13511 13544 D NavServiceProvider: Detecting stop. distance_d=18.285599. stop_type=1 speed=12.0
02-28 09:09:45.741 13511 13544 D NavServiceProvider: Case 3: false
02-28 09:09:45.741 13511 13544 D NavigationTest: 190: (28.057262, -82.409461, 12.000000)	R:true  F:false
02-28 09:09:45.741 13511 13544 D NavigationTest: 191: (28.057262, -82.409461, 12.000000)	R:true  F:false
02-28 09:09:45.741 13511 13544 D NavServiceProvider: Second to last stop coordinates: 28.0573, -82.409642
02-28 09:09:45.741 13511 13544 D NavServiceProvider: Setting units automatically
02-28 09:09:45.742 13511 13544 D NavServiceProvider: Detecting stop. distance_d=5.752831. stop_type=1 speed=12.75
02-28 09:09:45.742 13511 13544 D NavigationTest: 192: (28.057280, -82.409588, 12.750000)	R:true  F:false
02-28 09:09:45.743 13511 13544 D NavServiceProvider: Second to last stop coordinates: 28.0573, -82.409642
02-28 09:09:45.743 13511 13544 D NavServiceProvider: Setting units automatically
02-28 09:09:45.744 13511 13544 D NavServiceProvider: Detecting stop. distance_d=7.282517. stop_type=1 speed=13.5
02-28 09:09:45.744 13511 13544 D NavigationTest: 193: (28.057297, -82.409716, 13.500000)	R:true  F:false
02-28 09:09:45.744 13511 13544 D NavigationTest: 194: (28.057297, -82.409716, 13.500000)	R:true  F:false
02-28 09:09:45.744 13511 13544 D NavServiceProvider: Second to last stop coordinates: 28.0573, -82.409642
02-28 09:09:45.744 13511 13544 D NavServiceProvider: Setting units automatically
02-28 09:09:45.746 13511 13544 D NavServiceProvider: Detecting stop. distance_d=21.406782. stop_type=1 speed=13.5
02-28 09:09:45.746 13511 13544 D NavServiceProvider: Case 5: true
02-28 09:09:45.746 13511 13544 D NavServiceProvider: Proximity Event fired
02-28 09:09:45.746 13511 13544 D NavServiceProvider: Checking if path has more path links left to be navigated
02-28 09:09:45.746 13511 13544 D NavServiceProvider: PathLink index: 0 Number of PathLinks: 1
02-28 09:09:45.746 13511 13544 D NavServiceProvider: %%%%%%N%%%%%%%%% No more PathLinks left in Path %%%%%%%%%%%%%%%%%%%%%
02-28 09:09:45.746 13511 13544 D NavServiceProvider: Got to last stop
02-28 09:09:45.746 13511 13544 D NavServiceProvider: Alert 1 screen before last stop
02-28 09:09:45.746 13511 13544 D NavServiceProvider: Calling destination reached...
02-28 09:09:45.757 13511 13544 D NavServiceProvider: -----Get off the bus!
02-28 09:09:45.758 13511 13544 D NavigationTest: 195: (28.057316, -82.409859, 13.500000)	R:true  F:true
02-28 09:09:45.759 13511 13544 I System.out: O311C: INFO Log level changed: DEBUG
02-28 09:09:45.759 13511 13544 I System.out: O311C: INFO Dry run mode changed: true
02-28 09:09:45.759 13511 13544 W Application: Open311 issue reporting is in debug/dry run mode - no issues will be submitted.
02-28 09:09:45.759 13511 13544 I System.out: O311C: INFO clearOpen311
02-28 09:09:45.759 13511 13544 I TestRunner: finished: testTrip20(org.onebusaway.android.nav.test.NavigationTest)
