02-28 09:09:34.139 13511 13544 I TestRunner: started: testTrip3(org.onebusaway.android.nav.test.NavigationTest)
02-28 09:09:34.140 13511 13511 I MonitoringInstr: Activities that are still in CREATED to STOPPED: 0
02-28 09:09:34.146 13511 13544 D NavServiceProvider: Creating NavigationServiceProvider...
02-28 09:09:34.146 13511 13544 D NavServiceProvider: Starting navigation for service
02-28 09:09:34.146 13511 13544 D NavServiceProvider: ProximityCalculator initializing...
02-28 09:09:34.146 13511 13544 D NavServiceProvider: Initializing ProximityCalculator
02-28 09:09:34.146 13511 13544 D NavServiceProvider: Number of path links: 1
02-28 09:09:34.146 13511 13544 D NavServiceProvider: Second to last stop coordinates: 28.049276, -82.504196
02-28 09:09:34.147 13511 13544 D NavServiceProvider: Setting units automatically
02-28 09:09:34.148 13511 13544 D NavServiceProvider: Detecting stop. distance_d=944.6017. stop_type=1 speed=0.605392
02-28 09:09:34.148 13511 13544 D NavigationTest: 0: (28.040763, -82.504678, 0.605392)	R:false  F:false
02-28 09:09:34.149 13511 13544 D NavServiceProvider: Second to last stop coordinates: 28.049276, -82.504196
02-28 09:09:34.149 13511 13544 D NavServiceProvider: Setting units automatically
02-28 09:09:34.150 13511 13544 D NavServiceProvider: Detecting stop. distance_d=970.00696. stop_type=1 speed=0.0
02-28 09:09:34.151 13511 13544 D NavigationTest: 1: (28.040583, -82.505349, 0.000000)	R:false  F:false
02-28 09:09:34.151 13511 13544 D NavigationTest: 2: (28.040583, -82.505349, 0.000000)	R:false  F:false
02-28 09:09:34.151 13511 13544 D NavigationTest: 3: (28.040583, -82.505349, 0.000000)	R:false  F:false
02-28 09:09:34.151 13511 13544 D NavigationTest: 4: (28.040583, -82.505349, 0.000000)	R:false  F:false
02-28 09:09:34.151 13511 13544 D NavServiceProvider: Second to last stop coordinates: 28.049276, -82.504196
02-28 09:09:34.151 13511 13544 D NavServiceProvider: Setting units automatically
02-28 09:09:34.152 13511 13544 D NavServiceProvider: Detecting stop. distance_d=939.89746. stop_type=1 speed=0.0
02-28 09:09:34.153 13511 13544 D NavigationTest: 5: (28.040812, -82.504806, 0.000000)	R:false  F:false
02-28 09:09:34.153 13511 13544 D NavServiceProvider: Second to last stop coordinates: 28.049276, -82.504196
02-28 09:09:34.153 13511 13544 D NavServiceProvider: Setting units automatically
02-28 09:09:34.154 13511 13544 D NavServiceProvider: Detecting stop. distance_d=941.37756. stop_type=1 speed=0.0
02-28 09:09:34.154 13511 13544 D NavigationTest: 6: (28.040798, -82.504795, 0.000000)	R:false  F:false
02-28 09:09:34.154 13511 13544 D NavigationTest: 7: (28.040798, -82.504795, 0.000000)	R:false  F:false
02-28 09:09:34.154 13511 13544 D NavServiceProvider: Second to last stop coordinates: 28.049276, -82.504196
02-28 09:09:34.155 13511 13544 D NavServiceProvider: Setting units automatically
02-28 09:09:34.156 13511 13544 D NavServiceProvider: Detecting stop. distance_d=943.35236. stop_type=1 speed=0.0
02-28 09:09:34.156 13511 13544 D NavigationTest: 8: (28.040779, -82.504774, 0.000000)	R:false  F:false
02-28 09:09:34.156 13511 13544 D NavServiceProvider: Second to last stop coordinates: 28.049276, -82.504196
02-28 09:09:34.156 13511 13544 D NavServiceProvider: Setting units automatically
02-28 09:09:34.157 13511 13544 D NavServiceProvider: Detecting stop. distance_d=943.1075. stop_type=1 speed=0.0
02-28 09:09:34.158 13511 13544 D NavigationTest: 9: (28.040781, -82.504770, 0.000000)	R:false  F:false
02-28 09:09:34.158 13511 13544 D NavigationTest: 10: (28.040781, -82.504770, 0.000000)	R:false  F:false
02-28 09:09:34.158 13511 13544 D NavServiceProvider: Second to last stop coordinates: 28.049276, -82.504196
02-28 09:09:34.158 13511 13544 D NavServiceProvider: Setting units automatically
02-28 09:09:34.160 13511 13544 D NavServiceProvider: Detecting stop. distance_d=942.6946. stop_type=1 speed=0.0
02-28 09:09:34.160 13511 13544 D NavigationTest: 11: (28.040785, -82.504775, 0.000000)	R:false  F:false
02-28 09:09:34.160 13511 13544 D NavigationTest: 12: (28.040785, -82.504775, 0.000000)	R:false  F:false
02-28 09:09:34.160 13511 13544 D NavServiceProvider: Second to last stop coordinates: 28.049276, -82.504196
02-28 09:09:34.160 13511 13544 D NavServiceProvider: Setting units automatically
02-28 09:09:34.162 13511 13544 D NavServiceProvider: Detecting stop. distance_d=942.4674. stop_type=1 speed=0.0
02-28 09:09:34.162 13511 13544 D NavigationTest: 13: (28.040787, -82.504774, 0.000000)	R:false  F:false
02-28 09:09:34.162 13511 13544 D NavigationTest: 14: (28.040787, -82.504774, 0.000000)	R:false  F:false
02-28 09:09:34.162 13511 13544 D NavServiceProvider: Second to last stop coordinates: 28.049276, -82.504196
02-28 09:09:34.162 13511 13544 D NavServiceProvider: Setting units automatically
02-28 09:09:34.164 13511 13544 D NavServiceProvider: Detecting stop. distance_d=941.5706. stop_type=1 speed=0.848528
02-28 09:09:34.164 13511 13544 D NavigationTest: 15: (28.040795, -82.504772, 0.848528)	R:false  F:false
02-28 09:09:34.164 13511 13544 D NavigationTest: 16: (28.040795, -82.504772, 0.848528)	R:false  F:false
02-28 09:09:34.164 13511 13544 D NavServiceProvider: Second to last stop coordinates: 28.049276, -82.504196
02-28 09:09:34.164 13511 13544 D NavServiceProvider: Setting units automatically
02-28 09:09:34.166 13511 13544 D NavServiceProvider: Detecting stop. distance_d=940.48224. stop_type=1 speed=1.520526
02-28 09:09:34.166 13511 13544 D NavigationTest: 17: (28.040805, -82.504775, 1.520526)	R:false  F:false
02-28 09:09:34.166 13511 13544 D NavServiceProvider: Second to last stop coordinates: 28.049276, -82.504196
02-28 09:09:34.166 13511 13544 D NavServiceProvider: Setting units automatically
02-28 09:09:34.168 13511 13544 D NavServiceProvider: Detecting stop. distance_d=939.1311. stop_type=1 speed=2.460325
02-28 09:09:34.168 13511 13544 D NavigationTest: 18: (28.040817, -82.504771, 2.460325)	R:false  F:false
02-28 09:09:34.168 13511 13544 D NavigationTest: 19: (28.040817, -82.504771, 2.460325)	R:false  F:false
02-28 09:09:34.168 13511 13544 D NavServiceProvider: Second to last stop coordinates: 28.049276, -82.504196
02-28 09:09:34.168 13511 13544 D NavServiceProvider: Setting units automatically
02-28 09:09:34.170 13511 13544 D NavServiceProvider: Detecting stop. distance_d=934.69446. stop_type=1 speed=3.770212
02-28 09:09:34.170 13511 13544 D NavigationTest: 20: (28.040857, -82.504769, 3.770212)	R:false  F:false
02-28 09:09:34.170 13511 13544 D NavServiceProvider: Second to last stop coordinates: 28.049276, -82.504196
02-28 09:09:34.170 13511 13544 D NavServiceProvider: Setting units automatically
02-28 09:09:34.172 13511 13544 D NavServiceProvider: Detecting stop. distance_d=929.58234. stop_type=1 speed=5.210345
02-28 09:09:34.172 13511 13544 D NavigationTest: 21: (28.040903, -82.504765, 5.210345)	R:false  F:false
02-28 09:09:34.172 13511 13544 D NavigationTest: 22: (28.040903, -82.504765, 5.210345)	R:false  F:false
02-28 09:09:34.172 13511 13544 D NavServiceProvider: Second to last stop coordinates: 28.049276, -82.504196
02-28 09:09:34.172 13511 13544 D NavServiceProvider: Setting units automatically
02-28 09:09:34.174 13511 13544 D NavServiceProvider: Detecting stop. distance_d=923.4746. stop_type=1 speed=6.620189
02-28 09:09:34.174 13511 13544 D NavigationTest: 23: (28.040958, -82.504761, 6.620189)	R:false  F:false
02-28 09:09:34.174 13511 13544 D NavigationTest: 24: (28.040958, -82.504761, 6.620189)	R:false  F:false
02-28 09:09:34.174 13511 13544 D NavServiceProvider: Second to last stop coordinates: 28.049276, -82.504196
02-28 09:09:34.174 13511 13544 D NavServiceProvider: Setting units automatically
02-28 09:09:34.175   871   871 D msm8974_platform: platform_split_snd_device: snd_device(2) num devices(1) new_snd_devices(0)
02-28 09:09:34.175   871   871 D ACDB-LOADER: ACDB -> send_audvoltable
02-28 09:09:34.175   871   871 D ACDB-LOADER: ACDB -> ACDB_CMD_GET_AUDPROC_VOL_STEP_TABLE_SIZE
02-28 09:09:34.175   871   871 D ACDB-LOADER: ACDB -> ACDB_CMD_GET_AUDPROC_GAIN_DEP_STEP_TABLE, vol index 0
02-28 09:09:34.175   871   871 D         : Failed to fetch the lookup information of the device 0000000F
02-28 09:09:34.175   871   871 E ACDB-LOADER: Error: ACDB AudProc vol returned = -19
02-28 09:09:34.175   871   871 D ACDB-LOADER: ACDB -> AUDIO_SET_VOL_CAL cal type = 40
02-28 09:09:34.176 13511 13544 D NavServiceProvider: Detecting stop. distance_d=915.6327. stop_type=1 speed=7.9
02-28 09:09:34.176 13511 13544 D NavigationTest: 25: (28.041029, -82.504763, 7.900000)	R:false  F:false
02-28 09:09:34.176 13511 13544 D NavigationTest: 26: (28.041029, -82.504763, 7.900000)	R:false  F:false
02-28 09:09:34.176 13511 13544 D NavServiceProvider: Second to last stop coordinates: 28.049276, -82.504196
02-28 09:09:34.176 13511 13544 D NavServiceProvider: Setting units automatically
02-28 09:09:34.177   871   871 D msm8974_platform: platform_split_snd_device: snd_device(2) num devices(1) new_snd_devices(0)
02-28 09:09:34.178 13511 13544 D NavServiceProvider: Detecting stop. distance_d=906.8943. stop_type=1 speed=9.160048
02-28 09:09:34.178 13511 13544 D NavigationTest: 27: (28.041108, -82.504763, 9.160048)	R:false  F:false
02-28 09:09:34.178 13511 13544 D NavServiceProvider: Second to last stop coordinates: 28.049276, -82.504196
02-28 09:09:34.179 13511 13544 D NavServiceProvider: Setting units automatically
02-28 09:09:34.180 13511 13544 D NavServiceProvider: Detecting stop. distance_d=896.50323. stop_type=1 speed=10.210123
02-28 09:09:34.180 13511 13544 D NavigationTest: 28: (28.041202, -82.504764, 10.210123)	R:false  F:false
02-28 09:09:34.180 13511 13544 D NavigationTest: 29: (28.041202, -82.504764, 10.210123)	R:false  F:false
02-28 09:09:34.180 13511 13544 D NavServiceProvider: Second to last stop coordinates: 28.049276, -82.504196
02-28 09:09:34.181 13511 13544 D NavServiceProvider: Setting units automatically
02-28 09:09:34.182   871  6793 V EffectDiracSound: DiracSound_command() start, cmdCode=20
02-28 09:09:34.182   871  6793 V EffectDiracSound: DiracSound_Command EFFECT_CMD_OFFLOAD
02-28 09:09:34.182   871   871 V EffectDiracSound: DiracSound_command() start, cmdCode=1
02-28 09:09:34.182   871   871 V EffectDiracSound: DiracSound_setConfig start
02-28 09:09:34.182   871   871 I EffectDiracSound: DiracSound_updateState(), enable=0, hifi=0, device=0x2, headset=5, samplingRate=48000
02-28 09:09:34.182   871   871 I EffectDiracSound: DiracSound_updateState(), mode=0, music=0, movie=0, reset=0
02-28 09:09:34.182 13511 13544 D NavServiceProvider: Detecting stop. distance_d=885.6704. stop_type=1 speed=11.110072
02-28 09:09:34.182   871   871 I EffectDiracSound: DiracSound_updateState(), Speaker Movie/Stereo Mode is not supported. Stop update state.
02-28 09:09:34.182   871   871 W EffectHAL: Effect 0xe4b38cd0 command SET_CONFIG returned status: Invalid argument
02-28 09:09:34.182 13511 13544 D NavigationTest: 30: (28.041300, -82.504765, 11.110072)	R:false  F:false
02-28 09:09:34.182 13511 13544 D NavigationTest: 31: (28.041300, -82.504765, 11.110072)	R:false  F:false
02-28 09:09:34.182   871   911 V EffectDiracSound: DiracSound_command() start, cmdCode=1
02-28 09:09:34.182   871   911 V EffectDiracSound: DiracSound_setConfig start
02-28 09:09:34.182 13511 13544 D NavServiceProvider: Second to last stop coordinates: 28.049276, -82.504196
02-28 09:09:34.182   871   911 I EffectDiracSound: DiracSound_updateState(), enable=0, hifi=0, device=0x2, headset=5, samplingRate=48000
02-28 09:09:34.182   871   911 I EffectDiracSound: DiracSound_updateState(), mode=0, music=0, movie=0, reset=0
02-28 09:09:34.182   871   911 I EffectDiracSound: DiracSound_updateState(), Speaker Movie/Stereo Mode is not supported. Stop update state.
02-28 09:09:34.183   871   871 V EffectDiracSound: DiracSound_command() start, cmdCode=9
02-28 09:09:34.183   871   871 V EffectDiracSound: DiracSound_Command EFFECT_CMD_SET_DEVICE: 0x00000002
02-28 09:09:34.183   871   871 V EffectDiracSound: DiracSound_command() start, cmdCode=11
02-28 09:09:34.183   871   871 V EffectDiracSound: DiracSound_Command EFFECT_CMD_SET_AUDIO_MODE: 0
02-28 09:09:34.183 13511 13544 D NavServiceProvider: Setting units automatically
02-28 09:09:34.186 13511 13544 D NavServiceProvider: Detecting stop. distance_d=873.41327. stop_type=1 speed=11.970016
02-28 09:09:34.187 13511 13544 D NavigationTest: 32: (28.041411, -82.504768, 11.970016)	R:false  F:false
02-28 09:09:34.187 13511 13544 D NavigationTest: 33: (28.041411, -82.504768, 11.970016)	R:false  F:false
02-28 09:09:34.187 13511 13544 D NavServiceProvider: Second to last stop coordinates: 28.049276, -82.504196
02-28 09:09:34.187 13511 13544 D NavServiceProvider: Setting units automatically
02-28 09:09:34.189 13511 13544 D NavServiceProvider: Detecting stop. distance_d=860.754. stop_type=1 speed=12.750063
02-28 09:09:34.189 13511 13544 D NavigationTest: 34: (28.041526, -82.504777, 12.750063)	R:false  F:false
02-28 09:09:34.189 13511 13544 D NavigationTest: 35: (28.041526, -82.504777, 12.750063)	R:false  F:false
02-28 09:09:34.189 13511 13544 D NavServiceProvider: Second to last stop coordinates: 28.049276, -82.504196
02-28 09:09:34.190 13511 13544 D NavServiceProvider: Setting units automatically
02-28 09:09:34.191 13511 13544 D NavServiceProvider: Detecting stop. distance_d=848.08966. stop_type=1 speed=13.57
02-28 09:09:34.191 13511 13544 D NavigationTest: 36: (28.041640, -82.504768, 13.570000)	R:false  F:false
02-28 09:09:34.191 13511 13544 D NavigationTest: 37: (28.041640, -82.504768, 13.570000)	R:false  F:false
02-28 09:09:34.191 13511 13544 D NavServiceProvider: Second to last stop coordinates: 28.049276, -82.504196
02-28 09:09:34.192 13511 13544 D NavServiceProvider: Setting units automatically
02-28 09:09:34.193 13511 13544 D NavServiceProvider: Detecting stop. distance_d=833.71533. stop_type=1 speed=14.170127
02-28 09:09:34.193 13511 13544 D NavigationTest: 38: (28.041770, -82.504768, 14.170127)	R:false  F:false
02-28 09:09:34.193 13511 13544 D NavServiceProvider: Second to last stop coordinates: 28.049276, -82.504196
02-28 09:09:34.194 13511 13544 D NavServiceProvider: Setting units automatically
02-28 09:09:34.195 13511 13544 D NavServiceProvider: Detecting stop. distance_d=819.1481. stop_type=1 speed=14.88
02-28 09:09:34.195 13511 13544 D NavigationTest: 39: (28.041902, -82.504772, 14.880000)	R:false  F:false
02-28 09:09:34.195 13511 13544 D NavigationTest: 40: (28.041902, -82.504772, 14.880000)	R:false  F:false
02-28 09:09:34.195 13511 13544 D NavServiceProvider: Second to last stop coordinates: 28.049276, -82.504196
02-28 09:09:34.195 13511 13544 D NavServiceProvider: Setting units automatically
02-28 09:09:34.196 13511 13544 D NavServiceProvider: Detecting stop. distance_d=803.9137. stop_type=1 speed=15.490051
02-28 09:09:34.196 13511 13544 D NavigationTest: 41: (28.042039, -82.504759, 15.490051)	R:false  F:false
02-28 09:09:34.196 13511 13544 D NavigationTest: 42: (28.042039, -82.504759, 15.490051)	R:false  F:false
02-28 09:09:34.196 13511 13544 D NavServiceProvider: Second to last stop coordinates: 28.049276, -82.504196
02-28 09:09:34.197 13511 13544 D NavServiceProvider: Setting units automatically
02-28 09:09:34.198 13511 13544 D NavServiceProvider: Detecting stop. distance_d=787.4836. stop_type=1 speed=16.070004
02-28 09:09:34.198 13511 13544 D NavigationTest: 43: (28.042187, -82.504749, 16.070004)	R:false  F:false
02-28 09:09:34.198 13511 13544 D NavServiceProvider: Second to last stop coordinates: 28.049276, -82.504196
02-28 09:09:34.198 13511 13544 D NavServiceProvider: Setting units automatically
02-28 09:09:34.199 13511 13544 D NavServiceProvider: Detecting stop. distance_d=771.39874. stop_type=1 speed=16.720505
02-28 09:09:34.199 13511 13544 D NavigationTest: 44: (28.042332, -82.504741, 16.720505)	R:false  F:false
02-28 09:09:34.199 13511 13544 D NavigationTest: 45: (28.042332, -82.504741, 16.720505)	R:false  F:false
02-28 09:09:34.199 13511 13544 D NavServiceProvider: Second to last stop coordinates: 28.049276, -82.504196
02-28 09:09:34.199 13511 13544 D NavServiceProvider: Setting units automatically
02-28 09:09:34.201 13511 13544 D NavServiceProvider: Detecting stop. distance_d=754.9713. stop_type=1 speed=17.161821
02-28 09:09:34.201 13511 13544 D NavigationTest: 46: (28.042479, -82.504715, 17.161821)	R:false  F:false
02-28 09:09:34.201 13511 13544 D NavigationTest: 47: (28.042479, -82.504715, 17.161821)	R:false  F:false
02-28 09:09:34.201 13511 13544 D NavServiceProvider: Second to last stop coordinates: 28.049276, -82.504196
02-28 09:09:34.201 13511 13544 D NavServiceProvider: Setting units automatically
02-28 09:09:34.202 13511 13544 D NavServiceProvider: Detecting stop. distance_d=737.7871. stop_type=1 speed=17.160187
02-28 09:09:34.202 13511 13544 D NavigationTest: 48: (28.042634, -82.504708, 17.160187)	R:false  F:false
02-28 09:09:34.202 13511 13544 D NavigationTest: 49: (28.042634, -82.504708, 17.160187)	R:false  F:false
02-28 09:09:34.202 13511 13544 D NavServiceProvider: Second to last stop coordinates: 28.049276, -82.504196
02-28 09:09:34.203 13511 13544 D NavServiceProvider: Setting units automatically
02-28 09:09:34.204 13511 13544 D NavServiceProvider: Detecting stop. distance_d=718.00525. stop_type=1 speed=17.970278
02-28 09:09:34.204 13511 13544 D NavigationTest: 50: (28.042811, -82.504676, 17.970278)	R:false  F:false
02-28 09:09:34.204 13511 13544 D NavServiceProvider: Second to last stop coordinates: 28.049276, -82.504196
02-28 09:09:34.204 13511 13544 D NavServiceProvider: Setting units automatically
02-28 09:09:34.206 13511 13544 D NavServiceProvider: Detecting stop. distance_d=697.69794. stop_type=1 speed=20.730038
02-28 09:09:34.206 13511 13544 D NavigationTest: 51: (28.042994, -82.504665, 20.730038)	R:false  F:false
02-28 09:09:34.206 13511 13544 D NavigationTest: 52: (28.042994, -82.504665, 20.730038)	R:false  F:false
02-28 09:09:34.206 13511 13544 D NavServiceProvider: Second to last stop coordinates: 28.049276, -82.504196
02-28 09:09:34.206 13511 13544 D NavServiceProvider: Setting units automatically
02-28 09:09:34.207 13511 13544 D NavServiceProvider: Detecting stop. distance_d=678.1136. stop_type=1 speed=18.740002
02-28 09:09:34.207 13511 13544 D NavigationTest: 53: (28.043171, -82.504663, 18.740002)	R:false  F:false
02-28 09:09:34.207 13511 13544 D NavServiceProvider: Second to last stop coordinates: 28.049276, -82.504196
02-28 09:09:34.208 13511 13544 D NavServiceProvider: Setting units automatically
02-28 09:09:34.209 13511 13544 D NavServiceProvider: Detecting stop. distance_d=660.591. stop_type=1 speed=19.240374
02-28 09:09:34.209 13511 13544 D NavigationTest: 54: (28.043329, -82.504655, 19.240374)	R:false  F:false
02-28 09:09:34.209 13511 13544 D NavigationTest: 55: (28.043329, -82.504655, 19.240374)	R:false  F:false
02-28 09:09:34.209 13511 13544 D NavServiceProvider: Second to last stop coordinates: 28.049276, -82.504196
02-28 09:09:34.210 13511 13544 D NavServiceProvider: Setting units automatically
02-28 09:09:34.211 13511 13544 D NavServiceProvider: Detecting stop. distance_d=641.34985. stop_type=1 speed=19.240166
02-28 09:09:34.211 13511 13544 D NavigationTest: 56: (28.043502, -82.504638, 19.240166)	R:false  F:false
02-28 09:09:34.211 13511 13544 D NavigationTest: 57: (28.043502, -82.504638, 19.240166)	R:false  F:false
02-28 09:09:34.211 13511 13544 D NavServiceProvider: Second to last stop coordinates: 28.049276, -82.504196
02-28 09:09:34.211 13511 13544 D NavServiceProvider: Setting units automatically
02-28 09:09:34.212 13511 13544 D NavServiceProvider: Detecting stop. distance_d=621.7904. stop_type=1 speed=19.530092
02-28 09:09:34.212 13511 13544 D NavigationTest: 58: (28.043678, -82.504623, 19.530092)	R:false  F:false
02-28 09:09:34.212 13511 13544 D NavigationTest: 59: (28.043678, -82.504623, 19.530092)	R:false  F:false
02-28 09:09:34.212 13511 13544 D NavServiceProvider: Second to last stop coordinates: 28.049276, -82.504196
02-28 09:09:34.213 13511 13544 D NavServiceProvider: Setting units automatically
02-28 09:09:34.214 13511 13544 D NavServiceProvider: Detecting stop. distance_d=602.2777. stop_type=1 speed=19.630123
02-28 09:09:34.214 13511 13544 D NavigationTest: 60: (28.043854, -82.504615, 19.630123)	R:false  F:false
02-28 09:09:34.214 13511 13544 D NavServiceProvider: Second to last stop coordinates: 28.049276, -82.504196
02-28 09:09:34.215 13511 13544 D NavServiceProvider: Setting units automatically
02-28 09:09:34.216 13511 13544 D NavServiceProvider: Detecting stop. distance_d=582.6345. stop_type=1 speed=19.63
02-28 09:09:34.216 13511 13544 D NavigationTest: 61: (28.044031, -82.504604, 19.629999)	R:false  F:false
02-28 09:09:34.217 13511 13544 D NavigationTest: 62: (28.044031, -82.504604, 19.629999)	R:false  F:false
02-28 09:09:34.217 13511 13544 D NavServiceProvider: Second to last stop coordinates: 28.049276, -82.504196
02-28 09:09:34.217 13511 13544 D NavServiceProvider: Setting units automatically
02-28 09:09:34.220 13579 13612 W EventProcessor: callback.start() returned error code: -1
02-28 09:09:34.220 13511 13544 D NavServiceProvider: Detecting stop. distance_d=561.42334. stop_type=1 speed=20.22045
02-28 09:09:34.220 13511 13544 D NavigationTest: 63: (28.044222, -82.504590, 20.220449)	R:false  F:false
02-28 09:09:34.220 13511 13544 D NavigationTest: 64: (28.044222, -82.504590, 20.220449)	R:false  F:false
02-28 09:09:34.220 13511 13544 D NavServiceProvider: Second to last stop coordinates: 28.049276, -82.504196
02-28 09:09:34.221 13511 13544 D NavServiceProvider: Setting units automatically
02-28 09:09:34.222 13511 13544 D NavServiceProvider: Detecting stop. distance_d=541.6215. stop_type=1 speed=19.735838
02-28 09:09:34.222 13511 13544 D NavigationTest: 65: (28.044401, -82.504588, 19.735838)	R:false  F:false
02-28 09:09:34.223 13511 13544 D NavigationTest: 66: (28.044401, -82.504588, 19.735838)	R:false  F:false
02-28 09:09:34.223 13511 13544 D NavServiceProvider: Second to last stop coordinates: 28.049276, -82.504196
02-28 09:09:34.223 13511 13544 D NavServiceProvider: Setting units automatically
02-28 09:09:34.224 13511 13544 D NavServiceProvider: Detecting stop. distance_d=522.20734. stop_type=1 speed=19.633486
02-28 09:09:34.224 13511 13544 D NavigationTest: 67: (28.044576, -82.504578, 19.633486)	R:false  F:false
02-28 09:09:34.224 13511 13544 D NavigationTest: 68: (28.044576, -82.504578, 19.633486)	R:false  F:false
02-28 09:09:34.224 13511 13544 D NavServiceProvider: Second to last stop coordinates: 28.049276, -82.504196
02-28 09:09:34.224 13511 13544 D NavServiceProvider: Setting units automatically
02-28 09:09:34.226 13511 13544 D NavServiceProvider: Detecting stop. distance_d=502.96497. stop_type=1 speed=20.060488
02-28 09:09:34.226 13511 13544 D NavigationTest: 69: (28.044749, -82.504561, 20.060488)	R:false  F:false
02-28 09:09:34.226 13511 13544 D NavServiceProvider: Second to last stop coordinates: 28.049276, -82.504196
02-28 09:09:34.226 13511 13544 D NavServiceProvider: Setting units automatically
02-28 09:09:34.227 13511 13544 D NavServiceProvider: Detecting stop. distance_d=482.49985. stop_type=1 speed=20.650545
02-28 09:09:34.227 13511 13544 D NavigationTest: 70: (28.044933, -82.504543, 20.650545)	R:false  F:false
02-28 09:09:34.227 13511 13544 D NavigationTest: 71: (28.044933, -82.504543, 20.650545)	R:false  F:false
02-28 09:09:34.227 13511 13544 D NavServiceProvider: Second to last stop coordinates: 28.049276, -82.504196
02-28 09:09:34.228 13511 13544 D NavServiceProvider: Setting units automatically
02-28 09:09:34.229 13511 13544 D NavServiceProvider: Detecting stop. distance_d=461.83463. stop_type=1 speed=20.650196
02-28 09:09:34.229 13511 13544 D NavigationTest: 72: (28.045119, -82.504528, 20.650196)	R:false  F:false
02-28 09:09:34.229 13511 13544 D NavServiceProvider: Second to last stop coordinates: 28.049276, -82.504196
02-28 09:09:34.230 13511 13544 D NavServiceProvider: Setting units automatically
02-28 09:09:34.232 13511 13544 D NavServiceProvider: Detecting stop. distance_d=440.1563. stop_type=1 speed=21.051483
02-28 09:09:34.232 13511 13544 D NavigationTest: 73: (28.045315, -82.504526, 21.051483)	R:false  F:false
02-28 09:09:34.232 13511 13544 D NavigationTest: 74: (28.045315, -82.504526, 21.051483)	R:false  F:false
02-28 09:09:34.232 13511 13544 D NavServiceProvider: Second to last stop coordinates: 28.049276, -82.504196
02-28 09:09:34.232 13511 13544 D NavServiceProvider: Setting units automatically
02-28 09:09:34.234 13511 13544 D NavServiceProvider: Detecting stop. distance_d=419.52036. stop_type=1 speed=20.862429
02-28 09:09:34.234 13511 13544 D NavigationTest: 75: (28.045501, -82.504515, 20.862429)	R:false  F:false
02-28 09:09:34.234 13511 13544 D NavServiceProvider: Second to last stop coordinates: 28.049276, -82.504196
02-28 09:09:34.234 13511 13544 D NavServiceProvider: Setting units automatically
02-28 09:09:34.236 13511 13544 D NavServiceProvider: Detecting stop. distance_d=399.9356. stop_type=1 speed=20.03016
02-28 09:09:34.236 13511 13544 D NavigationTest: 76: (28.045676, -82.504481, 20.030161)	R:false  F:false
02-28 09:09:34.236 13511 13544 D NavigationTest: 77: (28.045676, -82.504481, 20.030161)	R:false  F:false
02-28 09:09:34.236 13511 13544 D NavServiceProvider: Second to last stop coordinates: 28.049276, -82.504196
02-28 09:09:34.236 13511 13544 D NavServiceProvider: Setting units automatically
02-28 09:09:34.237 13511 13544 D NavServiceProvider: Detecting stop. distance_d=379.87286. stop_type=1 speed=20.03009
02-28 09:09:34.237 13511 13544 D NavigationTest: 78: (28.045856, -82.504457, 20.030090)	R:false  F:false
02-28 09:09:34.237 13511 13544 D NavServiceProvider: Second to last stop coordinates: 28.049276, -82.504196
02-28 09:09:34.238 13511 13544 D NavServiceProvider: Setting units automatically
02-28 09:09:34.239 13511 13544 D NavServiceProvider: Detecting stop. distance_d=359.16855. stop_type=1 speed=19.880814
02-28 09:09:34.239 13511 13544 D NavigationTest: 79: (28.046042, -82.504436, 19.880814)	R:false  F:false
02-28 09:09:34.239 13511 13544 D NavigationTest: 80: (28.046042, -82.504436, 19.880814)	R:false  F:false
02-28 09:09:34.239 13511 13544 D NavigationTest: 81: (28.046042, -82.504436, 19.880814)	R:false  F:false
02-28 09:09:34.239 13511 13544 D NavServiceProvider: Second to last stop coordinates: 28.049276, -82.504196
02-28 09:09:34.239 13511 13544 D NavServiceProvider: Setting units automatically
02-28 09:09:34.240 13511 13544 D NavServiceProvider: Detecting stop. distance_d=342.1655. stop_type=1 speed=20.160446
02-28 09:09:34.240 13511 13544 D NavigationTest: 82: (28.046194, -82.504405, 20.160446)	R:false  F:false
02-28 09:09:34.241 13511 13544 D NavigationTest: 83: (28.046194, -82.504405, 20.160446)	R:false  F:false
02-28 09:09:34.241 13511 13544 D NavServiceProvider: Second to last stop coordinates: 28.049276, -82.504196
02-28 09:09:34.241 13511 13544 D NavServiceProvider: Setting units automatically
02-28 09:09:34.242 13511 13544 D NavServiceProvider: Detecting stop. distance_d=322.87772. stop_type=1 speed=20.00026
02-28 09:09:34.242 13511 13544 D NavigationTest: 84: (28.046367, -82.504379, 20.000259)	R:false  F:false
02-28 09:09:34.243 13511 13544 D NavigationTest: 85: (28.046367, -82.504379, 20.000259)	R:false  F:false
02-28 09:09:34.243 13511 13544 D NavServiceProvider: Second to last stop coordinates: 28.049276, -82.504196
02-28 09:09:34.243 13511 13544 D NavServiceProvider: Setting units automatically
02-28 09:09:34.245 13511 13544 D NavServiceProvider: Detecting stop. distance_d=302.8527. stop_type=1 speed=19.983612
02-28 09:09:34.245 13511 13544 D NavigationTest: 86: (28.046547, -82.504359, 19.983612)	R:false  F:false
02-28 09:09:34.245 13511 13544 D NavServiceProvider: Second to last stop coordinates: 28.049276, -82.504196
02-28 09:09:34.245 13511 13544 D NavServiceProvider: Setting units automatically
02-28 09:09:34.246 13511 13544 D NavServiceProvider: Detecting stop. distance_d=281.5079. stop_type=1 speed=19.873827
02-28 09:09:34.246 13511 13544 D NavigationTest: 87: (28.046740, -82.504361, 19.873827)	R:false  F:false
02-28 09:09:34.246 13511 13544 D NavigationTest: 88: (28.046740, -82.504361, 19.873827)	R:false  F:false
02-28 09:09:34.246 13579 13612 I GoogleTTSServiceImpl: Synthesis request for locale eng-USA and name en-US-language
02-28 09:09:34.246 13511 13544 D NavServiceProvider: Second to last stop coordinates: 28.049276, -82.504196
02-28 09:09:34.247 13511 13544 D NavServiceProvider: Setting units automatically
02-28 09:09:34.247 13579 13612 I GoogleTTSServiceImpl: TTS dispatch: en-us-x-iog-seanet-embedded
02-28 09:09:34.248 13511 13544 D NavServiceProvider: Detecting stop. distance_d=260.71762. stop_type=1 speed=19.98004
02-28 09:09:34.248 13511 13544 D NavigationTest: 89: (28.046927, -82.504343, 19.980040)	R:false  F:false
02-28 09:09:34.248 13511 13544 D NavigationTest: 90: (28.046927, -82.504343, 19.980040)	R:false  F:false
02-28 09:09:34.248 13511 13544 D NavServiceProvider: Second to last stop coordinates: 28.049276, -82.504196
02-28 09:09:34.248 13511 13544 D NavServiceProvider: Setting units automatically
02-28 09:09:34.250 13511 13544 D NavServiceProvider: Detecting stop. distance_d=240.58194. stop_type=1 speed=19.563498
02-28 09:09:34.250 13511 13544 D NavigationTest: 91: (28.047109, -82.504343, 19.563498)	R:false  F:false
02-28 09:09:34.250 13511 13544 D NavServiceProvider: Second to last stop coordinates: 28.049276, -82.504196
02-28 09:09:34.250 13511 13544 D NavServiceProvider: Setting units automatically
02-28 09:09:34.251 13511 13544 D NavServiceProvider: Detecting stop. distance_d=220.91379. stop_type=1 speed=19.600002
02-28 09:09:34.251 13511 13544 D NavigationTest: 92: (28.047286, -82.504328, 19.600002)	R:false  F:false
02-28 09:09:34.251 13511 13544 D NavigationTest: 93: (28.047286, -82.504328, 19.600002)	R:false  F:false
02-28 09:09:34.251 13511 13544 D NavServiceProvider: Second to last stop coordinates: 28.049276, -82.504196
02-28 09:09:34.252 13511 13544 D NavServiceProvider: Setting units automatically
02-28 09:09:34.252 13511 13544 D NavServiceProvider: Detecting stop. distance_d=201.24051. stop_type=1 speed=19.60001
02-28 09:09:34.253 13511 13544 D NavigationTest: 94: (28.047463, -82.504312, 19.600010)	R:false  F:false
02-28 09:09:34.253 13511 13544 D NavServiceProvider: Second to last stop coordinates: 28.049276, -82.504196
02-28 09:09:34.253 13511 13544 D NavServiceProvider: Setting units automatically
02-28 09:09:34.256 13511 13544 D NavServiceProvider: -----Get ready!
02-28 09:09:34.256 13511 13544 D NavigationTest: 95: (28.047650, -82.504295, 20.230087)	R:true  F:false
02-28 09:09:34.256 13511 13544 D NavServiceProvider: Second to last stop coordinates: 28.049276, -82.504196
02-28 09:09:34.257 13511 13544 D NavServiceProvider: Setting units automatically
02-28 09:09:34.258 13511 13544 D NavServiceProvider: Detecting stop. distance_d=180.45639. stop_type=1 speed=20.230087
02-28 09:09:34.258 13511 13544 D NavigationTest: 95: (28.047650, -82.504295, 20.230087)	R:true  F:false
02-28 09:09:34.258 13511 13544 D NavigationTest: 96: (28.047650, -82.504295, 20.230087)	R:true  F:false
02-28 09:09:34.258 13511 13544 D NavServiceProvider: Second to last stop coordinates: 28.049276, -82.504196
02-28 09:09:34.259 13511 13544 D NavServiceProvider: Setting units automatically
02-28 09:09:34.260 13511 13544 D NavServiceProvider: Detecting stop. distance_d=160.37413. stop_type=1 speed=20.450296
02-28 09:09:34.260 13511 13544 D NavigationTest: 97: (28.047831, -82.504285, 20.450296)	R:true  F:false
02-28 09:09:34.260 13511 13544 D NavigationTest: 98: (28.047831, -82.504285, 20.450296)	R:true  F:false
02-28 09:09:34.260 13511 13544 D NavServiceProvider: Second to last stop coordinates: 28.049276, -82.504196
02-28 09:09:34.261 13511 13544 D NavServiceProvider: Setting units automatically
02-28 09:09:34.262 13511 13544 D NavServiceProvider: Detecting stop. distance_d=138.4221. stop_type=1 speed=21.41421
02-28 09:09:34.262 13511 13544 D NavigationTest: 99: (28.048029, -82.504277, 21.414209)	R:true  F:false
02-28 09:09:34.262 13511 13544 D NavigationTest: 100: (28.048029, -82.504277, 21.414209)	R:true  F:false
02-28 09:09:34.262 13511 13544 D NavServiceProvider: Second to last stop coordinates: 28.049276, -82.504196
02-28 09:09:34.263 13511 13544 D NavServiceProvider: Setting units automatically
02-28 09:09:34.264 13511 13544 D NavServiceProvider: Detecting stop. distance_d=116.10126. stop_type=1 speed=21.100685
02-28 09:09:34.264 13511 13544 D NavigationTest: 101: (28.048231, -82.504280, 21.100685)	R:true  F:false
02-28 09:09:34.264 13511 13544 D NavigationTest: 102: (28.048231, -82.504280, 21.100685)	R:true  F:false
02-28 09:09:34.264 13511 13544 D NavServiceProvider: Second to last stop coordinates: 28.049276, -82.504196
02-28 09:09:34.264 13511 13544 D NavServiceProvider: Setting units automatically
02-28 09:09:34.266 13511 13544 D NavServiceProvider: Detecting stop. distance_d=94.83032. stop_type=1 speed=21.540115
02-28 09:09:34.266 13511 13544 D NavServiceProvider: Case 1: false
02-28 09:09:34.266 13511 13544 D NavigationTest: 103: (28.048422, -82.504257, 21.540115)	R:true  F:false
02-28 09:09:34.266 13511 13544 D NavServiceProvider: Second to last stop coordinates: 28.049276, -82.504196
02-28 09:09:34.266 13511 13544 D NavServiceProvider: Setting units automatically
02-28 09:09:34.268 13511 13544 D NavServiceProvider: Detecting stop. distance_d=72.95538. stop_type=1 speed=21.406757
02-28 09:09:34.268 13511 13544 D NavigationTest: 104: (28.048619, -82.504243, 21.406757)	R:true  F:false
02-28 09:09:34.268 13511 13544 D NavigationTest: 105: (28.048619, -82.504243, 21.406757)	R:true  F:false
02-28 09:09:34.268 13511 13544 D NavServiceProvider: Second to last stop coordinates: 28.049276, -82.504196
02-28 09:09:34.269 13511 13544 D NavServiceProvider: Setting units automatically
02-28 09:09:34.271 13511 13544 D NavServiceProvider: Detecting stop. distance_d=50.989483. stop_type=1 speed=21.343939
02-28 09:09:34.271 13511 13544 D NavigationTest: 106: (28.048817, -82.504232, 21.343939)	R:true  F:false
02-28 09:09:34.271 13511 13544 D NavigationTest: 107: (28.048817, -82.504232, 21.343939)	R:true  F:false
02-28 09:09:34.271 13511 13544 D NavServiceProvider: Second to last stop coordinates: 28.049276, -82.504196
02-28 09:09:34.271 13511 13544 D NavServiceProvider: Setting units automatically
02-28 09:09:34.274 13511 13544 D NavServiceProvider: Detecting stop. distance_d=29.515053. stop_type=1 speed=21.018013
02-28 09:09:34.274 13511 13544 D NavServiceProvider: Case 2: false
02-28 09:09:34.274 13511 13544 D NavigationTest: 108: (28.049010, -82.504211, 21.018013)	R:true  F:false
02-28 09:09:34.274 13511 13544 D NavServiceProvider: Second to last stop coordinates: 28.049276, -82.504196
02-28 09:09:34.274 13511 13544 D NavServiceProvider: Setting units automatically
02-28 09:09:34.275 13511 13544 D NavServiceProvider: Detecting stop. distance_d=8.892292. stop_type=1 speed=20.87552
02-28 09:09:34.275 13511 13544 D NavServiceProvider: Case 3: false
02-28 09:09:34.276 13511 13544 D NavigationTest: 109: (28.049196, -82.504189, 20.875521)	R:true  F:false
02-28 09:09:34.276 13511 13544 D NavigationTest: 110: (28.049196, -82.504189, 20.875521)	R:true  F:false
02-28 09:09:34.276 13511 13544 D NavServiceProvider: Second to last stop coordinates: 28.049276, -82.504196
02-28 09:09:34.276 13511 13544 D NavServiceProvider: Setting units automatically
02-28 09:09:34.277 13511 13544 D NavServiceProvider: Detecting stop. distance_d=12.218366. stop_type=1 speed=20.230158
02-28 09:09:34.277 13511 13544 D NavServiceProvider: Case 4: true
02-28 09:09:34.277 13511 13544 D NavServiceProvider: Proximity Event fired
02-28 09:09:34.277 13511 13544 D NavServiceProvider: Checking if path has more path links left to be navigated
02-28 09:09:34.277 13511 13544 D NavServiceProvider: PathLink index: 0 Number of PathLinks: 1
02-28 09:09:34.277 13511 13544 D NavServiceProvider: %%%%%%N%%%%%%%%% No more PathLinks left in Path %%%%%%%%%%%%%%%%%%%%%
02-28 09:09:34.277 13511 13544 D NavServiceProvider: Got to last stop
02-28 09:09:34.277 13511 13544 D NavServiceProvider: Alert 1 screen before last stop
02-28 09:09:34.278 13511 13544 D NavServiceProvider: Calling destination reached...
02-28 09:09:34.284 13511 13544 D NavServiceProvider: -----Get off the bus!
02-28 09:09:34.284 13511 13544 D NavigationTest: 111: (28.049384, -82.504171, 20.230158)	R:true  F:true
02-28 09:09:34.285 13511 13544 I System.out: O311C: INFO Log level changed: DEBUG
02-28 09:09:34.285 13511 13544 I System.out: O311C: INFO Dry run mode changed: true
02-28 09:09:34.285 13511 13544 W Application: Open311 issue reporting is in debug/dry run mode - no issues will be submitted.
02-28 09:09:34.285 13511 13544 I System.out: O311C: INFO clearOpen311
02-28 09:09:34.285 13511 13544 I TestRunner: finished: testTrip3(org.onebusaway.android.nav.test.NavigationTest)
