02-28 09:09:49.577 13511 13544 D NavigationTest: 415: (28.069233, -82.406102, 15.480000)	R:false  F:false
02-28 09:09:49.577 13511 13544 D NavigationTest: 416: (28.069233, -82.406102, 15.480000)	R:false  F:false
02-28 09:09:49.577 13511 13544 D NavServiceProvider: Second to last stop coordinates: 28.069259, -82.410618
02-28 09:09:49.578 13511 13544 D NavServiceProvider: Setting units automatically
02-28 09:09:49.579 13511 13544 D NavServiceProvider: Detecting stop. distance_d=428.97968. stop_type=1 speed=15.55
02-28 09:09:49.579 13511 13544 D NavigationTest: 417: (28.069244, -82.406254, 15.550000)	R:false  F:false
02-28 09:09:49.579 13511 13544 D NavigationTest: 418: (28.069244, -82.406254, 15.550000)	R:false  F:false
02-28 09:09:49.579 13511 13544 D NavigationTest: 419: (28.069244, -82.406254, 15.550000)	R:false  F:false
02-28 09:09:49.579 13511 13544 D NavServiceProvider: Second to last stop coordinates: 28.069259, -82.410618
02-28 09:09:49.579 13511 13544 D NavServiceProvider: Setting units automatically
02-28 09:09:49.580 13511 13544 D NavServiceProvider: Detecting stop. distance_d=413.27365. stop_type=1 speed=14.87
02-28 09:09:49.580 13511 13544 D NavigationTest: 420: (28.069218, -82.406414, 14.870000)	R:false  F:false
02-28 09:09:49.580 13511 13544 D NavigationTest: 421: (28.069218, -82.406414, 14.870000)	R:false  F:false
02-28 09:09:49.580 13511 13544 D NavServiceProvider: Second to last stop coordinates: 28.069259, -82.410618
02-28 09:09:49.581 13511 13544 D NavServiceProvider: Setting units automatically
02-28 09:09:49.582 13511 13544 D NavServiceProvider: Detecting stop. distance_d=397.16183. stop_type=1 speed=15.35
02-28 09:09:49.582 13511 13544 D NavigationTest: 422: (28.069212, -82.406578, 15.350000)	R:false  F:false
02-28 09:09:49.582 13511 13544 D NavigationTest: 423: (28.069212, -82.406578, 15.350000)	R:false  F:false
02-28 09:09:49.582 13511 13544 D NavigationTest: 424: (28.069212, -82.406578, 15.350000)	R:false  F:false
02-28 09:09:49.582 13511 13544 D NavServiceProvider: Second to last stop coordinates: 28.069259, -82.410618
02-28 09:09:49.582 13511 13544 D NavServiceProvider: Setting units automatically
02-28 09:09:49.583 13511 13544 D NavServiceProvider: Detecting stop. distance_d=379.8436. stop_type=1 speed=14.77
02-28 09:09:49.583 13511 13544 D NavigationTest: 425: (28.069227, -82.406754, 14.770000)	R:false  F:false
02-28 09:09:49.583 13511 13544 D NavigationTest: 426: (28.069227, -82.406754, 14.770000)	R:false  F:false
02-28 09:09:49.583 13511 13544 D NavServiceProvider: Second to last stop coordinates: 28.069259, -82.410618
02-28 09:09:49.584 13511 13544 D NavServiceProvider: Setting units automatically
02-28 09:09:49.585 13511 13544 D NavServiceProvider: Detecting stop. distance_d=366.07404. stop_type=1 speed=14.27
02-28 09:09:49.585 13511 13544 D NavigationTest: 427: (28.069236, -82.406894, 14.270000)	R:false  F:false
02-28 09:09:49.585 13511 13544 D NavigationTest: 428: (28.069236, -82.406894, 14.270000)	R:false  F:false
02-28 09:09:49.585 13511 13544 D NavigationTest: 429: (28.069236, -82.406894, 14.270000)	R:false  F:false
02-28 09:09:49.585 13511 13544 D NavigationTest: 430: (28.069236, -82.406894, 14.270000)	R:false  F:false
02-28 09:09:49.585 13511 13544 D NavigationTest: 431: (28.069236, -82.406894, 14.270000)	R:false  F:false
02-28 09:09:49.585 13511 13544 D NavServiceProvider: Second to last stop coordinates: 28.069259, -82.410618
02-28 09:09:49.585 13511 13544 D NavServiceProvider: Setting units automatically
02-28 09:09:49.586 13511 13544 D NavServiceProvider: Detecting stop. distance_d=351.91934. stop_type=1 speed=13.88
02-28 09:09:49.586 13511 13544 D NavigationTest: 432: (28.069236, -82.407038, 13.880000)	R:false  F:false
02-28 09:09:49.586 13511 13544 D NavigationTest: 433: (28.069236, -82.407038, 13.880000)	R:false  F:false
02-28 09:09:49.587 13511 13544 D NavigationTest: 434: (28.069236, -82.407038, 13.880000)	R:false  F:false
02-28 09:09:49.587 13511 13544 D NavServiceProvider: Second to last stop coordinates: 28.069259, -82.410618
02-28 09:09:49.587 13511 13544 D NavServiceProvider: Setting units automatically
02-28 09:09:49.588 13511 13544 D NavServiceProvider: Detecting stop. distance_d=339.82892. stop_type=1 speed=13.33
02-28 09:09:49.588 13511 13544 D NavigationTest: 435: (28.069236, -82.407161, 13.330000)	R:false  F:false
02-28 09:09:49.588 13511 13544 D NavigationTest: 436: (28.069236, -82.407161, 13.330000)	R:false  F:false
02-28 09:09:49.588 13511 13544 D NavServiceProvider: Second to last stop coordinates: 28.069259, -82.410618
02-28 09:09:49.588 13511 13544 D NavServiceProvider: Setting units automatically
02-28 09:09:49.589 13511 13544 D NavServiceProvider: Detecting stop. distance_d=326.65726. stop_type=1 speed=13.19
02-28 09:09:49.589 13511 13544 D NavigationTest: 437: (28.069236, -82.407295, 13.190000)	R:false  F:false
02-28 09:09:49.590 13511 13544 D NavigationTest: 438: (28.069236, -82.407295, 13.190000)	R:false  F:false
02-28 09:09:49.590 13511 13544 D NavigationTest: 439: (28.069236, -82.407295, 13.190000)	R:false  F:false
02-28 09:09:49.590 13511 13544 D NavServiceProvider: Second to last stop coordinates: 28.069259, -82.410618
02-28 09:09:49.590 13511 13544 D NavServiceProvider: Setting units automatically
02-28 09:09:49.591 13511 13544 D NavServiceProvider: Detecting stop. distance_d=314.27924. stop_type=1 speed=12.9
02-28 09:09:49.591 13511 13544 D NavigationTest: 440: (28.069229, -82.407421, 12.900000)	R:false  F:false
02-28 09:09:49.591 13511 13544 D NavigationTest: 441: (28.069229, -82.407421, 12.900000)	R:false  F:false
02-28 09:09:49.591 13511 13544 D NavServiceProvider: Second to last stop coordinates: 28.069259, -82.410618
02-28 09:09:49.591 13511 13544 D NavServiceProvider: Setting units automatically
02-28 09:09:49.593 13511 13544 D NavServiceProvider: Detecting stop. distance_d=301.70023. stop_type=1 speed=12.49
02-28 09:09:49.593 13511 13544 D NavigationTest: 442: (28.069227, -82.407549, 12.490000)	R:false  F:false
02-28 09:09:49.593 13511 13544 D NavigationTest: 443: (28.069227, -82.407549, 12.490000)	R:false  F:false
02-28 09:09:49.593 13511 13544 D NavigationTest: 444: (28.069227, -82.407549, 12.490000)	R:false  F:false
02-28 09:09:49.593 13511 13544 D NavServiceProvider: Second to last stop coordinates: 28.069259, -82.410618
02-28 09:09:49.593 13511 13544 D NavServiceProvider: Setting units automatically
02-28 09:09:49.594 13511 13544 D NavServiceProvider: Detecting stop. distance_d=289.69104. stop_type=1 speed=12.35
02-28 09:09:49.594 13511 13544 D NavigationTest: 445: (28.069245, -82.407671, 12.350000)	R:false  F:false
02-28 09:09:49.594 13511 13544 D NavigationTest: 446: (28.069245, -82.407671, 12.350000)	R:false  F:false
02-28 09:09:49.594 13511 13544 D NavServiceProvider: Second to last stop coordinates: 28.069259, -82.410618
02-28 09:09:49.595 13511 13544 D NavServiceProvider: Setting units automatically
02-28 09:09:49.596 13511 13544 D NavServiceProvider: Detecting stop. distance_d=277.31195. stop_type=1 speed=12.03
02-28 09:09:49.596 13511 13544 D NavigationTest: 447: (28.069237, -82.407797, 12.030000)	R:false  F:false
02-28 09:09:49.596 13511 13544 D NavigationTest: 448: (28.069237, -82.407797, 12.030000)	R:false  F:false
02-28 09:09:49.596 13511 13544 D NavigationTest: 449: (28.069237, -82.407797, 12.030000)	R:false  F:false
02-28 09:09:49.596 13511 13544 D NavigationTest: 450: (28.069237, -82.407797, 12.030000)	R:false  F:false
02-28 09:09:49.596 13511 13544 D NavigationTest: 451: (28.069237, -82.407797, 12.030000)	R:false  F:false
02-28 09:09:49.596 13511 13544 D NavServiceProvider: Second to last stop coordinates: 28.069259, -82.410618
02-28 09:09:49.596 13511 13544 D NavServiceProvider: Setting units automatically
02-28 09:09:49.597 13511 13544 D NavServiceProvider: Detecting stop. distance_d=266.21286. stop_type=1 speed=11.71
02-28 09:09:49.597 13511 13544 D NavigationTest: 452: (28.069230, -82.407910, 11.710000)	R:false  F:false
02-28 09:09:49.597 13511 13544 D NavigationTest: 453: (28.069230, -82.407910, 11.710000)	R:false  F:false
02-28 09:09:49.597 13511 13544 D NavServiceProvider: Second to last stop coordinates: 28.069259, -82.410618
02-28 09:09:49.598 13511 13544 D NavServiceProvider: Setting units automatically
02-28 09:09:49.599 13511 13544 D NavServiceProvider: Detecting stop. distance_d=254.7142. stop_type=1 speed=11.38
02-28 09:09:49.599 13511 13544 D NavigationTest: 454: (28.069229, -82.408027, 11.380000)	R:false  F:false
02-28 09:09:49.599 13511 13544 D NavigationTest: 455: (28.069229, -82.408027, 11.380000)	R:false  F:false
02-28 09:09:49.599 13511 13544 D NavigationTest: 456: (28.069229, -82.408027, 11.380000)	R:false  F:false
02-28 09:09:49.599 13511 13544 D NavServiceProvider: Second to last stop coordinates: 28.069259, -82.410618
02-28 09:09:49.599 13511 13544 D NavServiceProvider: Setting units automatically
02-28 09:09:49.600 13511 13544 D NavServiceProvider: Detecting stop. distance_d=243.90079. stop_type=1 speed=11.28
02-28 09:09:49.600 13511 13544 D NavigationTest: 457: (28.069230, -82.408137, 11.280000)	R:false  F:false
02-28 09:09:49.600 13511 13544 D NavigationTest: 458: (28.069230, -82.408137, 11.280000)	R:false  F:false
02-28 09:09:49.600 13511 13544 D NavigationTest: 459: (28.069230, -82.408137, 11.280000)	R:false  F:false
02-28 09:09:49.600 13511 13544 D NavServiceProvider: Second to last stop coordinates: 28.069259, -82.410618
02-28 09:09:49.601 13511 13544 D NavServiceProvider: Setting units automatically
02-28 09:09:49.602 13511 13544 D NavServiceProvider: Detecting stop. distance_d=233.28548. stop_type=1 speed=10.84
02-28 09:09:49.602 13511 13544 D NavigationTest: 460: (28.069230, -82.408245, 10.840000)	R:false  F:false
02-28 09:09:49.602 13511 13544 D NavigationTest: 461: (28.069230, -82.408245, 10.840000)	R:false  F:false
02-28 09:09:49.602 13511 13544 D NavServiceProvider: Second to last stop coordinates: 28.069259, -82.410618
02-28 09:09:49.602 13511 13544 D NavServiceProvider: Setting units automatically
02-28 09:09:49.603 13511 13544 D NavServiceProvider: Detecting stop. distance_d=223.5489. stop_type=1 speed=10.11
02-28 09:09:49.603 13511 13544 D NavigationTest: 462: (28.069234, -82.408344, 10.110000)	R:false  F:false
02-28 09:09:49.603 13511 13544 D NavigationTest: 463: (28.069234, -82.408344, 10.110000)	R:false  F:false
02-28 09:09:49.603 13511 13544 D NavigationTest: 464: (28.069234, -82.408344, 10.110000)	R:false  F:false
02-28 09:09:49.603 13511 13544 D NavServiceProvider: Second to last stop coordinates: 28.069259, -82.410618
02-28 09:09:49.604 13511 13544 D NavServiceProvider: Setting units automatically
02-28 09:09:49.605 13511 13544 D NavServiceProvider: Detecting stop. distance_d=213.61746. stop_type=1 speed=9.86
02-28 09:09:49.605 13511 13544 D NavigationTest: 465: (28.069237, -82.408445, 9.860000)	R:false  F:false
02-28 09:09:49.605 13511 13544 D NavigationTest: 466: (28.069237, -82.408445, 9.860000)	R:false  F:false
02-28 09:09:49.605 13511 13544 D NavigationTest: 467: (28.069237, -82.408445, 9.860000)	R:false  F:false
02-28 09:09:49.605 13511 13544 D NavigationTest: 468: (28.069237, -82.408445, 9.860000)	R:false  F:false
02-28 09:09:49.605 13511 13544 D NavigationTest: 469: (28.069237, -82.408445, 9.860000)	R:false  F:false
02-28 09:09:49.605 13511 13544 D NavServiceProvider: Second to last stop coordinates: 28.069259, -82.410618
02-28 09:09:49.605 13511 13544 D NavServiceProvider: Setting units automatically
02-28 09:09:49.606 13511 13544 D NavServiceProvider: Detecting stop. distance_d=203.98352. stop_type=1 speed=9.53
02-28 09:09:49.607 13511 13544 D NavigationTest: 470: (28.069238, -82.408543, 9.530000)	R:false  F:false
02-28 09:09:49.607 13511 13544 D NavigationTest: 471: (28.069238, -82.408543, 9.530000)	R:false  F:false
02-28 09:09:49.607 13511 13544 D NavServiceProvider: Second to last stop coordinates: 28.069259, -82.410618
02-28 09:09:49.607 13511 13544 D NavServiceProvider: Setting units automatically
02-28 09:09:49.609 13579 13616 D AudioTrack: stop(186): called with 9856 frames delivered
02-28 09:09:49.609 13579 13612 I SynthesisCache: streamCachedRequest call to callback.audioAvailable failed: -1
02-28 09:09:49.610 13579 13612 I GoogleTTSServiceImpl: Synthesis request for locale eng-USA and name en-US-language
02-28 09:09:49.612 13579 13612 I GoogleTTSServiceImpl: TTS dispatch: en-us-x-iog-seanet-embedded
02-28 09:09:49.613 13511 13544 D NavServiceProvider: -----Get ready!
02-28 09:09:49.614 13511 13544 D NavigationTest: 472: (28.069242, -82.408610, 7.290000)	R:true  F:false
02-28 09:09:49.614 13511 13544 D NavServiceProvider: Second to last stop coordinates: 28.069259, -82.410618
02-28 09:09:49.614  2666  3413 D Avrcp_ext: AudioManager Player: ID:23 -- type:android.media.SoundPool -- u/pid:10126/2688 -- state:idle -- attr:AudioAttributes: usage=USAGE_ASSISTANCE_SONIFICATION content=CONTENT_TYPE_SONIFICATION flags=0x800 tags= bundle=null
02-28 09:09:49.614  2666  3413 D Avrcp_ext: AudioManager Player: ID:1335 -- type:android.media.AudioTrack -- u/pid:10088/13579 -- state:stopped -- attr:AudioAttributes: usage=USAGE_MEDIA content=CONTENT_TYPE_SPEECH flags=0x800 tags= bundle=null
02-28 09:09:49.614  2666  3413 D Avrcp_ext: AudioManager Player: ID:15 -- type:android.media.SoundPool -- u/pid:1000/1493 -- state:idle -- attr:AudioAttributes: usage=USAGE_ASSISTANCE_SONIFICATION content=CONTENT_TYPE_SONIFICATION flags=0x800 tags= bundle=null
02-28 09:09:49.614  2666  3413 D Avrcp_ext: AudioManager isPlaying: false
02-28 09:09:49.614  2666  3413 V Avrcp_ext: updateCurrentMediaState: mMediaController: null
02-28 09:09:49.614 13511 13544 D NavServiceProvider: Setting units automatically
02-28 09:09:49.615  2666  3413 V Avrcp_ext: isMusicActive: true getBluetoothPlayState: 2
02-28 09:09:49.615  2666  3413 V Avrcp_ext: updateCurrentMediaState: isPlaying = false
02-28 09:09:49.615  2666  3413 V Avrcp_ext: Media update: id -1➡-1? [MediaAttributes: none] : [MediaAttributes: none]
02-28 09:09:49.615  2666  3413 V Avrcp_ext: newPlayStatus:2mReportedPlayStatus:-1
02-28 09:09:49.615  2666  3413 V Avrcp_ext: updatePlaybackState, state: PlaybackState {state=2, position=-1, buffered position=0, speed=0.0, updated=1792946, actions=0, custom actions=[], active item id=-1, error=null} device: null
02-28 09:09:49.615  2666  3413 V Avrcp_ext: Device: no name:
02-28 09:09:49.615  2666  3413 I chatty  : uid=1002(bluetooth) BluetoothAvrcpH identical 1 line
02-28 09:09:49.615  2666  3413 V Avrcp_ext: Device: no name:
02-28 09:09:49.615 13511 13544 D NavServiceProvider: Detecting stop. distance_d=197.3932. stop_type=1 speed=7.29
02-28 09:09:49.615  2666  3413 V Avrcp_ext: Device: no name:
02-28 09:09:49.615  2666  3413 V Avrcp_ext: Device: no name:
02-28 09:09:49.615  2666  3413 V Avrcp_ext: updatePlayerStateAndPosition, old=PlaybackState {state=2, position=-1, buffered position=0, speed=0.0, updated=1792714, actions=0, custom actions=[], active item id=-1, error=null}, state=PlaybackState {state=2, position=-1, buffered position=0, speed=0.0, updated=1792946, actions=0, custom actions=[], active item id=-1, error=null}
02-28 09:09:49.615 13511 13544 D NavigationTest: 472: (28.069242, -82.408610, 7.290000)	R:true  F:false
02-28 09:09:49.615  2666  3413 V Avrcp_ext: old state = PlaybackState {state=2, position=-1, buffered position=0, speed=0.0, updated=1792714, actions=0, custom actions=[], active item id=-1, error=null}, new state= PlaybackState {state=2, position=-1, buffered position=0, speed=0.0, updated=1792946, actions=0, custom actions=[], active item id=-1, error=null}
02-28 09:09:49.615 13511 13544 D NavigationTest: 473: (28.069242, -82.408610, 7.290000)	R:true  F:false
02-28 09:09:49.615  2666  3413 D HeadsetService: getHeadsetService(): returning com.android.bluetooth.hfp.HeadsetService@8a04d28
02-28 09:09:49.616 13511 13544 D NavigationTest: 474: (28.069242, -82.408610, 7.290000)	R:true  F:false
02-28 09:09:49.616 13511 13544 D NavServiceProvider: Second to last stop coordinates: 28.069259, -82.410618
02-28 09:09:49.616 13511 13544 D NavServiceProvider: Setting units automatically
02-28 09:09:49.616  2666  3413 D HeadsetService:  isAudioOn: The number of audio connected devices 0
02-28 09:09:49.616  2666  3413 D HeadsetService: isScoOrCallActive(): Call Active:falseCall is Ringing:falseSCO is Active:false
02-28 09:09:49.616  2666  3413 D HeadsetService:  isAudioOn: The number of audio connected devices 0
02-28 09:09:49.616  2666  3413 I Avrcp_ext: updatePlayStatusForDevice: device: null
02-28 09:09:49.617  2666  3413 V Avrcp_ext: updatePlaybackState (1): old=PlaybackState {state=2, position=-1, buffered position=0, speed=0.0, updated=1792714, actions=0, custom actions=[], active item id=-1, error=null}(2), new=PlaybackState {state=2, position=-1, buffered position=0, speed=0.0, updated=1792946, actions=0, custom actions=[], active item id=-1, error=null}(2)
02-28 09:09:49.617  2666  3413 I Avrcp_ext: Exit updatePlayStatusForDevice
02-28 09:09:49.617  2666  3413 D HeadsetService:  isAudioOn: The number of audio connected devices 0
02-28 09:09:49.617  2666  3413 D HeadsetService: isScoOrCallActive(): Call Active:falseCall is Ringing:falseSCO is Active:false
02-28 09:09:49.617  2666  3413 D HeadsetService:  isAudioOn: The number of audio connected devices 0
02-28 09:09:49.617  2666  3413 I Avrcp_ext: updatePlayStatusForDevice: device: null
02-28 09:09:49.617  2666  3413 V Avrcp_ext: updatePlaybackState (1): old=PlaybackState {state=2, position=-1, buffered position=0, speed=0.0, updated=1792714, actions=0, custom actions=[], active item id=-1, error=null}(2), new=PlaybackState {state=2, position=-1, buffered position=0, speed=0.0, updated=1792946, actions=0, custom actions=[], active item id=-1, error=null}(2)
02-28 09:09:49.617 13511 13544 D NavServiceProvider: Detecting stop. distance_d=190.52187. stop_type=1 speed=6.47
02-28 09:09:49.617  2666  3413 I Avrcp_ext: Exit updatePlayStatusForDevice
02-28 09:09:49.617 13511 13544 D NavigationTest: 475: (28.069235, -82.408680, 6.470000)	R:true  F:false
02-28 09:09:49.617 13511 13544 D NavigationTest: 476: (28.069235, -82.408680, 6.470000)	R:true  F:false
02-28 09:09:49.617 13511 13544 D NavServiceProvider: Second to last stop coordinates: 28.069259, -82.410618
02-28 09:09:49.617  2666  3413 D HeadsetService:  isAudioOn: The number of audio connected devices 0
02-28 09:09:49.617  2666  3413 D HeadsetService: isScoOrCallActive(): Call Active:falseCall is Ringing:falseSCO is Active:false
02-28 09:09:49.618  2666  3413 D HeadsetService:  isAudioOn: The number of audio connected devices 0
02-28 09:09:49.618  2666  3413 I Avrcp_ext: updatePlayStatusForDevice: device: null
02-28 09:09:49.618 13511 13544 D NavServiceProvider: Setting units automatically
02-28 09:09:49.618  2666  3413 V Avrcp_ext: updatePlaybackState (1): old=PlaybackState {state=2, position=-1, buffered position=0, speed=0.0, updated=1792714, actions=0, custom actions=[], active item id=-1, error=null}(2), new=PlaybackState {state=2, position=-1, buffered position=0, speed=0.0, updated=1792946, actions=0, custom actions=[], active item id=-1, error=null}(2)
02-28 09:09:49.618  2666  3413 I Avrcp_ext: Exit updatePlayStatusForDevice
02-28 09:09:49.618  2666  3413 D HeadsetService:  isAudioOn: The number of audio connected devices 0
02-28 09:09:49.618  2666  3413 D HeadsetService: isScoOrCallActive(): Call Active:falseCall is Ringing:falseSCO is Active:false
02-28 09:09:49.618  2666  3413 D HeadsetService:  isAudioOn: The number of audio connected devices 0
02-28 09:09:49.618  2666  3413 I Avrcp_ext: updatePlayStatusForDevice: device: null
02-28 09:09:49.618  2666  3413 V Avrcp_ext: updatePlaybackState (1): old=PlaybackState {state=2, position=-1, buffered position=0, speed=0.0, updated=1792714, actions=0, custom actions=[], active item id=-1, error=null}(2), new=PlaybackState {state=2, position=-1, buffered position=0, speed=0.0, updated=1792946, actions=0, custom actions=[], active item id=-1, error=null}(2)
02-28 09:09:49.618  2666  3413 I Avrcp_ext: Exit updatePlayStatusForDevice
02-28 09:09:49.619  2666  3413 D HeadsetService:  isAudioOn: The number of audio connected devices 0
02-28 09:09:49.619  2666  3413 D HeadsetService: isScoOrCallActive(): Call Active:falseCall is Ringing:falseSCO is Active:false
02-28 09:09:49.619  2666  3413 D HeadsetService:  isAudioOn: The number of audio connected devices 0
02-28 09:09:49.619  2666  3413 I Avrcp_ext: updatePlayStatusForDevice: device: null
02-28 09:09:49.619  2666  3413 V Avrcp_ext: updatePlaybackState (1): old=PlaybackState {state=2, position=-1, buffered position=0, speed=0.0, updated=1792714, actions=0, custom actions=[], active item id=-1, error=null}(2), new=PlaybackState {state=2, position=-1, buffered position=0, speed=0.0, updated=1792946, actions=0, custom actions=[], active item id=-1, error=null}(2)
02-28 09:09:49.619  2666  3413 I Avrcp_ext: Exit updatePlayStatusForDevice
02-28 09:09:49.619  2666  3413 D Avrcp_ext: Enter sendPlayPosNotificationRsp
02-28 09:09:49.619  2666  3413 D Avrcp_ext: sendPlayPosNotificationRsp: Not registered or requesting.
02-28 09:09:49.619 13511 13544 D NavServiceProvider: Detecting stop. distance_d=184.52318. stop_type=1 speed=5.59
02-28 09:09:49.619  2666  3413 D Avrcp_ext: Enter sendPlayPosNotificationRsp
02-28 09:09:49.619  2666  3413 D Avrcp_ext: sendPlayPosNotificationRsp: Not registered or requesting.
02-28 09:09:49.619  2666  3413 D Avrcp_ext: Enter sendPlayPosNotificationRsp
02-28 09:09:49.619  2666  3413 D Avrcp_ext: sendPlayPosNotificationRsp: Not registered or requesting.
02-28 09:09:49.619  2666  3413 D Avrcp_ext: Enter sendPlayPosNotificationRsp
02-28 09:09:49.619 13511 13544 D NavigationTest: 477: (28.069237, -82.408741, 5.590000)	R:true  F:false
02-28 09:09:49.619  2666  3413 D Avrcp_ext: sendPlayPosNotificationRsp: Not registered or requesting.
02-28 09:09:49.619  2666  3413 D Avrcp_ext: Enter sendPlayPosNotificationRsp
02-28 09:09:49.619  2666  3413 D Avrcp_ext: sendPlayPosNotificationRsp: Not registered or requesting.
02-28 09:09:49.619  2666  3413 V Avrcp_ext: Exit updatePlayerStateAndPosition
02-28 09:09:49.619  2666  3413 D Avrcp_ext: AudioManager Player: ID:23 -- type:android.media.SoundPool -- u/pid:10126/2688 -- state:idle -- attr:AudioAttributes: usage=USAGE_ASSISTANCE_SONIFICATION content=CONTENT_TYPE_SONIFICATION flags=0x800 tags= bundle=null
02-28 09:09:49.619  2666  3413 D Avrcp_ext: AudioManager Player: ID:15 -- type:android.media.SoundPool -- u/pid:1000/1493 -- state:idle -- attr:AudioAttributes: usage=USAGE_ASSISTANCE_SONIFICATION content=CONTENT_TYPE_SONIFICATION flags=0x800 tags= bundle=null
02-28 09:09:49.619  2666  3413 D Avrcp_ext: AudioManager isPlaying: false
02-28 09:09:49.619 13511 13544 D NavigationTest: 478: (28.069237, -82.408741, 5.590000)	R:true  F:false
02-28 09:09:49.620 13511 13544 D NavigationTest: 479: (28.069237, -82.408741, 5.590000)	R:true  F:false
02-28 09:09:49.620 13511 13544 D NavServiceProvider: Second to last stop coordinates: 28.069259, -82.410618
02-28 09:09:49.620 13511 13544 D NavServiceProvider: Setting units automatically
02-28 09:09:49.621 13511 13544 D NavServiceProvider: Detecting stop. distance_d=180.59636. stop_type=1 speed=4.46
02-28 09:09:49.621 13511 13544 D NavigationTest: 480: (28.069234, -82.408781, 4.460000)	R:true  F:false
02-28 09:09:49.621 13511 13544 D NavigationTest: 481: (28.069234, -82.408781, 4.460000)	R:true  F:false
02-28 09:09:49.621 13511 13544 D NavigationTest: 482: (28.069234, -82.408781, 4.460000)	R:true  F:false
02-28 09:09:49.621 13511 13544 D NavServiceProvider: Second to last stop coordinates: 28.069259, -82.410618
02-28 09:09:49.622 13511 13544 D NavServiceProvider: Setting units automatically
02-28 09:09:49.623 13511 13544 D NavServiceProvider: Detecting stop. distance_d=176.5649. stop_type=1 speed=3.46
02-28 09:09:49.623 13511 13544 D NavigationTest: 483: (28.069235, -82.408822, 3.460000)	R:true  F:false
02-28 09:09:49.623 13511 13544 D NavigationTest: 484: (28.069235, -82.408822, 3.460000)	R:true  F:false
02-28 09:09:49.623 13511 13544 D NavServiceProvider: Second to last stop coordinates: 28.069259, -82.410618
02-28 09:09:49.623 13511 13544 D NavServiceProvider: Setting units automatically
02-28 09:09:49.625 13511 13544 D NavServiceProvider: Detecting stop. distance_d=173.13025. stop_type=1 speed=3.19
02-28 09:09:49.625 13511 13544 D NavigationTest: 485: (28.069232, -82.408857, 3.190000)	R:true  F:false
02-28 09:09:49.625 13511 13544 D NavigationTest: 486: (28.069232, -82.408857, 3.190000)	R:true  F:false
02-28 09:09:49.625 13511 13544 D NavigationTest: 487: (28.069232, -82.408857, 3.190000)	R:true  F:false
02-28 09:09:49.625 13511 13544 D NavServiceProvider: Second to last stop coordinates: 28.069259, -82.410618
02-28 09:09:49.625 13511 13544 D NavServiceProvider: Setting units automatically
02-28 09:09:49.626 13511 13544 D NavServiceProvider: Detecting stop. distance_d=169.17682. stop_type=1 speed=2.2
02-28 09:09:49.626 13511 13544 D NavigationTest: 488: (28.069248, -82.408897, 2.200000)	R:true  F:false
02-28 09:09:49.626 13511 13544 D NavigationTest: 489: (28.069248, -82.408897, 2.200000)	R:true  F:false
02-28 09:09:49.627 13511 13544 D NavigationTest: 490: (28.069248, -82.408897, 2.200000)	R:true  F:false
02-28 09:09:49.627 13511 13544 D NavServiceProvider: Second to last stop coordinates: 28.069259, -82.410618
02-28 09:09:49.627 13511 13544 D NavServiceProvider: Setting units automatically
02-28 09:09:49.628 13511 13544 D NavServiceProvider: Detecting stop. distance_d=167.60262. stop_type=1 speed=1.11
02-28 09:09:49.628 13511 13544 D NavigationTest: 491: (28.069250, -82.408913, 1.110000)	R:true  F:false
02-28 09:09:49.628 13511 13544 D NavigationTest: 492: (28.069250, -82.408913, 1.110000)	R:true  F:false
02-28 09:09:49.628 13511 13544 D NavServiceProvider: Second to last stop coordinates: 28.069259, -82.410618
02-28 09:09:49.629 13511 13544 D NavServiceProvider: Setting units automatically
02-28 09:09:49.630 13511 13544 D NavServiceProvider: Detecting stop. distance_d=168.29007. stop_type=1 speed=0.39
02-28 09:09:49.630 13511 13544 D NavigationTest: 493: (28.069251, -82.408906, 0.390000)	R:true  F:false
02-28 09:09:49.630 13511 13544 D NavigationTest: 494: (28.069251, -82.408906, 0.390000)	R:true  F:false
02-28 09:09:49.630 13511 13544 D NavigationTest: 495: (28.069251, -82.408906, 0.390000)	R:true  F:false
02-28 09:09:49.630 13511 13544 D NavServiceProvider: Second to last stop coordinates: 28.069259, -82.410618
02-28 09:09:49.631 13511 13544 D NavServiceProvider: Setting units automatically
02-28 09:09:49.632 13511 13544 D NavServiceProvider: Detecting stop. distance_d=167.69809. stop_type=1 speed=0.26
02-28 09:09:49.632 13511 13544 D NavigationTest: 496: (28.069257, -82.408912, 0.260000)	R:true  F:false
02-28 09:09:49.633 13511 13544 D NavigationTest: 497: (28.069257, -82.408912, 0.260000)	R:true  F:false
02-28 09:09:49.633 13511 13544 D NavigationTest: 498: (28.069257, -82.408912, 0.260000)	R:true  F:false
02-28 09:09:49.633 13511 13544 D NavServiceProvider: Second to last stop coordinates: 28.069259, -82.410618
02-28 09:09:49.633 13511 13544 D NavServiceProvider: Setting units automatically
02-28 09:09:49.634 13511 13544 D NavServiceProvider: Detecting stop. distance_d=167.99287. stop_type=1 speed=0.26
02-28 09:09:49.634 13511 13544 D NavigationTest: 499: (28.069258, -82.408909, 0.260000)	R:true  F:false
02-28 09:09:49.634 13511 13544 D NavigationTest: 500: (28.069258, -82.408909, 0.260000)	R:true  F:false
02-28 09:09:49.634 13511 13544 D NavigationTest: 501: (28.069258, -82.408909, 0.260000)	R:true  F:false
02-28 09:09:49.635 13511 13544 D NavigationTest: 502: (28.069258, -82.408909, 0.260000)	R:true  F:false
02-28 09:09:49.635 13511 13544 D NavServiceProvider: Second to last stop coordinates: 28.069259, -82.410618
02-28 09:09:49.635 13511 13544 D NavServiceProvider: Setting units automatically
02-28 09:09:49.636 13511 13544 D NavServiceProvider: Detecting stop. distance_d=168.09117. stop_type=1 speed=0.0
02-28 09:09:49.636 13511 13544 D NavigationTest: 503: (28.069258, -82.408908, 0.000000)	R:true  F:false
02-28 09:09:49.636 13511 13544 D NavigationTest: 504: (28.069258, -82.408908, 0.000000)	R:true  F:false
02-28 09:09:49.636 13511 13544 D NavigationTest: 505: (28.069258, -82.408908, 0.000000)	R:true  F:false
02-28 09:09:49.636 13511 13544 D NavServiceProvider: Second to last stop coordinates: 28.069259, -82.410618
02-28 09:09:49.637 13511 13544 D NavServiceProvider: Setting units automatically
02-28 09:09:49.638 13511 13544 D NavServiceProvider: Detecting stop. distance_d=168.18947. stop_type=1 speed=0.0
02-28 09:09:49.638 13511 13544 D NavigationTest: 506: (28.069258, -82.408907, 0.000000)	R:true  F:false
02-28 09:09:49.638 13511 13544 D NavigationTest: 507: (28.069258, -82.408907, 0.000000)	R:true  F:false
02-28 09:09:49.638 13511 13544 D NavigationTest: 508: (28.069258, -82.408907, 0.000000)	R:true  F:false
02-28 09:09:49.638 13511 13544 D NavServiceProvider: Second to last stop coordinates: 28.069259, -82.410618
02-28 09:09:49.639 13511 13544 D NavServiceProvider: Setting units automatically
02-28 09:09:49.640 13511 13544 D NavServiceProvider: Detecting stop. distance_d=168.48465. stop_type=1 speed=0.0
02-28 09:09:49.640 13511 13544 D NavigationTest: 509: (28.069256, -82.408904, 0.000000)	R:true  F:false
02-28 09:09:49.640 13511 13544 D NavigationTest: 510: (28.069256, -82.408904, 0.000000)	R:true  F:false
02-28 09:09:49.640 13511 13544 D NavigationTest: 511: (28.069256, -82.408904, 0.000000)	R:true  F:false
02-28 09:09:49.640 13511 13544 D NavServiceProvider: Second to last stop coordinates: 28.069259, -82.410618
02-28 09:09:49.641 13511 13544 D NavServiceProvider: Setting units automatically
02-28 09:09:49.642 13511 13544 D NavServiceProvider: Detecting stop. distance_d=168.48524. stop_type=1 speed=0.0
02-28 09:09:49.642 13511 13544 D NavigationTest: 512: (28.069254, -82.408904, 0.000000)	R:true  F:false
02-28 09:09:49.642 13511 13544 D NavigationTest: 513: (28.069254, -82.408904, 0.000000)	R:true  F:false
02-28 09:09:49.642 13511 13544 D NavServiceProvider: Second to last stop coordinates: 28.069259, -82.410618
02-28 09:09:49.642 13511 13544 D NavServiceProvider: Setting units automatically
02-28 09:09:49.643 13511 13544 D NavServiceProvider: Detecting stop. distance_d=168.68095. stop_type=1 speed=0.0
02-28 09:09:49.643 13511 13544 D NavigationTest: 514: (28.069258, -82.408902, 0.000000)	R:true  F:false
02-28 09:09:49.643 13511 13544 D NavigationTest: 515: (28.069258, -82.408902, 0.000000)	R:true  F:false
02-28 09:09:49.643 13511 13544 D NavigationTest: 516: (28.069258, -82.408902, 0.000000)	R:true  F:false
02-28 09:09:49.643 13511 13544 D NavServiceProvider: Second to last stop coordinates: 28.069259, -82.410618
02-28 09:09:49.644 13511 13544 D NavServiceProvider: Setting units automatically
02-28 09:09:49.645 13511 13544 D NavServiceProvider: Detecting stop. distance_d=168.5832. stop_type=1 speed=0.0
02-28 09:09:49.645 13511 13544 D NavigationTest: 517: (28.069255, -82.408903, 0.000000)	R:true  F:false
02-28 09:09:49.645 13511 13544 D NavigationTest: 518: (28.069255, -82.408903, 0.000000)	R:true  F:false
02-28 09:09:49.645 13511 13544 D NavServiceProvider: Second to last stop coordinates: 28.069259, -82.410618
02-28 09:09:49.646 13511 13544 D NavServiceProvider: Setting units automatically
02-28 09:09:49.647 13511 13544 D NavServiceProvider: Detecting stop. distance_d=57.30214. stop_type=1 speed=0.0
02-28 09:09:49.647 13511 13544 D NavServiceProvider: Case 1: false
02-28 09:09:49.647 13511 13544 D NavigationTest: 519: (28.069319, -82.411197, 0.000000)	R:true  F:false
02-28 09:09:49.647 13511 13544 D NavigationTest: 520: (28.069319, -82.411197, 0.000000)	R:true  F:false
02-28 09:09:49.647 13511 13544 D NavigationTest: 521: (28.069319, -82.411197, 0.000000)	R:true  F:false
02-28 09:09:49.647 13511 13544 D NavigationTest: 522: (28.069319, -82.411197, 0.000000)	R:true  F:false
02-28 09:09:49.647 13511 13544 D NavServiceProvider: Second to last stop coordinates: 28.069259, -82.410618
02-28 09:09:49.648 13511 13544 D NavServiceProvider: Setting units automatically
02-28 09:09:49.649 13511 13544 D NavServiceProvider: Detecting stop. distance_d=141.18346. stop_type=1 speed=10.85
02-28 09:09:49.650 13511 13544 D NavigationTest: 523: (28.069387, -82.409189, 10.850000)	R:true  F:false
02-28 09:09:49.650 13511 13544 D NavigationTest: 524: (28.069387, -82.409189, 10.850000)	R:true  F:false
02-28 09:09:49.650 13511 13544 D NavigationTest: 525: (28.069387, -82.409189, 10.850000)	R:true  F:false
02-28 09:09:49.650 13511 13544 D NavServiceProvider: Second to last stop coordinates: 28.069259, -82.410618
02-28 09:09:49.650 13511 13544 D NavServiceProvider: Setting units automatically
02-28 09:09:49.651 13511 13544 D NavServiceProvider: Detecting stop. distance_d=117.67716. stop_type=1 speed=11.45
02-28 09:09:49.652 13511 13544 D NavigationTest: 526: (28.069243, -82.409421, 11.450000)	R:true  F:false
02-28 09:09:49.652 13511 13544 D NavigationTest: 527: (28.069243, -82.409421, 11.450000)	R:true  F:false
02-28 09:09:49.652 13511 13544 D NavigationTest: 528: (28.069243, -82.409421, 11.450000)	R:true  F:false
02-28 09:09:49.652 13511 13544 D NavServiceProvider: Second to last stop coordinates: 28.069259, -82.410618
02-28 09:09:49.652 13511 13544 D NavServiceProvider: Setting units automatically
02-28 09:09:49.653 13511 13544 D NavServiceProvider: Detecting stop. distance_d=98.62021. stop_type=1 speed=10.51
02-28 09:09:49.653 13511 13544 D NavigationTest: 529: (28.069177, -82.409619, 10.510000)	R:true  F:false
02-28 09:09:49.653 13511 13544 D NavigationTest: 530: (28.069177, -82.409619, 10.510000)	R:true  F:false
02-28 09:09:49.653 13511 13544 D NavServiceProvider: Second to last stop coordinates: 28.069259, -82.410618
02-28 09:09:49.654 13511 13544 D NavServiceProvider: Setting units automatically
02-28 09:09:49.655 13511 13544 D NavServiceProvider: Detecting stop. distance_d=83.318954. stop_type=1 speed=10.68
02-28 09:09:49.655 13511 13544 D NavigationTest: 531: (28.069135, -82.409782, 10.680000)	R:true  F:false
02-28 09:09:49.655 13511 13544 D NavigationTest: 532: (28.069135, -82.409782, 10.680000)	R:true  F:false
02-28 09:09:49.655 13511 13544 D NavigationTest: 533: (28.069135, -82.409782, 10.680000)	R:true  F:false
02-28 09:09:49.655 13511 13544 D NavServiceProvider: Second to last stop coordinates: 28.069259, -82.410618
02-28 09:09:49.655 13511 13544 D NavServiceProvider: Setting units automatically
02-28 09:09:49.657 13511 13544 D NavServiceProvider: Detecting stop. distance_d=69.43289. stop_type=1 speed=10.14
02-28 09:09:49.657 13511 13544 D NavigationTest: 534: (28.069125, -82.409928, 10.140000)	R:true  F:false
02-28 09:09:49.657 13511 13544 D NavigationTest: 535: (28.069125, -82.409928, 10.140000)	R:true  F:false
02-28 09:09:49.657 13511 13544 D NavigationTest: 536: (28.069125, -82.409928, 10.140000)	R:true  F:false
02-28 09:09:49.657 13511 13544 D NavServiceProvider: Second to last stop coordinates: 28.069259, -82.410618
02-28 09:09:49.657 13511 13544 D NavServiceProvider: Setting units automatically
02-28 09:09:49.658 13511 13544 D NavServiceProvider: Detecting stop. distance_d=58.614857. stop_type=1 speed=8.02
02-28 09:09:49.658 13511 13544 D NavigationTest: 537: (28.069129, -82.410040, 8.020000)	R:true  F:false
02-28 09:09:49.659 13511 13544 D NavigationTest: 538: (28.069129, -82.410040, 8.020000)	R:true  F:false
02-28 09:09:49.659 13511 13544 D NavigationTest: 539: (28.069129, -82.410040, 8.020000)	R:true  F:false
02-28 09:09:49.659 13511 13544 D NavServiceProvider: Second to last stop coordinates: 28.069259, -82.410618
02-28 09:09:49.659 13511 13544 D NavServiceProvider: Setting units automatically
02-28 09:09:49.660 13511 13544 D NavServiceProvider: Detecting stop. distance_d=49.269287. stop_type=1 speed=7.36
02-28 09:09:49.660 13511 13544 D NavServiceProvider: Case 2: false
02-28 09:09:49.660 13511 13544 D NavigationTest: 540: (28.069134, -82.410137, 7.360000)	R:true  F:false
02-28 09:09:49.660 13511 13544 D NavigationTest: 541: (28.069134, -82.410137, 7.360000)	R:true  F:false
02-28 09:09:49.660 13511 13544 D NavServiceProvider: Second to last stop coordinates: 28.069259, -82.410618
02-28 09:09:49.661 13511 13544 D NavServiceProvider: Setting units automatically
02-28 09:09:49.662 13511 13544 D NavServiceProvider: Detecting stop. distance_d=39.246014. stop_type=1 speed=6.43
02-28 09:09:49.662 13511 13544 D NavigationTest: 542: (28.069145, -82.410240, 6.430000)	R:true  F:false
02-28 09:09:49.663 13511 13544 D NavigationTest: 543: (28.069145, -82.410240, 6.430000)	R:true  F:false
02-28 09:09:49.663 13511 13544 D NavigationTest: 544: (28.069145, -82.410240, 6.430000)	R:true  F:false
02-28 09:09:49.663 13511 13544 D NavServiceProvider: Second to last stop coordinates: 28.069259, -82.410618
02-28 09:09:49.663 13511 13544 D NavServiceProvider: Setting units automatically
02-28 09:09:49.664 13511 13544 D NavServiceProvider: Detecting stop. distance_d=30.063524. stop_type=1 speed=5.72
02-28 09:09:49.665 13511 13544 D NavigationTest: 545: (28.069154, -82.410336, 5.720000)	R:true  F:false
02-28 09:09:49.665 13511 13544 D NavigationTest: 546: (28.069154, -82.410336, 5.720000)	R:true  F:false
02-28 09:09:49.665 13511 13544 D NavigationTest: 547: (28.069154, -82.410336, 5.720000)	R:true  F:false
02-28 09:09:49.665 13511 13544 D NavServiceProvider: Second to last stop coordinates: 28.069259, -82.410618
02-28 09:09:49.665 13511 13544 D NavServiceProvider: Setting units automatically
02-28 09:09:49.667 13511 13544 D NavServiceProvider: Detecting stop. distance_d=23.808912. stop_type=1 speed=5.31
02-28 09:09:49.667 13511 13544 D NavigationTest: 548: (28.069146, -82.410412, 5.310000)	R:true  F:false
02-28 09:09:49.667 13511 13544 D NavigationTest: 549: (28.069146, -82.410412, 5.310000)	R:true  F:false
02-28 09:09:49.667 13511 13544 D NavigationTest: 550: (28.069146, -82.410412, 5.310000)	R:true  F:false
02-28 09:09:49.667 13511 13544 D NavigationTest: 551: (28.069146, -82.410412, 5.310000)	R:true  F:false
02-28 09:09:49.667 13511 13544 D NavigationTest: 552: (28.069146, -82.410412, 5.310000)	R:true  F:false
02-28 09:09:49.667 13511 13544 D NavServiceProvider: Second to last stop coordinates: 28.069259, -82.410618
02-28 09:09:49.667 13511 13544 D NavServiceProvider: Setting units automatically
02-28 09:09:49.668 13511 13544 D NavServiceProvider: Detecting stop. distance_d=19.641798. stop_type=1 speed=3.36
02-28 09:09:49.668 13511 13544 D NavServiceProvider: Case 3: false
02-28 09:09:49.668 13511 13544 D NavigationTest: 553: (28.069145, -82.410465, 3.360000)	R:true  F:false
02-28 09:09:49.668 13511 13544 D NavigationTest: 554: (28.069145, -82.410465, 3.360000)	R:true  F:false
02-28 09:09:49.668 13511 13544 D NavServiceProvider: Second to last stop coordinates: 28.069259, -82.410618
02-28 09:09:49.669 13511 13544 D NavServiceProvider: Setting units automatically
02-28 09:09:49.670 13511 13544 D NavServiceProvider: Detecting stop. distance_d=14.737204. stop_type=1 speed=2.49
02-28 09:09:49.670 13511 13544 D NavServiceProvider: Case 4: false
02-28 09:09:49.670 13511 13544 D NavigationTest: 555: (28.069154, -82.410526, 2.490000)	R:true  F:false
02-28 09:09:49.670 13511 13544 D NavigationTest: 556: (28.069154, -82.410526, 2.490000)	R:true  F:false
02-28 09:09:49.670 13511 13544 D NavigationTest: 557: (28.069154, -82.410526, 2.490000)	R:true  F:false
02-28 09:09:49.670 13511 13544 D NavServiceProvider: Second to last stop coordinates: 28.069259, -82.410618
02-28 09:09:49.670 13511 13544 D NavServiceProvider: Setting units automatically
02-28 09:09:49.672 13511 13544 D NavServiceProvider: Detecting stop. distance_d=12.730399. stop_type=1 speed=0.74
02-28 09:09:49.672 13511 13544 D NavigationTest: 558: (28.069155, -82.410563, 0.740000)	R:true  F:false
02-28 09:09:49.672 13511 13544 D NavigationTest: 559: (28.069155, -82.410563, 0.740000)	R:true  F:false
02-28 09:09:49.672 13511 13544 D NavigationTest: 560: (28.069155, -82.410563, 0.740000)	R:true  F:false
02-28 09:09:49.672 13511 13544 D NavServiceProvider: Second to last stop coordinates: 28.069259, -82.410618
02-28 09:09:49.672 13511 13544 D NavServiceProvider: Setting units automatically
02-28 09:09:49.673 13511 13544 D NavServiceProvider: Detecting stop. distance_d=11.611102. stop_type=1 speed=0.49
02-28 09:09:49.673 13511 13544 D NavigationTest: 561: (28.069157, -82.410591, 0.490000)	R:true  F:false
02-28 09:09:49.673 13511 13544 D NavigationTest: 562: (28.069157, -82.410591, 0.490000)	R:true  F:false
02-28 09:09:49.673 13511 13544 D NavServiceProvider: Second to last stop coordinates: 28.069259, -82.410618
02-28 09:09:49.674 13511 13544 D NavServiceProvider: Setting units automatically
02-28 09:09:49.675 13511 13544 D NavServiceProvider: Detecting stop. distance_d=10.987078. stop_type=1 speed=0.0
02-28 09:09:49.675 13511 13544 D NavigationTest: 563: (28.069160, -82.410612, 0.000000)	R:true  F:false
02-28 09:09:49.675 13511 13544 D NavigationTest: 564: (28.069160, -82.410612, 0.000000)	R:true  F:false
02-28 09:09:49.675 13511 13544 D NavigationTest: 565: (28.069160, -82.410612, 0.000000)	R:true  F:false
02-28 09:09:49.675 13511 13544 D NavServiceProvider: Second to last stop coordinates: 28.069259, -82.410618
02-28 09:09:49.675 13511 13544 D NavServiceProvider: Setting units automatically
02-28 09:09:49.677 13511 13544 D NavServiceProvider: Detecting stop. distance_d=11.497179. stop_type=1 speed=0.0
02-28 09:09:49.677 13511 13544 D NavigationTest: 566: (28.069156, -82.410632, 0.000000)	R:true  F:false
02-28 09:09:49.677 13511 13544 D NavigationTest: 567: (28.069156, -82.410632, 0.000000)	R:true  F:false
02-28 09:09:49.677 13511 13544 D NavServiceProvider: Second to last stop coordinates: 28.069259, -82.410618
02-28 09:09:49.677 13511 13544 D NavServiceProvider: Setting units automatically
02-28 09:09:49.678 13511 13544 D NavServiceProvider: Detecting stop. distance_d=11.311214. stop_type=1 speed=0.0
02-28 09:09:49.678 13511 13544 D NavigationTest: 568: (28.069160, -82.410646, 0.000000)	R:true  F:false
02-28 09:09:49.678 13511 13544 D NavigationTest: 569: (28.069160, -82.410646, 0.000000)	R:true  F:false
02-28 09:09:49.678 13511 13544 D NavigationTest: 570: (28.069160, -82.410646, 0.000000)	R:true  F:false
02-28 09:09:49.678 13511 13544 D NavServiceProvider: Second to last stop coordinates: 28.069259, -82.410618
02-28 09:09:49.679 13511 13544 D NavServiceProvider: Setting units automatically
02-28 09:09:49.680 13511 13544 D NavServiceProvider: Detecting stop. distance_d=11.074972. stop_type=1 speed=0.0
02-28 09:09:49.680 13511 13544 D NavigationTest: 571: (28.069167, -82.410662, 0.000000)	R:true  F:false
02-28 09:09:49.680 13511 13544 D NavigationTest: 572: (28.069167, -82.410662, 0.000000)	R:true  F:false
02-28 09:09:49.680 13511 13544 D NavServiceProvider: Second to last stop coordinates: 28.069259, -82.410618
02-28 09:09:49.680 13511 13544 D NavServiceProvider: Setting units automatically
02-28 09:09:49.682 13511 13544 D NavServiceProvider: Detecting stop. distance_d=11.175899. stop_type=1 speed=0.0
02-28 09:09:49.682 13511 13544 D NavigationTest: 573: (28.069168, -82.410667, 0.000000)	R:true  F:false
02-28 09:09:49.682 13511 13544 D NavigationTest: 574: (28.069168, -82.410667, 0.000000)	R:true  F:false
02-28 09:09:49.682 13511 13544 D NavigationTest: 575: (28.069168, -82.410667, 0.000000)	R:true  F:false
02-28 09:09:49.682 13511 13544 D NavServiceProvider: Second to last stop coordinates: 28.069259, -82.410618
02-28 09:09:49.682 13511 13544 D NavServiceProvider: Setting units automatically
02-28 09:09:49.683 13511 13544 D NavServiceProvider: Detecting stop. distance_d=11.812761. stop_type=1 speed=0.58
02-28 09:09:49.683 13511 13544 D NavigationTest: 576: (28.069173, -82.410689, 0.580000)	R:true  F:false
02-28 09:09:49.683 13511 13544 D NavigationTest: 577: (28.069173, -82.410689, 0.580000)	R:true  F:false
02-28 09:09:49.683 13511 13544 D NavServiceProvider: Second to last stop coordinates: 28.069259, -82.410618
02-28 09:09:49.683 13511 13544 D NavServiceProvider: Setting units automatically
02-28 09:09:49.684 13511 13544 D NavServiceProvider: Detecting stop. distance_d=13.916703. stop_type=1 speed=1.49
02-28 09:09:49.684 13511 13544 D NavigationTest: 578: (28.069171, -82.410719, 1.490000)	R:true  F:false
02-28 09:09:49.685 13511 13544 D NavigationTest: 579: (28.069171, -82.410719, 1.490000)	R:true  F:false
02-28 09:09:49.685 13511 13544 D NavigationTest: 580: (28.069171, -82.410719, 1.490000)	R:true  F:false
02-28 09:09:49.685 13511 13544 D NavServiceProvider: Second to last stop coordinates: 28.069259, -82.410618
02-28 09:09:49.685 13511 13544 D NavServiceProvider: Setting units automatically
02-28 09:09:49.686 13511 13544 D NavServiceProvider: Detecting stop. distance_d=12.546178. stop_type=1 speed=0.27
02-28 09:09:49.686 13511 13544 D NavigationTest: 581: (28.069177, -82.410706, 0.270000)	R:true  F:false
02-28 09:09:49.686 13511 13544 D NavigationTest: 582: (28.069177, -82.410706, 0.270000)	R:true  F:false
02-28 09:09:49.686 13511 13544 D NavigationTest: 583: (28.069177, -82.410706, 0.270000)	R:true  F:false
02-28 09:09:49.686 13511 13544 D NavigationTest: 584: (28.069177, -82.410706, 0.270000)	R:true  F:false
02-28 09:09:49.686 13511 13544 D NavigationTest: 585: (28.069177, -82.410706, 0.270000)	R:true  F:false
02-28 09:09:49.686 13511 13544 D NavServiceProvider: Second to last stop coordinates: 28.069259, -82.410618
02-28 09:09:49.686 13511 13544 D NavServiceProvider: Setting units automatically
02-28 09:09:49.687 13511 13544 D NavServiceProvider: Detecting stop. distance_d=13.606276. stop_type=1 speed=0.18
02-28 09:09:49.688 13511 13544 D NavigationTest: 586: (28.069179, -82.410723, 0.180000)	R:true  F:false
02-28 09:09:49.688 13511 13544 D NavigationTest: 587: (28.069179, -82.410723, 0.180000)	R:true  F:false
02-28 09:09:49.688 13511 13544 D NavigationTest: 588: (28.069179, -82.410723, 0.180000)	R:true  F:false
02-28 09:09:49.688 13511 13544 D NavServiceProvider: Second to last stop coordinates: 28.069259, -82.410618
02-28 09:09:49.688 13511 13544 D NavServiceProvider: Setting units automatically
02-28 09:09:49.689 13511 13544 D NavServiceProvider: Detecting stop. distance_d=14.454045. stop_type=1 speed=0.95
02-28 09:09:49.689 13511 13544 D NavigationTest: 589: (28.069180, -82.410735, 0.950000)	R:true  F:false
02-28 09:09:49.690 13511 13544 D NavigationTest: 590: (28.069180, -82.410735, 0.950000)	R:true  F:false
02-28 09:09:49.690 13511 13544 D NavigationTest: 591: (28.069180, -82.410735, 0.950000)	R:true  F:false
02-28 09:09:49.690 13511 13544 D NavServiceProvider: Second to last stop coordinates: 28.069259, -82.410618
02-28 09:09:49.690 13511 13544 D NavServiceProvider: Setting units automatically
02-28 09:09:49.691 13511 13544 D NavServiceProvider: Detecting stop. distance_d=16.39362. stop_type=1 speed=2.89
02-28 09:09:49.691 13511 13544 D NavigationTest: 592: (28.069180, -82.410759, 2.890000)	R:true  F:false
02-28 09:09:49.691 13511 13544 D NavigationTest: 593: (28.069180, -82.410759, 2.890000)	R:true  F:false
02-28 09:09:49.691 13511 13544 D NavServiceProvider: Second to last stop coordinates: 28.069259, -82.410618
02-28 09:09:49.691 13511 13544 D NavServiceProvider: Setting units automatically
02-28 09:09:49.693 13511 13544 D NavServiceProvider: Detecting stop. distance_d=21.455751. stop_type=1 speed=5.63
02-28 09:09:49.693 13511 13544 D NavServiceProvider: Case 5: true
02-28 09:09:49.693 13511 13544 D NavServiceProvider: Proximity Event fired
02-28 09:09:49.693 13511 13544 D NavServiceProvider: Checking if path has more path links left to be navigated
02-28 09:09:49.693 13511 13544 D NavServiceProvider: PathLink index: 0 Number of PathLinks: 1
02-28 09:09:49.693 13511 13544 D NavServiceProvider: %%%%%%N%%%%%%%%% No more PathLinks left in Path %%%%%%%%%%%%%%%%%%%%%
02-28 09:09:49.693 13511 13544 D NavServiceProvider: Got to last stop
02-28 09:09:49.693 13511 13544 D NavServiceProvider: Alert 1 screen before last stop
02-28 09:09:49.693 13511 13544 D NavServiceProvider: Calling destination reached...
02-28 09:09:49.701 13511 13544 D NavServiceProvider: -----Get off the bus!
02-28 09:09:49.701 13511 13544 D NavigationTest: 594: (28.069195, -82.410824, 5.630000)	R:true  F:true
02-28 09:09:49.702 13511 13544 I System.out: O311C: INFO Log level changed: DEBUG
02-28 09:09:49.702 13511 13544 I System.out: O311C: INFO Dry run mode changed: true
02-28 09:09:49.702 13511 13544 W Application: Open311 issue reporting is in debug/dry run mode - no issues will be submitted.
02-28 09:09:49.702 13511 13544 I System.out: O311C: INFO clearOpen311
02-28 09:09:49.702 13511 13544 I TestRunner: finished: testTrip29(org.onebusaway.android.nav.test.NavigationTest)
