02-28 09:09:54.996 13511 13544 D NavServiceProvider: Second to last stop coordinates: 27.998794, -82.500982
02-28 09:09:54.997 13511 13544 D NavServiceProvider: Setting units automatically
02-28 09:09:54.998 13511 13544 D NavServiceProvider: Detecting stop. distance_d=202.59094. stop_type=1 speed=15.25
02-28 09:09:54.998 13511 13544 D NavigationTest: 674: (28.000617, -82.500828, 15.250000)	R:false  F:false
02-28 09:09:54.998 13511 13544 D NavigationTest: 675: (28.000617, -82.500828, 15.250000)	R:false  F:false
02-28 09:09:54.998 13511 13544 D NavServiceProvider: Second to last stop coordinates: 27.998794, -82.500982
02-28 09:09:54.998 13511 13544 D NavServiceProvider: Setting units automatically
02-28 09:09:55.000 13579 13616 D AudioTrack: stop(195): called with 18496 frames delivered
02-28 09:09:55.000 13579 13612 I SynthesisCache: streamCachedRequest call to callback.audioAvailable failed: -1
02-28 09:09:55.001 13579 13612 I GoogleTTSServiceImpl: Synthesis request for locale eng-USA and name en-US-language
02-28 09:09:55.001  2666  3413 D Avrcp_ext: AudioManager Player: ID:23 -- type:android.media.SoundPool -- u/pid:10126/2688 -- state:idle -- attr:AudioAttributes: usage=USAGE_ASSISTANCE_SONIFICATION content=CONTENT_TYPE_SONIFICATION flags=0x800 tags= bundle=null
02-28 09:09:55.001  2666  3413 D Avrcp_ext: AudioManager Player: ID:15 -- type:android.media.SoundPool -- u/pid:1000/1493 -- state:idle -- attr:AudioAttributes: usage=USAGE_ASSISTANCE_SONIFICATION content=CONTENT_TYPE_SONIFICATION flags=0x800 tags= bundle=null
02-28 09:09:55.001  2666  3413 D Avrcp_ext: AudioManager Player: ID:1407 -- type:android.media.AudioTrack -- u/pid:10088/13579 -- state:stopped -- attr:AudioAttributes: usage=USAGE_MEDIA content=CONTENT_TYPE_SPEECH flags=0x800 tags= bundle=null
02-28 09:09:55.001  2666  3413 D Avrcp_ext: AudioManager isPlaying: false
02-28 09:09:55.001  2666  3413 V Avrcp_ext: updateCurrentMediaState: mMediaController: null
02-28 09:09:55.002 13511 13544 D NavServiceProvider: -----Get ready!
02-28 09:09:55.002 13511 13544 D NavigationTest: 676: (28.000507, -82.500841, 14.750000)	R:true  F:false
02-28 09:09:55.002 13511 13544 D NavServiceProvider: Second to last stop coordinates: 27.998794, -82.500982
02-28 09:09:55.002 13511 13544 D NavServiceProvider: Setting units automatically
02-28 09:09:55.002 13579 13612 I GoogleTTSServiceImpl: TTS dispatch: en-us-x-iog-seanet-embedded
02-28 09:09:55.004  2666  3413 V Avrcp_ext: isMusicActive: true getBluetoothPlayState: 2
02-28 09:09:55.004  2666  3413 V Avrcp_ext: updateCurrentMediaState: isPlaying = false
02-28 09:09:55.004  2666  3413 V Avrcp_ext: Media update: id -1➡-1? [MediaAttributes: none] : [MediaAttributes: none]
02-28 09:09:55.004  2666  3413 V Avrcp_ext: newPlayStatus:2mReportedPlayStatus:-1
02-28 09:09:55.004  2666  3413 V Avrcp_ext: updatePlaybackState, state: PlaybackState {state=2, position=-1, buffered position=0, speed=0.0, updated=1798334, actions=0, custom actions=[], active item id=-1, error=null} device: null
02-28 09:09:55.004  2666  3413 V Avrcp_ext: Device: no name:
02-28 09:09:55.004  2666  3413 I chatty  : uid=1002(bluetooth) BluetoothAvrcpH identical 3 lines
02-28 09:09:55.004  2666  3413 V Avrcp_ext: Device: no name:
02-28 09:09:55.004  2666  3413 V Avrcp_ext: updatePlayerStateAndPosition, old=PlaybackState {state=2, position=-1, buffered position=0, speed=0.0, updated=1797727, actions=0, custom actions=[], active item id=-1, error=null}, state=PlaybackState {state=2, position=-1, buffered position=0, speed=0.0, updated=1798334, actions=0, custom actions=[], active item id=-1, error=null}
02-28 09:09:55.004  2666  3413 V Avrcp_ext: old state = PlaybackState {state=2, position=-1, buffered position=0, speed=0.0, updated=1797727, actions=0, custom actions=[], active item id=-1, error=null}, new state= PlaybackState {state=2, position=-1, buffered position=0, speed=0.0, updated=1798334, actions=0, custom actions=[], active item id=-1, error=null}
02-28 09:09:55.004  2666  3413 D HeadsetService: getHeadsetService(): returning com.android.bluetooth.hfp.HeadsetService@8a04d28
02-28 09:09:55.004  2666  3413 D HeadsetService:  isAudioOn: The number of audio connected devices 0
02-28 09:09:55.005  2666  3413 D HeadsetService: isScoOrCallActive(): Call Active:falseCall is Ringing:falseSCO is Active:false
02-28 09:09:55.005  2666  3413 D HeadsetService:  isAudioOn: The number of audio connected devices 0
02-28 09:09:55.005  2666  3413 I Avrcp_ext: updatePlayStatusForDevice: device: null
02-28 09:09:55.005  2666  3413 V Avrcp_ext: updatePlaybackState (1): old=PlaybackState {state=2, position=-1, buffered position=0, speed=0.0, updated=1797727, actions=0, custom actions=[], active item id=-1, error=null}(2), new=PlaybackState {state=2, position=-1, buffered position=0, speed=0.0, updated=1798334, actions=0, custom actions=[], active item id=-1, error=null}(2)
02-28 09:09:55.005  2666  3413 I Avrcp_ext: Exit updatePlayStatusForDevice
02-28 09:09:55.005  2666  3413 D HeadsetService:  isAudioOn: The number of audio connected devices 0
02-28 09:09:55.005  2666  3413 D HeadsetService: isScoOrCallActive(): Call Active:falseCall is Ringing:falseSCO is Active:false
02-28 09:09:55.006  2666  3413 D HeadsetService:  isAudioOn: The number of audio connected devices 0
02-28 09:09:55.006  2666  3413 I Avrcp_ext: updatePlayStatusForDevice: device: null
02-28 09:09:55.006  2666  3413 V Avrcp_ext: updatePlaybackState (1): old=PlaybackState {state=2, position=-1, buffered position=0, speed=0.0, updated=1797727, actions=0, custom actions=[], active item id=-1, error=null}(2), new=PlaybackState {state=2, position=-1, buffered position=0, speed=0.0, updated=1798334, actions=0, custom actions=[], active item id=-1, error=null}(2)
02-28 09:09:55.006  2666  3413 I Avrcp_ext: Exit updatePlayStatusForDevice
02-28 09:09:55.006  2666  3413 D HeadsetService:  isAudioOn: The number of audio connected devices 0
02-28 09:09:55.006  2666  3413 D HeadsetService: isScoOrCallActive(): Call Active:falseCall is Ringing:falseSCO is Active:false
02-28 09:09:55.007  2666  3413 D HeadsetService:  isAudioOn: The number of audio connected devices 0
02-28 09:09:55.007  2666  3413 I Avrcp_ext: updatePlayStatusForDevice: device: null
02-28 09:09:55.007  2666  3413 V Avrcp_ext: updatePlaybackState (1): old=PlaybackState {state=2, position=-1, buffered position=0, speed=0.0, updated=1797727, actions=0, custom actions=[], active item id=-1, error=null}(2), new=PlaybackState {state=2, position=-1, buffered position=0, speed=0.0, updated=1798334, actions=0, custom actions=[], active item id=-1, error=null}(2)
02-28 09:09:55.007  2666  3413 I Avrcp_ext: Exit updatePlayStatusForDevice
02-28 09:09:55.007  2666  3413 D HeadsetService:  isAudioOn: The number of audio connected devices 0
02-28 09:09:55.007  2666  3413 D HeadsetService: isScoOrCallActive(): Call Active:falseCall is Ringing:falseSCO is Active:false
02-28 09:09:55.007  2666  3413 D HeadsetService:  isAudioOn: The number of audio connected devices 0
02-28 09:09:55.007  2666  3413 I Avrcp_ext: updatePlayStatusForDevice: device: null
02-28 09:09:55.007 13511 13544 D NavServiceProvider: Detecting stop. distance_d=190.33966. stop_type=1 speed=14.75
02-28 09:09:55.007 13511 13544 D NavigationTest: 676: (28.000507, -82.500841, 14.750000)	R:true  F:false
02-28 09:09:55.007  2666  3413 V Avrcp_ext: updatePlaybackState (1): old=PlaybackState {state=2, position=-1, buffered position=0, speed=0.0, updated=1797727, actions=0, custom actions=[], active item id=-1, error=null}(2), new=PlaybackState {state=2, position=-1, buffered position=0, speed=0.0, updated=1798334, actions=0, custom actions=[], active item id=-1, error=null}(2)
02-28 09:09:55.007  2666  3413 I Avrcp_ext: Exit updatePlayStatusForDevice
02-28 09:09:55.007 13511 13544 D NavServiceProvider: Second to last stop coordinates: 27.998794, -82.500982
02-28 09:09:55.008  2666  3413 D HeadsetService:  isAudioOn: The number of audio connected devices 0
02-28 09:09:55.008  2666  3413 D HeadsetService: isScoOrCallActive(): Call Active:falseCall is Ringing:falseSCO is Active:false
02-28 09:09:55.008  2666  3413 D HeadsetService:  isAudioOn: The number of audio connected devices 0
02-28 09:09:55.008  2666  3413 I Avrcp_ext: updatePlayStatusForDevice: device: null
02-28 09:09:55.008 13511 13544 D NavServiceProvider: Setting units automatically
02-28 09:09:55.008  2666  3413 V Avrcp_ext: updatePlaybackState (1): old=PlaybackState {state=2, position=-1, buffered position=0, speed=0.0, updated=1797727, actions=0, custom actions=[], active item id=-1, error=null}(2), new=PlaybackState {state=2, position=-1, buffered position=0, speed=0.0, updated=1798334, actions=0, custom actions=[], active item id=-1, error=null}(2)
02-28 09:09:55.008  2666  3413 I Avrcp_ext: Exit updatePlayStatusForDevice
02-28 09:09:55.008  2666  3413 D Avrcp_ext: Enter sendPlayPosNotificationRsp
02-28 09:09:55.008  2666  3413 D Avrcp_ext: sendPlayPosNotificationRsp: Not registered or requesting.
02-28 09:09:55.008  2666  3413 D Avrcp_ext: Enter sendPlayPosNotificationRsp
02-28 09:09:55.008  2666  3413 D Avrcp_ext: sendPlayPosNotificationRsp: Not registered or requesting.
02-28 09:09:55.008  2666  3413 D Avrcp_ext: Enter sendPlayPosNotificationRsp
02-28 09:09:55.008  2666  3413 D Avrcp_ext: sendPlayPosNotificationRsp: Not registered or requesting.
02-28 09:09:55.008  2666  3413 D Avrcp_ext: Enter sendPlayPosNotificationRsp
02-28 09:09:55.008  2666  3413 D Avrcp_ext: sendPlayPosNotificationRsp: Not registered or requesting.
02-28 09:09:55.008  2666  3413 D Avrcp_ext: Enter sendPlayPosNotificationRsp
02-28 09:09:55.008  2666  3413 D Avrcp_ext: sendPlayPosNotificationRsp: Not registered or requesting.
02-28 09:09:55.008  2666  3413 V Avrcp_ext: Exit updatePlayerStateAndPosition
02-28 09:09:55.008  2666  3413 D Avrcp_ext: AudioManager Player: ID:23 -- type:android.media.SoundPool -- u/pid:10126/2688 -- state:idle -- attr:AudioAttributes: usage=USAGE_ASSISTANCE_SONIFICATION content=CONTENT_TYPE_SONIFICATION flags=0x800 tags= bundle=null
02-28 09:09:55.008  2666  3413 D Avrcp_ext: AudioManager Player: ID:15 -- type:android.media.SoundPool -- u/pid:1000/1493 -- state:idle -- attr:AudioAttributes: usage=USAGE_ASSISTANCE_SONIFICATION content=CONTENT_TYPE_SONIFICATION flags=0x800 tags= bundle=null
02-28 09:09:55.008  2666  3413 D Avrcp_ext: AudioManager isPlaying: false
02-28 09:09:55.009 13511 13544 D NavServiceProvider: Detecting stop. distance_d=174.09268. stop_type=1 speed=16.0
02-28 09:09:55.009 13511 13544 D NavigationTest: 677: (28.000359, -82.500828, 16.000000)	R:true  F:false
02-28 09:09:55.010 13511 13544 D NavigationTest: 678: (28.000359, -82.500828, 16.000000)	R:true  F:false
02-28 09:09:55.010 13511 13544 D NavServiceProvider: Second to last stop coordinates: 27.998794, -82.500982
02-28 09:09:55.010 13511 13544 D NavServiceProvider: Setting units automatically
02-28 09:09:55.011 13511 13544 D NavServiceProvider: Detecting stop. distance_d=158.2354. stop_type=1 speed=15.5
02-28 09:09:55.011 13511 13544 D NavigationTest: 679: (28.000213, -82.500803, 15.500000)	R:true  F:false
02-28 09:09:55.012 13511 13544 D NavServiceProvider: Second to last stop coordinates: 27.998794, -82.500982
02-28 09:09:55.012 13511 13544 D NavServiceProvider: Setting units automatically
02-28 09:09:55.013 13511 13544 D NavServiceProvider: Detecting stop. distance_d=144.7251. stop_type=1 speed=15.0
02-28 09:09:55.013 13511 13544 D NavigationTest: 680: (28.000091, -82.500810, 15.000000)	R:true  F:false
02-28 09:09:55.013 13511 13544 D NavigationTest: 681: (28.000091, -82.500810, 15.000000)	R:true  F:false
02-28 09:09:55.013 13511 13544 D NavServiceProvider: Second to last stop coordinates: 27.998794, -82.500982
02-28 09:09:55.014 13511 13544 D NavServiceProvider: Setting units automatically
02-28 09:09:55.015 13511 13544 D NavServiceProvider: Detecting stop. distance_d=130.97623. stop_type=1 speed=14.5
02-28 09:09:55.015 13511 13544 D NavigationTest: 682: (27.999967, -82.500819, 14.500000)	R:true  F:false
02-28 09:09:55.015 13511 13544 D NavServiceProvider: Second to last stop coordinates: 27.998794, -82.500982
02-28 09:09:55.015 13511 13544 D NavServiceProvider: Setting units automatically
02-28 09:09:55.016 13511 13544 D NavServiceProvider: Detecting stop. distance_d=117.393684. stop_type=1 speed=14.0
02-28 09:09:55.017 13511 13544 D NavigationTest: 683: (27.999844, -82.500824, 14.000000)	R:true  F:false
02-28 09:09:55.017 13511 13544 D NavigationTest: 684: (27.999844, -82.500824, 14.000000)	R:true  F:false
02-28 09:09:55.017 13511 13544 D NavServiceProvider: Second to last stop coordinates: 27.998794, -82.500982
02-28 09:09:55.017 13511 13544 D NavServiceProvider: Setting units automatically
02-28 09:09:55.018 13511 13544 D NavServiceProvider: Detecting stop. distance_d=105.88014. stop_type=1 speed=14.25
02-28 09:09:55.018 13511 13544 D NavigationTest: 685: (27.999738, -82.500816, 14.250000)	R:true  F:false
02-28 09:09:55.018 13511 13544 D NavigationTest: 686: (27.999738, -82.500816, 14.250000)	R:true  F:false
02-28 09:09:55.018 13511 13544 D NavigationTest: 687: (27.999738, -82.500816, 14.250000)	R:true  F:false
02-28 09:09:55.018 13511 13544 D NavServiceProvider: Second to last stop coordinates: 27.998794, -82.500982
02-28 09:09:55.019 13511 13544 D NavServiceProvider: Setting units automatically
02-28 09:09:55.020 13511 13544 D NavServiceProvider: Detecting stop. distance_d=88.51434. stop_type=1 speed=15.5
02-28 09:09:55.020 13511 13544 D NavServiceProvider: Case 1: false
02-28 09:09:55.020 13511 13544 D NavigationTest: 688: (27.999578, -82.500810, 15.500000)	R:true  F:false
02-28 09:09:55.020 13511 13544 D NavigationTest: 689: (27.999578, -82.500810, 15.500000)	R:true  F:false
02-28 09:09:55.020 13511 13544 D NavServiceProvider: Second to last stop coordinates: 27.998794, -82.500982
02-28 09:09:55.021 13511 13544 D NavServiceProvider: Setting units automatically
02-28 09:09:55.022 13511 13544 D NavServiceProvider: Detecting stop. distance_d=76.51929. stop_type=1 speed=14.75
02-28 09:09:55.022 13511 13544 D NavigationTest: 690: (27.999471, -82.500829, 14.750000)	R:true  F:false
02-28 09:09:55.022 13511 13544 D NavigationTest: 691: (27.999471, -82.500829, 14.750000)	R:true  F:false
02-28 09:09:55.022 13511 13544 D NavServiceProvider: Second to last stop coordinates: 27.998794, -82.500982
02-28 09:09:55.023 13511 13544 D NavServiceProvider: Setting units automatically
02-28 09:09:55.024 13511 13544 D NavServiceProvider: Detecting stop. distance_d=64.20387. stop_type=1 speed=13.75
02-28 09:09:55.024 13511 13544 D NavigationTest: 692: (27.999357, -82.500828, 13.750000)	R:true  F:false
02-28 09:09:55.024 13511 13544 D NavServiceProvider: Second to last stop coordinates: 27.998794, -82.500982
02-28 09:09:55.025 13511 13544 D NavServiceProvider: Setting units automatically
02-28 09:09:55.026 13511 13544 D NavServiceProvider: Detecting stop. distance_d=50.703312. stop_type=1 speed=13.75
02-28 09:09:55.026 13511 13544 D NavigationTest: 693: (27.999232, -82.500833, 13.750000)	R:true  F:false
02-28 09:09:55.026 13511 13544 D NavigationTest: 694: (27.999232, -82.500833, 13.750000)	R:true  F:false
02-28 09:09:55.026 13511 13544 D NavServiceProvider: Second to last stop coordinates: 27.998794, -82.500982
02-28 09:09:55.027 13511 13544 D NavServiceProvider: Setting units automatically
02-28 09:09:55.028 13511 13544 D NavServiceProvider: Detecting stop. distance_d=39.265007. stop_type=1 speed=13.25
02-28 09:09:55.028 13511 13544 D NavServiceProvider: Case 2: false
02-28 09:09:55.028 13511 13544 D NavigationTest: 695: (27.999129, -82.500852, 13.250000)	R:true  F:false
02-28 09:09:55.028 13511 13544 D NavigationTest: 696: (27.999129, -82.500852, 13.250000)	R:true  F:false
02-28 09:09:55.028 13511 13544 D NavServiceProvider: Second to last stop coordinates: 27.998794, -82.500982
02-28 09:09:55.029 13511 13544 D NavServiceProvider: Setting units automatically
02-28 09:09:55.030 13511 13544 D NavServiceProvider: Detecting stop. distance_d=27.947027. stop_type=1 speed=12.5
02-28 09:09:55.030 13511 13544 D NavigationTest: 697: (27.999023, -82.500863, 12.500000)	R:true  F:false
02-28 09:09:55.030 13511 13544 D NavServiceProvider: Second to last stop coordinates: 27.998794, -82.500982
02-28 09:09:55.030 13511 13544 D NavServiceProvider: Setting units automatically
02-28 09:09:55.032 13511 13544 D NavServiceProvider: Detecting stop. distance_d=15.854862. stop_type=1 speed=13.0
02-28 09:09:55.032 13511 13544 D NavServiceProvider: Case 3: false
02-28 09:09:55.032 13511 13544 D NavigationTest: 698: (27.998901, -82.500875, 13.000000)	R:true  F:false
02-28 09:09:55.032 13511 13544 D NavigationTest: 699: (27.998901, -82.500875, 13.000000)	R:true  F:false
02-28 09:09:55.032 13511 13544 D NavServiceProvider: Second to last stop coordinates: 27.998794, -82.500982
02-28 09:09:55.032 13511 13544 D NavServiceProvider: Setting units automatically
02-28 09:09:55.034 13511 13544 D NavServiceProvider: Detecting stop. distance_d=9.760608. stop_type=1 speed=13.0
02-28 09:09:55.034 13511 13544 D NavigationTest: 700: (27.998788, -82.500883, 13.000000)	R:true  F:false
02-28 09:09:55.034 13511 13544 D NavigationTest: 701: (27.998788, -82.500883, 13.000000)	R:true  F:false
02-28 09:09:55.034 13511 13544 D NavServiceProvider: Second to last stop coordinates: 27.998794, -82.500982
02-28 09:09:55.035 13511 13544 D NavServiceProvider: Setting units automatically
02-28 09:09:55.036 13511 13544 D NavServiceProvider: Detecting stop. distance_d=16.571133. stop_type=1 speed=12.25
02-28 09:09:55.036 13511 13544 D NavigationTest: 702: (27.998661, -82.500905, 12.250000)	R:true  F:false
02-28 09:09:55.036 13511 13544 D NavigationTest: 703: (27.998661, -82.500905, 12.250000)	R:true  F:false
02-28 09:09:55.036 13511 13544 D NavServiceProvider: Second to last stop coordinates: 27.998794, -82.500982
02-28 09:09:55.037 13511 13544 D NavServiceProvider: Setting units automatically
02-28 09:09:55.038 13511 13544 D NavServiceProvider: Detecting stop. distance_d=26.945618. stop_type=1 speed=12.0
02-28 09:09:55.038 13511 13544 D NavServiceProvider: Case 5: true
02-28 09:09:55.038 13511 13544 D NavServiceProvider: Proximity Event fired
02-28 09:09:55.038 13511 13544 D NavServiceProvider: Checking if path has more path links left to be navigated
02-28 09:09:55.038 13511 13544 D NavServiceProvider: PathLink index: 0 Number of PathLinks: 1
02-28 09:09:55.038 13511 13544 D NavServiceProvider: %%%%%%N%%%%%%%%% No more PathLinks left in Path %%%%%%%%%%%%%%%%%%%%%
02-28 09:09:55.038 13511 13544 D NavServiceProvider: Got to last stop
02-28 09:09:55.038 13511 13544 D NavServiceProvider: Alert 1 screen before last stop
02-28 09:09:55.038 13511 13544 D NavServiceProvider: Calling destination reached...
02-28 09:09:55.044 13511 13544 D NavServiceProvider: -----Get off the bus!
02-28 09:09:55.045 13511 13544 D NavigationTest: 704: (27.998562, -82.500900, 12.000000)	R:true  F:true
02-28 09:09:55.046 13511 13544 I System.out: O311C: INFO Log level changed: DEBUG
02-28 09:09:55.046 13511 13544 I System.out: O311C: INFO Dry run mode changed: true
02-28 09:09:55.046 13511 13544 W Application: Open311 issue reporting is in debug/dry run mode - no issues will be submitted.
02-28 09:09:55.046 13511 13544 I System.out: O311C: INFO clearOpen311
02-28 09:09:55.046 13511 13544 I TestRunner: finished: testTrip6C(org.onebusaway.android.nav.test.NavigationTest)
